[818845.633773] mix-mixX-arm05-3898449 BEGIN
[818845.650259] NVMeVirt: Version 1.10 for >> Samsung 970 Pro SSD <<
[818845.650267] NVMeVirt: Storage: 0x100100000-0x300000000 (8191 MiB)
[818845.668893] NVMeVirt: Total Capacity(GiB,MiB)=2,2048 chs=2 luns=4 lines=8192 blk-size(MiB,KiB)=0,64 line-size(MiB,KiB)=0,256
[818845.683367] NVMeVirt: [chmodel_init] bandwidth 800 max_credits 26 tx_time 152
[818845.697585] NVMeVirt: [chmodel_init] bandwidth 800 max_credits 26 tx_time 152
[818845.697602] NVMeVirt: [chmodel_init] bandwidth 3360 max_credits 110 tx_time 36
[818845.697605] NVMeVirt: Fixed CAT init ns=0 part=0 arm=5 k=2 scale_pct=50 age_ratio=16
[818845.699039] NVMeVirt: pqueue: Copyright (c) 2014, Volkan Yazıcı <volkan.yazici@gmail.com>. All rights reserved.
[818845.699071] NVMeVirt: Init FTL instance with 2 channels (524288 pages)
[818845.699073] NVMeVirt: GC victim policy: cat-fig7-fixed ns=0 part=0 initial_k=2 initial_scale_pct=50 initial_age_ratio=16 warmup_gc=100
[818845.713395] NVMeVirt: [chmodel_init] bandwidth 800 max_credits 26 tx_time 152
[818845.727628] NVMeVirt: [chmodel_init] bandwidth 800 max_credits 26 tx_time 152
[818845.727645] NVMeVirt: [chmodel_init] bandwidth 3360 max_credits 110 tx_time 36
[818845.727648] NVMeVirt: Fixed CAT init ns=0 part=1 arm=5 k=2 scale_pct=50 age_ratio=16
[818845.729112] NVMeVirt: Init FTL instance with 2 channels (524288 pages)
[818845.729114] NVMeVirt: GC victim policy: cat-fig7-fixed ns=0 part=1 initial_k=2 initial_scale_pct=50 initial_age_ratio=16 warmup_gc=100
[818845.743221] NVMeVirt: [chmodel_init] bandwidth 800 max_credits 26 tx_time 152
[818845.757422] NVMeVirt: [chmodel_init] bandwidth 800 max_credits 26 tx_time 152
[818845.757438] NVMeVirt: [chmodel_init] bandwidth 3360 max_credits 110 tx_time 36
[818845.757441] NVMeVirt: Fixed CAT init ns=0 part=2 arm=5 k=2 scale_pct=50 age_ratio=16
[818845.758927] NVMeVirt: Init FTL instance with 2 channels (524288 pages)
[818845.758930] NVMeVirt: GC victim policy: cat-fig7-fixed ns=0 part=2 initial_k=2 initial_scale_pct=50 initial_age_ratio=16 warmup_gc=100
[818845.773043] NVMeVirt: [chmodel_init] bandwidth 800 max_credits 26 tx_time 152
[818845.787119] NVMeVirt: [chmodel_init] bandwidth 800 max_credits 26 tx_time 152
[818845.787135] NVMeVirt: [chmodel_init] bandwidth 3360 max_credits 110 tx_time 36
[818845.787138] NVMeVirt: Fixed CAT init ns=0 part=3 arm=5 k=2 scale_pct=50 age_ratio=16
[818845.788622] NVMeVirt: Init FTL instance with 2 channels (524288 pages)
[818845.788625] NVMeVirt: GC victim policy: cat-fig7-fixed ns=0 part=3 initial_k=2 initial_scale_pct=50 initial_age_ratio=16 warmup_gc=100
[818845.788633] NVMeVirt: FTL physical space: 8588886016, logical space: 8026996276 (physical/logical * 100 = 107)
[818845.788636] NVMeVirt: ns 0/1: size 7655 MiB
[818845.788707] PCI host bridge to bus 0001:10
[818845.788712] pci_bus 0001:10: root bus resource [io  0x0000-0xffff]
[818845.788716] pci_bus 0001:10: root bus resource [mem 0x00000000-0x7ffffffffff]
[818845.788720] pci_bus 0001:10: root bus resource [bus 00-ff]
[818845.788731] pci 0001:10:00.0: [0c51:0110] type 00 class 0x010802 PCIe Endpoint
[818845.788738] pci 0001:10:00.0: BAR 0 [mem 0x100000000-0x100003fff 64bit]
[818845.788742] pci 0001:10:00.0: enabling Extended Tags
[818845.788982] NVMeVirt: Virtual PCI bus created (node 0)
[818845.789257] NVMeVirt: nvmev_io_worker_0 started on cpu 2 (node 0)
[818845.789296] NVMeVirt: nvmev_dispatcher started on cpu 1 (node 0)
[818845.789330] NVMeVirt: Virtual NVMe device created
[818845.789555] nvme nvme1: pci function 0001:10:00.0
[818845.792540] nvme nvme1: 12/0/0 default/read/poll queues
[818845.888474] EXT4-fs (nvme1n1): mounted filesystem d7655167-82ba-4269-9a84-3a92aaa147f9 r/w with ordered data mode. Quota mode: none.
[818927.928786] NVMeVirt: Fixed CAT init ns=0 part=0 arm=5 k=2 scale_pct=50 age_ratio=16
[818927.928803] NVMeVirt: Fixed CAT init ns=0 part=1 arm=5 k=2 scale_pct=50 age_ratio=16
[818927.928807] NVMeVirt: Fixed CAT init ns=0 part=2 arm=5 k=2 scale_pct=50 age_ratio=16
[818927.928810] NVMeVirt: Fixed CAT init ns=0 part=3 arm=5 k=2 scale_pct=50 age_ratio=16
[818927.928812] NVMeVirt: Measurement: command=start epoch=1 host_bytes=0 learner_active=1
[818927.937445] mix-mixX-arm05-3898449 phase=S01 START
[820728.201198] mix-mixX-arm05-3898449 phase=S01 END
[820728.214302] mix-mixX-arm05-3898449 phase=S02 START
[822531.211825] mix-mixX-arm05-3898449 phase=S02 chunk=1/1 done
[822531.834983] mix-mixX-arm05-3898449 phase=S02 END
[822531.849330] mix-mixX-arm05-3898449 phase=S03 START
[823436.710100] mix-mixX-arm05-3898449 phase=S03 chunk=1/2 done
[824341.771794] mix-mixX-arm05-3898449 phase=S03 chunk=2/2 done
[824341.811978] mix-mixX-arm05-3898449 phase=S03 END
[824341.818835] NVMeVirt: Measurement: command=stop epoch=1 host_bytes=1166117117952 learner_active=0
[824341.886343] EXT4-fs (nvme1n1): unmounting filesystem d7655167-82ba-4269-9a84-3a92aaa147f9.
[824342.002472] pci_bus 0001:10: busn_res: [bus 10-ff] is released
[824342.002673] NVMeVirt: GC stats: ns=0 policy=cat-fig7-fixed host_pages=284696562 gc_pages=761989955 gc_count=16354477 WAF=3.676 warmup_gc=100-per-part
[824342.119565] NVMeVirt: Virtual NVMe device closed
