[548621.766306] mix-mixA-onlinev2-3808908 BEGIN
[548621.799378] NVMeVirt: Version 1.10 for >> Samsung 970 Pro SSD <<
[548621.799384] NVMeVirt: Storage: 0x100100000-0x300000000 (8191 MiB)
[548621.810531] NVMeVirt: Total Capacity(GiB,MiB)=2,2048 chs=2 luns=4 lines=8192 blk-size(MiB,KiB)=0,64 line-size(MiB,KiB)=0,256
[548621.821695] NVMeVirt: [chmodel_init] bandwidth 800 max_credits 26 tx_time 152
[548621.832644] NVMeVirt: [chmodel_init] bandwidth 800 max_credits 26 tx_time 152
[548621.832658] NVMeVirt: [chmodel_init] bandwidth 3360 max_credits 110 tx_time 36
[548621.832660] NVMeVirt: WATGC_V2 init ns=0 part=0 arms=60 initial=37 prior=none gamma_q16=65503 exploration_q16=16384
[548621.833982] NVMeVirt: pqueue: Copyright (c) 2014, Volkan Yazıcı <volkan.yazici@gmail.com>. All rights reserved.
[548621.834017] NVMeVirt: Init FTL instance with 2 channels (524288 pages)
[548621.834019] NVMeVirt: GC victim policy: watgc-v2 ns=0 part=0 initial_k=7 initial_scale_pct=100 initial_age_ratio=7 warmup_gc=100
[548621.844681] NVMeVirt: [chmodel_init] bandwidth 800 max_credits 26 tx_time 152
[548621.855281] NVMeVirt: [chmodel_init] bandwidth 800 max_credits 26 tx_time 152
[548621.855294] NVMeVirt: [chmodel_init] bandwidth 3360 max_credits 110 tx_time 36
[548621.855297] NVMeVirt: WATGC_V2 init ns=0 part=1 arms=60 initial=37 prior=none gamma_q16=65503 exploration_q16=16384
[548621.856626] NVMeVirt: Init FTL instance with 2 channels (524288 pages)
[548621.856629] NVMeVirt: GC victim policy: watgc-v2 ns=0 part=1 initial_k=7 initial_scale_pct=100 initial_age_ratio=7 warmup_gc=100
[548621.867306] NVMeVirt: [chmodel_init] bandwidth 800 max_credits 26 tx_time 152
[548621.878127] NVMeVirt: [chmodel_init] bandwidth 800 max_credits 26 tx_time 152
[548621.878140] NVMeVirt: [chmodel_init] bandwidth 3360 max_credits 110 tx_time 36
[548621.878142] NVMeVirt: WATGC_V2 init ns=0 part=2 arms=60 initial=37 prior=none gamma_q16=65503 exploration_q16=16384
[548621.879353] NVMeVirt: Init FTL instance with 2 channels (524288 pages)
[548621.879356] NVMeVirt: GC victim policy: watgc-v2 ns=0 part=2 initial_k=7 initial_scale_pct=100 initial_age_ratio=7 warmup_gc=100
[548621.889916] NVMeVirt: [chmodel_init] bandwidth 800 max_credits 26 tx_time 152
[548621.900462] NVMeVirt: [chmodel_init] bandwidth 800 max_credits 26 tx_time 152
[548621.900476] NVMeVirt: [chmodel_init] bandwidth 3360 max_credits 110 tx_time 36
[548621.900478] NVMeVirt: WATGC_V2 init ns=0 part=3 arms=60 initial=37 prior=none gamma_q16=65503 exploration_q16=16384
[548621.901788] NVMeVirt: Init FTL instance with 2 channels (524288 pages)
[548621.901791] NVMeVirt: GC victim policy: watgc-v2 ns=0 part=3 initial_k=7 initial_scale_pct=100 initial_age_ratio=7 warmup_gc=100
[548621.901797] NVMeVirt: FTL physical space: 8588886016, logical space: 8026996276 (physical/logical * 100 = 107)
[548621.901799] NVMeVirt: ns 0/1: size 7655 MiB
[548621.901848] PCI host bridge to bus 0001:10
[548621.901851] pci_bus 0001:10: root bus resource [io  0x0000-0xffff]
[548621.901854] pci_bus 0001:10: root bus resource [mem 0x00000000-0x7fffffffff]
[548621.901857] pci_bus 0001:10: root bus resource [bus 00-ff]
[548621.901865] pci 0001:10:00.0: [0c51:0110] type 00 class 0x010802 PCIe Endpoint
[548621.901871] pci 0001:10:00.0: BAR 0 [mem 0x100000000-0x100003fff 64bit]
[548621.901875] pci 0001:10:00.0: enabling Extended Tags
[548621.902012] NVMeVirt: Virtual PCI bus created (node 0)
[548621.902299] NVMeVirt: nvmev_io_worker_0 started on cpu 2 (node 0)
[548621.902405] NVMeVirt: Virtual NVMe device created
[548621.902572] nvme nvme0: pci function 0001:10:00.0
[548621.904470] NVMeVirt: nvmev_dispatcher started on cpu 1 (node 0)
[548621.905161] nvme nvme0: 8/0/0 default/read/poll queues
[548622.561324] EXT4-fs (nvme0n1): mounted filesystem c38a7c5e-3705-4744-af66-a03cfc87ddfe r/w with ordered data mode. Quota mode: none.
[548704.698625] NVMeVirt: WATGC_V2 init ns=0 part=0 arms=60 initial=37 prior=none gamma_q16=65503 exploration_q16=16384
[548704.698632] NVMeVirt: WATGC_V2 init ns=0 part=1 arms=60 initial=37 prior=none gamma_q16=65503 exploration_q16=16384
[548704.698635] NVMeVirt: WATGC_V2 init ns=0 part=2 arms=60 initial=37 prior=none gamma_q16=65503 exploration_q16=16384
[548704.698638] NVMeVirt: WATGC_V2 init ns=0 part=3 arms=60 initial=37 prior=none gamma_q16=65503 exploration_q16=16384
[548704.698640] NVMeVirt: Measurement: command=start epoch=1 host_bytes=0 learner_active=1
[548704.707123] mix-mixA-onlinev2-3808908 phase=A START
[548705.296393] NVMeVirt: WATGC_V2 warmup-done ns=0 part=1 gc_count=2812
[548705.297446] NVMeVirt: WATGC_V2 warmup-done ns=0 part=2 gc_count=2816
[548705.303634] NVMeVirt: WATGC_V2 warmup-done ns=0 part=3 gc_count=2822
[548705.303796] NVMeVirt: WATGC_V2 warmup-done ns=0 part=0 gc_count=2836
[548722.413442] NVMeVirt: WATGC_V2 discard ns=0 part=3 epoch=1 phase=2 arm=37 host=138478 gc_pages=123659 gc_count=4096 reason=undersized
[548722.424584] NVMeVirt: WATGC_V2 discard ns=0 part=1 epoch=1 phase=2 arm=37 host=138457 gc_pages=123686 gc_count=4096 reason=undersized
[548722.434176] NVMeVirt: WATGC_V2 discard ns=0 part=2 epoch=1 phase=2 arm=37 host=138670 gc_pages=123477 gc_count=4096 reason=undersized
[548722.438965] NVMeVirt: WATGC_V2 discard ns=0 part=0 epoch=1 phase=2 arm=37 host=138382 gc_pages=123760 gc_count=4096 reason=undersized
[548738.714666] NVMeVirt: WATGC_V2 discard ns=0 part=0 epoch=1 phase=2 arm=37 host=130230 gc_pages=131927 gc_count=4096 reason=undersized
[548738.718161] NVMeVirt: WATGC_V2 discard ns=0 part=1 epoch=1 phase=2 arm=37 host=130025 gc_pages=132122 gc_count=4096 reason=undersized
[548738.753592] NVMeVirt: WATGC_V2 discard ns=0 part=2 epoch=1 phase=2 arm=37 host=130364 gc_pages=131783 gc_count=4096 reason=undersized
[548738.754832] NVMeVirt: WATGC_V2 discard ns=0 part=3 epoch=1 phase=2 arm=37 host=130523 gc_pages=131624 gc_count=4096 reason=undersized
[548754.665018] NVMeVirt: WATGC_V2 discard ns=0 part=1 epoch=1 phase=2 arm=37 host=126961 gc_pages=135182 gc_count=4096 reason=undersized
[548754.685383] NVMeVirt: WATGC_V2 discard ns=0 part=0 epoch=1 phase=2 arm=37 host=126764 gc_pages=135378 gc_count=4096 reason=undersized
[548754.786936] NVMeVirt: WATGC_V2 discard ns=0 part=2 epoch=1 phase=2 arm=37 host=127519 gc_pages=134623 gc_count=4096 reason=undersized
[548754.793037] NVMeVirt: WATGC_V2 discard ns=0 part=3 epoch=1 phase=2 arm=37 host=127506 gc_pages=134637 gc_count=4096 reason=undersized
[548771.852602] NVMeVirt: WATGC_V2 discard ns=0 part=1 epoch=1 phase=2 arm=37 host=139034 gc_pages=123106 gc_count=4096 reason=undersized
[548771.978633] NVMeVirt: WATGC_V2 discard ns=0 part=0 epoch=1 phase=2 arm=37 host=140093 gc_pages=122048 gc_count=4096 reason=undersized
[548772.014424] NVMeVirt: WATGC_V2 discard ns=0 part=2 epoch=1 phase=2 arm=37 host=139548 gc_pages=122595 gc_count=4096 reason=undersized
[548772.109723] NVMeVirt: WATGC_V2 discard ns=0 part=3 epoch=1 phase=2 arm=37 host=140483 gc_pages=121658 gc_count=4096 reason=undersized
[548788.222241] NVMeVirt: WATGC_V2 discard ns=0 part=1 epoch=1 phase=2 arm=37 host=130554 gc_pages=131595 gc_count=4096 reason=undersized
[548788.241329] NVMeVirt: WATGC_V2 discard ns=0 part=2 epoch=1 phase=2 arm=37 host=129616 gc_pages=132534 gc_count=4096 reason=undersized
[548788.278992] NVMeVirt: WATGC_V2 discard ns=0 part=0 epoch=1 phase=2 arm=37 host=130719 gc_pages=131431 gc_count=4096 reason=undersized
[548788.409701] NVMeVirt: WATGC_V2 discard ns=0 part=3 epoch=1 phase=2 arm=37 host=129952 gc_pages=132199 gc_count=4096 reason=undersized
[548804.929980] NVMeVirt: WATGC_V2 discard ns=0 part=2 epoch=1 phase=2 arm=37 host=134236 gc_pages=127910 gc_count=4096 reason=undersized
[548804.932991] NVMeVirt: WATGC_V2 discard ns=0 part=1 epoch=1 phase=2 arm=37 host=134383 gc_pages=127763 gc_count=4096 reason=undersized
[548805.047522] NVMeVirt: WATGC_V2 discard ns=0 part=0 epoch=1 phase=2 arm=37 host=134675 gc_pages=127473 gc_count=4096 reason=undersized
[548805.057728] NVMeVirt: WATGC_V2 discard ns=0 part=3 epoch=1 phase=2 arm=37 host=133753 gc_pages=128395 gc_count=4096 reason=undersized
[548820.576608] NVMeVirt: WATGC_V2 discard ns=0 part=2 epoch=1 phase=2 arm=37 host=123944 gc_pages=138205 gc_count=4096 reason=undersized
[548820.654301] NVMeVirt: WATGC_V2 discard ns=0 part=0 epoch=1 phase=2 arm=37 host=123134 gc_pages=139017 gc_count=4096 reason=undersized
[548820.682357] NVMeVirt: WATGC_V2 discard ns=0 part=1 epoch=1 phase=2 arm=37 host=124589 gc_pages=137560 gc_count=4096 reason=undersized
[548820.770376] NVMeVirt: WATGC_V2 discard ns=0 part=3 epoch=1 phase=2 arm=37 host=124327 gc_pages=137832 gc_count=4096 reason=undersized
[548837.315110] NVMeVirt: WATGC_V2 discard ns=0 part=0 epoch=1 phase=2 arm=37 host=133863 gc_pages=128281 gc_count=4096 reason=undersized
[548837.340774] NVMeVirt: WATGC_V2 discard ns=0 part=2 epoch=1 phase=2 arm=37 host=134598 gc_pages=127545 gc_count=4096 reason=undersized
[548837.416823] NVMeVirt: WATGC_V2 discard ns=0 part=1 epoch=1 phase=2 arm=37 host=134733 gc_pages=127421 gc_count=4096 reason=undersized
[548837.558496] NVMeVirt: WATGC_V2 discard ns=0 part=3 epoch=1 phase=2 arm=37 host=135213 gc_pages=126923 gc_count=4096 reason=undersized
[548853.435761] NVMeVirt: WATGC_V2 discard ns=0 part=0 epoch=1 phase=2 arm=37 host=128416 gc_pages=133731 gc_count=4096 reason=undersized
[548853.482700] NVMeVirt: WATGC_V2 discard ns=0 part=2 epoch=1 phase=2 arm=37 host=128661 gc_pages=133486 gc_count=4096 reason=undersized
[548853.608544] NVMeVirt: WATGC_V2 discard ns=0 part=1 epoch=1 phase=2 arm=37 host=128953 gc_pages=133195 gc_count=4096 reason=undersized
[548853.722593] NVMeVirt: WATGC_V2 discard ns=0 part=3 epoch=1 phase=2 arm=37 host=129094 gc_pages=133074 gc_count=4096 reason=undersized
[548870.493744] NVMeVirt: WATGC_V2 discard ns=0 part=2 epoch=1 phase=2 arm=37 host=137309 gc_pages=124825 gc_count=4096 reason=undersized
[548870.519000] NVMeVirt: WATGC_V2 discard ns=0 part=0 epoch=1 phase=2 arm=37 host=138058 gc_pages=124086 gc_count=4096 reason=undersized
[548870.723005] NVMeVirt: WATGC_V2 discard ns=0 part=1 epoch=1 phase=2 arm=37 host=138556 gc_pages=123589 gc_count=4096 reason=undersized
[548870.958046] NVMeVirt: WATGC_V2 discard ns=0 part=3 epoch=1 phase=2 arm=37 host=139362 gc_pages=122784 gc_count=4096 reason=undersized
[548886.697149] NVMeVirt: WATGC_V2 discard ns=0 part=2 epoch=1 phase=2 arm=37 host=129213 gc_pages=132947 gc_count=4096 reason=undersized
[548886.741856] NVMeVirt: WATGC_V2 discard ns=0 part=0 epoch=1 phase=2 arm=37 host=129245 gc_pages=132904 gc_count=4096 reason=undersized
[548886.836027] NVMeVirt: WATGC_V2 discard ns=0 part=1 epoch=1 phase=2 arm=37 host=128341 gc_pages=133810 gc_count=4096 reason=undersized
[548887.060356] NVMeVirt: WATGC_V2 discard ns=0 part=3 epoch=1 phase=2 arm=37 host=128436 gc_pages=133717 gc_count=4096 reason=undersized
[548903.853042] NVMeVirt: WATGC_V2 discard ns=0 part=2 epoch=1 phase=2 arm=37 host=138841 gc_pages=123306 gc_count=4096 reason=undersized
[548903.969405] NVMeVirt: WATGC_V2 discard ns=0 part=0 epoch=1 phase=2 arm=37 host=139320 gc_pages=122828 gc_count=4096 reason=undersized
[548904.033286] NVMeVirt: WATGC_V2 discard ns=0 part=1 epoch=1 phase=2 arm=37 host=139435 gc_pages=122714 gc_count=4096 reason=undersized
[548904.316031] NVMeVirt: WATGC_V2 discard ns=0 part=3 epoch=1 phase=2 arm=37 host=139638 gc_pages=122511 gc_count=4096 reason=undersized
[548919.968673] NVMeVirt: WATGC_V2 discard ns=0 part=2 epoch=1 phase=2 arm=37 host=128324 gc_pages=133827 gc_count=4096 reason=undersized
[548920.227165] NVMeVirt: WATGC_V2 discard ns=0 part=0 epoch=1 phase=2 arm=37 host=129979 gc_pages=132173 gc_count=4096 reason=undersized
[548920.277680] NVMeVirt: WATGC_V2 discard ns=0 part=1 epoch=1 phase=2 arm=37 host=129677 gc_pages=132474 gc_count=4096 reason=undersized
[548920.470667] NVMeVirt: WATGC_V2 discard ns=0 part=3 epoch=1 phase=2 arm=37 host=128586 gc_pages=133564 gc_count=4096 reason=undersized
[548937.381246] NVMeVirt: WATGC_V2 discard ns=0 part=2 epoch=1 phase=2 arm=37 host=141209 gc_pages=120940 gc_count=4096 reason=undersized
[548937.546975] NVMeVirt: WATGC_V2 discard ns=0 part=0 epoch=1 phase=2 arm=37 host=140485 gc_pages=121681 gc_count=4096 reason=undersized
[548937.687141] NVMeVirt: WATGC_V2 discard ns=0 part=1 epoch=1 phase=2 arm=37 host=141069 gc_pages=121080 gc_count=4096 reason=undersized
[548937.746451] NVMeVirt: WATGC_V2 discard ns=0 part=3 epoch=1 phase=2 arm=37 host=140250 gc_pages=121914 gc_count=4096 reason=undersized
[548953.671558] NVMeVirt: WATGC_V2 discard ns=0 part=2 epoch=1 phase=2 arm=37 host=129973 gc_pages=132176 gc_count=4096 reason=undersized
[548953.698451] NVMeVirt: WATGC_V2 discard ns=0 part=0 epoch=1 phase=2 arm=37 host=129081 gc_pages=133067 gc_count=4096 reason=undersized
[548953.926567] NVMeVirt: WATGC_V2 discard ns=0 part=1 epoch=1 phase=2 arm=37 host=129638 gc_pages=132519 gc_count=4096 reason=undersized
[548953.984611] NVMeVirt: WATGC_V2 discard ns=0 part=3 epoch=1 phase=2 arm=37 host=129424 gc_pages=132705 gc_count=4096 reason=undersized
[548971.164637] NVMeVirt: WATGC_V2 discard ns=0 part=2 epoch=1 phase=2 arm=37 host=142127 gc_pages=120018 gc_count=4096 reason=undersized
[548971.184170] NVMeVirt: WATGC_V2 discard ns=0 part=0 epoch=1 phase=2 arm=37 host=141890 gc_pages=120255 gc_count=4096 reason=undersized
[548971.389141] NVMeVirt: WATGC_V2 discard ns=0 part=1 epoch=1 phase=2 arm=37 host=141867 gc_pages=120278 gc_count=4096 reason=undersized
[548971.577725] NVMeVirt: WATGC_V2 discard ns=0 part=3 epoch=1 phase=2 arm=37 host=143263 gc_pages=118881 gc_count=4096 reason=undersized
[548987.489281] NVMeVirt: WATGC_V2 discard ns=0 part=2 epoch=1 phase=2 arm=37 host=130471 gc_pages=131673 gc_count=4096 reason=undersized
[548987.543198] NVMeVirt: WATGC_V2 discard ns=0 part=0 epoch=1 phase=2 arm=37 host=130779 gc_pages=131364 gc_count=4096 reason=undersized
[548987.770290] NVMeVirt: WATGC_V2 discard ns=0 part=1 epoch=1 phase=2 arm=37 host=130891 gc_pages=131255 gc_count=4096 reason=undersized
[548987.948522] NVMeVirt: WATGC_V2 discard ns=0 part=3 epoch=1 phase=2 arm=37 host=131158 gc_pages=130983 gc_count=4096 reason=undersized
[549004.700828] NVMeVirt: WATGC_V2 discard ns=0 part=0 epoch=1 phase=2 arm=37 host=139102 gc_pages=123039 gc_count=4096 reason=undersized
[549004.706421] NVMeVirt: WATGC_V2 discard ns=0 part=2 epoch=1 phase=2 arm=37 host=139250 gc_pages=122892 gc_count=4096 reason=undersized
[549005.150734] NVMeVirt: WATGC_V2 discard ns=0 part=1 epoch=1 phase=2 arm=37 host=141105 gc_pages=121033 gc_count=4096 reason=undersized
[549005.370959] NVMeVirt: WATGC_V2 discard ns=0 part=3 epoch=1 phase=2 arm=37 host=141152 gc_pages=120986 gc_count=4096 reason=undersized
[549020.508427] NVMeVirt: WATGC_V2 discard ns=0 part=2 epoch=1 phase=2 arm=37 host=125210 gc_pages=136934 gc_count=4096 reason=undersized
[549020.533251] NVMeVirt: WATGC_V2 discard ns=0 part=0 epoch=1 phase=2 arm=37 host=125457 gc_pages=136684 gc_count=4096 reason=undersized
[549021.002101] NVMeVirt: WATGC_V2 discard ns=0 part=1 epoch=1 phase=2 arm=37 host=125669 gc_pages=136469 gc_count=4096 reason=undersized
[549021.299263] NVMeVirt: WATGC_V2 discard ns=0 part=3 epoch=1 phase=2 arm=37 host=126649 gc_pages=135488 gc_count=4096 reason=undersized
[549036.880831] NVMeVirt: WATGC_V2 discard ns=0 part=0 epoch=1 phase=2 arm=37 host=130818 gc_pages=131325 gc_count=4096 reason=undersized
[549036.883152] NVMeVirt: WATGC_V2 discard ns=0 part=2 epoch=1 phase=2 arm=37 host=131049 gc_pages=131094 gc_count=4096 reason=undersized
[549037.449215] NVMeVirt: WATGC_V2 discard ns=0 part=1 epoch=1 phase=2 arm=37 host=131538 gc_pages=130601 gc_count=4096 reason=undersized
[549037.635836] NVMeVirt: WATGC_V2 discard ns=0 part=3 epoch=1 phase=2 arm=37 host=130564 gc_pages=131574 gc_count=4096 reason=undersized
[549052.356874] NVMeVirt: WATGC_V2 discard ns=0 part=2 epoch=1 phase=2 arm=37 host=122104 gc_pages=140041 gc_count=4096 reason=undersized
[549052.395494] NVMeVirt: WATGC_V2 discard ns=0 part=0 epoch=1 phase=2 arm=37 host=122360 gc_pages=139783 gc_count=4096 reason=undersized
[549052.998888] NVMeVirt: WATGC_V2 discard ns=0 part=1 epoch=1 phase=2 arm=37 host=122803 gc_pages=139347 gc_count=4096 reason=undersized
[549053.392770] NVMeVirt: WATGC_V2 discard ns=0 part=3 epoch=1 phase=2 arm=37 host=124456 gc_pages=137683 gc_count=4096 reason=undersized
[549068.570567] NVMeVirt: WATGC_V2 discard ns=0 part=2 epoch=1 phase=2 arm=37 host=129394 gc_pages=132753 gc_count=4096 reason=undersized
[549068.738864] NVMeVirt: WATGC_V2 discard ns=0 part=0 epoch=1 phase=2 arm=37 host=130656 gc_pages=131481 gc_count=4096 reason=undersized
[549069.220747] NVMeVirt: WATGC_V2 discard ns=0 part=1 epoch=1 phase=2 arm=37 host=129463 gc_pages=132681 gc_count=4096 reason=undersized
[549069.709023] NVMeVirt: WATGC_V2 discard ns=0 part=3 epoch=1 phase=2 arm=37 host=130527 gc_pages=131616 gc_count=4096 reason=undersized
[549084.287336] NVMeVirt: WATGC_V2 discard ns=0 part=2 epoch=1 phase=2 arm=37 host=124392 gc_pages=137752 gc_count=4096 reason=undersized
[549084.397580] NVMeVirt: WATGC_V2 discard ns=0 part=0 epoch=1 phase=2 arm=37 host=123529 gc_pages=138614 gc_count=4096 reason=undersized
[549084.838811] NVMeVirt: WATGC_V2 discard ns=0 part=1 epoch=1 phase=2 arm=37 host=123666 gc_pages=138477 gc_count=4096 reason=undersized
[549085.407857] NVMeVirt: WATGC_V2 discard ns=0 part=3 epoch=1 phase=2 arm=37 host=124230 gc_pages=137912 gc_count=4096 reason=undersized
[549100.961909] NVMeVirt: WATGC_V2 discard ns=0 part=2 epoch=1 phase=2 arm=37 host=133728 gc_pages=128422 gc_count=4096 reason=undersized
[549101.070130] NVMeVirt: WATGC_V2 discard ns=0 part=0 epoch=1 phase=2 arm=37 host=134219 gc_pages=127930 gc_count=4096 reason=undersized
[549101.365208] NVMeVirt: WATGC_V2 discard ns=0 part=1 epoch=1 phase=2 arm=37 host=132509 gc_pages=129643 gc_count=4096 reason=undersized
[549101.905806] NVMeVirt: WATGC_V2 discard ns=0 part=3 epoch=1 phase=2 arm=37 host=132065 gc_pages=130082 gc_count=4096 reason=undersized
[549116.817116] NVMeVirt: WATGC_V2 discard ns=0 part=2 epoch=1 phase=2 arm=37 host=125868 gc_pages=136281 gc_count=4096 reason=undersized
[549116.999391] NVMeVirt: WATGC_V2 discard ns=0 part=0 epoch=1 phase=2 arm=37 host=126411 gc_pages=135738 gc_count=4096 reason=undersized
[549117.256303] NVMeVirt: WATGC_V2 discard ns=0 part=1 epoch=1 phase=2 arm=37 host=126220 gc_pages=135925 gc_count=4096 reason=undersized
[549117.761710] NVMeVirt: WATGC_V2 discard ns=0 part=3 epoch=1 phase=2 arm=37 host=125569 gc_pages=136575 gc_count=4096 reason=undersized
[549133.776893] NVMeVirt: WATGC_V2 discard ns=0 part=2 epoch=1 phase=2 arm=37 host=136838 gc_pages=125313 gc_count=4096 reason=undersized
[549133.999940] NVMeVirt: WATGC_V2 discard ns=0 part=0 epoch=1 phase=2 arm=37 host=137078 gc_pages=125072 gc_count=4096 reason=undersized
[549134.171883] NVMeVirt: WATGC_V2 discard ns=0 part=1 epoch=1 phase=2 arm=37 host=136115 gc_pages=126034 gc_count=4096 reason=undersized
[549134.488675] NVMeVirt: WATGC_V2 discard ns=0 part=3 epoch=1 phase=2 arm=37 host=134930 gc_pages=127218 gc_count=4096 reason=undersized
[549149.723575] NVMeVirt: WATGC_V2 discard ns=0 part=2 epoch=1 phase=2 arm=37 host=126836 gc_pages=135315 gc_count=4096 reason=undersized
[549149.892528] NVMeVirt: WATGC_V2 discard ns=0 part=0 epoch=1 phase=2 arm=37 host=126247 gc_pages=135890 gc_count=4096 reason=undersized
[549150.042239] NVMeVirt: WATGC_V2 discard ns=0 part=1 epoch=1 phase=2 arm=37 host=125809 gc_pages=136342 gc_count=4096 reason=undersized
[549150.413716] NVMeVirt: WATGC_V2 discard ns=0 part=3 epoch=1 phase=2 arm=37 host=126365 gc_pages=135768 gc_count=4096 reason=undersized
[549166.802184] NVMeVirt: WATGC_V2 discard ns=0 part=2 epoch=1 phase=2 arm=37 host=137902 gc_pages=124247 gc_count=4096 reason=undersized
[549166.994787] NVMeVirt: WATGC_V2 discard ns=0 part=1 epoch=1 phase=2 arm=37 host=136978 gc_pages=125170 gc_count=4096 reason=undersized
[549167.039136] NVMeVirt: WATGC_V2 discard ns=0 part=0 epoch=1 phase=2 arm=37 host=138333 gc_pages=123818 gc_count=4096 reason=undersized
[549167.363063] NVMeVirt: WATGC_V2 discard ns=0 part=3 epoch=1 phase=2 arm=37 host=136938 gc_pages=125209 gc_count=4096 reason=undersized
[549182.911876] NVMeVirt: WATGC_V2 discard ns=0 part=2 epoch=1 phase=2 arm=37 host=128311 gc_pages=133828 gc_count=4096 reason=undersized
[549183.061585] NVMeVirt: WATGC_V2 discard ns=0 part=1 epoch=1 phase=2 arm=37 host=128147 gc_pages=133997 gc_count=4096 reason=undersized
[549183.110120] NVMeVirt: WATGC_V2 discard ns=0 part=0 epoch=1 phase=2 arm=37 host=127852 gc_pages=134293 gc_count=4096 reason=undersized
[549183.495773] NVMeVirt: WATGC_V2 discard ns=0 part=3 epoch=1 phase=2 arm=37 host=128390 gc_pages=133769 gc_count=4096 reason=undersized
[549200.253719] NVMeVirt: WATGC_V2 discard ns=0 part=2 epoch=1 phase=2 arm=37 host=140564 gc_pages=121584 gc_count=4096 reason=undersized
[549200.302043] NVMeVirt: WATGC_V2 discard ns=0 part=0 epoch=1 phase=2 arm=37 host=139376 gc_pages=122770 gc_count=4096 reason=undersized
[549200.358582] NVMeVirt: WATGC_V2 discard ns=0 part=1 epoch=1 phase=2 arm=37 host=140070 gc_pages=122077 gc_count=4096 reason=undersized
[549200.712795] NVMeVirt: WATGC_V2 discard ns=0 part=3 epoch=1 phase=2 arm=37 host=139335 gc_pages=122809 gc_count=4096 reason=undersized
[549216.419434] NVMeVirt: WATGC_V2 discard ns=0 part=0 epoch=1 phase=2 arm=37 host=128651 gc_pages=133492 gc_count=4096 reason=undersized
[549216.497581] NVMeVirt: WATGC_V2 discard ns=0 part=2 epoch=1 phase=2 arm=37 host=129411 gc_pages=132743 gc_count=4096 reason=undersized
[549216.601017] NVMeVirt: WATGC_V2 discard ns=0 part=1 epoch=1 phase=2 arm=37 host=129605 gc_pages=132538 gc_count=4096 reason=undersized
[549216.917421] NVMeVirt: WATGC_V2 discard ns=0 part=3 epoch=1 phase=2 arm=37 host=129295 gc_pages=132848 gc_count=4096 reason=undersized
[549233.926710] NVMeVirt: WATGC_V2 discard ns=0 part=0 epoch=1 phase=2 arm=37 host=141933 gc_pages=120208 gc_count=4096 reason=undersized
[549234.047104] NVMeVirt: WATGC_V2 discard ns=0 part=2 epoch=1 phase=2 arm=37 host=143017 gc_pages=119124 gc_count=4096 reason=undersized
[549234.079758] NVMeVirt: WATGC_V2 discard ns=0 part=1 epoch=1 phase=2 arm=37 host=141858 gc_pages=120283 gc_count=4096 reason=undersized
[549234.404304] NVMeVirt: WATGC_V2 discard ns=0 part=3 epoch=1 phase=2 arm=37 host=142170 gc_pages=119970 gc_count=4096 reason=undersized
[549250.269028] NVMeVirt: WATGC_V2 discard ns=0 part=0 epoch=1 phase=2 arm=37 host=130630 gc_pages=131509 gc_count=4096 reason=undersized
[549250.398956] NVMeVirt: WATGC_V2 discard ns=0 part=1 epoch=1 phase=2 arm=37 host=130553 gc_pages=131586 gc_count=4096 reason=undersized
[549250.428541] NVMeVirt: WATGC_V2 discard ns=0 part=2 epoch=1 phase=2 arm=37 host=131219 gc_pages=130920 gc_count=4096 reason=undersized
[549250.912734] NVMeVirt: WATGC_V2 discard ns=0 part=3 epoch=1 phase=2 arm=37 host=132188 gc_pages=129949 gc_count=4096 reason=undersized
[549267.599540] NVMeVirt: WATGC_V2 discard ns=0 part=0 epoch=1 phase=2 arm=37 host=140647 gc_pages=121492 gc_count=4096 reason=undersized
[549267.714290] NVMeVirt: WATGC_V2 discard ns=0 part=1 epoch=1 phase=2 arm=37 host=140434 gc_pages=121695 gc_count=4096 reason=undersized
[549267.902446] NVMeVirt: WATGC_V2 discard ns=0 part=2 epoch=1 phase=2 arm=37 host=141789 gc_pages=120351 gc_count=4096 reason=undersized
[549268.356583] NVMeVirt: WATGC_V2 discard ns=0 part=3 epoch=1 phase=2 arm=37 host=141581 gc_pages=120560 gc_count=4096 reason=undersized
[549283.429160] NVMeVirt: WATGC_V2 discard ns=0 part=0 epoch=1 phase=2 arm=37 host=125701 gc_pages=136437 gc_count=4096 reason=undersized
[549283.794560] NVMeVirt: WATGC_V2 discard ns=0 part=1 epoch=1 phase=2 arm=37 host=128046 gc_pages=134091 gc_count=4096 reason=undersized
[549283.891175] NVMeVirt: WATGC_V2 discard ns=0 part=2 epoch=1 phase=2 arm=37 host=126858 gc_pages=135278 gc_count=4096 reason=undersized
[549284.434423] NVMeVirt: WATGC_V2 discard ns=0 part=3 epoch=1 phase=2 arm=37 host=128039 gc_pages=134095 gc_count=4096 reason=undersized
[549299.917166] NVMeVirt: WATGC_V2 discard ns=0 part=0 epoch=1 phase=2 arm=37 host=132109 gc_pages=130028 gc_count=4096 reason=undersized
[549300.489884] NVMeVirt: WATGC_V2 discard ns=0 part=2 epoch=1 phase=2 arm=37 host=133287 gc_pages=128850 gc_count=4096 reason=undersized
[549300.502530] NVMeVirt: WATGC_V2 discard ns=0 part=1 epoch=1 phase=2 arm=37 host=134143 gc_pages=127994 gc_count=4096 reason=undersized
[549301.095901] NVMeVirt: WATGC_V2 discard ns=0 part=3 epoch=1 phase=2 arm=37 host=133907 gc_pages=128237 gc_count=4096 reason=undersized
[549315.456736] NVMeVirt: WATGC_V2 discard ns=0 part=0 epoch=1 phase=2 arm=37 host=122734 gc_pages=139405 gc_count=4096 reason=undersized
[549316.185173] NVMeVirt: WATGC_V2 discard ns=0 part=1 epoch=1 phase=2 arm=37 host=124190 gc_pages=137944 gc_count=4096 reason=undersized
[549316.239314] NVMeVirt: WATGC_V2 discard ns=0 part=2 epoch=1 phase=2 arm=37 host=124701 gc_pages=137433 gc_count=4096 reason=undersized
[549317.026973] NVMeVirt: WATGC_V2 discard ns=0 part=3 epoch=1 phase=2 arm=37 host=126264 gc_pages=135875 gc_count=4096 reason=undersized
[549331.742407] NVMeVirt: WATGC_V2 discard ns=0 part=0 epoch=1 phase=2 arm=37 host=130092 gc_pages=132050 gc_count=4096 reason=undersized
[549332.591451] NVMeVirt: WATGC_V2 discard ns=0 part=2 epoch=1 phase=2 arm=37 host=130905 gc_pages=131232 gc_count=4096 reason=undersized
[549332.651294] NVMeVirt: WATGC_V2 discard ns=0 part=1 epoch=1 phase=2 arm=37 host=131700 gc_pages=130437 gc_count=4096 reason=undersized
[549333.572254] NVMeVirt: WATGC_V2 discard ns=0 part=3 epoch=1 phase=2 arm=37 host=132735 gc_pages=129415 gc_count=4096 reason=undersized
[549347.484295] NVMeVirt: WATGC_V2 discard ns=0 part=0 epoch=1 phase=2 arm=37 host=124524 gc_pages=137619 gc_count=4096 reason=undersized
[549348.395217] NVMeVirt: WATGC_V2 discard ns=0 part=2 epoch=1 phase=2 arm=37 host=125191 gc_pages=136947 gc_count=4096 reason=undersized
[549348.497412] NVMeVirt: WATGC_V2 discard ns=0 part=1 epoch=1 phase=2 arm=37 host=125786 gc_pages=136352 gc_count=4096 reason=undersized
[549349.651245] NVMeVirt: WATGC_V2 discard ns=0 part=3 epoch=1 phase=2 arm=37 host=128062 gc_pages=134076 gc_count=4096 reason=undersized
[549364.049713] NVMeVirt: WATGC_V2 discard ns=0 part=0 epoch=1 phase=2 arm=37 host=132874 gc_pages=129275 gc_count=4096 reason=undersized
[549364.900833] NVMeVirt: WATGC_V2 discard ns=0 part=2 epoch=1 phase=2 arm=37 host=132135 gc_pages=130007 gc_count=4096 reason=undersized
[549365.145407] NVMeVirt: WATGC_V2 discard ns=0 part=1 epoch=1 phase=2 arm=37 host=133695 gc_pages=128454 gc_count=4096 reason=undersized
[549366.548777] NVMeVirt: WATGC_V2 discard ns=0 part=3 epoch=1 phase=2 arm=37 host=136280 gc_pages=125860 gc_count=4096 reason=undersized
[549379.852383] NVMeVirt: WATGC_V2 discard ns=0 part=0 epoch=1 phase=2 arm=37 host=125241 gc_pages=136916 gc_count=4096 reason=undersized
[549380.814687] NVMeVirt: WATGC_V2 discard ns=0 part=2 epoch=1 phase=2 arm=37 host=126643 gc_pages=135499 gc_count=4096 reason=undersized
[549381.124442] NVMeVirt: WATGC_V2 discard ns=0 part=1 epoch=1 phase=2 arm=37 host=126840 gc_pages=135309 gc_count=4096 reason=undersized
[549382.810680] NVMeVirt: WATGC_V2 discard ns=0 part=3 epoch=1 phase=2 arm=37 host=129879 gc_pages=132262 gc_count=4096 reason=undersized
[549396.669421] NVMeVirt: WATGC_V2 discard ns=0 part=0 epoch=1 phase=2 arm=37 host=135147 gc_pages=127000 gc_count=4096 reason=undersized
[549397.637790] NVMeVirt: WATGC_V2 discard ns=0 part=2 epoch=1 phase=2 arm=37 host=135506 gc_pages=126636 gc_count=4096 reason=undersized
[549397.867600] NVMeVirt: WATGC_V2 discard ns=0 part=1 epoch=1 phase=2 arm=37 host=134667 gc_pages=127473 gc_count=4096 reason=undersized
[549399.820957] NVMeVirt: WATGC_V2 discard ns=0 part=3 epoch=1 phase=2 arm=37 host=137317 gc_pages=124829 gc_count=4096 reason=undersized
[549412.621512] NVMeVirt: WATGC_V2 discard ns=0 part=0 epoch=1 phase=2 arm=37 host=126777 gc_pages=135366 gc_count=4096 reason=undersized
[549413.536515] NVMeVirt: WATGC_V2 discard ns=0 part=2 epoch=1 phase=2 arm=37 host=126379 gc_pages=135773 gc_count=4096 reason=undersized
[549413.904863] NVMeVirt: WATGC_V2 discard ns=0 part=1 epoch=1 phase=2 arm=37 host=127458 gc_pages=134688 gc_count=4096 reason=undersized
[549416.431257] NVMeVirt: WATGC_V2 discard ns=0 part=3 epoch=1 phase=2 arm=37 host=133272 gc_pages=128873 gc_count=4096 reason=undersized
[549429.679659] NVMeVirt: WATGC_V2 discard ns=0 part=0 epoch=1 phase=2 arm=37 host=137776 gc_pages=124371 gc_count=4096 reason=undersized
[549430.559901] NVMeVirt: WATGC_V2 discard ns=0 part=2 epoch=1 phase=2 arm=37 host=137286 gc_pages=124856 gc_count=4096 reason=undersized
[549430.955750] NVMeVirt: WATGC_V2 discard ns=0 part=1 epoch=1 phase=2 arm=37 host=138018 gc_pages=124119 gc_count=4096 reason=undersized
[549433.502930] NVMeVirt: WATGC_V2 discard ns=0 part=3 epoch=1 phase=2 arm=37 host=137915 gc_pages=124236 gc_count=4096 reason=undersized
[549445.822992] NVMeVirt: WATGC_V2 discard ns=0 part=0 epoch=1 phase=2 arm=37 host=128451 gc_pages=133692 gc_count=4096 reason=undersized
[549446.736924] NVMeVirt: WATGC_V2 discard ns=0 part=2 epoch=1 phase=2 arm=37 host=128748 gc_pages=133390 gc_count=4096 reason=undersized
[549447.270419] NVMeVirt: WATGC_V2 discard ns=0 part=1 epoch=1 phase=2 arm=37 host=130637 gc_pages=131500 gc_count=4096 reason=undersized
[549450.146129] NVMeVirt: WATGC_V2 discard ns=0 part=3 epoch=1 phase=2 arm=37 host=133752 gc_pages=128398 gc_count=4096 reason=undersized
[549463.018361] NVMeVirt: WATGC_V2 discard ns=0 part=0 epoch=1 phase=2 arm=37 host=139335 gc_pages=122808 gc_count=4096 reason=undersized
[549464.184498] NVMeVirt: WATGC_V2 discard ns=0 part=2 epoch=1 phase=2 arm=37 host=141626 gc_pages=120510 gc_count=4096 reason=undersized
[549464.752713] NVMeVirt: WATGC_V2 discard ns=0 part=1 epoch=1 phase=2 arm=37 host=142048 gc_pages=120091 gc_count=4096 reason=undersized
[549467.195374] NVMeVirt: WATGC_V2 discard ns=0 part=3 epoch=1 phase=2 arm=37 host=137697 gc_pages=124454 gc_count=4096 reason=undersized
[549479.252717] NVMeVirt: WATGC_V2 discard ns=0 part=0 epoch=1 phase=2 arm=37 host=129580 gc_pages=132561 gc_count=4096 reason=undersized
[549480.820739] NVMeVirt: WATGC_V2 discard ns=0 part=2 epoch=1 phase=2 arm=37 host=133718 gc_pages=128419 gc_count=4096 reason=undersized
[549481.502881] NVMeVirt: WATGC_V2 discard ns=0 part=1 epoch=1 phase=2 arm=37 host=134431 gc_pages=127704 gc_count=4096 reason=undersized
[549483.947028] NVMeVirt: WATGC_V2 discard ns=0 part=3 epoch=1 phase=2 arm=37 host=134656 gc_pages=127490 gc_count=4096 reason=undersized
[549496.845749] NVMeVirt: WATGC_V2 discard ns=0 part=0 epoch=1 phase=2 arm=37 host=143101 gc_pages=119036 gc_count=4096 reason=undersized
[549498.488943] NVMeVirt: WATGC_V2 discard ns=0 part=2 epoch=1 phase=2 arm=37 host=143985 gc_pages=118160 gc_count=4096 reason=undersized
[549499.144239] NVMeVirt: WATGC_V2 discard ns=0 part=1 epoch=1 phase=2 arm=37 host=143562 gc_pages=118595 gc_count=4096 reason=undersized
[549500.997735] NVMeVirt: WATGC_V2 discard ns=0 part=3 epoch=1 phase=2 arm=37 host=137900 gc_pages=124254 gc_count=4096 reason=undersized
[549513.396029] NVMeVirt: WATGC_V2 discard ns=0 part=0 epoch=1 phase=2 arm=37 host=132614 gc_pages=129522 gc_count=4096 reason=undersized
[549515.326305] NVMeVirt: WATGC_V2 discard ns=0 part=2 epoch=1 phase=2 arm=37 host=135446 gc_pages=126698 gc_count=4096 reason=undersized
[549515.905552] NVMeVirt: WATGC_V2 discard ns=0 part=1 epoch=1 phase=2 arm=37 host=134953 gc_pages=127195 gc_count=4096 reason=undersized
[549517.773507] NVMeVirt: WATGC_V2 discard ns=0 part=3 epoch=1 phase=2 arm=37 host=135021 gc_pages=127126 gc_count=4096 reason=undersized
[549530.787839] NVMeVirt: WATGC_V2 discard ns=0 part=0 epoch=1 phase=2 arm=37 host=141476 gc_pages=120670 gc_count=4096 reason=undersized
[549532.538186] NVMeVirt: WATGC_V2 discard ns=0 part=2 epoch=1 phase=2 arm=37 host=139256 gc_pages=122897 gc_count=4096 reason=undersized
[549532.824589] NVMeVirt: WATGC_V2 discard ns=0 part=1 epoch=1 phase=2 arm=37 host=136630 gc_pages=125522 gc_count=4096 reason=undersized
[549534.628713] NVMeVirt: WATGC_V2 discard ns=0 part=3 epoch=1 phase=2 arm=37 host=135395 gc_pages=126738 gc_count=4096 reason=undersized
[549546.912512] NVMeVirt: WATGC_V2 discard ns=0 part=0 epoch=1 phase=2 arm=37 host=128385 gc_pages=133768 gc_count=4096 reason=undersized
[549548.638610] NVMeVirt: WATGC_V2 discard ns=0 part=2 epoch=1 phase=2 arm=37 host=128216 gc_pages=133919 gc_count=4096 reason=undersized
[549548.885981] NVMeVirt: WATGC_V2 discard ns=0 part=1 epoch=1 phase=2 arm=37 host=127628 gc_pages=134516 gc_count=4096 reason=undersized
[549550.861264] NVMeVirt: WATGC_V2 discard ns=0 part=3 epoch=1 phase=2 arm=37 host=129631 gc_pages=132506 gc_count=4096 reason=undersized
[549563.524616] NVMeVirt: WATGC_V2 discard ns=0 part=0 epoch=1 phase=2 arm=37 host=133458 gc_pages=128688 gc_count=4096 reason=undersized
[549564.837526] NVMeVirt: WATGC_V2 discard ns=0 part=2 epoch=1 phase=2 arm=37 host=129217 gc_pages=132935 gc_count=4096 reason=undersized
[549564.943535] NVMeVirt: WATGC_V2 discard ns=0 part=1 epoch=1 phase=2 arm=37 host=127965 gc_pages=134187 gc_count=4096 reason=undersized
[549566.793368] NVMeVirt: WATGC_V2 discard ns=0 part=3 epoch=1 phase=2 arm=37 host=126366 gc_pages=135781 gc_count=4096 reason=undersized
[549579.431984] NVMeVirt: WATGC_V2 discard ns=0 part=0 epoch=1 phase=2 arm=37 host=126332 gc_pages=135811 gc_count=4096 reason=undersized
[549580.691990] NVMeVirt: WATGC_V2 discard ns=0 part=2 epoch=1 phase=2 arm=37 host=125840 gc_pages=136318 gc_count=4096 reason=undersized
[549580.745363] NVMeVirt: WATGC_V2 discard ns=0 part=1 epoch=1 phase=2 arm=37 host=125092 gc_pages=137055 gc_count=4096 reason=undersized
[549582.758803] NVMeVirt: WATGC_V2 discard ns=0 part=3 epoch=1 phase=2 arm=37 host=127116 gc_pages=135025 gc_count=4096 reason=undersized
[549596.007623] NVMeVirt: WATGC_V2 discard ns=0 part=0 epoch=1 phase=2 arm=37 host=132680 gc_pages=129455 gc_count=4096 reason=undersized
[549597.132824] NVMeVirt: WATGC_V2 discard ns=0 part=2 epoch=1 phase=2 arm=37 host=131790 gc_pages=130362 gc_count=4096 reason=undersized
[549597.180357] NVMeVirt: WATGC_V2 discard ns=0 part=1 epoch=1 phase=2 arm=37 host=131633 gc_pages=130519 gc_count=4096 reason=undersized
[549598.876285] NVMeVirt: WATGC_V2 discard ns=0 part=3 epoch=1 phase=2 arm=37 host=128383 gc_pages=133764 gc_count=4096 reason=undersized
[549612.116057] NVMeVirt: WATGC_V2 discard ns=0 part=0 epoch=1 phase=2 arm=37 host=128621 gc_pages=133519 gc_count=4096 reason=undersized
[549613.296611] NVMeVirt: WATGC_V2 discard ns=0 part=2 epoch=1 phase=2 arm=37 host=128600 gc_pages=133548 gc_count=4096 reason=undersized
[549613.299665] NVMeVirt: WATGC_V2 discard ns=0 part=1 epoch=1 phase=2 arm=37 host=128371 gc_pages=133778 gc_count=4096 reason=undersized
[549614.878599] NVMeVirt: WATGC_V2 discard ns=0 part=3 epoch=1 phase=2 arm=37 host=127304 gc_pages=134838 gc_count=4096 reason=undersized
[549628.934547] NVMeVirt: WATGC_V2 discard ns=0 part=0 epoch=1 phase=2 arm=37 host=135307 gc_pages=126837 gc_count=4096 reason=undersized
[549629.912085] NVMeVirt: WATGC_V2 discard ns=0 part=2 epoch=1 phase=2 arm=37 host=133619 gc_pages=128532 gc_count=4096 reason=undersized
[549629.932244] NVMeVirt: WATGC_V2 discard ns=0 part=1 epoch=1 phase=2 arm=37 host=133194 gc_pages=128973 gc_count=4096 reason=undersized
[549631.107409] NVMeVirt: WATGC_V2 discard ns=0 part=3 epoch=1 phase=2 arm=37 host=129731 gc_pages=132418 gc_count=4096 reason=undersized
[549645.289991] NVMeVirt: WATGC_V2 discard ns=0 part=0 epoch=1 phase=2 arm=37 host=130647 gc_pages=131495 gc_count=4096 reason=undersized
[549646.246756] NVMeVirt: WATGC_V2 discard ns=0 part=2 epoch=1 phase=2 arm=37 host=130594 gc_pages=131555 gc_count=4096 reason=undersized
[549646.254183] NVMeVirt: WATGC_V2 discard ns=0 part=1 epoch=1 phase=2 arm=37 host=130505 gc_pages=131634 gc_count=4096 reason=undersized
[549647.451822] NVMeVirt: WATGC_V2 discard ns=0 part=3 epoch=1 phase=2 arm=37 host=130567 gc_pages=131588 gc_count=4096 reason=undersized
[549662.323700] NVMeVirt: WATGC_V2 discard ns=0 part=0 epoch=1 phase=2 arm=37 host=137164 gc_pages=124999 gc_count=4096 reason=undersized
[549663.024085] NVMeVirt: WATGC_V2 discard ns=0 part=1 epoch=1 phase=2 arm=37 host=134942 gc_pages=127225 gc_count=4096 reason=undersized
[549663.051187] NVMeVirt: WATGC_V2 discard ns=0 part=2 epoch=1 phase=2 arm=37 host=135400 gc_pages=126751 gc_count=4096 reason=undersized
[549663.952374] NVMeVirt: WATGC_V2 discard ns=0 part=3 epoch=1 phase=2 arm=37 host=132302 gc_pages=129842 gc_count=4096 reason=undersized
[549678.780310] NVMeVirt: WATGC_V2 discard ns=0 part=0 epoch=1 phase=2 arm=37 host=132106 gc_pages=130040 gc_count=4096 reason=undersized
[549679.373430] NVMeVirt: WATGC_V2 discard ns=0 part=1 epoch=1 phase=2 arm=37 host=130702 gc_pages=131446 gc_count=4096 reason=undersized
[549679.477977] NVMeVirt: WATGC_V2 discard ns=0 part=2 epoch=1 phase=2 arm=37 host=131621 gc_pages=130521 gc_count=4096 reason=undersized
[549680.311365] NVMeVirt: WATGC_V2 discard ns=0 part=3 epoch=1 phase=2 arm=37 host=130611 gc_pages=131535 gc_count=4096 reason=undersized
[549695.737053] NVMeVirt: WATGC_V2 discard ns=0 part=0 epoch=1 phase=2 arm=37 host=136915 gc_pages=125235 gc_count=4096 reason=undersized
[549696.326096] NVMeVirt: WATGC_V2 discard ns=0 part=1 epoch=1 phase=2 arm=37 host=136534 gc_pages=125617 gc_count=4096 reason=undersized
[549696.399845] NVMeVirt: WATGC_V2 discard ns=0 part=2 epoch=1 phase=2 arm=37 host=136296 gc_pages=125856 gc_count=4096 reason=undersized
[549696.867931] NVMeVirt: WATGC_V2 discard ns=0 part=3 epoch=1 phase=2 arm=37 host=132931 gc_pages=129218 gc_count=4096 reason=undersized
[549712.325005] NVMeVirt: WATGC_V2 discard ns=0 part=0 epoch=1 phase=2 arm=37 host=133233 gc_pages=128915 gc_count=4096 reason=undersized
[549712.836740] NVMeVirt: WATGC_V2 discard ns=0 part=1 epoch=1 phase=2 arm=37 host=132686 gc_pages=129461 gc_count=4096 reason=undersized
[549713.009419] NVMeVirt: WATGC_V2 discard ns=0 part=2 epoch=1 phase=2 arm=37 host=132966 gc_pages=129180 gc_count=4096 reason=undersized
[549713.477384] NVMeVirt: WATGC_V2 discard ns=0 part=3 epoch=1 phase=2 arm=37 host=133215 gc_pages=128930 gc_count=4096 reason=undersized
[549729.360489] NVMeVirt: WATGC_V2 discard ns=0 part=0 epoch=1 phase=2 arm=37 host=137487 gc_pages=124664 gc_count=4096 reason=undersized
[549729.859696] NVMeVirt: WATGC_V2 discard ns=0 part=1 epoch=1 phase=2 arm=37 host=137281 gc_pages=124869 gc_count=4096 reason=undersized
[549729.903617] NVMeVirt: WATGC_V2 discard ns=0 part=2 epoch=1 phase=2 arm=37 host=136300 gc_pages=125849 gc_count=4096 reason=undersized
[549730.310797] NVMeVirt: WATGC_V2 discard ns=0 part=3 epoch=1 phase=2 arm=37 host=135576 gc_pages=126574 gc_count=4096 reason=undersized
[549746.157769] NVMeVirt: WATGC_V2 discard ns=0 part=0 epoch=1 phase=2 arm=37 host=135208 gc_pages=126938 gc_count=4096 reason=undersized
[549746.618105] NVMeVirt: WATGC_V2 discard ns=0 part=1 epoch=1 phase=2 arm=37 host=134953 gc_pages=127191 gc_count=4096 reason=undersized
[549746.650946] NVMeVirt: WATGC_V2 discard ns=0 part=2 epoch=1 phase=2 arm=37 host=134686 gc_pages=127458 gc_count=4096 reason=undersized
[549747.041826] NVMeVirt: WATGC_V2 discard ns=0 part=3 epoch=1 phase=2 arm=37 host=134417 gc_pages=127716 gc_count=4096 reason=undersized
[549763.324958] NVMeVirt: WATGC_V2 discard ns=0 part=0 epoch=1 phase=2 arm=37 host=138777 gc_pages=123378 gc_count=4096 reason=undersized
[549763.671239] NVMeVirt: WATGC_V2 discard ns=0 part=2 epoch=1 phase=2 arm=37 host=137277 gc_pages=124868 gc_count=4096 reason=undersized
[549763.718380] NVMeVirt: WATGC_V2 discard ns=0 part=1 epoch=1 phase=2 arm=37 host=138221 gc_pages=123924 gc_count=4096 reason=undersized
[549764.064928] NVMeVirt: WATGC_V2 discard ns=0 part=3 epoch=1 phase=2 arm=37 host=137490 gc_pages=124651 gc_count=4096 reason=undersized
[549780.215578] NVMeVirt: WATGC_V2 discard ns=0 part=0 epoch=1 phase=2 arm=37 host=135936 gc_pages=126203 gc_count=4096 reason=undersized
[549780.553044] NVMeVirt: WATGC_V2 discard ns=0 part=2 epoch=1 phase=2 arm=37 host=136194 gc_pages=125943 gc_count=4096 reason=undersized
[549780.554563] NVMeVirt: WATGC_V2 discard ns=0 part=1 epoch=1 phase=2 arm=37 host=135695 gc_pages=126436 gc_count=4096 reason=undersized
[549781.102458] NVMeVirt: WATGC_V2 discard ns=0 part=3 epoch=1 phase=2 arm=37 host=137719 gc_pages=124418 gc_count=4096 reason=undersized
[549797.113109] NVMeVirt: WATGC_V2 discard ns=0 part=0 epoch=1 phase=2 arm=37 host=136195 gc_pages=125946 gc_count=4096 reason=undersized
[549797.282276] NVMeVirt: WATGC_V2 discard ns=0 part=1 epoch=1 phase=2 arm=37 host=134580 gc_pages=127556 gc_count=4096 reason=undersized
[549797.284647] NVMeVirt: WATGC_V2 discard ns=0 part=2 epoch=1 phase=2 arm=37 host=134607 gc_pages=127533 gc_count=4096 reason=undersized
[549797.957492] NVMeVirt: WATGC_V2 discard ns=0 part=3 epoch=1 phase=2 arm=37 host=135533 gc_pages=126611 gc_count=4096 reason=undersized
[549813.471056] NVMeVirt: WATGC_V2 discard ns=0 part=0 epoch=1 phase=2 arm=37 host=130885 gc_pages=131250 gc_count=4096 reason=undersized
[549813.649211] NVMeVirt: WATGC_V2 discard ns=0 part=1 epoch=1 phase=2 arm=37 host=130954 gc_pages=131181 gc_count=4096 reason=undersized
[549813.712382] NVMeVirt: WATGC_V2 discard ns=0 part=2 epoch=1 phase=2 arm=37 host=131347 gc_pages=130789 gc_count=4096 reason=undersized
[549814.441932] NVMeVirt: WATGC_V2 discard ns=0 part=3 epoch=1 phase=2 arm=37 host=132046 gc_pages=130094 gc_count=4096 reason=undersized
[549829.407189] NVMeVirt: WATGC_V2 discard ns=0 part=0 epoch=1 phase=2 arm=37 host=126391 gc_pages=135742 gc_count=4096 reason=undersized
[549829.669493] NVMeVirt: WATGC_V2 discard ns=0 part=1 epoch=1 phase=2 arm=37 host=127487 gc_pages=134652 gc_count=4096 reason=undersized
[549829.739943] NVMeVirt: WATGC_V2 discard ns=0 part=2 epoch=1 phase=2 arm=37 host=127615 gc_pages=134524 gc_count=4096 reason=undersized
[549830.633917] NVMeVirt: WATGC_V2 discard ns=0 part=3 epoch=1 phase=2 arm=37 host=129227 gc_pages=132916 gc_count=4096 reason=undersized
[549845.343215] NVMeVirt: WATGC_V2 discard ns=0 part=0 epoch=1 phase=2 arm=37 host=126520 gc_pages=135619 gc_count=4096 reason=undersized
[549845.675010] NVMeVirt: WATGC_V2 discard ns=0 part=2 epoch=1 phase=2 arm=37 host=126551 gc_pages=135593 gc_count=4096 reason=undersized
[549845.747588] NVMeVirt: WATGC_V2 discard ns=0 part=1 epoch=1 phase=2 arm=37 host=127877 gc_pages=134259 gc_count=4096 reason=undersized
[549846.875083] NVMeVirt: WATGC_V2 discard ns=0 part=3 epoch=1 phase=2 arm=37 host=129670 gc_pages=132469 gc_count=4096 reason=undersized
[549861.285993] NVMeVirt: WATGC_V2 discard ns=0 part=0 epoch=1 phase=2 arm=37 host=127069 gc_pages=135080 gc_count=4096 reason=undersized
[549861.615248] NVMeVirt: WATGC_V2 discard ns=0 part=2 epoch=1 phase=2 arm=37 host=126611 gc_pages=135536 gc_count=4096 reason=undersized
[549861.719248] NVMeVirt: WATGC_V2 discard ns=0 part=1 epoch=1 phase=2 arm=37 host=126728 gc_pages=135413 gc_count=4096 reason=undersized
[549863.139063] NVMeVirt: WATGC_V2 discard ns=0 part=3 epoch=1 phase=2 arm=37 host=129685 gc_pages=132454 gc_count=4096 reason=undersized
[549877.361086] NVMeVirt: WATGC_V2 discard ns=0 part=0 epoch=1 phase=2 arm=37 host=127965 gc_pages=134177 gc_count=4096 reason=undersized
[549877.733879] NVMeVirt: WATGC_V2 discard ns=0 part=2 epoch=1 phase=2 arm=37 host=128267 gc_pages=133866 gc_count=4096 reason=undersized
[549877.857889] NVMeVirt: WATGC_V2 discard ns=0 part=1 epoch=1 phase=2 arm=37 host=128781 gc_pages=133349 gc_count=4096 reason=undersized
[549879.679075] NVMeVirt: WATGC_V2 discard ns=0 part=3 epoch=1 phase=2 arm=37 host=132553 gc_pages=129585 gc_count=4096 reason=undersized
[549893.649322] NVMeVirt: WATGC_V2 discard ns=0 part=0 epoch=1 phase=2 arm=37 host=130119 gc_pages=132037 gc_count=4096 reason=undersized
[549893.847898] NVMeVirt: WATGC_V2 discard ns=0 part=2 epoch=1 phase=2 arm=37 host=128539 gc_pages=133613 gc_count=4096 reason=undersized
[549894.113855] NVMeVirt: WATGC_V2 discard ns=0 part=1 epoch=1 phase=2 arm=37 host=129798 gc_pages=132355 gc_count=4096 reason=undersized
[549896.183406] NVMeVirt: WATGC_V2 discard ns=0 part=3 epoch=1 phase=2 arm=37 host=132017 gc_pages=130122 gc_count=4096 reason=undersized
[549909.864617] NVMeVirt: WATGC_V2 discard ns=0 part=0 epoch=1 phase=2 arm=37 host=129488 gc_pages=132667 gc_count=4096 reason=undersized
[549910.232012] NVMeVirt: WATGC_V2 discard ns=0 part=2 epoch=1 phase=2 arm=37 host=130990 gc_pages=131153 gc_count=4096 reason=undersized
[549910.483148] NVMeVirt: WATGC_V2 discard ns=0 part=1 epoch=1 phase=2 arm=37 host=130684 gc_pages=131455 gc_count=4096 reason=undersized
[549912.800237] NVMeVirt: WATGC_V2 discard ns=0 part=3 epoch=1 phase=2 arm=37 host=133798 gc_pages=128342 gc_count=4096 reason=undersized
[549926.255205] NVMeVirt: WATGC_V2 discard ns=0 part=0 epoch=1 phase=2 arm=37 host=131247 gc_pages=130902 gc_count=4096 reason=undersized
[549926.666772] NVMeVirt: WATGC_V2 discard ns=0 part=2 epoch=1 phase=2 arm=37 host=131361 gc_pages=130791 gc_count=4096 reason=undersized
[549926.843973] NVMeVirt: WATGC_V2 discard ns=0 part=1 epoch=1 phase=2 arm=37 host=130826 gc_pages=131319 gc_count=4096 reason=undersized
[549929.400704] NVMeVirt: WATGC_V2 discard ns=0 part=3 epoch=1 phase=2 arm=37 host=133320 gc_pages=128828 gc_count=4096 reason=undersized
[549942.718242] NVMeVirt: WATGC_V2 discard ns=0 part=0 epoch=1 phase=2 arm=37 host=131791 gc_pages=130353 gc_count=4096 reason=undersized
[549943.142981] NVMeVirt: WATGC_V2 discard ns=0 part=2 epoch=1 phase=2 arm=37 host=132054 gc_pages=130089 gc_count=4096 reason=undersized
[549943.272207] NVMeVirt: WATGC_V2 discard ns=0 part=1 epoch=1 phase=2 arm=37 host=131612 gc_pages=130530 gc_count=4096 reason=undersized
[549946.379248] NVMeVirt: WATGC_V2 discard ns=0 part=3 epoch=1 phase=2 arm=37 host=136775 gc_pages=125367 gc_count=4096 reason=undersized
[549959.372382] NVMeVirt: WATGC_V2 discard ns=0 part=0 epoch=1 phase=2 arm=37 host=133398 gc_pages=128750 gc_count=4096 reason=undersized
[549959.707444] NVMeVirt: WATGC_V2 discard ns=0 part=2 epoch=1 phase=2 arm=37 host=132778 gc_pages=129368 gc_count=4096 reason=undersized
[549959.763758] NVMeVirt: WATGC_V2 discard ns=0 part=1 epoch=1 phase=2 arm=37 host=132451 gc_pages=129698 gc_count=4096 reason=undersized
[549962.957352] NVMeVirt: WATGC_V2 discard ns=0 part=3 epoch=1 phase=2 arm=37 host=133247 gc_pages=128903 gc_count=4096 reason=undersized
[549975.931338] NVMeVirt: WATGC_V2 discard ns=0 part=0 epoch=1 phase=2 arm=37 host=132815 gc_pages=129328 gc_count=4096 reason=undersized
[549976.321882] NVMeVirt: WATGC_V2 discard ns=0 part=2 epoch=1 phase=2 arm=37 host=133544 gc_pages=128605 gc_count=4096 reason=undersized
[549976.360203] NVMeVirt: WATGC_V2 discard ns=0 part=1 epoch=1 phase=2 arm=37 host=133024 gc_pages=129117 gc_count=4096 reason=undersized
[549980.048757] NVMeVirt: WATGC_V2 discard ns=0 part=3 epoch=1 phase=2 arm=37 host=138063 gc_pages=124085 gc_count=4096 reason=undersized
[549992.719866] NVMeVirt: WATGC_V2 discard ns=0 part=0 epoch=1 phase=2 arm=37 host=135359 gc_pages=126795 gc_count=4096 reason=undersized
[549993.061211] NVMeVirt: WATGC_V2 discard ns=0 part=1 epoch=1 phase=2 arm=37 host=134113 gc_pages=128039 gc_count=4096 reason=undersized
[549993.118156] NVMeVirt: WATGC_V2 discard ns=0 part=2 epoch=1 phase=2 arm=37 host=135266 gc_pages=126877 gc_count=4096 reason=undersized
[549996.661457] NVMeVirt: WATGC_V2 discard ns=0 part=3 epoch=1 phase=2 arm=37 host=133011 gc_pages=129157 gc_count=4096 reason=undersized
[550009.509408] NVMeVirt: WATGC_V2 discard ns=0 part=0 epoch=1 phase=2 arm=37 host=135002 gc_pages=127137 gc_count=4096 reason=undersized
[550009.961418] NVMeVirt: WATGC_V2 discard ns=0 part=1 epoch=1 phase=2 arm=37 host=136081 gc_pages=126047 gc_count=4096 reason=undersized
[550010.057346] NVMeVirt: WATGC_V2 discard ns=0 part=2 epoch=1 phase=2 arm=37 host=136408 gc_pages=125728 gc_count=4096 reason=undersized
[550013.760949] NVMeVirt: WATGC_V2 discard ns=0 part=3 epoch=1 phase=2 arm=37 host=138560 gc_pages=123585 gc_count=4096 reason=undersized
[550026.490973] NVMeVirt: WATGC_V2 discard ns=0 part=0 epoch=1 phase=2 arm=37 host=137103 gc_pages=125038 gc_count=4096 reason=undersized
[550027.100516] NVMeVirt: WATGC_V2 discard ns=0 part=1 epoch=1 phase=2 arm=37 host=138735 gc_pages=123407 gc_count=4096 reason=undersized
[550027.137964] NVMeVirt: WATGC_V2 discard ns=0 part=2 epoch=1 phase=2 arm=37 host=138033 gc_pages=124107 gc_count=4096 reason=undersized
[550030.426177] NVMeVirt: WATGC_V2 discard ns=0 part=3 epoch=1 phase=2 arm=37 host=133737 gc_pages=128412 gc_count=4096 reason=undersized
[550043.671043] NVMeVirt: WATGC_V2 discard ns=0 part=0 epoch=1 phase=2 arm=37 host=138631 gc_pages=123506 gc_count=4096 reason=undersized
[550044.214842] NVMeVirt: WATGC_V2 discard ns=0 part=1 epoch=1 phase=2 arm=37 host=138363 gc_pages=123776 gc_count=4096 reason=undersized
[550044.434175] NVMeVirt: WATGC_V2 discard ns=0 part=2 epoch=1 phase=2 arm=37 host=140495 gc_pages=121645 gc_count=4096 reason=undersized
[550047.557842] NVMeVirt: WATGC_V2 discard ns=0 part=3 epoch=1 phase=2 arm=37 host=138725 gc_pages=123417 gc_count=4096 reason=undersized
[550060.468825] NVMeVirt: WATGC_V2 discard ns=0 part=0 epoch=1 phase=2 arm=37 host=135176 gc_pages=126959 gc_count=4096 reason=undersized
[550060.948900] NVMeVirt: WATGC_V2 discard ns=0 part=1 epoch=1 phase=2 arm=37 host=134403 gc_pages=127747 gc_count=4096 reason=undersized
[550061.179912] NVMeVirt: WATGC_V2 discard ns=0 part=2 epoch=1 phase=2 arm=37 host=134746 gc_pages=127405 gc_count=4096 reason=undersized
[550063.695816] NVMeVirt: WATGC_V2 discard ns=0 part=3 epoch=1 phase=2 arm=37 host=128597 gc_pages=133548 gc_count=4096 reason=undersized
[550077.062141] NVMeVirt: WATGC_V2 discard ns=0 part=0 epoch=1 phase=2 arm=37 host=133170 gc_pages=128973 gc_count=4096 reason=undersized
[550077.381638] NVMeVirt: WATGC_V2 discard ns=0 part=1 epoch=1 phase=2 arm=37 host=131578 gc_pages=130579 gc_count=4096 reason=undersized
[550077.709607] NVMeVirt: WATGC_V2 discard ns=0 part=2 epoch=1 phase=2 arm=37 host=132261 gc_pages=129897 gc_count=4096 reason=undersized
[550079.962508] NVMeVirt: WATGC_V2 discard ns=0 part=3 epoch=1 phase=2 arm=37 host=130233 gc_pages=131909 gc_count=4096 reason=undersized
[550093.224458] NVMeVirt: WATGC_V2 discard ns=0 part=0 epoch=1 phase=2 arm=37 host=128844 gc_pages=133304 gc_count=4096 reason=undersized
[550093.462079] NVMeVirt: WATGC_V2 discard ns=0 part=1 epoch=1 phase=2 arm=37 host=128127 gc_pages=134022 gc_count=4096 reason=undersized
[550093.719159] NVMeVirt: WATGC_V2 discard ns=0 part=2 epoch=1 phase=2 arm=37 host=127219 gc_pages=134933 gc_count=4096 reason=undersized
[550095.569806] NVMeVirt: WATGC_V2 discard ns=0 part=3 epoch=1 phase=2 arm=37 host=123486 gc_pages=138659 gc_count=4096 reason=undersized
[550109.534481] NVMeVirt: WATGC_V2 discard ns=0 part=0 epoch=1 phase=2 arm=37 host=130223 gc_pages=131920 gc_count=4096 reason=undersized
[550109.773275] NVMeVirt: WATGC_V2 discard ns=0 part=1 epoch=1 phase=2 arm=37 host=130292 gc_pages=131863 gc_count=4096 reason=undersized
[550110.070502] NVMeVirt: WATGC_V2 discard ns=0 part=2 epoch=1 phase=2 arm=37 host=130724 gc_pages=131422 gc_count=4096 reason=undersized
[550111.728310] NVMeVirt: WATGC_V2 discard ns=0 part=3 epoch=1 phase=2 arm=37 host=128660 gc_pages=133485 gc_count=4096 reason=undersized
[550125.794418] NVMeVirt: WATGC_V2 discard ns=0 part=0 epoch=1 phase=2 arm=37 host=129730 gc_pages=132420 gc_count=4096 reason=undersized
[550126.058455] NVMeVirt: WATGC_V2 discard ns=0 part=1 epoch=1 phase=2 arm=37 host=130161 gc_pages=131995 gc_count=4096 reason=undersized
[550126.289205] NVMeVirt: WATGC_V2 discard ns=0 part=2 epoch=1 phase=2 arm=37 host=129355 gc_pages=132794 gc_count=4096 reason=undersized
[550127.553819] NVMeVirt: WATGC_V2 discard ns=0 part=3 epoch=1 phase=2 arm=37 host=125387 gc_pages=136761 gc_count=4096 reason=undersized
[550142.372261] NVMeVirt: WATGC_V2 discard ns=0 part=0 epoch=1 phase=2 arm=37 host=133193 gc_pages=128949 gc_count=4096 reason=undersized
[550142.681741] NVMeVirt: WATGC_V2 discard ns=0 part=1 epoch=1 phase=2 arm=37 host=133255 gc_pages=128888 gc_count=4096 reason=undersized
[550142.831048] NVMeVirt: WATGC_V2 discard ns=0 part=2 epoch=1 phase=2 arm=37 host=132922 gc_pages=129226 gc_count=4096 reason=undersized
[550143.969880] NVMeVirt: WATGC_V2 discard ns=0 part=3 epoch=1 phase=2 arm=37 host=131449 gc_pages=130698 gc_count=4096 reason=undersized
[550158.759509] NVMeVirt: WATGC_V2 discard ns=0 part=0 epoch=1 phase=2 arm=37 host=131121 gc_pages=131024 gc_count=4096 reason=undersized
[550159.018741] NVMeVirt: WATGC_V2 discard ns=0 part=1 epoch=1 phase=2 arm=37 host=130862 gc_pages=131285 gc_count=4096 reason=undersized
[550159.217118] NVMeVirt: WATGC_V2 discard ns=0 part=2 epoch=1 phase=2 arm=37 host=130970 gc_pages=131190 gc_count=4096 reason=undersized
[550160.111769] NVMeVirt: WATGC_V2 discard ns=0 part=3 epoch=1 phase=2 arm=37 host=128408 gc_pages=133732 gc_count=4096 reason=undersized
[550175.525848] NVMeVirt: WATGC_V2 discard ns=0 part=0 epoch=1 phase=2 arm=37 host=134932 gc_pages=127210 gc_count=4096 reason=undersized
[550175.890456] NVMeVirt: WATGC_V2 discard ns=0 part=1 epoch=1 phase=2 arm=37 host=135637 gc_pages=126506 gc_count=4096 reason=undersized
[550176.041174] NVMeVirt: WATGC_V2 discard ns=0 part=2 epoch=1 phase=2 arm=37 host=135669 gc_pages=126476 gc_count=4096 reason=undersized
[550176.854227] NVMeVirt: WATGC_V2 discard ns=0 part=3 epoch=1 phase=2 arm=37 host=134670 gc_pages=127478 gc_count=4096 reason=undersized
[550192.046568] NVMeVirt: WATGC_V2 discard ns=0 part=0 epoch=1 phase=2 arm=37 host=132463 gc_pages=129685 gc_count=4096 reason=undersized
[550192.325712] NVMeVirt: WATGC_V2 discard ns=0 part=1 epoch=1 phase=2 arm=37 host=131656 gc_pages=130504 gc_count=4096 reason=undersized
[550192.456075] NVMeVirt: WATGC_V2 discard ns=0 part=2 epoch=1 phase=2 arm=37 host=131562 gc_pages=130589 gc_count=4096 reason=undersized
[550193.111748] NVMeVirt: WATGC_V2 discard ns=0 part=3 epoch=1 phase=2 arm=37 host=129534 gc_pages=132605 gc_count=4096 reason=undersized
[550208.940134] NVMeVirt: WATGC_V2 discard ns=0 part=0 epoch=1 phase=2 arm=37 host=136104 gc_pages=126041 gc_count=4096 reason=undersized
[550209.296128] NVMeVirt: WATGC_V2 discard ns=0 part=1 epoch=1 phase=2 arm=37 host=137017 gc_pages=125130 gc_count=4096 reason=undersized
[550209.312821] NVMeVirt: WATGC_V2 discard ns=0 part=2 epoch=1 phase=2 arm=37 host=135550 gc_pages=126588 gc_count=4096 reason=undersized
[550210.001828] NVMeVirt: WATGC_V2 discard ns=0 part=3 epoch=1 phase=2 arm=37 host=136034 gc_pages=126112 gc_count=4096 reason=undersized
[550225.461309] NVMeVirt: WATGC_V2 discard ns=0 part=0 epoch=1 phase=2 arm=37 host=132481 gc_pages=129671 gc_count=4096 reason=undersized
[550225.751125] NVMeVirt: WATGC_V2 discard ns=0 part=1 epoch=1 phase=2 arm=37 host=131791 gc_pages=130361 gc_count=4096 reason=undersized
[550225.886848] NVMeVirt: WATGC_V2 discard ns=0 part=2 epoch=1 phase=2 arm=37 host=132799 gc_pages=129352 gc_count=4096 reason=undersized
[550226.352025] NVMeVirt: WATGC_V2 discard ns=0 part=3 epoch=1 phase=2 arm=37 host=130784 gc_pages=131366 gc_count=4096 reason=undersized
[550242.527893] NVMeVirt: WATGC_V2 discard ns=0 part=0 epoch=1 phase=2 arm=37 host=137908 gc_pages=124240 gc_count=4096 reason=undersized
[550242.814127] NVMeVirt: WATGC_V2 discard ns=0 part=1 epoch=1 phase=2 arm=37 host=137559 gc_pages=124588 gc_count=4096 reason=undersized
[550242.987296] NVMeVirt: WATGC_V2 discard ns=0 part=2 epoch=1 phase=2 arm=37 host=138131 gc_pages=124015 gc_count=4096 reason=undersized
[550243.322977] NVMeVirt: WATGC_V2 discard ns=0 part=3 epoch=1 phase=2 arm=37 host=137300 gc_pages=124845 gc_count=4096 reason=undersized
[550259.125220] NVMeVirt: WATGC_V2 discard ns=0 part=0 epoch=1 phase=2 arm=37 host=133325 gc_pages=128825 gc_count=4096 reason=undersized
[550259.322107] NVMeVirt: WATGC_V2 discard ns=0 part=1 epoch=1 phase=2 arm=37 host=132279 gc_pages=129870 gc_count=4096 reason=undersized
[550259.416034] NVMeVirt: WATGC_V2 discard ns=0 part=2 epoch=1 phase=2 arm=37 host=131765 gc_pages=130385 gc_count=4096 reason=undersized
[550259.797199] NVMeVirt: WATGC_V2 discard ns=0 part=3 epoch=1 phase=2 arm=37 host=131800 gc_pages=130347 gc_count=4096 reason=undersized
[550276.321276] NVMeVirt: WATGC_V2 discard ns=0 part=0 epoch=1 phase=2 arm=37 host=139258 gc_pages=122886 gc_count=4096 reason=undersized
[550276.419572] NVMeVirt: WATGC_V2 discard ns=0 part=1 epoch=1 phase=2 arm=37 host=138570 gc_pages=123573 gc_count=4096 reason=undersized
[550276.681368] NVMeVirt: WATGC_V2 discard ns=0 part=2 epoch=1 phase=2 arm=37 host=139608 gc_pages=122542 gc_count=4096 reason=undersized
[550277.028918] NVMeVirt: WATGC_V2 discard ns=0 part=3 epoch=1 phase=2 arm=37 host=139381 gc_pages=122759 gc_count=4096 reason=undersized
[550292.944244] NVMeVirt: WATGC_V2 discard ns=0 part=0 epoch=1 phase=2 arm=37 host=133158 gc_pages=128989 gc_count=4096 reason=undersized
[550293.008862] NVMeVirt: WATGC_V2 discard ns=0 part=1 epoch=1 phase=2 arm=37 host=132866 gc_pages=129279 gc_count=4096 reason=undersized
[550293.176522] NVMeVirt: WATGC_V2 discard ns=0 part=2 epoch=1 phase=2 arm=37 host=132233 gc_pages=129896 gc_count=4096 reason=undersized
[550293.547773] NVMeVirt: WATGC_V2 discard ns=0 part=3 epoch=1 phase=2 arm=37 host=132708 gc_pages=129435 gc_count=4096 reason=undersized
[550310.020592] NVMeVirt: WATGC_V2 discard ns=0 part=0 epoch=1 phase=2 arm=37 host=138444 gc_pages=123685 gc_count=4096 reason=undersized
[550310.190354] NVMeVirt: WATGC_V2 discard ns=0 part=1 epoch=1 phase=2 arm=37 host=139194 gc_pages=122945 gc_count=4096 reason=undersized
[550310.478699] NVMeVirt: WATGC_V2 discard ns=0 part=2 epoch=1 phase=2 arm=37 host=140015 gc_pages=122123 gc_count=4096 reason=undersized
[550310.947473] NVMeVirt: WATGC_V2 discard ns=0 part=3 epoch=1 phase=2 arm=37 host=140874 gc_pages=121265 gc_count=4096 reason=undersized
[550326.043883] NVMeVirt: WATGC_V2 discard ns=0 part=0 epoch=1 phase=2 arm=37 host=127398 gc_pages=134745 gc_count=4096 reason=undersized
[550326.220592] NVMeVirt: WATGC_V2 discard ns=0 part=1 epoch=1 phase=2 arm=37 host=127312 gc_pages=134830 gc_count=4096 reason=undersized
[550326.587923] NVMeVirt: WATGC_V2 discard ns=0 part=2 epoch=1 phase=2 arm=37 host=128486 gc_pages=133654 gc_count=4096 reason=undersized
[550327.248065] NVMeVirt: WATGC_V2 discard ns=0 part=3 epoch=1 phase=2 arm=37 host=130214 gc_pages=131926 gc_count=4096 reason=undersized
[550342.308989] NVMeVirt: WATGC_V2 discard ns=0 part=0 epoch=1 phase=2 arm=37 host=130281 gc_pages=131859 gc_count=4096 reason=undersized
[550342.589291] NVMeVirt: WATGC_V2 discard ns=0 part=1 epoch=1 phase=2 arm=37 host=130916 gc_pages=131223 gc_count=4096 reason=undersized
[550343.045680] NVMeVirt: WATGC_V2 discard ns=0 part=2 epoch=1 phase=2 arm=37 host=131540 gc_pages=130597 gc_count=4096 reason=undersized
[550343.781015] NVMeVirt: WATGC_V2 discard ns=0 part=3 epoch=1 phase=2 arm=37 host=132600 gc_pages=129539 gc_count=4096 reason=undersized
[550357.920253] NVMeVirt: WATGC_V2 discard ns=0 part=0 epoch=1 phase=2 arm=37 host=122764 gc_pages=139382 gc_count=4096 reason=undersized
[550358.183752] NVMeVirt: WATGC_V2 discard ns=0 part=1 epoch=1 phase=2 arm=37 host=123081 gc_pages=139062 gc_count=4096 reason=undersized
[550358.596312] NVMeVirt: WATGC_V2 discard ns=0 part=2 epoch=1 phase=2 arm=37 host=122916 gc_pages=139227 gc_count=4096 reason=undersized
[550359.433104] NVMeVirt: WATGC_V2 discard ns=0 part=3 epoch=1 phase=2 arm=37 host=123990 gc_pages=138160 gc_count=4096 reason=undersized
[550374.104412] NVMeVirt: WATGC_V2 discard ns=0 part=0 epoch=1 phase=2 arm=37 host=129355 gc_pages=132789 gc_count=4096 reason=undersized
[550374.359466] NVMeVirt: WATGC_V2 discard ns=0 part=1 epoch=1 phase=2 arm=37 host=129053 gc_pages=133090 gc_count=4096 reason=undersized
[550374.724544] NVMeVirt: WATGC_V2 discard ns=0 part=2 epoch=1 phase=2 arm=37 host=128322 gc_pages=133820 gc_count=4096 reason=undersized
[550375.676035] NVMeVirt: WATGC_V2 discard ns=0 part=3 epoch=1 phase=2 arm=37 host=129551 gc_pages=132586 gc_count=4096 reason=undersized
[550389.911627] NVMeVirt: WATGC_V2 discard ns=0 part=0 epoch=1 phase=2 arm=37 host=125143 gc_pages=136997 gc_count=4096 reason=undersized
[550390.108649] NVMeVirt: WATGC_V2 discard ns=0 part=1 epoch=1 phase=2 arm=37 host=125074 gc_pages=137074 gc_count=4096 reason=undersized
[550390.491862] NVMeVirt: WATGC_V2 discard ns=0 part=2 epoch=1 phase=2 arm=37 host=124833 gc_pages=137313 gc_count=4096 reason=undersized
[550391.441611] NVMeVirt: WATGC_V2 discard ns=0 part=3 epoch=1 phase=2 arm=37 host=124610 gc_pages=137532 gc_count=4096 reason=undersized
[550406.337761] NVMeVirt: WATGC_V2 discard ns=0 part=0 epoch=1 phase=2 arm=37 host=131380 gc_pages=130772 gc_count=4096 reason=undersized
[550406.622000] NVMeVirt: WATGC_V2 discard ns=0 part=1 epoch=1 phase=2 arm=37 host=132004 gc_pages=130142 gc_count=4096 reason=undersized
[550406.827424] NVMeVirt: WATGC_V2 discard ns=0 part=2 epoch=1 phase=2 arm=37 host=130998 gc_pages=131147 gc_count=4096 reason=undersized
[550407.838175] NVMeVirt: WATGC_V2 discard ns=0 part=3 epoch=1 phase=2 arm=37 host=131249 gc_pages=130893 gc_count=4096 reason=undersized
[550422.432986] NVMeVirt: WATGC_V2 discard ns=0 part=0 epoch=1 phase=2 arm=37 host=128304 gc_pages=133851 gc_count=4096 reason=undersized
[550422.650355] NVMeVirt: WATGC_V2 discard ns=0 part=1 epoch=1 phase=2 arm=37 host=127609 gc_pages=134541 gc_count=4096 reason=undersized
[550422.813561] NVMeVirt: WATGC_V2 discard ns=0 part=2 epoch=1 phase=2 arm=37 host=126829 gc_pages=135322 gc_count=4096 reason=undersized
[550423.728880] NVMeVirt: WATGC_V2 discard ns=0 part=3 epoch=1 phase=2 arm=37 host=126072 gc_pages=136072 gc_count=4096 reason=undersized
[550439.110343] NVMeVirt: WATGC_V2 discard ns=0 part=0 epoch=1 phase=2 arm=37 host=133870 gc_pages=128277 gc_count=4096 reason=undersized
[550439.321651] NVMeVirt: WATGC_V2 discard ns=0 part=1 epoch=1 phase=2 arm=37 host=133916 gc_pages=128230 gc_count=4096 reason=undersized
[550439.436525] NVMeVirt: WATGC_V2 discard ns=0 part=2 epoch=1 phase=2 arm=37 host=133729 gc_pages=128427 gc_count=4096 reason=undersized
[550440.347489] NVMeVirt: WATGC_V2 discard ns=0 part=3 epoch=1 phase=2 arm=37 host=133450 gc_pages=128693 gc_count=4096 reason=undersized
[550455.409258] NVMeVirt: WATGC_V2 discard ns=0 part=0 epoch=1 phase=2 arm=37 host=130029 gc_pages=132121 gc_count=4096 reason=undersized
[550455.477030] NVMeVirt: WATGC_V2 discard ns=0 part=1 epoch=1 phase=2 arm=37 host=128694 gc_pages=133456 gc_count=4096 reason=undersized
[550455.601031] NVMeVirt: WATGC_V2 discard ns=0 part=2 epoch=1 phase=2 arm=37 host=128967 gc_pages=133176 gc_count=4096 reason=undersized
[550456.441829] NVMeVirt: WATGC_V2 discard ns=0 part=3 epoch=1 phase=2 arm=37 host=128234 gc_pages=133912 gc_count=4096 reason=undersized
[550472.285072] NVMeVirt: WATGC_V2 discard ns=0 part=0 epoch=1 phase=2 arm=37 host=135877 gc_pages=126268 gc_count=4096 reason=undersized
[550472.286571] NVMeVirt: WATGC_V2 discard ns=0 part=1 epoch=1 phase=2 arm=37 host=135435 gc_pages=126711 gc_count=4096 reason=undersized
[550472.519151] NVMeVirt: WATGC_V2 discard ns=0 part=2 epoch=1 phase=2 arm=37 host=136159 gc_pages=126000 gc_count=4096 reason=undersized
[550473.230940] NVMeVirt: WATGC_V2 discard ns=0 part=3 epoch=1 phase=2 arm=37 host=135242 gc_pages=126900 gc_count=4096 reason=undersized
[550488.560551] NVMeVirt: WATGC_V2 discard ns=0 part=0 epoch=1 phase=2 arm=37 host=130033 gc_pages=132116 gc_count=4096 reason=undersized
[550488.729149] NVMeVirt: WATGC_V2 discard ns=0 part=1 epoch=1 phase=2 arm=37 host=131403 gc_pages=130746 gc_count=4096 reason=undersized
[550488.850135] NVMeVirt: WATGC_V2 discard ns=0 part=2 epoch=1 phase=2 arm=37 host=130517 gc_pages=131631 gc_count=4096 reason=undersized
[550489.385689] NVMeVirt: WATGC_V2 discard ns=0 part=3 epoch=1 phase=2 arm=37 host=128997 gc_pages=133148 gc_count=4096 reason=undersized
[550505.035300] mix-mixA-onlinev2-3808908 phase=A END
[550505.043286] mix-mixA-onlinev2-3808908 phase=B START
[550505.054466] mix-mixA-onlinev2-3808908 phase=B LOAD
[550507.121001] NVMeVirt: WATGC_V2 discard ns=0 part=0 epoch=1 phase=2 arm=37 host=137570 gc_pages=124559 gc_count=4096 reason=undersized
[550507.400503] NVMeVirt: WATGC_V2 discard ns=0 part=1 epoch=1 phase=2 arm=37 host=138116 gc_pages=124035 gc_count=4096 reason=undersized
[550507.514485] NVMeVirt: WATGC_V2 discard ns=0 part=2 epoch=1 phase=2 arm=37 host=137802 gc_pages=124353 gc_count=4096 reason=undersized
[550508.208548] NVMeVirt: WATGC_V2 discard ns=0 part=3 epoch=1 phase=2 arm=37 host=139214 gc_pages=122926 gc_count=4096 reason=undersized
[550522.407830] NVMeVirt: WATGC_V2 discard ns=0 part=1 epoch=1 phase=2 arm=37 host=153683 gc_pages=108487 gc_count=4096 reason=undersized
[550522.449245] NVMeVirt: WATGC_V2 discard ns=0 part=0 epoch=1 phase=2 arm=37 host=157489 gc_pages=104663 gc_count=4096 reason=undersized
[550522.705078] NVMeVirt: WATGC_V2 discard ns=0 part=2 epoch=1 phase=2 arm=37 host=156023 gc_pages=106131 gc_count=4096 reason=undersized
[550523.163442] NVMeVirt: WATGC_V2 discard ns=0 part=3 epoch=1 phase=2 arm=37 host=151873 gc_pages=110278 gc_count=4096 reason=undersized
[550532.752533] mix-mixA-onlinev2-3808908 phase=B RUN
[550535.376147] NVMeVirt: WATGC_V2 discard ns=0 part=1 epoch=1 phase=2 arm=37 host=136874 gc_pages=125294 gc_count=4096 reason=undersized
[550535.446534] NVMeVirt: WATGC_V2 discard ns=0 part=0 epoch=1 phase=2 arm=37 host=137050 gc_pages=125119 gc_count=4096 reason=undersized
[550535.945370] NVMeVirt: WATGC_V2 discard ns=0 part=2 epoch=1 phase=2 arm=37 host=137414 gc_pages=124732 gc_count=4096 reason=undersized
[550537.101710] tee (3810308): drop_caches: 3
[550537.245818] NVMeVirt: WATGC_V2 discard ns=0 part=3 epoch=1 phase=2 arm=37 host=135558 gc_pages=126603 gc_count=4096 reason=undersized
[550542.471044] tee (3810312): drop_caches: 3
[550546.955914] tee (3810319): drop_caches: 3
[550552.095298] tee (3810323): drop_caches: 3
[550557.194250] tee (3810330): drop_caches: 3
[550562.577330] tee (3810336): drop_caches: 3
[550567.786350] tee (3810341): drop_caches: 3
[550572.922725] tee (3810346): drop_caches: 3
[550577.374012] tee (3810354): drop_caches: 3
[550580.146214] NVMeVirt: WATGC_V2 discard ns=0 part=0 epoch=1 phase=2 arm=37 host=132910 gc_pages=129207 gc_count=4096 reason=undersized
[550580.174879] NVMeVirt: WATGC_V2 discard ns=0 part=1 epoch=1 phase=2 arm=37 host=133382 gc_pages=128745 gc_count=4096 reason=undersized
[550581.489509] NVMeVirt: WATGC_V2 discard ns=0 part=2 epoch=1 phase=2 arm=37 host=134403 gc_pages=127753 gc_count=4096 reason=undersized
[550582.540497] tee (3810358): drop_caches: 3
[550584.687054] NVMeVirt: WATGC_V2 discard ns=0 part=3 epoch=1 phase=2 arm=37 host=136754 gc_pages=125371 gc_count=4096 reason=undersized
[550587.734646] tee (3810362): drop_caches: 3
[550592.847158] tee (3810367): drop_caches: 3
[550597.942467] tee (3810371): drop_caches: 3
[550603.260929] tee (3810375): drop_caches: 3
[550607.710524] tee (3810382): drop_caches: 3
[550613.093108] tee (3810386): drop_caches: 3
[550618.257703] tee (3810390): drop_caches: 3
[550623.424679] tee (3810396): drop_caches: 3
[550628.650230] tee (3810400): drop_caches: 3
[550632.465986] NVMeVirt: WATGC_V2 discard ns=0 part=0 epoch=1 phase=2 arm=37 host=159146 gc_pages=103004 gc_count=4096 reason=undersized
[550632.590257] NVMeVirt: WATGC_V2 discard ns=0 part=1 epoch=1 phase=2 arm=37 host=159604 gc_pages=102551 gc_count=4096 reason=undersized
[550633.825853] NVMeVirt: WATGC_V2 discard ns=0 part=2 epoch=1 phase=2 arm=37 host=160470 gc_pages=101670 gc_count=4096 reason=undersized
[550633.843643] tee (3810404): drop_caches: 3
[550636.594382] NVMeVirt: WATGC_V2 discard ns=0 part=3 epoch=1 phase=2 arm=37 host=158726 gc_pages=103415 gc_count=4096 reason=undersized
[550638.499092] tee (3810411): drop_caches: 3
[550643.692529] tee (3810415): drop_caches: 3
[550648.748537] tee (3810419): drop_caches: 3
[550653.795783] tee (3810424): drop_caches: 3
[550659.282535] tee (3810428): drop_caches: 3
[550664.279962] tee (3810432): drop_caches: 3
[550668.669151] tee (3810437): drop_caches: 3
[550674.111921] tee (3810444): drop_caches: 3
[550679.317240] tee (3810448): drop_caches: 3
[550684.047113] NVMeVirt: WATGC_V2 discard ns=0 part=1 epoch=1 phase=2 arm=37 host=156041 gc_pages=106126 gc_count=4096 reason=undersized
[550684.272817] NVMeVirt: WATGC_V2 discard ns=0 part=0 epoch=1 phase=2 arm=37 host=156830 gc_pages=105288 gc_count=4096 reason=undersized
[550684.430236] tee (3810454): drop_caches: 3
[550686.224686] NVMeVirt: WATGC_V2 discard ns=0 part=2 epoch=1 phase=2 arm=37 host=158139 gc_pages=104005 gc_count=4096 reason=undersized
[550688.304714] NVMeVirt: WATGC_V2 discard ns=0 part=3 epoch=1 phase=2 arm=37 host=156921 gc_pages=105207 gc_count=4096 reason=undersized
[550690.051171] tee (3810458): drop_caches: 3
[550695.166833] tee (3810462): drop_caches: 3
[550700.032679] tee (3810468): drop_caches: 3
[550705.648331] tee (3810478): drop_caches: 3
[550710.852319] tee (3810482): drop_caches: 3
[550716.013141] tee (3810486): drop_caches: 3
[550721.165672] tee (3810490): drop_caches: 3
[550726.296653] tee (3810494): drop_caches: 3
[550731.666638] tee (3810500): drop_caches: 3
[550736.902053] NVMeVirt: WATGC_V2 discard ns=0 part=1 epoch=1 phase=2 arm=37 host=161424 gc_pages=100726 gc_count=4096 reason=undersized
[550737.081169] tee (3810506): drop_caches: 3
[550737.516178] NVMeVirt: WATGC_V2 discard ns=0 part=0 epoch=1 phase=2 arm=37 host=161774 gc_pages=100375 gc_count=4096 reason=undersized
[550738.248709] NVMeVirt: WATGC_V2 discard ns=0 part=2 epoch=1 phase=2 arm=37 host=159364 gc_pages=102778 gc_count=4096 reason=undersized
[550740.824055] NVMeVirt: WATGC_V2 discard ns=0 part=3 epoch=1 phase=2 arm=37 host=160692 gc_pages=101454 gc_count=4096 reason=undersized
[550742.181039] tee (3810510): drop_caches: 3
[550747.265389] tee (3810517): drop_caches: 3
[550752.511567] tee (3810521): drop_caches: 3
[550757.643504] tee (3810526): drop_caches: 3
[550763.394866] tee (3810531): drop_caches: 3
[550768.900685] tee (3810537): drop_caches: 3
[550773.750007] tee (3810545): drop_caches: 3
[550778.502680] tee (3810549): drop_caches: 3
[550783.922380] tee (3810555): drop_caches: 3
[550789.237708] tee (3810559): drop_caches: 3
[550790.577122] NVMeVirt: WATGC_V2 discard ns=0 part=1 epoch=1 phase=2 arm=37 host=164179 gc_pages=97966 gc_count=4096 reason=undersized
[550791.303353] NVMeVirt: WATGC_V2 discard ns=0 part=0 epoch=1 phase=2 arm=37 host=164674 gc_pages=97462 gc_count=4096 reason=undersized
[550791.330121] NVMeVirt: WATGC_V2 discard ns=0 part=2 epoch=1 phase=2 arm=37 host=163489 gc_pages=98664 gc_count=4096 reason=undersized
[550794.177615] NVMeVirt: WATGC_V2 discard ns=0 part=3 epoch=1 phase=2 arm=37 host=164990 gc_pages=97147 gc_count=4096 reason=undersized
[550794.583248] tee (3810565): drop_caches: 3
[550800.030453] tee (3810571): drop_caches: 3
[550805.182709] tee (3810577): drop_caches: 3
[550810.306923] tee (3810581): drop_caches: 3
[550815.405812] tee (3810585): drop_caches: 3
[550820.564668] tee (3810589): drop_caches: 3
[550826.384185] tee (3810594): drop_caches: 3
[550832.078208] tee (3810600): drop_caches: 3
[550837.198997] tee (3810604): drop_caches: 3
[550842.199276] tee (3810608): drop_caches: 3
[550844.309998] NVMeVirt: WATGC_V2 discard ns=0 part=1 epoch=1 phase=2 arm=37 host=165779 gc_pages=96384 gc_count=4096 reason=undersized
[550844.721773] NVMeVirt: WATGC_V2 discard ns=0 part=2 epoch=1 phase=2 arm=37 host=165188 gc_pages=96960 gc_count=4096 reason=undersized
[550845.041678] NVMeVirt: WATGC_V2 discard ns=0 part=0 epoch=1 phase=2 arm=37 host=165529 gc_pages=96627 gc_count=4096 reason=undersized
[550847.180066] tee (3810612): drop_caches: 3
[550848.452825] NVMeVirt: WATGC_V2 discard ns=0 part=3 epoch=1 phase=2 arm=37 host=167122 gc_pages=95025 gc_count=4096 reason=undersized
[550852.332069] tee (3810617): drop_caches: 3
[550857.792086] tee (3810623): drop_caches: 3
[550863.408166] tee (3810630): drop_caches: 3
[550868.493161] tee (3810635): drop_caches: 3
[550873.767906] tee (3810640): drop_caches: 3
[550879.013946] tee (3810644): drop_caches: 3
[550884.323795] tee (3810648): drop_caches: 3
[550889.912251] tee (3810654): drop_caches: 3
[550895.446929] tee (3810659): drop_caches: 3
[550897.583394] NVMeVirt: WATGC_V2 discard ns=0 part=0 epoch=1 phase=2 arm=37 host=160393 gc_pages=101757 gc_count=4096 reason=undersized
[550898.189406] NVMeVirt: WATGC_V2 discard ns=0 part=2 epoch=1 phase=2 arm=37 host=165454 gc_pages=96682 gc_count=4096 reason=undersized
[550898.336079] NVMeVirt: WATGC_V2 discard ns=0 part=1 epoch=1 phase=2 arm=37 host=167057 gc_pages=95080 gc_count=4096 reason=undersized
[550900.540222] tee (3810663): drop_caches: 3
[550902.140792] NVMeVirt: WATGC_V2 discard ns=0 part=3 epoch=1 phase=2 arm=37 host=165667 gc_pages=96478 gc_count=4096 reason=undersized
[550905.570249] tee (3810667): drop_caches: 3
[550910.579343] tee (3810671): drop_caches: 3
[550915.614421] tee (3810675): drop_caches: 3
[550920.909190] tee (3810681): drop_caches: 3
[550926.499745] tee (3810688): drop_caches: 3
[550931.805838] tee (3810693): drop_caches: 3
[550937.044871] tee (3810697): drop_caches: 3
[550942.171269] tee (3810701): drop_caches: 3
[550947.261793] tee (3810705): drop_caches: 3
[550951.529841] NVMeVirt: WATGC_V2 discard ns=0 part=0 epoch=1 phase=2 arm=37 host=166593 gc_pages=95544 gc_count=4096 reason=undersized
[550951.699113] NVMeVirt: WATGC_V2 discard ns=0 part=2 epoch=1 phase=2 arm=37 host=166241 gc_pages=95894 gc_count=4096 reason=undersized
[550952.279145] NVMeVirt: WATGC_V2 discard ns=0 part=1 epoch=1 phase=2 arm=37 host=166642 gc_pages=95508 gc_count=4096 reason=undersized
[550952.483392] tee (3810710): drop_caches: 3
[550955.780842] NVMeVirt: WATGC_V2 discard ns=0 part=3 epoch=1 phase=2 arm=37 host=165908 gc_pages=96234 gc_count=4096 reason=undersized
[550957.927755] tee (3810716): drop_caches: 3
[550963.190396] tee (3810721): drop_caches: 3
[550968.271391] tee (3810725): drop_caches: 3
[550973.286969] tee (3810729): drop_caches: 3
[550978.311109] tee (3810733): drop_caches: 3
[550983.285155] tee (3810737): drop_caches: 3
[550987.959424] tee (3810746): drop_caches: 3
[550993.144780] tee (3810750): drop_caches: 3
[550998.153095] tee (3810754): drop_caches: 3
[551003.127088] tee (3810764): drop_caches: 3
[551006.073927] NVMeVirt: WATGC_V2 discard ns=0 part=2 epoch=1 phase=2 arm=37 host=165078 gc_pages=97074 gc_count=4096 reason=undersized
[551006.408821] NVMeVirt: WATGC_V2 discard ns=0 part=0 epoch=1 phase=2 arm=37 host=166544 gc_pages=95623 gc_count=4096 reason=undersized
[551007.110736] NVMeVirt: WATGC_V2 discard ns=0 part=1 epoch=1 phase=2 arm=37 host=166225 gc_pages=95908 gc_count=4096 reason=undersized
[551008.303971] tee (3810769): drop_caches: 3
[551010.495230] NVMeVirt: WATGC_V2 discard ns=0 part=3 epoch=1 phase=2 arm=37 host=166292 gc_pages=95855 gc_count=4096 reason=undersized
[551013.284539] tee (3810773): drop_caches: 3
[551017.801830] tee (3810780): drop_caches: 3
[551022.792388] tee (3810784): drop_caches: 3
[551027.685793] tee (3810788): drop_caches: 3
[551032.611444] tee (3810792): drop_caches: 3
[551037.502822] tee (3810796): drop_caches: 3
[551042.423848] tee (3810800): drop_caches: 3
[551046.776020] tee (3810810): drop_caches: 3
[551051.998256] tee (3810814): drop_caches: 3
[551057.058876] tee (3810821): drop_caches: 3
[551060.662783] NVMeVirt: WATGC_V2 discard ns=0 part=2 epoch=1 phase=2 arm=37 host=166041 gc_pages=96111 gc_count=4096 reason=undersized
[551061.523537] NVMeVirt: WATGC_V2 discard ns=0 part=0 epoch=1 phase=2 arm=37 host=167393 gc_pages=94765 gc_count=4096 reason=undersized
[551061.996513] tee (3810825): drop_caches: 3
[551062.424426] NVMeVirt: WATGC_V2 discard ns=0 part=1 epoch=1 phase=2 arm=37 host=167239 gc_pages=94900 gc_count=4096 reason=undersized
[551065.043665] NVMeVirt: WATGC_V2 discard ns=0 part=3 epoch=1 phase=2 arm=37 host=165705 gc_pages=96445 gc_count=4096 reason=undersized
[551067.014840] tee (3810829): drop_caches: 3
[551071.930754] tee (3810833): drop_caches: 3
[551076.536393] tee (3810864): drop_caches: 3
[551082.034769] tee (3810918): drop_caches: 3
[551087.187359] tee (3810924): drop_caches: 3
[551092.174893] tee (3810928): drop_caches: 3
[551097.210758] tee (3810932): drop_caches: 3
[551102.221603] tee (3810936): drop_caches: 3
[551107.300696] tee (3810942): drop_caches: 3
[551111.686122] tee (3810949): drop_caches: 3
[551115.172348] NVMeVirt: WATGC_V2 discard ns=0 part=2 epoch=1 phase=2 arm=37 host=167546 gc_pages=94608 gc_count=4096 reason=undersized
[551116.330511] NVMeVirt: WATGC_V2 discard ns=0 part=0 epoch=1 phase=2 arm=37 host=167979 gc_pages=94155 gc_count=4096 reason=undersized
[551116.789789] tee (3810953): drop_caches: 3
[551117.022375] NVMeVirt: WATGC_V2 discard ns=0 part=1 epoch=1 phase=2 arm=37 host=168041 gc_pages=94114 gc_count=4096 reason=undersized
[551119.335321] NVMeVirt: WATGC_V2 discard ns=0 part=3 epoch=1 phase=2 arm=37 host=166568 gc_pages=95575 gc_count=4096 reason=undersized
[551121.726687] tee (3810957): drop_caches: 3
[551126.675893] tee (3810961): drop_caches: 3
[551131.656583] tee (3810965): drop_caches: 3
[551136.612352] tee (3810969): drop_caches: 3
[551140.997573] tee (3810976): drop_caches: 3
[551146.049666] tee (3810980): drop_caches: 3
[551151.023367] tee (3810984): drop_caches: 3
[551155.952556] tee (3810989): drop_caches: 3
[551160.934308] tee (3810993): drop_caches: 3
[551165.874783] tee (3811000): drop_caches: 3
[551169.790196] NVMeVirt: WATGC_V2 discard ns=0 part=2 epoch=1 phase=2 arm=37 host=167447 gc_pages=94698 gc_count=4096 reason=undersized
[551170.959817] tee (3811004): drop_caches: 3
[551171.708846] NVMeVirt: WATGC_V2 discard ns=0 part=0 epoch=1 phase=2 arm=37 host=167883 gc_pages=94269 gc_count=4096 reason=undersized
[551172.160264] NVMeVirt: WATGC_V2 discard ns=0 part=1 epoch=1 phase=2 arm=37 host=167009 gc_pages=95136 gc_count=4096 reason=undersized
[551174.212897] NVMeVirt: WATGC_V2 discard ns=0 part=3 epoch=1 phase=2 arm=37 host=167518 gc_pages=94622 gc_count=4096 reason=undersized
[551175.556803] tee (3811011): drop_caches: 3
[551180.727893] tee (3811023): drop_caches: 3
[551185.861738] tee (3811037): drop_caches: 3
[551190.920636] tee (3811041): drop_caches: 3
[551195.946705] tee (3811045): drop_caches: 3
[551201.141336] tee (3811050): drop_caches: 3
[551205.504766] tee (3811057): drop_caches: 3
[551210.502146] tee (3811061): drop_caches: 3
[551215.525861] tee (3811065): drop_caches: 3
[551222.548489] tee (3811077): drop_caches: 3
[551224.321355] NVMeVirt: WATGC_V2 discard ns=0 part=2 epoch=1 phase=2 arm=37 host=167710 gc_pages=94428 gc_count=4096 reason=undersized
[551226.551711] NVMeVirt: WATGC_V2 discard ns=0 part=0 epoch=1 phase=2 arm=37 host=168905 gc_pages=93243 gc_count=4096 reason=undersized
[551226.788459] NVMeVirt: WATGC_V2 discard ns=0 part=1 epoch=1 phase=2 arm=37 host=168580 gc_pages=93547 gc_count=4096 reason=undersized
[551228.253420] tee (3811089): drop_caches: 3
[551228.560378] NVMeVirt: WATGC_V2 discard ns=0 part=3 epoch=1 phase=2 arm=37 host=168334 gc_pages=93826 gc_count=4096 reason=undersized
[551233.350895] tee (3811095): drop_caches: 3
[551238.593924] tee (3811100): drop_caches: 3
[551243.673472] tee (3811105): drop_caches: 3
[551248.658031] tee (3811109): drop_caches: 3
[551253.679437] tee (3811114): drop_caches: 3
[551258.628140] tee (3811118): drop_caches: 3
[551263.666707] tee (3811122): drop_caches: 3
[551268.174369] tee (3811129): drop_caches: 3
[551273.336640] tee (3811134): drop_caches: 3
[551278.216701] NVMeVirt: WATGC_V2 discard ns=0 part=2 epoch=1 phase=2 arm=37 host=167172 gc_pages=94981 gc_count=4096 reason=undersized
[551278.517254] tee (3811139): drop_caches: 3
[551281.476902] NVMeVirt: WATGC_V2 discard ns=0 part=0 epoch=1 phase=2 arm=37 host=168723 gc_pages=93417 gc_count=4096 reason=undersized
[551281.653114] NVMeVirt: WATGC_V2 discard ns=0 part=1 epoch=1 phase=2 arm=37 host=168421 gc_pages=93707 gc_count=4096 reason=undersized
[551282.924896] NVMeVirt: WATGC_V2 discard ns=0 part=3 epoch=1 phase=2 arm=37 host=167742 gc_pages=94379 gc_count=4096 reason=undersized
[551283.517114] tee (3811144): drop_caches: 3
[551288.449359] tee (3811151): drop_caches: 3
[551293.433559] tee (3811155): drop_caches: 3
[551297.802381] tee (3811162): drop_caches: 3
[551302.795639] tee (3811166): drop_caches: 3
[551307.804903] tee (3811176): drop_caches: 3
[551312.771276] tee (3811180): drop_caches: 3
[551317.622224] tee (3811190): drop_caches: 3
[551322.969365] tee (3811207): drop_caches: 3
[551328.390132] tee (3811230): drop_caches: 3
[551332.836123] NVMeVirt: WATGC_V2 discard ns=0 part=2 epoch=1 phase=2 arm=37 host=167375 gc_pages=94779 gc_count=4096 reason=undersized
[551334.872770] tee (3811247): drop_caches: 3
[551336.456003] NVMeVirt: WATGC_V2 discard ns=0 part=0 epoch=1 phase=2 arm=37 host=168937 gc_pages=93217 gc_count=4096 reason=undersized
[551336.920909] NVMeVirt: WATGC_V2 discard ns=0 part=1 epoch=1 phase=2 arm=37 host=169817 gc_pages=92323 gc_count=4096 reason=undersized
[551337.996501] NVMeVirt: WATGC_V2 discard ns=0 part=3 epoch=1 phase=2 arm=37 host=169427 gc_pages=92728 gc_count=4096 reason=undersized
[551339.899669] tee (3811261): drop_caches: 3
[551345.230299] tee (3811268): drop_caches: 3
[551350.421416] tee (3811272): drop_caches: 3
[551355.373977] tee (3811278): drop_caches: 3
[551359.709765] tee (3811285): drop_caches: 3
[551364.806424] tee (3811289): drop_caches: 3
[551369.808765] tee (3811294): drop_caches: 3
[551374.602831] tee (3811301): drop_caches: 3
[551379.926144] tee (3811305): drop_caches: 3
[551385.105403] tee (3811309): drop_caches: 3
[551387.055575] NVMeVirt: WATGC_V2 discard ns=0 part=2 epoch=1 phase=2 arm=37 host=167740 gc_pages=94397 gc_count=4096 reason=undersized
[551389.519900] tee (3811318): drop_caches: 3
[551391.514447] NVMeVirt: WATGC_V2 discard ns=0 part=0 epoch=1 phase=2 arm=37 host=169300 gc_pages=92840 gc_count=4096 reason=undersized
[551391.823524] NVMeVirt: WATGC_V2 discard ns=0 part=1 epoch=1 phase=2 arm=37 host=168593 gc_pages=93552 gc_count=4096 reason=undersized
[551392.924125] NVMeVirt: WATGC_V2 discard ns=0 part=3 epoch=1 phase=2 arm=37 host=169282 gc_pages=92863 gc_count=4096 reason=undersized
[551394.540878] tee (3811322): drop_caches: 3
[551399.523710] tee (3811326): drop_caches: 3
[551404.487445] tee (3811332): drop_caches: 3
[551409.504378] tee (3811336): drop_caches: 3
[551414.465949] tee (3811340): drop_caches: 3
[551419.637661] tee (3811345): drop_caches: 3
[551424.862291] tee (3811351): drop_caches: 3
[551429.880797] tee (3811355): drop_caches: 3
[551434.784251] tee (3811359): drop_caches: 3
[551439.796109] tee (3811363): drop_caches: 3
[551441.714775] NVMeVirt: WATGC_V2 discard ns=0 part=2 epoch=1 phase=2 arm=37 host=168412 gc_pages=93731 gc_count=4096 reason=undersized
[551444.887445] tee (3811367): drop_caches: 3
[551446.474102] NVMeVirt: WATGC_V2 discard ns=0 part=0 epoch=1 phase=2 arm=37 host=168665 gc_pages=93471 gc_count=4096 reason=undersized
[551446.599910] NVMeVirt: WATGC_V2 discard ns=0 part=1 epoch=1 phase=2 arm=37 host=168134 gc_pages=94014 gc_count=4096 reason=undersized
[551448.307952] NVMeVirt: WATGC_V2 discard ns=0 part=3 epoch=1 phase=2 arm=37 host=170815 gc_pages=91315 gc_count=4096 reason=undersized
[551449.976705] tee (3811372): drop_caches: 3
[551454.614554] tee (3811379): drop_caches: 3
[551459.730940] tee (3811383): drop_caches: 3
[551464.742951] tee (3811389): drop_caches: 3
[551469.654440] tee (3811393): drop_caches: 3
[551474.572015] tee (3811397): drop_caches: 3
[551479.685555] tee (3811401): drop_caches: 3
[551484.091673] tee (3811408): drop_caches: 3
[551489.255962] tee (3811412): drop_caches: 3
[551494.191364] tee (3811416): drop_caches: 3
[551496.393667] NVMeVirt: WATGC_V2 discard ns=0 part=2 epoch=1 phase=2 arm=37 host=168835 gc_pages=93303 gc_count=4096 reason=undersized
[551499.169297] tee (3811420): drop_caches: 3
[551501.623603] NVMeVirt: WATGC_V2 discard ns=0 part=0 epoch=1 phase=2 arm=37 host=169418 gc_pages=92725 gc_count=4096 reason=undersized
[551501.631108] NVMeVirt: WATGC_V2 discard ns=0 part=1 epoch=1 phase=2 arm=37 host=169401 gc_pages=92742 gc_count=4096 reason=undersized
[551502.738178] NVMeVirt: WATGC_V2 discard ns=0 part=3 epoch=1 phase=2 arm=37 host=168069 gc_pages=94078 gc_count=4096 reason=undersized
[551504.129377] tee (3811424): drop_caches: 3
[551509.120333] tee (3811428): drop_caches: 3
[551513.474099] tee (3811435): drop_caches: 3
[551518.523505] tee (3811439): drop_caches: 3
[551523.477729] tee (3811443): drop_caches: 3
[551528.486821] tee (3811449): drop_caches: 3
[551533.429520] tee (3811454): drop_caches: 3
[551538.369970] tee (3811458): drop_caches: 3
[551543.403291] tee (3811465): drop_caches: 3
[551548.485331] tee (3811470): drop_caches: 3
[551551.764821] NVMeVirt: WATGC_V2 discard ns=0 part=2 epoch=1 phase=2 arm=37 host=169487 gc_pages=92656 gc_count=4096 reason=undersized
[551553.440815] tee (3811475): drop_caches: 3
[551557.220926] NVMeVirt: WATGC_V2 discard ns=0 part=1 epoch=1 phase=2 arm=37 host=169492 gc_pages=92652 gc_count=4096 reason=undersized
[551557.530229] NVMeVirt: WATGC_V2 discard ns=0 part=0 epoch=1 phase=2 arm=37 host=170297 gc_pages=91827 gc_count=4096 reason=undersized
[551558.184230] NVMeVirt: WATGC_V2 discard ns=0 part=3 epoch=1 phase=2 arm=37 host=169510 gc_pages=92628 gc_count=4096 reason=undersized
[551558.395120] tee (3811479): drop_caches: 3
[551563.336403] tee (3811483): drop_caches: 3
[551568.313607] tee (3811487): drop_caches: 3
[551573.265003] tee (3811491): drop_caches: 3
[551577.693812] tee (3811499): drop_caches: 3
[551582.675680] tee (3811503): drop_caches: 3
[551587.654068] tee (3811510): drop_caches: 3
[551592.610106] tee (3811514): drop_caches: 3
[551597.597817] tee (3811518): drop_caches: 3
[551603.096937] tee (3811528): drop_caches: 3
[551605.948789] NVMeVirt: WATGC_V2 discard ns=0 part=2 epoch=1 phase=2 arm=37 host=169398 gc_pages=92753 gc_count=4096 reason=undersized
[551607.607676] tee (3811535): drop_caches: 3
[551611.819657] NVMeVirt: WATGC_V2 discard ns=0 part=1 epoch=1 phase=2 arm=37 host=170687 gc_pages=91445 gc_count=4096 reason=undersized
[551612.247800] NVMeVirt: WATGC_V2 discard ns=0 part=0 epoch=1 phase=2 arm=37 host=170792 gc_pages=91359 gc_count=4096 reason=undersized
[551612.506073] NVMeVirt: WATGC_V2 discard ns=0 part=3 epoch=1 phase=2 arm=37 host=170226 gc_pages=91922 gc_count=4096 reason=undersized
[551612.641421] tee (3811539): drop_caches: 3
[551617.562029] tee (3811544): drop_caches: 3
[551622.602821] tee (3811548): drop_caches: 3
[551627.594433] tee (3811552): drop_caches: 3
[551632.590815] tee (3811556): drop_caches: 3
[551636.917077] tee (3811563): drop_caches: 3
[551641.936093] tee (3811567): drop_caches: 3
[551646.944289] tee (3811573): drop_caches: 3
[551651.958185] tee (3811577): drop_caches: 3
[551656.960746] tee (3811581): drop_caches: 3
[551660.474821] NVMeVirt: WATGC_V2 discard ns=0 part=2 epoch=1 phase=2 arm=37 host=170137 gc_pages=92002 gc_count=4096 reason=undersized
[551661.896448] tee (3811585): drop_caches: 3
[551666.658865] NVMeVirt: WATGC_V2 discard ns=0 part=1 epoch=1 phase=2 arm=37 host=171610 gc_pages=90528 gc_count=4096 reason=undersized
[551666.960558] tee (3811591): drop_caches: 3
[551667.240528] NVMeVirt: WATGC_V2 discard ns=0 part=0 epoch=1 phase=2 arm=37 host=170901 gc_pages=91248 gc_count=4096 reason=undersized
[551667.294925] NVMeVirt: WATGC_V2 discard ns=0 part=3 epoch=1 phase=2 arm=37 host=171168 gc_pages=90970 gc_count=4096 reason=undersized
[551672.063456] tee (3811597): drop_caches: 3
[551676.980385] tee (3811628): drop_caches: 3
[551684.310297] tee (3811668): drop_caches: 3
[551692.345073] tee (3811709): drop_caches: 3
[551703.315812] tee (3811774): drop_caches: 3
[551711.633070] tee (3811832): drop_caches: 3
[551712.717764] NVMeVirt: WATGC_V2 discard ns=0 part=2 epoch=1 phase=2 arm=37 host=171033 gc_pages=91112 gc_count=4096 reason=undersized
[551718.828788] NVMeVirt: WATGC_V2 discard ns=0 part=1 epoch=1 phase=2 arm=37 host=171092 gc_pages=91046 gc_count=4096 reason=undersized
[551719.298460] NVMeVirt: WATGC_V2 discard ns=0 part=3 epoch=1 phase=2 arm=37 host=171558 gc_pages=90587 gc_count=4096 reason=undersized
[551719.531285] NVMeVirt: WATGC_V2 discard ns=0 part=0 epoch=1 phase=2 arm=37 host=172056 gc_pages=90094 gc_count=4096 reason=undersized
[551719.616528] tee (3811838): drop_caches: 3
[551724.893707] tee (3811842): drop_caches: 3
[551729.874315] tee (3811846): drop_caches: 3
[551734.946653] tee (3811850): drop_caches: 3
[551739.305750] tee (3811857): drop_caches: 3
[551745.040327] tee (3811862): drop_caches: 3
[551750.043088] tee (3811866): drop_caches: 3
[551755.029076] tee (3811871): drop_caches: 3
[551760.003563] tee (3811875): drop_caches: 3
[551765.018265] tee (3811879): drop_caches: 3
[551766.452516] NVMeVirt: WATGC_V2 discard ns=0 part=2 epoch=1 phase=2 arm=37 host=170837 gc_pages=91308 gc_count=4096 reason=undersized
[551769.405350] tee (3811888): drop_caches: 3
[551773.311303] NVMeVirt: WATGC_V2 discard ns=0 part=1 epoch=1 phase=2 arm=37 host=170896 gc_pages=91248 gc_count=4096 reason=undersized
[551773.749942] NVMeVirt: WATGC_V2 discard ns=0 part=3 epoch=1 phase=2 arm=37 host=171048 gc_pages=91096 gc_count=4096 reason=undersized
[551774.235266] NVMeVirt: WATGC_V2 discard ns=0 part=0 epoch=1 phase=2 arm=37 host=171363 gc_pages=90777 gc_count=4096 reason=undersized
[551774.558162] tee (3811892): drop_caches: 3
[551779.547374] tee (3811896): drop_caches: 3
[551784.523128] tee (3811900): drop_caches: 3
[551789.479901] tee (3811904): drop_caches: 3
[551794.436552] tee (3811908): drop_caches: 3
[551798.756794] tee (3811915): drop_caches: 3
[551804.004654] tee (3811919): drop_caches: 3
[551808.928695] tee (3811923): drop_caches: 3
[551813.864536] tee (3811927): drop_caches: 3
[551818.818620] tee (3811931): drop_caches: 3
[551820.824816] NVMeVirt: WATGC_V2 discard ns=0 part=2 epoch=1 phase=2 arm=37 host=169366 gc_pages=92780 gc_count=4096 reason=undersized
[551823.962185] tee (3811935): drop_caches: 3
[551828.216924] NVMeVirt: WATGC_V2 discard ns=0 part=1 epoch=1 phase=2 arm=37 host=170508 gc_pages=91638 gc_count=4096 reason=undersized
[551828.340965] NVMeVirt: WATGC_V2 discard ns=0 part=3 epoch=1 phase=2 arm=37 host=170191 gc_pages=91954 gc_count=4096 reason=undersized
[551828.992856] tee (3811943): drop_caches: 3
[551829.863193] NVMeVirt: WATGC_V2 discard ns=0 part=0 epoch=1 phase=2 arm=37 host=172158 gc_pages=89992 gc_count=4096 reason=undersized
[551834.166067] tee (3811948): drop_caches: 3
[551839.183521] tee (3811952): drop_caches: 3
[551844.261325] tee (3811956): drop_caches: 3
[551849.266575] tee (3811960): drop_caches: 3
[551854.249760] tee (3811964): drop_caches: 3
[551859.313883] tee (3811968): drop_caches: 3
[551863.794857] tee (3811975): drop_caches: 3
[551868.965139] tee (3811979): drop_caches: 3
[551873.974539] tee (3811984): drop_caches: 3
[551875.606899] NVMeVirt: WATGC_V2 discard ns=0 part=2 epoch=1 phase=2 arm=37 host=170655 gc_pages=91501 gc_count=4096 reason=undersized
[551879.541848] tee (3811989): drop_caches: 3
[551883.271922] NVMeVirt: WATGC_V2 discard ns=0 part=3 epoch=1 phase=2 arm=37 host=170471 gc_pages=91681 gc_count=4096 reason=undersized
[551883.293201] NVMeVirt: WATGC_V2 discard ns=0 part=1 epoch=1 phase=2 arm=37 host=171058 gc_pages=91091 gc_count=4096 reason=undersized
[551884.554522] tee (3811993): drop_caches: 3
[551885.308718] NVMeVirt: WATGC_V2 discard ns=0 part=0 epoch=1 phase=2 arm=37 host=172286 gc_pages=89865 gc_count=4096 reason=undersized
[551889.572942] tee (3811999): drop_caches: 3
[551893.893796] tee (3812006): drop_caches: 3
[551899.171867] tee (3812013): drop_caches: 3
[551901.530547] mix-mixA-onlinev2-3808908 phase=B END
[551901.846440] NVMeVirt: Measurement: command=stop epoch=1 host_bytes=383134408704 learner_active=0
[551903.160675] EXT4-fs (nvme0n1): unmounting filesystem c38a7c5e-3705-4744-af66-a03cfc87ddfe.
[551903.529797] pci_bus 0001:10: busn_res: [bus 10-ff] is released
[551903.529840] NVMeVirt: WATGC_V2 summary ns=0 part=0 epoch=1 windows=0 epoch_windows=0 discarded=136 visited=0 covered=0 settled=0 phase=2 current=37 best=37 k=7 scale_pct=100 age_ratio=7 best_waf_valid=0 best_waf_q16=0
[551903.529845] NVMeVirt: WATGC_V2 summary ns=0 part=1 epoch=1 windows=0 epoch_windows=0 discarded=136 visited=0 covered=0 settled=0 phase=2 current=37 best=37 k=7 scale_pct=100 age_ratio=7 best_waf_valid=0 best_waf_q16=0
[551903.529848] NVMeVirt: WATGC_V2 summary ns=0 part=2 epoch=1 windows=0 epoch_windows=0 discarded=136 visited=0 covered=0 settled=0 phase=2 current=37 best=37 k=7 scale_pct=100 age_ratio=7 best_waf_valid=0 best_waf_q16=0
[551903.529851] NVMeVirt: WATGC_V2 summary ns=0 part=3 epoch=1 windows=0 epoch_windows=0 discarded=136 visited=0 covered=0 settled=0 phase=2 current=37 best=37 k=7 scale_pct=100 age_ratio=7 best_waf_valid=0 best_waf_q16=0
[551903.529853] NVMeVirt: GC stats: ns=0 policy=watgc-v2 host_pages=93538674 gc_pages=83236248 gc_count=2762108 WAF=1.889 warmup_gc=100-per-part
[551903.599738] NVMeVirt: Virtual NVMe device closed
