[1581910.749091] mix-t4-arm31-1830285 BEGIN
[1581910.969444] NVMeVirt: Version 1.10 for >> Samsung 970 Pro SSD <<
[1581910.969450] NVMeVirt: Storage: 0x100100000-0x300000000 (8191 MiB)
[1581910.979976] NVMeVirt: Total Capacity(GiB,MiB)=2,2048 chs=2 luns=4 lines=8192 blk-size(MiB,KiB)=0,64 line-size(MiB,KiB)=0,256
[1581910.992226] NVMeVirt: [chmodel_init] bandwidth 800 max_credits 26 tx_time 152
[1581911.003337] NVMeVirt: [chmodel_init] bandwidth 800 max_credits 26 tx_time 152
[1581911.003350] NVMeVirt: [chmodel_init] bandwidth 3360 max_credits 110 tx_time 36
[1581911.003353] NVMeVirt: Fixed CAT init ns=0 part=0 arm=31 k=7 scale_pct=25 age_ratio=7
[1581911.004533] NVMeVirt: pqueue: Copyright (c) 2014, Volkan Yazıcı <volkan.yazici@gmail.com>. All rights reserved.
[1581911.004575] NVMeVirt: Init FTL instance with 2 channels (524288 pages)
[1581911.004577] NVMeVirt: GC victim policy: cat-fig7-fixed ns=0 part=0 initial_k=7 initial_scale_pct=25 initial_age_ratio=7 warmup_gc=100
[1581911.015098] NVMeVirt: [chmodel_init] bandwidth 800 max_credits 26 tx_time 152
[1581911.026101] NVMeVirt: [chmodel_init] bandwidth 800 max_credits 26 tx_time 152
[1581911.026115] NVMeVirt: [chmodel_init] bandwidth 3360 max_credits 110 tx_time 36
[1581911.026117] NVMeVirt: Fixed CAT init ns=0 part=1 arm=31 k=7 scale_pct=25 age_ratio=7
[1581911.027474] NVMeVirt: Init FTL instance with 2 channels (524288 pages)
[1581911.027477] NVMeVirt: GC victim policy: cat-fig7-fixed ns=0 part=1 initial_k=7 initial_scale_pct=25 initial_age_ratio=7 warmup_gc=100
[1581911.038933] NVMeVirt: [chmodel_init] bandwidth 800 max_credits 26 tx_time 152
[1581911.049700] NVMeVirt: [chmodel_init] bandwidth 800 max_credits 26 tx_time 152
[1581911.049713] NVMeVirt: [chmodel_init] bandwidth 3360 max_credits 110 tx_time 36
[1581911.049715] NVMeVirt: Fixed CAT init ns=0 part=2 arm=31 k=7 scale_pct=25 age_ratio=7
[1581911.050970] NVMeVirt: Init FTL instance with 2 channels (524288 pages)
[1581911.050973] NVMeVirt: GC victim policy: cat-fig7-fixed ns=0 part=2 initial_k=7 initial_scale_pct=25 initial_age_ratio=7 warmup_gc=100
[1581911.061598] NVMeVirt: [chmodel_init] bandwidth 800 max_credits 26 tx_time 152
[1581911.072933] NVMeVirt: [chmodel_init] bandwidth 800 max_credits 26 tx_time 152
[1581911.072946] NVMeVirt: [chmodel_init] bandwidth 3360 max_credits 110 tx_time 36
[1581911.072949] NVMeVirt: Fixed CAT init ns=0 part=3 arm=31 k=7 scale_pct=25 age_ratio=7
[1581911.074282] NVMeVirt: Init FTL instance with 2 channels (524288 pages)
[1581911.074302] NVMeVirt: GC victim policy: cat-fig7-fixed ns=0 part=3 initial_k=7 initial_scale_pct=25 initial_age_ratio=7 warmup_gc=100
[1581911.074308] NVMeVirt: FTL physical space: 8588886016, logical space: 8026996276 (physical/logical * 100 = 107)
[1581911.074310] NVMeVirt: ns 0/1: size 7655 MiB
[1581911.074362] PCI host bridge to bus 0001:10
[1581911.074364] pci_bus 0001:10: root bus resource [io  0x0000-0xffff]
[1581911.074367] pci_bus 0001:10: root bus resource [mem 0x00000000-0x7fffffffff]
[1581911.074369] pci_bus 0001:10: root bus resource [bus 00-ff]
[1581911.074375] pci 0001:10:00.0: [0c51:0110] type 00 class 0x010802 PCIe Endpoint
[1581911.074398] pci 0001:10:00.0: BAR 0 [mem 0x100000000-0x100003fff 64bit]
[1581911.074401] pci 0001:10:00.0: enabling Extended Tags
[1581911.074532] NVMeVirt: Virtual PCI bus created (node 0)
[1581911.074895] NVMeVirt: nvmev_io_worker_0 started on cpu 2 (node 0)
[1581911.075057] NVMeVirt: nvmev_dispatcher started on cpu 1 (node 0)
[1581911.075061] NVMeVirt: Virtual NVMe device created
[1581911.075315] nvme nvme0: pci function 0001:10:00.0
[1581911.079481] nvme nvme0: 8/0/0 default/read/poll queues
[1581911.490599] EXT4-fs (nvme0n1): mounted filesystem ec1df792-de3c-476a-be8b-c0cdef5f2245 r/w with ordered data mode. Quota mode: none.
[1581993.785882] NVMeVirt: Fixed CAT init ns=0 part=0 arm=31 k=7 scale_pct=25 age_ratio=7
[1581993.785889] NVMeVirt: Fixed CAT init ns=0 part=1 arm=31 k=7 scale_pct=25 age_ratio=7
[1581993.785891] NVMeVirt: Fixed CAT init ns=0 part=2 arm=31 k=7 scale_pct=25 age_ratio=7
[1581993.785894] NVMeVirt: Fixed CAT init ns=0 part=3 arm=31 k=7 scale_pct=25 age_ratio=7
[1581993.785896] NVMeVirt: Measurement: command=start epoch=1 host_bytes=0 learner_active=1
[1581993.794913] mix-t4-arm31-1830285 phase=A START
[1582594.112124] mix-t4-arm31-1830285 phase=A END
[1582594.146040] NVMeVirt: Measurement: command=stop epoch=1 host_bytes=98306707456 learner_active=0
[1582594.255847] EXT4-fs (nvme0n1): unmounting filesystem ec1df792-de3c-476a-be8b-c0cdef5f2245.
[1582594.317282] pci_bus 0001:10: busn_res: [bus 10-ff] is released
[1582594.317370] NVMeVirt: GC stats: ns=0 policy=cat-fig7-fixed host_pages=24000661 gc_pages=19116795 gc_count=673710 WAF=1.796 warmup_gc=100-per-part
[1582594.396637] NVMeVirt: Virtual NVMe device closed
