[947661.518940] mix-mixK-fixed50-196942 BEGIN
[947661.532686] NVMeVirt: Version 1.10 for >> Samsung 970 Pro SSD <<
[947661.532692] NVMeVirt: Storage: 0x100100000-0x300000000 (8191 MiB)
[947661.543872] NVMeVirt: Total Capacity(GiB,MiB)=2,2048 chs=2 luns=4 lines=8192 blk-size(MiB,KiB)=0,64 line-size(MiB,KiB)=0,256
[947661.556416] NVMeVirt: [chmodel_init] bandwidth 800 max_credits 26 tx_time 152
[947661.567944] NVMeVirt: [chmodel_init] bandwidth 800 max_credits 26 tx_time 152
[947661.567960] NVMeVirt: [chmodel_init] bandwidth 3360 max_credits 110 tx_time 36
[947661.567962] NVMeVirt: Fixed CAT init ns=0 part=0 arm=50 k=10 scale_pct=50 age_ratio=16
[947661.568860] NVMeVirt: pqueue: Copyright (c) 2014, Volkan Yazıcı <volkan.yazici@gmail.com>. All rights reserved.
[947661.568909] NVMeVirt: Init FTL instance with 2 channels (524288 pages)
[947661.568912] NVMeVirt: GC victim policy: cat-fig7-fixed ns=0 part=0 initial_k=10 initial_scale_pct=50 initial_age_ratio=16 warmup_gc=100
[947661.579501] NVMeVirt: [chmodel_init] bandwidth 800 max_credits 26 tx_time 152
[947661.590092] NVMeVirt: [chmodel_init] bandwidth 800 max_credits 26 tx_time 152
[947661.590111] NVMeVirt: [chmodel_init] bandwidth 3360 max_credits 110 tx_time 36
[947661.590114] NVMeVirt: Fixed CAT init ns=0 part=1 arm=50 k=10 scale_pct=50 age_ratio=16
[947661.591575] NVMeVirt: Init FTL instance with 2 channels (524288 pages)
[947661.591579] NVMeVirt: GC victim policy: cat-fig7-fixed ns=0 part=1 initial_k=10 initial_scale_pct=50 initial_age_ratio=16 warmup_gc=100
[947661.602258] NVMeVirt: [chmodel_init] bandwidth 800 max_credits 26 tx_time 152
[947661.612722] NVMeVirt: [chmodel_init] bandwidth 800 max_credits 26 tx_time 152
[947661.612736] NVMeVirt: [chmodel_init] bandwidth 3360 max_credits 110 tx_time 36
[947661.612738] NVMeVirt: Fixed CAT init ns=0 part=2 arm=50 k=10 scale_pct=50 age_ratio=16
[947661.613759] NVMeVirt: Init FTL instance with 2 channels (524288 pages)
[947661.613761] NVMeVirt: GC victim policy: cat-fig7-fixed ns=0 part=2 initial_k=10 initial_scale_pct=50 initial_age_ratio=16 warmup_gc=100
[947661.624442] NVMeVirt: [chmodel_init] bandwidth 800 max_credits 26 tx_time 152
[947661.635066] NVMeVirt: [chmodel_init] bandwidth 800 max_credits 26 tx_time 152
[947661.635080] NVMeVirt: [chmodel_init] bandwidth 3360 max_credits 110 tx_time 36
[947661.635082] NVMeVirt: Fixed CAT init ns=0 part=3 arm=50 k=10 scale_pct=50 age_ratio=16
[947661.635991] NVMeVirt: Init FTL instance with 2 channels (524288 pages)
[947661.635994] NVMeVirt: GC victim policy: cat-fig7-fixed ns=0 part=3 initial_k=10 initial_scale_pct=50 initial_age_ratio=16 warmup_gc=100
[947661.636002] NVMeVirt: FTL physical space: 8588886016, logical space: 8026996276 (physical/logical * 100 = 107)
[947661.636004] NVMeVirt: ns 0/1: size 7655 MiB
[947661.636087] PCI host bridge to bus 0001:10
[947661.636089] pci_bus 0001:10: root bus resource [io  0x0000-0xffff]
[947661.636092] pci_bus 0001:10: root bus resource [mem 0x00000000-0x7fffffffff]
[947661.636094] pci_bus 0001:10: root bus resource [bus 00-ff]
[947661.636115] pci 0001:10:00.0: [0c51:0110] type 00 class 0x010802 PCIe Endpoint
[947661.636119] pci 0001:10:00.0: BAR 0 [mem 0x100000000-0x100003fff 64bit]
[947661.636122] pci 0001:10:00.0: enabling Extended Tags
[947661.636262] NVMeVirt: Virtual PCI bus created (node 0)
[947661.636563] NVMeVirt: nvmev_io_worker_0 started on cpu 2 (node 0)
[947661.636634] NVMeVirt: nvmev_dispatcher started on cpu 1 (node 0)
[947661.636669] NVMeVirt: Virtual NVMe device created
[947661.637548] nvme nvme0: pci function 0001:10:00.0
[947661.639478] nvme nvme0: 8/0/0 default/read/poll queues
[947661.714812] EXT4-fs (nvme0n1): mounted filesystem dddd2e14-cecb-4008-a4cf-10a69aeaf9c8 r/w with ordered data mode. Quota mode: none.
[947743.734864] NVMeVirt: Fixed CAT init ns=0 part=0 arm=50 k=10 scale_pct=50 age_ratio=16
[947743.734873] NVMeVirt: Fixed CAT init ns=0 part=1 arm=50 k=10 scale_pct=50 age_ratio=16
[947743.734876] NVMeVirt: Fixed CAT init ns=0 part=2 arm=50 k=10 scale_pct=50 age_ratio=16
[947743.734879] NVMeVirt: Fixed CAT init ns=0 part=3 arm=50 k=10 scale_pct=50 age_ratio=16
[947743.734881] NVMeVirt: Measurement: command=start epoch=1 host_bytes=0 learner_active=1
[947743.744117] mix-mixK-fixed50-196942 phase=A START
[948344.054471] mix-mixK-fixed50-196942 phase=A END
[948344.061716] mix-mixK-fixed50-196942 phase=B START
[948944.379001] mix-mixK-fixed50-196942 phase=B END
[948944.382238] NVMeVirt: Measurement: command=stop epoch=1 host_bytes=196620312576 learner_active=0
[948944.438169] EXT4-fs (nvme0n1): unmounting filesystem dddd2e14-cecb-4008-a4cf-10a69aeaf9c8.
[948944.503814] pci_bus 0001:10: busn_res: [bus 10-ff] is released
[948944.503891] NVMeVirt: GC stats: ns=0 policy=cat-fig7-fixed host_pages=48003006 gc_pages=38518192 gc_count=1351894 WAF=1.802 warmup_gc=100-per-part
[948944.578166] NVMeVirt: Virtual NVMe device closed
