[1558752.561973] mix-mixF-arm46-1741164 BEGIN
[1558752.741501] NVMeVirt: Version 1.10 for >> Samsung 970 Pro SSD <<
[1558752.741511] NVMeVirt: Storage: 0x100100000-0x300000000 (8191 MiB)
[1558752.752415] NVMeVirt: Total Capacity(GiB,MiB)=2,2048 chs=2 luns=4 lines=8192 blk-size(MiB,KiB)=0,64 line-size(MiB,KiB)=0,256
[1558752.763923] NVMeVirt: [chmodel_init] bandwidth 800 max_credits 26 tx_time 152
[1558752.775679] NVMeVirt: [chmodel_init] bandwidth 800 max_credits 26 tx_time 152
[1558752.775699] NVMeVirt: [chmodel_init] bandwidth 3360 max_credits 110 tx_time 36
[1558752.775701] NVMeVirt: Fixed CAT init ns=0 part=0 arm=46 k=10 scale_pct=25 age_ratio=7
[1558752.777039] NVMeVirt: pqueue: Copyright (c) 2014, Volkan Yazıcı <volkan.yazici@gmail.com>. All rights reserved.
[1558752.777087] NVMeVirt: Init FTL instance with 2 channels (524288 pages)
[1558752.777089] NVMeVirt: GC victim policy: cat-fig7-fixed ns=0 part=0 initial_k=10 initial_scale_pct=25 initial_age_ratio=7 warmup_gc=100
[1558752.788151] NVMeVirt: [chmodel_init] bandwidth 800 max_credits 26 tx_time 152
[1558752.798852] NVMeVirt: [chmodel_init] bandwidth 800 max_credits 26 tx_time 152
[1558752.798867] NVMeVirt: [chmodel_init] bandwidth 3360 max_credits 110 tx_time 36
[1558752.798869] NVMeVirt: Fixed CAT init ns=0 part=1 arm=46 k=10 scale_pct=25 age_ratio=7
[1558752.799819] NVMeVirt: Init FTL instance with 2 channels (524288 pages)
[1558752.799822] NVMeVirt: GC victim policy: cat-fig7-fixed ns=0 part=1 initial_k=10 initial_scale_pct=25 initial_age_ratio=7 warmup_gc=100
[1558752.811118] NVMeVirt: [chmodel_init] bandwidth 800 max_credits 26 tx_time 152
[1558752.821809] NVMeVirt: [chmodel_init] bandwidth 800 max_credits 26 tx_time 152
[1558752.821824] NVMeVirt: [chmodel_init] bandwidth 3360 max_credits 110 tx_time 36
[1558752.821826] NVMeVirt: Fixed CAT init ns=0 part=2 arm=46 k=10 scale_pct=25 age_ratio=7
[1558752.822713] NVMeVirt: Init FTL instance with 2 channels (524288 pages)
[1558752.822726] NVMeVirt: GC victim policy: cat-fig7-fixed ns=0 part=2 initial_k=10 initial_scale_pct=25 initial_age_ratio=7 warmup_gc=100
[1558752.833310] NVMeVirt: [chmodel_init] bandwidth 800 max_credits 26 tx_time 152
[1558752.844473] NVMeVirt: [chmodel_init] bandwidth 800 max_credits 26 tx_time 152
[1558752.844488] NVMeVirt: [chmodel_init] bandwidth 3360 max_credits 110 tx_time 36
[1558752.844491] NVMeVirt: Fixed CAT init ns=0 part=3 arm=46 k=10 scale_pct=25 age_ratio=7
[1558752.845531] NVMeVirt: Init FTL instance with 2 channels (524288 pages)
[1558752.845535] NVMeVirt: GC victim policy: cat-fig7-fixed ns=0 part=3 initial_k=10 initial_scale_pct=25 initial_age_ratio=7 warmup_gc=100
[1558752.845542] NVMeVirt: FTL physical space: 8588886016, logical space: 8026996276 (physical/logical * 100 = 107)
[1558752.845544] NVMeVirt: ns 0/1: size 7655 MiB
[1558752.845605] PCI host bridge to bus 0001:10
[1558752.845608] pci_bus 0001:10: root bus resource [io  0x0000-0xffff]
[1558752.845610] pci_bus 0001:10: root bus resource [mem 0x00000000-0x7fffffffff]
[1558752.845612] pci_bus 0001:10: root bus resource [bus 00-ff]
[1558752.845620] pci 0001:10:00.0: [0c51:0110] type 00 class 0x010802 PCIe Endpoint
[1558752.845625] pci 0001:10:00.0: BAR 0 [mem 0x100000000-0x100003fff 64bit]
[1558752.845627] pci 0001:10:00.0: enabling Extended Tags
[1558752.845792] NVMeVirt: Virtual PCI bus created (node 0)
[1558752.846241] NVMeVirt: nvmev_dispatcher started on cpu 1 (node 0)
[1558752.846243] NVMeVirt: Virtual NVMe device created
[1558752.846448] nvme nvme0: pci function 0001:10:00.0
[1558752.846724] NVMeVirt: nvmev_io_worker_0 started on cpu 2 (node 0)
[1558752.850504] nvme nvme0: 8/0/0 default/read/poll queues
[1558753.380012] EXT4-fs (nvme0n1): mounted filesystem a6cc68c4-e639-447b-939c-8e149bca6419 r/w with ordered data mode. Quota mode: none.
[1558835.907774] NVMeVirt: Fixed CAT init ns=0 part=0 arm=46 k=10 scale_pct=25 age_ratio=7
[1558835.907782] NVMeVirt: Fixed CAT init ns=0 part=1 arm=46 k=10 scale_pct=25 age_ratio=7
[1558835.907785] NVMeVirt: Fixed CAT init ns=0 part=2 arm=46 k=10 scale_pct=25 age_ratio=7
[1558835.907787] NVMeVirt: Fixed CAT init ns=0 part=3 arm=46 k=10 scale_pct=25 age_ratio=7
[1558835.907789] NVMeVirt: Measurement: command=start epoch=1 host_bytes=0 learner_active=1
[1558835.917376] mix-mixF-arm46-1741164 phase=A START
[1560636.254794] mix-mixF-arm46-1741164 phase=A END
[1560636.297252] mix-mixF-arm46-1741164 phase=B START
[1561539.896803] mix-mixF-arm46-1741164 phase=B END
[1561539.899978] NVMeVirt: Measurement: command=stop epoch=1 host_bytes=719482863616 learner_active=0
[1561540.034507] EXT4-fs (nvme0n1): unmounting filesystem a6cc68c4-e639-447b-939c-8e149bca6419.
[1561540.145349] pci_bus 0001:10: busn_res: [bus 10-ff] is released
[1561540.145437] NVMeVirt: GC stats: ns=0 policy=cat-fig7-fixed host_pages=175654996 gc_pages=240036803 gc_count=6495184 WAF=2.366 warmup_gc=100-per-part
[1561540.231469] NVMeVirt: Virtual NVMe device closed
