[330358.922863] measured-cat-09-386636
[330358.934911] NVMeVirt: Version 1.10 for >> Samsung 970 Pro SSD <<
[330358.934920] NVMeVirt: Storage: 0x100100000-0x300000000 (8191 MiB)
[330358.946154] NVMeVirt: Total Capacity(GiB,MiB)=2,2048 chs=2 luns=4 lines=8192 blk-size(MiB,KiB)=0,64 line-size(MiB,KiB)=0,256
[330358.956510] NVMeVirt: [chmodel_init] bandwidth 800 max_credits 26 tx_time 152
[330358.966495] NVMeVirt: [chmodel_init] bandwidth 800 max_credits 26 tx_time 152
[330358.966515] NVMeVirt: [chmodel_init] bandwidth 3360 max_credits 110 tx_time 36
[330358.967848] NVMeVirt: pqueue: Copyright (c) 2014, Volkan Yazıcı <volkan.yazici@gmail.com>. All rights reserved.
[330358.967905] NVMeVirt: Init FTL instance with 2 channels (524288 pages)
[330358.967907] NVMeVirt: GC victim policy: cat-fig7 scale_pct=200 age_ratio=7
[330358.978190] NVMeVirt: [chmodel_init] bandwidth 800 max_credits 26 tx_time 152
[330358.988347] NVMeVirt: [chmodel_init] bandwidth 800 max_credits 26 tx_time 152
[330358.988367] NVMeVirt: [chmodel_init] bandwidth 3360 max_credits 110 tx_time 36
[330358.989419] NVMeVirt: Init FTL instance with 2 channels (524288 pages)
[330358.989423] NVMeVirt: GC victim policy: cat-fig7 scale_pct=200 age_ratio=7
[330358.999768] NVMeVirt: [chmodel_init] bandwidth 800 max_credits 26 tx_time 152
[330359.010335] NVMeVirt: [chmodel_init] bandwidth 800 max_credits 26 tx_time 152
[330359.010350] NVMeVirt: [chmodel_init] bandwidth 3360 max_credits 110 tx_time 36
[330359.011333] NVMeVirt: Init FTL instance with 2 channels (524288 pages)
[330359.011336] NVMeVirt: GC victim policy: cat-fig7 scale_pct=200 age_ratio=7
[330359.021585] NVMeVirt: [chmodel_init] bandwidth 800 max_credits 26 tx_time 152
[330359.031955] NVMeVirt: [chmodel_init] bandwidth 800 max_credits 26 tx_time 152
[330359.031970] NVMeVirt: [chmodel_init] bandwidth 3360 max_credits 110 tx_time 36
[330359.033326] NVMeVirt: Init FTL instance with 2 channels (524288 pages)
[330359.033332] NVMeVirt: GC victim policy: cat-fig7 scale_pct=200 age_ratio=7
[330359.033340] NVMeVirt: FTL physical space: 8588886016, logical space: 8026996276 (physical/logical * 100 = 107)
[330359.033342] NVMeVirt: ns 0/1: size 7655 MiB
[330359.033467] PCI host bridge to bus 0001:10
[330359.033471] pci_bus 0001:10: root bus resource [io  0x0000-0xffff]
[330359.033475] pci_bus 0001:10: root bus resource [mem 0x00000000-0x7fffffffff]
[330359.033478] pci_bus 0001:10: root bus resource [bus 00-ff]
[330359.033492] pci 0001:10:00.0: [0c51:0110] type 00 class 0x010802 PCIe Endpoint
[330359.033496] pci 0001:10:00.0: BAR 0 [mem 0x100000000-0x100003fff 64bit]
[330359.033500] pci 0001:10:00.0: enabling Extended Tags
[330359.033685] NVMeVirt: Virtual PCI bus created (node 0)
[330359.034016] NVMeVirt: nvmev_io_worker_0 started on cpu 2 (node 0)
[330359.034106] NVMeVirt: Virtual NVMe device created
[330359.034135] NVMeVirt: nvmev_dispatcher started on cpu 1 (node 0)
[330359.034329] nvme nvme0: pci function 0001:10:00.0
[330359.036988] nvme nvme0: 8/0/0 default/read/poll queues
[330359.116336] EXT4-fs (nvme0n1): mounted filesystem cd6f53a3-e4e7-4b8f-9a77-55a995e47784 r/w with ordered data mode. Quota mode: none.
[330441.132281] NVMeVirt: Measurement: command=start epoch=1 host_bytes=0 host_pages=0 gc_pages=0
[330467.607733] NVMeVirt: GC window: seq=0 host_pages=262144 gc_pages=217976 WAF=1.831 cum_host=262144 cum_gc=217976
[330493.820809] NVMeVirt: GC window: seq=1 host_pages=262144 gc_pages=245632 WAF=1.937 cum_host=524288 cum_gc=463608
[330520.033701] NVMeVirt: GC window: seq=2 host_pages=262144 gc_pages=145594 WAF=1.555 cum_host=786432 cum_gc=609202
[330546.246597] NVMeVirt: GC window: seq=3 host_pages=262144 gc_pages=173307 WAF=1.661 cum_host=1048576 cum_gc=782509
[330572.459764] NVMeVirt: GC window: seq=4 host_pages=262144 gc_pages=232722 WAF=1.887 cum_host=1310720 cum_gc=1015231
[330598.672641] NVMeVirt: GC window: seq=5 host_pages=262144 gc_pages=253324 WAF=1.966 cum_host=1572864 cum_gc=1268555
[330624.885789] NVMeVirt: GC window: seq=6 host_pages=262144 gc_pages=217383 WAF=1.829 cum_host=1835008 cum_gc=1485938
[330651.098685] NVMeVirt: GC window: seq=7 host_pages=262144 gc_pages=158728 WAF=1.605 cum_host=2097152 cum_gc=1644666
[330677.311587] NVMeVirt: GC window: seq=8 host_pages=262144 gc_pages=169517 WAF=1.646 cum_host=2359296 cum_gc=1814183
[330703.524729] NVMeVirt: GC window: seq=9 host_pages=262144 gc_pages=212571 WAF=1.810 cum_host=2621440 cum_gc=2026754
[330729.737626] NVMeVirt: GC window: seq=10 host_pages=262144 gc_pages=201848 WAF=1.769 cum_host=2883584 cum_gc=2228602
[330755.950775] NVMeVirt: GC window: seq=11 host_pages=262144 gc_pages=174602 WAF=1.666 cum_host=3145728 cum_gc=2403204
[330782.163687] NVMeVirt: GC window: seq=12 host_pages=262144 gc_pages=138563 WAF=1.528 cum_host=3407872 cum_gc=2541767
[330808.376568] NVMeVirt: GC window: seq=13 host_pages=262144 gc_pages=160888 WAF=1.613 cum_host=3670016 cum_gc=2702655
[330834.589719] NVMeVirt: GC window: seq=14 host_pages=262144 gc_pages=191416 WAF=1.730 cum_host=3932160 cum_gc=2894071
[330860.802606] NVMeVirt: GC window: seq=15 host_pages=262144 gc_pages=177075 WAF=1.675 cum_host=4194304 cum_gc=3071146
[330887.015760] NVMeVirt: GC window: seq=16 host_pages=262144 gc_pages=151161 WAF=1.576 cum_host=4456448 cum_gc=3222307
[330913.228649] NVMeVirt: GC window: seq=17 host_pages=262144 gc_pages=122790 WAF=1.468 cum_host=4718592 cum_gc=3345097
[330939.441435] NVMeVirt: GC window: seq=18 host_pages=262144 gc_pages=149123 WAF=1.568 cum_host=4980736 cum_gc=3494220
[330965.654693] NVMeVirt: GC window: seq=19 host_pages=262144 gc_pages=166264 WAF=1.634 cum_host=5242880 cum_gc=3660484
[330991.867479] NVMeVirt: GC window: seq=20 host_pages=262144 gc_pages=153140 WAF=1.584 cum_host=5505024 cum_gc=3813624
[331018.080736] NVMeVirt: GC window: seq=21 host_pages=262144 gc_pages=122094 WAF=1.465 cum_host=5767168 cum_gc=3935718
[331041.440840] NVMeVirt: Measurement: command=stop epoch=1 host_bytes=24577589248 host_pages=6000388 gc_pages=4028360
[331041.473510] EXT4-fs (nvme0n1): unmounting filesystem cd6f53a3-e4e7-4b8f-9a77-55a995e47784.
[331041.537042] pci_bus 0001:10: busn_res: [bus 10-ff] is released
[331041.537162] NVMeVirt: GC stats: policy=cat-fig7 age_mode=create host_pages=6000388 gc_pages=4028360 gc_count=156699 WAF=1.671 scale_pct=200 age_ratio=7
[331041.537166] NVMeVirt: GC victim hist: level=0 count=112
[331041.537167] NVMeVirt: GC victim hist: level=1 count=107
[331041.537168] NVMeVirt: GC victim hist: level=2 count=53207
[331041.537169] NVMeVirt: GC victim hist: level=3 count=44738
[331041.537170] NVMeVirt: GC victim hist: level=4 count=25105
[331041.537172] NVMeVirt: GC victim hist: level=5 count=32525
[331041.537173] NVMeVirt: GC victim hist: level=6 count=905
[331041.537174] NVMeVirt: GC victim mean: victims=156699 vpc=25.70 age_ms=98384
[331041.593612] NVMeVirt: Virtual NVMe device closed
