[653570.615442] mix-mixA-arm24-3898300 BEGIN
[653570.675393] NVMeVirt: Version 1.10 for >> Samsung 970 Pro SSD <<
[653570.675400] NVMeVirt: Storage: 0x100100000-0x300000000 (8191 MiB)
[653570.686340] NVMeVirt: Total Capacity(GiB,MiB)=2,2048 chs=2 luns=4 lines=8192 blk-size(MiB,KiB)=0,64 line-size(MiB,KiB)=0,256
[653570.697505] NVMeVirt: [chmodel_init] bandwidth 800 max_credits 26 tx_time 152
[653570.708245] NVMeVirt: [chmodel_init] bandwidth 800 max_credits 26 tx_time 152
[653570.708259] NVMeVirt: [chmodel_init] bandwidth 3360 max_credits 110 tx_time 36
[653570.708261] NVMeVirt: Fixed CAT init ns=0 part=0 arm=24 k=4 scale_pct=200 age_ratio=4
[653570.709193] NVMeVirt: pqueue: Copyright (c) 2014, Volkan Yazıcı <volkan.yazici@gmail.com>. All rights reserved.
[653570.709231] NVMeVirt: Init FTL instance with 2 channels (524288 pages)
[653570.709233] NVMeVirt: GC victim policy: cat-fig7-fixed ns=0 part=0 initial_k=4 initial_scale_pct=200 initial_age_ratio=4 warmup_gc=100
[653570.719937] NVMeVirt: [chmodel_init] bandwidth 800 max_credits 26 tx_time 152
[653570.730648] NVMeVirt: [chmodel_init] bandwidth 800 max_credits 26 tx_time 152
[653570.730668] NVMeVirt: [chmodel_init] bandwidth 3360 max_credits 110 tx_time 36
[653570.730671] NVMeVirt: Fixed CAT init ns=0 part=1 arm=24 k=4 scale_pct=200 age_ratio=4
[653570.731674] NVMeVirt: Init FTL instance with 2 channels (524288 pages)
[653570.731677] NVMeVirt: GC victim policy: cat-fig7-fixed ns=0 part=1 initial_k=4 initial_scale_pct=200 initial_age_ratio=4 warmup_gc=100
[653570.742474] NVMeVirt: [chmodel_init] bandwidth 800 max_credits 26 tx_time 152
[653570.753336] NVMeVirt: [chmodel_init] bandwidth 800 max_credits 26 tx_time 152
[653570.753351] NVMeVirt: [chmodel_init] bandwidth 3360 max_credits 110 tx_time 36
[653570.753353] NVMeVirt: Fixed CAT init ns=0 part=2 arm=24 k=4 scale_pct=200 age_ratio=4
[653570.754395] NVMeVirt: Init FTL instance with 2 channels (524288 pages)
[653570.754398] NVMeVirt: GC victim policy: cat-fig7-fixed ns=0 part=2 initial_k=4 initial_scale_pct=200 initial_age_ratio=4 warmup_gc=100
[653570.765243] NVMeVirt: [chmodel_init] bandwidth 800 max_credits 26 tx_time 152
[653570.776021] NVMeVirt: [chmodel_init] bandwidth 800 max_credits 26 tx_time 152
[653570.776035] NVMeVirt: [chmodel_init] bandwidth 3360 max_credits 110 tx_time 36
[653570.776038] NVMeVirt: Fixed CAT init ns=0 part=3 arm=24 k=4 scale_pct=200 age_ratio=4
[653570.776992] NVMeVirt: Init FTL instance with 2 channels (524288 pages)
[653570.776995] NVMeVirt: GC victim policy: cat-fig7-fixed ns=0 part=3 initial_k=4 initial_scale_pct=200 initial_age_ratio=4 warmup_gc=100
[653570.777002] NVMeVirt: FTL physical space: 8588886016, logical space: 8026996276 (physical/logical * 100 = 107)
[653570.777003] NVMeVirt: ns 0/1: size 7655 MiB
[653570.777055] PCI host bridge to bus 0001:10
[653570.777057] pci_bus 0001:10: root bus resource [io  0x0000-0xffff]
[653570.777060] pci_bus 0001:10: root bus resource [mem 0x00000000-0x7fffffffff]
[653570.777062] pci_bus 0001:10: root bus resource [bus 00-ff]
[653570.777069] pci 0001:10:00.0: [0c51:0110] type 00 class 0x010802 PCIe Endpoint
[653570.777073] pci 0001:10:00.0: BAR 0 [mem 0x100000000-0x100003fff 64bit]
[653570.777076] pci 0001:10:00.0: enabling Extended Tags
[653570.777200] NVMeVirt: Virtual PCI bus created (node 0)
[653570.777438] NVMeVirt: nvmev_io_worker_0 started on cpu 2 (node 0)
[653570.777546] NVMeVirt: Virtual NVMe device created
[653570.777652] nvme nvme0: pci function 0001:10:00.0
[653570.780211] NVMeVirt: nvmev_dispatcher started on cpu 1 (node 0)
[653570.782577] nvme nvme0: 8/0/0 default/read/poll queues
[653571.343798] EXT4-fs (nvme0n1): mounted filesystem 6df63f6e-de93-4b9d-8ede-8803d2fc5824 r/w with ordered data mode. Quota mode: none.
[653653.681041] NVMeVirt: Fixed CAT init ns=0 part=0 arm=24 k=4 scale_pct=200 age_ratio=4
[653653.681047] NVMeVirt: Fixed CAT init ns=0 part=1 arm=24 k=4 scale_pct=200 age_ratio=4
[653653.681050] NVMeVirt: Fixed CAT init ns=0 part=2 arm=24 k=4 scale_pct=200 age_ratio=4
[653653.681052] NVMeVirt: Fixed CAT init ns=0 part=3 arm=24 k=4 scale_pct=200 age_ratio=4
[653653.681055] NVMeVirt: Measurement: command=start epoch=1 host_bytes=0 learner_active=1
[653653.689458] mix-mixA-arm24-3898300 phase=A START
[654254.005323] mix-mixA-arm24-3898300 phase=A END
[654254.013236] mix-mixA-arm24-3898300 phase=B START
[654254.024102] mix-mixA-arm24-3898300 phase=B LOAD
[654282.537636] mix-mixA-arm24-3898300 phase=B RUN
[654286.872999] tee (3899069): drop_caches: 3
[654295.078585] tee (3899135): drop_caches: 3
[654304.532975] tee (3899144): drop_caches: 3
[654310.112630] tee (3899148): drop_caches: 3
[654315.205686] tee (3899152): drop_caches: 3
[654320.251080] tee (3899156): drop_caches: 3
[654325.546460] tee (3899160): drop_caches: 3
[654329.885600] tee (3899167): drop_caches: 3
[654335.052432] tee (3899172): drop_caches: 3
[654340.081724] tee (3899176): drop_caches: 3
[654345.093687] tee (3899180): drop_caches: 3
[654350.117114] tee (3899184): drop_caches: 3
[654355.209799] tee (3899190): drop_caches: 3
[654359.824715] tee (3899197): drop_caches: 3
[654365.026362] tee (3899201): drop_caches: 3
[654370.080631] tee (3899205): drop_caches: 3
[654375.158146] tee (3899209): drop_caches: 3
[654380.517592] tee (3899213): drop_caches: 3
[654385.792883] tee (3899217): drop_caches: 3
[654390.454911] tee (3899222): drop_caches: 3
[654395.749433] tee (3899228): drop_caches: 3
[654400.799238] tee (3899232): drop_caches: 3
[654405.892689] tee (3899236): drop_caches: 3
[654411.077502] tee (3899240): drop_caches: 3
[654416.350523] tee (3899245): drop_caches: 3
[654421.895563] tee (3899250): drop_caches: 3
[654427.232582] tee (3899256): drop_caches: 3
[654432.267130] tee (3899260): drop_caches: 3
[654437.332135] tee (3899264): drop_caches: 3
[654442.507503] tee (3899268): drop_caches: 3
[654447.541179] tee (3899272): drop_caches: 3
[654452.820801] tee (3899278): drop_caches: 3
[654458.216047] tee (3899283): drop_caches: 3
[654463.358230] tee (3899287): drop_caches: 3
[654468.489129] tee (3899291): drop_caches: 3
[654473.660995] tee (3899295): drop_caches: 3
[654478.782900] tee (3899299): drop_caches: 3
[654484.073621] tee (3899306): drop_caches: 3
[654489.466176] tee (3899312): drop_caches: 3
[654494.560223] tee (3899316): drop_caches: 3
[654499.723665] tee (3899320): drop_caches: 3
[654504.860450] tee (3899329): drop_caches: 3
[654510.055316] tee (3899333): drop_caches: 3
[654515.557508] tee (3899338): drop_caches: 3
[654520.915307] tee (3899344): drop_caches: 3
[654526.074547] tee (3899348): drop_caches: 3
[654531.135451] tee (3899352): drop_caches: 3
[654536.362950] tee (3899356): drop_caches: 3
[654541.367103] tee (3899363): drop_caches: 3
[654546.713318] tee (3899368): drop_caches: 3
[654552.100285] tee (3899374): drop_caches: 3
[654557.234088] tee (3899385): drop_caches: 3
[654563.777662] tee (3899418): drop_caches: 3
[654572.289708] tee (3899431): drop_caches: 3
[654577.504603] tee (3899449): drop_caches: 3
[654583.167224] tee (3899459): drop_caches: 3
[654588.257856] tee (3899463): drop_caches: 3
[654593.555248] tee (3899469): drop_caches: 3
[654598.789209] tee (3899473): drop_caches: 3
[654604.117435] tee (3899477): drop_caches: 3
[654609.357415] tee (3899483): drop_caches: 3
[654617.014276] tee (3899492): drop_caches: 3
[654620.623607] mix-mixA-arm24-3898300 phase=B END
[654621.089559] NVMeVirt: Measurement: command=stop epoch=1 host_bytes=131628453888 learner_active=0
[654624.307934] EXT4-fs (nvme0n1): unmounting filesystem 6df63f6e-de93-4b9d-8ede-8803d2fc5824.
[654624.775195] pci_bus 0001:10: busn_res: [bus 10-ff] is released
[654624.775284] NVMeVirt: GC stats: ns=0 policy=cat-fig7-fixed host_pages=32135853 gc_pages=38176547 gc_count=1098632 WAF=2.187 warmup_gc=100-per-part
[654624.844806] NVMeVirt: Virtual NVMe device closed
