[786640.858437] mix-mixL-fixed10-4017563 BEGIN
[786640.871889] NVMeVirt: Version 1.10 for >> Samsung 970 Pro SSD <<
[786640.871895] NVMeVirt: Storage: 0x100100000-0x300000000 (8191 MiB)
[786640.884289] NVMeVirt: Total Capacity(GiB,MiB)=2,2048 chs=2 luns=4 lines=8192 blk-size(MiB,KiB)=0,64 line-size(MiB,KiB)=0,256
[786640.896509] NVMeVirt: [chmodel_init] bandwidth 800 max_credits 26 tx_time 152
[786640.907634] NVMeVirt: [chmodel_init] bandwidth 800 max_credits 26 tx_time 152
[786640.907649] NVMeVirt: [chmodel_init] bandwidth 3360 max_credits 110 tx_time 36
[786640.907652] NVMeVirt: Fixed CAT init ns=0 part=0 arm=10 k=2 scale_pct=200 age_ratio=7
[786640.908874] NVMeVirt: pqueue: Copyright (c) 2014, Volkan Yazıcı <volkan.yazici@gmail.com>. All rights reserved.
[786640.908949] NVMeVirt: Init FTL instance with 2 channels (524288 pages)
[786640.908951] NVMeVirt: GC victim policy: cat-fig7-fixed ns=0 part=0 initial_k=2 initial_scale_pct=200 initial_age_ratio=7 warmup_gc=100
[786640.919852] NVMeVirt: [chmodel_init] bandwidth 800 max_credits 26 tx_time 152
[786640.930715] NVMeVirt: [chmodel_init] bandwidth 800 max_credits 26 tx_time 152
[786640.930730] NVMeVirt: [chmodel_init] bandwidth 3360 max_credits 110 tx_time 36
[786640.930732] NVMeVirt: Fixed CAT init ns=0 part=1 arm=10 k=2 scale_pct=200 age_ratio=7
[786640.932217] NVMeVirt: Init FTL instance with 2 channels (524288 pages)
[786640.932222] NVMeVirt: GC victim policy: cat-fig7-fixed ns=0 part=1 initial_k=2 initial_scale_pct=200 initial_age_ratio=7 warmup_gc=100
[786640.942917] NVMeVirt: [chmodel_init] bandwidth 800 max_credits 26 tx_time 152
[786640.953836] NVMeVirt: [chmodel_init] bandwidth 800 max_credits 26 tx_time 152
[786640.953851] NVMeVirt: [chmodel_init] bandwidth 3360 max_credits 110 tx_time 36
[786640.953853] NVMeVirt: Fixed CAT init ns=0 part=2 arm=10 k=2 scale_pct=200 age_ratio=7
[786640.955184] NVMeVirt: Init FTL instance with 2 channels (524288 pages)
[786640.955191] NVMeVirt: GC victim policy: cat-fig7-fixed ns=0 part=2 initial_k=2 initial_scale_pct=200 initial_age_ratio=7 warmup_gc=100
[786640.966336] NVMeVirt: [chmodel_init] bandwidth 800 max_credits 26 tx_time 152
[786640.977173] NVMeVirt: [chmodel_init] bandwidth 800 max_credits 26 tx_time 152
[786640.977189] NVMeVirt: [chmodel_init] bandwidth 3360 max_credits 110 tx_time 36
[786640.977191] NVMeVirt: Fixed CAT init ns=0 part=3 arm=10 k=2 scale_pct=200 age_ratio=7
[786640.978465] NVMeVirt: Init FTL instance with 2 channels (524288 pages)
[786640.978468] NVMeVirt: GC victim policy: cat-fig7-fixed ns=0 part=3 initial_k=2 initial_scale_pct=200 initial_age_ratio=7 warmup_gc=100
[786640.978474] NVMeVirt: FTL physical space: 8588886016, logical space: 8026996276 (physical/logical * 100 = 107)
[786640.978476] NVMeVirt: ns 0/1: size 7655 MiB
[786640.978525] PCI host bridge to bus 0001:10
[786640.978527] pci_bus 0001:10: root bus resource [io  0x0000-0xffff]
[786640.978530] pci_bus 0001:10: root bus resource [mem 0x00000000-0x7fffffffff]
[786640.978532] pci_bus 0001:10: root bus resource [bus 00-ff]
[786640.978554] pci 0001:10:00.0: [0c51:0110] type 00 class 0x010802 PCIe Endpoint
[786640.978558] pci 0001:10:00.0: BAR 0 [mem 0x100000000-0x100003fff 64bit]
[786640.978561] pci 0001:10:00.0: enabling Extended Tags
[786640.978684] NVMeVirt: Virtual PCI bus created (node 0)
[786640.978940] NVMeVirt: nvmev_io_worker_0 started on cpu 2 (node 0)
[786640.979032] NVMeVirt: Virtual NVMe device created
[786640.979054] NVMeVirt: nvmev_dispatcher started on cpu 1 (node 0)
[786640.979656] nvme nvme0: pci function 0001:10:00.0
[786640.981466] nvme nvme0: 8/0/0 default/read/poll queues
[786641.053962] EXT4-fs (nvme0n1): mounted filesystem 6e6870a4-f85e-4b51-b9e4-335488f89b0c r/w with ordered data mode. Quota mode: none.
[786723.079593] NVMeVirt: Fixed CAT init ns=0 part=0 arm=10 k=2 scale_pct=200 age_ratio=7
[786723.079598] NVMeVirt: Fixed CAT init ns=0 part=1 arm=10 k=2 scale_pct=200 age_ratio=7
[786723.079600] NVMeVirt: Fixed CAT init ns=0 part=2 arm=10 k=2 scale_pct=200 age_ratio=7
[786723.079602] NVMeVirt: Fixed CAT init ns=0 part=3 arm=10 k=2 scale_pct=200 age_ratio=7
[786723.079603] NVMeVirt: Measurement: command=start epoch=1 host_bytes=0 learner_active=1
[786723.088788] mix-mixL-fixed10-4017563 phase=A START
[786723.098426] mix-mixL-fixed10-4017563 phase=A cycle=1 fast
[786783.404577] mix-mixL-fixed10-4017563 phase=A cycle=1 slow
[786843.701632] mix-mixL-fixed10-4017563 phase=A cycle=2 fast
[786904.003603] mix-mixL-fixed10-4017563 phase=A cycle=2 slow
[786964.312157] mix-mixL-fixed10-4017563 phase=A cycle=3 fast
[787024.625190] mix-mixL-fixed10-4017563 phase=A cycle=3 slow
[787084.919871] mix-mixL-fixed10-4017563 phase=A cycle=4 fast
[787145.225865] mix-mixL-fixed10-4017563 phase=A cycle=4 slow
[787205.523164] mix-mixL-fixed10-4017563 phase=A cycle=5 fast
[787265.823296] mix-mixL-fixed10-4017563 phase=A cycle=5 slow
[787326.149550] mix-mixL-fixed10-4017563 phase=A END
[787326.155938] NVMeVirt: Measurement: command=stop epoch=1 host_bytes=61442289664 learner_active=0
[787326.233384] EXT4-fs (nvme0n1): unmounting filesystem 6e6870a4-f85e-4b51-b9e4-335488f89b0c.
[787326.301338] pci_bus 0001:10: busn_res: [bus 10-ff] is released
[787326.301391] NVMeVirt: GC stats: ns=0 policy=cat-fig7-fixed host_pages=15000559 gc_pages=15798737 gc_count=481239 WAF=2.053 warmup_gc=100-per-part
[787326.375814] NVMeVirt: Virtual NVMe device closed
