[1654974.705435] mix-mixB-arm45-2172351 BEGIN
[1654974.801053] NVMeVirt: Version 1.10 for >> Samsung 970 Pro SSD <<
[1654974.801059] NVMeVirt: Storage: 0x100100000-0x300000000 (8191 MiB)
[1654974.811456] NVMeVirt: Total Capacity(GiB,MiB)=2,2048 chs=2 luns=4 lines=8192 blk-size(MiB,KiB)=0,64 line-size(MiB,KiB)=0,256
[1654974.823030] NVMeVirt: [chmodel_init] bandwidth 800 max_credits 26 tx_time 152
[1654974.834102] NVMeVirt: [chmodel_init] bandwidth 800 max_credits 26 tx_time 152
[1654974.834115] NVMeVirt: [chmodel_init] bandwidth 3360 max_credits 110 tx_time 36
[1654974.834117] NVMeVirt: Fixed CAT init ns=0 part=0 arm=45 k=10 scale_pct=25 age_ratio=4
[1654974.835070] NVMeVirt: pqueue: Copyright (c) 2014, Volkan Yazıcı <volkan.yazici@gmail.com>. All rights reserved.
[1654974.835108] NVMeVirt: Init FTL instance with 2 channels (524288 pages)
[1654974.835110] NVMeVirt: GC victim policy: cat-fig7-fixed ns=0 part=0 initial_k=10 initial_scale_pct=25 initial_age_ratio=4 warmup_gc=100
[1654974.845774] NVMeVirt: [chmodel_init] bandwidth 800 max_credits 26 tx_time 152
[1654974.856278] NVMeVirt: [chmodel_init] bandwidth 800 max_credits 26 tx_time 152
[1654974.856291] NVMeVirt: [chmodel_init] bandwidth 3360 max_credits 110 tx_time 36
[1654974.856293] NVMeVirt: Fixed CAT init ns=0 part=1 arm=45 k=10 scale_pct=25 age_ratio=4
[1654974.857200] NVMeVirt: Init FTL instance with 2 channels (524288 pages)
[1654974.857203] NVMeVirt: GC victim policy: cat-fig7-fixed ns=0 part=1 initial_k=10 initial_scale_pct=25 initial_age_ratio=4 warmup_gc=100
[1654974.867606] NVMeVirt: [chmodel_init] bandwidth 800 max_credits 26 tx_time 152
[1654974.878099] NVMeVirt: [chmodel_init] bandwidth 800 max_credits 26 tx_time 152
[1654974.878112] NVMeVirt: [chmodel_init] bandwidth 3360 max_credits 110 tx_time 36
[1654974.878114] NVMeVirt: Fixed CAT init ns=0 part=2 arm=45 k=10 scale_pct=25 age_ratio=4
[1654974.879104] NVMeVirt: Init FTL instance with 2 channels (524288 pages)
[1654974.879107] NVMeVirt: GC victim policy: cat-fig7-fixed ns=0 part=2 initial_k=10 initial_scale_pct=25 initial_age_ratio=4 warmup_gc=100
[1654974.889363] NVMeVirt: [chmodel_init] bandwidth 800 max_credits 26 tx_time 152
[1654974.899661] NVMeVirt: [chmodel_init] bandwidth 800 max_credits 26 tx_time 152
[1654974.899674] NVMeVirt: [chmodel_init] bandwidth 3360 max_credits 110 tx_time 36
[1654974.899676] NVMeVirt: Fixed CAT init ns=0 part=3 arm=45 k=10 scale_pct=25 age_ratio=4
[1654974.900670] NVMeVirt: Init FTL instance with 2 channels (524288 pages)
[1654974.900672] NVMeVirt: GC victim policy: cat-fig7-fixed ns=0 part=3 initial_k=10 initial_scale_pct=25 initial_age_ratio=4 warmup_gc=100
[1654974.900678] NVMeVirt: FTL physical space: 8588886016, logical space: 8026996276 (physical/logical * 100 = 107)
[1654974.900680] NVMeVirt: ns 0/1: size 7655 MiB
[1654974.900729] PCI host bridge to bus 0001:10
[1654974.900731] pci_bus 0001:10: root bus resource [io  0x0000-0xffff]
[1654974.900734] pci_bus 0001:10: root bus resource [mem 0x00000000-0x7fffffffff]
[1654974.900736] pci_bus 0001:10: root bus resource [bus 00-ff]
[1654974.900758] pci 0001:10:00.0: [0c51:0110] type 00 class 0x010802 PCIe Endpoint
[1654974.900762] pci 0001:10:00.0: BAR 0 [mem 0x100000000-0x100003fff 64bit]
[1654974.900765] pci 0001:10:00.0: enabling Extended Tags
[1654974.900888] NVMeVirt: Virtual PCI bus created (node 0)
[1654974.901113] NVMeVirt: nvmev_io_worker_0 started on cpu 2 (node 0)
[1654974.901237] NVMeVirt: nvmev_dispatcher started on cpu 1 (node 0)
[1654974.901258] NVMeVirt: Virtual NVMe device created
[1654974.901419] nvme nvme0: pci function 0001:10:00.0
[1654974.904070] nvme nvme0: 8/0/0 default/read/poll queues
[1654975.338807] EXT4-fs (nvme0n1): mounted filesystem 4c231c95-a7e2-4e79-b2dc-f535339d21a4 r/w with ordered data mode. Quota mode: none.
[1655057.708788] NVMeVirt: Fixed CAT init ns=0 part=0 arm=45 k=10 scale_pct=25 age_ratio=4
[1655057.708793] NVMeVirt: Fixed CAT init ns=0 part=1 arm=45 k=10 scale_pct=25 age_ratio=4
[1655057.708795] NVMeVirt: Fixed CAT init ns=0 part=2 arm=45 k=10 scale_pct=25 age_ratio=4
[1655057.708797] NVMeVirt: Fixed CAT init ns=0 part=3 arm=45 k=10 scale_pct=25 age_ratio=4
[1655057.708798] NVMeVirt: Measurement: command=start epoch=1 host_bytes=0 learner_active=1
[1655057.717465] mix-mixB-arm45-2172351 phase=A START
[1655057.728464] mix-mixB-arm45-2172351 phase=A LOAD
[1655082.342364] mix-mixB-arm45-2172351 phase=A RUN
[1655086.534097] tee (2172682): drop_caches: 3
[1655092.291542] tee (2172715): drop_caches: 3
[1655097.660500] tee (2172747): drop_caches: 3
[1655104.530702] tee (2172779): drop_caches: 3
[1655112.848884] tee (2172809): drop_caches: 3
[1655124.194511] tee (2172852): drop_caches: 3
[1655132.232290] tee (2172915): drop_caches: 3
[1655139.622050] tee (2172937): drop_caches: 3
[1655146.746900] tee (2172950): drop_caches: 3
[1655151.859118] tee (2172954): drop_caches: 3
[1655157.075556] tee (2172958): drop_caches: 3
[1655162.625329] tee (2172967): drop_caches: 3
[1655167.030471] tee (2172974): drop_caches: 3
[1655172.274160] tee (2172985): drop_caches: 3
[1655177.465718] tee (2172991): drop_caches: 3
[1655182.977952] tee (2172995): drop_caches: 3
[1655188.887810] tee (2173015): drop_caches: 3
[1655194.513886] tee (2173024): drop_caches: 3
[1655198.947621] tee (2173031): drop_caches: 3
[1655204.157471] tee (2173042): drop_caches: 3
[1655209.348179] tee (2173047): drop_caches: 3
[1655214.550672] tee (2173051): drop_caches: 3
[1655219.705526] tee (2173055): drop_caches: 3
[1655225.067932] tee (2173066): drop_caches: 3
[1655229.468793] tee (2173073): drop_caches: 3
[1655234.765171] tee (2173077): drop_caches: 3
[1655239.973597] tee (2173081): drop_caches: 3
[1655245.197076] tee (2173085): drop_caches: 3
[1655250.433199] tee (2173089): drop_caches: 3
[1655255.634605] tee (2173098): drop_caches: 3
[1655260.062412] tee (2173105): drop_caches: 3
[1655265.186269] tee (2173109): drop_caches: 3
[1655270.563111] tee (2173113): drop_caches: 3
[1655275.683909] tee (2173117): drop_caches: 3
[1655280.765936] tee (2173121): drop_caches: 3
[1655285.962665] tee (2173143): drop_caches: 3
[1655290.317930] tee (2173150): drop_caches: 3
[1655295.597081] tee (2173154): drop_caches: 3
[1655300.826832] tee (2173158): drop_caches: 3
[1655306.067049] tee (2173162): drop_caches: 3
[1655311.293235] tee (2173167): drop_caches: 3
[1655316.746387] tee (2173183): drop_caches: 3
[1655321.110180] tee (2173190): drop_caches: 3
[1655326.378291] tee (2173194): drop_caches: 3
[1655331.548151] tee (2173203): drop_caches: 3
[1655337.224403] tee (2173207): drop_caches: 3
[1655342.790306] tee (2173216): drop_caches: 3
[1655348.085016] tee (2173220): drop_caches: 3
[1655352.486827] tee (2173227): drop_caches: 3
[1655357.850339] tee (2173231): drop_caches: 3
[1655363.079382] tee (2173235): drop_caches: 3
[1655368.323250] tee (2173241): drop_caches: 3
[1655373.823740] tee (2173257): drop_caches: 3
[1655379.083342] tee (2173261): drop_caches: 3
[1655383.475347] tee (2173268): drop_caches: 3
[1655388.477053] tee (2173275): drop_caches: 3
[1655395.023333] tee (2173282): drop_caches: 3
[1655398.998678] mix-mixB-arm45-2172351 phase=A END
[1655399.006142] mix-mixB-arm45-2172351 phase=B START
[1656001.236993] mix-mixB-arm45-2172351 phase=B END
[1656001.450406] NVMeVirt: Measurement: command=stop epoch=1 host_bytes=131386253312 learner_active=0
[1656004.632886] EXT4-fs (nvme0n1): unmounting filesystem 4c231c95-a7e2-4e79-b2dc-f535339d21a4.
[1656004.850064] pci_bus 0001:10: busn_res: [bus 10-ff] is released
[1656004.850111] NVMeVirt: GC stats: ns=0 policy=cat-fig7-fixed host_pages=32076722 gc_pages=56959543 gc_count=1391191 WAF=2.775 warmup_gc=100-per-part
[1656004.920882] NVMeVirt: Virtual NVMe device closed
