[1674772.586881] mix-mixD-arm56-2194097 BEGIN
[1674772.682349] NVMeVirt: Version 1.10 for >> Samsung 970 Pro SSD <<
[1674772.682355] NVMeVirt: Storage: 0x100100000-0x300000000 (8191 MiB)
[1674772.692843] NVMeVirt: Total Capacity(GiB,MiB)=2,2048 chs=2 luns=4 lines=8192 blk-size(MiB,KiB)=0,64 line-size(MiB,KiB)=0,256
[1674772.704175] NVMeVirt: [chmodel_init] bandwidth 800 max_credits 26 tx_time 152
[1674772.715163] NVMeVirt: [chmodel_init] bandwidth 800 max_credits 26 tx_time 152
[1674772.715177] NVMeVirt: [chmodel_init] bandwidth 3360 max_credits 110 tx_time 36
[1674772.715179] NVMeVirt: Fixed CAT init ns=0 part=0 arm=56 k=10 scale_pct=200 age_ratio=16
[1674772.716154] NVMeVirt: pqueue: Copyright (c) 2014, Volkan Yazıcı <volkan.yazici@gmail.com>. All rights reserved.
[1674772.716196] NVMeVirt: Init FTL instance with 2 channels (524288 pages)
[1674772.716197] NVMeVirt: GC victim policy: cat-fig7-fixed ns=0 part=0 initial_k=10 initial_scale_pct=200 initial_age_ratio=16 warmup_gc=100
[1674772.726666] NVMeVirt: [chmodel_init] bandwidth 800 max_credits 26 tx_time 152
[1674772.737602] NVMeVirt: [chmodel_init] bandwidth 800 max_credits 26 tx_time 152
[1674772.737628] NVMeVirt: [chmodel_init] bandwidth 3360 max_credits 110 tx_time 36
[1674772.737630] NVMeVirt: Fixed CAT init ns=0 part=1 arm=56 k=10 scale_pct=200 age_ratio=16
[1674772.738510] NVMeVirt: Init FTL instance with 2 channels (524288 pages)
[1674772.738513] NVMeVirt: GC victim policy: cat-fig7-fixed ns=0 part=1 initial_k=10 initial_scale_pct=200 initial_age_ratio=16 warmup_gc=100
[1674772.749489] NVMeVirt: [chmodel_init] bandwidth 800 max_credits 26 tx_time 152
[1674772.760054] NVMeVirt: [chmodel_init] bandwidth 800 max_credits 26 tx_time 152
[1674772.760067] NVMeVirt: [chmodel_init] bandwidth 3360 max_credits 110 tx_time 36
[1674772.760069] NVMeVirt: Fixed CAT init ns=0 part=2 arm=56 k=10 scale_pct=200 age_ratio=16
[1674772.761074] NVMeVirt: Init FTL instance with 2 channels (524288 pages)
[1674772.761076] NVMeVirt: GC victim policy: cat-fig7-fixed ns=0 part=2 initial_k=10 initial_scale_pct=200 initial_age_ratio=16 warmup_gc=100
[1674772.771482] NVMeVirt: [chmodel_init] bandwidth 800 max_credits 26 tx_time 152
[1674772.781933] NVMeVirt: [chmodel_init] bandwidth 800 max_credits 26 tx_time 152
[1674772.781946] NVMeVirt: [chmodel_init] bandwidth 3360 max_credits 110 tx_time 36
[1674772.781949] NVMeVirt: Fixed CAT init ns=0 part=3 arm=56 k=10 scale_pct=200 age_ratio=16
[1674772.782871] NVMeVirt: Init FTL instance with 2 channels (524288 pages)
[1674772.782874] NVMeVirt: GC victim policy: cat-fig7-fixed ns=0 part=3 initial_k=10 initial_scale_pct=200 initial_age_ratio=16 warmup_gc=100
[1674772.782881] NVMeVirt: FTL physical space: 8588886016, logical space: 8026996276 (physical/logical * 100 = 107)
[1674772.782882] NVMeVirt: ns 0/1: size 7655 MiB
[1674772.782934] PCI host bridge to bus 0001:10
[1674772.782936] pci_bus 0001:10: root bus resource [io  0x0000-0xffff]
[1674772.782939] pci_bus 0001:10: root bus resource [mem 0x00000000-0x7fffffffff]
[1674772.782941] pci_bus 0001:10: root bus resource [bus 00-ff]
[1674772.782949] pci 0001:10:00.0: [0c51:0110] type 00 class 0x010802 PCIe Endpoint
[1674772.782953] pci 0001:10:00.0: BAR 0 [mem 0x100000000-0x100003fff 64bit]
[1674772.782955] pci 0001:10:00.0: enabling Extended Tags
[1674772.783084] NVMeVirt: Virtual PCI bus created (node 0)
[1674772.783353] NVMeVirt: nvmev_io_worker_0 started on cpu 2 (node 0)
[1674772.783454] NVMeVirt: nvmev_dispatcher started on cpu 1 (node 0)
[1674772.783479] NVMeVirt: Virtual NVMe device created
[1674772.783757] nvme nvme0: pci function 0001:10:00.0
[1674772.786448] nvme nvme0: 8/0/0 default/read/poll queues
[1674773.234476] EXT4-fs (nvme0n1): mounted filesystem 23f44ed3-71b6-486f-93e4-5e4d2ebc4e92 r/w with ordered data mode. Quota mode: none.
[1674855.631873] NVMeVirt: Fixed CAT init ns=0 part=0 arm=56 k=10 scale_pct=200 age_ratio=16
[1674855.631879] NVMeVirt: Fixed CAT init ns=0 part=1 arm=56 k=10 scale_pct=200 age_ratio=16
[1674855.631881] NVMeVirt: Fixed CAT init ns=0 part=2 arm=56 k=10 scale_pct=200 age_ratio=16
[1674855.631883] NVMeVirt: Fixed CAT init ns=0 part=3 arm=56 k=10 scale_pct=200 age_ratio=16
[1674855.631884] NVMeVirt: Measurement: command=start epoch=1 host_bytes=0 learner_active=1
[1674855.639685] mix-mixD-arm56-2194097 phase=A START
[1675455.950590] mix-mixD-arm56-2194097 phase=A END
[1675455.957492] mix-mixD-arm56-2194097 phase=B START
[1676056.334003] mix-mixD-arm56-2194097 phase=B END
[1676056.337258] NVMeVirt: Measurement: command=stop epoch=1 host_bytes=122884431872 learner_active=0
[1676056.425526] EXT4-fs (nvme0n1): unmounting filesystem 23f44ed3-71b6-486f-93e4-5e4d2ebc4e92.
[1676056.497566] pci_bus 0001:10: busn_res: [bus 10-ff] is released
[1676056.497631] NVMeVirt: GC stats: ns=0 policy=cat-fig7-fixed host_pages=30001082 gc_pages=29968158 gc_count=937019 WAF=1.998 warmup_gc=100-per-part
[1676056.574763] NVMeVirt: Virtual NVMe device closed
