[1764346.174657] mix-mixD-fixed47-2441910 BEGIN
[1764346.294958] NVMeVirt: Version 1.10 for >> Samsung 970 Pro SSD <<
[1764346.294965] NVMeVirt: Storage: 0x100100000-0x300000000 (8191 MiB)
[1764346.305523] NVMeVirt: Total Capacity(GiB,MiB)=2,2048 chs=2 luns=4 lines=8192 blk-size(MiB,KiB)=0,64 line-size(MiB,KiB)=0,256
[1764346.316974] NVMeVirt: [chmodel_init] bandwidth 800 max_credits 26 tx_time 152
[1764346.328130] NVMeVirt: [chmodel_init] bandwidth 800 max_credits 26 tx_time 152
[1764346.328147] NVMeVirt: [chmodel_init] bandwidth 3360 max_credits 110 tx_time 36
[1764346.328150] NVMeVirt: Fixed CAT init ns=0 part=0 arm=47 k=10 scale_pct=25 age_ratio=16
[1764346.329086] NVMeVirt: pqueue: Copyright (c) 2014, Volkan Yazıcı <volkan.yazici@gmail.com>. All rights reserved.
[1764346.329121] NVMeVirt: Init FTL instance with 2 channels (524288 pages)
[1764346.329123] NVMeVirt: GC victim policy: cat-fig7-fixed ns=0 part=0 initial_k=10 initial_scale_pct=25 initial_age_ratio=16 warmup_gc=100
[1764346.339527] NVMeVirt: [chmodel_init] bandwidth 800 max_credits 26 tx_time 152
[1764346.349798] NVMeVirt: [chmodel_init] bandwidth 800 max_credits 26 tx_time 152
[1764346.349813] NVMeVirt: [chmodel_init] bandwidth 3360 max_credits 110 tx_time 36
[1764346.349815] NVMeVirt: Fixed CAT init ns=0 part=1 arm=47 k=10 scale_pct=25 age_ratio=16
[1764346.350811] NVMeVirt: Init FTL instance with 2 channels (524288 pages)
[1764346.350814] NVMeVirt: GC victim policy: cat-fig7-fixed ns=0 part=1 initial_k=10 initial_scale_pct=25 initial_age_ratio=16 warmup_gc=100
[1764346.360970] NVMeVirt: [chmodel_init] bandwidth 800 max_credits 26 tx_time 152
[1764346.371049] NVMeVirt: [chmodel_init] bandwidth 800 max_credits 26 tx_time 152
[1764346.371063] NVMeVirt: [chmodel_init] bandwidth 3360 max_credits 110 tx_time 36
[1764346.371065] NVMeVirt: Fixed CAT init ns=0 part=2 arm=47 k=10 scale_pct=25 age_ratio=16
[1764346.372101] NVMeVirt: Init FTL instance with 2 channels (524288 pages)
[1764346.372104] NVMeVirt: GC victim policy: cat-fig7-fixed ns=0 part=2 initial_k=10 initial_scale_pct=25 initial_age_ratio=16 warmup_gc=100
[1764346.382571] NVMeVirt: [chmodel_init] bandwidth 800 max_credits 26 tx_time 152
[1764346.392761] NVMeVirt: [chmodel_init] bandwidth 800 max_credits 26 tx_time 152
[1764346.392775] NVMeVirt: [chmodel_init] bandwidth 3360 max_credits 110 tx_time 36
[1764346.392777] NVMeVirt: Fixed CAT init ns=0 part=3 arm=47 k=10 scale_pct=25 age_ratio=16
[1764346.393725] NVMeVirt: Init FTL instance with 2 channels (524288 pages)
[1764346.393728] NVMeVirt: GC victim policy: cat-fig7-fixed ns=0 part=3 initial_k=10 initial_scale_pct=25 initial_age_ratio=16 warmup_gc=100
[1764346.393735] NVMeVirt: FTL physical space: 8588886016, logical space: 8026996276 (physical/logical * 100 = 107)
[1764346.393737] NVMeVirt: ns 0/1: size 7655 MiB
[1764346.393787] PCI host bridge to bus 0001:10
[1764346.393789] pci_bus 0001:10: root bus resource [io  0x0000-0xffff]
[1764346.393792] pci_bus 0001:10: root bus resource [mem 0x00000000-0x7fffffffff]
[1764346.393794] pci_bus 0001:10: root bus resource [bus 00-ff]
[1764346.393816] pci 0001:10:00.0: [0c51:0110] type 00 class 0x010802 PCIe Endpoint
[1764346.393820] pci 0001:10:00.0: BAR 0 [mem 0x100000000-0x100003fff 64bit]
[1764346.393823] pci 0001:10:00.0: enabling Extended Tags
[1764346.393946] NVMeVirt: Virtual PCI bus created (node 0)
[1764346.394238] NVMeVirt: nvmev_io_worker_0 started on cpu 2 (node 0)
[1764346.394352] NVMeVirt: nvmev_dispatcher started on cpu 1 (node 0)
[1764346.394367] NVMeVirt: Virtual NVMe device created
[1764346.394505] nvme nvme0: pci function 0001:10:00.0
[1764346.397380] nvme nvme0: 8/0/0 default/read/poll queues
[1764346.966660] EXT4-fs (nvme0n1): mounted filesystem 97134bbc-5da7-45a4-8aea-5c205d21acd8 r/w with ordered data mode. Quota mode: none.
[1764429.353015] NVMeVirt: Fixed CAT init ns=0 part=0 arm=47 k=10 scale_pct=25 age_ratio=16
[1764429.353021] NVMeVirt: Fixed CAT init ns=0 part=1 arm=47 k=10 scale_pct=25 age_ratio=16
[1764429.353023] NVMeVirt: Fixed CAT init ns=0 part=2 arm=47 k=10 scale_pct=25 age_ratio=16
[1764429.353025] NVMeVirt: Fixed CAT init ns=0 part=3 arm=47 k=10 scale_pct=25 age_ratio=16
[1764429.353026] NVMeVirt: Measurement: command=start epoch=1 host_bytes=0 learner_active=1
[1764429.361482] mix-mixD-fixed47-2441910 phase=A START
[1766229.699692] mix-mixD-fixed47-2441910 phase=A END
[1766229.707278] mix-mixD-fixed47-2441910 phase=B START
[1768030.062896] mix-mixD-fixed47-2441910 phase=B END
[1768030.066119] NVMeVirt: Measurement: command=stop epoch=1 host_bytes=368653299712 learner_active=0
[1768030.166589] EXT4-fs (nvme0n1): unmounting filesystem 97134bbc-5da7-45a4-8aea-5c205d21acd8.
[1768030.230023] pci_bus 0001:10: busn_res: [bus 10-ff] is released
[1768030.230121] NVMeVirt: GC stats: ns=0 policy=cat-fig7-fixed host_pages=90003247 gc_pages=69170672 gc_count=2487093 WAF=1.768 warmup_gc=100-per-part
[1768030.301370] NVMeVirt: Virtual NVMe device closed
