[466605.762170] NVMeVirt: Version 1.10 for >> Samsung 970 Pro SSD <<
[466605.762177] NVMeVirt: Storage: 0x100100000-0x300000000 (8191 MiB)
[466605.772534] NVMeVirt: Total Capacity(GiB,MiB)=2,2048 chs=2 luns=4 lines=8192 blk-size(MiB,KiB)=0,64 line-size(MiB,KiB)=0,256
[466605.782948] NVMeVirt: [chmodel_init] bandwidth 800 max_credits 26 tx_time 152
[466605.793061] NVMeVirt: [chmodel_init] bandwidth 800 max_credits 26 tx_time 152
[466605.793075] NVMeVirt: [chmodel_init] bandwidth 3360 max_credits 110 tx_time 36
[466605.793077] NVMeVirt: Fixed CAT init ns=0 part=0 arm=34 k=7 scale_pct=50 age_ratio=7
[466605.794462] NVMeVirt: pqueue: Copyright (c) 2014, Volkan Yazıcı <volkan.yazici@gmail.com>. All rights reserved.
[466605.794499] NVMeVirt: Init FTL instance with 2 channels (524288 pages)
[466605.794501] NVMeVirt: GC victim policy: cat-fig7-fixed ns=0 part=0 initial_k=7 initial_scale_pct=50 initial_age_ratio=7 warmup_gc=100
[466605.804496] NVMeVirt: [chmodel_init] bandwidth 800 max_credits 26 tx_time 152
[466605.814577] NVMeVirt: [chmodel_init] bandwidth 800 max_credits 26 tx_time 152
[466605.814590] NVMeVirt: [chmodel_init] bandwidth 3360 max_credits 110 tx_time 36
[466605.814592] NVMeVirt: Fixed CAT init ns=0 part=1 arm=34 k=7 scale_pct=50 age_ratio=7
[466605.815979] NVMeVirt: Init FTL instance with 2 channels (524288 pages)
[466605.815982] NVMeVirt: GC victim policy: cat-fig7-fixed ns=0 part=1 initial_k=7 initial_scale_pct=50 initial_age_ratio=7 warmup_gc=100
[466605.825938] NVMeVirt: [chmodel_init] bandwidth 800 max_credits 26 tx_time 152
[466605.835923] NVMeVirt: [chmodel_init] bandwidth 800 max_credits 26 tx_time 152
[466605.835936] NVMeVirt: [chmodel_init] bandwidth 3360 max_credits 110 tx_time 36
[466605.835938] NVMeVirt: Fixed CAT init ns=0 part=2 arm=34 k=7 scale_pct=50 age_ratio=7
[466605.837150] NVMeVirt: Init FTL instance with 2 channels (524288 pages)
[466605.837153] NVMeVirt: GC victim policy: cat-fig7-fixed ns=0 part=2 initial_k=7 initial_scale_pct=50 initial_age_ratio=7 warmup_gc=100
[466605.847116] NVMeVirt: [chmodel_init] bandwidth 800 max_credits 26 tx_time 152
[466605.856961] NVMeVirt: [chmodel_init] bandwidth 800 max_credits 26 tx_time 152
[466605.856974] NVMeVirt: [chmodel_init] bandwidth 3360 max_credits 110 tx_time 36
[466605.856975] NVMeVirt: Fixed CAT init ns=0 part=3 arm=34 k=7 scale_pct=50 age_ratio=7
[466605.858240] NVMeVirt: Init FTL instance with 2 channels (524288 pages)
[466605.858243] NVMeVirt: GC victim policy: cat-fig7-fixed ns=0 part=3 initial_k=7 initial_scale_pct=50 initial_age_ratio=7 warmup_gc=100
[466605.858249] NVMeVirt: FTL physical space: 8588886016, logical space: 8026996276 (physical/logical * 100 = 107)
[466605.858251] NVMeVirt: ns 0/1: size 7655 MiB
[466605.858300] PCI host bridge to bus 0001:10
[466605.858303] pci_bus 0001:10: root bus resource [io  0x0000-0xffff]
[466605.858306] pci_bus 0001:10: root bus resource [mem 0x00000000-0x7fffffffff]
[466605.858308] pci_bus 0001:10: root bus resource [bus 00-ff]
[466605.858316] pci 0001:10:00.0: [0c51:0110] type 00 class 0x010802 PCIe Endpoint
[466605.858320] pci 0001:10:00.0: BAR 0 [mem 0x100000000-0x100003fff 64bit]
[466605.858322] pci 0001:10:00.0: enabling Extended Tags
[466605.858476] NVMeVirt: Virtual PCI bus created (node 0)
[466605.858838] NVMeVirt: nvmev_io_worker_0 started on cpu 2 (node 0)
[466605.858969] NVMeVirt: Virtual NVMe device created
[466605.859061] NVMeVirt: nvmev_dispatcher started on cpu 1 (node 0)
[466605.859113] nvme nvme0: pci function 0001:10:00.0
[466605.860739] nvme nvme0: 8/0/0 default/read/poll queues
[466607.155821] EXT4-fs (nvme0n1): mounted filesystem a70864c0-16ad-454e-8bfb-23c7b2f4275d r/w with ordered data mode. Quota mode: none.
[466607.721520] iCAT_SQLITE_LOAD_START run=20260917-052214-897927
[466793.698786] iCAT_SQLITE_LOAD_END run=20260917-052214-897927
[466794.320704] tee (898161): drop_caches: 3
[466795.519415] iCAT_SQLITE_RUN_START run=20260917-052214-897927
[466797.774519] tee (898211): drop_caches: 3
[466803.094330] tee (898222): drop_caches: 3
[466808.277934] tee (898226): drop_caches: 3
[466813.366686] tee (898230): drop_caches: 3
[466818.544423] tee (898236): drop_caches: 3
[466823.531986] tee (898241): drop_caches: 3
[466828.612104] tee (898245): drop_caches: 3
[466833.739495] tee (898249): drop_caches: 3
[466838.882980] tee (898257): drop_caches: 3
[466843.946698] tee (898261): drop_caches: 3
[466848.968595] tee (898266): drop_caches: 3
[466854.050464] tee (898270): drop_caches: 3
[466859.102160] tee (898274): drop_caches: 3
[466864.267389] tee (898278): drop_caches: 3
[466869.236810] tee (898282): drop_caches: 3
[466874.336533] tee (898286): drop_caches: 3
[466879.340506] tee (898290): drop_caches: 3
[466885.086152] tee (898296): drop_caches: 3
[466890.110279] tee (898300): drop_caches: 3
[466895.274886] tee (898304): drop_caches: 3
[466900.178670] tee (898312): drop_caches: 3
[466905.157108] tee (898316): drop_caches: 3
[466910.190322] tee (898326): drop_caches: 3
[466915.146464] tee (898336): drop_caches: 3
[466920.201678] tee (898340): drop_caches: 3
[466925.385028] tee (898344): drop_caches: 3
[466930.397345] tee (898348): drop_caches: 3
[466935.424367] tee (898352): drop_caches: 3
[466940.390896] tee (898356): drop_caches: 3
[466945.390000] tee (898360): drop_caches: 3
[466950.661839] tee (898364): drop_caches: 3
[466955.647465] tee (898368): drop_caches: 3
[466960.640685] tee (898376): drop_caches: 3
[466965.662083] tee (898380): drop_caches: 3
[466970.621792] tee (898384): drop_caches: 3
[466975.768557] tee (898388): drop_caches: 3
[466980.813606] tee (898392): drop_caches: 3
[466985.841231] tee (898396): drop_caches: 3
[466990.862003] tee (898400): drop_caches: 3
[466996.199756] tee (898404): drop_caches: 3
[467001.745277] tee (898414): drop_caches: 3
[467006.869599] tee (898418): drop_caches: 3
[467011.894168] tee (898422): drop_caches: 3
[467016.941249] tee (898430): drop_caches: 3
[467022.077630] tee (898434): drop_caches: 3
[467027.420036] tee (898438): drop_caches: 3
[467032.549494] tee (898442): drop_caches: 3
[467037.515337] tee (898446): drop_caches: 3
[467042.447287] tee (898451): drop_caches: 3
[467047.447933] tee (898455): drop_caches: 3
[467052.482717] tee (898459): drop_caches: 3
[467057.516004] tee (898463): drop_caches: 3
[467062.719837] tee (898467): drop_caches: 3
[467067.757945] tee (898471): drop_caches: 3
[467073.123730] tee (898484): drop_caches: 3
[467080.684468] tee (898551): drop_caches: 3
[467089.264104] tee (898589): drop_caches: 3
[467100.316324] tee (898651): drop_caches: 3
[467109.359179] tee (898705): drop_caches: 3
[467116.148430] tee (898711): drop_caches: 3
[467121.338228] tee (898715): drop_caches: 3
[467126.426697] tee (898719): drop_caches: 3
[467132.219912] tee (898724): drop_caches: 3
[467137.301415] tee (898732): drop_caches: 3
[467142.354118] tee (898736): drop_caches: 3
[467147.402118] tee (898740): drop_caches: 3
[467152.587256] tee (898744): drop_caches: 3
[467157.658733] tee (898748): drop_caches: 3
[467162.683006] tee (898752): drop_caches: 3
[467168.005246] tee (898756): drop_caches: 3
[467173.145673] tee (898760): drop_caches: 3
[467178.328340] tee (898764): drop_caches: 3
[467183.500111] tee (898768): drop_caches: 3
[467188.633749] tee (898774): drop_caches: 3
[467193.722628] tee (898778): drop_caches: 3
[467198.876572] tee (898786): drop_caches: 3
[467203.889480] tee (898790): drop_caches: 3
[467208.947728] tee (898794): drop_caches: 3
[467213.935849] tee (898798): drop_caches: 3
[467218.991411] tee (898802): drop_caches: 3
[467224.026744] tee (898806): drop_caches: 3
[467229.124454] tee (898810): drop_caches: 3
[467234.203086] tee (898815): drop_caches: 3
[467239.381906] tee (898819): drop_caches: 3
[467244.324661] tee (898823): drop_caches: 3
[467249.325928] tee (898827): drop_caches: 3
[467254.338835] tee (898831): drop_caches: 3
[467259.346420] tee (898839): drop_caches: 3
[467264.484811] tee (898843): drop_caches: 3
[467269.714540] tee (898847): drop_caches: 3
[467274.724416] tee (898851): drop_caches: 3
[467279.690776] tee (898856): drop_caches: 3
[467284.695702] tee (898860): drop_caches: 3
[467289.639502] tee (898865): drop_caches: 3
[467294.634471] tee (898869): drop_caches: 3
[467299.682849] tee (898873): drop_caches: 3
[467304.875325] tee (898882): drop_caches: 3
[467309.939312] tee (898886): drop_caches: 3
[467314.915647] tee (898890): drop_caches: 3
[467319.794770] tee (898898): drop_caches: 3
[467324.739540] tee (898902): drop_caches: 3
[467330.205046] tee (898919): drop_caches: 3
[467335.995182] tee (898924): drop_caches: 3
[467341.069362] tee (898928): drop_caches: 3
[467346.058154] tee (898932): drop_caches: 3
[467351.081335] tee (898937): drop_caches: 3
[467356.067633] tee (898941): drop_caches: 3
[467361.071770] tee (898945): drop_caches: 3
[467366.074623] tee (898951): drop_caches: 3
[467371.113972] tee (898955): drop_caches: 3
[467375.904258] tee (898962): drop_caches: 3
[467380.864888] tee (898970): drop_caches: 3
[467385.822716] tee (898974): drop_caches: 3
[467390.840570] tee (898978): drop_caches: 3
[467395.886501] tee (898982): drop_caches: 3
[467400.881097] tee (898987): drop_caches: 3
[467405.941177] tee (898992): drop_caches: 3
[467411.142218] tee (898996): drop_caches: 3
[467416.149510] tee (899000): drop_caches: 3
[467421.258190] tee (899004): drop_caches: 3
[467426.321692] tee (899008): drop_caches: 3
[467431.333400] tee (899012): drop_caches: 3
[467436.424969] tee (899016): drop_caches: 3
[467441.588453] tee (899024): drop_caches: 3
[467446.675979] tee (899029): drop_caches: 3
[467451.666317] tee (899033): drop_caches: 3
[467456.801262] tee (899037): drop_caches: 3
[467461.766011] tee (899042): drop_caches: 3
[467466.958363] tee (899046): drop_caches: 3
[467472.005385] tee (899050): drop_caches: 3
[467476.964543] tee (899054): drop_caches: 3
[467482.049915] tee (899058): drop_caches: 3
[467487.081495] tee (899062): drop_caches: 3
[467492.020608] tee (899068): drop_caches: 3
[467497.127818] tee (899076): drop_caches: 3
[467502.132064] tee (899080): drop_caches: 3
[467507.168152] tee (899084): drop_caches: 3
[467512.295700] tee (899088): drop_caches: 3
[467517.348239] tee (899092): drop_caches: 3
[467522.318592] tee (899096): drop_caches: 3
[467527.328332] tee (899100): drop_caches: 3
[467532.252945] tee (899104): drop_caches: 3
[467537.176920] tee (899108): drop_caches: 3
[467542.218477] tee (899112): drop_caches: 3
[467547.173372] tee (899116): drop_caches: 3
[467552.312084] tee (899120): drop_caches: 3
[467557.270885] tee (899128): drop_caches: 3
[467562.232073] tee (899132): drop_caches: 3
[467567.193996] tee (899136): drop_caches: 3
[467572.154580] tee (899140): drop_caches: 3
[467577.132408] tee (899144): drop_caches: 3
[467582.208489] tee (899149): drop_caches: 3
[467587.244914] tee (899153): drop_caches: 3
[467592.295871] tee (899158): drop_caches: 3
[467597.262154] tee (899163): drop_caches: 3
[467602.307354] tee (899173): drop_caches: 3
[467607.225401] tee (899177): drop_caches: 3
[467612.291223] tee (899181): drop_caches: 3
[467617.330468] tee (899189): drop_caches: 3
[467622.419408] tee (899193): drop_caches: 3
[467627.360517] tee (899198): drop_caches: 3
[467632.464715] tee (899202): drop_caches: 3
[467637.408195] tee (899206): drop_caches: 3
[467642.411139] tee (899210): drop_caches: 3
[467647.507213] tee (899214): drop_caches: 3
[467652.558043] tee (899218): drop_caches: 3
[467657.619864] tee (899222): drop_caches: 3
[467662.671998] tee (899226): drop_caches: 3
[467667.692210] tee (899230): drop_caches: 3
[467672.712955] tee (899235): drop_caches: 3
[467677.999354] tee (899301): drop_caches: 3
[467684.985579] tee (899319): drop_caches: 3
[467690.211002] tee (899350): drop_caches: 3
[467695.296732] tee (899354): drop_caches: 3
[467700.302789] tee (899358): drop_caches: 3
[467705.487328] tee (899362): drop_caches: 3
[467710.477506] tee (899366): drop_caches: 3
[467715.504426] tee (899370): drop_caches: 3
[467720.928280] tee (899374): drop_caches: 3
[467726.028611] tee (899378): drop_caches: 3
[467731.235329] tee (899382): drop_caches: 3
[467736.379802] tee (899386): drop_caches: 3
[467741.413266] tee (899394): drop_caches: 3
[467746.413087] tee (899398): drop_caches: 3
[467751.502713] tee (899402): drop_caches: 3
[467756.628649] tee (899406): drop_caches: 3
[467761.720373] tee (899410): drop_caches: 3
[467766.839469] tee (899414): drop_caches: 3
[467771.833084] tee (899419): drop_caches: 3
[467776.866329] tee (899423): drop_caches: 3
[467781.923935] tee (899427): drop_caches: 3
[467787.209659] tee (899431): drop_caches: 3
[467792.520838] tee (899437): drop_caches: 3
[467797.681688] tee (899445): drop_caches: 3
[467802.763945] tee (899449): drop_caches: 3
[467807.775261] tee (899453): drop_caches: 3
[467812.947477] tee (899457): drop_caches: 3
[467818.045623] tee (899461): drop_caches: 3
[467823.098066] tee (899466): drop_caches: 3
[467828.259456] tee (899470): drop_caches: 3
[467833.348129] tee (899474): drop_caches: 3
[467838.447451] tee (899478): drop_caches: 3
[467843.536142] tee (899482): drop_caches: 3
[467848.618285] tee (899486): drop_caches: 3
[467853.731085] tee (899490): drop_caches: 3
[467858.943297] tee (899498): drop_caches: 3
[467864.062711] tee (899502): drop_caches: 3
[467869.328946] tee (899506): drop_caches: 3
[467874.315070] tee (899510): drop_caches: 3
[467879.328505] tee (899514): drop_caches: 3
[467884.430394] tee (899518): drop_caches: 3
[467889.501225] tee (899522): drop_caches: 3
[467894.496698] tee (899526): drop_caches: 3
[467899.799571] tee (899530): drop_caches: 3
[467904.808131] tee (899539): drop_caches: 3
[467909.893579] tee (899543): drop_caches: 3
[467915.019916] tee (899547): drop_caches: 3
[467920.035696] tee (899555): drop_caches: 3
[467925.008612] tee (899559): drop_caches: 3
[467930.239717] tee (899563): drop_caches: 3
[467935.214978] tee (899567): drop_caches: 3
[467940.253062] tee (899571): drop_caches: 3
[467945.245326] tee (899575): drop_caches: 3
[467950.254706] tee (899579): drop_caches: 3
[467955.271238] tee (899583): drop_caches: 3
[467960.646919] tee (899587): drop_caches: 3
[467965.643828] tee (899591): drop_caches: 3
[467970.655656] tee (899595): drop_caches: 3
[467975.395695] tee (899602): drop_caches: 3
[467980.484530] tee (899610): drop_caches: 3
[467985.388795] tee (899614): drop_caches: 3
[467990.600341] tee (899618): drop_caches: 3
[467995.683299] tee (899622): drop_caches: 3
[468000.757524] tee (899626): drop_caches: 3
[468005.732773] tee (899631): drop_caches: 3
[468010.820712] tee (899636): drop_caches: 3
[468015.768560] tee (899640): drop_caches: 3
[468020.882687] tee (899644): drop_caches: 3
[468025.947913] tee (899648): drop_caches: 3
[468031.062004] tee (899652): drop_caches: 3
[468036.107256] tee (899656): drop_caches: 3
[468041.183498] tee (899664): drop_caches: 3
[468046.234927] tee (899668): drop_caches: 3
[468051.526874] tee (899674): drop_caches: 3
[468056.649226] tee (899678): drop_caches: 3
[468061.754103] tee (899682): drop_caches: 3
[468066.802515] tee (899686): drop_caches: 3
[468071.982197] tee (899691): drop_caches: 3
[468077.020343] tee (899695): drop_caches: 3
[468082.166076] tee (899699): drop_caches: 3
[468087.213376] tee (899703): drop_caches: 3
[468092.206740] tee (899707): drop_caches: 3
[468097.182182] tee (899713): drop_caches: 3
[468102.275307] tee (899721): drop_caches: 3
[468107.260177] tee (899725): drop_caches: 3
[468112.364746] tee (899729): drop_caches: 3
[468117.414961] tee (899733): drop_caches: 3
[468122.469833] tee (899737): drop_caches: 3
[468127.510075] tee (899741): drop_caches: 3
[468132.623670] tee (899746): drop_caches: 3
[468137.614101] tee (899750): drop_caches: 3
[468142.771522] tee (899754): drop_caches: 3
[468147.858251] tee (899758): drop_caches: 3
[468152.919035] tee (899762): drop_caches: 3
[468157.976880] tee (899770): drop_caches: 3
[468163.049197] tee (899774): drop_caches: 3
[468167.999900] tee (899778): drop_caches: 3
[468173.127170] tee (899782): drop_caches: 3
[468178.249905] tee (899786): drop_caches: 3
[468183.372606] tee (899790): drop_caches: 3
[468188.465282] tee (899795): drop_caches: 3
[468193.668356] tee (899799): drop_caches: 3
[468198.670912] tee (899803): drop_caches: 3
[468203.759520] tee (899813): drop_caches: 3
[468208.955411] tee (899817): drop_caches: 3
[468214.258661] tee (899821): drop_caches: 3
[468219.277169] tee (899829): drop_caches: 3
[468224.457435] tee (899833): drop_caches: 3
[468229.536797] tee (899837): drop_caches: 3
[468234.680677] tee (899841): drop_caches: 3
[468239.732373] tee (899846): drop_caches: 3
[468245.084644] tee (899852): drop_caches: 3
[468250.129333] tee (899856): drop_caches: 3
[468255.196424] tee (899860): drop_caches: 3
[468260.175410] tee (899864): drop_caches: 3
[468265.192480] tee (899868): drop_caches: 3
[468270.234592] tee (899872): drop_caches: 3
[468275.314400] tee (899899): drop_caches: 3
[468280.971588] tee (899957): drop_caches: 3
[468286.149858] tee (899961): drop_caches: 3
[468291.342664] tee (899965): drop_caches: 3
[468296.420783] tee (899969): drop_caches: 3
[468301.546172] tee (899973): drop_caches: 3
[468306.682925] tee (899978): drop_caches: 3
[468311.758947] tee (899982): drop_caches: 3
[468316.952922] tee (899986): drop_caches: 3
[468322.099923] tee (899990): drop_caches: 3
[468327.320003] tee (899994): drop_caches: 3
[468332.508268] tee (899998): drop_caches: 3
[468337.537267] tee (900002): drop_caches: 3
[468342.651659] tee (900011): drop_caches: 3
[468347.851194] tee (900015): drop_caches: 3
[468353.127489] tee (900019): drop_caches: 3
[468358.220712] tee (900023): drop_caches: 3
[468363.318070] tee (900028): drop_caches: 3
[468368.403405] tee (900032): drop_caches: 3
[468373.531426] tee (900036): drop_caches: 3
[468378.756717] tee (900040): drop_caches: 3
[468383.802157] tee (900044): drop_caches: 3
[468388.879201] tee (900048): drop_caches: 3
[468393.934524] tee (900052): drop_caches: 3
[468399.015380] tee (900062): drop_caches: 3
[468405.338990] tee (900074): drop_caches: 3
[468411.516371] tee (900084): drop_caches: 3
[468416.530513] tee (900088): drop_caches: 3
[468421.497544] tee (900092): drop_caches: 3
[468426.441708] tee (900097): drop_caches: 3
[468431.456173] tee (900101): drop_caches: 3
[468436.463228] tee (900105): drop_caches: 3
[468441.521293] tee (900111): drop_caches: 3
[468446.579144] tee (900115): drop_caches: 3
[468451.555300] tee (900119): drop_caches: 3
[468456.616908] tee (900123): drop_caches: 3
[468461.580296] tee (900131): drop_caches: 3
[468466.682803] tee (900135): drop_caches: 3
[468471.745078] tee (900139): drop_caches: 3
[468476.808016] tee (900144): drop_caches: 3
[468481.899855] tee (900148): drop_caches: 3
[468486.953655] tee (900152): drop_caches: 3
[468491.941684] tee (900156): drop_caches: 3
[468496.905880] tee (900160): drop_caches: 3
[468502.832696] tee (900198): drop_caches: 3
[468508.979484] tee (900211): drop_caches: 3
[468514.130610] tee (900225): drop_caches: 3
[468519.325575] tee (900237): drop_caches: 3
[468524.290554] tee (900241): drop_caches: 3
[468529.407788] tee (900245): drop_caches: 3
[468534.703305] tee (900250): drop_caches: 3
[468539.799421] tee (900254): drop_caches: 3
[468544.881039] tee (900258): drop_caches: 3
[468550.055761] tee (900262): drop_caches: 3
[468554.977803] tee (900266): drop_caches: 3
[468559.976354] tee (900270): drop_caches: 3
[468565.194649] tee (900274): drop_caches: 3
[468570.315778] tee (900278): drop_caches: 3
[468575.067233] tee (900285): drop_caches: 3
[468580.071232] tee (900293): drop_caches: 3
[468585.092269] tee (900297): drop_caches: 3
[468590.049452] tee (900301): drop_caches: 3
[468595.098686] tee (900305): drop_caches: 3
[468600.136684] tee (900309): drop_caches: 3
[468605.249595] tee (900313): drop_caches: 3
[468610.317155] tee (900317): drop_caches: 3
[468615.311527] tee (900322): drop_caches: 3
[468620.353972] tee (900326): drop_caches: 3
[468625.444715] tee (900330): drop_caches: 3
[468630.400306] tee (900334): drop_caches: 3
[468635.337140] tee (900338): drop_caches: 3
[468640.310256] tee (900346): drop_caches: 3
[468645.229361] tee (900350): drop_caches: 3
[468650.247320] tee (900355): drop_caches: 3
[468655.467253] tee (900359): drop_caches: 3
[468660.508763] tee (900363): drop_caches: 3
[468665.519525] tee (900367): drop_caches: 3
[468670.520273] tee (900371): drop_caches: 3
[468675.485985] tee (900375): drop_caches: 3
[468680.479026] tee (900379): drop_caches: 3
[468685.516716] tee (900383): drop_caches: 3
[468690.627647] tee (900387): drop_caches: 3
[468695.536995] tee (900391): drop_caches: 3
[468700.634036] tee (900401): drop_caches: 3
[468705.612569] tee (900405): drop_caches: 3
[468710.682002] tee (900409): drop_caches: 3
[468715.699767] tee (900413): drop_caches: 3
[468720.693462] tee (900417): drop_caches: 3
[468725.735182] tee (900421): drop_caches: 3
[468730.710653] tee (900425): drop_caches: 3
[468735.624164] tee (900429): drop_caches: 3
[468740.683602] tee (900433): drop_caches: 3
[468745.781725] tee (900437): drop_caches: 3
[468750.795861] tee (900441): drop_caches: 3
[468755.764933] tee (900445): drop_caches: 3
[468760.815570] tee (900453): drop_caches: 3
[468765.776603] tee (900457): drop_caches: 3
[468770.820814] tee (900461): drop_caches: 3
[468775.871205] tee (900465): drop_caches: 3
[468780.848419] tee (900469): drop_caches: 3
[468785.945688] tee (900473): drop_caches: 3
[468791.163212] tee (900477): drop_caches: 3
[468796.243357] tee (900481): drop_caches: 3
[468801.628732] tee (900491): drop_caches: 3
[468806.831110] tee (900495): drop_caches: 3
[468812.248975] tee (900499): drop_caches: 3
[468817.329827] tee (900503): drop_caches: 3
[468822.418690] tee (900511): drop_caches: 3
[468827.474444] tee (900515): drop_caches: 3
[468832.699837] tee (900520): drop_caches: 3
[468837.851196] tee (900525): drop_caches: 3
[468843.220702] tee (900529): drop_caches: 3
[468848.761422] tee (900535): drop_caches: 3
[468850.387191] iCAT_SQLITE_RUN_END run=20260917-052214-897927
[468851.343175] EXT4-fs (nvme0n1): unmounting filesystem a70864c0-16ad-454e-8bfb-23c7b2f4275d.
[468851.705238] pci_bus 0001:10: busn_res: [bus 10-ff] is released
[468851.705283] NVMeVirt: GC stats: ns=0 policy=cat-fig7-fixed host_pages=33861677 gc_pages=7645576 gc_count=648544 WAF=1.225 warmup_gc=100-per-part
[468851.776574] NVMeVirt: Virtual NVMe device closed
