[414450.121405] NVMeVirt: Version 1.10 for >> Samsung 970 Pro SSD <<
[414450.121411] NVMeVirt: Storage: 0x100100000-0x300000000 (8191 MiB)
[414450.132152] NVMeVirt: Total Capacity(GiB,MiB)=2,2048 chs=2 luns=4 lines=8192 blk-size(MiB,KiB)=0,64 line-size(MiB,KiB)=0,256
[414450.144969] NVMeVirt: [chmodel_init] bandwidth 800 max_credits 26 tx_time 152
[414450.158821] NVMeVirt: [chmodel_init] bandwidth 800 max_credits 26 tx_time 152
[414450.158836] NVMeVirt: [chmodel_init] bandwidth 3360 max_credits 110 tx_time 36
[414450.158839] NVMeVirt: Fixed CAT init ns=0 part=0 arm=11 k=2 scale_pct=200 age_ratio=16
[414450.160058] NVMeVirt: pqueue: Copyright (c) 2014, Volkan Yazıcı <volkan.yazici@gmail.com>. All rights reserved.
[414450.160096] NVMeVirt: Init FTL instance with 2 channels (524288 pages)
[414450.160097] NVMeVirt: GC victim policy: cat-fig7-fixed ns=0 part=0 initial_k=2 initial_scale_pct=200 initial_age_ratio=16 warmup_gc=100
[414450.170499] NVMeVirt: [chmodel_init] bandwidth 800 max_credits 26 tx_time 152
[414450.184336] NVMeVirt: [chmodel_init] bandwidth 800 max_credits 26 tx_time 152
[414450.184351] NVMeVirt: [chmodel_init] bandwidth 3360 max_credits 110 tx_time 36
[414450.184353] NVMeVirt: Fixed CAT init ns=0 part=1 arm=11 k=2 scale_pct=200 age_ratio=16
[414450.185586] NVMeVirt: Init FTL instance with 2 channels (524288 pages)
[414450.185589] NVMeVirt: GC victim policy: cat-fig7-fixed ns=0 part=1 initial_k=2 initial_scale_pct=200 initial_age_ratio=16 warmup_gc=100
[414450.195906] NVMeVirt: [chmodel_init] bandwidth 800 max_credits 26 tx_time 152
[414450.206590] NVMeVirt: [chmodel_init] bandwidth 800 max_credits 26 tx_time 152
[414450.206609] NVMeVirt: [chmodel_init] bandwidth 3360 max_credits 110 tx_time 36
[414450.206611] NVMeVirt: Fixed CAT init ns=0 part=2 arm=11 k=2 scale_pct=200 age_ratio=16
[414450.208442] NVMeVirt: Init FTL instance with 2 channels (524288 pages)
[414450.208450] NVMeVirt: GC victim policy: cat-fig7-fixed ns=0 part=2 initial_k=2 initial_scale_pct=200 initial_age_ratio=16 warmup_gc=100
[414450.221668] NVMeVirt: [chmodel_init] bandwidth 800 max_credits 26 tx_time 152
[414450.232213] NVMeVirt: [chmodel_init] bandwidth 800 max_credits 26 tx_time 152
[414450.232226] NVMeVirt: [chmodel_init] bandwidth 3360 max_credits 110 tx_time 36
[414450.232228] NVMeVirt: Fixed CAT init ns=0 part=3 arm=11 k=2 scale_pct=200 age_ratio=16
[414450.233576] NVMeVirt: Init FTL instance with 2 channels (524288 pages)
[414450.233579] NVMeVirt: GC victim policy: cat-fig7-fixed ns=0 part=3 initial_k=2 initial_scale_pct=200 initial_age_ratio=16 warmup_gc=100
[414450.233585] NVMeVirt: FTL physical space: 8588886016, logical space: 8026996276 (physical/logical * 100 = 107)
[414450.233587] NVMeVirt: ns 0/1: size 7655 MiB
[414450.233634] PCI host bridge to bus 0001:10
[414450.233651] pci_bus 0001:10: root bus resource [io  0x0000-0xffff]
[414450.233653] pci_bus 0001:10: root bus resource [mem 0x00000000-0x7fffffffff]
[414450.233656] pci_bus 0001:10: root bus resource [bus 00-ff]
[414450.233662] pci 0001:10:00.0: [0c51:0110] type 00 class 0x010802 PCIe Endpoint
[414450.233666] pci 0001:10:00.0: BAR 0 [mem 0x100000000-0x100003fff 64bit]
[414450.233669] pci 0001:10:00.0: enabling Extended Tags
[414450.233853] NVMeVirt: Virtual PCI bus created (node 0)
[414450.234109] NVMeVirt: nvmev_io_worker_0 started on cpu 2 (node 0)
[414450.234174] NVMeVirt: nvmev_dispatcher started on cpu 1 (node 0)
[414450.234251] NVMeVirt: Virtual NVMe device created
[414450.234470] nvme nvme0: pci function 0001:10:00.0
[414450.238288] nvme nvme0: 8/0/0 default/read/poll queues
[414451.418794] EXT4-fs (nvme0n1): mounted filesystem 4abb4a2b-381d-436a-b34a-2a7d34ca6e49 r/w with ordered data mode. Quota mode: none.
[414451.876194] iCAT_SQLITE_LOAD_START run=20260916-145259-833538
[414645.794218] iCAT_SQLITE_LOAD_END run=20260916-145259-833538
[414646.402520] tee (833766): drop_caches: 3
[414647.773355] iCAT_SQLITE_RUN_START run=20260916-145259-833538
[414649.882525] tee (833811): drop_caches: 3
[414655.803895] tee (833828): drop_caches: 3
[414660.994725] tee (833832): drop_caches: 3
[414666.511769] tee (833837): drop_caches: 3
[414671.652599] tee (833845): drop_caches: 3
[414677.338934] tee (833849): drop_caches: 3
[414682.736905] tee (833853): drop_caches: 3
[414688.034034] tee (833858): drop_caches: 3
[414693.215555] tee (833862): drop_caches: 3
[414698.494227] tee (833866): drop_caches: 3
[414703.638428] tee (833870): drop_caches: 3
[414709.509847] tee (833876): drop_caches: 3
[414714.873528] tee (833880): drop_caches: 3
[414720.008521] tee (833884): drop_caches: 3
[414725.270495] tee (833889): drop_caches: 3
[414730.662330] tee (833897): drop_caches: 3
[414735.912220] tee (833901): drop_caches: 3
[414741.227606] tee (833906): drop_caches: 3
[414746.603509] tee (833910): drop_caches: 3
[414751.736252] tee (833914): drop_caches: 3
[414756.979703] tee (833924): drop_caches: 3
[414762.294783] tee (833934): drop_caches: 3
[414767.514547] tee (833938): drop_caches: 3
[414773.297688] tee (833942): drop_caches: 3
[414778.594685] tee (833946): drop_caches: 3
[414783.719264] tee (833950): drop_caches: 3
[414788.999663] tee (833958): drop_caches: 3
[414794.142921] tee (833962): drop_caches: 3
[414799.257571] tee (833966): drop_caches: 3
[414804.871985] tee (833976): drop_caches: 3
[414809.985674] tee (833980): drop_caches: 3
[414814.889961] tee (833984): drop_caches: 3
[414819.918810] tee (833988): drop_caches: 3
[414824.904271] tee (833992): drop_caches: 3
[414830.005167] tee (833996): drop_caches: 3
[414835.044253] tee (834000): drop_caches: 3
[414840.151662] tee (834004): drop_caches: 3
[414845.290668] tee (834008): drop_caches: 3
[414850.362240] tee (834016): drop_caches: 3
[414855.413817] tee (834020): drop_caches: 3
[414860.459036] tee (834024): drop_caches: 3
[414865.572353] tee (834028): drop_caches: 3
[414870.665328] tee (834032): drop_caches: 3
[414875.850116] tee (834064): drop_caches: 3
[414883.568425] tee (834102): drop_caches: 3
[414891.286059] tee (834144): drop_caches: 3
[414903.513379] tee (834228): drop_caches: 3
[414911.379490] tee (834263): drop_caches: 3
[414918.086867] tee (834269): drop_caches: 3
[414923.591095] tee (834274): drop_caches: 3
[414928.684119] tee (834278): drop_caches: 3
[414933.842671] tee (834282): drop_caches: 3
[414938.903579] tee (834286): drop_caches: 3
[414944.019013] tee (834290): drop_caches: 3
[414949.056269] tee (834294): drop_caches: 3
[414954.181323] tee (834298): drop_caches: 3
[414959.323643] tee (834302): drop_caches: 3
[414964.387250] tee (834306): drop_caches: 3
[414969.525293] tee (834313): drop_caches: 3
[414974.658467] tee (834319): drop_caches: 3
[414979.704251] tee (834323): drop_caches: 3
[414984.770751] tee (834327): drop_caches: 3
[414990.042002] tee (834331): drop_caches: 3
[414995.108828] tee (834335): drop_caches: 3
[415000.149863] tee (834339): drop_caches: 3
[415005.336698] tee (834343): drop_caches: 3
[415010.485400] tee (834349): drop_caches: 3
[415015.824602] tee (834353): drop_caches: 3
[415020.887247] tee (834357): drop_caches: 3
[415026.058431] tee (834361): drop_caches: 3
[415031.104512] tee (834369): drop_caches: 3
[415036.292204] tee (834373): drop_caches: 3
[415041.381151] tee (834377): drop_caches: 3
[415046.477064] tee (834382): drop_caches: 3
[415051.451527] tee (834386): drop_caches: 3
[415056.458107] tee (834390): drop_caches: 3
[415061.407438] tee (834394): drop_caches: 3
[415066.475387] tee (834398): drop_caches: 3
[415071.488210] tee (834402): drop_caches: 3
[415076.630376] tee (834406): drop_caches: 3
[415081.628981] tee (834411): drop_caches: 3
[415086.702877] tee (834415): drop_caches: 3
[415091.718299] tee (834424): drop_caches: 3
[415096.799390] tee (834428): drop_caches: 3
[415101.867968] tee (834437): drop_caches: 3
[415107.050280] tee (834441): drop_caches: 3
[415113.698125] tee (834453): drop_caches: 3
[415119.948708] tee (834463): drop_caches: 3
[415125.023158] tee (834467): drop_caches: 3
[415130.097843] tee (834471): drop_caches: 3
[415135.179539] tee (834476): drop_caches: 3
[415140.229625] tee (834480): drop_caches: 3
[415145.308456] tee (834486): drop_caches: 3
[415150.555771] tee (834495): drop_caches: 3
[415155.673027] tee (834499): drop_caches: 3
[415160.770994] tee (834503): drop_caches: 3
[415165.792435] tee (834507): drop_caches: 3
[415170.911201] tee (834511): drop_caches: 3
[415175.638723] tee (834518): drop_caches: 3
[415180.127984] tee (834522): drop_caches: 3
[415185.301519] tee (834526): drop_caches: 3
[415190.451803] tee (834530): drop_caches: 3
[415195.542318] tee (834534): drop_caches: 3
[415200.686117] tee (834538): drop_caches: 3
[415205.788805] tee (834542): drop_caches: 3
[415210.794288] tee (834550): drop_caches: 3
[415215.912124] tee (834554): drop_caches: 3
[415220.910575] tee (834558): drop_caches: 3
[415226.471616] tee (834563): drop_caches: 3
[415231.622911] tee (834567): drop_caches: 3
[415236.606295] tee (834572): drop_caches: 3
[415241.664916] tee (834576): drop_caches: 3
[415246.803247] tee (834581): drop_caches: 3
[415251.947403] tee (834585): drop_caches: 3
[415257.143948] tee (834589): drop_caches: 3
[415262.242273] tee (834594): drop_caches: 3
[415267.301523] tee (834598): drop_caches: 3
[415272.329238] tee (834606): drop_caches: 3
[415277.547175] tee (834610): drop_caches: 3
[415282.666219] tee (834614): drop_caches: 3
[415287.805578] tee (834618): drop_caches: 3
[415292.840489] tee (834622): drop_caches: 3
[415297.981955] tee (834626): drop_caches: 3
[415303.059422] tee (834630): drop_caches: 3
[415308.161471] tee (834634): drop_caches: 3
[415313.277458] tee (834640): drop_caches: 3
[415318.512755] tee (834644): drop_caches: 3
[415323.643968] tee (834648): drop_caches: 3
[415328.718970] tee (834653): drop_caches: 3
[415333.769641] tee (834661): drop_caches: 3
[415338.965397] tee (834665): drop_caches: 3
[415343.957314] tee (834669): drop_caches: 3
[415349.051966] tee (834673): drop_caches: 3
[415354.284464] tee (834677): drop_caches: 3
[415359.290773] tee (834681): drop_caches: 3
[415364.376198] tee (834685): drop_caches: 3
[415369.571067] tee (834689): drop_caches: 3
[415374.698045] tee (834693): drop_caches: 3
[415379.793480] tee (834697): drop_caches: 3
[415384.849571] tee (834701): drop_caches: 3
[415389.933775] tee (834707): drop_caches: 3
[415394.942430] tee (834715): drop_caches: 3
[415400.089596] tee (834719): drop_caches: 3
[415405.671649] tee (834729): drop_caches: 3
[415411.122563] tee (834733): drop_caches: 3
[415416.171255] tee (834737): drop_caches: 3
[415421.231733] tee (834741): drop_caches: 3
[415426.442037] tee (834746): drop_caches: 3
[415431.542409] tee (834750): drop_caches: 3
[415436.620597] tee (834754): drop_caches: 3
[415442.080883] tee (834758): drop_caches: 3
[415447.216581] tee (834762): drop_caches: 3
[415452.288689] tee (834770): drop_caches: 3
[415457.536424] tee (834774): drop_caches: 3
[415462.689695] tee (834778): drop_caches: 3
[415467.832970] tee (834782): drop_caches: 3
[415473.071434] tee (834792): drop_caches: 3
[415478.772709] tee (834859): drop_caches: 3
[415484.412500] tee (834868): drop_caches: 3
[415489.967487] tee (834896): drop_caches: 3
[415495.138796] tee (834900): drop_caches: 3
[415500.128238] tee (834904): drop_caches: 3
[415505.122892] tee (834908): drop_caches: 3
[415510.180815] tee (834912): drop_caches: 3
[415515.283931] tee (834920): drop_caches: 3
[415520.490020] tee (834924): drop_caches: 3
[415525.870264] tee (834928): drop_caches: 3
[415530.932997] tee (834932): drop_caches: 3
[415535.955918] tee (834936): drop_caches: 3
[415541.015552] tee (834940): drop_caches: 3
[415546.158197] tee (834944): drop_caches: 3
[415551.377866] tee (834948): drop_caches: 3
[415556.550320] tee (834952): drop_caches: 3
[415561.583679] tee (834956): drop_caches: 3
[415566.633374] tee (834960): drop_caches: 3
[415571.690465] tee (834968): drop_caches: 3
[415576.813198] tee (834972): drop_caches: 3
[415581.906910] tee (834976): drop_caches: 3
[415587.012738] tee (834980): drop_caches: 3
[415592.185569] tee (834984): drop_caches: 3
[415597.285692] tee (834989): drop_caches: 3
[415602.440641] tee (834993): drop_caches: 3
[415607.449533] tee (834997): drop_caches: 3
[415612.604115] tee (835003): drop_caches: 3
[415617.670818] tee (835007): drop_caches: 3
[415622.682819] tee (835011): drop_caches: 3
[415627.722913] tee (835015): drop_caches: 3
[415632.723397] tee (835023): drop_caches: 3
[415637.679301] tee (835027): drop_caches: 3
[415642.721194] tee (835032): drop_caches: 3
[415647.720550] tee (835036): drop_caches: 3
[415652.766708] tee (835040): drop_caches: 3
[415657.751443] tee (835044): drop_caches: 3
[415662.688220] tee (835048): drop_caches: 3
[415667.707493] tee (835052): drop_caches: 3
[415672.710992] tee (835056): drop_caches: 3
[415677.831527] tee (835060): drop_caches: 3
[415683.019114] tee (835064): drop_caches: 3
[415688.102018] tee (835068): drop_caches: 3
[415693.117169] tee (835076): drop_caches: 3
[415698.091739] tee (835080): drop_caches: 3
[415703.187423] tee (835089): drop_caches: 3
[415708.499502] tee (835093): drop_caches: 3
[415713.596315] tee (835097): drop_caches: 3
[415718.594992] tee (835101): drop_caches: 3
[415723.903543] tee (835105): drop_caches: 3
[415728.929840] tee (835109): drop_caches: 3
[415734.034610] tee (835113): drop_caches: 3
[415739.081359] tee (835117): drop_caches: 3
[415744.286765] tee (835121): drop_caches: 3
[415749.246649] tee (835125): drop_caches: 3
[415754.326471] tee (835134): drop_caches: 3
[415759.496132] tee (835138): drop_caches: 3
[415764.614062] tee (835143): drop_caches: 3
[415769.758446] tee (835147): drop_caches: 3
[415774.420569] tee (835154): drop_caches: 3
[415779.287996] tee (835158): drop_caches: 3
[415784.330319] tee (835162): drop_caches: 3
[415789.485526] tee (835166): drop_caches: 3
[415794.475743] tee (835170): drop_caches: 3
[415799.542923] tee (835174): drop_caches: 3
[415804.749037] tee (835178): drop_caches: 3
[415809.828773] tee (835182): drop_caches: 3
[415814.926797] tee (835190): drop_caches: 3
[415820.051531] tee (835194): drop_caches: 3
[415825.135132] tee (835198): drop_caches: 3
[415830.341813] tee (835202): drop_caches: 3
[415835.366677] tee (835206): drop_caches: 3
[415840.438287] tee (835210): drop_caches: 3
[415845.508825] tee (835214): drop_caches: 3
[415850.658789] tee (835219): drop_caches: 3
[415855.757056] tee (835223): drop_caches: 3
[415860.867822] tee (835227): drop_caches: 3
[415865.898646] tee (835236): drop_caches: 3
[415870.899753] tee (835240): drop_caches: 3
[415875.976873] tee (835250): drop_caches: 3
[415880.945646] tee (835254): drop_caches: 3
[415886.002478] tee (835258): drop_caches: 3
[415891.068676] tee (835262): drop_caches: 3
[415896.030959] tee (835279): drop_caches: 3
[415902.674886] tee (835288): drop_caches: 3
[415908.660800] tee (835292): drop_caches: 3
[415915.014315] tee (835298): drop_caches: 3
[415920.972621] tee (835302): drop_caches: 3
[415926.928569] tee (835306): drop_caches: 3
[415932.862807] tee (835314): drop_caches: 3
[415938.993436] tee (835318): drop_caches: 3
[415945.287294] tee (835322): drop_caches: 3
[415951.069633] tee (835330): drop_caches: 3
[415957.478984] tee (835334): drop_caches: 3
[415963.818409] tee (835338): drop_caches: 3
[415969.843979] tee (835342): drop_caches: 3
[415975.781093] tee (835346): drop_caches: 3
[415981.866637] tee (835350): drop_caches: 3
[415987.456973] tee (835355): drop_caches: 3
[415992.369084] tee (835363): drop_caches: 3
[415997.314293] tee (835367): drop_caches: 3
[416002.441683] tee (835377): drop_caches: 3
[416007.398300] tee (835381): drop_caches: 3
[416012.452368] tee (835386): drop_caches: 3
[416017.495433] tee (835390): drop_caches: 3
[416022.527576] tee (835394): drop_caches: 3
[416027.484036] tee (835398): drop_caches: 3
[416032.490157] tee (835402): drop_caches: 3
[416037.472751] tee (835406): drop_caches: 3
[416042.567080] tee (835410): drop_caches: 3
[416047.555142] tee (835414): drop_caches: 3
[416052.547394] tee (835422): drop_caches: 3
[416057.624871] tee (835426): drop_caches: 3
[416062.669110] tee (835430): drop_caches: 3
[416067.673943] tee (835434): drop_caches: 3
[416072.794588] tee (835444): drop_caches: 3
[416078.420454] tee (835509): drop_caches: 3
[416084.288807] tee (835519): drop_caches: 3
[416089.669482] tee (835549): drop_caches: 3
[416094.814865] tee (835553): drop_caches: 3
[416099.903161] tee (835557): drop_caches: 3
[416105.039216] tee (835561): drop_caches: 3
[416110.090629] tee (835565): drop_caches: 3
[416115.109465] tee (835573): drop_caches: 3
[416120.093342] tee (835579): drop_caches: 3
[416125.155710] tee (835583): drop_caches: 3
[416130.309523] tee (835587): drop_caches: 3
[416135.367249] tee (835591): drop_caches: 3
[416140.467529] tee (835595): drop_caches: 3
[416145.482497] tee (835599): drop_caches: 3
[416150.554672] tee (835603): drop_caches: 3
[416155.585024] tee (835607): drop_caches: 3
[416160.679025] tee (835612): drop_caches: 3
[416165.815732] tee (835616): drop_caches: 3
[416170.772187] tee (835620): drop_caches: 3
[416175.774743] tee (835628): drop_caches: 3
[416180.857627] tee (835632): drop_caches: 3
[416185.947217] tee (835636): drop_caches: 3
[416192.853138] tee (835648): drop_caches: 3
[416199.010165] tee (835657): drop_caches: 3
[416203.956384] tee (835661): drop_caches: 3
[416208.919921] tee (835665): drop_caches: 3
[416214.099038] tee (835669): drop_caches: 3
[416219.118943] tee (835675): drop_caches: 3
[416224.185622] tee (835679): drop_caches: 3
[416229.357975] tee (835685): drop_caches: 3
[416234.339750] tee (835693): drop_caches: 3
[416239.364106] tee (835697): drop_caches: 3
[416244.419355] tee (835702): drop_caches: 3
[416249.449236] tee (835706): drop_caches: 3
[416254.519835] tee (835710): drop_caches: 3
[416259.614424] tee (835714): drop_caches: 3
[416264.600039] tee (835718): drop_caches: 3
[416269.990468] tee (835722): drop_caches: 3
[416275.080559] tee (835726): drop_caches: 3
[416280.101694] tee (835730): drop_caches: 3
[416285.237309] tee (835734): drop_caches: 3
[416291.177684] tee (835752): drop_caches: 3
[416296.868694] tee (835761): drop_caches: 3
[416302.019631] tee (835770): drop_caches: 3
[416307.021884] tee (835774): drop_caches: 3
[416312.113161] tee (835778): drop_caches: 3
[416317.176255] tee (835782): drop_caches: 3
[416322.286021] tee (835786): drop_caches: 3
[416327.387231] tee (835792): drop_caches: 3
[416332.491614] tee (835796): drop_caches: 3
[416337.567146] tee (835800): drop_caches: 3
[416342.640628] tee (835804): drop_caches: 3
[416347.757718] tee (835808): drop_caches: 3
[416352.854073] tee (835816): drop_caches: 3
[416357.984663] tee (835820): drop_caches: 3
[416363.008452] tee (835824): drop_caches: 3
[416368.155572] tee (835828): drop_caches: 3
[416372.889591] tee (835835): drop_caches: 3
[416377.999459] tee (835839): drop_caches: 3
[416383.029322] tee (835843): drop_caches: 3
[416388.016065] tee (835847): drop_caches: 3
[416393.038433] tee (835851): drop_caches: 3
[416398.115628] tee (835856): drop_caches: 3
[416403.227287] tee (835860): drop_caches: 3
[416408.321943] tee (835864): drop_caches: 3
[416413.401100] tee (835872): drop_caches: 3
[416418.456665] tee (835876): drop_caches: 3
[416423.443727] tee (835880): drop_caches: 3
[416428.564518] tee (835884): drop_caches: 3
[416433.719580] tee (835888): drop_caches: 3
[416439.027496] tee (835892): drop_caches: 3
[416444.129813] tee (835897): drop_caches: 3
[416449.155874] tee (835902): drop_caches: 3
[416454.336623] tee (835906): drop_caches: 3
[416459.446102] tee (835910): drop_caches: 3
[416464.591210] tee (835914): drop_caches: 3
[416469.822680] tee (835918): drop_caches: 3
[416474.934188] tee (835926): drop_caches: 3
[416479.925676] tee (835930): drop_caches: 3
[416484.963759] tee (835935): drop_caches: 3
[416490.179788] tee (835939): drop_caches: 3
[416495.293900] tee (835943): drop_caches: 3
[416500.506915] tee (835947): drop_caches: 3
[416505.694872] tee (835951): drop_caches: 3
[416510.834887] tee (835955): drop_caches: 3
[416515.894614] tee (835959): drop_caches: 3
[416521.018660] tee (835965): drop_caches: 3
[416526.194456] tee (835969): drop_caches: 3
[416531.407484] tee (835973): drop_caches: 3
[416536.567557] tee (835981): drop_caches: 3
[416541.699900] tee (835985): drop_caches: 3
[416546.655147] tee (835989): drop_caches: 3
[416551.556522] tee (835993): drop_caches: 3
[416556.660169] tee (835997): drop_caches: 3
[416561.686180] tee (836001): drop_caches: 3
[416566.761419] tee (836005): drop_caches: 3
[416571.866571] tee (836009): drop_caches: 3
[416576.980370] tee (836013): drop_caches: 3
[416582.001449] tee (836017): drop_caches: 3
[416587.058451] tee (836021): drop_caches: 3
[416592.124073] tee (836025): drop_caches: 3
[416597.254751] tee (836033): drop_caches: 3
[416602.315375] tee (836043): drop_caches: 3
[416607.448082] tee (836047): drop_caches: 3
[416612.441381] tee (836051): drop_caches: 3
[416617.459837] tee (836055): drop_caches: 3
[416622.419816] tee (836059): drop_caches: 3
[416627.396927] tee (836063): drop_caches: 3
[416632.412855] tee (836067): drop_caches: 3
[416637.487220] tee (836071): drop_caches: 3
[416642.540015] tee (836075): drop_caches: 3
[416647.658350] tee (836080): drop_caches: 3
[416652.900469] tee (836088): drop_caches: 3
[416657.983101] tee (836092): drop_caches: 3
[416662.989590] tee (836098): drop_caches: 3
[416668.029325] tee (836102): drop_caches: 3
[416672.896973] tee (836120): drop_caches: 3
[416680.483207] tee (836162): drop_caches: 3
[416689.269142] tee (836206): drop_caches: 3
[416698.380455] tee (836243): drop_caches: 3
[416707.800568] tee (836316): drop_caches: 3
[416716.232478] tee (836341): drop_caches: 3
[416721.773309] tee (836347): drop_caches: 3
[416726.891809] tee (836352): drop_caches: 3
[416731.939627] tee (836356): drop_caches: 3
[416736.980926] tee (836360): drop_caches: 3
[416742.128448] tee (836364): drop_caches: 3
[416747.335397] tee (836368): drop_caches: 3
[416752.520842] tee (836374): drop_caches: 3
[416754.357035] iCAT_SQLITE_RUN_END run=20260916-145259-833538
[416755.185470] EXT4-fs (nvme0n1): unmounting filesystem 4abb4a2b-381d-436a-b34a-2a7d34ca6e49.
[416755.555553] pci_bus 0001:10: busn_res: [bus 10-ff] is released
[416755.555599] NVMeVirt: GC stats: ns=0 policy=cat-fig7-fixed host_pages=33979249 gc_pages=17348666 gc_count=801992 WAF=1.510 warmup_gc=100-per-part
[416755.627467] NVMeVirt: Virtual NVMe device closed
