[296312.097189] NVMeVirt: Version 1.10 for >> Samsung 970 Pro SSD <<
[296312.097196] NVMeVirt: Storage: 0x100100000-0x300000000 (8191 MiB)
[296312.107564] NVMeVirt: Total Capacity(GiB,MiB)=2,2048 chs=2 luns=4 lines=8192 blk-size(MiB,KiB)=0,64 line-size(MiB,KiB)=0,256
[296312.118047] NVMeVirt: [chmodel_init] bandwidth 800 max_credits 26 tx_time 152
[296312.128367] NVMeVirt: [chmodel_init] bandwidth 800 max_credits 26 tx_time 152
[296312.128381] NVMeVirt: [chmodel_init] bandwidth 3360 max_credits 110 tx_time 36
[296312.128384] NVMeVirt: WATGC_V2 init ns=0 part=0 arms=60 initial=37 prior=none gamma_q16=65503 exploration_q16=16384
[296312.129337] NVMeVirt: pqueue: Copyright (c) 2014, Volkan Yazıcı <volkan.yazici@gmail.com>. All rights reserved.
[296312.129372] NVMeVirt: Init FTL instance with 2 channels (524288 pages)
[296312.129374] NVMeVirt: GC victim policy: watgc-v2 ns=0 part=0 initial_k=7 initial_scale_pct=100 initial_age_ratio=7 warmup_gc=100
[296312.139438] NVMeVirt: [chmodel_init] bandwidth 800 max_credits 26 tx_time 152
[296312.149694] NVMeVirt: [chmodel_init] bandwidth 800 max_credits 26 tx_time 152
[296312.149708] NVMeVirt: [chmodel_init] bandwidth 3360 max_credits 110 tx_time 36
[296312.149710] NVMeVirt: WATGC_V2 init ns=0 part=1 arms=60 initial=37 prior=none gamma_q16=65503 exploration_q16=16384
[296312.150611] NVMeVirt: Init FTL instance with 2 channels (524288 pages)
[296312.150614] NVMeVirt: GC victim policy: watgc-v2 ns=0 part=1 initial_k=7 initial_scale_pct=100 initial_age_ratio=7 warmup_gc=100
[296312.160803] NVMeVirt: [chmodel_init] bandwidth 800 max_credits 26 tx_time 152
[296312.170866] NVMeVirt: [chmodel_init] bandwidth 800 max_credits 26 tx_time 152
[296312.170878] NVMeVirt: [chmodel_init] bandwidth 3360 max_credits 110 tx_time 36
[296312.170881] NVMeVirt: WATGC_V2 init ns=0 part=2 arms=60 initial=37 prior=none gamma_q16=65503 exploration_q16=16384
[296312.171942] NVMeVirt: Init FTL instance with 2 channels (524288 pages)
[296312.171945] NVMeVirt: GC victim policy: watgc-v2 ns=0 part=2 initial_k=7 initial_scale_pct=100 initial_age_ratio=7 warmup_gc=100
[296312.181992] NVMeVirt: [chmodel_init] bandwidth 800 max_credits 26 tx_time 152
[296312.192451] NVMeVirt: [chmodel_init] bandwidth 800 max_credits 26 tx_time 152
[296312.192467] NVMeVirt: [chmodel_init] bandwidth 3360 max_credits 110 tx_time 36
[296312.192469] NVMeVirt: WATGC_V2 init ns=0 part=3 arms=60 initial=37 prior=none gamma_q16=65503 exploration_q16=16384
[296312.193483] NVMeVirt: Init FTL instance with 2 channels (524288 pages)
[296312.193486] NVMeVirt: GC victim policy: watgc-v2 ns=0 part=3 initial_k=7 initial_scale_pct=100 initial_age_ratio=7 warmup_gc=100
[296312.193492] NVMeVirt: FTL physical space: 8588886016, logical space: 8026996276 (physical/logical * 100 = 107)
[296312.193494] NVMeVirt: ns 0/1: size 7655 MiB
[296312.193544] PCI host bridge to bus 0001:10
[296312.193546] pci_bus 0001:10: root bus resource [io  0x0000-0xffff]
[296312.193548] pci_bus 0001:10: root bus resource [mem 0x00000000-0x7fffffffff]
[296312.193550] pci_bus 0001:10: root bus resource [bus 00-ff]
[296312.193558] pci 0001:10:00.0: [0c51:0110] type 00 class 0x010802 PCIe Endpoint
[296312.193562] pci 0001:10:00.0: BAR 0 [mem 0x100000000-0x100003fff 64bit]
[296312.193564] pci 0001:10:00.0: enabling Extended Tags
[296312.193685] NVMeVirt: Virtual PCI bus created (node 0)
[296312.193909] NVMeVirt: nvmev_io_worker_0 started on cpu 2 (node 0)
[296312.194037] NVMeVirt: Virtual NVMe device created
[296312.194056] NVMeVirt: nvmev_dispatcher started on cpu 1 (node 0)
[296312.196009] nvme nvme0: pci function 0001:10:00.0
[296312.203285] nvme nvme0: 8/0/0 default/read/poll queues
[296313.213202] EXT4-fs (nvme0n1): mounted filesystem 2424b576-6a29-4b7b-9fc3-b1eefe637583 r/w with ordered data mode. Quota mode: none.
[296313.729249] iCAT_SQLITE_LOAD_START run=20260915-060403-692881
[296349.114899] NVMeVirt: WATGC_V2 warmup-done ns=0 part=0 gc_count=100
[296349.268507] NVMeVirt: WATGC_V2 warmup-done ns=0 part=1 gc_count=100
[296349.304676] NVMeVirt: WATGC_V2 warmup-done ns=0 part=2 gc_count=100
[296349.737665] NVMeVirt: WATGC_V2 warmup-done ns=0 part=3 gc_count=100
[296354.289388] NVMeVirt: WATGC_V2 sample ns=0 part=0 epoch=1 window=1 phase=measure evaluated=37 k=7 scale_pct=100 age_ratio=7 host=65536 gc_pages=0 gc_count=1024 waf_q16=65536 best=37 next=0 settled=0
[296354.410353] NVMeVirt: WATGC_V2 sample ns=0 part=1 epoch=1 window=1 phase=measure evaluated=37 k=7 scale_pct=100 age_ratio=7 host=65536 gc_pages=0 gc_count=1024 waf_q16=65536 best=37 next=0 settled=0
[296354.497412] NVMeVirt: WATGC_V2 sample ns=0 part=2 epoch=1 window=1 phase=measure evaluated=37 k=7 scale_pct=100 age_ratio=7 host=65536 gc_pages=0 gc_count=1024 waf_q16=65536 best=37 next=0 settled=0
[296354.932355] NVMeVirt: WATGC_V2 sample ns=0 part=3 epoch=1 window=1 phase=measure evaluated=37 k=7 scale_pct=100 age_ratio=7 host=65536 gc_pages=0 gc_count=1024 waf_q16=65536 best=37 next=0 settled=0
[296359.410505] NVMeVirt: WATGC_V2 sample ns=0 part=0 epoch=1 window=2 phase=measure evaluated=0 k=2 scale_pct=25 age_ratio=4 host=65536 gc_pages=0 gc_count=1024 waf_q16=65536 best=37 next=1 settled=0
[296359.530309] NVMeVirt: WATGC_V2 sample ns=0 part=1 epoch=1 window=2 phase=measure evaluated=0 k=2 scale_pct=25 age_ratio=4 host=65536 gc_pages=0 gc_count=1024 waf_q16=65536 best=37 next=1 settled=0
[296359.686402] NVMeVirt: WATGC_V2 sample ns=0 part=2 epoch=1 window=2 phase=measure evaluated=0 k=2 scale_pct=25 age_ratio=4 host=65536 gc_pages=0 gc_count=1024 waf_q16=65536 best=37 next=1 settled=0
[296360.083325] NVMeVirt: WATGC_V2 sample ns=0 part=3 epoch=1 window=2 phase=measure evaluated=0 k=2 scale_pct=25 age_ratio=4 host=65536 gc_pages=0 gc_count=1024 waf_q16=65536 best=37 next=1 settled=0
[296365.530629] NVMeVirt: WATGC_V2 sample ns=0 part=0 epoch=1 window=3 phase=measure evaluated=1 k=2 scale_pct=25 age_ratio=7 host=65536 gc_pages=0 gc_count=1024 waf_q16=65536 best=37 next=2 settled=0
[296365.649512] NVMeVirt: WATGC_V2 sample ns=0 part=1 epoch=1 window=3 phase=measure evaluated=1 k=2 scale_pct=25 age_ratio=7 host=65536 gc_pages=0 gc_count=1024 waf_q16=65536 best=37 next=2 settled=0
[296365.886181] NVMeVirt: WATGC_V2 sample ns=0 part=2 epoch=1 window=3 phase=measure evaluated=1 k=2 scale_pct=25 age_ratio=7 host=65536 gc_pages=0 gc_count=1024 waf_q16=65536 best=37 next=2 settled=0
[296366.279438] NVMeVirt: WATGC_V2 sample ns=0 part=3 epoch=1 window=3 phase=measure evaluated=1 k=2 scale_pct=25 age_ratio=7 host=65536 gc_pages=0 gc_count=1024 waf_q16=65536 best=37 next=2 settled=0
[296371.946504] NVMeVirt: WATGC_V2 sample ns=0 part=0 epoch=1 window=4 phase=measure evaluated=2 k=2 scale_pct=25 age_ratio=16 host=65536 gc_pages=0 gc_count=1024 waf_q16=65536 best=37 next=3 settled=0
[296372.038204] NVMeVirt: WATGC_V2 sample ns=0 part=1 epoch=1 window=4 phase=measure evaluated=2 k=2 scale_pct=25 age_ratio=16 host=65536 gc_pages=0 gc_count=1024 waf_q16=65536 best=37 next=3 settled=0
[296372.355420] NVMeVirt: WATGC_V2 sample ns=0 part=2 epoch=1 window=4 phase=measure evaluated=2 k=2 scale_pct=25 age_ratio=16 host=65536 gc_pages=0 gc_count=1024 waf_q16=65536 best=37 next=3 settled=0
[296372.714623] NVMeVirt: WATGC_V2 sample ns=0 part=3 epoch=1 window=4 phase=measure evaluated=2 k=2 scale_pct=25 age_ratio=16 host=65536 gc_pages=0 gc_count=1024 waf_q16=65536 best=37 next=3 settled=0
[296377.074473] NVMeVirt: WATGC_V2 sample ns=0 part=0 epoch=1 window=5 phase=measure evaluated=3 k=2 scale_pct=50 age_ratio=4 host=65536 gc_pages=0 gc_count=1024 waf_q16=65536 best=37 next=4 settled=0
[296377.186372] NVMeVirt: WATGC_V2 sample ns=0 part=1 epoch=1 window=5 phase=measure evaluated=3 k=2 scale_pct=50 age_ratio=4 host=65536 gc_pages=0 gc_count=1024 waf_q16=65536 best=37 next=4 settled=0
[296377.515919] NVMeVirt: WATGC_V2 sample ns=0 part=2 epoch=1 window=5 phase=measure evaluated=3 k=2 scale_pct=50 age_ratio=4 host=65536 gc_pages=0 gc_count=1024 waf_q16=65536 best=37 next=4 settled=0
[296377.873623] NVMeVirt: WATGC_V2 sample ns=0 part=3 epoch=1 window=5 phase=measure evaluated=3 k=2 scale_pct=50 age_ratio=4 host=65536 gc_pages=0 gc_count=1024 waf_q16=65536 best=37 next=4 settled=0
[296382.773822] NVMeVirt: WATGC_V2 sample ns=0 part=0 epoch=1 window=6 phase=measure evaluated=4 k=2 scale_pct=50 age_ratio=7 host=65536 gc_pages=0 gc_count=1024 waf_q16=65536 best=37 next=5 settled=0
[296382.858012] NVMeVirt: WATGC_V2 sample ns=0 part=1 epoch=1 window=6 phase=measure evaluated=4 k=2 scale_pct=50 age_ratio=7 host=65536 gc_pages=0 gc_count=1024 waf_q16=65536 best=37 next=5 settled=0
[296383.226189] NVMeVirt: WATGC_V2 sample ns=0 part=2 epoch=1 window=6 phase=measure evaluated=4 k=2 scale_pct=50 age_ratio=7 host=65536 gc_pages=0 gc_count=1024 waf_q16=65536 best=37 next=5 settled=0
[296383.560447] NVMeVirt: WATGC_V2 sample ns=0 part=3 epoch=1 window=6 phase=measure evaluated=4 k=2 scale_pct=50 age_ratio=7 host=65536 gc_pages=0 gc_count=1024 waf_q16=65536 best=37 next=5 settled=0
[296388.168021] NVMeVirt: WATGC_V2 sample ns=0 part=0 epoch=1 window=7 phase=measure evaluated=5 k=2 scale_pct=50 age_ratio=16 host=65536 gc_pages=0 gc_count=1024 waf_q16=65536 best=37 next=6 settled=0
[296388.284459] NVMeVirt: WATGC_V2 sample ns=0 part=1 epoch=1 window=7 phase=measure evaluated=5 k=2 scale_pct=50 age_ratio=16 host=65536 gc_pages=0 gc_count=1024 waf_q16=65536 best=37 next=6 settled=0
[296388.638545] NVMeVirt: WATGC_V2 sample ns=0 part=2 epoch=1 window=7 phase=measure evaluated=5 k=2 scale_pct=50 age_ratio=16 host=65536 gc_pages=0 gc_count=1024 waf_q16=65536 best=37 next=6 settled=0
[296389.004728] NVMeVirt: WATGC_V2 sample ns=0 part=3 epoch=1 window=7 phase=measure evaluated=5 k=2 scale_pct=50 age_ratio=16 host=65536 gc_pages=0 gc_count=1024 waf_q16=65536 best=37 next=6 settled=0
[296393.667482] NVMeVirt: WATGC_V2 sample ns=0 part=0 epoch=1 window=8 phase=measure evaluated=6 k=2 scale_pct=100 age_ratio=4 host=65536 gc_pages=0 gc_count=1024 waf_q16=65536 best=37 next=7 settled=0
[296393.787196] NVMeVirt: WATGC_V2 sample ns=0 part=1 epoch=1 window=8 phase=measure evaluated=6 k=2 scale_pct=100 age_ratio=4 host=65536 gc_pages=0 gc_count=1024 waf_q16=65536 best=37 next=7 settled=0
[296394.147653] NVMeVirt: WATGC_V2 sample ns=0 part=2 epoch=1 window=8 phase=measure evaluated=6 k=2 scale_pct=100 age_ratio=4 host=65536 gc_pages=0 gc_count=1024 waf_q16=65536 best=37 next=7 settled=0
[296394.503130] NVMeVirt: WATGC_V2 sample ns=0 part=3 epoch=1 window=8 phase=measure evaluated=6 k=2 scale_pct=100 age_ratio=4 host=65536 gc_pages=0 gc_count=1024 waf_q16=65536 best=37 next=7 settled=0
[296398.830274] NVMeVirt: WATGC_V2 sample ns=0 part=0 epoch=1 window=9 phase=measure evaluated=7 k=2 scale_pct=100 age_ratio=7 host=65536 gc_pages=0 gc_count=1024 waf_q16=65536 best=37 next=8 settled=0
[296399.018565] NVMeVirt: WATGC_V2 sample ns=0 part=1 epoch=1 window=9 phase=measure evaluated=7 k=2 scale_pct=100 age_ratio=7 host=65536 gc_pages=0 gc_count=1024 waf_q16=65536 best=37 next=8 settled=0
[296399.595207] NVMeVirt: WATGC_V2 sample ns=0 part=2 epoch=1 window=9 phase=measure evaluated=7 k=2 scale_pct=100 age_ratio=7 host=65536 gc_pages=0 gc_count=1024 waf_q16=65536 best=37 next=8 settled=0
[296400.081594] NVMeVirt: WATGC_V2 sample ns=0 part=3 epoch=1 window=9 phase=measure evaluated=7 k=2 scale_pct=100 age_ratio=7 host=65536 gc_pages=0 gc_count=1024 waf_q16=65536 best=37 next=8 settled=0
[296404.778031] NVMeVirt: WATGC_V2 sample ns=0 part=0 epoch=1 window=10 phase=measure evaluated=8 k=2 scale_pct=100 age_ratio=16 host=65536 gc_pages=0 gc_count=1024 waf_q16=65536 best=37 next=9 settled=0
[296404.901765] NVMeVirt: WATGC_V2 sample ns=0 part=1 epoch=1 window=10 phase=measure evaluated=8 k=2 scale_pct=100 age_ratio=16 host=65536 gc_pages=0 gc_count=1024 waf_q16=65536 best=37 next=9 settled=0
[296405.308954] NVMeVirt: WATGC_V2 sample ns=0 part=2 epoch=1 window=10 phase=measure evaluated=8 k=2 scale_pct=100 age_ratio=16 host=65536 gc_pages=0 gc_count=1024 waf_q16=65536 best=37 next=9 settled=0
[296405.644961] NVMeVirt: WATGC_V2 sample ns=0 part=3 epoch=1 window=10 phase=measure evaluated=8 k=2 scale_pct=100 age_ratio=16 host=65536 gc_pages=0 gc_count=1024 waf_q16=65536 best=37 next=9 settled=0
[296410.084066] NVMeVirt: WATGC_V2 sample ns=0 part=0 epoch=1 window=11 phase=measure evaluated=9 k=2 scale_pct=200 age_ratio=4 host=65536 gc_pages=0 gc_count=1024 waf_q16=65536 best=37 next=10 settled=0
[296410.247048] NVMeVirt: WATGC_V2 sample ns=0 part=1 epoch=1 window=11 phase=measure evaluated=9 k=2 scale_pct=200 age_ratio=4 host=65536 gc_pages=0 gc_count=1024 waf_q16=65536 best=37 next=10 settled=0
[296410.647802] NVMeVirt: WATGC_V2 sample ns=0 part=2 epoch=1 window=11 phase=measure evaluated=9 k=2 scale_pct=200 age_ratio=4 host=65536 gc_pages=0 gc_count=1024 waf_q16=65536 best=37 next=10 settled=0
[296410.969658] NVMeVirt: WATGC_V2 sample ns=0 part=3 epoch=1 window=11 phase=measure evaluated=9 k=2 scale_pct=200 age_ratio=4 host=65536 gc_pages=0 gc_count=1024 waf_q16=65536 best=37 next=10 settled=0
[296415.261079] NVMeVirt: WATGC_V2 sample ns=0 part=0 epoch=1 window=12 phase=measure evaluated=10 k=2 scale_pct=200 age_ratio=7 host=65536 gc_pages=0 gc_count=1024 waf_q16=65536 best=37 next=11 settled=0
[296415.434616] NVMeVirt: WATGC_V2 sample ns=0 part=1 epoch=1 window=12 phase=measure evaluated=10 k=2 scale_pct=200 age_ratio=7 host=65536 gc_pages=0 gc_count=1024 waf_q16=65536 best=37 next=11 settled=0
[296415.835738] NVMeVirt: WATGC_V2 sample ns=0 part=2 epoch=1 window=12 phase=measure evaluated=10 k=2 scale_pct=200 age_ratio=7 host=65536 gc_pages=0 gc_count=1024 waf_q16=65536 best=37 next=11 settled=0
[296416.133884] NVMeVirt: WATGC_V2 sample ns=0 part=3 epoch=1 window=12 phase=measure evaluated=10 k=2 scale_pct=200 age_ratio=7 host=65536 gc_pages=0 gc_count=1024 waf_q16=65536 best=37 next=11 settled=0
[296421.168314] NVMeVirt: WATGC_V2 sample ns=0 part=0 epoch=1 window=13 phase=measure evaluated=11 k=2 scale_pct=200 age_ratio=16 host=65536 gc_pages=0 gc_count=1024 waf_q16=65536 best=37 next=12 settled=0
[296421.513393] NVMeVirt: WATGC_V2 sample ns=0 part=1 epoch=1 window=13 phase=measure evaluated=11 k=2 scale_pct=200 age_ratio=16 host=65536 gc_pages=0 gc_count=1024 waf_q16=65536 best=37 next=12 settled=0
[296422.107080] NVMeVirt: WATGC_V2 sample ns=0 part=2 epoch=1 window=13 phase=measure evaluated=11 k=2 scale_pct=200 age_ratio=16 host=65536 gc_pages=0 gc_count=1024 waf_q16=65536 best=37 next=12 settled=0
[296422.511984] NVMeVirt: WATGC_V2 sample ns=0 part=3 epoch=1 window=13 phase=measure evaluated=11 k=2 scale_pct=200 age_ratio=16 host=65536 gc_pages=0 gc_count=1024 waf_q16=65536 best=37 next=12 settled=0
[296427.078027] NVMeVirt: WATGC_V2 sample ns=0 part=0 epoch=1 window=14 phase=measure evaluated=12 k=2 scale_pct=400 age_ratio=4 host=65536 gc_pages=0 gc_count=1024 waf_q16=65536 best=37 next=13 settled=0
[296427.325727] NVMeVirt: WATGC_V2 sample ns=0 part=1 epoch=1 window=14 phase=measure evaluated=12 k=2 scale_pct=400 age_ratio=4 host=65536 gc_pages=0 gc_count=1024 waf_q16=65536 best=37 next=13 settled=0
[296427.744140] NVMeVirt: WATGC_V2 sample ns=0 part=2 epoch=1 window=14 phase=measure evaluated=12 k=2 scale_pct=400 age_ratio=4 host=65536 gc_pages=0 gc_count=1024 waf_q16=65536 best=37 next=13 settled=0
[296428.030938] NVMeVirt: WATGC_V2 sample ns=0 part=3 epoch=1 window=14 phase=measure evaluated=12 k=2 scale_pct=400 age_ratio=4 host=65536 gc_pages=0 gc_count=1024 waf_q16=65536 best=37 next=13 settled=0
[296432.213856] NVMeVirt: WATGC_V2 sample ns=0 part=0 epoch=1 window=15 phase=measure evaluated=13 k=2 scale_pct=400 age_ratio=7 host=65536 gc_pages=0 gc_count=1024 waf_q16=65536 best=37 next=14 settled=0
[296432.470065] NVMeVirt: WATGC_V2 sample ns=0 part=1 epoch=1 window=15 phase=measure evaluated=13 k=2 scale_pct=400 age_ratio=7 host=65536 gc_pages=0 gc_count=1024 waf_q16=65536 best=37 next=14 settled=0
[296432.914727] NVMeVirt: WATGC_V2 sample ns=0 part=2 epoch=1 window=15 phase=measure evaluated=13 k=2 scale_pct=400 age_ratio=7 host=65536 gc_pages=0 gc_count=1024 waf_q16=65536 best=37 next=14 settled=0
[296433.203810] NVMeVirt: WATGC_V2 sample ns=0 part=3 epoch=1 window=15 phase=measure evaluated=13 k=2 scale_pct=400 age_ratio=7 host=65536 gc_pages=0 gc_count=1024 waf_q16=65536 best=37 next=14 settled=0
[296437.338345] NVMeVirt: WATGC_V2 sample ns=0 part=0 epoch=1 window=16 phase=measure evaluated=14 k=2 scale_pct=400 age_ratio=16 host=65536 gc_pages=0 gc_count=1024 waf_q16=65536 best=37 next=15 settled=0
[296437.633569] NVMeVirt: WATGC_V2 sample ns=0 part=1 epoch=1 window=16 phase=measure evaluated=14 k=2 scale_pct=400 age_ratio=16 host=65536 gc_pages=0 gc_count=1024 waf_q16=65536 best=37 next=15 settled=0
[296438.232665] NVMeVirt: WATGC_V2 sample ns=0 part=2 epoch=1 window=16 phase=measure evaluated=14 k=2 scale_pct=400 age_ratio=16 host=65593 gc_pages=6 gc_count=1024 waf_q16=65541 best=37 next=15 settled=0
[296438.630909] NVMeVirt: WATGC_V2 sample ns=0 part=3 epoch=1 window=16 phase=measure evaluated=14 k=2 scale_pct=400 age_ratio=16 host=65575 gc_pages=25 gc_count=1024 waf_q16=65560 best=37 next=15 settled=0
[296444.238284] NVMeVirt: WATGC_V2 sample ns=0 part=0 epoch=1 window=17 phase=measure evaluated=15 k=4 scale_pct=25 age_ratio=4 host=65592 gc_pages=264 gc_count=1029 waf_q16=65799 best=37 next=16 settled=0
[296444.591300] NVMeVirt: WATGC_V2 sample ns=0 part=1 epoch=1 window=17 phase=measure evaluated=15 k=4 scale_pct=25 age_ratio=4 host=65556 gc_pages=236 gc_count=1028 waf_q16=65771 best=37 next=16 settled=0
[296445.065320] NVMeVirt: WATGC_V2 sample ns=0 part=2 epoch=1 window=17 phase=measure evaluated=15 k=4 scale_pct=25 age_ratio=4 host=65578 gc_pages=278 gc_count=1029 waf_q16=65813 best=37 next=16 settled=0
[296445.335808] NVMeVirt: WATGC_V2 sample ns=0 part=3 epoch=1 window=17 phase=measure evaluated=15 k=4 scale_pct=25 age_ratio=4 host=65570 gc_pages=287 gc_count=1029 waf_q16=65822 best=37 next=16 settled=0
[296450.408719] NVMeVirt: WATGC_V2 sample ns=0 part=0 epoch=1 window=18 phase=measure evaluated=16 k=4 scale_pct=25 age_ratio=7 host=65547 gc_pages=245 gc_count=1028 waf_q16=65780 best=37 next=17 settled=0
[296450.796435] NVMeVirt: WATGC_V2 sample ns=0 part=1 epoch=1 window=18 phase=measure evaluated=16 k=4 scale_pct=25 age_ratio=7 host=65587 gc_pages=268 gc_count=1029 waf_q16=65803 best=37 next=17 settled=0
[296451.288465] NVMeVirt: WATGC_V2 sample ns=0 part=2 epoch=1 window=18 phase=measure evaluated=16 k=4 scale_pct=25 age_ratio=7 host=65570 gc_pages=285 gc_count=1029 waf_q16=65820 best=37 next=17 settled=0
[296451.634332] NVMeVirt: WATGC_V2 sample ns=0 part=3 epoch=1 window=18 phase=measure evaluated=16 k=4 scale_pct=25 age_ratio=7 host=65582 gc_pages=275 gc_count=1029 waf_q16=65810 best=37 next=17 settled=0
[296456.156680] NVMeVirt: WATGC_V2 sample ns=0 part=0 epoch=1 window=19 phase=measure evaluated=17 k=4 scale_pct=25 age_ratio=16 host=65569 gc_pages=286 gc_count=1029 waf_q16=65821 best=37 next=18 settled=0
[296456.544000] NVMeVirt: WATGC_V2 sample ns=0 part=1 epoch=1 window=19 phase=measure evaluated=17 k=4 scale_pct=25 age_ratio=16 host=65570 gc_pages=285 gc_count=1029 waf_q16=65820 best=37 next=18 settled=0
[296457.025939] NVMeVirt: WATGC_V2 sample ns=0 part=2 epoch=1 window=19 phase=measure evaluated=17 k=4 scale_pct=25 age_ratio=16 host=65560 gc_pages=362 gc_count=1030 waf_q16=65897 best=37 next=18 settled=0
[296457.411206] NVMeVirt: WATGC_V2 sample ns=0 part=3 epoch=1 window=19 phase=measure evaluated=17 k=4 scale_pct=25 age_ratio=16 host=65562 gc_pages=358 gc_count=1030 waf_q16=65893 best=37 next=18 settled=0
[296462.718935] NVMeVirt: WATGC_V2 sample ns=0 part=0 epoch=1 window=20 phase=measure evaluated=18 k=4 scale_pct=50 age_ratio=4 host=65569 gc_pages=478 gc_count=1032 waf_q16=66013 best=37 next=19 settled=0
[296463.112846] NVMeVirt: WATGC_V2 sample ns=0 part=1 epoch=1 window=20 phase=measure evaluated=18 k=4 scale_pct=50 age_ratio=4 host=65556 gc_pages=555 gc_count=1033 waf_q16=66090 best=37 next=19 settled=0
[296463.648302] NVMeVirt: WATGC_V2 sample ns=0 part=2 epoch=1 window=20 phase=measure evaluated=18 k=4 scale_pct=50 age_ratio=4 host=65556 gc_pages=685 gc_count=1035 waf_q16=66220 best=37 next=19 settled=0
[296463.946982] NVMeVirt: WATGC_V2 sample ns=0 part=3 epoch=1 window=20 phase=measure evaluated=18 k=4 scale_pct=50 age_ratio=4 host=65537 gc_pages=638 gc_count=1034 waf_q16=66173 best=37 next=19 settled=0
[296468.326732] NVMeVirt: WATGC_V2 sample ns=0 part=0 epoch=1 window=21 phase=measure evaluated=19 k=4 scale_pct=50 age_ratio=7 host=65548 gc_pages=1396 gc_count=1046 waf_q16=66931 best=37 next=20 settled=0
[296468.764176] NVMeVirt: WATGC_V2 sample ns=0 part=1 epoch=1 window=21 phase=measure evaluated=19 k=4 scale_pct=50 age_ratio=7 host=65546 gc_pages=1596 gc_count=1049 waf_q16=67131 best=37 next=20 settled=0
[296469.330091] NVMeVirt: WATGC_V2 sample ns=0 part=2 epoch=1 window=21 phase=measure evaluated=19 k=4 scale_pct=50 age_ratio=7 host=65584 gc_pages=1872 gc_count=1054 waf_q16=67406 best=37 next=20 settled=0
[296469.593550] NVMeVirt: WATGC_V2 sample ns=0 part=3 epoch=1 window=21 phase=measure evaluated=19 k=4 scale_pct=50 age_ratio=7 host=65548 gc_pages=2031 gc_count=1056 waf_q16=67566 best=37 next=20 settled=0
[296474.407026] NVMeVirt: WATGC_V2 sample ns=0 part=0 epoch=1 window=22 phase=measure evaluated=20 k=4 scale_pct=50 age_ratio=16 host=65538 gc_pages=1535 gc_count=1048 waf_q16=67070 best=37 next=21 settled=0
[296474.983557] NVMeVirt: WATGC_V2 sample ns=0 part=1 epoch=1 window=22 phase=measure evaluated=20 k=4 scale_pct=50 age_ratio=16 host=65578 gc_pages=1693 gc_count=1051 waf_q16=67227 best=37 next=21 settled=0
[296475.771103] NVMeVirt: WATGC_V2 sample ns=0 part=2 epoch=1 window=22 phase=measure evaluated=20 k=4 scale_pct=50 age_ratio=16 host=65549 gc_pages=2232 gc_count=1059 waf_q16=67767 best=37 next=21 settled=0
[296476.144248] NVMeVirt: WATGC_V2 sample ns=0 part=3 epoch=1 window=22 phase=measure evaluated=20 k=4 scale_pct=50 age_ratio=16 host=65542 gc_pages=2362 gc_count=1061 waf_q16=67897 best=37 next=21 settled=0
[296481.272576] NVMeVirt: WATGC_V2 sample ns=0 part=0 epoch=1 window=23 phase=measure evaluated=21 k=4 scale_pct=100 age_ratio=4 host=65575 gc_pages=2781 gc_count=1068 waf_q16=68315 best=37 next=22 settled=0
[296481.828770] NVMeVirt: WATGC_V2 sample ns=0 part=1 epoch=1 window=23 phase=measure evaluated=21 k=4 scale_pct=100 age_ratio=4 host=65556 gc_pages=3178 gc_count=1074 waf_q16=68713 best=37 next=22 settled=0
[296482.621988] NVMeVirt: WATGC_V2 sample ns=0 part=2 epoch=1 window=23 phase=measure evaluated=21 k=4 scale_pct=100 age_ratio=4 host=65549 gc_pages=2806 gc_count=1068 waf_q16=68341 best=37 next=22 settled=0
[296483.088764] NVMeVirt: WATGC_V2 sample ns=0 part=3 epoch=1 window=23 phase=measure evaluated=21 k=4 scale_pct=100 age_ratio=4 host=65558 gc_pages=2796 gc_count=1068 waf_q16=68331 best=37 next=22 settled=0
[296488.350946] NVMeVirt: WATGC_V2 sample ns=0 part=0 epoch=1 window=24 phase=measure evaluated=22 k=4 scale_pct=100 age_ratio=7 host=65573 gc_pages=4312 gc_count=1092 waf_q16=69845 best=37 next=23 settled=0
[296488.916861] NVMeVirt: WATGC_V2 sample ns=0 part=1 epoch=1 window=24 phase=measure evaluated=22 k=4 scale_pct=100 age_ratio=7 host=65543 gc_pages=4412 gc_count=1093 waf_q16=69947 best=37 next=23 settled=0
[296489.751651] NVMeVirt: WATGC_V2 sample ns=0 part=2 epoch=1 window=24 phase=measure evaluated=22 k=4 scale_pct=100 age_ratio=7 host=65572 gc_pages=5006 gc_count=1103 waf_q16=70539 best=37 next=23 settled=0
[296490.236970] NVMeVirt: WATGC_V2 sample ns=0 part=3 epoch=1 window=24 phase=measure evaluated=22 k=4 scale_pct=100 age_ratio=7 host=65538 gc_pages=5438 gc_count=1109 waf_q16=70973 best=37 next=23 settled=0
[296494.470289] NVMeVirt: WATGC_V2 sample ns=0 part=0 epoch=1 window=25 phase=measure evaluated=23 k=4 scale_pct=100 age_ratio=16 host=65593 gc_pages=4617 gc_count=1097 waf_q16=70148 best=37 next=24 settled=0
[296495.029026] NVMeVirt: WATGC_V2 sample ns=0 part=1 epoch=1 window=25 phase=measure evaluated=23 k=4 scale_pct=100 age_ratio=16 host=65537 gc_pages=4863 gc_count=1100 waf_q16=70398 best=37 next=24 settled=0
[296495.802071] iCAT_SQLITE_LOAD_END run=20260915-060403-692881
[296496.407217] tee (693090): drop_caches: 3
[296497.901956] iCAT_SQLITE_RUN_START run=20260915-060403-692881
[296499.846848] tee (693135): drop_caches: 3
[296503.287114] NVMeVirt: WATGC_V2 sample ns=0 part=2 epoch=1 window=25 phase=measure evaluated=23 k=4 scale_pct=100 age_ratio=16 host=65537 gc_pages=5198 gc_count=1105 waf_q16=70733 best=37 next=24 settled=0
[296505.523388] NVMeVirt: WATGC_V2 sample ns=0 part=3 epoch=1 window=25 phase=measure evaluated=23 k=4 scale_pct=100 age_ratio=16 host=65559 gc_pages=7083 gc_count=1135 waf_q16=72616 best=37 next=24 settled=0
[296506.122508] tee (693152): drop_caches: 3
[296511.283663] tee (693159): drop_caches: 3
[296516.616068] tee (693166): drop_caches: 3
[296521.825691] tee (693172): drop_caches: 3
[296527.535488] tee (693179): drop_caches: 3
[296529.299773] NVMeVirt: WATGC_V2 sample ns=0 part=0 epoch=1 window=26 phase=measure evaluated=24 k=4 scale_pct=200 age_ratio=4 host=65576 gc_pages=7880 gc_count=1148 waf_q16=73411 best=37 next=25 settled=0
[296532.559931] NVMeVirt: WATGC_V2 sample ns=0 part=1 epoch=1 window=26 phase=measure evaluated=24 k=4 scale_pct=200 age_ratio=4 host=65583 gc_pages=7774 gc_count=1146 waf_q16=73304 best=37 next=25 settled=0
[296533.190387] tee (693183): drop_caches: 3
[296536.278492] NVMeVirt: WATGC_V2 sample ns=0 part=2 epoch=1 window=26 phase=measure evaluated=24 k=4 scale_pct=200 age_ratio=4 host=65591 gc_pages=8515 gc_count=1158 waf_q16=74043 best=37 next=25 settled=0
[296538.225689] NVMeVirt: WATGC_V2 sample ns=0 part=3 epoch=1 window=26 phase=measure evaluated=24 k=4 scale_pct=200 age_ratio=4 host=65575 gc_pages=7774 gc_count=1146 waf_q16=73305 best=37 next=25 settled=0
[296538.519810] tee (693189): drop_caches: 3
[296543.637017] tee (693195): drop_caches: 3
[296548.757785] tee (693199): drop_caches: 3
[296553.869453] tee (693203): drop_caches: 3
[296559.684707] tee (693210): drop_caches: 3
[296561.861793] NVMeVirt: WATGC_V2 sample ns=0 part=0 epoch=1 window=27 phase=measure evaluated=25 k=4 scale_pct=200 age_ratio=7 host=65562 gc_pages=9697 gc_count=1176 waf_q16=75229 best=37 next=26 settled=0
[296564.820243] tee (693214): drop_caches: 3
[296565.384847] NVMeVirt: WATGC_V2 sample ns=0 part=1 epoch=1 window=27 phase=measure evaluated=25 k=4 scale_pct=200 age_ratio=7 host=65593 gc_pages=10487 gc_count=1189 waf_q16=76013 best=37 next=26 settled=0
[296568.782422] NVMeVirt: WATGC_V2 sample ns=0 part=2 epoch=1 window=27 phase=measure evaluated=25 k=4 scale_pct=200 age_ratio=7 host=65548 gc_pages=11840 gc_count=1209 waf_q16=77373 best=37 next=26 settled=0
[296570.003944] tee (693220): drop_caches: 3
[296570.999380] NVMeVirt: WATGC_V2 sample ns=0 part=3 epoch=1 window=27 phase=measure evaluated=25 k=4 scale_pct=200 age_ratio=7 host=65562 gc_pages=11512 gc_count=1204 waf_q16=77043 best=37 next=26 settled=0
[296575.259214] tee (693224): drop_caches: 3
[296580.457245] tee (693230): drop_caches: 3
[296585.611456] tee (693234): drop_caches: 3
[296591.349286] tee (693242): drop_caches: 3
[296594.312124] NVMeVirt: WATGC_V2 sample ns=0 part=0 epoch=1 window=28 phase=measure evaluated=26 k=4 scale_pct=200 age_ratio=16 host=65586 gc_pages=13070 gc_count=1229 waf_q16=78596 best=37 next=27 settled=0
[296596.908271] tee (693248): drop_caches: 3
[296597.882922] NVMeVirt: WATGC_V2 sample ns=0 part=1 epoch=1 window=28 phase=measure evaluated=26 k=4 scale_pct=200 age_ratio=16 host=65594 gc_pages=12921 gc_count=1227 waf_q16=78445 best=37 next=27 settled=0
[296601.148393] NVMeVirt: WATGC_V2 sample ns=0 part=2 epoch=1 window=28 phase=measure evaluated=26 k=4 scale_pct=200 age_ratio=16 host=65554 gc_pages=13585 gc_count=1236 waf_q16=79117 best=37 next=27 settled=0
[296602.170278] tee (693252): drop_caches: 3
[296603.454898] NVMeVirt: WATGC_V2 sample ns=0 part=3 epoch=1 window=28 phase=measure evaluated=26 k=4 scale_pct=200 age_ratio=16 host=65560 gc_pages=13531 gc_count=1236 waf_q16=79062 best=37 next=27 settled=0
[296607.328109] tee (693256): drop_caches: 3
[296612.498342] tee (693260): drop_caches: 3
[296617.659634] tee (693266): drop_caches: 3
[296623.169276] tee (693275): drop_caches: 3
[296626.817005] NVMeVirt: WATGC_V2 sample ns=0 part=0 epoch=1 window=29 phase=measure evaluated=27 k=4 scale_pct=400 age_ratio=4 host=65564 gc_pages=22565 gc_count=1377 waf_q16=88091 best=37 next=28 settled=0
[296628.242592] tee (693279): drop_caches: 3
[296630.703818] NVMeVirt: WATGC_V2 sample ns=0 part=1 epoch=1 window=29 phase=measure evaluated=27 k=4 scale_pct=400 age_ratio=4 host=65561 gc_pages=23154 gc_count=1386 waf_q16=88681 best=37 next=28 settled=0
[296633.286523] tee (693285): drop_caches: 3
[296634.253498] NVMeVirt: WATGC_V2 sample ns=0 part=2 epoch=1 window=29 phase=measure evaluated=27 k=4 scale_pct=400 age_ratio=4 host=65548 gc_pages=23739 gc_count=1395 waf_q16=89270 best=37 next=28 settled=0
[296636.437575] NVMeVirt: WATGC_V2 sample ns=0 part=3 epoch=1 window=29 phase=measure evaluated=27 k=4 scale_pct=400 age_ratio=4 host=65542 gc_pages=24068 gc_count=1400 waf_q16=89601 best=37 next=28 settled=0
[296638.556848] tee (693291): drop_caches: 3
[296644.002252] tee (693295): drop_caches: 3
[296649.258841] tee (693302): drop_caches: 3
[296655.119580] tee (693306): drop_caches: 3
[296659.768784] NVMeVirt: WATGC_V2 sample ns=0 part=0 epoch=1 window=30 phase=measure evaluated=28 k=4 scale_pct=400 age_ratio=7 host=65554 gc_pages=34544 gc_count=1564 waf_q16=100070 best=37 next=29 settled=0
[296660.504331] tee (693312): drop_caches: 3
[296663.908140] NVMeVirt: WATGC_V2 sample ns=0 part=1 epoch=1 window=30 phase=measure evaluated=28 k=4 scale_pct=400 age_ratio=7 host=65569 gc_pages=35936 gc_count=1586 waf_q16=101453 best=37 next=29 settled=0
[296665.724583] tee (693316): drop_caches: 3
[296667.466940] NVMeVirt: WATGC_V2 sample ns=0 part=2 epoch=1 window=30 phase=measure evaluated=28 k=4 scale_pct=400 age_ratio=7 host=65570 gc_pages=35804 gc_count=1584 waf_q16=101321 best=37 next=29 settled=0
[296669.545476] NVMeVirt: WATGC_V2 sample ns=0 part=3 epoch=1 window=30 phase=measure evaluated=28 k=4 scale_pct=400 age_ratio=7 host=65572 gc_pages=36702 gc_count=1598 waf_q16=102217 best=37 next=29 settled=0
[296671.184314] tee (693326): drop_caches: 3
[296678.339796] tee (693394): drop_caches: 3
[296684.541135] tee (693429): drop_caches: 3
[296689.983044] tee (693436): drop_caches: 3
[296692.515999] NVMeVirt: WATGC_V2 sample ns=0 part=0 epoch=1 window=31 phase=measure evaluated=29 k=4 scale_pct=400 age_ratio=16 host=65543 gc_pages=40253 gc_count=1653 waf_q16=105784 best=37 next=30 settled=0
[296695.688745] tee (693441): drop_caches: 3
[296696.640768] NVMeVirt: WATGC_V2 sample ns=0 part=1 epoch=1 window=31 phase=measure evaluated=29 k=4 scale_pct=400 age_ratio=16 host=65556 gc_pages=41770 gc_count=1677 waf_q16=107293 best=37 next=30 settled=0
[296700.005489] NVMeVirt: WATGC_V2 sample ns=0 part=2 epoch=1 window=31 phase=measure evaluated=29 k=4 scale_pct=400 age_ratio=16 host=65559 gc_pages=42409 gc_count=1687 waf_q16=107930 best=37 next=30 settled=0
[296700.991078] tee (693447): drop_caches: 3
[296702.129857] NVMeVirt: WATGC_V2 sample ns=0 part=3 epoch=1 window=31 phase=measure evaluated=29 k=4 scale_pct=400 age_ratio=16 host=65542 gc_pages=42999 gc_count=1696 waf_q16=108531 best=37 next=30 settled=0
[296706.344326] tee (693453): drop_caches: 3
[296711.693824] tee (693459): drop_caches: 3
[296717.162872] tee (693463): drop_caches: 3
[296722.444491] tee (693469): drop_caches: 3
[296725.762297] NVMeVirt: WATGC_V2 sample ns=0 part=0 epoch=1 window=32 phase=measure evaluated=30 k=7 scale_pct=25 age_ratio=4 host=65538 gc_pages=26070 gc_count=1431 waf_q16=91605 best=37 next=31 settled=0
[296727.669714] tee (693473): drop_caches: 3
[296730.224473] NVMeVirt: WATGC_V2 sample ns=0 part=1 epoch=1 window=32 phase=measure evaluated=30 k=7 scale_pct=25 age_ratio=4 host=65536 gc_pages=25365 gc_count=1420 waf_q16=90901 best=37 next=31 settled=0
[296732.970101] tee (693478): drop_caches: 3
[296733.515277] NVMeVirt: WATGC_V2 sample ns=0 part=2 epoch=1 window=32 phase=measure evaluated=30 k=7 scale_pct=25 age_ratio=4 host=65566 gc_pages=26147 gc_count=1433 waf_q16=91671 best=37 next=31 settled=0
[296735.687498] NVMeVirt: WATGC_V2 sample ns=0 part=3 epoch=1 window=32 phase=measure evaluated=30 k=7 scale_pct=25 age_ratio=4 host=65570 gc_pages=27046 gc_count=1447 waf_q16=92567 best=37 next=31 settled=0
[296738.135737] tee (693482): drop_caches: 3
[296743.323664] tee (693488): drop_caches: 3
[296749.004216] tee (693493): drop_caches: 3
[296754.415456] tee (693499): drop_caches: 3
[296758.972075] NVMeVirt: WATGC_V2 sample ns=0 part=0 epoch=1 window=33 phase=measure evaluated=31 k=7 scale_pct=25 age_ratio=7 host=65541 gc_pages=19100 gc_count=1322 waf_q16=84634 best=37 next=32 settled=0
[296759.861544] tee (693505): drop_caches: 3
[296763.697349] NVMeVirt: WATGC_V2 sample ns=0 part=1 epoch=1 window=33 phase=measure evaluated=31 k=7 scale_pct=25 age_ratio=7 host=65555 gc_pages=18732 gc_count=1317 waf_q16=84262 best=37 next=32 settled=0
[296765.175887] tee (693509): drop_caches: 3
[296767.006329] NVMeVirt: WATGC_V2 sample ns=0 part=2 epoch=1 window=33 phase=measure evaluated=31 k=7 scale_pct=25 age_ratio=7 host=65563 gc_pages=19742 gc_count=1333 waf_q16=85269 best=37 next=32 settled=0
[296768.885222] NVMeVirt: WATGC_V2 sample ns=0 part=3 epoch=1 window=33 phase=measure evaluated=31 k=7 scale_pct=25 age_ratio=7 host=65565 gc_pages=18560 gc_count=1314 waf_q16=84087 best=37 next=32 settled=0
[296770.313457] tee (693515): drop_caches: 3
[296775.564858] tee (693520): drop_caches: 3
[296780.831266] tee (693526): drop_caches: 3
[296786.263911] tee (693530): drop_caches: 3
[296791.413052] tee (693534): drop_caches: 3
[296792.495115] NVMeVirt: WATGC_V2 sample ns=0 part=0 epoch=1 window=34 phase=measure evaluated=32 k=7 scale_pct=25 age_ratio=16 host=65565 gc_pages=16197 gc_count=1278 waf_q16=81725 best=37 next=33 settled=0
[296796.767242] tee (693538): drop_caches: 3
[296797.291489] NVMeVirt: WATGC_V2 sample ns=0 part=1 epoch=1 window=34 phase=measure evaluated=32 k=7 scale_pct=25 age_ratio=16 host=65587 gc_pages=16398 gc_count=1281 waf_q16=81921 best=37 next=33 settled=0
[296800.467471] NVMeVirt: WATGC_V2 sample ns=0 part=2 epoch=1 window=34 phase=measure evaluated=32 k=7 scale_pct=25 age_ratio=16 host=65587 gc_pages=15789 gc_count=1272 waf_q16=81312 best=37 next=33 settled=0
[296801.825984] tee (693544): drop_caches: 3
[296802.520605] NVMeVirt: WATGC_V2 sample ns=0 part=3 epoch=1 window=34 phase=measure evaluated=32 k=7 scale_pct=25 age_ratio=16 host=65599 gc_pages=15587 gc_count=1269 waf_q16=81108 best=37 next=33 settled=0
[296806.967930] tee (693549): drop_caches: 3
[296812.477772] tee (693555): drop_caches: 3
[296817.697889] tee (693559): drop_caches: 3
[296822.952092] tee (693565): drop_caches: 3
[296826.045826] NVMeVirt: WATGC_V2 sample ns=0 part=0 epoch=1 window=35 phase=measure evaluated=33 k=7 scale_pct=50 age_ratio=4 host=65566 gc_pages=29667 gc_count=1488 waf_q16=95189 best=37 next=34 settled=0
[296828.434132] tee (693571): drop_caches: 3
[296831.035952] NVMeVirt: WATGC_V2 sample ns=0 part=1 epoch=1 window=35 phase=measure evaluated=33 k=7 scale_pct=50 age_ratio=4 host=65563 gc_pages=29616 gc_count=1487 waf_q16=95139 best=37 next=34 settled=0
[296833.646887] tee (693575): drop_caches: 3
[296834.015688] NVMeVirt: WATGC_V2 sample ns=0 part=2 epoch=1 window=35 phase=measure evaluated=33 k=7 scale_pct=50 age_ratio=4 host=65553 gc_pages=29733 gc_count=1489 waf_q16=95261 best=37 next=34 settled=0
[296836.351827] NVMeVirt: WATGC_V2 sample ns=0 part=3 epoch=1 window=35 phase=measure evaluated=33 k=7 scale_pct=50 age_ratio=4 host=65560 gc_pages=28594 gc_count=1471 waf_q16=94119 best=37 next=34 settled=0
[296838.883005] tee (693579): drop_caches: 3
[296844.214756] tee (693585): drop_caches: 3
[296849.366640] tee (693589): drop_caches: 3
[296854.566940] tee (693593): drop_caches: 3
[296859.419598] NVMeVirt: WATGC_V2 sample ns=0 part=0 epoch=1 window=36 phase=measure evaluated=34 k=7 scale_pct=50 age_ratio=7 host=65564 gc_pages=23559 gc_count=1393 waf_q16=89084 best=37 next=35 settled=0
[296859.732989] tee (693597): drop_caches: 3
[296864.643015] NVMeVirt: WATGC_V2 sample ns=0 part=1 epoch=1 window=36 phase=measure evaluated=34 k=7 scale_pct=50 age_ratio=7 host=65538 gc_pages=22225 gc_count=1371 waf_q16=87760 best=37 next=35 settled=0
[296865.109536] tee (693603): drop_caches: 3
[296867.751453] NVMeVirt: WATGC_V2 sample ns=0 part=2 epoch=1 window=36 phase=measure evaluated=34 k=7 scale_pct=50 age_ratio=7 host=65562 gc_pages=23178 gc_count=1386 waf_q16=88704 best=37 next=35 settled=0
[296869.690825] NVMeVirt: WATGC_V2 sample ns=0 part=3 epoch=1 window=36 phase=measure evaluated=34 k=7 scale_pct=50 age_ratio=7 host=65563 gc_pages=22368 gc_count=1374 waf_q16=87894 best=37 next=35 settled=0
[296870.215202] tee (693609): drop_caches: 3
[296875.405777] tee (693613): drop_caches: 3
[296880.543607] tee (693618): drop_caches: 3
[296885.728056] tee (693624): drop_caches: 3
[296890.962442] tee (693630): drop_caches: 3
[296893.204039] NVMeVirt: WATGC_V2 sample ns=0 part=0 epoch=1 window=37 phase=measure evaluated=35 k=7 scale_pct=50 age_ratio=16 host=65544 gc_pages=17076 gc_count=1291 waf_q16=82609 best=37 next=36 settled=0
[296896.237272] tee (693634): drop_caches: 3
[296898.533000] NVMeVirt: WATGC_V2 sample ns=0 part=1 epoch=1 window=37 phase=measure evaluated=35 k=7 scale_pct=50 age_ratio=16 host=65542 gc_pages=16954 gc_count=1289 waf_q16=82488 best=37 next=36 settled=0
[296901.010974] NVMeVirt: WATGC_V2 sample ns=0 part=2 epoch=1 window=37 phase=measure evaluated=35 k=7 scale_pct=50 age_ratio=16 host=65564 gc_pages=17413 gc_count=1297 waf_q16=82941 best=37 next=36 settled=0
[296901.604604] tee (693645): drop_caches: 3
[296903.518002] NVMeVirt: WATGC_V2 sample ns=0 part=3 epoch=1 window=37 phase=measure evaluated=35 k=7 scale_pct=50 age_ratio=16 host=65556 gc_pages=17630 gc_count=1300 waf_q16=83160 best=37 next=36 settled=0
[296907.079350] tee (693651): drop_caches: 3
[296912.243007] tee (693655): drop_caches: 3
[296917.408284] tee (693659): drop_caches: 3
[296922.858817] tee (693665): drop_caches: 3
[296926.324971] NVMeVirt: WATGC_V2 sample ns=0 part=0 epoch=1 window=38 phase=measure evaluated=36 k=7 scale_pct=100 age_ratio=4 host=65558 gc_pages=34588 gc_count=1565 waf_q16=100112 best=37 next=38 settled=0
[296928.357202] tee (693669): drop_caches: 3
[296931.857974] NVMeVirt: WATGC_V2 sample ns=0 part=1 epoch=1 window=38 phase=measure evaluated=36 k=7 scale_pct=100 age_ratio=4 host=65552 gc_pages=33845 gc_count=1553 waf_q16=99372 best=37 next=38 settled=0
[296933.572790] tee (693675): drop_caches: 3
[296934.583905] NVMeVirt: WATGC_V2 sample ns=0 part=2 epoch=1 window=38 phase=measure evaluated=36 k=7 scale_pct=100 age_ratio=4 host=65543 gc_pages=34612 gc_count=1565 waf_q16=100144 best=37 next=38 settled=0
[296936.780071] NVMeVirt: WATGC_V2 sample ns=0 part=3 epoch=1 window=38 phase=measure evaluated=36 k=7 scale_pct=100 age_ratio=4 host=65536 gc_pages=35609 gc_count=1580 waf_q16=101145 best=37 next=38 settled=0
[296938.766700] tee (693679): drop_caches: 3
[296944.051047] tee (693685): drop_caches: 3
[296949.205564] tee (693691): drop_caches: 3
[296954.453969] tee (693695): drop_caches: 3
[296959.460666] NVMeVirt: WATGC_V2 sample ns=0 part=0 epoch=1 window=39 phase=measure evaluated=38 k=7 scale_pct=100 age_ratio=16 host=65552 gc_pages=19380 gc_count=1327 waf_q16=84911 best=37 next=39 settled=0
[296960.030655] tee (693699): drop_caches: 3
[296965.097021] NVMeVirt: WATGC_V2 sample ns=0 part=1 epoch=1 window=39 phase=measure evaluated=38 k=7 scale_pct=100 age_ratio=16 host=65569 gc_pages=18243 gc_count=1310 waf_q16=83769 best=37 next=39 settled=0
[296965.204956] tee (693705): drop_caches: 3
[296967.874563] NVMeVirt: WATGC_V2 sample ns=0 part=2 epoch=1 window=39 phase=measure evaluated=38 k=7 scale_pct=100 age_ratio=16 host=65561 gc_pages=18467 gc_count=1313 waf_q16=83995 best=37 next=39 settled=0
[296969.745787] NVMeVirt: WATGC_V2 sample ns=0 part=3 epoch=1 window=39 phase=measure evaluated=38 k=7 scale_pct=100 age_ratio=16 host=65542 gc_pages=18554 gc_count=1314 waf_q16=84088 best=37 next=39 settled=0
[296970.522468] tee (693711): drop_caches: 3
[296975.984176] tee (693716): drop_caches: 3
[296981.080633] tee (693720): drop_caches: 3
[296986.257520] tee (693726): drop_caches: 3
[296991.556971] tee (693732): drop_caches: 3
[296993.020152] NVMeVirt: WATGC_V2 sample ns=0 part=0 epoch=1 window=40 phase=measure evaluated=39 k=7 scale_pct=200 age_ratio=4 host=65566 gc_pages=38501 gc_count=1626 waf_q16=104019 best=37 next=40 settled=0
[296996.875033] tee (693737): drop_caches: 3
[296999.047595] NVMeVirt: WATGC_V2 sample ns=0 part=1 epoch=1 window=40 phase=measure evaluated=39 k=7 scale_pct=200 age_ratio=4 host=65539 gc_pages=37832 gc_count=1615 waf_q16=103366 best=37 next=40 settled=0
[297001.393669] NVMeVirt: WATGC_V2 sample ns=0 part=2 epoch=1 window=40 phase=measure evaluated=39 k=7 scale_pct=200 age_ratio=4 host=65571 gc_pages=38749 gc_count=1630 waf_q16=104264 best=37 next=40 settled=0
[297002.060723] tee (693741): drop_caches: 3
[297003.526142] NVMeVirt: WATGC_V2 sample ns=0 part=3 epoch=1 window=40 phase=measure evaluated=39 k=7 scale_pct=200 age_ratio=4 host=65539 gc_pages=37636 gc_count=1612 waf_q16=103170 best=37 next=40 settled=0
[297007.622342] tee (693751): drop_caches: 3
[297012.747377] tee (693755): drop_caches: 3
[297017.961493] tee (693759): drop_caches: 3
[297023.731616] tee (693763): drop_caches: 3
[297026.579893] NVMeVirt: WATGC_V2 sample ns=0 part=0 epoch=1 window=41 phase=measure evaluated=40 k=7 scale_pct=200 age_ratio=7 host=65542 gc_pages=29581 gc_count=1486 waf_q16=95114 best=37 next=41 settled=0
[297029.466314] tee (693769): drop_caches: 3
[297032.538917] NVMeVirt: WATGC_V2 sample ns=0 part=1 epoch=1 window=41 phase=measure evaluated=40 k=7 scale_pct=200 age_ratio=7 host=65587 gc_pages=30959 gc_count=1509 waf_q16=96470 best=37 next=41 settled=0
[297034.649345] NVMeVirt: WATGC_V2 sample ns=0 part=2 epoch=1 window=41 phase=measure evaluated=40 k=7 scale_pct=200 age_ratio=7 host=65558 gc_pages=31463 gc_count=1516 waf_q16=96988 best=37 next=41 settled=0
[297034.748165] tee (693773): drop_caches: 3
[297037.010991] NVMeVirt: WATGC_V2 sample ns=0 part=3 epoch=1 window=41 phase=measure evaluated=40 k=7 scale_pct=200 age_ratio=7 host=65560 gc_pages=30558 gc_count=1502 waf_q16=96082 best=37 next=41 settled=0
[297039.937620] tee (693777): drop_caches: 3
[297045.562384] tee (693785): drop_caches: 3
[297050.799591] tee (693791): drop_caches: 3
[297056.223544] tee (693795): drop_caches: 3
[297059.376359] NVMeVirt: WATGC_V2 sample ns=0 part=0 epoch=1 window=42 phase=measure evaluated=41 k=7 scale_pct=200 age_ratio=16 host=65585 gc_pages=21070 gc_count=1354 waf_q16=86590 best=37 next=42 settled=0
[297061.490001] tee (693799): drop_caches: 3
[297065.302327] NVMeVirt: WATGC_V2 sample ns=0 part=1 epoch=1 window=42 phase=measure evaluated=41 k=7 scale_pct=200 age_ratio=16 host=65590 gc_pages=21483 gc_count=1361 waf_q16=87001 best=37 next=42 settled=0
[297066.815094] tee (693805): drop_caches: 3
[297067.639235] NVMeVirt: WATGC_V2 sample ns=0 part=2 epoch=1 window=42 phase=measure evaluated=41 k=7 scale_pct=200 age_ratio=16 host=65537 gc_pages=21119 gc_count=1354 waf_q16=86654 best=37 next=42 settled=0
[297069.940594] NVMeVirt: WATGC_V2 sample ns=0 part=3 epoch=1 window=42 phase=measure evaluated=41 k=7 scale_pct=200 age_ratio=16 host=65595 gc_pages=19868 gc_count=1335 waf_q16=85386 best=37 next=42 settled=0
[297072.064086] tee (693811): drop_caches: 3
[297077.203632] tee (693815): drop_caches: 3
[297082.379060] tee (693819): drop_caches: 3
[297088.000406] tee (693825): drop_caches: 3
[297092.477418] NVMeVirt: WATGC_V2 sample ns=0 part=0 epoch=1 window=43 phase=measure evaluated=42 k=7 scale_pct=400 age_ratio=4 host=65540 gc_pages=37958 gc_count=1617 waf_q16=103491 best=37 next=43 settled=0
[297093.289122] tee (693840): drop_caches: 3
[297098.523541] NVMeVirt: WATGC_V2 sample ns=0 part=1 epoch=1 window=43 phase=measure evaluated=42 k=7 scale_pct=400 age_ratio=4 host=65566 gc_pages=37279 gc_count=1607 waf_q16=102797 best=37 next=43 settled=0
[297098.945946] tee (693846): drop_caches: 3
[297101.171407] NVMeVirt: WATGC_V2 sample ns=0 part=2 epoch=1 window=43 phase=measure evaluated=42 k=7 scale_pct=400 age_ratio=4 host=65562 gc_pages=38895 gc_count=1632 waf_q16=104415 best=37 next=43 settled=0
[297103.219837] NVMeVirt: WATGC_V2 sample ns=0 part=3 epoch=1 window=43 phase=measure evaluated=42 k=7 scale_pct=400 age_ratio=4 host=65549 gc_pages=38122 gc_count=1620 waf_q16=103650 best=37 next=43 settled=0
[297104.055987] tee (693850): drop_caches: 3
[297109.241353] tee (693856): drop_caches: 3
[297114.337223] tee (693862): drop_caches: 3
[297119.728807] tee (693866): drop_caches: 3
[297124.875585] tee (693870): drop_caches: 3
[297126.213735] NVMeVirt: WATGC_V2 sample ns=0 part=0 epoch=1 window=44 phase=measure evaluated=43 k=7 scale_pct=400 age_ratio=7 host=65538 gc_pages=42686 gc_count=1691 waf_q16=108220 best=37 next=44 settled=0
[297131.093377] tee (693885): drop_caches: 3
[297132.650795] NVMeVirt: WATGC_V2 sample ns=0 part=1 epoch=1 window=44 phase=measure evaluated=43 k=7 scale_pct=400 age_ratio=7 host=65564 gc_pages=43813 gc_count=1709 waf_q16=109330 best=37 next=44 settled=0
[297134.684293] NVMeVirt: WATGC_V2 sample ns=0 part=2 epoch=1 window=44 phase=measure evaluated=43 k=7 scale_pct=400 age_ratio=7 host=65536 gc_pages=43910 gc_count=1710 waf_q16=109446 best=37 next=44 settled=0
[297136.668026] NVMeVirt: WATGC_V2 sample ns=0 part=3 epoch=1 window=44 phase=measure evaluated=43 k=7 scale_pct=400 age_ratio=7 host=65569 gc_pages=43220 gc_count=1700 waf_q16=108734 best=37 next=44 settled=0
[297137.674746] tee (693889): drop_caches: 3
[297143.944146] tee (693894): drop_caches: 3
[297150.109589] tee (693900): drop_caches: 3
[297156.923574] tee (693904): drop_caches: 3
[297158.954989] NVMeVirt: WATGC_V2 sample ns=0 part=0 epoch=1 window=45 phase=measure evaluated=44 k=7 scale_pct=400 age_ratio=16 host=65556 gc_pages=38833 gc_count=1631 waf_q16=104357 best=37 next=45 settled=0
[297163.250372] tee (693908): drop_caches: 3
[297165.241788] NVMeVirt: WATGC_V2 sample ns=0 part=1 epoch=1 window=45 phase=measure evaluated=44 k=7 scale_pct=400 age_ratio=16 host=65573 gc_pages=37831 gc_count=1616 waf_q16=103345 best=37 next=45 settled=0
[297167.228696] NVMeVirt: WATGC_V2 sample ns=0 part=2 epoch=1 window=45 phase=measure evaluated=44 k=7 scale_pct=400 age_ratio=16 host=65551 gc_pages=39911 gc_count=1648 waf_q16=105437 best=37 next=45 settled=0
[297169.106218] NVMeVirt: WATGC_V2 sample ns=0 part=3 epoch=1 window=45 phase=measure evaluated=44 k=7 scale_pct=400 age_ratio=16 host=65543 gc_pages=38513 gc_count=1626 waf_q16=104044 best=37 next=45 settled=0
[297169.603571] tee (693914): drop_caches: 3
[297176.004417] tee (693920): drop_caches: 3
[297182.054019] tee (693924): drop_caches: 3
[297188.390015] tee (693935): drop_caches: 3
[297191.563102] NVMeVirt: WATGC_V2 sample ns=0 part=0 epoch=1 window=46 phase=measure evaluated=45 k=10 scale_pct=25 age_ratio=4 host=65597 gc_pages=20971 gc_count=1353 waf_q16=86487 best=37 next=46 settled=0
[297194.739406] tee (693941): drop_caches: 3
[297198.179483] NVMeVirt: WATGC_V2 sample ns=0 part=1 epoch=1 window=46 phase=measure evaluated=45 k=10 scale_pct=25 age_ratio=4 host=65545 gc_pages=20291 gc_count=1341 waf_q16=85824 best=37 next=46 settled=0
[297199.935582] NVMeVirt: WATGC_V2 sample ns=0 part=2 epoch=1 window=46 phase=measure evaluated=45 k=10 scale_pct=25 age_ratio=4 host=65564 gc_pages=22271 gc_count=1372 waf_q16=87797 best=37 next=46 settled=0
[297201.647971] tee (693951): drop_caches: 3
[297201.660890] NVMeVirt: WATGC_V2 sample ns=0 part=3 epoch=1 window=46 phase=measure evaluated=45 k=10 scale_pct=25 age_ratio=4 host=65536 gc_pages=23167 gc_count=1386 waf_q16=88703 best=37 next=46 settled=0
[297208.013344] tee (693956): drop_caches: 3
[297214.421420] tee (693962): drop_caches: 3
[297220.745412] tee (693966): drop_caches: 3
[297224.500970] NVMeVirt: WATGC_V2 sample ns=0 part=0 epoch=1 window=47 phase=measure evaluated=46 k=10 scale_pct=25 age_ratio=7 host=65553 gc_pages=16369 gc_count=1280 waf_q16=81900 best=37 next=47 settled=0
[297227.295478] tee (693970): drop_caches: 3
[297231.265758] NVMeVirt: WATGC_V2 sample ns=0 part=1 epoch=1 window=47 phase=measure evaluated=46 k=10 scale_pct=25 age_ratio=7 host=65538 gc_pages=17150 gc_count=1292 waf_q16=82685 best=37 next=47 settled=0
[297232.934396] NVMeVirt: WATGC_V2 sample ns=0 part=2 epoch=1 window=47 phase=measure evaluated=46 k=10 scale_pct=25 age_ratio=7 host=65555 gc_pages=18259 gc_count=1310 waf_q16=83789 best=37 next=47 settled=0
[297234.483275] tee (693979): drop_caches: 3
[297234.760233] NVMeVirt: WATGC_V2 sample ns=0 part=3 epoch=1 window=47 phase=measure evaluated=46 k=10 scale_pct=25 age_ratio=7 host=65577 gc_pages=18839 gc_count=1319 waf_q16=84363 best=37 next=47 settled=0
[297239.847229] tee (693983): drop_caches: 3
[297245.174713] tee (693988): drop_caches: 3
[297250.286729] tee (693994): drop_caches: 3
[297255.615779] tee (694000): drop_caches: 3
[297257.780510] NVMeVirt: WATGC_V2 sample ns=0 part=0 epoch=1 window=48 phase=measure evaluated=47 k=10 scale_pct=25 age_ratio=16 host=65575 gc_pages=14193 gc_count=1246 waf_q16=79720 best=37 next=48 settled=0
[297260.812206] tee (694004): drop_caches: 3
[297264.715440] NVMeVirt: WATGC_V2 sample ns=0 part=1 epoch=1 window=48 phase=measure evaluated=47 k=10 scale_pct=25 age_ratio=16 host=65563 gc_pages=14887 gc_count=1257 waf_q16=80416 best=37 next=48 settled=0
[297265.991695] tee (694008): drop_caches: 3
[297266.529318] NVMeVirt: WATGC_V2 sample ns=0 part=2 epoch=1 window=48 phase=measure evaluated=47 k=10 scale_pct=25 age_ratio=16 host=65570 gc_pages=14399 gc_count=1250 waf_q16=79927 best=37 next=48 settled=0
[297268.431249] NVMeVirt: WATGC_V2 sample ns=0 part=3 epoch=1 window=48 phase=measure evaluated=47 k=10 scale_pct=25 age_ratio=16 host=65589 gc_pages=14998 gc_count=1259 waf_q16=80521 best=37 next=48 settled=0
[297271.636008] tee (694019): drop_caches: 3
[297278.862542] tee (694086): drop_caches: 3
[297285.057163] tee (694121): drop_caches: 3
[297290.369128] tee (694126): drop_caches: 3
[297291.113290] NVMeVirt: WATGC_V2 sample ns=0 part=0 epoch=1 window=49 phase=measure evaluated=48 k=10 scale_pct=50 age_ratio=4 host=65544 gc_pages=30082 gc_count=1494 waf_q16=95614 best=37 next=49 settled=0
[297295.823040] tee (694134): drop_caches: 3
[297298.311101] NVMeVirt: WATGC_V2 sample ns=0 part=1 epoch=1 window=49 phase=measure evaluated=48 k=10 scale_pct=50 age_ratio=4 host=65540 gc_pages=30202 gc_count=1496 waf_q16=95736 best=37 next=49 settled=0
[297299.802602] NVMeVirt: WATGC_V2 sample ns=0 part=2 epoch=1 window=49 phase=measure evaluated=48 k=10 scale_pct=50 age_ratio=4 host=65536 gc_pages=30797 gc_count=1505 waf_q16=96333 best=37 next=49 settled=0
[297301.042066] tee (694138): drop_caches: 3
[297301.825518] NVMeVirt: WATGC_V2 sample ns=0 part=3 epoch=1 window=49 phase=measure evaluated=48 k=10 scale_pct=50 age_ratio=4 host=65588 gc_pages=30607 gc_count=1503 waf_q16=96118 best=37 next=49 settled=0
[297306.138311] tee (694142): drop_caches: 3
[297311.259298] tee (694150): drop_caches: 3
[297316.690491] tee (694156): drop_caches: 3
[297321.932307] tee (694160): drop_caches: 3
[297324.548153] NVMeVirt: WATGC_V2 sample ns=0 part=0 epoch=1 window=50 phase=measure evaluated=49 k=10 scale_pct=50 age_ratio=7 host=65546 gc_pages=21237 gc_count=1356 waf_q16=86769 best=37 next=50 settled=0
[297327.320492] tee (694164): drop_caches: 3
[297331.614047] NVMeVirt: WATGC_V2 sample ns=0 part=1 epoch=1 window=50 phase=measure evaluated=49 k=10 scale_pct=50 age_ratio=7 host=65552 gc_pages=20870 gc_count=1350 waf_q16=86400 best=37 next=50 settled=0
[297332.594801] tee (694168): drop_caches: 3
[297333.379907] NVMeVirt: WATGC_V2 sample ns=0 part=2 epoch=1 window=50 phase=measure evaluated=49 k=10 scale_pct=50 age_ratio=7 host=65572 gc_pages=20990 gc_count=1353 waf_q16=86514 best=37 next=50 settled=0
[297335.261520] NVMeVirt: WATGC_V2 sample ns=0 part=3 epoch=1 window=50 phase=measure evaluated=49 k=10 scale_pct=50 age_ratio=7 host=65549 gc_pages=20935 gc_count=1351 waf_q16=86466 best=37 next=50 settled=0
[297337.801056] tee (694174): drop_caches: 3
[297342.866287] tee (694178): drop_caches: 3
[297347.972967] tee (694182): drop_caches: 3
[297353.152969] tee (694188): drop_caches: 3
[297357.798108] NVMeVirt: WATGC_V2 sample ns=0 part=0 epoch=1 window=51 phase=measure evaluated=50 k=10 scale_pct=50 age_ratio=16 host=65586 gc_pages=16464 gc_count=1282 waf_q16=81987 best=37 next=51 settled=0
[297358.441639] tee (694194): drop_caches: 3
[297363.661903] tee (694198): drop_caches: 3
[297365.437007] NVMeVirt: WATGC_V2 sample ns=0 part=1 epoch=1 window=51 phase=measure evaluated=50 k=10 scale_pct=50 age_ratio=16 host=65558 gc_pages=16012 gc_count=1275 waf_q16=81542 best=37 next=51 settled=0
[297366.972337] NVMeVirt: WATGC_V2 sample ns=0 part=2 epoch=1 window=51 phase=measure evaluated=50 k=10 scale_pct=50 age_ratio=16 host=65542 gc_pages=16477 gc_count=1281 waf_q16=82011 best=37 next=51 settled=0
[297368.749023] NVMeVirt: WATGC_V2 sample ns=0 part=3 epoch=1 window=51 phase=measure evaluated=50 k=10 scale_pct=50 age_ratio=16 host=65594 gc_pages=16079 gc_count=1276 waf_q16=81600 best=37 next=51 settled=0
[297368.781800] tee (694204): drop_caches: 3
[297374.058300] tee (694208): drop_caches: 3
[297380.588438] tee (694222): drop_caches: 3
[297386.939496] tee (694227): drop_caches: 3
[297391.411761] NVMeVirt: WATGC_V2 sample ns=0 part=0 epoch=1 window=52 phase=measure evaluated=51 k=10 scale_pct=100 age_ratio=4 host=65560 gc_pages=31928 gc_count=1523 waf_q16=97452 best=37 next=52 settled=0
[297392.356546] tee (694231): drop_caches: 3
[297397.659257] tee (694238): drop_caches: 3
[297399.099209] NVMeVirt: WATGC_V2 sample ns=0 part=1 epoch=1 window=52 phase=measure evaluated=51 k=10 scale_pct=100 age_ratio=4 host=65537 gc_pages=31734 gc_count=1520 waf_q16=97269 best=37 next=52 settled=0
[297400.618815] NVMeVirt: WATGC_V2 sample ns=0 part=2 epoch=1 window=52 phase=measure evaluated=51 k=10 scale_pct=100 age_ratio=4 host=65577 gc_pages=31629 gc_count=1519 waf_q16=97145 best=37 next=52 settled=0
[297402.376107] NVMeVirt: WATGC_V2 sample ns=0 part=3 epoch=1 window=52 phase=measure evaluated=51 k=10 scale_pct=100 age_ratio=4 host=65568 gc_pages=30953 gc_count=1508 waf_q16=96473 best=37 next=52 settled=0
[297402.783684] tee (694243): drop_caches: 3
[297407.888478] tee (694247): drop_caches: 3
[297413.200010] tee (694255): drop_caches: 3
[297418.518985] tee (694261): drop_caches: 3
[297423.776198] tee (694265): drop_caches: 3
[297425.365282] NVMeVirt: WATGC_V2 sample ns=0 part=0 epoch=1 window=53 phase=measure evaluated=52 k=10 scale_pct=100 age_ratio=7 host=65557 gc_pages=24395 gc_count=1406 waf_q16=89923 best=37 next=53 settled=0
[297429.036882] tee (694271): drop_caches: 3
[297432.967993] NVMeVirt: WATGC_V2 sample ns=0 part=1 epoch=1 window=53 phase=measure evaluated=52 k=10 scale_pct=100 age_ratio=7 host=65564 gc_pages=25150 gc_count=1417 waf_q16=90675 best=37 next=53 settled=0
[297434.124949] tee (694275): drop_caches: 3
[297434.438448] NVMeVirt: WATGC_V2 sample ns=0 part=2 epoch=1 window=53 phase=measure evaluated=52 k=10 scale_pct=100 age_ratio=7 host=65537 gc_pages=25198 gc_count=1418 waf_q16=90733 best=37 next=53 settled=0
[297436.484160] NVMeVirt: WATGC_V2 sample ns=0 part=3 epoch=1 window=53 phase=measure evaluated=52 k=10 scale_pct=100 age_ratio=7 host=65570 gc_pages=26160 gc_count=1433 waf_q16=91682 best=37 next=53 settled=0
[297439.555933] tee (694282): drop_caches: 3
[297444.833363] tee (694286): drop_caches: 3
[297450.088031] tee (694290): drop_caches: 3
[297455.397128] tee (694294): drop_caches: 3
[297458.634047] NVMeVirt: WATGC_V2 sample ns=0 part=0 epoch=1 window=54 phase=measure evaluated=53 k=10 scale_pct=100 age_ratio=16 host=65554 gc_pages=18158 gc_count=1308 waf_q16=83689 best=37 next=54 settled=0
[297460.817244] tee (694300): drop_caches: 3
[297466.049306] tee (694305): drop_caches: 3
[297466.072977] NVMeVirt: WATGC_V2 sample ns=0 part=1 epoch=1 window=54 phase=measure evaluated=53 k=10 scale_pct=100 age_ratio=16 host=65551 gc_pages=17909 gc_count=1304 waf_q16=83440 best=37 next=54 settled=0
[297467.754509] NVMeVirt: WATGC_V2 sample ns=0 part=2 epoch=1 window=54 phase=measure evaluated=53 k=10 scale_pct=100 age_ratio=16 host=65570 gc_pages=17886 gc_count=1304 waf_q16=83412 best=37 next=54 settled=0
[297469.567077] NVMeVirt: WATGC_V2 sample ns=0 part=3 epoch=1 window=54 phase=measure evaluated=53 k=10 scale_pct=100 age_ratio=16 host=65585 gc_pages=17810 gc_count=1303 waf_q16=83332 best=37 next=54 settled=0
[297471.349258] tee (694311): drop_caches: 3
[297478.917529] tee (694325): drop_caches: 3
[297485.206893] tee (694330): drop_caches: 3
[297490.477888] tee (694336): drop_caches: 3
[297491.459937] NVMeVirt: WATGC_V2 sample ns=0 part=0 epoch=1 window=55 phase=measure evaluated=54 k=10 scale_pct=200 age_ratio=4 host=65542 gc_pages=38412 gc_count=1624 waf_q16=103944 best=37 next=55 settled=0
[297495.868161] tee (694342): drop_caches: 3
[297499.533181] NVMeVirt: WATGC_V2 sample ns=0 part=1 epoch=1 window=55 phase=measure evaluated=54 k=10 scale_pct=200 age_ratio=4 host=65570 gc_pages=37981 gc_count=1618 waf_q16=103497 best=37 next=55 settled=0
[297500.728330] NVMeVirt: WATGC_V2 sample ns=0 part=2 epoch=1 window=55 phase=measure evaluated=54 k=10 scale_pct=200 age_ratio=4 host=65564 gc_pages=39553 gc_count=1642 waf_q16=105072 best=37 next=55 settled=0
[297501.092200] tee (694353): drop_caches: 3
[297502.932437] NVMeVirt: WATGC_V2 sample ns=0 part=3 epoch=1 window=55 phase=measure evaluated=54 k=10 scale_pct=200 age_ratio=4 host=65549 gc_pages=38243 gc_count=1622 waf_q16=103771 best=37 next=55 settled=0
[297506.263305] tee (694357): drop_caches: 3
[297511.653018] tee (694362): drop_caches: 3
[297516.996761] tee (694366): drop_caches: 3
[297522.123950] tee (694372): drop_caches: 3
[297525.271936] NVMeVirt: WATGC_V2 sample ns=0 part=0 epoch=1 window=56 phase=measure evaluated=55 k=10 scale_pct=200 age_ratio=7 host=65542 gc_pages=31870 gc_count=1522 waf_q16=97403 best=37 next=56 settled=0
[297527.337231] tee (694376): drop_caches: 3
[297532.573922] tee (694382): drop_caches: 3
[297533.449435] NVMeVirt: WATGC_V2 sample ns=0 part=1 epoch=1 window=56 phase=measure evaluated=55 k=10 scale_pct=200 age_ratio=7 host=65567 gc_pages=31973 gc_count=1524 waf_q16=97493 best=37 next=56 settled=0
[297534.719320] NVMeVirt: WATGC_V2 sample ns=0 part=2 epoch=1 window=56 phase=measure evaluated=55 k=10 scale_pct=200 age_ratio=7 host=65576 gc_pages=31298 gc_count=1514 waf_q16=96814 best=37 next=56 settled=0
[297536.646166] NVMeVirt: WATGC_V2 sample ns=0 part=3 epoch=1 window=56 phase=measure evaluated=55 k=10 scale_pct=200 age_ratio=7 host=65551 gc_pages=32607 gc_count=1534 waf_q16=98135 best=37 next=56 settled=0
[297537.924276] tee (694386): drop_caches: 3
[297543.204463] tee (694392): drop_caches: 3
[297548.630694] tee (694396): drop_caches: 3
[297553.855836] tee (694402): drop_caches: 3
[297558.501706] NVMeVirt: WATGC_V2 sample ns=0 part=0 epoch=1 window=57 phase=measure evaluated=56 k=10 scale_pct=200 age_ratio=16 host=65543 gc_pages=21437 gc_count=1359 waf_q16=86970 best=37 next=57 settled=0
[297558.892102] tee (694406): drop_caches: 3
[297564.293141] tee (694413): drop_caches: 3
[297567.034907] NVMeVirt: WATGC_V2 sample ns=0 part=1 epoch=1 window=57 phase=measure evaluated=56 k=10 scale_pct=200 age_ratio=16 host=65581 gc_pages=21104 gc_count=1355 waf_q16=86625 best=37 next=57 settled=0
[297568.194550] NVMeVirt: WATGC_V2 sample ns=0 part=2 epoch=1 window=57 phase=measure evaluated=56 k=10 scale_pct=200 age_ratio=16 host=65597 gc_pages=19843 gc_count=1335 waf_q16=85360 best=37 next=57 settled=0
[297569.499477] tee (694417): drop_caches: 3
[297570.138358] NVMeVirt: WATGC_V2 sample ns=0 part=3 epoch=1 window=57 phase=measure evaluated=56 k=10 scale_pct=200 age_ratio=16 host=65543 gc_pages=21523 gc_count=1360 waf_q16=87056 best=37 next=57 settled=0
[297574.493382] tee (694426): drop_caches: 3
[297579.469752] tee (694430): drop_caches: 3
[297584.801157] tee (694436): drop_caches: 3
[297590.032672] tee (694441): drop_caches: 3
[297592.514570] NVMeVirt: WATGC_V2 sample ns=0 part=0 epoch=1 window=58 phase=measure evaluated=57 k=10 scale_pct=400 age_ratio=4 host=65574 gc_pages=38558 gc_count=1627 waf_q16=104071 best=37 next=58 settled=0
[297595.268995] tee (694447): drop_caches: 3
[297600.702304] NVMeVirt: WATGC_V2 sample ns=0 part=1 epoch=1 window=58 phase=measure evaluated=57 k=10 scale_pct=400 age_ratio=4 host=65573 gc_pages=38946 gc_count=1633 waf_q16=104460 best=37 next=58 settled=0
[297600.939924] tee (694453): drop_caches: 3
[297602.201753] NVMeVirt: WATGC_V2 sample ns=0 part=2 epoch=1 window=58 phase=measure evaluated=57 k=10 scale_pct=400 age_ratio=4 host=65560 gc_pages=38830 gc_count=1631 waf_q16=104351 best=37 next=58 settled=0
[297603.949411] NVMeVirt: WATGC_V2 sample ns=0 part=3 epoch=1 window=58 phase=measure evaluated=57 k=10 scale_pct=400 age_ratio=4 host=65548 gc_pages=38382 gc_count=1624 waf_q16=103910 best=37 next=58 settled=0
[297606.214236] tee (694457): drop_caches: 3
[297612.011316] tee (694466): drop_caches: 3
[297617.105286] tee (694471): drop_caches: 3
[297622.380711] tee (694477): drop_caches: 3
[297626.092828] NVMeVirt: WATGC_V2 sample ns=0 part=0 epoch=1 window=59 phase=measure evaluated=58 k=10 scale_pct=400 age_ratio=7 host=65563 gc_pages=42928 gc_count=1695 waf_q16=108446 best=37 next=59 settled=0
[297627.771532] tee (694481): drop_caches: 3
[297632.998755] tee (694485): drop_caches: 3
[297634.796218] NVMeVirt: WATGC_V2 sample ns=0 part=1 epoch=1 window=59 phase=measure evaluated=58 k=10 scale_pct=400 age_ratio=7 host=65545 gc_pages=42307 gc_count=1685 waf_q16=107837 best=37 next=59 settled=0
[297636.045741] NVMeVirt: WATGC_V2 sample ns=0 part=2 epoch=1 window=59 phase=measure evaluated=58 k=10 scale_pct=400 age_ratio=7 host=65555 gc_pages=41452 gc_count=1672 waf_q16=106975 best=37 next=59 settled=0
[297637.547350] NVMeVirt: WATGC_V2 sample ns=0 part=3 epoch=1 window=59 phase=measure evaluated=58 k=10 scale_pct=400 age_ratio=7 host=65564 gc_pages=42726 gc_count=1692 waf_q16=108243 best=37 next=59 settled=0
[297638.185808] tee (694489): drop_caches: 3
[297643.502373] tee (694495): drop_caches: 3
[297648.855180] tee (694500): drop_caches: 3
[297654.042623] tee (694506): drop_caches: 3
[297659.252119] tee (694510): drop_caches: 3
[297659.760552] NVMeVirt: WATGC_V2 sample ns=0 part=0 epoch=1 window=60 phase=measure evaluated=59 k=10 scale_pct=400 age_ratio=16 host=65536 gc_pages=30179 gc_count=1495 waf_q16=95715 best=37 next=0 settled=0
[297664.615285] tee (694516): drop_caches: 3
[297668.440584] NVMeVirt: WATGC_V2 sample ns=0 part=1 epoch=1 window=60 phase=measure evaluated=59 k=10 scale_pct=400 age_ratio=16 host=65544 gc_pages=29677 gc_count=1488 waf_q16=95209 best=37 next=0 settled=0
[297669.461846] NVMeVirt: WATGC_V2 sample ns=0 part=2 epoch=1 window=60 phase=measure evaluated=59 k=10 scale_pct=400 age_ratio=16 host=65550 gc_pages=28564 gc_count=1470 waf_q16=94093 best=37 next=0 settled=0
[297669.871474] tee (694522): drop_caches: 3
[297671.480583] NVMeVirt: WATGC_V2 sample ns=0 part=3 epoch=1 window=60 phase=measure evaluated=59 k=10 scale_pct=400 age_ratio=16 host=65569 gc_pages=29713 gc_count=1489 waf_q16=95234 best=37 next=0 settled=0
[297675.018032] tee (694526): drop_caches: 3
[297680.151514] tee (694530): drop_caches: 3
[297685.477241] tee (694536): drop_caches: 3
[297690.768788] tee (694540): drop_caches: 3
[297692.863567] NVMeVirt: WATGC_V2 sample ns=0 part=0 epoch=1 window=61 phase=measure evaluated=0 k=2 scale_pct=25 age_ratio=4 host=65541 gc_pages=38912 gc_count=1632 waf_q16=104445 best=37 next=1 settled=0
[297696.076982] tee (694544): drop_caches: 3
[297701.325708] NVMeVirt: WATGC_V2 sample ns=0 part=1 epoch=1 window=61 phase=measure evaluated=0 k=2 scale_pct=25 age_ratio=4 host=65567 gc_pages=38429 gc_count=1625 waf_q16=103946 best=37 next=1 settled=0
[297701.325955] tee (694548): drop_caches: 3
[297702.805715] NVMeVirt: WATGC_V2 sample ns=0 part=2 epoch=1 window=61 phase=measure evaluated=0 k=2 scale_pct=25 age_ratio=4 host=65566 gc_pages=40048 gc_count=1650 waf_q16=105565 best=37 next=1 settled=0
[297704.536737] NVMeVirt: WATGC_V2 sample ns=0 part=3 epoch=1 window=61 phase=measure evaluated=0 k=2 scale_pct=25 age_ratio=4 host=65568 gc_pages=39076 gc_count=1635 waf_q16=104592 best=37 next=1 settled=0
[297706.577844] tee (694554): drop_caches: 3
[297711.880113] tee (694560): drop_caches: 3
[297717.167694] tee (694564): drop_caches: 3
[297722.388826] tee (694568): drop_caches: 3
[297726.260647] NVMeVirt: WATGC_V2 sample ns=0 part=0 epoch=1 window=62 phase=measure evaluated=1 k=2 scale_pct=25 age_ratio=7 host=65574 gc_pages=46609 gc_count=1753 waf_q16=112117 best=37 next=2 settled=0
[297727.784149] tee (694574): drop_caches: 3
[297732.859202] tee (694580): drop_caches: 3
[297735.322804] NVMeVirt: WATGC_V2 sample ns=0 part=1 epoch=1 window=62 phase=measure evaluated=1 k=2 scale_pct=25 age_ratio=7 host=65537 gc_pages=45624 gc_count=1737 waf_q16=111159 best=37 next=2 settled=0
[297736.364111] NVMeVirt: WATGC_V2 sample ns=0 part=2 epoch=1 window=62 phase=measure evaluated=1 k=2 scale_pct=25 age_ratio=7 host=65566 gc_pages=45407 gc_count=1734 waf_q16=110922 best=37 next=2 settled=0
[297737.935803] NVMeVirt: WATGC_V2 sample ns=0 part=3 epoch=1 window=62 phase=measure evaluated=1 k=2 scale_pct=25 age_ratio=7 host=65566 gc_pages=45555 gc_count=1736 waf_q16=111070 best=37 next=2 settled=0
[297738.128003] tee (694584): drop_caches: 3
[297743.633876] tee (694591): drop_caches: 3
[297749.086571] tee (694595): drop_caches: 3
[297754.239423] tee (694600): drop_caches: 3
[297759.356854] NVMeVirt: WATGC_V2 sample ns=0 part=0 epoch=1 window=63 phase=measure evaluated=2 k=2 scale_pct=25 age_ratio=16 host=65566 gc_pages=46700 gc_count=1754 waf_q16=112214 best=37 next=3 settled=0
[297759.520963] tee (694605): drop_caches: 3
[297764.822025] tee (694611): drop_caches: 3
[297768.592863] NVMeVirt: WATGC_V2 sample ns=0 part=1 epoch=1 window=63 phase=measure evaluated=2 k=2 scale_pct=25 age_ratio=16 host=65543 gc_pages=47420 gc_count=1765 waf_q16=112950 best=37 next=3 settled=0
[297769.374470] NVMeVirt: WATGC_V2 sample ns=0 part=2 epoch=1 window=63 phase=measure evaluated=2 k=2 scale_pct=25 age_ratio=16 host=65572 gc_pages=47639 gc_count=1769 waf_q16=113148 best=37 next=3 settled=0
[297770.180829] tee (694615): drop_caches: 3
[297771.237790] NVMeVirt: WATGC_V2 sample ns=0 part=3 epoch=1 window=63 phase=measure evaluated=2 k=2 scale_pct=25 age_ratio=16 host=65555 gc_pages=47340 gc_count=1764 waf_q16=112862 best=37 next=3 settled=0
[297775.464126] tee (694622): drop_caches: 3
[297780.658277] tee (694626): drop_caches: 3
[297785.939011] tee (694632): drop_caches: 3
[297791.298600] tee (694638): drop_caches: 3
[297793.091978] NVMeVirt: WATGC_V2 sample ns=0 part=0 epoch=1 window=64 phase=measure evaluated=3 k=2 scale_pct=50 age_ratio=4 host=65563 gc_pages=47093 gc_count=1760 waf_q16=112609 best=37 next=4 settled=0
[297796.624450] tee (694642): drop_caches: 3
[297802.004949] tee (694652): drop_caches: 3
[297802.272360] NVMeVirt: WATGC_V2 sample ns=0 part=1 epoch=1 window=64 phase=measure evaluated=3 k=2 scale_pct=50 age_ratio=4 host=65542 gc_pages=46801 gc_count=1755 waf_q16=112332 best=37 next=4 settled=0
[297803.316123] NVMeVirt: WATGC_V2 sample ns=0 part=2 epoch=1 window=64 phase=measure evaluated=3 k=2 scale_pct=50 age_ratio=4 host=65559 gc_pages=47463 gc_count=1766 waf_q16=112982 best=37 next=4 settled=0
[297805.153093] NVMeVirt: WATGC_V2 sample ns=0 part=3 epoch=1 window=64 phase=measure evaluated=3 k=2 scale_pct=50 age_ratio=4 host=65557 gc_pages=46952 gc_count=1758 waf_q16=112472 best=37 next=4 settled=0
[297807.322316] tee (694658): drop_caches: 3
[297812.629204] tee (694662): drop_caches: 3
[297817.734023] tee (694666): drop_caches: 3
[297823.345395] tee (694670): drop_caches: 3
[297826.802385] NVMeVirt: WATGC_V2 sample ns=0 part=0 epoch=1 window=65 phase=measure evaluated=4 k=2 scale_pct=50 age_ratio=7 host=65545 gc_pages=47795 gc_count=1771 waf_q16=113324 best=37 next=5 settled=0
[297828.534548] tee (694676): drop_caches: 3
[297833.653232] tee (694682): drop_caches: 3
[297836.226728] NVMeVirt: WATGC_V2 sample ns=0 part=1 epoch=1 window=65 phase=measure evaluated=4 k=2 scale_pct=50 age_ratio=7 host=65547 gc_pages=47739 gc_count=1770 waf_q16=113266 best=37 next=5 settled=0
[297837.093939] NVMeVirt: WATGC_V2 sample ns=0 part=2 epoch=1 window=65 phase=measure evaluated=4 k=2 scale_pct=50 age_ratio=7 host=65566 gc_pages=48282 gc_count=1779 waf_q16=113795 best=37 next=5 settled=0
[297838.563820] NVMeVirt: WATGC_V2 sample ns=0 part=3 epoch=1 window=65 phase=measure evaluated=4 k=2 scale_pct=50 age_ratio=7 host=65563 gc_pages=47455 gc_count=1766 waf_q16=112971 best=37 next=5 settled=0
[297838.904638] tee (694686): drop_caches: 3
[297844.192559] tee (694690): drop_caches: 3
[297849.380729] tee (694696): drop_caches: 3
[297854.769304] tee (694702): drop_caches: 3
[297859.892010] tee (694706): drop_caches: 3
[297860.485372] NVMeVirt: WATGC_V2 sample ns=0 part=0 epoch=1 window=66 phase=measure evaluated=5 k=2 scale_pct=50 age_ratio=16 host=65567 gc_pages=47208 gc_count=1762 waf_q16=112721 best=37 next=6 settled=0
[297865.100629] tee (694710): drop_caches: 3
[297869.992947] NVMeVirt: WATGC_V2 sample ns=0 part=1 epoch=1 window=66 phase=measure evaluated=5 k=2 scale_pct=50 age_ratio=16 host=65568 gc_pages=47648 gc_count=1769 waf_q16=113160 best=37 next=6 settled=0
[297870.525446] tee (694718): drop_caches: 3
[297870.648178] NVMeVirt: WATGC_V2 sample ns=0 part=2 epoch=1 window=66 phase=measure evaluated=5 k=2 scale_pct=50 age_ratio=16 host=65542 gc_pages=48383 gc_count=1780 waf_q16=113914 best=37 next=6 settled=0
[297872.459487] NVMeVirt: WATGC_V2 sample ns=0 part=3 epoch=1 window=66 phase=measure evaluated=5 k=2 scale_pct=50 age_ratio=16 host=65570 gc_pages=49118 gc_count=1792 waf_q16=114628 best=37 next=6 settled=0
[297876.488083] tee (694748): drop_caches: 3
[297883.906480] tee (694809): drop_caches: 3
[297892.313403] tee (694840): drop_caches: 3
[297892.710433] NVMeVirt: WATGC_V2 sample ns=0 part=0 epoch=1 window=67 phase=measure evaluated=6 k=2 scale_pct=100 age_ratio=4 host=65547 gc_pages=47358 gc_count=1764 waf_q16=112886 best=37 next=7 settled=0
[297901.533262] NVMeVirt: WATGC_V2 sample ns=0 part=1 epoch=1 window=67 phase=measure evaluated=6 k=2 scale_pct=100 age_ratio=4 host=65568 gc_pages=47506 gc_count=1767 waf_q16=113018 best=37 next=7 settled=0
[297901.975907] NVMeVirt: WATGC_V2 sample ns=0 part=2 epoch=1 window=67 phase=measure evaluated=6 k=2 scale_pct=100 age_ratio=4 host=65570 gc_pages=48220 gc_count=1778 waf_q16=113730 best=37 next=7 settled=0
[297903.193969] NVMeVirt: WATGC_V2 sample ns=0 part=3 epoch=1 window=67 phase=measure evaluated=6 k=2 scale_pct=100 age_ratio=4 host=65549 gc_pages=47481 gc_count=1766 waf_q16=113007 best=37 next=7 settled=0
[297905.306451] tee (694917): drop_caches: 3
[297913.460452] tee (694954): drop_caches: 3
[297920.883772] tee (694960): drop_caches: 3
[297923.296942] NVMeVirt: WATGC_V2 sample ns=0 part=0 epoch=1 window=68 phase=measure evaluated=7 k=2 scale_pct=100 age_ratio=7 host=65557 gc_pages=47598 gc_count=1768 waf_q16=113118 best=37 next=8 settled=0
[297926.246869] tee (694964): drop_caches: 3
[297931.515501] tee (694970): drop_caches: 3
[297933.283051] NVMeVirt: WATGC_V2 sample ns=0 part=1 epoch=1 window=68 phase=measure evaluated=7 k=2 scale_pct=100 age_ratio=7 host=65563 gc_pages=48804 gc_count=1787 waf_q16=114319 best=37 next=8 settled=0
[297933.812902] NVMeVirt: WATGC_V2 sample ns=0 part=2 epoch=1 window=68 phase=measure evaluated=7 k=2 scale_pct=100 age_ratio=7 host=65567 gc_pages=48734 gc_count=1786 waf_q16=114246 best=37 next=8 settled=0
[297935.219091] NVMeVirt: WATGC_V2 sample ns=0 part=3 epoch=1 window=68 phase=measure evaluated=7 k=2 scale_pct=100 age_ratio=7 host=65547 gc_pages=47927 gc_count=1773 waf_q16=113454 best=37 next=8 settled=0
[297937.024868] tee (694974): drop_caches: 3
[297942.200067] tee (694978): drop_caches: 3
[297947.438321] tee (694983): drop_caches: 3
[297952.743694] tee (694991): drop_caches: 3
[297956.633308] NVMeVirt: WATGC_V2 sample ns=0 part=0 epoch=1 window=69 phase=measure evaluated=8 k=2 scale_pct=100 age_ratio=16 host=65549 gc_pages=48694 gc_count=1785 waf_q16=114220 best=37 next=9 settled=0
[297957.937545] tee (694995): drop_caches: 3
[297963.241048] tee (694999): drop_caches: 3
[297966.824839] NVMeVirt: WATGC_V2 sample ns=0 part=1 epoch=1 window=69 phase=measure evaluated=8 k=2 scale_pct=100 age_ratio=16 host=65557 gc_pages=47842 gc_count=1772 waf_q16=113362 best=37 next=9 settled=0
[297967.220436] NVMeVirt: WATGC_V2 sample ns=0 part=2 epoch=1 window=69 phase=measure evaluated=8 k=2 scale_pct=100 age_ratio=16 host=65544 gc_pages=48459 gc_count=1781 waf_q16=113989 best=37 next=9 settled=0
[297968.479728] NVMeVirt: WATGC_V2 sample ns=0 part=3 epoch=1 window=69 phase=measure evaluated=8 k=2 scale_pct=100 age_ratio=16 host=65542 gc_pages=47676 gc_count=1769 waf_q16=113207 best=37 next=9 settled=0
[297968.714918] tee (695003): drop_caches: 3
[297974.198384] tee (695011): drop_caches: 3
[297979.377766] tee (695016): drop_caches: 3
[297984.692451] tee (695020): drop_caches: 3
[297990.021506] tee (695026): drop_caches: 3
[297990.029596] NVMeVirt: WATGC_V2 sample ns=0 part=0 epoch=1 window=70 phase=measure evaluated=9 k=2 scale_pct=200 age_ratio=4 host=65570 gc_pages=48680 gc_count=1785 waf_q16=114190 best=37 next=10 settled=0
[297995.326854] tee (695030): drop_caches: 3
[298000.128758] NVMeVirt: WATGC_V2 sample ns=0 part=1 epoch=1 window=70 phase=measure evaluated=9 k=2 scale_pct=200 age_ratio=4 host=65550 gc_pages=47857 gc_count=1772 waf_q16=113382 best=37 next=10 settled=0
[298000.457722] NVMeVirt: WATGC_V2 sample ns=0 part=2 epoch=1 window=70 phase=measure evaluated=9 k=2 scale_pct=200 age_ratio=4 host=65553 gc_pages=48305 gc_count=1779 waf_q16=113828 best=37 next=10 settled=0
[298000.708990] tee (695034): drop_caches: 3
[298002.043256] NVMeVirt: WATGC_V2 sample ns=0 part=3 epoch=1 window=70 phase=measure evaluated=9 k=2 scale_pct=200 age_ratio=4 host=65538 gc_pages=47865 gc_count=1772 waf_q16=113399 best=37 next=10 settled=0
[298005.986152] tee (695038): drop_caches: 3
[298011.227096] tee (695044): drop_caches: 3
[298016.649084] tee (695050): drop_caches: 3
[298021.989087] tee (695054): drop_caches: 3
[298023.742085] NVMeVirt: WATGC_V2 sample ns=0 part=0 epoch=1 window=71 phase=measure evaluated=10 k=2 scale_pct=200 age_ratio=7 host=65536 gc_pages=47675 gc_count=1769 waf_q16=113211 best=37 next=11 settled=0
[298027.203048] tee (695058): drop_caches: 3
[298032.748742] tee (695066): drop_caches: 3
[298034.019102] NVMeVirt: WATGC_V2 sample ns=0 part=1 epoch=1 window=71 phase=measure evaluated=10 k=2 scale_pct=200 age_ratio=7 host=65536 gc_pages=48124 gc_count=1776 waf_q16=113660 best=37 next=11 settled=0
[298034.315084] NVMeVirt: WATGC_V2 sample ns=0 part=2 epoch=1 window=71 phase=measure evaluated=10 k=2 scale_pct=200 age_ratio=7 host=65553 gc_pages=47465 gc_count=1766 waf_q16=112988 best=37 next=11 settled=0
[298035.672077] NVMeVirt: WATGC_V2 sample ns=0 part=3 epoch=1 window=71 phase=measure evaluated=10 k=2 scale_pct=200 age_ratio=7 host=65561 gc_pages=47646 gc_count=1769 waf_q16=113163 best=37 next=11 settled=0
[298037.920413] tee (695070): drop_caches: 3
[298043.062567] tee (695074): drop_caches: 3
[298048.266312] tee (695078): drop_caches: 3
[298053.549907] tee (695084): drop_caches: 3
[298057.275234] NVMeVirt: WATGC_V2 sample ns=0 part=0 epoch=1 window=72 phase=measure evaluated=11 k=2 scale_pct=200 age_ratio=16 host=65549 gc_pages=48379 gc_count=1780 waf_q16=113905 best=37 next=12 settled=0
[298058.796707] tee (695088): drop_caches: 3
[298064.251144] tee (695092): drop_caches: 3
[298067.604280] NVMeVirt: WATGC_V2 sample ns=0 part=1 epoch=1 window=72 phase=measure evaluated=11 k=2 scale_pct=200 age_ratio=16 host=65545 gc_pages=48559 gc_count=1783 waf_q16=114088 best=37 next=12 settled=0
[298067.847202] NVMeVirt: WATGC_V2 sample ns=0 part=2 epoch=1 window=72 phase=measure evaluated=11 k=2 scale_pct=200 age_ratio=16 host=65548 gc_pages=47731 gc_count=1770 waf_q16=113258 best=37 next=12 settled=0
[298068.997702] NVMeVirt: WATGC_V2 sample ns=0 part=3 epoch=1 window=72 phase=measure evaluated=11 k=2 scale_pct=200 age_ratio=16 host=65566 gc_pages=47723 gc_count=1770 waf_q16=113237 best=37 next=12 settled=0
[298069.371603] tee (695096): drop_caches: 3
[298074.651181] tee (695104): drop_caches: 3
[298080.451850] tee (695109): drop_caches: 3
[298085.747881] tee (695113): drop_caches: 3
[298090.364784] NVMeVirt: WATGC_V2 sample ns=0 part=0 epoch=1 window=73 phase=measure evaluated=12 k=2 scale_pct=400 age_ratio=4 host=65559 gc_pages=47789 gc_count=1771 waf_q16=113308 best=37 next=13 settled=0
[298091.047941] tee (695119): drop_caches: 3
[298096.810157] tee (695125): drop_caches: 3
[298100.934342] NVMeVirt: WATGC_V2 sample ns=0 part=1 epoch=1 window=73 phase=measure evaluated=12 k=2 scale_pct=400 age_ratio=4 host=65541 gc_pages=47932 gc_count=1773 waf_q16=113464 best=37 next=13 settled=0
[298101.113302] NVMeVirt: WATGC_V2 sample ns=0 part=2 epoch=1 window=73 phase=measure evaluated=12 k=2 scale_pct=400 age_ratio=4 host=65555 gc_pages=47721 gc_count=1770 waf_q16=113243 best=37 next=13 settled=0
[298102.203937] NVMeVirt: WATGC_V2 sample ns=0 part=3 epoch=1 window=73 phase=measure evaluated=12 k=2 scale_pct=400 age_ratio=4 host=65564 gc_pages=47716 gc_count=1770 waf_q16=113231 best=37 next=13 settled=0
[298102.344665] tee (695148): drop_caches: 3
[298108.746826] tee (695153): drop_caches: 3
[298113.892832] tee (695159): drop_caches: 3
[298119.213238] tee (695164): drop_caches: 3
[298123.688621] NVMeVirt: WATGC_V2 sample ns=0 part=0 epoch=1 window=74 phase=measure evaluated=13 k=2 scale_pct=400 age_ratio=7 host=65548 gc_pages=48634 gc_count=1784 waf_q16=114161 best=37 next=14 settled=0
[298124.766612] tee (695168): drop_caches: 3
[298130.111397] tee (695172): drop_caches: 3
[298134.301812] NVMeVirt: WATGC_V2 sample ns=0 part=1 epoch=1 window=74 phase=measure evaluated=13 k=2 scale_pct=400 age_ratio=7 host=65565 gc_pages=47531 gc_count=1767 waf_q16=113045 best=37 next=14 settled=0
[298134.379165] NVMeVirt: WATGC_V2 sample ns=0 part=2 epoch=1 window=74 phase=measure evaluated=13 k=2 scale_pct=400 age_ratio=7 host=65572 gc_pages=47514 gc_count=1767 waf_q16=113023 best=37 next=14 settled=0
[298135.439620] NVMeVirt: WATGC_V2 sample ns=0 part=3 epoch=1 window=74 phase=measure evaluated=13 k=2 scale_pct=400 age_ratio=7 host=65560 gc_pages=46944 gc_count=1758 waf_q16=112462 best=37 next=14 settled=0
[298135.600636] tee (695223): drop_caches: 3
[298141.585330] tee (695279): drop_caches: 3
[298147.355774] tee (695305): drop_caches: 3
[298154.091522] tee (695318): drop_caches: 3
[298156.924402] NVMeVirt: WATGC_V2 sample ns=0 part=0 epoch=1 window=75 phase=measure evaluated=14 k=2 scale_pct=400 age_ratio=16 host=65541 gc_pages=48446 gc_count=1781 waf_q16=113978 best=37 next=15 settled=0
[298160.581127] tee (695338): drop_caches: 3
[298166.766795] tee (695376): drop_caches: 3
[298167.279161] NVMeVirt: WATGC_V2 sample ns=0 part=2 epoch=1 window=75 phase=measure evaluated=14 k=2 scale_pct=400 age_ratio=16 host=65568 gc_pages=47886 gc_count=1773 waf_q16=113398 best=37 next=15 settled=0
[298167.293390] NVMeVirt: WATGC_V2 sample ns=0 part=1 epoch=1 window=75 phase=measure evaluated=14 k=2 scale_pct=400 age_ratio=16 host=65539 gc_pages=48060 gc_count=1775 waf_q16=113593 best=37 next=15 settled=0
[298168.619531] NVMeVirt: WATGC_V2 sample ns=0 part=3 epoch=1 window=75 phase=measure evaluated=14 k=2 scale_pct=400 age_ratio=16 host=65571 gc_pages=47273 gc_count=1763 waf_q16=112783 best=37 next=15 settled=0
[298172.102575] tee (695389): drop_caches: 3
[298178.220216] tee (695446): drop_caches: 3
[298183.624529] tee (695450): drop_caches: 3
[298188.852214] tee (695454): drop_caches: 3
[298189.803747] NVMeVirt: WATGC_V2 sample ns=0 part=0 epoch=1 window=76 phase=measure evaluated=15 k=4 scale_pct=25 age_ratio=4 host=65553 gc_pages=27134 gc_count=1448 waf_q16=92662 best=37 next=16 settled=0
[298194.524639] tee (695463): drop_caches: 3
[298199.965082] tee (695467): drop_caches: 3
[298200.571162] NVMeVirt: WATGC_V2 sample ns=0 part=2 epoch=1 window=76 phase=measure evaluated=15 k=4 scale_pct=25 age_ratio=4 host=65577 gc_pages=27126 gc_count=1448 waf_q16=92645 best=37 next=16 settled=0
[298200.613611] NVMeVirt: WATGC_V2 sample ns=0 part=1 epoch=1 window=76 phase=measure evaluated=15 k=4 scale_pct=25 age_ratio=4 host=65574 gc_pages=26333 gc_count=1436 waf_q16=91853 best=37 next=16 settled=0
[298201.824639] NVMeVirt: WATGC_V2 sample ns=0 part=3 epoch=1 window=76 phase=measure evaluated=15 k=4 scale_pct=25 age_ratio=4 host=65544 gc_pages=26866 gc_count=1444 waf_q16=92398 best=37 next=16 settled=0
[298205.207672] tee (695472): drop_caches: 3
[298210.364632] tee (695476): drop_caches: 3
[298215.688906] tee (695486): drop_caches: 3
[298221.196604] tee (695490): drop_caches: 3
[298223.060275] NVMeVirt: WATGC_V2 sample ns=0 part=0 epoch=1 window=77 phase=measure evaluated=16 k=4 scale_pct=25 age_ratio=7 host=65599 gc_pages=19386 gc_count=1328 waf_q16=84903 best=37 next=17 settled=0
[298226.442412] tee (695494): drop_caches: 3
[298231.632242] tee (695498): drop_caches: 3
[298233.979159] NVMeVirt: WATGC_V2 sample ns=0 part=2 epoch=1 window=77 phase=measure evaluated=16 k=4 scale_pct=25 age_ratio=7 host=65577 gc_pages=19095 gc_count=1323 waf_q16=84619 best=37 next=17 settled=0
[298234.118333] NVMeVirt: WATGC_V2 sample ns=0 part=1 epoch=1 window=77 phase=measure evaluated=16 k=4 scale_pct=25 age_ratio=7 host=65541 gc_pages=18171 gc_count=1308 waf_q16=83705 best=37 next=17 settled=0
[298234.922064] NVMeVirt: WATGC_V2 sample ns=0 part=3 epoch=1 window=77 phase=measure evaluated=16 k=4 scale_pct=25 age_ratio=7 host=65557 gc_pages=19275 gc_count=1325 waf_q16=84804 best=37 next=17 settled=0
[298237.032603] tee (695504): drop_caches: 3
[298242.128439] tee (695508): drop_caches: 3
[298247.311205] tee (695513): drop_caches: 3
[298252.778226] tee (695520): drop_caches: 3
[298256.177521] NVMeVirt: WATGC_V2 sample ns=0 part=0 epoch=1 window=78 phase=measure evaluated=17 k=4 scale_pct=25 age_ratio=16 host=65570 gc_pages=15316 gc_count=1264 waf_q16=80844 best=37 next=18 settled=0
[298258.191933] tee (695526): drop_caches: 3
[298263.550283] tee (695530): drop_caches: 3
[298267.062264] NVMeVirt: WATGC_V2 sample ns=0 part=2 epoch=1 window=78 phase=measure evaluated=17 k=4 scale_pct=25 age_ratio=16 host=65543 gc_pages=15801 gc_count=1271 waf_q16=81335 best=37 next=18 settled=0
[298267.309131] NVMeVirt: WATGC_V2 sample ns=0 part=1 epoch=1 window=78 phase=measure evaluated=17 k=4 scale_pct=25 age_ratio=16 host=65544 gc_pages=15222 gc_count=1262 waf_q16=80756 best=37 next=18 settled=0
[298268.075950] NVMeVirt: WATGC_V2 sample ns=0 part=3 epoch=1 window=78 phase=measure evaluated=17 k=4 scale_pct=25 age_ratio=16 host=65578 gc_pages=14901 gc_count=1258 waf_q16=80427 best=37 next=18 settled=0
[298268.830967] tee (695534): drop_caches: 3
[298274.096584] tee (695541): drop_caches: 3
[298279.310648] tee (695547): drop_caches: 3
[298284.513193] tee (695555): drop_caches: 3
[298289.347158] NVMeVirt: WATGC_V2 sample ns=0 part=0 epoch=1 window=79 phase=measure evaluated=18 k=4 scale_pct=50 age_ratio=4 host=65561 gc_pages=29051 gc_count=1478 waf_q16=94575 best=37 next=19 settled=0
[298289.766266] tee (695567): drop_caches: 3
[298294.897913] tee (695575): drop_caches: 3
[298299.838200] tee (695594): drop_caches: 3
[298300.847192] NVMeVirt: WATGC_V2 sample ns=0 part=2 epoch=1 window=79 phase=measure evaluated=18 k=4 scale_pct=50 age_ratio=4 host=65556 gc_pages=29228 gc_count=1481 waf_q16=94755 best=37 next=19 settled=0
[298301.287886] NVMeVirt: WATGC_V2 sample ns=0 part=1 epoch=1 window=79 phase=measure evaluated=18 k=4 scale_pct=50 age_ratio=4 host=65573 gc_pages=27420 gc_count=1453 waf_q16=92940 best=37 next=19 settled=0
[298302.004057] NVMeVirt: WATGC_V2 sample ns=0 part=3 epoch=1 window=79 phase=measure evaluated=18 k=4 scale_pct=50 age_ratio=4 host=65557 gc_pages=28054 gc_count=1463 waf_q16=93581 best=37 next=19 settled=0
[298305.086556] tee (695598): drop_caches: 3
[298310.338645] tee (695602): drop_caches: 3
[298315.428387] tee (695608): drop_caches: 3
[298320.764597] tee (695615): drop_caches: 3
[298323.218114] NVMeVirt: WATGC_V2 sample ns=0 part=0 epoch=1 window=80 phase=measure evaluated=19 k=4 scale_pct=50 age_ratio=7 host=65588 gc_pages=22470 gc_count=1376 waf_q16=87988 best=37 next=20 settled=0
[298326.061989] tee (695619): drop_caches: 3
[298331.321355] tee (695626): drop_caches: 3
[298334.127396] NVMeVirt: WATGC_V2 sample ns=0 part=2 epoch=1 window=80 phase=measure evaluated=19 k=4 scale_pct=50 age_ratio=7 host=65546 gc_pages=23033 gc_count=1384 waf_q16=88565 best=37 next=20 settled=0
[298334.472566] NVMeVirt: WATGC_V2 sample ns=0 part=1 epoch=1 window=80 phase=measure evaluated=19 k=4 scale_pct=50 age_ratio=7 host=65564 gc_pages=21872 gc_count=1366 waf_q16=87398 best=37 next=20 settled=0
[298335.153710] NVMeVirt: WATGC_V2 sample ns=0 part=3 epoch=1 window=80 phase=measure evaluated=19 k=4 scale_pct=50 age_ratio=7 host=65575 gc_pages=24025 gc_count=1400 waf_q16=89546 best=37 next=20 settled=0
[298337.226113] tee (695632): drop_caches: 3
[298342.256128] tee (695636): drop_caches: 3
[298347.291577] tee (695640): drop_caches: 3
[298352.405200] tee (695644): drop_caches: 3
[298355.953767] NVMeVirt: WATGC_V2 sample ns=0 part=0 epoch=1 window=81 phase=measure evaluated=20 k=4 scale_pct=50 age_ratio=16 host=65595 gc_pages=17669 gc_count=1301 waf_q16=83189 best=37 next=21 settled=0
[298357.957278] tee (695650): drop_caches: 3
[298363.016117] tee (695654): drop_caches: 3
[298367.007903] NVMeVirt: WATGC_V2 sample ns=0 part=2 epoch=1 window=81 phase=measure evaluated=20 k=4 scale_pct=50 age_ratio=16 host=65599 gc_pages=17597 gc_count=1300 waf_q16=83116 best=37 next=21 settled=0
[298367.314872] NVMeVirt: WATGC_V2 sample ns=0 part=1 epoch=1 window=81 phase=measure evaluated=20 k=4 scale_pct=50 age_ratio=16 host=65545 gc_pages=16698 gc_count=1285 waf_q16=82231 best=37 next=21 settled=0
[298367.945748] NVMeVirt: WATGC_V2 sample ns=0 part=3 epoch=1 window=81 phase=measure evaluated=20 k=4 scale_pct=50 age_ratio=16 host=65566 gc_pages=18018 gc_count=1306 waf_q16=83545 best=37 next=21 settled=0
[298368.490682] tee (695658): drop_caches: 3
[298373.794182] tee (695664): drop_caches: 3
[298379.075179] tee (695670): drop_caches: 3
[298384.315654] tee (695674): drop_caches: 3
[298389.092705] NVMeVirt: WATGC_V2 sample ns=0 part=0 epoch=1 window=82 phase=measure evaluated=21 k=4 scale_pct=100 age_ratio=4 host=65565 gc_pages=29881 gc_count=1491 waf_q16=95403 best=37 next=22 settled=0
[298389.541657] tee (695679): drop_caches: 3
[298394.660875] tee (695685): drop_caches: 3
[298399.933462] tee (695697): drop_caches: 3
[298400.672359] NVMeVirt: WATGC_V2 sample ns=0 part=2 epoch=1 window=82 phase=measure evaluated=21 k=4 scale_pct=100 age_ratio=4 host=65556 gc_pages=28886 gc_count=1476 waf_q16=94413 best=37 next=22 settled=0
[298401.071688] NVMeVirt: WATGC_V2 sample ns=0 part=1 epoch=1 window=82 phase=measure evaluated=21 k=4 scale_pct=100 age_ratio=4 host=65570 gc_pages=28175 gc_count=1465 waf_q16=93696 best=37 next=22 settled=0
[298401.803288] NVMeVirt: WATGC_V2 sample ns=0 part=3 epoch=1 window=82 phase=measure evaluated=21 k=4 scale_pct=100 age_ratio=4 host=65563 gc_pages=28846 gc_count=1475 waf_q16=94370 best=37 next=22 settled=0
[298405.232314] tee (695701): drop_caches: 3
[298412.357884] tee (695709): drop_caches: 3
[298417.561664] tee (695713): drop_caches: 3
[298422.240872] NVMeVirt: WATGC_V2 sample ns=0 part=0 epoch=1 window=83 phase=measure evaluated=22 k=4 scale_pct=100 age_ratio=7 host=65566 gc_pages=23263 gc_count=1388 waf_q16=88788 best=37 next=23 settled=0
[298422.662647] tee (695719): drop_caches: 3
[298427.811589] tee (695724): drop_caches: 3
[298433.034057] tee (695730): drop_caches: 3
[298433.729199] NVMeVirt: WATGC_V2 sample ns=0 part=2 epoch=1 window=83 phase=measure evaluated=22 k=4 scale_pct=100 age_ratio=7 host=65581 gc_pages=23547 gc_count=1393 waf_q16=89066 best=37 next=23 settled=0
[298434.185134] NVMeVirt: WATGC_V2 sample ns=0 part=1 epoch=1 window=83 phase=measure evaluated=22 k=4 scale_pct=100 age_ratio=7 host=65537 gc_pages=22842 gc_count=1381 waf_q16=88377 best=37 next=23 settled=0
[298434.878493] NVMeVirt: WATGC_V2 sample ns=0 part=3 epoch=1 window=83 phase=measure evaluated=22 k=4 scale_pct=100 age_ratio=7 host=65539 gc_pages=22416 gc_count=1374 waf_q16=87950 best=37 next=23 settled=0
[298438.337713] tee (695734): drop_caches: 3
[298443.842185] tee (695741): drop_caches: 3
[298449.076088] tee (695746): drop_caches: 3
[298454.308570] tee (695752): drop_caches: 3
[298455.433782] NVMeVirt: WATGC_V2 sample ns=0 part=0 epoch=1 window=84 phase=measure evaluated=23 k=4 scale_pct=100 age_ratio=16 host=65590 gc_pages=18985 gc_count=1322 waf_q16=84505 best=37 next=24 settled=0
[298460.100764] tee (695759): drop_caches: 3
[298465.396442] tee (695763): drop_caches: 3
[298466.531794] NVMeVirt: WATGC_V2 sample ns=0 part=2 epoch=1 window=84 phase=measure evaluated=23 k=4 scale_pct=100 age_ratio=16 host=65548 gc_pages=18828 gc_count=1318 waf_q16=84360 best=37 next=24 settled=0
[298467.050441] NVMeVirt: WATGC_V2 sample ns=0 part=1 epoch=1 window=84 phase=measure evaluated=23 k=4 scale_pct=100 age_ratio=16 host=65554 gc_pages=18283 gc_count=1310 waf_q16=83813 best=37 next=24 settled=0
[298467.616746] NVMeVirt: WATGC_V2 sample ns=0 part=3 epoch=1 window=84 phase=measure evaluated=23 k=4 scale_pct=100 age_ratio=16 host=65558 gc_pages=18891 gc_count=1320 waf_q16=84420 best=37 next=24 settled=0
[298470.852310] tee (695769): drop_caches: 3
[298476.752330] tee (695827): drop_caches: 3
[298482.910212] tee (695852): drop_caches: 3
[298487.960303] NVMeVirt: WATGC_V2 sample ns=0 part=0 epoch=1 window=85 phase=measure evaluated=24 k=4 scale_pct=200 age_ratio=4 host=65546 gc_pages=41398 gc_count=1671 waf_q16=106927 best=37 next=25 settled=0
[298488.786451] tee (695882): drop_caches: 3
[298494.275547] tee (695888): drop_caches: 3
[298499.488070] tee (695892): drop_caches: 3
[298499.512877] NVMeVirt: WATGC_V2 sample ns=0 part=2 epoch=1 window=85 phase=measure evaluated=24 k=4 scale_pct=200 age_ratio=4 host=65559 gc_pages=41820 gc_count=1678 waf_q16=107341 best=37 next=25 settled=0
[298500.218890] NVMeVirt: WATGC_V2 sample ns=0 part=1 epoch=1 window=85 phase=measure evaluated=24 k=4 scale_pct=200 age_ratio=4 host=65551 gc_pages=41002 gc_count=1665 waf_q16=106528 best=37 next=25 settled=0
[298500.742804] NVMeVirt: WATGC_V2 sample ns=0 part=3 epoch=1 window=85 phase=measure evaluated=24 k=4 scale_pct=200 age_ratio=4 host=65544 gc_pages=39993 gc_count=1649 waf_q16=105524 best=37 next=25 settled=0
[298504.934845] tee (695898): drop_caches: 3
[298510.101622] tee (695902): drop_caches: 3
[298515.247134] tee (695908): drop_caches: 3
[298521.068456] tee (695915): drop_caches: 3
[298521.752130] NVMeVirt: WATGC_V2 sample ns=0 part=0 epoch=1 window=86 phase=measure evaluated=25 k=4 scale_pct=200 age_ratio=7 host=65552 gc_pages=40806 gc_count=1662 waf_q16=106332 best=37 next=26 settled=0
[298526.551335] tee (695920): drop_caches: 3
[298531.814132] tee (695927): drop_caches: 3
[298533.553391] iCAT_SQLITE_RUN_END run=20260915-060403-692881
[298534.557529] EXT4-fs (nvme0n1): unmounting filesystem 2424b576-6a29-4b7b-9fc3-b1eefe637583.
[298535.036661] pci_bus 0001:10: busn_res: [bus 10-ff] is released
[298535.036704] NVMeVirt: WATGC_V2 summary ns=0 part=0 epoch=1 windows=86 epoch_windows=86 discarded=0 visited=60 covered=0 settled=0 phase=1 current=26 best=37 k=7 scale_pct=100 age_ratio=7 best_waf_valid=1 best_waf_q16=65536
[298535.036708] NVMeVirt: WATGC_V2 summary ns=0 part=1 epoch=1 windows=85 epoch_windows=85 discarded=0 visited=60 covered=0 settled=0 phase=2 current=25 best=37 k=7 scale_pct=100 age_ratio=7 best_waf_valid=1 best_waf_q16=65536
[298535.036711] NVMeVirt: WATGC_V2 summary ns=0 part=2 epoch=1 windows=85 epoch_windows=85 discarded=0 visited=60 covered=0 settled=0 phase=2 current=25 best=37 k=7 scale_pct=100 age_ratio=7 best_waf_valid=1 best_waf_q16=65536
[298535.036714] NVMeVirt: WATGC_V2 summary ns=0 part=3 epoch=1 windows=85 epoch_windows=85 discarded=0 visited=60 covered=0 settled=0 phase=2 current=25 best=37 k=7 scale_pct=100 age_ratio=7 best_waf_valid=1 best_waf_q16=65536
[298535.036717] NVMeVirt: GC stats: ns=0 policy=watgc-v2 host_pages=33813397 gc_pages=11611658 gc_count=709760 WAF=1.343 warmup_gc=100-per-part
[298535.109131] NVMeVirt: Virtual NVMe device closed
