[435125.941692] NVMeVirt: Version 1.10 for >> Samsung 970 Pro SSD <<
[435125.941698] NVMeVirt: Storage: 0x100100000-0x300000000 (8191 MiB)
[435125.952395] NVMeVirt: Total Capacity(GiB,MiB)=2,2048 chs=2 luns=4 lines=8192 blk-size(MiB,KiB)=0,64 line-size(MiB,KiB)=0,256
[435125.966280] NVMeVirt: [chmodel_init] bandwidth 800 max_credits 26 tx_time 152
[435125.976908] NVMeVirt: [chmodel_init] bandwidth 800 max_credits 26 tx_time 152
[435125.976922] NVMeVirt: [chmodel_init] bandwidth 3360 max_credits 110 tx_time 36
[435125.976925] NVMeVirt: Fixed CAT init ns=0 part=0 arm=20 k=4 scale_pct=50 age_ratio=16
[435125.978104] NVMeVirt: pqueue: Copyright (c) 2014, Volkan Yazıcı <volkan.yazici@gmail.com>. All rights reserved.
[435125.978141] NVMeVirt: Init FTL instance with 2 channels (524288 pages)
[435125.978143] NVMeVirt: GC victim policy: cat-fig7-fixed ns=0 part=0 initial_k=4 initial_scale_pct=50 initial_age_ratio=16 warmup_gc=100
[435125.991250] NVMeVirt: [chmodel_init] bandwidth 800 max_credits 26 tx_time 152
[435126.001816] NVMeVirt: [chmodel_init] bandwidth 800 max_credits 26 tx_time 152
[435126.001829] NVMeVirt: [chmodel_init] bandwidth 3360 max_credits 110 tx_time 36
[435126.001832] NVMeVirt: Fixed CAT init ns=0 part=1 arm=20 k=4 scale_pct=50 age_ratio=16
[435126.003065] NVMeVirt: Init FTL instance with 2 channels (524288 pages)
[435126.003068] NVMeVirt: GC victim policy: cat-fig7-fixed ns=0 part=1 initial_k=4 initial_scale_pct=50 initial_age_ratio=16 warmup_gc=100
[435126.013226] NVMeVirt: [chmodel_init] bandwidth 800 max_credits 26 tx_time 152
[435126.023401] NVMeVirt: [chmodel_init] bandwidth 800 max_credits 26 tx_time 152
[435126.023421] NVMeVirt: [chmodel_init] bandwidth 3360 max_credits 110 tx_time 36
[435126.023424] NVMeVirt: Fixed CAT init ns=0 part=2 arm=20 k=4 scale_pct=50 age_ratio=16
[435126.025116] NVMeVirt: Init FTL instance with 2 channels (524288 pages)
[435126.025122] NVMeVirt: GC victim policy: cat-fig7-fixed ns=0 part=2 initial_k=4 initial_scale_pct=50 initial_age_ratio=16 warmup_gc=100
[435126.035539] NVMeVirt: [chmodel_init] bandwidth 800 max_credits 26 tx_time 152
[435126.045820] NVMeVirt: [chmodel_init] bandwidth 800 max_credits 26 tx_time 152
[435126.045835] NVMeVirt: [chmodel_init] bandwidth 3360 max_credits 110 tx_time 36
[435126.045837] NVMeVirt: Fixed CAT init ns=0 part=3 arm=20 k=4 scale_pct=50 age_ratio=16
[435126.047085] NVMeVirt: Init FTL instance with 2 channels (524288 pages)
[435126.047089] NVMeVirt: GC victim policy: cat-fig7-fixed ns=0 part=3 initial_k=4 initial_scale_pct=50 initial_age_ratio=16 warmup_gc=100
[435126.047095] NVMeVirt: FTL physical space: 8588886016, logical space: 8026996276 (physical/logical * 100 = 107)
[435126.047097] NVMeVirt: ns 0/1: size 7655 MiB
[435126.047147] PCI host bridge to bus 0001:10
[435126.047149] pci_bus 0001:10: root bus resource [io  0x0000-0xffff]
[435126.047152] pci_bus 0001:10: root bus resource [mem 0x00000000-0x7fffffffff]
[435126.047168] pci_bus 0001:10: root bus resource [bus 00-ff]
[435126.047176] pci 0001:10:00.0: [0c51:0110] type 00 class 0x010802 PCIe Endpoint
[435126.047180] pci 0001:10:00.0: BAR 0 [mem 0x100000000-0x100003fff 64bit]
[435126.047182] pci 0001:10:00.0: enabling Extended Tags
[435126.047322] NVMeVirt: Virtual PCI bus created (node 0)
[435126.047725] NVMeVirt: Virtual NVMe device created
[435126.047767] NVMeVirt: nvmev_dispatcher started on cpu 1 (node 0)
[435126.048307] NVMeVirt: nvmev_io_worker_0 started on cpu 2 (node 0)
[435126.048526] nvme nvme0: pci function 0001:10:00.0
[435126.050858] nvme nvme0: 8/0/0 default/read/poll queues
[435126.609849] EXT4-fs (nvme0n1): mounted filesystem b46a47ff-6efa-4359-af4f-f2368b1b6437 r/w with ordered data mode. Quota mode: none.
[435127.183390] iCAT_SQLITE_LOAD_START run=20260916-203735-858611
[435329.279853] iCAT_SQLITE_LOAD_END run=20260916-203735-858611
[435330.002929] tee (858886): drop_caches: 3
[435331.431088] iCAT_SQLITE_RUN_START run=20260916-203735-858611
[435333.480040] tee (858931): drop_caches: 3
[435340.088062] tee (858953): drop_caches: 3
[435345.446426] tee (858959): drop_caches: 3
[435350.860462] tee (858963): drop_caches: 3
[435356.108865] tee (858969): drop_caches: 3
[435361.629566] tee (858973): drop_caches: 3
[435366.911703] tee (858977): drop_caches: 3
[435372.088615] tee (858981): drop_caches: 3
[435377.343996] tee (858985): drop_caches: 3
[435382.481857] tee (858989): drop_caches: 3
[435387.684204] tee (858993): drop_caches: 3
[435393.442279] tee (858997): drop_caches: 3
[435398.565563] tee (859003): drop_caches: 3
[435403.769520] tee (859011): drop_caches: 3
[435409.227204] tee (859015): drop_caches: 3
[435414.413401] tee (859019): drop_caches: 3
[435419.676712] tee (859023): drop_caches: 3
[435425.433716] tee (859027): drop_caches: 3
[435430.574387] tee (859031): drop_caches: 3
[435435.861916] tee (859041): drop_caches: 3
[435441.029318] tee (859045): drop_caches: 3
[435446.310415] tee (859049): drop_caches: 3
[435451.511646] tee (859053): drop_caches: 3
[435457.245429] tee (859057): drop_caches: 3
[435462.423675] tee (859065): drop_caches: 3
[435467.744788] tee (859069): drop_caches: 3
[435472.958151] tee (859073): drop_caches: 3
[435478.287152] tee (859077): drop_caches: 3
[435483.605155] tee (859081): drop_caches: 3
[435489.198648] tee (859085): drop_caches: 3
[435494.438040] tee (859089): drop_caches: 3
[435499.650046] tee (859093): drop_caches: 3
[435504.884915] tee (859102): drop_caches: 3
[435510.168493] tee (859106): drop_caches: 3
[435515.506702] tee (859110): drop_caches: 3
[435521.261582] tee (859118): drop_caches: 3
[435526.647609] tee (859122): drop_caches: 3
[435531.807292] tee (859126): drop_caches: 3
[435536.911115] tee (859130): drop_caches: 3
[435542.232939] tee (859134): drop_caches: 3
[435547.503872] tee (859138): drop_caches: 3
[435553.291113] tee (859142): drop_caches: 3
[435558.562012] tee (859146): drop_caches: 3
[435563.874809] tee (859150): drop_caches: 3
[435569.070732] tee (859154): drop_caches: 3
[435574.093647] tee (859161): drop_caches: 3
[435578.883600] tee (859165): drop_caches: 3
[435584.221934] tee (859173): drop_caches: 3
[435589.929964] tee (859177): drop_caches: 3
[435595.236516] tee (859181): drop_caches: 3
[435600.386777] tee (859185): drop_caches: 3
[435605.695142] tee (859189): drop_caches: 3
[435610.925526] tee (859195): drop_caches: 3
[435616.698799] tee (859199): drop_caches: 3
[435621.936484] tee (859203): drop_caches: 3
[435627.204349] tee (859207): drop_caches: 3
[435632.559235] tee (859213): drop_caches: 3
[435637.879452] tee (859217): drop_caches: 3
[435643.137493] tee (859225): drop_caches: 3
[435648.914181] tee (859230): drop_caches: 3
[435654.216886] tee (859234): drop_caches: 3
[435659.504910] tee (859238): drop_caches: 3
[435664.681497] tee (859243): drop_caches: 3
[435669.994768] tee (859248): drop_caches: 3
[435675.300684] tee (859252): drop_caches: 3
[435681.181308] tee (859257): drop_caches: 3
[435686.428833] tee (859261): drop_caches: 3
[435691.568461] tee (859265): drop_caches: 3
[435696.768732] tee (859269): drop_caches: 3
[435701.995057] tee (859277): drop_caches: 3
[435707.141582] tee (859281): drop_caches: 3
[435712.710831] tee (859285): drop_caches: 3
[435718.100097] tee (859289): drop_caches: 3
[435723.542084] tee (859293): drop_caches: 3
[435728.849800] tee (859297): drop_caches: 3
[435733.999302] tee (859301): drop_caches: 3
[435739.141612] tee (859305): drop_caches: 3
[435744.765107] tee (859309): drop_caches: 3
[435749.921753] tee (859313): drop_caches: 3
[435755.145076] tee (859317): drop_caches: 3
[435760.452755] tee (859336): drop_caches: 3
[435765.661259] tee (859340): drop_caches: 3
[435771.034805] tee (859344): drop_caches: 3
[435776.892586] tee (859348): drop_caches: 3
[435781.985905] tee (859352): drop_caches: 3
[435787.214348] tee (859356): drop_caches: 3
[435792.484752] tee (859360): drop_caches: 3
[435797.865934] tee (859364): drop_caches: 3
[435803.189135] tee (859385): drop_caches: 3
[435808.782319] tee (859389): drop_caches: 3
[435814.006192] tee (859393): drop_caches: 3
[435819.212155] tee (859397): drop_caches: 3
[435824.391063] tee (859405): drop_caches: 3
[435829.763295] tee (859409): drop_caches: 3
[435835.004579] tee (859413): drop_caches: 3
[435840.745029] tee (859417): drop_caches: 3
[435846.093626] tee (859423): drop_caches: 3
[435851.433375] tee (859427): drop_caches: 3
[435856.693502] tee (859431): drop_caches: 3
[435862.059051] tee (859435): drop_caches: 3
[435867.329102] tee (859439): drop_caches: 3
[435873.383335] tee (859447): drop_caches: 3
[435879.130004] tee (859500): drop_caches: 3
[435884.585512] tee (859531): drop_caches: 3
[435889.701071] tee (859535): drop_caches: 3
[435895.064087] tee (859539): drop_caches: 3
[435900.183012] tee (859543): drop_caches: 3
[435905.509808] tee (859547): drop_caches: 3
[435910.840848] tee (859551): drop_caches: 3
[435916.023506] tee (859555): drop_caches: 3
[435921.205896] tee (859559): drop_caches: 3
[435926.653388] tee (859563): drop_caches: 3
[435932.065143] tee (859567): drop_caches: 3
[435937.845058] tee (859573): drop_caches: 3
[435943.188948] tee (859581): drop_caches: 3
[435948.445027] tee (859585): drop_caches: 3
[435953.853297] tee (859589): drop_caches: 3
[435959.130397] tee (859593): drop_caches: 3
[435964.488899] tee (859598): drop_caches: 3
[435969.710218] tee (859603): drop_caches: 3
[435975.566974] tee (859608): drop_caches: 3
[435980.634263] tee (859612): drop_caches: 3
[435985.764992] tee (859616): drop_caches: 3
[435990.969617] tee (859620): drop_caches: 3
[435997.319566] tee (859636): drop_caches: 3
[436003.230205] tee (859645): drop_caches: 3
[436008.595288] tee (859649): drop_caches: 3
[436013.830167] tee (859653): drop_caches: 3
[436019.101542] tee (859657): drop_caches: 3
[436024.519437] tee (859661): drop_caches: 3
[436029.934179] tee (859667): drop_caches: 3
[436035.180467] tee (859671): drop_caches: 3
[436040.777751] tee (859675): drop_caches: 3
[436045.941083] tee (859679): drop_caches: 3
[436051.076028] tee (859683): drop_caches: 3
[436056.251516] tee (859687): drop_caches: 3
[436061.433383] tee (859695): drop_caches: 3
[436066.681988] tee (859699): drop_caches: 3
[436072.399122] tee (859703): drop_caches: 3
[436077.594374] tee (859707): drop_caches: 3
[436082.861633] tee (859711): drop_caches: 3
[436088.085740] tee (859715): drop_caches: 3
[436094.976272] tee (859728): drop_caches: 3
[436101.194881] tee (859732): drop_caches: 3
[436106.643946] tee (859741): drop_caches: 3
[436111.802571] tee (859746): drop_caches: 3
[436117.049378] tee (859750): drop_caches: 3
[436122.445164] tee (859758): drop_caches: 3
[436127.699891] tee (859764): drop_caches: 3
[436132.937085] tee (859768): drop_caches: 3
[436138.510453] tee (859772): drop_caches: 3
[436143.678304] tee (859776): drop_caches: 3
[436148.966746] tee (859780): drop_caches: 3
[436154.203788] tee (859784): drop_caches: 3
[436159.609475] tee (859788): drop_caches: 3
[436164.946662] tee (859793): drop_caches: 3
[436170.360842] tee (859797): drop_caches: 3
[436175.400498] tee (859805): drop_caches: 3
[436180.508983] tee (859813): drop_caches: 3
[436185.798680] tee (859817): drop_caches: 3
[436191.073997] tee (859821): drop_caches: 3
[436196.314838] tee (859825): drop_caches: 3
[436201.874453] tee (859829): drop_caches: 3
[436207.148657] tee (859833): drop_caches: 3
[436212.331355] tee (859837): drop_caches: 3
[436217.662426] tee (859841): drop_caches: 3
[436222.869350] tee (859845): drop_caches: 3
[436228.209994] tee (859849): drop_caches: 3
[436233.631808] tee (859853): drop_caches: 3
[436239.135981] tee (859859): drop_caches: 3
[436244.391778] tee (859867): drop_caches: 3
[436249.578692] tee (859872): drop_caches: 3
[436254.849078] tee (859876): drop_caches: 3
[436260.158713] tee (859880): drop_caches: 3
[436265.474768] tee (859884): drop_caches: 3
[436270.729976] tee (859888): drop_caches: 3
[436275.927107] tee (859892): drop_caches: 3
[436281.146400] tee (859896): drop_caches: 3
[436286.491336] tee (859900): drop_caches: 3
[436291.823382] tee (859904): drop_caches: 3
[436297.525264] tee (859908): drop_caches: 3
[436302.903775] tee (859917): drop_caches: 3
[436308.103670] tee (859921): drop_caches: 3
[436313.369337] tee (859925): drop_caches: 3
[436318.512426] tee (859929): drop_caches: 3
[436323.882146] tee (859933): drop_caches: 3
[436329.396187] tee (859937): drop_caches: 3
[436334.541482] tee (859941): drop_caches: 3
[436339.706230] tee (859946): drop_caches: 3
[436344.894068] tee (859950): drop_caches: 3
[436350.233743] tee (859954): drop_caches: 3
[436355.520991] tee (859958): drop_caches: 3
[436361.275751] tee (859966): drop_caches: 3
[436366.560225] tee (859970): drop_caches: 3
[436371.978447] tee (859974): drop_caches: 3
[436377.326881] tee (859979): drop_caches: 3
[436382.579220] tee (859983): drop_caches: 3
[436387.911124] tee (859987): drop_caches: 3
[436393.183030] tee (859991): drop_caches: 3
[436399.331382] tee (859996): drop_caches: 3
[436405.163011] tee (860014): drop_caches: 3
[436410.302056] tee (860018): drop_caches: 3
[436415.467552] tee (860022): drop_caches: 3
[436420.712866] tee (860030): drop_caches: 3
[436425.924884] tee (860034): drop_caches: 3
[436431.163004] tee (860038): drop_caches: 3
[436436.527323] tee (860042): drop_caches: 3
[436442.018901] tee (860046): drop_caches: 3
[436447.442360] tee (860050): drop_caches: 3
[436452.620778] tee (860054): drop_caches: 3
[436457.874993] tee (860058): drop_caches: 3
[436463.050389] tee (860062): drop_caches: 3
[436468.163340] tee (860067): drop_caches: 3
[436473.995536] tee (860080): drop_caches: 3
[436482.193308] tee (860128): drop_caches: 3
[436490.722128] tee (860174): drop_caches: 3
[436500.391640] tee (860210): drop_caches: 3
[436511.175675] tee (860282): drop_caches: 3
[436519.124389] tee (860303): drop_caches: 3
[436526.378787] tee (860309): drop_caches: 3
[436531.821554] tee (860313): drop_caches: 3
[436537.131706] tee (860317): drop_caches: 3
[436542.410942] tee (860327): drop_caches: 3
[436547.673426] tee (860331): drop_caches: 3
[436552.940161] tee (860335): drop_caches: 3
[436558.151279] tee (860339): drop_caches: 3
[436563.276534] tee (860343): drop_caches: 3
[436568.623477] tee (860347): drop_caches: 3
[436573.774903] tee (860351): drop_caches: 3
[436579.029380] tee (860355): drop_caches: 3
[436584.465277] tee (860359): drop_caches: 3
[436590.120316] tee (860366): drop_caches: 3
[436595.270536] tee (860370): drop_caches: 3
[436600.561906] tee (860374): drop_caches: 3
[436605.868499] tee (860383): drop_caches: 3
[436610.941384] tee (860387): drop_caches: 3
[436616.179937] tee (860392): drop_caches: 3
[436621.377662] tee (860396): drop_caches: 3
[436626.739165] tee (860400): drop_caches: 3
[436631.925404] tee (860404): drop_caches: 3
[436637.111350] tee (860408): drop_caches: 3
[436642.281341] tee (860412): drop_caches: 3
[436647.448127] tee (860416): drop_caches: 3
[436652.705485] tee (860420): drop_caches: 3
[436657.888909] tee (860424): drop_caches: 3
[436663.143461] tee (860433): drop_caches: 3
[436668.721507] tee (860440): drop_caches: 3
[436674.017609] tee (860444): drop_caches: 3
[436679.375152] tee (860448): drop_caches: 3
[436684.720417] tee (860452): drop_caches: 3
[436689.971806] tee (860456): drop_caches: 3
[436695.115040] tee (860460): drop_caches: 3
[436700.360139] tee (860464): drop_caches: 3
[436705.473545] tee (860473): drop_caches: 3
[436710.755981] tee (860478): drop_caches: 3
[436715.959748] tee (860482): drop_caches: 3
[436722.351178] tee (860502): drop_caches: 3
[436728.201967] tee (860506): drop_caches: 3
[436733.466834] tee (860510): drop_caches: 3
[436739.412465] tee (860517): drop_caches: 3
[436744.740682] tee (860521): drop_caches: 3
[436750.166756] tee (860525): drop_caches: 3
[436755.288654] tee (860529): drop_caches: 3
[436760.387165] tee (860533): drop_caches: 3
[436765.494782] tee (860537): drop_caches: 3
[436771.060868] tee (860542): drop_caches: 3
[436776.000084] tee (860549): drop_caches: 3
[436781.259556] tee (860553): drop_caches: 3
[436786.607578] tee (860562): drop_caches: 3
[436791.819898] tee (860566): drop_caches: 3
[436797.027717] tee (860570): drop_caches: 3
[436802.621406] tee (860574): drop_caches: 3
[436808.093033] tee (860578): drop_caches: 3
[436813.363530] tee (860583): drop_caches: 3
[436818.639643] tee (860587): drop_caches: 3
[436823.770604] tee (860592): drop_caches: 3
[436829.605701] tee (860597): drop_caches: 3
[436836.359225] tee (860601): drop_caches: 3
[436841.636588] tee (860605): drop_caches: 3
[436847.062914] tee (860617): drop_caches: 3
[436852.357208] tee (860621): drop_caches: 3
[436857.575569] tee (860625): drop_caches: 3
[436862.996450] tee (860630): drop_caches: 3
[436868.275845] tee (860634): drop_caches: 3
[436873.540297] tee (860638): drop_caches: 3
[436878.861208] tee (860642): drop_caches: 3
[436884.097121] tee (860646): drop_caches: 3
[436889.335444] tee (860650): drop_caches: 3
[436894.610273] tee (860654): drop_caches: 3
[436899.980319] tee (860658): drop_caches: 3
[436905.247251] tee (860666): drop_caches: 3
[436911.038796] tee (860672): drop_caches: 3
[436916.351559] tee (860676): drop_caches: 3
[436921.543880] tee (860680): drop_caches: 3
[436926.940149] tee (860684): drop_caches: 3
[436932.177034] tee (860688): drop_caches: 3
[436937.457120] tee (860692): drop_caches: 3
[436943.132834] tee (860696): drop_caches: 3
[436948.273826] tee (860701): drop_caches: 3
[436953.424527] tee (860705): drop_caches: 3
[436958.697403] tee (860709): drop_caches: 3
[436964.012149] tee (860718): drop_caches: 3
[436969.358728] tee (860722): drop_caches: 3
[436975.036577] tee (860726): drop_caches: 3
[436980.350109] tee (860730): drop_caches: 3
[436985.460057] tee (860734): drop_caches: 3
[436990.922590] tee (860739): drop_caches: 3
[436996.171546] tee (860743): drop_caches: 3
[437001.863595] tee (860753): drop_caches: 3
[437007.150587] tee (860758): drop_caches: 3
[437012.219188] tee (860763): drop_caches: 3
[437017.382945] tee (860767): drop_caches: 3
[437022.605689] tee (860775): drop_caches: 3
[437027.899256] tee (860779): drop_caches: 3
[437033.166206] tee (860784): drop_caches: 3
[437038.856672] tee (860788): drop_caches: 3
[437044.142166] tee (860792): drop_caches: 3
[437049.336473] tee (860796): drop_caches: 3
[437054.541930] tee (860800): drop_caches: 3
[437059.793385] tee (860804): drop_caches: 3
[437065.024877] tee (860808): drop_caches: 3
[437071.743003] tee (860814): drop_caches: 3
[437077.564937] tee (860863): drop_caches: 3
[437085.185042] tee (860895): drop_caches: 3
[437091.434207] tee (860929): drop_caches: 3
[437097.051668] tee (860934): drop_caches: 3
[437103.074253] tee (860940): drop_caches: 3
[437108.434990] tee (860944): drop_caches: 3
[437113.935759] tee (860948): drop_caches: 3
[437119.178325] tee (860952): drop_caches: 3
[437124.619954] tee (860956): drop_caches: 3
[437129.994029] tee (860960): drop_caches: 3
[437135.304358] tee (860965): drop_caches: 3
[437140.462835] tee (860969): drop_caches: 3
[437145.749866] tee (860978): drop_caches: 3
[437151.488875] tee (860986): drop_caches: 3
[437156.814006] tee (860990): drop_caches: 3
[437162.170319] tee (860994): drop_caches: 3
[437167.588027] tee (860998): drop_caches: 3
[437172.802658] tee (861002): drop_caches: 3
[437178.049630] tee (861007): drop_caches: 3
[437183.241956] tee (861012): drop_caches: 3
[437188.542449] tee (861016): drop_caches: 3
[437193.931217] tee (861020): drop_caches: 3
[437199.313892] tee (861024): drop_caches: 3
[437204.572848] tee (861032): drop_caches: 3
[437210.294664] tee (861037): drop_caches: 3
[437216.527533] tee (861043): drop_caches: 3
[437221.670585] tee (861047): drop_caches: 3
[437226.951537] tee (861051): drop_caches: 3
[437232.392678] tee (861056): drop_caches: 3
[437237.459881] tee (861060): drop_caches: 3
[437242.623312] tee (861065): drop_caches: 3
[437248.182973] tee (861069): drop_caches: 3
[437253.413358] tee (861073): drop_caches: 3
[437258.859444] tee (861077): drop_caches: 3
[437264.245517] tee (861085): drop_caches: 3
[437269.742968] tee (861090): drop_caches: 3
[437274.918198] tee (861094): drop_caches: 3
[437280.077441] tee (861098): drop_caches: 3
[437285.282378] tee (861102): drop_caches: 3
[437290.995015] tee (861108): drop_caches: 3
[437296.470806] tee (861112): drop_caches: 3
[437301.822286] tee (861121): drop_caches: 3
[437307.033653] tee (861125): drop_caches: 3
[437312.187180] tee (861129): drop_caches: 3
[437317.418621] tee (861133): drop_caches: 3
[437322.954636] tee (861142): drop_caches: 3
[437328.283195] tee (861146): drop_caches: 3
[437333.625029] tee (861150): drop_caches: 3
[437338.970661] tee (861155): drop_caches: 3
[437344.176315] tee (861159): drop_caches: 3
[437349.346532] tee (861163): drop_caches: 3
[437354.763601] tee (861168): drop_caches: 3
[437360.123664] tee (861172): drop_caches: 3
[437365.386209] tee (861176): drop_caches: 3
[437370.629783] tee (861180): drop_caches: 3
[437375.454988] tee (861187): drop_caches: 3
[437380.511062] tee (861191): drop_caches: 3
[437385.808264] tee (861199): drop_caches: 3
[437391.603996] tee (861205): drop_caches: 3
[437393.390256] iCAT_SQLITE_RUN_END run=20260916-203735-858611
[437394.369839] EXT4-fs (nvme0n1): unmounting filesystem b46a47ff-6efa-4359-af4f-f2368b1b6437.
[437394.828446] pci_bus 0001:10: busn_res: [bus 10-ff] is released
[437394.828493] NVMeVirt: GC stats: ns=0 policy=cat-fig7-fixed host_pages=33864592 gc_pages=5653104 gc_count=617457 WAF=1.166 warmup_gc=100-per-part
[437394.900873] NVMeVirt: Virtual NVMe device closed
