[519535.659737] NVMeVirt: Version 1.10 for >> Samsung 970 Pro SSD <<
[519535.659745] NVMeVirt: Storage: 0x100100000-0x300000000 (8191 MiB)
[519535.670508] NVMeVirt: Total Capacity(GiB,MiB)=2,2048 chs=2 luns=4 lines=8192 blk-size(MiB,KiB)=0,64 line-size(MiB,KiB)=0,256
[519535.681587] NVMeVirt: [chmodel_init] bandwidth 800 max_credits 26 tx_time 152
[519535.692132] NVMeVirt: [chmodel_init] bandwidth 800 max_credits 26 tx_time 152
[519535.692155] NVMeVirt: [chmodel_init] bandwidth 3360 max_credits 110 tx_time 36
[519535.692159] NVMeVirt: Fixed CAT init ns=0 part=0 arm=57 k=10 scale_pct=400 age_ratio=4
[519535.693425] NVMeVirt: pqueue: Copyright (c) 2014, Volkan Yazıcı <volkan.yazici@gmail.com>. All rights reserved.
[519535.693472] NVMeVirt: Init FTL instance with 2 channels (524288 pages)
[519535.693474] NVMeVirt: GC victim policy: cat-fig7-fixed ns=0 part=0 initial_k=10 initial_scale_pct=400 initial_age_ratio=4 warmup_gc=100
[519535.703839] NVMeVirt: [chmodel_init] bandwidth 800 max_credits 26 tx_time 152
[519535.713952] NVMeVirt: [chmodel_init] bandwidth 800 max_credits 26 tx_time 152
[519535.713967] NVMeVirt: [chmodel_init] bandwidth 3360 max_credits 110 tx_time 36
[519535.713969] NVMeVirt: Fixed CAT init ns=0 part=1 arm=57 k=10 scale_pct=400 age_ratio=4
[519535.714950] NVMeVirt: Init FTL instance with 2 channels (524288 pages)
[519535.714953] NVMeVirt: GC victim policy: cat-fig7-fixed ns=0 part=1 initial_k=10 initial_scale_pct=400 initial_age_ratio=4 warmup_gc=100
[519535.725399] NVMeVirt: [chmodel_init] bandwidth 800 max_credits 26 tx_time 152
[519535.735616] NVMeVirt: [chmodel_init] bandwidth 800 max_credits 26 tx_time 152
[519535.735632] NVMeVirt: [chmodel_init] bandwidth 3360 max_credits 110 tx_time 36
[519535.735634] NVMeVirt: Fixed CAT init ns=0 part=2 arm=57 k=10 scale_pct=400 age_ratio=4
[519535.736724] NVMeVirt: Init FTL instance with 2 channels (524288 pages)
[519535.736728] NVMeVirt: GC victim policy: cat-fig7-fixed ns=0 part=2 initial_k=10 initial_scale_pct=400 initial_age_ratio=4 warmup_gc=100
[519535.746698] NVMeVirt: [chmodel_init] bandwidth 800 max_credits 26 tx_time 152
[519535.756854] NVMeVirt: [chmodel_init] bandwidth 800 max_credits 26 tx_time 152
[519535.756877] NVMeVirt: [chmodel_init] bandwidth 3360 max_credits 110 tx_time 36
[519535.756880] NVMeVirt: Fixed CAT init ns=0 part=3 arm=57 k=10 scale_pct=400 age_ratio=4
[519535.758243] NVMeVirt: Init FTL instance with 2 channels (524288 pages)
[519535.758246] NVMeVirt: GC victim policy: cat-fig7-fixed ns=0 part=3 initial_k=10 initial_scale_pct=400 initial_age_ratio=4 warmup_gc=100
[519535.758253] NVMeVirt: FTL physical space: 8588886016, logical space: 8026996276 (physical/logical * 100 = 107)
[519535.758255] NVMeVirt: ns 0/1: size 7655 MiB
[519535.758313] PCI host bridge to bus 0001:10
[519535.758316] pci_bus 0001:10: root bus resource [io  0x0000-0xffff]
[519535.758319] pci_bus 0001:10: root bus resource [mem 0x00000000-0x7fffffffff]
[519535.758322] pci_bus 0001:10: root bus resource [bus 00-ff]
[519535.758331] pci 0001:10:00.0: [0c51:0110] type 00 class 0x010802 PCIe Endpoint
[519535.758335] pci 0001:10:00.0: BAR 0 [mem 0x100000000-0x100003fff 64bit]
[519535.758338] pci 0001:10:00.0: enabling Extended Tags
[519535.758498] NVMeVirt: Virtual PCI bus created (node 0)
[519535.758847] NVMeVirt: nvmev_io_worker_0 started on cpu 2 (node 0)
[519535.758942] NVMeVirt: Virtual NVMe device created
[519535.760220] nvme nvme0: pci function 0001:10:00.0
[519535.761082] NVMeVirt: nvmev_dispatcher started on cpu 1 (node 0)
[519535.762563] nvme nvme0: 8/0/0 default/read/poll queues
[519536.485209] EXT4-fs (nvme0n1): mounted filesystem 524b0563-8598-4879-8d13-78a2e025aa30 r/w with ordered data mode. Quota mode: none.
[519536.992383] iCAT_SQLITE_LOAD_START run=20260917-200423-966199
[519738.690447] iCAT_SQLITE_LOAD_END run=20260917-200423-966199
[519739.237437] tee (966390): drop_caches: 3
[519740.439828] iCAT_SQLITE_RUN_START run=20260917-200423-966199
[519742.755642] tee (966440): drop_caches: 3
[519748.122866] tee (966451): drop_caches: 3
[519753.225156] tee (966456): drop_caches: 3
[519758.345717] tee (966460): drop_caches: 3
[519763.431858] tee (966465): drop_caches: 3
[519768.434892] tee (966469): drop_caches: 3
[519773.496618] tee (966473): drop_caches: 3
[519778.770190] tee (966477): drop_caches: 3
[519783.826205] tee (966485): drop_caches: 3
[519789.017429] tee (966489): drop_caches: 3
[519794.523050] tee (966494): drop_caches: 3
[519799.509087] tee (966498): drop_caches: 3
[519805.442641] tee (966505): drop_caches: 3
[519812.640278] tee (966516): drop_caches: 3
[519817.922233] tee (966565): drop_caches: 3
[519823.131523] tee (966573): drop_caches: 3
[519828.117164] tee (966580): drop_caches: 3
[519833.178384] tee (966584): drop_caches: 3
[519838.266743] tee (966588): drop_caches: 3
[519843.241694] tee (966597): drop_caches: 3
[519848.277478] tee (966607): drop_caches: 3
[519853.304667] tee (966611): drop_caches: 3
[519858.357379] tee (966615): drop_caches: 3
[519863.397648] tee (966619): drop_caches: 3
[519868.397506] tee (966623): drop_caches: 3
[519873.641458] tee (966629): drop_caches: 3
[519879.129193] tee (966698): drop_caches: 3
[519885.742909] tee (966709): drop_caches: 3
[519891.385057] tee (966740): drop_caches: 3
[519896.716454] tee (966744): drop_caches: 3
[519901.777492] tee (966752): drop_caches: 3
[519906.962273] tee (966757): drop_caches: 3
[519912.035779] tee (966762): drop_caches: 3
[519917.052044] tee (966766): drop_caches: 3
[519922.225982] tee (966771): drop_caches: 3
[519927.311640] tee (966775): drop_caches: 3
[519932.374545] tee (966779): drop_caches: 3
[519937.752918] tee (966783): drop_caches: 3
[519942.906897] tee (966787): drop_caches: 3
[519947.906700] tee (966791): drop_caches: 3
[519953.378371] tee (966798): drop_caches: 3
[519958.392653] tee (966802): drop_caches: 3
[519963.343625] tee (966810): drop_caches: 3
[519968.446315] tee (966814): drop_caches: 3
[519973.474884] tee (966819): drop_caches: 3
[519978.570406] tee (966824): drop_caches: 3
[519983.780225] tee (966828): drop_caches: 3
[519988.779072] tee (966832): drop_caches: 3
[519993.926546] tee (966836): drop_caches: 3
[519999.051301] tee (966840): drop_caches: 3
[520004.221799] tee (966844): drop_caches: 3
[520009.304575] tee (966848): drop_caches: 3
[520014.432137] tee (966852): drop_caches: 3
[520019.490843] tee (966856): drop_caches: 3
[520024.489336] tee (966864): drop_caches: 3
[520029.506882] tee (966868): drop_caches: 3
[520034.700833] tee (966872): drop_caches: 3
[520039.819247] tee (966876): drop_caches: 3
[520044.995620] tee (966880): drop_caches: 3
[520050.211713] tee (966884): drop_caches: 3
[520055.315163] tee (966888): drop_caches: 3
[520060.343039] tee (966892): drop_caches: 3
[520065.531104] tee (966896): drop_caches: 3
[520070.506333] tee (966900): drop_caches: 3
[520075.500998] tee (966904): drop_caches: 3
[520080.635116] tee (966909): drop_caches: 3
[520085.844752] tee (966917): drop_caches: 3
[520090.974339] tee (966922): drop_caches: 3
[520096.171784] tee (966927): drop_caches: 3
[520101.219924] tee (966931): drop_caches: 3
[520106.312135] tee (966940): drop_caches: 3
[520111.427794] tee (966944): drop_caches: 3
[520116.691836] tee (966949): drop_caches: 3
[520121.808747] tee (966953): drop_caches: 3
[520127.034018] tee (966957): drop_caches: 3
[520132.148517] tee (966961): drop_caches: 3
[520137.283156] tee (966965): drop_caches: 3
[520142.454944] tee (966973): drop_caches: 3
[520147.644500] tee (966977): drop_caches: 3
[520152.797525] tee (966981): drop_caches: 3
[520157.850493] tee (966986): drop_caches: 3
[520162.854476] tee (966990): drop_caches: 3
[520167.942453] tee (966994): drop_caches: 3
[520173.035539] tee (966999): drop_caches: 3
[520178.285952] tee (967005): drop_caches: 3
[520183.524984] tee (967010): drop_caches: 3
[520188.484853] tee (967014): drop_caches: 3
[520193.765946] tee (967018): drop_caches: 3
[520198.836861] tee (967022): drop_caches: 3
[520203.739895] tee (967031): drop_caches: 3
[520208.706587] tee (967035): drop_caches: 3
[520213.718985] tee (967039): drop_caches: 3
[520218.702872] tee (967043): drop_caches: 3
[520224.068104] tee (967047): drop_caches: 3
[520229.199174] tee (967051): drop_caches: 3
[520234.137836] tee (967055): drop_caches: 3
[520239.135635] tee (967059): drop_caches: 3
[520244.118752] tee (967063): drop_caches: 3
[520249.074041] tee (967068): drop_caches: 3
[520254.367521] tee (967074): drop_caches: 3
[520259.490621] tee (967078): drop_caches: 3
[520264.524496] tee (967086): drop_caches: 3
[520269.585140] tee (967090): drop_caches: 3
[520274.684099] tee (967094): drop_caches: 3
[520279.712967] tee (967098): drop_caches: 3
[520284.853114] tee (967103): drop_caches: 3
[520289.919987] tee (967107): drop_caches: 3
[520295.166026] tee (967122): drop_caches: 3
[520301.354381] tee (967134): drop_caches: 3
[520307.303281] tee (967138): drop_caches: 3
[520313.434074] tee (967142): drop_caches: 3
[520319.359812] tee (967147): drop_caches: 3
[520325.492686] tee (967155): drop_caches: 3
[520332.261528] tee (967161): drop_caches: 3
[520340.109939] tee (967175): drop_caches: 3
[520347.762343] tee (967187): drop_caches: 3
[520354.216448] tee (967215): drop_caches: 3
[520361.392051] tee (967224): drop_caches: 3
[520367.388090] tee (967232): drop_caches: 3
[520373.343931] tee (967236): drop_caches: 3
[520379.417505] tee (967240): drop_caches: 3
[520385.318437] tee (967248): drop_caches: 3
[520391.668306] tee (967252): drop_caches: 3
[520398.425748] tee (967259): drop_caches: 3
[520404.766729] tee (967271): drop_caches: 3
[520409.791742] tee (967289): drop_caches: 3
[520414.870771] tee (967293): drop_caches: 3
[520419.817767] tee (967297): drop_caches: 3
[520425.262903] tee (967302): drop_caches: 3
[520430.202603] tee (967307): drop_caches: 3
[520436.096792] tee (967312): drop_caches: 3
[520441.705552] tee (967322): drop_caches: 3
[520446.925168] tee (967330): drop_caches: 3
[520451.929002] tee (967334): drop_caches: 3
[520456.988831] tee (967338): drop_caches: 3
[520462.082501] tee (967342): drop_caches: 3
[520467.095633] tee (967346): drop_caches: 3
[520472.079830] tee (967351): drop_caches: 3
[520476.755932] tee (967400): drop_caches: 3
[520483.071517] tee (967425): drop_caches: 3
[520488.781216] tee (967458): drop_caches: 3
[520493.911993] tee (967464): drop_caches: 3
[520498.885032] tee (967468): drop_caches: 3
[520503.845763] tee (967476): drop_caches: 3
[520508.952731] tee (967480): drop_caches: 3
[520513.977463] tee (967484): drop_caches: 3
[520519.048305] tee (967488): drop_caches: 3
[520524.148898] tee (967492): drop_caches: 3
[520529.144587] tee (967497): drop_caches: 3
[520534.444403] tee (967501): drop_caches: 3
[520539.518455] tee (967505): drop_caches: 3
[520544.617392] tee (967509): drop_caches: 3
[520549.679247] tee (967514): drop_caches: 3
[520555.117421] tee (967520): drop_caches: 3
[520560.125922] tee (967524): drop_caches: 3
[520565.089174] tee (967533): drop_caches: 3
[520570.055831] tee (967537): drop_caches: 3
[520575.058949] tee (967541): drop_caches: 3
[520580.064648] tee (967546): drop_caches: 3
[520585.172678] tee (967550): drop_caches: 3
[520590.196955] tee (967554): drop_caches: 3
[520595.134761] tee (967558): drop_caches: 3
[520600.093908] tee (967562): drop_caches: 3
[520605.130119] tee (967566): drop_caches: 3
[520610.148648] tee (967570): drop_caches: 3
[520616.491730] tee (967582): drop_caches: 3
[520622.325550] tee (967592): drop_caches: 3
[520627.322976] tee (967600): drop_caches: 3
[520632.395044] tee (967604): drop_caches: 3
[520637.355787] tee (967609): drop_caches: 3
[520642.370370] tee (967613): drop_caches: 3
[520647.402456] tee (967617): drop_caches: 3
[520652.410884] tee (967623): drop_caches: 3
[520657.355326] tee (967627): drop_caches: 3
[520662.295470] tee (967631): drop_caches: 3
[520667.382497] tee (967635): drop_caches: 3
[520672.432722] tee (967639): drop_caches: 3
[520677.569958] tee (967643): drop_caches: 3
[520682.721392] tee (967647): drop_caches: 3
[520687.793581] tee (967655): drop_caches: 3
[520692.876590] tee (967660): drop_caches: 3
[520697.931754] tee (967664): drop_caches: 3
[520702.925591] tee (967673): drop_caches: 3
[520708.081094] tee (967677): drop_caches: 3
[520714.676749] tee (967689): drop_caches: 3
[520721.030819] tee (967698): drop_caches: 3
[520726.162419] tee (967702): drop_caches: 3
[520731.769091] tee (967708): drop_caches: 3
[520737.942554] tee (967712): drop_caches: 3
[520743.170043] tee (967716): drop_caches: 3
[520748.437657] tee (967724): drop_caches: 3
[520753.536483] tee (967728): drop_caches: 3
[520758.644786] tee (967732): drop_caches: 3
[520763.818151] tee (967736): drop_caches: 3
[520768.939132] tee (967740): drop_caches: 3
[520773.724614] tee (967747): drop_caches: 3
[520778.919779] tee (967751): drop_caches: 3
[520783.939313] tee (967755): drop_caches: 3
[520788.928676] tee (967759): drop_caches: 3
[520793.913778] tee (967765): drop_caches: 3
[520798.934180] tee (967769): drop_caches: 3
[520803.961828] tee (967777): drop_caches: 3
[520808.927596] tee (967781): drop_caches: 3
[520813.994477] tee (967785): drop_caches: 3
[520819.051535] tee (967791): drop_caches: 3
[520824.221862] tee (967795): drop_caches: 3
[520829.291081] tee (967799): drop_caches: 3
[520834.303769] tee (967803): drop_caches: 3
[520839.434969] tee (967807): drop_caches: 3
[520844.786555] tee (967811): drop_caches: 3
[520849.900719] tee (967816): drop_caches: 3
[520855.192995] tee (967822): drop_caches: 3
[520860.282390] tee (967826): drop_caches: 3
[520865.377201] tee (967834): drop_caches: 3
[520870.441467] tee (967838): drop_caches: 3
[520875.685090] tee (967842): drop_caches: 3
[520880.767213] tee (967846): drop_caches: 3
[520885.843200] tee (967850): drop_caches: 3
[520891.003574] tee (967854): drop_caches: 3
[520895.980994] tee (967858): drop_caches: 3
[520901.014018] tee (967862): drop_caches: 3
[520906.444510] tee (967866): drop_caches: 3
[520911.485884] tee (967870): drop_caches: 3
[520916.489208] tee (967874): drop_caches: 3
[520921.647911] tee (967878): drop_caches: 3
[520926.654799] tee (967886): drop_caches: 3
[520931.748871] tee (967890): drop_caches: 3
[520936.840146] tee (967894): drop_caches: 3
[520941.907246] tee (967898): drop_caches: 3
[520947.052521] tee (967902): drop_caches: 3
[520952.037620] tee (967906): drop_caches: 3
[520957.050825] tee (967910): drop_caches: 3
[520962.063958] tee (967914): drop_caches: 3
[520967.316735] tee (967918): drop_caches: 3
[520972.437350] tee (967922): drop_caches: 3
[520977.601424] tee (967926): drop_caches: 3
[520982.752632] tee (967930): drop_caches: 3
[520987.735721] tee (967938): drop_caches: 3
[520992.831907] tee (967942): drop_caches: 3
[520997.812812] tee (967946): drop_caches: 3
[521002.870867] tee (967956): drop_caches: 3
[521008.003496] tee (967960): drop_caches: 3
[521013.113121] tee (967964): drop_caches: 3
[521018.065244] tee (967968): drop_caches: 3
[521023.149629] tee (967972): drop_caches: 3
[521028.063734] tee (967976): drop_caches: 3
[521033.105815] tee (967981): drop_caches: 3
[521038.173644] tee (967985): drop_caches: 3
[521043.408128] tee (967989): drop_caches: 3
[521048.430261] tee (967997): drop_caches: 3
[521053.677657] tee (968002): drop_caches: 3
[521058.860033] tee (968006): drop_caches: 3
[521063.954217] tee (968010): drop_caches: 3
[521069.093575] tee (968014): drop_caches: 3
[521074.584365] tee (968029): drop_caches: 3
[521082.133796] tee (968091): drop_caches: 3
[521091.150114] tee (968128): drop_caches: 3
[521101.664640] tee (968192): drop_caches: 3
[521110.623598] tee (968247): drop_caches: 3
[521116.615689] tee (968253): drop_caches: 3
[521121.655494] tee (968257): drop_caches: 3
[521126.837382] tee (968261): drop_caches: 3
[521132.412850] tee (968265): drop_caches: 3
[521137.436972] tee (968269): drop_caches: 3
[521142.544852] tee (968273): drop_caches: 3
[521147.583694] tee (968278): drop_caches: 3
[521152.619777] tee (968282): drop_caches: 3
[521157.742375] tee (968288): drop_caches: 3
[521162.753869] tee (968292): drop_caches: 3
[521167.836955] tee (968300): drop_caches: 3
[521172.892652] tee (968304): drop_caches: 3
[521177.935631] tee (968308): drop_caches: 3
[521183.202887] tee (968314): drop_caches: 3
[521188.307174] tee (968318): drop_caches: 3
[521193.544324] tee (968322): drop_caches: 3
[521198.577366] tee (968326): drop_caches: 3
[521203.670694] tee (968330): drop_caches: 3
[521208.735006] tee (968334): drop_caches: 3
[521213.832012] tee (968338): drop_caches: 3
[521218.995338] tee (968342): drop_caches: 3
[521224.174491] tee (968346): drop_caches: 3
[521229.160766] tee (968354): drop_caches: 3
[521234.191233] tee (968358): drop_caches: 3
[521239.178898] tee (968362): drop_caches: 3
[521244.221866] tee (968366): drop_caches: 3
[521249.317571] tee (968370): drop_caches: 3
[521254.301043] tee (968374): drop_caches: 3
[521259.416795] tee (968379): drop_caches: 3
[521264.523604] tee (968383): drop_caches: 3
[521269.524286] tee (968388): drop_caches: 3
[521274.609619] tee (968392): drop_caches: 3
[521279.820587] tee (968397): drop_caches: 3
[521284.943219] tee (968401): drop_caches: 3
[521290.008558] tee (968409): drop_caches: 3
[521295.017877] tee (968413): drop_caches: 3
[521299.985128] tee (968417): drop_caches: 3
[521304.975626] tee (968426): drop_caches: 3
[521310.050118] tee (968430): drop_caches: 3
[521315.065075] tee (968434): drop_caches: 3
[521320.165527] tee (968438): drop_caches: 3
[521325.193602] tee (968442): drop_caches: 3
[521330.168086] tee (968446): drop_caches: 3
[521335.180174] tee (968450): drop_caches: 3
[521341.592395] tee (968461): drop_caches: 3
[521347.641956] tee (968475): drop_caches: 3
[521352.660766] tee (968479): drop_caches: 3
[521357.832075] tee (968483): drop_caches: 3
[521362.893533] tee (968488): drop_caches: 3
[521367.926792] tee (968492): drop_caches: 3
[521373.274491] tee (968498): drop_caches: 3
[521378.410243] tee (968505): drop_caches: 3
[521383.494352] tee (968509): drop_caches: 3
[521388.730707] tee (968513): drop_caches: 3
[521393.726741] tee (968517): drop_caches: 3
[521398.759070] tee (968521): drop_caches: 3
[521403.929929] tee (968525): drop_caches: 3
[521409.039114] tee (968534): drop_caches: 3
[521414.073629] tee (968538): drop_caches: 3
[521419.227291] tee (968542): drop_caches: 3
[521424.369399] tee (968546): drop_caches: 3
[521429.444155] tee (968551): drop_caches: 3
[521434.460862] tee (968555): drop_caches: 3
[521439.408691] tee (968560): drop_caches: 3
[521444.426265] tee (968564): drop_caches: 3
[521449.457306] tee (968569): drop_caches: 3
[521454.531174] tee (968573): drop_caches: 3
[521459.555932] tee (968579): drop_caches: 3
[521464.589894] tee (968583): drop_caches: 3
[521469.554121] tee (968591): drop_caches: 3
[521474.626012] tee (968595): drop_caches: 3
[521479.746948] tee (968599): drop_caches: 3
[521484.720736] tee (968603): drop_caches: 3
[521489.661328] tee (968607): drop_caches: 3
[521494.800855] tee (968611): drop_caches: 3
[521499.877636] tee (968615): drop_caches: 3
[521504.845449] tee (968619): drop_caches: 3
[521509.987815] tee (968623): drop_caches: 3
[521515.035176] tee (968627): drop_caches: 3
[521520.027465] tee (968631): drop_caches: 3
[521525.110290] tee (968636): drop_caches: 3
[521530.118260] tee (968644): drop_caches: 3
[521535.173867] tee (968648): drop_caches: 3
[521540.206903] tee (968653): drop_caches: 3
[521545.232100] tee (968657): drop_caches: 3
[521550.232021] tee (968661): drop_caches: 3
[521555.311923] tee (968665): drop_caches: 3
[521560.361757] tee (968669): drop_caches: 3
[521565.370344] tee (968673): drop_caches: 3
[521570.482909] tee (968677): drop_caches: 3
[521575.763921] tee (968681): drop_caches: 3
[521580.824235] tee (968685): drop_caches: 3
[521585.871809] tee (968689): drop_caches: 3
[521591.039983] tee (968698): drop_caches: 3
[521596.021740] tee (968702): drop_caches: 3
[521601.038899] tee (968706): drop_caches: 3
[521606.074803] tee (968717): drop_caches: 3
[521611.052282] tee (968721): drop_caches: 3
[521616.117827] tee (968725): drop_caches: 3
[521621.152527] tee (968729): drop_caches: 3
[521626.228021] tee (968734): drop_caches: 3
[521631.443602] tee (968738): drop_caches: 3
[521636.504184] tee (968742): drop_caches: 3
[521641.434660] tee (968746): drop_caches: 3
[521646.526082] tee (968754): drop_caches: 3
[521651.583914] tee (968758): drop_caches: 3
[521656.656709] tee (968762): drop_caches: 3
[521661.686627] tee (968766): drop_caches: 3
[521666.675178] tee (968770): drop_caches: 3
[521671.867077] tee (968775): drop_caches: 3
[521677.254978] tee (968833): drop_caches: 3
[521683.769118] tee (968849): drop_caches: 3
[521689.594509] tee (968882): drop_caches: 3
[521694.808923] tee (968887): drop_caches: 3
[521699.875979] tee (968891): drop_caches: 3
[521704.946625] tee (968896): drop_caches: 3
[521709.892993] tee (968904): drop_caches: 3
[521714.906723] tee (968908): drop_caches: 3
[521719.960425] tee (968912): drop_caches: 3
[521725.044011] tee (968916): drop_caches: 3
[521730.052650] tee (968921): drop_caches: 3
[521735.124242] tee (968925): drop_caches: 3
[521740.232753] tee (968929): drop_caches: 3
[521745.224437] tee (968933): drop_caches: 3
[521750.219917] tee (968937): drop_caches: 3
[521755.201247] tee (968941): drop_caches: 3
[521760.655388] tee (968947): drop_caches: 3
[521765.705196] tee (968951): drop_caches: 3
[521770.704333] tee (968959): drop_caches: 3
[521775.818344] tee (968964): drop_caches: 3
[521780.841558] tee (968968): drop_caches: 3
[521785.801383] tee (968972): drop_caches: 3
[521790.807078] tee (968976): drop_caches: 3
[521795.864241] tee (968980): drop_caches: 3
[521800.872686] tee (968984): drop_caches: 3
[521805.836494] tee (968988): drop_caches: 3
[521810.964126] tee (968992): drop_caches: 3
[521816.026027] tee (968996): drop_caches: 3
[521821.001030] tee (969000): drop_caches: 3
[521826.047676] tee (969004): drop_caches: 3
[521831.099207] tee (969012): drop_caches: 3
[521836.124357] tee (969016): drop_caches: 3
[521841.247806] tee (969020): drop_caches: 3
[521846.402671] tee (969024): drop_caches: 3
[521851.480915] tee (969028): drop_caches: 3
[521856.493561] tee (969032): drop_caches: 3
[521861.703358] tee (969038): drop_caches: 3
[521863.172730] iCAT_SQLITE_RUN_END run=20260917-200423-966199
[521863.928059] EXT4-fs (nvme0n1): unmounting filesystem 524b0563-8598-4879-8d13-78a2e025aa30.
[521864.270129] pci_bus 0001:10: busn_res: [bus 10-ff] is released
[521864.270215] NVMeVirt: GC stats: ns=0 policy=cat-fig7-fixed host_pages=34034908 gc_pages=16052440 gc_count=782608 WAF=1.471 warmup_gc=100-per-part
[521864.342960] NVMeVirt: Virtual NVMe device closed
