[505560.492896] NVMeVirt: Version 1.10 for >> Samsung 970 Pro SSD <<
[505560.492905] NVMeVirt: Storage: 0x100100000-0x300000000 (8191 MiB)
[505560.504050] NVMeVirt: Total Capacity(GiB,MiB)=2,2048 chs=2 luns=4 lines=8192 blk-size(MiB,KiB)=0,64 line-size(MiB,KiB)=0,256
[505560.515301] NVMeVirt: [chmodel_init] bandwidth 800 max_credits 26 tx_time 152
[505560.525606] NVMeVirt: [chmodel_init] bandwidth 800 max_credits 26 tx_time 152
[505560.525628] NVMeVirt: [chmodel_init] bandwidth 3360 max_credits 110 tx_time 36
[505560.525631] NVMeVirt: Fixed CAT init ns=0 part=0 arm=51 k=10 scale_pct=100 age_ratio=4
[505560.526913] NVMeVirt: pqueue: Copyright (c) 2014, Volkan Yazıcı <volkan.yazici@gmail.com>. All rights reserved.
[505560.526960] NVMeVirt: Init FTL instance with 2 channels (524288 pages)
[505560.526962] NVMeVirt: GC victim policy: cat-fig7-fixed ns=0 part=0 initial_k=10 initial_scale_pct=100 initial_age_ratio=4 warmup_gc=100
[505560.537607] NVMeVirt: [chmodel_init] bandwidth 800 max_credits 26 tx_time 152
[505560.547914] NVMeVirt: [chmodel_init] bandwidth 800 max_credits 26 tx_time 152
[505560.547929] NVMeVirt: [chmodel_init] bandwidth 3360 max_credits 110 tx_time 36
[505560.547931] NVMeVirt: Fixed CAT init ns=0 part=1 arm=51 k=10 scale_pct=100 age_ratio=4
[505560.548897] NVMeVirt: Init FTL instance with 2 channels (524288 pages)
[505560.548899] NVMeVirt: GC victim policy: cat-fig7-fixed ns=0 part=1 initial_k=10 initial_scale_pct=100 initial_age_ratio=4 warmup_gc=100
[505560.559121] NVMeVirt: [chmodel_init] bandwidth 800 max_credits 26 tx_time 152
[505560.569441] NVMeVirt: [chmodel_init] bandwidth 800 max_credits 26 tx_time 152
[505560.569455] NVMeVirt: [chmodel_init] bandwidth 3360 max_credits 110 tx_time 36
[505560.569457] NVMeVirt: Fixed CAT init ns=0 part=2 arm=51 k=10 scale_pct=100 age_ratio=4
[505560.570327] NVMeVirt: Init FTL instance with 2 channels (524288 pages)
[505560.570330] NVMeVirt: GC victim policy: cat-fig7-fixed ns=0 part=2 initial_k=10 initial_scale_pct=100 initial_age_ratio=4 warmup_gc=100
[505560.580464] NVMeVirt: [chmodel_init] bandwidth 800 max_credits 26 tx_time 152
[505560.591018] NVMeVirt: [chmodel_init] bandwidth 800 max_credits 26 tx_time 152
[505560.591039] NVMeVirt: [chmodel_init] bandwidth 3360 max_credits 110 tx_time 36
[505560.591041] NVMeVirt: Fixed CAT init ns=0 part=3 arm=51 k=10 scale_pct=100 age_ratio=4
[505560.592447] NVMeVirt: Init FTL instance with 2 channels (524288 pages)
[505560.592451] NVMeVirt: GC victim policy: cat-fig7-fixed ns=0 part=3 initial_k=10 initial_scale_pct=100 initial_age_ratio=4 warmup_gc=100
[505560.592460] NVMeVirt: FTL physical space: 8588886016, logical space: 8026996276 (physical/logical * 100 = 107)
[505560.592462] NVMeVirt: ns 0/1: size 7655 MiB
[505560.592530] PCI host bridge to bus 0001:10
[505560.592533] pci_bus 0001:10: root bus resource [io  0x0000-0xffff]
[505560.592536] pci_bus 0001:10: root bus resource [mem 0x00000000-0x7fffffffff]
[505560.592538] pci_bus 0001:10: root bus resource [bus 00-ff]
[505560.592548] pci 0001:10:00.0: [0c51:0110] type 00 class 0x010802 PCIe Endpoint
[505560.592553] pci 0001:10:00.0: BAR 0 [mem 0x100000000-0x100003fff 64bit]
[505560.592556] pci 0001:10:00.0: enabling Extended Tags
[505560.592710] NVMeVirt: Virtual PCI bus created (node 0)
[505560.593240] NVMeVirt: Virtual NVMe device created
[505560.593314] NVMeVirt: nvmev_io_worker_0 started on cpu 2 (node 0)
[505560.593350] NVMeVirt: nvmev_dispatcher started on cpu 1 (node 0)
[505560.593448] nvme nvme0: pci function 0001:10:00.0
[505560.598044] nvme nvme0: 8/0/0 default/read/poll queues
[505561.655559] EXT4-fs (nvme0n1): mounted filesystem 7bce9bd4-9c96-419a-a4a7-8d2f77a63eba r/w with ordered data mode. Quota mode: none.
[505562.097112] iCAT_SQLITE_LOAD_START run=20260917-161128-948399
[505762.750998] iCAT_SQLITE_LOAD_END run=20260917-161128-948399
[505763.306269] tee (948600): drop_caches: 3
[505764.509559] iCAT_SQLITE_RUN_START run=20260917-161128-948399
[505766.814696] tee (948651): drop_caches: 3
[505771.948327] tee (948662): drop_caches: 3
[505776.713121] tee (948670): drop_caches: 3
[505781.732238] tee (948679): drop_caches: 3
[505786.942400] tee (948684): drop_caches: 3
[505792.107650] tee (948688): drop_caches: 3
[505797.274774] tee (948693): drop_caches: 3
[505802.753949] tee (948698): drop_caches: 3
[505807.904217] tee (948702): drop_caches: 3
[505813.065110] tee (948706): drop_caches: 3
[505818.173984] tee (948710): drop_caches: 3
[505823.199685] tee (948714): drop_caches: 3
[505828.332333] tee (948722): drop_caches: 3
[505833.570582] tee (948726): drop_caches: 3
[505838.744916] tee (948730): drop_caches: 3
[505843.788594] tee (948742): drop_caches: 3
[505848.764640] tee (948747): drop_caches: 3
[505853.822134] tee (948751): drop_caches: 3
[505859.010800] tee (948757): drop_caches: 3
[505864.173430] tee (948767): drop_caches: 3
[505869.223624] tee (948782): drop_caches: 3
[505874.295198] tee (948799): drop_caches: 3
[505879.288124] tee (948803): drop_caches: 3
[505884.326651] tee (948807): drop_caches: 3
[505889.423395] tee (948811): drop_caches: 3
[505894.983436] tee (948826): drop_caches: 3
[505901.767522] tee (948844): drop_caches: 3
[505907.561282] tee (948849): drop_caches: 3
[505913.504028] tee (948853): drop_caches: 3
[505919.471480] tee (948857): drop_caches: 3
[505925.531033] tee (948862): drop_caches: 3
[505931.518423] tee (948866): drop_caches: 3
[505937.508934] tee (948872): drop_caches: 3
[505943.691309] tee (948878): drop_caches: 3
[505949.454830] tee (948886): drop_caches: 3
[505955.372121] tee (948898): drop_caches: 3
[505961.671605] tee (948914): drop_caches: 3
[505968.289604] tee (948943): drop_caches: 3
[505974.581098] tee (948957): drop_caches: 3
[505980.798188] tee (948961): drop_caches: 3
[505986.834712] tee (948966): drop_caches: 3
[505992.460896] tee (948971): drop_caches: 3
[505997.545800] tee (948975): drop_caches: 3
[506002.591492] tee (948985): drop_caches: 3
[506007.852081] tee (948989): drop_caches: 3
[506012.921745] tee (948994): drop_caches: 3
[506018.503336] tee (949000): drop_caches: 3
[506024.929051] tee (949019): drop_caches: 3
[506030.190548] tee (949023): drop_caches: 3
[506035.332786] tee (949092): drop_caches: 3
[506041.191326] tee (949103): drop_caches: 3
[506047.547720] tee (949112): drop_caches: 3
[506052.706537] tee (949116): drop_caches: 3
[506057.733383] tee (949120): drop_caches: 3
[506062.734760] tee (949124): drop_caches: 3
[506067.729151] tee (949129): drop_caches: 3
[506073.115522] tee (949135): drop_caches: 3
[506079.010271] tee (949201): drop_caches: 3
[506085.358802] tee (949215): drop_caches: 3
[506090.932416] tee (949252): drop_caches: 3
[506096.140161] tee (949268): drop_caches: 3
[506101.169818] tee (949273): drop_caches: 3
[506106.396924] tee (949278): drop_caches: 3
[506111.669981] tee (949282): drop_caches: 3
[506116.784760] tee (949286): drop_caches: 3
[506122.031812] tee (949294): drop_caches: 3
[506127.110338] tee (949298): drop_caches: 3
[506132.051592] tee (949303): drop_caches: 3
[506137.437744] tee (949307): drop_caches: 3
[506142.547585] tee (949315): drop_caches: 3
[506147.641025] tee (949319): drop_caches: 3
[506152.666293] tee (949323): drop_caches: 3
[506157.813598] tee (949327): drop_caches: 3
[506162.824147] tee (949332): drop_caches: 3
[506167.833638] tee (949336): drop_caches: 3
[506172.964324] tee (949341): drop_caches: 3
[506177.938541] tee (949345): drop_caches: 3
[506183.076377] tee (949349): drop_caches: 3
[506188.135080] tee (949355): drop_caches: 3
[506193.202703] tee (949359): drop_caches: 3
[506198.186464] tee (949363): drop_caches: 3
[506203.293262] tee (949372): drop_caches: 3
[506208.332095] tee (949376): drop_caches: 3
[506214.395232] tee (949391): drop_caches: 3
[506220.225132] tee (949397): drop_caches: 3
[506225.291989] tee (949402): drop_caches: 3
[506230.489789] tee (949406): drop_caches: 3
[506235.695560] tee (949411): drop_caches: 3
[506240.633952] tee (949415): drop_caches: 3
[506245.565521] tee (949419): drop_caches: 3
[506250.699371] tee (949425): drop_caches: 3
[506255.718824] tee (949429): drop_caches: 3
[506260.859076] tee (949437): drop_caches: 3
[506265.980575] tee (949441): drop_caches: 3
[506271.134945] tee (949448): drop_caches: 3
[506276.167381] tee (949452): drop_caches: 3
[506281.353478] tee (949456): drop_caches: 3
[506286.466482] tee (949460): drop_caches: 3
[506291.595491] tee (949464): drop_caches: 3
[506296.747869] tee (949469): drop_caches: 3
[506301.974719] tee (949473): drop_caches: 3
[506307.242930] tee (949482): drop_caches: 3
[506312.675356] tee (949498): drop_caches: 3
[506318.363885] tee (949502): drop_caches: 3
[506323.516340] tee (949510): drop_caches: 3
[506328.636756] tee (949514): drop_caches: 3
[506333.625859] tee (949520): drop_caches: 3
[506338.725677] tee (949524): drop_caches: 3
[506343.724104] tee (949528): drop_caches: 3
[506348.811548] tee (949532): drop_caches: 3
[506353.867438] tee (949536): drop_caches: 3
[506358.994805] tee (949540): drop_caches: 3
[506364.082603] tee (949544): drop_caches: 3
[506369.188963] tee (949548): drop_caches: 3
[506373.968172] tee (949555): drop_caches: 3
[506378.654965] tee (949560): drop_caches: 3
[506383.602532] tee (949568): drop_caches: 3
[506388.676090] tee (949572): drop_caches: 3
[506394.596728] tee (949578): drop_caches: 3
[506400.060717] tee (949582): drop_caches: 3
[506405.856160] tee (949586): drop_caches: 3
[506412.198514] tee (949590): drop_caches: 3
[506418.103275] tee (949607): drop_caches: 3
[506423.401571] tee (949611): drop_caches: 3
[506428.588949] tee (949616): drop_caches: 3
[506433.759004] tee (949620): drop_caches: 3
[506438.887454] tee (949624): drop_caches: 3
[506445.239907] tee (949637): drop_caches: 3
[506450.347502] tee (949642): drop_caches: 3
[506455.529739] tee (949646): drop_caches: 3
[506460.724622] tee (949650): drop_caches: 3
[506465.806111] tee (949654): drop_caches: 3
[506470.850959] tee (949659): drop_caches: 3
[506476.165549] tee (949667): drop_caches: 3
[506481.752732] tee (949684): drop_caches: 3
[506488.037426] tee (949693): drop_caches: 3
[506493.258787] tee (949697): drop_caches: 3
[506499.339524] tee (949702): drop_caches: 3
[506504.568742] tee (949710): drop_caches: 3
[506509.711630] tee (949714): drop_caches: 3
[506514.836839] tee (949719): drop_caches: 3
[506519.900765] tee (949723): drop_caches: 3
[506524.978803] tee (949727): drop_caches: 3
[506530.270603] tee (949732): drop_caches: 3
[506535.377221] tee (949737): drop_caches: 3
[506540.350648] tee (949741): drop_caches: 3
[506545.309952] tee (949745): drop_caches: 3
[506550.470492] tee (949749): drop_caches: 3
[506555.598319] tee (949753): drop_caches: 3
[506561.251075] tee (949761): drop_caches: 3
[506566.733389] tee (949766): drop_caches: 3
[506572.173044] tee (949773): drop_caches: 3
[506577.265810] tee (949777): drop_caches: 3
[506582.567263] tee (949781): drop_caches: 3
[506587.726829] tee (949785): drop_caches: 3
[506592.921920] tee (949789): drop_caches: 3
[506598.024629] tee (949793): drop_caches: 3
[506603.209648] tee (949803): drop_caches: 3
[506608.420652] tee (949807): drop_caches: 3
[506613.578538] tee (949811): drop_caches: 3
[506618.779585] tee (949816): drop_caches: 3
[506624.100558] tee (949824): drop_caches: 3
[506629.169086] tee (949828): drop_caches: 3
[506634.246241] tee (949832): drop_caches: 3
[506639.594855] tee (949836): drop_caches: 3
[506644.660124] tee (949840): drop_caches: 3
[506649.886678] tee (949844): drop_caches: 3
[506654.902206] tee (949848): drop_caches: 3
[506660.122444] tee (949852): drop_caches: 3
[506665.252792] tee (949856): drop_caches: 3
[506670.379804] tee (949861): drop_caches: 3
[506675.560114] tee (949889): drop_caches: 3
[506683.350325] tee (949949): drop_caches: 3
[506691.299279] tee (949980): drop_caches: 3
[506704.205533] tee (950073): drop_caches: 3
[506710.869020] tee (950095): drop_caches: 3
[506717.423933] tee (950101): drop_caches: 3
[506722.539905] tee (950105): drop_caches: 3
[506727.466500] tee (950109): drop_caches: 3
[506732.435322] tee (950114): drop_caches: 3
[506737.361313] tee (950118): drop_caches: 3
[506742.420441] tee (950127): drop_caches: 3
[506747.705941] tee (950131): drop_caches: 3
[506752.670143] tee (950135): drop_caches: 3
[506757.746851] tee (950139): drop_caches: 3
[506762.743708] tee (950143): drop_caches: 3
[506767.778259] tee (950147): drop_caches: 3
[506772.760330] tee (950151): drop_caches: 3
[506777.730849] tee (950155): drop_caches: 3
[506782.684477] tee (950159): drop_caches: 3
[506787.774945] tee (950163): drop_caches: 3
[506792.873446] tee (950167): drop_caches: 3
[506797.884833] tee (950171): drop_caches: 3
[506802.892718] tee (950179): drop_caches: 3
[506807.821528] tee (950183): drop_caches: 3
[506812.921255] tee (950187): drop_caches: 3
[506818.030503] tee (950191): drop_caches: 3
[506823.189133] tee (950195): drop_caches: 3
[506828.223864] tee (950199): drop_caches: 3
[506833.285112] tee (950203): drop_caches: 3
[506838.365938] tee (950207): drop_caches: 3
[506843.363625] tee (950211): drop_caches: 3
[506848.408344] tee (950215): drop_caches: 3
[506853.551595] tee (950219): drop_caches: 3
[506858.519449] tee (950223): drop_caches: 3
[506863.609653] tee (950231): drop_caches: 3
[506868.679665] tee (950235): drop_caches: 3
[506873.921789] tee (950243): drop_caches: 3
[506879.210720] tee (950249): drop_caches: 3
[506884.329899] tee (950253): drop_caches: 3
[506889.390890] tee (950257): drop_caches: 3
[506894.613579] tee (950261): drop_caches: 3
[506899.656251] tee (950266): drop_caches: 3
[506904.706240] tee (950275): drop_caches: 3
[506909.701986] tee (950279): drop_caches: 3
[506914.585597] tee (950283): drop_caches: 3
[506919.676913] tee (950287): drop_caches: 3
[506924.739706] tee (950295): drop_caches: 3
[506929.889419] tee (950299): drop_caches: 3
[506934.829171] tee (950306): drop_caches: 3
[506941.240762] tee (950339): drop_caches: 3
[506949.551523] tee (950353): drop_caches: 3
[506954.778534] tee (950371): drop_caches: 3
[506960.015421] tee (950375): drop_caches: 3
[506965.033139] tee (950379): drop_caches: 3
[506970.461634] tee (950384): drop_caches: 3
[506975.213159] tee (950391): drop_caches: 3
[506980.061948] tee (950396): drop_caches: 3
[506985.241670] tee (950404): drop_caches: 3
[506990.390445] tee (950408): drop_caches: 3
[506995.363332] tee (950412): drop_caches: 3
[507001.002373] tee (950416): drop_caches: 3
[507006.158146] tee (950420): drop_caches: 3
[507011.376046] tee (950424): drop_caches: 3
[507017.512207] tee (950432): drop_caches: 3
[507023.002172] tee (950436): drop_caches: 3
[507028.185608] tee (950440): drop_caches: 3
[507036.523234] tee (950453): drop_caches: 3
[507043.294498] tee (950462): drop_caches: 3
[507048.473859] tee (950467): drop_caches: 3
[507053.687183] tee (950471): drop_caches: 3
[507059.574874] tee (950480): drop_caches: 3
[507064.685303] tee (950484): drop_caches: 3
[507069.810416] tee (950489): drop_caches: 3
[507074.936988] tee (950493): drop_caches: 3
[507079.949601] tee (950497): drop_caches: 3
[507085.058962] tee (950502): drop_caches: 3
[507090.153145] tee (950506): drop_caches: 3
[507095.197819] tee (950510): drop_caches: 3
[507100.398296] tee (950521): drop_caches: 3
[507105.417276] tee (950547): drop_caches: 3
[507111.014652] tee (950579): drop_caches: 3
[507116.514887] tee (950607): drop_caches: 3
[507122.692700] tee (950619): drop_caches: 3
[507127.817893] tee (950623): drop_caches: 3
[507132.852464] tee (950627): drop_caches: 3
[507138.071184] tee (950632): drop_caches: 3
[507143.101402] tee (950636): drop_caches: 3
[507148.252822] tee (950640): drop_caches: 3
[507153.168556] tee (950645): drop_caches: 3
[507158.237101] tee (950649): drop_caches: 3
[507163.289270] tee (950657): drop_caches: 3
[507168.294270] tee (950661): drop_caches: 3
[507173.401620] tee (950665): drop_caches: 3
[507178.557906] tee (950671): drop_caches: 3
[507183.722054] tee (950677): drop_caches: 3
[507188.870005] tee (950681): drop_caches: 3
[507194.376582] tee (950686): drop_caches: 3
[507199.568844] tee (950691): drop_caches: 3
[507204.699399] tee (950701): drop_caches: 3
[507210.067733] tee (950705): drop_caches: 3
[507214.979720] tee (950714): drop_caches: 3
[507220.076263] tee (950718): drop_caches: 3
[507225.102230] tee (950728): drop_caches: 3
[507230.096884] tee (950732): drop_caches: 3
[507235.238627] tee (950737): drop_caches: 3
[507240.691796] tee (950742): drop_caches: 3
[507245.807424] tee (950746): drop_caches: 3
[507251.295500] tee (950751): drop_caches: 3
[507256.396536] tee (950755): drop_caches: 3
[507261.413905] tee (950759): drop_caches: 3
[507266.410138] tee (950763): drop_caches: 3
[507271.747043] tee (950767): drop_caches: 3
[507276.431479] tee (950817): drop_caches: 3
[507282.994116] tee (950849): drop_caches: 3
[507288.682348] tee (950884): drop_caches: 3
[507293.968869] tee (950889): drop_caches: 3
[507299.034479] tee (950893): drop_caches: 3
[507304.131899] tee (950899): drop_caches: 3
[507309.334990] tee (950903): drop_caches: 3
[507314.340268] tee (950908): drop_caches: 3
[507319.408142] tee (950912): drop_caches: 3
[507324.521665] tee (950916): drop_caches: 3
[507329.586365] tee (950920): drop_caches: 3
[507334.694945] tee (950925): drop_caches: 3
[507339.904002] tee (950929): drop_caches: 3
[507344.927075] tee (950937): drop_caches: 3
[507349.999489] tee (950941): drop_caches: 3
[507355.363455] tee (950947): drop_caches: 3
[507360.509937] tee (950951): drop_caches: 3
[507365.624821] tee (950955): drop_caches: 3
[507370.772164] tee (950959): drop_caches: 3
[507375.933992] tee (950963): drop_caches: 3
[507380.955892] tee (950967): drop_caches: 3
[507385.945709] tee (950971): drop_caches: 3
[507391.008154] tee (950975): drop_caches: 3
[507396.136901] tee (950980): drop_caches: 3
[507401.196881] tee (950985): drop_caches: 3
[507406.308517] tee (950993): drop_caches: 3
[507411.397731] tee (950997): drop_caches: 3
[507416.502412] tee (951001): drop_caches: 3
[507421.649419] tee (951005): drop_caches: 3
[507426.841002] tee (951009): drop_caches: 3
[507431.990292] tee (951014): drop_caches: 3
[507437.092509] tee (951018): drop_caches: 3
[507442.108452] tee (951022): drop_caches: 3
[507447.184955] tee (951027): drop_caches: 3
[507452.183899] tee (951031): drop_caches: 3
[507457.169336] tee (951035): drop_caches: 3
[507462.160351] tee (951039): drop_caches: 3
[507467.243244] tee (951047): drop_caches: 3
[507472.475428] tee (951051): drop_caches: 3
[507477.545682] tee (951055): drop_caches: 3
[507482.633890] tee (951061): drop_caches: 3
[507487.989346] tee (951065): drop_caches: 3
[507493.027044] tee (951069): drop_caches: 3
[507498.001167] tee (951073): drop_caches: 3
[507503.794816] tee (951083): drop_caches: 3
[507509.138367] tee (951095): drop_caches: 3
[507514.254375] tee (951099): drop_caches: 3
[507519.479933] tee (951103): drop_caches: 3
[507524.464134] tee (951111): drop_caches: 3
[507529.506725] tee (951115): drop_caches: 3
[507534.535532] tee (951121): drop_caches: 3
[507539.546097] tee (951125): drop_caches: 3
[507544.682862] tee (951129): drop_caches: 3
[507549.740756] tee (951133): drop_caches: 3
[507554.737113] tee (951138): drop_caches: 3
[507559.858802] tee (951142): drop_caches: 3
[507564.799284] tee (951146): drop_caches: 3
[507569.810308] tee (951150): drop_caches: 3
[507574.630163] tee (951157): drop_caches: 3
[507579.686520] tee (951161): drop_caches: 3
[507584.633670] tee (951169): drop_caches: 3
[507589.632454] tee (951173): drop_caches: 3
[507594.653778] tee (951177): drop_caches: 3
[507599.745528] tee (951182): drop_caches: 3
[507604.893571] tee (951186): drop_caches: 3
[507610.028641] tee (951190): drop_caches: 3
[507615.008787] tee (951194): drop_caches: 3
[507619.922952] tee (951198): drop_caches: 3
[507624.951763] tee (951202): drop_caches: 3
[507629.968753] tee (951206): drop_caches: 3
[507634.918846] tee (951210): drop_caches: 3
[507640.126365] tee (951214): drop_caches: 3
[507645.083914] tee (951222): drop_caches: 3
[507650.262496] tee (951227): drop_caches: 3
[507655.441595] tee (951232): drop_caches: 3
[507660.833574] tee (951236): drop_caches: 3
[507665.936453] tee (951240): drop_caches: 3
[507671.078733] tee (951245): drop_caches: 3
[507676.022062] tee (951249): drop_caches: 3
[507681.006907] tee (951253): drop_caches: 3
[507686.114849] tee (951257): drop_caches: 3
[507691.401088] tee (951261): drop_caches: 3
[507696.457211] tee (951265): drop_caches: 3
[507701.774060] tee (951269): drop_caches: 3
[507706.804673] tee (951277): drop_caches: 3
[507711.865614] tee (951281): drop_caches: 3
[507716.965014] tee (951285): drop_caches: 3
[507722.246043] tee (951289): drop_caches: 3
[507727.502903] tee (951293): drop_caches: 3
[507732.613431] tee (951297): drop_caches: 3
[507737.607230] tee (951302): drop_caches: 3
[507742.801123] tee (951306): drop_caches: 3
[507747.866168] tee (951310): drop_caches: 3
[507752.953451] tee (951314): drop_caches: 3
[507757.974358] tee (951318): drop_caches: 3
[507763.419503] tee (951326): drop_caches: 3
[507768.594360] tee (951330): drop_caches: 3
[507773.615045] tee (951334): drop_caches: 3
[507778.743226] tee (951338): drop_caches: 3
[507783.820135] tee (951344): drop_caches: 3
[507788.957122] tee (951348): drop_caches: 3
[507794.074494] tee (951352): drop_caches: 3
[507799.147156] tee (951356): drop_caches: 3
[507804.232471] tee (951366): drop_caches: 3
[507809.527644] tee (951370): drop_caches: 3
[507814.724152] tee (951374): drop_caches: 3
[507819.772102] tee (951378): drop_caches: 3
[507824.832777] tee (951386): drop_caches: 3
[507829.872828] tee (951390): drop_caches: 3
[507834.817626] tee (951394): drop_caches: 3
[507839.838988] tee (951398): drop_caches: 3
[507844.981842] tee (951402): drop_caches: 3
[507850.141120] tee (951408): drop_caches: 3
[507855.263886] tee (951412): drop_caches: 3
[507860.370750] tee (951416): drop_caches: 3
[507865.419806] tee (951420): drop_caches: 3
[507870.525095] tee (951424): drop_caches: 3
[507875.347097] tee (951452): drop_caches: 3
[507880.922458] tee (951506): drop_caches: 3
[507886.120663] tee (951514): drop_caches: 3
[507891.982118] tee (951524): drop_caches: 3
[507897.203703] tee (951528): drop_caches: 3
[507902.523769] tee (951534): drop_caches: 3
[507903.976071] iCAT_SQLITE_RUN_END run=20260917-161128-948399
[507904.731326] EXT4-fs (nvme0n1): unmounting filesystem 7bce9bd4-9c96-419a-a4a7-8d2f77a63eba.
[507905.091389] pci_bus 0001:10: busn_res: [bus 10-ff] is released
[507905.091438] NVMeVirt: GC stats: ns=0 policy=cat-fig7-fixed host_pages=34042832 gc_pages=12084585 gc_count=720734 WAF=1.354 warmup_gc=100-per-part
[507905.163946] NVMeVirt: Virtual NVMe device closed
