[450920.081661] NVMeVirt: Version 1.10 for >> Samsung 970 Pro SSD <<
[450920.081668] NVMeVirt: Storage: 0x100100000-0x300000000 (8191 MiB)
[450920.092178] NVMeVirt: Total Capacity(GiB,MiB)=2,2048 chs=2 luns=4 lines=8192 blk-size(MiB,KiB)=0,64 line-size(MiB,KiB)=0,256
[450920.102859] NVMeVirt: [chmodel_init] bandwidth 800 max_credits 26 tx_time 152
[450920.113140] NVMeVirt: [chmodel_init] bandwidth 800 max_credits 26 tx_time 152
[450920.113161] NVMeVirt: [chmodel_init] bandwidth 3360 max_credits 110 tx_time 36
[450920.113163] NVMeVirt: Fixed CAT init ns=0 part=0 arm=27 k=4 scale_pct=400 age_ratio=4
[450920.114122] NVMeVirt: pqueue: Copyright (c) 2014, Volkan Yazıcı <volkan.yazici@gmail.com>. All rights reserved.
[450920.114186] NVMeVirt: Init FTL instance with 2 channels (524288 pages)
[450920.114188] NVMeVirt: GC victim policy: cat-fig7-fixed ns=0 part=0 initial_k=4 initial_scale_pct=400 initial_age_ratio=4 warmup_gc=100
[450920.124376] NVMeVirt: [chmodel_init] bandwidth 800 max_credits 26 tx_time 152
[450920.134633] NVMeVirt: [chmodel_init] bandwidth 800 max_credits 26 tx_time 152
[450920.134647] NVMeVirt: [chmodel_init] bandwidth 3360 max_credits 110 tx_time 36
[450920.134649] NVMeVirt: Fixed CAT init ns=0 part=1 arm=27 k=4 scale_pct=400 age_ratio=4
[450920.135655] NVMeVirt: Init FTL instance with 2 channels (524288 pages)
[450920.135658] NVMeVirt: GC victim policy: cat-fig7-fixed ns=0 part=1 initial_k=4 initial_scale_pct=400 initial_age_ratio=4 warmup_gc=100
[450920.145730] NVMeVirt: [chmodel_init] bandwidth 800 max_credits 26 tx_time 152
[450920.155810] NVMeVirt: [chmodel_init] bandwidth 800 max_credits 26 tx_time 152
[450920.155824] NVMeVirt: [chmodel_init] bandwidth 3360 max_credits 110 tx_time 36
[450920.155825] NVMeVirt: Fixed CAT init ns=0 part=2 arm=27 k=4 scale_pct=400 age_ratio=4
[450920.156850] NVMeVirt: Init FTL instance with 2 channels (524288 pages)
[450920.156853] NVMeVirt: GC victim policy: cat-fig7-fixed ns=0 part=2 initial_k=4 initial_scale_pct=400 initial_age_ratio=4 warmup_gc=100
[450920.166980] NVMeVirt: [chmodel_init] bandwidth 800 max_credits 26 tx_time 152
[450920.176900] NVMeVirt: [chmodel_init] bandwidth 800 max_credits 26 tx_time 152
[450920.176914] NVMeVirt: [chmodel_init] bandwidth 3360 max_credits 110 tx_time 36
[450920.176916] NVMeVirt: Fixed CAT init ns=0 part=3 arm=27 k=4 scale_pct=400 age_ratio=4
[450920.177941] NVMeVirt: Init FTL instance with 2 channels (524288 pages)
[450920.177944] NVMeVirt: GC victim policy: cat-fig7-fixed ns=0 part=3 initial_k=4 initial_scale_pct=400 initial_age_ratio=4 warmup_gc=100
[450920.177950] NVMeVirt: FTL physical space: 8588886016, logical space: 8026996276 (physical/logical * 100 = 107)
[450920.177952] NVMeVirt: ns 0/1: size 7655 MiB
[450920.178001] PCI host bridge to bus 0001:10
[450920.178003] pci_bus 0001:10: root bus resource [io  0x0000-0xffff]
[450920.178006] pci_bus 0001:10: root bus resource [mem 0x00000000-0x7fffffffff]
[450920.178008] pci_bus 0001:10: root bus resource [bus 00-ff]
[450920.178030] pci 0001:10:00.0: [0c51:0110] type 00 class 0x010802 PCIe Endpoint
[450920.178034] pci 0001:10:00.0: BAR 0 [mem 0x100000000-0x100003fff 64bit]
[450920.178036] pci 0001:10:00.0: enabling Extended Tags
[450920.178189] NVMeVirt: Virtual PCI bus created (node 0)
[450920.178548] NVMeVirt: nvmev_io_worker_0 started on cpu 2 (node 0)
[450920.178616] NVMeVirt: Virtual NVMe device created
[450920.179494] nvme nvme0: pci function 0001:10:00.0
[450920.180660] NVMeVirt: nvmev_dispatcher started on cpu 1 (node 0)
[450920.182030] nvme nvme0: 8/0/0 default/read/poll queues
[450921.177152] EXT4-fs (nvme0n1): mounted filesystem 4d27e49b-0a6e-4616-8c64-fcc8e1b0a5d2 r/w with ordered data mode. Quota mode: none.
[450921.535144] iCAT_SQLITE_LOAD_START run=20260917-010049-878411
[451106.145366] iCAT_SQLITE_LOAD_END run=20260917-010049-878411
[451106.846861] tee (878590): drop_caches: 3
[451108.340949] iCAT_SQLITE_RUN_START run=20260917-010049-878411
[451110.308656] tee (878635): drop_caches: 3
[451116.265865] tee (878654): drop_caches: 3
[451121.424452] tee (878658): drop_caches: 3
[451128.484316] tee (878692): drop_caches: 3
[451135.383391] tee (878706): drop_caches: 3
[451140.591583] tee (878720): drop_caches: 3
[451145.954729] tee (878728): drop_caches: 3
[451151.234148] tee (878736): drop_caches: 3
[451156.703322] tee (878742): drop_caches: 3
[451161.916011] tee (878746): drop_caches: 3
[451167.057497] tee (878751): drop_caches: 3
[451172.234791] tee (878756): drop_caches: 3
[451177.630866] tee (878762): drop_caches: 3
[451182.847407] tee (878767): drop_caches: 3
[451187.910754] tee (878771): drop_caches: 3
[451193.108299] tee (878775): drop_caches: 3
[451198.382428] tee (878779): drop_caches: 3
[451203.760527] tee (878783): drop_caches: 3
[451209.080606] tee (878791): drop_caches: 3
[451214.271399] tee (878795): drop_caches: 3
[451219.418538] tee (878800): drop_caches: 3
[451224.549921] tee (878809): drop_caches: 3
[451229.980368] tee (878820): drop_caches: 3
[451235.264792] tee (878824): drop_caches: 3
[451240.613782] tee (878828): drop_caches: 3
[451245.895967] tee (878832): drop_caches: 3
[451251.215506] tee (878837): drop_caches: 3
[451256.458155] tee (878842): drop_caches: 3
[451261.714846] tee (878846): drop_caches: 3
[451267.221863] tee (878852): drop_caches: 3
[451272.525838] tee (878858): drop_caches: 3
[451277.731781] tee (878862): drop_caches: 3
[451283.311232] tee (878866): drop_caches: 3
[451288.501878] tee (878870): drop_caches: 3
[451293.756264] tee (878874): drop_caches: 3
[451299.105848] tee (878878): drop_caches: 3
[451304.344153] tee (878882): drop_caches: 3
[451309.933886] tee (878886): drop_caches: 3
[451315.197110] tee (878890): drop_caches: 3
[451320.361875] tee (878894): drop_caches: 3
[451325.726567] tee (878898): drop_caches: 3
[451331.134820] tee (878906): drop_caches: 3
[451336.541620] tee (878910): drop_caches: 3
[451341.751924] tee (878915): drop_caches: 3
[451347.122499] tee (878919): drop_caches: 3
[451352.423583] tee (878923): drop_caches: 3
[451357.760723] tee (878927): drop_caches: 3
[451363.216118] tee (878931): drop_caches: 3
[451368.362590] tee (878935): drop_caches: 3
[451373.650652] tee (878939): drop_caches: 3
[451379.076881] tee (878943): drop_caches: 3
[451384.340375] tee (878947): drop_caches: 3
[451389.864150] tee (878956): drop_caches: 3
[451395.037454] tee (878960): drop_caches: 3
[451400.085182] tee (878964): drop_caches: 3
[451405.316523] tee (878974): drop_caches: 3
[451410.734235] tee (878980): drop_caches: 3
[451415.945042] tee (878984): drop_caches: 3
[451421.160199] tee (878990): drop_caches: 3
[451426.407288] tee (878994): drop_caches: 3
[451431.598971] tee (878998): drop_caches: 3
[451436.814536] tee (879002): drop_caches: 3
[451442.162697] tee (879006): drop_caches: 3
[451447.533625] tee (879014): drop_caches: 3
[451453.118534] tee (879018): drop_caches: 3
[451458.383059] tee (879022): drop_caches: 3
[451463.524667] tee (879027): drop_caches: 3
[451468.647637] tee (879032): drop_caches: 3
[451474.498026] tee (879054): drop_caches: 3
[451480.694064] tee (879108): drop_caches: 3
[451487.941872] tee (879117): drop_caches: 3
[451493.590073] tee (879147): drop_caches: 3
[451498.747216] tee (879151): drop_caches: 3
[451504.166934] tee (879155): drop_caches: 3
[451509.393831] tee (879163): drop_caches: 3
[451514.806009] tee (879167): drop_caches: 3
[451520.105955] tee (879171): drop_caches: 3
[451525.397657] tee (879175): drop_caches: 3
[451531.081701] tee (879179): drop_caches: 3
[451536.206763] tee (879183): drop_caches: 3
[451541.440830] tee (879187): drop_caches: 3
[451546.650268] tee (879191): drop_caches: 3
[451552.532007] tee (879195): drop_caches: 3
[451557.867668] tee (879200): drop_caches: 3
[451563.032857] tee (879204): drop_caches: 3
[451568.331558] tee (879213): drop_caches: 3
[451573.527288] tee (879217): drop_caches: 3
[451578.785683] tee (879221): drop_caches: 3
[451584.576328] tee (879225): drop_caches: 3
[451589.927804] tee (879229): drop_caches: 3
[451595.213322] tee (879234): drop_caches: 3
[451600.353431] tee (879238): drop_caches: 3
[451605.520830] tee (879242): drop_caches: 3
[451610.787943] tee (879246): drop_caches: 3
[451615.976892] tee (879250): drop_caches: 3
[451621.264756] tee (879254): drop_caches: 3
[451626.572154] tee (879258): drop_caches: 3
[451631.730360] tee (879266): drop_caches: 3
[451636.918034] tee (879270): drop_caches: 3
[451642.179357] tee (879274): drop_caches: 3
[451647.345944] tee (879278): drop_caches: 3
[451652.611459] tee (879282): drop_caches: 3
[451657.865933] tee (879286): drop_caches: 3
[451663.080039] tee (879290): drop_caches: 3
[451668.136446] tee (879294): drop_caches: 3
[451673.284562] tee (879298): drop_caches: 3
[451678.607541] tee (879303): drop_caches: 3
[451683.956284] tee (879307): drop_caches: 3
[451689.222107] tee (879315): drop_caches: 3
[451694.537701] tee (879319): drop_caches: 3
[451699.669612] tee (879323): drop_caches: 3
[451704.854919] tee (879332): drop_caches: 3
[451710.102880] tee (879336): drop_caches: 3
[451715.281740] tee (879342): drop_caches: 3
[451720.555762] tee (879346): drop_caches: 3
[451725.753184] tee (879350): drop_caches: 3
[451731.020381] tee (879354): drop_caches: 3
[451736.198152] tee (879358): drop_caches: 3
[451741.547805] tee (879362): drop_caches: 3
[451746.820984] tee (879366): drop_caches: 3
[451752.071386] tee (879374): drop_caches: 3
[451757.335566] tee (879378): drop_caches: 3
[451762.628084] tee (879382): drop_caches: 3
[451768.012142] tee (879386): drop_caches: 3
[451772.816318] tee (879393): drop_caches: 3
[451778.123006] tee (879398): drop_caches: 3
[451783.394766] tee (879402): drop_caches: 3
[451788.589715] tee (879407): drop_caches: 3
[451794.371814] tee (879411): drop_caches: 3
[451799.612440] tee (879415): drop_caches: 3
[451804.855067] tee (879419): drop_caches: 3
[451810.126026] tee (879427): drop_caches: 3
[451815.320145] tee (879431): drop_caches: 3
[451820.538519] tee (879435): drop_caches: 3
[451826.018015] tee (879439): drop_caches: 3
[451831.188726] tee (879443): drop_caches: 3
[451836.438140] tee (879447): drop_caches: 3
[451841.725502] tee (879451): drop_caches: 3
[451847.061299] tee (879456): drop_caches: 3
[451852.306724] tee (879460): drop_caches: 3
[451857.491727] tee (879464): drop_caches: 3
[451862.765417] tee (879468): drop_caches: 3
[451867.947163] tee (879476): drop_caches: 3
[451873.296871] tee (879480): drop_caches: 3
[451878.518729] tee (879484): drop_caches: 3
[451883.718235] tee (879488): drop_caches: 3
[451888.919351] tee (879492): drop_caches: 3
[451894.683090] tee (879506): drop_caches: 3
[451901.646478] tee (879518): drop_caches: 3
[451907.713724] tee (879522): drop_caches: 3
[451914.864592] tee (879526): drop_caches: 3
[451921.303753] tee (879530): drop_caches: 3
[451927.670565] tee (879534): drop_caches: 3
[451934.523500] tee (879542): drop_caches: 3
[451941.094758] tee (879546): drop_caches: 3
[451947.825485] tee (879550): drop_caches: 3
[451953.850730] tee (879558): drop_caches: 3
[451960.360480] tee (879562): drop_caches: 3
[451966.926498] tee (879566): drop_caches: 3
[451973.875481] tee (879570): drop_caches: 3
[451980.315543] tee (879574): drop_caches: 3
[451986.837382] tee (879578): drop_caches: 3
[451993.041868] tee (879586): drop_caches: 3
[451999.000897] tee (879591): drop_caches: 3
[452004.277865] tee (879601): drop_caches: 3
[452009.785763] tee (879605): drop_caches: 3
[452014.961836] tee (879609): drop_caches: 3
[452020.366371] tee (879616): drop_caches: 3
[452025.605195] tee (879620): drop_caches: 3
[452030.918234] tee (879625): drop_caches: 3
[452036.645580] tee (879629): drop_caches: 3
[452041.865320] tee (879634): drop_caches: 3
[452047.009224] tee (879638): drop_caches: 3
[452052.157365] tee (879646): drop_caches: 3
[452057.452030] tee (879650): drop_caches: 3
[452062.765398] tee (879655): drop_caches: 3
[452068.062543] tee (879659): drop_caches: 3
[452073.614105] tee (879666): drop_caches: 3
[452079.642565] tee (879733): drop_caches: 3
[452086.706782] tee (879743): drop_caches: 3
[452092.629331] tee (879772): drop_caches: 3
[452097.901688] tee (879776): drop_caches: 3
[452103.146282] tee (879780): drop_caches: 3
[452108.650724] tee (879784): drop_caches: 3
[452113.899406] tee (879792): drop_caches: 3
[452119.124146] tee (879796): drop_caches: 3
[452124.290531] tee (879800): drop_caches: 3
[452129.604068] tee (879804): drop_caches: 3
[452134.938365] tee (879808): drop_caches: 3
[452140.204164] tee (879812): drop_caches: 3
[452145.396145] tee (879816): drop_caches: 3
[452150.596782] tee (879820): drop_caches: 3
[452155.897702] tee (879824): drop_caches: 3
[452161.172566] tee (879828): drop_caches: 3
[452166.554724] tee (879832): drop_caches: 3
[452171.830748] tee (879840): drop_caches: 3
[452177.101718] tee (879844): drop_caches: 3
[452182.383744] tee (879848): drop_caches: 3
[452187.578852] tee (879852): drop_caches: 3
[452192.773292] tee (879856): drop_caches: 3
[452199.646962] tee (879863): drop_caches: 3
[452205.953865] tee (879878): drop_caches: 3
[452211.307506] tee (879882): drop_caches: 3
[452216.622905] tee (879886): drop_caches: 3
[452221.831157] tee (879891): drop_caches: 3
[452227.073325] tee (879895): drop_caches: 3
[452232.272989] tee (879905): drop_caches: 3
[452237.680926] tee (879909): drop_caches: 3
[452242.855909] tee (879913): drop_caches: 3
[452248.056908] tee (879917): drop_caches: 3
[452253.229222] tee (879921): drop_caches: 3
[452258.355433] tee (879925): drop_caches: 3
[452263.722725] tee (879929): drop_caches: 3
[452268.885740] tee (879933): drop_caches: 3
[452274.051142] tee (879937): drop_caches: 3
[452279.278319] tee (879941): drop_caches: 3
[452284.980859] tee (879945): drop_caches: 3
[452290.194377] tee (879953): drop_caches: 3
[452295.835800] tee (879957): drop_caches: 3
[452302.309280] tee (879995): drop_caches: 3
[452309.443949] tee (880011): drop_caches: 3
[452315.123964] tee (880025): drop_caches: 3
[452321.052819] tee (880031): drop_caches: 3
[452326.747148] tee (880036): drop_caches: 3
[452332.157902] tee (880040): drop_caches: 3
[452337.343622] tee (880044): drop_caches: 3
[452342.499046] tee (880048): drop_caches: 3
[452347.666118] tee (880052): drop_caches: 3
[452352.831414] tee (880060): drop_caches: 3
[452358.113762] tee (880065): drop_caches: 3
[452363.464986] tee (880069): drop_caches: 3
[452368.653740] tee (880073): drop_caches: 3
[452373.576408] tee (880080): drop_caches: 3
[452378.502678] tee (880084): drop_caches: 3
[452383.644984] tee (880088): drop_caches: 3
[452388.948257] tee (880094): drop_caches: 3
[452394.245433] tee (880098): drop_caches: 3
[452399.503510] tee (880102): drop_caches: 3
[452404.661588] tee (880107): drop_caches: 3
[452409.917192] tee (880115): drop_caches: 3
[452415.187314] tee (880119): drop_caches: 3
[452420.508278] tee (880123): drop_caches: 3
[452426.029537] tee (880128): drop_caches: 3
[452431.199208] tee (880132): drop_caches: 3
[452436.398918] tee (880136): drop_caches: 3
[452441.486378] tee (880140): drop_caches: 3
[452446.765252] tee (880145): drop_caches: 3
[452452.333561] tee (880149): drop_caches: 3
[452457.685823] tee (880153): drop_caches: 3
[452463.005277] tee (880157): drop_caches: 3
[452468.140454] tee (880161): drop_caches: 3
[452473.489152] tee (880169): drop_caches: 3
[452478.679052] tee (880173): drop_caches: 3
[452483.988062] tee (880177): drop_caches: 3
[452489.272521] tee (880181): drop_caches: 3
[452494.484462] tee (880185): drop_caches: 3
[452499.720685] tee (880189): drop_caches: 3
[452504.923432] tee (880193): drop_caches: 3
[452510.171073] tee (880197): drop_caches: 3
[452515.444215] tee (880201): drop_caches: 3
[452520.656681] tee (880205): drop_caches: 3
[452526.255603] tee (880209): drop_caches: 3
[452531.478622] tee (880217): drop_caches: 3
[452536.752845] tee (880221): drop_caches: 3
[452542.030650] tee (880225): drop_caches: 3
[452547.308488] tee (880229): drop_caches: 3
[452552.600723] tee (880233): drop_caches: 3
[452558.220402] tee (880237): drop_caches: 3
[452563.452212] tee (880241): drop_caches: 3
[452568.556929] tee (880245): drop_caches: 3
[452573.916019] tee (880249): drop_caches: 3
[452579.279969] tee (880253): drop_caches: 3
[452584.537059] tee (880257): drop_caches: 3
[452590.052188] tee (880265): drop_caches: 3
[452594.994279] tee (880279): drop_caches: 3
[452600.175245] tee (880283): drop_caches: 3
[452605.400523] tee (880293): drop_caches: 3
[452610.918007] tee (880297): drop_caches: 3
[452616.233057] tee (880301): drop_caches: 3
[452622.185095] tee (880307): drop_caches: 3
[452627.325904] tee (880311): drop_caches: 3
[452632.477825] tee (880315): drop_caches: 3
[452637.632390] tee (880319): drop_caches: 3
[452642.676858] tee (880323): drop_caches: 3
[452648.013571] tee (880333): drop_caches: 3
[452653.852467] tee (880341): drop_caches: 3
[452659.247149] tee (880346): drop_caches: 3
[452664.456125] tee (880350): drop_caches: 3
[452669.792661] tee (880355): drop_caches: 3
[452674.847578] tee (880380): drop_caches: 3
[452682.239281] tee (880397): drop_caches: 3
[452689.027783] tee (880432): drop_caches: 3
[452697.288620] tee (880473): drop_caches: 3
[452707.347616] tee (880516): drop_caches: 3
[452716.617699] tee (880593): drop_caches: 3
[452726.289226] tee (880600): drop_caches: 3
[452731.930996] tee (880604): drop_caches: 3
[452737.460051] tee (880608): drop_caches: 3
[452742.667774] tee (880612): drop_caches: 3
[452748.042058] tee (880616): drop_caches: 3
[452753.350062] tee (880620): drop_caches: 3
[452758.730158] tee (880624): drop_caches: 3
[452764.030634] tee (880628): drop_caches: 3
[452769.334297] tee (880632): drop_caches: 3
[452774.620872] tee (880641): drop_caches: 3
[452779.915280] tee (880645): drop_caches: 3
[452785.080800] tee (880649): drop_caches: 3
[452790.326195] tee (880653): drop_caches: 3
[452795.598865] tee (880657): drop_caches: 3
[452800.757992] tee (880661): drop_caches: 3
[452806.205333] tee (880665): drop_caches: 3
[452811.422666] tee (880669): drop_caches: 3
[452816.635468] tee (880673): drop_caches: 3
[452821.916846] tee (880677): drop_caches: 3
[452827.179122] tee (880681): drop_caches: 3
[452832.350587] tee (880689): drop_caches: 3
[452837.896719] tee (880694): drop_caches: 3
[452843.163220] tee (880698): drop_caches: 3
[452848.424831] tee (880702): drop_caches: 3
[452853.741942] tee (880706): drop_caches: 3
[452859.145762] tee (880710): drop_caches: 3
[452864.380619] tee (880714): drop_caches: 3
[452869.859811] tee (880718): drop_caches: 3
[452875.247076] tee (880722): drop_caches: 3
[452880.438621] tee (880727): drop_caches: 3
[452885.583252] tee (880731): drop_caches: 3
[452890.832381] tee (880737): drop_caches: 3
[452896.007380] tee (880743): drop_caches: 3
[452901.397418] tee (880747): drop_caches: 3
[452906.678202] tee (880756): drop_caches: 3
[452911.913449] tee (880760): drop_caches: 3
[452917.122549] tee (880764): drop_caches: 3
[452922.795512] tee (880770): drop_caches: 3
[452930.057885] tee (880804): drop_caches: 3
[452935.294295] tee (880820): drop_caches: 3
[452941.299079] tee (880834): drop_caches: 3
[452947.158428] tee (880838): drop_caches: 3
[452952.737368] tee (880846): drop_caches: 3
[452958.161001] tee (880851): drop_caches: 3
[452963.340826] tee (880855): drop_caches: 3
[452968.496568] tee (880859): drop_caches: 3
[452973.466920] tee (880866): drop_caches: 3
[452978.643744] tee (880870): drop_caches: 3
[452983.860623] tee (880874): drop_caches: 3
[452989.646200] tee (880879): drop_caches: 3
[452994.743033] tee (880883): drop_caches: 3
[452999.990973] tee (880887): drop_caches: 3
[453005.351454] tee (880891): drop_caches: 3
[453010.614818] tee (880896): drop_caches: 3
[453015.899538] tee (880904): drop_caches: 3
[453021.143490] tee (880908): drop_caches: 3
[453026.340742] tee (880912): drop_caches: 3
[453031.729343] tee (880916): drop_caches: 3
[453037.018993] tee (880920): drop_caches: 3
[453042.293971] tee (880924): drop_caches: 3
[453047.597699] tee (880929): drop_caches: 3
[453052.858675] tee (880934): drop_caches: 3
[453057.975984] tee (880938): drop_caches: 3
[453063.339264] tee (880942): drop_caches: 3
[453068.740462] tee (880946): drop_caches: 3
[453073.936180] tee (880954): drop_caches: 3
[453079.521388] tee (880958): drop_caches: 3
[453084.765298] tee (880963): drop_caches: 3
[453089.942731] tee (880967): drop_caches: 3
[453095.136891] tee (880971): drop_caches: 3
[453100.316579] tee (880975): drop_caches: 3
[453105.384039] tee (880980): drop_caches: 3
[453110.524486] tee (880984): drop_caches: 3
[453115.762110] tee (880988): drop_caches: 3
[453120.975660] tee (880992): drop_caches: 3
[453126.271256] tee (880996): drop_caches: 3
[453131.524342] tee (881002): drop_caches: 3
[453136.739565] tee (881008): drop_caches: 3
[453142.155479] tee (881014): drop_caches: 3
[453143.775762] iCAT_SQLITE_RUN_END run=20260917-010049-878411
[453144.756243] EXT4-fs (nvme0n1): unmounting filesystem 4d27e49b-0a6e-4616-8c64-fcc8e1b0a5d2.
[453145.234915] pci_bus 0001:10: busn_res: [bus 10-ff] is released
[453145.234961] NVMeVirt: GC stats: ns=0 policy=cat-fig7-fixed host_pages=33813180 gc_pages=16983549 gc_count=793692 WAF=1.502 warmup_gc=100-per-part
[453145.306661] NVMeVirt: Virtual NVMe device closed
