[514908.267237] NVMeVirt: Version 1.10 for >> Samsung 970 Pro SSD <<
[514908.267244] NVMeVirt: Storage: 0x100100000-0x300000000 (8191 MiB)
[514908.278684] NVMeVirt: Total Capacity(GiB,MiB)=2,2048 chs=2 luns=4 lines=8192 blk-size(MiB,KiB)=0,64 line-size(MiB,KiB)=0,256
[514908.291138] NVMeVirt: [chmodel_init] bandwidth 800 max_credits 26 tx_time 152
[514908.301639] NVMeVirt: [chmodel_init] bandwidth 800 max_credits 26 tx_time 152
[514908.301653] NVMeVirt: [chmodel_init] bandwidth 3360 max_credits 110 tx_time 36
[514908.301656] NVMeVirt: Fixed CAT init ns=0 part=0 arm=55 k=10 scale_pct=200 age_ratio=7
[514908.302537] NVMeVirt: pqueue: Copyright (c) 2014, Volkan Yazıcı <volkan.yazici@gmail.com>. All rights reserved.
[514908.302578] NVMeVirt: Init FTL instance with 2 channels (524288 pages)
[514908.302580] NVMeVirt: GC victim policy: cat-fig7-fixed ns=0 part=0 initial_k=10 initial_scale_pct=200 initial_age_ratio=7 warmup_gc=100
[514908.315778] NVMeVirt: [chmodel_init] bandwidth 800 max_credits 26 tx_time 152
[514908.326684] NVMeVirt: [chmodel_init] bandwidth 800 max_credits 26 tx_time 152
[514908.326698] NVMeVirt: [chmodel_init] bandwidth 3360 max_credits 110 tx_time 36
[514908.326700] NVMeVirt: Fixed CAT init ns=0 part=1 arm=55 k=10 scale_pct=200 age_ratio=7
[514908.327628] NVMeVirt: Init FTL instance with 2 channels (524288 pages)
[514908.327630] NVMeVirt: GC victim policy: cat-fig7-fixed ns=0 part=1 initial_k=10 initial_scale_pct=200 initial_age_ratio=7 warmup_gc=100
[514908.338204] NVMeVirt: [chmodel_init] bandwidth 800 max_credits 26 tx_time 152
[514908.351903] NVMeVirt: [chmodel_init] bandwidth 800 max_credits 26 tx_time 152
[514908.351917] NVMeVirt: [chmodel_init] bandwidth 3360 max_credits 110 tx_time 36
[514908.351919] NVMeVirt: Fixed CAT init ns=0 part=2 arm=55 k=10 scale_pct=200 age_ratio=7
[514908.352918] NVMeVirt: Init FTL instance with 2 channels (524288 pages)
[514908.352920] NVMeVirt: GC victim policy: cat-fig7-fixed ns=0 part=2 initial_k=10 initial_scale_pct=200 initial_age_ratio=7 warmup_gc=100
[514908.363315] NVMeVirt: [chmodel_init] bandwidth 800 max_credits 26 tx_time 152
[514908.373981] NVMeVirt: [chmodel_init] bandwidth 800 max_credits 26 tx_time 152
[514908.374002] NVMeVirt: [chmodel_init] bandwidth 3360 max_credits 110 tx_time 36
[514908.374005] NVMeVirt: Fixed CAT init ns=0 part=3 arm=55 k=10 scale_pct=200 age_ratio=7
[514908.375943] NVMeVirt: Init FTL instance with 2 channels (524288 pages)
[514908.375965] NVMeVirt: GC victim policy: cat-fig7-fixed ns=0 part=3 initial_k=10 initial_scale_pct=200 initial_age_ratio=7 warmup_gc=100
[514908.375976] NVMeVirt: FTL physical space: 8588886016, logical space: 8026996276 (physical/logical * 100 = 107)
[514908.375979] NVMeVirt: ns 0/1: size 7655 MiB
[514908.376069] PCI host bridge to bus 0001:10
[514908.376074] pci_bus 0001:10: root bus resource [io  0x0000-0xffff]
[514908.376078] pci_bus 0001:10: root bus resource [mem 0x00000000-0x7fffffffff]
[514908.376081] pci_bus 0001:10: root bus resource [bus 00-ff]
[514908.376095] pci 0001:10:00.0: [0c51:0110] type 00 class 0x010802 PCIe Endpoint
[514908.376101] pci 0001:10:00.0: BAR 0 [mem 0x100000000-0x100003fff 64bit]
[514908.376105] pci 0001:10:00.0: enabling Extended Tags
[514908.376310] NVMeVirt: Virtual PCI bus created (node 0)
[514908.376728] NVMeVirt: Virtual NVMe device created
[514908.376744] NVMeVirt: nvmev_io_worker_0 started on cpu 2 (node 0)
[514908.376997] nvme nvme0: pci function 0001:10:00.0
[514908.377943] NVMeVirt: nvmev_dispatcher started on cpu 1 (node 0)
[514908.379347] nvme nvme0: 8/0/0 default/read/poll queues
[514909.199240] EXT4-fs (nvme0n1): mounted filesystem 13434414-d26d-4f40-baae-c956e60c896c r/w with ordered data mode. Quota mode: none.
[514909.606798] iCAT_SQLITE_LOAD_START run=20260917-184716-960416
[515113.152187] iCAT_SQLITE_LOAD_END run=20260917-184716-960416
[515113.880704] tee (960670): drop_caches: 3
[515115.370940] iCAT_SQLITE_RUN_START run=20260917-184716-960416
[515117.329812] tee (960715): drop_caches: 3
[515123.580480] tee (960733): drop_caches: 3
[515128.546170] tee (960738): drop_caches: 3
[515133.483412] tee (960742): drop_caches: 3
[515138.408646] tee (960747): drop_caches: 3
[515143.513341] tee (960751): drop_caches: 3
[515148.502435] tee (960756): drop_caches: 3
[515153.496717] tee (960760): drop_caches: 3
[515158.618116] tee (960768): drop_caches: 3
[515163.613540] tee (960772): drop_caches: 3
[515168.656587] tee (960776): drop_caches: 3
[515173.726279] tee (960780): drop_caches: 3
[515178.788930] tee (960784): drop_caches: 3
[515184.030985] tee (960788): drop_caches: 3
[515189.008693] tee (960792): drop_caches: 3
[515194.077611] tee (960796): drop_caches: 3
[515199.091223] tee (960800): drop_caches: 3
[515204.206152] tee (960804): drop_caches: 3
[515209.388546] tee (960809): drop_caches: 3
[515215.997482] tee (960832): drop_caches: 3
[515222.002939] tee (960840): drop_caches: 3
[515227.039341] tee (960845): drop_caches: 3
[515231.994034] tee (960849): drop_caches: 3
[515237.089730] tee (960855): drop_caches: 3
[515242.021981] tee (960859): drop_caches: 3
[515246.997032] tee (960863): drop_caches: 3
[515252.116836] tee (960868): drop_caches: 3
[515257.050950] tee (960872): drop_caches: 3
[515262.004935] tee (960876): drop_caches: 3
[515266.975153] tee (960880): drop_caches: 3
[515272.129411] tee (960884): drop_caches: 3
[515277.108344] tee (960892): drop_caches: 3
[515282.055392] tee (960897): drop_caches: 3
[515287.003719] tee (960901): drop_caches: 3
[515292.003175] tee (960905): drop_caches: 3
[515297.088231] tee (960909): drop_caches: 3
[515302.247276] tee (960920): drop_caches: 3
[515307.228837] tee (960924): drop_caches: 3
[515313.529073] tee (960936): drop_caches: 3
[515319.837275] tee (960944): drop_caches: 3
[515324.957075] tee (960948): drop_caches: 3
[515330.174541] tee (960952): drop_caches: 3
[515335.426040] tee (960963): drop_caches: 3
[515340.667559] tee (960967): drop_caches: 3
[515345.808342] tee (960972): drop_caches: 3
[515351.057355] tee (960976): drop_caches: 3
[515356.117938] tee (960980): drop_caches: 3
[515361.251694] tee (960984): drop_caches: 3
[515366.251862] tee (960988): drop_caches: 3
[515371.341456] tee (960992): drop_caches: 3
[515376.197394] tee (961000): drop_caches: 3
[515381.476054] tee (961004): drop_caches: 3
[515386.540357] tee (961008): drop_caches: 3
[515391.612993] tee (961014): drop_caches: 3
[515396.656111] tee (961022): drop_caches: 3
[515401.725541] tee (961026): drop_caches: 3
[515406.765057] tee (961030): drop_caches: 3
[515411.972674] tee (961034): drop_caches: 3
[515417.065834] tee (961038): drop_caches: 3
[515422.233362] tee (961042): drop_caches: 3
[515427.344937] tee (961047): drop_caches: 3
[515432.404001] tee (961051): drop_caches: 3
[515437.427949] tee (961055): drop_caches: 3
[515442.410910] tee (961059): drop_caches: 3
[515447.468209] tee (961064): drop_caches: 3
[515452.660232] tee (961068): drop_caches: 3
[515457.702018] tee (961076): drop_caches: 3
[515462.678429] tee (961080): drop_caches: 3
[515467.750175] tee (961084): drop_caches: 3
[515472.837732] tee (961089): drop_caches: 3
[515477.943173] tee (961093): drop_caches: 3
[515483.052028] tee (961097): drop_caches: 3
[515488.091676] tee (961101): drop_caches: 3
[515493.123712] tee (961105): drop_caches: 3
[515498.110999] tee (961109): drop_caches: 3
[515503.421959] tee (961113): drop_caches: 3
[515508.571623] tee (961117): drop_caches: 3
[515513.774967] tee (961121): drop_caches: 3
[515518.814942] tee (961129): drop_caches: 3
[515523.909451] tee (961133): drop_caches: 3
[515528.986421] tee (961137): drop_caches: 3
[515534.094891] tee (961142): drop_caches: 3
[515539.215533] tee (961146): drop_caches: 3
[515544.494201] tee (961150): drop_caches: 3
[515549.510264] tee (961154): drop_caches: 3
[515554.653309] tee (961158): drop_caches: 3
[515559.804003] tee (961162): drop_caches: 3
[515564.867201] tee (961166): drop_caches: 3
[515569.904260] tee (961171): drop_caches: 3
[515575.044226] tee (961176): drop_caches: 3
[515580.090211] tee (961184): drop_caches: 3
[515585.092850] tee (961188): drop_caches: 3
[515590.127437] tee (961192): drop_caches: 3
[515595.275339] tee (961196): drop_caches: 3
[515600.942412] tee (961207): drop_caches: 3
[515606.185726] tee (961219): drop_caches: 3
[515611.279332] tee (961223): drop_caches: 3
[515616.312464] tee (961227): drop_caches: 3
[515621.303820] tee (961231): drop_caches: 3
[515626.467546] tee (961235): drop_caches: 3
[515631.464982] tee (961239): drop_caches: 3
[515636.615182] tee (961247): drop_caches: 3
[515641.694033] tee (961251): drop_caches: 3
[515646.724500] tee (961255): drop_caches: 3
[515651.781218] tee (961259): drop_caches: 3
[515656.869901] tee (961263): drop_caches: 3
[515661.885696] tee (961267): drop_caches: 3
[515666.965511] tee (961271): drop_caches: 3
[515671.982796] tee (961275): drop_caches: 3
[515676.907328] tee (961306): drop_caches: 3
[515684.736665] tee (961347): drop_caches: 3
[515692.983823] tee (961389): drop_caches: 3
[515705.008950] tee (961477): drop_caches: 3
[515712.586752] tee (961508): drop_caches: 3
[515718.150257] tee (961514): drop_caches: 3
[515723.365925] tee (961518): drop_caches: 3
[515728.439449] tee (961522): drop_caches: 3
[515733.416097] tee (961526): drop_caches: 3
[515738.534161] tee (961531): drop_caches: 3
[515743.660562] tee (961535): drop_caches: 3
[515748.612179] tee (961539): drop_caches: 3
[515753.714933] tee (961545): drop_caches: 3
[515758.754632] tee (961553): drop_caches: 3
[515763.795874] tee (961557): drop_caches: 3
[515768.848901] tee (961561): drop_caches: 3
[515773.898834] tee (961565): drop_caches: 3
[515778.935795] tee (961569): drop_caches: 3
[515784.183462] tee (961573): drop_caches: 3
[515789.363229] tee (961578): drop_caches: 3
[515794.307773] tee (961582): drop_caches: 3
[515799.357697] tee (961586): drop_caches: 3
[515804.393236] tee (961590): drop_caches: 3
[515810.856994] tee (961600): drop_caches: 3
[515816.183199] tee (961608): drop_caches: 3
[515821.277358] tee (961612): drop_caches: 3
[515826.272161] tee (961616): drop_caches: 3
[515831.439465] tee (961622): drop_caches: 3
[515836.437729] tee (961626): drop_caches: 3
[515841.514524] tee (961630): drop_caches: 3
[515846.631015] tee (961634): drop_caches: 3
[515851.902698] tee (961638): drop_caches: 3
[515856.957778] tee (961642): drop_caches: 3
[515862.132652] tee (961646): drop_caches: 3
[515867.128304] tee (961650): drop_caches: 3
[515872.265114] tee (961654): drop_caches: 3
[515877.301778] tee (961662): drop_caches: 3
[515882.302460] tee (961667): drop_caches: 3
[515887.298386] tee (961671): drop_caches: 3
[515892.487229] tee (961675): drop_caches: 3
[515897.453352] tee (961679): drop_caches: 3
[515902.415367] tee (961684): drop_caches: 3
[515907.511985] tee (961693): drop_caches: 3
[515912.482922] tee (961698): drop_caches: 3
[515917.426846] tee (961702): drop_caches: 3
[515922.458687] tee (961706): drop_caches: 3
[515927.519197] tee (961710): drop_caches: 3
[515932.598201] tee (961715): drop_caches: 3
[515937.825398] tee (961723): drop_caches: 3
[515944.656386] tee (961756): drop_caches: 3
[515950.249966] tee (961778): drop_caches: 3
[515955.618855] tee (961786): drop_caches: 3
[515961.005798] tee (961790): drop_caches: 3
[515966.499415] tee (961794): drop_caches: 3
[515971.864015] tee (961800): drop_caches: 3
[515976.538180] tee (961807): drop_caches: 3
[515981.311360] tee (961811): drop_caches: 3
[515986.328586] tee (961815): drop_caches: 3
[515991.374983] tee (961821): drop_caches: 3
[515996.480707] tee (961829): drop_caches: 3
[516001.464165] tee (961833): drop_caches: 3
[516006.477933] tee (961837): drop_caches: 3
[516011.521944] tee (961841): drop_caches: 3
[516016.509491] tee (961845): drop_caches: 3
[516021.661205] tee (961849): drop_caches: 3
[516026.673492] tee (961855): drop_caches: 3
[516031.700292] tee (961859): drop_caches: 3
[516036.720437] tee (961863): drop_caches: 3
[516041.751831] tee (961868): drop_caches: 3
[516046.919812] tee (961872): drop_caches: 3
[516052.049646] tee (961877): drop_caches: 3
[516057.074432] tee (961885): drop_caches: 3
[516062.107165] tee (961889): drop_caches: 3
[516067.108280] tee (961893): drop_caches: 3
[516072.032671] tee (961897): drop_caches: 3
[516077.136808] tee (961901): drop_caches: 3
[516082.115919] tee (961905): drop_caches: 3
[516087.101174] tee (961909): drop_caches: 3
[516092.147602] tee (961913): drop_caches: 3
[516097.221561] tee (961917): drop_caches: 3
[516102.254641] tee (961921): drop_caches: 3
[516107.336191] tee (961925): drop_caches: 3
[516112.260636] tee (961929): drop_caches: 3
[516117.182245] tee (961937): drop_caches: 3
[516122.153501] tee (961941): drop_caches: 3
[516127.211796] tee (961945): drop_caches: 3
[516132.298205] tee (961949): drop_caches: 3
[516137.598335] tee (961953): drop_caches: 3
[516142.683221] tee (961957): drop_caches: 3
[516148.302823] tee (961962): drop_caches: 3
[516153.675252] tee (961973): drop_caches: 3
[516158.721779] tee (961977): drop_caches: 3
[516163.815276] tee (961981): drop_caches: 3
[516169.035483] tee (961985): drop_caches: 3
[516174.024063] tee (961989): drop_caches: 3
[516179.228536] tee (961997): drop_caches: 3
[516184.237819] tee (962001): drop_caches: 3
[516189.281656] tee (962006): drop_caches: 3
[516194.440440] tee (962010): drop_caches: 3
[516199.621002] tee (962014): drop_caches: 3
[516204.595037] tee (962024): drop_caches: 3
[516209.644550] tee (962028): drop_caches: 3
[516214.627381] tee (962032): drop_caches: 3
[516219.713660] tee (962036): drop_caches: 3
[516224.767312] tee (962041): drop_caches: 3
[516229.868459] tee (962045): drop_caches: 3
[516235.138953] tee (962049): drop_caches: 3
[516240.167385] tee (962057): drop_caches: 3
[516245.286597] tee (962061): drop_caches: 3
[516250.343182] tee (962065): drop_caches: 3
[516255.508805] tee (962069): drop_caches: 3
[516260.623732] tee (962073): drop_caches: 3
[516265.600948] tee (962077): drop_caches: 3
[516270.610560] tee (962081): drop_caches: 3
[516275.538294] tee (962129): drop_caches: 3
[516282.125596] tee (962158): drop_caches: 3
[516288.060900] tee (962191): drop_caches: 3
[516293.205332] tee (962199): drop_caches: 3
[516298.322151] tee (962207): drop_caches: 3
[516303.356926] tee (962212): drop_caches: 3
[516308.504108] tee (962216): drop_caches: 3
[516313.585375] tee (962220): drop_caches: 3
[516318.735976] tee (962224): drop_caches: 3
[516323.931013] tee (962228): drop_caches: 3
[516329.125062] tee (962232): drop_caches: 3
[516334.176858] tee (962236): drop_caches: 3
[516339.293600] tee (962240): drop_caches: 3
[516344.249652] tee (962244): drop_caches: 3
[516349.214858] tee (962248): drop_caches: 3
[516354.213716] tee (962252): drop_caches: 3
[516359.197852] tee (962260): drop_caches: 3
[516364.272417] tee (962264): drop_caches: 3
[516369.255097] tee (962268): drop_caches: 3
[516374.193211] tee (962272): drop_caches: 3
[516379.237877] tee (962276): drop_caches: 3
[516384.188626] tee (962280): drop_caches: 3
[516389.123469] tee (962284): drop_caches: 3
[516394.048294] tee (962288): drop_caches: 3
[516399.089927] tee (962292): drop_caches: 3
[516404.120088] tee (962297): drop_caches: 3
[516409.082320] tee (962301): drop_caches: 3
[516414.102059] tee (962305): drop_caches: 3
[516419.226177] tee (962313): drop_caches: 3
[516424.373733] tee (962317): drop_caches: 3
[516429.446627] tee (962321): drop_caches: 3
[516434.641192] tee (962325): drop_caches: 3
[516439.726453] tee (962329): drop_caches: 3
[516444.768278] tee (962333): drop_caches: 3
[516449.845544] tee (962337): drop_caches: 3
[516454.854658] tee (962341): drop_caches: 3
[516459.858702] tee (962345): drop_caches: 3
[516464.939682] tee (962349): drop_caches: 3
[516469.966327] tee (962353): drop_caches: 3
[516474.954649] tee (962357): drop_caches: 3
[516479.917516] tee (962365): drop_caches: 3
[516484.996825] tee (962369): drop_caches: 3
[516490.063274] tee (962373): drop_caches: 3
[516495.098117] tee (962377): drop_caches: 3
[516500.240614] tee (962381): drop_caches: 3
[516505.259883] tee (962390): drop_caches: 3
[516510.221404] tee (962394): drop_caches: 3
[516515.241000] tee (962398): drop_caches: 3
[516520.315222] tee (962402): drop_caches: 3
[516525.385112] tee (962406): drop_caches: 3
[516530.411614] tee (962410): drop_caches: 3
[516535.519718] tee (962414): drop_caches: 3
[516540.528164] tee (962422): drop_caches: 3
[516545.504954] tee (962426): drop_caches: 3
[516550.593711] tee (962430): drop_caches: 3
[516555.763229] tee (962434): drop_caches: 3
[516560.791285] tee (962438): drop_caches: 3
[516565.962754] tee (962442): drop_caches: 3
[516571.047356] tee (962446): drop_caches: 3
[516575.762245] tee (962453): drop_caches: 3
[516580.522322] tee (962457): drop_caches: 3
[516585.421888] tee (962461): drop_caches: 3
[516590.441531] tee (962465): drop_caches: 3
[516595.586370] tee (962471): drop_caches: 3
[516600.636296] tee (962479): drop_caches: 3
[516605.729918] tee (962483): drop_caches: 3
[516610.791635] tee (962487): drop_caches: 3
[516615.847312] tee (962491): drop_caches: 3
[516620.883754] tee (962495): drop_caches: 3
[516626.104353] tee (962500): drop_caches: 3
[516631.200215] tee (962504): drop_caches: 3
[516636.101458] tee (962508): drop_caches: 3
[516641.114234] tee (962512): drop_caches: 3
[516646.032119] tee (962516): drop_caches: 3
[516651.046424] tee (962521): drop_caches: 3
[516656.032321] tee (962525): drop_caches: 3
[516660.985848] tee (962534): drop_caches: 3
[516665.942076] tee (962543): drop_caches: 3
[516671.009100] tee (962547): drop_caches: 3
[516676.012857] tee (962553): drop_caches: 3
[516680.983336] tee (962557): drop_caches: 3
[516685.973935] tee (962561): drop_caches: 3
[516690.956410] tee (962565): drop_caches: 3
[516695.865087] tee (962580): drop_caches: 3
[516701.572033] tee (962591): drop_caches: 3
[516707.350154] tee (962595): drop_caches: 3
[516713.990967] tee (962599): drop_caches: 3
[516720.175806] tee (962607): drop_caches: 3
[516726.134391] tee (962611): drop_caches: 3
[516732.100321] tee (962615): drop_caches: 3
[516738.057215] tee (962619): drop_caches: 3
[516744.329451] tee (962623): drop_caches: 3
[516749.790834] tee (962631): drop_caches: 3
[516755.679884] tee (962635): drop_caches: 3
[516761.788808] tee (962639): drop_caches: 3
[516767.899684] tee (962643): drop_caches: 3
[516773.875076] tee (962648): drop_caches: 3
[516779.730179] tee (962656): drop_caches: 3
[516785.329187] tee (962661): drop_caches: 3
[516790.315252] tee (962665): drop_caches: 3
[516795.291816] tee (962669): drop_caches: 3
[516800.314990] tee (962673): drop_caches: 3
[516805.445335] tee (962683): drop_caches: 3
[516810.497204] tee (962688): drop_caches: 3
[516815.515356] tee (962693): drop_caches: 3
[516820.670701] tee (962697): drop_caches: 3
[516825.714231] tee (962701): drop_caches: 3
[516830.712104] tee (962705): drop_caches: 3
[516835.766386] tee (962709): drop_caches: 3
[516840.740637] tee (962717): drop_caches: 3
[516845.828651] tee (962721): drop_caches: 3
[516850.842179] tee (962725): drop_caches: 3
[516855.911599] tee (962729): drop_caches: 3
[516860.985094] tee (962733): drop_caches: 3
[516866.199282] tee (962737): drop_caches: 3
[516871.248658] tee (962741): drop_caches: 3
[516876.125380] tee (962788): drop_caches: 3
[516882.655556] tee (962815): drop_caches: 3
[516888.579441] tee (962849): drop_caches: 3
[516893.754591] tee (962857): drop_caches: 3
[516898.839730] tee (962865): drop_caches: 3
[516903.888207] tee (962869): drop_caches: 3
[516908.990980] tee (962873): drop_caches: 3
[516914.038118] tee (962877): drop_caches: 3
[516919.062211] tee (962881): drop_caches: 3
[516924.196048] tee (962885): drop_caches: 3
[516929.216977] tee (962890): drop_caches: 3
[516934.236762] tee (962895): drop_caches: 3
[516939.240569] tee (962899): drop_caches: 3
[516944.211926] tee (962903): drop_caches: 3
[516949.292549] tee (962907): drop_caches: 3
[516954.517873] tee (962912): drop_caches: 3
[516959.606026] tee (962920): drop_caches: 3
[516964.722423] tee (962925): drop_caches: 3
[516969.739093] tee (962929): drop_caches: 3
[516974.858778] tee (962933): drop_caches: 3
[516980.095563] tee (962937): drop_caches: 3
[516985.211131] tee (962941): drop_caches: 3
[516990.304369] tee (962945): drop_caches: 3
[516995.408510] tee (962949): drop_caches: 3
[517000.479512] tee (962953): drop_caches: 3
[517005.445701] tee (962957): drop_caches: 3
[517010.671742] tee (962961): drop_caches: 3
[517016.228118] tee (962977): drop_caches: 3
[517022.173479] tee (962987): drop_caches: 3
[517027.271095] tee (962991): drop_caches: 3
[517032.326959] tee (962995): drop_caches: 3
[517037.410625] tee (963000): drop_caches: 3
[517042.488455] tee (963004): drop_caches: 3
[517047.506078] tee (963008): drop_caches: 3
[517052.762750] tee (963014): drop_caches: 3
[517057.833102] tee (963018): drop_caches: 3
[517062.843951] tee (963022): drop_caches: 3
[517067.777373] tee (963026): drop_caches: 3
[517072.914705] tee (963030): drop_caches: 3
[517077.908089] tee (963039): drop_caches: 3
[517082.879320] tee (963043): drop_caches: 3
[517088.583354] tee (963049): drop_caches: 3
[517093.682705] tee (963053): drop_caches: 3
[517098.749255] tee (963057): drop_caches: 3
[517103.878910] tee (963067): drop_caches: 3
[517108.973156] tee (963071): drop_caches: 3
[517115.547572] tee (963105): drop_caches: 3
[517123.180601] tee (963117): drop_caches: 3
[517128.612500] tee (963135): drop_caches: 3
[517134.243441] tee (963139): drop_caches: 3
[517139.476399] tee (963147): drop_caches: 3
[517144.699165] tee (963151): drop_caches: 3
[517149.907012] tee (963155): drop_caches: 3
[517154.997488] tee (963160): drop_caches: 3
[517160.096788] tee (963164): drop_caches: 3
[517165.292567] tee (963168): drop_caches: 3
[517170.390122] tee (963172): drop_caches: 3
[517175.135370] tee (963180): drop_caches: 3
[517179.807270] tee (963184): drop_caches: 3
[517184.767486] tee (963188): drop_caches: 3
[517189.706477] tee (963192): drop_caches: 3
[517194.785635] tee (963198): drop_caches: 3
[517199.895451] tee (963206): drop_caches: 3
[517204.898071] tee (963210): drop_caches: 3
[517209.884057] tee (963214): drop_caches: 3
[517214.952947] tee (963218): drop_caches: 3
[517219.933972] tee (963222): drop_caches: 3
[517224.989423] tee (963226): drop_caches: 3
[517229.992292] tee (963230): drop_caches: 3
[517235.344364] tee (963236): drop_caches: 3
[517236.845630] iCAT_SQLITE_RUN_END run=20260917-184716-960416
[517237.626287] EXT4-fs (nvme0n1): unmounting filesystem 13434414-d26d-4f40-baae-c956e60c896c.
[517238.021332] pci_bus 0001:10: busn_res: [bus 10-ff] is released
[517238.021378] NVMeVirt: GC stats: ns=0 policy=cat-fig7-fixed host_pages=34015170 gc_pages=11278125 gc_count=707701 WAF=1.331 warmup_gc=100-per-part
[517238.092533] NVMeVirt: Virtual NVMe device closed
