[480122.038745] NVMeVirt: Version 1.10 for >> Samsung 970 Pro SSD <<
[480122.038752] NVMeVirt: Storage: 0x100100000-0x300000000 (8191 MiB)
[480122.049161] NVMeVirt: Total Capacity(GiB,MiB)=2,2048 chs=2 luns=4 lines=8192 blk-size(MiB,KiB)=0,64 line-size(MiB,KiB)=0,256
[480122.059851] NVMeVirt: [chmodel_init] bandwidth 800 max_credits 26 tx_time 152
[480122.069938] NVMeVirt: [chmodel_init] bandwidth 800 max_credits 26 tx_time 152
[480122.069952] NVMeVirt: [chmodel_init] bandwidth 3360 max_credits 110 tx_time 36
[480122.069954] NVMeVirt: Fixed CAT init ns=0 part=0 arm=40 k=7 scale_pct=200 age_ratio=7
[480122.071219] NVMeVirt: pqueue: Copyright (c) 2014, Volkan Yazıcı <volkan.yazici@gmail.com>. All rights reserved.
[480122.071257] NVMeVirt: Init FTL instance with 2 channels (524288 pages)
[480122.071259] NVMeVirt: GC victim policy: cat-fig7-fixed ns=0 part=0 initial_k=7 initial_scale_pct=200 initial_age_ratio=7 warmup_gc=100
[480122.081509] NVMeVirt: [chmodel_init] bandwidth 800 max_credits 26 tx_time 152
[480122.091481] NVMeVirt: [chmodel_init] bandwidth 800 max_credits 26 tx_time 152
[480122.091495] NVMeVirt: [chmodel_init] bandwidth 3360 max_credits 110 tx_time 36
[480122.091497] NVMeVirt: Fixed CAT init ns=0 part=1 arm=40 k=7 scale_pct=200 age_ratio=7
[480122.092853] NVMeVirt: Init FTL instance with 2 channels (524288 pages)
[480122.092857] NVMeVirt: GC victim policy: cat-fig7-fixed ns=0 part=1 initial_k=7 initial_scale_pct=200 initial_age_ratio=7 warmup_gc=100
[480122.102978] NVMeVirt: [chmodel_init] bandwidth 800 max_credits 26 tx_time 152
[480122.112942] NVMeVirt: [chmodel_init] bandwidth 800 max_credits 26 tx_time 152
[480122.112955] NVMeVirt: [chmodel_init] bandwidth 3360 max_credits 110 tx_time 36
[480122.112957] NVMeVirt: Fixed CAT init ns=0 part=2 arm=40 k=7 scale_pct=200 age_ratio=7
[480122.114200] NVMeVirt: Init FTL instance with 2 channels (524288 pages)
[480122.114203] NVMeVirt: GC victim policy: cat-fig7-fixed ns=0 part=2 initial_k=7 initial_scale_pct=200 initial_age_ratio=7 warmup_gc=100
[480122.124604] NVMeVirt: [chmodel_init] bandwidth 800 max_credits 26 tx_time 152
[480122.134662] NVMeVirt: [chmodel_init] bandwidth 800 max_credits 26 tx_time 152
[480122.134676] NVMeVirt: [chmodel_init] bandwidth 3360 max_credits 110 tx_time 36
[480122.134678] NVMeVirt: Fixed CAT init ns=0 part=3 arm=40 k=7 scale_pct=200 age_ratio=7
[480122.135934] NVMeVirt: Init FTL instance with 2 channels (524288 pages)
[480122.135936] NVMeVirt: GC victim policy: cat-fig7-fixed ns=0 part=3 initial_k=7 initial_scale_pct=200 initial_age_ratio=7 warmup_gc=100
[480122.135942] NVMeVirt: FTL physical space: 8588886016, logical space: 8026996276 (physical/logical * 100 = 107)
[480122.135944] NVMeVirt: ns 0/1: size 7655 MiB
[480122.135991] PCI host bridge to bus 0001:10
[480122.135993] pci_bus 0001:10: root bus resource [io  0x0000-0xffff]
[480122.135996] pci_bus 0001:10: root bus resource [mem 0x00000000-0x7fffffffff]
[480122.136012] pci_bus 0001:10: root bus resource [bus 00-ff]
[480122.136020] pci 0001:10:00.0: [0c51:0110] type 00 class 0x010802 PCIe Endpoint
[480122.136025] pci 0001:10:00.0: BAR 0 [mem 0x100000000-0x100003fff 64bit]
[480122.136027] pci 0001:10:00.0: enabling Extended Tags
[480122.136148] NVMeVirt: Virtual PCI bus created (node 0)
[480122.136414] NVMeVirt: nvmev_io_worker_0 started on cpu 2 (node 0)
[480122.136435] NVMeVirt: nvmev_dispatcher started on cpu 1 (node 0)
[480122.136472] NVMeVirt: Virtual NVMe device created
[480122.138356] nvme nvme0: pci function 0001:10:00.0
[480122.142195] nvme nvme0: 8/0/0 default/read/poll queues
[480122.893889] EXT4-fs (nvme0n1): mounted filesystem e50d0241-e277-4732-9f96-c426621440ca r/w with ordered data mode. Quota mode: none.
[480123.268000] iCAT_SQLITE_LOAD_START run=20260917-090730-915628
[480299.634044] iCAT_SQLITE_LOAD_END run=20260917-090730-915628
[480300.395533] tee (915904): drop_caches: 3
[480301.699249] iCAT_SQLITE_RUN_START run=20260917-090730-915628
[480303.866339] tee (915954): drop_caches: 3
[480309.319798] tee (915968): drop_caches: 3
[480314.395006] tee (915972): drop_caches: 3
[480319.471023] tee (915976): drop_caches: 3
[480324.505530] tee (915980): drop_caches: 3
[480329.529517] tee (915984): drop_caches: 3
[480334.676005] tee (915988): drop_caches: 3
[480339.732055] tee (915992): drop_caches: 3
[480344.687663] tee (915996): drop_caches: 3
[480349.634596] tee (916000): drop_caches: 3
[480354.676603] tee (916004): drop_caches: 3
[480359.666477] tee (916012): drop_caches: 3
[480364.746439] tee (916017): drop_caches: 3
[480369.753931] tee (916021): drop_caches: 3
[480374.869093] tee (916026): drop_caches: 3
[480379.793933] tee (916030): drop_caches: 3
[480384.955747] tee (916034): drop_caches: 3
[480390.020893] tee (916038): drop_caches: 3
[480395.171831] tee (916042): drop_caches: 3
[480400.212086] tee (916046): drop_caches: 3
[480405.149825] tee (916050): drop_caches: 3
[480410.281061] tee (916054): drop_caches: 3
[480415.334119] tee (916058): drop_caches: 3
[480420.419717] tee (916067): drop_caches: 3
[480425.540225] tee (916071): drop_caches: 3
[480430.533127] tee (916081): drop_caches: 3
[480435.619467] tee (916085): drop_caches: 3
[480440.747320] tee (916089): drop_caches: 3
[480445.854735] tee (916093): drop_caches: 3
[480450.934204] tee (916097): drop_caches: 3
[480456.037910] tee (916101): drop_caches: 3
[480461.037004] tee (916105): drop_caches: 3
[480466.112002] tee (916109): drop_caches: 3
[480471.227816] tee (916113): drop_caches: 3
[480476.419123] tee (916117): drop_caches: 3
[480481.559200] tee (916125): drop_caches: 3
[480486.653722] tee (916130): drop_caches: 3
[480491.660755] tee (916134): drop_caches: 3
[480496.708114] tee (916138): drop_caches: 3
[480501.776969] tee (916147): drop_caches: 3
[480506.907590] tee (916151): drop_caches: 3
[480511.855757] tee (916155): drop_caches: 3
[480517.033080] tee (916159): drop_caches: 3
[480522.073901] tee (916163): drop_caches: 3
[480527.243172] tee (916167): drop_caches: 3
[480532.423621] tee (916171): drop_caches: 3
[480537.546809] tee (916176): drop_caches: 3
[480542.653283] tee (916184): drop_caches: 3
[480547.848387] tee (916189): drop_caches: 3
[480552.886205] tee (916193): drop_caches: 3
[480557.915601] tee (916197): drop_caches: 3
[480563.049455] tee (916201): drop_caches: 3
[480568.160057] tee (916205): drop_caches: 3
[480573.520076] tee (916214): drop_caches: 3
[480578.360915] tee (916218): drop_caches: 3
[480583.353964] tee (916222): drop_caches: 3
[480588.331781] tee (916226): drop_caches: 3
[480593.332853] tee (916230): drop_caches: 3
[480598.345378] tee (916234): drop_caches: 3
[480603.379319] tee (916242): drop_caches: 3
[480608.394290] tee (916246): drop_caches: 3
[480613.529261] tee (916250): drop_caches: 3
[480618.616223] tee (916254): drop_caches: 3
[480623.630817] tee (916258): drop_caches: 3
[480628.690538] tee (916262): drop_caches: 3
[480633.715115] tee (916266): drop_caches: 3
[480638.853155] tee (916270): drop_caches: 3
[480643.857068] tee (916274): drop_caches: 3
[480649.042326] tee (916279): drop_caches: 3
[480654.230011] tee (916284): drop_caches: 3
[480659.410218] tee (916293): drop_caches: 3
[480664.507621] tee (916297): drop_caches: 3
[480669.585560] tee (916301): drop_caches: 3
[480674.595435] tee (916305): drop_caches: 3
[480679.621949] tee (916309): drop_caches: 3
[480684.624434] tee (916313): drop_caches: 3
[480689.565314] tee (916317): drop_caches: 3
[480694.516836] tee (916332): drop_caches: 3
[480700.760230] tee (916344): drop_caches: 3
[480706.565997] tee (916348): drop_caches: 3
[480713.264933] tee (916352): drop_caches: 3
[480719.968395] tee (916360): drop_caches: 3
[480725.792463] tee (916365): drop_caches: 3
[480732.039329] tee (916369): drop_caches: 3
[480738.007529] tee (916373): drop_caches: 3
[480745.048830] tee (916380): drop_caches: 3
[480750.597925] tee (916385): drop_caches: 3
[480757.077233] tee (916390): drop_caches: 3
[480763.132775] tee (916394): drop_caches: 3
[480769.091210] tee (916398): drop_caches: 3
[480775.275374] tee (916402): drop_caches: 3
[480781.657862] tee (916412): drop_caches: 3
[480786.939813] tee (916416): drop_caches: 3
[480792.072249] tee (916420): drop_caches: 3
[480797.348996] tee (916424): drop_caches: 3
[480802.519371] tee (916434): drop_caches: 3
[480807.755426] tee (916438): drop_caches: 3
[480812.899843] tee (916442): drop_caches: 3
[480818.082463] tee (916446): drop_caches: 3
[480823.155737] tee (916450): drop_caches: 3
[480828.278812] tee (916454): drop_caches: 3
[480833.271850] tee (916458): drop_caches: 3
[480838.453311] tee (916462): drop_caches: 3
[480843.493931] tee (916470): drop_caches: 3
[480848.545877] tee (916474): drop_caches: 3
[480853.565660] tee (916478): drop_caches: 3
[480858.654956] tee (916482): drop_caches: 3
[480863.662313] tee (916486): drop_caches: 3
[480868.721456] tee (916490): drop_caches: 3
[480875.001201] tee (916515): drop_caches: 3
[480881.052487] tee (916569): drop_caches: 3
[480887.272343] tee (916578): drop_caches: 3
[480892.570166] tee (916608): drop_caches: 3
[480897.679051] tee (916612): drop_caches: 3
[480902.780975] tee (916620): drop_caches: 3
[480907.835720] tee (916625): drop_caches: 3
[480912.988603] tee (916629): drop_caches: 3
[480918.118444] tee (916633): drop_caches: 3
[480923.185110] tee (916637): drop_caches: 3
[480928.201506] tee (916641): drop_caches: 3
[480933.544744] tee (916645): drop_caches: 3
[480938.737458] tee (916649): drop_caches: 3
[480943.836799] tee (916653): drop_caches: 3
[480948.851562] tee (916657): drop_caches: 3
[480953.921255] tee (916661): drop_caches: 3
[480958.993625] tee (916665): drop_caches: 3
[480964.736754] tee (916674): drop_caches: 3
[480969.786505] tee (916678): drop_caches: 3
[480974.790961] tee (916682): drop_caches: 3
[480979.877862] tee (916686): drop_caches: 3
[480985.007160] tee (916690): drop_caches: 3
[480990.258819] tee (916694): drop_caches: 3
[480995.588573] tee (916698): drop_caches: 3
[481000.574339] tee (916702): drop_caches: 3
[481007.164810] tee (916714): drop_caches: 3
[481013.097136] tee (916724): drop_caches: 3
[481018.291479] tee (916728): drop_caches: 3
[481023.474533] tee (916736): drop_caches: 3
[481028.539600] tee (916741): drop_caches: 3
[481033.611593] tee (916745): drop_caches: 3
[481038.599632] tee (916751): drop_caches: 3
[481043.716322] tee (916757): drop_caches: 3
[481048.740706] tee (916761): drop_caches: 3
[481053.812131] tee (916765): drop_caches: 3
[481059.007419] tee (916769): drop_caches: 3
[481064.193259] tee (916773): drop_caches: 3
[481069.145419] tee (916777): drop_caches: 3
[481074.059346] tee (916781): drop_caches: 3
[481079.084070] tee (916785): drop_caches: 3
[481084.060206] tee (916793): drop_caches: 3
[481089.119918] tee (916797): drop_caches: 3
[481094.235195] tee (916801): drop_caches: 3
[481099.181759] tee (916805): drop_caches: 3
[481104.604421] tee (916828): drop_caches: 3
[481110.240748] tee (916846): drop_caches: 3
[481115.371084] tee (916850): drop_caches: 3
[481120.501467] tee (916854): drop_caches: 3
[481125.615637] tee (916859): drop_caches: 3
[481130.735188] tee (916863): drop_caches: 3
[481135.723472] tee (916867): drop_caches: 3
[481140.835843] tee (916877): drop_caches: 3
[481145.829990] tee (916881): drop_caches: 3
[481150.908464] tee (916885): drop_caches: 3
[481156.614329] tee (916905): drop_caches: 3
[481162.272691] tee (916919): drop_caches: 3
[481167.447044] tee (916923): drop_caches: 3
[481172.744675] tee (916931): drop_caches: 3
[481177.952829] tee (916938): drop_caches: 3
[481182.998929] tee (916942): drop_caches: 3
[481188.078980] tee (916947): drop_caches: 3
[481192.984126] tee (916951): drop_caches: 3
[481198.434062] tee (916955): drop_caches: 3
[481203.519157] tee (916963): drop_caches: 3
[481208.624255] tee (916967): drop_caches: 3
[481213.615855] tee (916971): drop_caches: 3
[481218.573865] tee (916975): drop_caches: 3
[481223.803657] tee (916979): drop_caches: 3
[481229.020617] tee (916983): drop_caches: 3
[481234.205016] tee (916987): drop_caches: 3
[481239.493623] tee (916991): drop_caches: 3
[481244.500007] tee (916995): drop_caches: 3
[481249.556178] tee (917000): drop_caches: 3
[481254.634005] tee (917004): drop_caches: 3
[481259.874606] tee (917012): drop_caches: 3
[481264.994241] tee (917016): drop_caches: 3
[481270.148821] tee (917020): drop_caches: 3
[481275.363542] tee (917024): drop_caches: 3
[481280.436786] tee (917028): drop_caches: 3
[481285.463640] tee (917032): drop_caches: 3
[481290.578021] tee (917036): drop_caches: 3
[481295.629136] tee (917040): drop_caches: 3
[481300.614687] tee (917044): drop_caches: 3
[481305.639458] tee (917048): drop_caches: 3
[481310.793812] tee (917052): drop_caches: 3
[481315.804759] tee (917056): drop_caches: 3
[481320.746814] tee (917064): drop_caches: 3
[481325.877827] tee (917068): drop_caches: 3
[481331.141591] tee (917073): drop_caches: 3
[481336.049230] tee (917077): drop_caches: 3
[481341.011601] tee (917081): drop_caches: 3
[481345.970108] tee (917085): drop_caches: 3
[481350.935437] tee (917089): drop_caches: 3
[481355.850960] tee (917093): drop_caches: 3
[481360.816148] tee (917097): drop_caches: 3
[481365.795582] tee (917101): drop_caches: 3
[481370.848139] tee (917105): drop_caches: 3
[481375.942003] tee (917109): drop_caches: 3
[481380.996209] tee (917117): drop_caches: 3
[481386.129693] tee (917121): drop_caches: 3
[481391.128780] tee (917125): drop_caches: 3
[481396.286311] tee (917129): drop_caches: 3
[481401.691076] tee (917139): drop_caches: 3
[481406.802303] tee (917143): drop_caches: 3
[481411.795027] tee (917147): drop_caches: 3
[481416.851129] tee (917151): drop_caches: 3
[481421.813412] tee (917155): drop_caches: 3
[481426.828800] tee (917159): drop_caches: 3
[481431.838868] tee (917163): drop_caches: 3
[481436.827324] tee (917167): drop_caches: 3
[481441.895363] tee (917175): drop_caches: 3
[481447.051826] tee (917179): drop_caches: 3
[481452.077817] tee (917183): drop_caches: 3
[481457.130903] tee (917187): drop_caches: 3
[481462.179751] tee (917191): drop_caches: 3
[481467.269899] tee (917195): drop_caches: 3
[481472.266869] tee (917199): drop_caches: 3
[481477.256304] tee (917233): drop_caches: 3
[481485.127143] tee (917286): drop_caches: 3
[481492.988735] tee (917317): drop_caches: 3
[481504.925034] tee (917405): drop_caches: 3
[481512.727331] tee (917437): drop_caches: 3
[481518.296724] tee (917443): drop_caches: 3
[481523.318450] tee (917447): drop_caches: 3
[481528.394306] tee (917451): drop_caches: 3
[481533.288194] tee (917455): drop_caches: 3
[481538.291723] tee (917460): drop_caches: 3
[481543.378768] tee (917464): drop_caches: 3
[481548.341293] tee (917468): drop_caches: 3
[481553.379589] tee (917472): drop_caches: 3
[481558.496684] tee (917476): drop_caches: 3
[481563.449055] tee (917484): drop_caches: 3
[481568.626820] tee (917488): drop_caches: 3
[481573.748158] tee (917492): drop_caches: 3
[481579.247041] tee (917496): drop_caches: 3
[481584.235564] tee (917500): drop_caches: 3
[481589.354562] tee (917504): drop_caches: 3
[481594.394653] tee (917508): drop_caches: 3
[481599.342685] tee (917512): drop_caches: 3
[481604.421560] tee (917516): drop_caches: 3
[481609.789219] tee (917520): drop_caches: 3
[481614.849369] tee (917524): drop_caches: 3
[481620.061818] tee (917528): drop_caches: 3
[481625.219539] tee (917536): drop_caches: 3
[481630.266726] tee (917540): drop_caches: 3
[481635.778213] tee (917544): drop_caches: 3
[481640.676528] tee (917551): drop_caches: 3
[481645.706729] tee (917555): drop_caches: 3
[481650.788798] tee (917559): drop_caches: 3
[481655.850845] tee (917563): drop_caches: 3
[481660.839398] tee (917567): drop_caches: 3
[481665.898336] tee (917571): drop_caches: 3
[481671.305594] tee (917575): drop_caches: 3
[481676.263618] tee (917579): drop_caches: 3
[481681.287327] tee (917588): drop_caches: 3
[481686.342597] tee (917592): drop_caches: 3
[481691.455972] tee (917596): drop_caches: 3
[481696.618322] tee (917600): drop_caches: 3
[481702.086575] tee (917604): drop_caches: 3
[481707.081437] tee (917613): drop_caches: 3
[481712.020641] tee (917617): drop_caches: 3
[481717.070705] tee (917621): drop_caches: 3
[481722.331227] tee (917625): drop_caches: 3
[481727.493480] tee (917629): drop_caches: 3
[481733.834451] tee (917662): drop_caches: 3
[481740.518572] tee (917674): drop_caches: 3
[481746.349352] tee (917692): drop_caches: 3
[481751.690091] tee (917700): drop_caches: 3
[481756.732825] tee (917705): drop_caches: 3
[481762.050295] tee (917711): drop_caches: 3
[481767.032105] tee (917715): drop_caches: 3
[481772.065454] tee (917719): drop_caches: 3
[481776.866615] tee (917726): drop_caches: 3
[481781.735702] tee (917730): drop_caches: 3
[481786.871041] tee (917737): drop_caches: 3
[481791.870989] tee (917741): drop_caches: 3
[481796.987730] tee (917745): drop_caches: 3
[481802.165036] tee (917753): drop_caches: 3
[481807.269721] tee (917757): drop_caches: 3
[481812.342854] tee (917761): drop_caches: 3
[481817.373502] tee (917766): drop_caches: 3
[481822.365183] tee (917770): drop_caches: 3
[481827.297622] tee (917774): drop_caches: 3
[481832.227954] tee (917778): drop_caches: 3
[481837.309397] tee (917782): drop_caches: 3
[481842.359127] tee (917787): drop_caches: 3
[481847.387083] tee (917792): drop_caches: 3
[481852.538426] tee (917796): drop_caches: 3
[481857.606382] tee (917800): drop_caches: 3
[481862.619993] tee (917808): drop_caches: 3
[481867.776047] tee (917812): drop_caches: 3
[481872.789996] tee (917816): drop_caches: 3
[481877.916251] tee (917820): drop_caches: 3
[481883.032757] tee (917824): drop_caches: 3
[481888.022260] tee (917828): drop_caches: 3
[481893.038705] tee (917832): drop_caches: 3
[481898.084158] tee (917836): drop_caches: 3
[481903.283885] tee (917840): drop_caches: 3
[481908.215809] tee (917844): drop_caches: 3
[481913.301857] tee (917848): drop_caches: 3
[481918.389542] tee (917852): drop_caches: 3
[481923.340387] tee (917860): drop_caches: 3
[481928.330404] tee (917864): drop_caches: 3
[481933.288437] tee (917868): drop_caches: 3
[481938.337705] tee (917872): drop_caches: 3
[481943.340257] tee (917876): drop_caches: 3
[481948.431039] tee (917880): drop_caches: 3
[481953.442481] tee (917884): drop_caches: 3
[481958.396953] tee (917888): drop_caches: 3
[481963.437240] tee (917892): drop_caches: 3
[481968.370485] tee (917896): drop_caches: 3
[481973.360530] tee (917900): drop_caches: 3
[481978.357542] tee (917904): drop_caches: 3
[481983.554885] tee (917912): drop_caches: 3
[481988.906073] tee (917917): drop_caches: 3
[481993.904619] tee (917921): drop_caches: 3
[481998.854690] tee (917925): drop_caches: 3
[482003.970049] tee (917935): drop_caches: 3
[482009.004125] tee (917939): drop_caches: 3
[482014.109184] tee (917948): drop_caches: 3
[482019.305970] tee (917952): drop_caches: 3
[482024.518693] tee (917958): drop_caches: 3
[482029.604250] tee (917962): drop_caches: 3
[482034.688870] tee (917966): drop_caches: 3
[482039.930000] tee (917970): drop_caches: 3
[482045.048023] tee (917978): drop_caches: 3
[482050.379256] tee (917982): drop_caches: 3
[482055.510041] tee (917986): drop_caches: 3
[482060.506322] tee (917990): drop_caches: 3
[482065.527746] tee (917994): drop_caches: 3
[482070.559320] tee (917998): drop_caches: 3
[482075.365673] tee (918021): drop_caches: 3
[482082.244702] tee (918074): drop_caches: 3
[482088.820609] tee (918096): drop_caches: 3
[482094.866914] tee (918116): drop_caches: 3
[482100.006201] tee (918120): drop_caches: 3
[482105.105007] tee (918128): drop_caches: 3
[482110.227077] tee (918132): drop_caches: 3
[482115.441023] tee (918136): drop_caches: 3
[482120.637504] tee (918140): drop_caches: 3
[482125.767090] tee (918144): drop_caches: 3
[482130.933420] tee (918148): drop_caches: 3
[482135.924165] tee (918152): drop_caches: 3
[482140.980039] tee (918156): drop_caches: 3
[482146.059483] tee (918160): drop_caches: 3
[482151.162018] tee (918164): drop_caches: 3
[482156.218170] tee (918168): drop_caches: 3
[482161.359665] tee (918172): drop_caches: 3
[482166.314019] tee (918180): drop_caches: 3
[482171.337085] tee (918184): drop_caches: 3
[482176.424471] tee (918188): drop_caches: 3
[482181.475453] tee (918192): drop_caches: 3
[482186.552186] tee (918196): drop_caches: 3
[482191.570097] tee (918200): drop_caches: 3
[482196.664573] tee (918204): drop_caches: 3
[482201.671840] tee (918208): drop_caches: 3
[482206.871726] tee (918213): drop_caches: 3
[482211.898601] tee (918217): drop_caches: 3
[482216.970761] tee (918221): drop_caches: 3
[482222.271619] tee (918227): drop_caches: 3
[482227.332081] tee (918233): drop_caches: 3
[482232.517958] tee (918237): drop_caches: 3
[482237.624865] tee (918241): drop_caches: 3
[482242.748709] tee (918245): drop_caches: 3
[482247.839522] tee (918249): drop_caches: 3
[482252.947996] tee (918253): drop_caches: 3
[482258.018069] tee (918257): drop_caches: 3
[482263.160260] tee (918261): drop_caches: 3
[482268.267840] tee (918265): drop_caches: 3
[482273.651403] tee (918270): drop_caches: 3
[482278.843130] tee (918282): drop_caches: 3
[482284.016044] tee (918290): drop_caches: 3
[482289.215909] tee (918294): drop_caches: 3
[482294.461045] tee (918298): drop_caches: 3
[482299.749057] tee (918302): drop_caches: 3
[482304.774402] tee (918311): drop_caches: 3
[482309.797582] tee (918315): drop_caches: 3
[482314.766349] tee (918319): drop_caches: 3
[482319.722873] tee (918323): drop_caches: 3
[482324.806223] tee (918327): drop_caches: 3
[482330.037676] tee (918331): drop_caches: 3
[482335.172219] tee (918335): drop_caches: 3
[482340.215825] tee (918339): drop_caches: 3
[482345.306766] tee (918347): drop_caches: 3
[482350.427501] tee (918353): drop_caches: 3
[482351.925432] iCAT_SQLITE_RUN_END run=20260917-090730-915628
[482352.882528] EXT4-fs (nvme0n1): unmounting filesystem e50d0241-e277-4732-9f96-c426621440ca.
[482353.235052] pci_bus 0001:10: busn_res: [bus 10-ff] is released
[482353.235107] NVMeVirt: GC stats: ns=0 policy=cat-fig7-fixed host_pages=33851793 gc_pages=11184041 gc_count=703678 WAF=1.330 warmup_gc=100-per-part
[482353.304167] NVMeVirt: Virtual NVMe device closed
