[400521.373355] NVMeVirt: Version 1.10 for >> Samsung 970 Pro SSD <<
[400521.373361] NVMeVirt: Storage: 0x100100000-0x300000000 (8191 MiB)
[400521.384794] NVMeVirt: Total Capacity(GiB,MiB)=2,2048 chs=2 luns=4 lines=8192 blk-size(MiB,KiB)=0,64 line-size(MiB,KiB)=0,256
[400521.396045] NVMeVirt: [chmodel_init] bandwidth 800 max_credits 26 tx_time 152
[400521.406581] NVMeVirt: [chmodel_init] bandwidth 800 max_credits 26 tx_time 152
[400521.406596] NVMeVirt: [chmodel_init] bandwidth 3360 max_credits 110 tx_time 36
[400521.406599] NVMeVirt: Fixed CAT init ns=0 part=0 arm=5 k=2 scale_pct=50 age_ratio=16
[400521.407823] NVMeVirt: pqueue: Copyright (c) 2014, Volkan Yazıcı <volkan.yazici@gmail.com>. All rights reserved.
[400521.407862] NVMeVirt: Init FTL instance with 2 channels (524288 pages)
[400521.407864] NVMeVirt: GC victim policy: cat-fig7-fixed ns=0 part=0 initial_k=2 initial_scale_pct=50 initial_age_ratio=16 warmup_gc=100
[400521.419531] NVMeVirt: [chmodel_init] bandwidth 800 max_credits 26 tx_time 152
[400521.430228] NVMeVirt: [chmodel_init] bandwidth 800 max_credits 26 tx_time 152
[400521.430243] NVMeVirt: [chmodel_init] bandwidth 3360 max_credits 110 tx_time 36
[400521.430245] NVMeVirt: Fixed CAT init ns=0 part=1 arm=5 k=2 scale_pct=50 age_ratio=16
[400521.431503] NVMeVirt: Init FTL instance with 2 channels (524288 pages)
[400521.431506] NVMeVirt: GC victim policy: cat-fig7-fixed ns=0 part=1 initial_k=2 initial_scale_pct=50 initial_age_ratio=16 warmup_gc=100
[400521.442168] NVMeVirt: [chmodel_init] bandwidth 800 max_credits 26 tx_time 152
[400521.453419] NVMeVirt: [chmodel_init] bandwidth 800 max_credits 26 tx_time 152
[400521.453435] NVMeVirt: [chmodel_init] bandwidth 3360 max_credits 110 tx_time 36
[400521.453438] NVMeVirt: Fixed CAT init ns=0 part=2 arm=5 k=2 scale_pct=50 age_ratio=16
[400521.454852] NVMeVirt: Init FTL instance with 2 channels (524288 pages)
[400521.454855] NVMeVirt: GC victim policy: cat-fig7-fixed ns=0 part=2 initial_k=2 initial_scale_pct=50 initial_age_ratio=16 warmup_gc=100
[400521.465289] NVMeVirt: [chmodel_init] bandwidth 800 max_credits 26 tx_time 152
[400521.476060] NVMeVirt: [chmodel_init] bandwidth 800 max_credits 26 tx_time 152
[400521.476082] NVMeVirt: [chmodel_init] bandwidth 3360 max_credits 110 tx_time 36
[400521.476084] NVMeVirt: Fixed CAT init ns=0 part=3 arm=5 k=2 scale_pct=50 age_ratio=16
[400521.477756] NVMeVirt: Init FTL instance with 2 channels (524288 pages)
[400521.477763] NVMeVirt: GC victim policy: cat-fig7-fixed ns=0 part=3 initial_k=2 initial_scale_pct=50 initial_age_ratio=16 warmup_gc=100
[400521.477771] NVMeVirt: FTL physical space: 8588886016, logical space: 8026996276 (physical/logical * 100 = 107)
[400521.477773] NVMeVirt: ns 0/1: size 7655 MiB
[400521.477833] PCI host bridge to bus 0001:10
[400521.477836] pci_bus 0001:10: root bus resource [io  0x0000-0xffff]
[400521.477838] pci_bus 0001:10: root bus resource [mem 0x00000000-0x7fffffffff]
[400521.477840] pci_bus 0001:10: root bus resource [bus 00-ff]
[400521.477850] pci 0001:10:00.0: [0c51:0110] type 00 class 0x010802 PCIe Endpoint
[400521.477854] pci 0001:10:00.0: BAR 0 [mem 0x100000000-0x100003fff 64bit]
[400521.477856] pci 0001:10:00.0: enabling Extended Tags
[400521.477994] NVMeVirt: Virtual PCI bus created (node 0)
[400521.478369] NVMeVirt: nvmev_io_worker_0 started on cpu 2 (node 0)
[400521.478391] NVMeVirt: nvmev_dispatcher started on cpu 1 (node 0)
[400521.478456] NVMeVirt: Virtual NVMe device created
[400521.478752] nvme nvme0: pci function 0001:10:00.0
[400521.483415] nvme nvme0: 8/0/0 default/read/poll queues
[400522.135160] EXT4-fs (nvme0n1): mounted filesystem 78b6efc6-48bc-4b27-ab67-2742ebed29e5 r/w with ordered data mode. Quota mode: none.
[400522.520327] iCAT_SQLITE_LOAD_START run=20260916-110050-815761
[400724.244573] iCAT_SQLITE_LOAD_END run=20260916-110050-815761
[400724.943517] tee (816001): drop_caches: 3
[400726.732199] iCAT_SQLITE_RUN_START run=20260916-110050-815761
[400728.443096] tee (816047): drop_caches: 3
[400734.165916] tee (816066): drop_caches: 3
[400739.363706] tee (816070): drop_caches: 3
[400744.700205] tee (816077): drop_caches: 3
[400749.929029] tee (816082): drop_caches: 3
[400754.980040] tee (816086): drop_caches: 3
[400760.660439] tee (816091): drop_caches: 3
[400765.895488] tee (816095): drop_caches: 3
[400770.898971] tee (816099): drop_caches: 3
[400777.148271] tee (816120): drop_caches: 3
[400783.021845] tee (816124): drop_caches: 3
[400789.311157] tee (816165): drop_caches: 3
[400794.680104] tee (816169): drop_caches: 3
[400799.769332] tee (816174): drop_caches: 3
[400804.885379] tee (816179): drop_caches: 3
[400811.522634] tee (816187): drop_caches: 3
[400817.358679] tee (816203): drop_caches: 3
[400822.850430] tee (816207): drop_caches: 3
[400832.821432] tee (816248): drop_caches: 3
[400840.382471] tee (816294): drop_caches: 3
[400846.175290] tee (816366): drop_caches: 3
[400851.453336] tee (816374): drop_caches: 3
[400857.457073] tee (816378): drop_caches: 3
[400863.003187] tee (816384): drop_caches: 3
[400868.035432] tee (816388): drop_caches: 3
[400873.347292] tee (816392): drop_caches: 3
[400878.532455] tee (816396): drop_caches: 3
[400883.614413] tee (816401): drop_caches: 3
[400888.937571] tee (816405): drop_caches: 3
[400894.219235] tee (816409): drop_caches: 3
[400899.343210] tee (816414): drop_caches: 3
[400904.496364] tee (816424): drop_caches: 3
[400909.573777] tee (816428): drop_caches: 3
[400914.620951] tee (816432): drop_caches: 3
[400919.590976] tee (816436): drop_caches: 3
[400924.951255] tee (816442): drop_caches: 3
[400930.090916] tee (816447): drop_caches: 3
[400935.709660] tee (816453): drop_caches: 3
[400940.888225] tee (816457): drop_caches: 3
[400945.950797] tee (816461): drop_caches: 3
[400951.374674] tee (816465): drop_caches: 3
[400956.462642] tee (816470): drop_caches: 3
[400961.443497] tee (816474): drop_caches: 3
[400966.458569] tee (816482): drop_caches: 3
[400971.607881] tee (816486): drop_caches: 3
[400976.602214] tee (816490): drop_caches: 3
[400981.842629] tee (816494): drop_caches: 3
[400986.897393] tee (816498): drop_caches: 3
[400992.398467] tee (816503): drop_caches: 3
[400997.478063] tee (816507): drop_caches: 3
[401002.627625] tee (816517): drop_caches: 3
[401007.658382] tee (816521): drop_caches: 3
[401012.989058] tee (816525): drop_caches: 3
[401018.027050] tee (816531): drop_caches: 3
[401023.050153] tee (816535): drop_caches: 3
[401028.092414] tee (816543): drop_caches: 3
[401033.206217] tee (816547): drop_caches: 3
[401038.415131] tee (816552): drop_caches: 3
[401043.708414] tee (816557): drop_caches: 3
[401048.795055] tee (816561): drop_caches: 3
[401053.787968] tee (816565): drop_caches: 3
[401058.793552] tee (816569): drop_caches: 3
[401063.820949] tee (816573): drop_caches: 3
[401068.798703] tee (816578): drop_caches: 3
[401074.148241] tee (816601): drop_caches: 3
[401079.892975] tee (816655): drop_caches: 3
[401085.868515] tee (816670): drop_caches: 3
[401091.928545] tee (816697): drop_caches: 3
[401097.090210] tee (816701): drop_caches: 3
[401102.157899] tee (816705): drop_caches: 3
[401107.245894] tee (816709): drop_caches: 3
[401112.382401] tee (816713): drop_caches: 3
[401117.489725] tee (816717): drop_caches: 3
[401122.643286] tee (816721): drop_caches: 3
[401127.707858] tee (816725): drop_caches: 3
[401132.680155] tee (816729): drop_caches: 3
[401137.778301] tee (816733): drop_caches: 3
[401142.824956] tee (816738): drop_caches: 3
[401147.955981] tee (816746): drop_caches: 3
[401153.287407] tee (816750): drop_caches: 3
[401158.602884] tee (816755): drop_caches: 3
[401163.751050] tee (816759): drop_caches: 3
[401169.063184] tee (816764): drop_caches: 3
[401174.253616] tee (816768): drop_caches: 3
[401179.334400] tee (816772): drop_caches: 3
[401184.407722] tee (816776): drop_caches: 3
[401189.541563] tee (816781): drop_caches: 3
[401194.712999] tee (816785): drop_caches: 3
[401199.775383] tee (816789): drop_caches: 3
[401204.923263] tee (816797): drop_caches: 3
[401210.032147] tee (816801): drop_caches: 3
[401215.101622] tee (816805): drop_caches: 3
[401220.227520] tee (816809): drop_caches: 3
[401225.378109] tee (816813): drop_caches: 3
[401230.586727] tee (816818): drop_caches: 3
[401235.728977] tee (816822): drop_caches: 3
[401240.789967] tee (816826): drop_caches: 3
[401245.820436] tee (816831): drop_caches: 3
[401250.837580] tee (816835): drop_caches: 3
[401255.854019] tee (816839): drop_caches: 3
[401260.779946] tee (816843): drop_caches: 3
[401265.952629] tee (816851): drop_caches: 3
[401271.150719] tee (816856): drop_caches: 3
[401276.170849] tee (816860): drop_caches: 3
[401281.258000] tee (816864): drop_caches: 3
[401286.459880] tee (816868): drop_caches: 3
[401291.500224] tee (816872): drop_caches: 3
[401296.586736] tee (816876): drop_caches: 3
[401301.755910] tee (816885): drop_caches: 3
[401306.793071] tee (816889): drop_caches: 3
[401311.926839] tee (816893): drop_caches: 3
[401316.979302] tee (816897): drop_caches: 3
[401322.010232] tee (816903): drop_caches: 3
[401327.082057] tee (816911): drop_caches: 3
[401332.092812] tee (816915): drop_caches: 3
[401337.180393] tee (816919): drop_caches: 3
[401342.291952] tee (816923): drop_caches: 3
[401347.325073] tee (816928): drop_caches: 3
[401352.340859] tee (816932): drop_caches: 3
[401357.507884] tee (816936): drop_caches: 3
[401362.663665] tee (816941): drop_caches: 3
[401367.791245] tee (816945): drop_caches: 3
[401372.765461] tee (816953): drop_caches: 3
[401377.579616] tee (816957): drop_caches: 3
[401382.520526] tee (816961): drop_caches: 3
[401387.539558] tee (816969): drop_caches: 3
[401392.589990] tee (816973): drop_caches: 3
[401397.605396] tee (816977): drop_caches: 3
[401402.704994] tee (816981): drop_caches: 3
[401407.866131] tee (816985): drop_caches: 3
[401412.961061] tee (816989): drop_caches: 3
[401418.101816] tee (816993): drop_caches: 3
[401423.186989] tee (816997): drop_caches: 3
[401428.236092] tee (817001): drop_caches: 3
[401433.547111] tee (817006): drop_caches: 3
[401438.675825] tee (817010): drop_caches: 3
[401443.904813] tee (817014): drop_caches: 3
[401448.977874] tee (817023): drop_caches: 3
[401454.113910] tee (817027): drop_caches: 3
[401459.204237] tee (817031): drop_caches: 3
[401464.325447] tee (817035): drop_caches: 3
[401469.384484] tee (817039): drop_caches: 3
[401474.543129] tee (817044): drop_caches: 3
[401479.681834] tee (817048): drop_caches: 3
[401484.794211] tee (817052): drop_caches: 3
[401489.917969] tee (817056): drop_caches: 3
[401494.716310] tee (817071): drop_caches: 3
[401500.824064] tee (817083): drop_caches: 3
[401506.646018] tee (817092): drop_caches: 3
[401513.543943] tee (817096): drop_caches: 3
[401519.788534] tee (817100): drop_caches: 3
[401525.885215] tee (817105): drop_caches: 3
[401531.837765] tee (817109): drop_caches: 3
[401537.698534] tee (817113): drop_caches: 3
[401544.076302] tee (817117): drop_caches: 3
[401550.225717] tee (817126): drop_caches: 3
[401556.122508] tee (817130): drop_caches: 3
[401562.137156] tee (817134): drop_caches: 3
[401568.083590] tee (817142): drop_caches: 3
[401574.245874] tee (817146): drop_caches: 3
[401580.277620] tee (817150): drop_caches: 3
[401586.031620] tee (817155): drop_caches: 3
[401591.190155] tee (817159): drop_caches: 3
[401596.519935] tee (817164): drop_caches: 3
[401601.556329] tee (817174): drop_caches: 3
[401606.666737] tee (817178): drop_caches: 3
[401612.033185] tee (817182): drop_caches: 3
[401617.391259] tee (817186): drop_caches: 3
[401622.719566] tee (817193): drop_caches: 3
[401627.816480] tee (817201): drop_caches: 3
[401633.078002] tee (817205): drop_caches: 3
[401638.116724] tee (817209): drop_caches: 3
[401643.065562] tee (817213): drop_caches: 3
[401648.209804] tee (817217): drop_caches: 3
[401653.371352] tee (817221): drop_caches: 3
[401658.477110] tee (817225): drop_caches: 3
[401663.644992] tee (817229): drop_caches: 3
[401668.644157] tee (817233): drop_caches: 3
[401673.892238] tee (817255): drop_caches: 3
[401680.424250] tee (817308): drop_caches: 3
[401686.310876] tee (817321): drop_caches: 3
[401691.758522] tee (817350): drop_caches: 3
[401696.811114] tee (817354): drop_caches: 3
[401701.842867] tee (817358): drop_caches: 3
[401706.923152] tee (817363): drop_caches: 3
[401711.928666] tee (817367): drop_caches: 3
[401716.884739] tee (817371): drop_caches: 3
[401721.923704] tee (817375): drop_caches: 3
[401727.029459] tee (817379): drop_caches: 3
[401732.008089] tee (817383): drop_caches: 3
[401737.128062] tee (817387): drop_caches: 3
[401742.368325] tee (817392): drop_caches: 3
[401747.518255] tee (817400): drop_caches: 3
[401752.570077] tee (817404): drop_caches: 3
[401757.621659] tee (817408): drop_caches: 3
[401762.838315] tee (817413): drop_caches: 3
[401767.882001] tee (817417): drop_caches: 3
[401772.966701] tee (817422): drop_caches: 3
[401777.962598] tee (817426): drop_caches: 3
[401782.994280] tee (817431): drop_caches: 3
[401790.104567] tee (817443): drop_caches: 3
[401796.192211] tee (817452): drop_caches: 3
[401801.215828] tee (817456): drop_caches: 3
[401806.403125] tee (817464): drop_caches: 3
[401811.471929] tee (817469): drop_caches: 3
[401816.558768] tee (817473): drop_caches: 3
[401821.855129] tee (817477): drop_caches: 3
[401827.055603] tee (817482): drop_caches: 3
[401832.080527] tee (817486): drop_caches: 3
[401837.301831] tee (817490): drop_caches: 3
[401842.316190] tee (817494): drop_caches: 3
[401847.321634] tee (817498): drop_caches: 3
[401852.280862] tee (817502): drop_caches: 3
[401857.692530] tee (817506): drop_caches: 3
[401862.696928] tee (817510): drop_caches: 3
[401867.859869] tee (817518): drop_caches: 3
[401873.066208] tee (817522): drop_caches: 3
[401878.244302] tee (817526): drop_caches: 3
[401886.098168] tee (817538): drop_caches: 3
[401892.095596] tee (817542): drop_caches: 3
[401897.249525] tee (817546): drop_caches: 3
[401902.238930] tee (817555): drop_caches: 3
[401907.310053] tee (817561): drop_caches: 3
[401912.370848] tee (817565): drop_caches: 3
[401917.593252] tee (817570): drop_caches: 3
[401922.676073] tee (817576): drop_caches: 3
[401927.990041] tee (817584): drop_caches: 3
[401933.148258] tee (817588): drop_caches: 3
[401938.240424] tee (817592): drop_caches: 3
[401943.156642] tee (817597): drop_caches: 3
[401948.321092] tee (817601): drop_caches: 3
[401953.448594] tee (817605): drop_caches: 3
[401958.505232] tee (817609): drop_caches: 3
[401963.587912] tee (817613): drop_caches: 3
[401968.664381] tee (817617): drop_caches: 3
[401973.414875] tee (817624): drop_caches: 3
[401978.356963] tee (817628): drop_caches: 3
[401983.328298] tee (817632): drop_caches: 3
[401988.320813] tee (817640): drop_caches: 3
[401993.616310] tee (817644): drop_caches: 3
[401998.740812] tee (817648): drop_caches: 3
[402003.732946] tee (817652): drop_caches: 3
[402008.818381] tee (817656): drop_caches: 3
[402013.861872] tee (817660): drop_caches: 3
[402018.954202] tee (817664): drop_caches: 3
[402024.002044] tee (817668): drop_caches: 3
[402029.154760] tee (817673): drop_caches: 3
[402034.279977] tee (817677): drop_caches: 3
[402039.378629] tee (817681): drop_caches: 3
[402044.440733] tee (817685): drop_caches: 3
[402049.521344] tee (817694): drop_caches: 3
[402054.599282] tee (817698): drop_caches: 3
[402059.722356] tee (817702): drop_caches: 3
[402064.863690] tee (817706): drop_caches: 3
[402069.874113] tee (817710): drop_caches: 3
[402074.877505] tee (817715): drop_caches: 3
[402079.992264] tee (817719): drop_caches: 3
[402085.087105] tee (817723): drop_caches: 3
[402090.366960] tee (817728): drop_caches: 3
[402095.615945] tee (817732): drop_caches: 3
[402100.731687] tee (817736): drop_caches: 3
[402105.789929] tee (817740): drop_caches: 3
[402110.878557] tee (817748): drop_caches: 3
[402115.991612] tee (817754): drop_caches: 3
[402121.206742] tee (817758): drop_caches: 3
[402126.434309] tee (817762): drop_caches: 3
[402131.664589] tee (817766): drop_caches: 3
[402136.641655] tee (817770): drop_caches: 3
[402141.884290] tee (817774): drop_caches: 3
[402146.934193] tee (817778): drop_caches: 3
[402151.968817] tee (817782): drop_caches: 3
[402156.943439] tee (817786): drop_caches: 3
[402162.111522] tee (817790): drop_caches: 3
[402167.092550] tee (817799): drop_caches: 3
[402172.160360] tee (817803): drop_caches: 3
[402177.133527] tee (817807): drop_caches: 3
[402182.332549] tee (817811): drop_caches: 3
[402187.441028] tee (817815): drop_caches: 3
[402192.533573] tee (817819): drop_caches: 3
[402197.827691] tee (817824): drop_caches: 3
[402202.987101] tee (817834): drop_caches: 3
[402208.034149] tee (817838): drop_caches: 3
[402213.102483] tee (817842): drop_caches: 3
[402218.330551] tee (817846): drop_caches: 3
[402224.004692] tee (817852): drop_caches: 3
[402229.159172] tee (817860): drop_caches: 3
[402234.307459] tee (817864): drop_caches: 3
[402239.429801] tee (817868): drop_caches: 3
[402244.424324] tee (817872): drop_caches: 3
[402249.543755] tee (817876): drop_caches: 3
[402254.602923] tee (817880): drop_caches: 3
[402260.226097] tee (817884): drop_caches: 3
[402265.294091] tee (817890): drop_caches: 3
[402270.464292] tee (817894): drop_caches: 3
[402275.241711] tee (817928): drop_caches: 3
[402282.192531] tee (817986): drop_caches: 3
[402290.271709] tee (818029): drop_caches: 3
[402300.547741] tee (818076): drop_caches: 3
[402309.230717] tee (818126): drop_caches: 3
[402315.956489] tee (818132): drop_caches: 3
[402321.452169] tee (818136): drop_caches: 3
[402326.540291] tee (818140): drop_caches: 3
[402331.709572] tee (818150): drop_caches: 3
[402336.871779] tee (818154): drop_caches: 3
[402342.006592] tee (818158): drop_caches: 3
[402347.100607] tee (818166): drop_caches: 3
[402352.211536] tee (818171): drop_caches: 3
[402357.417143] tee (818175): drop_caches: 3
[402365.751253] tee (818191): drop_caches: 3
[402371.080634] tee (818195): drop_caches: 3
[402376.254136] tee (818199): drop_caches: 3
[402381.495986] tee (818203): drop_caches: 3
[402386.712796] tee (818208): drop_caches: 3
[402391.791709] tee (818212): drop_caches: 3
[402397.161604] tee (818216): drop_caches: 3
[402402.676551] tee (818220): drop_caches: 3
[402408.466241] tee (818240): drop_caches: 3
[402413.864411] tee (818244): drop_caches: 3
[402418.947677] tee (818248): drop_caches: 3
[402423.991117] tee (818252): drop_caches: 3
[402429.068946] tee (818269): drop_caches: 3
[402434.318221] tee (818279): drop_caches: 3
[402439.445618] tee (818283): drop_caches: 3
[402444.708842] tee (818287): drop_caches: 3
[402449.877995] tee (818291): drop_caches: 3
[402455.168946] tee (818296): drop_caches: 3
[402460.232718] tee (818300): drop_caches: 3
[402465.298699] tee (818304): drop_caches: 3
[402470.408540] tee (818312): drop_caches: 3
[402475.562786] tee (818318): drop_caches: 3
[402480.695956] tee (818323): drop_caches: 3
[402485.946196] tee (818327): drop_caches: 3
[402491.300080] tee (818333): drop_caches: 3
[402496.350035] tee (818337): drop_caches: 3
[402501.432613] tee (818346): drop_caches: 3
[402510.495409] tee (818375): drop_caches: 3
[402516.625175] tee (818379): drop_caches: 3
[402521.837896] tee (818383): drop_caches: 3
[402526.895106] tee (818389): drop_caches: 3
[402532.060276] tee (818399): drop_caches: 3
[402537.162221] tee (818405): drop_caches: 3
[402542.541371] tee (818411): drop_caches: 3
[402547.598643] tee (818415): drop_caches: 3
[402552.774089] tee (818419): drop_caches: 3
[402558.042392] tee (818423): drop_caches: 3
[402563.189251] tee (818427): drop_caches: 3
[402568.253086] tee (818431): drop_caches: 3
[402572.978893] tee (818438): drop_caches: 3
[402578.066295] tee (818442): drop_caches: 3
[402583.346498] tee (818447): drop_caches: 3
[402588.683404] tee (818459): drop_caches: 3
[402594.441947] tee (818463): drop_caches: 3
[402599.584689] tee (818468): drop_caches: 3
[402604.628946] tee (818472): drop_caches: 3
[402609.844750] tee (818477): drop_caches: 3
[402614.974820] tee (818481): drop_caches: 3
[402620.106714] tee (818487): drop_caches: 3
[402625.881486] tee (818495): drop_caches: 3
[402632.243642] tee (818499): drop_caches: 3
[402637.368261] tee (818504): drop_caches: 3
[402642.602384] tee (818509): drop_caches: 3
[402648.448946] tee (818518): drop_caches: 3
[402653.576711] tee (818523): drop_caches: 3
[402658.813002] tee (818527): drop_caches: 3
[402663.901905] tee (818531): drop_caches: 3
[402668.890085] tee (818535): drop_caches: 3
[402673.958129] tee (818539): drop_caches: 3
[402678.949279] tee (818543): drop_caches: 3
[402684.055581] tee (818549): drop_caches: 3
[402689.124462] tee (818553): drop_caches: 3
[402694.167689] tee (818557): drop_caches: 3
[402699.216462] tee (818561): drop_caches: 3
[402704.223575] tee (818567): drop_caches: 3
[402709.240291] tee (818575): drop_caches: 3
[402714.381431] tee (818579): drop_caches: 3
[402719.418626] tee (818583): drop_caches: 3
[402724.530435] tee (818587): drop_caches: 3
[402729.502772] tee (818591): drop_caches: 3
[402734.596387] tee (818595): drop_caches: 3
[402739.772090] tee (818600): drop_caches: 3
[402744.769462] tee (818606): drop_caches: 3
[402749.837986] tee (818610): drop_caches: 3
[402754.947070] tee (818614): drop_caches: 3
[402760.221686] tee (818618): drop_caches: 3
[402765.422766] tee (818623): drop_caches: 3
[402770.560511] tee (818631): drop_caches: 3
[402775.646844] tee (818635): drop_caches: 3
[402780.643057] tee (818639): drop_caches: 3
[402786.022076] tee (818643): drop_caches: 3
[402791.304206] tee (818647): drop_caches: 3
[402796.343041] tee (818651): drop_caches: 3
[402801.444498] tee (818655): drop_caches: 3
[402806.440099] tee (818659): drop_caches: 3
[402811.524368] tee (818663): drop_caches: 3
[402816.529912] tee (818667): drop_caches: 3
[402821.667280] tee (818671): drop_caches: 3
[402826.676121] tee (818676): drop_caches: 3
[402832.185785] tee (818687): drop_caches: 3
[402837.267741] tee (818691): drop_caches: 3
[402842.355371] tee (818696): drop_caches: 3
[402847.487412] tee (818702): drop_caches: 3
[402849.107655] iCAT_SQLITE_RUN_END run=20260916-110050-815761
[402849.955426] EXT4-fs (nvme0n1): unmounting filesystem 78b6efc6-48bc-4b27-ab67-2742ebed29e5.
[402850.299426] pci_bus 0001:10: busn_res: [bus 10-ff] is released
[402850.299483] NVMeVirt: GC stats: ns=0 policy=cat-fig7-fixed host_pages=34017941 gc_pages=17270600 gc_count=801377 WAF=1.507 warmup_gc=100-per-part
[402850.370899] NVMeVirt: Virtual NVMe device closed
