[477849.720891] NVMeVirt: Version 1.10 for >> Samsung 970 Pro SSD <<
[477849.720897] NVMeVirt: Storage: 0x100100000-0x300000000 (8191 MiB)
[477849.731315] NVMeVirt: Total Capacity(GiB,MiB)=2,2048 chs=2 luns=4 lines=8192 blk-size(MiB,KiB)=0,64 line-size(MiB,KiB)=0,256
[477849.741900] NVMeVirt: [chmodel_init] bandwidth 800 max_credits 26 tx_time 152
[477849.752140] NVMeVirt: [chmodel_init] bandwidth 800 max_credits 26 tx_time 152
[477849.752154] NVMeVirt: [chmodel_init] bandwidth 3360 max_credits 110 tx_time 36
[477849.752156] NVMeVirt: Fixed CAT init ns=0 part=0 arm=39 k=7 scale_pct=200 age_ratio=4
[477849.753399] NVMeVirt: pqueue: Copyright (c) 2014, Volkan Yazıcı <volkan.yazici@gmail.com>. All rights reserved.
[477849.753437] NVMeVirt: Init FTL instance with 2 channels (524288 pages)
[477849.753439] NVMeVirt: GC victim policy: cat-fig7-fixed ns=0 part=0 initial_k=7 initial_scale_pct=200 initial_age_ratio=4 warmup_gc=100
[477849.763629] NVMeVirt: [chmodel_init] bandwidth 800 max_credits 26 tx_time 152
[477849.773628] NVMeVirt: [chmodel_init] bandwidth 800 max_credits 26 tx_time 152
[477849.773643] NVMeVirt: [chmodel_init] bandwidth 3360 max_credits 110 tx_time 36
[477849.773645] NVMeVirt: Fixed CAT init ns=0 part=1 arm=39 k=7 scale_pct=200 age_ratio=4
[477849.774869] NVMeVirt: Init FTL instance with 2 channels (524288 pages)
[477849.774871] NVMeVirt: GC victim policy: cat-fig7-fixed ns=0 part=1 initial_k=7 initial_scale_pct=200 initial_age_ratio=4 warmup_gc=100
[477849.784944] NVMeVirt: [chmodel_init] bandwidth 800 max_credits 26 tx_time 152
[477849.795092] NVMeVirt: [chmodel_init] bandwidth 800 max_credits 26 tx_time 152
[477849.795105] NVMeVirt: [chmodel_init] bandwidth 3360 max_credits 110 tx_time 36
[477849.795107] NVMeVirt: Fixed CAT init ns=0 part=2 arm=39 k=7 scale_pct=200 age_ratio=4
[477849.796403] NVMeVirt: Init FTL instance with 2 channels (524288 pages)
[477849.796406] NVMeVirt: GC victim policy: cat-fig7-fixed ns=0 part=2 initial_k=7 initial_scale_pct=200 initial_age_ratio=4 warmup_gc=100
[477849.806778] NVMeVirt: [chmodel_init] bandwidth 800 max_credits 26 tx_time 152
[477849.817003] NVMeVirt: [chmodel_init] bandwidth 800 max_credits 26 tx_time 152
[477849.817016] NVMeVirt: [chmodel_init] bandwidth 3360 max_credits 110 tx_time 36
[477849.817018] NVMeVirt: Fixed CAT init ns=0 part=3 arm=39 k=7 scale_pct=200 age_ratio=4
[477849.818319] NVMeVirt: Init FTL instance with 2 channels (524288 pages)
[477849.818322] NVMeVirt: GC victim policy: cat-fig7-fixed ns=0 part=3 initial_k=7 initial_scale_pct=200 initial_age_ratio=4 warmup_gc=100
[477849.818329] NVMeVirt: FTL physical space: 8588886016, logical space: 8026996276 (physical/logical * 100 = 107)
[477849.818331] NVMeVirt: ns 0/1: size 7655 MiB
[477849.818378] PCI host bridge to bus 0001:10
[477849.818380] pci_bus 0001:10: root bus resource [io  0x0000-0xffff]
[477849.818383] pci_bus 0001:10: root bus resource [mem 0x00000000-0x7fffffffff]
[477849.818385] pci_bus 0001:10: root bus resource [bus 00-ff]
[477849.818406] pci 0001:10:00.0: [0c51:0110] type 00 class 0x010802 PCIe Endpoint
[477849.818410] pci 0001:10:00.0: BAR 0 [mem 0x100000000-0x100003fff 64bit]
[477849.818413] pci 0001:10:00.0: enabling Extended Tags
[477849.818600] NVMeVirt: Virtual PCI bus created (node 0)
[477849.818905] NVMeVirt: nvmev_io_worker_0 started on cpu 2 (node 0)
[477849.818951] NVMeVirt: Virtual NVMe device created
[477849.819652] nvme nvme0: pci function 0001:10:00.0
[477849.821183] NVMeVirt: nvmev_dispatcher started on cpu 1 (node 0)
[477849.822034] nvme nvme0: 8/0/0 default/read/poll queues
[477850.688054] EXT4-fs (nvme0n1): mounted filesystem b4fc848d-be15-4a37-baf6-147fef15743b r/w with ordered data mode. Quota mode: none.
[477851.186865] iCAT_SQLITE_LOAD_START run=20260917-082938-912706
[478041.819446] iCAT_SQLITE_LOAD_END run=20260917-082938-912706
[478042.521886] tee (913093): drop_caches: 3
[478043.767990] iCAT_SQLITE_RUN_START run=20260917-082938-912706
[478045.987181] tee (913143): drop_caches: 3
[478051.236582] tee (913154): drop_caches: 3
[478056.240368] tee (913159): drop_caches: 3
[478061.224866] tee (913163): drop_caches: 3
[478066.240884] tee (913167): drop_caches: 3
[478071.329943] tee (913171): drop_caches: 3
[478076.416944] tee (913180): drop_caches: 3
[478081.497300] tee (913185): drop_caches: 3
[478086.555182] tee (913189): drop_caches: 3
[478091.707780] tee (913193): drop_caches: 3
[478096.797633] tee (913197): drop_caches: 3
[478101.868339] tee (913201): drop_caches: 3
[478107.152252] tee (913207): drop_caches: 3
[478112.450486] tee (913211): drop_caches: 3
[478117.522921] tee (913215): drop_caches: 3
[478122.603907] tee (913219): drop_caches: 3
[478127.569662] tee (913223): drop_caches: 3
[478133.067022] tee (913256): drop_caches: 3
[478139.034763] tee (913273): drop_caches: 3
[478145.170218] tee (913291): drop_caches: 3
[478150.661685] tee (913295): drop_caches: 3
[478155.871186] tee (913304): drop_caches: 3
[478161.129281] tee (913315): drop_caches: 3
[478166.280461] tee (913320): drop_caches: 3
[478171.439560] tee (913324): drop_caches: 3
[478176.128452] tee (913331): drop_caches: 3
[478180.808401] tee (913335): drop_caches: 3
[478185.757568] tee (913339): drop_caches: 3
[478190.832943] tee (913343): drop_caches: 3
[478195.915565] tee (913351): drop_caches: 3
[478200.908782] tee (913355): drop_caches: 3
[478206.065241] tee (913359): drop_caches: 3
[478211.023587] tee (913363): drop_caches: 3
[478216.019581] tee (913367): drop_caches: 3
[478221.199568] tee (913371): drop_caches: 3
[478226.205404] tee (913376): drop_caches: 3
[478231.217618] tee (913380): drop_caches: 3
[478236.230047] tee (913384): drop_caches: 3
[478241.321763] tee (913388): drop_caches: 3
[478246.365300] tee (913392): drop_caches: 3
[478251.663598] tee (913397): drop_caches: 3
[478257.024627] tee (913406): drop_caches: 3
[478262.122745] tee (913410): drop_caches: 3
[478267.277452] tee (913415): drop_caches: 3
[478272.431921] tee (913419): drop_caches: 3
[478277.554275] tee (913424): drop_caches: 3
[478282.845067] tee (913428): drop_caches: 3
[478287.995603] tee (913432): drop_caches: 3
[478292.972339] tee (913436): drop_caches: 3
[478297.954846] tee (913440): drop_caches: 3
[478302.950645] tee (913444): drop_caches: 3
[478308.060219] tee (913448): drop_caches: 3
[478313.077544] tee (913452): drop_caches: 3
[478318.151510] tee (913460): drop_caches: 3
[478323.253482] tee (913464): drop_caches: 3
[478328.287866] tee (913468): drop_caches: 3
[478333.282028] tee (913472): drop_caches: 3
[478338.375822] tee (913476): drop_caches: 3
[478343.653241] tee (913482): drop_caches: 3
[478348.666593] tee (913486): drop_caches: 3
[478353.629884] tee (913490): drop_caches: 3
[478358.720809] tee (913494): drop_caches: 3
[478363.712057] tee (913498): drop_caches: 3
[478368.826379] tee (913502): drop_caches: 3
[478373.843802] tee (913506): drop_caches: 3
[478378.908631] tee (913514): drop_caches: 3
[478383.892572] tee (913518): drop_caches: 3
[478389.374570] tee (913523): drop_caches: 3
[478394.467290] tee (913527): drop_caches: 3
[478399.475165] tee (913531): drop_caches: 3
[478404.661658] tee (913541): drop_caches: 3
[478409.736076] tee (913545): drop_caches: 3
[478414.745353] tee (913549): drop_caches: 3
[478419.723233] tee (913553): drop_caches: 3
[478424.692464] tee (913557): drop_caches: 3
[478429.835302] tee (913561): drop_caches: 3
[478435.113001] tee (913569): drop_caches: 3
[478440.076071] tee (913573): drop_caches: 3
[478445.026298] tee (913577): drop_caches: 3
[478450.002009] tee (913581): drop_caches: 3
[478454.929475] tee (913585): drop_caches: 3
[478460.124617] tee (913589): drop_caches: 3
[478465.173398] tee (913593): drop_caches: 3
[478470.338285] tee (913597): drop_caches: 3
[478475.131507] tee (913640): drop_caches: 3
[478481.723839] tee (913673): drop_caches: 3
[478487.977821] tee (913706): drop_caches: 3
[478493.198605] tee (913712): drop_caches: 3
[478498.276372] tee (913720): drop_caches: 3
[478503.331669] tee (913724): drop_caches: 3
[478508.325550] tee (913728): drop_caches: 3
[478513.300308] tee (913733): drop_caches: 3
[478518.358072] tee (913737): drop_caches: 3
[478523.373570] tee (913741): drop_caches: 3
[478528.462409] tee (913745): drop_caches: 3
[478533.498909] tee (913749): drop_caches: 3
[478538.490783] tee (913753): drop_caches: 3
[478543.596407] tee (913757): drop_caches: 3
[478548.562506] tee (913761): drop_caches: 3
[478553.630140] tee (913765): drop_caches: 3
[478558.633243] tee (913773): drop_caches: 3
[478563.716058] tee (913778): drop_caches: 3
[478568.826267] tee (913782): drop_caches: 3
[478573.793245] tee (913786): drop_caches: 3
[478578.788564] tee (913790): drop_caches: 3
[478583.803627] tee (913794): drop_caches: 3
[478588.749615] tee (913798): drop_caches: 3
[478593.661831] tee (913802): drop_caches: 3
[478598.790335] tee (913806): drop_caches: 3
[478603.855539] tee (913810): drop_caches: 3
[478608.841834] tee (913814): drop_caches: 3
[478613.943769] tee (913819): drop_caches: 3
[478619.037657] tee (913827): drop_caches: 3
[478624.072589] tee (913831): drop_caches: 3
[478629.153968] tee (913835): drop_caches: 3
[478634.212885] tee (913839): drop_caches: 3
[478639.224168] tee (913844): drop_caches: 3
[478644.743430] tee (913850): drop_caches: 3
[478649.853414] tee (913854): drop_caches: 3
[478654.860189] tee (913858): drop_caches: 3
[478659.923687] tee (913862): drop_caches: 3
[478664.945053] tee (913866): drop_caches: 3
[478669.939416] tee (913870): drop_caches: 3
[478675.019831] tee (913874): drop_caches: 3
[478680.256522] tee (913882): drop_caches: 3
[478685.322705] tee (913886): drop_caches: 3
[478690.556129] tee (913890): drop_caches: 3
[478695.655846] tee (913894): drop_caches: 3
[478700.629599] tee (913898): drop_caches: 3
[478705.917170] tee (913907): drop_caches: 3
[478711.123721] tee (913911): drop_caches: 3
[478716.281434] tee (913915): drop_caches: 3
[478721.313952] tee (913919): drop_caches: 3
[478726.397522] tee (913923): drop_caches: 3
[478731.544800] tee (913927): drop_caches: 3
[478736.429549] tee (913935): drop_caches: 3
[478741.539272] tee (913939): drop_caches: 3
[478746.715912] tee (913943): drop_caches: 3
[478751.807489] tee (913947): drop_caches: 3
[478756.952363] tee (913952): drop_caches: 3
[478761.908802] tee (913956): drop_caches: 3
[478767.040325] tee (913960): drop_caches: 3
[478772.241144] tee (913965): drop_caches: 3
[478777.146638] tee (913971): drop_caches: 3
[478782.276819] tee (913975): drop_caches: 3
[478787.438056] tee (913980): drop_caches: 3
[478792.435336] tee (913984): drop_caches: 3
[478797.449723] tee (913992): drop_caches: 3
[478802.510388] tee (913996): drop_caches: 3
[478807.586547] tee (914000): drop_caches: 3
[478812.688152] tee (914004): drop_caches: 3
[478817.788793] tee (914008): drop_caches: 3
[478822.759836] tee (914012): drop_caches: 3
[478827.828885] tee (914016): drop_caches: 3
[478832.843304] tee (914020): drop_caches: 3
[478837.816519] tee (914024): drop_caches: 3
[478842.833956] tee (914028): drop_caches: 3
[478847.831784] tee (914033): drop_caches: 3
[478852.882402] tee (914037): drop_caches: 3
[478857.809529] tee (914046): drop_caches: 3
[478863.364216] tee (914051): drop_caches: 3
[478868.739716] tee (914060): drop_caches: 3
[478873.944030] tee (914065): drop_caches: 3
[478878.969479] tee (914071): drop_caches: 3
[478883.988341] tee (914076): drop_caches: 3
[478889.050716] tee (914080): drop_caches: 3
[478894.085952] tee (914084): drop_caches: 3
[478899.232545] tee (914088): drop_caches: 3
[478904.203782] tee (914092): drop_caches: 3
[478909.304220] tee (914096): drop_caches: 3
[478914.273181] tee (914100): drop_caches: 3
[478919.319446] tee (914108): drop_caches: 3
[478924.448302] tee (914112): drop_caches: 3
[478929.428102] tee (914116): drop_caches: 3
[478934.405382] tee (914120): drop_caches: 3
[478939.512635] tee (914124): drop_caches: 3
[478944.523851] tee (914128): drop_caches: 3
[478949.881460] tee (914134): drop_caches: 3
[478954.987749] tee (914138): drop_caches: 3
[478960.077412] tee (914142): drop_caches: 3
[478965.127688] tee (914146): drop_caches: 3
[478970.222177] tee (914150): drop_caches: 3
[478975.360175] tee (914154): drop_caches: 3
[478980.396166] tee (914163): drop_caches: 3
[478985.425341] tee (914167): drop_caches: 3
[478990.443897] tee (914171): drop_caches: 3
[478995.536107] tee (914175): drop_caches: 3
[479000.643580] tee (914179): drop_caches: 3
[479005.718703] tee (914189): drop_caches: 3
[479011.110999] tee (914193): drop_caches: 3
[479016.228019] tee (914197): drop_caches: 3
[479021.342516] tee (914201): drop_caches: 3
[479026.359235] tee (914205): drop_caches: 3
[479031.441881] tee (914209): drop_caches: 3
[479036.494632] tee (914217): drop_caches: 3
[479041.644708] tee (914221): drop_caches: 3
[479048.393172] tee (914227): drop_caches: 3
[479053.525623] tee (914231): drop_caches: 3
[479058.558350] tee (914235): drop_caches: 3
[479063.821133] tee (914239): drop_caches: 3
[479068.908935] tee (914243): drop_caches: 3
[479074.253088] tee (914255): drop_caches: 3
[479080.436976] tee (914325): drop_caches: 3
[479085.479330] tee (914329): drop_caches: 3
[479090.727650] tee (914333): drop_caches: 3
[479095.925156] tee (914337): drop_caches: 3
[479101.010221] tee (914345): drop_caches: 3
[479106.188558] tee (914349): drop_caches: 3
[479111.391548] tee (914353): drop_caches: 3
[479116.375272] tee (914357): drop_caches: 3
[479121.354275] tee (914361): drop_caches: 3
[479126.461058] tee (914365): drop_caches: 3
[479131.461545] tee (914369): drop_caches: 3
[479136.522154] tee (914373): drop_caches: 3
[479141.599676] tee (914377): drop_caches: 3
[479146.622076] tee (914381): drop_caches: 3
[479151.628522] tee (914385): drop_caches: 3
[479156.914896] tee (914393): drop_caches: 3
[479161.939566] tee (914398): drop_caches: 3
[479166.992902] tee (914402): drop_caches: 3
[479172.040445] tee (914407): drop_caches: 3
[479177.133330] tee (914411): drop_caches: 3
[479182.206839] tee (914415): drop_caches: 3
[479187.432516] tee (914420): drop_caches: 3
[479192.420340] tee (914424): drop_caches: 3
[479197.491830] tee (914428): drop_caches: 3
[479202.473060] tee (914432): drop_caches: 3
[479208.144958] tee (914447): drop_caches: 3
[479214.102204] tee (914454): drop_caches: 3
[479219.190726] tee (914462): drop_caches: 3
[479224.208983] tee (914466): drop_caches: 3
[479229.248611] tee (914471): drop_caches: 3
[479234.251454] tee (914475): drop_caches: 3
[479239.307850] tee (914480): drop_caches: 3
[479244.363218] tee (914486): drop_caches: 3
[479249.777496] tee (914492): drop_caches: 3
[479254.835096] tee (914496): drop_caches: 3
[479259.779991] tee (914500): drop_caches: 3
[479264.698270] tee (914504): drop_caches: 3
[479269.641065] tee (914508): drop_caches: 3
[479274.675735] tee (914513): drop_caches: 3
[479279.735486] tee (914521): drop_caches: 3
[479284.814719] tee (914525): drop_caches: 3
[479289.932795] tee (914529): drop_caches: 3
[479294.886533] tee (914533): drop_caches: 3
[479299.845337] tee (914537): drop_caches: 3
[479305.902495] tee (914575): drop_caches: 3
[479313.356991] tee (914587): drop_caches: 3
[479318.546579] tee (914605): drop_caches: 3
[479323.782151] tee (914609): drop_caches: 3
[479328.728663] tee (914613): drop_caches: 3
[479333.916420] tee (914617): drop_caches: 3
[479339.040892] tee (914627): drop_caches: 3
[479344.156306] tee (914631): drop_caches: 3
[479349.188423] tee (914635): drop_caches: 3
[479354.217611] tee (914639): drop_caches: 3
[479359.248123] tee (914643): drop_caches: 3
[479364.746099] tee (914647): drop_caches: 3
[479369.878115] tee (914651): drop_caches: 3
[479374.654147] tee (914658): drop_caches: 3
[479379.724805] tee (914662): drop_caches: 3
[479384.780469] tee (914666): drop_caches: 3
[479389.803967] tee (914670): drop_caches: 3
[479394.827417] tee (914675): drop_caches: 3
[479399.815997] tee (914683): drop_caches: 3
[479404.827526] tee (914687): drop_caches: 3
[479409.804211] tee (914691): drop_caches: 3
[479415.145589] tee (914695): drop_caches: 3
[479420.136937] tee (914699): drop_caches: 3
[479425.640343] tee (914703): drop_caches: 3
[479430.748339] tee (914707): drop_caches: 3
[479435.704959] tee (914711): drop_caches: 3
[479440.810924] tee (914715): drop_caches: 3
[479445.818440] tee (914719): drop_caches: 3
[479450.916559] tee (914724): drop_caches: 3
[479456.314812] tee (914728): drop_caches: 3
[479461.438429] tee (914737): drop_caches: 3
[479466.451206] tee (914741): drop_caches: 3
[479471.462571] tee (914745): drop_caches: 3
[479476.525333] tee (914749): drop_caches: 3
[479481.646041] tee (914754): drop_caches: 3
[479487.115621] tee (914758): drop_caches: 3
[479492.246624] tee (914762): drop_caches: 3
[479497.438699] tee (914766): drop_caches: 3
[479502.436242] tee (914770): drop_caches: 3
[479507.417004] tee (914774): drop_caches: 3
[479512.473297] tee (914778): drop_caches: 3
[479517.938083] tee (914786): drop_caches: 3
[479522.926295] tee (914790): drop_caches: 3
[479527.923698] tee (914794): drop_caches: 3
[479533.016011] tee (914798): drop_caches: 3
[479537.973848] tee (914802): drop_caches: 3
[479543.034022] tee (914806): drop_caches: 3
[479548.520016] tee (914810): drop_caches: 3
[479553.429278] tee (914816): drop_caches: 3
[479558.458453] tee (914820): drop_caches: 3
[479563.502831] tee (914824): drop_caches: 3
[479568.500116] tee (914828): drop_caches: 3
[479573.425854] tee (914832): drop_caches: 3
[479578.467399] tee (914841): drop_caches: 3
[479583.365528] tee (914845): drop_caches: 3
[479588.665045] tee (914849): drop_caches: 3
[479593.659933] tee (914853): drop_caches: 3
[479598.799532] tee (914857): drop_caches: 3
[479603.844170] tee (914867): drop_caches: 3
[479608.931780] tee (914871): drop_caches: 3
[479613.846607] tee (914875): drop_caches: 3
[479618.889305] tee (914879): drop_caches: 3
[479623.906388] tee (914883): drop_caches: 3
[479628.997133] tee (914887): drop_caches: 3
[479634.134342] tee (914891): drop_caches: 3
[479639.266833] tee (914899): drop_caches: 3
[479644.329909] tee (914903): drop_caches: 3
[479649.356052] tee (914907): drop_caches: 3
[479654.372654] tee (914911): drop_caches: 3
[479659.441026] tee (914915): drop_caches: 3
[479664.521135] tee (914919): drop_caches: 3
[479669.509821] tee (914923): drop_caches: 3
[479674.682248] tee (914949): drop_caches: 3
[479682.493212] tee (915014): drop_caches: 3
[479690.266202] tee (915044): drop_caches: 3
[479702.246117] tee (915133): drop_caches: 3
[479708.996669] tee (915154): drop_caches: 3
[479714.544967] tee (915160): drop_caches: 3
[479719.516074] tee (915164): drop_caches: 3
[479724.481283] tee (915168): drop_caches: 3
[479729.640804] tee (915172): drop_caches: 3
[479734.676969] tee (915176): drop_caches: 3
[479739.759177] tee (915180): drop_caches: 3
[479744.946833] tee (915184): drop_caches: 3
[479749.911357] tee (915188): drop_caches: 3
[479754.990650] tee (915192): drop_caches: 3
[479760.049521] tee (915200): drop_caches: 3
[479765.059651] tee (915204): drop_caches: 3
[479770.097834] tee (915210): drop_caches: 3
[479775.290768] tee (915214): drop_caches: 3
[479780.436227] tee (915218): drop_caches: 3
[479785.427304] tee (915222): drop_caches: 3
[479790.483433] tee (915226): drop_caches: 3
[479795.579741] tee (915231): drop_caches: 3
[479800.595678] tee (915235): drop_caches: 3
[479805.589395] tee (915239): drop_caches: 3
[479810.535715] tee (915243): drop_caches: 3
[479815.594530] tee (915247): drop_caches: 3
[479820.740230] tee (915255): drop_caches: 3
[479825.842956] tee (915259): drop_caches: 3
[479830.812282] tee (915264): drop_caches: 3
[479835.872989] tee (915268): drop_caches: 3
[479840.834492] tee (915272): drop_caches: 3
[479845.861886] tee (915276): drop_caches: 3
[479851.453460] tee (915282): drop_caches: 3
[479856.494135] tee (915286): drop_caches: 3
[479861.543788] tee (915290): drop_caches: 3
[479866.586953] tee (915294): drop_caches: 3
[479871.553613] tee (915298): drop_caches: 3
[479876.495287] tee (915302): drop_caches: 3
[479881.763049] tee (915311): drop_caches: 3
[479887.026908] tee (915315): drop_caches: 3
[479892.096807] tee (915319): drop_caches: 3
[479897.439344] tee (915323): drop_caches: 3
[479902.415216] tee (915332): drop_caches: 3
[479907.603586] tee (915336): drop_caches: 3
[479912.700036] tee (915340): drop_caches: 3
[479917.735040] tee (915344): drop_caches: 3
[479922.835447] tee (915348): drop_caches: 3
[479927.842684] tee (915352): drop_caches: 3
[479933.841265] tee (915386): drop_caches: 3
[479940.561669] tee (915402): drop_caches: 3
[479945.555447] tee (915420): drop_caches: 3
[479950.707262] tee (915424): drop_caches: 3
[479956.018226] tee (915428): drop_caches: 3
[479961.281542] tee (915432): drop_caches: 3
[479966.237707] tee (915438): drop_caches: 3
[479971.432214] tee (915442): drop_caches: 3
[479976.138015] tee (915449): drop_caches: 3
[479980.974020] tee (915454): drop_caches: 3
[479985.949783] tee (915458): drop_caches: 3
[479990.921355] tee (915462): drop_caches: 3
[479996.183274] tee (915466): drop_caches: 3
[480001.171046] tee (915474): drop_caches: 3
[480006.342566] tee (915478): drop_caches: 3
[480011.392898] tee (915482): drop_caches: 3
[480016.336462] tee (915487): drop_caches: 3
[480021.294892] tee (915491): drop_caches: 3
[480026.378493] tee (915495): drop_caches: 3
[480031.603104] tee (915499): drop_caches: 3
[480036.595613] tee (915503): drop_caches: 3
[480041.666605] tee (915507): drop_caches: 3
[480046.627991] tee (915513): drop_caches: 3
[480051.660420] tee (915518): drop_caches: 3
[480056.597886] tee (915522): drop_caches: 3
[480061.685176] tee (915530): drop_caches: 3
[480066.933854] tee (915535): drop_caches: 3
[480072.028788] tee (915540): drop_caches: 3
[480077.290761] tee (915544): drop_caches: 3
[480082.303780] tee (915548): drop_caches: 3
[480087.410016] tee (915552): drop_caches: 3
[480092.396366] tee (915557): drop_caches: 3
[480097.294236] tee (915561): drop_caches: 3
[480102.459896] tee (915565): drop_caches: 3
[480107.519129] tee (915569): drop_caches: 3
[480112.682313] tee (915573): drop_caches: 3
[480117.842946] tee (915579): drop_caches: 3
[480119.418751] iCAT_SQLITE_RUN_END run=20260917-082938-912706
[480120.363876] EXT4-fs (nvme0n1): unmounting filesystem b4fc848d-be15-4a37-baf6-147fef15743b.
[480120.691690] pci_bus 0001:10: busn_res: [bus 10-ff] is released
[480120.691777] NVMeVirt: GC stats: ns=0 policy=cat-fig7-fixed host_pages=33918283 gc_pages=14898559 gc_count=762756 WAF=1.439 warmup_gc=100-per-part
[480120.762196] NVMeVirt: Virtual NVMe device closed
