[425964.184789] NVMeVirt: Version 1.10 for >> Samsung 970 Pro SSD <<
[425964.184795] NVMeVirt: Storage: 0x100100000-0x300000000 (8191 MiB)
[425964.195456] NVMeVirt: Total Capacity(GiB,MiB)=2,2048 chs=2 luns=4 lines=8192 blk-size(MiB,KiB)=0,64 line-size(MiB,KiB)=0,256
[425964.207040] NVMeVirt: [chmodel_init] bandwidth 800 max_credits 26 tx_time 152
[425964.217983] NVMeVirt: [chmodel_init] bandwidth 800 max_credits 26 tx_time 152
[425964.217998] NVMeVirt: [chmodel_init] bandwidth 3360 max_credits 110 tx_time 36
[425964.218000] NVMeVirt: Fixed CAT init ns=0 part=0 arm=16 k=4 scale_pct=25 age_ratio=7
[425964.219234] NVMeVirt: pqueue: Copyright (c) 2014, Volkan Yazıcı <volkan.yazici@gmail.com>. All rights reserved.
[425964.219271] NVMeVirt: Init FTL instance with 2 channels (524288 pages)
[425964.219273] NVMeVirt: GC victim policy: cat-fig7-fixed ns=0 part=0 initial_k=4 initial_scale_pct=25 initial_age_ratio=7 warmup_gc=100
[425964.230018] NVMeVirt: [chmodel_init] bandwidth 800 max_credits 26 tx_time 152
[425964.241059] NVMeVirt: [chmodel_init] bandwidth 800 max_credits 26 tx_time 152
[425964.241075] NVMeVirt: [chmodel_init] bandwidth 3360 max_credits 110 tx_time 36
[425964.241078] NVMeVirt: Fixed CAT init ns=0 part=1 arm=16 k=4 scale_pct=25 age_ratio=7
[425964.242480] NVMeVirt: Init FTL instance with 2 channels (524288 pages)
[425964.242484] NVMeVirt: GC victim policy: cat-fig7-fixed ns=0 part=1 initial_k=4 initial_scale_pct=25 initial_age_ratio=7 warmup_gc=100
[425964.253381] NVMeVirt: [chmodel_init] bandwidth 800 max_credits 26 tx_time 152
[425964.263749] NVMeVirt: [chmodel_init] bandwidth 800 max_credits 26 tx_time 152
[425964.263763] NVMeVirt: [chmodel_init] bandwidth 3360 max_credits 110 tx_time 36
[425964.263765] NVMeVirt: Fixed CAT init ns=0 part=2 arm=16 k=4 scale_pct=25 age_ratio=7
[425964.265077] NVMeVirt: Init FTL instance with 2 channels (524288 pages)
[425964.265080] NVMeVirt: GC victim policy: cat-fig7-fixed ns=0 part=2 initial_k=4 initial_scale_pct=25 initial_age_ratio=7 warmup_gc=100
[425964.275845] NVMeVirt: [chmodel_init] bandwidth 800 max_credits 26 tx_time 152
[425964.286386] NVMeVirt: [chmodel_init] bandwidth 800 max_credits 26 tx_time 152
[425964.286405] NVMeVirt: [chmodel_init] bandwidth 3360 max_credits 110 tx_time 36
[425964.286408] NVMeVirt: Fixed CAT init ns=0 part=3 arm=16 k=4 scale_pct=25 age_ratio=7
[425964.287922] NVMeVirt: Init FTL instance with 2 channels (524288 pages)
[425964.287925] NVMeVirt: GC victim policy: cat-fig7-fixed ns=0 part=3 initial_k=4 initial_scale_pct=25 initial_age_ratio=7 warmup_gc=100
[425964.287946] NVMeVirt: FTL physical space: 8588886016, logical space: 8026996276 (physical/logical * 100 = 107)
[425964.287947] NVMeVirt: ns 0/1: size 7655 MiB
[425964.288003] PCI host bridge to bus 0001:10
[425964.288007] pci_bus 0001:10: root bus resource [io  0x0000-0xffff]
[425964.288011] pci_bus 0001:10: root bus resource [mem 0x00000000-0x7fffffffff]
[425964.288014] pci_bus 0001:10: root bus resource [bus 00-ff]
[425964.288023] pci 0001:10:00.0: [0c51:0110] type 00 class 0x010802 PCIe Endpoint
[425964.288028] pci 0001:10:00.0: BAR 0 [mem 0x100000000-0x100003fff 64bit]
[425964.288031] pci 0001:10:00.0: enabling Extended Tags
[425964.288183] NVMeVirt: Virtual PCI bus created (node 0)
[425964.288442] NVMeVirt: nvmev_io_worker_0 started on cpu 2 (node 0)
[425964.288504] NVMeVirt: nvmev_dispatcher started on cpu 1 (node 0)
[425964.288531] NVMeVirt: Virtual NVMe device created
[425964.288703] nvme nvme0: pci function 0001:10:00.0
[425964.290966] nvme nvme0: 8/0/0 default/read/poll queues
[425965.007440] EXT4-fs (nvme0n1): mounted filesystem b79722c4-1c82-4ada-9575-aa9eba848f8f r/w with ordered data mode. Quota mode: none.
[425965.519518] iCAT_SQLITE_LOAD_START run=20260916-180453-847441
[426168.929405] iCAT_SQLITE_LOAD_END run=20260916-180453-847441
[426169.517782] tee (847627): drop_caches: 3
[426171.116720] iCAT_SQLITE_RUN_START run=20260916-180453-847441
[426173.007959] tee (847672): drop_caches: 3
[426179.256298] tee (847691): drop_caches: 3
[426184.410825] tee (847695): drop_caches: 3
[426189.756821] tee (847700): drop_caches: 3
[426194.910435] tee (847706): drop_caches: 3
[426200.864239] tee (847710): drop_caches: 3
[426206.549974] tee (847716): drop_caches: 3
[426211.843348] tee (847724): drop_caches: 3
[426217.047938] tee (847728): drop_caches: 3
[426222.316111] tee (847732): drop_caches: 3
[426227.413404] tee (847736): drop_caches: 3
[426233.057984] tee (847740): drop_caches: 3
[426238.419321] tee (847744): drop_caches: 3
[426243.671646] tee (847749): drop_caches: 3
[426248.871393] tee (847753): drop_caches: 3
[426254.049672] tee (847757): drop_caches: 3
[426259.158695] tee (847761): drop_caches: 3
[426264.849016] tee (847765): drop_caches: 3
[426270.103941] tee (847773): drop_caches: 3
[426275.203390] tee (847827): drop_caches: 3
[426281.959032] tee (847855): drop_caches: 3
[426287.883142] tee (847888): drop_caches: 3
[426293.203470] tee (847893): drop_caches: 3
[426298.484850] tee (847897): drop_caches: 3
[426303.687681] tee (847901): drop_caches: 3
[426308.855658] tee (847906): drop_caches: 3
[426313.943663] tee (847910): drop_caches: 3
[426319.086521] tee (847914): drop_caches: 3
[426324.276957] tee (847918): drop_caches: 3
[426330.120648] tee (847926): drop_caches: 3
[426335.340849] tee (847930): drop_caches: 3
[426340.452598] tee (847934): drop_caches: 3
[426345.652558] tee (847938): drop_caches: 3
[426351.055816] tee (847943): drop_caches: 3
[426356.270161] tee (847947): drop_caches: 3
[426362.170771] tee (847951): drop_caches: 3
[426367.384259] tee (847955): drop_caches: 3
[426372.606067] tee (847959): drop_caches: 3
[426377.770830] tee (847963): drop_caches: 3
[426382.912578] tee (847967): drop_caches: 3
[426388.183325] tee (847975): drop_caches: 3
[426393.981933] tee (847979): drop_caches: 3
[426399.294104] tee (847984): drop_caches: 3
[426404.458494] tee (847988): drop_caches: 3
[426409.830039] tee (847992): drop_caches: 3
[426414.976649] tee (847996): drop_caches: 3
[426420.212837] tee (848000): drop_caches: 3
[426425.976945] tee (848004): drop_caches: 3
[426431.300970] tee (848008): drop_caches: 3
[426436.428897] tee (848012): drop_caches: 3
[426441.598212] tee (848017): drop_caches: 3
[426446.838098] tee (848021): drop_caches: 3
[426452.062061] tee (848029): drop_caches: 3
[426458.030765] tee (848033): drop_caches: 3
[426463.450422] tee (848037): drop_caches: 3
[426468.614913] tee (848041): drop_caches: 3
[426473.748468] tee (848045): drop_caches: 3
[426478.985509] tee (848049): drop_caches: 3
[426484.227216] tee (848053): drop_caches: 3
[426490.171637] tee (848057): drop_caches: 3
[426495.333012] tee (848061): drop_caches: 3
[426500.396532] tee (848065): drop_caches: 3
[426505.558344] tee (848074): drop_caches: 3
[426510.829369] tee (848085): drop_caches: 3
[426515.981677] tee (848089): drop_caches: 3
[426521.361505] tee (848094): drop_caches: 3
[426526.750113] tee (848098): drop_caches: 3
[426531.934135] tee (848102): drop_caches: 3
[426537.127170] tee (848107): drop_caches: 3
[426542.462248] tee (848111): drop_caches: 3
[426547.683278] tee (848115): drop_caches: 3
[426553.326508] tee (848119): drop_caches: 3
[426558.685298] tee (848123): drop_caches: 3
[426563.897133] tee (848127): drop_caches: 3
[426569.151982] tee (848135): drop_caches: 3
[426574.046013] tee (848142): drop_caches: 3
[426579.399939] tee (848146): drop_caches: 3
[426584.946373] tee (848150): drop_caches: 3
[426590.190888] tee (848154): drop_caches: 3
[426595.365284] tee (848158): drop_caches: 3
[426600.586695] tee (848163): drop_caches: 3
[426605.802677] tee (848167): drop_caches: 3
[426611.078476] tee (848171): drop_caches: 3
[426616.599303] tee (848176): drop_caches: 3
[426621.756495] tee (848180): drop_caches: 3
[426626.783001] tee (848184): drop_caches: 3
[426632.052891] tee (848192): drop_caches: 3
[426637.149123] tee (848196): drop_caches: 3
[426642.287812] tee (848200): drop_caches: 3
[426647.615044] tee (848205): drop_caches: 3
[426653.053555] tee (848209): drop_caches: 3
[426658.228054] tee (848213): drop_caches: 3
[426663.511387] tee (848217): drop_caches: 3
[426668.760059] tee (848221): drop_caches: 3
[426674.133491] tee (848226): drop_caches: 3
[426679.739631] tee (848230): drop_caches: 3
[426685.075738] tee (848234): drop_caches: 3
[426690.284448] tee (848242): drop_caches: 3
[426695.134462] tee (848257): drop_caches: 3
[426700.449657] tee (848261): drop_caches: 3
[426705.668381] tee (848265): drop_caches: 3
[426711.332178] tee (848269): drop_caches: 3
[426716.557532] tee (848273): drop_caches: 3
[426721.770847] tee (848277): drop_caches: 3
[426727.138750] tee (848281): drop_caches: 3
[426732.386347] tee (848285): drop_caches: 3
[426737.655648] tee (848289): drop_caches: 3
[426744.539506] tee (848300): drop_caches: 3
[426751.003850] tee (848309): drop_caches: 3
[426757.316437] tee (848314): drop_caches: 3
[426763.927719] tee (848318): drop_caches: 3
[426770.557864] tee (848322): drop_caches: 3
[426777.093921] tee (848326): drop_caches: 3
[426783.457634] tee (848330): drop_caches: 3
[426790.031184] tee (848334): drop_caches: 3
[426796.299616] tee (848338): drop_caches: 3
[426803.249754] tee (848348): drop_caches: 3
[426809.698102] tee (848360): drop_caches: 3
[426817.113961] tee (848366): drop_caches: 3
[426823.793601] tee (848370): drop_caches: 3
[426830.042176] tee (848374): drop_caches: 3
[426836.718248] tee (848379): drop_caches: 3
[426843.408473] tee (848383): drop_caches: 3
[426849.321753] tee (848388): drop_caches: 3
[426854.405631] tee (848392): drop_caches: 3
[426859.641924] tee (848396): drop_caches: 3
[426864.777482] tee (848400): drop_caches: 3
[426869.972884] tee (848409): drop_caches: 3
[426875.390891] tee (848432): drop_caches: 3
[426881.708940] tee (848483): drop_caches: 3
[426888.354424] tee (848493): drop_caches: 3
[426894.009836] tee (848525): drop_caches: 3
[426899.382141] tee (848529): drop_caches: 3
[426904.653199] tee (848533): drop_caches: 3
[426909.868406] tee (848538): drop_caches: 3
[426915.075676] tee (848542): drop_caches: 3
[426920.271422] tee (848546): drop_caches: 3
[426925.585464] tee (848550): drop_caches: 3
[426930.741271] tee (848558): drop_caches: 3
[426936.115780] tee (848562): drop_caches: 3
[426941.922642] tee (848566): drop_caches: 3
[426946.982367] tee (848570): drop_caches: 3
[426952.234608] tee (848574): drop_caches: 3
[426957.609710] tee (848585): drop_caches: 3
[426962.806601] tee (848590): drop_caches: 3
[426968.132226] tee (848594): drop_caches: 3
[426973.526115] tee (848598): drop_caches: 3
[426978.865726] tee (848602): drop_caches: 3
[426984.123864] tee (848606): drop_caches: 3
[426989.326193] tee (848614): drop_caches: 3
[426995.834131] tee (848626): drop_caches: 3
[427002.145161] tee (848631): drop_caches: 3
[427007.385431] tee (848635): drop_caches: 3
[427012.621113] tee (848639): drop_caches: 3
[427017.798864] tee (848644): drop_caches: 3
[427022.978866] tee (848648): drop_caches: 3
[427028.237623] tee (848653): drop_caches: 3
[427033.488156] tee (848657): drop_caches: 3
[427039.129952] tee (848661): drop_caches: 3
[427044.407339] tee (848665): drop_caches: 3
[427049.851136] tee (848673): drop_caches: 3
[427055.047613] tee (848677): drop_caches: 3
[427060.181908] tee (848682): drop_caches: 3
[427065.500446] tee (848686): drop_caches: 3
[427071.503663] tee (848691): drop_caches: 3
[427076.726864] tee (848695): drop_caches: 3
[427082.668875] tee (848701): drop_caches: 3
[427087.971772] tee (848705): drop_caches: 3
[427093.723370] tee (848722): drop_caches: 3
[427099.781922] tee (848728): drop_caches: 3
[427104.917167] tee (848737): drop_caches: 3
[427110.228277] tee (848746): drop_caches: 3
[427115.439169] tee (848752): drop_caches: 3
[427120.635827] tee (848758): drop_caches: 3
[427125.781723] tee (848766): drop_caches: 3
[427131.111636] tee (848770): drop_caches: 3
[427136.714656] tee (848774): drop_caches: 3
[427141.944402] tee (848778): drop_caches: 3
[427147.167840] tee (848782): drop_caches: 3
[427152.478971] tee (848786): drop_caches: 3
[427157.701995] tee (848790): drop_caches: 3
[427163.107400] tee (848795): drop_caches: 3
[427168.704443] tee (848803): drop_caches: 3
[427173.637936] tee (848810): drop_caches: 3
[427178.621079] tee (848814): drop_caches: 3
[427183.875217] tee (848818): drop_caches: 3
[427188.991563] tee (848822): drop_caches: 3
[427194.155248] tee (848826): drop_caches: 3
[427199.531285] tee (848830): drop_caches: 3
[427205.025123] tee (848835): drop_caches: 3
[427210.195985] tee (848839): drop_caches: 3
[427215.373165] tee (848843): drop_caches: 3
[427220.591108] tee (848847): drop_caches: 3
[427225.853165] tee (848851): drop_caches: 3
[427231.156841] tee (848859): drop_caches: 3
[427236.442328] tee (848863): drop_caches: 3
[427241.659611] tee (848867): drop_caches: 3
[427246.847552] tee (848872): drop_caches: 3
[427252.135506] tee (848876): drop_caches: 3
[427257.269903] tee (848881): drop_caches: 3
[427262.638812] tee (848885): drop_caches: 3
[427267.930937] tee (848889): drop_caches: 3
[427273.066195] tee (848893): drop_caches: 3
[427278.432980] tee (848897): drop_caches: 3
[427283.694687] tee (848901): drop_caches: 3
[427289.046337] tee (848909): drop_caches: 3
[427294.233633] tee (848914): drop_caches: 3
[427299.464987] tee (848918): drop_caches: 3
[427304.630018] tee (848922): drop_caches: 3
[427309.854076] tee (848926): drop_caches: 3
[427315.142650] tee (848930): drop_caches: 3
[427320.498216] tee (848934): drop_caches: 3
[427325.788135] tee (848938): drop_caches: 3
[427330.951909] tee (848942): drop_caches: 3
[427336.283969] tee (848946): drop_caches: 3
[427341.554435] tee (848950): drop_caches: 3
[427346.808817] tee (848954): drop_caches: 3
[427352.087039] tee (848962): drop_caches: 3
[427357.319529] tee (848966): drop_caches: 3
[427362.547437] tee (848970): drop_caches: 3
[427367.799988] tee (848974): drop_caches: 3
[427373.133987] tee (848979): drop_caches: 3
[427378.552003] tee (848984): drop_caches: 3
[427383.924229] tee (848988): drop_caches: 3
[427389.133117] tee (848993): drop_caches: 3
[427394.486317] tee (848997): drop_caches: 3
[427399.768723] tee (849001): drop_caches: 3
[427405.041087] tee (849011): drop_caches: 3
[427410.376497] tee (849019): drop_caches: 3
[427415.580607] tee (849023): drop_caches: 3
[427421.240576] tee (849029): drop_caches: 3
[427426.509989] tee (849033): drop_caches: 3
[427431.645291] tee (849037): drop_caches: 3
[427436.794856] tee (849042): drop_caches: 3
[427442.005962] tee (849046): drop_caches: 3
[427447.327863] tee (849050): drop_caches: 3
[427452.492145] tee (849054): drop_caches: 3
[427457.973607] tee (849058): drop_caches: 3
[427463.255508] tee (849063): drop_caches: 3
[427468.439305] tee (849067): drop_caches: 3
[427473.727549] tee (849088): drop_caches: 3
[427482.432313] tee (849130): drop_caches: 3
[427489.657032] tee (849165): drop_caches: 3
[427497.425835] tee (849200): drop_caches: 3
[427510.162085] tee (849285): drop_caches: 3
[427517.855986] tee (849307): drop_caches: 3
[427525.808118] tee (849314): drop_caches: 3
[427531.110084] tee (849322): drop_caches: 3
[427536.417149] tee (849327): drop_caches: 3
[427541.609098] tee (849331): drop_caches: 3
[427546.586316] tee (849338): drop_caches: 3
[427552.055403] tee (849343): drop_caches: 3
[427557.474741] tee (849347): drop_caches: 3
[427562.730870] tee (849351): drop_caches: 3
[427567.953944] tee (849355): drop_caches: 3
[427573.131564] tee (849359): drop_caches: 3
[427578.477983] tee (849363): drop_caches: 3
[427583.911487] tee (849368): drop_caches: 3
[427589.356147] tee (849376): drop_caches: 3
[427594.735984] tee (849381): drop_caches: 3
[427599.921096] tee (849385): drop_caches: 3
[427605.189057] tee (849389): drop_caches: 3
[427610.466374] tee (849393): drop_caches: 3
[427615.768998] tee (849397): drop_caches: 3
[427621.004708] tee (849401): drop_caches: 3
[427626.347812] tee (849405): drop_caches: 3
[427631.631838] tee (849409): drop_caches: 3
[427636.798767] tee (849413): drop_caches: 3
[427642.056576] tee (849417): drop_caches: 3
[427647.391790] tee (849421): drop_caches: 3
[427652.589609] tee (849429): drop_caches: 3
[427657.943426] tee (849433): drop_caches: 3
[427663.159980] tee (849437): drop_caches: 3
[427668.427647] tee (849441): drop_caches: 3
[427673.820588] tee (849445): drop_caches: 3
[427679.189111] tee (849450): drop_caches: 3
[427684.311627] tee (849454): drop_caches: 3
[427689.602184] tee (849458): drop_caches: 3
[427694.845918] tee (849462): drop_caches: 3
[427700.241555] tee (849466): drop_caches: 3
[427705.628141] tee (849475): drop_caches: 3
[427710.998001] tee (849483): drop_caches: 3
[427716.269308] tee (849488): drop_caches: 3
[427722.608309] tee (849523): drop_caches: 3
[427730.386321] tee (849542): drop_caches: 3
[427735.702829] tee (849560): drop_caches: 3
[427741.143650] tee (849566): drop_caches: 3
[427746.288073] tee (849570): drop_caches: 3
[427751.702333] tee (849576): drop_caches: 3
[427756.931168] tee (849580): drop_caches: 3
[427762.295013] tee (849584): drop_caches: 3
[427767.589189] tee (849588): drop_caches: 3
[427772.764279] tee (849598): drop_caches: 3
[427778.265319] tee (849603): drop_caches: 3
[427783.537103] tee (849607): drop_caches: 3
[427788.940954] tee (849611): drop_caches: 3
[427794.247207] tee (849615): drop_caches: 3
[427799.747687] tee (849619): drop_caches: 3
[427805.239171] tee (849623): drop_caches: 3
[427810.463258] tee (849627): drop_caches: 3
[427815.705008] tee (849631): drop_caches: 3
[427820.659335] tee (849644): drop_caches: 3
[427826.145370] tee (849648): drop_caches: 3
[427831.506332] tee (849662): drop_caches: 3
[427836.823549] tee (849667): drop_caches: 3
[427842.042072] tee (849671): drop_caches: 3
[427847.216754] tee (849677): drop_caches: 3
[427852.484780] tee (849681): drop_caches: 3
[427857.957255] tee (849685): drop_caches: 3
[427863.242045] tee (849691): drop_caches: 3
[427868.536494] tee (849695): drop_caches: 3
[427873.821731] tee (849699): drop_caches: 3
[427879.042710] tee (849703): drop_caches: 3
[427884.476642] tee (849707): drop_caches: 3
[427889.943536] tee (849715): drop_caches: 3
[427895.188469] tee (849721): drop_caches: 3
[427900.321791] tee (849725): drop_caches: 3
[427905.589186] tee (849729): drop_caches: 3
[427910.862836] tee (849733): drop_caches: 3
[427916.223943] tee (849737): drop_caches: 3
[427921.451992] tee (849741): drop_caches: 3
[427926.731463] tee (849745): drop_caches: 3
[427932.015484] tee (849749): drop_caches: 3
[427937.198423] tee (849753): drop_caches: 3
[427942.549955] tee (849757): drop_caches: 3
[427947.700920] tee (849761): drop_caches: 3
[427952.875019] tee (849769): drop_caches: 3
[427958.086574] tee (849773): drop_caches: 3
[427963.299870] tee (849777): drop_caches: 3
[427968.842426] tee (849781): drop_caches: 3
[427974.084701] tee (849785): drop_caches: 3
[427979.351831] tee (849789): drop_caches: 3
[427984.635416] tee (849793): drop_caches: 3
[427989.896956] tee (849798): drop_caches: 3
[427995.245821] tee (849802): drop_caches: 3
[428000.589730] tee (849808): drop_caches: 3
[428006.012664] tee (849816): drop_caches: 3
[428011.290581] tee (849824): drop_caches: 3
[428016.535188] tee (849828): drop_caches: 3
[428021.674005] tee (849832): drop_caches: 3
[428026.776415] tee (849838): drop_caches: 3
[428032.142399] tee (849842): drop_caches: 3
[428037.309310] tee (849846): drop_caches: 3
[428042.452270] tee (849850): drop_caches: 3
[428047.708086] tee (849854): drop_caches: 3
[428052.925070] tee (849858): drop_caches: 3
[428058.262000] tee (849862): drop_caches: 3
[428063.532753] tee (849866): drop_caches: 3
[428068.797992] tee (849870): drop_caches: 3
[428074.493111] tee (849896): drop_caches: 3
[428081.272280] tee (849948): drop_caches: 3
[428087.879894] tee (849957): drop_caches: 3
[428093.795052] tee (849986): drop_caches: 3
[428098.982402] tee (849990): drop_caches: 3
[428104.436986] tee (849994): drop_caches: 3
[428109.664922] tee (849998): drop_caches: 3
[428114.984987] tee (850002): drop_caches: 3
[428120.300586] tee (850006): drop_caches: 3
[428125.603125] tee (850010): drop_caches: 3
[428130.921481] tee (850018): drop_caches: 3
[428136.238134] tee (850022): drop_caches: 3
[428141.411188] tee (850026): drop_caches: 3
[428146.671694] tee (850030): drop_caches: 3
[428151.932190] tee (850034): drop_caches: 3
[428157.104196] tee (850038): drop_caches: 3
[428162.311270] tee (850043): drop_caches: 3
[428167.611935] tee (850047): drop_caches: 3
[428172.958290] tee (850051): drop_caches: 3
[428178.112018] tee (850055): drop_caches: 3
[428183.492339] tee (850059): drop_caches: 3
[428188.967604] tee (850063): drop_caches: 3
[428194.244753] tee (850071): drop_caches: 3
[428199.537612] tee (850075): drop_caches: 3
[428204.750936] tee (850079): drop_caches: 3
[428209.962333] tee (850083): drop_caches: 3
[428215.219495] tee (850087): drop_caches: 3
[428220.533815] tee (850091): drop_caches: 3
[428225.840179] tee (850095): drop_caches: 3
[428231.127577] tee (850099): drop_caches: 3
[428236.420788] tee (850105): drop_caches: 3
[428238.250983] iCAT_SQLITE_RUN_END run=20260916-180453-847441
[428239.206652] EXT4-fs (nvme0n1): unmounting filesystem b79722c4-1c82-4ada-9575-aa9eba848f8f.
[428239.676783] pci_bus 0001:10: busn_res: [bus 10-ff] is released
[428239.676847] NVMeVirt: GC stats: ns=0 policy=cat-fig7-fixed host_pages=33869851 gc_pages=6873156 gc_count=636604 WAF=1.202 warmup_gc=100-per-part
[428239.751433] NVMeVirt: Virtual NVMe device closed
