[482354.601501] NVMeVirt: Version 1.10 for >> Samsung 970 Pro SSD <<
[482354.601507] NVMeVirt: Storage: 0x100100000-0x300000000 (8191 MiB)
[482354.612143] NVMeVirt: Total Capacity(GiB,MiB)=2,2048 chs=2 luns=4 lines=8192 blk-size(MiB,KiB)=0,64 line-size(MiB,KiB)=0,256
[482354.622962] NVMeVirt: [chmodel_init] bandwidth 800 max_credits 26 tx_time 152
[482354.633199] NVMeVirt: [chmodel_init] bandwidth 800 max_credits 26 tx_time 152
[482354.633213] NVMeVirt: [chmodel_init] bandwidth 3360 max_credits 110 tx_time 36
[482354.633215] NVMeVirt: Fixed CAT init ns=0 part=0 arm=41 k=7 scale_pct=200 age_ratio=16
[482354.634435] NVMeVirt: pqueue: Copyright (c) 2014, Volkan Yazıcı <volkan.yazici@gmail.com>. All rights reserved.
[482354.634471] NVMeVirt: Init FTL instance with 2 channels (524288 pages)
[482354.634473] NVMeVirt: GC victim policy: cat-fig7-fixed ns=0 part=0 initial_k=7 initial_scale_pct=200 initial_age_ratio=16 warmup_gc=100
[482354.645131] NVMeVirt: [chmodel_init] bandwidth 800 max_credits 26 tx_time 152
[482354.655358] NVMeVirt: [chmodel_init] bandwidth 800 max_credits 26 tx_time 152
[482354.655371] NVMeVirt: [chmodel_init] bandwidth 3360 max_credits 110 tx_time 36
[482354.655373] NVMeVirt: Fixed CAT init ns=0 part=1 arm=41 k=7 scale_pct=200 age_ratio=16
[482354.656706] NVMeVirt: Init FTL instance with 2 channels (524288 pages)
[482354.656708] NVMeVirt: GC victim policy: cat-fig7-fixed ns=0 part=1 initial_k=7 initial_scale_pct=200 initial_age_ratio=16 warmup_gc=100
[482354.666990] NVMeVirt: [chmodel_init] bandwidth 800 max_credits 26 tx_time 152
[482354.677505] NVMeVirt: [chmodel_init] bandwidth 800 max_credits 26 tx_time 152
[482354.677517] NVMeVirt: [chmodel_init] bandwidth 3360 max_credits 110 tx_time 36
[482354.677519] NVMeVirt: Fixed CAT init ns=0 part=2 arm=41 k=7 scale_pct=200 age_ratio=16
[482354.678791] NVMeVirt: Init FTL instance with 2 channels (524288 pages)
[482354.678793] NVMeVirt: GC victim policy: cat-fig7-fixed ns=0 part=2 initial_k=7 initial_scale_pct=200 initial_age_ratio=16 warmup_gc=100
[482354.689051] NVMeVirt: [chmodel_init] bandwidth 800 max_credits 26 tx_time 152
[482354.699242] NVMeVirt: [chmodel_init] bandwidth 800 max_credits 26 tx_time 152
[482354.699255] NVMeVirt: [chmodel_init] bandwidth 3360 max_credits 110 tx_time 36
[482354.699257] NVMeVirt: Fixed CAT init ns=0 part=3 arm=41 k=7 scale_pct=200 age_ratio=16
[482354.700593] NVMeVirt: Init FTL instance with 2 channels (524288 pages)
[482354.700595] NVMeVirt: GC victim policy: cat-fig7-fixed ns=0 part=3 initial_k=7 initial_scale_pct=200 initial_age_ratio=16 warmup_gc=100
[482354.700601] NVMeVirt: FTL physical space: 8588886016, logical space: 8026996276 (physical/logical * 100 = 107)
[482354.700603] NVMeVirt: ns 0/1: size 7655 MiB
[482354.700651] PCI host bridge to bus 0001:10
[482354.700653] pci_bus 0001:10: root bus resource [io  0x0000-0xffff]
[482354.700655] pci_bus 0001:10: root bus resource [mem 0x00000000-0x7fffffffff]
[482354.700657] pci_bus 0001:10: root bus resource [bus 00-ff]
[482354.700664] pci 0001:10:00.0: [0c51:0110] type 00 class 0x010802 PCIe Endpoint
[482354.700683] pci 0001:10:00.0: BAR 0 [mem 0x100000000-0x100003fff 64bit]
[482354.700685] pci 0001:10:00.0: enabling Extended Tags
[482354.700806] NVMeVirt: Virtual PCI bus created (node 0)
[482354.701113] NVMeVirt: nvmev_io_worker_0 started on cpu 2 (node 0)
[482354.701159] NVMeVirt: Virtual NVMe device created
[482354.701269] NVMeVirt: nvmev_dispatcher started on cpu 1 (node 0)
[482354.701383] nvme nvme0: pci function 0001:10:00.0
[482354.705545] nvme nvme0: 8/0/0 default/read/poll queues
[482355.483857] EXT4-fs (nvme0n1): mounted filesystem dd27b2bf-3297-4810-96eb-779f0b714615 r/w with ordered data mode. Quota mode: none.
[482355.966244] iCAT_SQLITE_LOAD_START run=20260917-094443-918397
[482539.998829] iCAT_SQLITE_LOAD_END run=20260917-094443-918397
[482540.572421] tee (918578): drop_caches: 3
[482542.039167] iCAT_SQLITE_RUN_START run=20260917-094443-918397
[482544.046222] tee (918623): drop_caches: 3
[482549.948191] tee (918641): drop_caches: 3
[482554.928267] tee (918646): drop_caches: 3
[482559.953868] tee (918650): drop_caches: 3
[482564.947050] tee (918654): drop_caches: 3
[482569.921231] tee (918659): drop_caches: 3
[482575.286899] tee (918663): drop_caches: 3
[482580.343347] tee (918667): drop_caches: 3
[482585.396071] tee (918675): drop_caches: 3
[482590.434458] tee (918679): drop_caches: 3
[482595.364333] tee (918683): drop_caches: 3
[482600.309476] tee (918687): drop_caches: 3
[482605.365650] tee (918691): drop_caches: 3
[482610.445948] tee (918695): drop_caches: 3
[482615.497216] tee (918699): drop_caches: 3
[482620.500947] tee (918703): drop_caches: 3
[482625.510727] tee (918707): drop_caches: 3
[482630.527593] tee (918711): drop_caches: 3
[482635.540026] tee (918715): drop_caches: 3
[482640.561462] tee (918719): drop_caches: 3
[482645.537891] tee (918727): drop_caches: 3
[482650.855259] tee (918734): drop_caches: 3
[482655.898257] tee (918738): drop_caches: 3
[482660.943897] tee (918742): drop_caches: 3
[482665.994307] tee (918752): drop_caches: 3
[482670.967654] tee (918756): drop_caches: 3
[482675.695601] tee (918785): drop_caches: 3
[482681.243483] tee (918837): drop_caches: 3
[482686.278013] tee (918841): drop_caches: 3
[482691.403507] tee (918845): drop_caches: 3
[482696.507579] tee (918849): drop_caches: 3
[482701.527745] tee (918853): drop_caches: 3
[482706.546611] tee (918861): drop_caches: 3
[482711.620593] tee (918866): drop_caches: 3
[482716.863172] tee (918870): drop_caches: 3
[482721.993486] tee (918874): drop_caches: 3
[482727.179279] tee (918878): drop_caches: 3
[482732.222244] tee (918883): drop_caches: 3
[482737.134725] tee (918887): drop_caches: 3
[482742.159379] tee (918891): drop_caches: 3
[482747.228145] tee (918895): drop_caches: 3
[482752.396070] tee (918899): drop_caches: 3
[482757.405624] tee (918904): drop_caches: 3
[482762.417968] tee (918908): drop_caches: 3
[482767.493357] tee (918916): drop_caches: 3
[482773.152707] tee (918922): drop_caches: 3
[482778.302041] tee (918926): drop_caches: 3
[482783.454190] tee (918930): drop_caches: 3
[482788.532638] tee (918934): drop_caches: 3
[482793.511753] tee (918938): drop_caches: 3
[482798.480807] tee (918942): drop_caches: 3
[482803.526015] tee (918946): drop_caches: 3
[482809.111235] tee (918962): drop_caches: 3
[482814.682216] tee (918968): drop_caches: 3
[482819.772891] tee (918973): drop_caches: 3
[482824.640958] tee (918981): drop_caches: 3
[482829.681062] tee (918986): drop_caches: 3
[482834.986866] tee (918990): drop_caches: 3
[482840.343997] tee (918994): drop_caches: 3
[482845.861726] tee (919002): drop_caches: 3
[482850.915402] tee (919006): drop_caches: 3
[482855.925907] tee (919010): drop_caches: 3
[482860.893159] tee (919015): drop_caches: 3
[482865.820413] tee (919019): drop_caches: 3
[482870.805264] tee (919023): drop_caches: 3
[482876.025881] tee (919028): drop_caches: 3
[482881.138126] tee (919032): drop_caches: 3
[482886.128153] tee (919040): drop_caches: 3
[482891.258159] tee (919044): drop_caches: 3
[482896.310767] tee (919048): drop_caches: 3
[482901.285219] tee (919057): drop_caches: 3
[482908.048705] tee (919089): drop_caches: 3
[482913.691486] tee (919104): drop_caches: 3
[482920.011175] tee (919122): drop_caches: 3
[482925.305413] tee (919126): drop_caches: 3
[482930.389197] tee (919130): drop_caches: 3
[482935.571744] tee (919135): drop_caches: 3
[482940.715349] tee (919139): drop_caches: 3
[482945.823135] tee (919147): drop_caches: 3
[482950.933725] tee (919152): drop_caches: 3
[482955.957307] tee (919156): drop_caches: 3
[482961.082787] tee (919160): drop_caches: 3
[482966.216757] tee (919164): drop_caches: 3
[482971.350066] tee (919168): drop_caches: 3
[482976.046034] tee (919175): drop_caches: 3
[482980.851515] tee (919181): drop_caches: 3
[482985.783123] tee (919185): drop_caches: 3
[482990.740299] tee (919190): drop_caches: 3
[482995.990411] tee (919195): drop_caches: 3
[483001.189913] tee (919200): drop_caches: 3
[483006.259946] tee (919208): drop_caches: 3
[483011.319155] tee (919214): drop_caches: 3
[483016.401505] tee (919218): drop_caches: 3
[483021.420403] tee (919222): drop_caches: 3
[483026.632224] tee (919227): drop_caches: 3
[483031.617139] tee (919231): drop_caches: 3
[483036.696874] tee (919236): drop_caches: 3
[483041.620873] tee (919242): drop_caches: 3
[483046.920298] tee (919247): drop_caches: 3
[483051.984620] tee (919251): drop_caches: 3
[483057.096075] tee (919255): drop_caches: 3
[483062.382596] tee (919259): drop_caches: 3
[483067.412476] tee (919267): drop_caches: 3
[483072.480496] tee (919271): drop_caches: 3
[483077.510934] tee (919277): drop_caches: 3
[483083.005849] tee (919282): drop_caches: 3
[483088.551052] tee (919287): drop_caches: 3
[483093.687232] tee (919291): drop_caches: 3
[483098.638127] tee (919296): drop_caches: 3
[483103.709288] tee (919301): drop_caches: 3
[483108.698517] tee (919305): drop_caches: 3
[483113.698455] tee (919309): drop_caches: 3
[483118.915683] tee (919313): drop_caches: 3
[483124.464585] tee (919321): drop_caches: 3
[483129.470833] tee (919326): drop_caches: 3
[483134.487789] tee (919330): drop_caches: 3
[483139.536143] tee (919334): drop_caches: 3
[483144.540619] tee (919338): drop_caches: 3
[483149.591639] tee (919342): drop_caches: 3
[483154.644143] tee (919346): drop_caches: 3
[483160.003804] tee (919350): drop_caches: 3
[483165.270809] tee (919355): drop_caches: 3
[483170.367488] tee (919360): drop_caches: 3
[483175.495221] tee (919364): drop_caches: 3
[483180.485695] tee (919368): drop_caches: 3
[483185.683485] tee (919377): drop_caches: 3
[483191.022010] tee (919381): drop_caches: 3
[483196.086658] tee (919385): drop_caches: 3
[483201.320506] tee (919391): drop_caches: 3
[483206.529804] tee (919400): drop_caches: 3
[483211.588124] tee (919404): drop_caches: 3
[483216.621060] tee (919408): drop_caches: 3
[483221.805457] tee (919412): drop_caches: 3
[483226.924692] tee (919416): drop_caches: 3
[483232.516848] tee (919421): drop_caches: 3
[483237.563945] tee (919426): drop_caches: 3
[483242.560894] tee (919430): drop_caches: 3
[483247.562663] tee (919439): drop_caches: 3
[483252.555428] tee (919443): drop_caches: 3
[483257.796072] tee (919447): drop_caches: 3
[483262.975949] tee (919451): drop_caches: 3
[483268.025978] tee (919455): drop_caches: 3
[483273.316802] tee (919463): drop_caches: 3
[483279.735274] tee (919503): drop_caches: 3
[483286.282043] tee (919534): drop_caches: 3
[483294.288685] tee (919573): drop_caches: 3
[483306.448006] tee (919661): drop_caches: 3
[483314.326866] tee (919694): drop_caches: 3
[483321.283392] tee (919701): drop_caches: 3
[483327.292776] tee (919705): drop_caches: 3
[483332.567299] tee (919709): drop_caches: 3
[483337.533394] tee (919714): drop_caches: 3
[483342.367880] tee (919730): drop_caches: 3
[483347.851735] tee (919749): drop_caches: 3
[483352.903657] tee (919753): drop_caches: 3
[483357.821345] tee (919757): drop_caches: 3
[483363.033331] tee (919761): drop_caches: 3
[483368.691459] tee (919771): drop_caches: 3
[483373.745069] tee (919775): drop_caches: 3
[483378.773138] tee (919785): drop_caches: 3
[483383.904460] tee (919790): drop_caches: 3
[483388.998748] tee (919794): drop_caches: 3
[483394.052627] tee (919798): drop_caches: 3
[483399.100719] tee (919802): drop_caches: 3
[483404.274967] tee (919806): drop_caches: 3
[483409.336072] tee (919810): drop_caches: 3
[483414.480698] tee (919815): drop_caches: 3
[483419.643377] tee (919819): drop_caches: 3
[483424.859188] tee (919828): drop_caches: 3
[483429.940390] tee (919832): drop_caches: 3
[483434.963024] tee (919836): drop_caches: 3
[483440.190126] tee (919841): drop_caches: 3
[483445.445559] tee (919847): drop_caches: 3
[483450.489184] tee (919851): drop_caches: 3
[483455.608690] tee (919856): drop_caches: 3
[483460.686501] tee (919860): drop_caches: 3
[483465.723914] tee (919864): drop_caches: 3
[483470.918116] tee (919868): drop_caches: 3
[483476.071692] tee (919873): drop_caches: 3
[483481.329505] tee (919878): drop_caches: 3
[483486.372757] tee (919886): drop_caches: 3
[483491.524418] tee (919895): drop_caches: 3
[483496.613029] tee (919909): drop_caches: 3
[483501.637233] tee (919913): drop_caches: 3
[483506.857771] tee (919918): drop_caches: 3
[483511.907140] tee (919922): drop_caches: 3
[483516.974924] tee (919926): drop_caches: 3
[483522.098013] tee (919931): drop_caches: 3
[483527.140720] tee (919935): drop_caches: 3
[483532.611334] tee (919953): drop_caches: 3
[483538.748001] tee (919957): drop_caches: 3
[483543.798095] tee (919961): drop_caches: 3
[483548.969873] tee (919970): drop_caches: 3
[483554.182416] tee (919975): drop_caches: 3
[483559.447569] tee (919979): drop_caches: 3
[483565.104145] tee (919986): drop_caches: 3
[483570.380524] tee (919990): drop_caches: 3
[483575.222949] tee (919997): drop_caches: 3
[483580.517807] tee (920001): drop_caches: 3
[483585.681806] tee (920006): drop_caches: 3
[483590.772227] tee (920010): drop_caches: 3
[483596.031305] tee (920015): drop_caches: 3
[483601.055639] tee (920019): drop_caches: 3
[483606.150006] tee (920027): drop_caches: 3
[483611.691651] tee (920032): drop_caches: 3
[483616.828375] tee (920036): drop_caches: 3
[483621.930476] tee (920040): drop_caches: 3
[483627.273183] tee (920045): drop_caches: 3
[483632.233279] tee (920049): drop_caches: 3
[483637.375715] tee (920053): drop_caches: 3
[483642.618362] tee (920058): drop_caches: 3
[483647.604821] tee (920068): drop_caches: 3
[483652.738647] tee (920072): drop_caches: 3
[483657.898602] tee (920077): drop_caches: 3
[483663.579519] tee (920083): drop_caches: 3
[483668.678561] tee (920091): drop_caches: 3
[483673.709297] tee (920095): drop_caches: 3
[483678.704170] tee (920099): drop_caches: 3
[483684.042741] tee (920105): drop_caches: 3
[483689.467089] tee (920111): drop_caches: 3
[483694.770279] tee (920117): drop_caches: 3
[483700.002134] tee (920121): drop_caches: 3
[483705.053698] tee (920125): drop_caches: 3
[483710.016089] tee (920129): drop_caches: 3
[483715.171698] tee (920134): drop_caches: 3
[483720.163723] tee (920138): drop_caches: 3
[483725.279520] tee (920147): drop_caches: 3
[483730.406548] tee (920151): drop_caches: 3
[483735.550905] tee (920155): drop_caches: 3
[483740.967412] tee (920160): drop_caches: 3
[483745.941696] tee (920165): drop_caches: 3
[483750.923565] tee (920169): drop_caches: 3
[483755.884252] tee (920173): drop_caches: 3
[483760.933425] tee (920177): drop_caches: 3
[483765.946186] tee (920181): drop_caches: 3
[483771.195292] tee (920185): drop_caches: 3
[483776.349083] tee (920189): drop_caches: 3
[483781.435226] tee (920194): drop_caches: 3
[483786.432581] tee (920202): drop_caches: 3
[483791.686145] tee (920209): drop_caches: 3
[483796.763792] tee (920213): drop_caches: 3
[483802.342463] tee (920223): drop_caches: 3
[483807.453330] tee (920227): drop_caches: 3
[483812.626370] tee (920231): drop_caches: 3
[483817.667188] tee (920235): drop_caches: 3
[483822.691765] tee (920241): drop_caches: 3
[483827.677889] tee (920245): drop_caches: 3
[483832.716449] tee (920249): drop_caches: 3
[483837.728266] tee (920253): drop_caches: 3
[483842.732894] tee (920257): drop_caches: 3
[483847.791504] tee (920265): drop_caches: 3
[483852.970068] tee (920270): drop_caches: 3
[483857.913099] tee (920274): drop_caches: 3
[483862.990875] tee (920278): drop_caches: 3
[483868.123173] tee (920284): drop_caches: 3
[483873.471073] tee (920292): drop_caches: 3
[483879.318336] tee (920359): drop_caches: 3
[483886.282073] tee (920369): drop_caches: 3
[483891.558426] tee (920396): drop_caches: 3
[483896.695542] tee (920401): drop_caches: 3
[483901.812518] tee (920405): drop_caches: 3
[483907.005038] tee (920414): drop_caches: 3
[483912.161556] tee (920418): drop_caches: 3
[483917.295313] tee (920422): drop_caches: 3
[483922.412166] tee (920426): drop_caches: 3
[483927.674008] tee (920430): drop_caches: 3
[483932.755068] tee (920434): drop_caches: 3
[483937.862475] tee (920439): drop_caches: 3
[483943.344983] tee (920443): drop_caches: 3
[483948.399917] tee (920447): drop_caches: 3
[483953.603709] tee (920452): drop_caches: 3
[483958.682208] tee (920456): drop_caches: 3
[483963.888561] tee (920461): drop_caches: 3
[483969.030191] tee (920469): drop_caches: 3
[483974.632503] tee (920473): drop_caches: 3
[483979.933434] tee (920480): drop_caches: 3
[483984.987567] tee (920485): drop_caches: 3
[483990.136341] tee (920489): drop_caches: 3
[483995.248781] tee (920493): drop_caches: 3
[484000.396511] tee (920497): drop_caches: 3
[484005.805304] tee (920501): drop_caches: 3
[484010.912546] tee (920505): drop_caches: 3
[484016.092140] tee (920509): drop_caches: 3
[484021.130898] tee (920513): drop_caches: 3
[484026.210988] tee (920521): drop_caches: 3
[484031.360370] tee (920525): drop_caches: 3
[484036.381534] tee (920529): drop_caches: 3
[484041.692987] tee (920533): drop_caches: 3
[484046.844560] tee (920537): drop_caches: 3
[484051.843168] tee (920541): drop_caches: 3
[484056.900934] tee (920545): drop_caches: 3
[484062.050530] tee (920549): drop_caches: 3
[484067.070565] tee (920553): drop_caches: 3
[484072.194651] tee (920557): drop_caches: 3
[484077.425116] tee (920561): drop_caches: 3
[484082.477111] tee (920565): drop_caches: 3
[484087.535053] tee (920573): drop_caches: 3
[484092.700589] tee (920577): drop_caches: 3
[484097.999246] tee (920582): drop_caches: 3
[484103.571906] tee (920592): drop_caches: 3
[484108.648614] tee (920596): drop_caches: 3
[484113.684778] tee (920600): drop_caches: 3
[484118.754094] tee (920604): drop_caches: 3
[484123.809885] tee (920608): drop_caches: 3
[484128.927455] tee (920612): drop_caches: 3
[484133.984451] tee (920616): drop_caches: 3
[484139.332110] tee (920620): drop_caches: 3
[484144.302172] tee (920624): drop_caches: 3
[484149.537579] tee (920632): drop_caches: 3
[484154.651989] tee (920637): drop_caches: 3
[484159.874731] tee (920641): drop_caches: 3
[484164.975304] tee (920645): drop_caches: 3
[484170.365792] tee (920649): drop_caches: 3
[484175.077507] tee (920656): drop_caches: 3
[484179.960739] tee (920660): drop_caches: 3
[484185.042310] tee (920664): drop_caches: 3
[484190.176984] tee (920668): drop_caches: 3
[484195.393137] tee (920672): drop_caches: 3
[484200.478193] tee (920676): drop_caches: 3
[484205.649743] tee (920684): drop_caches: 3
[484210.761905] tee (920688): drop_caches: 3
[484215.802534] tee (920692): drop_caches: 3
[484221.062404] tee (920696): drop_caches: 3
[484226.229852] tee (920700): drop_caches: 3
[484231.399586] tee (920704): drop_caches: 3
[484236.924881] tee (920708): drop_caches: 3
[484242.065580] tee (920712): drop_caches: 3
[484247.236110] tee (920717): drop_caches: 3
[484252.251466] tee (920721): drop_caches: 3
[484257.412753] tee (920725): drop_caches: 3
[484262.382969] tee (920729): drop_caches: 3
[484267.570660] tee (920737): drop_caches: 3
[484272.916428] tee (920743): drop_caches: 3
[484278.088686] tee (920747): drop_caches: 3
[484283.148862] tee (920753): drop_caches: 3
[484288.193488] tee (920757): drop_caches: 3
[484293.310755] tee (920764): drop_caches: 3
[484299.424534] tee (920784): drop_caches: 3
[484305.312295] tee (920788): drop_caches: 3
[484311.436621] tee (920792): drop_caches: 3
[484317.358605] tee (920796): drop_caches: 3
[484323.107085] tee (920800): drop_caches: 3
[484328.995922] tee (920808): drop_caches: 3
[484335.221877] tee (920812): drop_caches: 3
[484341.083505] tee (920819): drop_caches: 3
[484347.489936] tee (920823): drop_caches: 3
[484353.548336] tee (920831): drop_caches: 3
[484360.103573] tee (920839): drop_caches: 3
[484366.110920] tee (920843): drop_caches: 3
[484372.604955] tee (920851): drop_caches: 3
[484378.609197] tee (920855): drop_caches: 3
[484384.575396] tee (920859): drop_caches: 3
[484390.251879] tee (920867): drop_caches: 3
[484395.945652] tee (920872): drop_caches: 3
[484400.985623] tee (920876): drop_caches: 3
[484406.349982] tee (920886): drop_caches: 3
[484411.712936] tee (920890): drop_caches: 3
[484416.719765] tee (920894): drop_caches: 3
[484421.763311] tee (920900): drop_caches: 3
[484426.801054] tee (920905): drop_caches: 3
[484431.834888] tee (920909): drop_caches: 3
[484436.989249] tee (920913): drop_caches: 3
[484442.035018] tee (920917): drop_caches: 3
[484447.137133] tee (920926): drop_caches: 3
[484452.288671] tee (920930): drop_caches: 3
[484457.430767] tee (920934): drop_caches: 3
[484462.411730] tee (920938): drop_caches: 3
[484467.478786] tee (920942): drop_caches: 3
[484472.582604] tee (920947): drop_caches: 3
[484478.127492] tee (921005): drop_caches: 3
[484485.311367] tee (921026): drop_caches: 3
[484490.905413] tee (921057): drop_caches: 3
[484496.124243] tee (921061): drop_caches: 3
[484501.082099] tee (921065): drop_caches: 3
[484506.408885] tee (921073): drop_caches: 3
[484511.595655] tee (921077): drop_caches: 3
[484516.805097] tee (921081): drop_caches: 3
[484521.764405] tee (921085): drop_caches: 3
[484526.891029] tee (921089): drop_caches: 3
[484531.961793] tee (921093): drop_caches: 3
[484536.966701] tee (921097): drop_caches: 3
[484542.036762] tee (921103): drop_caches: 3
[484547.301765] tee (921107): drop_caches: 3
[484552.543218] tee (921111): drop_caches: 3
[484557.690366] tee (921115): drop_caches: 3
[484562.917881] tee (921119): drop_caches: 3
[484567.957234] tee (921127): drop_caches: 3
[484573.002564] tee (921132): drop_caches: 3
[484577.986106] tee (921136): drop_caches: 3
[484582.983315] tee (921140): drop_caches: 3
[484588.654246] tee (921148): drop_caches: 3
[484590.190417] iCAT_SQLITE_RUN_END run=20260917-094443-918397
[484591.173600] EXT4-fs (nvme0n1): unmounting filesystem dd27b2bf-3297-4810-96eb-779f0b714615.
[484591.553064] pci_bus 0001:10: busn_res: [bus 10-ff] is released
[484591.553168] NVMeVirt: GC stats: ns=0 policy=cat-fig7-fixed host_pages=33828014 gc_pages=7044113 gc_count=638620 WAF=1.208 warmup_gc=100-per-part
[484591.625791] NVMeVirt: Virtual NVMe device closed
