[398265.663027] NVMeVirt: Version 1.10 for >> Samsung 970 Pro SSD <<
[398265.663033] NVMeVirt: Storage: 0x100100000-0x300000000 (8191 MiB)
[398265.673399] NVMeVirt: Total Capacity(GiB,MiB)=2,2048 chs=2 luns=4 lines=8192 blk-size(MiB,KiB)=0,64 line-size(MiB,KiB)=0,256
[398265.683910] NVMeVirt: [chmodel_init] bandwidth 800 max_credits 26 tx_time 152
[398265.694280] NVMeVirt: [chmodel_init] bandwidth 800 max_credits 26 tx_time 152
[398265.694294] NVMeVirt: [chmodel_init] bandwidth 3360 max_credits 110 tx_time 36
[398265.694299] NVMeVirt: Fixed CAT init ns=0 part=0 arm=4 k=2 scale_pct=50 age_ratio=7
[398265.695486] NVMeVirt: pqueue: Copyright (c) 2014, Volkan Yazıcı <volkan.yazici@gmail.com>. All rights reserved.
[398265.695521] NVMeVirt: Init FTL instance with 2 channels (524288 pages)
[398265.695523] NVMeVirt: GC victim policy: cat-fig7-fixed ns=0 part=0 initial_k=2 initial_scale_pct=50 initial_age_ratio=7 warmup_gc=100
[398265.706003] NVMeVirt: [chmodel_init] bandwidth 800 max_credits 26 tx_time 152
[398265.716493] NVMeVirt: [chmodel_init] bandwidth 800 max_credits 26 tx_time 152
[398265.716505] NVMeVirt: [chmodel_init] bandwidth 3360 max_credits 110 tx_time 36
[398265.716507] NVMeVirt: Fixed CAT init ns=0 part=1 arm=4 k=2 scale_pct=50 age_ratio=7
[398265.717765] NVMeVirt: Init FTL instance with 2 channels (524288 pages)
[398265.717768] NVMeVirt: GC victim policy: cat-fig7-fixed ns=0 part=1 initial_k=2 initial_scale_pct=50 initial_age_ratio=7 warmup_gc=100
[398265.728837] NVMeVirt: [chmodel_init] bandwidth 800 max_credits 26 tx_time 152
[398265.739562] NVMeVirt: [chmodel_init] bandwidth 800 max_credits 26 tx_time 152
[398265.739576] NVMeVirt: [chmodel_init] bandwidth 3360 max_credits 110 tx_time 36
[398265.739578] NVMeVirt: Fixed CAT init ns=0 part=2 arm=4 k=2 scale_pct=50 age_ratio=7
[398265.740933] NVMeVirt: Init FTL instance with 2 channels (524288 pages)
[398265.740936] NVMeVirt: GC victim policy: cat-fig7-fixed ns=0 part=2 initial_k=2 initial_scale_pct=50 initial_age_ratio=7 warmup_gc=100
[398265.751432] NVMeVirt: [chmodel_init] bandwidth 800 max_credits 26 tx_time 152
[398265.762039] NVMeVirt: [chmodel_init] bandwidth 800 max_credits 26 tx_time 152
[398265.762052] NVMeVirt: [chmodel_init] bandwidth 3360 max_credits 110 tx_time 36
[398265.762054] NVMeVirt: Fixed CAT init ns=0 part=3 arm=4 k=2 scale_pct=50 age_ratio=7
[398265.763292] NVMeVirt: Init FTL instance with 2 channels (524288 pages)
[398265.763294] NVMeVirt: GC victim policy: cat-fig7-fixed ns=0 part=3 initial_k=2 initial_scale_pct=50 initial_age_ratio=7 warmup_gc=100
[398265.763301] NVMeVirt: FTL physical space: 8588886016, logical space: 8026996276 (physical/logical * 100 = 107)
[398265.763302] NVMeVirt: ns 0/1: size 7655 MiB
[398265.763355] PCI host bridge to bus 0001:10
[398265.763357] pci_bus 0001:10: root bus resource [io  0x0000-0xffff]
[398265.763360] pci_bus 0001:10: root bus resource [mem 0x00000000-0x7fffffffff]
[398265.763362] pci_bus 0001:10: root bus resource [bus 00-ff]
[398265.763370] pci 0001:10:00.0: [0c51:0110] type 00 class 0x010802 PCIe Endpoint
[398265.763374] pci 0001:10:00.0: BAR 0 [mem 0x100000000-0x100003fff 64bit]
[398265.763376] pci 0001:10:00.0: enabling Extended Tags
[398265.763510] NVMeVirt: Virtual PCI bus created (node 0)
[398265.763791] NVMeVirt: nvmev_io_worker_0 started on cpu 2 (node 0)
[398265.763822] NVMeVirt: nvmev_dispatcher started on cpu 1 (node 0)
[398265.763852] NVMeVirt: Virtual NVMe device created
[398265.764032] nvme nvme0: pci function 0001:10:00.0
[398265.767792] nvme nvme0: 8/0/0 default/read/poll queues
[398267.416051] EXT4-fs (nvme0n1): mounted filesystem facac24a-d437-48ef-bdff-e805c7d63158 r/w with ordered data mode. Quota mode: none.
[398267.968957] iCAT_SQLITE_LOAD_START run=20260916-102315-811742
[398452.276465] iCAT_SQLITE_LOAD_END run=20260916-102315-811742
[398452.899665] tee (812542): drop_caches: 3
[398454.183618] iCAT_SQLITE_RUN_START run=20260916-102315-811742
[398456.344094] tee (812592): drop_caches: 3
[398461.821328] tee (812605): drop_caches: 3
[398466.826619] tee (812609): drop_caches: 3
[398471.869760] tee (812614): drop_caches: 3
[398476.963172] tee (812618): drop_caches: 3
[398482.050252] tee (812624): drop_caches: 3
[398487.150956] tee (812630): drop_caches: 3
[398492.416324] tee (812635): drop_caches: 3
[398497.437629] tee (812639): drop_caches: 3
[398502.447462] tee (812647): drop_caches: 3
[398507.606281] tee (812651): drop_caches: 3
[398512.655053] tee (812655): drop_caches: 3
[398517.841060] tee (812660): drop_caches: 3
[398523.098441] tee (812665): drop_caches: 3
[398528.276538] tee (812669): drop_caches: 3
[398533.824224] tee (812673): drop_caches: 3
[398540.405910] tee (812679): drop_caches: 3
[398545.379294] tee (812683): drop_caches: 3
[398550.589103] tee (812688): drop_caches: 3
[398555.570844] tee (812692): drop_caches: 3
[398560.588853] tee (812700): drop_caches: 3
[398565.983443] tee (812705): drop_caches: 3
[398571.110607] tee (812714): drop_caches: 3
[398576.272950] tee (812725): drop_caches: 3
[398581.444316] tee (812729): drop_caches: 3
[398586.705114] tee (812735): drop_caches: 3
[398591.728185] tee (812739): drop_caches: 3
[398596.741824] tee (812744): drop_caches: 3
[398601.821752] tee (812754): drop_caches: 3
[398607.032765] tee (812758): drop_caches: 3
[398612.079065] tee (812764): drop_caches: 3
[398617.147488] tee (812769): drop_caches: 3
[398622.223127] tee (812778): drop_caches: 3
[398627.351258] tee (812782): drop_caches: 3
[398632.376947] tee (812786): drop_caches: 3
[398637.445948] tee (812790): drop_caches: 3
[398642.601127] tee (812794): drop_caches: 3
[398647.548259] tee (812798): drop_caches: 3
[398652.662709] tee (812802): drop_caches: 3
[398657.770419] tee (812807): drop_caches: 3
[398662.912979] tee (812811): drop_caches: 3
[398667.900282] tee (812815): drop_caches: 3
[398673.688841] tee (812843): drop_caches: 3
[398681.099248] tee (812909): drop_caches: 3
[398689.400463] tee (812935): drop_caches: 3
[398701.867977] tee (813030): drop_caches: 3
[398708.487972] tee (813051): drop_caches: 3
[398715.343774] tee (813058): drop_caches: 3
[398720.763016] tee (813062): drop_caches: 3
[398726.076256] tee (813067): drop_caches: 3
[398731.077011] tee (813071): drop_caches: 3
[398736.088546] tee (813075): drop_caches: 3
[398741.067212] tee (813083): drop_caches: 3
[398746.056889] tee (813088): drop_caches: 3
[398751.009923] tee (813092): drop_caches: 3
[398756.123347] tee (813096): drop_caches: 3
[398761.175535] tee (813100): drop_caches: 3
[398766.223989] tee (813105): drop_caches: 3
[398771.287636] tee (813109): drop_caches: 3
[398777.116963] tee (813114): drop_caches: 3
[398783.416476] tee (813122): drop_caches: 3
[398788.561380] tee (813126): drop_caches: 3
[398793.783845] tee (813131): drop_caches: 3
[398798.766121] tee (813135): drop_caches: 3
[398803.682929] tee (813143): drop_caches: 3
[398808.844183] tee (813148): drop_caches: 3
[398814.006632] tee (813152): drop_caches: 3
[398819.188099] tee (813156): drop_caches: 3
[398824.511997] tee (813161): drop_caches: 3
[398829.585762] tee (813165): drop_caches: 3
[398834.679288] tee (813169): drop_caches: 3
[398839.874249] tee (813175): drop_caches: 3
[398845.105141] tee (813179): drop_caches: 3
[398850.254797] tee (813183): drop_caches: 3
[398855.465209] tee (813190): drop_caches: 3
[398860.516495] tee (813199): drop_caches: 3
[398865.528052] tee (813204): drop_caches: 3
[398870.517148] tee (813208): drop_caches: 3
[398875.567255] tee (813212): drop_caches: 3
[398880.667451] tee (813217): drop_caches: 3
[398885.792842] tee (813221): drop_caches: 3
[398891.041610] tee (813226): drop_caches: 3
[398896.215308] tee (813230): drop_caches: 3
[398901.297281] tee (813239): drop_caches: 3
[398908.885245] tee (813251): drop_caches: 3
[398914.894207] tee (813260): drop_caches: 3
[398920.477687] tee (813268): drop_caches: 3
[398925.524075] tee (813272): drop_caches: 3
[398930.361052] tee (813280): drop_caches: 3
[398935.416400] tee (813285): drop_caches: 3
[398940.375710] tee (813290): drop_caches: 3
[398945.398646] tee (813295): drop_caches: 3
[398950.467814] tee (813300): drop_caches: 3
[398955.469988] tee (813304): drop_caches: 3
[398960.540480] tee (813309): drop_caches: 3
[398965.706979] tee (813313): drop_caches: 3
[398970.861837] tee (813317): drop_caches: 3
[398975.529786] tee (813325): drop_caches: 3
[398980.411711] tee (813334): drop_caches: 3
[398985.299222] tee (813338): drop_caches: 3
[398990.392237] tee (813342): drop_caches: 3
[398995.471100] tee (813347): drop_caches: 3
[399000.612420] tee (813351): drop_caches: 3
[399005.583343] tee (813357): drop_caches: 3
[399010.501509] tee (813361): drop_caches: 3
[399015.617714] tee (813365): drop_caches: 3
[399021.495267] tee (813371): drop_caches: 3
[399026.673651] tee (813375): drop_caches: 3
[399031.787993] tee (813379): drop_caches: 3
[399036.840678] tee (813383): drop_caches: 3
[399041.988271] tee (813391): drop_caches: 3
[399047.165420] tee (813396): drop_caches: 3
[399052.463825] tee (813401): drop_caches: 3
[399057.553505] tee (813405): drop_caches: 3
[399062.721918] tee (813410): drop_caches: 3
[399067.789312] tee (813414): drop_caches: 3
[399072.843647] tee (813418): drop_caches: 3
[399077.851871] tee (813422): drop_caches: 3
[399082.864753] tee (813427): drop_caches: 3
[399087.907117] tee (813433): drop_caches: 3
[399092.964708] tee (813439): drop_caches: 3
[399098.049069] tee (813444): drop_caches: 3
[399103.136674] tee (813452): drop_caches: 3
[399108.168264] tee (813456): drop_caches: 3
[399113.246765] tee (813460): drop_caches: 3
[399118.277495] tee (813464): drop_caches: 3
[399123.444477] tee (813469): drop_caches: 3
[399128.551522] tee (813473): drop_caches: 3
[399133.567404] tee (813477): drop_caches: 3
[399138.607427] tee (813481): drop_caches: 3
[399143.763244] tee (813485): drop_caches: 3
[399148.923153] tee (813489): drop_caches: 3
[399154.010365] tee (813493): drop_caches: 3
[399159.202069] tee (813497): drop_caches: 3
[399164.258443] tee (813505): drop_caches: 3
[399169.334578] tee (813510): drop_caches: 3
[399174.629567] tee (813514): drop_caches: 3
[399179.617046] tee (813518): drop_caches: 3
[399184.844682] tee (813522): drop_caches: 3
[399189.854759] tee (813527): drop_caches: 3
[399194.829618] tee (813531): drop_caches: 3
[399199.944340] tee (813536): drop_caches: 3
[399205.378693] tee (813546): drop_caches: 3
[399210.531892] tee (813550): drop_caches: 3
[399215.604765] tee (813554): drop_caches: 3
[399220.785139] tee (813563): drop_caches: 3
[399225.748735] tee (813567): drop_caches: 3
[399230.787109] tee (813572): drop_caches: 3
[399235.877241] tee (813576): drop_caches: 3
[399240.888694] tee (813580): drop_caches: 3
[399245.993641] tee (813584): drop_caches: 3
[399251.051669] tee (813588): drop_caches: 3
[399256.194312] tee (813592): drop_caches: 3
[399261.791900] tee (813600): drop_caches: 3
[399266.971543] tee (813604): drop_caches: 3
[399272.422641] tee (813610): drop_caches: 3
[399277.805237] tee (813679): drop_caches: 3
[399284.328888] tee (813695): drop_caches: 3
[399289.938437] tee (813725): drop_caches: 3
[399295.014035] tee (813729): drop_caches: 3
[399300.062662] tee (813733): drop_caches: 3
[399305.142199] tee (813737): drop_caches: 3
[399310.220166] tee (813741): drop_caches: 3
[399315.343729] tee (813745): drop_caches: 3
[399320.429080] tee (813750): drop_caches: 3
[399325.591888] tee (813754): drop_caches: 3
[399330.774648] tee (813758): drop_caches: 3
[399335.807403] tee (813762): drop_caches: 3
[399340.836277] tee (813768): drop_caches: 3
[399346.087474] tee (813777): drop_caches: 3
[399351.438107] tee (813782): drop_caches: 3
[399356.472219] tee (813786): drop_caches: 3
[399361.494844] tee (813790): drop_caches: 3
[399366.758047] tee (813794): drop_caches: 3
[399371.801287] tee (813798): drop_caches: 3
[399376.864572] tee (813802): drop_caches: 3
[399381.932173] tee (813807): drop_caches: 3
[399387.038842] tee (813811): drop_caches: 3
[399392.174364] tee (813818): drop_caches: 3
[399397.216472] tee (813822): drop_caches: 3
[399402.310081] tee (813830): drop_caches: 3
[399407.495906] tee (813834): drop_caches: 3
[399412.566488] tee (813838): drop_caches: 3
[399417.557756] tee (813842): drop_caches: 3
[399422.783744] tee (813847): drop_caches: 3
[399427.762870] tee (813852): drop_caches: 3
[399432.849450] tee (813856): drop_caches: 3
[399437.892262] tee (813861): drop_caches: 3
[399443.132221] tee (813865): drop_caches: 3
[399448.304848] tee (813869): drop_caches: 3
[399453.449443] tee (813873): drop_caches: 3
[399458.670849] tee (813877): drop_caches: 3
[399463.690278] tee (813885): drop_caches: 3
[399468.759706] tee (813890): drop_caches: 3
[399473.916415] tee (813894): drop_caches: 3
[399479.008205] tee (813898): drop_caches: 3
[399484.159291] tee (813903): drop_caches: 3
[399489.316040] tee (813907): drop_caches: 3
[399494.467151] tee (813911): drop_caches: 3
[399499.884133] tee (813916): drop_caches: 3
[399504.958173] tee (813925): drop_caches: 3
[399509.935767] tee (813929): drop_caches: 3
[399515.224788] tee (813934): drop_caches: 3
[399520.270040] tee (813938): drop_caches: 3
[399525.194073] tee (813946): drop_caches: 3
[399530.514714] tee (813951): drop_caches: 3
[399535.555416] tee (813955): drop_caches: 3
[399540.565960] tee (813959): drop_caches: 3
[399545.656257] tee (813963): drop_caches: 3
[399550.590464] tee (813967): drop_caches: 3
[399555.609464] tee (813972): drop_caches: 3
[399560.658389] tee (813977): drop_caches: 3
[399565.881958] tee (813981): drop_caches: 3
[399570.889810] tee (813985): drop_caches: 3
[399575.631665] tee (813992): drop_caches: 3
[399580.320637] tee (813996): drop_caches: 3
[399585.243666] tee (814004): drop_caches: 3
[399590.324207] tee (814008): drop_caches: 3
[399595.429155] tee (814012): drop_caches: 3
[399600.513135] tee (814017): drop_caches: 3
[399605.736480] tee (814021): drop_caches: 3
[399610.795138] tee (814026): drop_caches: 3
[399615.778150] tee (814030): drop_caches: 3
[399620.777415] tee (814034): drop_caches: 3
[399625.802219] tee (814038): drop_caches: 3
[399630.780655] tee (814042): drop_caches: 3
[399635.841866] tee (814046): drop_caches: 3
[399641.001835] tee (814050): drop_caches: 3
[399646.061732] tee (814060): drop_caches: 3
[399651.017721] tee (814064): drop_caches: 3
[399656.046677] tee (814068): drop_caches: 3
[399660.993664] tee (814073): drop_caches: 3
[399666.038490] tee (814078): drop_caches: 3
[399671.037655] tee (814082): drop_caches: 3
[399676.030510] tee (814086): drop_caches: 3
[399681.003099] tee (814090): drop_caches: 3
[399686.036661] tee (814094): drop_caches: 3
[399691.029035] tee (814098): drop_caches: 3
[399696.053119] tee (814104): drop_caches: 3
[399701.162381] tee (814108): drop_caches: 3
[399706.233904] tee (814117): drop_caches: 3
[399711.546224] tee (814122): drop_caches: 3
[399716.630891] tee (814126): drop_caches: 3
[399721.674107] tee (814131): drop_caches: 3
[399726.836368] tee (814137): drop_caches: 3
[399731.865021] tee (814141): drop_caches: 3
[399737.354354] tee (814145): drop_caches: 3
[399742.440416] tee (814149): drop_caches: 3
[399747.570256] tee (814153): drop_caches: 3
[399752.771227] tee (814157): drop_caches: 3
[399757.895520] tee (814161): drop_caches: 3
[399762.875865] tee (814169): drop_caches: 3
[399768.226000] tee (814173): drop_caches: 3
[399773.459894] tee (814178): drop_caches: 3
[399778.550450] tee (814182): drop_caches: 3
[399783.641464] tee (814186): drop_caches: 3
[399788.833175] tee (814190): drop_caches: 3
[399793.916474] tee (814194): drop_caches: 3
[399798.924587] tee (814198): drop_caches: 3
[399804.144922] tee (814208): drop_caches: 3
[399809.316051] tee (814212): drop_caches: 3
[399814.312803] tee (814216): drop_caches: 3
[399819.616920] tee (814220): drop_caches: 3
[399824.608052] tee (814228): drop_caches: 3
[399829.658649] tee (814232): drop_caches: 3
[399834.745049] tee (814236): drop_caches: 3
[399839.983083] tee (814243): drop_caches: 3
[399845.156255] tee (814247): drop_caches: 3
[399850.416465] tee (814252): drop_caches: 3
[399855.511073] tee (814257): drop_caches: 3
[399860.533346] tee (814261): drop_caches: 3
[399865.786205] tee (814265): drop_caches: 3
[399870.794584] tee (814269): drop_caches: 3
[399875.718606] tee (814308): drop_caches: 3
[399881.839896] tee (814352): drop_caches: 3
[399887.169914] tee (814360): drop_caches: 3
[399892.293371] tee (814364): drop_caches: 3
[399897.346794] tee (814368): drop_caches: 3
[399902.420767] tee (814372): drop_caches: 3
[399907.590869] tee (814376): drop_caches: 3
[399912.647293] tee (814380): drop_caches: 3
[399917.766716] tee (814384): drop_caches: 3
[399922.914427] tee (814388): drop_caches: 3
[399928.118377] tee (814392): drop_caches: 3
[399933.228546] tee (814396): drop_caches: 3
[399938.429513] tee (814400): drop_caches: 3
[399943.481943] tee (814408): drop_caches: 3
[399948.462031] tee (814412): drop_caches: 3
[399953.591125] tee (814416): drop_caches: 3
[399958.909838] tee (814420): drop_caches: 3
[399964.286554] tee (814425): drop_caches: 3
[399969.424318] tee (814435): drop_caches: 3
[399974.525909] tee (814449): drop_caches: 3
[399979.635396] tee (814453): drop_caches: 3
[399984.869877] tee (814458): drop_caches: 3
[399991.089191] tee (814490): drop_caches: 3
[399997.914644] tee (814505): drop_caches: 3
[400003.108606] tee (814527): drop_caches: 3
[400008.338521] tee (814531): drop_caches: 3
[400013.539590] tee (814535): drop_caches: 3
[400018.577981] tee (814539): drop_caches: 3
[400023.533379] tee (814543): drop_caches: 3
[400028.556551] tee (814549): drop_caches: 3
[400033.503459] tee (814553): drop_caches: 3
[400038.593084] tee (814557): drop_caches: 3
[400043.986108] tee (814562): drop_caches: 3
[400049.293357] tee (814566): drop_caches: 3
[400054.318158] tee (814570): drop_caches: 3
[400059.411500] tee (814575): drop_caches: 3
[400064.421316] tee (814583): drop_caches: 3
[400069.492009] tee (814588): drop_caches: 3
[400074.461962] tee (814593): drop_caches: 3
[400079.511812] tee (814597): drop_caches: 3
[400085.540418] tee (814612): drop_caches: 3
[400091.359683] tee (814618): drop_caches: 3
[400097.096836] tee (814629): drop_caches: 3
[400102.661634] tee (814642): drop_caches: 3
[400107.780936] tee (814646): drop_caches: 3
[400112.950088] tee (814656): drop_caches: 3
[400118.118078] tee (814661): drop_caches: 3
[400123.264172] tee (814670): drop_caches: 3
[400128.336907] tee (814674): drop_caches: 3
[400133.377259] tee (814678): drop_caches: 3
[400138.511734] tee (814682): drop_caches: 3
[400143.614874] tee (814687): drop_caches: 3
[400148.738085] tee (814691): drop_caches: 3
[400153.851637] tee (814695): drop_caches: 3
[400158.811108] tee (814699): drop_caches: 3
[400163.820948] tee (814704): drop_caches: 3
[400168.822329] tee (814709): drop_caches: 3
[400173.563848] tee (814716): drop_caches: 3
[400178.480121] tee (814720): drop_caches: 3
[400183.471543] tee (814728): drop_caches: 3
[400188.827705] tee (814732): drop_caches: 3
[400194.209457] tee (814736): drop_caches: 3
[400199.244292] tee (814740): drop_caches: 3
[400204.179207] tee (814744): drop_caches: 3
[400209.229137] tee (814748): drop_caches: 3
[400214.425189] tee (814753): drop_caches: 3
[400219.824641] tee (814757): drop_caches: 3
[400224.956438] tee (814761): drop_caches: 3
[400230.103047] tee (814766): drop_caches: 3
[400235.135864] tee (814770): drop_caches: 3
[400240.181764] tee (814774): drop_caches: 3
[400245.447422] tee (814782): drop_caches: 3
[400250.510532] tee (814787): drop_caches: 3
[400256.883170] tee (814801): drop_caches: 3
[400262.709029] tee (814805): drop_caches: 3
[400268.937839] tee (814809): drop_caches: 3
[400276.081995] tee (814814): drop_caches: 3
[400283.800001] tee (815086): drop_caches: 3
[400290.480317] loop3: detected capacity change from 0 to 151512
[400291.929030] tee (815097): drop_caches: 3
[400299.093685] tee (815111): drop_caches: 3
[400306.575153] tee (815126): drop_caches: 3
[400313.167833] tee (815316): drop_caches: 3
[400319.915406] tee (815324): drop_caches: 3
[400325.574246] tee (815328): drop_caches: 3
[400330.830573] tee (815333): drop_caches: 3
[400335.966518] tee (815337): drop_caches: 3
[400340.937773] tee (815341): drop_caches: 3
[400345.943883] tee (815345): drop_caches: 3
[400351.136333] tee (815349): drop_caches: 3
[400356.151782] tee (815353): drop_caches: 3
[400361.191870] tee (815357): drop_caches: 3
[400366.211249] tee (815365): drop_caches: 3
[400371.360381] tee (815369): drop_caches: 3
[400376.392096] tee (815373): drop_caches: 3
[400381.474176] tee (815378): drop_caches: 3
[400386.573922] tee (815383): drop_caches: 3
[400395.600280] tee (815414): drop_caches: 3
[400400.797863] tee (815418): drop_caches: 3
[400405.902284] tee (815422): drop_caches: 3
[400411.104753] tee (815428): drop_caches: 3
[400416.145313] tee (815432): drop_caches: 3
[400421.507081] tee (815436): drop_caches: 3
[400426.689476] tee (815450): drop_caches: 3
[400432.233486] tee (815454): drop_caches: 3
[400437.360240] tee (815458): drop_caches: 3
[400442.511613] tee (815462): drop_caches: 3
[400447.622526] tee (815466): drop_caches: 3
[400452.673738] tee (815471): drop_caches: 3
[400457.872129] tee (815475): drop_caches: 3
[400463.370391] tee (815479): drop_caches: 3
[400468.629014] tee (815483): drop_caches: 3
[400473.792402] tee (815502): drop_caches: 3
[400481.559633] tee (815552): drop_caches: 3
[400490.390713] tee (815605): drop_caches: 3
[400502.618930] tee (815686): drop_caches: 3
[400511.672787] tee (815724): drop_caches: 3
[400515.393724] iCAT_SQLITE_RUN_END run=20260916-102315-811742
[400519.235118] EXT4-fs (nvme0n1): unmounting filesystem facac24a-d437-48ef-bdff-e805c7d63158.
[400519.635272] pci_bus 0001:10: busn_res: [bus 10-ff] is released
[400519.635333] NVMeVirt: GC stats: ns=0 policy=cat-fig7-fixed host_pages=33864993 gc_pages=17223724 gc_count=798254 WAF=1.508 warmup_gc=100-per-part
[400519.708200] NVMeVirt: Virtual NVMe device closed
