[512550.116074] NVMeVirt: Version 1.10 for >> Samsung 970 Pro SSD <<
[512550.116081] NVMeVirt: Storage: 0x100100000-0x300000000 (8191 MiB)
[512550.126948] NVMeVirt: Total Capacity(GiB,MiB)=2,2048 chs=2 luns=4 lines=8192 blk-size(MiB,KiB)=0,64 line-size(MiB,KiB)=0,256
[512550.138267] NVMeVirt: [chmodel_init] bandwidth 800 max_credits 26 tx_time 152
[512550.148606] NVMeVirt: [chmodel_init] bandwidth 800 max_credits 26 tx_time 152
[512550.148619] NVMeVirt: [chmodel_init] bandwidth 3360 max_credits 110 tx_time 36
[512550.148622] NVMeVirt: Fixed CAT init ns=0 part=0 arm=54 k=10 scale_pct=200 age_ratio=4
[512550.149579] NVMeVirt: pqueue: Copyright (c) 2014, Volkan Yazıcı <volkan.yazici@gmail.com>. All rights reserved.
[512550.149616] NVMeVirt: Init FTL instance with 2 channels (524288 pages)
[512550.149618] NVMeVirt: GC victim policy: cat-fig7-fixed ns=0 part=0 initial_k=10 initial_scale_pct=200 initial_age_ratio=4 warmup_gc=100
[512550.160140] NVMeVirt: [chmodel_init] bandwidth 800 max_credits 26 tx_time 152
[512550.170448] NVMeVirt: [chmodel_init] bandwidth 800 max_credits 26 tx_time 152
[512550.170462] NVMeVirt: [chmodel_init] bandwidth 3360 max_credits 110 tx_time 36
[512550.170464] NVMeVirt: Fixed CAT init ns=0 part=1 arm=54 k=10 scale_pct=200 age_ratio=4
[512550.171437] NVMeVirt: Init FTL instance with 2 channels (524288 pages)
[512550.171439] NVMeVirt: GC victim policy: cat-fig7-fixed ns=0 part=1 initial_k=10 initial_scale_pct=200 initial_age_ratio=4 warmup_gc=100
[512550.181390] NVMeVirt: [chmodel_init] bandwidth 800 max_credits 26 tx_time 152
[512550.191982] NVMeVirt: [chmodel_init] bandwidth 800 max_credits 26 tx_time 152
[512550.191999] NVMeVirt: [chmodel_init] bandwidth 3360 max_credits 110 tx_time 36
[512550.192001] NVMeVirt: Fixed CAT init ns=0 part=2 arm=54 k=10 scale_pct=200 age_ratio=4
[512550.193260] NVMeVirt: Init FTL instance with 2 channels (524288 pages)
[512550.193265] NVMeVirt: GC victim policy: cat-fig7-fixed ns=0 part=2 initial_k=10 initial_scale_pct=200 initial_age_ratio=4 warmup_gc=100
[512550.203666] NVMeVirt: [chmodel_init] bandwidth 800 max_credits 26 tx_time 152
[512550.213717] NVMeVirt: [chmodel_init] bandwidth 800 max_credits 26 tx_time 152
[512550.213730] NVMeVirt: [chmodel_init] bandwidth 3360 max_credits 110 tx_time 36
[512550.213732] NVMeVirt: Fixed CAT init ns=0 part=3 arm=54 k=10 scale_pct=200 age_ratio=4
[512550.214732] NVMeVirt: Init FTL instance with 2 channels (524288 pages)
[512550.214735] NVMeVirt: GC victim policy: cat-fig7-fixed ns=0 part=3 initial_k=10 initial_scale_pct=200 initial_age_ratio=4 warmup_gc=100
[512550.214741] NVMeVirt: FTL physical space: 8588886016, logical space: 8026996276 (physical/logical * 100 = 107)
[512550.214743] NVMeVirt: ns 0/1: size 7655 MiB
[512550.214791] PCI host bridge to bus 0001:10
[512550.214794] pci_bus 0001:10: root bus resource [io  0x0000-0xffff]
[512550.214796] pci_bus 0001:10: root bus resource [mem 0x00000000-0x7fffffffff]
[512550.214813] pci_bus 0001:10: root bus resource [bus 00-ff]
[512550.214820] pci 0001:10:00.0: [0c51:0110] type 00 class 0x010802 PCIe Endpoint
[512550.214824] pci 0001:10:00.0: BAR 0 [mem 0x100000000-0x100003fff 64bit]
[512550.214827] pci 0001:10:00.0: enabling Extended Tags
[512550.214948] NVMeVirt: Virtual PCI bus created (node 0)
[512550.215158] NVMeVirt: nvmev_io_worker_0 started on cpu 2 (node 0)
[512550.215295] NVMeVirt: Virtual NVMe device created
[512550.215586] nvme nvme0: pci function 0001:10:00.0
[512550.216305] NVMeVirt: nvmev_dispatcher started on cpu 1 (node 0)
[512550.217668] nvme nvme0: 8/0/0 default/read/poll queues
[512551.178827] EXT4-fs (nvme0n1): mounted filesystem 1f310bb4-3bc5-4a28-8e51-6501a8794b2f r/w with ordered data mode. Quota mode: none.
[512551.652398] iCAT_SQLITE_LOAD_START run=20260917-180758-957362
[512759.640102] iCAT_SQLITE_LOAD_END run=20260917-180758-957362
[512760.249443] tee (957771): drop_caches: 3
[512761.558042] iCAT_SQLITE_RUN_START run=20260917-180758-957362
[512763.697732] tee (957821): drop_caches: 3
[512769.375646] tee (957834): drop_caches: 3
[512774.417135] tee (957839): drop_caches: 3
[512779.430675] tee (957843): drop_caches: 3
[512784.510027] tee (957848): drop_caches: 3
[512789.536989] tee (957852): drop_caches: 3
[512794.562251] tee (957856): drop_caches: 3
[512799.722204] tee (957860): drop_caches: 3
[512804.703989] tee (957865): drop_caches: 3
[512809.780681] tee (957869): drop_caches: 3
[512814.857968] tee (957877): drop_caches: 3
[512819.899841] tee (957882): drop_caches: 3
[512824.955015] tee (957886): drop_caches: 3
[512829.918512] tee (957890): drop_caches: 3
[512835.017277] tee (957894): drop_caches: 3
[512840.017398] tee (957898): drop_caches: 3
[512845.042156] tee (957902): drop_caches: 3
[512850.035189] tee (957906): drop_caches: 3
[512855.127309] tee (957910): drop_caches: 3
[512860.133388] tee (957920): drop_caches: 3
[512865.082627] tee (957924): drop_caches: 3
[512870.186440] tee (957929): drop_caches: 3
[512875.302872] tee (957937): drop_caches: 3
[512880.383176] tee (957941): drop_caches: 3
[512885.577976] tee (957945): drop_caches: 3
[512890.727103] tee (957949): drop_caches: 3
[512895.754875] tee (957953): drop_caches: 3
[512900.819885] tee (957957): drop_caches: 3
[512905.953185] tee (957966): drop_caches: 3
[512911.265469] tee (957971): drop_caches: 3
[512916.352821] tee (957975): drop_caches: 3
[512921.304638] tee (957980): drop_caches: 3
[512926.265455] tee (957984): drop_caches: 3
[512931.271439] tee (957988): drop_caches: 3
[512936.336953] tee (957996): drop_caches: 3
[512941.563414] tee (958000): drop_caches: 3
[512946.669615] tee (958004): drop_caches: 3
[512951.651998] tee (958008): drop_caches: 3
[512956.644882] tee (958012): drop_caches: 3
[512961.740951] tee (958016): drop_caches: 3
[512966.791765] tee (958020): drop_caches: 3
[512972.034272] tee (958026): drop_caches: 3
[512976.946548] tee (958033): drop_caches: 3
[512981.859817] tee (958037): drop_caches: 3
[512986.831864] tee (958041): drop_caches: 3
[512991.906472] tee (958049): drop_caches: 3
[512996.970766] tee (958054): drop_caches: 3
[513002.149894] tee (958058): drop_caches: 3
[513007.331268] tee (958062): drop_caches: 3
[513012.497878] tee (958066): drop_caches: 3
[513017.599047] tee (958070): drop_caches: 3
[513022.748155] tee (958074): drop_caches: 3
[513027.852510] tee (958078): drop_caches: 3
[513032.988995] tee (958082): drop_caches: 3
[513038.148327] tee (958086): drop_caches: 3
[513043.177596] tee (958091): drop_caches: 3
[513048.270147] tee (958096): drop_caches: 3
[513053.305393] tee (958104): drop_caches: 3
[513058.407098] tee (958108): drop_caches: 3
[513063.473864] tee (958113): drop_caches: 3
[513068.629413] tee (958117): drop_caches: 3
[513073.646285] tee (958121): drop_caches: 3
[513078.687247] tee (958125): drop_caches: 3
[513083.907425] tee (958129): drop_caches: 3
[513089.066425] tee (958133): drop_caches: 3
[513094.541316] tee (958148): drop_caches: 3
[513101.168848] tee (958160): drop_caches: 3
[513107.099793] tee (958164): drop_caches: 3
[513113.134000] tee (958172): drop_caches: 3
[513119.049116] tee (958176): drop_caches: 3
[513124.958841] tee (958180): drop_caches: 3
[513130.869159] tee (958184): drop_caches: 3
[513136.841717] tee (958188): drop_caches: 3
[513143.065594] tee (958192): drop_caches: 3
[513148.863224] tee (958201): drop_caches: 3
[513154.670004] tee (958205): drop_caches: 3
[513160.565853] tee (958209): drop_caches: 3
[513166.523622] tee (958213): drop_caches: 3
[513172.660006] tee (958222): drop_caches: 3
[513178.983366] tee (958226): drop_caches: 3
[513184.591195] tee (958231): drop_caches: 3
[513189.645172] tee (958235): drop_caches: 3
[513194.611951] tee (958239): drop_caches: 3
[513199.596912] tee (958243): drop_caches: 3
[513204.660653] tee (958253): drop_caches: 3
[513209.562380] tee (958257): drop_caches: 3
[513214.662559] tee (958261): drop_caches: 3
[513219.676429] tee (958265): drop_caches: 3
[513224.650026] tee (958270): drop_caches: 3
[513229.716054] tee (958274): drop_caches: 3
[513234.637002] tee (958282): drop_caches: 3
[513239.661055] tee (958286): drop_caches: 3
[513244.635713] tee (958290): drop_caches: 3
[513249.568999] tee (958294): drop_caches: 3
[513254.697040] tee (958298): drop_caches: 3
[513259.850125] tee (958302): drop_caches: 3
[513264.824610] tee (958306): drop_caches: 3
[513269.859517] tee (958310): drop_caches: 3
[513275.248344] tee (958334): drop_caches: 3
[513281.593471] tee (958390): drop_caches: 3
[513288.035737] tee (958399): drop_caches: 3
[513293.321972] tee (958431): drop_caches: 3
[513298.355115] tee (958435): drop_caches: 3
[513303.340802] tee (958439): drop_caches: 3
[513308.570517] tee (958443): drop_caches: 3
[513313.629062] tee (958447): drop_caches: 3
[513318.700185] tee (958451): drop_caches: 3
[513323.782032] tee (958455): drop_caches: 3
[513328.899613] tee (958459): drop_caches: 3
[513334.143086] tee (958463): drop_caches: 3
[513339.282994] tee (958467): drop_caches: 3
[513344.392767] tee (958471): drop_caches: 3
[513349.421907] tee (958475): drop_caches: 3
[513354.466598] tee (958483): drop_caches: 3
[513359.501233] tee (958488): drop_caches: 3
[513364.655095] tee (958493): drop_caches: 3
[513369.660616] tee (958497): drop_caches: 3
[513374.671335] tee (958502): drop_caches: 3
[513379.730257] tee (958506): drop_caches: 3
[513384.786324] tee (958510): drop_caches: 3
[513389.799669] tee (958514): drop_caches: 3
[513394.973421] tee (958518): drop_caches: 3
[513400.035600] tee (958522): drop_caches: 3
[513404.988303] tee (958526): drop_caches: 3
[513410.061656] tee (958530): drop_caches: 3
[513416.015366] tee (958551): drop_caches: 3
[513421.794968] tee (958556): drop_caches: 3
[513426.886547] tee (958560): drop_caches: 3
[513431.875134] tee (958564): drop_caches: 3
[513436.967978] tee (958569): drop_caches: 3
[513441.954828] tee (958573): drop_caches: 3
[513446.949282] tee (958577): drop_caches: 3
[513451.948285] tee (958583): drop_caches: 3
[513456.892032] tee (958587): drop_caches: 3
[513461.932596] tee (958592): drop_caches: 3
[513466.891859] tee (958596): drop_caches: 3
[513471.880998] tee (958600): drop_caches: 3
[513476.813686] tee (958608): drop_caches: 3
[513481.877195] tee (958612): drop_caches: 3
[513486.878009] tee (958616): drop_caches: 3
[513491.882673] tee (958620): drop_caches: 3
[513496.922760] tee (958624): drop_caches: 3
[513501.839752] tee (958628): drop_caches: 3
[513506.924401] tee (958637): drop_caches: 3
[513513.341183] tee (958649): drop_caches: 3
[513519.418259] tee (958658): drop_caches: 3
[513524.343465] tee (958662): drop_caches: 3
[513529.413878] tee (958668): drop_caches: 3
[513534.418043] tee (958679): drop_caches: 3
[513539.542390] tee (958683): drop_caches: 3
[513544.711023] tee (958688): drop_caches: 3
[513549.821768] tee (958692): drop_caches: 3
[513554.906030] tee (958697): drop_caches: 3
[513559.875441] tee (958701): drop_caches: 3
[513564.897790] tee (958705): drop_caches: 3
[513569.920063] tee (958709): drop_caches: 3
[513574.692876] tee (958720): drop_caches: 3
[513579.869088] tee (958724): drop_caches: 3
[513584.878504] tee (958728): drop_caches: 3
[513589.822157] tee (958732): drop_caches: 3
[513594.814497] tee (958740): drop_caches: 3
[513599.788962] tee (958744): drop_caches: 3
[513604.879352] tee (958748): drop_caches: 3
[513609.903786] tee (958752): drop_caches: 3
[513614.987159] tee (958756): drop_caches: 3
[513619.948001] tee (958760): drop_caches: 3
[513624.944431] tee (958764): drop_caches: 3
[513629.933947] tee (958769): drop_caches: 3
[513635.208842] tee (958773): drop_caches: 3
[513640.328253] tee (958778): drop_caches: 3
[513645.339604] tee (958782): drop_caches: 3
[513650.475243] tee (958787): drop_caches: 3
[513655.501181] tee (958795): drop_caches: 3
[513660.658388] tee (958799): drop_caches: 3
[513665.746214] tee (958803): drop_caches: 3
[513670.875141] tee (958807): drop_caches: 3
[513675.836353] tee (958811): drop_caches: 3
[513680.819584] tee (958815): drop_caches: 3
[513685.773001] tee (958819): drop_caches: 3
[513690.819866] tee (958823): drop_caches: 3
[513695.846211] tee (958827): drop_caches: 3
[513700.853430] tee (958831): drop_caches: 3
[513705.896654] tee (958835): drop_caches: 3
[513710.932392] tee (958839): drop_caches: 3
[513715.940593] tee (958848): drop_caches: 3
[513721.004037] tee (958852): drop_caches: 3
[513726.054642] tee (958856): drop_caches: 3
[513731.030054] tee (958860): drop_caches: 3
[513735.956079] tee (958864): drop_caches: 3
[513741.583720] tee (958870): drop_caches: 3
[513746.927272] tee (958877): drop_caches: 3
[513751.921720] tee (958881): drop_caches: 3
[513756.890224] tee (958886): drop_caches: 3
[513761.894785] tee (958890): drop_caches: 3
[513766.946314] tee (958894): drop_caches: 3
[513771.975149] tee (958901): drop_caches: 3
[513777.070904] tee (958909): drop_caches: 3
[513782.136194] tee (958913): drop_caches: 3
[513787.252854] tee (958917): drop_caches: 3
[513792.227784] tee (958921): drop_caches: 3
[513797.288740] tee (958925): drop_caches: 3
[513802.615833] tee (958935): drop_caches: 3
[513807.812776] tee (958939): drop_caches: 3
[513812.882975] tee (958945): drop_caches: 3
[513817.862110] tee (958949): drop_caches: 3
[513822.879299] tee (958953): drop_caches: 3
[513827.786197] tee (958958): drop_caches: 3
[513832.719696] tee (958962): drop_caches: 3
[513837.671902] tee (958970): drop_caches: 3
[513842.725618] tee (958974): drop_caches: 3
[513847.833610] tee (958978): drop_caches: 3
[513852.874205] tee (958982): drop_caches: 3
[513857.961940] tee (958986): drop_caches: 3
[513862.962447] tee (958990): drop_caches: 3
[513868.062676] tee (958994): drop_caches: 3
[513873.820899] tee (959008): drop_caches: 3
[513881.185492] tee (959053): drop_caches: 3
[513888.670123] tee (959100): drop_caches: 3
[513897.689084] tee (959140): drop_caches: 3
[513907.080509] tee (959203): drop_caches: 3
[513914.286110] tee (959237): drop_caches: 3
[513920.844009] tee (959243): drop_caches: 3
[513926.049133] tee (959247): drop_caches: 3
[513931.167115] tee (959251): drop_caches: 3
[513936.263589] tee (959255): drop_caches: 3
[513941.457952] tee (959259): drop_caches: 3
[513946.587503] tee (959264): drop_caches: 3
[513951.746346] tee (959268): drop_caches: 3
[513956.835577] tee (959276): drop_caches: 3
[513961.983979] tee (959280): drop_caches: 3
[513967.152087] tee (959284): drop_caches: 3
[513972.243169] tee (959288): drop_caches: 3
[513977.294290] tee (959292): drop_caches: 3
[513982.366919] tee (959296): drop_caches: 3
[513987.406491] tee (959300): drop_caches: 3
[513992.481893] tee (959305): drop_caches: 3
[513997.610415] tee (959309): drop_caches: 3
[514002.837184] tee (959313): drop_caches: 3
[514007.829575] tee (959317): drop_caches: 3
[514012.877077] tee (959321): drop_caches: 3
[514017.938926] tee (959329): drop_caches: 3
[514023.068751] tee (959333): drop_caches: 3
[514028.087264] tee (959337): drop_caches: 3
[514033.137381] tee (959341): drop_caches: 3
[514038.223438] tee (959345): drop_caches: 3
[514043.279830] tee (959349): drop_caches: 3
[514048.317279] tee (959353): drop_caches: 3
[514053.328308] tee (959357): drop_caches: 3
[514058.417279] tee (959361): drop_caches: 3
[514063.717514] tee (959365): drop_caches: 3
[514068.872824] tee (959369): drop_caches: 3
[514074.054014] tee (959377): drop_caches: 3
[514079.163282] tee (959382): drop_caches: 3
[514084.375008] tee (959386): drop_caches: 3
[514089.586207] tee (959390): drop_caches: 3
[514094.692085] tee (959394): drop_caches: 3
[514099.802803] tee (959398): drop_caches: 3
[514105.048892] tee (959407): drop_caches: 3
[514110.135887] tee (959412): drop_caches: 3
[514115.222973] tee (959416): drop_caches: 3
[514120.275378] tee (959420): drop_caches: 3
[514125.325384] tee (959424): drop_caches: 3
[514130.409893] tee (959428): drop_caches: 3
[514135.445239] tee (959437): drop_caches: 3
[514141.828482] tee (959470): drop_caches: 3
[514150.271720] tee (959482): drop_caches: 3
[514155.604567] tee (959500): drop_caches: 3
[514160.915995] tee (959504): drop_caches: 3
[514165.905746] tee (959508): drop_caches: 3
[514171.135603] tee (959514): drop_caches: 3
[514175.933344] tee (959523): drop_caches: 3
[514180.900020] tee (959527): drop_caches: 3
[514185.871578] tee (959531): drop_caches: 3
[514190.831623] tee (959535): drop_caches: 3
[514195.760628] tee (959543): drop_caches: 3
[514200.825858] tee (959547): drop_caches: 3
[514205.867525] tee (959551): drop_caches: 3
[514210.854032] tee (959555): drop_caches: 3
[514216.050581] tee (959559): drop_caches: 3
[514221.036696] tee (959563): drop_caches: 3
[514225.993617] tee (959567): drop_caches: 3
[514231.085464] tee (959571): drop_caches: 3
[514236.079452] tee (959576): drop_caches: 3
[514241.182385] tee (959580): drop_caches: 3
[514246.312172] tee (959584): drop_caches: 3
[514251.290651] tee (959590): drop_caches: 3
[514256.333321] tee (959598): drop_caches: 3
[514261.414696] tee (959602): drop_caches: 3
[514266.514732] tee (959606): drop_caches: 3
[514271.547177] tee (959610): drop_caches: 3
[514276.647971] tee (959614): drop_caches: 3
[514281.680979] tee (959618): drop_caches: 3
[514286.705412] tee (959622): drop_caches: 3
[514291.794992] tee (959626): drop_caches: 3
[514296.699820] tee (959630): drop_caches: 3
[514301.702238] tee (959634): drop_caches: 3
[514306.673578] tee (959639): drop_caches: 3
[514311.730169] tee (959643): drop_caches: 3
[514316.670842] tee (959651): drop_caches: 3
[514321.802178] tee (959655): drop_caches: 3
[514326.932047] tee (959661): drop_caches: 3
[514332.010475] tee (959665): drop_caches: 3
[514337.074468] tee (959669): drop_caches: 3
[514342.070264] tee (959673): drop_caches: 3
[514347.081028] tee (959677): drop_caches: 3
[514352.127135] tee (959681): drop_caches: 3
[514357.139040] tee (959685): drop_caches: 3
[514362.225319] tee (959689): drop_caches: 3
[514367.260933] tee (959693): drop_caches: 3
[514372.241363] tee (959697): drop_caches: 3
[514377.218109] tee (959705): drop_caches: 3
[514382.310775] tee (959709): drop_caches: 3
[514387.305706] tee (959713): drop_caches: 3
[514392.605647] tee (959718): drop_caches: 3
[514397.728262] tee (959722): drop_caches: 3
[514402.725668] tee (959732): drop_caches: 3
[514407.798433] tee (959736): drop_caches: 3
[514412.729322] tee (959740): drop_caches: 3
[514417.922546] tee (959744): drop_caches: 3
[514422.977498] tee (959748): drop_caches: 3
[514427.986424] tee (959752): drop_caches: 3
[514432.961987] tee (959756): drop_caches: 3
[514438.022646] tee (959764): drop_caches: 3
[514443.063349] tee (959768): drop_caches: 3
[514448.167767] tee (959772): drop_caches: 3
[514453.218689] tee (959776): drop_caches: 3
[514458.254639] tee (959780): drop_caches: 3
[514463.283785] tee (959784): drop_caches: 3
[514468.254587] tee (959788): drop_caches: 3
[514473.472213] tee (959794): drop_caches: 3
[514479.544750] tee (959853): drop_caches: 3
[514486.375131] tee (959869): drop_caches: 3
[514492.052044] tee (959903): drop_caches: 3
[514497.167458] tee (959912): drop_caches: 3
[514502.190816] tee (959916): drop_caches: 3
[514507.216615] tee (959920): drop_caches: 3
[514512.222761] tee (959924): drop_caches: 3
[514517.300905] tee (959928): drop_caches: 3
[514522.361669] tee (959932): drop_caches: 3
[514527.302241] tee (959936): drop_caches: 3
[514532.368922] tee (959940): drop_caches: 3
[514537.421702] tee (959944): drop_caches: 3
[514542.603280] tee (959949): drop_caches: 3
[514547.677356] tee (959953): drop_caches: 3
[514552.794780] tee (959957): drop_caches: 3
[514557.839364] tee (959965): drop_caches: 3
[514562.865743] tee (959969): drop_caches: 3
[514567.905242] tee (959973): drop_caches: 3
[514573.205254] tee (959978): drop_caches: 3
[514578.248911] tee (959982): drop_caches: 3
[514583.337863] tee (959986): drop_caches: 3
[514588.319751] tee (959990): drop_caches: 3
[514593.359297] tee (959994): drop_caches: 3
[514598.409087] tee (959998): drop_caches: 3
[514603.744463] tee (960003): drop_caches: 3
[514608.756886] tee (960007): drop_caches: 3
[514613.893551] tee (960011): drop_caches: 3
[514618.919216] tee (960019): drop_caches: 3
[514623.972291] tee (960023): drop_caches: 3
[514629.109087] tee (960027): drop_caches: 3
[514634.197087] tee (960031): drop_caches: 3
[514639.403338] tee (960036): drop_caches: 3
[514644.507701] tee (960040): drop_caches: 3
[514649.519376] tee (960044): drop_caches: 3
[514654.683697] tee (960048): drop_caches: 3
[514659.909351] tee (960052): drop_caches: 3
[514665.059932] tee (960056): drop_caches: 3
[514670.172808] tee (960060): drop_caches: 3
[514675.311222] tee (960068): drop_caches: 3
[514680.251138] tee (960072): drop_caches: 3
[514685.323450] tee (960076): drop_caches: 3
[514690.564167] tee (960080): drop_caches: 3
[514695.678126] tee (960084): drop_caches: 3
[514700.592470] tee (960088): drop_caches: 3
[514705.689275] tee (960097): drop_caches: 3
[514710.823331] tee (960101): drop_caches: 3
[514715.844219] tee (960105): drop_caches: 3
[514720.960220] tee (960109): drop_caches: 3
[514726.220557] tee (960113): drop_caches: 3
[514731.393064] tee (960117): drop_caches: 3
[514736.591079] tee (960125): drop_caches: 3
[514741.568839] tee (960129): drop_caches: 3
[514746.626027] tee (960133): drop_caches: 3
[514751.836823] tee (960137): drop_caches: 3
[514756.956119] tee (960141): drop_caches: 3
[514761.985323] tee (960145): drop_caches: 3
[514767.057272] tee (960149): drop_caches: 3
[514772.337914] tee (960153): drop_caches: 3
[514777.108489] tee (960160): drop_caches: 3
[514782.302606] tee (960166): drop_caches: 3
[514787.352247] tee (960170): drop_caches: 3
[514792.369699] tee (960174): drop_caches: 3
[514797.405103] tee (960182): drop_caches: 3
[514802.407517] tee (960186): drop_caches: 3
[514807.420459] tee (960190): drop_caches: 3
[514812.485065] tee (960194): drop_caches: 3
[514817.516927] tee (960199): drop_caches: 3
[514822.689889] tee (960203): drop_caches: 3
[514827.703760] tee (960207): drop_caches: 3
[514832.627125] tee (960211): drop_caches: 3
[514837.662643] tee (960215): drop_caches: 3
[514842.667098] tee (960219): drop_caches: 3
[514847.761433] tee (960224): drop_caches: 3
[514852.889552] tee (960228): drop_caches: 3
[514857.935357] tee (960236): drop_caches: 3
[514863.032147] tee (960241): drop_caches: 3
[514868.011584] tee (960245): drop_caches: 3
[514873.103567] tee (960250): drop_caches: 3
[514878.314119] tee (960255): drop_caches: 3
[514883.506402] tee (960354): drop_caches: 3
[514888.717076] tee (960358): drop_caches: 3
[514893.727805] tee (960362): drop_caches: 3
[514898.800670] tee (960366): drop_caches: 3
[514904.203801] tee (960372): drop_caches: 3
[514905.607628] iCAT_SQLITE_RUN_END run=20260917-180758-957362
[514906.426850] EXT4-fs (nvme0n1): unmounting filesystem 1f310bb4-3bc5-4a28-8e51-6501a8794b2f.
[514906.828573] pci_bus 0001:10: busn_res: [bus 10-ff] is released
[514906.828616] NVMeVirt: GC stats: ns=0 policy=cat-fig7-fixed host_pages=34090808 gc_pages=14306632 gc_count=756203 WAF=1.419 warmup_gc=100-per-part
[514906.900240] NVMeVirt: Virtual NVMe device closed
