[246305.487034] NVMeVirt: Version 1.10 for >> Samsung 970 Pro SSD <<
[246305.487040] NVMeVirt: Storage: 0x100100000-0x300000000 (8191 MiB)
[246305.497700] NVMeVirt: Total Capacity(GiB,MiB)=2,2048 chs=2 luns=4 lines=8192 blk-size(MiB,KiB)=0,64 line-size(MiB,KiB)=0,256
[246305.508068] NVMeVirt: [chmodel_init] bandwidth 800 max_credits 26 tx_time 152
[246305.518429] NVMeVirt: [chmodel_init] bandwidth 800 max_credits 26 tx_time 152
[246305.518444] NVMeVirt: [chmodel_init] bandwidth 3360 max_credits 110 tx_time 36
[246305.519458] NVMeVirt: pqueue: Copyright (c) 2014, Volkan Yazıcı <volkan.yazici@gmail.com>. All rights reserved.
[246305.519494] NVMeVirt: Init FTL instance with 2 channels (524288 pages)
[246305.519496] NVMeVirt: GC victim policy: cat-fig7-fixed ns=0 part=0 initial_k=7 initial_scale_pct=100 initial_age_ratio=7 warmup_gc=100
[246305.529829] NVMeVirt: [chmodel_init] bandwidth 800 max_credits 26 tx_time 152
[246305.540401] NVMeVirt: [chmodel_init] bandwidth 800 max_credits 26 tx_time 152
[246305.540417] NVMeVirt: [chmodel_init] bandwidth 3360 max_credits 110 tx_time 36
[246305.541338] NVMeVirt: Init FTL instance with 2 channels (524288 pages)
[246305.541342] NVMeVirt: GC victim policy: cat-fig7-fixed ns=0 part=1 initial_k=7 initial_scale_pct=100 initial_age_ratio=7 warmup_gc=100
[246305.551985] NVMeVirt: [chmodel_init] bandwidth 800 max_credits 26 tx_time 152
[246305.562538] NVMeVirt: [chmodel_init] bandwidth 800 max_credits 26 tx_time 152
[246305.562552] NVMeVirt: [chmodel_init] bandwidth 3360 max_credits 110 tx_time 36
[246305.563576] NVMeVirt: Init FTL instance with 2 channels (524288 pages)
[246305.563580] NVMeVirt: GC victim policy: cat-fig7-fixed ns=0 part=2 initial_k=7 initial_scale_pct=100 initial_age_ratio=7 warmup_gc=100
[246305.574993] NVMeVirt: [chmodel_init] bandwidth 800 max_credits 26 tx_time 152
[246305.585936] NVMeVirt: [chmodel_init] bandwidth 800 max_credits 26 tx_time 152
[246305.586418] NVMeVirt: [chmodel_init] bandwidth 3360 max_credits 110 tx_time 36
[246306.844883] NVMeVirt: Init FTL instance with 2 channels (524288 pages)
[246306.844889] NVMeVirt: GC victim policy: cat-fig7-fixed ns=0 part=3 initial_k=7 initial_scale_pct=100 initial_age_ratio=7 warmup_gc=100
[246306.844895] NVMeVirt: FTL physical space: 8588886016, logical space: 8026996276 (physical/logical * 100 = 107)
[246306.844897] NVMeVirt: ns 0/1: size 7655 MiB
[246306.844949] PCI host bridge to bus 0001:10
[246306.844951] pci_bus 0001:10: root bus resource [io  0x0000-0xffff]
[246306.844954] pci_bus 0001:10: root bus resource [mem 0x00000000-0x7fffffffff]
[246306.844956] pci_bus 0001:10: root bus resource [bus 00-ff]
[246306.844963] pci 0001:10:00.0: [0c51:0110] type 00 class 0x010802 PCIe Endpoint
[246306.844967] pci 0001:10:00.0: BAR 0 [mem 0x100000000-0x100003fff 64bit]
[246306.844969] pci 0001:10:00.0: enabling Extended Tags
[246306.845086] NVMeVirt: Virtual PCI bus created (node 0)
[246306.948812] NVMeVirt: nvmev_io_worker_0 started on cpu 2 (node 0)
[246306.948920] NVMeVirt: Virtual NVMe device created
[246306.948953] NVMeVirt: nvmev_dispatcher started on cpu 1 (node 0)
[246306.949070] nvme nvme0: pci function 0001:10:00.0
[246306.951727] nvme nvme0: 8/0/0 default/read/poll queues
[246306.956231] blk-mq: reduced tag depth (1023 -> 127)
[246312.459119] EXT4-fs (nvme0n1): mounted filesystem 488bc4d4-cb44-4ff6-9851-1de21cd7f9b5 r/w with ordered data mode. Quota mode: none.
[246315.371565] iCAT_SQLITE_LOAD_START run=20260914-161037-253188
[246542.717313] iCAT_SQLITE_LOAD_END run=20260914-161037-253188
[246543.812550] tee (255368): drop_caches: 3
[246545.379859] iCAT_SQLITE_RUN_START run=20260914-161037-253188
[246546.793124] tee (255402): drop_caches: 3
[246553.236991] tee (255431): drop_caches: 3
[246558.691253] tee (255435): drop_caches: 3
[246565.078356] tee (255442): drop_caches: 3
[246570.609461] tee (255452): drop_caches: 3
[246576.363773] tee (255462): drop_caches: 3
[246582.004447] tee (255468): drop_caches: 3
[246587.621803] tee (255472): drop_caches: 3
[246593.234860] tee (255476): drop_caches: 3
[246603.808907] tee (255487): drop_caches: 3
[246611.779189] tee (255491): drop_caches: 3
[246621.944878] tee (255538): drop_caches: 3
[246635.146913] tee (255562): drop_caches: 3
[246643.168069] tee (255575): drop_caches: 3
[246651.162459] tee (255582): drop_caches: 3
[246658.815692] tee (255590): drop_caches: 3
[246664.841187] tee (255598): drop_caches: 3
[246670.139343] tee (255604): drop_caches: 3
[246676.812793] tee (255617): drop_caches: 3
[246683.734279] tee (255639): drop_caches: 3
[246691.010772] tee (255659): drop_caches: 3
[246698.098483] tee (255696): drop_caches: 3
[246704.015803] tee (255703): drop_caches: 3
[246709.212368] tee (255709): drop_caches: 3
[246715.394924] tee (255715): drop_caches: 3
[246721.605035] tee (255724): drop_caches: 3
[246728.948695] tee (255733): drop_caches: 3
[246737.041398] tee (255738): drop_caches: 3
[246744.092095] tee (255742): drop_caches: 3
[246751.968017] tee (255776): drop_caches: 3
[246760.477301] tee (255831): drop_caches: 3
[246770.870310] tee (255861): drop_caches: 3
[246781.630617] tee (255882): drop_caches: 3
[246794.088027] tee (255921): drop_caches: 3
[246810.528436] tee (255943): drop_caches: 3
[246817.536018] tee (255959): drop_caches: 3
[246824.003552] tee (255963): drop_caches: 3
[246833.067359] tee (255975): drop_caches: 3
[246843.540802] tee (255984): drop_caches: 3
[246852.240249] tee (255997): drop_caches: 3
[246864.625466] tee (256003): drop_caches: 3
[246871.942280] tee (256013): drop_caches: 3
[246881.096899] tee (256068): drop_caches: 3
[246890.557825] tee (256079): drop_caches: 3
[246901.871685] tee (256101): drop_caches: 3
[246910.604932] tee (256111): drop_caches: 3
[246920.766696] tee (256116): drop_caches: 3
[246929.855765] tee (256125): drop_caches: 3
[246941.132472] tee (256155): drop_caches: 3
[246951.427870] tee (256163): drop_caches: 3
[246962.677558] tee (256175): drop_caches: 3
[246974.557206] tee (256214): drop_caches: 3
[246983.760303] tee (256218): drop_caches: 3
[246993.499023] tee (256227): drop_caches: 3
[247002.973795] tee (256251): drop_caches: 3
[247010.374511] tee (256284): drop_caches: 3
[247017.716243] tee (256318): drop_caches: 3
[247026.932510] tee (256322): drop_caches: 3
[247035.845203] tee (256329): drop_caches: 3
[247046.075417] tee (256335): drop_caches: 3
[247055.429023] tee (256343): drop_caches: 3
[247064.877918] tee (256352): drop_caches: 3
[247074.676943] tee (256364): drop_caches: 3
[247085.213354] tee (256370): drop_caches: 3
[247095.272671] tee (256378): drop_caches: 3
[247103.971579] tee (256384): drop_caches: 3
[247116.974407] tee (256396): drop_caches: 3
[247126.135138] tee (256407): drop_caches: 3
[247134.961522] tee (256411): drop_caches: 3
[247145.705145] tee (256421): drop_caches: 3
[247155.419304] tee (256425): drop_caches: 3
[247164.694571] tee (256431): drop_caches: 3
[247171.970470] tee (256442): drop_caches: 3
[247181.358866] tee (256454): drop_caches: 3
[247190.024001] tee (256468): drop_caches: 3
[247201.851995] tee (256474): drop_caches: 3
[247210.092868] tee (256480): drop_caches: 3
[247218.600685] tee (256487): drop_caches: 3
[247227.203940] tee (256493): drop_caches: 3
[247235.783926] tee (256499): drop_caches: 3
[247244.641553] tee (256511): drop_caches: 3
[247252.662867] tee (256517): drop_caches: 3
[247260.513112] tee (256521): drop_caches: 3
[247268.897786] tee (256528): drop_caches: 3
[247278.682723] tee (256545): drop_caches: 3
[247289.823383] tee (256551): drop_caches: 3
[247297.950654] tee (256561): drop_caches: 3
[247308.436802] tee (256566): drop_caches: 3
[247315.807098] tee (256573): drop_caches: 3
[247322.717151] tee (256577): drop_caches: 3
[247330.145072] tee (256582): drop_caches: 3
[247337.674832] tee (256588): drop_caches: 3
[247345.461567] tee (256592): drop_caches: 3
[247353.030879] tee (256600): drop_caches: 3
[247360.328885] tee (256613): drop_caches: 3
[247367.386852] tee (256617): drop_caches: 3
[247374.206828] tee (256626): drop_caches: 3
[247381.597046] tee (256636): drop_caches: 3
[247388.586170] tee (256646): drop_caches: 3
[247394.547217] tee (256655): drop_caches: 3
[247400.365529] tee (256666): drop_caches: 3
[247406.838079] tee (256685): drop_caches: 3
[247415.022782] tee (256694): drop_caches: 3
[247425.643280] tee (256707): drop_caches: 3
[247433.963478] tee (256711): drop_caches: 3
[247440.787765] tee (256717): drop_caches: 3
[247447.741745] tee (256726): drop_caches: 3
[247454.489790] tee (256731): drop_caches: 3
[247464.030839] tee (256740): drop_caches: 3
[247472.062779] tee (256755): drop_caches: 3
[247480.641377] tee (256813): drop_caches: 3
[247491.647140] tee (256849): drop_caches: 3
[247538.159744] tee (256886): drop_caches: 3
[247550.463557] tee (256905): drop_caches: 3
[247561.464086] tee (256967): drop_caches: 3
[247576.796161] tee (257060): drop_caches: 3
[247588.831524] tee (257094): drop_caches: 3
[247599.185116] tee (257108): drop_caches: 3
[247608.716398] tee (257117): drop_caches: 3
[247616.822115] tee (257134): drop_caches: 3
[247622.929739] tee (257143): drop_caches: 3
[247629.366306] tee (257153): drop_caches: 3
[247638.935075] tee (257181): drop_caches: 3
[247646.971029] tee (257259): drop_caches: 3
[247654.665100] tee (257493): drop_caches: 3
[247661.932970] tee (257760): drop_caches: 3
[247668.854220] tee (257767): drop_caches: 3
[247677.746430] tee (257795): drop_caches: 3
[247687.355986] tee (257810): drop_caches: 3
[247696.256992] tee (257823): drop_caches: 3
[247705.199170] tee (257890): drop_caches: 3
[247713.335774] tee (257918): drop_caches: 3
[247722.752729] tee (257935): drop_caches: 3
[247730.140687] tee (257966): drop_caches: 3
[247739.330569] tee (257998): drop_caches: 3
[247747.017455] tee (258020): drop_caches: 3
[247754.302530] tee (258049): drop_caches: 3
[247763.894851] tee (258064): drop_caches: 3
[247771.759777] tee (258102): drop_caches: 3
[247778.323551] tee (258115): drop_caches: 3
[247785.208037] tee (258121): drop_caches: 3
[247793.829975] tee (258131): drop_caches: 3
[247800.405189] tee (258138): drop_caches: 3
[247805.681010] tee (258143): drop_caches: 3
[247810.905800] tee (258151): drop_caches: 3
[247816.064981] tee (258155): drop_caches: 3
[247821.183240] tee (258160): drop_caches: 3
[247826.335667] tee (258164): drop_caches: 3
[247831.686115] tee (258170): drop_caches: 3
[247836.859484] tee (258176): drop_caches: 3
[247841.885212] tee (258186): drop_caches: 3
[247847.266227] tee (258191): drop_caches: 3
[247852.434273] tee (258198): drop_caches: 3
[247857.432730] tee (258202): drop_caches: 3
[247862.373815] tee (258207): drop_caches: 3
[247867.429831] tee (258212): drop_caches: 3
[247872.768914] tee (258220): drop_caches: 3
[247878.161510] tee (258225): drop_caches: 3
[247883.553470] tee (258230): drop_caches: 3
[247888.657879] tee (258235): drop_caches: 3
[247893.910701] tee (258241): drop_caches: 3
[247898.998582] tee (258251): drop_caches: 3
[247904.798901] tee (258256): drop_caches: 3
[247910.409050] tee (258261): drop_caches: 3
[247915.564470] tee (258267): drop_caches: 3
[247920.821644] tee (258273): drop_caches: 3
[247926.011960] tee (258277): drop_caches: 3
[247931.418451] tee (258283): drop_caches: 3
[247936.767413] tee (258289): drop_caches: 3
[247941.882878] tee (258293): drop_caches: 3
[247947.050473] tee (258297): drop_caches: 3
[247952.340142] tee (258303): drop_caches: 3
[247957.559395] tee (258309): drop_caches: 3
[247962.720841] tee (258317): drop_caches: 3
[247968.267480] tee (258322): drop_caches: 3
[247973.666565] tee (258329): drop_caches: 3
[247978.907911] tee (258333): drop_caches: 3
[247984.088171] tee (258337): drop_caches: 3
[247989.292177] tee (258343): drop_caches: 3
[247994.549472] tee (258349): drop_caches: 3
[247999.782419] tee (258359): drop_caches: 3
[248004.862834] tee (258363): drop_caches: 3
[248010.091055] tee (258367): drop_caches: 3
[248015.254186] tee (258373): drop_caches: 3
[248020.336126] tee (258383): drop_caches: 3
[248025.662109] tee (258388): drop_caches: 3
[248031.135666] tee (258392): drop_caches: 3
[248036.342864] tee (258400): drop_caches: 3
[248041.453045] tee (258404): drop_caches: 3
[248046.636700] tee (258409): drop_caches: 3
[248051.830751] tee (258413): drop_caches: 3
[248057.375991] tee (258419): drop_caches: 3
[248062.758199] tee (258423): drop_caches: 3
[248067.918201] tee (258427): drop_caches: 3
[248072.691596] tee (258475): drop_caches: 3
[248079.296958] tee (258511): drop_caches: 3
[248084.608056] tee (258547): drop_caches: 3
[248089.877958] tee (258554): drop_caches: 3
[248095.165776] tee (258561): drop_caches: 3
[248100.437695] tee (258565): drop_caches: 3
[248105.858360] tee (258570): drop_caches: 3
[248112.904011] tee (258580): drop_caches: 3
[248118.655168] tee (258586): drop_caches: 3
[248124.111911] tee (258590): drop_caches: 3
[248131.971741] tee (258613): drop_caches: 3
[248137.384697] tee (258621): drop_caches: 3
[248142.492805] tee (258629): drop_caches: 3
[248147.739305] tee (258634): drop_caches: 3
[248153.026659] tee (258638): drop_caches: 3
[248158.203399] tee (258644): drop_caches: 3
[248163.654909] tee (258650): drop_caches: 3
[248171.546522] tee (258655): drop_caches: 3
[248180.785145] tee (258670): drop_caches: 3
[248187.854116] tee (258674): drop_caches: 3
[248195.137496] tee (258678): drop_caches: 3
[248201.492256] tee (258700): drop_caches: 3
[248207.871526] tee (258704): drop_caches: 3
[248213.145826] tee (258709): drop_caches: 3
[248218.407017] tee (258715): drop_caches: 3
[248223.643972] tee (258719): drop_caches: 3
[248229.055545] tee (258723): drop_caches: 3
[248234.381575] tee (258728): drop_caches: 3
[248239.573791] tee (258735): drop_caches: 3
[248244.702297] tee (258750): drop_caches: 3
[248251.708558] tee (258758): drop_caches: 3
[248256.808824] tee (258762): drop_caches: 3
[248262.232536] tee (258774): drop_caches: 3
[248267.918809] tee (258780): drop_caches: 3
[248273.334846] tee (258786): drop_caches: 3
[248278.869223] tee (258794): drop_caches: 3
[248284.332296] tee (258799): drop_caches: 3
[248289.536990] tee (258803): drop_caches: 3
[248294.951083] tee (258808): drop_caches: 3
[248300.330271] tee (258819): drop_caches: 3
[248305.945131] tee (258826): drop_caches: 3
[248311.115710] tee (258830): drop_caches: 3
[248317.040272] tee (258834): drop_caches: 3
[248322.242661] tee (258847): drop_caches: 3
[248327.966319] tee (258852): drop_caches: 3
[248333.934982] tee (258857): drop_caches: 3
[248339.285910] tee (258862): drop_caches: 3
[248344.780902] tee (258868): drop_caches: 3
[248349.999204] tee (258872): drop_caches: 3
[248355.709816] tee (258876): drop_caches: 3
[248361.038820] tee (258883): drop_caches: 3
[248366.323146] tee (258887): drop_caches: 3
[248371.489004] tee (258895): drop_caches: 3
[248377.053524] tee (258899): drop_caches: 3
[248382.208557] tee (258911): drop_caches: 3
[248387.524030] tee (258915): drop_caches: 3
[248392.724482] tee (258922): drop_caches: 3
[248398.115607] tee (258927): drop_caches: 3
[248403.436238] tee (258933): drop_caches: 3
[248408.802646] tee (258937): drop_caches: 3
[248414.101557] tee (258941): drop_caches: 3
[248419.319510] tee (258946): drop_caches: 3
[248424.913643] tee (258953): drop_caches: 3
[248430.366875] tee (258957): drop_caches: 3
[248436.128993] tee (258962): drop_caches: 3
[248441.971834] tee (258974): drop_caches: 3
[248447.182702] tee (258979): drop_caches: 3
[248452.705370] tee (258983): drop_caches: 3
[248458.104038] tee (258987): drop_caches: 3
[248463.501149] tee (258996): drop_caches: 3
[248468.730446] tee (259000): drop_caches: 3
[248473.867701] tee (259004): drop_caches: 3
[248479.071484] tee (259009): drop_caches: 3
[248484.303511] tee (259015): drop_caches: 3
[248490.171010] tee (259020): drop_caches: 3
[248495.503906] tee (259025): drop_caches: 3
[248500.975852] tee (259035): drop_caches: 3
[248506.245687] tee (259041): drop_caches: 3
[248511.454391] tee (259048): drop_caches: 3
[248512.925136] iCAT_SQLITE_RUN_END run=20260914-161037-253188
[248513.771241] EXT4-fs (nvme0n1): unmounting filesystem 488bc4d4-cb44-4ff6-9851-1de21cd7f9b5.
[248514.189128] pci_bus 0001:10: busn_res: [bus 10-ff] is released
[248514.189195] NVMeVirt: GC stats: ns=0 policy=cat-fig7-fixed host_pages=33595007 gc_pages=9229251 gc_count=669122 WAF=1.274 warmup_gc=100-per-part
[248514.261476] NVMeVirt: Virtual NVMe device closed
