[464334.993586] NVMeVirt: Version 1.10 for >> Samsung 970 Pro SSD <<
[464334.993593] NVMeVirt: Storage: 0x100100000-0x300000000 (8191 MiB)
[464335.004115] NVMeVirt: Total Capacity(GiB,MiB)=2,2048 chs=2 luns=4 lines=8192 blk-size(MiB,KiB)=0,64 line-size(MiB,KiB)=0,256
[464335.014973] NVMeVirt: [chmodel_init] bandwidth 800 max_credits 26 tx_time 152
[464335.025320] NVMeVirt: [chmodel_init] bandwidth 800 max_credits 26 tx_time 152
[464335.025334] NVMeVirt: [chmodel_init] bandwidth 3360 max_credits 110 tx_time 36
[464335.025336] NVMeVirt: Fixed CAT init ns=0 part=0 arm=33 k=7 scale_pct=50 age_ratio=4
[464335.026582] NVMeVirt: pqueue: Copyright (c) 2014, Volkan Yazıcı <volkan.yazici@gmail.com>. All rights reserved.
[464335.026617] NVMeVirt: Init FTL instance with 2 channels (524288 pages)
[464335.026619] NVMeVirt: GC victim policy: cat-fig7-fixed ns=0 part=0 initial_k=7 initial_scale_pct=50 initial_age_ratio=4 warmup_gc=100
[464335.036617] NVMeVirt: [chmodel_init] bandwidth 800 max_credits 26 tx_time 152
[464335.046541] NVMeVirt: [chmodel_init] bandwidth 800 max_credits 26 tx_time 152
[464335.046555] NVMeVirt: [chmodel_init] bandwidth 3360 max_credits 110 tx_time 36
[464335.046558] NVMeVirt: Fixed CAT init ns=0 part=1 arm=33 k=7 scale_pct=50 age_ratio=4
[464335.047806] NVMeVirt: Init FTL instance with 2 channels (524288 pages)
[464335.047808] NVMeVirt: GC victim policy: cat-fig7-fixed ns=0 part=1 initial_k=7 initial_scale_pct=50 initial_age_ratio=4 warmup_gc=100
[464335.057738] NVMeVirt: [chmodel_init] bandwidth 800 max_credits 26 tx_time 152
[464335.067764] NVMeVirt: [chmodel_init] bandwidth 800 max_credits 26 tx_time 152
[464335.067781] NVMeVirt: [chmodel_init] bandwidth 3360 max_credits 110 tx_time 36
[464335.067783] NVMeVirt: Fixed CAT init ns=0 part=2 arm=33 k=7 scale_pct=50 age_ratio=4
[464335.069216] NVMeVirt: Init FTL instance with 2 channels (524288 pages)
[464335.069219] NVMeVirt: GC victim policy: cat-fig7-fixed ns=0 part=2 initial_k=7 initial_scale_pct=50 initial_age_ratio=4 warmup_gc=100
[464335.079136] NVMeVirt: [chmodel_init] bandwidth 800 max_credits 26 tx_time 152
[464335.089297] NVMeVirt: [chmodel_init] bandwidth 800 max_credits 26 tx_time 152
[464335.089310] NVMeVirt: [chmodel_init] bandwidth 3360 max_credits 110 tx_time 36
[464335.089312] NVMeVirt: Fixed CAT init ns=0 part=3 arm=33 k=7 scale_pct=50 age_ratio=4
[464335.090615] NVMeVirt: Init FTL instance with 2 channels (524288 pages)
[464335.090617] NVMeVirt: GC victim policy: cat-fig7-fixed ns=0 part=3 initial_k=7 initial_scale_pct=50 initial_age_ratio=4 warmup_gc=100
[464335.090623] NVMeVirt: FTL physical space: 8588886016, logical space: 8026996276 (physical/logical * 100 = 107)
[464335.090625] NVMeVirt: ns 0/1: size 7655 MiB
[464335.090673] PCI host bridge to bus 0001:10
[464335.090675] pci_bus 0001:10: root bus resource [io  0x0000-0xffff]
[464335.090677] pci_bus 0001:10: root bus resource [mem 0x00000000-0x7fffffffff]
[464335.090680] pci_bus 0001:10: root bus resource [bus 00-ff]
[464335.090701] pci 0001:10:00.0: [0c51:0110] type 00 class 0x010802 PCIe Endpoint
[464335.090705] pci 0001:10:00.0: BAR 0 [mem 0x100000000-0x100003fff 64bit]
[464335.090708] pci 0001:10:00.0: enabling Extended Tags
[464335.090835] NVMeVirt: Virtual PCI bus created (node 0)
[464335.091214] NVMeVirt: Virtual NVMe device created
[464335.091258] NVMeVirt: nvmev_dispatcher started on cpu 1 (node 0)
[464335.091372] NVMeVirt: nvmev_io_worker_0 started on cpu 2 (node 0)
[464335.091590] nvme nvme0: pci function 0001:10:00.0
[464335.093606] nvme nvme0: 8/0/0 default/read/poll queues
[464336.016551] EXT4-fs (nvme0n1): mounted filesystem 6fc4843e-cf7f-402f-88ef-2f4aa689e11d r/w with ordered data mode. Quota mode: none.
[464336.440486] iCAT_SQLITE_LOAD_START run=20260917-044424-895119
[464523.600613] iCAT_SQLITE_LOAD_END run=20260917-044424-895119
[464524.312728] tee (895312): drop_caches: 3
[464525.721599] iCAT_SQLITE_RUN_START run=20260917-044424-895119
[464527.787491] tee (895360): drop_caches: 3
[464533.403755] tee (895375): drop_caches: 3
[464538.430440] tee (895380): drop_caches: 3
[464543.389278] tee (895384): drop_caches: 3
[464548.378147] tee (895388): drop_caches: 3
[464553.404788] tee (895396): drop_caches: 3
[464558.555306] tee (895400): drop_caches: 3
[464563.659462] tee (895404): drop_caches: 3
[464568.747578] tee (895408): drop_caches: 3
[464573.794934] tee (895412): drop_caches: 3
[464578.776156] tee (895416): drop_caches: 3
[464583.807566] tee (895420): drop_caches: 3
[464588.810699] tee (895424): drop_caches: 3
[464593.804250] tee (895428): drop_caches: 3
[464598.917925] tee (895432): drop_caches: 3
[464604.041879] tee (895437): drop_caches: 3
[464609.021242] tee (895441): drop_caches: 3
[464614.114701] tee (895449): drop_caches: 3
[464619.232594] tee (895453): drop_caches: 3
[464624.179522] tee (895457): drop_caches: 3
[464629.544355] tee (895461): drop_caches: 3
[464634.663669] tee (895465): drop_caches: 3
[464639.717820] tee (895469): drop_caches: 3
[464644.931759] tee (895481): drop_caches: 3
[464650.083648] tee (895485): drop_caches: 3
[464655.291092] tee (895489): drop_caches: 3
[464660.486412] tee (895493): drop_caches: 3
[464665.574015] tee (895497): drop_caches: 3
[464670.648491] tee (895501): drop_caches: 3
[464675.372991] tee (895534): drop_caches: 3
[464680.778023] tee (895588): drop_caches: 3
[464685.917779] tee (895592): drop_caches: 3
[464691.342646] tee (895596): drop_caches: 3
[464696.535221] tee (895600): drop_caches: 3
[464701.584682] tee (895604): drop_caches: 3
[464706.818936] tee (895608): drop_caches: 3
[464712.016281] tee (895613): drop_caches: 3
[464717.114358] tee (895617): drop_caches: 3
[464722.272625] tee (895621): drop_caches: 3
[464727.471533] tee (895625): drop_caches: 3
[464732.553407] tee (895629): drop_caches: 3
[464737.545649] tee (895637): drop_caches: 3
[464742.550649] tee (895641): drop_caches: 3
[464747.697425] tee (895645): drop_caches: 3
[464752.763051] tee (895649): drop_caches: 3
[464757.855315] tee (895653): drop_caches: 3
[464763.006849] tee (895658): drop_caches: 3
[464768.346325] tee (895664): drop_caches: 3
[464773.704770] tee (895673): drop_caches: 3
[464778.717560] tee (895689): drop_caches: 3
[464783.663118] tee (895693): drop_caches: 3
[464788.638597] tee (895698): drop_caches: 3
[464793.745353] tee (895706): drop_caches: 3
[464798.688394] tee (895710): drop_caches: 3
[464804.513008] tee (895726): drop_caches: 3
[464810.351307] tee (895731): drop_caches: 3
[464815.363329] tee (895735): drop_caches: 3
[464820.333295] tee (895739): drop_caches: 3
[464825.875079] tee (895744): drop_caches: 3
[464830.867847] tee (895748): drop_caches: 3
[464835.827726] tee (895752): drop_caches: 3
[464840.871078] tee (895758): drop_caches: 3
[464845.875694] tee (895762): drop_caches: 3
[464851.054325] tee (895767): drop_caches: 3
[464856.651049] tee (895776): drop_caches: 3
[464861.756596] tee (895780): drop_caches: 3
[464866.765258] tee (895785): drop_caches: 3
[464871.778507] tee (895789): drop_caches: 3
[464876.789267] tee (895794): drop_caches: 3
[464881.881654] tee (895798): drop_caches: 3
[464887.008241] tee (895802): drop_caches: 3
[464892.127712] tee (895807): drop_caches: 3
[464897.162893] tee (895811): drop_caches: 3
[464903.162252] tee (895850): drop_caches: 3
[464911.190560] tee (895862): drop_caches: 3
[464916.242304] tee (895884): drop_caches: 3
[464921.416799] tee (895888): drop_caches: 3
[464926.641057] tee (895892): drop_caches: 3
[464931.864157] tee (895897): drop_caches: 3
[464936.950615] tee (895902): drop_caches: 3
[464942.214845] tee (895907): drop_caches: 3
[464947.266174] tee (895911): drop_caches: 3
[464952.394864] tee (895915): drop_caches: 3
[464957.439524] tee (895919): drop_caches: 3
[464962.963601] tee (895923): drop_caches: 3
[464967.980138] tee (895928): drop_caches: 3
[464972.776386] tee (895935): drop_caches: 3
[464977.779982] tee (895943): drop_caches: 3
[464982.741928] tee (895947): drop_caches: 3
[464987.750424] tee (895951): drop_caches: 3
[464992.804226] tee (895955): drop_caches: 3
[464997.753131] tee (895959): drop_caches: 3
[465002.700532] tee (895963): drop_caches: 3
[465007.931432] tee (895967): drop_caches: 3
[465012.991390] tee (895971): drop_caches: 3
[465018.074014] tee (895976): drop_caches: 3
[465023.451877] tee (895981): drop_caches: 3
[465028.478120] tee (895985): drop_caches: 3
[465033.631041] tee (895993): drop_caches: 3
[465038.660896] tee (895997): drop_caches: 3
[465043.619981] tee (896001): drop_caches: 3
[465048.578789] tee (896007): drop_caches: 3
[465053.753973] tee (896011): drop_caches: 3
[465058.735137] tee (896015): drop_caches: 3
[465064.023097] tee (896019): drop_caches: 3
[465069.268988] tee (896025): drop_caches: 3
[465074.252255] tee (896029): drop_caches: 3
[465079.198068] tee (896033): drop_caches: 3
[465084.244224] tee (896037): drop_caches: 3
[465089.225478] tee (896041): drop_caches: 3
[465094.332062] tee (896049): drop_caches: 3
[465099.374794] tee (896053): drop_caches: 3
[465104.317616] tee (896057): drop_caches: 3
[465109.283609] tee (896061): drop_caches: 3
[465114.301714] tee (896065): drop_caches: 3
[465119.325468] tee (896069): drop_caches: 3
[465124.365140] tee (896073): drop_caches: 3
[465129.493059] tee (896078): drop_caches: 3
[465134.622497] tee (896082): drop_caches: 3
[465139.589660] tee (896086): drop_caches: 3
[465144.689144] tee (896090): drop_caches: 3
[465149.591031] tee (896095): drop_caches: 3
[465154.719727] tee (896103): drop_caches: 3
[465159.687446] tee (896107): drop_caches: 3
[465164.714824] tee (896111): drop_caches: 3
[465169.793837] tee (896115): drop_caches: 3
[465174.898930] tee (896119): drop_caches: 3
[465179.836592] tee (896123): drop_caches: 3
[465184.953508] tee (896127): drop_caches: 3
[465189.999987] tee (896132): drop_caches: 3
[465195.092706] tee (896136): drop_caches: 3
[465200.164638] tee (896140): drop_caches: 3
[465205.279791] tee (896150): drop_caches: 3
[465210.316947] tee (896154): drop_caches: 3
[465215.315151] tee (896162): drop_caches: 3
[465220.279017] tee (896166): drop_caches: 3
[465225.281810] tee (896170): drop_caches: 3
[465230.283736] tee (896175): drop_caches: 3
[465235.378607] tee (896180): drop_caches: 3
[465240.528705] tee (896185): drop_caches: 3
[465245.734635] tee (896189): drop_caches: 3
[465250.694258] tee (896193): drop_caches: 3
[465255.619520] tee (896197): drop_caches: 3
[465260.654653] tee (896201): drop_caches: 3
[465265.724981] tee (896206): drop_caches: 3
[465270.833059] tee (896210): drop_caches: 3
[465275.741107] tee (896246): drop_caches: 3
[465283.433754] tee (896281): drop_caches: 3
[465291.971412] tee (896326): drop_caches: 3
[465303.976299] tee (896411): drop_caches: 3
[465311.364573] tee (896442): drop_caches: 3
[465317.264739] tee (896448): drop_caches: 3
[465322.244311] tee (896452): drop_caches: 3
[465327.174809] tee (896456): drop_caches: 3
[465332.259328] tee (896461): drop_caches: 3
[465337.376935] tee (896469): drop_caches: 3
[465342.505409] tee (896475): drop_caches: 3
[465347.533429] tee (896479): drop_caches: 3
[465352.596569] tee (896483): drop_caches: 3
[465357.657924] tee (896487): drop_caches: 3
[465362.671464] tee (896491): drop_caches: 3
[465367.821033] tee (896495): drop_caches: 3
[465372.874127] tee (896501): drop_caches: 3
[465377.941466] tee (896505): drop_caches: 3
[465383.058482] tee (896509): drop_caches: 3
[465388.139936] tee (896513): drop_caches: 3
[465393.117370] tee (896517): drop_caches: 3
[465398.239724] tee (896525): drop_caches: 3
[465403.673128] tee (896530): drop_caches: 3
[465408.990718] tee (896542): drop_caches: 3
[465414.137384] tee (896546): drop_caches: 3
[465419.330081] tee (896550): drop_caches: 3
[465424.301292] tee (896554): drop_caches: 3
[465429.418717] tee (896558): drop_caches: 3
[465434.445226] tee (896562): drop_caches: 3
[465439.453110] tee (896566): drop_caches: 3
[465444.497211] tee (896570): drop_caches: 3
[465449.648439] tee (896574): drop_caches: 3
[465454.860483] tee (896582): drop_caches: 3
[465459.839613] tee (896586): drop_caches: 3
[465464.779465] tee (896590): drop_caches: 3
[465469.954345] tee (896594): drop_caches: 3
[465475.057000] tee (896598): drop_caches: 3
[465480.151095] tee (896603): drop_caches: 3
[465485.260090] tee (896607): drop_caches: 3
[465490.449119] tee (896611): drop_caches: 3
[465495.493831] tee (896615): drop_caches: 3
[465500.476301] tee (896619): drop_caches: 3
[465505.550073] tee (896627): drop_caches: 3
[465510.794595] tee (896631): drop_caches: 3
[465516.034111] tee (896639): drop_caches: 3
[465521.257495] tee (896643): drop_caches: 3
[465526.421875] tee (896647): drop_caches: 3
[465532.689632] tee (896680): drop_caches: 3
[465538.965767] tee (896693): drop_caches: 3
[465544.114721] tee (896711): drop_caches: 3
[465549.384044] tee (896715): drop_caches: 3
[465554.401613] tee (896719): drop_caches: 3
[465559.652521] tee (896723): drop_caches: 3
[465564.591218] tee (896729): drop_caches: 3
[465569.577688] tee (896733): drop_caches: 3
[465574.354554] tee (896741): drop_caches: 3
[465579.423002] tee (896749): drop_caches: 3
[465584.354190] tee (896753): drop_caches: 3
[465589.343828] tee (896757): drop_caches: 3
[465594.367941] tee (896762): drop_caches: 3
[465599.872495] tee (896766): drop_caches: 3
[465604.939858] tee (896770): drop_caches: 3
[465610.101905] tee (896774): drop_caches: 3
[465615.245734] tee (896778): drop_caches: 3
[465620.259993] tee (896782): drop_caches: 3
[465625.378972] tee (896786): drop_caches: 3
[465630.376644] tee (896790): drop_caches: 3
[465635.342785] tee (896798): drop_caches: 3
[465640.394960] tee (896802): drop_caches: 3
[465645.367432] tee (896806): drop_caches: 3
[465650.386921] tee (896811): drop_caches: 3
[465655.342045] tee (896815): drop_caches: 3
[465660.490672] tee (896819): drop_caches: 3
[465665.477249] tee (896823): drop_caches: 3
[465670.416520] tee (896828): drop_caches: 3
[465675.476875] tee (896834): drop_caches: 3
[465680.538629] tee (896838): drop_caches: 3
[465685.689455] tee (896843): drop_caches: 3
[465690.794748] tee (896847): drop_caches: 3
[465695.772104] tee (896855): drop_caches: 3
[465700.812592] tee (896859): drop_caches: 3
[465705.792047] tee (896863): drop_caches: 3
[465710.751133] tee (896867): drop_caches: 3
[465715.710369] tee (896871): drop_caches: 3
[465720.726093] tee (896875): drop_caches: 3
[465725.861930] tee (896879): drop_caches: 3
[465731.000857] tee (896883): drop_caches: 3
[465736.084812] tee (896887): drop_caches: 3
[465741.036441] tee (896891): drop_caches: 3
[465746.010085] tee (896895): drop_caches: 3
[465751.054946] tee (896899): drop_caches: 3
[465756.085387] tee (896907): drop_caches: 3
[465761.131034] tee (896911): drop_caches: 3
[465766.232982] tee (896915): drop_caches: 3
[465771.254848] tee (896919): drop_caches: 3
[465776.202822] tee (896923): drop_caches: 3
[465781.189877] tee (896927): drop_caches: 3
[465786.213382] tee (896931): drop_caches: 3
[465791.273559] tee (896936): drop_caches: 3
[465796.348212] tee (896940): drop_caches: 3
[465801.913665] tee (896950): drop_caches: 3
[465807.045934] tee (896954): drop_caches: 3
[465812.120262] tee (896959): drop_caches: 3
[465817.148199] tee (896967): drop_caches: 3
[465822.178812] tee (896971): drop_caches: 3
[465827.149603] tee (896975): drop_caches: 3
[465832.089343] tee (896979): drop_caches: 3
[465837.079818] tee (896983): drop_caches: 3
[465842.122211] tee (896987): drop_caches: 3
[465847.166731] tee (896991): drop_caches: 3
[465852.238690] tee (896995): drop_caches: 3
[465857.216148] tee (897000): drop_caches: 3
[465862.229849] tee (897004): drop_caches: 3
[465867.255127] tee (897008): drop_caches: 3
[465872.295716] tee (897012): drop_caches: 3
[465877.357141] tee (897075): drop_caches: 3
[465883.870653] tee (897091): drop_caches: 3
[465889.860368] tee (897125): drop_caches: 3
[465895.285907] tee (897130): drop_caches: 3
[465900.352413] tee (897134): drop_caches: 3
[465905.444718] tee (897138): drop_caches: 3
[465910.611478] tee (897142): drop_caches: 3
[465915.678850] tee (897147): drop_caches: 3
[465920.715535] tee (897151): drop_caches: 3
[465925.715491] tee (897155): drop_caches: 3
[465931.111921] tee (897159): drop_caches: 3
[465936.204241] tee (897167): drop_caches: 3
[465941.255468] tee (897171): drop_caches: 3
[465946.303588] tee (897175): drop_caches: 3
[465951.631133] tee (897179): drop_caches: 3
[465956.627586] tee (897183): drop_caches: 3
[465961.596190] tee (897188): drop_caches: 3
[465966.709520] tee (897192): drop_caches: 3
[465971.859979] tee (897196): drop_caches: 3
[465976.917074] tee (897202): drop_caches: 3
[465982.057220] tee (897206): drop_caches: 3
[465987.046446] tee (897210): drop_caches: 3
[465992.072462] tee (897214): drop_caches: 3
[465997.295934] tee (897222): drop_caches: 3
[466002.338631] tee (897226): drop_caches: 3
[466007.380789] tee (897230): drop_caches: 3
[466012.545014] tee (897234): drop_caches: 3
[466017.641870] tee (897238): drop_caches: 3
[466022.620962] tee (897242): drop_caches: 3
[466027.555377] tee (897246): drop_caches: 3
[466032.632769] tee (897250): drop_caches: 3
[466037.678785] tee (897255): drop_caches: 3
[466042.719850] tee (897259): drop_caches: 3
[466047.838131] tee (897263): drop_caches: 3
[466052.934251] tee (897267): drop_caches: 3
[466058.056435] tee (897275): drop_caches: 3
[466063.136198] tee (897279): drop_caches: 3
[466068.094947] tee (897283): drop_caches: 3
[466073.106906] tee (897287): drop_caches: 3
[466078.139056] tee (897291): drop_caches: 3
[466083.267724] tee (897295): drop_caches: 3
[466088.532702] tee (897299): drop_caches: 3
[466093.609705] tee (897303): drop_caches: 3
[466098.656290] tee (897307): drop_caches: 3
[466103.737928] tee (897316): drop_caches: 3
[466108.701249] tee (897320): drop_caches: 3
[466113.699821] tee (897324): drop_caches: 3
[466118.768092] tee (897332): drop_caches: 3
[466124.263457] tee (897336): drop_caches: 3
[466129.261979] tee (897340): drop_caches: 3
[466134.239412] tee (897344): drop_caches: 3
[466139.214490] tee (897348): drop_caches: 3
[466144.233257] tee (897352): drop_caches: 3
[466149.280630] tee (897356): drop_caches: 3
[466154.382146] tee (897360): drop_caches: 3
[466159.702877] tee (897365): drop_caches: 3
[466164.789269] tee (897369): drop_caches: 3
[466169.790777] tee (897373): drop_caches: 3
[466174.688109] tee (897380): drop_caches: 3
[466179.744691] tee (897388): drop_caches: 3
[466184.777438] tee (897393): drop_caches: 3
[466189.759930] tee (897397): drop_caches: 3
[466194.824187] tee (897401): drop_caches: 3
[466199.944406] tee (897405): drop_caches: 3
[466204.959046] tee (897409): drop_caches: 3
[466210.069137] tee (897413): drop_caches: 3
[466215.142690] tee (897417): drop_caches: 3
[466220.180070] tee (897421): drop_caches: 3
[466225.245268] tee (897425): drop_caches: 3
[466230.281643] tee (897429): drop_caches: 3
[466235.425481] tee (897436): drop_caches: 3
[466240.535966] tee (897441): drop_caches: 3
[466245.569837] tee (897445): drop_caches: 3
[466250.694314] tee (897450): drop_caches: 3
[466255.871321] tee (897454): drop_caches: 3
[466260.966990] tee (897458): drop_caches: 3
[466265.985086] tee (897467): drop_caches: 3
[466271.207005] tee (897471): drop_caches: 3
[466276.319197] tee (897477): drop_caches: 3
[466281.445116] tee (897483): drop_caches: 3
[466286.584853] tee (897487): drop_caches: 3
[466291.747597] tee (897491): drop_caches: 3
[466296.923285] tee (897519): drop_caches: 3
[466303.099967] tee (897523): drop_caches: 3
[466309.772901] tee (897527): drop_caches: 3
[466315.758977] tee (897531): drop_caches: 3
[466321.700393] tee (897535): drop_caches: 3
[466327.677838] tee (897539): drop_caches: 3
[466333.736446] tee (897543): drop_caches: 3
[466340.145179] tee (897547): drop_caches: 3
[466345.976788] tee (897556): drop_caches: 3
[466352.724325] tee (897560): drop_caches: 3
[466359.136767] tee (897568): drop_caches: 3
[466364.890543] tee (897572): drop_caches: 3
[466370.671973] tee (897577): drop_caches: 3
[466376.819191] tee (897581): drop_caches: 3
[466382.781483] tee (897586): drop_caches: 3
[466387.771243] tee (897590): drop_caches: 3
[466392.931203] tee (897594): drop_caches: 3
[466397.972879] tee (897599): drop_caches: 3
[466402.989489] tee (897609): drop_caches: 3
[466408.095920] tee (897613): drop_caches: 3
[466413.163554] tee (897617): drop_caches: 3
[466418.127136] tee (897625): drop_caches: 3
[466423.167650] tee (897629): drop_caches: 3
[466428.337933] tee (897633): drop_caches: 3
[466433.447055] tee (897637): drop_caches: 3
[466438.509848] tee (897641): drop_caches: 3
[466443.588695] tee (897645): drop_caches: 3
[466448.722617] tee (897649): drop_caches: 3
[466453.864773] tee (897653): drop_caches: 3
[466458.997201] tee (897657): drop_caches: 3
[466464.124847] tee (897661): drop_caches: 3
[466469.212980] tee (897665): drop_caches: 3
[466474.359029] tee (897686): drop_caches: 3
[466480.831227] tee (897743): drop_caches: 3
[466487.237018] tee (897752): drop_caches: 3
[466492.395000] tee (897783): drop_caches: 3
[466497.634456] tee (897787): drop_caches: 3
[466502.636054] tee (897792): drop_caches: 3
[466507.815211] tee (897796): drop_caches: 3
[466512.899149] tee (897800): drop_caches: 3
[466518.052398] tee (897804): drop_caches: 3
[466523.046705] tee (897808): drop_caches: 3
[466528.136196] tee (897812): drop_caches: 3
[466533.285540] tee (897816): drop_caches: 3
[466538.297014] tee (897824): drop_caches: 3
[466543.304933] tee (897828): drop_caches: 3
[466548.304018] tee (897832): drop_caches: 3
[466553.328201] tee (897836): drop_caches: 3
[466558.309571] tee (897840): drop_caches: 3
[466563.472323] tee (897845): drop_caches: 3
[466568.681554] tee (897849): drop_caches: 3
[466573.705565] tee (897853): drop_caches: 3
[466578.771460] tee (897857): drop_caches: 3
[466583.920485] tee (897863): drop_caches: 3
[466588.976293] tee (897867): drop_caches: 3
[466593.999074] tee (897872): drop_caches: 3
[466599.464561] tee (897882): drop_caches: 3
[466601.189080] iCAT_SQLITE_RUN_END run=20260917-044424-895119
[466603.636406] EXT4-fs (nvme0n1): unmounting filesystem 6fc4843e-cf7f-402f-88ef-2f4aa689e11d.
[466604.176392] pci_bus 0001:10: busn_res: [bus 10-ff] is released
[466604.176437] NVMeVirt: GC stats: ns=0 policy=cat-fig7-fixed host_pages=33907090 gc_pages=10741098 gc_count=697622 WAF=1.316 warmup_gc=100-per-part
[466604.247181] NVMeVirt: Virtual NVMe device closed
