[2549317.008864] mix-mixY-arm56-2774024 BEGIN
[2549317.145974] NVMeVirt: Version 1.10 for >> Samsung 970 Pro SSD <<
[2549317.145980] NVMeVirt: Storage: 0x100100000-0x300000000 (8191 MiB)
[2549317.156558] NVMeVirt: Total Capacity(GiB,MiB)=2,2048 chs=2 luns=4 lines=8192 blk-size(MiB,KiB)=0,64 line-size(MiB,KiB)=0,256
[2549317.168010] NVMeVirt: [chmodel_init] bandwidth 800 max_credits 26 tx_time 152
[2549317.179370] NVMeVirt: [chmodel_init] bandwidth 800 max_credits 26 tx_time 152
[2549317.179384] NVMeVirt: [chmodel_init] bandwidth 3360 max_credits 110 tx_time 36
[2549317.179387] NVMeVirt: Fixed CAT init ns=0 part=0 arm=56 k=10 scale_pct=200 age_ratio=16
[2549317.180282] NVMeVirt: pqueue: Copyright (c) 2014, Volkan Yazıcı <volkan.yazici@gmail.com>. All rights reserved.
[2549317.180319] NVMeVirt: Init FTL instance with 2 channels (524288 pages)
[2549317.180321] NVMeVirt: GC victim policy: cat-fig7-fixed ns=0 part=0 initial_k=10 initial_scale_pct=200 initial_age_ratio=16 warmup_gc=100
[2549317.190892] NVMeVirt: [chmodel_init] bandwidth 800 max_credits 26 tx_time 152
[2549317.201375] NVMeVirt: [chmodel_init] bandwidth 800 max_credits 26 tx_time 152
[2549317.201389] NVMeVirt: [chmodel_init] bandwidth 3360 max_credits 110 tx_time 36
[2549317.201391] NVMeVirt: Fixed CAT init ns=0 part=1 arm=56 k=10 scale_pct=200 age_ratio=16
[2549317.202387] NVMeVirt: Init FTL instance with 2 channels (524288 pages)
[2549317.202390] NVMeVirt: GC victim policy: cat-fig7-fixed ns=0 part=1 initial_k=10 initial_scale_pct=200 initial_age_ratio=16 warmup_gc=100
[2549317.212847] NVMeVirt: [chmodel_init] bandwidth 800 max_credits 26 tx_time 152
[2549317.223154] NVMeVirt: [chmodel_init] bandwidth 800 max_credits 26 tx_time 152
[2549317.223182] NVMeVirt: [chmodel_init] bandwidth 3360 max_credits 110 tx_time 36
[2549317.223185] NVMeVirt: Fixed CAT init ns=0 part=2 arm=56 k=10 scale_pct=200 age_ratio=16
[2549317.224074] NVMeVirt: Init FTL instance with 2 channels (524288 pages)
[2549317.224077] NVMeVirt: GC victim policy: cat-fig7-fixed ns=0 part=2 initial_k=10 initial_scale_pct=200 initial_age_ratio=16 warmup_gc=100
[2549317.234253] NVMeVirt: [chmodel_init] bandwidth 800 max_credits 26 tx_time 152
[2549317.244224] NVMeVirt: [chmodel_init] bandwidth 800 max_credits 26 tx_time 152
[2549317.244238] NVMeVirt: [chmodel_init] bandwidth 3360 max_credits 110 tx_time 36
[2549317.244240] NVMeVirt: Fixed CAT init ns=0 part=3 arm=56 k=10 scale_pct=200 age_ratio=16
[2549317.245116] NVMeVirt: Init FTL instance with 2 channels (524288 pages)
[2549317.245119] NVMeVirt: GC victim policy: cat-fig7-fixed ns=0 part=3 initial_k=10 initial_scale_pct=200 initial_age_ratio=16 warmup_gc=100
[2549317.245125] NVMeVirt: FTL physical space: 8588886016, logical space: 8026996276 (physical/logical * 100 = 107)
[2549317.245127] NVMeVirt: ns 0/1: size 7655 MiB
[2549317.245180] PCI host bridge to bus 0001:10
[2549317.245182] pci_bus 0001:10: root bus resource [io  0x0000-0xffff]
[2549317.245185] pci_bus 0001:10: root bus resource [mem 0x00000000-0x7fffffffff]
[2549317.245201] pci_bus 0001:10: root bus resource [bus 00-ff]
[2549317.245209] pci 0001:10:00.0: [0c51:0110] type 00 class 0x010802 PCIe Endpoint
[2549317.245213] pci 0001:10:00.0: BAR 0 [mem 0x100000000-0x100003fff 64bit]
[2549317.245216] pci 0001:10:00.0: enabling Extended Tags
[2549317.245340] NVMeVirt: Virtual PCI bus created (node 0)
[2549317.245676] NVMeVirt: nvmev_io_worker_0 started on cpu 2 (node 0)
[2549317.245794] NVMeVirt: Virtual NVMe device created
[2549317.245810] NVMeVirt: nvmev_dispatcher started on cpu 1 (node 0)
[2549317.246063] nvme nvme0: pci function 0001:10:00.0
[2549317.248705] nvme nvme0: 8/0/0 default/read/poll queues
[2549318.332354] EXT4-fs (nvme0n1): mounted filesystem ef9c509b-3865-4314-a2d9-37ccbf8600fc r/w with ordered data mode. Quota mode: none.
[2549401.246125] NVMeVirt: Fixed CAT init ns=0 part=0 arm=56 k=10 scale_pct=200 age_ratio=16
[2549401.246130] NVMeVirt: Fixed CAT init ns=0 part=1 arm=56 k=10 scale_pct=200 age_ratio=16
[2549401.246133] NVMeVirt: Fixed CAT init ns=0 part=2 arm=56 k=10 scale_pct=200 age_ratio=16
[2549401.246134] NVMeVirt: Fixed CAT init ns=0 part=3 arm=56 k=10 scale_pct=200 age_ratio=16
[2549401.246136] NVMeVirt: Measurement: command=start epoch=1 host_bytes=0 learner_active=1
[2549401.282499] mix-mixY-arm56-2774024 phase=S01 START
[2551201.770819] mix-mixY-arm56-2774024 phase=S01 END
[2551201.835769] mix-mixY-arm56-2774024 phase=S02 START
[2553004.773786] mix-mixY-arm56-2774024 phase=S02 chunk=1/1 done
[2553005.510489] mix-mixY-arm56-2774024 phase=S02 END
[2553005.548305] mix-mixY-arm56-2774024 phase=S03 START
[2553349.907206] audit: type=1400 audit(1791676852.056:5697): apparmor="DENIED" operation="open" class="file" profile="snap.firmware-updater.firmware-notifier" name="/proc/sys/vm/max_map_count" pid=2796659 comm="firmware-notifi" requested_mask="r" denied_mask="r" fsuid=1000 ouid=0
[2553351.027637] audit: type=1400 audit(1791676853.177:5698): apparmor="DENIED" operation="open" class="file" profile="snap.firmware-updater.firmware-notifier" name="/proc/sys/vm/max_map_count" pid=2797278 comm="firmware-notifi" requested_mask="r" denied_mask="r" fsuid=1000 ouid=0
[2553351.883237] audit: type=1400 audit(1791676854.033:5699): apparmor="DENIED" operation="open" class="file" profile="snap.firmware-updater.firmware-notifier" name="/proc/sys/vm/max_map_count" pid=2797400 comm="firmware-notifi" requested_mask="r" denied_mask="r" fsuid=1000 ouid=0
[2553352.693558] audit: type=1400 audit(1791676854.843:5700): apparmor="DENIED" operation="open" class="file" profile="snap.firmware-updater.firmware-notifier" name="/proc/sys/vm/max_map_count" pid=2797524 comm="firmware-notifi" requested_mask="r" denied_mask="r" fsuid=1000 ouid=0
[2553353.702180] audit: type=1400 audit(1791676855.851:5701): apparmor="DENIED" operation="open" class="file" profile="snap.firmware-updater.firmware-notifier" name="/proc/sys/vm/max_map_count" pid=2797649 comm="firmware-notifi" requested_mask="r" denied_mask="r" fsuid=1000 ouid=0
[2553910.335174] mix-mixY-arm56-2774024 phase=S03 chunk=1/2 done
[2554816.484035] mix-mixY-arm56-2774024 phase=S03 chunk=2/2 done
[2554817.047504] mix-mixY-arm56-2774024 phase=S03 END
[2554817.331724] NVMeVirt: Measurement: command=stop epoch=1 host_bytes=1332610686976 learner_active=0
[2554817.758757] EXT4-fs (nvme0n1): unmounting filesystem ef9c509b-3865-4314-a2d9-37ccbf8600fc.
[2554818.487057] pci_bus 0001:10: busn_res: [bus 10-ff] is released
[2554818.487147] NVMeVirt: GC stats: ns=0 policy=cat-fig7-fixed host_pages=325344406 gc_pages=587416881 gc_count=14261895 WAF=2.805 warmup_gc=100-per-part
[2554818.557615] NVMeVirt: Virtual NVMe device closed
