[1634483.814026] mix-mixJ-arm30-2032034 BEGIN
[1634483.901109] NVMeVirt: Version 1.10 for >> Samsung 970 Pro SSD <<
[1634483.901115] NVMeVirt: Storage: 0x100100000-0x300000000 (8191 MiB)
[1634483.912335] NVMeVirt: Total Capacity(GiB,MiB)=2,2048 chs=2 luns=4 lines=8192 blk-size(MiB,KiB)=0,64 line-size(MiB,KiB)=0,256
[1634483.924103] NVMeVirt: [chmodel_init] bandwidth 800 max_credits 26 tx_time 152
[1634483.935202] NVMeVirt: [chmodel_init] bandwidth 800 max_credits 26 tx_time 152
[1634483.935216] NVMeVirt: [chmodel_init] bandwidth 3360 max_credits 110 tx_time 36
[1634483.935218] NVMeVirt: Fixed CAT init ns=0 part=0 arm=30 k=7 scale_pct=25 age_ratio=4
[1634483.936744] NVMeVirt: pqueue: Copyright (c) 2014, Volkan Yazıcı <volkan.yazici@gmail.com>. All rights reserved.
[1634483.936805] NVMeVirt: Init FTL instance with 2 channels (524288 pages)
[1634483.936808] NVMeVirt: GC victim policy: cat-fig7-fixed ns=0 part=0 initial_k=7 initial_scale_pct=25 initial_age_ratio=4 warmup_gc=100
[1634483.947997] NVMeVirt: [chmodel_init] bandwidth 800 max_credits 26 tx_time 152
[1634483.958608] NVMeVirt: [chmodel_init] bandwidth 800 max_credits 26 tx_time 152
[1634483.958623] NVMeVirt: [chmodel_init] bandwidth 3360 max_credits 110 tx_time 36
[1634483.958625] NVMeVirt: Fixed CAT init ns=0 part=1 arm=30 k=7 scale_pct=25 age_ratio=4
[1634483.959887] NVMeVirt: Init FTL instance with 2 channels (524288 pages)
[1634483.959890] NVMeVirt: GC victim policy: cat-fig7-fixed ns=0 part=1 initial_k=7 initial_scale_pct=25 initial_age_ratio=4 warmup_gc=100
[1634483.970764] NVMeVirt: [chmodel_init] bandwidth 800 max_credits 26 tx_time 152
[1634483.981898] NVMeVirt: [chmodel_init] bandwidth 800 max_credits 26 tx_time 152
[1634483.981912] NVMeVirt: [chmodel_init] bandwidth 3360 max_credits 110 tx_time 36
[1634483.981914] NVMeVirt: Fixed CAT init ns=0 part=2 arm=30 k=7 scale_pct=25 age_ratio=4
[1634483.983189] NVMeVirt: Init FTL instance with 2 channels (524288 pages)
[1634483.983192] NVMeVirt: GC victim policy: cat-fig7-fixed ns=0 part=2 initial_k=7 initial_scale_pct=25 initial_age_ratio=4 warmup_gc=100
[1634483.993841] NVMeVirt: [chmodel_init] bandwidth 800 max_credits 26 tx_time 152
[1634484.004444] NVMeVirt: [chmodel_init] bandwidth 800 max_credits 26 tx_time 152
[1634484.004465] NVMeVirt: [chmodel_init] bandwidth 3360 max_credits 110 tx_time 36
[1634484.004467] NVMeVirt: Fixed CAT init ns=0 part=3 arm=30 k=7 scale_pct=25 age_ratio=4
[1634484.006106] NVMeVirt: Init FTL instance with 2 channels (524288 pages)
[1634484.006111] NVMeVirt: GC victim policy: cat-fig7-fixed ns=0 part=3 initial_k=7 initial_scale_pct=25 initial_age_ratio=4 warmup_gc=100
[1634484.006120] NVMeVirt: FTL physical space: 8588886016, logical space: 8026996276 (physical/logical * 100 = 107)
[1634484.006121] NVMeVirt: ns 0/1: size 7655 MiB
[1634484.006191] PCI host bridge to bus 0001:10
[1634484.006194] pci_bus 0001:10: root bus resource [io  0x0000-0xffff]
[1634484.006198] pci_bus 0001:10: root bus resource [mem 0x00000000-0x7fffffffff]
[1634484.006200] pci_bus 0001:10: root bus resource [bus 00-ff]
[1634484.006210] pci 0001:10:00.0: [0c51:0110] type 00 class 0x010802 PCIe Endpoint
[1634484.006214] pci 0001:10:00.0: BAR 0 [mem 0x100000000-0x100003fff 64bit]
[1634484.006217] pci 0001:10:00.0: enabling Extended Tags
[1634484.006370] NVMeVirt: Virtual PCI bus created (node 0)
[1634484.006787] NVMeVirt: nvmev_dispatcher started on cpu 1 (node 0)
[1634484.006868] NVMeVirt: Virtual NVMe device created
[1634484.007091] nvme nvme0: pci function 0001:10:00.0
[1634484.009408] nvme nvme0: 8/0/0 default/read/poll queues
[1634484.009806] NVMeVirt: nvmev_io_worker_0 started on cpu 2 (node 0)
[1634484.464097] EXT4-fs (nvme0n1): mounted filesystem 5471fb14-aaeb-4bf2-a451-46f9f7cc25e1 r/w with ordered data mode. Quota mode: none.
[1634566.834208] NVMeVirt: Fixed CAT init ns=0 part=0 arm=30 k=7 scale_pct=25 age_ratio=4
[1634566.834215] NVMeVirt: Fixed CAT init ns=0 part=1 arm=30 k=7 scale_pct=25 age_ratio=4
[1634566.834218] NVMeVirt: Fixed CAT init ns=0 part=2 arm=30 k=7 scale_pct=25 age_ratio=4
[1634566.834220] NVMeVirt: Fixed CAT init ns=0 part=3 arm=30 k=7 scale_pct=25 age_ratio=4
[1634566.834222] NVMeVirt: Measurement: command=start epoch=1 host_bytes=0 learner_active=1
[1634566.844940] mix-mixJ-arm30-2032034 phase=A START
[1634566.856606] mix-mixJ-arm30-2032034 phase=A LOAD
[1634592.667595] mix-mixJ-arm30-2032034 phase=A RUN
[1634596.869469] tee (2032357): drop_caches: 3
[1634602.455686] tee (2032361): drop_caches: 3
[1634606.827033] tee (2032380): drop_caches: 3
[1634611.962023] tee (2032384): drop_caches: 3
[1634617.039457] tee (2032388): drop_caches: 3
[1634622.182720] tee (2032392): drop_caches: 3
[1634627.266357] tee (2032396): drop_caches: 3
[1634632.338226] tee (2032400): drop_caches: 3
[1634636.733659] tee (2032420): drop_caches: 3
[1634641.935470] tee (2032424): drop_caches: 3
[1634647.136271] tee (2032428): drop_caches: 3
[1634652.325328] tee (2032432): drop_caches: 3
[1634657.392635] tee (2032436): drop_caches: 3
[1634662.653755] tee (2032442): drop_caches: 3
[1634667.142797] tee (2032455): drop_caches: 3
[1634672.190034] tee (2032459): drop_caches: 3
[1634677.302298] tee (2032463): drop_caches: 3
[1634682.463147] tee (2032467): drop_caches: 3
[1634687.841106] tee (2032474): drop_caches: 3
[1634693.874854] tee (2032538): drop_caches: 3
[1634698.371538] tee (2032561): drop_caches: 3
[1634703.407897] tee (2032565): drop_caches: 3
[1634708.472543] tee (2032569): drop_caches: 3
[1634713.610944] tee (2032573): drop_caches: 3
[1634718.823930] tee (2032577): drop_caches: 3
[1634723.867743] tee (2032582): drop_caches: 3
[1634728.901853] tee (2032599): drop_caches: 3
[1634734.139694] tee (2032605): drop_caches: 3
[1634739.234077] tee (2032609): drop_caches: 3
[1634744.399999] tee (2032613): drop_caches: 3
[1634749.522350] tee (2032617): drop_caches: 3
[1634754.564672] tee (2032621): drop_caches: 3
[1634759.913376] tee (2032632): drop_caches: 3
[1634765.969892] tee (2032637): drop_caches: 3
[1634771.853166] tee (2032641): drop_caches: 3
[1634777.049573] tee (2032645): drop_caches: 3
[1634782.287348] tee (2032650): drop_caches: 3
[1634787.819317] tee (2032666): drop_caches: 3
[1634792.233159] tee (2032679): drop_caches: 3
[1634797.496816] tee (2032683): drop_caches: 3
[1634802.775232] tee (2032687): drop_caches: 3
[1634807.889710] tee (2032691): drop_caches: 3
[1634813.169836] tee (2032695): drop_caches: 3
[1634818.828397] tee (2032704): drop_caches: 3
[1634824.393056] tee (2032712): drop_caches: 3
[1634830.067681] tee (2032717): drop_caches: 3
[1634835.288293] tee (2032721): drop_caches: 3
[1634840.506657] tee (2032726): drop_caches: 3
[1634845.659543] tee (2032730): drop_caches: 3
[1634850.843609] tee (2032746): drop_caches: 3
[1634856.485231] tee (2032751): drop_caches: 3
[1634861.740405] tee (2032757): drop_caches: 3
[1634866.913020] tee (2032761): drop_caches: 3
[1634872.063120] tee (2032765): drop_caches: 3
[1634877.137975] tee (2032769): drop_caches: 3
[1634882.379971] tee (2032778): drop_caches: 3
[1634887.535333] tee (2032784): drop_caches: 3
[1634893.404251] tee (2032789): drop_caches: 3
[1634898.621964] tee (2032794): drop_caches: 3
[1634903.778404] tee (2032798): drop_caches: 3
[1634908.796161] tee (2032809): drop_caches: 3
[1634913.888099] tee (2032818): drop_caches: 3
[1634919.200170] tee (2032823): drop_caches: 3
[1634924.932985] tee (2032830): drop_caches: 3
[1634930.289963] tee (2032844): drop_caches: 3
[1634935.660008] tee (2032848): drop_caches: 3
[1634940.732903] tee (2032859): drop_caches: 3
[1634945.873167] tee (2032863): drop_caches: 3
[1634951.378008] tee (2032868): drop_caches: 3
[1634957.001038] tee (2032874): drop_caches: 3
[1634962.212082] tee (2032879): drop_caches: 3
[1634967.851413] tee (2032887): drop_caches: 3
[1634973.026436] tee (2032896): drop_caches: 3
[1634978.165065] tee (2032900): drop_caches: 3
[1634983.523029] tee (2032912): drop_caches: 3
[1634988.544933] tee (2032921): drop_caches: 3
[1634993.561621] tee (2032925): drop_caches: 3
[1634998.703515] tee (2032929): drop_caches: 3
[1635003.845738] tee (2032938): drop_caches: 3
[1635008.896403] tee (2032942): drop_caches: 3
[1635013.975542] tee (2032946): drop_caches: 3
[1635018.780742] tee (2032953): drop_caches: 3
[1635024.077817] tee (2032957): drop_caches: 3
[1635029.195918] tee (2032961): drop_caches: 3
[1635034.350991] tee (2032970): drop_caches: 3
[1635039.398778] tee (2032974): drop_caches: 3
[1635044.604122] tee (2032985): drop_caches: 3
[1635048.985282] tee (2032995): drop_caches: 3
[1635051.201638] mix-mixJ-arm30-2032034 phase=A END
[1635051.211973] mix-mixJ-arm30-2032034 phase=B START
[1635051.268969] mix-mixJ-arm30-2032034 phase=B RUN
[1635055.504832] tee (2033075): drop_caches: 3
[1635060.887901] tee (2033079): drop_caches: 3
[1635066.060973] tee (2033090): drop_caches: 3
[1635071.285327] tee (2033094): drop_caches: 3
[1635076.408283] tee (2033105): drop_caches: 3
[1635080.924536] tee (2033112): drop_caches: 3
[1635086.392388] tee (2033116): drop_caches: 3
[1635091.505898] tee (2033120): drop_caches: 3
[1635096.686307] tee (2033129): drop_caches: 3
[1635101.786527] tee (2033133): drop_caches: 3
[1635106.947549] tee (2033146): drop_caches: 3
[1635111.325041] tee (2033153): drop_caches: 3
[1635116.618423] tee (2033157): drop_caches: 3
[1635122.049718] tee (2033161): drop_caches: 3
[1635127.395598] tee (2033170): drop_caches: 3
[1635132.541215] tee (2033181): drop_caches: 3
[1635137.659104] tee (2033185): drop_caches: 3
[1635142.223649] tee (2033192): drop_caches: 3
[1635151.748992] tee (2033199): drop_caches: 3
[1635157.100126] mix-mixJ-arm30-2032034 phase=B END
[1635157.391038] NVMeVirt: Measurement: command=stop epoch=1 host_bytes=35624304640 learner_active=0
[1635162.789130] EXT4-fs (nvme0n1): unmounting filesystem 5471fb14-aaeb-4bf2-a451-46f9f7cc25e1.
[1635163.221462] pci_bus 0001:10: busn_res: [bus 10-ff] is released
[1635163.221549] NVMeVirt: GC stats: ns=0 policy=cat-fig7-fixed host_pages=8697340 gc_pages=4662014 gc_count=208740 WAF=1.536 warmup_gc=100-per-part
[1635163.299758] NVMeVirt: Virtual NVMe device closed
