[323496.508074] mix-mixA-greedy-725289 BEGIN
[323496.521033] NVMeVirt: Version 1.10 for >> Samsung 970 Pro SSD <<
[323496.521040] NVMeVirt: Storage: 0x100100000-0x300000000 (8191 MiB)
[323496.533407] NVMeVirt: Total Capacity(GiB,MiB)=2,2048 chs=2 luns=4 lines=8192 blk-size(MiB,KiB)=0,64 line-size(MiB,KiB)=0,256
[323496.548478] NVMeVirt: [chmodel_init] bandwidth 800 max_credits 26 tx_time 152
[323496.560355] NVMeVirt: [chmodel_init] bandwidth 800 max_credits 26 tx_time 152
[323496.560381] NVMeVirt: [chmodel_init] bandwidth 3360 max_credits 110 tx_time 36
[323496.560384] NVMeVirt: Fixed CAT init ns=0 part=0 arm=37 k=7 scale_pct=100 age_ratio=7
[323496.561813] NVMeVirt: pqueue: Copyright (c) 2014, Volkan Yazıcı <volkan.yazici@gmail.com>. All rights reserved.
[323496.561863] NVMeVirt: Init FTL instance with 2 channels (524288 pages)
[323496.561865] NVMeVirt: GC victim policy: greedy ns=0 part=0 initial_k=7 initial_scale_pct=100 initial_age_ratio=7 warmup_gc=100
[323496.575916] NVMeVirt: [chmodel_init] bandwidth 800 max_credits 26 tx_time 152
[323496.586725] NVMeVirt: [chmodel_init] bandwidth 800 max_credits 26 tx_time 152
[323496.586748] NVMeVirt: [chmodel_init] bandwidth 3360 max_credits 110 tx_time 36
[323496.586750] NVMeVirt: Fixed CAT init ns=0 part=1 arm=37 k=7 scale_pct=100 age_ratio=7
[323496.588124] NVMeVirt: Init FTL instance with 2 channels (524288 pages)
[323496.588130] NVMeVirt: GC victim policy: greedy ns=0 part=1 initial_k=7 initial_scale_pct=100 initial_age_ratio=7 warmup_gc=100
[323496.599976] NVMeVirt: [chmodel_init] bandwidth 800 max_credits 26 tx_time 152
[323496.614176] NVMeVirt: [chmodel_init] bandwidth 800 max_credits 26 tx_time 152
[323496.614191] NVMeVirt: [chmodel_init] bandwidth 3360 max_credits 110 tx_time 36
[323496.614193] NVMeVirt: Fixed CAT init ns=0 part=2 arm=37 k=7 scale_pct=100 age_ratio=7
[323496.615074] NVMeVirt: Init FTL instance with 2 channels (524288 pages)
[323496.615078] NVMeVirt: GC victim policy: greedy ns=0 part=2 initial_k=7 initial_scale_pct=100 initial_age_ratio=7 warmup_gc=100
[323496.625861] NVMeVirt: [chmodel_init] bandwidth 800 max_credits 26 tx_time 152
[323496.636365] NVMeVirt: [chmodel_init] bandwidth 800 max_credits 26 tx_time 152
[323496.636380] NVMeVirt: [chmodel_init] bandwidth 3360 max_credits 110 tx_time 36
[323496.636382] NVMeVirt: Fixed CAT init ns=0 part=3 arm=37 k=7 scale_pct=100 age_ratio=7
[323496.637344] NVMeVirt: Init FTL instance with 2 channels (524288 pages)
[323496.637347] NVMeVirt: GC victim policy: greedy ns=0 part=3 initial_k=7 initial_scale_pct=100 initial_age_ratio=7 warmup_gc=100
[323496.637353] NVMeVirt: FTL physical space: 8588886016, logical space: 8026996276 (physical/logical * 100 = 107)
[323496.637355] NVMeVirt: ns 0/1: size 7655 MiB
[323496.637404] PCI host bridge to bus 0001:10
[323496.637406] pci_bus 0001:10: root bus resource [io  0x0000-0xffff]
[323496.637408] pci_bus 0001:10: root bus resource [mem 0x00000000-0x7fffffffff]
[323496.637410] pci_bus 0001:10: root bus resource [bus 00-ff]
[323496.637432] pci 0001:10:00.0: [0c51:0110] type 00 class 0x010802 PCIe Endpoint
[323496.637436] pci 0001:10:00.0: BAR 0 [mem 0x100000000-0x100003fff 64bit]
[323496.637438] pci 0001:10:00.0: enabling Extended Tags
[323496.637568] NVMeVirt: Virtual PCI bus created (node 0)
[323496.637841] NVMeVirt: nvmev_io_worker_0 started on cpu 2 (node 0)
[323496.637911] NVMeVirt: Virtual NVMe device created
[323496.637929] NVMeVirt: nvmev_dispatcher started on cpu 1 (node 0)
[323496.638054] nvme nvme0: pci function 0001:10:00.0
[323496.640707] nvme nvme0: 8/0/0 default/read/poll queues
[323496.731946] EXT4-fs (nvme0n1): mounted filesystem af856309-44b4-41ce-a108-0e23d143e8fb r/w with ordered data mode. Quota mode: none.
[323578.781877] NVMeVirt: Fixed CAT init ns=0 part=0 arm=37 k=7 scale_pct=100 age_ratio=7
[323578.781882] NVMeVirt: Fixed CAT init ns=0 part=1 arm=37 k=7 scale_pct=100 age_ratio=7
[323578.781884] NVMeVirt: Fixed CAT init ns=0 part=2 arm=37 k=7 scale_pct=100 age_ratio=7
[323578.781886] NVMeVirt: Fixed CAT init ns=0 part=3 arm=37 k=7 scale_pct=100 age_ratio=7
[323578.781887] NVMeVirt: Measurement: command=start epoch=1 host_bytes=0 learner_active=1
[323578.789638] mix-mixA-greedy-725289 phase=A START
[324179.109571] mix-mixA-greedy-725289 phase=A END
[324179.117496] mix-mixA-greedy-725289 phase=B START
[324179.129878] mix-mixA-greedy-725289 phase=B LOAD
[324204.913997] mix-mixA-greedy-725289 phase=B RUN
[324209.319019] tee (725927): drop_caches: 3
[324214.706866] tee (725932): drop_caches: 3
[324219.422946] tee (725940): drop_caches: 3
[324224.620361] tee (725944): drop_caches: 3
[324229.833323] tee (725948): drop_caches: 3
[324235.166061] tee (725954): drop_caches: 3
[324240.487163] tee (725958): drop_caches: 3
[324245.678043] tee (725962): drop_caches: 3
[324250.091597] tee (725969): drop_caches: 3
[324255.296899] tee (725973): drop_caches: 3
[324260.492152] tee (725977): drop_caches: 3
[324265.686243] tee (725981): drop_caches: 3
[324271.135939] tee (725987): drop_caches: 3
[324277.159711] tee (726034): drop_caches: 3
[324281.934271] tee (726058): drop_caches: 3
[324287.951995] tee (726073): drop_caches: 3
[324293.015512] tee (726078): drop_caches: 3
[324298.113222] tee (726082): drop_caches: 3
[324303.433678] tee (726086): drop_caches: 3
[324309.008633] tee (726092): drop_caches: 3
[324313.510917] tee (726099): drop_caches: 3
[324318.858035] tee (726104): drop_caches: 3
[324324.117664] tee (726108): drop_caches: 3
[324329.434487] tee (726112): drop_caches: 3
[324334.596793] tee (726116): drop_caches: 3
[324339.796680] tee (726120): drop_caches: 3
[324344.230725] tee (726127): drop_caches: 3
[324349.585266] tee (726131): drop_caches: 3
[324354.821089] tee (726135): drop_caches: 3
[324360.069731] tee (726140): drop_caches: 3
[324365.276453] tee (726144): drop_caches: 3
[324370.426448] tee (726148): drop_caches: 3
[324374.765850] tee (726155): drop_caches: 3
[324382.296251] tee (726167): drop_caches: 3
[324388.301588] tee (726172): drop_caches: 3
[324393.438352] tee (726176): drop_caches: 3
[324398.471603] tee (726180): drop_caches: 3
[324403.688485] tee (726185): drop_caches: 3
[324408.076240] tee (726192): drop_caches: 3
[324413.526638] tee (726196): drop_caches: 3
[324418.635370] tee (726200): drop_caches: 3
[324423.748854] tee (726204): drop_caches: 3
[324431.836418] tee (726227): drop_caches: 3
[324436.838836] tee (726238): drop_caches: 3
[324442.153683] tee (726252): drop_caches: 3
[324447.538722] tee (726256): drop_caches: 3
[324452.622113] tee (726260): drop_caches: 3
[324457.906645] tee (726265): drop_caches: 3
[324463.087871] tee (726270): drop_caches: 3
[324468.374382] tee (726275): drop_caches: 3
[324473.840420] tee (726281): drop_caches: 3
[324481.198119] tee (726293): drop_caches: 3
[324487.273421] tee (726297): drop_caches: 3
[324492.753699] tee (726303): drop_caches: 3
[324497.798078] tee (726321): drop_caches: 3
[324502.774382] tee (726334): drop_caches: 3
[324508.020588] tee (726339): drop_caches: 3
[324513.014090] tee (726350): drop_caches: 3
[324518.847711] tee (726354): drop_caches: 3
[324523.946322] tee (726360): drop_caches: 3
[324529.511577] tee (726364): drop_caches: 3
[324534.061324] tee (726371): drop_caches: 3
[324539.261794] tee (726375): drop_caches: 3
[324544.548139] tee (726379): drop_caches: 3
[324549.860814] tee (726383): drop_caches: 3
[324555.035760] tee (726387): drop_caches: 3
[324560.285003] tee (726391): drop_caches: 3
[324564.753889] tee (726398): drop_caches: 3
[324570.017416] tee (726405): drop_caches: 3
[324575.958996] tee (726411): drop_caches: 3
[324581.050764] tee (726415): drop_caches: 3
[324586.345896] tee (726421): drop_caches: 3
[324591.564710] tee (726425): drop_caches: 3
[324595.936100] tee (726432): drop_caches: 3
[324601.511070] tee (726436): drop_caches: 3
[324606.781605] tee (726440): drop_caches: 3
[324612.041472] tee (726446): drop_caches: 3
[324617.361837] tee (726450): drop_caches: 3
[324622.624206] tee (726454): drop_caches: 3
[324627.019359] tee (726461): drop_caches: 3
[324632.628115] tee (726466): drop_caches: 3
[324637.850290] tee (726470): drop_caches: 3
[324642.947807] tee (726474): drop_caches: 3
[324648.005131] tee (726479): drop_caches: 3
[324653.274370] tee (726483): drop_caches: 3
[324657.758653] tee (726490): drop_caches: 3
[324663.169227] tee (726494): drop_caches: 3
[324668.348909] tee (726498): drop_caches: 3
[324673.473141] tee (726502): drop_caches: 3
[324678.544932] tee (726506): drop_caches: 3
[324683.805398] tee (726510): drop_caches: 3
[324688.183415] tee (726517): drop_caches: 3
[324693.582605] tee (726524): drop_caches: 3
[324695.664109] mix-mixA-greedy-725289 phase=B END
[324696.055101] NVMeVirt: Measurement: command=stop epoch=1 host_bytes=131593355264 learner_active=0
[324696.536542] EXT4-fs (nvme0n1): unmounting filesystem af856309-44b4-41ce-a108-0e23d143e8fb.
[324697.035369] pci_bus 0001:10: busn_res: [bus 10-ff] is released
[324697.035416] NVMeVirt: GC stats: ns=0 policy=greedy host_pages=32127284 gc_pages=45660420 gc_count=1215432 WAF=2.421 warmup_gc=100-per-part
[324697.109778] NVMeVirt: Virtual NVMe device closed
