[939008.847486] mix-mixG-fixed10-184870 BEGIN
[939008.880556] NVMeVirt: Version 1.10 for >> Samsung 970 Pro SSD <<
[939008.880562] NVMeVirt: Storage: 0x100100000-0x300000000 (8191 MiB)
[939008.891483] NVMeVirt: Total Capacity(GiB,MiB)=2,2048 chs=2 luns=4 lines=8192 blk-size(MiB,KiB)=0,64 line-size(MiB,KiB)=0,256
[939008.903570] NVMeVirt: [chmodel_init] bandwidth 800 max_credits 26 tx_time 152
[939008.914344] NVMeVirt: [chmodel_init] bandwidth 800 max_credits 26 tx_time 152
[939008.914359] NVMeVirt: [chmodel_init] bandwidth 3360 max_credits 110 tx_time 36
[939008.914361] NVMeVirt: Fixed CAT init ns=0 part=0 arm=10 k=2 scale_pct=200 age_ratio=7
[939008.915560] NVMeVirt: pqueue: Copyright (c) 2014, Volkan Yazıcı <volkan.yazici@gmail.com>. All rights reserved.
[939008.915599] NVMeVirt: Init FTL instance with 2 channels (524288 pages)
[939008.915600] NVMeVirt: GC victim policy: cat-fig7-fixed ns=0 part=0 initial_k=2 initial_scale_pct=200 initial_age_ratio=7 warmup_gc=100
[939008.926310] NVMeVirt: [chmodel_init] bandwidth 800 max_credits 26 tx_time 152
[939008.937039] NVMeVirt: [chmodel_init] bandwidth 800 max_credits 26 tx_time 152
[939008.937053] NVMeVirt: [chmodel_init] bandwidth 3360 max_credits 110 tx_time 36
[939008.937055] NVMeVirt: Fixed CAT init ns=0 part=1 arm=10 k=2 scale_pct=200 age_ratio=7
[939008.938283] NVMeVirt: Init FTL instance with 2 channels (524288 pages)
[939008.938286] NVMeVirt: GC victim policy: cat-fig7-fixed ns=0 part=1 initial_k=2 initial_scale_pct=200 initial_age_ratio=7 warmup_gc=100
[939008.948753] NVMeVirt: [chmodel_init] bandwidth 800 max_credits 26 tx_time 152
[939008.959401] NVMeVirt: [chmodel_init] bandwidth 800 max_credits 26 tx_time 152
[939008.959421] NVMeVirt: [chmodel_init] bandwidth 3360 max_credits 110 tx_time 36
[939008.959424] NVMeVirt: Fixed CAT init ns=0 part=2 arm=10 k=2 scale_pct=200 age_ratio=7
[939008.961112] NVMeVirt: Init FTL instance with 2 channels (524288 pages)
[939008.961116] NVMeVirt: GC victim policy: cat-fig7-fixed ns=0 part=2 initial_k=2 initial_scale_pct=200 initial_age_ratio=7 warmup_gc=100
[939008.971652] NVMeVirt: [chmodel_init] bandwidth 800 max_credits 26 tx_time 152
[939008.982102] NVMeVirt: [chmodel_init] bandwidth 800 max_credits 26 tx_time 152
[939008.982116] NVMeVirt: [chmodel_init] bandwidth 3360 max_credits 110 tx_time 36
[939008.982118] NVMeVirt: Fixed CAT init ns=0 part=3 arm=10 k=2 scale_pct=200 age_ratio=7
[939008.983420] NVMeVirt: Init FTL instance with 2 channels (524288 pages)
[939008.983423] NVMeVirt: GC victim policy: cat-fig7-fixed ns=0 part=3 initial_k=2 initial_scale_pct=200 initial_age_ratio=7 warmup_gc=100
[939008.983429] NVMeVirt: FTL physical space: 8588886016, logical space: 8026996276 (physical/logical * 100 = 107)
[939008.983431] NVMeVirt: ns 0/1: size 7655 MiB
[939008.983481] PCI host bridge to bus 0001:10
[939008.983483] pci_bus 0001:10: root bus resource [io  0x0000-0xffff]
[939008.983486] pci_bus 0001:10: root bus resource [mem 0x00000000-0x7fffffffff]
[939008.983488] pci_bus 0001:10: root bus resource [bus 00-ff]
[939008.983509] pci 0001:10:00.0: [0c51:0110] type 00 class 0x010802 PCIe Endpoint
[939008.983514] pci 0001:10:00.0: BAR 0 [mem 0x100000000-0x100003fff 64bit]
[939008.983516] pci 0001:10:00.0: enabling Extended Tags
[939008.983638] NVMeVirt: Virtual PCI bus created (node 0)
[939008.983921] NVMeVirt: nvmev_io_worker_0 started on cpu 2 (node 0)
[939008.984038] NVMeVirt: Virtual NVMe device created
[939008.984040] NVMeVirt: nvmev_dispatcher started on cpu 1 (node 0)
[939008.985973] nvme nvme0: pci function 0001:10:00.0
[939008.989952] nvme nvme0: 8/0/0 default/read/poll queues
[939009.609553] EXT4-fs (nvme0n1): mounted filesystem 558951e0-e3f8-46d3-ac04-bdc2553c0123 r/w with ordered data mode. Quota mode: none.
[939091.738105] NVMeVirt: Fixed CAT init ns=0 part=0 arm=10 k=2 scale_pct=200 age_ratio=7
[939091.738110] NVMeVirt: Fixed CAT init ns=0 part=1 arm=10 k=2 scale_pct=200 age_ratio=7
[939091.738112] NVMeVirt: Fixed CAT init ns=0 part=2 arm=10 k=2 scale_pct=200 age_ratio=7
[939091.738114] NVMeVirt: Fixed CAT init ns=0 part=3 arm=10 k=2 scale_pct=200 age_ratio=7
[939091.738115] NVMeVirt: Measurement: command=start epoch=1 host_bytes=0 learner_active=1
[939091.746952] mix-mixG-fixed10-184870 phase=A START
[939128.480450] tee (185191): drop_caches: 3
[939133.575825] tee (185203): drop_caches: 3
[939138.926251] tee (185209): drop_caches: 3
[939144.316527] tee (185220): drop_caches: 3
[939149.499661] tee (185224): drop_caches: 3
[939154.665794] tee (185228): drop_caches: 3
[939160.151346] tee (185232): drop_caches: 3
[939164.762856] tee (185244): drop_caches: 3
[939170.022871] tee (185257): drop_caches: 3
[939175.068387] tee (185263): drop_caches: 3
[939180.283706] tee (185267): drop_caches: 3
[939185.466404] tee (185271): drop_caches: 3
[939191.260676] tee (185277): drop_caches: 3
[939195.785399] tee (185290): drop_caches: 3
[939201.200375] tee (185301): drop_caches: 3
[939206.474623] tee (185305): drop_caches: 3
[939211.736127] tee (185309): drop_caches: 3
[939216.999721] tee (185313): drop_caches: 3
[939222.722456] tee (185321): drop_caches: 3
[939227.303233] tee (185329): drop_caches: 3
[939232.731794] tee (185340): drop_caches: 3
[939237.821456] tee (185344): drop_caches: 3
[939243.024244] tee (185348): drop_caches: 3
[939248.219417] tee (185352): drop_caches: 3
[939253.698472] tee (185360): drop_caches: 3
[939258.349855] tee (185368): drop_caches: 3
[939263.567069] tee (185379): drop_caches: 3
[939268.709601] tee (185383): drop_caches: 3
[939273.774067] tee (185387): drop_caches: 3
[939279.065011] tee (185397): drop_caches: 3
[939285.669237] tee (185468): drop_caches: 3
[939292.466706] tee (185484): drop_caches: 3
[939299.697368] tee (185488): drop_caches: 3
[939305.465217] tee (185523): drop_caches: 3
[939310.753096] tee (185528): drop_caches: 3
[939315.894994] tee (185543): drop_caches: 3
[939320.365245] tee (185557): drop_caches: 3
[939325.658361] tee (185561): drop_caches: 3
[939330.816785] tee (185565): drop_caches: 3
[939335.964198] tee (185569): drop_caches: 3
[939341.258436] tee (185573): drop_caches: 3
[939346.526615] tee (185582): drop_caches: 3
[939350.956584] tee (185596): drop_caches: 3
[939356.355404] tee (185600): drop_caches: 3
[939361.514030] tee (185604): drop_caches: 3
[939366.764558] tee (185608): drop_caches: 3
[939372.057446] tee (185612): drop_caches: 3
[939377.254207] tee (185621): drop_caches: 3
[939381.758424] tee (185636): drop_caches: 3
[939387.044853] tee (185640): drop_caches: 3
[939392.400394] tee (185644): drop_caches: 3
[939397.691640] tee (185648): drop_caches: 3
[939402.682982] tee (185652): drop_caches: 3
[939407.810742] tee (185661): drop_caches: 3
[939412.416699] tee (185675): drop_caches: 3
[939417.645110] tee (185681): drop_caches: 3
[939422.781392] tee (185685): drop_caches: 3
[939427.993567] tee (185689): drop_caches: 3
[939433.477740] tee (185693): drop_caches: 3
[939438.637506] tee (185702): drop_caches: 3
[939443.759845] tee (185714): drop_caches: 3
[939448.945698] tee (185720): drop_caches: 3
[939454.023402] tee (185724): drop_caches: 3
[939459.163107] tee (185728): drop_caches: 3
[939464.336444] tee (185732): drop_caches: 3
[939469.549960] tee (185741): drop_caches: 3
[939474.817427] tee (185756): drop_caches: 3
[939479.916699] tee (185761): drop_caches: 3
[939485.141425] tee (185765): drop_caches: 3
[939490.247776] tee (185769): drop_caches: 3
[939495.411888] tee (185775): drop_caches: 3
[939500.685632] tee (185791): drop_caches: 3
[939506.032519] tee (185797): drop_caches: 3
[939511.250409] tee (185807): drop_caches: 3
[939516.473978] tee (185811): drop_caches: 3
[939521.595234] tee (185816): drop_caches: 3
[939526.804775] tee (185820): drop_caches: 3
[939531.902265] tee (185838): drop_caches: 3
[939537.428389] tee (185843): drop_caches: 3
[939542.721839] tee (185849): drop_caches: 3
[939547.893100] tee (185853): drop_caches: 3
[939553.070242] tee (185857): drop_caches: 3
[939558.780084] tee (185868): drop_caches: 3
[939564.026486] tee (185879): drop_caches: 3
[939568.786618] tee (185885): drop_caches: 3
[939574.033396] tee (185891): drop_caches: 3
[939579.088946] tee (185898): drop_caches: 3
[939584.377594] tee (185903): drop_caches: 3
[939589.834503] tee (185913): drop_caches: 3
[939595.001335] tee (185917): drop_caches: 3
[939599.905529] tee (185922): drop_caches: 3
[939605.138073] tee (185928): drop_caches: 3
[939610.492931] tee (185933): drop_caches: 3
[939615.778989] tee (185937): drop_caches: 3
[939621.145650] tee (185947): drop_caches: 3
[939626.362978] tee (185951): drop_caches: 3
[939631.269995] tee (185957): drop_caches: 3
[939636.539136] tee (185962): drop_caches: 3
[939641.634265] tee (185966): drop_caches: 3
[939646.678881] tee (185970): drop_caches: 3
[939651.765058] tee (185988): drop_caches: 3
[939657.039541] tee (185993): drop_caches: 3
[939662.130186] tee (185998): drop_caches: 3
[939667.285631] tee (186004): drop_caches: 3
[939672.663384] tee (186008): drop_caches: 3
[939678.322574] tee (186014): drop_caches: 3
[939682.187144] mix-mixG-fixed10-184870 phase=A END
[939682.594412] NVMeVirt: Measurement: command=stop epoch=1 host_bytes=84858085376 learner_active=0
[939682.816980] EXT4-fs (nvme0n1): unmounting filesystem 558951e0-e3f8-46d3-ac04-bdc2553c0123.
[939683.351993] pci_bus 0001:10: busn_res: [bus 10-ff] is released
[939683.352041] NVMeVirt: GC stats: ns=0 policy=cat-fig7-fixed host_pages=20717306 gc_pages=62102107 gc_count=1294053 WAF=3.997 warmup_gc=100-per-part
[939683.425349] NVMeVirt: Virtual NVMe device closed
