[1609320.751355] mix-mixO-arm31-1919701 BEGIN
[1609321.080100] NVMeVirt: Version 1.10 for >> Samsung 970 Pro SSD <<
[1609321.080106] NVMeVirt: Storage: 0x100100000-0x300000000 (8191 MiB)
[1609321.090799] NVMeVirt: Total Capacity(GiB,MiB)=2,2048 chs=2 luns=4 lines=8192 blk-size(MiB,KiB)=0,64 line-size(MiB,KiB)=0,256
[1609321.102023] NVMeVirt: [chmodel_init] bandwidth 800 max_credits 26 tx_time 152
[1609321.113009] NVMeVirt: [chmodel_init] bandwidth 800 max_credits 26 tx_time 152
[1609321.113023] NVMeVirt: [chmodel_init] bandwidth 3360 max_credits 110 tx_time 36
[1609321.113025] NVMeVirt: Fixed CAT init ns=0 part=0 arm=31 k=7 scale_pct=25 age_ratio=7
[1609321.114245] NVMeVirt: pqueue: Copyright (c) 2014, Volkan Yazıcı <volkan.yazici@gmail.com>. All rights reserved.
[1609321.114280] NVMeVirt: Init FTL instance with 2 channels (524288 pages)
[1609321.114281] NVMeVirt: GC victim policy: cat-fig7-fixed ns=0 part=0 initial_k=7 initial_scale_pct=25 initial_age_ratio=7 warmup_gc=100
[1609321.124592] NVMeVirt: [chmodel_init] bandwidth 800 max_credits 26 tx_time 152
[1609321.134911] NVMeVirt: [chmodel_init] bandwidth 800 max_credits 26 tx_time 152
[1609321.134924] NVMeVirt: [chmodel_init] bandwidth 3360 max_credits 110 tx_time 36
[1609321.134927] NVMeVirt: Fixed CAT init ns=0 part=1 arm=31 k=7 scale_pct=25 age_ratio=7
[1609321.136283] NVMeVirt: Init FTL instance with 2 channels (524288 pages)
[1609321.136285] NVMeVirt: GC victim policy: cat-fig7-fixed ns=0 part=1 initial_k=7 initial_scale_pct=25 initial_age_ratio=7 warmup_gc=100
[1609321.146858] NVMeVirt: [chmodel_init] bandwidth 800 max_credits 26 tx_time 152
[1609321.157351] NVMeVirt: [chmodel_init] bandwidth 800 max_credits 26 tx_time 152
[1609321.157364] NVMeVirt: [chmodel_init] bandwidth 3360 max_credits 110 tx_time 36
[1609321.157366] NVMeVirt: Fixed CAT init ns=0 part=2 arm=31 k=7 scale_pct=25 age_ratio=7
[1609321.158579] NVMeVirt: Init FTL instance with 2 channels (524288 pages)
[1609321.158581] NVMeVirt: GC victim policy: cat-fig7-fixed ns=0 part=2 initial_k=7 initial_scale_pct=25 initial_age_ratio=7 warmup_gc=100
[1609321.168868] NVMeVirt: [chmodel_init] bandwidth 800 max_credits 26 tx_time 152
[1609321.179087] NVMeVirt: [chmodel_init] bandwidth 800 max_credits 26 tx_time 152
[1609321.179100] NVMeVirt: [chmodel_init] bandwidth 3360 max_credits 110 tx_time 36
[1609321.179102] NVMeVirt: Fixed CAT init ns=0 part=3 arm=31 k=7 scale_pct=25 age_ratio=7
[1609321.180428] NVMeVirt: Init FTL instance with 2 channels (524288 pages)
[1609321.180430] NVMeVirt: GC victim policy: cat-fig7-fixed ns=0 part=3 initial_k=7 initial_scale_pct=25 initial_age_ratio=7 warmup_gc=100
[1609321.180436] NVMeVirt: FTL physical space: 8588886016, logical space: 8026996276 (physical/logical * 100 = 107)
[1609321.180438] NVMeVirt: ns 0/1: size 7655 MiB
[1609321.180486] PCI host bridge to bus 0001:10
[1609321.180488] pci_bus 0001:10: root bus resource [io  0x0000-0xffff]
[1609321.180491] pci_bus 0001:10: root bus resource [mem 0x00000000-0x7fffffffff]
[1609321.180493] pci_bus 0001:10: root bus resource [bus 00-ff]
[1609321.180513] pci 0001:10:00.0: [0c51:0110] type 00 class 0x010802 PCIe Endpoint
[1609321.180517] pci 0001:10:00.0: BAR 0 [mem 0x100000000-0x100003fff 64bit]
[1609321.180519] pci 0001:10:00.0: enabling Extended Tags
[1609321.180641] NVMeVirt: Virtual PCI bus created (node 0)
[1609321.180883] NVMeVirt: nvmev_io_worker_0 started on cpu 2 (node 0)
[1609321.181035] NVMeVirt: Virtual NVMe device created
[1609321.181037] NVMeVirt: nvmev_dispatcher started on cpu 1 (node 0)
[1609321.181174] nvme nvme0: pci function 0001:10:00.0
[1609321.183915] nvme nvme0: 8/0/0 default/read/poll queues
[1609321.659435] EXT4-fs (nvme0n1): mounted filesystem b502e711-7540-4731-8fb9-93e081432c07 r/w with ordered data mode. Quota mode: none.
[1609403.954612] NVMeVirt: Fixed CAT init ns=0 part=0 arm=31 k=7 scale_pct=25 age_ratio=7
[1609403.954618] NVMeVirt: Fixed CAT init ns=0 part=1 arm=31 k=7 scale_pct=25 age_ratio=7
[1609403.954620] NVMeVirt: Fixed CAT init ns=0 part=2 arm=31 k=7 scale_pct=25 age_ratio=7
[1609403.954621] NVMeVirt: Fixed CAT init ns=0 part=3 arm=31 k=7 scale_pct=25 age_ratio=7
[1609403.954623] NVMeVirt: Measurement: command=start epoch=1 host_bytes=0 learner_active=1
[1609404.015191] mix-mixO-arm31-1919701 phase=A START
[1609708.093297] mix-mixO-arm31-1919701 phase=A END
[1609708.218763] mix-mixO-arm31-1919701 phase=B START
[1610011.684075] mix-mixO-arm31-1919701 phase=B END
[1610011.687204] NVMeVirt: Measurement: command=stop epoch=1 host_bytes=240349822976 learner_active=0
[1610011.862197] EXT4-fs (nvme0n1): unmounting filesystem b502e711-7540-4731-8fb9-93e081432c07.
[1610011.957557] pci_bus 0001:10: busn_res: [bus 10-ff] is released
[1610011.957651] NVMeVirt: GC stats: ns=0 policy=cat-fig7-fixed host_pages=58679156 gc_pages=69191921 gc_count=1997985 WAF=2.179 warmup_gc=100-per-part
[1610012.031713] NVMeVirt: Virtual NVMe device closed
