[1590881.162794] mix-t4-fixed37-1840252 BEGIN
[1590881.316639] NVMeVirt: Version 1.10 for >> Samsung 970 Pro SSD <<
[1590881.316646] NVMeVirt: Storage: 0x100100000-0x300000000 (8191 MiB)
[1590881.327474] NVMeVirt: Total Capacity(GiB,MiB)=2,2048 chs=2 luns=4 lines=8192 blk-size(MiB,KiB)=0,64 line-size(MiB,KiB)=0,256
[1590881.339144] NVMeVirt: [chmodel_init] bandwidth 800 max_credits 26 tx_time 152
[1590881.350361] NVMeVirt: [chmodel_init] bandwidth 800 max_credits 26 tx_time 152
[1590881.350375] NVMeVirt: [chmodel_init] bandwidth 3360 max_credits 110 tx_time 36
[1590881.350378] NVMeVirt: Fixed CAT init ns=0 part=0 arm=37 k=7 scale_pct=100 age_ratio=7
[1590881.351628] NVMeVirt: pqueue: Copyright (c) 2014, Volkan Yazıcı <volkan.yazici@gmail.com>. All rights reserved.
[1590881.351663] NVMeVirt: Init FTL instance with 2 channels (524288 pages)
[1590881.351665] NVMeVirt: GC victim policy: cat-fig7-fixed ns=0 part=0 initial_k=7 initial_scale_pct=100 initial_age_ratio=7 warmup_gc=100
[1590881.362806] NVMeVirt: [chmodel_init] bandwidth 800 max_credits 26 tx_time 152
[1590881.373608] NVMeVirt: [chmodel_init] bandwidth 800 max_credits 26 tx_time 152
[1590881.373623] NVMeVirt: [chmodel_init] bandwidth 3360 max_credits 110 tx_time 36
[1590881.373625] NVMeVirt: Fixed CAT init ns=0 part=1 arm=37 k=7 scale_pct=100 age_ratio=7
[1590881.374941] NVMeVirt: Init FTL instance with 2 channels (524288 pages)
[1590881.374944] NVMeVirt: GC victim policy: cat-fig7-fixed ns=0 part=1 initial_k=7 initial_scale_pct=100 initial_age_ratio=7 warmup_gc=100
[1590881.385861] NVMeVirt: [chmodel_init] bandwidth 800 max_credits 26 tx_time 152
[1590881.396806] NVMeVirt: [chmodel_init] bandwidth 800 max_credits 26 tx_time 152
[1590881.396820] NVMeVirt: [chmodel_init] bandwidth 3360 max_credits 110 tx_time 36
[1590881.396822] NVMeVirt: Fixed CAT init ns=0 part=2 arm=37 k=7 scale_pct=100 age_ratio=7
[1590881.398149] NVMeVirt: Init FTL instance with 2 channels (524288 pages)
[1590881.398152] NVMeVirt: GC victim policy: cat-fig7-fixed ns=0 part=2 initial_k=7 initial_scale_pct=100 initial_age_ratio=7 warmup_gc=100
[1590881.409345] NVMeVirt: [chmodel_init] bandwidth 800 max_credits 26 tx_time 152
[1590881.420361] NVMeVirt: [chmodel_init] bandwidth 800 max_credits 26 tx_time 152
[1590881.420399] NVMeVirt: [chmodel_init] bandwidth 3360 max_credits 110 tx_time 36
[1590881.420414] NVMeVirt: Fixed CAT init ns=0 part=3 arm=37 k=7 scale_pct=100 age_ratio=7
[1590881.422003] NVMeVirt: Init FTL instance with 2 channels (524288 pages)
[1590881.422007] NVMeVirt: GC victim policy: cat-fig7-fixed ns=0 part=3 initial_k=7 initial_scale_pct=100 initial_age_ratio=7 warmup_gc=100
[1590881.422016] NVMeVirt: FTL physical space: 8588886016, logical space: 8026996276 (physical/logical * 100 = 107)
[1590881.422018] NVMeVirt: ns 0/1: size 7655 MiB
[1590881.422138] PCI host bridge to bus 0001:10
[1590881.422141] pci_bus 0001:10: root bus resource [io  0x0000-0xffff]
[1590881.422145] pci_bus 0001:10: root bus resource [mem 0x00000000-0x7fffffffff]
[1590881.422147] pci_bus 0001:10: root bus resource [bus 00-ff]
[1590881.422158] pci 0001:10:00.0: [0c51:0110] type 00 class 0x010802 PCIe Endpoint
[1590881.422163] pci 0001:10:00.0: BAR 0 [mem 0x100000000-0x100003fff 64bit]
[1590881.422166] pci 0001:10:00.0: enabling Extended Tags
[1590881.422329] NVMeVirt: Virtual PCI bus created (node 0)
[1590881.422694] NVMeVirt: nvmev_io_worker_0 started on cpu 2 (node 0)
[1590881.422799] NVMeVirt: nvmev_dispatcher started on cpu 1 (node 0)
[1590881.422844] NVMeVirt: Virtual NVMe device created
[1590881.423003] nvme nvme0: pci function 0001:10:00.0
[1590881.428961] nvme nvme0: 8/0/0 default/read/poll queues
[1590882.154953] EXT4-fs (nvme0n1): mounted filesystem ed48981f-67e1-434c-85ce-b08431dcaa6a r/w with ordered data mode. Quota mode: none.
[1590964.549609] NVMeVirt: Fixed CAT init ns=0 part=0 arm=37 k=7 scale_pct=100 age_ratio=7
[1590964.549616] NVMeVirt: Fixed CAT init ns=0 part=1 arm=37 k=7 scale_pct=100 age_ratio=7
[1590964.549618] NVMeVirt: Fixed CAT init ns=0 part=2 arm=37 k=7 scale_pct=100 age_ratio=7
[1590964.549621] NVMeVirt: Fixed CAT init ns=0 part=3 arm=37 k=7 scale_pct=100 age_ratio=7
[1590964.549623] NVMeVirt: Measurement: command=start epoch=1 host_bytes=0 learner_active=1
[1590964.558145] mix-t4-fixed37-1840252 phase=A START
[1591564.878092] mix-t4-fixed37-1840252 phase=A END
[1591564.919536] NVMeVirt: Measurement: command=stop epoch=1 host_bytes=98306695168 learner_active=0
[1591565.060899] EXT4-fs (nvme0n1): unmounting filesystem ed48981f-67e1-434c-85ce-b08431dcaa6a.
[1591565.127970] pci_bus 0001:10: busn_res: [bus 10-ff] is released
[1591565.128126] NVMeVirt: GC stats: ns=0 policy=cat-fig7-fixed host_pages=24000658 gc_pages=23370844 gc_count=740180 WAF=1.973 warmup_gc=100-per-part
[1591565.210932] NVMeVirt: Virtual NVMe device closed
