[228796.258469] mix-t4-online-95695 BEGIN
[228796.269871] NVMeVirt: Version 1.10 for >> Samsung 970 Pro SSD <<
[228796.269877] NVMeVirt: Storage: 0x100100000-0x300000000 (8191 MiB)
[228796.281093] NVMeVirt: Total Capacity(GiB,MiB)=2,2048 chs=2 luns=4 lines=8192 blk-size(MiB,KiB)=0,64 line-size(MiB,KiB)=0,256
[228796.292751] NVMeVirt: [chmodel_init] bandwidth 800 max_credits 26 tx_time 152
[228796.303791] NVMeVirt: [chmodel_init] bandwidth 800 max_credits 26 tx_time 152
[228796.303806] NVMeVirt: [chmodel_init] bandwidth 3360 max_credits 110 tx_time 36
[228796.303808] NVMeVirt: WATGC_V2 init ns=0 part=0 arms=60 initial=37 prior=none gamma_q16=65503 exploration_q16=16384
[228796.305057] NVMeVirt: pqueue: Copyright (c) 2014, Volkan Yazıcı <volkan.yazici@gmail.com>. All rights reserved.
[228796.305095] NVMeVirt: Init FTL instance with 2 channels (524288 pages)
[228796.305097] NVMeVirt: GC victim policy: watgc-v2 ns=0 part=0 initial_k=7 initial_scale_pct=100 initial_age_ratio=7 warmup_gc=100
[228796.316011] NVMeVirt: [chmodel_init] bandwidth 800 max_credits 26 tx_time 152
[228796.327123] NVMeVirt: [chmodel_init] bandwidth 800 max_credits 26 tx_time 152
[228796.327140] NVMeVirt: [chmodel_init] bandwidth 3360 max_credits 110 tx_time 36
[228796.327142] NVMeVirt: WATGC_V2 init ns=0 part=1 arms=60 initial=37 prior=none gamma_q16=65503 exploration_q16=16384
[228796.328460] NVMeVirt: Init FTL instance with 2 channels (524288 pages)
[228796.328463] NVMeVirt: GC victim policy: watgc-v2 ns=0 part=1 initial_k=7 initial_scale_pct=100 initial_age_ratio=7 warmup_gc=100
[228796.339350] NVMeVirt: [chmodel_init] bandwidth 800 max_credits 26 tx_time 152
[228796.350161] NVMeVirt: [chmodel_init] bandwidth 800 max_credits 26 tx_time 152
[228796.350186] NVMeVirt: [chmodel_init] bandwidth 3360 max_credits 110 tx_time 36
[228796.350189] NVMeVirt: WATGC_V2 init ns=0 part=2 arms=60 initial=37 prior=none gamma_q16=65503 exploration_q16=16384
[228796.352060] NVMeVirt: Init FTL instance with 2 channels (524288 pages)
[228796.352064] NVMeVirt: GC victim policy: watgc-v2 ns=0 part=2 initial_k=7 initial_scale_pct=100 initial_age_ratio=7 warmup_gc=100
[228796.362637] NVMeVirt: [chmodel_init] bandwidth 800 max_credits 26 tx_time 152
[228796.373252] NVMeVirt: [chmodel_init] bandwidth 800 max_credits 26 tx_time 152
[228796.373265] NVMeVirt: [chmodel_init] bandwidth 3360 max_credits 110 tx_time 36
[228796.373267] NVMeVirt: WATGC_V2 init ns=0 part=3 arms=60 initial=37 prior=none gamma_q16=65503 exploration_q16=16384
[228796.374499] NVMeVirt: Init FTL instance with 2 channels (524288 pages)
[228796.374501] NVMeVirt: GC victim policy: watgc-v2 ns=0 part=3 initial_k=7 initial_scale_pct=100 initial_age_ratio=7 warmup_gc=100
[228796.374508] NVMeVirt: FTL physical space: 8588886016, logical space: 8026996276 (physical/logical * 100 = 107)
[228796.374510] NVMeVirt: ns 0/1: size 7655 MiB
[228796.374566] PCI host bridge to bus 0001:10
[228796.374569] pci_bus 0001:10: root bus resource [io  0x0000-0xffff]
[228796.374572] pci_bus 0001:10: root bus resource [mem 0x00000000-0x7fffffffff]
[228796.374575] pci_bus 0001:10: root bus resource [bus 00-ff]
[228796.374583] pci 0001:10:00.0: [0c51:0110] type 00 class 0x010802 PCIe Endpoint
[228796.374587] pci 0001:10:00.0: BAR 0 [mem 0x100000000-0x100003fff 64bit]
[228796.374589] pci 0001:10:00.0: enabling Extended Tags
[228796.374766] NVMeVirt: Virtual PCI bus created (node 0)
[228796.375068] NVMeVirt: nvmev_dispatcher started on cpu 1 (node 0)
[228796.375118] NVMeVirt: Virtual NVMe device created
[228796.375311] nvme nvme0: pci function 0001:10:00.0
[228796.376068] NVMeVirt: nvmev_io_worker_0 started on cpu 2 (node 0)
[228796.379307] nvme nvme0: 8/0/0 default/read/poll queues
[228796.458090] EXT4-fs (nvme0n1): mounted filesystem 1590504e-bf8f-4358-8b97-55b98e8e9877 r/w with ordered data mode. Quota mode: none.
[228878.460101] NVMeVirt: WATGC_V2 init ns=0 part=0 arms=60 initial=37 prior=none gamma_q16=65503 exploration_q16=16384
[228878.460107] NVMeVirt: WATGC_V2 init ns=0 part=1 arms=60 initial=37 prior=none gamma_q16=65503 exploration_q16=16384
[228878.460109] NVMeVirt: WATGC_V2 init ns=0 part=2 arms=60 initial=37 prior=none gamma_q16=65503 exploration_q16=16384
[228878.460110] NVMeVirt: WATGC_V2 init ns=0 part=3 arms=60 initial=37 prior=none gamma_q16=65503 exploration_q16=16384
[228878.460112] NVMeVirt: Measurement: command=start epoch=1 host_bytes=0 learner_active=1
[228878.467145] mix-t4-online-95695 phase=A START
[228879.059979] NVMeVirt: WATGC_V2 warmup-done ns=0 part=2 gc_count=2776
[228879.064036] NVMeVirt: WATGC_V2 warmup-done ns=0 part=1 gc_count=2773
[228879.064755] NVMeVirt: WATGC_V2 warmup-done ns=0 part=0 gc_count=2797
[228879.069087] NVMeVirt: WATGC_V2 warmup-done ns=0 part=3 gc_count=2782
[228888.851500] NVMeVirt: WATGC_V2 sample ns=0 part=0 epoch=1 window=1 phase=measure evaluated=37 k=7 scale_pct=100 age_ratio=7 host=65566 gc_pages=62433 gc_count=2000 waf_q16=127940 best=37 next=0 settled=0
[228888.853594] NVMeVirt: WATGC_V2 sample ns=0 part=1 epoch=1 window=1 phase=measure evaluated=37 k=7 scale_pct=100 age_ratio=7 host=65560 gc_pages=62639 gc_count=2003 waf_q16=128152 best=37 next=0 settled=0
[228888.856915] NVMeVirt: WATGC_V2 sample ns=0 part=2 epoch=1 window=1 phase=measure evaluated=37 k=7 scale_pct=100 age_ratio=7 host=65566 gc_pages=62369 gc_count=1999 waf_q16=127876 best=37 next=0 settled=0
[228888.880666] NVMeVirt: WATGC_V2 sample ns=0 part=3 epoch=1 window=1 phase=measure evaluated=37 k=7 scale_pct=100 age_ratio=7 host=65541 gc_pages=62137 gc_count=1995 waf_q16=127668 best=37 next=0 settled=0
[228898.682135] NVMeVirt: WATGC_V2 sample ns=0 part=1 epoch=1 window=2 phase=measure evaluated=0 k=2 scale_pct=25 age_ratio=4 host=65538 gc_pages=60928 gc_count=1976 waf_q16=126462 best=0 next=1 settled=0
[228898.684987] NVMeVirt: WATGC_V2 sample ns=0 part=2 epoch=1 window=2 phase=measure evaluated=0 k=2 scale_pct=25 age_ratio=4 host=65560 gc_pages=61418 gc_count=1984 waf_q16=126931 best=0 next=1 settled=0
[228898.690350] NVMeVirt: WATGC_V2 sample ns=0 part=0 epoch=1 window=2 phase=measure evaluated=0 k=2 scale_pct=25 age_ratio=4 host=65556 gc_pages=61039 gc_count=1978 waf_q16=126556 best=0 next=1 settled=0
[228898.712584] NVMeVirt: WATGC_V2 sample ns=0 part=3 epoch=1 window=2 phase=measure evaluated=0 k=2 scale_pct=25 age_ratio=4 host=65551 gc_pages=60787 gc_count=1974 waf_q16=126309 best=0 next=1 settled=0
[228908.516073] NVMeVirt: WATGC_V2 sample ns=0 part=2 epoch=1 window=3 phase=measure evaluated=1 k=2 scale_pct=25 age_ratio=7 host=65555 gc_pages=74607 gc_count=2190 waf_q16=140121 best=0 next=2 settled=0
[228908.523190] NVMeVirt: WATGC_V2 sample ns=0 part=1 epoch=1 window=3 phase=measure evaluated=1 k=2 scale_pct=25 age_ratio=7 host=65561 gc_pages=74345 gc_count=2186 waf_q16=139852 best=0 next=2 settled=0
[228908.530172] NVMeVirt: WATGC_V2 sample ns=0 part=3 epoch=1 window=3 phase=measure evaluated=1 k=2 scale_pct=25 age_ratio=7 host=65546 gc_pages=74552 gc_count=2189 waf_q16=140076 best=0 next=2 settled=0
[228908.538419] NVMeVirt: WATGC_V2 sample ns=0 part=0 epoch=1 window=3 phase=measure evaluated=1 k=2 scale_pct=25 age_ratio=7 host=65562 gc_pages=75048 gc_count=2197 waf_q16=140554 best=0 next=2 settled=0
[228918.347623] NVMeVirt: WATGC_V2 sample ns=0 part=2 epoch=1 window=4 phase=measure evaluated=2 k=2 scale_pct=25 age_ratio=16 host=65560 gc_pages=73069 gc_count=2166 waf_q16=138578 best=0 next=3 settled=0
[228918.350619] NVMeVirt: WATGC_V2 sample ns=0 part=3 epoch=1 window=4 phase=measure evaluated=2 k=2 scale_pct=25 age_ratio=16 host=65544 gc_pages=72765 gc_count=2161 waf_q16=138292 best=0 next=3 settled=0
[228918.370402] NVMeVirt: WATGC_V2 sample ns=0 part=1 epoch=1 window=4 phase=measure evaluated=2 k=2 scale_pct=25 age_ratio=16 host=65559 gc_pages=73582 gc_count=2174 waf_q16=139092 best=0 next=3 settled=0
[228918.370801] NVMeVirt: WATGC_V2 sample ns=0 part=0 epoch=1 window=4 phase=measure evaluated=2 k=2 scale_pct=25 age_ratio=16 host=65539 gc_pages=72963 gc_count=2164 waf_q16=138495 best=0 next=3 settled=0
[228928.160895] NVMeVirt: WATGC_V2 sample ns=0 part=0 epoch=1 window=5 phase=measure evaluated=3 k=2 scale_pct=50 age_ratio=4 host=65563 gc_pages=73317 gc_count=2170 waf_q16=138822 best=0 next=4 settled=0
[228928.174996] NVMeVirt: WATGC_V2 sample ns=0 part=3 epoch=1 window=5 phase=measure evaluated=3 k=2 scale_pct=50 age_ratio=4 host=65544 gc_pages=72889 gc_count=2163 waf_q16=138416 best=0 next=4 settled=0
[228928.214250] NVMeVirt: WATGC_V2 sample ns=0 part=1 epoch=1 window=5 phase=measure evaluated=3 k=2 scale_pct=50 age_ratio=4 host=65563 gc_pages=73062 gc_count=2166 waf_q16=138567 best=0 next=4 settled=0
[228928.223178] NVMeVirt: WATGC_V2 sample ns=0 part=2 epoch=1 window=5 phase=measure evaluated=3 k=2 scale_pct=50 age_ratio=4 host=65536 gc_pages=73473 gc_count=2172 waf_q16=139009 best=0 next=4 settled=0
[228938.005347] NVMeVirt: WATGC_V2 sample ns=0 part=0 epoch=1 window=6 phase=measure evaluated=4 k=2 scale_pct=50 age_ratio=7 host=65542 gc_pages=71926 gc_count=2148 waf_q16=137455 best=0 next=5 settled=0
[228938.025881] NVMeVirt: WATGC_V2 sample ns=0 part=2 epoch=1 window=6 phase=measure evaluated=4 k=2 scale_pct=50 age_ratio=7 host=65561 gc_pages=72931 gc_count=2164 waf_q16=138439 best=0 next=5 settled=0
[228938.038652] NVMeVirt: WATGC_V2 sample ns=0 part=3 epoch=1 window=6 phase=measure evaluated=4 k=2 scale_pct=50 age_ratio=7 host=65569 gc_pages=71451 gc_count=2141 waf_q16=136951 best=0 next=5 settled=0
[228938.039039] NVMeVirt: WATGC_V2 sample ns=0 part=1 epoch=1 window=6 phase=measure evaluated=4 k=2 scale_pct=50 age_ratio=7 host=65549 gc_pages=71856 gc_count=2147 waf_q16=137377 best=0 next=5 settled=0
[228947.845279] NVMeVirt: WATGC_V2 sample ns=0 part=0 epoch=1 window=7 phase=measure evaluated=5 k=2 scale_pct=50 age_ratio=16 host=65556 gc_pages=75242 gc_count=2200 waf_q16=140755 best=0 next=6 settled=0
[228947.855821] NVMeVirt: WATGC_V2 sample ns=0 part=3 epoch=1 window=7 phase=measure evaluated=5 k=2 scale_pct=50 age_ratio=16 host=65565 gc_pages=74402 gc_count=2187 waf_q16=139905 best=0 next=6 settled=0
[228947.866311] NVMeVirt: WATGC_V2 sample ns=0 part=1 epoch=1 window=7 phase=measure evaluated=5 k=2 scale_pct=50 age_ratio=16 host=65546 gc_pages=75126 gc_count=2198 waf_q16=140650 best=0 next=6 settled=0
[228947.878035] NVMeVirt: WATGC_V2 sample ns=0 part=2 epoch=1 window=7 phase=measure evaluated=5 k=2 scale_pct=50 age_ratio=16 host=65555 gc_pages=75500 gc_count=2204 waf_q16=141014 best=0 next=6 settled=0
[228957.677253] NVMeVirt: WATGC_V2 sample ns=0 part=0 epoch=1 window=8 phase=measure evaluated=6 k=2 scale_pct=100 age_ratio=4 host=65551 gc_pages=79025 gc_count=2259 waf_q16=144542 best=0 next=7 settled=0
[228957.678040] NVMeVirt: WATGC_V2 sample ns=0 part=1 epoch=1 window=8 phase=measure evaluated=6 k=2 scale_pct=100 age_ratio=4 host=65540 gc_pages=80381 gc_count=2280 waf_q16=145912 best=0 next=7 settled=0
[228957.708074] NVMeVirt: WATGC_V2 sample ns=0 part=2 epoch=1 window=8 phase=measure evaluated=6 k=2 scale_pct=100 age_ratio=4 host=65553 gc_pages=79215 gc_count=2262 waf_q16=144730 best=0 next=7 settled=0
[228957.714611] NVMeVirt: WATGC_V2 sample ns=0 part=3 epoch=1 window=8 phase=measure evaluated=6 k=2 scale_pct=100 age_ratio=4 host=65545 gc_pages=78135 gc_count=2245 waf_q16=143660 best=0 next=7 settled=0
[228967.493090] NVMeVirt: WATGC_V2 sample ns=0 part=0 epoch=1 window=9 phase=measure evaluated=7 k=2 scale_pct=100 age_ratio=7 host=65538 gc_pages=77250 gc_count=2231 waf_q16=142783 best=0 next=8 settled=0
[228967.526087] NVMeVirt: WATGC_V2 sample ns=0 part=1 epoch=1 window=9 phase=measure evaluated=7 k=2 scale_pct=100 age_ratio=7 host=65543 gc_pages=78076 gc_count=2244 waf_q16=143603 best=0 next=8 settled=0
[228967.545092] NVMeVirt: WATGC_V2 sample ns=0 part=3 epoch=1 window=9 phase=measure evaluated=7 k=2 scale_pct=100 age_ratio=7 host=65540 gc_pages=77248 gc_count=2231 waf_q16=142779 best=0 next=8 settled=0
[228967.546715] NVMeVirt: WATGC_V2 sample ns=0 part=2 epoch=1 window=9 phase=measure evaluated=7 k=2 scale_pct=100 age_ratio=7 host=65554 gc_pages=77554 gc_count=2236 waf_q16=143068 best=0 next=8 settled=0
[228977.319073] NVMeVirt: WATGC_V2 sample ns=0 part=0 epoch=1 window=10 phase=measure evaluated=8 k=2 scale_pct=100 age_ratio=16 host=65536 gc_pages=78467 gc_count=2250 waf_q16=144003 best=0 next=9 settled=0
[228977.338257] NVMeVirt: WATGC_V2 sample ns=0 part=1 epoch=1 window=10 phase=measure evaluated=8 k=2 scale_pct=100 age_ratio=16 host=65542 gc_pages=79294 gc_count=2263 waf_q16=144822 best=0 next=9 settled=0
[228977.386994] NVMeVirt: WATGC_V2 sample ns=0 part=2 epoch=1 window=10 phase=measure evaluated=8 k=2 scale_pct=100 age_ratio=16 host=65538 gc_pages=78721 gc_count=2254 waf_q16=144254 best=0 next=9 settled=0
[228977.395120] NVMeVirt: WATGC_V2 sample ns=0 part=3 epoch=1 window=10 phase=measure evaluated=8 k=2 scale_pct=100 age_ratio=16 host=65550 gc_pages=78261 gc_count=2247 waf_q16=143780 best=0 next=9 settled=0
[228987.140664] NVMeVirt: WATGC_V2 sample ns=0 part=0 epoch=1 window=11 phase=measure evaluated=9 k=2 scale_pct=200 age_ratio=4 host=65564 gc_pages=82721 gc_count=2317 waf_q16=148221 best=0 next=10 settled=0
[228987.183181] NVMeVirt: WATGC_V2 sample ns=0 part=1 epoch=1 window=11 phase=measure evaluated=9 k=2 scale_pct=200 age_ratio=4 host=65539 gc_pages=83067 gc_count=2322 waf_q16=148599 best=0 next=10 settled=0
[228987.212860] NVMeVirt: WATGC_V2 sample ns=0 part=3 epoch=1 window=11 phase=measure evaluated=9 k=2 scale_pct=200 age_ratio=4 host=65550 gc_pages=81583 gc_count=2299 waf_q16=147101 best=0 next=10 settled=0
[228987.238992] NVMeVirt: WATGC_V2 sample ns=0 part=2 epoch=1 window=11 phase=measure evaluated=9 k=2 scale_pct=200 age_ratio=4 host=65559 gc_pages=82535 gc_count=2314 waf_q16=148042 best=0 next=10 settled=0
[228996.966503] NVMeVirt: WATGC_V2 sample ns=0 part=0 epoch=1 window=12 phase=measure evaluated=10 k=2 scale_pct=200 age_ratio=7 host=65555 gc_pages=83500 gc_count=2329 waf_q16=149011 best=0 next=11 settled=0
[228996.997959] NVMeVirt: WATGC_V2 sample ns=0 part=1 epoch=1 window=12 phase=measure evaluated=10 k=2 scale_pct=200 age_ratio=7 host=65552 gc_pages=83374 gc_count=2327 waf_q16=148889 best=0 next=11 settled=0
[228997.057444] NVMeVirt: WATGC_V2 sample ns=0 part=3 epoch=1 window=12 phase=measure evaluated=10 k=2 scale_pct=200 age_ratio=7 host=65563 gc_pages=83107 gc_count=2323 waf_q16=148608 best=0 next=11 settled=0
[228997.091624] NVMeVirt: WATGC_V2 sample ns=0 part=2 epoch=1 window=12 phase=measure evaluated=10 k=2 scale_pct=200 age_ratio=7 host=65538 gc_pages=83836 gc_count=2334 waf_q16=149369 best=0 next=11 settled=0
[229006.816213] NVMeVirt: WATGC_V2 sample ns=0 part=1 epoch=1 window=13 phase=measure evaluated=11 k=2 scale_pct=200 age_ratio=16 host=65560 gc_pages=85032 gc_count=2353 waf_q16=150536 best=0 next=12 settled=0
[229006.838389] NVMeVirt: WATGC_V2 sample ns=0 part=0 epoch=1 window=13 phase=measure evaluated=11 k=2 scale_pct=200 age_ratio=16 host=65553 gc_pages=84143 gc_count=2339 waf_q16=149657 best=0 next=12 settled=0
[229006.890556] NVMeVirt: WATGC_V2 sample ns=0 part=3 epoch=1 window=13 phase=measure evaluated=11 k=2 scale_pct=200 age_ratio=16 host=65542 gc_pages=84667 gc_count=2347 waf_q16=150195 best=0 next=12 settled=0
[229006.894767] NVMeVirt: WATGC_V2 sample ns=0 part=2 epoch=1 window=13 phase=measure evaluated=11 k=2 scale_pct=200 age_ratio=16 host=65539 gc_pages=86141 gc_count=2370 waf_q16=151673 best=0 next=12 settled=0
[229016.665578] NVMeVirt: WATGC_V2 sample ns=0 part=0 epoch=1 window=14 phase=measure evaluated=12 k=2 scale_pct=400 age_ratio=4 host=65552 gc_pages=84082 gc_count=2338 waf_q16=149597 best=0 next=13 settled=0
[229016.679173] NVMeVirt: WATGC_V2 sample ns=0 part=1 epoch=1 window=14 phase=measure evaluated=12 k=2 scale_pct=400 age_ratio=4 host=65536 gc_pages=83459 gc_count=2328 waf_q16=148995 best=0 next=13 settled=0
[229016.711248] NVMeVirt: WATGC_V2 sample ns=0 part=2 epoch=1 window=14 phase=measure evaluated=12 k=2 scale_pct=400 age_ratio=4 host=65561 gc_pages=85736 gc_count=2364 waf_q16=151239 best=0 next=13 settled=0
[229016.717671] NVMeVirt: WATGC_V2 sample ns=0 part=3 epoch=1 window=14 phase=measure evaluated=12 k=2 scale_pct=400 age_ratio=4 host=65542 gc_pages=84157 gc_count=2339 waf_q16=149685 best=0 next=13 settled=0
[229026.484408] NVMeVirt: WATGC_V2 sample ns=0 part=1 epoch=1 window=15 phase=measure evaluated=13 k=2 scale_pct=400 age_ratio=7 host=65551 gc_pages=79668 gc_count=2269 waf_q16=145185 best=0 next=14 settled=0
[229026.528779] NVMeVirt: WATGC_V2 sample ns=0 part=0 epoch=1 window=15 phase=measure evaluated=13 k=2 scale_pct=400 age_ratio=7 host=65548 gc_pages=78326 gc_count=2248 waf_q16=143847 best=0 next=14 settled=0
[229026.542960] NVMeVirt: WATGC_V2 sample ns=0 part=2 epoch=1 window=15 phase=measure evaluated=13 k=2 scale_pct=400 age_ratio=7 host=65554 gc_pages=78384 gc_count=2249 waf_q16=143898 best=0 next=14 settled=0
[229026.546786] NVMeVirt: WATGC_V2 sample ns=0 part=3 epoch=1 window=15 phase=measure evaluated=13 k=2 scale_pct=400 age_ratio=7 host=65546 gc_pages=78649 gc_count=2253 waf_q16=144173 best=0 next=14 settled=0
[229036.315161] NVMeVirt: WATGC_V2 sample ns=0 part=1 epoch=1 window=16 phase=measure evaluated=14 k=2 scale_pct=400 age_ratio=16 host=65558 gc_pages=81830 gc_count=2303 waf_q16=147338 best=0 next=15 settled=0
[229036.355175] NVMeVirt: WATGC_V2 sample ns=0 part=0 epoch=1 window=16 phase=measure evaluated=14 k=2 scale_pct=400 age_ratio=16 host=65545 gc_pages=81652 gc_count=2300 waf_q16=147176 best=0 next=15 settled=0
[229036.380161] NVMeVirt: WATGC_V2 sample ns=0 part=2 epoch=1 window=16 phase=measure evaluated=14 k=2 scale_pct=400 age_ratio=16 host=65550 gc_pages=82926 gc_count=2320 waf_q16=148444 best=0 next=15 settled=0
[229036.388687] NVMeVirt: WATGC_V2 sample ns=0 part=3 epoch=1 window=16 phase=measure evaluated=14 k=2 scale_pct=400 age_ratio=16 host=65553 gc_pages=82156 gc_count=2308 waf_q16=147670 best=0 next=15 settled=0
[229046.179486] NVMeVirt: WATGC_V2 sample ns=0 part=1 epoch=1 window=17 phase=measure evaluated=15 k=4 scale_pct=25 age_ratio=4 host=65558 gc_pages=68771 gc_count=2099 waf_q16=134283 best=0 next=16 settled=0
[229046.179876] NVMeVirt: WATGC_V2 sample ns=0 part=2 epoch=1 window=17 phase=measure evaluated=15 k=4 scale_pct=25 age_ratio=4 host=65547 gc_pages=70260 gc_count=2122 waf_q16=135784 best=0 next=16 settled=0
[229046.201042] NVMeVirt: WATGC_V2 sample ns=0 part=3 epoch=1 window=17 phase=measure evaluated=15 k=4 scale_pct=25 age_ratio=4 host=65539 gc_pages=70143 gc_count=2120 waf_q16=135675 best=0 next=16 settled=0
[229046.209274] NVMeVirt: WATGC_V2 sample ns=0 part=0 epoch=1 window=17 phase=measure evaluated=15 k=4 scale_pct=25 age_ratio=4 host=65548 gc_pages=69881 gc_count=2116 waf_q16=135404 best=0 next=16 settled=0
[229056.013840] NVMeVirt: WATGC_V2 sample ns=0 part=1 epoch=1 window=18 phase=measure evaluated=16 k=4 scale_pct=25 age_ratio=7 host=65543 gc_pages=65215 gc_count=2043 waf_q16=130744 best=0 next=17 settled=0
[229056.026990] NVMeVirt: WATGC_V2 sample ns=0 part=0 epoch=1 window=18 phase=measure evaluated=16 k=4 scale_pct=25 age_ratio=7 host=65542 gc_pages=65856 gc_count=2053 waf_q16=131385 best=0 next=17 settled=0
[229056.029731] NVMeVirt: WATGC_V2 sample ns=0 part=2 epoch=1 window=18 phase=measure evaluated=16 k=4 scale_pct=25 age_ratio=7 host=65557 gc_pages=65567 gc_count=2049 waf_q16=131081 best=0 next=17 settled=0
[229056.031647] NVMeVirt: WATGC_V2 sample ns=0 part=3 epoch=1 window=18 phase=measure evaluated=16 k=4 scale_pct=25 age_ratio=7 host=65547 gc_pages=67387 gc_count=2077 waf_q16=132911 best=0 next=17 settled=0
[229065.849505] NVMeVirt: WATGC_V2 sample ns=0 part=1 epoch=1 window=19 phase=measure evaluated=17 k=4 scale_pct=25 age_ratio=16 host=65539 gc_pages=61399 gc_count=1983 waf_q16=126932 best=0 next=18 settled=0
[229065.855898] NVMeVirt: WATGC_V2 sample ns=0 part=0 epoch=1 window=19 phase=measure evaluated=17 k=4 scale_pct=25 age_ratio=16 host=65574 gc_pages=61850 gc_count=1991 waf_q16=127350 best=0 next=18 settled=0
[229065.861517] NVMeVirt: WATGC_V2 sample ns=0 part=2 epoch=1 window=19 phase=measure evaluated=17 k=4 scale_pct=25 age_ratio=16 host=65541 gc_pages=61500 gc_count=1985 waf_q16=127031 best=0 next=18 settled=0
[229065.870168] NVMeVirt: WATGC_V2 sample ns=0 part=3 epoch=1 window=19 phase=measure evaluated=17 k=4 scale_pct=25 age_ratio=16 host=65558 gc_pages=62378 gc_count=1999 waf_q16=127893 best=0 next=18 settled=0
[229075.667023] NVMeVirt: WATGC_V2 sample ns=0 part=1 epoch=1 window=20 phase=measure evaluated=18 k=4 scale_pct=50 age_ratio=4 host=65541 gc_pages=42808 gc_count=1693 waf_q16=108340 best=18 next=19 settled=0
[229075.689243] NVMeVirt: WATGC_V2 sample ns=0 part=0 epoch=1 window=20 phase=measure evaluated=18 k=4 scale_pct=50 age_ratio=4 host=65566 gc_pages=42528 gc_count=1689 waf_q16=108044 best=18 next=19 settled=0
[229075.697168] NVMeVirt: WATGC_V2 sample ns=0 part=2 epoch=1 window=20 phase=measure evaluated=18 k=4 scale_pct=50 age_ratio=4 host=65558 gc_pages=42536 gc_count=1689 waf_q16=108057 best=18 next=19 settled=0
[229075.718202] NVMeVirt: WATGC_V2 sample ns=0 part=3 epoch=1 window=20 phase=measure evaluated=18 k=4 scale_pct=50 age_ratio=4 host=65540 gc_pages=42564 gc_count=1689 waf_q16=108097 best=18 next=19 settled=0
[229085.486432] NVMeVirt: WATGC_V2 sample ns=0 part=0 epoch=1 window=21 phase=measure evaluated=19 k=4 scale_pct=50 age_ratio=7 host=65538 gc_pages=48779 gc_count=1786 waf_q16=114313 best=18 next=20 settled=0
[229085.527720] NVMeVirt: WATGC_V2 sample ns=0 part=1 epoch=1 window=21 phase=measure evaluated=19 k=4 scale_pct=50 age_ratio=7 host=65545 gc_pages=49972 gc_count=1805 waf_q16=115501 best=18 next=20 settled=0
[229085.538741] NVMeVirt: WATGC_V2 sample ns=0 part=3 epoch=1 window=21 phase=measure evaluated=19 k=4 scale_pct=50 age_ratio=7 host=65548 gc_pages=49522 gc_count=1798 waf_q16=115048 best=18 next=20 settled=0
[229085.551647] NVMeVirt: WATGC_V2 sample ns=0 part=2 epoch=1 window=21 phase=measure evaluated=19 k=4 scale_pct=50 age_ratio=7 host=65569 gc_pages=49564 gc_count=1799 waf_q16=115075 best=18 next=20 settled=0
[229095.335570] NVMeVirt: WATGC_V2 sample ns=0 part=0 epoch=1 window=22 phase=measure evaluated=20 k=4 scale_pct=50 age_ratio=16 host=65567 gc_pages=63780 gc_count=2021 waf_q16=129285 best=18 next=21 settled=0
[229095.353893] NVMeVirt: WATGC_V2 sample ns=0 part=1 epoch=1 window=22 phase=measure evaluated=20 k=4 scale_pct=50 age_ratio=16 host=65547 gc_pages=62969 gc_count=2008 waf_q16=128494 best=18 next=21 settled=0
[229095.362026] NVMeVirt: WATGC_V2 sample ns=0 part=2 epoch=1 window=22 phase=measure evaluated=20 k=4 scale_pct=50 age_ratio=16 host=65564 gc_pages=63848 gc_count=2022 waf_q16=129356 best=18 next=21 settled=0
[229095.392833] NVMeVirt: WATGC_V2 sample ns=0 part=3 epoch=1 window=22 phase=measure evaluated=20 k=4 scale_pct=50 age_ratio=16 host=65564 gc_pages=63719 gc_count=2020 waf_q16=129227 best=18 next=21 settled=0
[229105.164095] NVMeVirt: WATGC_V2 sample ns=0 part=0 epoch=1 window=23 phase=measure evaluated=21 k=4 scale_pct=100 age_ratio=4 host=65564 gc_pages=50275 gc_count=1810 waf_q16=115789 best=18 next=22 settled=0
[229105.188686] NVMeVirt: WATGC_V2 sample ns=0 part=2 epoch=1 window=23 phase=measure evaluated=21 k=4 scale_pct=100 age_ratio=4 host=65567 gc_pages=50465 gc_count=1813 waf_q16=115977 best=18 next=22 settled=0
[229105.205087] NVMeVirt: WATGC_V2 sample ns=0 part=1 epoch=1 window=23 phase=measure evaluated=21 k=4 scale_pct=100 age_ratio=4 host=65570 gc_pages=50077 gc_count=1807 waf_q16=115587 best=18 next=22 settled=0
[229105.224001] NVMeVirt: WATGC_V2 sample ns=0 part=3 epoch=1 window=23 phase=measure evaluated=21 k=4 scale_pct=100 age_ratio=4 host=65565 gc_pages=50466 gc_count=1813 waf_q16=115979 best=18 next=22 settled=0
[229115.014450] NVMeVirt: WATGC_V2 sample ns=0 part=2 epoch=1 window=24 phase=measure evaluated=22 k=4 scale_pct=100 age_ratio=7 host=65555 gc_pages=49200 gc_count=1793 waf_q16=114721 best=18 next=23 settled=0
[229115.026347] NVMeVirt: WATGC_V2 sample ns=0 part=1 epoch=1 window=24 phase=measure evaluated=22 k=4 scale_pct=100 age_ratio=7 host=65544 gc_pages=49530 gc_count=1798 waf_q16=115059 best=18 next=23 settled=0
[229115.031542] NVMeVirt: WATGC_V2 sample ns=0 part=3 epoch=1 window=24 phase=measure evaluated=22 k=4 scale_pct=100 age_ratio=7 host=65541 gc_pages=49599 gc_count=1799 waf_q16=115131 best=18 next=23 settled=0
[229115.044868] NVMeVirt: WATGC_V2 sample ns=0 part=0 epoch=1 window=24 phase=measure evaluated=22 k=4 scale_pct=100 age_ratio=7 host=65559 gc_pages=49389 gc_count=1796 waf_q16=114907 best=18 next=23 settled=0
[229124.838738] NVMeVirt: WATGC_V2 sample ns=0 part=2 epoch=1 window=25 phase=measure evaluated=23 k=4 scale_pct=100 age_ratio=16 host=65539 gc_pages=65788 gc_count=2052 waf_q16=131320 best=18 next=24 settled=0
[229124.862146] NVMeVirt: WATGC_V2 sample ns=0 part=0 epoch=1 window=25 phase=measure evaluated=23 k=4 scale_pct=100 age_ratio=16 host=65550 gc_pages=63602 gc_count=2018 waf_q16=129124 best=18 next=24 settled=0
[229124.866990] NVMeVirt: WATGC_V2 sample ns=0 part=1 epoch=1 window=25 phase=measure evaluated=23 k=4 scale_pct=100 age_ratio=16 host=65539 gc_pages=64765 gc_count=2036 waf_q16=130298 best=18 next=24 settled=0
[229124.880068] NVMeVirt: WATGC_V2 sample ns=0 part=3 epoch=1 window=25 phase=measure evaluated=23 k=4 scale_pct=100 age_ratio=16 host=65566 gc_pages=64691 gc_count=2035 waf_q16=130197 best=18 next=24 settled=0
[229134.687527] NVMeVirt: WATGC_V2 sample ns=0 part=2 epoch=1 window=26 phase=measure evaluated=24 k=4 scale_pct=200 age_ratio=4 host=65549 gc_pages=60271 gc_count=1966 waf_q16=125795 best=18 next=25 settled=0
[229134.687698] NVMeVirt: WATGC_V2 sample ns=0 part=1 epoch=1 window=26 phase=measure evaluated=24 k=4 scale_pct=200 age_ratio=4 host=65540 gc_pages=58808 gc_count=1943 waf_q16=124340 best=18 next=25 settled=0
[229134.700643] NVMeVirt: WATGC_V2 sample ns=0 part=0 epoch=1 window=26 phase=measure evaluated=24 k=4 scale_pct=200 age_ratio=4 host=65553 gc_pages=59819 gc_count=1959 waf_q16=125339 best=18 next=25 settled=0
[229134.705669] NVMeVirt: WATGC_V2 sample ns=0 part=3 epoch=1 window=26 phase=measure evaluated=24 k=4 scale_pct=200 age_ratio=4 host=65552 gc_pages=59116 gc_count=1948 waf_q16=124637 best=18 next=25 settled=0
[229144.499656] NVMeVirt: WATGC_V2 sample ns=0 part=2 epoch=1 window=27 phase=measure evaluated=25 k=4 scale_pct=200 age_ratio=7 host=65556 gc_pages=63276 gc_count=2013 waf_q16=128792 best=18 next=26 settled=0
[229144.524843] NVMeVirt: WATGC_V2 sample ns=0 part=3 epoch=1 window=27 phase=measure evaluated=25 k=4 scale_pct=200 age_ratio=7 host=65560 gc_pages=62184 gc_count=1996 waf_q16=127697 best=18 next=26 settled=0
[229144.544909] NVMeVirt: WATGC_V2 sample ns=0 part=1 epoch=1 window=27 phase=measure evaluated=25 k=4 scale_pct=200 age_ratio=7 host=65547 gc_pages=62517 gc_count=2001 waf_q16=128042 best=18 next=26 settled=0
[229144.547347] NVMeVirt: WATGC_V2 sample ns=0 part=0 epoch=1 window=27 phase=measure evaluated=25 k=4 scale_pct=200 age_ratio=7 host=65539 gc_pages=62142 gc_count=1995 waf_q16=127675 best=18 next=26 settled=0
[229154.339069] NVMeVirt: WATGC_V2 sample ns=0 part=2 epoch=1 window=28 phase=measure evaluated=26 k=4 scale_pct=200 age_ratio=16 host=65560 gc_pages=72489 gc_count=2157 waf_q16=137998 best=18 next=27 settled=0
[229154.359317] NVMeVirt: WATGC_V2 sample ns=0 part=3 epoch=1 window=28 phase=measure evaluated=26 k=4 scale_pct=200 age_ratio=16 host=65562 gc_pages=71976 gc_count=2149 waf_q16=137483 best=18 next=27 settled=0
[229154.362609] NVMeVirt: WATGC_V2 sample ns=0 part=0 epoch=1 window=28 phase=measure evaluated=26 k=4 scale_pct=200 age_ratio=16 host=65547 gc_pages=71030 gc_count=2134 waf_q16=136554 best=18 next=27 settled=0
[229154.384461] NVMeVirt: WATGC_V2 sample ns=0 part=1 epoch=1 window=28 phase=measure evaluated=26 k=4 scale_pct=200 age_ratio=16 host=65561 gc_pages=71204 gc_count=2137 waf_q16=136712 best=18 next=27 settled=0
[229164.185474] NVMeVirt: WATGC_V2 sample ns=0 part=2 epoch=1 window=29 phase=measure evaluated=27 k=4 scale_pct=400 age_ratio=4 host=65545 gc_pages=66681 gc_count=2066 waf_q16=132207 best=18 next=28 settled=0
[229164.189907] NVMeVirt: WATGC_V2 sample ns=0 part=0 epoch=1 window=29 phase=measure evaluated=27 k=4 scale_pct=400 age_ratio=4 host=65546 gc_pages=64953 gc_count=2039 waf_q16=130479 best=18 next=28 settled=0
[229164.199221] NVMeVirt: WATGC_V2 sample ns=0 part=3 epoch=1 window=29 phase=measure evaluated=27 k=4 scale_pct=400 age_ratio=4 host=65545 gc_pages=66234 gc_count=2059 waf_q16=131760 best=18 next=28 settled=0
[229164.209167] NVMeVirt: WATGC_V2 sample ns=0 part=1 epoch=1 window=29 phase=measure evaluated=27 k=4 scale_pct=400 age_ratio=4 host=65554 gc_pages=66352 gc_count=2061 waf_q16=131869 best=18 next=28 settled=0
[229174.010528] NVMeVirt: WATGC_V2 sample ns=0 part=2 epoch=1 window=30 phase=measure evaluated=28 k=4 scale_pct=400 age_ratio=7 host=65545 gc_pages=66872 gc_count=2069 waf_q16=132398 best=18 next=29 settled=0
[229174.024083] NVMeVirt: WATGC_V2 sample ns=0 part=1 epoch=1 window=30 phase=measure evaluated=28 k=4 scale_pct=400 age_ratio=7 host=65542 gc_pages=66808 gc_count=2068 waf_q16=132337 best=18 next=29 settled=0
[229174.028240] NVMeVirt: WATGC_V2 sample ns=0 part=3 epoch=1 window=30 phase=measure evaluated=28 k=4 scale_pct=400 age_ratio=7 host=65561 gc_pages=66087 gc_count=2057 waf_q16=131597 best=18 next=29 settled=0
[229174.045068] NVMeVirt: WATGC_V2 sample ns=0 part=0 epoch=1 window=30 phase=measure evaluated=28 k=4 scale_pct=400 age_ratio=7 host=65538 gc_pages=65533 gc_count=2048 waf_q16=131067 best=18 next=29 settled=0
[229183.850667] NVMeVirt: WATGC_V2 sample ns=0 part=3 epoch=1 window=31 phase=measure evaluated=29 k=4 scale_pct=400 age_ratio=16 host=65548 gc_pages=75313 gc_count=2201 waf_q16=140835 best=18 next=30 settled=0
[229183.851915] NVMeVirt: WATGC_V2 sample ns=0 part=2 epoch=1 window=31 phase=measure evaluated=29 k=4 scale_pct=400 age_ratio=16 host=65557 gc_pages=75368 gc_count=2202 waf_q16=140879 best=18 next=30 settled=0
[229183.862239] NVMeVirt: WATGC_V2 sample ns=0 part=1 epoch=1 window=31 phase=measure evaluated=29 k=4 scale_pct=400 age_ratio=16 host=65559 gc_pages=75366 gc_count=2202 waf_q16=140875 best=18 next=30 settled=0
[229183.877637] NVMeVirt: WATGC_V2 sample ns=0 part=0 epoch=1 window=31 phase=measure evaluated=29 k=4 scale_pct=400 age_ratio=16 host=65545 gc_pages=74676 gc_count=2191 waf_q16=140201 best=18 next=30 settled=0
[229193.651281] NVMeVirt: WATGC_V2 sample ns=0 part=2 epoch=1 window=32 phase=measure evaluated=30 k=7 scale_pct=25 age_ratio=4 host=65542 gc_pages=63737 gc_count=2020 waf_q16=129267 best=18 next=31 settled=0
[229193.691425] NVMeVirt: WATGC_V2 sample ns=0 part=3 epoch=1 window=32 phase=measure evaluated=30 k=7 scale_pct=25 age_ratio=4 host=65547 gc_pages=63018 gc_count=2009 waf_q16=128543 best=18 next=31 settled=0
[229193.717364] NVMeVirt: WATGC_V2 sample ns=0 part=0 epoch=1 window=32 phase=measure evaluated=30 k=7 scale_pct=25 age_ratio=4 host=65565 gc_pages=62239 gc_count=1997 waf_q16=127747 best=18 next=31 settled=0
[229193.718311] NVMeVirt: WATGC_V2 sample ns=0 part=1 epoch=1 window=32 phase=measure evaluated=30 k=7 scale_pct=25 age_ratio=4 host=65568 gc_pages=63771 gc_count=2021 waf_q16=129275 best=18 next=31 settled=0
[229203.493239] NVMeVirt: WATGC_V2 sample ns=0 part=2 epoch=1 window=33 phase=measure evaluated=31 k=7 scale_pct=25 age_ratio=7 host=65558 gc_pages=50074 gc_count=1807 waf_q16=115593 best=18 next=32 settled=0
[229203.507407] NVMeVirt: WATGC_V2 sample ns=0 part=3 epoch=1 window=33 phase=measure evaluated=31 k=7 scale_pct=25 age_ratio=7 host=65571 gc_pages=50141 gc_count=1808 waf_q16=115650 best=18 next=32 settled=0
[229203.555602] NVMeVirt: WATGC_V2 sample ns=0 part=1 epoch=1 window=33 phase=measure evaluated=31 k=7 scale_pct=25 age_ratio=7 host=65551 gc_pages=50033 gc_count=1806 waf_q16=115557 best=18 next=32 settled=0
[229203.563207] NVMeVirt: WATGC_V2 sample ns=0 part=0 epoch=1 window=33 phase=measure evaluated=31 k=7 scale_pct=25 age_ratio=7 host=65574 gc_pages=50265 gc_count=1810 waf_q16=115771 best=18 next=32 settled=0
[229213.325186] NVMeVirt: WATGC_V2 sample ns=0 part=2 epoch=1 window=34 phase=measure evaluated=32 k=7 scale_pct=25 age_ratio=16 host=65541 gc_pages=59932 gc_count=1961 waf_q16=125463 best=18 next=33 settled=0
[229213.341069] NVMeVirt: WATGC_V2 sample ns=0 part=3 epoch=1 window=34 phase=measure evaluated=32 k=7 scale_pct=25 age_ratio=16 host=65569 gc_pages=59717 gc_count=1958 waf_q16=125222 best=18 next=33 settled=0
[229213.379298] NVMeVirt: WATGC_V2 sample ns=0 part=0 epoch=1 window=34 phase=measure evaluated=32 k=7 scale_pct=25 age_ratio=16 host=65568 gc_pages=58699 gc_count=1942 waf_q16=124206 best=18 next=33 settled=0
[229213.401178] NVMeVirt: WATGC_V2 sample ns=0 part=1 epoch=1 window=34 phase=measure evaluated=32 k=7 scale_pct=25 age_ratio=16 host=65553 gc_pages=60049 gc_count=1963 waf_q16=125569 best=18 next=33 settled=0
[229223.183049] NVMeVirt: WATGC_V2 sample ns=0 part=0 epoch=1 window=35 phase=measure evaluated=33 k=7 scale_pct=50 age_ratio=4 host=65572 gc_pages=46496 gc_count=1751 waf_q16=112006 best=18 next=34 settled=0
[229223.185921] NVMeVirt: WATGC_V2 sample ns=0 part=3 epoch=1 window=35 phase=measure evaluated=33 k=7 scale_pct=50 age_ratio=4 host=65538 gc_pages=46978 gc_count=1758 waf_q16=112512 best=18 next=34 settled=0
[229223.191411] NVMeVirt: WATGC_V2 sample ns=0 part=2 epoch=1 window=35 phase=measure evaluated=33 k=7 scale_pct=50 age_ratio=4 host=65542 gc_pages=46207 gc_count=1746 waf_q16=111738 best=18 next=34 settled=0
[229223.225625] NVMeVirt: WATGC_V2 sample ns=0 part=1 epoch=1 window=35 phase=measure evaluated=33 k=7 scale_pct=50 age_ratio=4 host=65558 gc_pages=45998 gc_count=1743 waf_q16=111518 best=18 next=34 settled=0
[229233.013660] NVMeVirt: WATGC_V2 sample ns=0 part=2 epoch=1 window=36 phase=measure evaluated=34 k=7 scale_pct=50 age_ratio=7 host=65547 gc_pages=57261 gc_count=1919 waf_q16=122787 best=18 next=35 settled=0
[229233.013874] NVMeVirt: WATGC_V2 sample ns=0 part=0 epoch=1 window=36 phase=measure evaluated=34 k=7 scale_pct=50 age_ratio=7 host=65542 gc_pages=58170 gc_count=1933 waf_q16=123700 best=18 next=35 settled=0
[229233.038020] NVMeVirt: WATGC_V2 sample ns=0 part=3 epoch=1 window=36 phase=measure evaluated=34 k=7 scale_pct=50 age_ratio=7 host=65557 gc_pages=57578 gc_count=1924 waf_q16=123095 best=18 next=35 settled=0
[229233.051842] NVMeVirt: WATGC_V2 sample ns=0 part=1 epoch=1 window=36 phase=measure evaluated=34 k=7 scale_pct=50 age_ratio=7 host=65542 gc_pages=57837 gc_count=1928 waf_q16=123367 best=18 next=35 settled=0
[229242.792363] NVMeVirt: WATGC_V2 sample ns=0 part=2 epoch=1 window=37 phase=measure evaluated=35 k=7 scale_pct=50 age_ratio=16 host=65551 gc_pages=62073 gc_count=1994 waf_q16=127594 best=18 next=36 settled=0
[229242.872389] NVMeVirt: WATGC_V2 sample ns=0 part=1 epoch=1 window=37 phase=measure evaluated=35 k=7 scale_pct=50 age_ratio=16 host=65557 gc_pages=62059 gc_count=1994 waf_q16=127575 best=18 next=36 settled=0
[229242.884885] NVMeVirt: WATGC_V2 sample ns=0 part=0 epoch=1 window=37 phase=measure evaluated=35 k=7 scale_pct=50 age_ratio=16 host=65543 gc_pages=61612 gc_count=1987 waf_q16=127141 best=18 next=36 settled=0
[229242.895066] NVMeVirt: WATGC_V2 sample ns=0 part=3 epoch=1 window=37 phase=measure evaluated=35 k=7 scale_pct=50 age_ratio=16 host=65537 gc_pages=61742 gc_count=1989 waf_q16=127277 best=18 next=36 settled=0
[229252.664200] NVMeVirt: WATGC_V2 sample ns=0 part=0 epoch=1 window=38 phase=measure evaluated=36 k=7 scale_pct=100 age_ratio=4 host=65538 gc_pages=51014 gc_count=1821 waf_q16=116548 best=18 next=38 settled=0
[229252.686560] NVMeVirt: WATGC_V2 sample ns=0 part=2 epoch=1 window=38 phase=measure evaluated=36 k=7 scale_pct=100 age_ratio=4 host=65548 gc_pages=51643 gc_count=1831 waf_q16=117169 best=18 next=38 settled=0
[229252.710067] NVMeVirt: WATGC_V2 sample ns=0 part=1 epoch=1 window=38 phase=measure evaluated=36 k=7 scale_pct=100 age_ratio=4 host=65564 gc_pages=50796 gc_count=1818 waf_q16=116310 best=18 next=38 settled=0
[229252.717794] NVMeVirt: WATGC_V2 sample ns=0 part=3 epoch=1 window=38 phase=measure evaluated=36 k=7 scale_pct=100 age_ratio=4 host=65545 gc_pages=51584 gc_count=1830 waf_q16=117112 best=18 next=38 settled=0
[229262.497494] NVMeVirt: WATGC_V2 sample ns=0 part=2 epoch=1 window=39 phase=measure evaluated=38 k=7 scale_pct=100 age_ratio=16 host=65553 gc_pages=65841 gc_count=2053 waf_q16=131359 best=18 next=39 settled=0
[229262.521329] NVMeVirt: WATGC_V2 sample ns=0 part=0 epoch=1 window=39 phase=measure evaluated=38 k=7 scale_pct=100 age_ratio=16 host=65548 gc_pages=65781 gc_count=2052 waf_q16=131304 best=18 next=39 settled=0
[229262.526790] NVMeVirt: WATGC_V2 sample ns=0 part=1 epoch=1 window=39 phase=measure evaluated=38 k=7 scale_pct=100 age_ratio=16 host=65548 gc_pages=65142 gc_count=2042 waf_q16=130666 best=18 next=39 settled=0
[229262.569695] NVMeVirt: WATGC_V2 sample ns=0 part=3 epoch=1 window=39 phase=measure evaluated=38 k=7 scale_pct=100 age_ratio=16 host=65557 gc_pages=66078 gc_count=2057 waf_q16=131592 best=18 next=39 settled=0
[229272.341316] NVMeVirt: WATGC_V2 sample ns=0 part=0 epoch=1 window=40 phase=measure evaluated=39 k=7 scale_pct=200 age_ratio=4 host=65539 gc_pages=53564 gc_count=1861 waf_q16=119097 best=18 next=40 settled=0
[229272.341742] NVMeVirt: WATGC_V2 sample ns=0 part=2 epoch=1 window=40 phase=measure evaluated=39 k=7 scale_pct=200 age_ratio=4 host=65562 gc_pages=53285 gc_count=1857 waf_q16=118799 best=18 next=40 settled=0
[229272.371912] NVMeVirt: WATGC_V2 sample ns=0 part=1 epoch=1 window=40 phase=measure evaluated=39 k=7 scale_pct=200 age_ratio=4 host=65553 gc_pages=53230 gc_count=1856 waf_q16=118752 best=18 next=40 settled=0
[229272.384800] NVMeVirt: WATGC_V2 sample ns=0 part=3 epoch=1 window=40 phase=measure evaluated=39 k=7 scale_pct=200 age_ratio=4 host=65554 gc_pages=53551 gc_count=1861 waf_q16=119072 best=18 next=40 settled=0
[229282.181062] NVMeVirt: WATGC_V2 sample ns=0 part=0 epoch=1 window=41 phase=measure evaluated=40 k=7 scale_pct=200 age_ratio=7 host=65542 gc_pages=67961 gc_count=2086 waf_q16=133490 best=18 next=41 settled=0
[229282.187163] NVMeVirt: WATGC_V2 sample ns=0 part=2 epoch=1 window=41 phase=measure evaluated=40 k=7 scale_pct=200 age_ratio=7 host=65566 gc_pages=67105 gc_count=2073 waf_q16=132610 best=18 next=41 settled=0
[229282.200703] NVMeVirt: WATGC_V2 sample ns=0 part=1 epoch=1 window=41 phase=measure evaluated=40 k=7 scale_pct=200 age_ratio=7 host=65542 gc_pages=67001 gc_count=2071 waf_q16=132530 best=18 next=41 settled=0
[229282.208533] NVMeVirt: WATGC_V2 sample ns=0 part=3 epoch=1 window=41 phase=measure evaluated=40 k=7 scale_pct=200 age_ratio=7 host=65564 gc_pages=67363 gc_count=2077 waf_q16=132870 best=18 next=41 settled=0
[229292.002748] NVMeVirt: WATGC_V2 sample ns=0 part=0 epoch=1 window=42 phase=measure evaluated=41 k=7 scale_pct=200 age_ratio=16 host=65546 gc_pages=79666 gc_count=2269 waf_q16=145189 best=18 next=42 settled=0
[229292.009575] NVMeVirt: WATGC_V2 sample ns=0 part=2 epoch=1 window=42 phase=measure evaluated=41 k=7 scale_pct=200 age_ratio=16 host=65536 gc_pages=78717 gc_count=2254 waf_q16=144253 best=18 next=42 settled=0
[229292.036427] NVMeVirt: WATGC_V2 sample ns=0 part=1 epoch=1 window=42 phase=measure evaluated=41 k=7 scale_pct=200 age_ratio=16 host=65547 gc_pages=78576 gc_count=2252 waf_q16=144098 best=18 next=42 settled=0
[229292.058644] NVMeVirt: WATGC_V2 sample ns=0 part=3 epoch=1 window=42 phase=measure evaluated=41 k=7 scale_pct=200 age_ratio=16 host=65564 gc_pages=79456 gc_count=2266 waf_q16=144958 best=18 next=42 settled=0
[229301.839980] NVMeVirt: WATGC_V2 sample ns=0 part=2 epoch=1 window=43 phase=measure evaluated=42 k=7 scale_pct=400 age_ratio=4 host=65539 gc_pages=68671 gc_count=2097 waf_q16=134203 best=18 next=43 settled=0
[229301.864607] NVMeVirt: WATGC_V2 sample ns=0 part=1 epoch=1 window=43 phase=measure evaluated=42 k=7 scale_pct=400 age_ratio=4 host=65540 gc_pages=67966 gc_count=2086 waf_q16=133497 best=18 next=43 settled=0
[229301.868771] NVMeVirt: WATGC_V2 sample ns=0 part=0 epoch=1 window=43 phase=measure evaluated=42 k=7 scale_pct=400 age_ratio=4 host=65548 gc_pages=69686 gc_count=2113 waf_q16=135209 best=18 next=43 settled=0
[229301.870053] NVMeVirt: WATGC_V2 sample ns=0 part=3 epoch=1 window=43 phase=measure evaluated=42 k=7 scale_pct=400 age_ratio=4 host=65544 gc_pages=69050 gc_count=2103 waf_q16=134577 best=18 next=43 settled=0
[229311.667489] NVMeVirt: WATGC_V2 sample ns=0 part=2 epoch=1 window=44 phase=measure evaluated=43 k=7 scale_pct=400 age_ratio=7 host=65551 gc_pages=70326 gc_count=2123 waf_q16=135845 best=18 next=44 settled=0
[229311.694342] NVMeVirt: WATGC_V2 sample ns=0 part=3 epoch=1 window=44 phase=measure evaluated=43 k=7 scale_pct=400 age_ratio=7 host=65537 gc_pages=70341 gc_count=2123 waf_q16=135875 best=18 next=44 settled=0
[229311.700943] NVMeVirt: WATGC_V2 sample ns=0 part=0 epoch=1 window=44 phase=measure evaluated=43 k=7 scale_pct=400 age_ratio=7 host=65559 gc_pages=70510 gc_count=2126 waf_q16=136021 best=18 next=44 settled=0
[229311.709653] NVMeVirt: WATGC_V2 sample ns=0 part=1 epoch=1 window=44 phase=measure evaluated=43 k=7 scale_pct=400 age_ratio=7 host=65546 gc_pages=70139 gc_count=2120 waf_q16=135664 best=18 next=44 settled=0
[229321.515359] NVMeVirt: WATGC_V2 sample ns=0 part=2 epoch=1 window=45 phase=measure evaluated=44 k=7 scale_pct=400 age_ratio=16 host=65560 gc_pages=71146 gc_count=2136 waf_q16=136655 best=18 next=45 settled=0
[229321.524000] NVMeVirt: WATGC_V2 sample ns=0 part=1 epoch=1 window=45 phase=measure evaluated=44 k=7 scale_pct=400 age_ratio=16 host=65548 gc_pages=70846 gc_count=2131 waf_q16=136369 best=18 next=45 settled=0
[229321.531091] NVMeVirt: WATGC_V2 sample ns=0 part=3 epoch=1 window=45 phase=measure evaluated=44 k=7 scale_pct=400 age_ratio=16 host=65538 gc_pages=71231 gc_count=2137 waf_q16=136764 best=18 next=45 settled=0
[229321.534340] NVMeVirt: WATGC_V2 sample ns=0 part=0 epoch=1 window=45 phase=measure evaluated=44 k=7 scale_pct=400 age_ratio=16 host=65555 gc_pages=71150 gc_count=2136 waf_q16=136665 best=18 next=45 settled=0
[229331.324956] NVMeVirt: WATGC_V2 sample ns=0 part=2 epoch=1 window=46 phase=measure evaluated=45 k=10 scale_pct=25 age_ratio=4 host=65538 gc_pages=54703 gc_count=1879 waf_q16=120237 best=18 next=46 settled=0
[229331.358932] NVMeVirt: WATGC_V2 sample ns=0 part=1 epoch=1 window=46 phase=measure evaluated=45 k=10 scale_pct=25 age_ratio=4 host=65556 gc_pages=54363 gc_count=1874 waf_q16=119882 best=18 next=46 settled=0
[229331.373675] NVMeVirt: WATGC_V2 sample ns=0 part=0 epoch=1 window=46 phase=measure evaluated=45 k=10 scale_pct=25 age_ratio=4 host=65569 gc_pages=54423 gc_count=1875 waf_q16=119931 best=18 next=46 settled=0
[229331.384944] NVMeVirt: WATGC_V2 sample ns=0 part=3 epoch=1 window=46 phase=measure evaluated=45 k=10 scale_pct=25 age_ratio=4 host=65572 gc_pages=54800 gc_count=1881 waf_q16=120305 best=18 next=46 settled=0
[229341.186871] NVMeVirt: WATGC_V2 sample ns=0 part=1 epoch=1 window=47 phase=measure evaluated=46 k=10 scale_pct=25 age_ratio=7 host=65555 gc_pages=50541 gc_count=1814 waf_q16=116062 best=18 next=47 settled=0
[229341.187115] NVMeVirt: WATGC_V2 sample ns=0 part=0 epoch=1 window=47 phase=measure evaluated=46 k=10 scale_pct=25 age_ratio=7 host=65557 gc_pages=50722 gc_count=1817 waf_q16=116241 best=18 next=47 settled=0
[229341.190512] NVMeVirt: WATGC_V2 sample ns=0 part=2 epoch=1 window=47 phase=measure evaluated=46 k=10 scale_pct=25 age_ratio=7 host=65562 gc_pages=49124 gc_count=1792 waf_q16=114640 best=18 next=47 settled=0
[229341.218093] NVMeVirt: WATGC_V2 sample ns=0 part=3 epoch=1 window=47 phase=measure evaluated=46 k=10 scale_pct=25 age_ratio=7 host=65569 gc_pages=49639 gc_count=1800 waf_q16=115150 best=18 next=47 settled=0
[229351.005525] NVMeVirt: WATGC_V2 sample ns=0 part=1 epoch=1 window=48 phase=measure evaluated=47 k=10 scale_pct=25 age_ratio=16 host=65540 gc_pages=50817 gc_count=1818 waf_q16=116349 best=18 next=48 settled=0
[229351.020364] NVMeVirt: WATGC_V2 sample ns=0 part=2 epoch=1 window=48 phase=measure evaluated=47 k=10 scale_pct=25 age_ratio=16 host=65546 gc_pages=50043 gc_count=1806 waf_q16=115571 best=18 next=48 settled=0
[229351.033554] NVMeVirt: WATGC_V2 sample ns=0 part=0 epoch=1 window=48 phase=measure evaluated=47 k=10 scale_pct=25 age_ratio=16 host=65566 gc_pages=50152 gc_count=1808 waf_q16=115665 best=18 next=48 settled=0
[229351.057331] NVMeVirt: WATGC_V2 sample ns=0 part=3 epoch=1 window=48 phase=measure evaluated=47 k=10 scale_pct=25 age_ratio=16 host=65550 gc_pages=50935 gc_count=1820 waf_q16=116460 best=18 next=48 settled=0
[229360.836002] NVMeVirt: WATGC_V2 sample ns=0 part=2 epoch=1 window=49 phase=measure evaluated=48 k=10 scale_pct=50 age_ratio=4 host=65563 gc_pages=49319 gc_count=1795 waf_q16=114834 best=18 next=49 settled=0
[229360.850778] NVMeVirt: WATGC_V2 sample ns=0 part=0 epoch=1 window=49 phase=measure evaluated=48 k=10 scale_pct=50 age_ratio=4 host=65553 gc_pages=49521 gc_count=1798 waf_q16=115044 best=18 next=49 settled=0
[229360.857055] NVMeVirt: WATGC_V2 sample ns=0 part=1 epoch=1 window=49 phase=measure evaluated=48 k=10 scale_pct=50 age_ratio=4 host=65544 gc_pages=49402 gc_count=1796 waf_q16=114931 best=18 next=49 settled=0
[229360.911798] NVMeVirt: WATGC_V2 sample ns=0 part=3 epoch=1 window=49 phase=measure evaluated=48 k=10 scale_pct=50 age_ratio=4 host=65551 gc_pages=49203 gc_count=1793 waf_q16=114727 best=18 next=49 settled=0
[229370.678907] NVMeVirt: WATGC_V2 sample ns=0 part=2 epoch=1 window=50 phase=measure evaluated=49 k=10 scale_pct=50 age_ratio=7 host=65575 gc_pages=43607 gc_count=1706 waf_q16=109117 best=18 next=50 settled=0
[229370.691856] NVMeVirt: WATGC_V2 sample ns=0 part=1 epoch=1 window=50 phase=measure evaluated=49 k=10 scale_pct=50 age_ratio=7 host=65548 gc_pages=43442 gc_count=1703 waf_q16=108970 best=18 next=50 settled=0
[229370.697695] NVMeVirt: WATGC_V2 sample ns=0 part=0 epoch=1 window=50 phase=measure evaluated=49 k=10 scale_pct=50 age_ratio=7 host=65557 gc_pages=43369 gc_count=1702 waf_q16=108891 best=18 next=50 settled=0
[229370.719535] NVMeVirt: WATGC_V2 sample ns=0 part=3 epoch=1 window=50 phase=measure evaluated=49 k=10 scale_pct=50 age_ratio=7 host=65551 gc_pages=43184 gc_count=1699 waf_q16=108710 best=18 next=50 settled=0
[229380.507938] NVMeVirt: WATGC_V2 sample ns=0 part=2 epoch=1 window=51 phase=measure evaluated=50 k=10 scale_pct=50 age_ratio=16 host=65558 gc_pages=52784 gc_count=1849 waf_q16=118302 best=18 next=51 settled=0
[229380.518904] NVMeVirt: WATGC_V2 sample ns=0 part=1 epoch=1 window=51 phase=measure evaluated=50 k=10 scale_pct=50 age_ratio=16 host=65540 gc_pages=51271 gc_count=1825 waf_q16=116803 best=18 next=51 settled=0
[229380.539081] NVMeVirt: WATGC_V2 sample ns=0 part=0 epoch=1 window=51 phase=measure evaluated=50 k=10 scale_pct=50 age_ratio=16 host=65544 gc_pages=53423 gc_count=1859 waf_q16=118952 best=18 next=51 settled=0
[229380.558103] NVMeVirt: WATGC_V2 sample ns=0 part=3 epoch=1 window=51 phase=measure evaluated=50 k=10 scale_pct=50 age_ratio=16 host=65558 gc_pages=53100 gc_count=1854 waf_q16=118618 best=18 next=51 settled=0
[229390.358653] NVMeVirt: WATGC_V2 sample ns=0 part=1 epoch=1 window=52 phase=measure evaluated=51 k=10 scale_pct=100 age_ratio=4 host=65548 gc_pages=52089 gc_count=1838 waf_q16=117615 best=18 next=52 settled=0
[229390.365195] NVMeVirt: WATGC_V2 sample ns=0 part=3 epoch=1 window=52 phase=measure evaluated=51 k=10 scale_pct=100 age_ratio=4 host=65568 gc_pages=51365 gc_count=1827 waf_q16=116875 best=18 next=52 settled=0
[229390.365993] NVMeVirt: WATGC_V2 sample ns=0 part=0 epoch=1 window=52 phase=measure evaluated=51 k=10 scale_pct=100 age_ratio=4 host=65557 gc_pages=51123 gc_count=1823 waf_q16=116642 best=18 next=52 settled=0
[229390.369761] NVMeVirt: WATGC_V2 sample ns=0 part=2 epoch=1 window=52 phase=measure evaluated=51 k=10 scale_pct=100 age_ratio=4 host=65547 gc_pages=51962 gc_count=1836 waf_q16=117489 best=18 next=52 settled=0
[229400.173906] NVMeVirt: WATGC_V2 sample ns=0 part=2 epoch=1 window=53 phase=measure evaluated=52 k=10 scale_pct=100 age_ratio=7 host=65544 gc_pages=49143 gc_count=1792 waf_q16=114673 best=18 next=53 settled=0
[229400.197056] NVMeVirt: WATGC_V2 sample ns=0 part=1 epoch=1 window=53 phase=measure evaluated=52 k=10 scale_pct=100 age_ratio=7 host=65569 gc_pages=49053 gc_count=1791 waf_q16=114564 best=18 next=53 settled=0
[229400.207716] NVMeVirt: WATGC_V2 sample ns=0 part=0 epoch=1 window=53 phase=measure evaluated=52 k=10 scale_pct=100 age_ratio=7 host=65538 gc_pages=48700 gc_count=1785 waf_q16=114234 best=18 next=53 settled=0
[229400.211427] NVMeVirt: WATGC_V2 sample ns=0 part=3 epoch=1 window=53 phase=measure evaluated=52 k=10 scale_pct=100 age_ratio=7 host=65539 gc_pages=48949 gc_count=1789 waf_q16=114482 best=18 next=53 settled=0
[229410.003296] NVMeVirt: WATGC_V2 sample ns=0 part=2 epoch=1 window=54 phase=measure evaluated=53 k=10 scale_pct=100 age_ratio=16 host=65550 gc_pages=54062 gc_count=1869 waf_q16=119586 best=18 next=54 settled=0
[229410.032777] NVMeVirt: WATGC_V2 sample ns=0 part=1 epoch=1 window=54 phase=measure evaluated=53 k=10 scale_pct=100 age_ratio=16 host=65573 gc_pages=53010 gc_count=1853 waf_q16=118516 best=18 next=54 settled=0
[229410.044797] NVMeVirt: WATGC_V2 sample ns=0 part=3 epoch=1 window=54 phase=measure evaluated=53 k=10 scale_pct=100 age_ratio=16 host=65570 gc_pages=54250 gc_count=1872 waf_q16=119757 best=18 next=54 settled=0
[229410.056823] NVMeVirt: WATGC_V2 sample ns=0 part=0 epoch=1 window=54 phase=measure evaluated=53 k=10 scale_pct=100 age_ratio=16 host=65560 gc_pages=54196 gc_count=1871 waf_q16=119712 best=18 next=54 settled=0
[229419.840490] NVMeVirt: WATGC_V2 sample ns=0 part=2 epoch=1 window=55 phase=measure evaluated=54 k=10 scale_pct=200 age_ratio=4 host=65565 gc_pages=55780 gc_count=1896 waf_q16=121291 best=18 next=55 settled=0
[229419.852631] NVMeVirt: WATGC_V2 sample ns=0 part=0 epoch=1 window=55 phase=measure evaluated=54 k=10 scale_pct=200 age_ratio=4 host=65556 gc_pages=55533 gc_count=1892 waf_q16=121052 best=18 next=55 settled=0
[229419.886069] NVMeVirt: WATGC_V2 sample ns=0 part=1 epoch=1 window=55 phase=measure evaluated=54 k=10 scale_pct=200 age_ratio=4 host=65561 gc_pages=55081 gc_count=1885 waf_q16=120595 best=18 next=55 settled=0
[229419.887055] NVMeVirt: WATGC_V2 sample ns=0 part=3 epoch=1 window=55 phase=measure evaluated=54 k=10 scale_pct=200 age_ratio=4 host=65541 gc_pages=55740 gc_count=1895 waf_q16=121271 best=18 next=55 settled=0
[229429.685380] NVMeVirt: WATGC_V2 sample ns=0 part=2 epoch=1 window=56 phase=measure evaluated=55 k=10 scale_pct=200 age_ratio=7 host=65570 gc_pages=56026 gc_count=1900 waf_q16=121532 best=18 next=56 settled=0
[229429.686550] NVMeVirt: WATGC_V2 sample ns=0 part=0 epoch=1 window=56 phase=measure evaluated=55 k=10 scale_pct=200 age_ratio=7 host=65563 gc_pages=56545 gc_count=1908 waf_q16=122057 best=18 next=56 settled=0
[229429.712438] NVMeVirt: WATGC_V2 sample ns=0 part=1 epoch=1 window=56 phase=measure evaluated=55 k=10 scale_pct=200 age_ratio=7 host=65552 gc_pages=56044 gc_count=1900 waf_q16=121566 best=18 next=56 settled=0
[229429.721914] NVMeVirt: WATGC_V2 sample ns=0 part=3 epoch=1 window=56 phase=measure evaluated=55 k=10 scale_pct=200 age_ratio=7 host=65571 gc_pages=56024 gc_count=1900 waf_q16=121530 best=18 next=56 settled=0
[229439.501398] NVMeVirt: WATGC_V2 sample ns=0 part=2 epoch=1 window=57 phase=measure evaluated=56 k=10 scale_pct=200 age_ratio=16 host=65554 gc_pages=61807 gc_count=1990 waf_q16=127326 best=18 next=57 settled=0
[229439.533558] NVMeVirt: WATGC_V2 sample ns=0 part=1 epoch=1 window=57 phase=measure evaluated=56 k=10 scale_pct=200 age_ratio=16 host=65547 gc_pages=60791 gc_count=1974 waf_q16=126316 best=18 next=57 settled=0
[229439.550310] NVMeVirt: WATGC_V2 sample ns=0 part=0 epoch=1 window=57 phase=measure evaluated=56 k=10 scale_pct=200 age_ratio=16 host=65559 gc_pages=62250 gc_count=1997 waf_q16=127764 best=18 next=57 settled=0
[229439.561322] NVMeVirt: WATGC_V2 sample ns=0 part=3 epoch=1 window=57 phase=measure evaluated=56 k=10 scale_pct=200 age_ratio=16 host=65550 gc_pages=61427 gc_count=1984 waf_q16=126949 best=18 next=57 settled=0
[229449.334589] NVMeVirt: WATGC_V2 sample ns=0 part=2 epoch=1 window=58 phase=measure evaluated=57 k=10 scale_pct=400 age_ratio=4 host=65555 gc_pages=74864 gc_count=2194 waf_q16=140378 best=18 next=58 settled=0
[229449.363021] NVMeVirt: WATGC_V2 sample ns=0 part=1 epoch=1 window=58 phase=measure evaluated=57 k=10 scale_pct=400 age_ratio=4 host=65553 gc_pages=75121 gc_count=2198 waf_q16=140637 best=18 next=58 settled=0
[229449.384881] NVMeVirt: WATGC_V2 sample ns=0 part=3 epoch=1 window=58 phase=measure evaluated=57 k=10 scale_pct=400 age_ratio=4 host=65559 gc_pages=74988 gc_count=2196 waf_q16=140497 best=18 next=58 settled=0
[229449.392637] NVMeVirt: WATGC_V2 sample ns=0 part=0 epoch=1 window=58 phase=measure evaluated=57 k=10 scale_pct=400 age_ratio=4 host=65548 gc_pages=73463 gc_count=2172 waf_q16=138985 best=18 next=58 settled=0
[229459.165021] NVMeVirt: WATGC_V2 sample ns=0 part=2 epoch=1 window=59 phase=measure evaluated=58 k=10 scale_pct=400 age_ratio=7 host=65562 gc_pages=73256 gc_count=2169 waf_q16=138762 best=18 next=59 settled=0
[229459.187956] NVMeVirt: WATGC_V2 sample ns=0 part=1 epoch=1 window=59 phase=measure evaluated=58 k=10 scale_pct=400 age_ratio=7 host=65543 gc_pages=73466 gc_count=2172 waf_q16=138994 best=18 next=59 settled=0
[229459.211876] NVMeVirt: WATGC_V2 sample ns=0 part=3 epoch=1 window=59 phase=measure evaluated=58 k=10 scale_pct=400 age_ratio=7 host=65551 gc_pages=74291 gc_count=2185 waf_q16=139810 best=18 next=59 settled=0
[229459.242964] NVMeVirt: WATGC_V2 sample ns=0 part=0 epoch=1 window=59 phase=measure evaluated=58 k=10 scale_pct=400 age_ratio=7 host=65556 gc_pages=73132 gc_count=2167 waf_q16=138645 best=18 next=59 settled=0
[229469.003219] NVMeVirt: WATGC_V2 sample ns=0 part=2 epoch=1 window=60 phase=measure evaluated=59 k=10 scale_pct=400 age_ratio=16 host=65562 gc_pages=74977 gc_count=2196 waf_q16=140483 best=18 next=0 settled=0
[229469.038638] NVMeVirt: WATGC_V2 sample ns=0 part=1 epoch=1 window=60 phase=measure evaluated=59 k=10 scale_pct=400 age_ratio=16 host=65543 gc_pages=74556 gc_count=2189 waf_q16=140084 best=18 next=0 settled=0
[229469.049219] NVMeVirt: WATGC_V2 sample ns=0 part=3 epoch=1 window=60 phase=measure evaluated=59 k=10 scale_pct=400 age_ratio=16 host=65541 gc_pages=75839 gc_count=2209 waf_q16=141369 best=18 next=0 settled=0
[229469.050995] NVMeVirt: WATGC_V2 sample ns=0 part=0 epoch=1 window=60 phase=measure evaluated=59 k=10 scale_pct=400 age_ratio=16 host=65536 gc_pages=76357 gc_count=2217 waf_q16=141893 best=18 next=0 settled=0
[229478.777866] mix-t4-online-95695 phase=A END
[229478.784755] NVMeVirt: Measurement: command=stop epoch=1 host_bytes=98313019392 learner_active=0
[229478.859762] EXT4-fs (nvme0n1): unmounting filesystem 1590504e-bf8f-4358-8b97-55b98e8e9877.
[229478.916738] pci_bus 0001:10: busn_res: [bus 10-ff] is released
[229478.916802] NVMeVirt: WATGC_V2 summary ns=0 part=0 epoch=1 windows=60 epoch_windows=60 discarded=0 visited=60 covered=0 settled=0 phase=2 current=0 best=18 k=4 scale_pct=50 age_ratio=4 best_waf_valid=1 best_waf_q16=108044
[229478.916807] NVMeVirt: WATGC_V2 summary ns=0 part=1 epoch=1 windows=60 epoch_windows=60 discarded=0 visited=60 covered=0 settled=0 phase=2 current=0 best=18 k=4 scale_pct=50 age_ratio=4 best_waf_valid=1 best_waf_q16=108340
[229478.916811] NVMeVirt: WATGC_V2 summary ns=0 part=2 epoch=1 windows=60 epoch_windows=60 discarded=0 visited=60 covered=0 settled=0 phase=2 current=0 best=18 k=4 scale_pct=50 age_ratio=4 best_waf_valid=1 best_waf_q16=108057
[229478.916814] NVMeVirt: WATGC_V2 summary ns=0 part=3 epoch=1 windows=60 epoch_windows=60 discarded=0 visited=60 covered=0 settled=0 phase=2 current=0 best=18 k=4 scale_pct=50 age_ratio=4 best_waf_valid=1 best_waf_q16=108097
[229478.916816] NVMeVirt: GC stats: ns=0 policy=watgc-v2 host_pages=24002202 gc_pages=24031059 gc_count=750520 WAF=2.001 warmup_gc=100-per-part
[229478.996297] NVMeVirt: Virtual NVMe device closed
