[321830.688238] mix-mixO-online-720954 BEGIN
[321830.700289] NVMeVirt: Version 1.10 for >> Samsung 970 Pro SSD <<
[321830.700295] NVMeVirt: Storage: 0x100100000-0x300000000 (8191 MiB)
[321830.711533] NVMeVirt: Total Capacity(GiB,MiB)=2,2048 chs=2 luns=4 lines=8192 blk-size(MiB,KiB)=0,64 line-size(MiB,KiB)=0,256
[321830.724628] NVMeVirt: [chmodel_init] bandwidth 800 max_credits 26 tx_time 152
[321830.735811] NVMeVirt: [chmodel_init] bandwidth 800 max_credits 26 tx_time 152
[321830.735843] NVMeVirt: [chmodel_init] bandwidth 3360 max_credits 110 tx_time 36
[321830.735846] NVMeVirt: WATGC_V2 init ns=0 part=0 arms=60 initial=37 prior=none gamma_q16=65503 exploration_q16=16384
[321830.737087] NVMeVirt: pqueue: Copyright (c) 2014, Volkan Yazıcı <volkan.yazici@gmail.com>. All rights reserved.
[321830.737127] NVMeVirt: Init FTL instance with 2 channels (524288 pages)
[321830.737129] NVMeVirt: GC victim policy: watgc-v2 ns=0 part=0 initial_k=7 initial_scale_pct=100 initial_age_ratio=7 warmup_gc=100
[321830.748251] NVMeVirt: [chmodel_init] bandwidth 800 max_credits 26 tx_time 152
[321830.759380] NVMeVirt: [chmodel_init] bandwidth 800 max_credits 26 tx_time 152
[321830.759395] NVMeVirt: [chmodel_init] bandwidth 3360 max_credits 110 tx_time 36
[321830.759397] NVMeVirt: WATGC_V2 init ns=0 part=1 arms=60 initial=37 prior=none gamma_q16=65503 exploration_q16=16384
[321830.760603] NVMeVirt: Init FTL instance with 2 channels (524288 pages)
[321830.760607] NVMeVirt: GC victim policy: watgc-v2 ns=0 part=1 initial_k=7 initial_scale_pct=100 initial_age_ratio=7 warmup_gc=100
[321830.771514] NVMeVirt: [chmodel_init] bandwidth 800 max_credits 26 tx_time 152
[321830.782543] NVMeVirt: [chmodel_init] bandwidth 800 max_credits 26 tx_time 152
[321830.782562] NVMeVirt: [chmodel_init] bandwidth 3360 max_credits 110 tx_time 36
[321830.782564] NVMeVirt: WATGC_V2 init ns=0 part=2 arms=60 initial=37 prior=none gamma_q16=65503 exploration_q16=16384
[321830.784380] NVMeVirt: Init FTL instance with 2 channels (524288 pages)
[321830.784387] NVMeVirt: GC victim policy: watgc-v2 ns=0 part=2 initial_k=7 initial_scale_pct=100 initial_age_ratio=7 warmup_gc=100
[321830.795220] NVMeVirt: [chmodel_init] bandwidth 800 max_credits 26 tx_time 152
[321830.806210] NVMeVirt: [chmodel_init] bandwidth 800 max_credits 26 tx_time 152
[321830.806224] NVMeVirt: [chmodel_init] bandwidth 3360 max_credits 110 tx_time 36
[321830.806227] NVMeVirt: WATGC_V2 init ns=0 part=3 arms=60 initial=37 prior=none gamma_q16=65503 exploration_q16=16384
[321830.807588] NVMeVirt: Init FTL instance with 2 channels (524288 pages)
[321830.807592] NVMeVirt: GC victim policy: watgc-v2 ns=0 part=3 initial_k=7 initial_scale_pct=100 initial_age_ratio=7 warmup_gc=100
[321830.807598] NVMeVirt: FTL physical space: 8588886016, logical space: 8026996276 (physical/logical * 100 = 107)
[321830.807600] NVMeVirt: ns 0/1: size 7655 MiB
[321830.807645] PCI host bridge to bus 0001:10
[321830.807662] pci_bus 0001:10: root bus resource [io  0x0000-0xffff]
[321830.807665] pci_bus 0001:10: root bus resource [mem 0x00000000-0x7fffffffff]
[321830.807667] pci_bus 0001:10: root bus resource [bus 00-ff]
[321830.807674] pci 0001:10:00.0: [0c51:0110] type 00 class 0x010802 PCIe Endpoint
[321830.807678] pci 0001:10:00.0: BAR 0 [mem 0x100000000-0x100003fff 64bit]
[321830.807681] pci 0001:10:00.0: enabling Extended Tags
[321830.807835] NVMeVirt: Virtual PCI bus created (node 0)
[321830.808206] NVMeVirt: nvmev_dispatcher started on cpu 1 (node 0)
[321830.808257] NVMeVirt: Virtual NVMe device created
[321830.808355] NVMeVirt: nvmev_io_worker_0 started on cpu 2 (node 0)
[321830.808654] nvme nvme0: pci function 0001:10:00.0
[321830.812565] nvme nvme0: 8/0/0 default/read/poll queues
[321830.890659] EXT4-fs (nvme0n1): mounted filesystem e453877b-4d04-417b-bc0c-84f01ddf8a7f r/w with ordered data mode. Quota mode: none.
[321912.906258] NVMeVirt: WATGC_V2 init ns=0 part=0 arms=60 initial=37 prior=none gamma_q16=65503 exploration_q16=16384
[321912.906265] NVMeVirt: WATGC_V2 init ns=0 part=1 arms=60 initial=37 prior=none gamma_q16=65503 exploration_q16=16384
[321912.906267] NVMeVirt: WATGC_V2 init ns=0 part=2 arms=60 initial=37 prior=none gamma_q16=65503 exploration_q16=16384
[321912.906269] NVMeVirt: WATGC_V2 init ns=0 part=3 arms=60 initial=37 prior=none gamma_q16=65503 exploration_q16=16384
[321912.906271] NVMeVirt: Measurement: command=start epoch=1 host_bytes=0 learner_active=1
[321912.945836] mix-mixO-online-720954 phase=A START
[321913.191041] NVMeVirt: WATGC_V2 warmup-done ns=0 part=0 gc_count=2840
[321913.191109] NVMeVirt: WATGC_V2 warmup-done ns=0 part=1 gc_count=2818
[321913.191205] NVMeVirt: WATGC_V2 warmup-done ns=0 part=3 gc_count=2821
[321913.191266] NVMeVirt: WATGC_V2 warmup-done ns=0 part=2 gc_count=2817
[321924.248321] NVMeVirt: WATGC_V2 sample ns=0 part=3 epoch=1 window=1 phase=measure evaluated=37 k=7 scale_pct=100 age_ratio=7 host=65569 gc_pages=66006 gc_count=2056 waf_q16=131508 best=37 next=0 settled=0
[321924.250246] NVMeVirt: WATGC_V2 sample ns=0 part=0 epoch=1 window=1 phase=measure evaluated=37 k=7 scale_pct=100 age_ratio=7 host=65540 gc_pages=66100 gc_count=2057 waf_q16=131631 best=37 next=0 settled=0
[321924.416333] NVMeVirt: WATGC_V2 sample ns=0 part=1 epoch=1 window=1 phase=measure evaluated=37 k=7 scale_pct=100 age_ratio=7 host=65549 gc_pages=64939 gc_count=2039 waf_q16=130462 best=37 next=0 settled=0
[321924.451765] NVMeVirt: WATGC_V2 sample ns=0 part=2 epoch=1 window=1 phase=measure evaluated=37 k=7 scale_pct=100 age_ratio=7 host=65549 gc_pages=65194 gc_count=2043 waf_q16=130717 best=37 next=0 settled=0
[321936.923623] mix-mixO-online-720954 phase=A END
[321936.953855] mix-mixO-online-720954 phase=B START
[321938.621965] NVMeVirt: WATGC_V2 sample ns=0 part=3 epoch=1 window=2 phase=measure evaluated=0 k=2 scale_pct=25 age_ratio=4 host=65575 gc_pages=31127 gc_count=1511 waf_q16=96644 best=0 next=1 settled=0
[321938.624655] NVMeVirt: WATGC_V2 sample ns=0 part=1 epoch=1 window=2 phase=measure evaluated=0 k=2 scale_pct=25 age_ratio=4 host=65556 gc_pages=32234 gc_count=1528 waf_q16=97760 best=0 next=1 settled=0
[321938.631920] NVMeVirt: WATGC_V2 sample ns=0 part=2 epoch=1 window=2 phase=measure evaluated=0 k=2 scale_pct=25 age_ratio=4 host=65551 gc_pages=32751 gc_count=1536 waf_q16=98279 best=0 next=1 settled=0
[321938.633635] NVMeVirt: WATGC_V2 sample ns=0 part=0 epoch=1 window=2 phase=measure evaluated=0 k=2 scale_pct=25 age_ratio=4 host=65566 gc_pages=31775 gc_count=1521 waf_q16=97296 best=0 next=1 settled=0
[321940.999946] NVMeVirt: WATGC_V2 sample ns=0 part=0 epoch=1 window=3 phase=measure evaluated=1 k=2 scale_pct=25 age_ratio=7 host=65554 gc_pages=26994 gc_count=1446 waf_q16=92522 best=1 next=2 settled=0
[321941.004747] NVMeVirt: WATGC_V2 sample ns=0 part=3 epoch=1 window=3 phase=measure evaluated=1 k=2 scale_pct=25 age_ratio=7 host=65568 gc_pages=27298 gc_count=1451 waf_q16=92820 best=1 next=2 settled=0
[321941.010038] NVMeVirt: WATGC_V2 sample ns=0 part=1 epoch=1 window=3 phase=measure evaluated=1 k=2 scale_pct=25 age_ratio=7 host=65567 gc_pages=27235 gc_count=1450 waf_q16=92758 best=1 next=2 settled=0
[321941.015825] NVMeVirt: WATGC_V2 sample ns=0 part=2 epoch=1 window=3 phase=measure evaluated=1 k=2 scale_pct=25 age_ratio=7 host=65584 gc_pages=27412 gc_count=1453 waf_q16=92927 best=1 next=2 settled=0
[321943.372947] NVMeVirt: WATGC_V2 sample ns=0 part=0 epoch=1 window=4 phase=measure evaluated=2 k=2 scale_pct=25 age_ratio=16 host=65552 gc_pages=27823 gc_count=1459 waf_q16=93352 best=1 next=3 settled=0
[321943.393802] NVMeVirt: WATGC_V2 sample ns=0 part=3 epoch=1 window=4 phase=measure evaluated=2 k=2 scale_pct=25 age_ratio=16 host=65561 gc_pages=27681 gc_count=1457 waf_q16=93206 best=1 next=3 settled=0
[321943.404343] NVMeVirt: WATGC_V2 sample ns=0 part=1 epoch=1 window=4 phase=measure evaluated=2 k=2 scale_pct=25 age_ratio=16 host=65550 gc_pages=27630 gc_count=1456 waf_q16=93160 best=1 next=3 settled=0
[321943.407535] NVMeVirt: WATGC_V2 sample ns=0 part=2 epoch=1 window=4 phase=measure evaluated=2 k=2 scale_pct=25 age_ratio=16 host=65560 gc_pages=28006 gc_count=1462 waf_q16=93531 best=1 next=3 settled=0
[321945.741954] NVMeVirt: WATGC_V2 sample ns=0 part=0 epoch=1 window=5 phase=measure evaluated=3 k=2 scale_pct=50 age_ratio=4 host=65537 gc_pages=27967 gc_count=1461 waf_q16=93502 best=1 next=4 settled=0
[321945.789965] NVMeVirt: WATGC_V2 sample ns=0 part=3 epoch=1 window=5 phase=measure evaluated=3 k=2 scale_pct=50 age_ratio=4 host=65555 gc_pages=27691 gc_count=1457 waf_q16=93218 best=1 next=4 settled=0
[321945.796357] NVMeVirt: WATGC_V2 sample ns=0 part=1 epoch=1 window=5 phase=measure evaluated=3 k=2 scale_pct=50 age_ratio=4 host=65554 gc_pages=27947 gc_count=1461 waf_q16=93475 best=1 next=4 settled=0
[321945.799233] NVMeVirt: WATGC_V2 sample ns=0 part=2 epoch=1 window=5 phase=measure evaluated=3 k=2 scale_pct=50 age_ratio=4 host=65576 gc_pages=28056 gc_count=1463 waf_q16=93574 best=1 next=4 settled=0
[321948.114166] NVMeVirt: WATGC_V2 sample ns=0 part=0 epoch=1 window=6 phase=measure evaluated=4 k=2 scale_pct=50 age_ratio=7 host=65553 gc_pages=28205 gc_count=1465 waf_q16=93733 best=1 next=5 settled=0
[321948.171164] NVMeVirt: WATGC_V2 sample ns=0 part=3 epoch=1 window=6 phase=measure evaluated=4 k=2 scale_pct=50 age_ratio=7 host=65541 gc_pages=28023 gc_count=1462 waf_q16=93556 best=1 next=5 settled=0
[321948.182022] NVMeVirt: WATGC_V2 sample ns=0 part=1 epoch=1 window=6 phase=measure evaluated=4 k=2 scale_pct=50 age_ratio=7 host=65567 gc_pages=28318 gc_count=1467 waf_q16=93840 best=1 next=5 settled=0
[321948.190154] NVMeVirt: WATGC_V2 sample ns=0 part=2 epoch=1 window=6 phase=measure evaluated=4 k=2 scale_pct=50 age_ratio=7 host=65544 gc_pages=28533 gc_count=1470 waf_q16=94065 best=1 next=5 settled=0
[321950.483166] NVMeVirt: WATGC_V2 sample ns=0 part=0 epoch=1 window=7 phase=measure evaluated=5 k=2 scale_pct=50 age_ratio=16 host=65554 gc_pages=28270 gc_count=1466 waf_q16=93798 best=1 next=6 settled=0
[321950.561362] NVMeVirt: WATGC_V2 sample ns=0 part=3 epoch=1 window=7 phase=measure evaluated=5 k=2 scale_pct=50 age_ratio=16 host=65543 gc_pages=28095 gc_count=1463 waf_q16=93627 best=1 next=6 settled=0
[321950.568350] NVMeVirt: WATGC_V2 sample ns=0 part=1 epoch=1 window=7 phase=measure evaluated=5 k=2 scale_pct=50 age_ratio=16 host=65573 gc_pages=27862 gc_count=1460 waf_q16=93382 best=1 next=6 settled=0
[321950.577078] NVMeVirt: WATGC_V2 sample ns=0 part=2 epoch=1 window=7 phase=measure evaluated=5 k=2 scale_pct=50 age_ratio=16 host=65557 gc_pages=28523 gc_count=1470 waf_q16=94049 best=1 next=6 settled=0
[321952.866296] NVMeVirt: WATGC_V2 sample ns=0 part=0 epoch=1 window=8 phase=measure evaluated=6 k=2 scale_pct=100 age_ratio=4 host=65537 gc_pages=28035 gc_count=1462 waf_q16=93570 best=1 next=7 settled=0
[321952.963286] NVMeVirt: WATGC_V2 sample ns=0 part=3 epoch=1 window=8 phase=measure evaluated=6 k=2 scale_pct=100 age_ratio=4 host=65558 gc_pages=27750 gc_count=1458 waf_q16=93276 best=1 next=7 settled=0
[321952.970445] NVMeVirt: WATGC_V2 sample ns=0 part=1 epoch=1 window=8 phase=measure evaluated=6 k=2 scale_pct=100 age_ratio=4 host=65575 gc_pages=27797 gc_count=1459 waf_q16=93316 best=1 next=7 settled=0
[321952.981652] NVMeVirt: WATGC_V2 sample ns=0 part=2 epoch=1 window=8 phase=measure evaluated=6 k=2 scale_pct=100 age_ratio=4 host=65570 gc_pages=28314 gc_count=1467 waf_q16=93835 best=1 next=7 settled=0
[321955.239368] NVMeVirt: WATGC_V2 sample ns=0 part=0 epoch=1 window=9 phase=measure evaluated=7 k=2 scale_pct=100 age_ratio=7 host=65580 gc_pages=28554 gc_count=1471 waf_q16=94070 best=1 next=8 settled=0
[321955.346869] NVMeVirt: WATGC_V2 sample ns=0 part=3 epoch=1 window=9 phase=measure evaluated=7 k=2 scale_pct=100 age_ratio=7 host=65556 gc_pages=27565 gc_count=1455 waf_q16=93092 best=1 next=8 settled=0
[321955.362318] NVMeVirt: WATGC_V2 sample ns=0 part=1 epoch=1 window=9 phase=measure evaluated=7 k=2 scale_pct=100 age_ratio=7 host=65558 gc_pages=27686 gc_count=1457 waf_q16=93212 best=1 next=8 settled=0
[321955.370153] NVMeVirt: WATGC_V2 sample ns=0 part=2 epoch=1 window=9 phase=measure evaluated=7 k=2 scale_pct=100 age_ratio=7 host=65547 gc_pages=28731 gc_count=1473 waf_q16=94262 best=1 next=8 settled=0
[321957.600766] NVMeVirt: WATGC_V2 sample ns=0 part=0 epoch=1 window=10 phase=measure evaluated=8 k=2 scale_pct=100 age_ratio=16 host=65555 gc_pages=28395 gc_count=1468 waf_q16=93922 best=1 next=9 settled=0
[321957.726317] NVMeVirt: WATGC_V2 sample ns=0 part=3 epoch=1 window=10 phase=measure evaluated=8 k=2 scale_pct=100 age_ratio=16 host=65578 gc_pages=28060 gc_count=1463 waf_q16=93578 best=1 next=9 settled=0
[321957.745137] NVMeVirt: WATGC_V2 sample ns=0 part=1 epoch=1 window=10 phase=measure evaluated=8 k=2 scale_pct=100 age_ratio=16 host=65545 gc_pages=28536 gc_count=1470 waf_q16=94068 best=1 next=9 settled=0
[321957.752114] NVMeVirt: WATGC_V2 sample ns=0 part=2 epoch=1 window=10 phase=measure evaluated=8 k=2 scale_pct=100 age_ratio=16 host=65574 gc_pages=29287 gc_count=1482 waf_q16=94806 best=1 next=9 settled=0
[321959.584923] mix-mixO-online-720954 phase=B END
[321959.588176] NVMeVirt: Measurement: command=stop epoch=1 host_bytes=16414842880 learner_active=0
[321959.639035] EXT4-fs (nvme0n1): unmounting filesystem e453877b-4d04-417b-bc0c-84f01ddf8a7f.
[321959.722812] pci_bus 0001:10: busn_res: [bus 10-ff] is released
[321959.722949] NVMeVirt: WATGC_V2 summary ns=0 part=0 epoch=1 windows=10 epoch_windows=10 discarded=0 visited=10 covered=0 settled=0 phase=1 current=9 best=1 k=2 scale_pct=25 age_ratio=7 best_waf_valid=1 best_waf_q16=92522
[321959.722954] NVMeVirt: WATGC_V2 summary ns=0 part=1 epoch=1 windows=10 epoch_windows=10 discarded=0 visited=10 covered=0 settled=0 phase=1 current=9 best=1 k=2 scale_pct=25 age_ratio=7 best_waf_valid=1 best_waf_q16=92758
[321959.722958] NVMeVirt: WATGC_V2 summary ns=0 part=2 epoch=1 windows=10 epoch_windows=10 discarded=0 visited=10 covered=0 settled=0 phase=1 current=9 best=1 k=2 scale_pct=25 age_ratio=7 best_waf_valid=1 best_waf_q16=92927
[321959.722961] NVMeVirt: WATGC_V2 summary ns=0 part=3 epoch=1 windows=10 epoch_windows=10 discarded=0 visited=10 covered=0 settled=0 phase=1 current=9 best=1 k=2 scale_pct=25 age_ratio=7 best_waf_valid=1 best_waf_q16=92820
[321959.722963] NVMeVirt: GC stats: ns=0 policy=watgc-v2 host_pages=4007530 gc_pages=1973341 gc_count=93452 WAF=1.492 warmup_gc=100-per-part
[321959.799171] NVMeVirt: Virtual NVMe device closed
