[1362075.842734] mix-mixR-fixed50-1373329 BEGIN
[1362075.880926] NVMeVirt: Version 1.10 for >> Samsung 970 Pro SSD <<
[1362075.880932] NVMeVirt: Storage: 0x100100000-0x300000000 (8191 MiB)
[1362075.891934] NVMeVirt: Total Capacity(GiB,MiB)=2,2048 chs=2 luns=4 lines=8192 blk-size(MiB,KiB)=0,64 line-size(MiB,KiB)=0,256
[1362075.905456] NVMeVirt: [chmodel_init] bandwidth 800 max_credits 26 tx_time 152
[1362075.917509] NVMeVirt: [chmodel_init] bandwidth 800 max_credits 26 tx_time 152
[1362075.917524] NVMeVirt: [chmodel_init] bandwidth 3360 max_credits 110 tx_time 36
[1362075.917526] NVMeVirt: Fixed CAT init ns=0 part=0 arm=50 k=10 scale_pct=50 age_ratio=16
[1362075.918453] NVMeVirt: pqueue: Copyright (c) 2014, Volkan Yazıcı <volkan.yazici@gmail.com>. All rights reserved.
[1362075.918492] NVMeVirt: Init FTL instance with 2 channels (524288 pages)
[1362075.918493] NVMeVirt: GC victim policy: cat-fig7-fixed ns=0 part=0 initial_k=10 initial_scale_pct=50 initial_age_ratio=16 warmup_gc=100
[1362075.929279] NVMeVirt: [chmodel_init] bandwidth 800 max_credits 26 tx_time 152
[1362075.943065] NVMeVirt: [chmodel_init] bandwidth 800 max_credits 26 tx_time 152
[1362075.943079] NVMeVirt: [chmodel_init] bandwidth 3360 max_credits 110 tx_time 36
[1362075.943082] NVMeVirt: Fixed CAT init ns=0 part=1 arm=50 k=10 scale_pct=50 age_ratio=16
[1362075.944048] NVMeVirt: Init FTL instance with 2 channels (524288 pages)
[1362075.944050] NVMeVirt: GC victim policy: cat-fig7-fixed ns=0 part=1 initial_k=10 initial_scale_pct=50 initial_age_ratio=16 warmup_gc=100
[1362075.954546] NVMeVirt: [chmodel_init] bandwidth 800 max_credits 26 tx_time 152
[1362075.965009] NVMeVirt: [chmodel_init] bandwidth 800 max_credits 26 tx_time 152
[1362075.965030] NVMeVirt: [chmodel_init] bandwidth 3360 max_credits 110 tx_time 36
[1362075.965032] NVMeVirt: Fixed CAT init ns=0 part=2 arm=50 k=10 scale_pct=50 age_ratio=16
[1362075.966421] NVMeVirt: Init FTL instance with 2 channels (524288 pages)
[1362075.966426] NVMeVirt: GC victim policy: cat-fig7-fixed ns=0 part=2 initial_k=10 initial_scale_pct=50 initial_age_ratio=16 warmup_gc=100
[1362075.979907] NVMeVirt: [chmodel_init] bandwidth 800 max_credits 26 tx_time 152
[1362075.990479] NVMeVirt: [chmodel_init] bandwidth 800 max_credits 26 tx_time 152
[1362075.990493] NVMeVirt: [chmodel_init] bandwidth 3360 max_credits 110 tx_time 36
[1362075.990495] NVMeVirt: Fixed CAT init ns=0 part=3 arm=50 k=10 scale_pct=50 age_ratio=16
[1362075.991472] NVMeVirt: Init FTL instance with 2 channels (524288 pages)
[1362075.991474] NVMeVirt: GC victim policy: cat-fig7-fixed ns=0 part=3 initial_k=10 initial_scale_pct=50 initial_age_ratio=16 warmup_gc=100
[1362075.991480] NVMeVirt: FTL physical space: 8588886016, logical space: 8026996276 (physical/logical * 100 = 107)
[1362075.991482] NVMeVirt: ns 0/1: size 7655 MiB
[1362075.991530] PCI host bridge to bus 0001:10
[1362075.991533] pci_bus 0001:10: root bus resource [io  0x0000-0xffff]
[1362075.991535] pci_bus 0001:10: root bus resource [mem 0x00000000-0x7fffffffff]
[1362075.991552] pci_bus 0001:10: root bus resource [bus 00-ff]
[1362075.991559] pci 0001:10:00.0: [0c51:0110] type 00 class 0x010802 PCIe Endpoint
[1362075.991564] pci 0001:10:00.0: BAR 0 [mem 0x100000000-0x100003fff 64bit]
[1362075.991566] pci 0001:10:00.0: enabling Extended Tags
[1362075.991686] NVMeVirt: Virtual PCI bus created (node 0)
[1362075.991976] NVMeVirt: nvmev_io_worker_0 started on cpu 2 (node 0)
[1362075.992087] NVMeVirt: Virtual NVMe device created
[1362075.992118] NVMeVirt: nvmev_dispatcher started on cpu 1 (node 0)
[1362075.992252] nvme nvme0: pci function 0001:10:00.0
[1362075.997142] nvme nvme0: 8/0/0 default/read/poll queues
[1362076.367915] EXT4-fs (nvme0n1): mounted filesystem 121b9b74-69d2-4755-838b-14c4ae9d769e r/w with ordered data mode. Quota mode: none.
[1362158.523531] NVMeVirt: Fixed CAT init ns=0 part=0 arm=50 k=10 scale_pct=50 age_ratio=16
[1362158.523537] NVMeVirt: Fixed CAT init ns=0 part=1 arm=50 k=10 scale_pct=50 age_ratio=16
[1362158.523539] NVMeVirt: Fixed CAT init ns=0 part=2 arm=50 k=10 scale_pct=50 age_ratio=16
[1362158.523541] NVMeVirt: Fixed CAT init ns=0 part=3 arm=50 k=10 scale_pct=50 age_ratio=16
[1362158.523542] NVMeVirt: Measurement: command=start epoch=1 host_bytes=0 learner_active=1
[1362158.531567] mix-mixR-fixed50-1373329 phase=A START
[1363958.874738] mix-mixR-fixed50-1373329 phase=A END
[1363958.882929] mix-mixR-fixed50-1373329 phase=B START
[1363958.894175] mix-mixR-fixed50-1373329 phase=B LOAD
[1363986.918776] mix-mixR-fixed50-1373329 phase=B RUN
[1363991.375851] tee (1375512): drop_caches: 3
[1363997.504236] tee (1375521): drop_caches: 3
[1364001.876042] tee (1375532): drop_caches: 3
[1364007.243777] tee (1375537): drop_caches: 3
[1364012.435109] tee (1375541): drop_caches: 3
[1364017.912584] tee (1375553): drop_caches: 3
[1364023.528594] tee (1375557): drop_caches: 3
[1364028.434875] tee (1375571): drop_caches: 3
[1364033.093911] tee (1375580): drop_caches: 3
[1364038.584775] tee (1375589): drop_caches: 3
[1364044.239796] tee (1375595): drop_caches: 3
[1364049.859847] tee (1375599): drop_caches: 3
[1364055.021747] tee (1375604): drop_caches: 3
[1364060.115749] tee (1375613): drop_caches: 3
[1364064.463766] tee (1375622): drop_caches: 3
[1364069.767208] tee (1375627): drop_caches: 3
[1364074.936483] tee (1375652): drop_caches: 3
[1364079.938284] tee (1375656): drop_caches: 3
[1364085.588360] tee (1375666): drop_caches: 3
[1364092.781140] tee (1375741): drop_caches: 3
[1364100.036173] tee (1375747): drop_caches: 3
[1364107.686420] tee (1375752): drop_caches: 3
[1364114.323418] tee (1375761): drop_caches: 3
[1364119.690915] tee (1375796): drop_caches: 3
[1364124.911745] tee (1375804): drop_caches: 3
[1364130.267925] tee (1375810): drop_caches: 3
[1364135.373187] tee (1375814): drop_caches: 3
[1364140.560057] tee (1375818): drop_caches: 3
[1364145.882437] tee (1375823): drop_caches: 3
[1364151.104564] tee (1375834): drop_caches: 3
[1364156.358310] tee (1375841): drop_caches: 3
[1364161.699484] tee (1375847): drop_caches: 3
[1364166.846598] tee (1375851): drop_caches: 3
[1364171.886547] tee (1375855): drop_caches: 3
[1364177.034786] tee (1375859): drop_caches: 3
[1364182.127015] tee (1375868): drop_caches: 3
[1364187.370205] tee (1375876): drop_caches: 3
[1364192.638052] tee (1375881): drop_caches: 3
[1364197.703969] tee (1375885): drop_caches: 3
[1364202.764509] tee (1375890): drop_caches: 3
[1364208.016389] tee (1375894): drop_caches: 3
[1364213.442002] tee (1375905): drop_caches: 3
[1364218.752329] tee (1375917): drop_caches: 3
[1364223.906388] tee (1375923): drop_caches: 3
[1364228.919977] tee (1375927): drop_caches: 3
[1364233.955322] tee (1375931): drop_caches: 3
[1364239.044712] tee (1375935): drop_caches: 3
[1364244.226720] tee (1375953): drop_caches: 3
[1364249.306632] tee (1375958): drop_caches: 3
[1364254.199875] tee (1375964): drop_caches: 3
[1364259.309586] tee (1375968): drop_caches: 3
[1364264.367177] tee (1375972): drop_caches: 3
[1364269.466166] tee (1375976): drop_caches: 3
[1364274.669421] tee (1375987): drop_caches: 3
[1364280.238566] tee (1375993): drop_caches: 3
[1364285.377874] tee (1375998): drop_caches: 3
[1364290.427085] tee (1376002): drop_caches: 3
[1364295.410875] tee (1376007): drop_caches: 3
[1364300.821698] tee (1376015): drop_caches: 3
[1364305.968855] tee (1376029): drop_caches: 3
[1364311.313097] tee (1376034): drop_caches: 3
[1364316.672775] tee (1376040): drop_caches: 3
[1364321.735034] tee (1376044): drop_caches: 3
[1364326.802356] tee (1376048): drop_caches: 3
[1364332.375510] tee (1376057): drop_caches: 3
[1364337.488618] tee (1376070): drop_caches: 3
[1364342.650948] tee (1376077): drop_caches: 3
[1364348.027840] tee (1376082): drop_caches: 3
[1364353.124035] tee (1376086): drop_caches: 3
[1364358.189221] tee (1376090): drop_caches: 3
[1364363.349953] tee (1376101): drop_caches: 3
[1364368.357782] tee (1376107): drop_caches: 3
[1364373.533016] tee (1376112): drop_caches: 3
[1364378.765997] tee (1376123): drop_caches: 3
[1364383.953345] tee (1376128): drop_caches: 3
[1364389.029743] tee (1376134): drop_caches: 3
[1364394.244309] tee (1376143): drop_caches: 3
[1364399.399736] tee (1376149): drop_caches: 3
[1364404.645625] tee (1376156): drop_caches: 3
[1364409.913233] tee (1376161): drop_caches: 3
[1364414.950285] tee (1376165): drop_caches: 3
[1364419.966490] tee (1376169): drop_caches: 3
[1364425.167138] tee (1376185): drop_caches: 3
[1364430.339357] tee (1376191): drop_caches: 3
[1364435.486936] tee (1376197): drop_caches: 3
[1364440.847711] tee (1376203): drop_caches: 3
[1364445.784260] tee (1376207): drop_caches: 3
[1364450.686268] tee (1376211): drop_caches: 3
[1364455.848717] tee (1376229): drop_caches: 3
[1364460.896650] tee (1376236): drop_caches: 3
[1364465.990114] tee (1376241): drop_caches: 3
[1364470.400955] tee (1376248): drop_caches: 3
[1364475.555598] tee (1376252): drop_caches: 3
[1364480.529761] tee (1376256): drop_caches: 3
[1364485.928550] tee (1376265): drop_caches: 3
[1364491.235281] tee (1376271): drop_caches: 3
[1364496.509898] tee (1376275): drop_caches: 3
[1364500.970627] tee (1376283): drop_caches: 3
[1364506.134988] tee (1376287): drop_caches: 3
[1364511.128417] tee (1376291): drop_caches: 3
[1364516.234885] tee (1376300): drop_caches: 3
[1364521.417325] tee (1376306): drop_caches: 3
[1364526.410264] tee (1376310): drop_caches: 3
[1364530.860777] tee (1376318): drop_caches: 3
[1364535.996056] tee (1376329): drop_caches: 3
[1364541.048307] tee (1376333): drop_caches: 3
[1364546.102186] tee (1376342): drop_caches: 3
[1364551.074659] tee (1376349): drop_caches: 3
[1364555.967435] tee (1376353): drop_caches: 3
[1364560.293108] tee (1376360): drop_caches: 3
[1364565.312703] tee (1376371): drop_caches: 3
[1364570.246465] tee (1376376): drop_caches: 3
[1364575.680137] tee (1376385): drop_caches: 3
[1364580.715347] tee (1376391): drop_caches: 3
[1364585.693293] tee (1376395): drop_caches: 3
[1364590.137739] tee (1376401): drop_caches: 3
[1364595.250758] tee (1376406): drop_caches: 3
[1364600.108442] tee (1376410): drop_caches: 3
[1364606.525692] tee (1376429): drop_caches: 3
[1364612.019429] tee (1376436): drop_caches: 3
[1364617.059358] tee (1376472): drop_caches: 3
[1364621.706182] tee (1376478): drop_caches: 3
[1364627.076656] tee (1376483): drop_caches: 3
[1364632.072685] tee (1376487): drop_caches: 3
[1364637.101350] tee (1376496): drop_caches: 3
[1364642.138230] tee (1376502): drop_caches: 3
[1364647.329469] tee (1376506): drop_caches: 3
[1364652.324501] tee (1376510): drop_caches: 3
[1364656.641027] tee (1376517): drop_caches: 3
[1364661.745421] tee (1376521): drop_caches: 3
[1364667.517219] tee (1376532): drop_caches: 3
[1364672.643986] tee (1376552): drop_caches: 3
[1364677.952740] tee (1376556): drop_caches: 3
[1364682.944179] tee (1376560): drop_caches: 3
[1364687.278242] tee (1376587): drop_caches: 3
[1364692.774136] tee (1376646): drop_caches: 3
[1364698.191712] tee (1376657): drop_caches: 3
[1364703.258646] tee (1376663): drop_caches: 3
[1364708.530274] tee (1376667): drop_caches: 3
[1364713.529275] tee (1376672): drop_caches: 3
[1364717.924340] tee (1376679): drop_caches: 3
[1364723.042527] tee (1376683): drop_caches: 3
[1364728.473910] tee (1376692): drop_caches: 3
[1364733.766328] tee (1376700): drop_caches: 3
[1364738.782522] tee (1376704): drop_caches: 3
[1364744.067576] tee (1376710): drop_caches: 3
[1364748.407723] tee (1376718): drop_caches: 3
[1364753.714893] tee (1376722): drop_caches: 3
[1364759.154540] tee (1376733): drop_caches: 3
[1364764.622959] tee (1376739): drop_caches: 3
[1364769.719027] tee (1376745): drop_caches: 3
[1364774.771756] tee (1376749): drop_caches: 3
[1364779.198351] tee (1376756): drop_caches: 3
[1364784.322706] tee (1376760): drop_caches: 3
[1364789.878124] tee (1376771): drop_caches: 3
[1364795.300439] tee (1376777): drop_caches: 3
[1364800.375961] tee (1376781): drop_caches: 3
[1364805.355038] tee (1376785): drop_caches: 3
[1364809.869738] tee (1376792): drop_caches: 3
[1364814.933229] tee (1376797): drop_caches: 3
[1364820.323542] tee (1376806): drop_caches: 3
[1364825.644486] tee (1376814): drop_caches: 3
[1364830.647505] tee (1376818): drop_caches: 3
[1364835.681271] tee (1376822): drop_caches: 3
[1364840.082251] tee (1376829): drop_caches: 3
[1364845.038970] tee (1376833): drop_caches: 3
[1364850.360121] tee (1376842): drop_caches: 3
[1364855.578137] tee (1376850): drop_caches: 3
[1364860.642566] tee (1376854): drop_caches: 3
[1364865.539385] tee (1376858): drop_caches: 3
[1364870.593443] tee (1376864): drop_caches: 3
[1364875.791052] tee (1376869): drop_caches: 3
[1364880.663473] tee (1376874): drop_caches: 3
[1364886.021819] tee (1376885): drop_caches: 3
[1364890.930115] tee (1376889): drop_caches: 3
[1364895.859574] tee (1376893): drop_caches: 3
[1364900.781877] tee (1376897): drop_caches: 3
[1364905.091660] tee (1376904): drop_caches: 3
[1364910.051690] tee (1376908): drop_caches: 3
[1364915.016933] tee (1376924): drop_caches: 3
[1364920.068152] tee (1376928): drop_caches: 3
[1364924.971698] tee (1376932): drop_caches: 3
[1364929.960036] tee (1376936): drop_caches: 3
[1364934.294597] tee (1376943): drop_caches: 3
[1364939.329007] tee (1376954): drop_caches: 3
[1364944.238080] tee (1376965): drop_caches: 3
[1364949.333302] tee (1376969): drop_caches: 3
[1364954.296462] tee (1376973): drop_caches: 3
[1364959.251382] tee (1376977): drop_caches: 3
[1364963.623465] tee (1376986): drop_caches: 3
[1364968.716856] tee (1376990): drop_caches: 3
[1364973.662160] tee (1377008): drop_caches: 3
[1364978.659955] tee (1377012): drop_caches: 3
[1364983.573556] tee (1377016): drop_caches: 3
[1364988.199761] tee (1377023): drop_caches: 3
[1364992.901360] tee (1377027): drop_caches: 3
[1364997.199969] tee (1377034): drop_caches: 3
[1365002.737524] tee (1377044): drop_caches: 3
[1365007.841216] tee (1377049): drop_caches: 3
[1365012.753011] tee (1377053): drop_caches: 3
[1365017.732907] tee (1377057): drop_caches: 3
[1365022.655887] tee (1377061): drop_caches: 3
[1365027.043458] tee (1377068): drop_caches: 3
[1365032.069271] tee (1377079): drop_caches: 3
[1365036.957826] tee (1377090): drop_caches: 3
[1365041.934686] tee (1377094): drop_caches: 3
[1365046.817664] tee (1377098): drop_caches: 3
[1365051.669046] tee (1377103): drop_caches: 3
[1365056.092302] tee (1377110): drop_caches: 3
[1365061.133808] tee (1377124): drop_caches: 3
[1365066.125143] tee (1377135): drop_caches: 3
[1365071.137043] tee (1377139): drop_caches: 3
[1365076.038138] tee (1377143): drop_caches: 3
[1365081.084947] tee (1377147): drop_caches: 3
[1365086.118888] tee (1377152): drop_caches: 3
[1365091.324599] tee (1377165): drop_caches: 3
[1365096.372364] tee (1377176): drop_caches: 3
[1365101.417100] tee (1377180): drop_caches: 3
[1365106.354982] tee (1377184): drop_caches: 3
[1365111.221975] tee (1377188): drop_caches: 3
[1365116.195963] tee (1377192): drop_caches: 3
[1365120.537728] tee (1377199): drop_caches: 3
[1365125.604790] tee (1377210): drop_caches: 3
[1365130.552208] tee (1377214): drop_caches: 3
[1365135.584497] tee (1377218): drop_caches: 3
[1365140.525417] tee (1377222): drop_caches: 3
[1365145.402560] tee (1377226): drop_caches: 3
[1365149.735714] tee (1377233): drop_caches: 3
[1365155.096589] tee (1377251): drop_caches: 3
[1365160.018287] tee (1377255): drop_caches: 3
[1365165.085386] tee (1377259): drop_caches: 3
[1365170.144420] tee (1377263): drop_caches: 3
[1365175.444171] tee (1377268): drop_caches: 3
[1365180.209054] tee (1377293): drop_caches: 3
[1365185.490806] tee (1377304): drop_caches: 3
[1365190.473498] tee (1377308): drop_caches: 3
[1365195.437508] tee (1377312): drop_caches: 3
[1365200.405218] tee (1377316): drop_caches: 3
[1365205.498670] tee (1377320): drop_caches: 3
[1365210.242095] tee (1377342): drop_caches: 3
[1365215.758547] tee (1377356): drop_caches: 3
[1365220.782065] tee (1377360): drop_caches: 3
[1365225.791159] tee (1377364): drop_caches: 3
[1365230.780756] tee (1377368): drop_caches: 3
[1365235.861692] tee (1377372): drop_caches: 3
[1365241.104924] tee (1377378): drop_caches: 3
[1365246.069354] tee (1377390): drop_caches: 3
[1365250.803592] tee (1377395): drop_caches: 3
[1365255.801849] tee (1377399): drop_caches: 3
[1365260.769115] tee (1377403): drop_caches: 3
[1365265.671291] tee (1377409): drop_caches: 3
[1365270.612838] tee (1377413): drop_caches: 3
[1365274.960686] tee (1377425): drop_caches: 3
[1365279.946483] tee (1377431): drop_caches: 3
[1365285.336815] tee (1377438): drop_caches: 3
[1365291.828166] tee (1377474): drop_caches: 3
[1365298.248463] tee (1377507): drop_caches: 3
[1365305.609079] tee (1377553): drop_caches: 3
[1365315.696082] tee (1377606): drop_caches: 3
[1365323.937904] tee (1377665): drop_caches: 3
[1365333.320659] tee (1377686): drop_caches: 3
[1365338.807102] tee (1377698): drop_caches: 3
[1365343.878530] tee (1377704): drop_caches: 3
[1365349.334847] tee (1377733): drop_caches: 3
[1365354.324262] tee (1377749): drop_caches: 3
[1365359.666149] tee (1377763): drop_caches: 3
[1365365.050296] tee (1377769): drop_caches: 3
[1365370.743799] tee (1377782): drop_caches: 3
[1365376.371069] tee (1377787): drop_caches: 3
[1365381.261551] tee (1377793): drop_caches: 3
[1365386.149226] tee (1377797): drop_caches: 3
[1365391.053159] tee (1377801): drop_caches: 3
[1365396.253016] tee (1377810): drop_caches: 3
[1365401.447710] tee (1377818): drop_caches: 3
[1365406.944146] tee (1377824): drop_caches: 3
[1365411.878410] tee (1377828): drop_caches: 3
[1365417.211870] tee (1377832): drop_caches: 3
[1365422.143897] tee (1377836): drop_caches: 3
[1365427.249206] tee (1377845): drop_caches: 3
[1365432.383781] tee (1377852): drop_caches: 3
[1365437.636607] tee (1377858): drop_caches: 3
[1365442.575868] tee (1377862): drop_caches: 3
[1365447.514265] tee (1377866): drop_caches: 3
[1365452.388596] tee (1377870): drop_caches: 3
[1365457.682979] tee (1377886): drop_caches: 3
[1365462.752388] tee (1377892): drop_caches: 3
[1365467.196572] tee (1377899): drop_caches: 3
[1365472.309570] tee (1377910): drop_caches: 3
[1365477.264213] tee (1377914): drop_caches: 3
[1365482.196635] tee (1377918): drop_caches: 3
[1365487.093262] tee (1377923): drop_caches: 3
[1365492.012680] tee (1377934): drop_caches: 3
[1365496.450020] tee (1377941): drop_caches: 3
[1365501.458715] tee (1377945): drop_caches: 3
[1365506.339449] tee (1377949): drop_caches: 3
[1365511.360118] tee (1377953): drop_caches: 3
[1365516.258663] tee (1377962): drop_caches: 3
[1365521.320759] tee (1377972): drop_caches: 3
[1365525.721969] tee (1377980): drop_caches: 3
[1365530.909304] tee (1377984): drop_caches: 3
[1365535.835823] tee (1377988): drop_caches: 3
[1365540.807868] tee (1377992): drop_caches: 3
[1365545.715578] tee (1378003): drop_caches: 3
[1365550.688232] tee (1378012): drop_caches: 3
[1365555.819455] tee (1378019): drop_caches: 3
[1365560.921034] tee (1378025): drop_caches: 3
[1365565.826090] tee (1378031): drop_caches: 3
[1365570.731338] tee (1378035): drop_caches: 3
[1365575.732779] tee (1378046): drop_caches: 3
[1365580.740276] tee (1378055): drop_caches: 3
[1365585.527016] tee (1378065): drop_caches: 3
[1365589.858787] tee (1378072): drop_caches: 3
[1365594.994834] tee (1378076): drop_caches: 3
[1365599.912801] tee (1378080): drop_caches: 3
[1365604.788376] tee (1378084): drop_caches: 3
[1365609.721733] tee (1378093): drop_caches: 3
[1365614.669131] tee (1378099): drop_caches: 3
[1365619.029738] tee (1378106): drop_caches: 3
[1365624.047086] tee (1378110): drop_caches: 3
[1365628.891216] tee (1378114): drop_caches: 3
[1365633.814387] tee (1378118): drop_caches: 3
[1365638.874813] tee (1378124): drop_caches: 3
[1365644.082863] tee (1378133): drop_caches: 3
[1365648.451870] tee (1378145): drop_caches: 3
[1365653.599508] tee (1378152): drop_caches: 3
[1365658.699708] tee (1378157): drop_caches: 3
[1365663.738574] tee (1378161): drop_caches: 3
[1365668.723425] tee (1378167): drop_caches: 3
[1365673.773885] tee (1378178): drop_caches: 3
[1365678.780942] tee (1378189): drop_caches: 3
[1365683.184542] tee (1378196): drop_caches: 3
[1365688.382427] tee (1378201): drop_caches: 3
[1365693.400082] tee (1378205): drop_caches: 3
[1365698.357006] tee (1378209): drop_caches: 3
[1365703.604241] tee (1378220): drop_caches: 3
[1365708.646817] tee (1378231): drop_caches: 3
[1365713.071025] tee (1378238): drop_caches: 3
[1365718.240206] tee (1378243): drop_caches: 3
[1365723.434150] tee (1378247): drop_caches: 3
[1365728.529695] tee (1378251): drop_caches: 3
[1365733.757872] tee (1378262): drop_caches: 3
[1365738.789279] tee (1378273): drop_caches: 3
[1365743.216169] tee (1378280): drop_caches: 3
[1365748.371916] tee (1378285): drop_caches: 3
[1365753.288046] tee (1378289): drop_caches: 3
[1365758.228411] tee (1378293): drop_caches: 3
[1365763.233196] tee (1378302): drop_caches: 3
[1365768.265861] tee (1378308): drop_caches: 3
[1365772.679456] tee (1378315): drop_caches: 3
[1365777.806504] tee (1378319): drop_caches: 3
[1365782.671262] tee (1378323): drop_caches: 3
[1365787.566886] tee (1378327): drop_caches: 3
[1365792.483491] tee (1378336): drop_caches: 3
[1365797.478200] tee (1378342): drop_caches: 3
[1365802.470280] tee (1378347): drop_caches: 3
[1365807.327359] tee (1378353): drop_caches: 3
[1365812.633124] tee (1378364): drop_caches: 3
[1365817.654172] tee (1378374): drop_caches: 3
[1365822.674700] tee (1378383): drop_caches: 3
[1365827.708282] tee (1378389): drop_caches: 3
[1365832.800893] tee (1378393): drop_caches: 3
[1365837.294103] tee (1378400): drop_caches: 3
[1365842.369387] tee (1378411): drop_caches: 3
[1365847.295182] tee (1378415): drop_caches: 3
[1365852.293100] tee (1378424): drop_caches: 3
[1365857.320165] tee (1378430): drop_caches: 3
[1365862.313696] tee (1378436): drop_caches: 3
[1365866.674224] tee (1378443): drop_caches: 3
[1365871.862672] tee (1378454): drop_caches: 3
[1365876.802075] tee (1378458): drop_caches: 3
[1365881.928838] tee (1378466): drop_caches: 3
[1365886.740900] tee (1378493): drop_caches: 3
[1365893.211112] tee (1378548): drop_caches: 3
[1365898.133967] tee (1378555): drop_caches: 3
[1365905.746783] tee (1378559): drop_caches: 3
[1365912.254216] tee (1378568): drop_caches: 3
[1365917.719713] tee (1378605): drop_caches: 3
[1365922.714299] tee (1378609): drop_caches: 3
[1365928.127061] tee (1378615): drop_caches: 3
[1365933.229090] tee (1378628): drop_caches: 3
[1365938.203894] tee (1378632): drop_caches: 3
[1365943.145628] tee (1378636): drop_caches: 3
[1365948.166269] tee (1378647): drop_caches: 3
[1365953.108456] tee (1378651): drop_caches: 3
[1365958.009874] tee (1378655): drop_caches: 3
[1365962.787837] tee (1378663): drop_caches: 3
[1365967.775474] tee (1378667): drop_caches: 3
[1365972.820728] tee (1378673): drop_caches: 3
[1365977.865422] tee (1378684): drop_caches: 3
[1365982.793905] tee (1378688): drop_caches: 3
[1365987.750992] tee (1378692): drop_caches: 3
[1365992.157580] tee (1378699): drop_caches: 3
[1365997.151669] tee (1378703): drop_caches: 3
[1366002.113965] tee (1378707): drop_caches: 3
[1366007.083406] tee (1378718): drop_caches: 3
[1366012.018449] tee (1378722): drop_caches: 3
[1366016.874838] tee (1378726): drop_caches: 3
[1366021.626918] tee (1378732): drop_caches: 3
[1366026.673083] tee (1378744): drop_caches: 3
[1366031.667752] tee (1378748): drop_caches: 3
[1366036.884749] tee (1378759): drop_caches: 3
[1366041.799344] tee (1378763): drop_caches: 3
[1366046.649662] tee (1378767): drop_caches: 3
[1366051.668065] tee (1378771): drop_caches: 3
[1366056.060833] tee (1378785): drop_caches: 3
[1366061.030870] tee (1378789): drop_caches: 3
[1366066.019080] tee (1378798): drop_caches: 3
[1366070.975846] tee (1378804): drop_caches: 3
[1366075.906159] tee (1378808): drop_caches: 3
[1366081.159060] tee (1378812): drop_caches: 3
[1366085.461392] tee (1378826): drop_caches: 3
[1366090.407135] tee (1378830): drop_caches: 3
[1366095.596274] tee (1378839): drop_caches: 3
[1366100.492965] tee (1378845): drop_caches: 3
[1366105.389148] tee (1378849): drop_caches: 3
[1366110.316092] tee (1378853): drop_caches: 3
[1366114.697860] tee (1378872): drop_caches: 3
[1366119.915819] tee (1378877): drop_caches: 3
[1366125.038985] tee (1378881): drop_caches: 3
[1366129.990077] tee (1378892): drop_caches: 3
[1366134.891087] tee (1378897): drop_caches: 3
[1366139.779211] tee (1378901): drop_caches: 3
[1366144.802753] tee (1378912): drop_caches: 3
[1366149.237963] tee (1378919): drop_caches: 3
[1366154.207610] tee (1378923): drop_caches: 3
[1366159.144919] tee (1378934): drop_caches: 3
[1366164.114040] tee (1378940): drop_caches: 3
[1366169.054512] tee (1378944): drop_caches: 3
[1366174.056465] tee (1378948): drop_caches: 3
[1366178.360113] tee (1378955): drop_caches: 3
[1366183.372142] tee (1378959): drop_caches: 3
[1366188.301658] tee (1378973): drop_caches: 3
[1366193.196045] tee (1378977): drop_caches: 3
[1366198.154724] tee (1378981): drop_caches: 3
[1366203.057702] tee (1378985): drop_caches: 3
[1366207.779636] tee (1378991): drop_caches: 3
[1366213.006217] tee (1378996): drop_caches: 3
[1366217.964915] tee (1379005): drop_caches: 3
[1366222.902785] tee (1379018): drop_caches: 3
[1366227.835580] tee (1379022): drop_caches: 3
[1366232.727532] tee (1379026): drop_caches: 3
[1366237.748754] tee (1379030): drop_caches: 3
[1366242.252513] tee (1379037): drop_caches: 3
[1366247.609588] tee (1379046): drop_caches: 3
[1366252.617777] tee (1379059): drop_caches: 3
[1366257.721022] tee (1379063): drop_caches: 3
[1366262.578514] tee (1379068): drop_caches: 3
[1366267.546670] tee (1379072): drop_caches: 3
[1366271.997742] tee (1379079): drop_caches: 3
[1366277.003831] tee (1379085): drop_caches: 3
[1366282.158425] tee (1379096): drop_caches: 3
[1366287.076791] tee (1379107): drop_caches: 3
[1366292.029038] tee (1379111): drop_caches: 3
[1366297.079976] tee (1379115): drop_caches: 3
[1366301.400262] tee (1379122): drop_caches: 3
[1366306.265653] tee (1379137): drop_caches: 3
[1366312.641231] tee (1379161): drop_caches: 3
[1366318.591260] tee (1379165): drop_caches: 3
[1366324.638484] tee (1379169): drop_caches: 3
[1366330.450885] tee (1379173): drop_caches: 3
[1366335.433888] tee (1379180): drop_caches: 3
[1366341.275515] tee (1379191): drop_caches: 3
[1366347.154160] tee (1379202): drop_caches: 3
[1366353.084783] tee (1379206): drop_caches: 3
[1366358.908922] tee (1379210): drop_caches: 3
[1366365.034778] tee (1379215): drop_caches: 3
[1366371.163849] tee (1379232): drop_caches: 3
[1366377.989535] tee (1379243): drop_caches: 3
[1366383.775136] tee (1379248): drop_caches: 3
[1366389.523800] tee (1379252): drop_caches: 3
[1366395.428788] tee (1379256): drop_caches: 3
[1366400.413082] tee (1379268): drop_caches: 3
[1366406.765187] tee (1379281): drop_caches: 3
[1366412.587727] tee (1379286): drop_caches: 3
[1366417.780487] tee (1379296): drop_caches: 3
[1366422.829875] tee (1379300): drop_caches: 3
[1366427.854022] tee (1379304): drop_caches: 3
[1366432.185396] tee (1379319): drop_caches: 3
[1366437.556398] tee (1379330): drop_caches: 3
[1366442.627900] tee (1379334): drop_caches: 3
[1366447.931950] tee (1379338): drop_caches: 3
[1366452.998592] tee (1379342): drop_caches: 3
[1366457.976383] tee (1379346): drop_caches: 3
[1366462.325992] tee (1379362): drop_caches: 3
[1366467.428119] tee (1379366): drop_caches: 3
[1366472.352369] tee (1379370): drop_caches: 3
[1366477.282914] tee (1379374): drop_caches: 3
[1366482.331901] tee (1379378): drop_caches: 3
[1366487.155607] tee (1379429): drop_caches: 3
[1366492.342174] tee (1379465): drop_caches: 3
[1366499.336532] tee (1379471): drop_caches: 3
[1366506.439049] tee (1379475): drop_caches: 3
[1366512.398605] tee (1379484): drop_caches: 3
[1366517.616273] tee (1379514): drop_caches: 3
[1366522.697221] tee (1379531): drop_caches: 3
[1366527.756520] tee (1379539): drop_caches: 3
[1366532.699173] tee (1379543): drop_caches: 3
[1366537.625392] tee (1379547): drop_caches: 3
[1366542.754166] tee (1379551): drop_caches: 3
[1366547.706318] tee (1379555): drop_caches: 3
[1366552.758236] tee (1379571): drop_caches: 3
[1366557.109435] tee (1379580): drop_caches: 3
[1366562.351012] tee (1379584): drop_caches: 3
[1366567.325805] tee (1379588): drop_caches: 3
[1366572.390793] tee (1379592): drop_caches: 3
[1366577.756684] tee (1379598): drop_caches: 3
[1366582.792404] tee (1379607): drop_caches: 3
[1366587.275958] tee (1379616): drop_caches: 3
[1366592.155209] tee (1379620): drop_caches: 3
[1366597.100025] tee (1379624): drop_caches: 3
[1366602.099970] tee (1379628): drop_caches: 3
[1366606.973835] tee (1379632): drop_caches: 3
[1366611.947522] tee (1379641): drop_caches: 3
[1366616.299793] tee (1379657): drop_caches: 3
[1366621.281303] tee (1379661): drop_caches: 3
[1366626.204554] tee (1379665): drop_caches: 3
[1366631.041235] tee (1379669): drop_caches: 3
[1366636.120346] tee (1379673): drop_caches: 3
[1366641.021479] tee (1379677): drop_caches: 3
[1366646.042461] tee (1379695): drop_caches: 3
[1366650.330485] tee (1379702): drop_caches: 3
[1366655.404153] tee (1379706): drop_caches: 3
[1366660.544836] tee (1379710): drop_caches: 3
[1366665.542932] tee (1379714): drop_caches: 3
[1366670.456666] tee (1379718): drop_caches: 3
[1366675.630678] tee (1379736): drop_caches: 3
[1366679.977542] tee (1379743): drop_caches: 3
[1366684.980535] tee (1379747): drop_caches: 3
[1366689.797444] tee (1379751): drop_caches: 3
[1366694.741470] tee (1379755): drop_caches: 3
[1366699.685837] tee (1379759): drop_caches: 3
[1366704.632578] tee (1379775): drop_caches: 3
[1366709.065118] tee (1379784): drop_caches: 3
[1366714.047937] tee (1379793): drop_caches: 3
[1366718.925666] tee (1379797): drop_caches: 3
[1366724.065462] tee (1379801): drop_caches: 3
[1366728.912707] tee (1379805): drop_caches: 3
[1366733.812986] tee (1379821): drop_caches: 3
[1366738.798054] tee (1379829): drop_caches: 3
[1366743.545988] tee (1379835): drop_caches: 3
[1366748.703583] tee (1379839): drop_caches: 3
[1366753.700668] tee (1379843): drop_caches: 3
[1366758.788169] tee (1379847): drop_caches: 3
[1366763.720878] tee (1379865): drop_caches: 3
[1366768.664518] tee (1379871): drop_caches: 3
[1366773.078676] tee (1379878): drop_caches: 3
[1366778.190164] tee (1379882): drop_caches: 3
[1366783.296901] tee (1379886): drop_caches: 3
[1366788.165911] tee (1379893): drop_caches: 3
[1366793.046876] tee (1379901): drop_caches: 3
[1366798.063715] tee (1379908): drop_caches: 3
[1366802.453583] tee (1379915): drop_caches: 3
[1366807.434416] tee (1379919): drop_caches: 3
[1366812.338357] tee (1379923): drop_caches: 3
[1366817.334009] tee (1379928): drop_caches: 3
[1366822.213084] tee (1379932): drop_caches: 3
[1366827.214911] tee (1379950): drop_caches: 3
[1366831.521885] tee (1379957): drop_caches: 3
[1366836.712121] tee (1379961): drop_caches: 3
[1366841.662540] tee (1379965): drop_caches: 3
[1366847.153061] tee (1379969): drop_caches: 3
[1366852.072246] tee (1379973): drop_caches: 3
[1366857.341504] tee (1379991): drop_caches: 3
[1366862.194880] tee (1379998): drop_caches: 3
[1366867.206104] tee (1380003): drop_caches: 3
[1366872.117628] tee (1380007): drop_caches: 3
[1366877.497819] tee (1380011): drop_caches: 3
[1366882.502039] tee (1380017): drop_caches: 3
[1366887.823544] tee (1380028): drop_caches: 3
[1366892.934689] tee (1380034): drop_caches: 3
[1366897.993710] tee (1380040): drop_caches: 3
[1366902.963918] tee (1380044): drop_caches: 3
[1366908.044646] tee (1380048): drop_caches: 3
[1366912.976549] tee (1380059): drop_caches: 3
[1366918.170576] tee (1380070): drop_caches: 3
[1366923.243583] tee (1380074): drop_caches: 3
[1366927.773304] tee (1380081): drop_caches: 3
[1366932.885047] tee (1380085): drop_caches: 3
[1366938.362226] tee (1380089): drop_caches: 3
[1366943.235051] tee (1380100): drop_caches: 3
[1366948.481622] tee (1380110): drop_caches: 3
[1366953.490366] tee (1380115): drop_caches: 3
[1366957.865078] tee (1380122): drop_caches: 3
[1366962.822992] tee (1380126): drop_caches: 3
[1366968.122192] tee (1380130): drop_caches: 3
[1366973.153545] tee (1380134): drop_caches: 3
[1366978.102100] tee (1380143): drop_caches: 3
[1366983.179481] tee (1380150): drop_caches: 3
[1366987.573314] tee (1380157): drop_caches: 3
[1366992.526169] tee (1380161): drop_caches: 3
[1366997.693583] tee (1380165): drop_caches: 3
[1367002.888291] tee (1380176): drop_caches: 3
[1367007.975454] tee (1380185): drop_caches: 3
[1367013.484601] tee (1380197): drop_caches: 3
[1367017.805922] tee (1380204): drop_caches: 3
[1367022.822088] tee (1380208): drop_caches: 3
[1367027.732130] tee (1380212): drop_caches: 3
[1367032.787874] tee (1380223): drop_caches: 3
[1367037.787092] tee (1380232): drop_caches: 3
[1367042.712190] tee (1380238): drop_caches: 3
[1367048.102774] tee (1380243): drop_caches: 3
[1367053.158369] tee (1380249): drop_caches: 3
[1367058.042258] tee (1380253): drop_caches: 3
[1367063.118219] tee (1380259): drop_caches: 3
[1367068.276978] tee (1380268): drop_caches: 3
[1367073.317421] tee (1380274): drop_caches: 3
[1367078.316458] tee (1380278): drop_caches: 3
[1367082.704012] tee (1380285): drop_caches: 3
[1367087.828944] tee (1380319): drop_caches: 3
[1367095.740981] tee (1380358): drop_caches: 3
[1367103.829411] tee (1380408): drop_caches: 3
[1367114.458784] tee (1380472): drop_caches: 3
[1367123.853706] tee (1380526): drop_caches: 3
[1367131.424515] tee (1380546): drop_caches: 3
[1367136.522196] tee (1380562): drop_caches: 3
[1367141.558680] tee (1380570): drop_caches: 3
[1367147.027291] tee (1380588): drop_caches: 3
[1367151.815542] tee (1380606): drop_caches: 3
[1367157.350164] tee (1380622): drop_caches: 3
[1367162.523986] tee (1380646): drop_caches: 3
[1367167.549593] tee (1380654): drop_caches: 3
[1367172.612734] tee (1380658): drop_caches: 3
[1367177.461803] tee (1380667): drop_caches: 3
[1367181.837222] tee (1380674): drop_caches: 3
[1367186.836039] tee (1380682): drop_caches: 3
[1367191.809566] tee (1380693): drop_caches: 3
[1367196.725568] tee (1380697): drop_caches: 3
[1367201.614543] tee (1380701): drop_caches: 3
[1367206.579162] tee (1380705): drop_caches: 3
[1367210.930435] tee (1380712): drop_caches: 3
[1367216.021766] tee (1380716): drop_caches: 3
[1367221.012614] tee (1380725): drop_caches: 3
[1367226.182964] tee (1380731): drop_caches: 3
[1367231.022415] tee (1380742): drop_caches: 3
[1367235.978204] tee (1380746): drop_caches: 3
[1367241.058456] tee (1380752): drop_caches: 3
[1367246.188697] tee (1380757): drop_caches: 3
[1367251.057735] tee (1380769): drop_caches: 3
[1367256.054044] tee (1380775): drop_caches: 3
[1367260.979761] tee (1380786): drop_caches: 3
[1367265.898439] tee (1380790): drop_caches: 3
[1367270.973264] tee (1380794): drop_caches: 3
[1367275.371398] tee (1380801): drop_caches: 3
[1367280.951683] tee (1380818): drop_caches: 3
[1367286.094242] tee (1380824): drop_caches: 3
[1367290.978917] tee (1380828): drop_caches: 3
[1367295.936241] tee (1380832): drop_caches: 3
[1367300.862219] tee (1380836): drop_caches: 3
[1367305.280339] tee (1380843): drop_caches: 3
[1367310.380536] tee (1380847): drop_caches: 3
[1367315.871148] tee (1380864): drop_caches: 3
[1367354.680775] tee (1380882): drop_caches: 3
[1367373.529735] mix-mixR-fixed50-1373329 phase=B END
[1367373.537063] mix-mixR-fixed50-1373329 phase=C START
[1369175.469156] mix-mixR-fixed50-1373329 phase=C END
[1369175.640686] NVMeVirt: Measurement: command=stop epoch=1 host_bytes=887288680448 learner_active=0
[1369219.706976] EXT4-fs (nvme0n1): unmounting filesystem 121b9b74-69d2-4755-838b-14c4ae9d769e.
[1369220.000497] pci_bus 0001:10: busn_res: [bus 10-ff] is released
[1369220.000591] NVMeVirt: GC stats: ns=0 policy=cat-fig7-fixed host_pages=216623213 gc_pages=232527003 gc_count=7017972 WAF=2.073 warmup_gc=100-per-part
[1369220.070800] NVMeVirt: Virtual NVMe device closed
