[955032.547036] mix-mixM-fixed10-206443 BEGIN
[955032.558251] NVMeVirt: Version 1.10 for >> Samsung 970 Pro SSD <<
[955032.558258] NVMeVirt: Storage: 0x100100000-0x300000000 (8191 MiB)
[955032.569552] NVMeVirt: Total Capacity(GiB,MiB)=2,2048 chs=2 luns=4 lines=8192 blk-size(MiB,KiB)=0,64 line-size(MiB,KiB)=0,256
[955032.581651] NVMeVirt: [chmodel_init] bandwidth 800 max_credits 26 tx_time 152
[955032.592517] NVMeVirt: [chmodel_init] bandwidth 800 max_credits 26 tx_time 152
[955032.592532] NVMeVirt: [chmodel_init] bandwidth 3360 max_credits 110 tx_time 36
[955032.592535] NVMeVirt: Fixed CAT init ns=0 part=0 arm=10 k=2 scale_pct=200 age_ratio=7
[955032.593764] NVMeVirt: pqueue: Copyright (c) 2014, Volkan Yazıcı <volkan.yazici@gmail.com>. All rights reserved.
[955032.593803] NVMeVirt: Init FTL instance with 2 channels (524288 pages)
[955032.593805] NVMeVirt: GC victim policy: cat-fig7-fixed ns=0 part=0 initial_k=2 initial_scale_pct=200 initial_age_ratio=7 warmup_gc=100
[955032.604355] NVMeVirt: [chmodel_init] bandwidth 800 max_credits 26 tx_time 152
[955032.615109] NVMeVirt: [chmodel_init] bandwidth 800 max_credits 26 tx_time 152
[955032.615124] NVMeVirt: [chmodel_init] bandwidth 3360 max_credits 110 tx_time 36
[955032.615126] NVMeVirt: Fixed CAT init ns=0 part=1 arm=10 k=2 scale_pct=200 age_ratio=7
[955032.616367] NVMeVirt: Init FTL instance with 2 channels (524288 pages)
[955032.616370] NVMeVirt: GC victim policy: cat-fig7-fixed ns=0 part=1 initial_k=2 initial_scale_pct=200 initial_age_ratio=7 warmup_gc=100
[955032.627215] NVMeVirt: [chmodel_init] bandwidth 800 max_credits 26 tx_time 152
[955032.637781] NVMeVirt: [chmodel_init] bandwidth 800 max_credits 26 tx_time 152
[955032.637796] NVMeVirt: [chmodel_init] bandwidth 3360 max_credits 110 tx_time 36
[955032.637798] NVMeVirt: Fixed CAT init ns=0 part=2 arm=10 k=2 scale_pct=200 age_ratio=7
[955032.639121] NVMeVirt: Init FTL instance with 2 channels (524288 pages)
[955032.639124] NVMeVirt: GC victim policy: cat-fig7-fixed ns=0 part=2 initial_k=2 initial_scale_pct=200 initial_age_ratio=7 warmup_gc=100
[955032.649468] NVMeVirt: [chmodel_init] bandwidth 800 max_credits 26 tx_time 152
[955032.659347] NVMeVirt: [chmodel_init] bandwidth 800 max_credits 26 tx_time 152
[955032.659361] NVMeVirt: [chmodel_init] bandwidth 3360 max_credits 110 tx_time 36
[955032.659363] NVMeVirt: Fixed CAT init ns=0 part=3 arm=10 k=2 scale_pct=200 age_ratio=7
[955032.660674] NVMeVirt: Init FTL instance with 2 channels (524288 pages)
[955032.660678] NVMeVirt: GC victim policy: cat-fig7-fixed ns=0 part=3 initial_k=2 initial_scale_pct=200 initial_age_ratio=7 warmup_gc=100
[955032.660684] NVMeVirt: FTL physical space: 8588886016, logical space: 8026996276 (physical/logical * 100 = 107)
[955032.660686] NVMeVirt: ns 0/1: size 7655 MiB
[955032.660736] PCI host bridge to bus 0001:10
[955032.660738] pci_bus 0001:10: root bus resource [io  0x0000-0xffff]
[955032.660741] pci_bus 0001:10: root bus resource [mem 0x00000000-0x7fffffffff]
[955032.660743] pci_bus 0001:10: root bus resource [bus 00-ff]
[955032.660765] pci 0001:10:00.0: [0c51:0110] type 00 class 0x010802 PCIe Endpoint
[955032.660769] pci 0001:10:00.0: BAR 0 [mem 0x100000000-0x100003fff 64bit]
[955032.660771] pci 0001:10:00.0: enabling Extended Tags
[955032.660898] NVMeVirt: Virtual PCI bus created (node 0)
[955032.661263] NVMeVirt: nvmev_dispatcher started on cpu 1 (node 0)
[955032.661298] NVMeVirt: Virtual NVMe device created
[955032.661320] NVMeVirt: nvmev_io_worker_0 started on cpu 2 (node 0)
[955032.661489] nvme nvme0: pci function 0001:10:00.0
[955032.663911] nvme nvme0: 8/0/0 default/read/poll queues
[955032.738948] EXT4-fs (nvme0n1): mounted filesystem cefcceba-baaf-440a-863e-1d052fb29283 r/w with ordered data mode. Quota mode: none.
[955114.783831] NVMeVirt: Fixed CAT init ns=0 part=0 arm=10 k=2 scale_pct=200 age_ratio=7
[955114.783838] NVMeVirt: Fixed CAT init ns=0 part=1 arm=10 k=2 scale_pct=200 age_ratio=7
[955114.783841] NVMeVirt: Fixed CAT init ns=0 part=2 arm=10 k=2 scale_pct=200 age_ratio=7
[955114.783843] NVMeVirt: Fixed CAT init ns=0 part=3 arm=10 k=2 scale_pct=200 age_ratio=7
[955114.783845] NVMeVirt: Measurement: command=start epoch=1 host_bytes=0 learner_active=1
[955114.793373] mix-mixM-fixed10-206443 phase=A START
[955114.801018] mix-mixM-fixed10-206443 phase=A step=1
[955235.110497] mix-mixM-fixed10-206443 phase=A step=2
[955355.414563] mix-mixM-fixed10-206443 phase=A step=3
[955475.720524] mix-mixM-fixed10-206443 phase=A step=4
[955596.026018] mix-mixM-fixed10-206443 phase=A step=5
[955716.342080] mix-mixM-fixed10-206443 phase=A END
[955716.348451] NVMeVirt: Measurement: command=stop epoch=1 host_bytes=73730068480 learner_active=0
[955716.418343] EXT4-fs (nvme0n1): unmounting filesystem cefcceba-baaf-440a-863e-1d052fb29283.
[955716.481050] pci_bus 0001:10: busn_res: [bus 10-ff] is released
[955716.481187] NVMeVirt: GC stats: ns=0 policy=cat-fig7-fixed host_pages=18000505 gc_pages=21513975 gc_count=617414 WAF=2.195 warmup_gc=100-per-part
[955716.557346] NVMeVirt: Virtual NVMe device closed
