[778251.922416] mix-mixK-greedy-4011300 BEGIN
[778251.956049] NVMeVirt: Version 1.10 for >> Samsung 970 Pro SSD <<
[778251.956055] NVMeVirt: Storage: 0x100100000-0x300000000 (8191 MiB)
[778251.967194] NVMeVirt: Total Capacity(GiB,MiB)=2,2048 chs=2 luns=4 lines=8192 blk-size(MiB,KiB)=0,64 line-size(MiB,KiB)=0,256
[778251.979042] NVMeVirt: [chmodel_init] bandwidth 800 max_credits 26 tx_time 152
[778251.990224] NVMeVirt: [chmodel_init] bandwidth 800 max_credits 26 tx_time 152
[778251.990240] NVMeVirt: [chmodel_init] bandwidth 3360 max_credits 110 tx_time 36
[778251.990242] NVMeVirt: Fixed CAT init ns=0 part=0 arm=37 k=7 scale_pct=100 age_ratio=7
[778251.991122] NVMeVirt: pqueue: Copyright (c) 2014, Volkan Yazıcı <volkan.yazici@gmail.com>. All rights reserved.
[778251.991174] NVMeVirt: Init FTL instance with 2 channels (524288 pages)
[778251.991177] NVMeVirt: GC victim policy: greedy ns=0 part=0 initial_k=7 initial_scale_pct=100 initial_age_ratio=7 warmup_gc=100
[778252.002182] NVMeVirt: [chmodel_init] bandwidth 800 max_credits 26 tx_time 152
[778252.013181] NVMeVirt: [chmodel_init] bandwidth 800 max_credits 26 tx_time 152
[778252.013198] NVMeVirt: [chmodel_init] bandwidth 3360 max_credits 110 tx_time 36
[778252.013200] NVMeVirt: Fixed CAT init ns=0 part=1 arm=37 k=7 scale_pct=100 age_ratio=7
[778252.014305] NVMeVirt: Init FTL instance with 2 channels (524288 pages)
[778252.014310] NVMeVirt: GC victim policy: greedy ns=0 part=1 initial_k=7 initial_scale_pct=100 initial_age_ratio=7 warmup_gc=100
[778252.024721] NVMeVirt: [chmodel_init] bandwidth 800 max_credits 26 tx_time 152
[778252.034968] NVMeVirt: [chmodel_init] bandwidth 800 max_credits 26 tx_time 152
[778252.034982] NVMeVirt: [chmodel_init] bandwidth 3360 max_credits 110 tx_time 36
[778252.034984] NVMeVirt: Fixed CAT init ns=0 part=2 arm=37 k=7 scale_pct=100 age_ratio=7
[778252.035964] NVMeVirt: Init FTL instance with 2 channels (524288 pages)
[778252.035967] NVMeVirt: GC victim policy: greedy ns=0 part=2 initial_k=7 initial_scale_pct=100 initial_age_ratio=7 warmup_gc=100
[778252.046820] NVMeVirt: [chmodel_init] bandwidth 800 max_credits 26 tx_time 152
[778252.057462] NVMeVirt: [chmodel_init] bandwidth 800 max_credits 26 tx_time 152
[778252.057476] NVMeVirt: [chmodel_init] bandwidth 3360 max_credits 110 tx_time 36
[778252.057478] NVMeVirt: Fixed CAT init ns=0 part=3 arm=37 k=7 scale_pct=100 age_ratio=7
[778252.058481] NVMeVirt: Init FTL instance with 2 channels (524288 pages)
[778252.058483] NVMeVirt: GC victim policy: greedy ns=0 part=3 initial_k=7 initial_scale_pct=100 initial_age_ratio=7 warmup_gc=100
[778252.058490] NVMeVirt: FTL physical space: 8588886016, logical space: 8026996276 (physical/logical * 100 = 107)
[778252.058491] NVMeVirt: ns 0/1: size 7655 MiB
[778252.058542] PCI host bridge to bus 0001:10
[778252.058544] pci_bus 0001:10: root bus resource [io  0x0000-0xffff]
[778252.058546] pci_bus 0001:10: root bus resource [mem 0x00000000-0x7fffffffff]
[778252.058566] pci_bus 0001:10: root bus resource [bus 00-ff]
[778252.058577] pci 0001:10:00.0: [0c51:0110] type 00 class 0x010802 PCIe Endpoint
[778252.058581] pci 0001:10:00.0: BAR 0 [mem 0x100000000-0x100003fff 64bit]
[778252.058584] pci 0001:10:00.0: enabling Extended Tags
[778252.058707] NVMeVirt: Virtual PCI bus created (node 0)
[778252.059074] NVMeVirt: Virtual NVMe device created
[778252.059076] NVMeVirt: nvmev_dispatcher started on cpu 1 (node 0)
[778252.059272] nvme nvme0: pci function 0001:10:00.0
[778252.061116] NVMeVirt: nvmev_io_worker_0 started on cpu 2 (node 0)
[778252.061687] nvme nvme0: 8/0/0 default/read/poll queues
[778252.517521] EXT4-fs (nvme0n1): mounted filesystem 1481e9c4-d216-4e42-991b-90560e1b53b2 r/w with ordered data mode. Quota mode: none.
[778334.627614] NVMeVirt: Fixed CAT init ns=0 part=0 arm=37 k=7 scale_pct=100 age_ratio=7
[778334.627620] NVMeVirt: Fixed CAT init ns=0 part=1 arm=37 k=7 scale_pct=100 age_ratio=7
[778334.627622] NVMeVirt: Fixed CAT init ns=0 part=2 arm=37 k=7 scale_pct=100 age_ratio=7
[778334.627623] NVMeVirt: Fixed CAT init ns=0 part=3 arm=37 k=7 scale_pct=100 age_ratio=7
[778334.627625] NVMeVirt: Measurement: command=start epoch=1 host_bytes=0 learner_active=1
[778334.636830] mix-mixK-greedy-4011300 phase=A START
[778934.960895] mix-mixK-greedy-4011300 phase=A END
[778934.968040] mix-mixK-greedy-4011300 phase=B START
[779535.319203] mix-mixK-greedy-4011300 phase=B END
[779535.322352] NVMeVirt: Measurement: command=stop epoch=1 host_bytes=196616105984 learner_active=0
[779535.373552] EXT4-fs (nvme0n1): unmounting filesystem 1481e9c4-d216-4e42-991b-90560e1b53b2.
[779535.442688] pci_bus 0001:10: busn_res: [bus 10-ff] is released
[779535.442784] NVMeVirt: GC stats: ns=0 policy=greedy host_pages=48001979 gc_pages=64162024 gc_count=1752562 WAF=2.336 warmup_gc=100-per-part
[779535.518863] NVMeVirt: Virtual NVMe device closed
