[862719.872847] mix-mixK-fixed10-4146850 BEGIN
[862719.886624] NVMeVirt: Version 1.10 for >> Samsung 970 Pro SSD <<
[862719.886633] NVMeVirt: Storage: 0x100100000-0x300000000 (8191 MiB)
[862719.898230] NVMeVirt: Total Capacity(GiB,MiB)=2,2048 chs=2 luns=4 lines=8192 blk-size(MiB,KiB)=0,64 line-size(MiB,KiB)=0,256
[862719.909844] NVMeVirt: [chmodel_init] bandwidth 800 max_credits 26 tx_time 152
[862719.921569] NVMeVirt: [chmodel_init] bandwidth 800 max_credits 26 tx_time 152
[862719.921592] NVMeVirt: [chmodel_init] bandwidth 3360 max_credits 110 tx_time 36
[862719.921594] NVMeVirt: Fixed CAT init ns=0 part=0 arm=10 k=2 scale_pct=200 age_ratio=7
[862719.923219] NVMeVirt: pqueue: Copyright (c) 2014, Volkan Yazıcı <volkan.yazici@gmail.com>. All rights reserved.
[862719.923304] NVMeVirt: Init FTL instance with 2 channels (524288 pages)
[862719.923307] NVMeVirt: GC victim policy: cat-fig7-fixed ns=0 part=0 initial_k=2 initial_scale_pct=200 initial_age_ratio=7 warmup_gc=100
[862719.933692] NVMeVirt: [chmodel_init] bandwidth 800 max_credits 26 tx_time 152
[862719.943978] NVMeVirt: [chmodel_init] bandwidth 800 max_credits 26 tx_time 152
[862719.943993] NVMeVirt: [chmodel_init] bandwidth 3360 max_credits 110 tx_time 36
[862719.943995] NVMeVirt: Fixed CAT init ns=0 part=1 arm=10 k=2 scale_pct=200 age_ratio=7
[862719.945218] NVMeVirt: Init FTL instance with 2 channels (524288 pages)
[862719.945221] NVMeVirt: GC victim policy: cat-fig7-fixed ns=0 part=1 initial_k=2 initial_scale_pct=200 initial_age_ratio=7 warmup_gc=100
[862719.956920] NVMeVirt: [chmodel_init] bandwidth 800 max_credits 26 tx_time 152
[862719.967322] NVMeVirt: [chmodel_init] bandwidth 800 max_credits 26 tx_time 152
[862719.967337] NVMeVirt: [chmodel_init] bandwidth 3360 max_credits 110 tx_time 36
[862719.967339] NVMeVirt: Fixed CAT init ns=0 part=2 arm=10 k=2 scale_pct=200 age_ratio=7
[862719.968653] NVMeVirt: Init FTL instance with 2 channels (524288 pages)
[862719.968656] NVMeVirt: GC victim policy: cat-fig7-fixed ns=0 part=2 initial_k=2 initial_scale_pct=200 initial_age_ratio=7 warmup_gc=100
[862719.978850] NVMeVirt: [chmodel_init] bandwidth 800 max_credits 26 tx_time 152
[862719.990352] NVMeVirt: [chmodel_init] bandwidth 800 max_credits 26 tx_time 152
[862719.990369] NVMeVirt: [chmodel_init] bandwidth 3360 max_credits 110 tx_time 36
[862719.990371] NVMeVirt: Fixed CAT init ns=0 part=3 arm=10 k=2 scale_pct=200 age_ratio=7
[862719.991859] NVMeVirt: Init FTL instance with 2 channels (524288 pages)
[862719.991863] NVMeVirt: GC victim policy: cat-fig7-fixed ns=0 part=3 initial_k=2 initial_scale_pct=200 initial_age_ratio=7 warmup_gc=100
[862719.991870] NVMeVirt: FTL physical space: 8588886016, logical space: 8026996276 (physical/logical * 100 = 107)
[862719.991872] NVMeVirt: ns 0/1: size 7655 MiB
[862719.991931] PCI host bridge to bus 0001:10
[862719.991933] pci_bus 0001:10: root bus resource [io  0x0000-0xffff]
[862719.991936] pci_bus 0001:10: root bus resource [mem 0x00000000-0x7fffffffff]
[862719.991939] pci_bus 0001:10: root bus resource [bus 00-ff]
[862719.991947] pci 0001:10:00.0: [0c51:0110] type 00 class 0x010802 PCIe Endpoint
[862719.991951] pci 0001:10:00.0: BAR 0 [mem 0x100000000-0x100003fff 64bit]
[862719.991954] pci 0001:10:00.0: enabling Extended Tags
[862719.992112] NVMeVirt: Virtual PCI bus created (node 0)
[862719.992372] NVMeVirt: nvmev_io_worker_0 started on cpu 2 (node 0)
[862719.992401] NVMeVirt: nvmev_dispatcher started on cpu 1 (node 0)
[862719.992450] NVMeVirt: Virtual NVMe device created
[862719.994291] nvme nvme0: pci function 0001:10:00.0
[862719.996913] nvme nvme0: 8/0/0 default/read/poll queues
[862720.073095] EXT4-fs (nvme0n1): mounted filesystem 3d9998d3-2f6d-4036-bdef-577556665ca1 r/w with ordered data mode. Quota mode: none.
[862802.084784] NVMeVirt: Fixed CAT init ns=0 part=0 arm=10 k=2 scale_pct=200 age_ratio=7
[862802.084793] NVMeVirt: Fixed CAT init ns=0 part=1 arm=10 k=2 scale_pct=200 age_ratio=7
[862802.084795] NVMeVirt: Fixed CAT init ns=0 part=2 arm=10 k=2 scale_pct=200 age_ratio=7
[862802.084798] NVMeVirt: Fixed CAT init ns=0 part=3 arm=10 k=2 scale_pct=200 age_ratio=7
[862802.084800] NVMeVirt: Measurement: command=start epoch=1 host_bytes=0 learner_active=1
[862802.093436] mix-mixK-fixed10-4146850 phase=A START
[863402.410185] mix-mixK-fixed10-4146850 phase=A END
[863402.417328] mix-mixK-fixed10-4146850 phase=B START
[864002.731568] mix-mixK-fixed10-4146850 phase=B END
[864002.734772] NVMeVirt: Measurement: command=stop epoch=1 host_bytes=196616142848 learner_active=0
[864002.789438] EXT4-fs (nvme0n1): unmounting filesystem 3d9998d3-2f6d-4036-bdef-577556665ca1.
[864002.845248] pci_bus 0001:10: busn_res: [bus 10-ff] is released
[864002.845318] NVMeVirt: GC stats: ns=0 policy=cat-fig7-fixed host_pages=48001988 gc_pages=64737195 gc_count=1761549 WAF=2.348 warmup_gc=100-per-part
[864002.920640] NVMeVirt: Virtual NVMe device closed
