[2130485.981688] mix-mixV-fixed47-88889 BEGIN
[2130486.093736] NVMeVirt: Version 1.10 for >> Samsung 970 Pro SSD <<
[2130486.093743] NVMeVirt: Storage: 0x100100000-0x300000000 (8191 MiB)
[2130486.104431] NVMeVirt: Total Capacity(GiB,MiB)=2,2048 chs=2 luns=4 lines=8192 blk-size(MiB,KiB)=0,64 line-size(MiB,KiB)=0,256
[2130486.116887] NVMeVirt: [chmodel_init] bandwidth 800 max_credits 26 tx_time 152
[2130486.128027] NVMeVirt: [chmodel_init] bandwidth 800 max_credits 26 tx_time 152
[2130486.128042] NVMeVirt: [chmodel_init] bandwidth 3360 max_credits 110 tx_time 36
[2130486.128044] NVMeVirt: Fixed CAT init ns=0 part=0 arm=47 k=10 scale_pct=25 age_ratio=16
[2130486.128957] NVMeVirt: pqueue: Copyright (c) 2014, Volkan Yazıcı <volkan.yazici@gmail.com>. All rights reserved.
[2130486.128995] NVMeVirt: Init FTL instance with 2 channels (524288 pages)
[2130486.128997] NVMeVirt: GC victim policy: cat-fig7-fixed ns=0 part=0 initial_k=10 initial_scale_pct=25 initial_age_ratio=16 warmup_gc=100
[2130486.141037] NVMeVirt: [chmodel_init] bandwidth 800 max_credits 26 tx_time 152
[2130486.152566] NVMeVirt: [chmodel_init] bandwidth 800 max_credits 26 tx_time 152
[2130486.152581] NVMeVirt: [chmodel_init] bandwidth 3360 max_credits 110 tx_time 36
[2130486.152584] NVMeVirt: Fixed CAT init ns=0 part=1 arm=47 k=10 scale_pct=25 age_ratio=16
[2130486.153653] NVMeVirt: Init FTL instance with 2 channels (524288 pages)
[2130486.153656] NVMeVirt: GC victim policy: cat-fig7-fixed ns=0 part=1 initial_k=10 initial_scale_pct=25 initial_age_ratio=16 warmup_gc=100
[2130486.164555] NVMeVirt: [chmodel_init] bandwidth 800 max_credits 26 tx_time 152
[2130486.175827] NVMeVirt: [chmodel_init] bandwidth 800 max_credits 26 tx_time 152
[2130486.175851] NVMeVirt: [chmodel_init] bandwidth 3360 max_credits 110 tx_time 36
[2130486.175854] NVMeVirt: Fixed CAT init ns=0 part=2 arm=47 k=10 scale_pct=25 age_ratio=16
[2130486.177485] NVMeVirt: Init FTL instance with 2 channels (524288 pages)
[2130486.177489] NVMeVirt: GC victim policy: cat-fig7-fixed ns=0 part=2 initial_k=10 initial_scale_pct=25 initial_age_ratio=16 warmup_gc=100
[2130486.188253] NVMeVirt: [chmodel_init] bandwidth 800 max_credits 26 tx_time 152
[2130486.198620] NVMeVirt: [chmodel_init] bandwidth 800 max_credits 26 tx_time 152
[2130486.198635] NVMeVirt: [chmodel_init] bandwidth 3360 max_credits 110 tx_time 36
[2130486.198637] NVMeVirt: Fixed CAT init ns=0 part=3 arm=47 k=10 scale_pct=25 age_ratio=16
[2130486.199619] NVMeVirt: Init FTL instance with 2 channels (524288 pages)
[2130486.199622] NVMeVirt: GC victim policy: cat-fig7-fixed ns=0 part=3 initial_k=10 initial_scale_pct=25 initial_age_ratio=16 warmup_gc=100
[2130486.199628] NVMeVirt: FTL physical space: 8588886016, logical space: 8026996276 (physical/logical * 100 = 107)
[2130486.199630] NVMeVirt: ns 0/1: size 7655 MiB
[2130486.199726] PCI host bridge to bus 0001:10
[2130486.199729] pci_bus 0001:10: root bus resource [io  0x0000-0xffff]
[2130486.199732] pci_bus 0001:10: root bus resource [mem 0x00000000-0x7fffffffff]
[2130486.199735] pci_bus 0001:10: root bus resource [bus 00-ff]
[2130486.199743] pci 0001:10:00.0: [0c51:0110] type 00 class 0x010802 PCIe Endpoint
[2130486.199748] pci 0001:10:00.0: BAR 0 [mem 0x100000000-0x100003fff 64bit]
[2130486.199750] pci 0001:10:00.0: enabling Extended Tags
[2130486.199907] NVMeVirt: Virtual PCI bus created (node 0)
[2130486.200224] NVMeVirt: nvmev_io_worker_0 started on cpu 2 (node 0)
[2130486.200354] NVMeVirt: nvmev_dispatcher started on cpu 1 (node 0)
[2130486.200359] NVMeVirt: Virtual NVMe device created
[2130486.201108] nvme nvme0: pci function 0001:10:00.0
[2130486.203576] nvme nvme0: 8/0/0 default/read/poll queues
[2130487.773423] EXT4-fs (nvme0n1): mounted filesystem 7b53097d-3579-400f-83c6-e957a5f7c9cf r/w with ordered data mode. Quota mode: none.
[2130503.335372] NVMeVirt: Fixed CAT init ns=0 part=0 arm=47 k=10 scale_pct=25 age_ratio=16
[2130503.335378] NVMeVirt: Fixed CAT init ns=0 part=1 arm=47 k=10 scale_pct=25 age_ratio=16
[2130503.335381] NVMeVirt: Fixed CAT init ns=0 part=2 arm=47 k=10 scale_pct=25 age_ratio=16
[2130503.335384] NVMeVirt: Fixed CAT init ns=0 part=3 arm=47 k=10 scale_pct=25 age_ratio=16
[2130503.335386] NVMeVirt: Measurement: command=start epoch=1 host_bytes=0 learner_active=1
[2130503.348906] mix-mixV-fixed47-88889 phase=A START
[2130503.360381] mix-mixV-fixed47-88889 phase=A LOAD
[2130506.619986] mix-mixV-fixed47-88889 phase=A RUN
[2130510.891809] tee (90728): drop_caches: 3
[2130514.181197] mix-mixV-fixed47-88889 phase=A END
[2130514.664020] mix-mixV-fixed47-88889 phase=B START
[2130548.758885] mix-mixV-fixed47-88889 phase=B chunk=1/4 done
[2130582.117000] mix-mixV-fixed47-88889 phase=B chunk=2/4 done
[2130615.554845] mix-mixV-fixed47-88889 phase=B chunk=3/4 done
[2130648.812386] mix-mixV-fixed47-88889 phase=B chunk=4/4 done
[2130649.172687] mix-mixV-fixed47-88889 phase=B END
[2130649.211683] mix-mixV-fixed47-88889 phase=C START
[2130771.341885] mix-mixV-fixed47-88889 phase=C chunk=1/1 done
[2130771.761608] mix-mixV-fixed47-88889 phase=C END
[2130771.771575] mix-mixV-fixed47-88889 phase=D START
[2130771.799437] mix-mixV-fixed47-88889 phase=D RUN
[2130775.995247] tee (100831): drop_caches: 3
[2130777.631915] mix-mixV-fixed47-88889 phase=D END
[2130777.837714] mix-mixV-fixed47-88889 phase=E START
[2130777.857451] mix-mixV-fixed47-88889 phase=E RUN
[2130781.898940] tee (100918): drop_caches: 3
[2130789.402152] tee (100959): drop_caches: 3
[2130795.151566] mix-mixV-fixed47-88889 phase=E END
[2130801.517224] mix-mixV-fixed47-88889 phase=F START
[2130817.908131] mix-mixV-fixed47-88889 phase=F END
[2130818.042225] mix-mixV-fixed47-88889 phase=G START
[2130940.311368] mix-mixV-fixed47-88889 phase=G chunk=1/1 done
[2130940.755282] mix-mixV-fixed47-88889 phase=G END
[2130946.262284] mix-mixV-fixed47-88889 phase=H START
[2130946.319075] mix-mixV-fixed47-88889 phase=H LOAD
[2130949.172410] mix-mixV-fixed47-88889 phase=H RUN
[2130953.300906] tee (101660): drop_caches: 3
[2130957.782781] mix-mixV-fixed47-88889 phase=H END
[2130958.307419] mix-mixV-fixed47-88889 phase=I START
[2130992.775781] mix-mixV-fixed47-88889 phase=I chunk=1/4 done
[2131026.073277] mix-mixV-fixed47-88889 phase=I chunk=2/4 done
[2131059.381988] mix-mixV-fixed47-88889 phase=I chunk=3/4 done
[2131092.634371] mix-mixV-fixed47-88889 phase=I chunk=4/4 done
[2131092.884868] mix-mixV-fixed47-88889 phase=I END
[2131092.909901] NVMeVirt: Measurement: command=stop epoch=1 host_bytes=200789127168 learner_active=0
[2131093.319460] EXT4-fs (nvme0n1): unmounting filesystem 7b53097d-3579-400f-83c6-e957a5f7c9cf.
[2131093.571606] pci_bus 0001:10: busn_res: [bus 10-ff] is released
[2131093.571700] NVMeVirt: GC stats: ns=0 policy=cat-fig7-fixed host_pages=49020783 gc_pages=9940729 gc_count=916412 WAF=1.202 warmup_gc=100-per-part
[2131093.642840] NVMeVirt: Virtual NVMe device closed
