[1791579.695743] mix-mixH-arm46-2491955 BEGIN
[1791579.782778] NVMeVirt: Version 1.10 for >> Samsung 970 Pro SSD <<
[1791579.782785] NVMeVirt: Storage: 0x100100000-0x300000000 (8191 MiB)
[1791579.793128] NVMeVirt: Total Capacity(GiB,MiB)=2,2048 chs=2 luns=4 lines=8192 blk-size(MiB,KiB)=0,64 line-size(MiB,KiB)=0,256
[1791579.804611] NVMeVirt: [chmodel_init] bandwidth 800 max_credits 26 tx_time 152
[1791579.816497] NVMeVirt: [chmodel_init] bandwidth 800 max_credits 26 tx_time 152
[1791579.816512] NVMeVirt: [chmodel_init] bandwidth 3360 max_credits 110 tx_time 36
[1791579.816514] NVMeVirt: Fixed CAT init ns=0 part=0 arm=46 k=10 scale_pct=25 age_ratio=7
[1791579.817519] NVMeVirt: pqueue: Copyright (c) 2014, Volkan Yazıcı <volkan.yazici@gmail.com>. All rights reserved.
[1791579.817557] NVMeVirt: Init FTL instance with 2 channels (524288 pages)
[1791579.817559] NVMeVirt: GC victim policy: cat-fig7-fixed ns=0 part=0 initial_k=10 initial_scale_pct=25 initial_age_ratio=7 warmup_gc=100
[1791579.829537] NVMeVirt: [chmodel_init] bandwidth 800 max_credits 26 tx_time 152
[1791579.840388] NVMeVirt: [chmodel_init] bandwidth 800 max_credits 26 tx_time 152
[1791579.840403] NVMeVirt: [chmodel_init] bandwidth 3360 max_credits 110 tx_time 36
[1791579.840406] NVMeVirt: Fixed CAT init ns=0 part=1 arm=46 k=10 scale_pct=25 age_ratio=7
[1791579.841418] NVMeVirt: Init FTL instance with 2 channels (524288 pages)
[1791579.841421] NVMeVirt: GC victim policy: cat-fig7-fixed ns=0 part=1 initial_k=10 initial_scale_pct=25 initial_age_ratio=7 warmup_gc=100
[1791579.852314] NVMeVirt: [chmodel_init] bandwidth 800 max_credits 26 tx_time 152
[1791579.863097] NVMeVirt: [chmodel_init] bandwidth 800 max_credits 26 tx_time 152
[1791579.863112] NVMeVirt: [chmodel_init] bandwidth 3360 max_credits 110 tx_time 36
[1791579.863114] NVMeVirt: Fixed CAT init ns=0 part=2 arm=46 k=10 scale_pct=25 age_ratio=7
[1791579.864024] NVMeVirt: Init FTL instance with 2 channels (524288 pages)
[1791579.864027] NVMeVirt: GC victim policy: cat-fig7-fixed ns=0 part=2 initial_k=10 initial_scale_pct=25 initial_age_ratio=7 warmup_gc=100
[1791579.874717] NVMeVirt: [chmodel_init] bandwidth 800 max_credits 26 tx_time 152
[1791579.885165] NVMeVirt: [chmodel_init] bandwidth 800 max_credits 26 tx_time 152
[1791579.885179] NVMeVirt: [chmodel_init] bandwidth 3360 max_credits 110 tx_time 36
[1791579.885181] NVMeVirt: Fixed CAT init ns=0 part=3 arm=46 k=10 scale_pct=25 age_ratio=7
[1791579.886113] NVMeVirt: Init FTL instance with 2 channels (524288 pages)
[1791579.886115] NVMeVirt: GC victim policy: cat-fig7-fixed ns=0 part=3 initial_k=10 initial_scale_pct=25 initial_age_ratio=7 warmup_gc=100
[1791579.886124] NVMeVirt: FTL physical space: 8588886016, logical space: 8026996276 (physical/logical * 100 = 107)
[1791579.886126] NVMeVirt: ns 0/1: size 7655 MiB
[1791579.886180] PCI host bridge to bus 0001:10
[1791579.886183] pci_bus 0001:10: root bus resource [io  0x0000-0xffff]
[1791579.886185] pci_bus 0001:10: root bus resource [mem 0x00000000-0x7fffffffff]
[1791579.886188] pci_bus 0001:10: root bus resource [bus 00-ff]
[1791579.886195] pci 0001:10:00.0: [0c51:0110] type 00 class 0x010802 PCIe Endpoint
[1791579.886200] pci 0001:10:00.0: BAR 0 [mem 0x100000000-0x100003fff 64bit]
[1791579.886202] pci 0001:10:00.0: enabling Extended Tags
[1791579.886327] NVMeVirt: Virtual PCI bus created (node 0)
[1791579.886618] NVMeVirt: nvmev_io_worker_0 started on cpu 2 (node 0)
[1791579.886748] NVMeVirt: nvmev_dispatcher started on cpu 1 (node 0)
[1791579.886762] NVMeVirt: Virtual NVMe device created
[1791579.887012] nvme nvme0: pci function 0001:10:00.0
[1791579.889837] nvme nvme0: 8/0/0 default/read/poll queues
[1791580.346486] EXT4-fs (nvme0n1): mounted filesystem 98550f5a-f11d-46a4-a129-623224b731a9 r/w with ordered data mode. Quota mode: none.
[1791662.615710] NVMeVirt: Fixed CAT init ns=0 part=0 arm=46 k=10 scale_pct=25 age_ratio=7
[1791662.615717] NVMeVirt: Fixed CAT init ns=0 part=1 arm=46 k=10 scale_pct=25 age_ratio=7
[1791662.615720] NVMeVirt: Fixed CAT init ns=0 part=2 arm=46 k=10 scale_pct=25 age_ratio=7
[1791662.615722] NVMeVirt: Fixed CAT init ns=0 part=3 arm=46 k=10 scale_pct=25 age_ratio=7
[1791662.615724] NVMeVirt: Measurement: command=start epoch=1 host_bytes=0 learner_active=1
[1791662.624992] mix-mixH-arm46-2491955 phase=A START
[1793463.010097] mix-mixH-arm46-2491955 phase=A END
[1793463.018215] mix-mixH-arm46-2491955 phase=B START
[1795263.367167] mix-mixH-arm46-2491955 phase=B END
[1795263.377363] mix-mixH-arm46-2491955 phase=C START
[1795263.389467] mix-mixH-arm46-2491955 phase=C LOAD
[1795293.266771] mix-mixH-arm46-2491955 phase=C RUN
[1795297.811952] tee (2499052): drop_caches: 3
[1795303.249506] tee (2499068): drop_caches: 3
[1795307.782300] tee (2499081): drop_caches: 3
[1795312.996277] tee (2499090): drop_caches: 3
[1795318.038705] tee (2499100): drop_caches: 3
[1795323.145698] tee (2499109): drop_caches: 3
[1795328.279372] tee (2499120): drop_caches: 3
[1795333.900295] tee (2499136): drop_caches: 3
[1795338.724297] tee (2499148): drop_caches: 3
[1795344.257110] tee (2499159): drop_caches: 3
[1795349.644437] tee (2499172): drop_caches: 3
[1795355.050632] tee (2499181): drop_caches: 3
[1795360.307857] tee (2499190): drop_caches: 3
[1795365.559493] tee (2499204): drop_caches: 3
[1795370.472025] tee (2499233): drop_caches: 3
[1795376.681288] tee (2499243): drop_caches: 3
[1795382.467382] tee (2499252): drop_caches: 3
[1795387.532352] tee (2499261): drop_caches: 3
[1795392.692471] tee (2499275): drop_caches: 3
[1795397.190406] tee (2499288): drop_caches: 3
[1795402.341854] tee (2499297): drop_caches: 3
[1795407.515394] tee (2499306): drop_caches: 3
[1795412.574472] tee (2499315): drop_caches: 3
[1795417.648591] tee (2499324): drop_caches: 3
[1795422.876238] tee (2499338): drop_caches: 3
[1795427.932252] tee (2499350): drop_caches: 3
[1795433.032189] tee (2499366): drop_caches: 3
[1795438.088250] tee (2499375): drop_caches: 3
[1795443.198996] tee (2499385): drop_caches: 3
[1795448.283050] tee (2499394): drop_caches: 3
[1795453.535164] tee (2499408): drop_caches: 3
[1795458.983124] tee (2499419): drop_caches: 3
[1795464.391216] tee (2499432): drop_caches: 3
[1795469.871920] tee (2499445): drop_caches: 3
[1795475.063701] tee (2499454): drop_caches: 3
[1795480.459017] tee (2499463): drop_caches: 3
[1795485.766668] tee (2499477): drop_caches: 3
[1795490.335275] tee (2499499): drop_caches: 3
[1795498.649947] tee (2499551): drop_caches: 3
[1795505.491619] tee (2499590): drop_caches: 3
[1795513.572862] tee (2499631): drop_caches: 3
[1795524.431689] tee (2499701): drop_caches: 3
[1795532.345958] tee (2499762): drop_caches: 3
[1795543.212915] tee (2499791): drop_caches: 3
[1795549.095205] tee (2499801): drop_caches: 3
[1795554.601846] tee (2499814): drop_caches: 3
[1795559.014992] tee (2499825): drop_caches: 3
[1795564.370033] tee (2499836): drop_caches: 3
[1795569.815206] tee (2499847): drop_caches: 3
[1795575.326353] tee (2499861): drop_caches: 3
[1795581.259340] tee (2499872): drop_caches: 3
[1795586.435988] tee (2499885): drop_caches: 3
[1795590.887718] tee (2499900): drop_caches: 3
[1795596.331202] tee (2499911): drop_caches: 3
[1795602.183641] tee (2499946): drop_caches: 3
[1795609.610714] tee (2499972): drop_caches: 3
[1795615.169961] tee (2499992): drop_caches: 3
[1795620.068639] tee (2500006): drop_caches: 3
[1795625.493126] tee (2500018): drop_caches: 3
[1795630.798530] tee (2500029): drop_caches: 3
[1795636.065594] tee (2500046): drop_caches: 3
[1795641.294618] tee (2500072): drop_caches: 3
[1795646.520887] tee (2500081): drop_caches: 3
[1795651.614217] tee (2500091): drop_caches: 3
[1795656.871227] tee (2500102): drop_caches: 3
[1795661.956802] tee (2500111): drop_caches: 3
[1795667.029695] tee (2500125): drop_caches: 3
[1795672.137223] tee (2500134): drop_caches: 3
[1795677.232632] tee (2500143): drop_caches: 3
[1795682.482236] tee (2500154): drop_caches: 3
[1795687.695489] tee (2500164): drop_caches: 3
[1795692.981202] tee (2500173): drop_caches: 3
[1795698.112679] tee (2500188): drop_caches: 3
[1795703.288315] tee (2500197): drop_caches: 3
[1795708.408620] tee (2500206): drop_caches: 3
[1795713.646286] tee (2500217): drop_caches: 3
[1795719.056006] tee (2500228): drop_caches: 3
[1795724.370177] tee (2500238): drop_caches: 3
[1795729.751534] tee (2500255): drop_caches: 3
[1795735.106874] tee (2500269): drop_caches: 3
[1795740.197765] tee (2500279): drop_caches: 3
[1795745.053628] tee (2500289): drop_caches: 3
[1795750.494298] tee (2500300): drop_caches: 3
[1795755.842673] tee (2500314): drop_caches: 3
[1795761.026209] tee (2500323): drop_caches: 3
[1795766.138357] tee (2500332): drop_caches: 3
[1795771.217220] tee (2500343): drop_caches: 3
[1795776.400033] tee (2500353): drop_caches: 3
[1795781.669233] tee (2500364): drop_caches: 3
[1795786.797121] tee (2500378): drop_caches: 3
[1795791.599040] tee (2500390): drop_caches: 3
[1795796.694908] tee (2500399): drop_caches: 3
[1795801.770041] tee (2500409): drop_caches: 3
[1795806.926604] tee (2500418): drop_caches: 3
[1795811.588255] tee (2500430): drop_caches: 3
[1795816.810063] tee (2500444): drop_caches: 3
[1795821.915097] tee (2500453): drop_caches: 3
[1795827.041415] tee (2500462): drop_caches: 3
[1795832.106399] tee (2500471): drop_caches: 3
[1795837.260499] tee (2500480): drop_caches: 3
[1795841.729837] tee (2500493): drop_caches: 3
[1795846.903744] tee (2500507): drop_caches: 3
[1795852.037857] tee (2500516): drop_caches: 3
[1795857.295242] tee (2500525): drop_caches: 3
[1795862.310304] tee (2500536): drop_caches: 3
[1795867.537889] tee (2500546): drop_caches: 3
[1795872.034787] tee (2500558): drop_caches: 3
[1795877.137537] tee (2500572): drop_caches: 3
[1795882.397890] tee (2500581): drop_caches: 3
[1795887.655147] tee (2500590): drop_caches: 3
[1795893.189743] tee (2500600): drop_caches: 3
[1795898.327332] tee (2500609): drop_caches: 3
[1795902.676519] tee (2500621): drop_caches: 3
[1795907.823817] tee (2500635): drop_caches: 3
[1795912.923604] tee (2500661): drop_caches: 3
[1795918.064301] tee (2500670): drop_caches: 3
[1795923.270743] tee (2500679): drop_caches: 3
[1795928.563506] tee (2500690): drop_caches: 3
[1795933.005662] tee (2500702): drop_caches: 3
[1795938.707441] tee (2500719): drop_caches: 3
[1795944.201915] tee (2500729): drop_caches: 3
[1795949.843553] tee (2500742): drop_caches: 3
[1795955.260782] tee (2500751): drop_caches: 3
[1795960.598239] tee (2500760): drop_caches: 3
[1795965.138529] tee (2500780): drop_caches: 3
[1795970.569222] tee (2500794): drop_caches: 3
[1795995.117234] tee (2500834): drop_caches: 3
[1796003.115348] tee (2500862): drop_caches: 3
[1796008.991959] tee (2500866): drop_caches: 3
[1796014.549134] tee (2500870): drop_caches: 3
[1796019.164519] tee (2500907): drop_caches: 3
[1796025.178975] tee (2500915): drop_caches: 3
[1796031.121557] tee (2500967): drop_caches: 3
[1796037.741325] tee (2501000): drop_caches: 3
[1796043.934073] tee (2501024): drop_caches: 3
[1796049.423393] tee (2501047): drop_caches: 3
[1796054.967973] tee (2501051): drop_caches: 3
[1796060.422221] tee (2501069): drop_caches: 3
[1796065.153945] tee (2501078): drop_caches: 3
[1796070.449152] tee (2501082): drop_caches: 3
[1796075.594739] tee (2501107): drop_caches: 3
[1796080.962257] tee (2501120): drop_caches: 3
[1796086.317538] tee (2501130): drop_caches: 3
[1796092.011563] tee (2501158): drop_caches: 3
[1796097.622140] tee (2501197): drop_caches: 3
[1796104.481646] tee (2501225): drop_caches: 3
[1796110.189385] tee (2501257): drop_caches: 3
[1796115.684040] tee (2501270): drop_caches: 3
[1796121.707399] tee (2501282): drop_caches: 3
[1796129.510055] tee (2501314): drop_caches: 3
[1796137.190681] tee (2501340): drop_caches: 3
[1796142.634326] tee (2501344): drop_caches: 3
[1796148.151599] tee (2501348): drop_caches: 3
[1796153.509717] tee (2501357): drop_caches: 3
[1796159.128738] tee (2501363): drop_caches: 3
[1796163.655588] tee (2501395): drop_caches: 3
[1796172.579445] tee (2501440): drop_caches: 3
[1796177.915946] tee (2501472): drop_caches: 3
[1796183.315688] tee (2501498): drop_caches: 3
[1796189.025294] tee (2501509): drop_caches: 3
[1796193.846402] tee (2501518): drop_caches: 3
[1796199.579851] tee (2501523): drop_caches: 3
[1796204.974734] tee (2501527): drop_caches: 3
[1796210.247530] tee (2501531): drop_caches: 3
[1796215.367944] tee (2501540): drop_caches: 3
[1796220.539050] tee (2501545): drop_caches: 3
[1796226.821295] tee (2501562): drop_caches: 3
[1796232.598886] tee (2501587): drop_caches: 3
[1796237.953018] tee (2501595): drop_caches: 3
[1796243.332659] tee (2501620): drop_caches: 3
[1796248.946333] tee (2501624): drop_caches: 3
[1796254.220862] tee (2501628): drop_caches: 3
[1796258.682863] tee (2501635): drop_caches: 3
[1796273.433699] tee (2501647): drop_caches: 3
[1796280.529602] mix-mixH-arm46-2491955 phase=C END
[1796280.949972] NVMeVirt: Measurement: command=stop epoch=1 host_bytes=457701343232 learner_active=0
[1796290.446196] EXT4-fs (nvme0n1): unmounting filesystem 98550f5a-f11d-46a4-a129-623224b731a9.
[1796290.734287] pci_bus 0001:10: busn_res: [bus 10-ff] is released
[1796290.734334] NVMeVirt: GC stats: ns=0 policy=cat-fig7-fixed host_pages=111743492 gc_pages=80968702 gc_count=3011128 WAF=1.724 warmup_gc=100-per-part
[1796290.807188] NVMeVirt: Virtual NVMe device closed
