[1739023.685229] mix-mixQ-arm30-2331156 BEGIN
[1739023.772137] NVMeVirt: Version 1.10 for >> Samsung 970 Pro SSD <<
[1739023.772143] NVMeVirt: Storage: 0x100100000-0x300000000 (8191 MiB)
[1739023.782929] NVMeVirt: Total Capacity(GiB,MiB)=2,2048 chs=2 luns=4 lines=8192 blk-size(MiB,KiB)=0,64 line-size(MiB,KiB)=0,256
[1739023.794287] NVMeVirt: [chmodel_init] bandwidth 800 max_credits 26 tx_time 152
[1739023.806052] NVMeVirt: [chmodel_init] bandwidth 800 max_credits 26 tx_time 152
[1739023.806066] NVMeVirt: [chmodel_init] bandwidth 3360 max_credits 110 tx_time 36
[1739023.806068] NVMeVirt: Fixed CAT init ns=0 part=0 arm=30 k=7 scale_pct=25 age_ratio=4
[1739023.807278] NVMeVirt: pqueue: Copyright (c) 2014, Volkan Yazıcı <volkan.yazici@gmail.com>. All rights reserved.
[1739023.807315] NVMeVirt: Init FTL instance with 2 channels (524288 pages)
[1739023.807316] NVMeVirt: GC victim policy: cat-fig7-fixed ns=0 part=0 initial_k=7 initial_scale_pct=25 initial_age_ratio=4 warmup_gc=100
[1739023.817552] NVMeVirt: [chmodel_init] bandwidth 800 max_credits 26 tx_time 152
[1739023.827717] NVMeVirt: [chmodel_init] bandwidth 800 max_credits 26 tx_time 152
[1739023.827731] NVMeVirt: [chmodel_init] bandwidth 3360 max_credits 110 tx_time 36
[1739023.827733] NVMeVirt: Fixed CAT init ns=0 part=1 arm=30 k=7 scale_pct=25 age_ratio=4
[1739023.829079] NVMeVirt: Init FTL instance with 2 channels (524288 pages)
[1739023.829082] NVMeVirt: GC victim policy: cat-fig7-fixed ns=0 part=1 initial_k=7 initial_scale_pct=25 initial_age_ratio=4 warmup_gc=100
[1739023.839665] NVMeVirt: [chmodel_init] bandwidth 800 max_credits 26 tx_time 152
[1739023.850255] NVMeVirt: [chmodel_init] bandwidth 800 max_credits 26 tx_time 152
[1739023.850269] NVMeVirt: [chmodel_init] bandwidth 3360 max_credits 110 tx_time 36
[1739023.850271] NVMeVirt: Fixed CAT init ns=0 part=2 arm=30 k=7 scale_pct=25 age_ratio=4
[1739023.851667] NVMeVirt: Init FTL instance with 2 channels (524288 pages)
[1739023.851670] NVMeVirt: GC victim policy: cat-fig7-fixed ns=0 part=2 initial_k=7 initial_scale_pct=25 initial_age_ratio=4 warmup_gc=100
[1739023.862222] NVMeVirt: [chmodel_init] bandwidth 800 max_credits 26 tx_time 152
[1739023.872995] NVMeVirt: [chmodel_init] bandwidth 800 max_credits 26 tx_time 152
[1739023.873010] NVMeVirt: [chmodel_init] bandwidth 3360 max_credits 110 tx_time 36
[1739023.873012] NVMeVirt: Fixed CAT init ns=0 part=3 arm=30 k=7 scale_pct=25 age_ratio=4
[1739023.874291] NVMeVirt: Init FTL instance with 2 channels (524288 pages)
[1739023.874294] NVMeVirt: GC victim policy: cat-fig7-fixed ns=0 part=3 initial_k=7 initial_scale_pct=25 initial_age_ratio=4 warmup_gc=100
[1739023.874300] NVMeVirt: FTL physical space: 8588886016, logical space: 8026996276 (physical/logical * 100 = 107)
[1739023.874302] NVMeVirt: ns 0/1: size 7655 MiB
[1739023.874352] PCI host bridge to bus 0001:10
[1739023.874354] pci_bus 0001:10: root bus resource [io  0x0000-0xffff]
[1739023.874356] pci_bus 0001:10: root bus resource [mem 0x00000000-0x7fffffffff]
[1739023.874358] pci_bus 0001:10: root bus resource [bus 00-ff]
[1739023.874380] pci 0001:10:00.0: [0c51:0110] type 00 class 0x010802 PCIe Endpoint
[1739023.874384] pci 0001:10:00.0: BAR 0 [mem 0x100000000-0x100003fff 64bit]
[1739023.874387] pci 0001:10:00.0: enabling Extended Tags
[1739023.874510] NVMeVirt: Virtual PCI bus created (node 0)
[1739023.874795] NVMeVirt: nvmev_io_worker_0 started on cpu 2 (node 0)
[1739023.874827] NVMeVirt: nvmev_dispatcher started on cpu 1 (node 0)
[1739023.874851] NVMeVirt: Virtual NVMe device created
[1739023.875034] nvme nvme0: pci function 0001:10:00.0
[1739023.877744] nvme nvme0: 8/0/0 default/read/poll queues
[1739024.335428] EXT4-fs (nvme0n1): mounted filesystem 22b1605c-ea4b-43f7-a362-852e9f1af154 r/w with ordered data mode. Quota mode: none.
[1739106.831526] NVMeVirt: Fixed CAT init ns=0 part=0 arm=30 k=7 scale_pct=25 age_ratio=4
[1739106.831534] NVMeVirt: Fixed CAT init ns=0 part=1 arm=30 k=7 scale_pct=25 age_ratio=4
[1739106.831537] NVMeVirt: Fixed CAT init ns=0 part=2 arm=30 k=7 scale_pct=25 age_ratio=4
[1739106.831539] NVMeVirt: Fixed CAT init ns=0 part=3 arm=30 k=7 scale_pct=25 age_ratio=4
[1739106.831541] NVMeVirt: Measurement: command=start epoch=1 host_bytes=0 learner_active=1
[1739106.840859] mix-mixQ-arm30-2331156 phase=A START
[1739407.178518] mix-mixQ-arm30-2331156 phase=A END
[1739407.186812] mix-mixQ-arm30-2331156 phase=B START idle=300
[1739707.203070] mix-mixQ-arm30-2331156 phase=B END
[1739707.210986] mix-mixQ-arm30-2331156 phase=C START
[1740007.520902] mix-mixQ-arm30-2331156 phase=C END
[1740007.524196] NVMeVirt: Measurement: command=stop epoch=1 host_bytes=98306711552 learner_active=0
[1740007.630461] EXT4-fs (nvme0n1): unmounting filesystem 22b1605c-ea4b-43f7-a362-852e9f1af154.
[1740007.706297] pci_bus 0001:10: busn_res: [bus 10-ff] is released
[1740007.706420] NVMeVirt: GC stats: ns=0 policy=cat-fig7-fixed host_pages=24000662 gc_pages=19052181 gc_count=672701 WAF=1.793 warmup_gc=100-per-part
[1740007.789294] NVMeVirt: Virtual NVMe device closed
