[242206.312628] NVMeVirt: Version 1.10 for >> Samsung 970 Pro SSD <<
[242206.312642] NVMeVirt: Storage: 0x100100000-0x300000000 (8191 MiB)
[242206.320916] NVMeVirt: Total Capacity(GiB,MiB)=2,2048 chs=2 luns=4 lines=8192 blk-size(MiB,KiB)=0,64 line-size(MiB,KiB)=0,256
[242206.330065] NVMeVirt: [chmodel_init] bandwidth 800 max_credits 26 tx_time 152
[242206.337018] NVMeVirt: [chmodel_init] bandwidth 800 max_credits 26 tx_time 152
[242206.337031] NVMeVirt: [chmodel_init] bandwidth 3360 max_credits 110 tx_time 36
[242206.338285] NVMeVirt: pqueue: Copyright (c) 2014, Volkan Yazıcı <volkan.yazici@gmail.com>. All rights reserved.
[242206.338322] NVMeVirt: Init FTL instance with 2 channels (524288 pages)
[242206.338323] NVMeVirt: GC victim policy: cat-fig7
[242206.344971] NVMeVirt: [chmodel_init] bandwidth 800 max_credits 26 tx_time 152
[242206.351598] NVMeVirt: [chmodel_init] bandwidth 800 max_credits 26 tx_time 152
[242206.351612] NVMeVirt: [chmodel_init] bandwidth 3360 max_credits 110 tx_time 36
[242206.352944] NVMeVirt: Init FTL instance with 2 channels (524288 pages)
[242206.352945] NVMeVirt: GC victim policy: cat-fig7
[242206.359451] NVMeVirt: [chmodel_init] bandwidth 800 max_credits 26 tx_time 152
[242206.365899] NVMeVirt: [chmodel_init] bandwidth 800 max_credits 26 tx_time 152
[242206.365913] NVMeVirt: [chmodel_init] bandwidth 3360 max_credits 110 tx_time 36
[242206.367207] NVMeVirt: Init FTL instance with 2 channels (524288 pages)
[242206.367208] NVMeVirt: GC victim policy: cat-fig7
[242206.373693] NVMeVirt: [chmodel_init] bandwidth 800 max_credits 26 tx_time 152
[242206.380050] NVMeVirt: [chmodel_init] bandwidth 800 max_credits 26 tx_time 152
[242206.380067] NVMeVirt: [chmodel_init] bandwidth 3360 max_credits 110 tx_time 36
[242206.381315] NVMeVirt: Init FTL instance with 2 channels (524288 pages)
[242206.381316] NVMeVirt: GC victim policy: cat-fig7
[242206.381319] NVMeVirt: FTL physical space: 8588886016, logical space: 8026996276 (physical/logical * 100 = 107)
[242206.381321] NVMeVirt: ns 0/1: size 7655 MiB
[242206.381361] PCI host bridge to bus 0001:10
[242206.381362] pci_bus 0001:10: root bus resource [io  0x0000-0xffff]
[242206.381364] pci_bus 0001:10: root bus resource [mem 0x00000000-0x3fffffffffff]
[242206.381366] pci_bus 0001:10: root bus resource [bus 00-ff]
[242206.381371] pci 0001:10:00.0: [0c51:0110] type 00 class 0x010802 PCIe Endpoint
[242206.381374] pci 0001:10:00.0: BAR 0 [mem 0x100000000-0x100003fff 64bit]
[242206.381376] pci 0001:10:00.0: enabling Extended Tags
[242206.381494] NVMeVirt: Virtual PCI bus created (node 0)
[242206.381907] NVMeVirt: nvmev_dispatcher started on cpu 1 (node 0)
[242206.381923] NVMeVirt: nvmev_io_worker_0 started on cpu 2 (node 0)
[242206.382238] nvme nvme1: pci function 0001:10:00.0
[242206.386951] nvme nvme1: 20/0/0 default/read/poll queues
[242206.392013] NVMeVirt: Virtual NVMe device created
[242207.448345] EXT4-fs (nvme1n1): mounted filesystem 73c360d2-5414-4e02-8cca-602a4624cf1a r/w with ordered data mode. Quota mode: none.
[242810.802492] EXT4-fs (nvme1n1): unmounting filesystem 73c360d2-5414-4e02-8cca-602a4624cf1a.
[242810.880658] pci_bus 0001:10: busn_res: [bus 10-ff] is released
[242810.880690] NVMeVirt: GC stats: policy=cat-fig7 host_pages=5519432 gc_pages=4630857 gc_count=158589 WAF=1.839
[242810.944138] NVMeVirt: Virtual NVMe device closed
