[229479.152301] mix-t4-fixed47-96501 BEGIN
[229479.163624] NVMeVirt: Version 1.10 for >> Samsung 970 Pro SSD <<
[229479.163629] NVMeVirt: Storage: 0x100100000-0x300000000 (8191 MiB)
[229479.174836] NVMeVirt: Total Capacity(GiB,MiB)=2,2048 chs=2 luns=4 lines=8192 blk-size(MiB,KiB)=0,64 line-size(MiB,KiB)=0,256
[229479.186426] NVMeVirt: [chmodel_init] bandwidth 800 max_credits 26 tx_time 152
[229479.197488] NVMeVirt: [chmodel_init] bandwidth 800 max_credits 26 tx_time 152
[229479.197503] NVMeVirt: [chmodel_init] bandwidth 3360 max_credits 110 tx_time 36
[229479.197505] NVMeVirt: Fixed CAT init ns=0 part=0 arm=47 k=10 scale_pct=25 age_ratio=16
[229479.198560] NVMeVirt: pqueue: Copyright (c) 2014, Volkan Yazıcı <volkan.yazici@gmail.com>. All rights reserved.
[229479.198632] NVMeVirt: Init FTL instance with 2 channels (524288 pages)
[229479.198646] NVMeVirt: GC victim policy: cat-fig7-fixed ns=0 part=0 initial_k=10 initial_scale_pct=25 initial_age_ratio=16 warmup_gc=100
[229479.210000] NVMeVirt: [chmodel_init] bandwidth 800 max_credits 26 tx_time 152
[229479.220953] NVMeVirt: [chmodel_init] bandwidth 800 max_credits 26 tx_time 152
[229479.220968] NVMeVirt: [chmodel_init] bandwidth 3360 max_credits 110 tx_time 36
[229479.220970] NVMeVirt: Fixed CAT init ns=0 part=1 arm=47 k=10 scale_pct=25 age_ratio=16
[229479.221984] NVMeVirt: Init FTL instance with 2 channels (524288 pages)
[229479.221988] NVMeVirt: GC victim policy: cat-fig7-fixed ns=0 part=1 initial_k=10 initial_scale_pct=25 initial_age_ratio=16 warmup_gc=100
[229479.232478] NVMeVirt: [chmodel_init] bandwidth 800 max_credits 26 tx_time 152
[229479.243120] NVMeVirt: [chmodel_init] bandwidth 800 max_credits 26 tx_time 152
[229479.243137] NVMeVirt: [chmodel_init] bandwidth 3360 max_credits 110 tx_time 36
[229479.243140] NVMeVirt: Fixed CAT init ns=0 part=2 arm=47 k=10 scale_pct=25 age_ratio=16
[229479.244435] NVMeVirt: Init FTL instance with 2 channels (524288 pages)
[229479.244442] NVMeVirt: GC victim policy: cat-fig7-fixed ns=0 part=2 initial_k=10 initial_scale_pct=25 initial_age_ratio=16 warmup_gc=100
[229479.255337] NVMeVirt: [chmodel_init] bandwidth 800 max_credits 26 tx_time 152
[229479.265953] NVMeVirt: [chmodel_init] bandwidth 800 max_credits 26 tx_time 152
[229479.265967] NVMeVirt: [chmodel_init] bandwidth 3360 max_credits 110 tx_time 36
[229479.265969] NVMeVirt: Fixed CAT init ns=0 part=3 arm=47 k=10 scale_pct=25 age_ratio=16
[229479.266912] NVMeVirt: Init FTL instance with 2 channels (524288 pages)
[229479.266915] NVMeVirt: GC victim policy: cat-fig7-fixed ns=0 part=3 initial_k=10 initial_scale_pct=25 initial_age_ratio=16 warmup_gc=100
[229479.266922] NVMeVirt: FTL physical space: 8588886016, logical space: 8026996276 (physical/logical * 100 = 107)
[229479.266923] NVMeVirt: ns 0/1: size 7655 MiB
[229479.266971] PCI host bridge to bus 0001:10
[229479.266973] pci_bus 0001:10: root bus resource [io  0x0000-0xffff]
[229479.266976] pci_bus 0001:10: root bus resource [mem 0x00000000-0x7fffffffff]
[229479.266992] pci_bus 0001:10: root bus resource [bus 00-ff]
[229479.267000] pci 0001:10:00.0: [0c51:0110] type 00 class 0x010802 PCIe Endpoint
[229479.267004] pci 0001:10:00.0: BAR 0 [mem 0x100000000-0x100003fff 64bit]
[229479.267006] pci 0001:10:00.0: enabling Extended Tags
[229479.267126] NVMeVirt: Virtual PCI bus created (node 0)
[229479.267378] NVMeVirt: nvmev_io_worker_0 started on cpu 2 (node 0)
[229479.267414] NVMeVirt: nvmev_dispatcher started on cpu 1 (node 0)
[229479.267446] NVMeVirt: Virtual NVMe device created
[229479.267586] nvme nvme0: pci function 0001:10:00.0
[229479.271327] nvme nvme0: 8/0/0 default/read/poll queues
[229479.350150] EXT4-fs (nvme0n1): mounted filesystem 5cc40ed7-1059-4d19-bf68-5be03aa57672 r/w with ordered data mode. Quota mode: none.
[229561.369657] NVMeVirt: Fixed CAT init ns=0 part=0 arm=47 k=10 scale_pct=25 age_ratio=16
[229561.369664] NVMeVirt: Fixed CAT init ns=0 part=1 arm=47 k=10 scale_pct=25 age_ratio=16
[229561.369667] NVMeVirt: Fixed CAT init ns=0 part=2 arm=47 k=10 scale_pct=25 age_ratio=16
[229561.369670] NVMeVirt: Fixed CAT init ns=0 part=3 arm=47 k=10 scale_pct=25 age_ratio=16
[229561.369672] NVMeVirt: Measurement: command=start epoch=1 host_bytes=0 learner_active=1
[229561.377028] mix-t4-fixed47-96501 phase=A START
[230161.691262] mix-t4-fixed47-96501 phase=A END
[230161.697555] NVMeVirt: Measurement: command=stop epoch=1 host_bytes=98306719744 learner_active=0
[230161.769269] EXT4-fs (nvme0n1): unmounting filesystem 5cc40ed7-1059-4d19-bf68-5be03aa57672.
[230161.832653] pci_bus 0001:10: busn_res: [bus 10-ff] is released
[230161.832762] NVMeVirt: GC stats: ns=0 policy=cat-fig7-fixed host_pages=24000664 gc_pages=18567441 gc_count=665127 WAF=1.773 warmup_gc=100-per-part
[230161.908728] NVMeVirt: Virtual NVMe device closed
