[872568.630381] mix-mixL-online-4157130 BEGIN
[872568.642889] NVMeVirt: Version 1.10 for >> Samsung 970 Pro SSD <<
[872568.642897] NVMeVirt: Storage: 0x100100000-0x300000000 (8191 MiB)
[872568.654166] NVMeVirt: Total Capacity(GiB,MiB)=2,2048 chs=2 luns=4 lines=8192 blk-size(MiB,KiB)=0,64 line-size(MiB,KiB)=0,256
[872568.665788] NVMeVirt: [chmodel_init] bandwidth 800 max_credits 26 tx_time 152
[872568.677919] NVMeVirt: [chmodel_init] bandwidth 800 max_credits 26 tx_time 152
[872568.677944] NVMeVirt: [chmodel_init] bandwidth 3360 max_credits 110 tx_time 36
[872568.677947] NVMeVirt: WATGC_V2 init ns=0 part=0 arms=60 initial=37 prior=none gamma_q16=65503 exploration_q16=16384
[872568.679618] NVMeVirt: pqueue: Copyright (c) 2014, Volkan Yazıcı <volkan.yazici@gmail.com>. All rights reserved.
[872568.679663] NVMeVirt: Init FTL instance with 2 channels (524288 pages)
[872568.679665] NVMeVirt: GC victim policy: watgc-v2 ns=0 part=0 initial_k=7 initial_scale_pct=100 initial_age_ratio=7 warmup_gc=100
[872568.690144] NVMeVirt: [chmodel_init] bandwidth 800 max_credits 26 tx_time 152
[872568.700482] NVMeVirt: [chmodel_init] bandwidth 800 max_credits 26 tx_time 152
[872568.700497] NVMeVirt: [chmodel_init] bandwidth 3360 max_credits 110 tx_time 36
[872568.700500] NVMeVirt: WATGC_V2 init ns=0 part=1 arms=60 initial=37 prior=none gamma_q16=65503 exploration_q16=16384
[872568.701758] NVMeVirt: Init FTL instance with 2 channels (524288 pages)
[872568.701762] NVMeVirt: GC victim policy: watgc-v2 ns=0 part=1 initial_k=7 initial_scale_pct=100 initial_age_ratio=7 warmup_gc=100
[872568.713362] NVMeVirt: [chmodel_init] bandwidth 800 max_credits 26 tx_time 152
[872568.723788] NVMeVirt: [chmodel_init] bandwidth 800 max_credits 26 tx_time 152
[872568.723803] NVMeVirt: [chmodel_init] bandwidth 3360 max_credits 110 tx_time 36
[872568.723805] NVMeVirt: WATGC_V2 init ns=0 part=2 arms=60 initial=37 prior=none gamma_q16=65503 exploration_q16=16384
[872568.725084] NVMeVirt: Init FTL instance with 2 channels (524288 pages)
[872568.725088] NVMeVirt: GC victim policy: watgc-v2 ns=0 part=2 initial_k=7 initial_scale_pct=100 initial_age_ratio=7 warmup_gc=100
[872568.735358] NVMeVirt: [chmodel_init] bandwidth 800 max_credits 26 tx_time 152
[872568.747406] NVMeVirt: [chmodel_init] bandwidth 800 max_credits 26 tx_time 152
[872568.747435] NVMeVirt: [chmodel_init] bandwidth 3360 max_credits 110 tx_time 36
[872568.747438] NVMeVirt: WATGC_V2 init ns=0 part=3 arms=60 initial=37 prior=none gamma_q16=65503 exploration_q16=16384
[872568.748857] NVMeVirt: Init FTL instance with 2 channels (524288 pages)
[872568.748861] NVMeVirt: GC victim policy: watgc-v2 ns=0 part=3 initial_k=7 initial_scale_pct=100 initial_age_ratio=7 warmup_gc=100
[872568.748868] NVMeVirt: FTL physical space: 8588886016, logical space: 8026996276 (physical/logical * 100 = 107)
[872568.748869] NVMeVirt: ns 0/1: size 7655 MiB
[872568.748925] PCI host bridge to bus 0001:10
[872568.748928] pci_bus 0001:10: root bus resource [io  0x0000-0xffff]
[872568.748931] pci_bus 0001:10: root bus resource [mem 0x00000000-0x7fffffffff]
[872568.748934] pci_bus 0001:10: root bus resource [bus 00-ff]
[872568.748943] pci 0001:10:00.0: [0c51:0110] type 00 class 0x010802 PCIe Endpoint
[872568.748949] pci 0001:10:00.0: BAR 0 [mem 0x100000000-0x100003fff 64bit]
[872568.748952] pci 0001:10:00.0: enabling Extended Tags
[872568.749210] NVMeVirt: Virtual PCI bus created (node 0)
[872568.749431] NVMeVirt: nvmev_io_worker_0 started on cpu 2 (node 0)
[872568.749457] NVMeVirt: nvmev_dispatcher started on cpu 1 (node 0)
[872568.749482] NVMeVirt: Virtual NVMe device created
[872568.749601] nvme nvme0: pci function 0001:10:00.0
[872568.753412] nvme nvme0: 8/0/0 default/read/poll queues
[872568.831229] EXT4-fs (nvme0n1): mounted filesystem 66a0a8fe-d6a9-446d-a26c-d4a6b186e085 r/w with ordered data mode. Quota mode: none.
[872579.777016] audit: type=1107 audit(1789996103.959:520): pid=1434 uid=101 auid=4294967295 ses=4294967295 subj=unconfined msg='apparmor="DENIED" operation="dbus_signal"  bus="system" path="/com/redhat/PrinterSpooler" interface="com.redhat.PrinterSpooler" member="QueueChanged" mask="send" name="org.freedesktop.DBus" pid=2073 label="snap.cups.cupsd" peer_pid=4752 peer_label="unconfined"
                 exe="/usr/bin/dbus-daemon" sauid=101 hostname=? addr=? terminal=?'
[872650.854647] NVMeVirt: WATGC_V2 init ns=0 part=0 arms=60 initial=37 prior=none gamma_q16=65503 exploration_q16=16384
[872650.854654] NVMeVirt: WATGC_V2 init ns=0 part=1 arms=60 initial=37 prior=none gamma_q16=65503 exploration_q16=16384
[872650.854657] NVMeVirt: WATGC_V2 init ns=0 part=2 arms=60 initial=37 prior=none gamma_q16=65503 exploration_q16=16384
[872650.854659] NVMeVirt: WATGC_V2 init ns=0 part=3 arms=60 initial=37 prior=none gamma_q16=65503 exploration_q16=16384
[872650.854661] NVMeVirt: Measurement: command=start epoch=1 host_bytes=0 learner_active=1
[872650.864169] mix-mixL-online-4157130 phase=A START
[872650.873166] mix-mixL-online-4157130 phase=A cycle=1 fast
[872651.463421] NVMeVirt: WATGC_V2 warmup-done ns=0 part=2 gc_count=2817
[872651.463843] NVMeVirt: WATGC_V2 warmup-done ns=0 part=1 gc_count=2817
[872651.469576] NVMeVirt: WATGC_V2 warmup-done ns=0 part=0 gc_count=2836
[872651.472410] NVMeVirt: WATGC_V2 warmup-done ns=0 part=3 gc_count=2822
[872661.292073] NVMeVirt: WATGC_V2 sample ns=0 part=1 epoch=1 window=1 phase=measure evaluated=37 k=7 scale_pct=100 age_ratio=7 host=65561 gc_pages=63009 gc_count=2009 waf_q16=128520 best=37 next=0 settled=0
[872661.293381] NVMeVirt: WATGC_V2 sample ns=0 part=2 epoch=1 window=1 phase=measure evaluated=37 k=7 scale_pct=100 age_ratio=7 host=65537 gc_pages=62588 gc_count=2002 waf_q16=128123 best=37 next=0 settled=0
[872661.297835] NVMeVirt: WATGC_V2 sample ns=0 part=0 epoch=1 window=1 phase=measure evaluated=37 k=7 scale_pct=100 age_ratio=7 host=65565 gc_pages=62881 gc_count=2007 waf_q16=128389 best=37 next=0 settled=0
[872661.320870] NVMeVirt: WATGC_V2 sample ns=0 part=3 epoch=1 window=1 phase=measure evaluated=37 k=7 scale_pct=100 age_ratio=7 host=65554 gc_pages=62388 gc_count=1999 waf_q16=127906 best=37 next=0 settled=0
[872670.153515] audit: type=1107 audit(1789996194.335:521): pid=1434 uid=101 auid=4294967295 ses=4294967295 subj=unconfined msg='apparmor="DENIED" operation="dbus_signal"  bus="system" path="/com/redhat/PrinterSpooler" interface="com.redhat.PrinterSpooler" member="QueueChanged" mask="send" name="org.freedesktop.DBus" pid=2073 label="snap.cups.cupsd" peer_pid=4752 peer_label="unconfined"
[872671.122918] NVMeVirt: WATGC_V2 sample ns=0 part=1 epoch=1 window=2 phase=measure evaluated=0 k=2 scale_pct=25 age_ratio=4 host=65557 gc_pages=61357 gc_count=1983 waf_q16=126873 best=0 next=1 settled=0
[872671.123726] NVMeVirt: WATGC_V2 sample ns=0 part=2 epoch=1 window=2 phase=measure evaluated=0 k=2 scale_pct=25 age_ratio=4 host=65540 gc_pages=61503 gc_count=1985 waf_q16=127035 best=0 next=1 settled=0
[872671.140885] NVMeVirt: WATGC_V2 sample ns=0 part=0 epoch=1 window=2 phase=measure evaluated=0 k=2 scale_pct=25 age_ratio=4 host=65550 gc_pages=61236 gc_count=1981 waf_q16=126758 best=0 next=1 settled=0
[872671.151569] NVMeVirt: WATGC_V2 sample ns=0 part=3 epoch=1 window=2 phase=measure evaluated=0 k=2 scale_pct=25 age_ratio=4 host=65557 gc_pages=61485 gc_count=1985 waf_q16=127001 best=0 next=1 settled=0
[872680.951322] NVMeVirt: WATGC_V2 sample ns=0 part=2 epoch=1 window=3 phase=measure evaluated=1 k=2 scale_pct=25 age_ratio=7 host=65554 gc_pages=74031 gc_count=2181 waf_q16=139546 best=0 next=2 settled=0
[872680.962489] NVMeVirt: WATGC_V2 sample ns=0 part=1 epoch=1 window=3 phase=measure evaluated=1 k=2 scale_pct=25 age_ratio=7 host=65553 gc_pages=74481 gc_count=2188 waf_q16=139997 best=0 next=2 settled=0
[872680.972185] NVMeVirt: WATGC_V2 sample ns=0 part=3 epoch=1 window=3 phase=measure evaluated=1 k=2 scale_pct=25 age_ratio=7 host=65551 gc_pages=74675 gc_count=2191 waf_q16=140193 best=0 next=2 settled=0
[872680.989659] NVMeVirt: WATGC_V2 sample ns=0 part=0 epoch=1 window=3 phase=measure evaluated=1 k=2 scale_pct=25 age_ratio=7 host=65563 gc_pages=74599 gc_count=2190 waf_q16=140104 best=0 next=2 settled=0
[872690.783854] NVMeVirt: WATGC_V2 sample ns=0 part=2 epoch=1 window=4 phase=measure evaluated=2 k=2 scale_pct=25 age_ratio=16 host=65538 gc_pages=72772 gc_count=2161 waf_q16=138305 best=0 next=3 settled=0
[872690.792972] NVMeVirt: WATGC_V2 sample ns=0 part=3 epoch=1 window=4 phase=measure evaluated=2 k=2 scale_pct=25 age_ratio=16 host=65560 gc_pages=73581 gc_count=2174 waf_q16=139090 best=0 next=3 settled=0
[872690.809579] NVMeVirt: WATGC_V2 sample ns=0 part=1 epoch=1 window=4 phase=measure evaluated=2 k=2 scale_pct=25 age_ratio=16 host=65541 gc_pages=73408 gc_count=2171 waf_q16=138938 best=0 next=3 settled=0
[872690.825825] NVMeVirt: WATGC_V2 sample ns=0 part=0 epoch=1 window=4 phase=measure evaluated=2 k=2 scale_pct=25 age_ratio=16 host=65548 gc_pages=74104 gc_count=2182 waf_q16=139626 best=0 next=3 settled=0
[872700.609379] NVMeVirt: WATGC_V2 sample ns=0 part=0 epoch=1 window=5 phase=measure evaluated=3 k=2 scale_pct=50 age_ratio=4 host=65549 gc_pages=72947 gc_count=2164 waf_q16=138468 best=0 next=4 settled=0
[872700.622016] NVMeVirt: WATGC_V2 sample ns=0 part=3 epoch=1 window=5 phase=measure evaluated=3 k=2 scale_pct=50 age_ratio=4 host=65552 gc_pages=72625 gc_count=2159 waf_q16=138143 best=0 next=4 settled=0
[872700.648212] NVMeVirt: WATGC_V2 sample ns=0 part=1 epoch=1 window=5 phase=measure evaluated=3 k=2 scale_pct=50 age_ratio=4 host=65549 gc_pages=73588 gc_count=2174 waf_q16=139109 best=0 next=4 settled=0
[872700.658263] NVMeVirt: WATGC_V2 sample ns=0 part=2 epoch=1 window=5 phase=measure evaluated=3 k=2 scale_pct=50 age_ratio=4 host=65550 gc_pages=73011 gc_count=2165 waf_q16=138531 best=0 next=4 settled=0
[872710.458206] NVMeVirt: WATGC_V2 sample ns=0 part=0 epoch=1 window=6 phase=measure evaluated=4 k=2 scale_pct=50 age_ratio=7 host=65558 gc_pages=71014 gc_count=2134 waf_q16=136526 best=0 next=5 settled=0
[872710.462143] NVMeVirt: WATGC_V2 sample ns=0 part=2 epoch=1 window=6 phase=measure evaluated=4 k=2 scale_pct=50 age_ratio=7 host=65558 gc_pages=71847 gc_count=2147 waf_q16=137358 best=0 next=5 settled=0
[872710.472976] NVMeVirt: WATGC_V2 sample ns=0 part=1 epoch=1 window=6 phase=measure evaluated=4 k=2 scale_pct=50 age_ratio=7 host=65545 gc_pages=71475 gc_count=2141 waf_q16=137001 best=0 next=5 settled=0
[872710.478597] NVMeVirt: WATGC_V2 sample ns=0 part=3 epoch=1 window=6 phase=measure evaluated=4 k=2 scale_pct=50 age_ratio=7 host=65557 gc_pages=71271 gc_count=2138 waf_q16=136784 best=0 next=5 settled=0
[872711.171298] mix-mixL-online-4157130 phase=A cycle=1 slow
[872741.853514] audit: type=1107 audit(1789996266.034:522): pid=1434 uid=101 auid=4294967295 ses=4294967295 subj=unconfined msg='apparmor="DENIED" operation="dbus_signal"  bus="system" path="/com/redhat/PrinterSpooler" interface="com.redhat.PrinterSpooler" member="QueueChanged" mask="send" name="org.freedesktop.DBus" pid=2073 label="snap.cups.cupsd" peer_pid=4752 peer_label="unconfined"
[872747.109450] audit: type=1107 audit(1789996271.290:523): pid=1434 uid=101 auid=4294967295 ses=4294967295 subj=unconfined msg='apparmor="DENIED" operation="dbus_signal"  bus="system" path="/com/redhat/PrinterSpooler" interface="com.redhat.PrinterSpooler" member="QueueChanged" mask="send" name="org.freedesktop.DBus" pid=2073 label="snap.cups.cupsd" peer_pid=4752 peer_label="unconfined"
[872748.028924] NVMeVirt: WATGC_V2 sample ns=0 part=1 epoch=1 window=7 phase=measure evaluated=5 k=2 scale_pct=50 age_ratio=16 host=65552 gc_pages=72110 gc_count=2151 waf_q16=137628 best=0 next=6 settled=0
[872748.052280] NVMeVirt: WATGC_V2 sample ns=0 part=0 epoch=1 window=7 phase=measure evaluated=5 k=2 scale_pct=50 age_ratio=16 host=65547 gc_pages=72371 gc_count=2155 waf_q16=137894 best=0 next=6 settled=0
[872748.123933] NVMeVirt: WATGC_V2 sample ns=0 part=2 epoch=1 window=7 phase=measure evaluated=5 k=2 scale_pct=50 age_ratio=16 host=65536 gc_pages=72894 gc_count=2163 waf_q16=138430 best=0 next=6 settled=0
[872748.261936] NVMeVirt: WATGC_V2 sample ns=0 part=3 epoch=1 window=7 phase=measure evaluated=5 k=2 scale_pct=50 age_ratio=16 host=65562 gc_pages=73252 gc_count=2169 waf_q16=138758 best=0 next=6 settled=0
[872748.262958] audit: type=1107 audit(1789996272.443:524): pid=1434 uid=101 auid=4294967295 ses=4294967295 subj=unconfined msg='apparmor="DENIED" operation="dbus_signal"  bus="system" path="/com/redhat/PrinterSpooler" interface="com.redhat.PrinterSpooler" member="QueueChanged" mask="send" name="org.freedesktop.DBus" pid=2073 label="snap.cups.cupsd" peer_pid=4752 peer_label="unconfined"
[872771.478284] mix-mixL-online-4157130 phase=A cycle=2 fast
[872775.698434] NVMeVirt: WATGC_V2 sample ns=0 part=1 epoch=1 window=8 phase=measure evaluated=6 k=2 scale_pct=100 age_ratio=4 host=65550 gc_pages=73137 gc_count=2167 waf_q16=138657 best=0 next=7 settled=0
[872775.715483] NVMeVirt: WATGC_V2 sample ns=0 part=0 epoch=1 window=8 phase=measure evaluated=6 k=2 scale_pct=100 age_ratio=4 host=65560 gc_pages=72549 gc_count=2158 waf_q16=138058 best=0 next=7 settled=0
[872775.728397] NVMeVirt: WATGC_V2 sample ns=0 part=2 epoch=1 window=8 phase=measure evaluated=6 k=2 scale_pct=100 age_ratio=4 host=65561 gc_pages=73125 gc_count=2167 waf_q16=138633 best=0 next=7 settled=0
[872775.808640] NVMeVirt: WATGC_V2 sample ns=0 part=3 epoch=1 window=8 phase=measure evaluated=6 k=2 scale_pct=100 age_ratio=4 host=65550 gc_pages=72555 gc_count=2158 waf_q16=138075 best=0 next=7 settled=0
[872785.526683] NVMeVirt: WATGC_V2 sample ns=0 part=1 epoch=1 window=9 phase=measure evaluated=7 k=2 scale_pct=100 age_ratio=7 host=65558 gc_pages=58479 gc_count=1938 waf_q16=123995 best=7 next=8 settled=0
[872785.562291] NVMeVirt: WATGC_V2 sample ns=0 part=2 epoch=1 window=9 phase=measure evaluated=7 k=2 scale_pct=100 age_ratio=7 host=65556 gc_pages=59767 gc_count=1958 waf_q16=125284 best=7 next=8 settled=0
[872785.574871] NVMeVirt: WATGC_V2 sample ns=0 part=0 epoch=1 window=9 phase=measure evaluated=7 k=2 scale_pct=100 age_ratio=7 host=65546 gc_pages=58107 gc_count=1932 waf_q16=123634 best=7 next=8 settled=0
[872785.625986] NVMeVirt: WATGC_V2 sample ns=0 part=3 epoch=1 window=9 phase=measure evaluated=7 k=2 scale_pct=100 age_ratio=7 host=65549 gc_pages=58551 gc_count=1939 waf_q16=124075 best=7 next=8 settled=0
[872795.364935] NVMeVirt: WATGC_V2 sample ns=0 part=1 epoch=1 window=10 phase=measure evaluated=8 k=2 scale_pct=100 age_ratio=16 host=65566 gc_pages=67427 gc_count=2078 waf_q16=132932 best=7 next=9 settled=0
[872795.385882] NVMeVirt: WATGC_V2 sample ns=0 part=2 epoch=1 window=10 phase=measure evaluated=8 k=2 scale_pct=100 age_ratio=16 host=65538 gc_pages=67713 gc_count=2082 waf_q16=133246 best=7 next=9 settled=0
[872795.414912] NVMeVirt: WATGC_V2 sample ns=0 part=0 epoch=1 window=10 phase=measure evaluated=8 k=2 scale_pct=100 age_ratio=16 host=65560 gc_pages=66276 gc_count=2060 waf_q16=131787 best=7 next=9 settled=0
[872795.459935] NVMeVirt: WATGC_V2 sample ns=0 part=3 epoch=1 window=10 phase=measure evaluated=8 k=2 scale_pct=100 age_ratio=16 host=65538 gc_pages=67907 gc_count=2085 waf_q16=133440 best=7 next=9 settled=0
[872805.203945] NVMeVirt: WATGC_V2 sample ns=0 part=1 epoch=1 window=11 phase=measure evaluated=9 k=2 scale_pct=200 age_ratio=4 host=65567 gc_pages=61538 gc_count=1986 waf_q16=127044 best=7 next=10 settled=0
[872805.232710] NVMeVirt: WATGC_V2 sample ns=0 part=2 epoch=1 window=11 phase=measure evaluated=9 k=2 scale_pct=200 age_ratio=4 host=65555 gc_pages=61294 gc_count=1982 waf_q16=126812 best=7 next=10 settled=0
[872805.240658] NVMeVirt: WATGC_V2 sample ns=0 part=0 epoch=1 window=11 phase=measure evaluated=9 k=2 scale_pct=200 age_ratio=4 host=65536 gc_pages=60162 gc_count=1964 waf_q16=125698 best=7 next=10 settled=0
[872805.283538] NVMeVirt: WATGC_V2 sample ns=0 part=3 epoch=1 window=11 phase=measure evaluated=9 k=2 scale_pct=200 age_ratio=4 host=65561 gc_pages=61225 gc_count=1981 waf_q16=126737 best=7 next=10 settled=0
[872815.059020] NVMeVirt: WATGC_V2 sample ns=0 part=2 epoch=1 window=12 phase=measure evaluated=10 k=2 scale_pct=200 age_ratio=7 host=65539 gc_pages=71163 gc_count=2136 waf_q16=136695 best=7 next=11 settled=0
[872815.063100] NVMeVirt: WATGC_V2 sample ns=0 part=1 epoch=1 window=12 phase=measure evaluated=10 k=2 scale_pct=200 age_ratio=7 host=65544 gc_pages=71926 gc_count=2148 waf_q16=137453 best=7 next=11 settled=0
[872815.068307] NVMeVirt: WATGC_V2 sample ns=0 part=0 epoch=1 window=12 phase=measure evaluated=10 k=2 scale_pct=200 age_ratio=7 host=65538 gc_pages=70652 gc_count=2128 waf_q16=136185 best=7 next=11 settled=0
[872815.098372] NVMeVirt: WATGC_V2 sample ns=0 part=3 epoch=1 window=12 phase=measure evaluated=10 k=2 scale_pct=200 age_ratio=7 host=65536 gc_pages=71423 gc_count=2140 waf_q16=136959 best=7 next=11 settled=0
[872824.879346] NVMeVirt: WATGC_V2 sample ns=0 part=0 epoch=1 window=13 phase=measure evaluated=11 k=2 scale_pct=200 age_ratio=16 host=65538 gc_pages=74427 gc_count=2187 waf_q16=139960 best=7 next=12 settled=0
[872824.906378] NVMeVirt: WATGC_V2 sample ns=0 part=1 epoch=1 window=13 phase=measure evaluated=11 k=2 scale_pct=200 age_ratio=16 host=65557 gc_pages=74215 gc_count=2184 waf_q16=139727 best=7 next=12 settled=0
[872824.911586] NVMeVirt: WATGC_V2 sample ns=0 part=2 epoch=1 window=13 phase=measure evaluated=11 k=2 scale_pct=200 age_ratio=16 host=65563 gc_pages=74337 gc_count=2186 waf_q16=139842 best=7 next=12 settled=0
[872824.927187] NVMeVirt: WATGC_V2 sample ns=0 part=3 epoch=1 window=13 phase=measure evaluated=11 k=2 scale_pct=200 age_ratio=16 host=65561 gc_pages=74274 gc_count=2185 waf_q16=139781 best=7 next=12 settled=0
[872831.784744] mix-mixL-online-4157130 phase=A cycle=2 slow
[872838.785233] audit: type=1107 audit(1789996362.964:525): pid=1434 uid=101 auid=4294967295 ses=4294967295 subj=unconfined msg='apparmor="DENIED" operation="dbus_signal"  bus="system" path="/com/redhat/PrinterSpooler" interface="com.redhat.PrinterSpooler" member="QueueChanged" mask="send" name="org.freedesktop.DBus" pid=2073 label="snap.cups.cupsd" peer_pid=4752 peer_label="unconfined"
[872843.848789] NVMeVirt: WATGC_V2 sample ns=0 part=0 epoch=1 window=14 phase=measure evaluated=12 k=2 scale_pct=400 age_ratio=4 host=65558 gc_pages=72366 gc_count=2155 waf_q16=137877 best=7 next=13 settled=0
[872843.905655] NVMeVirt: WATGC_V2 sample ns=0 part=1 epoch=1 window=14 phase=measure evaluated=12 k=2 scale_pct=400 age_ratio=4 host=65547 gc_pages=71543 gc_count=2142 waf_q16=137066 best=7 next=13 settled=0
[872844.099311] NVMeVirt: WATGC_V2 sample ns=0 part=2 epoch=1 window=14 phase=measure evaluated=12 k=2 scale_pct=400 age_ratio=4 host=65549 gc_pages=71927 gc_count=2148 waf_q16=137448 best=7 next=13 settled=0
[872844.429788] NVMeVirt: WATGC_V2 sample ns=0 part=3 epoch=1 window=14 phase=measure evaluated=12 k=2 scale_pct=400 age_ratio=4 host=65547 gc_pages=72183 gc_count=2152 waf_q16=137706 best=7 next=13 settled=0
[872870.949532] audit: type=1107 audit(1789996395.128:526): pid=1434 uid=101 auid=4294967295 ses=4294967295 subj=unconfined msg='apparmor="DENIED" operation="dbus_signal"  bus="system" path="/com/redhat/PrinterSpooler" interface="com.redhat.PrinterSpooler" member="QueueChanged" mask="send" name="org.freedesktop.DBus" pid=2073 label="snap.cups.cupsd" peer_pid=4752 peer_label="unconfined"
[872876.076143] audit: type=1107 audit(1789996400.255:527): pid=1434 uid=101 auid=4294967295 ses=4294967295 subj=unconfined msg='apparmor="DENIED" operation="dbus_signal"  bus="system" path="/com/redhat/PrinterSpooler" interface="com.redhat.PrinterSpooler" member="QueueChanged" mask="send" name="org.freedesktop.DBus" pid=2073 label="snap.cups.cupsd" peer_pid=4752 peer_label="unconfined"
[872883.229633] NVMeVirt: WATGC_V2 sample ns=0 part=1 epoch=1 window=15 phase=measure evaluated=13 k=2 scale_pct=400 age_ratio=7 host=65544 gc_pages=76088 gc_count=2213 waf_q16=141614 best=7 next=14 settled=0
[872883.334751] NVMeVirt: WATGC_V2 sample ns=0 part=0 epoch=1 window=15 phase=measure evaluated=13 k=2 scale_pct=400 age_ratio=7 host=65558 gc_pages=74863 gc_count=2194 waf_q16=140373 best=7 next=14 settled=0
[872883.375304] NVMeVirt: WATGC_V2 sample ns=0 part=2 epoch=1 window=15 phase=measure evaluated=13 k=2 scale_pct=400 age_ratio=7 host=65563 gc_pages=75366 gc_count=2202 waf_q16=140870 best=7 next=14 settled=0
[872883.639474] NVMeVirt: WATGC_V2 sample ns=0 part=3 epoch=1 window=15 phase=measure evaluated=13 k=2 scale_pct=400 age_ratio=7 host=65540 gc_pages=74302 gc_count=2185 waf_q16=139833 best=7 next=14 settled=0
[872892.085115] mix-mixL-online-4157130 phase=A cycle=3 fast
[872899.961765] NVMeVirt: WATGC_V2 sample ns=0 part=1 epoch=1 window=16 phase=measure evaluated=14 k=2 scale_pct=400 age_ratio=16 host=65544 gc_pages=58744 gc_count=1942 waf_q16=124272 best=7 next=15 settled=0
[872899.985413] NVMeVirt: WATGC_V2 sample ns=0 part=0 epoch=1 window=16 phase=measure evaluated=14 k=2 scale_pct=400 age_ratio=16 host=65560 gc_pages=60266 gc_count=1966 waf_q16=125779 best=7 next=15 settled=0
[872900.004124] NVMeVirt: WATGC_V2 sample ns=0 part=2 epoch=1 window=16 phase=measure evaluated=14 k=2 scale_pct=400 age_ratio=16 host=65549 gc_pages=60533 gc_count=1970 waf_q16=126056 best=7 next=15 settled=0
[872900.101079] NVMeVirt: WATGC_V2 sample ns=0 part=3 epoch=1 window=16 phase=measure evaluated=14 k=2 scale_pct=400 age_ratio=16 host=65548 gc_pages=59763 gc_count=1958 waf_q16=125288 best=7 next=15 settled=0
[872909.781529] NVMeVirt: WATGC_V2 sample ns=0 part=1 epoch=1 window=17 phase=measure evaluated=15 k=4 scale_pct=25 age_ratio=4 host=65568 gc_pages=54880 gc_count=1882 waf_q16=120389 best=15 next=16 settled=0
[872909.812333] NVMeVirt: WATGC_V2 sample ns=0 part=0 epoch=1 window=17 phase=measure evaluated=15 k=4 scale_pct=25 age_ratio=4 host=65567 gc_pages=55083 gc_count=1885 waf_q16=120592 best=15 next=16 settled=0
[872909.846003] NVMeVirt: WATGC_V2 sample ns=0 part=2 epoch=1 window=17 phase=measure evaluated=15 k=4 scale_pct=25 age_ratio=4 host=65575 gc_pages=56259 gc_count=1904 waf_q16=121761 best=15 next=16 settled=0
[872909.945670] NVMeVirt: WATGC_V2 sample ns=0 part=3 epoch=1 window=17 phase=measure evaluated=15 k=4 scale_pct=25 age_ratio=4 host=65545 gc_pages=55841 gc_count=1897 waf_q16=121369 best=15 next=16 settled=0
[872919.623232] NVMeVirt: WATGC_V2 sample ns=0 part=1 epoch=1 window=18 phase=measure evaluated=16 k=4 scale_pct=25 age_ratio=7 host=65565 gc_pages=42406 gc_count=1687 waf_q16=107923 best=16 next=17 settled=0
[872919.665445] NVMeVirt: WATGC_V2 sample ns=0 part=2 epoch=1 window=18 phase=measure evaluated=16 k=4 scale_pct=25 age_ratio=7 host=65563 gc_pages=41624 gc_count=1675 waf_q16=107142 best=16 next=17 settled=0
[872919.674401] NVMeVirt: WATGC_V2 sample ns=0 part=0 epoch=1 window=18 phase=measure evaluated=16 k=4 scale_pct=25 age_ratio=7 host=65551 gc_pages=42355 gc_count=1686 waf_q16=107881 best=16 next=17 settled=0
[872919.764978] NVMeVirt: WATGC_V2 sample ns=0 part=3 epoch=1 window=18 phase=measure evaluated=16 k=4 scale_pct=25 age_ratio=7 host=65563 gc_pages=42598 gc_count=1690 waf_q16=108116 best=16 next=17 settled=0
[872929.476557] NVMeVirt: WATGC_V2 sample ns=0 part=1 epoch=1 window=19 phase=measure evaluated=17 k=4 scale_pct=25 age_ratio=16 host=65554 gc_pages=37425 gc_count=1609 waf_q16=102950 best=17 next=18 settled=0
[872929.494022] NVMeVirt: WATGC_V2 sample ns=0 part=2 epoch=1 window=19 phase=measure evaluated=17 k=4 scale_pct=25 age_ratio=16 host=65577 gc_pages=38162 gc_count=1621 waf_q16=103674 best=17 next=18 settled=0
[872929.505065] NVMeVirt: WATGC_V2 sample ns=0 part=0 epoch=1 window=19 phase=measure evaluated=17 k=4 scale_pct=25 age_ratio=16 host=65557 gc_pages=38163 gc_count=1621 waf_q16=103686 best=17 next=18 settled=0
[872929.596283] NVMeVirt: WATGC_V2 sample ns=0 part=3 epoch=1 window=19 phase=measure evaluated=17 k=4 scale_pct=25 age_ratio=16 host=65568 gc_pages=38179 gc_count=1621 waf_q16=103696 best=17 next=18 settled=0
[872939.308238] NVMeVirt: WATGC_V2 sample ns=0 part=0 epoch=1 window=20 phase=measure evaluated=18 k=4 scale_pct=50 age_ratio=4 host=65544 gc_pages=30522 gc_count=1501 waf_q16=96054 best=18 next=19 settled=0
[872939.329742] NVMeVirt: WATGC_V2 sample ns=0 part=1 epoch=1 window=20 phase=measure evaluated=18 k=4 scale_pct=50 age_ratio=4 host=65553 gc_pages=30001 gc_count=1493 waf_q16=95529 best=18 next=19 settled=0
[872939.373586] NVMeVirt: WATGC_V2 sample ns=0 part=2 epoch=1 window=20 phase=measure evaluated=18 k=4 scale_pct=50 age_ratio=4 host=65545 gc_pages=30009 gc_count=1493 waf_q16=95540 best=18 next=19 settled=0
[872939.405599] NVMeVirt: WATGC_V2 sample ns=0 part=3 epoch=1 window=20 phase=measure evaluated=18 k=4 scale_pct=50 age_ratio=4 host=65573 gc_pages=29914 gc_count=1492 waf_q16=95433 best=18 next=19 settled=0
[872949.136133] NVMeVirt: WATGC_V2 sample ns=0 part=0 epoch=1 window=21 phase=measure evaluated=19 k=4 scale_pct=50 age_ratio=7 host=65564 gc_pages=43046 gc_count=1697 waf_q16=108563 best=18 next=20 settled=0
[872949.150063] NVMeVirt: WATGC_V2 sample ns=0 part=1 epoch=1 window=21 phase=measure evaluated=19 k=4 scale_pct=50 age_ratio=7 host=65562 gc_pages=42663 gc_count=1691 waf_q16=108182 best=18 next=20 settled=0
[872949.200667] NVMeVirt: WATGC_V2 sample ns=0 part=2 epoch=1 window=21 phase=measure evaluated=19 k=4 scale_pct=50 age_ratio=7 host=65567 gc_pages=42401 gc_count=1687 waf_q16=107916 best=18 next=20 settled=0
[872949.264953] NVMeVirt: WATGC_V2 sample ns=0 part=3 epoch=1 window=21 phase=measure evaluated=19 k=4 scale_pct=50 age_ratio=7 host=65536 gc_pages=42750 gc_count=1692 waf_q16=108286 best=18 next=20 settled=0
[872952.387450] mix-mixL-online-4157130 phase=A cycle=3 slow
[872979.114044] NVMeVirt: WATGC_V2 sample ns=0 part=1 epoch=1 window=22 phase=measure evaluated=20 k=4 scale_pct=50 age_ratio=16 host=65542 gc_pages=37363 gc_count=1608 waf_q16=102895 best=18 next=21 settled=0
[872979.191027] NVMeVirt: WATGC_V2 sample ns=0 part=0 epoch=1 window=22 phase=measure evaluated=20 k=4 scale_pct=50 age_ratio=16 host=65560 gc_pages=37986 gc_count=1618 waf_q16=103508 best=18 next=21 settled=0
[872979.357119] NVMeVirt: WATGC_V2 sample ns=0 part=2 epoch=1 window=22 phase=measure evaluated=20 k=4 scale_pct=50 age_ratio=16 host=65537 gc_pages=37582 gc_count=1611 waf_q16=103117 best=18 next=21 settled=0
[872979.786861] NVMeVirt: WATGC_V2 sample ns=0 part=3 epoch=1 window=22 phase=measure evaluated=20 k=4 scale_pct=50 age_ratio=16 host=65545 gc_pages=37566 gc_count=1611 waf_q16=103096 best=18 next=21 settled=0
[873012.702022] mix-mixL-online-4157130 phase=A cycle=4 fast
[873014.385904] NVMeVirt: WATGC_V2 sample ns=0 part=1 epoch=1 window=23 phase=measure evaluated=21 k=4 scale_pct=100 age_ratio=4 host=65583 gc_pages=27795 gc_count=1459 waf_q16=93311 best=21 next=22 settled=0
[873014.420852] NVMeVirt: WATGC_V2 sample ns=0 part=0 epoch=1 window=23 phase=measure evaluated=21 k=4 scale_pct=100 age_ratio=4 host=65575 gc_pages=27156 gc_count=1449 waf_q16=92675 best=21 next=22 settled=0
[873014.466318] NVMeVirt: WATGC_V2 sample ns=0 part=2 epoch=1 window=23 phase=measure evaluated=21 k=4 scale_pct=100 age_ratio=4 host=65553 gc_pages=27613 gc_count=1456 waf_q16=93141 best=21 next=22 settled=0
[873014.600375] NVMeVirt: WATGC_V2 sample ns=0 part=3 epoch=1 window=23 phase=measure evaluated=21 k=4 scale_pct=100 age_ratio=4 host=65542 gc_pages=29548 gc_count=1486 waf_q16=95081 best=18 next=22 settled=0
[873024.221968] NVMeVirt: WATGC_V2 sample ns=0 part=1 epoch=1 window=24 phase=measure evaluated=22 k=4 scale_pct=100 age_ratio=7 host=65555 gc_pages=5026 gc_count=1103 waf_q16=70560 best=22 next=23 settled=0
[873024.247972] NVMeVirt: WATGC_V2 sample ns=0 part=0 epoch=1 window=24 phase=measure evaluated=22 k=4 scale_pct=100 age_ratio=7 host=65573 gc_pages=4603 gc_count=1097 waf_q16=70136 best=22 next=23 settled=0
[873024.304176] NVMeVirt: WATGC_V2 sample ns=0 part=2 epoch=1 window=24 phase=measure evaluated=22 k=4 scale_pct=100 age_ratio=7 host=65551 gc_pages=6225 gc_count=1122 waf_q16=71759 best=22 next=23 settled=0
[873024.449122] NVMeVirt: WATGC_V2 sample ns=0 part=3 epoch=1 window=24 phase=measure evaluated=22 k=4 scale_pct=100 age_ratio=7 host=65578 gc_pages=6857 gc_count=1132 waf_q16=72388 best=22 next=23 settled=0
[873034.074626] NVMeVirt: WATGC_V2 sample ns=0 part=1 epoch=1 window=25 phase=measure evaluated=23 k=4 scale_pct=100 age_ratio=16 host=65571 gc_pages=50933 gc_count=1820 waf_q16=116441 best=22 next=24 settled=0
[873034.094440] NVMeVirt: WATGC_V2 sample ns=0 part=0 epoch=1 window=25 phase=measure evaluated=23 k=4 scale_pct=100 age_ratio=16 host=65548 gc_pages=52236 gc_count=1840 waf_q16=117762 best=22 next=24 settled=0
[873034.128709] NVMeVirt: WATGC_V2 sample ns=0 part=2 epoch=1 window=25 phase=measure evaluated=23 k=4 scale_pct=100 age_ratio=16 host=65563 gc_pages=51581 gc_count=1830 waf_q16=117095 best=22 next=24 settled=0
[873034.264430] NVMeVirt: WATGC_V2 sample ns=0 part=3 epoch=1 window=25 phase=measure evaluated=23 k=4 scale_pct=100 age_ratio=16 host=65569 gc_pages=54198 gc_count=1871 waf_q16=119706 best=22 next=24 settled=0
[873043.892325] NVMeVirt: WATGC_V2 sample ns=0 part=1 epoch=1 window=26 phase=measure evaluated=24 k=4 scale_pct=200 age_ratio=4 host=65560 gc_pages=39460 gc_count=1641 waf_q16=104981 best=22 next=25 settled=0
[873043.936382] NVMeVirt: WATGC_V2 sample ns=0 part=0 epoch=1 window=26 phase=measure evaluated=24 k=4 scale_pct=200 age_ratio=4 host=65565 gc_pages=39588 gc_count=1643 waf_q16=105106 best=22 next=25 settled=0
[873043.957458] NVMeVirt: WATGC_V2 sample ns=0 part=2 epoch=1 window=26 phase=measure evaluated=24 k=4 scale_pct=200 age_ratio=4 host=65544 gc_pages=39543 gc_count=1642 waf_q16=105074 best=22 next=25 settled=0
[873044.102814] NVMeVirt: WATGC_V2 sample ns=0 part=3 epoch=1 window=26 phase=measure evaluated=24 k=4 scale_pct=200 age_ratio=4 host=65546 gc_pages=39863 gc_count=1647 waf_q16=105392 best=22 next=25 settled=0
[873053.733650] NVMeVirt: WATGC_V2 sample ns=0 part=1 epoch=1 window=27 phase=measure evaluated=25 k=4 scale_pct=200 age_ratio=7 host=65552 gc_pages=36142 gc_count=1589 waf_q16=101669 best=22 next=26 settled=0
[873053.774026] NVMeVirt: WATGC_V2 sample ns=0 part=0 epoch=1 window=27 phase=measure evaluated=25 k=4 scale_pct=200 age_ratio=7 host=65543 gc_pages=36215 gc_count=1590 waf_q16=101747 best=22 next=26 settled=0
[873053.805694] NVMeVirt: WATGC_V2 sample ns=0 part=2 epoch=1 window=27 phase=measure evaluated=25 k=4 scale_pct=200 age_ratio=7 host=65567 gc_pages=35999 gc_count=1587 waf_q16=101517 best=22 next=26 settled=0
[873053.923980] NVMeVirt: WATGC_V2 sample ns=0 part=3 epoch=1 window=27 phase=measure evaluated=25 k=4 scale_pct=200 age_ratio=7 host=65570 gc_pages=36122 gc_count=1589 waf_q16=101639 best=22 next=26 settled=0
[873063.569884] NVMeVirt: WATGC_V2 sample ns=0 part=0 epoch=1 window=28 phase=measure evaluated=26 k=4 scale_pct=200 age_ratio=16 host=65558 gc_pages=34795 gc_count=1568 waf_q16=100319 best=22 next=27 settled=0
[873063.586174] NVMeVirt: WATGC_V2 sample ns=0 part=1 epoch=1 window=28 phase=measure evaluated=26 k=4 scale_pct=200 age_ratio=16 host=65561 gc_pages=34602 gc_count=1565 waf_q16=100124 best=22 next=27 settled=0
[873063.655370] NVMeVirt: WATGC_V2 sample ns=0 part=2 epoch=1 window=28 phase=measure evaluated=26 k=4 scale_pct=200 age_ratio=16 host=65563 gc_pages=34729 gc_count=1567 waf_q16=100250 best=22 next=27 settled=0
[873063.750789] NVMeVirt: WATGC_V2 sample ns=0 part=3 epoch=1 window=28 phase=measure evaluated=26 k=4 scale_pct=200 age_ratio=16 host=65549 gc_pages=34996 gc_count=1571 waf_q16=100525 best=22 next=27 settled=0
[873073.004104] mix-mixL-online-4157130 phase=A cycle=4 slow
[873075.041613] NVMeVirt: WATGC_V2 sample ns=0 part=1 epoch=1 window=29 phase=measure evaluated=27 k=4 scale_pct=400 age_ratio=4 host=65563 gc_pages=40930 gc_count=1664 waf_q16=106449 best=22 next=28 settled=0
[873075.070620] NVMeVirt: WATGC_V2 sample ns=0 part=0 epoch=1 window=29 phase=measure evaluated=27 k=4 scale_pct=400 age_ratio=4 host=65557 gc_pages=41258 gc_count=1669 waf_q16=106780 best=22 next=28 settled=0
[873075.334734] NVMeVirt: WATGC_V2 sample ns=0 part=2 epoch=1 window=29 phase=measure evaluated=27 k=4 scale_pct=400 age_ratio=4 host=65547 gc_pages=40815 gc_count=1662 waf_q16=106344 best=22 next=28 settled=0
[873075.888395] NVMeVirt: WATGC_V2 sample ns=0 part=3 epoch=1 window=29 phase=measure evaluated=27 k=4 scale_pct=400 age_ratio=4 host=65541 gc_pages=40827 gc_count=1662 waf_q16=106359 best=22 next=28 settled=0
[873114.340536] NVMeVirt: WATGC_V2 sample ns=0 part=1 epoch=1 window=30 phase=measure evaluated=28 k=4 scale_pct=400 age_ratio=7 host=65549 gc_pages=33975 gc_count=1555 waf_q16=99504 best=22 next=29 settled=0
[873114.369948] NVMeVirt: WATGC_V2 sample ns=0 part=0 epoch=1 window=30 phase=measure evaluated=28 k=4 scale_pct=400 age_ratio=7 host=65544 gc_pages=33982 gc_count=1555 waf_q16=99513 best=22 next=29 settled=0
[873114.678309] NVMeVirt: WATGC_V2 sample ns=0 part=2 epoch=1 window=30 phase=measure evaluated=28 k=4 scale_pct=400 age_ratio=7 host=65577 gc_pages=34004 gc_count=1556 waf_q16=99518 best=22 next=29 settled=0
[873115.306139] NVMeVirt: WATGC_V2 sample ns=0 part=3 epoch=1 window=30 phase=measure evaluated=28 k=4 scale_pct=400 age_ratio=7 host=65572 gc_pages=34009 gc_count=1556 waf_q16=99526 best=22 next=29 settled=0
[873133.319558] mix-mixL-online-4157130 phase=A cycle=5 fast
[873138.660152] NVMeVirt: WATGC_V2 sample ns=0 part=1 epoch=1 window=31 phase=measure evaluated=29 k=4 scale_pct=400 age_ratio=16 host=65588 gc_pages=29195 gc_count=1481 waf_q16=94707 best=22 next=30 settled=0
[873138.685570] NVMeVirt: WATGC_V2 sample ns=0 part=0 epoch=1 window=31 phase=measure evaluated=29 k=4 scale_pct=400 age_ratio=16 host=65576 gc_pages=28248 gc_count=1466 waf_q16=93766 best=22 next=30 settled=0
[873138.746544] NVMeVirt: WATGC_V2 sample ns=0 part=2 epoch=1 window=31 phase=measure evaluated=29 k=4 scale_pct=400 age_ratio=16 host=65552 gc_pages=29799 gc_count=1490 waf_q16=95327 best=22 next=30 settled=0
[873138.949154] NVMeVirt: WATGC_V2 sample ns=0 part=3 epoch=1 window=31 phase=measure evaluated=29 k=4 scale_pct=400 age_ratio=16 host=65572 gc_pages=28559 gc_count=1471 waf_q16=94079 best=22 next=30 settled=0
[873148.491396] NVMeVirt: WATGC_V2 sample ns=0 part=1 epoch=1 window=32 phase=measure evaluated=30 k=7 scale_pct=25 age_ratio=4 host=65570 gc_pages=6501 gc_count=1126 waf_q16=72033 best=22 next=31 settled=0
[873148.531783] NVMeVirt: WATGC_V2 sample ns=0 part=0 epoch=1 window=32 phase=measure evaluated=30 k=7 scale_pct=25 age_ratio=4 host=65596 gc_pages=6084 gc_count=1120 waf_q16=71614 best=22 next=31 settled=0
[873148.594043] NVMeVirt: WATGC_V2 sample ns=0 part=2 epoch=1 window=32 phase=measure evaluated=30 k=7 scale_pct=25 age_ratio=4 host=65542 gc_pages=5451 gc_count=1109 waf_q16=70986 best=30 next=31 settled=0
[873148.779836] NVMeVirt: WATGC_V2 sample ns=0 part=3 epoch=1 window=32 phase=measure evaluated=30 k=7 scale_pct=25 age_ratio=4 host=65547 gc_pages=7761 gc_count=1145 waf_q16=73295 best=22 next=31 settled=0
[873158.337408] NVMeVirt: WATGC_V2 sample ns=0 part=1 epoch=1 window=33 phase=measure evaluated=31 k=7 scale_pct=25 age_ratio=7 host=65563 gc_pages=40559 gc_count=1658 waf_q16=106078 best=22 next=32 settled=0
[873158.388772] NVMeVirt: WATGC_V2 sample ns=0 part=0 epoch=1 window=33 phase=measure evaluated=31 k=7 scale_pct=25 age_ratio=7 host=65546 gc_pages=40760 gc_count=1661 waf_q16=106289 best=22 next=32 settled=0
[873158.413615] NVMeVirt: WATGC_V2 sample ns=0 part=2 epoch=1 window=33 phase=measure evaluated=31 k=7 scale_pct=25 age_ratio=7 host=65576 gc_pages=41048 gc_count=1666 waf_q16=106558 best=30 next=32 settled=0
[873158.599671] NVMeVirt: WATGC_V2 sample ns=0 part=3 epoch=1 window=33 phase=measure evaluated=31 k=7 scale_pct=25 age_ratio=7 host=65550 gc_pages=40499 gc_count=1657 waf_q16=106026 best=22 next=32 settled=0
[873168.181508] NVMeVirt: WATGC_V2 sample ns=0 part=1 epoch=1 window=34 phase=measure evaluated=32 k=7 scale_pct=25 age_ratio=16 host=65555 gc_pages=29937 gc_count=1492 waf_q16=95464 best=22 next=33 settled=0
[873168.216381] NVMeVirt: WATGC_V2 sample ns=0 part=0 epoch=1 window=34 phase=measure evaluated=32 k=7 scale_pct=25 age_ratio=16 host=65563 gc_pages=29903 gc_count=1492 waf_q16=95426 best=22 next=33 settled=0
[873168.262674] NVMeVirt: WATGC_V2 sample ns=0 part=2 epoch=1 window=34 phase=measure evaluated=32 k=7 scale_pct=25 age_ratio=16 host=65555 gc_pages=30363 gc_count=1499 waf_q16=95890 best=30 next=33 settled=0
[873168.415257] NVMeVirt: WATGC_V2 sample ns=0 part=3 epoch=1 window=34 phase=measure evaluated=32 k=7 scale_pct=25 age_ratio=16 host=65570 gc_pages=29194 gc_count=1481 waf_q16=94714 best=22 next=33 settled=0
[873178.022804] NVMeVirt: WATGC_V2 sample ns=0 part=1 epoch=1 window=35 phase=measure evaluated=33 k=7 scale_pct=50 age_ratio=4 host=65541 gc_pages=27259 gc_count=1450 waf_q16=92792 best=22 next=34 settled=0
[873178.041277] NVMeVirt: WATGC_V2 sample ns=0 part=0 epoch=1 window=35 phase=measure evaluated=33 k=7 scale_pct=50 age_ratio=4 host=65545 gc_pages=27323 gc_count=1451 waf_q16=92855 best=22 next=34 settled=0
[873178.094104] NVMeVirt: WATGC_V2 sample ns=0 part=2 epoch=1 window=35 phase=measure evaluated=33 k=7 scale_pct=50 age_ratio=4 host=65554 gc_pages=27310 gc_count=1451 waf_q16=92838 best=30 next=34 settled=0
[873178.257443] NVMeVirt: WATGC_V2 sample ns=0 part=3 epoch=1 window=35 phase=measure evaluated=33 k=7 scale_pct=50 age_ratio=4 host=65574 gc_pages=27098 gc_count=1448 waf_q16=92618 best=22 next=34 settled=0
[873187.850530] NVMeVirt: WATGC_V2 sample ns=0 part=1 epoch=1 window=36 phase=measure evaluated=34 k=7 scale_pct=50 age_ratio=7 host=65552 gc_pages=38387 gc_count=1624 waf_q16=103913 best=22 next=35 settled=0
[873187.852232] NVMeVirt: WATGC_V2 sample ns=0 part=0 epoch=1 window=36 phase=measure evaluated=34 k=7 scale_pct=50 age_ratio=7 host=65552 gc_pages=38389 gc_count=1624 waf_q16=103915 best=22 next=35 settled=0
[873187.950742] NVMeVirt: WATGC_V2 sample ns=0 part=2 epoch=1 window=36 phase=measure evaluated=34 k=7 scale_pct=50 age_ratio=7 host=65566 gc_pages=38885 gc_count=1632 waf_q16=104403 best=30 next=35 settled=0
[873188.092912] NVMeVirt: WATGC_V2 sample ns=0 part=3 epoch=1 window=36 phase=measure evaluated=34 k=7 scale_pct=50 age_ratio=7 host=65562 gc_pages=39078 gc_count=1635 waf_q16=104598 best=22 next=35 settled=0
[873193.621446] mix-mixL-online-4157130 phase=A cycle=5 slow
[873210.186400] NVMeVirt: WATGC_V2 sample ns=0 part=1 epoch=1 window=37 phase=measure evaluated=35 k=7 scale_pct=50 age_ratio=16 host=65547 gc_pages=33630 gc_count=1550 waf_q16=99160 best=22 next=36 settled=0
[873210.282401] NVMeVirt: WATGC_V2 sample ns=0 part=0 epoch=1 window=37 phase=measure evaluated=35 k=7 scale_pct=50 age_ratio=16 host=65575 gc_pages=33179 gc_count=1543 waf_q16=98695 best=22 next=36 settled=0
[873210.683231] NVMeVirt: WATGC_V2 sample ns=0 part=2 epoch=1 window=37 phase=measure evaluated=35 k=7 scale_pct=50 age_ratio=16 host=65576 gc_pages=31771 gc_count=1521 waf_q16=97287 best=30 next=36 settled=0
[873211.495224] NVMeVirt: WATGC_V2 sample ns=0 part=3 epoch=1 window=37 phase=measure evaluated=35 k=7 scale_pct=50 age_ratio=16 host=65570 gc_pages=32538 gc_count=1533 waf_q16=98057 best=22 next=36 settled=0
[873249.487025] NVMeVirt: WATGC_V2 sample ns=0 part=1 epoch=1 window=38 phase=measure evaluated=36 k=7 scale_pct=100 age_ratio=4 host=65540 gc_pages=30780 gc_count=1505 waf_q16=96314 best=22 next=38 settled=0
[873249.711857] NVMeVirt: WATGC_V2 sample ns=0 part=0 epoch=1 window=38 phase=measure evaluated=36 k=7 scale_pct=100 age_ratio=4 host=65539 gc_pages=30389 gc_count=1499 waf_q16=95923 best=22 next=38 settled=0
[873250.036552] NVMeVirt: WATGC_V2 sample ns=0 part=2 epoch=1 window=38 phase=measure evaluated=36 k=7 scale_pct=100 age_ratio=4 host=65556 gc_pages=30432 gc_count=1500 waf_q16=95958 best=30 next=38 settled=0
[873250.747504] NVMeVirt: WATGC_V2 sample ns=0 part=3 epoch=1 window=38 phase=measure evaluated=36 k=7 scale_pct=100 age_ratio=4 host=65542 gc_pages=30967 gc_count=1508 waf_q16=96500 best=22 next=38 settled=0
[873253.931603] mix-mixL-online-4157130 phase=A END
[873253.939972] NVMeVirt: Measurement: command=stop epoch=1 host_bytes=61442269184 learner_active=0
[873254.010824] EXT4-fs (nvme0n1): unmounting filesystem 66a0a8fe-d6a9-446d-a26c-d4a6b186e085.
[873254.071661] pci_bus 0001:10: busn_res: [bus 10-ff] is released
[873254.071728] NVMeVirt: WATGC_V2 summary ns=0 part=0 epoch=1 windows=38 epoch_windows=38 discarded=0 visited=38 covered=0 settled=0 phase=1 current=38 best=22 k=4 scale_pct=100 age_ratio=7 best_waf_valid=1 best_waf_q16=70136
[873254.071733] NVMeVirt: WATGC_V2 summary ns=0 part=1 epoch=1 windows=38 epoch_windows=38 discarded=0 visited=38 covered=0 settled=0 phase=1 current=38 best=22 k=4 scale_pct=100 age_ratio=7 best_waf_valid=1 best_waf_q16=70560
[873254.071736] NVMeVirt: WATGC_V2 summary ns=0 part=2 epoch=1 windows=38 epoch_windows=38 discarded=0 visited=38 covered=0 settled=0 phase=1 current=38 best=30 k=7 scale_pct=25 age_ratio=4 best_waf_valid=1 best_waf_q16=70986
[873254.071739] NVMeVirt: WATGC_V2 summary ns=0 part=3 epoch=1 windows=38 epoch_windows=38 discarded=0 visited=38 covered=0 settled=0 phase=1 current=38 best=22 k=4 scale_pct=100 age_ratio=7 best_waf_valid=1 best_waf_q16=72388
[873254.071742] NVMeVirt: GC stats: ns=0 policy=watgc-v2 host_pages=15000554 gc_pages=11524880 gc_count=414460 WAF=1.768 warmup_gc=100-per-part
[873254.145751] NVMeVirt: Virtual NVMe device closed
