[2433800.372318] mix-scrWP-fixed47-2394891 BEGIN
[2433800.509364] NVMeVirt: Version 1.10 for >> Samsung 970 Pro SSD <<
[2433800.509373] NVMeVirt: Storage: 0x100100000-0x300000000 (8191 MiB)
[2433800.520550] NVMeVirt: Total Capacity(GiB,MiB)=2,2048 chs=2 luns=4 lines=8192 blk-size(MiB,KiB)=0,64 line-size(MiB,KiB)=0,256
[2433800.532034] NVMeVirt: [chmodel_init] bandwidth 800 max_credits 26 tx_time 152
[2433800.543543] NVMeVirt: [chmodel_init] bandwidth 800 max_credits 26 tx_time 152
[2433800.543562] NVMeVirt: [chmodel_init] bandwidth 3360 max_credits 110 tx_time 36
[2433800.543566] NVMeVirt: Fixed CAT init ns=0 part=0 arm=47 k=10 scale_pct=25 age_ratio=16
[2433800.544817] NVMeVirt: pqueue: Copyright (c) 2014, Volkan Yazıcı <volkan.yazici@gmail.com>. All rights reserved.
[2433800.544861] NVMeVirt: Init FTL instance with 2 channels (524288 pages)
[2433800.544863] NVMeVirt: GC victim policy: cat-fig7-fixed ns=0 part=0 initial_k=10 initial_scale_pct=25 initial_age_ratio=16 warmup_gc=100
[2433800.556174] NVMeVirt: [chmodel_init] bandwidth 800 max_credits 26 tx_time 152
[2433800.566533] NVMeVirt: [chmodel_init] bandwidth 800 max_credits 26 tx_time 152
[2433800.566547] NVMeVirt: [chmodel_init] bandwidth 3360 max_credits 110 tx_time 36
[2433800.566549] NVMeVirt: Fixed CAT init ns=0 part=1 arm=47 k=10 scale_pct=25 age_ratio=16
[2433800.567549] NVMeVirt: Init FTL instance with 2 channels (524288 pages)
[2433800.567551] NVMeVirt: GC victim policy: cat-fig7-fixed ns=0 part=1 initial_k=10 initial_scale_pct=25 initial_age_ratio=16 warmup_gc=100
[2433800.578066] NVMeVirt: [chmodel_init] bandwidth 800 max_credits 26 tx_time 152
[2433800.588491] NVMeVirt: [chmodel_init] bandwidth 800 max_credits 26 tx_time 152
[2433800.588506] NVMeVirt: [chmodel_init] bandwidth 3360 max_credits 110 tx_time 36
[2433800.588507] NVMeVirt: Fixed CAT init ns=0 part=2 arm=47 k=10 scale_pct=25 age_ratio=16
[2433800.589452] NVMeVirt: Init FTL instance with 2 channels (524288 pages)
[2433800.589455] NVMeVirt: GC victim policy: cat-fig7-fixed ns=0 part=2 initial_k=10 initial_scale_pct=25 initial_age_ratio=16 warmup_gc=100
[2433800.599795] NVMeVirt: [chmodel_init] bandwidth 800 max_credits 26 tx_time 152
[2433800.610149] NVMeVirt: [chmodel_init] bandwidth 800 max_credits 26 tx_time 152
[2433800.610170] NVMeVirt: [chmodel_init] bandwidth 3360 max_credits 110 tx_time 36
[2433800.610172] NVMeVirt: Fixed CAT init ns=0 part=3 arm=47 k=10 scale_pct=25 age_ratio=16
[2433800.611468] NVMeVirt: Init FTL instance with 2 channels (524288 pages)
[2433800.611471] NVMeVirt: GC victim policy: cat-fig7-fixed ns=0 part=3 initial_k=10 initial_scale_pct=25 initial_age_ratio=16 warmup_gc=100
[2433800.611479] NVMeVirt: FTL physical space: 8588886016, logical space: 8026996276 (physical/logical * 100 = 107)
[2433800.611481] NVMeVirt: ns 0/1: size 7655 MiB
[2433800.611550] PCI host bridge to bus 0001:10
[2433800.611553] pci_bus 0001:10: root bus resource [io  0x0000-0xffff]
[2433800.611556] pci_bus 0001:10: root bus resource [mem 0x00000000-0x7fffffffff]
[2433800.611559] pci_bus 0001:10: root bus resource [bus 00-ff]
[2433800.611568] pci 0001:10:00.0: [0c51:0110] type 00 class 0x010802 PCIe Endpoint
[2433800.611572] pci 0001:10:00.0: BAR 0 [mem 0x100000000-0x100003fff 64bit]
[2433800.611574] pci 0001:10:00.0: enabling Extended Tags
[2433800.611722] NVMeVirt: Virtual PCI bus created (node 0)
[2433800.612062] NVMeVirt: nvmev_dispatcher started on cpu 1 (node 0)
[2433800.612110] NVMeVirt: Virtual NVMe device created
[2433800.612284] nvme nvme0: pci function 0001:10:00.0
[2433800.613534] NVMeVirt: nvmev_io_worker_0 started on cpu 2 (node 0)
[2433800.614970] nvme nvme0: 8/0/0 default/read/poll queues
[2433801.315017] EXT4-fs (nvme0n1): mounted filesystem 0d4e98cf-d9a9-451e-b1d8-c290553073fc r/w with ordered data mode. Quota mode: none.
[2433883.518750] NVMeVirt: Fixed CAT init ns=0 part=0 arm=47 k=10 scale_pct=25 age_ratio=16
[2433883.518755] NVMeVirt: Fixed CAT init ns=0 part=1 arm=47 k=10 scale_pct=25 age_ratio=16
[2433883.518757] NVMeVirt: Fixed CAT init ns=0 part=2 arm=47 k=10 scale_pct=25 age_ratio=16
[2433883.518759] NVMeVirt: Fixed CAT init ns=0 part=3 arm=47 k=10 scale_pct=25 age_ratio=16
[2433883.518760] NVMeVirt: Measurement: command=start epoch=1 host_bytes=0 learner_active=1
[2433883.561783] mix-scrWP-fixed47-2394891 phase=A START
[2434512.365259] audit: type=1400 audit(1791558016.107:5628): apparmor="DENIED" operation="capable" class="cap" profile="/usr/sbin/cupsd" pid=2395971 comm="cupsd" capability=12  capname="net_admin"
[2434548.230029] audit: type=1400 audit(1791558051.969:5629): apparmor="DENIED" operation="open" class="file" profile="snap.firmware-updater.firmware-notifier" name="/proc/sys/vm/max_map_count" pid=2396166 comm="firmware-notifi" requested_mask="r" denied_mask="r" fsuid=1000 ouid=0
[2434549.401249] audit: type=1400 audit(1791558053.140:5630): apparmor="DENIED" operation="open" class="file" profile="snap.firmware-updater.firmware-notifier" name="/proc/sys/vm/max_map_count" pid=2396425 comm="firmware-notifi" requested_mask="r" denied_mask="r" fsuid=1000 ouid=0
[2434550.355729] audit: type=1400 audit(1791558054.094:5631): apparmor="DENIED" operation="open" class="file" profile="snap.firmware-updater.firmware-notifier" name="/proc/sys/vm/max_map_count" pid=2396497 comm="firmware-notifi" requested_mask="r" denied_mask="r" fsuid=1000 ouid=0
[2434551.328018] audit: type=1400 audit(1791558055.066:5632): apparmor="DENIED" operation="open" class="file" profile="snap.firmware-updater.firmware-notifier" name="/proc/sys/vm/max_map_count" pid=2396566 comm="firmware-notifi" requested_mask="r" denied_mask="r" fsuid=1000 ouid=0
[2434552.045424] audit: type=1400 audit(1791558055.784:5633): apparmor="DENIED" operation="open" class="file" profile="snap.firmware-updater.firmware-notifier" name="/proc/sys/vm/max_map_count" pid=2396637 comm="firmware-notifi" requested_mask="r" denied_mask="r" fsuid=1000 ouid=0
[2434640.848286] audit: type=1107 audit(1791558144.576:5634): pid=1434 uid=101 auid=4294967295 ses=4294967295 subj=unconfined msg='apparmor="DENIED" operation="dbus_signal"  bus="system" path="/com/redhat/PrinterSpooler" interface="com.redhat.PrinterSpooler" member="QueueChanged" mask="send" name="org.freedesktop.DBus" pid=2346525 label="snap.cups.cupsd" peer_pid=4752 peer_label="unconfined"
[2434641.976332] audit: type=1107 audit(1791558145.708:5635): pid=1434 uid=101 auid=4294967295 ses=4294967295 subj=unconfined msg='apparmor="DENIED" operation="dbus_signal"  bus="system" path="/com/redhat/PrinterSpooler" interface="com.redhat.PrinterSpooler" member="QueueChanged" mask="send" name="org.freedesktop.DBus" pid=2346525 label="snap.cups.cupsd" peer_pid=4752 peer_label="unconfined"
[2434712.189415] audit: type=1107 audit(1791558215.916:5636): pid=1434 uid=101 auid=4294967295 ses=4294967295 subj=unconfined msg='apparmor="DENIED" operation="dbus_signal"  bus="system" path="/com/redhat/PrinterSpooler" interface="com.redhat.PrinterSpooler" member="QueueChanged" mask="send" name="org.freedesktop.DBus" pid=2346525 label="snap.cups.cupsd" peer_pid=4752 peer_label="unconfined"
[2434749.354401] audit: type=1107 audit(1791558253.078:5637): pid=1434 uid=101 auid=4294967295 ses=4294967295 subj=unconfined msg='apparmor="DENIED" operation="dbus_signal"  bus="system" path="/com/redhat/PrinterSpooler" interface="com.redhat.PrinterSpooler" member="QueueChanged" mask="send" name="org.freedesktop.DBus" pid=2346525 label="snap.cups.cupsd" peer_pid=4752 peer_label="unconfined"
[2434853.616919] audit: type=1107 audit(1791558357.335:5638): pid=1434 uid=101 auid=4294967295 ses=4294967295 subj=unconfined msg='apparmor="DENIED" operation="dbus_signal"  bus="system" path="/com/redhat/PrinterSpooler" interface="com.redhat.PrinterSpooler" member="QueueChanged" mask="send" name="org.freedesktop.DBus" pid=2346525 label="snap.cups.cupsd" peer_pid=4752 peer_label="unconfined"
[2434891.807995] audit: type=1107 audit(1791558395.524:5639): pid=1434 uid=101 auid=4294967295 ses=4294967295 subj=unconfined msg='apparmor="DENIED" operation="dbus_signal"  bus="system" path="/com/redhat/PrinterSpooler" interface="com.redhat.PrinterSpooler" member="QueueChanged" mask="send" name="org.freedesktop.DBus" pid=2346525 label="snap.cups.cupsd" peer_pid=4752 peer_label="unconfined"
[2434902.988720] audit: type=1107 audit(1791558406.704:5640): pid=1434 uid=101 auid=4294967295 ses=4294967295 subj=unconfined msg='apparmor="DENIED" operation="dbus_signal"  bus="system" path="/com/redhat/PrinterSpooler" interface="com.redhat.PrinterSpooler" member="QueueChanged" mask="send" name="org.freedesktop.DBus" pid=2346525 label="snap.cups.cupsd" peer_pid=4752 peer_label="unconfined"
[2435687.810022] mix-scrWP-fixed47-2394891 phase=A chunk=1/1 done
[2435688.587926] mix-scrWP-fixed47-2394891 phase=A END
[2435688.594610] NVMeVirt: Measurement: command=stop epoch=1 host_bytes=15353315328 learner_active=0
[2435688.692817] EXT4-fs (nvme0n1): unmounting filesystem 0d4e98cf-d9a9-451e-b1d8-c290553073fc.
[2435688.758881] pci_bus 0001:10: busn_res: [bus 10-ff] is released
[2435688.758956] NVMeVirt: GC stats: ns=0 policy=cat-fig7-fixed host_pages=3748368 gc_pages=160597 gc_count=61078 WAF=1.042 warmup_gc=100-per-part
[2435688.830904] NVMeVirt: Virtual NVMe device closed
