[1694560.477542] mix-mixH-arm31-2216249 BEGIN
[1694560.597938] NVMeVirt: Version 1.10 for >> Samsung 970 Pro SSD <<
[1694560.597947] NVMeVirt: Storage: 0x100100000-0x300000000 (8191 MiB)
[1694560.610353] NVMeVirt: Total Capacity(GiB,MiB)=2,2048 chs=2 luns=4 lines=8192 blk-size(MiB,KiB)=0,64 line-size(MiB,KiB)=0,256
[1694560.624913] NVMeVirt: [chmodel_init] bandwidth 800 max_credits 26 tx_time 152
[1694560.636915] NVMeVirt: [chmodel_init] bandwidth 800 max_credits 26 tx_time 152
[1694560.636932] NVMeVirt: [chmodel_init] bandwidth 3360 max_credits 110 tx_time 36
[1694560.636935] NVMeVirt: Fixed CAT init ns=0 part=0 arm=31 k=7 scale_pct=25 age_ratio=7
[1694560.638323] NVMeVirt: pqueue: Copyright (c) 2014, Volkan Yazıcı <volkan.yazici@gmail.com>. All rights reserved.
[1694560.638366] NVMeVirt: Init FTL instance with 2 channels (524288 pages)
[1694560.638368] NVMeVirt: GC victim policy: cat-fig7-fixed ns=0 part=0 initial_k=7 initial_scale_pct=25 initial_age_ratio=7 warmup_gc=100
[1694560.649965] NVMeVirt: [chmodel_init] bandwidth 800 max_credits 26 tx_time 152
[1694560.662169] NVMeVirt: [chmodel_init] bandwidth 800 max_credits 26 tx_time 152
[1694560.662191] NVMeVirt: [chmodel_init] bandwidth 3360 max_credits 110 tx_time 36
[1694560.662194] NVMeVirt: Fixed CAT init ns=0 part=1 arm=31 k=7 scale_pct=25 age_ratio=7
[1694560.663997] NVMeVirt: Init FTL instance with 2 channels (524288 pages)
[1694560.664005] NVMeVirt: GC victim policy: cat-fig7-fixed ns=0 part=1 initial_k=7 initial_scale_pct=25 initial_age_ratio=7 warmup_gc=100
[1694560.676905] NVMeVirt: [chmodel_init] bandwidth 800 max_credits 26 tx_time 152
[1694560.689303] NVMeVirt: [chmodel_init] bandwidth 800 max_credits 26 tx_time 152
[1694560.689319] NVMeVirt: [chmodel_init] bandwidth 3360 max_credits 110 tx_time 36
[1694560.689321] NVMeVirt: Fixed CAT init ns=0 part=2 arm=31 k=7 scale_pct=25 age_ratio=7
[1694560.690997] NVMeVirt: Init FTL instance with 2 channels (524288 pages)
[1694560.691004] NVMeVirt: GC victim policy: cat-fig7-fixed ns=0 part=2 initial_k=7 initial_scale_pct=25 initial_age_ratio=7 warmup_gc=100
[1694560.701993] NVMeVirt: [chmodel_init] bandwidth 800 max_credits 26 tx_time 152
[1694560.715621] NVMeVirt: [chmodel_init] bandwidth 800 max_credits 26 tx_time 152
[1694560.715640] NVMeVirt: [chmodel_init] bandwidth 3360 max_credits 110 tx_time 36
[1694560.715643] NVMeVirt: Fixed CAT init ns=0 part=3 arm=31 k=7 scale_pct=25 age_ratio=7
[1694560.717199] NVMeVirt: Init FTL instance with 2 channels (524288 pages)
[1694560.717204] NVMeVirt: GC victim policy: cat-fig7-fixed ns=0 part=3 initial_k=7 initial_scale_pct=25 initial_age_ratio=7 warmup_gc=100
[1694560.717211] NVMeVirt: FTL physical space: 8588886016, logical space: 8026996276 (physical/logical * 100 = 107)
[1694560.717213] NVMeVirt: ns 0/1: size 7655 MiB
[1694560.717272] PCI host bridge to bus 0001:10
[1694560.717275] pci_bus 0001:10: root bus resource [io  0x0000-0xffff]
[1694560.717278] pci_bus 0001:10: root bus resource [mem 0x00000000-0x7fffffffff]
[1694560.717280] pci_bus 0001:10: root bus resource [bus 00-ff]
[1694560.717288] pci 0001:10:00.0: [0c51:0110] type 00 class 0x010802 PCIe Endpoint
[1694560.717292] pci 0001:10:00.0: BAR 0 [mem 0x100000000-0x100003fff 64bit]
[1694560.717294] pci 0001:10:00.0: enabling Extended Tags
[1694560.717431] NVMeVirt: Virtual PCI bus created (node 0)
[1694560.717713] NVMeVirt: nvmev_io_worker_0 started on cpu 2 (node 0)
[1694560.717857] NVMeVirt: Virtual NVMe device created
[1694560.717929] NVMeVirt: nvmev_dispatcher started on cpu 1 (node 0)
[1694560.717999] nvme nvme0: pci function 0001:10:00.0
[1694560.720275] nvme nvme0: 8/0/0 default/read/poll queues
[1694561.102220] EXT4-fs (nvme0n1): mounted filesystem d4654ece-87af-4c06-a10c-2cab945e3312 r/w with ordered data mode. Quota mode: none.
[1694643.514706] NVMeVirt: Fixed CAT init ns=0 part=0 arm=31 k=7 scale_pct=25 age_ratio=7
[1694643.514712] NVMeVirt: Fixed CAT init ns=0 part=1 arm=31 k=7 scale_pct=25 age_ratio=7
[1694643.514727] NVMeVirt: Fixed CAT init ns=0 part=2 arm=31 k=7 scale_pct=25 age_ratio=7
[1694643.514730] NVMeVirt: Fixed CAT init ns=0 part=3 arm=31 k=7 scale_pct=25 age_ratio=7
[1694643.514731] NVMeVirt: Measurement: command=start epoch=1 host_bytes=0 learner_active=1
[1694643.523902] mix-mixH-arm31-2216249 phase=A START
[1695243.900837] mix-mixH-arm31-2216249 phase=A END
[1695243.908842] mix-mixH-arm31-2216249 phase=B START
[1695844.240643] mix-mixH-arm31-2216249 phase=B END
[1695844.250229] mix-mixH-arm31-2216249 phase=C START
[1695844.263374] mix-mixH-arm31-2216249 phase=C LOAD
[1695877.485750] mix-mixH-arm31-2216249 phase=C RUN
[1695882.125927] tee (2221773): drop_caches: 3
[1695887.492316] tee (2221781): drop_caches: 3
[1695892.910206] tee (2221824): drop_caches: 3
[1695898.815960] tee (2221874): drop_caches: 3
[1695904.230417] tee (2221878): drop_caches: 3
[1695909.828334] tee (2221882): drop_caches: 3
[1695914.947081] tee (2221892): drop_caches: 3
[1695920.370509] tee (2221898): drop_caches: 3
[1695925.806704] tee (2221902): drop_caches: 3
[1695930.882113] tee (2221906): drop_caches: 3
[1695936.130199] tee (2221910): drop_caches: 3
[1695941.470544] tee (2221917): drop_caches: 3
[1695946.358674] tee (2221927): drop_caches: 3
[1695951.950558] tee (2221943): drop_caches: 3
[1695957.332727] tee (2221947): drop_caches: 3
[1695962.503778] tee (2221951): drop_caches: 3
[1695967.714877] tee (2221972): drop_caches: 3
[1695973.595531] tee (2221983): drop_caches: 3
[1695978.304034] tee (2221991): drop_caches: 3
[1695983.551283] tee (2221995): drop_caches: 3
[1695988.684085] tee (2221999): drop_caches: 3
[1695993.819053] tee (2222004): drop_caches: 3
[1695999.089879] tee (2222008): drop_caches: 3
[1696004.351160] tee (2222018): drop_caches: 3
[1696009.103865] tee (2222025): drop_caches: 3
[1696014.358467] tee (2222039): drop_caches: 3
[1696019.401527] tee (2222043): drop_caches: 3
[1696024.520318] tee (2222047): drop_caches: 3
[1696029.831541] tee (2222052): drop_caches: 3
[1696035.091258] tee (2222062): drop_caches: 3
[1696039.668649] tee (2222067): drop_caches: 3
[1696045.160756] tee (2222073): drop_caches: 3
[1696050.213829] tee (2222079): drop_caches: 3
[1696056.597088] tee (2222135): drop_caches: 3
[1696062.525596] tee (2222139): drop_caches: 3
[1696069.016952] tee (2222148): drop_caches: 3
[1696073.654292] tee (2222163): drop_caches: 3
[1696079.205825] tee (2222170): drop_caches: 3
[1696084.418389] tee (2222174): drop_caches: 3
[1696089.660669] tee (2222178): drop_caches: 3
[1696095.634960] tee (2222189): drop_caches: 3
[1696100.885576] tee (2222193): drop_caches: 3
[1696105.525339] tee (2222200): drop_caches: 3
[1696111.009634] tee (2222204): drop_caches: 3
[1696116.234351] tee (2222208): drop_caches: 3
[1696121.430060] tee (2222214): drop_caches: 3
[1696126.686819] tee (2222223): drop_caches: 3
[1696132.144404] tee (2222242): drop_caches: 3
[1696136.638287] tee (2222250): drop_caches: 3
[1696141.897157] tee (2222254): drop_caches: 3
[1696147.149079] tee (2222258): drop_caches: 3
[1696153.652499] tee (2222264): drop_caches: 3
[1696158.953418] tee (2222273): drop_caches: 3
[1696164.156504] tee (2222277): drop_caches: 3
[1696168.555900] tee (2222286): drop_caches: 3
[1696173.780196] tee (2222290): drop_caches: 3
[1696178.893256] tee (2222294): drop_caches: 3
[1696184.126708] tee (2222298): drop_caches: 3
[1696188.995444] tee (2222310): drop_caches: 3
[1696194.276208] tee (2222324): drop_caches: 3
[1696198.685309] tee (2222331): drop_caches: 3
[1696204.102896] tee (2222335): drop_caches: 3
[1696209.404306] tee (2222340): drop_caches: 3
[1696214.534005] tee (2222344): drop_caches: 3
[1696220.011670] tee (2222353): drop_caches: 3
[1696225.285067] tee (2222357): drop_caches: 3
[1696229.697490] tee (2222364): drop_caches: 3
[1696239.303589] tee (2222388): drop_caches: 3
[1696243.081211] mix-mixH-arm31-2216249 phase=C END
[1696243.480857] NVMeVirt: Measurement: command=stop epoch=1 host_bytes=156453933056 learner_active=0
[1696246.959499] EXT4-fs (nvme0n1): unmounting filesystem d4654ece-87af-4c06-a10c-2cab945e3312.
[1696247.420287] pci_bus 0001:10: busn_res: [bus 10-ff] is released
[1696247.420399] NVMeVirt: GC stats: ns=0 policy=cat-fig7-fixed host_pages=38196761 gc_pages=27714918 gc_count=1029870 WAF=1.725 warmup_gc=100-per-part
[1696247.502370] NVMeVirt: Virtual NVMe device closed
