[282060.124951] NVMeVirt: Version 1.10 for >> Samsung 970 Pro SSD <<
[282060.124958] NVMeVirt: Storage: 0x100100000-0x300000000 (8191 MiB)
[282060.135830] NVMeVirt: Total Capacity(GiB,MiB)=2,2048 chs=2 luns=4 lines=8192 blk-size(MiB,KiB)=0,64 line-size(MiB,KiB)=0,256
[282060.146463] NVMeVirt: [chmodel_init] bandwidth 800 max_credits 26 tx_time 152
[282060.157158] NVMeVirt: [chmodel_init] bandwidth 800 max_credits 26 tx_time 152
[282060.157172] NVMeVirt: [chmodel_init] bandwidth 3360 max_credits 110 tx_time 36
[282060.157174] NVMeVirt: Fixed CAT init ns=0 part=0 arm=10 k=2 scale_pct=200 age_ratio=7
[282060.158461] NVMeVirt: pqueue: Copyright (c) 2014, Volkan Yazıcı <volkan.yazici@gmail.com>. All rights reserved.
[282060.158499] NVMeVirt: Init FTL instance with 2 channels (524288 pages)
[282060.158501] NVMeVirt: GC victim policy: cat-fig7-fixed ns=0 part=0 initial_k=2 initial_scale_pct=200 initial_age_ratio=7 warmup_gc=100
[282060.168932] NVMeVirt: [chmodel_init] bandwidth 800 max_credits 26 tx_time 152
[282060.179712] NVMeVirt: [chmodel_init] bandwidth 800 max_credits 26 tx_time 152
[282060.179726] NVMeVirt: [chmodel_init] bandwidth 3360 max_credits 110 tx_time 36
[282060.179729] NVMeVirt: Fixed CAT init ns=0 part=1 arm=10 k=2 scale_pct=200 age_ratio=7
[282060.180976] NVMeVirt: Init FTL instance with 2 channels (524288 pages)
[282060.180979] NVMeVirt: GC victim policy: cat-fig7-fixed ns=0 part=1 initial_k=2 initial_scale_pct=200 initial_age_ratio=7 warmup_gc=100
[282060.191234] NVMeVirt: [chmodel_init] bandwidth 800 max_credits 26 tx_time 152
[282060.201441] NVMeVirt: [chmodel_init] bandwidth 800 max_credits 26 tx_time 152
[282060.201455] NVMeVirt: [chmodel_init] bandwidth 3360 max_credits 110 tx_time 36
[282060.201457] NVMeVirt: Fixed CAT init ns=0 part=2 arm=10 k=2 scale_pct=200 age_ratio=7
[282060.202780] NVMeVirt: Init FTL instance with 2 channels (524288 pages)
[282060.202783] NVMeVirt: GC victim policy: cat-fig7-fixed ns=0 part=2 initial_k=2 initial_scale_pct=200 initial_age_ratio=7 warmup_gc=100
[282060.212758] NVMeVirt: [chmodel_init] bandwidth 800 max_credits 26 tx_time 152
[282060.223113] NVMeVirt: [chmodel_init] bandwidth 800 max_credits 26 tx_time 152
[282060.223127] NVMeVirt: [chmodel_init] bandwidth 3360 max_credits 110 tx_time 36
[282060.223129] NVMeVirt: Fixed CAT init ns=0 part=3 arm=10 k=2 scale_pct=200 age_ratio=7
[282060.224472] NVMeVirt: Init FTL instance with 2 channels (524288 pages)
[282060.224475] NVMeVirt: GC victim policy: cat-fig7-fixed ns=0 part=3 initial_k=2 initial_scale_pct=200 initial_age_ratio=7 warmup_gc=100
[282060.224480] NVMeVirt: FTL physical space: 8588886016, logical space: 8026996276 (physical/logical * 100 = 107)
[282060.224482] NVMeVirt: ns 0/1: size 7655 MiB
[282060.224532] PCI host bridge to bus 0001:10
[282060.224534] pci_bus 0001:10: root bus resource [io  0x0000-0xffff]
[282060.224537] pci_bus 0001:10: root bus resource [mem 0x00000000-0x7fffffffff]
[282060.224539] pci_bus 0001:10: root bus resource [bus 00-ff]
[282060.224561] pci 0001:10:00.0: [0c51:0110] type 00 class 0x010802 PCIe Endpoint
[282060.224565] pci 0001:10:00.0: BAR 0 [mem 0x100000000-0x100003fff 64bit]
[282060.224568] pci 0001:10:00.0: enabling Extended Tags
[282060.224720] NVMeVirt: Virtual PCI bus created (node 0)
[282060.224950] NVMeVirt: nvmev_io_worker_0 started on cpu 2 (node 0)
[282060.224971] NVMeVirt: nvmev_dispatcher started on cpu 1 (node 0)
[282060.224996] NVMeVirt: Virtual NVMe device created
[282060.227180] nvme nvme0: pci function 0001:10:00.0
[282060.231774] nvme nvme0: 8/0/0 default/read/poll queues
[282061.000887] EXT4-fs (nvme0n1): mounted filesystem 10aa5325-6401-4e71-986a-b3bfe44158e4 r/w with ordered data mode. Quota mode: none.
[282061.475442] iCAT_SQLITE_LOAD_START run=20260915-020631-446652
[282290.366017] iCAT_SQLITE_LOAD_END run=20260915-020631-446652
[282290.972157] tee (447020): drop_caches: 3
[282292.614020] iCAT_SQLITE_RUN_START run=20260915-020631-446652
[282294.414460] tee (447066): drop_caches: 3
[282300.965996] tee (447088): drop_caches: 3
[282306.469274] tee (447094): drop_caches: 3
[282312.124526] tee (447100): drop_caches: 3
[282317.537970] tee (447106): drop_caches: 3
[282322.951802] tee (447113): drop_caches: 3
[282328.588177] tee (447119): drop_caches: 3
[282334.009153] tee (447123): drop_caches: 3
[282339.407278] tee (447128): drop_caches: 3
[282344.907624] tee (447132): drop_caches: 3
[282350.994108] tee (447139): drop_caches: 3
[282356.605425] tee (447150): drop_caches: 3
[282361.997550] tee (447157): drop_caches: 3
[282367.642692] tee (447162): drop_caches: 3
[282373.157275] tee (447175): drop_caches: 3
[282378.627138] tee (447179): drop_caches: 3
[282388.353379] tee (447197): drop_caches: 3
[282394.219847] tee (447213): drop_caches: 3
[282399.738029] tee (447221): drop_caches: 3
[282405.230970] tee (447226): drop_caches: 3
[282410.992044] tee (447232): drop_caches: 3
[282416.550190] tee (447236): drop_caches: 3
[282422.234513] tee (447244): drop_caches: 3
[282427.768486] tee (447248): drop_caches: 3
[282433.179808] tee (447254): drop_caches: 3
[282438.665834] tee (447259): drop_caches: 3
[282444.172911] tee (447265): drop_caches: 3
[282449.721705] tee (447270): drop_caches: 3
[282455.206294] tee (447290): drop_caches: 3
[282460.942712] tee (447294): drop_caches: 3
[282466.612133] tee (447300): drop_caches: 3
[282472.249688] tee (447308): drop_caches: 3
[282477.851781] tee (447312): drop_caches: 3
[282483.558255] tee (447318): drop_caches: 3
[282489.024775] tee (447322): drop_caches: 3
[282494.507706] tee (447328): drop_caches: 3
[282500.064164] tee (447337): drop_caches: 3
[282505.500994] tee (447343): drop_caches: 3
[282510.936602] tee (447348): drop_caches: 3
[282516.301750] tee (447354): drop_caches: 3
[282521.985138] tee (447358): drop_caches: 3
[282527.383365] tee (447362): drop_caches: 3
[282533.207273] tee (447369): drop_caches: 3
[282538.583633] tee (447373): drop_caches: 3
[282544.154680] tee (447379): drop_caches: 3
[282549.637991] tee (447383): drop_caches: 3
[282555.328252] tee (447389): drop_caches: 3
[282560.823231] tee (447393): drop_caches: 3
[282566.281907] tee (447399): drop_caches: 3
[282571.142206] tee (447407): drop_caches: 3
[282576.625010] tee (447414): drop_caches: 3
[282582.197082] tee (447418): drop_caches: 3
[282587.619862] tee (447422): drop_caches: 3
[282592.999839] tee (447426): drop_caches: 3
[282598.442437] tee (447432): drop_caches: 3
[282603.830018] tee (447438): drop_caches: 3
[282609.300244] tee (447442): drop_caches: 3
[282615.168453] tee (447448): drop_caches: 3
[282620.887550] tee (447452): drop_caches: 3
[282626.322670] tee (447459): drop_caches: 3
[282631.860714] tee (447463): drop_caches: 3
[282637.350844] tee (447469): drop_caches: 3
[282642.635676] tee (447473): drop_caches: 3
[282648.393270] tee (447479): drop_caches: 3
[282653.955312] tee (447483): drop_caches: 3
[282659.717239] tee (447493): drop_caches: 3
[282665.243505] tee (447497): drop_caches: 3
[282670.695594] tee (447501): drop_caches: 3
[282676.456736] tee (447507): drop_caches: 3
[282682.104404] tee (447513): drop_caches: 3
[282689.861590] tee (447541): drop_caches: 3
[282696.163983] tee (447557): drop_caches: 3
[282702.460155] tee (447567): drop_caches: 3
[282707.996835] tee (447573): drop_caches: 3
[282713.326768] tee (447577): drop_caches: 3
[282718.703168] tee (447584): drop_caches: 3
[282724.011787] tee (447590): drop_caches: 3
[282729.617077] tee (447594): drop_caches: 3
[282735.214817] tee (447598): drop_caches: 3
[282740.881435] tee (447605): drop_caches: 3
[282746.233959] tee (447611): drop_caches: 3
[282751.766141] tee (447626): drop_caches: 3
[282757.151056] tee (447634): drop_caches: 3
[282762.688073] tee (447640): drop_caches: 3
[282768.704502] tee (447648): drop_caches: 3
[282773.957584] tee (447652): drop_caches: 3
[282780.148714] tee (447661): drop_caches: 3
[282786.170530] tee (447665): drop_caches: 3
[282791.490496] tee (447669): drop_caches: 3
[282797.179367] tee (447674): drop_caches: 3
[282802.357125] tee (447688): drop_caches: 3
[282808.378537] tee (447699): drop_caches: 3
[282814.918883] tee (447704): drop_caches: 3
[282821.920386] tee (447711): drop_caches: 3
[282828.773575] tee (447715): drop_caches: 3
[282835.877405] tee (447719): drop_caches: 3
[282842.404379] tee (447727): drop_caches: 3
[282849.253273] tee (447731): drop_caches: 3
[282856.227450] tee (447735): drop_caches: 3
[282864.019607] tee (447743): drop_caches: 3
[282871.249256] tee (447751): drop_caches: 3
[282878.753610] tee (447797): drop_caches: 3
[282886.648298] tee (447825): drop_caches: 3
[282896.748003] tee (447833): drop_caches: 3
[282904.621623] tee (447868): drop_caches: 3
[282912.059536] tee (447874): drop_caches: 3
[282918.526490] tee (447878): drop_caches: 3
[282925.425596] tee (447886): drop_caches: 3
[282931.900930] tee (447895): drop_caches: 3
[282938.279092] tee (447899): drop_caches: 3
[282945.574456] tee (447905): drop_caches: 3
[282952.131128] tee (447909): drop_caches: 3
[282958.810968] tee (447915): drop_caches: 3
[282966.082423] tee (447923): drop_caches: 3
[282972.897776] tee (447929): drop_caches: 3
[282980.636077] tee (447941): drop_caches: 3
[282988.606088] tee (447960): drop_caches: 3
[282997.853919] tee (447968): drop_caches: 3
[283004.723180] tee (447974): drop_caches: 3
[283011.759917] tee (447980): drop_caches: 3
[283019.070938] tee (447986): drop_caches: 3
[283023.844310] iCAT_SQLITE_RUN_END run=20260915-020631-446652
[283025.781120] EXT4-fs (nvme0n1): unmounting filesystem 10aa5325-6401-4e71-986a-b3bfe44158e4.
[283026.480889] pci_bus 0001:10: busn_res: [bus 10-ff] is released
[283026.480933] NVMeVirt: GC stats: ns=0 policy=cat-fig7-fixed host_pages=14705485 gc_pages=4151146 gc_count=294628 WAF=1.282 warmup_gc=100-per-part
[283026.551745] NVMeVirt: Virtual NVMe device closed
