[293180.670718] NVMeVirt: Version 1.10 for >> Samsung 970 Pro SSD <<
[293180.670724] NVMeVirt: Storage: 0x100100000-0x300000000 (8191 MiB)
[293180.681271] NVMeVirt: Total Capacity(GiB,MiB)=2,2048 chs=2 luns=4 lines=8192 blk-size(MiB,KiB)=0,64 line-size(MiB,KiB)=0,256
[293180.691703] NVMeVirt: [chmodel_init] bandwidth 800 max_credits 26 tx_time 152
[293180.702511] NVMeVirt: [chmodel_init] bandwidth 800 max_credits 26 tx_time 152
[293180.702528] NVMeVirt: [chmodel_init] bandwidth 3360 max_credits 110 tx_time 36
[293180.702530] NVMeVirt: WATGC_V2 init ns=0 part=0 arms=60 initial=37 prior=none gamma_q16=65503 exploration_q16=16384
[293180.703447] NVMeVirt: pqueue: Copyright (c) 2014, Volkan Yazıcı <volkan.yazici@gmail.com>. All rights reserved.
[293180.703484] NVMeVirt: Init FTL instance with 2 channels (524288 pages)
[293180.703485] NVMeVirt: GC victim policy: watgc-v2 ns=0 part=0 initial_k=7 initial_scale_pct=100 initial_age_ratio=7 warmup_gc=100
[293180.713651] NVMeVirt: [chmodel_init] bandwidth 800 max_credits 26 tx_time 152
[293180.723969] NVMeVirt: [chmodel_init] bandwidth 800 max_credits 26 tx_time 152
[293180.723983] NVMeVirt: [chmodel_init] bandwidth 3360 max_credits 110 tx_time 36
[293180.723986] NVMeVirt: WATGC_V2 init ns=0 part=1 arms=60 initial=37 prior=none gamma_q16=65503 exploration_q16=16384
[293180.724911] NVMeVirt: Init FTL instance with 2 channels (524288 pages)
[293180.724914] NVMeVirt: GC victim policy: watgc-v2 ns=0 part=1 initial_k=7 initial_scale_pct=100 initial_age_ratio=7 warmup_gc=100
[293180.734967] NVMeVirt: [chmodel_init] bandwidth 800 max_credits 26 tx_time 152
[293180.745205] NVMeVirt: [chmodel_init] bandwidth 800 max_credits 26 tx_time 152
[293180.745220] NVMeVirt: [chmodel_init] bandwidth 3360 max_credits 110 tx_time 36
[293180.745222] NVMeVirt: WATGC_V2 init ns=0 part=2 arms=60 initial=37 prior=none gamma_q16=65503 exploration_q16=16384
[293180.746205] NVMeVirt: Init FTL instance with 2 channels (524288 pages)
[293180.746208] NVMeVirt: GC victim policy: watgc-v2 ns=0 part=2 initial_k=7 initial_scale_pct=100 initial_age_ratio=7 warmup_gc=100
[293180.756399] NVMeVirt: [chmodel_init] bandwidth 800 max_credits 26 tx_time 152
[293180.766740] NVMeVirt: [chmodel_init] bandwidth 800 max_credits 26 tx_time 152
[293180.766754] NVMeVirt: [chmodel_init] bandwidth 3360 max_credits 110 tx_time 36
[293180.766757] NVMeVirt: WATGC_V2 init ns=0 part=3 arms=60 initial=37 prior=none gamma_q16=65503 exploration_q16=16384
[293180.767774] NVMeVirt: Init FTL instance with 2 channels (524288 pages)
[293180.767777] NVMeVirt: GC victim policy: watgc-v2 ns=0 part=3 initial_k=7 initial_scale_pct=100 initial_age_ratio=7 warmup_gc=100
[293180.767782] NVMeVirt: FTL physical space: 8588886016, logical space: 8026996276 (physical/logical * 100 = 107)
[293180.767784] NVMeVirt: ns 0/1: size 7655 MiB
[293180.767831] PCI host bridge to bus 0001:10
[293180.767834] pci_bus 0001:10: root bus resource [io  0x0000-0xffff]
[293180.767837] pci_bus 0001:10: root bus resource [mem 0x00000000-0x7fffffffff]
[293180.767840] pci_bus 0001:10: root bus resource [bus 00-ff]
[293180.767848] pci 0001:10:00.0: [0c51:0110] type 00 class 0x010802 PCIe Endpoint
[293180.767853] pci 0001:10:00.0: BAR 0 [mem 0x100000000-0x100003fff 64bit]
[293180.767857] pci 0001:10:00.0: enabling Extended Tags
[293180.768011] NVMeVirt: Virtual PCI bus created (node 0)
[293180.768235] NVMeVirt: nvmev_io_worker_0 started on cpu 2 (node 0)
[293180.768267] NVMeVirt: nvmev_dispatcher started on cpu 1 (node 0)
[293180.768308] NVMeVirt: Virtual NVMe device created
[293180.768480] nvme nvme0: pci function 0001:10:00.0
[293180.773171] nvme nvme0: 8/0/0 default/read/poll queues
[293181.678806] EXT4-fs (nvme0n1): mounted filesystem 4d4a3690-eb3a-47b9-abb0-15b6508aebf0 r/w with ordered data mode. Quota mode: none.
[293182.194708] iCAT_SQLITE_LOAD_START run=20260915-051151-688340
[293224.977793] NVMeVirt: WATGC_V2 warmup-done ns=0 part=0 gc_count=100
[293225.137084] NVMeVirt: WATGC_V2 warmup-done ns=0 part=1 gc_count=100
[293225.194579] NVMeVirt: WATGC_V2 warmup-done ns=0 part=2 gc_count=100
[293225.785367] NVMeVirt: WATGC_V2 warmup-done ns=0 part=3 gc_count=100
[293232.157659] NVMeVirt: WATGC_V2 sample ns=0 part=0 epoch=1 window=1 phase=measure evaluated=37 k=7 scale_pct=100 age_ratio=7 host=65536 gc_pages=0 gc_count=1024 waf_q16=65536 best=37 next=0 settled=0
[293232.228662] NVMeVirt: WATGC_V2 sample ns=0 part=1 epoch=1 window=1 phase=measure evaluated=37 k=7 scale_pct=100 age_ratio=7 host=65536 gc_pages=0 gc_count=1024 waf_q16=65536 best=37 next=0 settled=0
[293232.400946] NVMeVirt: WATGC_V2 sample ns=0 part=2 epoch=1 window=1 phase=measure evaluated=37 k=7 scale_pct=100 age_ratio=7 host=65536 gc_pages=0 gc_count=1024 waf_q16=65536 best=37 next=0 settled=0
[293233.021574] NVMeVirt: WATGC_V2 sample ns=0 part=3 epoch=1 window=1 phase=measure evaluated=37 k=7 scale_pct=100 age_ratio=7 host=65536 gc_pages=0 gc_count=1024 waf_q16=65536 best=37 next=0 settled=0
[293237.882277] NVMeVirt: WATGC_V2 sample ns=0 part=0 epoch=1 window=2 phase=measure evaluated=0 k=2 scale_pct=25 age_ratio=4 host=65536 gc_pages=0 gc_count=1024 waf_q16=65536 best=37 next=1 settled=0
[293237.931419] NVMeVirt: WATGC_V2 sample ns=0 part=1 epoch=1 window=2 phase=measure evaluated=0 k=2 scale_pct=25 age_ratio=4 host=65536 gc_pages=0 gc_count=1024 waf_q16=65536 best=37 next=1 settled=0
[293238.121348] NVMeVirt: WATGC_V2 sample ns=0 part=2 epoch=1 window=2 phase=measure evaluated=0 k=2 scale_pct=25 age_ratio=4 host=65536 gc_pages=0 gc_count=1024 waf_q16=65536 best=37 next=1 settled=0
[293238.609518] NVMeVirt: WATGC_V2 sample ns=0 part=3 epoch=1 window=2 phase=measure evaluated=0 k=2 scale_pct=25 age_ratio=4 host=65536 gc_pages=0 gc_count=1024 waf_q16=65536 best=37 next=1 settled=0
[293245.224353] NVMeVirt: WATGC_V2 sample ns=0 part=0 epoch=1 window=3 phase=measure evaluated=1 k=2 scale_pct=25 age_ratio=7 host=65536 gc_pages=0 gc_count=1024 waf_q16=65536 best=37 next=2 settled=0
[293245.255856] NVMeVirt: WATGC_V2 sample ns=0 part=1 epoch=1 window=3 phase=measure evaluated=1 k=2 scale_pct=25 age_ratio=7 host=65536 gc_pages=0 gc_count=1024 waf_q16=65536 best=37 next=2 settled=0
[293245.540067] NVMeVirt: WATGC_V2 sample ns=0 part=2 epoch=1 window=3 phase=measure evaluated=1 k=2 scale_pct=25 age_ratio=7 host=65536 gc_pages=0 gc_count=1024 waf_q16=65536 best=37 next=2 settled=0
[293245.910605] NVMeVirt: WATGC_V2 sample ns=0 part=3 epoch=1 window=3 phase=measure evaluated=1 k=2 scale_pct=25 age_ratio=7 host=65536 gc_pages=0 gc_count=1024 waf_q16=65536 best=37 next=2 settled=0
[293250.418405] NVMeVirt: WATGC_V2 sample ns=0 part=1 epoch=1 window=4 phase=measure evaluated=2 k=2 scale_pct=25 age_ratio=16 host=65536 gc_pages=0 gc_count=1024 waf_q16=65536 best=37 next=3 settled=0
[293250.419310] NVMeVirt: WATGC_V2 sample ns=0 part=0 epoch=1 window=4 phase=measure evaluated=2 k=2 scale_pct=25 age_ratio=16 host=65536 gc_pages=0 gc_count=1024 waf_q16=65536 best=37 next=3 settled=0
[293250.783253] NVMeVirt: WATGC_V2 sample ns=0 part=2 epoch=1 window=4 phase=measure evaluated=2 k=2 scale_pct=25 age_ratio=16 host=65536 gc_pages=0 gc_count=1024 waf_q16=65536 best=37 next=3 settled=0
[293251.099315] NVMeVirt: WATGC_V2 sample ns=0 part=3 epoch=1 window=4 phase=measure evaluated=2 k=2 scale_pct=25 age_ratio=16 host=65536 gc_pages=0 gc_count=1024 waf_q16=65536 best=37 next=3 settled=0
[293255.544821] NVMeVirt: WATGC_V2 sample ns=0 part=1 epoch=1 window=5 phase=measure evaluated=3 k=2 scale_pct=50 age_ratio=4 host=65536 gc_pages=0 gc_count=1024 waf_q16=65536 best=37 next=4 settled=0
[293255.576390] NVMeVirt: WATGC_V2 sample ns=0 part=0 epoch=1 window=5 phase=measure evaluated=3 k=2 scale_pct=50 age_ratio=4 host=65536 gc_pages=0 gc_count=1024 waf_q16=65536 best=37 next=4 settled=0
[293255.940184] NVMeVirt: WATGC_V2 sample ns=0 part=2 epoch=1 window=5 phase=measure evaluated=3 k=2 scale_pct=50 age_ratio=4 host=65536 gc_pages=0 gc_count=1024 waf_q16=65536 best=37 next=4 settled=0
[293256.254308] NVMeVirt: WATGC_V2 sample ns=0 part=3 epoch=1 window=5 phase=measure evaluated=3 k=2 scale_pct=50 age_ratio=4 host=65536 gc_pages=0 gc_count=1024 waf_q16=65536 best=37 next=4 settled=0
[293260.675785] NVMeVirt: WATGC_V2 sample ns=0 part=1 epoch=1 window=6 phase=measure evaluated=4 k=2 scale_pct=50 age_ratio=7 host=65536 gc_pages=0 gc_count=1024 waf_q16=65536 best=37 next=5 settled=0
[293260.716577] NVMeVirt: WATGC_V2 sample ns=0 part=0 epoch=1 window=6 phase=measure evaluated=4 k=2 scale_pct=50 age_ratio=7 host=65536 gc_pages=0 gc_count=1024 waf_q16=65536 best=37 next=5 settled=0
[293261.088889] NVMeVirt: WATGC_V2 sample ns=0 part=2 epoch=1 window=6 phase=measure evaluated=4 k=2 scale_pct=50 age_ratio=7 host=65536 gc_pages=0 gc_count=1024 waf_q16=65536 best=37 next=5 settled=0
[293261.376179] NVMeVirt: WATGC_V2 sample ns=0 part=3 epoch=1 window=6 phase=measure evaluated=4 k=2 scale_pct=50 age_ratio=7 host=65536 gc_pages=0 gc_count=1024 waf_q16=65536 best=37 next=5 settled=0
[293265.826044] NVMeVirt: WATGC_V2 sample ns=0 part=1 epoch=1 window=7 phase=measure evaluated=5 k=2 scale_pct=50 age_ratio=16 host=65536 gc_pages=0 gc_count=1024 waf_q16=65536 best=37 next=6 settled=0
[293265.865668] NVMeVirt: WATGC_V2 sample ns=0 part=0 epoch=1 window=7 phase=measure evaluated=5 k=2 scale_pct=50 age_ratio=16 host=65536 gc_pages=0 gc_count=1024 waf_q16=65536 best=37 next=6 settled=0
[293266.261701] NVMeVirt: WATGC_V2 sample ns=0 part=2 epoch=1 window=7 phase=measure evaluated=5 k=2 scale_pct=50 age_ratio=16 host=65536 gc_pages=0 gc_count=1024 waf_q16=65536 best=37 next=6 settled=0
[293266.578324] NVMeVirt: WATGC_V2 sample ns=0 part=3 epoch=1 window=7 phase=measure evaluated=5 k=2 scale_pct=50 age_ratio=16 host=65536 gc_pages=0 gc_count=1024 waf_q16=65536 best=37 next=6 settled=0
[293270.945721] NVMeVirt: WATGC_V2 sample ns=0 part=1 epoch=1 window=8 phase=measure evaluated=6 k=2 scale_pct=100 age_ratio=4 host=65536 gc_pages=0 gc_count=1024 waf_q16=65536 best=37 next=7 settled=0
[293270.985282] NVMeVirt: WATGC_V2 sample ns=0 part=0 epoch=1 window=8 phase=measure evaluated=6 k=2 scale_pct=100 age_ratio=4 host=65536 gc_pages=0 gc_count=1024 waf_q16=65536 best=37 next=7 settled=0
[293271.363833] NVMeVirt: WATGC_V2 sample ns=0 part=2 epoch=1 window=8 phase=measure evaluated=6 k=2 scale_pct=100 age_ratio=4 host=65536 gc_pages=0 gc_count=1024 waf_q16=65536 best=37 next=7 settled=0
[293271.685197] NVMeVirt: WATGC_V2 sample ns=0 part=3 epoch=1 window=8 phase=measure evaluated=6 k=2 scale_pct=100 age_ratio=4 host=65536 gc_pages=0 gc_count=1024 waf_q16=65536 best=37 next=7 settled=0
[293276.078210] NVMeVirt: WATGC_V2 sample ns=0 part=1 epoch=1 window=9 phase=measure evaluated=7 k=2 scale_pct=100 age_ratio=7 host=65536 gc_pages=0 gc_count=1024 waf_q16=65536 best=37 next=8 settled=0
[293276.120725] NVMeVirt: WATGC_V2 sample ns=0 part=0 epoch=1 window=9 phase=measure evaluated=7 k=2 scale_pct=100 age_ratio=7 host=65536 gc_pages=0 gc_count=1024 waf_q16=65536 best=37 next=8 settled=0
[293276.560397] NVMeVirt: WATGC_V2 sample ns=0 part=2 epoch=1 window=9 phase=measure evaluated=7 k=2 scale_pct=100 age_ratio=7 host=65536 gc_pages=0 gc_count=1024 waf_q16=65536 best=37 next=8 settled=0
[293276.852547] NVMeVirt: WATGC_V2 sample ns=0 part=3 epoch=1 window=9 phase=measure evaluated=7 k=2 scale_pct=100 age_ratio=7 host=65536 gc_pages=0 gc_count=1024 waf_q16=65536 best=37 next=8 settled=0
[293281.306140] NVMeVirt: WATGC_V2 sample ns=0 part=1 epoch=1 window=10 phase=measure evaluated=8 k=2 scale_pct=100 age_ratio=16 host=65536 gc_pages=0 gc_count=1024 waf_q16=65536 best=37 next=9 settled=0
[293281.355553] NVMeVirt: WATGC_V2 sample ns=0 part=0 epoch=1 window=10 phase=measure evaluated=8 k=2 scale_pct=100 age_ratio=16 host=65536 gc_pages=0 gc_count=1024 waf_q16=65536 best=37 next=9 settled=0
[293281.794707] NVMeVirt: WATGC_V2 sample ns=0 part=2 epoch=1 window=10 phase=measure evaluated=8 k=2 scale_pct=100 age_ratio=16 host=65536 gc_pages=0 gc_count=1024 waf_q16=65536 best=37 next=9 settled=0
[293282.087686] NVMeVirt: WATGC_V2 sample ns=0 part=3 epoch=1 window=10 phase=measure evaluated=8 k=2 scale_pct=100 age_ratio=16 host=65536 gc_pages=0 gc_count=1024 waf_q16=65536 best=37 next=9 settled=0
[293287.059285] NVMeVirt: WATGC_V2 sample ns=0 part=1 epoch=1 window=11 phase=measure evaluated=9 k=2 scale_pct=200 age_ratio=4 host=65536 gc_pages=0 gc_count=1024 waf_q16=65536 best=37 next=10 settled=0
[293287.108753] NVMeVirt: WATGC_V2 sample ns=0 part=0 epoch=1 window=11 phase=measure evaluated=9 k=2 scale_pct=200 age_ratio=4 host=65536 gc_pages=0 gc_count=1024 waf_q16=65536 best=37 next=10 settled=0
[293287.560997] NVMeVirt: WATGC_V2 sample ns=0 part=2 epoch=1 window=11 phase=measure evaluated=9 k=2 scale_pct=200 age_ratio=4 host=65536 gc_pages=0 gc_count=1024 waf_q16=65536 best=37 next=10 settled=0
[293287.835500] NVMeVirt: WATGC_V2 sample ns=0 part=3 epoch=1 window=11 phase=measure evaluated=9 k=2 scale_pct=200 age_ratio=4 host=65536 gc_pages=0 gc_count=1024 waf_q16=65536 best=37 next=10 settled=0
[293292.270180] NVMeVirt: WATGC_V2 sample ns=0 part=1 epoch=1 window=12 phase=measure evaluated=10 k=2 scale_pct=200 age_ratio=7 host=65536 gc_pages=0 gc_count=1024 waf_q16=65536 best=37 next=11 settled=0
[293292.311021] NVMeVirt: WATGC_V2 sample ns=0 part=0 epoch=1 window=12 phase=measure evaluated=10 k=2 scale_pct=200 age_ratio=7 host=65536 gc_pages=0 gc_count=1024 waf_q16=65536 best=37 next=11 settled=0
[293292.773908] NVMeVirt: WATGC_V2 sample ns=0 part=2 epoch=1 window=12 phase=measure evaluated=10 k=2 scale_pct=200 age_ratio=7 host=65536 gc_pages=0 gc_count=1024 waf_q16=65536 best=37 next=11 settled=0
[293293.021699] NVMeVirt: WATGC_V2 sample ns=0 part=3 epoch=1 window=12 phase=measure evaluated=10 k=2 scale_pct=200 age_ratio=7 host=65536 gc_pages=0 gc_count=1024 waf_q16=65536 best=37 next=11 settled=0
[293297.441187] NVMeVirt: WATGC_V2 sample ns=0 part=0 epoch=1 window=13 phase=measure evaluated=11 k=2 scale_pct=200 age_ratio=16 host=65536 gc_pages=0 gc_count=1024 waf_q16=65536 best=37 next=12 settled=0
[293297.441422] NVMeVirt: WATGC_V2 sample ns=0 part=1 epoch=1 window=13 phase=measure evaluated=11 k=2 scale_pct=200 age_ratio=16 host=65536 gc_pages=0 gc_count=1024 waf_q16=65536 best=37 next=12 settled=0
[293297.964375] NVMeVirt: WATGC_V2 sample ns=0 part=2 epoch=1 window=13 phase=measure evaluated=11 k=2 scale_pct=200 age_ratio=16 host=65536 gc_pages=0 gc_count=1024 waf_q16=65536 best=37 next=12 settled=0
[293298.219073] NVMeVirt: WATGC_V2 sample ns=0 part=3 epoch=1 window=13 phase=measure evaluated=11 k=2 scale_pct=200 age_ratio=16 host=65536 gc_pages=0 gc_count=1024 waf_q16=65536 best=37 next=12 settled=0
[293302.559808] NVMeVirt: WATGC_V2 sample ns=0 part=0 epoch=1 window=14 phase=measure evaluated=12 k=2 scale_pct=400 age_ratio=4 host=65536 gc_pages=0 gc_count=1024 waf_q16=65536 best=37 next=13 settled=0
[293302.568313] NVMeVirt: WATGC_V2 sample ns=0 part=1 epoch=1 window=14 phase=measure evaluated=12 k=2 scale_pct=400 age_ratio=4 host=65536 gc_pages=0 gc_count=1024 waf_q16=65536 best=37 next=13 settled=0
[293303.129080] NVMeVirt: WATGC_V2 sample ns=0 part=2 epoch=1 window=14 phase=measure evaluated=12 k=2 scale_pct=400 age_ratio=4 host=65536 gc_pages=0 gc_count=1024 waf_q16=65536 best=37 next=13 settled=0
[293303.345730] NVMeVirt: WATGC_V2 sample ns=0 part=3 epoch=1 window=14 phase=measure evaluated=12 k=2 scale_pct=400 age_ratio=4 host=65536 gc_pages=0 gc_count=1024 waf_q16=65536 best=37 next=13 settled=0
[293308.546625] NVMeVirt: WATGC_V2 sample ns=0 part=0 epoch=1 window=15 phase=measure evaluated=13 k=2 scale_pct=400 age_ratio=7 host=65536 gc_pages=0 gc_count=1024 waf_q16=65536 best=37 next=14 settled=0
[293308.594362] NVMeVirt: WATGC_V2 sample ns=0 part=1 epoch=1 window=15 phase=measure evaluated=13 k=2 scale_pct=400 age_ratio=7 host=65536 gc_pages=0 gc_count=1024 waf_q16=65536 best=37 next=14 settled=0
[293309.382781] NVMeVirt: WATGC_V2 sample ns=0 part=2 epoch=1 window=15 phase=measure evaluated=13 k=2 scale_pct=400 age_ratio=7 host=65536 gc_pages=0 gc_count=1024 waf_q16=65536 best=37 next=14 settled=0
[293309.733586] NVMeVirt: WATGC_V2 sample ns=0 part=3 epoch=1 window=15 phase=measure evaluated=13 k=2 scale_pct=400 age_ratio=7 host=65536 gc_pages=0 gc_count=1024 waf_q16=65536 best=37 next=14 settled=0
[293315.257749] NVMeVirt: WATGC_V2 sample ns=0 part=0 epoch=1 window=16 phase=measure evaluated=14 k=2 scale_pct=400 age_ratio=16 host=65536 gc_pages=0 gc_count=1024 waf_q16=65536 best=37 next=15 settled=0
[293315.297906] NVMeVirt: WATGC_V2 sample ns=0 part=1 epoch=1 window=16 phase=measure evaluated=14 k=2 scale_pct=400 age_ratio=16 host=65536 gc_pages=0 gc_count=1024 waf_q16=65536 best=37 next=15 settled=0
[293315.875942] NVMeVirt: WATGC_V2 sample ns=0 part=2 epoch=1 window=16 phase=measure evaluated=14 k=2 scale_pct=400 age_ratio=16 host=65536 gc_pages=0 gc_count=1024 waf_q16=65536 best=37 next=15 settled=0
[293316.088121] NVMeVirt: WATGC_V2 sample ns=0 part=3 epoch=1 window=16 phase=measure evaluated=14 k=2 scale_pct=400 age_ratio=16 host=65536 gc_pages=0 gc_count=1024 waf_q16=65536 best=37 next=15 settled=0
[293321.047313] NVMeVirt: WATGC_V2 sample ns=0 part=0 epoch=1 window=17 phase=measure evaluated=15 k=4 scale_pct=25 age_ratio=4 host=65573 gc_pages=283 gc_count=1029 waf_q16=65818 best=37 next=16 settled=0
[293321.167830] NVMeVirt: WATGC_V2 sample ns=0 part=1 epoch=1 window=17 phase=measure evaluated=15 k=4 scale_pct=25 age_ratio=4 host=65550 gc_pages=243 gc_count=1028 waf_q16=65778 best=37 next=16 settled=0
[293322.003624] NVMeVirt: WATGC_V2 sample ns=0 part=2 epoch=1 window=17 phase=measure evaluated=15 k=4 scale_pct=25 age_ratio=4 host=65579 gc_pages=277 gc_count=1029 waf_q16=65812 best=37 next=16 settled=0
[293322.206595] NVMeVirt: WATGC_V2 sample ns=0 part=3 epoch=1 window=17 phase=measure evaluated=15 k=4 scale_pct=25 age_ratio=4 host=65580 gc_pages=275 gc_count=1029 waf_q16=65810 best=37 next=16 settled=0
[293327.000079] NVMeVirt: WATGC_V2 sample ns=0 part=0 epoch=1 window=18 phase=measure evaluated=16 k=4 scale_pct=25 age_ratio=7 host=65554 gc_pages=238 gc_count=1028 waf_q16=65773 best=37 next=17 settled=0
[293327.077981] NVMeVirt: WATGC_V2 sample ns=0 part=1 epoch=1 window=18 phase=measure evaluated=16 k=4 scale_pct=25 age_ratio=7 host=65582 gc_pages=274 gc_count=1029 waf_q16=65809 best=37 next=17 settled=0
[293327.703384] NVMeVirt: WATGC_V2 sample ns=0 part=2 epoch=1 window=18 phase=measure evaluated=16 k=4 scale_pct=25 age_ratio=7 host=65578 gc_pages=280 gc_count=1029 waf_q16=65815 best=37 next=17 settled=0
[293327.919967] NVMeVirt: WATGC_V2 sample ns=0 part=3 epoch=1 window=18 phase=measure evaluated=16 k=4 scale_pct=25 age_ratio=7 host=65545 gc_pages=246 gc_count=1028 waf_q16=65781 best=37 next=17 settled=0
[293332.467909] NVMeVirt: WATGC_V2 sample ns=0 part=0 epoch=1 window=19 phase=measure evaluated=17 k=4 scale_pct=25 age_ratio=16 host=65567 gc_pages=289 gc_count=1029 waf_q16=65824 best=37 next=18 settled=0
[293332.546583] NVMeVirt: WATGC_V2 sample ns=0 part=1 epoch=1 window=19 phase=measure evaluated=17 k=4 scale_pct=25 age_ratio=16 host=65563 gc_pages=293 gc_count=1029 waf_q16=65828 best=37 next=18 settled=0
[293333.197196] NVMeVirt: WATGC_V2 sample ns=0 part=2 epoch=1 window=19 phase=measure evaluated=17 k=4 scale_pct=25 age_ratio=16 host=65563 gc_pages=357 gc_count=1030 waf_q16=65892 best=37 next=18 settled=0
[293333.415563] NVMeVirt: WATGC_V2 sample ns=0 part=3 epoch=1 window=19 phase=measure evaluated=17 k=4 scale_pct=25 age_ratio=16 host=65591 gc_pages=329 gc_count=1030 waf_q16=65864 best=37 next=18 settled=0
[293339.119168] NVMeVirt: WATGC_V2 sample ns=0 part=0 epoch=1 window=20 phase=measure evaluated=18 k=4 scale_pct=50 age_ratio=4 host=65593 gc_pages=584 gc_count=1034 waf_q16=66119 best=37 next=19 settled=0
[293339.165730] NVMeVirt: WATGC_V2 sample ns=0 part=1 epoch=1 window=20 phase=measure evaluated=18 k=4 scale_pct=50 age_ratio=4 host=65554 gc_pages=623 gc_count=1034 waf_q16=66158 best=37 next=19 settled=0
[293340.190710] NVMeVirt: WATGC_V2 sample ns=0 part=2 epoch=1 window=20 phase=measure evaluated=18 k=4 scale_pct=50 age_ratio=4 host=65580 gc_pages=596 gc_count=1034 waf_q16=66131 best=37 next=19 settled=0
[293340.506368] NVMeVirt: WATGC_V2 sample ns=0 part=3 epoch=1 window=20 phase=measure evaluated=18 k=4 scale_pct=50 age_ratio=4 host=65551 gc_pages=561 gc_count=1033 waf_q16=66096 best=37 next=19 settled=0
[293345.720138] NVMeVirt: WATGC_V2 sample ns=0 part=0 epoch=1 window=21 phase=measure evaluated=19 k=4 scale_pct=50 age_ratio=7 host=65589 gc_pages=1611 gc_count=1050 waf_q16=67145 best=37 next=20 settled=0
[293345.832245] NVMeVirt: WATGC_V2 sample ns=0 part=1 epoch=1 window=21 phase=measure evaluated=19 k=4 scale_pct=50 age_ratio=7 host=65589 gc_pages=1611 gc_count=1050 waf_q16=67145 best=37 next=20 settled=0
[293346.833998] NVMeVirt: WATGC_V2 sample ns=0 part=2 epoch=1 window=21 phase=measure evaluated=19 k=4 scale_pct=50 age_ratio=7 host=65585 gc_pages=1870 gc_count=1054 waf_q16=67404 best=37 next=20 settled=0
[293347.146956] NVMeVirt: WATGC_V2 sample ns=0 part=3 epoch=1 window=21 phase=measure evaluated=19 k=4 scale_pct=50 age_ratio=7 host=65543 gc_pages=1846 gc_count=1053 waf_q16=67381 best=37 next=20 settled=0
[293351.573680] NVMeVirt: WATGC_V2 sample ns=0 part=0 epoch=1 window=22 phase=measure evaluated=20 k=4 scale_pct=50 age_ratio=16 host=65572 gc_pages=1638 gc_count=1050 waf_q16=67173 best=37 next=21 settled=0
[293351.691679] NVMeVirt: WATGC_V2 sample ns=0 part=1 epoch=1 window=22 phase=measure evaluated=20 k=4 scale_pct=50 age_ratio=16 host=65553 gc_pages=1333 gc_count=1045 waf_q16=66868 best=37 next=21 settled=0
[293352.438104] NVMeVirt: WATGC_V2 sample ns=0 part=2 epoch=1 window=22 phase=measure evaluated=20 k=4 scale_pct=50 age_ratio=16 host=65583 gc_pages=2321 gc_count=1061 waf_q16=67855 best=37 next=21 settled=0
[293352.661626] NVMeVirt: WATGC_V2 sample ns=0 part=3 epoch=1 window=22 phase=measure evaluated=20 k=4 scale_pct=50 age_ratio=16 host=65588 gc_pages=1933 gc_count=1055 waf_q16=67467 best=37 next=21 settled=0
[293356.935058] NVMeVirt: WATGC_V2 sample ns=0 part=0 epoch=1 window=23 phase=measure evaluated=21 k=4 scale_pct=100 age_ratio=4 host=65561 gc_pages=3108 gc_count=1073 waf_q16=68642 best=37 next=22 settled=0
[293357.023029] NVMeVirt: WATGC_V2 sample ns=0 part=1 epoch=1 window=23 phase=measure evaluated=21 k=4 scale_pct=100 age_ratio=4 host=65545 gc_pages=2932 gc_count=1070 waf_q16=68467 best=37 next=22 settled=0
[293357.804288] NVMeVirt: WATGC_V2 sample ns=0 part=2 epoch=1 window=23 phase=measure evaluated=21 k=4 scale_pct=100 age_ratio=4 host=65572 gc_pages=3036 gc_count=1072 waf_q16=68570 best=37 next=22 settled=0
[293358.064958] NVMeVirt: WATGC_V2 sample ns=0 part=3 epoch=1 window=23 phase=measure evaluated=21 k=4 scale_pct=100 age_ratio=4 host=65555 gc_pages=2932 gc_count=1070 waf_q16=68467 best=37 next=22 settled=0
[293362.335294] NVMeVirt: WATGC_V2 sample ns=0 part=0 epoch=1 window=24 phase=measure evaluated=22 k=4 scale_pct=100 age_ratio=7 host=65538 gc_pages=4746 gc_count=1098 waf_q16=70281 best=37 next=23 settled=0
[293362.433160] NVMeVirt: WATGC_V2 sample ns=0 part=1 epoch=1 window=24 phase=measure evaluated=22 k=4 scale_pct=100 age_ratio=7 host=65536 gc_pages=4544 gc_count=1095 waf_q16=70080 best=37 next=23 settled=0
[293363.222734] NVMeVirt: WATGC_V2 sample ns=0 part=2 epoch=1 window=24 phase=measure evaluated=22 k=4 scale_pct=100 age_ratio=7 host=65576 gc_pages=5597 gc_count=1112 waf_q16=71129 best=37 next=23 settled=0
[293363.524256] NVMeVirt: WATGC_V2 sample ns=0 part=3 epoch=1 window=24 phase=measure evaluated=22 k=4 scale_pct=100 age_ratio=7 host=65579 gc_pages=5525 gc_count=1111 waf_q16=71057 best=37 next=23 settled=0
[293367.704462] NVMeVirt: WATGC_V2 sample ns=0 part=0 epoch=1 window=25 phase=measure evaluated=23 k=4 scale_pct=100 age_ratio=16 host=65595 gc_pages=5114 gc_count=1105 waf_q16=70645 best=37 next=24 settled=0
[293367.870104] NVMeVirt: WATGC_V2 sample ns=0 part=1 epoch=1 window=25 phase=measure evaluated=23 k=4 scale_pct=100 age_ratio=16 host=65561 gc_pages=5288 gc_count=1107 waf_q16=70821 best=37 next=24 settled=0
[293368.659724] NVMeVirt: WATGC_V2 sample ns=0 part=2 epoch=1 window=25 phase=measure evaluated=23 k=4 scale_pct=100 age_ratio=16 host=65562 gc_pages=5220 gc_count=1106 waf_q16=70753 best=37 next=24 settled=0
[293368.966115] NVMeVirt: WATGC_V2 sample ns=0 part=3 epoch=1 window=25 phase=measure evaluated=23 k=4 scale_pct=100 age_ratio=16 host=65587 gc_pages=6286 gc_count=1123 waf_q16=71817 best=37 next=24 settled=0
[293373.007657] NVMeVirt: WATGC_V2 sample ns=0 part=0 epoch=1 window=26 phase=measure evaluated=24 k=4 scale_pct=200 age_ratio=4 host=65574 gc_pages=6618 gc_count=1128 waf_q16=72150 best=37 next=25 settled=0
[293373.180860] NVMeVirt: WATGC_V2 sample ns=0 part=1 epoch=1 window=26 phase=measure evaluated=24 k=4 scale_pct=200 age_ratio=4 host=65569 gc_pages=6876 gc_count=1132 waf_q16=72408 best=37 next=25 settled=0
[293373.971484] NVMeVirt: WATGC_V2 sample ns=0 part=2 epoch=1 window=26 phase=measure evaluated=24 k=4 scale_pct=200 age_ratio=4 host=65549 gc_pages=7228 gc_count=1137 waf_q16=72762 best=37 next=25 settled=0
[293374.274295] NVMeVirt: WATGC_V2 sample ns=0 part=3 epoch=1 window=26 phase=measure evaluated=24 k=4 scale_pct=200 age_ratio=4 host=65564 gc_pages=7279 gc_count=1138 waf_q16=72811 best=37 next=25 settled=0
[293379.659533] NVMeVirt: WATGC_V2 sample ns=0 part=0 epoch=1 window=27 phase=measure evaluated=25 k=4 scale_pct=200 age_ratio=7 host=65556 gc_pages=10103 gc_count=1182 waf_q16=75635 best=37 next=26 settled=0
[293379.853049] NVMeVirt: WATGC_V2 sample ns=0 part=1 epoch=1 window=27 phase=measure evaluated=25 k=4 scale_pct=200 age_ratio=7 host=65578 gc_pages=10785 gc_count=1193 waf_q16=76314 best=37 next=26 settled=0
[293380.741280] NVMeVirt: WATGC_V2 sample ns=0 part=2 epoch=1 window=27 phase=measure evaluated=25 k=4 scale_pct=200 age_ratio=7 host=65566 gc_pages=12603 gc_count=1221 waf_q16=78133 best=37 next=26 settled=0
[293381.185240] NVMeVirt: WATGC_V2 sample ns=0 part=3 epoch=1 window=27 phase=measure evaluated=25 k=4 scale_pct=200 age_ratio=7 host=65564 gc_pages=12900 gc_count=1226 waf_q16=78430 best=37 next=26 settled=0
[293386.839020] NVMeVirt: WATGC_V2 sample ns=0 part=0 epoch=1 window=28 phase=measure evaluated=26 k=4 scale_pct=200 age_ratio=16 host=65559 gc_pages=13461 gc_count=1235 waf_q16=78992 best=37 next=27 settled=0
[293387.090806] NVMeVirt: WATGC_V2 sample ns=0 part=1 epoch=1 window=28 phase=measure evaluated=26 k=4 scale_pct=200 age_ratio=16 host=65551 gc_pages=13385 gc_count=1233 waf_q16=78917 best=37 next=27 settled=0
[293387.932470] NVMeVirt: WATGC_V2 sample ns=0 part=2 epoch=1 window=28 phase=measure evaluated=26 k=4 scale_pct=200 age_ratio=16 host=65546 gc_pages=13182 gc_count=1230 waf_q16=78715 best=37 next=27 settled=0
[293388.275893] NVMeVirt: WATGC_V2 sample ns=0 part=3 epoch=1 window=28 phase=measure evaluated=26 k=4 scale_pct=200 age_ratio=16 host=65547 gc_pages=13621 gc_count=1237 waf_q16=79154 best=37 next=27 settled=0
[293392.372302] NVMeVirt: WATGC_V2 sample ns=0 part=0 epoch=1 window=29 phase=measure evaluated=27 k=4 scale_pct=400 age_ratio=4 host=65556 gc_pages=10593 gc_count=1190 waf_q16=76125 best=37 next=28 settled=0
[293392.751459] NVMeVirt: WATGC_V2 sample ns=0 part=1 epoch=1 window=29 phase=measure evaluated=27 k=4 scale_pct=400 age_ratio=4 host=65567 gc_pages=11156 gc_count=1199 waf_q16=76686 best=37 next=28 settled=0
[293393.693867] NVMeVirt: WATGC_V2 sample ns=0 part=2 epoch=1 window=29 phase=measure evaluated=27 k=4 scale_pct=400 age_ratio=4 host=65579 gc_pages=11785 gc_count=1209 waf_q16=77313 best=37 next=28 settled=0
[293394.047436] NVMeVirt: WATGC_V2 sample ns=0 part=3 epoch=1 window=29 phase=measure evaluated=27 k=4 scale_pct=400 age_ratio=4 host=65571 gc_pages=12071 gc_count=1213 waf_q16=77600 best=37 next=28 settled=0
[293397.955518] NVMeVirt: WATGC_V2 sample ns=0 part=0 epoch=1 window=30 phase=measure evaluated=28 k=4 scale_pct=400 age_ratio=7 host=65543 gc_pages=21220 gc_count=1356 waf_q16=86753 best=37 next=29 settled=0
[293398.239450] NVMeVirt: WATGC_V2 sample ns=0 part=1 epoch=1 window=30 phase=measure evaluated=28 k=4 scale_pct=400 age_ratio=7 host=65551 gc_pages=19763 gc_count=1333 waf_q16=85294 best=37 next=29 settled=0
[293399.196173] NVMeVirt: WATGC_V2 sample ns=0 part=2 epoch=1 window=30 phase=measure evaluated=28 k=4 scale_pct=400 age_ratio=7 host=65562 gc_pages=20713 gc_count=1348 waf_q16=86240 best=37 next=29 settled=0
[293399.558380] NVMeVirt: WATGC_V2 sample ns=0 part=3 epoch=1 window=30 phase=measure evaluated=28 k=4 scale_pct=400 age_ratio=7 host=65536 gc_pages=23188 gc_count=1386 waf_q16=88724 best=37 next=29 settled=0
[293403.514885] NVMeVirt: WATGC_V2 sample ns=0 part=0 epoch=1 window=31 phase=measure evaluated=29 k=4 scale_pct=400 age_ratio=16 host=65557 gc_pages=34302 gc_count=1560 waf_q16=99827 best=37 next=30 settled=0
[293403.824746] NVMeVirt: WATGC_V2 sample ns=0 part=1 epoch=1 window=31 phase=measure evaluated=29 k=4 scale_pct=400 age_ratio=16 host=65577 gc_pages=31047 gc_count=1510 waf_q16=96563 best=37 next=30 settled=0
[293404.856548] NVMeVirt: WATGC_V2 sample ns=0 part=2 epoch=1 window=31 phase=measure evaluated=29 k=4 scale_pct=400 age_ratio=16 host=65544 gc_pages=31048 gc_count=1509 waf_q16=96580 best=37 next=30 settled=0
[293405.226453] NVMeVirt: WATGC_V2 sample ns=0 part=3 epoch=1 window=31 phase=measure evaluated=29 k=4 scale_pct=400 age_ratio=16 host=65553 gc_pages=33759 gc_count=1552 waf_q16=99286 best=37 next=30 settled=0
[293409.450073] NVMeVirt: WATGC_V2 sample ns=0 part=0 epoch=1 window=32 phase=measure evaluated=30 k=7 scale_pct=25 age_ratio=4 host=65544 gc_pages=15498 gc_count=1266 waf_q16=81032 best=37 next=31 settled=0
[293409.801740] NVMeVirt: WATGC_V2 sample ns=0 part=1 epoch=1 window=32 phase=measure evaluated=30 k=7 scale_pct=25 age_ratio=4 host=65549 gc_pages=15873 gc_count=1272 waf_q16=81405 best=37 next=31 settled=0
[293410.854829] NVMeVirt: WATGC_V2 sample ns=0 part=2 epoch=1 window=32 phase=measure evaluated=30 k=7 scale_pct=25 age_ratio=4 host=65550 gc_pages=16307 gc_count=1279 waf_q16=81839 best=37 next=31 settled=0
[293411.237650] NVMeVirt: WATGC_V2 sample ns=0 part=3 epoch=1 window=32 phase=measure evaluated=30 k=7 scale_pct=25 age_ratio=4 host=65564 gc_pages=16870 gc_count=1288 waf_q16=82398 best=37 next=31 settled=0
[293416.063381] NVMeVirt: WATGC_V2 sample ns=0 part=0 epoch=1 window=33 phase=measure evaluated=31 k=7 scale_pct=25 age_ratio=7 host=65589 gc_pages=17227 gc_count=1294 waf_q16=82749 best=37 next=32 settled=0
[293416.553485] NVMeVirt: WATGC_V2 sample ns=0 part=1 epoch=1 window=33 phase=measure evaluated=31 k=7 scale_pct=25 age_ratio=7 host=65570 gc_pages=18111 gc_count=1308 waf_q16=83637 best=37 next=32 settled=0
[293417.571418] NVMeVirt: WATGC_V2 sample ns=0 part=2 epoch=1 window=33 phase=measure evaluated=31 k=7 scale_pct=25 age_ratio=7 host=65578 gc_pages=16856 gc_count=1288 waf_q16=82381 best=37 next=32 settled=0
[293418.332407] iCAT_SQLITE_LOAD_END run=20260915-051151-688340
[293418.940393] tee (688596): drop_caches: 3
[293420.749754] iCAT_SQLITE_RUN_START run=20260915-051151-688340
[293422.382069] tee (688641): drop_caches: 3
[293426.275251] NVMeVirt: WATGC_V2 sample ns=0 part=3 epoch=1 window=33 phase=measure evaluated=31 k=7 scale_pct=25 age_ratio=7 host=65575 gc_pages=16934 gc_count=1289 waf_q16=82459 best=37 next=32 settled=0
[293428.559063] tee (688664): drop_caches: 3
[293433.963784] tee (688668): drop_caches: 3
[293439.374003] tee (688673): drop_caches: 3
[293444.721180] tee (688678): drop_caches: 3
[293450.603573] tee (688685): drop_caches: 3
[293456.349910] tee (688692): drop_caches: 3
[293461.836681] tee (688696): drop_caches: 3
[293467.147367] tee (688702): drop_caches: 3
[293472.429646] tee (688706): drop_caches: 3
[293477.712284] tee (688710): drop_caches: 3
[293487.061048] tee (688727): drop_caches: 3
[293493.605717] tee (688755): drop_caches: 3
[293499.067040] tee (688764): drop_caches: 3
[293504.812258] tee (688777): drop_caches: 3
[293510.259582] tee (688783): drop_caches: 3
[293517.189593] tee (688798): drop_caches: 3
[293524.145093] tee (688802): drop_caches: 3
[293530.767900] tee (688808): drop_caches: 3
[293537.403089] NVMeVirt: WATGC_V2 sample ns=0 part=0 epoch=1 window=34 phase=measure evaluated=32 k=7 scale_pct=25 age_ratio=16 host=65577 gc_pages=6735 gc_count=1130 waf_q16=72266 best=37 next=33 settled=0
[293537.477033] tee (688812): drop_caches: 3
[293544.050361] tee (688816): drop_caches: 3
[293550.389049] NVMeVirt: WATGC_V2 sample ns=0 part=1 epoch=1 window=34 phase=measure evaluated=32 k=7 scale_pct=25 age_ratio=16 host=65588 gc_pages=6491 gc_count=1126 waf_q16=72021 best=37 next=33 settled=0
[293551.102827] tee (688827): drop_caches: 3
[293558.240868] tee (688831): drop_caches: 3
[293564.701694] tee (688837): drop_caches: 3
[293572.162253] tee (688846): drop_caches: 3
[293579.660092] NVMeVirt: WATGC_V2 sample ns=0 part=2 epoch=1 window=34 phase=measure evaluated=32 k=7 scale_pct=25 age_ratio=16 host=65546 gc_pages=9688 gc_count=1175 waf_q16=75222 best=37 next=33 settled=0
[293579.927086] tee (688851): drop_caches: 3
[293587.290051] tee (688864): drop_caches: 3
[293590.871737] NVMeVirt: WATGC_V2 sample ns=0 part=3 epoch=1 window=34 phase=measure evaluated=32 k=7 scale_pct=25 age_ratio=16 host=65594 gc_pages=11820 gc_count=1210 waf_q16=77345 best=37 next=33 settled=0
[293594.885315] tee (688870): drop_caches: 3
[293602.210448] tee (688880): drop_caches: 3
[293609.041755] tee (688892): drop_caches: 3
[293616.419423] tee (688898): drop_caches: 3
[293623.819374] tee (688909): drop_caches: 3
[293630.537821] tee (688919): drop_caches: 3
[293637.036171] tee (688927): drop_caches: 3
[293643.376525] tee (688932): drop_caches: 3
[293650.637222] tee (688937): drop_caches: 3
[293658.083618] tee (688943): drop_caches: 3
[293665.473302] tee (688950): drop_caches: 3
[293671.884379] tee (688959): drop_caches: 3
[293680.659615] tee (689007): drop_caches: 3
[293689.460770] tee (689034): drop_caches: 3
[293698.761594] NVMeVirt: WATGC_V2 sample ns=0 part=0 epoch=1 window=35 phase=measure evaluated=33 k=7 scale_pct=50 age_ratio=4 host=65547 gc_pages=25674 gc_count=1425 waf_q16=91205 best=37 next=34 settled=0
[293699.360145] tee (689047): drop_caches: 3
[293707.369764] tee (689077): drop_caches: 3
[293711.918173] NVMeVirt: WATGC_V2 sample ns=0 part=1 epoch=1 window=35 phase=measure evaluated=33 k=7 scale_pct=50 age_ratio=4 host=65537 gc_pages=25919 gc_count=1429 waf_q16=91454 best=37 next=34 settled=0
[293714.040505] tee (689082): drop_caches: 3
[293720.781126] tee (689088): drop_caches: 3
[293728.451762] tee (689094): drop_caches: 3
[293735.273260] tee (689098): drop_caches: 3
[293741.922340] tee (689107): drop_caches: 3
[293743.057554] NVMeVirt: WATGC_V2 sample ns=0 part=2 epoch=1 window=35 phase=measure evaluated=33 k=7 scale_pct=50 age_ratio=4 host=65581 gc_pages=30798 gc_count=1506 waf_q16=96312 best=37 next=34 settled=0
[293747.276271] tee (689111): drop_caches: 3
[293751.356907] NVMeVirt: WATGC_V2 sample ns=0 part=3 epoch=1 window=35 phase=measure evaluated=33 k=7 scale_pct=50 age_ratio=4 host=65540 gc_pages=33246 gc_count=1543 waf_q16=98779 best=37 next=34 settled=0
[293753.068739] tee (689118): drop_caches: 3
[293758.446903] tee (689123): drop_caches: 3
[293764.478597] tee (689130): drop_caches: 3
[293769.780560] tee (689134): drop_caches: 3
[293775.223984] tee (689138): drop_caches: 3
[293781.357109] tee (689158): drop_caches: 3
[293787.419626] tee (689174): drop_caches: 3
[293792.880232] tee (689188): drop_caches: 3
[293798.206316] tee (689197): drop_caches: 3
[293803.652656] tee (689203): drop_caches: 3
[293809.286300] tee (689208): drop_caches: 3
[293814.864823] tee (689214): drop_caches: 3
[293820.371048] tee (689218): drop_caches: 3
[293825.718615] tee (689224): drop_caches: 3
[293831.050395] tee (689228): drop_caches: 3
[293836.245943] tee (689232): drop_caches: 3
[293841.980883] tee (689238): drop_caches: 3
[293848.054413] tee (689246): drop_caches: 3
[293853.251914] tee (689261): drop_caches: 3
[293858.640182] tee (689269): drop_caches: 3
[293864.924619] tee (689277): drop_caches: 3
[293869.437518] NVMeVirt: WATGC_V2 sample ns=0 part=0 epoch=1 window=36 phase=measure evaluated=34 k=7 scale_pct=50 age_ratio=7 host=65573 gc_pages=26430 gc_count=1438 waf_q16=91951 best=37 next=35 settled=0
[293870.992142] tee (689281): drop_caches: 3
[293878.607007] tee (689295): drop_caches: 3
[293882.486480] NVMeVirt: WATGC_V2 sample ns=0 part=1 epoch=1 window=36 phase=measure evaluated=34 k=7 scale_pct=50 age_ratio=7 host=65550 gc_pages=27867 gc_count=1459 waf_q16=93397 best=37 next=35 settled=0
[293884.682633] tee (689303): drop_caches: 3
[293890.140531] tee (689307): drop_caches: 3
[293895.455249] tee (689311): drop_caches: 3
[293901.445825] tee (689322): drop_caches: 3
[293907.010164] tee (689328): drop_caches: 3
[293912.687259] tee (689336): drop_caches: 3
[293916.407061] NVMeVirt: WATGC_V2 sample ns=0 part=2 epoch=1 window=36 phase=measure evaluated=34 k=7 scale_pct=50 age_ratio=7 host=65549 gc_pages=31987 gc_count=1524 waf_q16=97516 best=37 next=35 settled=0
[293918.145875] tee (689340): drop_caches: 3
[293922.614655] NVMeVirt: WATGC_V2 sample ns=0 part=3 epoch=1 window=36 phase=measure evaluated=34 k=7 scale_pct=50 age_ratio=7 host=65544 gc_pages=30462 gc_count=1500 waf_q16=95994 best=37 next=35 settled=0
[293923.770273] tee (689346): drop_caches: 3
[293929.203741] tee (689350): drop_caches: 3
[293934.636877] tee (689356): drop_caches: 3
[293939.990569] tee (689361): drop_caches: 3
[293945.343362] tee (689367): drop_caches: 3
[293950.767249] tee (689372): drop_caches: 3
[293956.243600] tee (689376): drop_caches: 3
[293961.644053] tee (689380): drop_caches: 3
[293967.045312] tee (689388): drop_caches: 3
[293972.217626] tee (689398): drop_caches: 3
[293977.738427] tee (689402): drop_caches: 3
[293983.272999] tee (689406): drop_caches: 3
[293988.752817] tee (689412): drop_caches: 3
[293994.151234] tee (689418): drop_caches: 3
[293999.635107] tee (689422): drop_caches: 3
[294005.341380] tee (689428): drop_caches: 3
[294010.796194] tee (689434): drop_caches: 3
[294016.390505] tee (689439): drop_caches: 3
[294021.683548] tee (689443): drop_caches: 3
[294027.098197] tee (689450): drop_caches: 3
[294032.685792] tee (689456): drop_caches: 3
[294038.057092] tee (689460): drop_caches: 3
[294041.445445] NVMeVirt: WATGC_V2 sample ns=0 part=0 epoch=1 window=37 phase=measure evaluated=35 k=7 scale_pct=50 age_ratio=16 host=65543 gc_pages=21817 gc_count=1365 waf_q16=87350 best=37 next=36 settled=0
[294043.567509] tee (689464): drop_caches: 3
[294048.987757] tee (689472): drop_caches: 3
[294054.429703] tee (689478): drop_caches: 3
[294055.221421] NVMeVirt: WATGC_V2 sample ns=0 part=1 epoch=1 window=37 phase=measure evaluated=35 k=7 scale_pct=50 age_ratio=16 host=65595 gc_pages=22748 gc_count=1381 waf_q16=88263 best=37 next=36 settled=0
[294060.252032] tee (689482): drop_caches: 3
[294065.783445] tee (689487): drop_caches: 3
[294071.354623] tee (689494): drop_caches: 3
[294076.817002] tee (689498): drop_caches: 3
[294082.251274] tee (689502): drop_caches: 3
[294089.946092] tee (689531): drop_caches: 3
[294091.893104] NVMeVirt: WATGC_V2 sample ns=0 part=2 epoch=1 window=37 phase=measure evaluated=35 k=7 scale_pct=50 age_ratio=16 host=65599 gc_pages=23169 gc_count=1387 waf_q16=88682 best=37 next=36 settled=0
[294095.078451] NVMeVirt: WATGC_V2 sample ns=0 part=3 epoch=1 window=37 phase=measure evaluated=35 k=7 scale_pct=50 age_ratio=16 host=65597 gc_pages=23893 gc_count=1398 waf_q16=89406 best=37 next=36 settled=0
[294096.624508] tee (689539): drop_caches: 3
[294102.293982] tee (689543): drop_caches: 3
[294107.907889] tee (689549): drop_caches: 3
[294113.219929] tee (689553): drop_caches: 3
[294118.863329] tee (689560): drop_caches: 3
[294124.286351] tee (689564): drop_caches: 3
[294129.955866] tee (689570): drop_caches: 3
[294135.332506] tee (689576): drop_caches: 3
[294137.371955] iCAT_SQLITE_RUN_END run=20260915-051151-688340
[294138.382736] EXT4-fs (nvme0n1): unmounting filesystem 4d4a3690-eb3a-47b9-abb0-15b6508aebf0.
[294138.865329] pci_bus 0001:10: busn_res: [bus 10-ff] is released
[294138.865436] NVMeVirt: WATGC_V2 summary ns=0 part=0 epoch=1 windows=37 epoch_windows=37 discarded=0 visited=37 covered=0 settled=0 phase=2 current=36 best=37 k=7 scale_pct=100 age_ratio=7 best_waf_valid=1 best_waf_q16=65536
[294138.865441] NVMeVirt: WATGC_V2 summary ns=0 part=1 epoch=1 windows=37 epoch_windows=37 discarded=0 visited=37 covered=0 settled=0 phase=2 current=36 best=37 k=7 scale_pct=100 age_ratio=7 best_waf_valid=1 best_waf_q16=65536
[294138.865444] NVMeVirt: WATGC_V2 summary ns=0 part=2 epoch=1 windows=37 epoch_windows=37 discarded=0 visited=37 covered=0 settled=0 phase=1 current=36 best=37 k=7 scale_pct=100 age_ratio=7 best_waf_valid=1 best_waf_q16=65536
[294138.865447] NVMeVirt: WATGC_V2 summary ns=0 part=3 epoch=1 windows=37 epoch_windows=37 discarded=0 visited=37 covered=0 settled=0 phase=1 current=36 best=37 k=7 scale_pct=100 age_ratio=7 best_waf_valid=1 best_waf_q16=65536
[294138.865449] NVMeVirt: GC stats: ns=0 policy=watgc-v2 host_pages=14697834 gc_pages=1569377 gc_count=254168 WAF=1.106 warmup_gc=100-per-part
[294138.937921] NVMeVirt: Virtual NVMe device closed
