[1713510.667443] mix-mixH-arm56-2266380 BEGIN
[1713510.754539] NVMeVirt: Version 1.10 for >> Samsung 970 Pro SSD <<
[1713510.754545] NVMeVirt: Storage: 0x100100000-0x300000000 (8191 MiB)
[1713510.765288] NVMeVirt: Total Capacity(GiB,MiB)=2,2048 chs=2 luns=4 lines=8192 blk-size(MiB,KiB)=0,64 line-size(MiB,KiB)=0,256
[1713510.778689] NVMeVirt: [chmodel_init] bandwidth 800 max_credits 26 tx_time 152
[1713510.790355] NVMeVirt: [chmodel_init] bandwidth 800 max_credits 26 tx_time 152
[1713510.790370] NVMeVirt: [chmodel_init] bandwidth 3360 max_credits 110 tx_time 36
[1713510.790372] NVMeVirt: Fixed CAT init ns=0 part=0 arm=56 k=10 scale_pct=200 age_ratio=16
[1713510.791247] NVMeVirt: pqueue: Copyright (c) 2014, Volkan Yazıcı <volkan.yazici@gmail.com>. All rights reserved.
[1713510.791286] NVMeVirt: Init FTL instance with 2 channels (524288 pages)
[1713510.791287] NVMeVirt: GC victim policy: cat-fig7-fixed ns=0 part=0 initial_k=10 initial_scale_pct=200 initial_age_ratio=16 warmup_gc=100
[1713510.802223] NVMeVirt: [chmodel_init] bandwidth 800 max_credits 26 tx_time 152
[1713510.815234] NVMeVirt: [chmodel_init] bandwidth 800 max_credits 26 tx_time 152
[1713510.815264] NVMeVirt: [chmodel_init] bandwidth 3360 max_credits 110 tx_time 36
[1713510.815266] NVMeVirt: Fixed CAT init ns=0 part=1 arm=56 k=10 scale_pct=200 age_ratio=16
[1713510.816234] NVMeVirt: Init FTL instance with 2 channels (524288 pages)
[1713510.816236] NVMeVirt: GC victim policy: cat-fig7-fixed ns=0 part=1 initial_k=10 initial_scale_pct=200 initial_age_ratio=16 warmup_gc=100
[1713510.827138] NVMeVirt: [chmodel_init] bandwidth 800 max_credits 26 tx_time 152
[1713510.838127] NVMeVirt: [chmodel_init] bandwidth 800 max_credits 26 tx_time 152
[1713510.838149] NVMeVirt: [chmodel_init] bandwidth 3360 max_credits 110 tx_time 36
[1713510.838151] NVMeVirt: Fixed CAT init ns=0 part=2 arm=56 k=10 scale_pct=200 age_ratio=16
[1713510.839925] NVMeVirt: Init FTL instance with 2 channels (524288 pages)
[1713510.839930] NVMeVirt: GC victim policy: cat-fig7-fixed ns=0 part=2 initial_k=10 initial_scale_pct=200 initial_age_ratio=16 warmup_gc=100
[1713510.852313] NVMeVirt: [chmodel_init] bandwidth 800 max_credits 26 tx_time 152
[1713510.863282] NVMeVirt: [chmodel_init] bandwidth 800 max_credits 26 tx_time 152
[1713510.863296] NVMeVirt: [chmodel_init] bandwidth 3360 max_credits 110 tx_time 36
[1713510.863299] NVMeVirt: Fixed CAT init ns=0 part=3 arm=56 k=10 scale_pct=200 age_ratio=16
[1713510.864247] NVMeVirt: Init FTL instance with 2 channels (524288 pages)
[1713510.864249] NVMeVirt: GC victim policy: cat-fig7-fixed ns=0 part=3 initial_k=10 initial_scale_pct=200 initial_age_ratio=16 warmup_gc=100
[1713510.864256] NVMeVirt: FTL physical space: 8588886016, logical space: 8026996276 (physical/logical * 100 = 107)
[1713510.864257] NVMeVirt: ns 0/1: size 7655 MiB
[1713510.864307] PCI host bridge to bus 0001:10
[1713510.864309] pci_bus 0001:10: root bus resource [io  0x0000-0xffff]
[1713510.864312] pci_bus 0001:10: root bus resource [mem 0x00000000-0x7fffffffff]
[1713510.864314] pci_bus 0001:10: root bus resource [bus 00-ff]
[1713510.864336] pci 0001:10:00.0: [0c51:0110] type 00 class 0x010802 PCIe Endpoint
[1713510.864340] pci 0001:10:00.0: BAR 0 [mem 0x100000000-0x100003fff 64bit]
[1713510.864342] pci 0001:10:00.0: enabling Extended Tags
[1713510.864464] NVMeVirt: Virtual PCI bus created (node 0)
[1713510.864793] NVMeVirt: nvmev_io_worker_0 started on cpu 2 (node 0)
[1713510.864894] NVMeVirt: nvmev_dispatcher started on cpu 1 (node 0)
[1713510.864920] NVMeVirt: Virtual NVMe device created
[1713510.865079] nvme nvme0: pci function 0001:10:00.0
[1713510.867873] nvme nvme0: 8/0/0 default/read/poll queues
[1713511.169894] EXT4-fs (nvme0n1): mounted filesystem 5b519e05-004a-46e7-bb2c-a706c9235042 r/w with ordered data mode. Quota mode: none.
[1713593.579520] NVMeVirt: Fixed CAT init ns=0 part=0 arm=56 k=10 scale_pct=200 age_ratio=16
[1713593.579525] NVMeVirt: Fixed CAT init ns=0 part=1 arm=56 k=10 scale_pct=200 age_ratio=16
[1713593.579527] NVMeVirt: Fixed CAT init ns=0 part=2 arm=56 k=10 scale_pct=200 age_ratio=16
[1713593.579528] NVMeVirt: Fixed CAT init ns=0 part=3 arm=56 k=10 scale_pct=200 age_ratio=16
[1713593.579530] NVMeVirt: Measurement: command=start epoch=1 host_bytes=0 learner_active=1
[1713593.588039] mix-mixH-arm56-2266380 phase=A START
[1714193.944605] mix-mixH-arm56-2266380 phase=A END
[1714193.952716] mix-mixH-arm56-2266380 phase=B START
[1714794.271266] mix-mixH-arm56-2266380 phase=B END
[1714794.281124] mix-mixH-arm56-2266380 phase=C START
[1714794.293341] mix-mixH-arm56-2266380 phase=C LOAD
[1714821.769679] mix-mixH-arm56-2266380 phase=C RUN
[1714826.126613] tee (2268874): drop_caches: 3
[1714831.715587] tee (2268889): drop_caches: 3
[1714836.187528] tee (2268903): drop_caches: 3
[1714841.687090] tee (2268912): drop_caches: 3
[1714846.767953] tee (2268924): drop_caches: 3
[1714851.944832] tee (2268933): drop_caches: 3
[1714857.046797] tee (2268942): drop_caches: 3
[1714862.209503] tee (2268956): drop_caches: 3
[1714866.907646] tee (2268969): drop_caches: 3
[1714872.072456] tee (2268978): drop_caches: 3
[1714877.196075] tee (2268987): drop_caches: 3
[1714882.317816] tee (2268996): drop_caches: 3
[1714887.476320] tee (2269005): drop_caches: 3
[1714892.671116] tee (2269019): drop_caches: 3
[1714897.033328] tee (2269031): drop_caches: 3
[1714902.382338] tee (2269040): drop_caches: 3
[1714907.544457] tee (2269049): drop_caches: 3
[1714912.632051] tee (2269059): drop_caches: 3
[1714917.742937] tee (2269068): drop_caches: 3
[1714922.982494] tee (2269084): drop_caches: 3
[1714927.560393] tee (2269096): drop_caches: 3
[1714932.673467] tee (2269122): drop_caches: 3
[1714937.761086] tee (2269132): drop_caches: 3
[1714942.975529] tee (2269141): drop_caches: 3
[1714948.133902] tee (2269150): drop_caches: 3
[1714953.635467] tee (2269164): drop_caches: 3
[1714958.067353] tee (2269176): drop_caches: 3
[1714963.132416] tee (2269185): drop_caches: 3
[1714968.286131] tee (2269194): drop_caches: 3
[1714973.490288] tee (2269203): drop_caches: 3
[1714978.618713] tee (2269212): drop_caches: 3
[1714983.755990] tee (2269226): drop_caches: 3
[1714988.179141] tee (2269238): drop_caches: 3
[1714993.289231] tee (2269247): drop_caches: 3
[1714998.476071] tee (2269256): drop_caches: 3
[1715003.553808] tee (2269265): drop_caches: 3
[1715008.810366] tee (2269274): drop_caches: 3
[1715013.942296] tee (2269288): drop_caches: 3
[1715018.371186] tee (2269300): drop_caches: 3
[1715023.772800] tee (2269309): drop_caches: 3
[1715028.896092] tee (2269318): drop_caches: 3
[1715034.326869] tee (2269333): drop_caches: 3
[1715039.698150] tee (2269346): drop_caches: 3
[1715045.240666] tee (2269361): drop_caches: 3
[1715049.622923] tee (2269370): drop_caches: 3
[1715055.401530] tee (2269382): drop_caches: 3
[1715060.629199] tee (2269391): drop_caches: 3
[1715065.708653] tee (2269400): drop_caches: 3
[1715070.763876] tee (2269410): drop_caches: 3
[1715076.057368] tee (2269424): drop_caches: 3
[1715080.789873] tee (2269434): drop_caches: 3
[1715086.094384] tee (2269445): drop_caches: 3
[1715090.988836] tee (2269473): drop_caches: 3
[1715096.914109] tee (2269532): drop_caches: 3
[1715102.659202] tee (2269573): drop_caches: 3
[1715108.313231] tee (2269588): drop_caches: 3
[1715112.715847] tee (2269600): drop_caches: 3
[1715118.021332] tee (2269609): drop_caches: 3
[1715123.724006] tee (2269618): drop_caches: 3
[1715128.921411] tee (2269627): drop_caches: 3
[1715134.341681] tee (2269641): drop_caches: 3
[1715139.629382] tee (2269653): drop_caches: 3
[1715144.279752] tee (2269662): drop_caches: 3
[1715153.078429] tee (2269681): drop_caches: 3
[1715157.324306] mix-mixH-arm56-2266380 phase=C END
[1715157.578422] NVMeVirt: Measurement: command=stop epoch=1 host_bytes=156181405696 learner_active=0
[1715160.855128] EXT4-fs (nvme0n1): unmounting filesystem 5b519e05-004a-46e7-bb2c-a706c9235042.
[1715161.129637] pci_bus 0001:10: busn_res: [bus 10-ff] is released
[1715161.129736] NVMeVirt: GC stats: ns=0 policy=cat-fig7-fixed host_pages=38130226 gc_pages=33472604 gc_count=1118795 WAF=1.877 warmup_gc=100-per-part
[1715161.202056] NVMeVirt: Virtual NVMe device closed
