[2538283.002453] mix-mixY-arm58-2629473 BEGIN
[2538283.247843] NVMeVirt: Version 1.10 for >> Samsung 970 Pro SSD <<
[2538283.247849] NVMeVirt: Storage: 0x100100000-0x300000000 (8191 MiB)
[2538283.258486] NVMeVirt: Total Capacity(GiB,MiB)=2,2048 chs=2 luns=4 lines=8192 blk-size(MiB,KiB)=0,64 line-size(MiB,KiB)=0,256
[2538283.270247] NVMeVirt: [chmodel_init] bandwidth 800 max_credits 26 tx_time 152
[2538283.281787] NVMeVirt: [chmodel_init] bandwidth 800 max_credits 26 tx_time 152
[2538283.281801] NVMeVirt: [chmodel_init] bandwidth 3360 max_credits 110 tx_time 36
[2538283.281803] NVMeVirt: Fixed CAT init ns=0 part=0 arm=58 k=10 scale_pct=400 age_ratio=7
[2538283.282645] NVMeVirt: pqueue: Copyright (c) 2014, Volkan Yazıcı <volkan.yazici@gmail.com>. All rights reserved.
[2538283.282684] NVMeVirt: Init FTL instance with 2 channels (524288 pages)
[2538283.282686] NVMeVirt: GC victim policy: cat-fig7-fixed ns=0 part=0 initial_k=10 initial_scale_pct=400 initial_age_ratio=7 warmup_gc=100
[2538283.293350] NVMeVirt: [chmodel_init] bandwidth 800 max_credits 26 tx_time 152
[2538283.303723] NVMeVirt: [chmodel_init] bandwidth 800 max_credits 26 tx_time 152
[2538283.303744] NVMeVirt: [chmodel_init] bandwidth 3360 max_credits 110 tx_time 36
[2538283.303746] NVMeVirt: Fixed CAT init ns=0 part=1 arm=58 k=10 scale_pct=400 age_ratio=7
[2538283.304622] NVMeVirt: Init FTL instance with 2 channels (524288 pages)
[2538283.304625] NVMeVirt: GC victim policy: cat-fig7-fixed ns=0 part=1 initial_k=10 initial_scale_pct=400 initial_age_ratio=7 warmup_gc=100
[2538283.315004] NVMeVirt: [chmodel_init] bandwidth 800 max_credits 26 tx_time 152
[2538283.325223] NVMeVirt: [chmodel_init] bandwidth 800 max_credits 26 tx_time 152
[2538283.325236] NVMeVirt: [chmodel_init] bandwidth 3360 max_credits 110 tx_time 36
[2538283.325238] NVMeVirt: Fixed CAT init ns=0 part=2 arm=58 k=10 scale_pct=400 age_ratio=7
[2538283.326151] NVMeVirt: Init FTL instance with 2 channels (524288 pages)
[2538283.326154] NVMeVirt: GC victim policy: cat-fig7-fixed ns=0 part=2 initial_k=10 initial_scale_pct=400 initial_age_ratio=7 warmup_gc=100
[2538283.336199] NVMeVirt: [chmodel_init] bandwidth 800 max_credits 26 tx_time 152
[2538283.346252] NVMeVirt: [chmodel_init] bandwidth 800 max_credits 26 tx_time 152
[2538283.346265] NVMeVirt: [chmodel_init] bandwidth 3360 max_credits 110 tx_time 36
[2538283.346267] NVMeVirt: Fixed CAT init ns=0 part=3 arm=58 k=10 scale_pct=400 age_ratio=7
[2538283.347188] NVMeVirt: Init FTL instance with 2 channels (524288 pages)
[2538283.347190] NVMeVirt: GC victim policy: cat-fig7-fixed ns=0 part=3 initial_k=10 initial_scale_pct=400 initial_age_ratio=7 warmup_gc=100
[2538283.347196] NVMeVirt: FTL physical space: 8588886016, logical space: 8026996276 (physical/logical * 100 = 107)
[2538283.347198] NVMeVirt: ns 0/1: size 7655 MiB
[2538283.347249] PCI host bridge to bus 0001:10
[2538283.347251] pci_bus 0001:10: root bus resource [io  0x0000-0xffff]
[2538283.347256] pci_bus 0001:10: root bus resource [mem 0x00000000-0x7fffffffff]
[2538283.347258] pci_bus 0001:10: root bus resource [bus 00-ff]
[2538283.347267] pci 0001:10:00.0: [0c51:0110] type 00 class 0x010802 PCIe Endpoint
[2538283.347272] pci 0001:10:00.0: BAR 0 [mem 0x100000000-0x100003fff 64bit]
[2538283.347276] pci 0001:10:00.0: enabling Extended Tags
[2538283.347413] NVMeVirt: Virtual PCI bus created (node 0)
[2538283.347721] NVMeVirt: nvmev_io_worker_0 started on cpu 2 (node 0)
[2538283.347776] NVMeVirt: nvmev_dispatcher started on cpu 1 (node 0)
[2538283.347851] NVMeVirt: Virtual NVMe device created
[2538283.348033] nvme nvme0: pci function 0001:10:00.0
[2538283.352697] nvme nvme0: 8/0/0 default/read/poll queues
[2538284.052407] EXT4-fs (nvme0n1): mounted filesystem 3aee075d-d582-47b8-b1fa-802f0e3abca8 r/w with ordered data mode. Quota mode: none.
[2538366.689799] NVMeVirt: Fixed CAT init ns=0 part=0 arm=58 k=10 scale_pct=400 age_ratio=7
[2538366.689805] NVMeVirt: Fixed CAT init ns=0 part=1 arm=58 k=10 scale_pct=400 age_ratio=7
[2538366.689808] NVMeVirt: Fixed CAT init ns=0 part=2 arm=58 k=10 scale_pct=400 age_ratio=7
[2538366.689811] NVMeVirt: Fixed CAT init ns=0 part=3 arm=58 k=10 scale_pct=400 age_ratio=7
[2538366.689813] NVMeVirt: Measurement: command=start epoch=1 host_bytes=0 learner_active=1
[2538366.726427] mix-mixY-arm58-2629473 phase=S01 START
[2540167.058160] mix-mixY-arm58-2629473 phase=S01 END
[2540167.129460] mix-mixY-arm58-2629473 phase=S02 START
[2541970.156288] mix-mixY-arm58-2629473 phase=S02 chunk=1/1 done
[2541970.806880] mix-mixY-arm58-2629473 phase=S02 END
[2541970.833885] mix-mixY-arm58-2629473 phase=S03 START
[2542549.455223] audit: type=1400 audit(1791666051.742:5692): apparmor="DENIED" operation="open" class="file" profile="snap.firmware-updater.firmware-notifier" name="/proc/sys/vm/max_map_count" pid=2665909 comm="firmware-notifi" requested_mask="r" denied_mask="r" fsuid=1000 ouid=0
[2542550.340041] audit: type=1400 audit(1791666052.627:5693): apparmor="DENIED" operation="open" class="file" profile="snap.firmware-updater.firmware-notifier" name="/proc/sys/vm/max_map_count" pid=2666190 comm="firmware-notifi" requested_mask="r" denied_mask="r" fsuid=1000 ouid=0
[2542551.336592] audit: type=1400 audit(1791666053.622:5694): apparmor="DENIED" operation="open" class="file" profile="snap.firmware-updater.firmware-notifier" name="/proc/sys/vm/max_map_count" pid=2666344 comm="firmware-notifi" requested_mask="r" denied_mask="r" fsuid=1000 ouid=0
[2542552.290493] audit: type=1400 audit(1791666054.576:5695): apparmor="DENIED" operation="open" class="file" profile="snap.firmware-updater.firmware-notifier" name="/proc/sys/vm/max_map_count" pid=2666530 comm="firmware-notifi" requested_mask="r" denied_mask="r" fsuid=1000 ouid=0
[2542553.152015] audit: type=1400 audit(1791666055.438:5696): apparmor="DENIED" operation="open" class="file" profile="snap.firmware-updater.firmware-notifier" name="/proc/sys/vm/max_map_count" pid=2666675 comm="firmware-notifi" requested_mask="r" denied_mask="r" fsuid=1000 ouid=0
[2542875.528830] mix-mixY-arm58-2629473 phase=S03 chunk=1/2 done
[2543780.681078] mix-mixY-arm58-2629473 phase=S03 chunk=2/2 done
[2543781.038117] mix-mixY-arm58-2629473 phase=S03 END
[2543781.300166] NVMeVirt: Measurement: command=stop epoch=1 host_bytes=1207956111360 learner_active=0
[2543781.539866] EXT4-fs (nvme0n1): unmounting filesystem 3aee075d-d582-47b8-b1fa-802f0e3abca8.
[2543781.827428] pci_bus 0001:10: busn_res: [bus 10-ff] is released
[2543781.827514] NVMeVirt: GC stats: ns=0 policy=cat-fig7-fixed host_pages=294911160 gc_pages=609467659 gc_count=14130919 WAF=3.066 warmup_gc=100-per-part
[2543781.899495] NVMeVirt: Virtual NVMe device closed
