[796149.687526] mix-mixQ-fixed37-4027202 BEGIN
[796149.699024] NVMeVirt: Version 1.10 for >> Samsung 970 Pro SSD <<
[796149.699042] NVMeVirt: Storage: 0x100100000-0x300000000 (8191 MiB)
[796149.710484] NVMeVirt: Total Capacity(GiB,MiB)=2,2048 chs=2 luns=4 lines=8192 blk-size(MiB,KiB)=0,64 line-size(MiB,KiB)=0,256
[796149.723375] NVMeVirt: [chmodel_init] bandwidth 800 max_credits 26 tx_time 152
[796149.734460] NVMeVirt: [chmodel_init] bandwidth 800 max_credits 26 tx_time 152
[796149.734475] NVMeVirt: [chmodel_init] bandwidth 3360 max_credits 110 tx_time 36
[796149.734478] NVMeVirt: Fixed CAT init ns=0 part=0 arm=37 k=7 scale_pct=100 age_ratio=7
[796149.735776] NVMeVirt: pqueue: Copyright (c) 2014, Volkan Yazıcı <volkan.yazici@gmail.com>. All rights reserved.
[796149.735813] NVMeVirt: Init FTL instance with 2 channels (524288 pages)
[796149.735815] NVMeVirt: GC victim policy: cat-fig7-fixed ns=0 part=0 initial_k=7 initial_scale_pct=100 initial_age_ratio=7 warmup_gc=100
[796149.746754] NVMeVirt: [chmodel_init] bandwidth 800 max_credits 26 tx_time 152
[796149.757553] NVMeVirt: [chmodel_init] bandwidth 800 max_credits 26 tx_time 152
[796149.757568] NVMeVirt: [chmodel_init] bandwidth 3360 max_credits 110 tx_time 36
[796149.757570] NVMeVirt: Fixed CAT init ns=0 part=1 arm=37 k=7 scale_pct=100 age_ratio=7
[796149.758868] NVMeVirt: Init FTL instance with 2 channels (524288 pages)
[796149.758870] NVMeVirt: GC victim policy: cat-fig7-fixed ns=0 part=1 initial_k=7 initial_scale_pct=100 initial_age_ratio=7 warmup_gc=100
[796149.769497] NVMeVirt: [chmodel_init] bandwidth 800 max_credits 26 tx_time 152
[796149.780316] NVMeVirt: [chmodel_init] bandwidth 800 max_credits 26 tx_time 152
[796149.780333] NVMeVirt: [chmodel_init] bandwidth 3360 max_credits 110 tx_time 36
[796149.780335] NVMeVirt: Fixed CAT init ns=0 part=2 arm=37 k=7 scale_pct=100 age_ratio=7
[796149.781846] NVMeVirt: Init FTL instance with 2 channels (524288 pages)
[796149.781850] NVMeVirt: GC victim policy: cat-fig7-fixed ns=0 part=2 initial_k=7 initial_scale_pct=100 initial_age_ratio=7 warmup_gc=100
[796149.792474] NVMeVirt: [chmodel_init] bandwidth 800 max_credits 26 tx_time 152
[796149.802860] NVMeVirt: [chmodel_init] bandwidth 800 max_credits 26 tx_time 152
[796149.802875] NVMeVirt: [chmodel_init] bandwidth 3360 max_credits 110 tx_time 36
[796149.802877] NVMeVirt: Fixed CAT init ns=0 part=3 arm=37 k=7 scale_pct=100 age_ratio=7
[796149.804295] NVMeVirt: Init FTL instance with 2 channels (524288 pages)
[796149.804298] NVMeVirt: GC victim policy: cat-fig7-fixed ns=0 part=3 initial_k=7 initial_scale_pct=100 initial_age_ratio=7 warmup_gc=100
[796149.804304] NVMeVirt: FTL physical space: 8588886016, logical space: 8026996276 (physical/logical * 100 = 107)
[796149.804306] NVMeVirt: ns 0/1: size 7655 MiB
[796149.804357] PCI host bridge to bus 0001:10
[796149.804359] pci_bus 0001:10: root bus resource [io  0x0000-0xffff]
[796149.804362] pci_bus 0001:10: root bus resource [mem 0x00000000-0x7fffffffff]
[796149.804364] pci_bus 0001:10: root bus resource [bus 00-ff]
[796149.804371] pci 0001:10:00.0: [0c51:0110] type 00 class 0x010802 PCIe Endpoint
[796149.804375] pci 0001:10:00.0: BAR 0 [mem 0x100000000-0x100003fff 64bit]
[796149.804378] pci 0001:10:00.0: enabling Extended Tags
[796149.804500] NVMeVirt: Virtual PCI bus created (node 0)
[796149.804784] NVMeVirt: nvmev_io_worker_0 started on cpu 2 (node 0)
[796149.804904] NVMeVirt: Virtual NVMe device created
[796149.805031] nvme nvme0: pci function 0001:10:00.0
[796149.805648] NVMeVirt: nvmev_dispatcher started on cpu 1 (node 0)
[796149.807511] nvme nvme0: 8/0/0 default/read/poll queues
[796149.891168] EXT4-fs (nvme0n1): mounted filesystem 196aa2b6-4f26-42b9-862a-e5dcc02401af r/w with ordered data mode. Quota mode: none.
[796231.911321] NVMeVirt: Fixed CAT init ns=0 part=0 arm=37 k=7 scale_pct=100 age_ratio=7
[796231.911327] NVMeVirt: Fixed CAT init ns=0 part=1 arm=37 k=7 scale_pct=100 age_ratio=7
[796231.911329] NVMeVirt: Fixed CAT init ns=0 part=2 arm=37 k=7 scale_pct=100 age_ratio=7
[796231.911331] NVMeVirt: Fixed CAT init ns=0 part=3 arm=37 k=7 scale_pct=100 age_ratio=7
[796231.911332] NVMeVirt: Measurement: command=start epoch=1 host_bytes=0 learner_active=1
[796231.920354] mix-mixQ-fixed37-4027202 phase=A START
[796532.231183] mix-mixQ-fixed37-4027202 phase=A END
[796532.239837] mix-mixQ-fixed37-4027202 phase=B START idle=300
[796832.256073] mix-mixQ-fixed37-4027202 phase=B END
[796832.264330] mix-mixQ-fixed37-4027202 phase=C START
[797132.570629] mix-mixQ-fixed37-4027202 phase=C END
[797132.573746] NVMeVirt: Measurement: command=stop epoch=1 host_bytes=98306736128 learner_active=0
[797132.638403] EXT4-fs (nvme0n1): unmounting filesystem 196aa2b6-4f26-42b9-862a-e5dcc02401af.
[797132.707399] pci_bus 0001:10: busn_res: [bus 10-ff] is released
[797132.707447] NVMeVirt: GC stats: ns=0 policy=cat-fig7-fixed host_pages=24000668 gc_pages=21394941 gc_count=709307 WAF=1.891 warmup_gc=100-per-part
[797132.788023] NVMeVirt: Virtual NVMe device closed
