[2521260.782186] mix-scrSH-fixed37-2493606 BEGIN
[2521260.869253] NVMeVirt: Version 1.10 for >> Samsung 970 Pro SSD <<
[2521260.869259] NVMeVirt: Storage: 0x100100000-0x300000000 (8191 MiB)
[2521260.879703] NVMeVirt: Total Capacity(GiB,MiB)=2,2048 chs=2 luns=4 lines=8192 blk-size(MiB,KiB)=0,64 line-size(MiB,KiB)=0,256
[2521260.891111] NVMeVirt: [chmodel_init] bandwidth 800 max_credits 26 tx_time 152
[2521260.902603] NVMeVirt: [chmodel_init] bandwidth 800 max_credits 26 tx_time 152
[2521260.902618] NVMeVirt: [chmodel_init] bandwidth 3360 max_credits 110 tx_time 36
[2521260.902620] NVMeVirt: Fixed CAT init ns=0 part=0 arm=37 k=7 scale_pct=100 age_ratio=7
[2521260.903841] NVMeVirt: pqueue: Copyright (c) 2014, Volkan Yazıcı <volkan.yazici@gmail.com>. All rights reserved.
[2521260.903879] NVMeVirt: Init FTL instance with 2 channels (524288 pages)
[2521260.903881] NVMeVirt: GC victim policy: cat-fig7-fixed ns=0 part=0 initial_k=7 initial_scale_pct=100 initial_age_ratio=7 warmup_gc=100
[2521260.914492] NVMeVirt: [chmodel_init] bandwidth 800 max_credits 26 tx_time 152
[2521260.924904] NVMeVirt: [chmodel_init] bandwidth 800 max_credits 26 tx_time 152
[2521260.924919] NVMeVirt: [chmodel_init] bandwidth 3360 max_credits 110 tx_time 36
[2521260.924922] NVMeVirt: Fixed CAT init ns=0 part=1 arm=37 k=7 scale_pct=100 age_ratio=7
[2521260.926168] NVMeVirt: Init FTL instance with 2 channels (524288 pages)
[2521260.926170] NVMeVirt: GC victim policy: cat-fig7-fixed ns=0 part=1 initial_k=7 initial_scale_pct=100 initial_age_ratio=7 warmup_gc=100
[2521260.936966] NVMeVirt: [chmodel_init] bandwidth 800 max_credits 26 tx_time 152
[2521260.947268] NVMeVirt: [chmodel_init] bandwidth 800 max_credits 26 tx_time 152
[2521260.947281] NVMeVirt: [chmodel_init] bandwidth 3360 max_credits 110 tx_time 36
[2521260.947283] NVMeVirt: Fixed CAT init ns=0 part=2 arm=37 k=7 scale_pct=100 age_ratio=7
[2521260.948492] NVMeVirt: Init FTL instance with 2 channels (524288 pages)
[2521260.948494] NVMeVirt: GC victim policy: cat-fig7-fixed ns=0 part=2 initial_k=7 initial_scale_pct=100 initial_age_ratio=7 warmup_gc=100
[2521260.959273] NVMeVirt: [chmodel_init] bandwidth 800 max_credits 26 tx_time 152
[2521260.969972] NVMeVirt: [chmodel_init] bandwidth 800 max_credits 26 tx_time 152
[2521260.969986] NVMeVirt: [chmodel_init] bandwidth 3360 max_credits 110 tx_time 36
[2521260.969989] NVMeVirt: Fixed CAT init ns=0 part=3 arm=37 k=7 scale_pct=100 age_ratio=7
[2521260.971234] NVMeVirt: Init FTL instance with 2 channels (524288 pages)
[2521260.971237] NVMeVirt: GC victim policy: cat-fig7-fixed ns=0 part=3 initial_k=7 initial_scale_pct=100 initial_age_ratio=7 warmup_gc=100
[2521260.971243] NVMeVirt: FTL physical space: 8588886016, logical space: 8026996276 (physical/logical * 100 = 107)
[2521260.971245] NVMeVirt: ns 0/1: size 7655 MiB
[2521260.971297] PCI host bridge to bus 0001:10
[2521260.971313] pci_bus 0001:10: root bus resource [io  0x0000-0xffff]
[2521260.971317] pci_bus 0001:10: root bus resource [mem 0x00000000-0x7fffffffff]
[2521260.971319] pci_bus 0001:10: root bus resource [bus 00-ff]
[2521260.971326] pci 0001:10:00.0: [0c51:0110] type 00 class 0x010802 PCIe Endpoint
[2521260.971330] pci 0001:10:00.0: BAR 0 [mem 0x100000000-0x100003fff 64bit]
[2521260.971332] pci 0001:10:00.0: enabling Extended Tags
[2521260.971455] NVMeVirt: Virtual PCI bus created (node 0)
[2521260.971675] NVMeVirt: nvmev_io_worker_0 started on cpu 2 (node 0)
[2521260.971856] NVMeVirt: Virtual NVMe device created
[2521260.971863] NVMeVirt: nvmev_dispatcher started on cpu 1 (node 0)
[2521260.972033] nvme nvme0: pci function 0001:10:00.0
[2521260.976332] nvme nvme0: 8/0/0 default/read/poll queues
[2521261.580776] EXT4-fs (nvme0n1): mounted filesystem b4aa3064-5ddf-4a16-be67-69014d53e284 r/w with ordered data mode. Quota mode: none.
[2521343.753115] NVMeVirt: Fixed CAT init ns=0 part=0 arm=37 k=7 scale_pct=100 age_ratio=7
[2521343.753122] NVMeVirt: Fixed CAT init ns=0 part=1 arm=37 k=7 scale_pct=100 age_ratio=7
[2521343.753124] NVMeVirt: Fixed CAT init ns=0 part=2 arm=37 k=7 scale_pct=100 age_ratio=7
[2521343.753127] NVMeVirt: Fixed CAT init ns=0 part=3 arm=37 k=7 scale_pct=100 age_ratio=7
[2521343.753129] NVMeVirt: Measurement: command=start epoch=1 host_bytes=0 learner_active=1
[2521343.763092] mix-scrSH-fixed37-2493606 phase=A START
[2523144.339239] mix-scrSH-fixed37-2493606 phase=A END
[2523144.418319] NVMeVirt: Measurement: command=stop epoch=1 host_bytes=294916427776 learner_active=0
[2523144.562472] EXT4-fs (nvme0n1): unmounting filesystem b4aa3064-5ddf-4a16-be67-69014d53e284.
[2523144.639546] pci_bus 0001:10: busn_res: [bus 10-ff] is released
[2523144.639645] NVMeVirt: GC stats: ns=0 policy=cat-fig7-fixed host_pages=72001081 gc_pages=43511718 gc_count=1804887 WAF=1.604 warmup_gc=100-per-part
[2523144.711759] NVMeVirt: Virtual NVMe device closed
