[1703389.337981] mix-mixH-arm30-2238518 BEGIN
[1703389.433634] NVMeVirt: Version 1.10 for >> Samsung 970 Pro SSD <<
[1703389.433642] NVMeVirt: Storage: 0x100100000-0x300000000 (8191 MiB)
[1703389.444573] NVMeVirt: Total Capacity(GiB,MiB)=2,2048 chs=2 luns=4 lines=8192 blk-size(MiB,KiB)=0,64 line-size(MiB,KiB)=0,256
[1703389.455946] NVMeVirt: [chmodel_init] bandwidth 800 max_credits 26 tx_time 152
[1703389.467327] NVMeVirt: [chmodel_init] bandwidth 800 max_credits 26 tx_time 152
[1703389.467347] NVMeVirt: [chmodel_init] bandwidth 3360 max_credits 110 tx_time 36
[1703389.467350] NVMeVirt: Fixed CAT init ns=0 part=0 arm=30 k=7 scale_pct=25 age_ratio=4
[1703389.468911] NVMeVirt: pqueue: Copyright (c) 2014, Volkan Yazıcı <volkan.yazici@gmail.com>. All rights reserved.
[1703389.468959] NVMeVirt: Init FTL instance with 2 channels (524288 pages)
[1703389.468961] NVMeVirt: GC victim policy: cat-fig7-fixed ns=0 part=0 initial_k=7 initial_scale_pct=25 initial_age_ratio=4 warmup_gc=100
[1703389.480204] NVMeVirt: [chmodel_init] bandwidth 800 max_credits 26 tx_time 152
[1703389.490895] NVMeVirt: [chmodel_init] bandwidth 800 max_credits 26 tx_time 152
[1703389.490910] NVMeVirt: [chmodel_init] bandwidth 3360 max_credits 110 tx_time 36
[1703389.490912] NVMeVirt: Fixed CAT init ns=0 part=1 arm=30 k=7 scale_pct=25 age_ratio=4
[1703389.492180] NVMeVirt: Init FTL instance with 2 channels (524288 pages)
[1703389.492183] NVMeVirt: GC victim policy: cat-fig7-fixed ns=0 part=1 initial_k=7 initial_scale_pct=25 initial_age_ratio=4 warmup_gc=100
[1703389.503051] NVMeVirt: [chmodel_init] bandwidth 800 max_credits 26 tx_time 152
[1703389.513772] NVMeVirt: [chmodel_init] bandwidth 800 max_credits 26 tx_time 152
[1703389.513786] NVMeVirt: [chmodel_init] bandwidth 3360 max_credits 110 tx_time 36
[1703389.513788] NVMeVirt: Fixed CAT init ns=0 part=2 arm=30 k=7 scale_pct=25 age_ratio=4
[1703389.515049] NVMeVirt: Init FTL instance with 2 channels (524288 pages)
[1703389.515052] NVMeVirt: GC victim policy: cat-fig7-fixed ns=0 part=2 initial_k=7 initial_scale_pct=25 initial_age_ratio=4 warmup_gc=100
[1703389.525437] NVMeVirt: [chmodel_init] bandwidth 800 max_credits 26 tx_time 152
[1703389.536020] NVMeVirt: [chmodel_init] bandwidth 800 max_credits 26 tx_time 152
[1703389.536041] NVMeVirt: [chmodel_init] bandwidth 3360 max_credits 110 tx_time 36
[1703389.536043] NVMeVirt: Fixed CAT init ns=0 part=3 arm=30 k=7 scale_pct=25 age_ratio=4
[1703389.537560] NVMeVirt: Init FTL instance with 2 channels (524288 pages)
[1703389.537564] NVMeVirt: GC victim policy: cat-fig7-fixed ns=0 part=3 initial_k=7 initial_scale_pct=25 initial_age_ratio=4 warmup_gc=100
[1703389.537571] NVMeVirt: FTL physical space: 8588886016, logical space: 8026996276 (physical/logical * 100 = 107)
[1703389.537573] NVMeVirt: ns 0/1: size 7655 MiB
[1703389.537629] PCI host bridge to bus 0001:10
[1703389.537632] pci_bus 0001:10: root bus resource [io  0x0000-0xffff]
[1703389.537635] pci_bus 0001:10: root bus resource [mem 0x00000000-0x7fffffffff]
[1703389.537637] pci_bus 0001:10: root bus resource [bus 00-ff]
[1703389.537645] pci 0001:10:00.0: [0c51:0110] type 00 class 0x010802 PCIe Endpoint
[1703389.537649] pci 0001:10:00.0: BAR 0 [mem 0x100000000-0x100003fff 64bit]
[1703389.537652] pci 0001:10:00.0: enabling Extended Tags
[1703389.537827] NVMeVirt: Virtual PCI bus created (node 0)
[1703389.538167] NVMeVirt: nvmev_io_worker_0 started on cpu 2 (node 0)
[1703389.538238] NVMeVirt: Virtual NVMe device created
[1703389.538470] nvme nvme0: pci function 0001:10:00.0
[1703389.538726] NVMeVirt: nvmev_dispatcher started on cpu 1 (node 0)
[1703389.540521] nvme nvme0: 8/0/0 default/read/poll queues
[1703390.005704] EXT4-fs (nvme0n1): mounted filesystem e84897e7-8c0f-4747-a152-96fc9990e5be r/w with ordered data mode. Quota mode: none.
[1703472.308632] NVMeVirt: Fixed CAT init ns=0 part=0 arm=30 k=7 scale_pct=25 age_ratio=4
[1703472.308638] NVMeVirt: Fixed CAT init ns=0 part=1 arm=30 k=7 scale_pct=25 age_ratio=4
[1703472.308640] NVMeVirt: Fixed CAT init ns=0 part=2 arm=30 k=7 scale_pct=25 age_ratio=4
[1703472.308641] NVMeVirt: Fixed CAT init ns=0 part=3 arm=30 k=7 scale_pct=25 age_ratio=4
[1703472.308643] NVMeVirt: Measurement: command=start epoch=1 host_bytes=0 learner_active=1
[1703472.317483] mix-mixH-arm30-2238518 phase=A START
[1704072.682428] mix-mixH-arm30-2238518 phase=A END
[1704072.690730] mix-mixH-arm30-2238518 phase=B START
[1704673.011538] mix-mixH-arm30-2238518 phase=B END
[1704673.021919] mix-mixH-arm30-2238518 phase=C START
[1704673.036405] mix-mixH-arm30-2238518 phase=C LOAD
[1704702.856226] mix-mixH-arm30-2238518 phase=C RUN
[1704707.255210] tee (2241079): drop_caches: 3
[1704712.084758] tee (2241107): drop_caches: 3
[1704717.831357] tee (2241118): drop_caches: 3
[1704723.098145] tee (2241127): drop_caches: 3
[1704728.234240] tee (2241136): drop_caches: 3
[1704734.950342] tee (2241156): drop_caches: 3
[1704741.243094] tee (2241170): drop_caches: 3
[1704746.282844] tee (2241182): drop_caches: 3
[1704752.363137] tee (2241191): drop_caches: 3
[1704759.057013] tee (2241200): drop_caches: 3
[1704766.320027] tee (2241214): drop_caches: 3
[1704773.766569] tee (2241228): drop_caches: 3
[1704779.051536] tee (2241240): drop_caches: 3
[1704785.554620] tee (2241254): drop_caches: 3
[1704791.853341] tee (2241263): drop_caches: 3
[1704798.732650] tee (2241272): drop_caches: 3
[1704805.584674] tee (2241291): drop_caches: 3
[1704810.960120] tee (2241304): drop_caches: 3
[1704817.900925] tee (2241315): drop_caches: 3
[1704824.378217] tee (2241329): drop_caches: 3
[1704831.616024] tee (2241350): drop_caches: 3
[1704838.239506] tee (2241359): drop_caches: 3
[1704843.340306] tee (2241371): drop_caches: 3
[1704849.849260] tee (2241385): drop_caches: 3
[1704856.149142] tee (2241394): drop_caches: 3
[1704862.690823] tee (2241412): drop_caches: 3
[1704868.690815] tee (2241423): drop_caches: 3
[1704873.778940] tee (2241435): drop_caches: 3
[1704880.021773] tee (2241449): drop_caches: 3
[1704886.479858] tee (2241458): drop_caches: 3
[1704892.611783] tee (2241491): drop_caches: 3
[1704900.492636] tee (2241534): drop_caches: 3
[1704906.827763] tee (2241567): drop_caches: 3
[1704914.036782] tee (2241610): drop_caches: 3
[1704921.523183] tee (2241643): drop_caches: 3
[1704928.079199] tee (2241657): drop_caches: 3
[1704934.423265] tee (2241671): drop_caches: 3
[1704940.420097] tee (2241681): drop_caches: 3
[1704946.387988] tee (2241694): drop_caches: 3
[1704953.487755] tee (2241709): drop_caches: 3
[1704959.814323] tee (2241724): drop_caches: 3
[1704966.061615] tee (2241733): drop_caches: 3
[1704973.165093] tee (2241744): drop_caches: 3
[1704979.608345] tee (2241759): drop_caches: 3
[1704985.802811] tee (2241773): drop_caches: 3
[1704992.235843] tee (2241782): drop_caches: 3
[1704998.006000] tee (2241792): drop_caches: 3
[1705003.245514] tee (2241801): drop_caches: 3
[1705007.622497] tee (2241813): drop_caches: 3
[1705012.821220] tee (2241822): drop_caches: 3
[1705017.932016] tee (2241836): drop_caches: 3
[1705023.036203] tee (2241845): drop_caches: 3
[1705028.113046] tee (2241854): drop_caches: 3
[1705034.274576] tee (2241869): drop_caches: 3
[1705037.987546] mix-mixH-arm30-2238518 phase=C END
[1705038.389789] NVMeVirt: Measurement: command=stop epoch=1 host_bytes=156123107328 learner_active=0
[1705042.251885] EXT4-fs (nvme0n1): unmounting filesystem e84897e7-8c0f-4747-a152-96fc9990e5be.
[1705042.529669] pci_bus 0001:10: busn_res: [bus 10-ff] is released
[1705042.529732] NVMeVirt: GC stats: ns=0 policy=cat-fig7-fixed host_pages=38115993 gc_pages=29897073 gc_count=1062705 WAF=1.784 warmup_gc=100-per-part
[1705042.603771] NVMeVirt: Virtual NVMe device closed
