[1577879.471837] mix-mixP-fixed47-1765169 BEGIN
[1577879.558867] NVMeVirt: Version 1.10 for >> Samsung 970 Pro SSD <<
[1577879.558873] NVMeVirt: Storage: 0x100100000-0x300000000 (8191 MiB)
[1577879.569368] NVMeVirt: Total Capacity(GiB,MiB)=2,2048 chs=2 luns=4 lines=8192 blk-size(MiB,KiB)=0,64 line-size(MiB,KiB)=0,256
[1577879.581490] NVMeVirt: [chmodel_init] bandwidth 800 max_credits 26 tx_time 152
[1577879.593047] NVMeVirt: [chmodel_init] bandwidth 800 max_credits 26 tx_time 152
[1577879.593062] NVMeVirt: [chmodel_init] bandwidth 3360 max_credits 110 tx_time 36
[1577879.593064] NVMeVirt: Fixed CAT init ns=0 part=0 arm=47 k=10 scale_pct=25 age_ratio=16
[1577879.593990] NVMeVirt: pqueue: Copyright (c) 2014, Volkan Yazıcı <volkan.yazici@gmail.com>. All rights reserved.
[1577879.594026] NVMeVirt: Init FTL instance with 2 channels (524288 pages)
[1577879.594028] NVMeVirt: GC victim policy: cat-fig7-fixed ns=0 part=0 initial_k=10 initial_scale_pct=25 initial_age_ratio=16 warmup_gc=100
[1577879.605019] NVMeVirt: [chmodel_init] bandwidth 800 max_credits 26 tx_time 152
[1577879.616319] NVMeVirt: [chmodel_init] bandwidth 800 max_credits 26 tx_time 152
[1577879.616335] NVMeVirt: [chmodel_init] bandwidth 3360 max_credits 110 tx_time 36
[1577879.616337] NVMeVirt: Fixed CAT init ns=0 part=1 arm=47 k=10 scale_pct=25 age_ratio=16
[1577879.617305] NVMeVirt: Init FTL instance with 2 channels (524288 pages)
[1577879.617308] NVMeVirt: GC victim policy: cat-fig7-fixed ns=0 part=1 initial_k=10 initial_scale_pct=25 initial_age_ratio=16 warmup_gc=100
[1577879.628153] NVMeVirt: [chmodel_init] bandwidth 800 max_credits 26 tx_time 152
[1577879.639115] NVMeVirt: [chmodel_init] bandwidth 800 max_credits 26 tx_time 152
[1577879.639129] NVMeVirt: [chmodel_init] bandwidth 3360 max_credits 110 tx_time 36
[1577879.639131] NVMeVirt: Fixed CAT init ns=0 part=2 arm=47 k=10 scale_pct=25 age_ratio=16
[1577879.640357] NVMeVirt: Init FTL instance with 2 channels (524288 pages)
[1577879.640360] NVMeVirt: GC victim policy: cat-fig7-fixed ns=0 part=2 initial_k=10 initial_scale_pct=25 initial_age_ratio=16 warmup_gc=100
[1577879.651555] NVMeVirt: [chmodel_init] bandwidth 800 max_credits 26 tx_time 152
[1577879.662206] NVMeVirt: [chmodel_init] bandwidth 800 max_credits 26 tx_time 152
[1577879.662219] NVMeVirt: [chmodel_init] bandwidth 3360 max_credits 110 tx_time 36
[1577879.662221] NVMeVirt: Fixed CAT init ns=0 part=3 arm=47 k=10 scale_pct=25 age_ratio=16
[1577879.663273] NVMeVirt: Init FTL instance with 2 channels (524288 pages)
[1577879.663276] NVMeVirt: GC victim policy: cat-fig7-fixed ns=0 part=3 initial_k=10 initial_scale_pct=25 initial_age_ratio=16 warmup_gc=100
[1577879.663282] NVMeVirt: FTL physical space: 8588886016, logical space: 8026996276 (physical/logical * 100 = 107)
[1577879.663284] NVMeVirt: ns 0/1: size 7655 MiB
[1577879.663331] PCI host bridge to bus 0001:10
[1577879.663334] pci_bus 0001:10: root bus resource [io  0x0000-0xffff]
[1577879.663337] pci_bus 0001:10: root bus resource [mem 0x00000000-0x7fffffffff]
[1577879.663339] pci_bus 0001:10: root bus resource [bus 00-ff]
[1577879.663360] pci 0001:10:00.0: [0c51:0110] type 00 class 0x010802 PCIe Endpoint
[1577879.663364] pci 0001:10:00.0: BAR 0 [mem 0x100000000-0x100003fff 64bit]
[1577879.663367] pci 0001:10:00.0: enabling Extended Tags
[1577879.663491] NVMeVirt: Virtual PCI bus created (node 0)
[1577879.663767] NVMeVirt: nvmev_io_worker_0 started on cpu 2 (node 0)
[1577879.663924] NVMeVirt: nvmev_dispatcher started on cpu 1 (node 0)
[1577879.663946] NVMeVirt: Virtual NVMe device created
[1577879.664085] nvme nvme0: pci function 0001:10:00.0
[1577879.668601] nvme nvme0: 8/0/0 default/read/poll queues
[1577880.205246] EXT4-fs (nvme0n1): mounted filesystem fe1c7a94-a242-48c2-a09c-04633573e959 r/w with ordered data mode. Quota mode: none.
[1577962.475753] NVMeVirt: Fixed CAT init ns=0 part=0 arm=47 k=10 scale_pct=25 age_ratio=16
[1577962.475759] NVMeVirt: Fixed CAT init ns=0 part=1 arm=47 k=10 scale_pct=25 age_ratio=16
[1577962.475761] NVMeVirt: Fixed CAT init ns=0 part=2 arm=47 k=10 scale_pct=25 age_ratio=16
[1577962.475763] NVMeVirt: Fixed CAT init ns=0 part=3 arm=47 k=10 scale_pct=25 age_ratio=16
[1577962.475764] NVMeVirt: Measurement: command=start epoch=1 host_bytes=0 learner_active=1
[1577962.485535] mix-mixP-fixed47-1765169 phase=A START
[1577962.497125] mix-mixP-fixed47-1765169 phase=A LOAD
[1577974.167175] mix-mixP-fixed47-1765169 phase=A RUN
[1577978.294753] tee (1765481): drop_caches: 3
[1577983.704928] tee (1765485): drop_caches: 3
[1577988.577041] tee (1765493): drop_caches: 3
[1577993.872982] tee (1765501): drop_caches: 3
[1577999.168083] tee (1765505): drop_caches: 3
[1578003.555885] tee (1765517): drop_caches: 3
[1578008.682596] tee (1765522): drop_caches: 3
[1578013.774097] tee (1765526): drop_caches: 3
[1578019.069148] tee (1765530): drop_caches: 3
[1578024.223565] tee (1765535): drop_caches: 3
[1578029.469019] tee (1765539): drop_caches: 3
[1578033.870093] tee (1765551): drop_caches: 3
[1578039.043056] tee (1765555): drop_caches: 3
[1578044.197065] tee (1765559): drop_caches: 3
[1578049.440629] tee (1765563): drop_caches: 3
[1578054.625075] tee (1765568): drop_caches: 3
[1578059.831531] tee (1765572): drop_caches: 3
[1578064.274070] tee (1765587): drop_caches: 3
[1578069.408628] tee (1765591): drop_caches: 3
[1578074.423659] tee (1765595): drop_caches: 3
[1578079.594844] tee (1765599): drop_caches: 3
[1578084.655645] tee (1765604): drop_caches: 3
[1578089.725187] tee (1765608): drop_caches: 3
[1578094.069743] tee (1765620): drop_caches: 3
[1578099.316845] tee (1765626): drop_caches: 3
[1578104.437168] tee (1765630): drop_caches: 3
[1578109.930928] tee (1765634): drop_caches: 3
[1578115.248847] tee (1765639): drop_caches: 3
[1578120.407282] tee (1765643): drop_caches: 3
[1578124.942950] tee (1765656): drop_caches: 3
[1578130.283536] tee (1765662): drop_caches: 3
[1578135.382713] tee (1765666): drop_caches: 3
[1578140.574549] tee (1765670): drop_caches: 3
[1578145.675114] tee (1765674): drop_caches: 3
[1578150.778761] tee (1765678): drop_caches: 3
[1578156.097874] tee (1765688): drop_caches: 3
[1578161.455765] tee (1765694): drop_caches: 3
[1578166.579687] tee (1765698): drop_caches: 3
[1578171.815169] tee (1765704): drop_caches: 3
[1578176.949526] tee (1765708): drop_caches: 3
[1578182.130832] tee (1765715): drop_caches: 3
[1578187.477560] tee (1765736): drop_caches: 3
[1578192.788737] tee (1765742): drop_caches: 3
[1578198.030241] tee (1765746): drop_caches: 3
[1578203.288271] tee (1765751): drop_caches: 3
[1578208.617999] tee (1765758): drop_caches: 3
[1578210.363162] mix-mixP-fixed47-1765169 phase=A END
[1578210.725908] mix-mixP-fixed47-1765169 phase=B START
[1579115.791441] mix-mixP-fixed47-1765169 phase=B END
[1579116.621892] NVMeVirt: Measurement: command=stop epoch=1 host_bytes=107846688768 learner_active=0
[1579117.032094] EXT4-fs (nvme0n1): unmounting filesystem fe1c7a94-a242-48c2-a09c-04633573e959.
[1579117.649006] pci_bus 0001:10: busn_res: [bus 10-ff] is released
[1579117.649077] NVMeVirt: GC stats: ns=0 policy=cat-fig7-fixed host_pages=26329758 gc_pages=3573871 gc_count=467245 WAF=1.135 warmup_gc=100-per-part
[1579117.722021] NVMeVirt: Virtual NVMe device closed
