[331724.565670] measured-cat-11-389210
[331724.576960] NVMeVirt: Version 1.10 for >> Samsung 970 Pro SSD <<
[331724.576967] NVMeVirt: Storage: 0x100100000-0x300000000 (8191 MiB)
[331724.588195] NVMeVirt: Total Capacity(GiB,MiB)=2,2048 chs=2 luns=4 lines=8192 blk-size(MiB,KiB)=0,64 line-size(MiB,KiB)=0,256
[331724.600943] NVMeVirt: [chmodel_init] bandwidth 800 max_credits 26 tx_time 152
[331724.612010] NVMeVirt: [chmodel_init] bandwidth 800 max_credits 26 tx_time 152
[331724.612028] NVMeVirt: [chmodel_init] bandwidth 3360 max_credits 110 tx_time 36
[331724.613349] NVMeVirt: pqueue: Copyright (c) 2014, Volkan Yazıcı <volkan.yazici@gmail.com>. All rights reserved.
[331724.613407] NVMeVirt: Init FTL instance with 2 channels (524288 pages)
[331724.613410] NVMeVirt: GC victim policy: cat-fig7 scale_pct=100 age_ratio=7
[331724.624110] NVMeVirt: [chmodel_init] bandwidth 800 max_credits 26 tx_time 152
[331724.633689] NVMeVirt: [chmodel_init] bandwidth 800 max_credits 26 tx_time 152
[331724.633703] NVMeVirt: [chmodel_init] bandwidth 3360 max_credits 110 tx_time 36
[331724.634721] NVMeVirt: Init FTL instance with 2 channels (524288 pages)
[331724.634724] NVMeVirt: GC victim policy: cat-fig7 scale_pct=100 age_ratio=7
[331724.644764] NVMeVirt: [chmodel_init] bandwidth 800 max_credits 26 tx_time 152
[331724.655005] NVMeVirt: [chmodel_init] bandwidth 800 max_credits 26 tx_time 152
[331724.655024] NVMeVirt: [chmodel_init] bandwidth 3360 max_credits 110 tx_time 36
[331724.656324] NVMeVirt: Init FTL instance with 2 channels (524288 pages)
[331724.656330] NVMeVirt: GC victim policy: cat-fig7 scale_pct=100 age_ratio=7
[331724.666796] NVMeVirt: [chmodel_init] bandwidth 800 max_credits 26 tx_time 152
[331724.676897] NVMeVirt: [chmodel_init] bandwidth 800 max_credits 26 tx_time 152
[331724.676910] NVMeVirt: [chmodel_init] bandwidth 3360 max_credits 110 tx_time 36
[331724.677899] NVMeVirt: Init FTL instance with 2 channels (524288 pages)
[331724.677901] NVMeVirt: GC victim policy: cat-fig7 scale_pct=100 age_ratio=7
[331724.677906] NVMeVirt: FTL physical space: 8588886016, logical space: 8026996276 (physical/logical * 100 = 107)
[331724.677908] NVMeVirt: ns 0/1: size 7655 MiB
[331724.677957] PCI host bridge to bus 0001:10
[331724.677960] pci_bus 0001:10: root bus resource [io  0x0000-0xffff]
[331724.677962] pci_bus 0001:10: root bus resource [mem 0x00000000-0x7fffffffff]
[331724.677979] pci_bus 0001:10: root bus resource [bus 00-ff]
[331724.677986] pci 0001:10:00.0: [0c51:0110] type 00 class 0x010802 PCIe Endpoint
[331724.677990] pci 0001:10:00.0: BAR 0 [mem 0x100000000-0x100003fff 64bit]
[331724.677993] pci 0001:10:00.0: enabling Extended Tags
[331724.678116] NVMeVirt: Virtual PCI bus created (node 0)
[331724.678383] NVMeVirt: nvmev_io_worker_0 started on cpu 2 (node 0)
[331724.678534] NVMeVirt: Virtual NVMe device created
[331724.678702] NVMeVirt: nvmev_dispatcher started on cpu 1 (node 0)
[331724.678804] nvme nvme0: pci function 0001:10:00.0
[331724.682984] nvme nvme0: 8/0/0 default/read/poll queues
[331724.759189] EXT4-fs (nvme0n1): mounted filesystem fbb07668-f5e1-4d55-ba54-8e05953d15d7 r/w with ordered data mode. Quota mode: none.
[331806.788351] NVMeVirt: Measurement: command=start epoch=1 host_bytes=0 host_pages=0 gc_pages=0
[331832.700903] NVMeVirt: GC window: seq=0 host_pages=262144 gc_pages=218002 WAF=1.831 cum_host=262144 cum_gc=218002
[331858.913477] NVMeVirt: GC window: seq=1 host_pages=262144 gc_pages=246397 WAF=1.939 cum_host=524288 cum_gc=464399
[331885.125567] NVMeVirt: GC window: seq=2 host_pages=262144 gc_pages=141785 WAF=1.540 cum_host=786432 cum_gc=606184
[331911.337755] NVMeVirt: GC window: seq=3 host_pages=262144 gc_pages=166228 WAF=1.634 cum_host=1048576 cum_gc=772412
[331937.550991] NVMeVirt: GC window: seq=4 host_pages=262144 gc_pages=227192 WAF=1.866 cum_host=1310720 cum_gc=999604
[331963.762399] NVMeVirt: GC window: seq=5 host_pages=262144 gc_pages=242426 WAF=1.924 cum_host=1572864 cum_gc=1242030
[331989.974945] NVMeVirt: GC window: seq=6 host_pages=262144 gc_pages=212924 WAF=1.812 cum_host=1835008 cum_gc=1454954
[332016.187053] NVMeVirt: GC window: seq=7 host_pages=262144 gc_pages=159126 WAF=1.607 cum_host=2097152 cum_gc=1614080
[332042.399254] NVMeVirt: GC window: seq=8 host_pages=262144 gc_pages=172897 WAF=1.659 cum_host=2359296 cum_gc=1786977
[332068.611709] NVMeVirt: GC window: seq=9 host_pages=262144 gc_pages=210507 WAF=1.803 cum_host=2621440 cum_gc=1997484
[332094.823903] NVMeVirt: GC window: seq=10 host_pages=262144 gc_pages=200514 WAF=1.764 cum_host=2883584 cum_gc=2197998
[332121.036350] NVMeVirt: GC window: seq=11 host_pages=262144 gc_pages=171365 WAF=1.653 cum_host=3145728 cum_gc=2369363
[332147.248546] NVMeVirt: GC window: seq=12 host_pages=262144 gc_pages=138912 WAF=1.529 cum_host=3407872 cum_gc=2508275
[332173.460750] NVMeVirt: GC window: seq=13 host_pages=262144 gc_pages=161521 WAF=1.616 cum_host=3670016 cum_gc=2669796
[332199.673195] NVMeVirt: GC window: seq=14 host_pages=262144 gc_pages=190743 WAF=1.727 cum_host=3932160 cum_gc=2860539
[332225.885410] NVMeVirt: GC window: seq=15 host_pages=262144 gc_pages=177453 WAF=1.676 cum_host=4194304 cum_gc=3037992
[332252.097846] NVMeVirt: GC window: seq=16 host_pages=262144 gc_pages=152081 WAF=1.580 cum_host=4456448 cum_gc=3190073
[332278.310049] NVMeVirt: GC window: seq=17 host_pages=262144 gc_pages=127253 WAF=1.485 cum_host=4718592 cum_gc=3317326
[332304.522482] NVMeVirt: GC window: seq=18 host_pages=262144 gc_pages=152578 WAF=1.582 cum_host=4980736 cum_gc=3469904
[332330.734697] NVMeVirt: GC window: seq=19 host_pages=262144 gc_pages=169285 WAF=1.645 cum_host=5242880 cum_gc=3639189
[332356.946902] NVMeVirt: GC window: seq=20 host_pages=262144 gc_pages=153231 WAF=1.584 cum_host=5505024 cum_gc=3792420
[332383.159347] NVMeVirt: GC window: seq=21 host_pages=262144 gc_pages=122815 WAF=1.468 cum_host=5767168 cum_gc=3915235
[332407.086253] NVMeVirt: Measurement: command=stop epoch=1 host_bytes=24600645632 host_pages=6006017 gc_pages=4012928
[332407.142237] EXT4-fs (nvme0n1): unmounting filesystem fbb07668-f5e1-4d55-ba54-8e05953d15d7.
[332407.203731] pci_bus 0001:10: busn_res: [bus 10-ff] is released
[332407.204087] NVMeVirt: GC stats: policy=cat-fig7 age_mode=create host_pages=6006017 gc_pages=4012928 gc_count=156547 WAF=1.668 scale_pct=100 age_ratio=7
[332407.204095] NVMeVirt: GC victim hist: level=0 count=114
[332407.204096] NVMeVirt: GC victim hist: level=1 count=537
[332407.204098] NVMeVirt: GC victim hist: level=2 count=36972
[332407.204099] NVMeVirt: GC victim hist: level=3 count=62203
[332407.204101] NVMeVirt: GC victim hist: level=4 count=25022
[332407.204102] NVMeVirt: GC victim hist: level=5 count=30315
[332407.204103] NVMeVirt: GC victim hist: level=6 count=1384
[332407.204104] NVMeVirt: GC victim mean: victims=156547 vpc=25.63 age_ms=98176
[332407.284967] NVMeVirt: Virtual NVMe device closed
