[1657186.036979] mix-mixB-arm53-2175722 BEGIN
[1657186.124049] NVMeVirt: Version 1.10 for >> Samsung 970 Pro SSD <<
[1657186.124055] NVMeVirt: Storage: 0x100100000-0x300000000 (8191 MiB)
[1657186.134637] NVMeVirt: Total Capacity(GiB,MiB)=2,2048 chs=2 luns=4 lines=8192 blk-size(MiB,KiB)=0,64 line-size(MiB,KiB)=0,256
[1657186.146095] NVMeVirt: [chmodel_init] bandwidth 800 max_credits 26 tx_time 152
[1657186.157456] NVMeVirt: [chmodel_init] bandwidth 800 max_credits 26 tx_time 152
[1657186.157470] NVMeVirt: [chmodel_init] bandwidth 3360 max_credits 110 tx_time 36
[1657186.157472] NVMeVirt: Fixed CAT init ns=0 part=0 arm=53 k=10 scale_pct=100 age_ratio=16
[1657186.158322] NVMeVirt: pqueue: Copyright (c) 2014, Volkan Yazıcı <volkan.yazici@gmail.com>. All rights reserved.
[1657186.158381] NVMeVirt: Init FTL instance with 2 channels (524288 pages)
[1657186.158384] NVMeVirt: GC victim policy: cat-fig7-fixed ns=0 part=0 initial_k=10 initial_scale_pct=100 initial_age_ratio=16 warmup_gc=100
[1657186.169423] NVMeVirt: [chmodel_init] bandwidth 800 max_credits 26 tx_time 152
[1657186.180191] NVMeVirt: [chmodel_init] bandwidth 800 max_credits 26 tx_time 152
[1657186.180204] NVMeVirt: [chmodel_init] bandwidth 3360 max_credits 110 tx_time 36
[1657186.180206] NVMeVirt: Fixed CAT init ns=0 part=1 arm=53 k=10 scale_pct=100 age_ratio=16
[1657186.181139] NVMeVirt: Init FTL instance with 2 channels (524288 pages)
[1657186.181141] NVMeVirt: GC victim policy: cat-fig7-fixed ns=0 part=1 initial_k=10 initial_scale_pct=100 initial_age_ratio=16 warmup_gc=100
[1657186.191785] NVMeVirt: [chmodel_init] bandwidth 800 max_credits 26 tx_time 152
[1657186.202355] NVMeVirt: [chmodel_init] bandwidth 800 max_credits 26 tx_time 152
[1657186.202369] NVMeVirt: [chmodel_init] bandwidth 3360 max_credits 110 tx_time 36
[1657186.202372] NVMeVirt: Fixed CAT init ns=0 part=2 arm=53 k=10 scale_pct=100 age_ratio=16
[1657186.203250] NVMeVirt: Init FTL instance with 2 channels (524288 pages)
[1657186.203252] NVMeVirt: GC victim policy: cat-fig7-fixed ns=0 part=2 initial_k=10 initial_scale_pct=100 initial_age_ratio=16 warmup_gc=100
[1657186.213657] NVMeVirt: [chmodel_init] bandwidth 800 max_credits 26 tx_time 152
[1657186.224142] NVMeVirt: [chmodel_init] bandwidth 800 max_credits 26 tx_time 152
[1657186.224156] NVMeVirt: [chmodel_init] bandwidth 3360 max_credits 110 tx_time 36
[1657186.224158] NVMeVirt: Fixed CAT init ns=0 part=3 arm=53 k=10 scale_pct=100 age_ratio=16
[1657186.225071] NVMeVirt: Init FTL instance with 2 channels (524288 pages)
[1657186.225073] NVMeVirt: GC victim policy: cat-fig7-fixed ns=0 part=3 initial_k=10 initial_scale_pct=100 initial_age_ratio=16 warmup_gc=100
[1657186.225079] NVMeVirt: FTL physical space: 8588886016, logical space: 8026996276 (physical/logical * 100 = 107)
[1657186.225081] NVMeVirt: ns 0/1: size 7655 MiB
[1657186.225130] PCI host bridge to bus 0001:10
[1657186.225132] pci_bus 0001:10: root bus resource [io  0x0000-0xffff]
[1657186.225135] pci_bus 0001:10: root bus resource [mem 0x00000000-0x7fffffffff]
[1657186.225137] pci_bus 0001:10: root bus resource [bus 00-ff]
[1657186.225145] pci 0001:10:00.0: [0c51:0110] type 00 class 0x010802 PCIe Endpoint
[1657186.225163] pci 0001:10:00.0: BAR 0 [mem 0x100000000-0x100003fff 64bit]
[1657186.225166] pci 0001:10:00.0: enabling Extended Tags
[1657186.225287] NVMeVirt: Virtual PCI bus created (node 0)
[1657186.225563] NVMeVirt: nvmev_io_worker_0 started on cpu 2 (node 0)
[1657186.225676] NVMeVirt: nvmev_dispatcher started on cpu 1 (node 0)
[1657186.225705] NVMeVirt: Virtual NVMe device created
[1657186.225907] nvme nvme0: pci function 0001:10:00.0
[1657186.230233] nvme nvme0: 8/0/0 default/read/poll queues
[1657186.636964] EXT4-fs (nvme0n1): mounted filesystem 7a47896f-2d64-4077-94c4-87ed22a9e4df r/w with ordered data mode. Quota mode: none.
[1657268.965135] NVMeVirt: Fixed CAT init ns=0 part=0 arm=53 k=10 scale_pct=100 age_ratio=16
[1657268.965140] NVMeVirt: Fixed CAT init ns=0 part=1 arm=53 k=10 scale_pct=100 age_ratio=16
[1657268.965142] NVMeVirt: Fixed CAT init ns=0 part=2 arm=53 k=10 scale_pct=100 age_ratio=16
[1657268.965144] NVMeVirt: Fixed CAT init ns=0 part=3 arm=53 k=10 scale_pct=100 age_ratio=16
[1657268.965145] NVMeVirt: Measurement: command=start epoch=1 host_bytes=0 learner_active=1
[1657268.973599] mix-mixB-arm53-2175722 phase=A START
[1657268.984720] mix-mixB-arm53-2175722 phase=A LOAD
[1657292.207201] mix-mixB-arm53-2175722 phase=A RUN
[1657296.425794] tee (2176047): drop_caches: 3
[1657301.740857] tee (2176051): drop_caches: 3
[1657308.043113] tee (2176069): drop_caches: 3
[1657313.666766] tee (2176082): drop_caches: 3
[1657318.883845] tee (2176086): drop_caches: 3
[1657325.274803] tee (2176099): drop_caches: 3
[1657330.577450] tee (2176103): drop_caches: 3
[1657335.768636] tee (2176107): drop_caches: 3
[1657340.161973] tee (2176119): drop_caches: 3
[1657345.287450] tee (2176123): drop_caches: 3
[1657350.496017] tee (2176134): drop_caches: 3
[1657355.924067] tee (2176138): drop_caches: 3
[1657361.052808] tee (2176142): drop_caches: 3
[1657366.225746] tee (2176146): drop_caches: 3
[1657370.770895] tee (2176156): drop_caches: 3
[1657376.048164] tee (2176162): drop_caches: 3
[1657381.158629] tee (2176173): drop_caches: 3
[1657386.248065] tee (2176177): drop_caches: 3
[1657391.422600] tee (2176181): drop_caches: 3
[1657396.643829] tee (2176185): drop_caches: 3
[1657401.921227] tee (2176195): drop_caches: 3
[1657407.154141] tee (2176201): drop_caches: 3
[1657412.269618] tee (2176212): drop_caches: 3
[1657417.359703] tee (2176216): drop_caches: 3
[1657423.047181] tee (2176220): drop_caches: 3
[1657428.230569] tee (2176224): drop_caches: 3
[1657433.384702] tee (2176234): drop_caches: 3
[1657438.700565] tee (2176240): drop_caches: 3
[1657443.810015] tee (2176251): drop_caches: 3
[1657449.080515] tee (2176255): drop_caches: 3
[1657454.498187] tee (2176259): drop_caches: 3
[1657460.271981] tee (2176268): drop_caches: 3
[1657464.856730] tee (2176274): drop_caches: 3
[1657470.176183] tee (2176287): drop_caches: 3
[1657475.598373] tee (2176291): drop_caches: 3
[1657480.980755] tee (2176295): drop_caches: 3
[1657486.264806] tee (2176299): drop_caches: 3
[1657491.621128] tee (2176354): drop_caches: 3
[1657496.524536] tee (2176404): drop_caches: 3
[1657502.046422] tee (2176425): drop_caches: 3
[1657507.236627] tee (2176429): drop_caches: 3
[1657512.471526] tee (2176433): drop_caches: 3
[1657518.120797] tee (2176437): drop_caches: 3
[1657523.353520] tee (2176446): drop_caches: 3
[1657528.060207] tee (2176452): drop_caches: 3
[1657533.292436] tee (2176464): drop_caches: 3
[1657538.350527] tee (2176468): drop_caches: 3
[1657543.770634] tee (2176472): drop_caches: 3
[1657548.881321] tee (2176476): drop_caches: 3
[1657554.212134] tee (2176485): drop_caches: 3
[1657559.402370] tee (2176498): drop_caches: 3
[1657564.656973] tee (2176503): drop_caches: 3
[1657569.866644] tee (2176507): drop_caches: 3
[1657575.118235] tee (2176511): drop_caches: 3
[1657580.416727] tee (2176515): drop_caches: 3
[1657585.965531] tee (2176524): drop_caches: 3
[1657590.855585] tee (2176536): drop_caches: 3
[1657596.058036] tee (2176542): drop_caches: 3
[1657602.628844] tee (2176549): drop_caches: 3
[1657606.568444] mix-mixB-arm53-2175722 phase=A END
[1657606.575486] mix-mixB-arm53-2175722 phase=B START
[1658208.810411] mix-mixB-arm53-2175722 phase=B END
[1658208.931976] NVMeVirt: Measurement: command=stop epoch=1 host_bytes=131357302784 learner_active=0
[1658211.888329] EXT4-fs (nvme0n1): unmounting filesystem 7a47896f-2d64-4077-94c4-87ed22a9e4df.
[1658212.079936] pci_bus 0001:10: busn_res: [bus 10-ff] is released
[1658212.079998] NVMeVirt: GC stats: ns=0 policy=cat-fig7-fixed host_pages=32069654 gc_pages=63820811 gc_count=1498288 WAF=2.990 warmup_gc=100-per-part
[1658212.156194] NVMeVirt: Virtual NVMe device closed
