[643396.206322] mix-mixA-arm15-3886576 BEGIN
[643396.227267] NVMeVirt: Version 1.10 for >> Samsung 970 Pro SSD <<
[643396.227272] NVMeVirt: Storage: 0x100100000-0x300000000 (8191 MiB)
[643396.238307] NVMeVirt: Total Capacity(GiB,MiB)=2,2048 chs=2 luns=4 lines=8192 blk-size(MiB,KiB)=0,64 line-size(MiB,KiB)=0,256
[643396.249697] NVMeVirt: [chmodel_init] bandwidth 800 max_credits 26 tx_time 152
[643396.260975] NVMeVirt: [chmodel_init] bandwidth 800 max_credits 26 tx_time 152
[643396.261003] NVMeVirt: [chmodel_init] bandwidth 3360 max_credits 110 tx_time 36
[643396.261005] NVMeVirt: Fixed CAT init ns=0 part=0 arm=15 k=4 scale_pct=25 age_ratio=4
[643396.262190] NVMeVirt: pqueue: Copyright (c) 2014, Volkan Yazıcı <volkan.yazici@gmail.com>. All rights reserved.
[643396.262226] NVMeVirt: Init FTL instance with 2 channels (524288 pages)
[643396.262228] NVMeVirt: GC victim policy: cat-fig7-fixed ns=0 part=0 initial_k=4 initial_scale_pct=25 initial_age_ratio=4 warmup_gc=100
[643396.273000] NVMeVirt: [chmodel_init] bandwidth 800 max_credits 26 tx_time 152
[643396.283531] NVMeVirt: [chmodel_init] bandwidth 800 max_credits 26 tx_time 152
[643396.283545] NVMeVirt: [chmodel_init] bandwidth 3360 max_credits 110 tx_time 36
[643396.283548] NVMeVirt: Fixed CAT init ns=0 part=1 arm=15 k=4 scale_pct=25 age_ratio=4
[643396.284812] NVMeVirt: Init FTL instance with 2 channels (524288 pages)
[643396.284814] NVMeVirt: GC victim policy: cat-fig7-fixed ns=0 part=1 initial_k=4 initial_scale_pct=25 initial_age_ratio=4 warmup_gc=100
[643396.295519] NVMeVirt: [chmodel_init] bandwidth 800 max_credits 26 tx_time 152
[643396.306149] NVMeVirt: [chmodel_init] bandwidth 800 max_credits 26 tx_time 152
[643396.306162] NVMeVirt: [chmodel_init] bandwidth 3360 max_credits 110 tx_time 36
[643396.306164] NVMeVirt: Fixed CAT init ns=0 part=2 arm=15 k=4 scale_pct=25 age_ratio=4
[643396.307379] NVMeVirt: Init FTL instance with 2 channels (524288 pages)
[643396.307381] NVMeVirt: GC victim policy: cat-fig7-fixed ns=0 part=2 initial_k=4 initial_scale_pct=25 initial_age_ratio=4 warmup_gc=100
[643396.318048] NVMeVirt: [chmodel_init] bandwidth 800 max_credits 26 tx_time 152
[643396.328476] NVMeVirt: [chmodel_init] bandwidth 800 max_credits 26 tx_time 152
[643396.328491] NVMeVirt: [chmodel_init] bandwidth 3360 max_credits 110 tx_time 36
[643396.328493] NVMeVirt: Fixed CAT init ns=0 part=3 arm=15 k=4 scale_pct=25 age_ratio=4
[643396.329729] NVMeVirt: Init FTL instance with 2 channels (524288 pages)
[643396.329732] NVMeVirt: GC victim policy: cat-fig7-fixed ns=0 part=3 initial_k=4 initial_scale_pct=25 initial_age_ratio=4 warmup_gc=100
[643396.329738] NVMeVirt: FTL physical space: 8588886016, logical space: 8026996276 (physical/logical * 100 = 107)
[643396.329740] NVMeVirt: ns 0/1: size 7655 MiB
[643396.329789] PCI host bridge to bus 0001:10
[643396.329792] pci_bus 0001:10: root bus resource [io  0x0000-0xffff]
[643396.329795] pci_bus 0001:10: root bus resource [mem 0x00000000-0x7fffffffff]
[643396.329797] pci_bus 0001:10: root bus resource [bus 00-ff]
[643396.329819] pci 0001:10:00.0: [0c51:0110] type 00 class 0x010802 PCIe Endpoint
[643396.329822] pci 0001:10:00.0: BAR 0 [mem 0x100000000-0x100003fff 64bit]
[643396.329825] pci 0001:10:00.0: enabling Extended Tags
[643396.329949] NVMeVirt: Virtual PCI bus created (node 0)
[643396.330231] NVMeVirt: nvmev_io_worker_0 started on cpu 2 (node 0)
[643396.330319] NVMeVirt: nvmev_dispatcher started on cpu 1 (node 0)
[643396.330347] NVMeVirt: Virtual NVMe device created
[643396.330505] nvme nvme0: pci function 0001:10:00.0
[643396.333026] nvme nvme0: 8/0/0 default/read/poll queues
[643396.855811] EXT4-fs (nvme0n1): mounted filesystem ca49cdbd-3158-462f-a417-2635f04bee1f r/w with ordered data mode. Quota mode: none.
[643479.418511] NVMeVirt: Fixed CAT init ns=0 part=0 arm=15 k=4 scale_pct=25 age_ratio=4
[643479.418516] NVMeVirt: Fixed CAT init ns=0 part=1 arm=15 k=4 scale_pct=25 age_ratio=4
[643479.418519] NVMeVirt: Fixed CAT init ns=0 part=2 arm=15 k=4 scale_pct=25 age_ratio=4
[643479.418520] NVMeVirt: Fixed CAT init ns=0 part=3 arm=15 k=4 scale_pct=25 age_ratio=4
[643479.418522] NVMeVirt: Measurement: command=start epoch=1 host_bytes=0 learner_active=1
[643479.426220] mix-mixA-arm15-3886576 phase=A START
[644079.733872] mix-mixA-arm15-3886576 phase=A END
[644079.741596] mix-mixA-arm15-3886576 phase=B START
[644079.752607] mix-mixA-arm15-3886576 phase=B LOAD
[644105.831018] mix-mixA-arm15-3886576 phase=B RUN
[644110.194001] tee (3887977): drop_caches: 3
[644115.567554] tee (3887982): drop_caches: 3
[644120.093787] tee (3887989): drop_caches: 3
[644125.370809] tee (3887993): drop_caches: 3
[644130.307343] tee (3887998): drop_caches: 3
[644135.442131] tee (3888002): drop_caches: 3
[644140.679422] tee (3888006): drop_caches: 3
[644145.865140] tee (3888010): drop_caches: 3
[644150.338445] tee (3888017): drop_caches: 3
[644155.519827] tee (3888023): drop_caches: 3
[644160.595583] tee (3888027): drop_caches: 3
[644165.724354] tee (3888031): drop_caches: 3
[644170.838089] tee (3888035): drop_caches: 3
[644176.114026] tee (3888039): drop_caches: 3
[644180.549658] tee (3888046): drop_caches: 3
[644185.815492] tee (3888050): drop_caches: 3
[644191.031054] tee (3888054): drop_caches: 3
[644196.038467] tee (3888058): drop_caches: 3
[644201.123443] tee (3888062): drop_caches: 3
[644206.244087] tee (3888066): drop_caches: 3
[644210.826391] tee (3888071): drop_caches: 3
[644216.126285] tee (3888077): drop_caches: 3
[644221.181911] tee (3888081): drop_caches: 3
[644226.251308] tee (3888085): drop_caches: 3
[644231.391497] tee (3888089): drop_caches: 3
[644236.505680] tee (3888093): drop_caches: 3
[644241.816636] tee (3888099): drop_caches: 3
[644247.601089] tee (3888105): drop_caches: 3
[644252.817139] tee (3888109): drop_caches: 3
[644257.976612] tee (3888114): drop_caches: 3
[644263.275188] tee (3888118): drop_caches: 3
[644268.572987] tee (3888122): drop_caches: 3
[644273.880291] tee (3888128): drop_caches: 3
[644279.215796] tee (3888133): drop_caches: 3
[644284.401169] tee (3888137): drop_caches: 3
[644289.519990] tee (3888141): drop_caches: 3
[644294.687812] tee (3888145): drop_caches: 3
[644299.756202] tee (3888149): drop_caches: 3
[644305.217536] tee (3888159): drop_caches: 3
[644310.765264] tee (3888165): drop_caches: 3
[644315.876032] tee (3888169): drop_caches: 3
[644321.081971] tee (3888173): drop_caches: 3
[644326.372883] tee (3888177): drop_caches: 3
[644331.586404] tee (3888183): drop_caches: 3
[644337.176901] tee (3888189): drop_caches: 3
[644342.446578] tee (3888194): drop_caches: 3
[644347.596034] tee (3888198): drop_caches: 3
[644352.797431] tee (3888202): drop_caches: 3
[644358.062368] tee (3888206): drop_caches: 3
[644363.221810] tee (3888210): drop_caches: 3
[644368.825562] tee (3888215): drop_caches: 3
[644374.353842] tee (3888222): drop_caches: 3
[644379.492018] tee (3888228): drop_caches: 3
[644384.705082] tee (3888232): drop_caches: 3
[644389.886135] tee (3888236): drop_caches: 3
[644395.052827] tee (3888240): drop_caches: 3
[644400.558282] tee (3888245): drop_caches: 3
[644406.165261] tee (3888251): drop_caches: 3
[644411.329264] tee (3888255): drop_caches: 3
[644416.536312] tee (3888259): drop_caches: 3
[644421.771291] tee (3888264): drop_caches: 3
[644426.959745] tee (3888268): drop_caches: 3
[644432.660838] tee (3888274): drop_caches: 3
[644437.768367] tee (3888279): drop_caches: 3
[644442.835911] tee (3888283): drop_caches: 3
[644448.012003] tee (3888287): drop_caches: 3
[644453.129589] tee (3888292): drop_caches: 3
[644458.295626] tee (3888297): drop_caches: 3
[644463.587474] tee (3888302): drop_caches: 3
[644469.083121] tee (3888308): drop_caches: 3
[644474.395291] tee (3888313): drop_caches: 3
[644479.535493] tee (3888317): drop_caches: 3
[644484.637817] tee (3888321): drop_caches: 3
[644489.736627] tee (3888325): drop_caches: 3
[644495.253268] tee (3888331): drop_caches: 3
[644500.873410] tee (3888337): drop_caches: 3
[644506.069729] tee (3888341): drop_caches: 3
[644511.203330] tee (3888345): drop_caches: 3
[644516.446462] tee (3888350): drop_caches: 3
[644521.508689] tee (3888354): drop_caches: 3
[644527.185528] tee (3888359): drop_caches: 3
[644532.561712] tee (3888365): drop_caches: 3
[644537.718127] tee (3888369): drop_caches: 3
[644542.903522] tee (3888373): drop_caches: 3
[644548.058479] tee (3888377): drop_caches: 3
[644553.283693] tee (3888382): drop_caches: 3
[644558.597975] tee (3888390): drop_caches: 3
[644561.333880] mix-mixA-arm15-3886576 phase=B END
[644561.565255] NVMeVirt: Measurement: command=stop epoch=1 host_bytes=131217170432 learner_active=0
[644562.231641] EXT4-fs (nvme0n1): unmounting filesystem ca49cdbd-3158-462f-a417-2635f04bee1f.
[644562.705715] pci_bus 0001:10: busn_res: [bus 10-ff] is released
[644562.705762] NVMeVirt: GC stats: ns=0 policy=cat-fig7-fixed host_pages=32035442 gc_pages=27205574 gc_count=925642 WAF=1.849 warmup_gc=100-per-part
[644562.776269] NVMeVirt: Virtual NVMe device closed
