[851595.173023] mix-mixD-online-4127912 BEGIN
[851595.185965] NVMeVirt: Version 1.10 for >> Samsung 970 Pro SSD <<
[851595.185971] NVMeVirt: Storage: 0x100100000-0x300000000 (8191 MiB)
[851595.197241] NVMeVirt: Total Capacity(GiB,MiB)=2,2048 chs=2 luns=4 lines=8192 blk-size(MiB,KiB)=0,64 line-size(MiB,KiB)=0,256
[851595.209627] NVMeVirt: [chmodel_init] bandwidth 800 max_credits 26 tx_time 152
[851595.220643] NVMeVirt: [chmodel_init] bandwidth 800 max_credits 26 tx_time 152
[851595.220658] NVMeVirt: [chmodel_init] bandwidth 3360 max_credits 110 tx_time 36
[851595.220661] NVMeVirt: WATGC_V2 init ns=0 part=0 arms=60 initial=37 prior=none gamma_q16=65503 exploration_q16=16384
[851595.222303] NVMeVirt: pqueue: Copyright (c) 2014, Volkan Yazıcı <volkan.yazici@gmail.com>. All rights reserved.
[851595.222383] NVMeVirt: Init FTL instance with 2 channels (524288 pages)
[851595.222385] NVMeVirt: GC victim policy: watgc-v2 ns=0 part=0 initial_k=7 initial_scale_pct=100 initial_age_ratio=7 warmup_gc=100
[851595.232781] NVMeVirt: [chmodel_init] bandwidth 800 max_credits 26 tx_time 152
[851595.243350] NVMeVirt: [chmodel_init] bandwidth 800 max_credits 26 tx_time 152
[851595.243364] NVMeVirt: [chmodel_init] bandwidth 3360 max_credits 110 tx_time 36
[851595.243366] NVMeVirt: WATGC_V2 init ns=0 part=1 arms=60 initial=37 prior=none gamma_q16=65503 exploration_q16=16384
[851595.244923] NVMeVirt: Init FTL instance with 2 channels (524288 pages)
[851595.244926] NVMeVirt: GC victim policy: watgc-v2 ns=0 part=1 initial_k=7 initial_scale_pct=100 initial_age_ratio=7 warmup_gc=100
[851595.256364] NVMeVirt: [chmodel_init] bandwidth 800 max_credits 26 tx_time 152
[851595.266589] NVMeVirt: [chmodel_init] bandwidth 800 max_credits 26 tx_time 152
[851595.266604] NVMeVirt: [chmodel_init] bandwidth 3360 max_credits 110 tx_time 36
[851595.266606] NVMeVirt: WATGC_V2 init ns=0 part=2 arms=60 initial=37 prior=none gamma_q16=65503 exploration_q16=16384
[851595.267913] NVMeVirt: Init FTL instance with 2 channels (524288 pages)
[851595.267915] NVMeVirt: GC victim policy: watgc-v2 ns=0 part=2 initial_k=7 initial_scale_pct=100 initial_age_ratio=7 warmup_gc=100
[851595.278636] NVMeVirt: [chmodel_init] bandwidth 800 max_credits 26 tx_time 152
[851595.289101] NVMeVirt: [chmodel_init] bandwidth 800 max_credits 26 tx_time 152
[851595.289116] NVMeVirt: [chmodel_init] bandwidth 3360 max_credits 110 tx_time 36
[851595.289118] NVMeVirt: WATGC_V2 init ns=0 part=3 arms=60 initial=37 prior=none gamma_q16=65503 exploration_q16=16384
[851595.290397] NVMeVirt: Init FTL instance with 2 channels (524288 pages)
[851595.290400] NVMeVirt: GC victim policy: watgc-v2 ns=0 part=3 initial_k=7 initial_scale_pct=100 initial_age_ratio=7 warmup_gc=100
[851595.290407] NVMeVirt: FTL physical space: 8588886016, logical space: 8026996276 (physical/logical * 100 = 107)
[851595.290408] NVMeVirt: ns 0/1: size 7655 MiB
[851595.290458] PCI host bridge to bus 0001:10
[851595.290460] pci_bus 0001:10: root bus resource [io  0x0000-0xffff]
[851595.290463] pci_bus 0001:10: root bus resource [mem 0x00000000-0x7fffffffff]
[851595.290479] pci_bus 0001:10: root bus resource [bus 00-ff]
[851595.290487] pci 0001:10:00.0: [0c51:0110] type 00 class 0x010802 PCIe Endpoint
[851595.290491] pci 0001:10:00.0: BAR 0 [mem 0x100000000-0x100003fff 64bit]
[851595.290494] pci 0001:10:00.0: enabling Extended Tags
[851595.290617] NVMeVirt: Virtual PCI bus created (node 0)
[851595.290996] NVMeVirt: nvmev_dispatcher started on cpu 1 (node 0)
[851595.291008] NVMeVirt: Virtual NVMe device created
[851595.291129] NVMeVirt: nvmev_io_worker_0 started on cpu 2 (node 0)
[851595.291206] nvme nvme0: pci function 0001:10:00.0
[851595.293713] nvme nvme0: 8/0/0 default/read/poll queues
[851595.370502] EXT4-fs (nvme0n1): mounted filesystem 235c693b-2e78-4f6e-b4dc-6f89c704a078 r/w with ordered data mode. Quota mode: none.
[851639.980348] audit: type=1107 audit(1789975164.446:509): pid=1434 uid=101 auid=4294967295 ses=4294967295 subj=unconfined msg='apparmor="DENIED" operation="dbus_signal"  bus="system" path="/com/redhat/PrinterSpooler" interface="com.redhat.PrinterSpooler" member="QueueChanged" mask="send" name="org.freedesktop.DBus" pid=2073 label="snap.cups.cupsd" peer_pid=4752 peer_label="unconfined"
[851645.022058] audit: type=1107 audit(1789975169.488:510): pid=1434 uid=101 auid=4294967295 ses=4294967295 subj=unconfined msg='apparmor="DENIED" operation="dbus_signal"  bus="system" path="/com/redhat/PrinterSpooler" interface="com.redhat.PrinterSpooler" member="QueueChanged" mask="send" name="org.freedesktop.DBus" pid=2073 label="snap.cups.cupsd" peer_pid=4752 peer_label="unconfined"
[851677.393079] NVMeVirt: WATGC_V2 init ns=0 part=0 arms=60 initial=37 prior=none gamma_q16=65503 exploration_q16=16384
[851677.393085] NVMeVirt: WATGC_V2 init ns=0 part=1 arms=60 initial=37 prior=none gamma_q16=65503 exploration_q16=16384
[851677.393087] NVMeVirt: WATGC_V2 init ns=0 part=2 arms=60 initial=37 prior=none gamma_q16=65503 exploration_q16=16384
[851677.393089] NVMeVirt: WATGC_V2 init ns=0 part=3 arms=60 initial=37 prior=none gamma_q16=65503 exploration_q16=16384
[851677.393090] NVMeVirt: Measurement: command=start epoch=1 host_bytes=0 learner_active=1
[851677.401859] mix-mixD-online-4127912 phase=A START
[851677.997902] NVMeVirt: WATGC_V2 warmup-done ns=0 part=1 gc_count=2820
[851677.998562] NVMeVirt: WATGC_V2 warmup-done ns=0 part=2 gc_count=2819
[851678.002954] NVMeVirt: WATGC_V2 warmup-done ns=0 part=0 gc_count=2842
[851678.005061] NVMeVirt: WATGC_V2 warmup-done ns=0 part=3 gc_count=2821
[851687.822323] NVMeVirt: WATGC_V2 sample ns=0 part=1 epoch=1 window=1 phase=measure evaluated=37 k=7 scale_pct=100 age_ratio=7 host=65546 gc_pages=62777 gc_count=2005 waf_q16=128303 best=37 next=0 settled=0
[851687.827538] NVMeVirt: WATGC_V2 sample ns=0 part=0 epoch=1 window=1 phase=measure evaluated=37 k=7 scale_pct=100 age_ratio=7 host=65555 gc_pages=62828 gc_count=2006 waf_q16=128345 best=37 next=0 settled=0
[851687.829016] NVMeVirt: WATGC_V2 sample ns=0 part=2 epoch=1 window=1 phase=measure evaluated=37 k=7 scale_pct=100 age_ratio=7 host=65550 gc_pages=62381 gc_count=1999 waf_q16=127903 best=37 next=0 settled=0
[851687.853378] NVMeVirt: WATGC_V2 sample ns=0 part=3 epoch=1 window=1 phase=measure evaluated=37 k=7 scale_pct=100 age_ratio=7 host=65540 gc_pages=62906 gc_count=2007 waf_q16=128438 best=37 next=0 settled=0
[851697.652044] NVMeVirt: WATGC_V2 sample ns=0 part=1 epoch=1 window=2 phase=measure evaluated=0 k=2 scale_pct=25 age_ratio=4 host=65538 gc_pages=61376 gc_count=1983 waf_q16=126910 best=0 next=1 settled=0
[851697.658166] NVMeVirt: WATGC_V2 sample ns=0 part=2 epoch=1 window=2 phase=measure evaluated=0 k=2 scale_pct=25 age_ratio=4 host=65537 gc_pages=61570 gc_count=1986 waf_q16=127105 best=0 next=1 settled=0
[851697.669598] NVMeVirt: WATGC_V2 sample ns=0 part=0 epoch=1 window=2 phase=measure evaluated=0 k=2 scale_pct=25 age_ratio=4 host=65539 gc_pages=60993 gc_count=1977 waf_q16=126526 best=0 next=1 settled=0
[851697.683062] NVMeVirt: WATGC_V2 sample ns=0 part=3 epoch=1 window=2 phase=measure evaluated=0 k=2 scale_pct=25 age_ratio=4 host=65555 gc_pages=60912 gc_count=1976 waf_q16=126430 best=0 next=1 settled=0
[851707.485121] NVMeVirt: WATGC_V2 sample ns=0 part=2 epoch=1 window=3 phase=measure evaluated=1 k=2 scale_pct=25 age_ratio=7 host=65543 gc_pages=74491 gc_count=2188 waf_q16=140019 best=0 next=2 settled=0
[851707.494008] NVMeVirt: WATGC_V2 sample ns=0 part=1 epoch=1 window=3 phase=measure evaluated=1 k=2 scale_pct=25 age_ratio=7 host=65561 gc_pages=74729 gc_count=2192 waf_q16=140236 best=0 next=2 settled=0
[851707.502608] NVMeVirt: WATGC_V2 sample ns=0 part=3 epoch=1 window=3 phase=measure evaluated=1 k=2 scale_pct=25 age_ratio=7 host=65557 gc_pages=74797 gc_count=2193 waf_q16=140309 best=0 next=2 settled=0
[851707.515436] NVMeVirt: WATGC_V2 sample ns=0 part=0 epoch=1 window=3 phase=measure evaluated=1 k=2 scale_pct=25 age_ratio=7 host=65545 gc_pages=75257 gc_count=2200 waf_q16=140782 best=0 next=2 settled=0
[851717.317659] NVMeVirt: WATGC_V2 sample ns=0 part=2 epoch=1 window=4 phase=measure evaluated=2 k=2 scale_pct=25 age_ratio=16 host=65549 gc_pages=73273 gc_count=2169 waf_q16=138794 best=0 next=3 settled=0
[851717.323492] NVMeVirt: WATGC_V2 sample ns=0 part=3 epoch=1 window=4 phase=measure evaluated=2 k=2 scale_pct=25 age_ratio=16 host=65550 gc_pages=73463 gc_count=2172 waf_q16=138983 best=0 next=3 settled=0
[851717.341951] NVMeVirt: WATGC_V2 sample ns=0 part=1 epoch=1 window=4 phase=measure evaluated=2 k=2 scale_pct=25 age_ratio=16 host=65557 gc_pages=73392 gc_count=2171 waf_q16=138904 best=0 next=3 settled=0
[851717.348957] NVMeVirt: WATGC_V2 sample ns=0 part=0 epoch=1 window=4 phase=measure evaluated=2 k=2 scale_pct=25 age_ratio=16 host=65536 gc_pages=74181 gc_count=2183 waf_q16=139717 best=0 next=3 settled=0
[851727.133212] NVMeVirt: WATGC_V2 sample ns=0 part=0 epoch=1 window=5 phase=measure evaluated=3 k=2 scale_pct=50 age_ratio=4 host=65543 gc_pages=73211 gc_count=2168 waf_q16=138739 best=0 next=4 settled=0
[851727.150438] NVMeVirt: WATGC_V2 sample ns=0 part=3 epoch=1 window=5 phase=measure evaluated=3 k=2 scale_pct=50 age_ratio=4 host=65545 gc_pages=73017 gc_count=2165 waf_q16=138542 best=0 next=4 settled=0
[851727.181569] NVMeVirt: WATGC_V2 sample ns=0 part=1 epoch=1 window=5 phase=measure evaluated=3 k=2 scale_pct=50 age_ratio=4 host=65537 gc_pages=73665 gc_count=2175 waf_q16=139199 best=0 next=4 settled=0
[851727.194861] NVMeVirt: WATGC_V2 sample ns=0 part=2 epoch=1 window=5 phase=measure evaluated=3 k=2 scale_pct=50 age_ratio=4 host=65565 gc_pages=73445 gc_count=2172 waf_q16=138948 best=0 next=4 settled=0
[851736.979773] NVMeVirt: WATGC_V2 sample ns=0 part=0 epoch=1 window=6 phase=measure evaluated=4 k=2 scale_pct=50 age_ratio=7 host=65539 gc_pages=72057 gc_count=2150 waf_q16=137589 best=0 next=5 settled=0
[851736.999103] NVMeVirt: WATGC_V2 sample ns=0 part=2 epoch=1 window=6 phase=measure evaluated=4 k=2 scale_pct=50 age_ratio=7 host=65556 gc_pages=72552 gc_count=2158 waf_q16=138065 best=0 next=5 settled=0
[851737.005535] NVMeVirt: WATGC_V2 sample ns=0 part=1 epoch=1 window=6 phase=measure evaluated=4 k=2 scale_pct=50 age_ratio=7 host=65555 gc_pages=71913 gc_count=2148 waf_q16=137428 best=0 next=5 settled=0
[851737.005839] NVMeVirt: WATGC_V2 sample ns=0 part=3 epoch=1 window=6 phase=measure evaluated=4 k=2 scale_pct=50 age_ratio=7 host=65537 gc_pages=71611 gc_count=2143 waf_q16=137145 best=0 next=5 settled=0
[851746.819446] NVMeVirt: WATGC_V2 sample ns=0 part=0 epoch=1 window=7 phase=measure evaluated=5 k=2 scale_pct=50 age_ratio=16 host=65551 gc_pages=74862 gc_count=2194 waf_q16=140380 best=0 next=6 settled=0
[851746.823313] NVMeVirt: WATGC_V2 sample ns=0 part=3 epoch=1 window=7 phase=measure evaluated=5 k=2 scale_pct=50 age_ratio=16 host=65552 gc_pages=75310 gc_count=2201 waf_q16=140827 best=0 next=6 settled=0
[851746.830408] NVMeVirt: WATGC_V2 sample ns=0 part=1 epoch=1 window=7 phase=measure evaluated=5 k=2 scale_pct=50 age_ratio=16 host=65560 gc_pages=75238 gc_count=2200 waf_q16=140746 best=0 next=6 settled=0
[851746.848978] NVMeVirt: WATGC_V2 sample ns=0 part=2 epoch=1 window=7 phase=measure evaluated=5 k=2 scale_pct=50 age_ratio=16 host=65539 gc_pages=75325 gc_count=2201 waf_q16=140857 best=0 next=6 settled=0
[851756.644972] NVMeVirt: WATGC_V2 sample ns=0 part=1 epoch=1 window=8 phase=measure evaluated=6 k=2 scale_pct=100 age_ratio=4 host=65554 gc_pages=79406 gc_count=2265 waf_q16=144920 best=0 next=7 settled=0
[851756.647557] NVMeVirt: WATGC_V2 sample ns=0 part=0 epoch=1 window=8 phase=measure evaluated=6 k=2 scale_pct=100 age_ratio=4 host=65546 gc_pages=78839 gc_count=2256 waf_q16=144362 best=0 next=7 settled=0
[851756.677789] NVMeVirt: WATGC_V2 sample ns=0 part=2 epoch=1 window=8 phase=measure evaluated=6 k=2 scale_pct=100 age_ratio=4 host=65538 gc_pages=79678 gc_count=2269 waf_q16=145211 best=0 next=7 settled=0
[851756.680056] NVMeVirt: WATGC_V2 sample ns=0 part=3 epoch=1 window=8 phase=measure evaluated=6 k=2 scale_pct=100 age_ratio=4 host=65552 gc_pages=78768 gc_count=2255 waf_q16=144284 best=0 next=7 settled=0
[851766.467161] NVMeVirt: WATGC_V2 sample ns=0 part=0 epoch=1 window=9 phase=measure evaluated=7 k=2 scale_pct=100 age_ratio=7 host=65562 gc_pages=76265 gc_count=2216 waf_q16=141770 best=0 next=8 settled=0
[851766.489897] NVMeVirt: WATGC_V2 sample ns=0 part=1 epoch=1 window=9 phase=measure evaluated=7 k=2 scale_pct=100 age_ratio=7 host=65540 gc_pages=77696 gc_count=2238 waf_q16=143227 best=0 next=8 settled=0
[851766.510481] NVMeVirt: WATGC_V2 sample ns=0 part=3 epoch=1 window=9 phase=measure evaluated=7 k=2 scale_pct=100 age_ratio=7 host=65555 gc_pages=77233 gc_count=2231 waf_q16=142746 best=0 next=8 settled=0
[851766.515690] NVMeVirt: WATGC_V2 sample ns=0 part=2 epoch=1 window=9 phase=measure evaluated=7 k=2 scale_pct=100 age_ratio=7 host=65547 gc_pages=77752 gc_count=2239 waf_q16=143274 best=0 next=8 settled=0
[851776.293735] NVMeVirt: WATGC_V2 sample ns=0 part=0 epoch=1 window=10 phase=measure evaluated=8 k=2 scale_pct=100 age_ratio=16 host=65546 gc_pages=77498 gc_count=2235 waf_q16=143022 best=0 next=9 settled=0
[851776.306174] NVMeVirt: WATGC_V2 sample ns=0 part=1 epoch=1 window=10 phase=measure evaluated=8 k=2 scale_pct=100 age_ratio=16 host=65546 gc_pages=78841 gc_count=2256 waf_q16=144364 best=0 next=9 settled=0
[851776.353778] NVMeVirt: WATGC_V2 sample ns=0 part=2 epoch=1 window=10 phase=measure evaluated=8 k=2 scale_pct=100 age_ratio=16 host=65540 gc_pages=78528 gc_count=2251 waf_q16=144059 best=0 next=9 settled=0
[851776.360522] NVMeVirt: WATGC_V2 sample ns=0 part=3 epoch=1 window=10 phase=measure evaluated=8 k=2 scale_pct=100 age_ratio=16 host=65536 gc_pages=78083 gc_count=2244 waf_q16=143619 best=0 next=9 settled=0
[851786.114492] NVMeVirt: WATGC_V2 sample ns=0 part=0 epoch=1 window=11 phase=measure evaluated=9 k=2 scale_pct=200 age_ratio=4 host=65544 gc_pages=83062 gc_count=2322 waf_q16=148587 best=0 next=10 settled=0
[851786.150753] NVMeVirt: WATGC_V2 sample ns=0 part=1 epoch=1 window=11 phase=measure evaluated=9 k=2 scale_pct=200 age_ratio=4 host=65557 gc_pages=83241 gc_count=2325 waf_q16=148750 best=0 next=10 settled=0
[851786.177512] NVMeVirt: WATGC_V2 sample ns=0 part=3 epoch=1 window=11 phase=measure evaluated=9 k=2 scale_pct=200 age_ratio=4 host=65561 gc_pages=82981 gc_count=2321 waf_q16=148485 best=0 next=10 settled=0
[851786.208981] NVMeVirt: WATGC_V2 sample ns=0 part=2 epoch=1 window=11 phase=measure evaluated=9 k=2 scale_pct=200 age_ratio=4 host=65563 gc_pages=82915 gc_count=2320 waf_q16=148416 best=0 next=10 settled=0
[851795.941242] NVMeVirt: WATGC_V2 sample ns=0 part=0 epoch=1 window=12 phase=measure evaluated=10 k=2 scale_pct=200 age_ratio=7 host=65551 gc_pages=83503 gc_count=2329 waf_q16=149019 best=0 next=11 settled=0
[851795.965360] NVMeVirt: WATGC_V2 sample ns=0 part=1 epoch=1 window=12 phase=measure evaluated=10 k=2 scale_pct=200 age_ratio=7 host=65561 gc_pages=83941 gc_count=2336 waf_q16=149444 best=0 next=11 settled=0
[851796.018409] NVMeVirt: WATGC_V2 sample ns=0 part=3 epoch=1 window=12 phase=measure evaluated=10 k=2 scale_pct=200 age_ratio=7 host=65558 gc_pages=83945 gc_count=2336 waf_q16=149452 best=0 next=11 settled=0
[851796.057987] NVMeVirt: WATGC_V2 sample ns=0 part=2 epoch=1 window=12 phase=measure evaluated=10 k=2 scale_pct=200 age_ratio=7 host=65552 gc_pages=84782 gc_count=2349 waf_q16=150297 best=0 next=11 settled=0
[851805.783298] NVMeVirt: WATGC_V2 sample ns=0 part=1 epoch=1 window=13 phase=measure evaluated=11 k=2 scale_pct=200 age_ratio=16 host=65549 gc_pages=84148 gc_count=2339 waf_q16=149667 best=0 next=12 settled=0
[851805.811184] NVMeVirt: WATGC_V2 sample ns=0 part=0 epoch=1 window=13 phase=measure evaluated=11 k=2 scale_pct=200 age_ratio=16 host=65547 gc_pages=84278 gc_count=2341 waf_q16=149799 best=0 next=12 settled=0
[851805.854339] NVMeVirt: WATGC_V2 sample ns=0 part=3 epoch=1 window=13 phase=measure evaluated=11 k=2 scale_pct=200 age_ratio=16 host=65551 gc_pages=85681 gc_count=2363 waf_q16=151197 best=0 next=12 settled=0
[851805.864366] NVMeVirt: WATGC_V2 sample ns=0 part=2 epoch=1 window=13 phase=measure evaluated=11 k=2 scale_pct=200 age_ratio=16 host=65561 gc_pages=85799 gc_count=2365 waf_q16=151302 best=0 next=12 settled=0
[851815.639241] NVMeVirt: WATGC_V2 sample ns=0 part=0 epoch=1 window=14 phase=measure evaluated=12 k=2 scale_pct=400 age_ratio=4 host=65557 gc_pages=84076 gc_count=2338 waf_q16=149585 best=0 next=13 settled=0
[851815.648169] NVMeVirt: WATGC_V2 sample ns=0 part=1 epoch=1 window=14 phase=measure evaluated=12 k=2 scale_pct=400 age_ratio=4 host=65541 gc_pages=83197 gc_count=2324 waf_q16=148726 best=0 next=13 settled=0
[851815.678424] NVMeVirt: WATGC_V2 sample ns=0 part=3 epoch=1 window=14 phase=measure evaluated=12 k=2 scale_pct=400 age_ratio=4 host=65546 gc_pages=84471 gc_count=2344 waf_q16=149994 best=0 next=13 settled=0
[851815.680265] NVMeVirt: WATGC_V2 sample ns=0 part=2 epoch=1 window=14 phase=measure evaluated=12 k=2 scale_pct=400 age_ratio=4 host=65552 gc_pages=85745 gc_count=2364 waf_q16=151260 best=0 next=13 settled=0
[851825.453648] NVMeVirt: WATGC_V2 sample ns=0 part=1 epoch=1 window=15 phase=measure evaluated=13 k=2 scale_pct=400 age_ratio=7 host=65542 gc_pages=77820 gc_count=2240 waf_q16=143348 best=0 next=14 settled=0
[851825.500026] NVMeVirt: WATGC_V2 sample ns=0 part=0 epoch=1 window=15 phase=measure evaluated=13 k=2 scale_pct=400 age_ratio=7 host=65551 gc_pages=77876 gc_count=2241 waf_q16=143394 best=0 next=14 settled=0
[851825.507514] NVMeVirt: WATGC_V2 sample ns=0 part=3 epoch=1 window=15 phase=measure evaluated=13 k=2 scale_pct=400 age_ratio=7 host=65539 gc_pages=78207 gc_count=2246 waf_q16=143739 best=0 next=14 settled=0
[851825.515568] NVMeVirt: WATGC_V2 sample ns=0 part=2 epoch=1 window=15 phase=measure evaluated=13 k=2 scale_pct=400 age_ratio=7 host=65560 gc_pages=79019 gc_count=2259 waf_q16=144526 best=0 next=14 settled=0
[851835.281783] NVMeVirt: WATGC_V2 sample ns=0 part=1 epoch=1 window=16 phase=measure evaluated=14 k=2 scale_pct=400 age_ratio=16 host=65551 gc_pages=81390 gc_count=2296 waf_q16=146907 best=0 next=15 settled=0
[851835.327780] NVMeVirt: WATGC_V2 sample ns=0 part=0 epoch=1 window=16 phase=measure evaluated=14 k=2 scale_pct=400 age_ratio=16 host=65548 gc_pages=81969 gc_count=2305 waf_q16=147489 best=0 next=15 settled=0
[851835.350248] NVMeVirt: WATGC_V2 sample ns=0 part=3 epoch=1 window=16 phase=measure evaluated=14 k=2 scale_pct=400 age_ratio=16 host=65553 gc_pages=81899 gc_count=2304 waf_q16=147413 best=0 next=15 settled=0
[851835.355110] NVMeVirt: WATGC_V2 sample ns=0 part=2 epoch=1 window=16 phase=measure evaluated=14 k=2 scale_pct=400 age_ratio=16 host=65557 gc_pages=81895 gc_count=2304 waf_q16=147404 best=0 next=15 settled=0
[851845.145027] NVMeVirt: WATGC_V2 sample ns=0 part=1 epoch=1 window=17 phase=measure evaluated=15 k=4 scale_pct=25 age_ratio=4 host=65546 gc_pages=69621 gc_count=2112 waf_q16=135146 best=0 next=16 settled=0
[851845.155276] NVMeVirt: WATGC_V2 sample ns=0 part=2 epoch=1 window=17 phase=measure evaluated=15 k=4 scale_pct=25 age_ratio=4 host=65547 gc_pages=70516 gc_count=2126 waf_q16=136040 best=0 next=16 settled=0
[851845.160552] NVMeVirt: WATGC_V2 sample ns=0 part=3 epoch=1 window=17 phase=measure evaluated=15 k=4 scale_pct=25 age_ratio=4 host=65552 gc_pages=69167 gc_count=2105 waf_q16=134686 best=0 next=16 settled=0
[851845.182265] NVMeVirt: WATGC_V2 sample ns=0 part=0 epoch=1 window=17 phase=measure evaluated=15 k=4 scale_pct=25 age_ratio=4 host=65553 gc_pages=69103 gc_count=2104 waf_q16=134621 best=0 next=16 settled=0
[851854.978352] NVMeVirt: WATGC_V2 sample ns=0 part=1 epoch=1 window=18 phase=measure evaluated=16 k=4 scale_pct=25 age_ratio=7 host=65545 gc_pages=65472 gc_count=2047 waf_q16=130999 best=0 next=17 settled=0
[851854.990552] NVMeVirt: WATGC_V2 sample ns=0 part=3 epoch=1 window=18 phase=measure evaluated=16 k=4 scale_pct=25 age_ratio=7 host=65552 gc_pages=66100 gc_count=2057 waf_q16=131619 best=0 next=17 settled=0
[851855.000951] NVMeVirt: WATGC_V2 sample ns=0 part=0 epoch=1 window=18 phase=measure evaluated=16 k=4 scale_pct=25 age_ratio=7 host=65557 gc_pages=65841 gc_count=2053 waf_q16=131355 best=0 next=17 settled=0
[851855.008260] NVMeVirt: WATGC_V2 sample ns=0 part=2 epoch=1 window=18 phase=measure evaluated=16 k=4 scale_pct=25 age_ratio=7 host=65563 gc_pages=65717 gc_count=2051 waf_q16=131225 best=0 next=17 settled=0
[851864.810577] NVMeVirt: WATGC_V2 sample ns=0 part=1 epoch=1 window=19 phase=measure evaluated=17 k=4 scale_pct=25 age_ratio=16 host=65545 gc_pages=60920 gc_count=1976 waf_q16=126447 best=0 next=18 settled=0
[851864.827813] NVMeVirt: WATGC_V2 sample ns=0 part=3 epoch=1 window=19 phase=measure evaluated=17 k=4 scale_pct=25 age_ratio=16 host=65540 gc_pages=62932 gc_count=2007 waf_q16=128464 best=0 next=18 settled=0
[851864.829764] NVMeVirt: WATGC_V2 sample ns=0 part=0 epoch=1 window=19 phase=measure evaluated=17 k=4 scale_pct=25 age_ratio=16 host=65548 gc_pages=62298 gc_count=1998 waf_q16=127822 best=0 next=18 settled=0
[851864.839176] NVMeVirt: WATGC_V2 sample ns=0 part=2 epoch=1 window=19 phase=measure evaluated=17 k=4 scale_pct=25 age_ratio=16 host=65560 gc_pages=62126 gc_count=1995 waf_q16=127639 best=0 next=18 settled=0
[851874.627684] NVMeVirt: WATGC_V2 sample ns=0 part=1 epoch=1 window=20 phase=measure evaluated=18 k=4 scale_pct=50 age_ratio=4 host=65543 gc_pages=42808 gc_count=1693 waf_q16=108339 best=18 next=19 settled=0
[851874.663441] NVMeVirt: WATGC_V2 sample ns=0 part=0 epoch=1 window=20 phase=measure evaluated=18 k=4 scale_pct=50 age_ratio=4 host=65543 gc_pages=42422 gc_count=1687 waf_q16=107953 best=18 next=19 settled=0
[851874.674125] NVMeVirt: WATGC_V2 sample ns=0 part=3 epoch=1 window=20 phase=measure evaluated=18 k=4 scale_pct=50 age_ratio=4 host=65570 gc_pages=42524 gc_count=1689 waf_q16=108037 best=18 next=19 settled=0
[851874.675273] NVMeVirt: WATGC_V2 sample ns=0 part=2 epoch=1 window=20 phase=measure evaluated=18 k=4 scale_pct=50 age_ratio=4 host=65554 gc_pages=42541 gc_count=1689 waf_q16=108065 best=18 next=19 settled=0
[851884.459141] NVMeVirt: WATGC_V2 sample ns=0 part=0 epoch=1 window=21 phase=measure evaluated=19 k=4 scale_pct=50 age_ratio=7 host=65545 gc_pages=50035 gc_count=1806 waf_q16=115564 best=18 next=20 settled=0
[851884.491752] NVMeVirt: WATGC_V2 sample ns=0 part=1 epoch=1 window=21 phase=measure evaluated=19 k=4 scale_pct=50 age_ratio=7 host=65547 gc_pages=49588 gc_count=1799 waf_q16=115115 best=18 next=20 settled=0
[851884.495747] NVMeVirt: WATGC_V2 sample ns=0 part=3 epoch=1 window=21 phase=measure evaluated=19 k=4 scale_pct=50 age_ratio=7 host=65537 gc_pages=48847 gc_count=1787 waf_q16=114382 best=18 next=20 settled=0
[851884.526491] NVMeVirt: WATGC_V2 sample ns=0 part=2 epoch=1 window=21 phase=measure evaluated=19 k=4 scale_pct=50 age_ratio=7 host=65538 gc_pages=49660 gc_count=1800 waf_q16=115194 best=18 next=20 settled=0
[851894.307375] NVMeVirt: WATGC_V2 sample ns=0 part=0 epoch=1 window=22 phase=measure evaluated=20 k=4 scale_pct=50 age_ratio=16 host=65565 gc_pages=64614 gc_count=2034 waf_q16=130121 best=18 next=21 settled=0
[851894.318480] NVMeVirt: WATGC_V2 sample ns=0 part=1 epoch=1 window=22 phase=measure evaluated=20 k=4 scale_pct=50 age_ratio=16 host=65559 gc_pages=64319 gc_count=2029 waf_q16=129832 best=18 next=21 settled=0
[851894.335547] NVMeVirt: WATGC_V2 sample ns=0 part=2 epoch=1 window=22 phase=measure evaluated=20 k=4 scale_pct=50 age_ratio=16 host=65543 gc_pages=64189 gc_count=2027 waf_q16=129718 best=18 next=21 settled=0
[851894.343416] NVMeVirt: WATGC_V2 sample ns=0 part=3 epoch=1 window=22 phase=measure evaluated=20 k=4 scale_pct=50 age_ratio=16 host=65557 gc_pages=63406 gc_count=2015 waf_q16=128921 best=18 next=21 settled=0
[851904.135742] NVMeVirt: WATGC_V2 sample ns=0 part=0 epoch=1 window=23 phase=measure evaluated=21 k=4 scale_pct=100 age_ratio=4 host=65536 gc_pages=50431 gc_count=1812 waf_q16=115967 best=18 next=22 settled=0
[851904.164032] NVMeVirt: WATGC_V2 sample ns=0 part=2 epoch=1 window=23 phase=measure evaluated=21 k=4 scale_pct=100 age_ratio=4 host=65559 gc_pages=50408 gc_count=1812 waf_q16=115926 best=18 next=22 settled=0
[851904.168001] NVMeVirt: WATGC_V2 sample ns=0 part=1 epoch=1 window=23 phase=measure evaluated=21 k=4 scale_pct=100 age_ratio=4 host=65559 gc_pages=50345 gc_count=1811 waf_q16=115863 best=18 next=22 settled=0
[851904.172083] NVMeVirt: WATGC_V2 sample ns=0 part=3 epoch=1 window=23 phase=measure evaluated=21 k=4 scale_pct=100 age_ratio=4 host=65544 gc_pages=50232 gc_count=1809 waf_q16=115761 best=18 next=22 settled=0
[851913.982309] NVMeVirt: WATGC_V2 sample ns=0 part=3 epoch=1 window=24 phase=measure evaluated=22 k=4 scale_pct=100 age_ratio=7 host=65542 gc_pages=50173 gc_count=1808 waf_q16=115704 best=18 next=23 settled=0
[851913.986040] NVMeVirt: WATGC_V2 sample ns=0 part=2 epoch=1 window=24 phase=measure evaluated=22 k=4 scale_pct=100 age_ratio=7 host=65539 gc_pages=49792 gc_count=1802 waf_q16=115325 best=18 next=23 settled=0
[851913.993124] NVMeVirt: WATGC_V2 sample ns=0 part=1 epoch=1 window=24 phase=measure evaluated=22 k=4 scale_pct=100 age_ratio=7 host=65564 gc_pages=49575 gc_count=1799 waf_q16=115089 best=18 next=23 settled=0
[851914.009627] NVMeVirt: WATGC_V2 sample ns=0 part=0 epoch=1 window=24 phase=measure evaluated=22 k=4 scale_pct=100 age_ratio=7 host=65541 gc_pages=49727 gc_count=1801 waf_q16=115259 best=18 next=23 settled=0
[851923.818260] NVMeVirt: WATGC_V2 sample ns=0 part=2 epoch=1 window=25 phase=measure evaluated=23 k=4 scale_pct=100 age_ratio=16 host=65565 gc_pages=64805 gc_count=2037 waf_q16=130312 best=18 next=24 settled=0
[851923.823604] NVMeVirt: WATGC_V2 sample ns=0 part=0 epoch=1 window=25 phase=measure evaluated=23 k=4 scale_pct=100 age_ratio=16 host=65555 gc_pages=64557 gc_count=2033 waf_q16=130074 best=18 next=24 settled=0
[851923.831719] NVMeVirt: WATGC_V2 sample ns=0 part=3 epoch=1 window=25 phase=measure evaluated=23 k=4 scale_pct=100 age_ratio=16 host=65564 gc_pages=64492 gc_count=2032 waf_q16=130000 best=18 next=24 settled=0
[851923.833716] NVMeVirt: WATGC_V2 sample ns=0 part=1 epoch=1 window=25 phase=measure evaluated=23 k=4 scale_pct=100 age_ratio=16 host=65550 gc_pages=65458 gc_count=2047 waf_q16=130980 best=18 next=24 settled=0
[851933.654988] NVMeVirt: WATGC_V2 sample ns=0 part=1 epoch=1 window=26 phase=measure evaluated=24 k=4 scale_pct=200 age_ratio=4 host=65564 gc_pages=59360 gc_count=1952 waf_q16=124870 best=18 next=25 settled=0
[851933.659214] NVMeVirt: WATGC_V2 sample ns=0 part=3 epoch=1 window=26 phase=measure evaluated=24 k=4 scale_pct=200 age_ratio=4 host=65566 gc_pages=59742 gc_count=1958 waf_q16=125250 best=18 next=25 settled=0
[851933.660304] NVMeVirt: WATGC_V2 sample ns=0 part=2 epoch=1 window=26 phase=measure evaluated=24 k=4 scale_pct=200 age_ratio=4 host=65557 gc_pages=60967 gc_count=1977 waf_q16=126483 best=18 next=25 settled=0
[851933.670197] NVMeVirt: WATGC_V2 sample ns=0 part=0 epoch=1 window=26 phase=measure evaluated=24 k=4 scale_pct=200 age_ratio=4 host=65568 gc_pages=59803 gc_count=1959 waf_q16=125309 best=18 next=25 settled=0
[851943.472494] NVMeVirt: WATGC_V2 sample ns=0 part=2 epoch=1 window=27 phase=measure evaluated=25 k=4 scale_pct=200 age_ratio=7 host=65543 gc_pages=64184 gc_count=2027 waf_q16=129713 best=18 next=26 settled=0
[851943.477263] NVMeVirt: WATGC_V2 sample ns=0 part=3 epoch=1 window=27 phase=measure evaluated=25 k=4 scale_pct=200 age_ratio=7 host=65555 gc_pages=62574 gc_count=2002 waf_q16=128091 best=18 next=26 settled=0
[851943.511070] NVMeVirt: WATGC_V2 sample ns=0 part=0 epoch=1 window=27 phase=measure evaluated=25 k=4 scale_pct=200 age_ratio=7 host=65544 gc_pages=62457 gc_count=2000 waf_q16=127985 best=18 next=26 settled=0
[851943.515033] NVMeVirt: WATGC_V2 sample ns=0 part=1 epoch=1 window=27 phase=measure evaluated=25 k=4 scale_pct=200 age_ratio=7 host=65546 gc_pages=62839 gc_count=2006 waf_q16=128365 best=18 next=26 settled=0
[851953.312426] NVMeVirt: WATGC_V2 sample ns=0 part=2 epoch=1 window=28 phase=measure evaluated=26 k=4 scale_pct=200 age_ratio=16 host=65541 gc_pages=73083 gc_count=2166 waf_q16=138613 best=18 next=27 settled=0
[851953.312607] NVMeVirt: WATGC_V2 sample ns=0 part=3 epoch=1 window=28 phase=measure evaluated=26 k=4 scale_pct=200 age_ratio=16 host=65563 gc_pages=72166 gc_count=2152 waf_q16=137672 best=18 next=27 settled=0
[851953.331005] NVMeVirt: WATGC_V2 sample ns=0 part=0 epoch=1 window=28 phase=measure evaluated=26 k=4 scale_pct=200 age_ratio=16 host=65549 gc_pages=72244 gc_count=2153 waf_q16=137765 best=18 next=27 settled=0
[851953.350801] NVMeVirt: WATGC_V2 sample ns=0 part=1 epoch=1 window=28 phase=measure evaluated=26 k=4 scale_pct=200 age_ratio=16 host=65551 gc_pages=72370 gc_count=2155 waf_q16=137889 best=18 next=27 settled=0
[851963.151023] NVMeVirt: WATGC_V2 sample ns=0 part=3 epoch=1 window=29 phase=measure evaluated=27 k=4 scale_pct=400 age_ratio=4 host=65561 gc_pages=66729 gc_count=2067 waf_q16=132239 best=18 next=28 settled=0
[851963.157124] NVMeVirt: WATGC_V2 sample ns=0 part=2 epoch=1 window=29 phase=measure evaluated=27 k=4 scale_pct=400 age_ratio=4 host=65561 gc_pages=67947 gc_count=2086 waf_q16=133457 best=18 next=28 settled=0
[851963.158147] NVMeVirt: WATGC_V2 sample ns=0 part=0 epoch=1 window=29 phase=measure evaluated=27 k=4 scale_pct=400 age_ratio=4 host=65556 gc_pages=66414 gc_count=2062 waf_q16=131929 best=18 next=28 settled=0
[851963.175526] NVMeVirt: WATGC_V2 sample ns=0 part=1 epoch=1 window=29 phase=measure evaluated=27 k=4 scale_pct=400 age_ratio=4 host=65542 gc_pages=66684 gc_count=2066 waf_q16=132213 best=18 next=28 settled=0
[851972.979398] NVMeVirt: WATGC_V2 sample ns=0 part=3 epoch=1 window=30 phase=measure evaluated=28 k=4 scale_pct=400 age_ratio=7 host=65541 gc_pages=66747 gc_count=2067 waf_q16=132277 best=18 next=29 settled=0
[851972.980111] NVMeVirt: WATGC_V2 sample ns=0 part=2 epoch=1 window=30 phase=measure evaluated=28 k=4 scale_pct=400 age_ratio=7 host=65547 gc_pages=67318 gc_count=2076 waf_q16=132842 best=18 next=29 settled=0
[851972.995191] NVMeVirt: WATGC_V2 sample ns=0 part=1 epoch=1 window=30 phase=measure evaluated=28 k=4 scale_pct=400 age_ratio=7 host=65565 gc_pages=67043 gc_count=2072 waf_q16=132549 best=18 next=29 settled=0
[851973.016223] NVMeVirt: WATGC_V2 sample ns=0 part=0 epoch=1 window=30 phase=measure evaluated=28 k=4 scale_pct=400 age_ratio=7 host=65541 gc_pages=67067 gc_count=2072 waf_q16=132597 best=18 next=29 settled=0
[851982.802838] NVMeVirt: WATGC_V2 sample ns=0 part=3 epoch=1 window=31 phase=measure evaluated=29 k=4 scale_pct=400 age_ratio=16 host=65547 gc_pages=75058 gc_count=2197 waf_q16=140581 best=18 next=30 settled=0
[851982.818587] NVMeVirt: WATGC_V2 sample ns=0 part=2 epoch=1 window=31 phase=measure evaluated=29 k=4 scale_pct=400 age_ratio=16 host=65551 gc_pages=74992 gc_count=2196 waf_q16=140510 best=18 next=30 settled=0
[851982.832594] NVMeVirt: WATGC_V2 sample ns=0 part=1 epoch=1 window=31 phase=measure evaluated=29 k=4 scale_pct=400 age_ratio=16 host=65568 gc_pages=76190 gc_count=2215 waf_q16=141688 best=18 next=30 settled=0
[851982.846513] NVMeVirt: WATGC_V2 sample ns=0 part=0 epoch=1 window=31 phase=measure evaluated=29 k=4 scale_pct=400 age_ratio=16 host=65538 gc_pages=74877 gc_count=2194 waf_q16=140410 best=18 next=30 settled=0
[851992.620895] NVMeVirt: WATGC_V2 sample ns=0 part=2 epoch=1 window=32 phase=measure evaluated=30 k=7 scale_pct=25 age_ratio=4 host=65543 gc_pages=63344 gc_count=2014 waf_q16=128873 best=18 next=31 settled=0
[851992.641460] NVMeVirt: WATGC_V2 sample ns=0 part=3 epoch=1 window=32 phase=measure evaluated=30 k=7 scale_pct=25 age_ratio=4 host=65563 gc_pages=63729 gc_count=2020 waf_q16=129238 best=18 next=31 settled=0
[851992.685277] NVMeVirt: WATGC_V2 sample ns=0 part=0 epoch=1 window=32 phase=measure evaluated=30 k=7 scale_pct=25 age_ratio=4 host=65566 gc_pages=62745 gc_count=2005 waf_q16=128252 best=18 next=31 settled=0
[851992.687875] NVMeVirt: WATGC_V2 sample ns=0 part=1 epoch=1 window=32 phase=measure evaluated=30 k=7 scale_pct=25 age_ratio=4 host=65552 gc_pages=63406 gc_count=2015 waf_q16=128926 best=18 next=31 settled=0
[852002.453858] NVMeVirt: WATGC_V2 sample ns=0 part=3 epoch=1 window=33 phase=measure evaluated=31 k=7 scale_pct=25 age_ratio=7 host=65568 gc_pages=50144 gc_count=1808 waf_q16=115655 best=18 next=32 settled=0
[852002.461108] NVMeVirt: WATGC_V2 sample ns=0 part=2 epoch=1 window=33 phase=measure evaluated=31 k=7 scale_pct=25 age_ratio=7 host=65553 gc_pages=50653 gc_count=1816 waf_q16=116175 best=18 next=32 settled=0
[852002.526250] NVMeVirt: WATGC_V2 sample ns=0 part=1 epoch=1 window=33 phase=measure evaluated=31 k=7 scale_pct=25 age_ratio=7 host=65536 gc_pages=49909 gc_count=1804 waf_q16=115445 best=18 next=32 settled=0
[852002.526518] NVMeVirt: WATGC_V2 sample ns=0 part=0 epoch=1 window=33 phase=measure evaluated=31 k=7 scale_pct=25 age_ratio=7 host=65552 gc_pages=49438 gc_count=1797 waf_q16=114961 best=18 next=32 settled=0
[852012.289596] NVMeVirt: WATGC_V2 sample ns=0 part=3 epoch=1 window=34 phase=measure evaluated=32 k=7 scale_pct=25 age_ratio=16 host=65579 gc_pages=60549 gc_count=1971 waf_q16=126045 best=18 next=33 settled=0
[852012.295821] NVMeVirt: WATGC_V2 sample ns=0 part=2 epoch=1 window=34 phase=measure evaluated=32 k=7 scale_pct=25 age_ratio=16 host=65545 gc_pages=59361 gc_count=1952 waf_q16=124888 best=18 next=33 settled=0
[852012.343318] NVMeVirt: WATGC_V2 sample ns=0 part=0 epoch=1 window=34 phase=measure evaluated=32 k=7 scale_pct=25 age_ratio=16 host=65555 gc_pages=58032 gc_count=1931 waf_q16=123551 best=18 next=33 settled=0
[852012.373184] NVMeVirt: WATGC_V2 sample ns=0 part=1 epoch=1 window=34 phase=measure evaluated=32 k=7 scale_pct=25 age_ratio=16 host=65548 gc_pages=60439 gc_count=1969 waf_q16=125963 best=18 next=33 settled=0
[852022.137612] NVMeVirt: WATGC_V2 sample ns=0 part=3 epoch=1 window=35 phase=measure evaluated=33 k=7 scale_pct=50 age_ratio=4 host=65556 gc_pages=46449 gc_count=1750 waf_q16=111970 best=18 next=34 settled=0
[852022.141732] NVMeVirt: WATGC_V2 sample ns=0 part=0 epoch=1 window=35 phase=measure evaluated=33 k=7 scale_pct=50 age_ratio=4 host=65548 gc_pages=46969 gc_count=1758 waf_q16=112496 best=18 next=34 settled=0
[852022.163182] NVMeVirt: WATGC_V2 sample ns=0 part=2 epoch=1 window=35 phase=measure evaluated=33 k=7 scale_pct=50 age_ratio=4 host=65555 gc_pages=45809 gc_count=1740 waf_q16=111331 best=18 next=34 settled=0
[852022.197063] NVMeVirt: WATGC_V2 sample ns=0 part=1 epoch=1 window=35 phase=measure evaluated=33 k=7 scale_pct=50 age_ratio=4 host=65545 gc_pages=46786 gc_count=1755 waf_q16=112315 best=18 next=34 settled=0
[852031.977010] NVMeVirt: WATGC_V2 sample ns=0 part=0 epoch=1 window=36 phase=measure evaluated=34 k=7 scale_pct=50 age_ratio=7 host=65537 gc_pages=57979 gc_count=1930 waf_q16=123514 best=18 next=35 settled=0
[852031.984351] NVMeVirt: WATGC_V2 sample ns=0 part=2 epoch=1 window=36 phase=measure evaluated=34 k=7 scale_pct=50 age_ratio=7 host=65561 gc_pages=56999 gc_count=1915 waf_q16=122513 best=18 next=35 settled=0
[852031.988690] NVMeVirt: WATGC_V2 sample ns=0 part=3 epoch=1 window=36 phase=measure evaluated=34 k=7 scale_pct=50 age_ratio=7 host=65537 gc_pages=57268 gc_count=1919 waf_q16=122803 best=18 next=35 settled=0
[852032.024783] NVMeVirt: WATGC_V2 sample ns=0 part=1 epoch=1 window=36 phase=measure evaluated=34 k=7 scale_pct=50 age_ratio=7 host=65566 gc_pages=57745 gc_count=1927 waf_q16=123254 best=18 next=35 settled=0
[852041.767361] NVMeVirt: WATGC_V2 sample ns=0 part=2 epoch=1 window=37 phase=measure evaluated=35 k=7 scale_pct=50 age_ratio=16 host=65556 gc_pages=61746 gc_count=1989 waf_q16=127263 best=18 next=36 settled=0
[852041.846739] NVMeVirt: WATGC_V2 sample ns=0 part=3 epoch=1 window=37 phase=measure evaluated=35 k=7 scale_pct=50 age_ratio=16 host=65572 gc_pages=61678 gc_count=1988 waf_q16=127180 best=18 next=36 settled=0
[852041.848214] NVMeVirt: WATGC_V2 sample ns=0 part=0 epoch=1 window=37 phase=measure evaluated=35 k=7 scale_pct=50 age_ratio=16 host=65538 gc_pages=61373 gc_count=1983 waf_q16=126907 best=18 next=36 settled=0
[852041.851448] NVMeVirt: WATGC_V2 sample ns=0 part=1 epoch=1 window=37 phase=measure evaluated=35 k=7 scale_pct=50 age_ratio=16 host=65551 gc_pages=61942 gc_count=1992 waf_q16=127463 best=18 next=36 settled=0
[852051.632928] NVMeVirt: WATGC_V2 sample ns=0 part=0 epoch=1 window=38 phase=measure evaluated=36 k=7 scale_pct=100 age_ratio=4 host=65560 gc_pages=52215 gc_count=1840 waf_q16=117731 best=18 next=38 settled=0
[852051.656753] NVMeVirt: WATGC_V2 sample ns=0 part=2 epoch=1 window=38 phase=measure evaluated=36 k=7 scale_pct=100 age_ratio=4 host=65551 gc_pages=51321 gc_count=1826 waf_q16=116845 best=18 next=38 settled=0
[852051.667989] NVMeVirt: WATGC_V2 sample ns=0 part=3 epoch=1 window=38 phase=measure evaluated=36 k=7 scale_pct=100 age_ratio=4 host=65558 gc_pages=52018 gc_count=1837 waf_q16=117536 best=18 next=38 settled=0
[852051.683756] NVMeVirt: WATGC_V2 sample ns=0 part=1 epoch=1 window=38 phase=measure evaluated=36 k=7 scale_pct=100 age_ratio=4 host=65542 gc_pages=50434 gc_count=1812 waf_q16=115965 best=18 next=38 settled=0
[852061.470327] NVMeVirt: WATGC_V2 sample ns=0 part=2 epoch=1 window=39 phase=measure evaluated=38 k=7 scale_pct=100 age_ratio=16 host=65560 gc_pages=65453 gc_count=2047 waf_q16=130965 best=18 next=39 settled=0
[852061.485341] NVMeVirt: WATGC_V2 sample ns=0 part=0 epoch=1 window=39 phase=measure evaluated=38 k=7 scale_pct=100 age_ratio=16 host=65555 gc_pages=66813 gc_count=2068 waf_q16=132329 best=18 next=39 settled=0
[852061.503732] NVMeVirt: WATGC_V2 sample ns=0 part=1 epoch=1 window=39 phase=measure evaluated=38 k=7 scale_pct=100 age_ratio=16 host=65554 gc_pages=65472 gc_count=2047 waf_q16=130990 best=18 next=39 settled=0
[852061.522994] NVMeVirt: WATGC_V2 sample ns=0 part=3 epoch=1 window=39 phase=measure evaluated=38 k=7 scale_pct=100 age_ratio=16 host=65560 gc_pages=65065 gc_count=2041 waf_q16=130577 best=18 next=39 settled=0
[852071.313298] NVMeVirt: WATGC_V2 sample ns=0 part=2 epoch=1 window=40 phase=measure evaluated=39 k=7 scale_pct=200 age_ratio=4 host=65542 gc_pages=52858 gc_count=1850 waf_q16=118389 best=18 next=40 settled=0
[852071.313507] NVMeVirt: WATGC_V2 sample ns=0 part=0 epoch=1 window=40 phase=measure evaluated=39 k=7 scale_pct=200 age_ratio=4 host=65550 gc_pages=53745 gc_count=1864 waf_q16=119269 best=18 next=40 settled=0
[852071.335924] NVMeVirt: WATGC_V2 sample ns=0 part=3 epoch=1 window=40 phase=measure evaluated=39 k=7 scale_pct=200 age_ratio=4 host=65547 gc_pages=53685 gc_count=1863 waf_q16=119211 best=18 next=40 settled=0
[852071.348984] NVMeVirt: WATGC_V2 sample ns=0 part=1 epoch=1 window=40 phase=measure evaluated=39 k=7 scale_pct=200 age_ratio=4 host=65563 gc_pages=53029 gc_count=1853 waf_q16=118543 best=18 next=40 settled=0
[852081.149342] NVMeVirt: WATGC_V2 sample ns=0 part=0 epoch=1 window=41 phase=measure evaluated=40 k=7 scale_pct=200 age_ratio=7 host=65548 gc_pages=68465 gc_count=2094 waf_q16=133988 best=18 next=41 settled=0
[852081.157525] NVMeVirt: WATGC_V2 sample ns=0 part=2 epoch=1 window=41 phase=measure evaluated=40 k=7 scale_pct=200 age_ratio=7 host=65554 gc_pages=66477 gc_count=2063 waf_q16=131994 best=18 next=41 settled=0
[852081.158965] NVMeVirt: WATGC_V2 sample ns=0 part=3 epoch=1 window=41 phase=measure evaluated=40 k=7 scale_pct=200 age_ratio=7 host=65545 gc_pages=67254 gc_count=2075 waf_q16=132780 best=18 next=41 settled=0
[852081.178068] NVMeVirt: WATGC_V2 sample ns=0 part=1 epoch=1 window=41 phase=measure evaluated=40 k=7 scale_pct=200 age_ratio=7 host=65563 gc_pages=67171 gc_count=2074 waf_q16=132679 best=18 next=41 settled=0
[852090.968755] NVMeVirt: WATGC_V2 sample ns=0 part=0 epoch=1 window=42 phase=measure evaluated=41 k=7 scale_pct=200 age_ratio=16 host=65536 gc_pages=79420 gc_count=2265 waf_q16=144956 best=18 next=42 settled=0
[852090.984812] NVMeVirt: WATGC_V2 sample ns=0 part=2 epoch=1 window=42 phase=measure evaluated=41 k=7 scale_pct=200 age_ratio=16 host=65559 gc_pages=78885 gc_count=2257 waf_q16=144393 best=18 next=42 settled=0
[852091.007673] NVMeVirt: WATGC_V2 sample ns=0 part=3 epoch=1 window=42 phase=measure evaluated=41 k=7 scale_pct=200 age_ratio=16 host=65558 gc_pages=78247 gc_count=2247 waf_q16=143756 best=18 next=42 settled=0
[852091.012358] NVMeVirt: WATGC_V2 sample ns=0 part=1 epoch=1 window=42 phase=measure evaluated=41 k=7 scale_pct=200 age_ratio=16 host=65556 gc_pages=79912 gc_count=2273 waf_q16=145423 best=18 next=42 settled=0
[852100.810745] NVMeVirt: WATGC_V2 sample ns=0 part=2 epoch=1 window=43 phase=measure evaluated=42 k=7 scale_pct=400 age_ratio=4 host=65538 gc_pages=68736 gc_count=2098 waf_q16=134269 best=18 next=43 settled=0
[852100.820037] NVMeVirt: WATGC_V2 sample ns=0 part=3 epoch=1 window=43 phase=measure evaluated=42 k=7 scale_pct=400 age_ratio=4 host=65537 gc_pages=67587 gc_count=2080 waf_q16=133121 best=18 next=43 settled=0
[852100.832491] NVMeVirt: WATGC_V2 sample ns=0 part=0 epoch=1 window=43 phase=measure evaluated=42 k=7 scale_pct=400 age_ratio=4 host=65543 gc_pages=69180 gc_count=2105 waf_q16=134708 best=18 next=43 settled=0
[852100.843288] NVMeVirt: WATGC_V2 sample ns=0 part=1 epoch=1 window=43 phase=measure evaluated=42 k=7 scale_pct=400 age_ratio=4 host=65554 gc_pages=68913 gc_count=2101 waf_q16=134430 best=18 next=43 settled=0
[852110.640245] NVMeVirt: WATGC_V2 sample ns=0 part=2 epoch=1 window=44 phase=measure evaluated=43 k=7 scale_pct=400 age_ratio=7 host=65560 gc_pages=69998 gc_count=2118 waf_q16=135508 best=18 next=44 settled=0
[852110.644972] NVMeVirt: WATGC_V2 sample ns=0 part=3 epoch=1 window=44 phase=measure evaluated=43 k=7 scale_pct=400 age_ratio=7 host=65540 gc_pages=69378 gc_count=2108 waf_q16=134909 best=18 next=44 settled=0
[852110.663931] NVMeVirt: WATGC_V2 sample ns=0 part=0 epoch=1 window=44 phase=measure evaluated=43 k=7 scale_pct=400 age_ratio=7 host=65552 gc_pages=70966 gc_count=2133 waf_q16=136484 best=18 next=44 settled=0
[852110.692530] NVMeVirt: WATGC_V2 sample ns=0 part=1 epoch=1 window=44 phase=measure evaluated=43 k=7 scale_pct=400 age_ratio=7 host=65561 gc_pages=70701 gc_count=2129 waf_q16=136210 best=18 next=44 settled=0
[852120.481366] NVMeVirt: WATGC_V2 sample ns=0 part=3 epoch=1 window=45 phase=measure evaluated=44 k=7 scale_pct=400 age_ratio=16 host=65555 gc_pages=70190 gc_count=2121 waf_q16=135705 best=18 next=45 settled=0
[852120.488795] NVMeVirt: WATGC_V2 sample ns=0 part=2 epoch=1 window=45 phase=measure evaluated=44 k=7 scale_pct=400 age_ratio=16 host=65563 gc_pages=71079 gc_count=2135 waf_q16=136585 best=18 next=45 settled=0
[852120.496717] NVMeVirt: WATGC_V2 sample ns=0 part=0 epoch=1 window=45 phase=measure evaluated=44 k=7 scale_pct=400 age_ratio=16 host=65549 gc_pages=71606 gc_count=2143 waf_q16=137127 best=18 next=45 settled=0
[852120.505974] NVMeVirt: WATGC_V2 sample ns=0 part=1 epoch=1 window=45 phase=measure evaluated=44 k=7 scale_pct=400 age_ratio=16 host=65551 gc_pages=71154 gc_count=2136 waf_q16=136673 best=18 next=45 settled=0
[852130.298684] NVMeVirt: WATGC_V2 sample ns=0 part=2 epoch=1 window=46 phase=measure evaluated=45 k=10 scale_pct=25 age_ratio=4 host=65555 gc_pages=54492 gc_count=1876 waf_q16=120012 best=18 next=46 settled=0
[852130.332779] NVMeVirt: WATGC_V2 sample ns=0 part=0 epoch=1 window=46 phase=measure evaluated=45 k=10 scale_pct=25 age_ratio=4 host=65561 gc_pages=53924 gc_count=1867 waf_q16=119439 best=18 next=46 settled=0
[852130.333885] NVMeVirt: WATGC_V2 sample ns=0 part=3 epoch=1 window=46 phase=measure evaluated=45 k=10 scale_pct=25 age_ratio=4 host=65550 gc_pages=54312 gc_count=1873 waf_q16=119836 best=18 next=46 settled=0
[852130.340297] NVMeVirt: WATGC_V2 sample ns=0 part=1 epoch=1 window=46 phase=measure evaluated=45 k=10 scale_pct=25 age_ratio=4 host=65546 gc_pages=54705 gc_count=1879 waf_q16=120232 best=18 next=46 settled=0
[852140.146293] NVMeVirt: WATGC_V2 sample ns=0 part=0 epoch=1 window=47 phase=measure evaluated=46 k=10 scale_pct=25 age_ratio=7 host=65551 gc_pages=50675 gc_count=1816 waf_q16=116199 best=18 next=47 settled=0
[852140.160499] NVMeVirt: WATGC_V2 sample ns=0 part=3 epoch=1 window=47 phase=measure evaluated=46 k=10 scale_pct=25 age_ratio=7 host=65539 gc_pages=49909 gc_count=1804 waf_q16=115442 best=18 next=47 settled=0
[852140.167666] NVMeVirt: WATGC_V2 sample ns=0 part=1 epoch=1 window=47 phase=measure evaluated=46 k=10 scale_pct=25 age_ratio=7 host=65570 gc_pages=49885 gc_count=1804 waf_q16=115395 best=18 next=47 settled=0
[852140.168435] NVMeVirt: WATGC_V2 sample ns=0 part=2 epoch=1 window=47 phase=measure evaluated=46 k=10 scale_pct=25 age_ratio=7 host=65564 gc_pages=51174 gc_count=1824 waf_q16=116688 best=18 next=47 settled=0
[852149.986585] NVMeVirt: WATGC_V2 sample ns=0 part=0 epoch=1 window=48 phase=measure evaluated=47 k=10 scale_pct=25 age_ratio=16 host=65546 gc_pages=50429 gc_count=1812 waf_q16=115957 best=18 next=48 settled=0
[852149.990146] NVMeVirt: WATGC_V2 sample ns=0 part=1 epoch=1 window=48 phase=measure evaluated=47 k=10 scale_pct=25 age_ratio=16 host=65546 gc_pages=50939 gc_count=1820 waf_q16=116467 best=18 next=48 settled=0
[852149.994590] NVMeVirt: WATGC_V2 sample ns=0 part=2 epoch=1 window=48 phase=measure evaluated=47 k=10 scale_pct=25 age_ratio=16 host=65537 gc_pages=49927 gc_count=1804 waf_q16=115462 best=18 next=48 settled=0
[852150.000859] NVMeVirt: WATGC_V2 sample ns=0 part=3 epoch=1 window=48 phase=measure evaluated=47 k=10 scale_pct=25 age_ratio=16 host=65561 gc_pages=50926 gc_count=1820 waf_q16=116442 best=18 next=48 settled=0
[852159.806922] NVMeVirt: WATGC_V2 sample ns=0 part=0 epoch=1 window=49 phase=measure evaluated=48 k=10 scale_pct=50 age_ratio=4 host=65552 gc_pages=49455 gc_count=1797 waf_q16=114978 best=18 next=49 settled=0
[852159.807720] NVMeVirt: WATGC_V2 sample ns=0 part=2 epoch=1 window=49 phase=measure evaluated=48 k=10 scale_pct=50 age_ratio=4 host=65566 gc_pages=49508 gc_count=1798 waf_q16=115021 best=18 next=49 settled=0
[852159.843538] NVMeVirt: WATGC_V2 sample ns=0 part=1 epoch=1 window=49 phase=measure evaluated=48 k=10 scale_pct=50 age_ratio=4 host=65565 gc_pages=49893 gc_count=1804 waf_q16=115406 best=18 next=49 settled=0
[852159.860681] NVMeVirt: WATGC_V2 sample ns=0 part=3 epoch=1 window=49 phase=measure evaluated=48 k=10 scale_pct=50 age_ratio=4 host=65560 gc_pages=49258 gc_count=1794 waf_q16=114775 best=18 next=49 settled=0
[852169.647458] NVMeVirt: WATGC_V2 sample ns=0 part=2 epoch=1 window=50 phase=measure evaluated=49 k=10 scale_pct=50 age_ratio=7 host=65566 gc_pages=43610 gc_count=1706 waf_q16=109126 best=18 next=50 settled=0
[852169.656756] NVMeVirt: WATGC_V2 sample ns=0 part=0 epoch=1 window=50 phase=measure evaluated=49 k=10 scale_pct=50 age_ratio=7 host=65544 gc_pages=43511 gc_count=1704 waf_q16=109041 best=18 next=50 settled=0
[852169.665586] NVMeVirt: WATGC_V2 sample ns=0 part=3 epoch=1 window=50 phase=measure evaluated=49 k=10 scale_pct=50 age_ratio=7 host=65537 gc_pages=43706 gc_count=1707 waf_q16=109241 best=18 next=50 settled=0
[852169.679435] NVMeVirt: WATGC_V2 sample ns=0 part=1 epoch=1 window=50 phase=measure evaluated=49 k=10 scale_pct=50 age_ratio=7 host=65542 gc_pages=43513 gc_count=1704 waf_q16=109045 best=18 next=50 settled=0
[852179.476460] NVMeVirt: WATGC_V2 sample ns=0 part=2 epoch=1 window=51 phase=measure evaluated=50 k=10 scale_pct=50 age_ratio=16 host=65542 gc_pages=52490 gc_count=1844 waf_q16=118021 best=18 next=51 settled=0
[852179.494215] NVMeVirt: WATGC_V2 sample ns=0 part=0 epoch=1 window=51 phase=measure evaluated=50 k=10 scale_pct=50 age_ratio=16 host=65538 gc_pages=52620 gc_count=1846 waf_q16=118154 best=18 next=51 settled=0
[852179.502040] NVMeVirt: WATGC_V2 sample ns=0 part=1 epoch=1 window=51 phase=measure evaluated=50 k=10 scale_pct=50 age_ratio=16 host=65547 gc_pages=50987 gc_count=1821 waf_q16=116514 best=18 next=51 settled=0
[852179.503113] NVMeVirt: WATGC_V2 sample ns=0 part=3 epoch=1 window=51 phase=measure evaluated=50 k=10 scale_pct=50 age_ratio=16 host=65536 gc_pages=51983 gc_count=1836 waf_q16=117519 best=18 next=51 settled=0
[852189.308287] NVMeVirt: WATGC_V2 sample ns=0 part=3 epoch=1 window=52 phase=measure evaluated=51 k=10 scale_pct=100 age_ratio=4 host=65552 gc_pages=51509 gc_count=1829 waf_q16=117032 best=18 next=52 settled=0
[852189.324699] NVMeVirt: WATGC_V2 sample ns=0 part=0 epoch=1 window=52 phase=measure evaluated=51 k=10 scale_pct=100 age_ratio=4 host=65567 gc_pages=51685 gc_count=1832 waf_q16=117196 best=18 next=52 settled=0
[852189.334228] NVMeVirt: WATGC_V2 sample ns=0 part=2 epoch=1 window=52 phase=measure evaluated=51 k=10 scale_pct=100 age_ratio=4 host=65555 gc_pages=51890 gc_count=1835 waf_q16=117410 best=18 next=52 settled=0
[852189.344953] NVMeVirt: WATGC_V2 sample ns=0 part=1 epoch=1 window=52 phase=measure evaluated=51 k=10 scale_pct=100 age_ratio=4 host=65557 gc_pages=51311 gc_count=1826 waf_q16=116830 best=18 next=52 settled=0
[852199.145947] NVMeVirt: WATGC_V2 sample ns=0 part=2 epoch=1 window=53 phase=measure evaluated=52 k=10 scale_pct=100 age_ratio=7 host=65537 gc_pages=49021 gc_count=1790 waf_q16=114556 best=18 next=53 settled=0
[852199.157866] NVMeVirt: WATGC_V2 sample ns=0 part=3 epoch=1 window=53 phase=measure evaluated=52 k=10 scale_pct=100 age_ratio=7 host=65565 gc_pages=48481 gc_count=1782 waf_q16=113995 best=18 next=53 settled=0
[852199.170461] NVMeVirt: WATGC_V2 sample ns=0 part=0 epoch=1 window=53 phase=measure evaluated=52 k=10 scale_pct=100 age_ratio=7 host=65561 gc_pages=49383 gc_count=1796 waf_q16=114900 best=18 next=53 settled=0
[852199.178663] NVMeVirt: WATGC_V2 sample ns=0 part=1 epoch=1 window=53 phase=measure evaluated=52 k=10 scale_pct=100 age_ratio=7 host=65566 gc_pages=48800 gc_count=1787 waf_q16=114313 best=18 next=53 settled=0
[852208.972639] NVMeVirt: WATGC_V2 sample ns=0 part=2 epoch=1 window=54 phase=measure evaluated=53 k=10 scale_pct=100 age_ratio=16 host=65539 gc_pages=53641 gc_count=1862 waf_q16=119174 best=18 next=54 settled=0
[852208.986753] NVMeVirt: WATGC_V2 sample ns=0 part=3 epoch=1 window=54 phase=measure evaluated=53 k=10 scale_pct=100 age_ratio=16 host=65547 gc_pages=53554 gc_count=1861 waf_q16=119081 best=18 next=54 settled=0
[852209.014471] NVMeVirt: WATGC_V2 sample ns=0 part=0 epoch=1 window=54 phase=measure evaluated=53 k=10 scale_pct=100 age_ratio=16 host=65557 gc_pages=53879 gc_count=1866 waf_q16=119397 best=18 next=54 settled=0
[852209.016432] NVMeVirt: WATGC_V2 sample ns=0 part=1 epoch=1 window=54 phase=measure evaluated=53 k=10 scale_pct=100 age_ratio=16 host=65561 gc_pages=52980 gc_count=1852 waf_q16=118495 best=18 next=54 settled=0
[852218.807106] NVMeVirt: WATGC_V2 sample ns=0 part=0 epoch=1 window=55 phase=measure evaluated=54 k=10 scale_pct=200 age_ratio=4 host=65543 gc_pages=56125 gc_count=1901 waf_q16=121655 best=18 next=55 settled=0
[852218.811066] NVMeVirt: WATGC_V2 sample ns=0 part=2 epoch=1 window=55 phase=measure evaluated=54 k=10 scale_pct=200 age_ratio=4 host=65538 gc_pages=55359 gc_count=1889 waf_q16=120893 best=18 next=55 settled=0
[852218.828041] NVMeVirt: WATGC_V2 sample ns=0 part=3 epoch=1 window=55 phase=measure evaluated=54 k=10 scale_pct=200 age_ratio=4 host=65536 gc_pages=55874 gc_count=1897 waf_q16=121410 best=18 next=55 settled=0
[852218.870934] NVMeVirt: WATGC_V2 sample ns=0 part=1 epoch=1 window=55 phase=measure evaluated=54 k=10 scale_pct=200 age_ratio=4 host=65556 gc_pages=55726 gc_count=1895 waf_q16=121244 best=18 next=55 settled=0
[852228.638971] NVMeVirt: WATGC_V2 sample ns=0 part=0 epoch=1 window=56 phase=measure evaluated=55 k=10 scale_pct=200 age_ratio=7 host=65537 gc_pages=56442 gc_count=1906 waf_q16=121977 best=18 next=56 settled=0
[852228.654599] NVMeVirt: WATGC_V2 sample ns=0 part=2 epoch=1 window=56 phase=measure evaluated=55 k=10 scale_pct=200 age_ratio=7 host=65560 gc_pages=55779 gc_count=1896 waf_q16=121294 best=18 next=56 settled=0
[852228.660642] NVMeVirt: WATGC_V2 sample ns=0 part=3 epoch=1 window=56 phase=measure evaluated=55 k=10 scale_pct=200 age_ratio=7 host=65547 gc_pages=55793 gc_count=1896 waf_q16=121319 best=18 next=56 settled=0
[852228.693810] NVMeVirt: WATGC_V2 sample ns=0 part=1 epoch=1 window=56 phase=measure evaluated=55 k=10 scale_pct=200 age_ratio=7 host=65557 gc_pages=56550 gc_count=1908 waf_q16=122067 best=18 next=56 settled=0
[852238.466666] NVMeVirt: WATGC_V2 sample ns=0 part=2 epoch=1 window=57 phase=measure evaluated=56 k=10 scale_pct=200 age_ratio=16 host=65559 gc_pages=61675 gc_count=1988 waf_q16=127189 best=18 next=57 settled=0
[852238.498491] NVMeVirt: WATGC_V2 sample ns=0 part=3 epoch=1 window=57 phase=measure evaluated=56 k=10 scale_pct=200 age_ratio=16 host=65556 gc_pages=60973 gc_count=1977 waf_q16=126490 best=18 next=57 settled=0
[852238.500422] NVMeVirt: WATGC_V2 sample ns=0 part=0 epoch=1 window=57 phase=measure evaluated=56 k=10 scale_pct=200 age_ratio=16 host=65568 gc_pages=61794 gc_count=1990 waf_q16=127299 best=18 next=57 settled=0
[852238.517615] NVMeVirt: WATGC_V2 sample ns=0 part=1 epoch=1 window=57 phase=measure evaluated=56 k=10 scale_pct=200 age_ratio=16 host=65547 gc_pages=62518 gc_count=2001 waf_q16=128043 best=18 next=57 settled=0
[852248.302510] NVMeVirt: WATGC_V2 sample ns=0 part=2 epoch=1 window=58 phase=measure evaluated=57 k=10 scale_pct=400 age_ratio=4 host=65555 gc_pages=73776 gc_count=2177 waf_q16=139290 best=18 next=58 settled=0
[852248.321700] NVMeVirt: WATGC_V2 sample ns=0 part=3 epoch=1 window=58 phase=measure evaluated=57 k=10 scale_pct=400 age_ratio=4 host=65536 gc_pages=74371 gc_count=2186 waf_q16=139907 best=18 next=58 settled=0
[852248.346005] NVMeVirt: WATGC_V2 sample ns=0 part=1 epoch=1 window=58 phase=measure evaluated=57 k=10 scale_pct=400 age_ratio=4 host=65556 gc_pages=75502 gc_count=2204 waf_q16=141014 best=18 next=58 settled=0
[852248.348370] NVMeVirt: WATGC_V2 sample ns=0 part=0 epoch=1 window=58 phase=measure evaluated=57 k=10 scale_pct=400 age_ratio=4 host=65554 gc_pages=74033 gc_count=2181 waf_q16=139548 best=18 next=58 settled=0
[852258.131531] NVMeVirt: WATGC_V2 sample ns=0 part=2 epoch=1 window=59 phase=measure evaluated=58 k=10 scale_pct=400 age_ratio=7 host=65538 gc_pages=73534 gc_count=2173 waf_q16=139067 best=18 next=59 settled=0
[852258.148210] NVMeVirt: WATGC_V2 sample ns=0 part=3 epoch=1 window=59 phase=measure evaluated=58 k=10 scale_pct=400 age_ratio=7 host=65556 gc_pages=74926 gc_count=2195 waf_q16=140439 best=18 next=59 settled=0
[852258.172523] NVMeVirt: WATGC_V2 sample ns=0 part=1 epoch=1 window=59 phase=measure evaluated=58 k=10 scale_pct=400 age_ratio=7 host=65536 gc_pages=73665 gc_count=2175 waf_q16=139201 best=18 next=59 settled=0
[852258.197625] NVMeVirt: WATGC_V2 sample ns=0 part=0 epoch=1 window=59 phase=measure evaluated=58 k=10 scale_pct=400 age_ratio=7 host=65545 gc_pages=73913 gc_count=2179 waf_q16=139438 best=18 next=59 settled=0
[852267.969085] NVMeVirt: WATGC_V2 sample ns=0 part=2 epoch=1 window=60 phase=measure evaluated=59 k=10 scale_pct=400 age_ratio=16 host=65558 gc_pages=75053 gc_count=2197 waf_q16=140563 best=18 next=0 settled=0
[852267.984299] NVMeVirt: WATGC_V2 sample ns=0 part=3 epoch=1 window=60 phase=measure evaluated=59 k=10 scale_pct=400 age_ratio=16 host=65555 gc_pages=76785 gc_count=2224 waf_q16=142298 best=18 next=0 settled=0
[852268.004152] NVMeVirt: WATGC_V2 sample ns=0 part=0 epoch=1 window=60 phase=measure evaluated=59 k=10 scale_pct=400 age_ratio=16 host=65539 gc_pages=76417 gc_count=2218 waf_q16=141949 best=18 next=0 settled=0
[852268.025824] NVMeVirt: WATGC_V2 sample ns=0 part=1 epoch=1 window=60 phase=measure evaluated=59 k=10 scale_pct=400 age_ratio=16 host=65557 gc_pages=74862 gc_count=2194 waf_q16=140374 best=18 next=0 settled=0
[852277.732603] mix-mixD-online-4127912 phase=A END
[852277.742728] mix-mixD-online-4127912 phase=B START
[852278.535000] NVMeVirt: WATGC_V2 sample ns=0 part=2 epoch=1 window=61 phase=measure evaluated=0 k=2 scale_pct=25 age_ratio=4 host=65564 gc_pages=81122 gc_count=2292 waf_q16=146623 best=18 next=1 settled=0
[852278.590185] NVMeVirt: WATGC_V2 sample ns=0 part=3 epoch=1 window=61 phase=measure evaluated=0 k=2 scale_pct=25 age_ratio=4 host=65537 gc_pages=82047 gc_count=2306 waf_q16=147581 best=18 next=1 settled=0
[852278.660636] NVMeVirt: WATGC_V2 sample ns=0 part=0 epoch=1 window=61 phase=measure evaluated=0 k=2 scale_pct=25 age_ratio=4 host=65550 gc_pages=81970 gc_count=2305 waf_q16=147488 best=18 next=1 settled=0
[852278.804791] NVMeVirt: WATGC_V2 sample ns=0 part=1 epoch=1 window=61 phase=measure evaluated=0 k=2 scale_pct=25 age_ratio=4 host=65554 gc_pages=80622 gc_count=2284 waf_q16=146135 best=18 next=1 settled=0
[852317.887303] NVMeVirt: WATGC_V2 sample ns=0 part=2 epoch=1 window=62 phase=measure evaluated=1 k=2 scale_pct=25 age_ratio=7 host=65553 gc_pages=84908 gc_count=2351 waf_q16=150421 best=18 next=2 settled=0
[852317.940482] NVMeVirt: WATGC_V2 sample ns=0 part=0 epoch=1 window=62 phase=measure evaluated=1 k=2 scale_pct=25 age_ratio=7 host=65543 gc_pages=85302 gc_count=2357 waf_q16=150828 best=18 next=2 settled=0
[852317.993660] NVMeVirt: WATGC_V2 sample ns=0 part=3 epoch=1 window=62 phase=measure evaluated=1 k=2 scale_pct=25 age_ratio=7 host=65559 gc_pages=85030 gc_count=2353 waf_q16=150536 best=18 next=2 settled=0
[852318.101794] NVMeVirt: WATGC_V2 sample ns=0 part=1 epoch=1 window=62 phase=measure evaluated=1 k=2 scale_pct=25 age_ratio=7 host=65546 gc_pages=84658 gc_count=2347 waf_q16=150181 best=18 next=2 settled=0
[852357.204674] NVMeVirt: WATGC_V2 sample ns=0 part=2 epoch=1 window=63 phase=measure evaluated=2 k=2 scale_pct=25 age_ratio=16 host=65558 gc_pages=86953 gc_count=2383 waf_q16=152459 best=18 next=3 settled=0
[852357.305070] NVMeVirt: WATGC_V2 sample ns=0 part=0 epoch=1 window=63 phase=measure evaluated=2 k=2 scale_pct=25 age_ratio=16 host=65560 gc_pages=86572 gc_count=2377 waf_q16=152076 best=18 next=3 settled=0
[852357.357012] NVMeVirt: WATGC_V2 sample ns=0 part=3 epoch=1 window=63 phase=measure evaluated=2 k=2 scale_pct=25 age_ratio=16 host=65539 gc_pages=86524 gc_count=2376 waf_q16=152056 best=18 next=3 settled=0
[852357.392241] NVMeVirt: WATGC_V2 sample ns=0 part=1 epoch=1 window=63 phase=measure evaluated=2 k=2 scale_pct=25 age_ratio=16 host=65541 gc_pages=86778 gc_count=2380 waf_q16=152307 best=18 next=3 settled=0
[852396.519443] NVMeVirt: WATGC_V2 sample ns=0 part=2 epoch=1 window=64 phase=measure evaluated=3 k=2 scale_pct=50 age_ratio=4 host=65551 gc_pages=86706 gc_count=2379 waf_q16=152222 best=18 next=4 settled=0
[852396.598436] NVMeVirt: WATGC_V2 sample ns=0 part=3 epoch=1 window=64 phase=measure evaluated=3 k=2 scale_pct=50 age_ratio=4 host=65538 gc_pages=86207 gc_count=2371 waf_q16=151740 best=18 next=4 settled=0
[852396.677537] NVMeVirt: WATGC_V2 sample ns=0 part=0 epoch=1 window=64 phase=measure evaluated=3 k=2 scale_pct=50 age_ratio=4 host=65556 gc_pages=87340 gc_count=2389 waf_q16=152849 best=18 next=4 settled=0
[852396.784245] NVMeVirt: WATGC_V2 sample ns=0 part=1 epoch=1 window=64 phase=measure evaluated=3 k=2 scale_pct=50 age_ratio=4 host=65542 gc_pages=86972 gc_count=2383 waf_q16=152500 best=18 next=4 settled=0
[852435.817574] NVMeVirt: WATGC_V2 sample ns=0 part=2 epoch=1 window=65 phase=measure evaluated=4 k=2 scale_pct=50 age_ratio=7 host=65560 gc_pages=86954 gc_count=2383 waf_q16=152458 best=18 next=5 settled=0
[852435.915509] NVMeVirt: WATGC_V2 sample ns=0 part=3 epoch=1 window=65 phase=measure evaluated=4 k=2 scale_pct=50 age_ratio=7 host=65555 gc_pages=86575 gc_count=2377 waf_q16=152085 best=18 next=5 settled=0
[852436.030899] NVMeVirt: WATGC_V2 sample ns=0 part=0 epoch=1 window=65 phase=measure evaluated=4 k=2 scale_pct=50 age_ratio=7 host=65552 gc_pages=86450 gc_count=2375 waf_q16=151964 best=18 next=5 settled=0
[852436.177570] NVMeVirt: WATGC_V2 sample ns=0 part=1 epoch=1 window=65 phase=measure evaluated=4 k=2 scale_pct=50 age_ratio=7 host=65554 gc_pages=87791 gc_count=2396 waf_q16=153302 best=18 next=5 settled=0
[852475.177925] NVMeVirt: WATGC_V2 sample ns=0 part=3 epoch=1 window=66 phase=measure evaluated=5 k=2 scale_pct=50 age_ratio=16 host=65542 gc_pages=80571 gc_count=2283 waf_q16=146099 best=18 next=6 settled=0
[852475.232599] NVMeVirt: WATGC_V2 sample ns=0 part=0 epoch=1 window=66 phase=measure evaluated=5 k=2 scale_pct=50 age_ratio=16 host=65539 gc_pages=81919 gc_count=2304 waf_q16=147451 best=18 next=6 settled=0
[852475.305451] NVMeVirt: WATGC_V2 sample ns=0 part=2 epoch=1 window=66 phase=measure evaluated=5 k=2 scale_pct=50 age_ratio=16 host=65542 gc_pages=80956 gc_count=2289 waf_q16=146484 best=18 next=6 settled=0
[852475.525971] NVMeVirt: WATGC_V2 sample ns=0 part=1 epoch=1 window=66 phase=measure evaluated=5 k=2 scale_pct=50 age_ratio=16 host=65552 gc_pages=80754 gc_count=2286 waf_q16=146270 best=18 next=6 settled=0
[852514.520548] NVMeVirt: WATGC_V2 sample ns=0 part=2 epoch=1 window=67 phase=measure evaluated=6 k=2 scale_pct=100 age_ratio=4 host=65538 gc_pages=84026 gc_count=2337 waf_q16=149559 best=18 next=7 settled=0
[852514.589871] NVMeVirt: WATGC_V2 sample ns=0 part=0 epoch=1 window=67 phase=measure evaluated=6 k=2 scale_pct=100 age_ratio=4 host=65553 gc_pages=83307 gc_count=2326 waf_q16=148821 best=18 next=7 settled=0
[852514.633382] NVMeVirt: WATGC_V2 sample ns=0 part=3 epoch=1 window=67 phase=measure evaluated=6 k=2 scale_pct=100 age_ratio=4 host=65550 gc_pages=83246 gc_count=2325 waf_q16=148764 best=18 next=7 settled=0
[852514.828307] NVMeVirt: WATGC_V2 sample ns=0 part=1 epoch=1 window=67 phase=measure evaluated=6 k=2 scale_pct=100 age_ratio=4 host=65567 gc_pages=83740 gc_count=2333 waf_q16=149236 best=18 next=7 settled=0
[852553.892247] NVMeVirt: WATGC_V2 sample ns=0 part=3 epoch=1 window=68 phase=measure evaluated=7 k=2 scale_pct=100 age_ratio=7 host=65543 gc_pages=85815 gc_count=2365 waf_q16=151341 best=18 next=8 settled=0
[852553.928340] NVMeVirt: WATGC_V2 sample ns=0 part=0 epoch=1 window=68 phase=measure evaluated=7 k=2 scale_pct=100 age_ratio=7 host=65562 gc_pages=86884 gc_count=2382 waf_q16=152385 best=18 next=8 settled=0
[852553.948697] NVMeVirt: WATGC_V2 sample ns=0 part=2 epoch=1 window=68 phase=measure evaluated=7 k=2 scale_pct=100 age_ratio=7 host=65540 gc_pages=85178 gc_count=2355 waf_q16=150708 best=18 next=8 settled=0
[852554.128503] NVMeVirt: WATGC_V2 sample ns=0 part=1 epoch=1 window=68 phase=measure evaluated=7 k=2 scale_pct=100 age_ratio=7 host=65552 gc_pages=85806 gc_count=2365 waf_q16=151321 best=18 next=8 settled=0
[852593.252049] NVMeVirt: WATGC_V2 sample ns=0 part=0 epoch=1 window=69 phase=measure evaluated=8 k=2 scale_pct=100 age_ratio=16 host=65537 gc_pages=85055 gc_count=2353 waf_q16=150589 best=18 next=9 settled=0
[852593.274749] NVMeVirt: WATGC_V2 sample ns=0 part=2 epoch=1 window=69 phase=measure evaluated=8 k=2 scale_pct=100 age_ratio=16 host=65539 gc_pages=84733 gc_count=2348 waf_q16=150265 best=18 next=9 settled=0
[852593.325292] NVMeVirt: WATGC_V2 sample ns=0 part=3 epoch=1 window=69 phase=measure evaluated=8 k=2 scale_pct=100 age_ratio=16 host=65549 gc_pages=84339 gc_count=2342 waf_q16=149858 best=18 next=9 settled=0
[852593.365523] NVMeVirt: WATGC_V2 sample ns=0 part=1 epoch=1 window=69 phase=measure evaluated=8 k=2 scale_pct=100 age_ratio=16 host=65548 gc_pages=85236 gc_count=2356 waf_q16=150756 best=18 next=9 settled=0
[852632.510081] NVMeVirt: WATGC_V2 sample ns=0 part=0 epoch=1 window=70 phase=measure evaluated=9 k=2 scale_pct=200 age_ratio=4 host=65537 gc_pages=83522 gc_count=2329 waf_q16=149056 best=18 next=10 settled=0
[852632.594068] NVMeVirt: WATGC_V2 sample ns=0 part=2 epoch=1 window=70 phase=measure evaluated=9 k=2 scale_pct=200 age_ratio=4 host=65543 gc_pages=83389 gc_count=2327 waf_q16=148916 best=18 next=10 settled=0
[852632.620940] NVMeVirt: WATGC_V2 sample ns=0 part=3 epoch=1 window=70 phase=measure evaluated=9 k=2 scale_pct=200 age_ratio=4 host=65546 gc_pages=83322 gc_count=2326 waf_q16=148845 best=18 next=10 settled=0
[852632.793669] NVMeVirt: WATGC_V2 sample ns=0 part=1 epoch=1 window=70 phase=measure evaluated=9 k=2 scale_pct=200 age_ratio=4 host=65553 gc_pages=83633 gc_count=2331 waf_q16=149147 best=18 next=10 settled=0
[852671.803123] NVMeVirt: WATGC_V2 sample ns=0 part=0 epoch=1 window=71 phase=measure evaluated=10 k=2 scale_pct=200 age_ratio=7 host=65536 gc_pages=81154 gc_count=2292 waf_q16=146690 best=18 next=11 settled=0
[852671.984294] NVMeVirt: WATGC_V2 sample ns=0 part=2 epoch=1 window=71 phase=measure evaluated=10 k=2 scale_pct=200 age_ratio=7 host=65553 gc_pages=80177 gc_count=2277 waf_q16=145692 best=18 next=11 settled=0
[852672.002642] NVMeVirt: WATGC_V2 sample ns=0 part=3 epoch=1 window=71 phase=measure evaluated=10 k=2 scale_pct=200 age_ratio=7 host=65553 gc_pages=79409 gc_count=2265 waf_q16=144924 best=18 next=11 settled=0
[852672.040781] NVMeVirt: WATGC_V2 sample ns=0 part=1 epoch=1 window=71 phase=measure evaluated=10 k=2 scale_pct=200 age_ratio=7 host=65543 gc_pages=81595 gc_count=2299 waf_q16=147122 best=18 next=11 settled=0
[852711.095993] NVMeVirt: WATGC_V2 sample ns=0 part=0 epoch=1 window=72 phase=measure evaluated=11 k=2 scale_pct=200 age_ratio=16 host=65543 gc_pages=82998 gc_count=2321 waf_q16=148525 best=18 next=12 settled=0
[852711.327328] NVMeVirt: WATGC_V2 sample ns=0 part=3 epoch=1 window=72 phase=measure evaluated=11 k=2 scale_pct=200 age_ratio=16 host=65554 gc_pages=82667 gc_count=2316 waf_q16=148180 best=18 next=12 settled=0
[852711.347043] NVMeVirt: WATGC_V2 sample ns=0 part=2 epoch=1 window=72 phase=measure evaluated=11 k=2 scale_pct=200 age_ratio=16 host=65553 gc_pages=82798 gc_count=2318 waf_q16=148312 best=18 next=12 settled=0
[852711.388834] NVMeVirt: WATGC_V2 sample ns=0 part=1 epoch=1 window=72 phase=measure evaluated=11 k=2 scale_pct=200 age_ratio=16 host=65550 gc_pages=83440 gc_count=2328 waf_q16=148958 best=18 next=12 settled=0
[852750.401759] NVMeVirt: WATGC_V2 sample ns=0 part=0 epoch=1 window=73 phase=measure evaluated=12 k=2 scale_pct=400 age_ratio=4 host=65560 gc_pages=83815 gc_count=2334 waf_q16=149320 best=18 next=13 settled=0
[852750.660174] NVMeVirt: WATGC_V2 sample ns=0 part=3 epoch=1 window=73 phase=measure evaluated=12 k=2 scale_pct=400 age_ratio=4 host=65542 gc_pages=83641 gc_count=2331 waf_q16=149169 best=18 next=13 settled=0
[852750.675134] NVMeVirt: WATGC_V2 sample ns=0 part=1 epoch=1 window=73 phase=measure evaluated=12 k=2 scale_pct=400 age_ratio=4 host=65544 gc_pages=82806 gc_count=2318 waf_q16=148331 best=18 next=13 settled=0
[852750.761445] NVMeVirt: WATGC_V2 sample ns=0 part=2 epoch=1 window=73 phase=measure evaluated=12 k=2 scale_pct=400 age_ratio=4 host=65561 gc_pages=83495 gc_count=2329 waf_q16=148999 best=18 next=13 settled=0
[852761.535011] audit: type=1107 audit(1789976285.982:511): pid=1434 uid=101 auid=4294967295 ses=4294967295 subj=unconfined msg='apparmor="DENIED" operation="dbus_signal"  bus="system" path="/com/redhat/PrinterSpooler" interface="com.redhat.PrinterSpooler" member="QueueChanged" mask="send" name="org.freedesktop.DBus" pid=2073 label="snap.cups.cupsd" peer_pid=4752 peer_label="unconfined"
[852789.885723] NVMeVirt: WATGC_V2 sample ns=0 part=0 epoch=1 window=74 phase=measure evaluated=13 k=2 scale_pct=400 age_ratio=7 host=65558 gc_pages=84587 gc_count=2346 waf_q16=150094 best=18 next=14 settled=0
[852789.919463] NVMeVirt: WATGC_V2 sample ns=0 part=1 epoch=1 window=74 phase=measure evaluated=13 k=2 scale_pct=400 age_ratio=7 host=65554 gc_pages=85039 gc_count=2353 waf_q16=150551 best=18 next=14 settled=0
[852789.965221] NVMeVirt: WATGC_V2 sample ns=0 part=3 epoch=1 window=74 phase=measure evaluated=13 k=2 scale_pct=400 age_ratio=7 host=65543 gc_pages=84602 gc_count=2346 waf_q16=150128 best=18 next=14 settled=0
[852790.035824] NVMeVirt: WATGC_V2 sample ns=0 part=2 epoch=1 window=74 phase=measure evaluated=13 k=2 scale_pct=400 age_ratio=7 host=65538 gc_pages=85439 gc_count=2359 waf_q16=150972 best=18 next=14 settled=0
[852829.162825] NVMeVirt: WATGC_V2 sample ns=0 part=0 epoch=1 window=75 phase=measure evaluated=14 k=2 scale_pct=400 age_ratio=16 host=65544 gc_pages=83899 gc_count=2335 waf_q16=149424 best=18 next=15 settled=0
[852829.262251] NVMeVirt: WATGC_V2 sample ns=0 part=2 epoch=1 window=75 phase=measure evaluated=14 k=2 scale_pct=400 age_ratio=16 host=65538 gc_pages=85953 gc_count=2367 waf_q16=151486 best=18 next=15 settled=0
[852829.310409] NVMeVirt: WATGC_V2 sample ns=0 part=3 epoch=1 window=75 phase=measure evaluated=14 k=2 scale_pct=400 age_ratio=16 host=65545 gc_pages=85370 gc_count=2358 waf_q16=150894 best=18 next=15 settled=0
[852829.384908] NVMeVirt: WATGC_V2 sample ns=0 part=1 epoch=1 window=75 phase=measure evaluated=14 k=2 scale_pct=400 age_ratio=16 host=65541 gc_pages=85373 gc_count=2358 waf_q16=150902 best=18 next=15 settled=0
[852851.982501] audit: type=1107 audit(1789976376.428:512): pid=1434 uid=101 auid=4294967295 ses=4294967295 subj=unconfined msg='apparmor="DENIED" operation="dbus_signal"  bus="system" path="/com/redhat/PrinterSpooler" interface="com.redhat.PrinterSpooler" member="QueueChanged" mask="send" name="org.freedesktop.DBus" pid=2073 label="snap.cups.cupsd" peer_pid=4752 peer_label="unconfined"
[852868.560189] NVMeVirt: WATGC_V2 sample ns=0 part=2 epoch=1 window=76 phase=measure evaluated=15 k=4 scale_pct=25 age_ratio=4 host=65571 gc_pages=62035 gc_count=1994 waf_q16=127537 best=18 next=16 settled=0
[852868.600315] NVMeVirt: WATGC_V2 sample ns=0 part=1 epoch=1 window=76 phase=measure evaluated=15 k=4 scale_pct=25 age_ratio=4 host=65541 gc_pages=60984 gc_count=1977 waf_q16=126515 best=18 next=16 settled=0
[852868.620169] NVMeVirt: WATGC_V2 sample ns=0 part=0 epoch=1 window=76 phase=measure evaluated=15 k=4 scale_pct=25 age_ratio=4 host=65547 gc_pages=60530 gc_count=1970 waf_q16=126055 best=18 next=16 settled=0
[852868.645589] NVMeVirt: WATGC_V2 sample ns=0 part=3 epoch=1 window=76 phase=measure evaluated=15 k=4 scale_pct=25 age_ratio=4 host=65543 gc_pages=61483 gc_count=1985 waf_q16=127012 best=18 next=16 settled=0
[852878.078897] mix-mixD-online-4127912 phase=B END
[852878.082094] NVMeVirt: Measurement: command=stop epoch=1 host_bytes=122884431872 learner_active=0
[852878.133142] EXT4-fs (nvme0n1): unmounting filesystem 235c693b-2e78-4f6e-b4dc-6f89c704a078.
[852878.205295] pci_bus 0001:10: busn_res: [bus 10-ff] is released
[852878.205362] NVMeVirt: WATGC_V2 summary ns=0 part=0 epoch=1 windows=76 epoch_windows=76 discarded=0 visited=60 covered=0 settled=0 phase=1 current=16 best=18 k=4 scale_pct=50 age_ratio=4 best_waf_valid=1 best_waf_q16=107953
[852878.205381] NVMeVirt: WATGC_V2 summary ns=0 part=1 epoch=1 windows=76 epoch_windows=76 discarded=0 visited=60 covered=0 settled=0 phase=1 current=16 best=18 k=4 scale_pct=50 age_ratio=4 best_waf_valid=1 best_waf_q16=108339
[852878.205386] NVMeVirt: WATGC_V2 summary ns=0 part=2 epoch=1 windows=76 epoch_windows=76 discarded=0 visited=60 covered=0 settled=0 phase=1 current=16 best=18 k=4 scale_pct=50 age_ratio=4 best_waf_valid=1 best_waf_q16=108065
[852878.205390] NVMeVirt: WATGC_V2 summary ns=0 part=3 epoch=1 windows=76 epoch_windows=76 discarded=0 visited=60 covered=0 settled=0 phase=1 current=16 best=18 k=4 scale_pct=50 age_ratio=4 best_waf_valid=1 best_waf_q16=108037
[852878.205394] NVMeVirt: GC stats: ns=0 policy=watgc-v2 host_pages=30001082 gc_pages=31652599 gc_count=963339 WAF=2.055 warmup_gc=100-per-part
[852878.292282] NVMeVirt: Virtual NVMe device closed
