[699936.006655] mix-mixC-arm05-3946899 BEGIN
[699936.018491] NVMeVirt: Version 1.10 for >> Samsung 970 Pro SSD <<
[699936.018496] NVMeVirt: Storage: 0x100100000-0x300000000 (8191 MiB)
[699936.029676] NVMeVirt: Total Capacity(GiB,MiB)=2,2048 chs=2 luns=4 lines=8192 blk-size(MiB,KiB)=0,64 line-size(MiB,KiB)=0,256
[699936.041211] NVMeVirt: [chmodel_init] bandwidth 800 max_credits 26 tx_time 152
[699936.052157] NVMeVirt: [chmodel_init] bandwidth 800 max_credits 26 tx_time 152
[699936.052172] NVMeVirt: [chmodel_init] bandwidth 3360 max_credits 110 tx_time 36
[699936.052174] NVMeVirt: Fixed CAT init ns=0 part=0 arm=5 k=2 scale_pct=50 age_ratio=16
[699936.053470] NVMeVirt: pqueue: Copyright (c) 2014, Volkan Yazıcı <volkan.yazici@gmail.com>. All rights reserved.
[699936.053506] NVMeVirt: Init FTL instance with 2 channels (524288 pages)
[699936.053508] NVMeVirt: GC victim policy: cat-fig7-fixed ns=0 part=0 initial_k=2 initial_scale_pct=50 initial_age_ratio=16 warmup_gc=100
[699936.064247] NVMeVirt: [chmodel_init] bandwidth 800 max_credits 26 tx_time 152
[699936.074945] NVMeVirt: [chmodel_init] bandwidth 800 max_credits 26 tx_time 152
[699936.074960] NVMeVirt: [chmodel_init] bandwidth 3360 max_credits 110 tx_time 36
[699936.074962] NVMeVirt: Fixed CAT init ns=0 part=1 arm=5 k=2 scale_pct=50 age_ratio=16
[699936.076232] NVMeVirt: Init FTL instance with 2 channels (524288 pages)
[699936.076235] NVMeVirt: GC victim policy: cat-fig7-fixed ns=0 part=1 initial_k=2 initial_scale_pct=50 initial_age_ratio=16 warmup_gc=100
[699936.086796] NVMeVirt: [chmodel_init] bandwidth 800 max_credits 26 tx_time 152
[699936.097242] NVMeVirt: [chmodel_init] bandwidth 800 max_credits 26 tx_time 152
[699936.097256] NVMeVirt: [chmodel_init] bandwidth 3360 max_credits 110 tx_time 36
[699936.097258] NVMeVirt: Fixed CAT init ns=0 part=2 arm=5 k=2 scale_pct=50 age_ratio=16
[699936.098572] NVMeVirt: Init FTL instance with 2 channels (524288 pages)
[699936.098576] NVMeVirt: GC victim policy: cat-fig7-fixed ns=0 part=2 initial_k=2 initial_scale_pct=50 initial_age_ratio=16 warmup_gc=100
[699936.109102] NVMeVirt: [chmodel_init] bandwidth 800 max_credits 26 tx_time 152
[699936.119549] NVMeVirt: [chmodel_init] bandwidth 800 max_credits 26 tx_time 152
[699936.119563] NVMeVirt: [chmodel_init] bandwidth 3360 max_credits 110 tx_time 36
[699936.119566] NVMeVirt: Fixed CAT init ns=0 part=3 arm=5 k=2 scale_pct=50 age_ratio=16
[699936.120824] NVMeVirt: Init FTL instance with 2 channels (524288 pages)
[699936.120826] NVMeVirt: GC victim policy: cat-fig7-fixed ns=0 part=3 initial_k=2 initial_scale_pct=50 initial_age_ratio=16 warmup_gc=100
[699936.120832] NVMeVirt: FTL physical space: 8588886016, logical space: 8026996276 (physical/logical * 100 = 107)
[699936.120834] NVMeVirt: ns 0/1: size 7655 MiB
[699936.120883] PCI host bridge to bus 0001:10
[699936.120885] pci_bus 0001:10: root bus resource [io  0x0000-0xffff]
[699936.120888] pci_bus 0001:10: root bus resource [mem 0x00000000-0x7fffffffff]
[699936.120890] pci_bus 0001:10: root bus resource [bus 00-ff]
[699936.120911] pci 0001:10:00.0: [0c51:0110] type 00 class 0x010802 PCIe Endpoint
[699936.120915] pci 0001:10:00.0: BAR 0 [mem 0x100000000-0x100003fff 64bit]
[699936.120918] pci 0001:10:00.0: enabling Extended Tags
[699936.121040] NVMeVirt: Virtual PCI bus created (node 0)
[699936.121333] NVMeVirt: nvmev_io_worker_0 started on cpu 2 (node 0)
[699936.121340] NVMeVirt: nvmev_dispatcher started on cpu 1 (node 0)
[699936.121372] NVMeVirt: Virtual NVMe device created
[699936.121553] nvme nvme0: pci function 0001:10:00.0
[699936.123777] nvme nvme0: 8/0/0 default/read/poll queues
[699936.196582] EXT4-fs (nvme0n1): mounted filesystem 5f4455eb-8f06-4255-9017-26c9f007faf3 r/w with ordered data mode. Quota mode: none.
[700018.215118] NVMeVirt: Fixed CAT init ns=0 part=0 arm=5 k=2 scale_pct=50 age_ratio=16
[700018.215124] NVMeVirt: Fixed CAT init ns=0 part=1 arm=5 k=2 scale_pct=50 age_ratio=16
[700018.215126] NVMeVirt: Fixed CAT init ns=0 part=2 arm=5 k=2 scale_pct=50 age_ratio=16
[700018.215127] NVMeVirt: Fixed CAT init ns=0 part=3 arm=5 k=2 scale_pct=50 age_ratio=16
[700018.215129] NVMeVirt: Measurement: command=start epoch=1 host_bytes=0 learner_active=1
[700018.222987] mix-mixC-arm05-3946899 phase=A START
[700618.549331] mix-mixC-arm05-3946899 phase=A END
[700618.556253] mix-mixC-arm05-3946899 phase=B START
[701218.865627] mix-mixC-arm05-3946899 phase=B END
[701218.868753] NVMeVirt: Measurement: command=stop epoch=1 host_bytes=122884407296 learner_active=0
[701218.920222] EXT4-fs (nvme0n1): unmounting filesystem 5f4455eb-8f06-4255-9017-26c9f007faf3.
[701218.984342] pci_bus 0001:10: busn_res: [bus 10-ff] is released
[701218.984504] NVMeVirt: GC stats: ns=0 policy=cat-fig7-fixed host_pages=30001076 gc_pages=37768383 gc_count=1058898 WAF=2.258 warmup_gc=100-per-part
[701219.055684] NVMeVirt: Virtual NVMe device closed
