[1622672.603535] mix-mixF-arm15-2015713 BEGIN
[1622672.790538] NVMeVirt: Version 1.10 for >> Samsung 970 Pro SSD <<
[1622672.790545] NVMeVirt: Storage: 0x100100000-0x300000000 (8191 MiB)
[1622672.801119] NVMeVirt: Total Capacity(GiB,MiB)=2,2048 chs=2 luns=4 lines=8192 blk-size(MiB,KiB)=0,64 line-size(MiB,KiB)=0,256
[1622672.812057] NVMeVirt: [chmodel_init] bandwidth 800 max_credits 26 tx_time 152
[1622672.823450] NVMeVirt: [chmodel_init] bandwidth 800 max_credits 26 tx_time 152
[1622672.823465] NVMeVirt: [chmodel_init] bandwidth 3360 max_credits 110 tx_time 36
[1622672.823467] NVMeVirt: Fixed CAT init ns=0 part=0 arm=15 k=4 scale_pct=25 age_ratio=4
[1622672.824707] NVMeVirt: pqueue: Copyright (c) 2014, Volkan Yazıcı <volkan.yazici@gmail.com>. All rights reserved.
[1622672.824745] NVMeVirt: Init FTL instance with 2 channels (524288 pages)
[1622672.824747] NVMeVirt: GC victim policy: cat-fig7-fixed ns=0 part=0 initial_k=4 initial_scale_pct=25 initial_age_ratio=4 warmup_gc=100
[1622672.835522] NVMeVirt: [chmodel_init] bandwidth 800 max_credits 26 tx_time 152
[1622672.846227] NVMeVirt: [chmodel_init] bandwidth 800 max_credits 26 tx_time 152
[1622672.846241] NVMeVirt: [chmodel_init] bandwidth 3360 max_credits 110 tx_time 36
[1622672.846243] NVMeVirt: Fixed CAT init ns=0 part=1 arm=15 k=4 scale_pct=25 age_ratio=4
[1622672.847639] NVMeVirt: Init FTL instance with 2 channels (524288 pages)
[1622672.847642] NVMeVirt: GC victim policy: cat-fig7-fixed ns=0 part=1 initial_k=4 initial_scale_pct=25 initial_age_ratio=4 warmup_gc=100
[1622672.858297] NVMeVirt: [chmodel_init] bandwidth 800 max_credits 26 tx_time 152
[1622672.868914] NVMeVirt: [chmodel_init] bandwidth 800 max_credits 26 tx_time 152
[1622672.868928] NVMeVirt: [chmodel_init] bandwidth 3360 max_credits 110 tx_time 36
[1622672.868930] NVMeVirt: Fixed CAT init ns=0 part=2 arm=15 k=4 scale_pct=25 age_ratio=4
[1622672.870185] NVMeVirt: Init FTL instance with 2 channels (524288 pages)
[1622672.870188] NVMeVirt: GC victim policy: cat-fig7-fixed ns=0 part=2 initial_k=4 initial_scale_pct=25 initial_age_ratio=4 warmup_gc=100
[1622672.880791] NVMeVirt: [chmodel_init] bandwidth 800 max_credits 26 tx_time 152
[1622672.891454] NVMeVirt: [chmodel_init] bandwidth 800 max_credits 26 tx_time 152
[1622672.891480] NVMeVirt: [chmodel_init] bandwidth 3360 max_credits 110 tx_time 36
[1622672.891482] NVMeVirt: Fixed CAT init ns=0 part=3 arm=15 k=4 scale_pct=25 age_ratio=4
[1622672.892723] NVMeVirt: Init FTL instance with 2 channels (524288 pages)
[1622672.892725] NVMeVirt: GC victim policy: cat-fig7-fixed ns=0 part=3 initial_k=4 initial_scale_pct=25 initial_age_ratio=4 warmup_gc=100
[1622672.892731] NVMeVirt: FTL physical space: 8588886016, logical space: 8026996276 (physical/logical * 100 = 107)
[1622672.892733] NVMeVirt: ns 0/1: size 7655 MiB
[1622672.892783] PCI host bridge to bus 0001:10
[1622672.892785] pci_bus 0001:10: root bus resource [io  0x0000-0xffff]
[1622672.892787] pci_bus 0001:10: root bus resource [mem 0x00000000-0x7fffffffff]
[1622672.892790] pci_bus 0001:10: root bus resource [bus 00-ff]
[1622672.892811] pci 0001:10:00.0: [0c51:0110] type 00 class 0x010802 PCIe Endpoint
[1622672.892815] pci 0001:10:00.0: BAR 0 [mem 0x100000000-0x100003fff 64bit]
[1622672.892817] pci 0001:10:00.0: enabling Extended Tags
[1622672.892938] NVMeVirt: Virtual PCI bus created (node 0)
[1622672.893172] NVMeVirt: nvmev_io_worker_0 started on cpu 2 (node 0)
[1622672.893243] NVMeVirt: nvmev_dispatcher started on cpu 1 (node 0)
[1622672.893295] NVMeVirt: Virtual NVMe device created
[1622672.893510] nvme nvme0: pci function 0001:10:00.0
[1622672.896119] nvme nvme0: 8/0/0 default/read/poll queues
[1622673.369980] EXT4-fs (nvme0n1): mounted filesystem 2f457035-13be-4f76-bec3-09171f2393f5 r/w with ordered data mode. Quota mode: none.
[1622755.690125] NVMeVirt: Fixed CAT init ns=0 part=0 arm=15 k=4 scale_pct=25 age_ratio=4
[1622755.690130] NVMeVirt: Fixed CAT init ns=0 part=1 arm=15 k=4 scale_pct=25 age_ratio=4
[1622755.690132] NVMeVirt: Fixed CAT init ns=0 part=2 arm=15 k=4 scale_pct=25 age_ratio=4
[1622755.690133] NVMeVirt: Fixed CAT init ns=0 part=3 arm=15 k=4 scale_pct=25 age_ratio=4
[1622755.690135] NVMeVirt: Measurement: command=start epoch=1 host_bytes=0 learner_active=1
[1622755.698028] mix-mixF-arm15-2015713 phase=A START
[1623356.006895] mix-mixF-arm15-2015713 phase=A END
[1623356.074477] mix-mixF-arm15-2015713 phase=B START
[1623659.482304] mix-mixF-arm15-2015713 phase=B END
[1623659.485509] NVMeVirt: Measurement: command=stop epoch=1 host_bytes=224115933184 learner_active=0
[1623659.587787] EXT4-fs (nvme0n1): unmounting filesystem 2f457035-13be-4f76-bec3-09171f2393f5.
[1623659.688622] pci_bus 0001:10: busn_res: [bus 10-ff] is released
[1623659.688750] NVMeVirt: GC stats: ns=0 policy=cat-fig7-fixed host_pages=54715804 gc_pages=105521425 gc_count=2503706 WAF=2.928 warmup_gc=100-per-part
[1623659.775647] NVMeVirt: Virtual NVMe device closed
