/bin/bash ./filebench-1.5-alpha3/ylwrap ./filebench-1.5-alpha3/parser_gram.y y.tab.c parser_gram.c y.tab.h `echo parser_gram.c | sed -e s/cc$/hh/ -e s/cpp$/hpp/ -e s/cxx$/hxx/ -e s/c++$/h++/ -e s/c$/h/` y.output parser_gram.output -- bison -y -d 
/home/oy/iCAT/tools/filebench-local/./filebench-1.5-alpha3/parser_gram.y:152.14-27: warning: POSIX yacc reserves %type to nonterminals [-Wyacc]
  152 | %type <ival> FSV_VAL_POSINT FSV_VAL_NEGINT
      |              ^~~~~~~~~~~~~~
/home/oy/iCAT/tools/filebench-local/./filebench-1.5-alpha3/parser_gram.y:152.29-42: warning: POSIX yacc reserves %type to nonterminals [-Wyacc]
  152 | %type <ival> FSV_VAL_POSINT FSV_VAL_NEGINT
      |                             ^~~~~~~~~~~~~~
/home/oy/iCAT/tools/filebench-local/./filebench-1.5-alpha3/parser_gram.y:153.14-28: warning: POSIX yacc reserves %type to nonterminals [-Wyacc]
  153 | %type <bval> FSV_VAL_BOOLEAN
      |              ^~~~~~~~~~~~~~~
/home/oy/iCAT/tools/filebench-local/./filebench-1.5-alpha3/parser_gram.y:154.14-23: warning: POSIX yacc reserves %type to nonterminals [-Wyacc]
  154 | %type <sval> FSV_STRING FSV_WHITESTRING FSV_VARIABLE FSK_ASSIGN
      |              ^~~~~~~~~~
/home/oy/iCAT/tools/filebench-local/./filebench-1.5-alpha3/parser_gram.y:154.25-39: warning: POSIX yacc reserves %type to nonterminals [-Wyacc]
  154 | %type <sval> FSV_STRING FSV_WHITESTRING FSV_VARIABLE FSK_ASSIGN
      |                         ^~~~~~~~~~~~~~~
/home/oy/iCAT/tools/filebench-local/./filebench-1.5-alpha3/parser_gram.y:154.41-52: warning: POSIX yacc reserves %type to nonterminals [-Wyacc]
  154 | %type <sval> FSV_STRING FSV_WHITESTRING FSV_VARIABLE FSK_ASSIGN
      |                                         ^~~~~~~~~~~~
/home/oy/iCAT/tools/filebench-local/./filebench-1.5-alpha3/parser_gram.y:154.54-63: warning: POSIX yacc reserves %type to nonterminals [-Wyacc]
  154 | %type <sval> FSV_STRING FSV_WHITESTRING FSV_VARIABLE FSK_ASSIGN
      |                                                      ^~~~~~~~~~
/home/oy/iCAT/tools/filebench-local/./filebench-1.5-alpha3/parser_gram.y:156.14-23: warning: POSIX yacc reserves %type to nonterminals [-Wyacc]
  156 | %type <ival> FSC_DEFINE FSC_SET FSC_RUN FSC_ENABLE FSC_PSRUN
      |              ^~~~~~~~~~
/home/oy/iCAT/tools/filebench-local/./filebench-1.5-alpha3/parser_gram.y:156.25-31: warning: POSIX yacc reserves %type to nonterminals [-Wyacc]
  156 | %type <ival> FSC_DEFINE FSC_SET FSC_RUN FSC_ENABLE FSC_PSRUN
      |                         ^~~~~~~
/home/oy/iCAT/tools/filebench-local/./filebench-1.5-alpha3/parser_gram.y:156.33-39: warning: POSIX yacc reserves %type to nonterminals [-Wyacc]
  156 | %type <ival> FSC_DEFINE FSC_SET FSC_RUN FSC_ENABLE FSC_PSRUN
      |                                 ^~~~~~~
/home/oy/iCAT/tools/filebench-local/./filebench-1.5-alpha3/parser_gram.y:156.41-50: warning: POSIX yacc reserves %type to nonterminals [-Wyacc]
  156 | %type <ival> FSC_DEFINE FSC_SET FSC_RUN FSC_ENABLE FSC_PSRUN
      |                                         ^~~~~~~~~~
/home/oy/iCAT/tools/filebench-local/./filebench-1.5-alpha3/parser_gram.y:156.52-60: warning: POSIX yacc reserves %type to nonterminals [-Wyacc]
  156 | %type <ival> FSC_DEFINE FSC_SET FSC_RUN FSC_ENABLE FSC_PSRUN
      |                                                    ^~~~~~~~~
/home/oy/iCAT/tools/filebench-local/./filebench-1.5-alpha3/parser_gram.y:157.14-28: warning: POSIX yacc reserves %type to nonterminals [-Wyacc]
  157 | %type <ival> FSC_DOMULTISYNC
      |              ^~~~~~~~~~~~~~~
/home/oy/iCAT/tools/filebench-local/./filebench-1.5-alpha3/parser_gram.y:158.14-21: warning: POSIX yacc reserves %type to nonterminals [-Wyacc]
  158 | %type <ival> FSE_FILE FSE_FILES FSE_PROC FSE_THREAD FSC_VERSION
      |              ^~~~~~~~
/home/oy/iCAT/tools/filebench-local/./filebench-1.5-alpha3/parser_gram.y:158.23-31: warning: POSIX yacc reserves %type to nonterminals [-Wyacc]
  158 | %type <ival> FSE_FILE FSE_FILES FSE_PROC FSE_THREAD FSC_VERSION
      |                       ^~~~~~~~~
/home/oy/iCAT/tools/filebench-local/./filebench-1.5-alpha3/parser_gram.y:158.33-40: warning: POSIX yacc reserves %type to nonterminals [-Wyacc]
  158 | %type <ival> FSE_FILE FSE_FILES FSE_PROC FSE_THREAD FSC_VERSION
      |                                 ^~~~~~~~
/home/oy/iCAT/tools/filebench-local/./filebench-1.5-alpha3/parser_gram.y:158.42-51: warning: POSIX yacc reserves %type to nonterminals [-Wyacc]
  158 | %type <ival> FSE_FILE FSE_FILES FSE_PROC FSE_THREAD FSC_VERSION
      |                                          ^~~~~~~~~~
/home/oy/iCAT/tools/filebench-local/./filebench-1.5-alpha3/parser_gram.y:158.53-63: warning: POSIX yacc reserves %type to nonterminals [-Wyacc]
  158 | %type <ival> FSE_FILE FSE_FILES FSE_PROC FSE_THREAD FSC_VERSION
      |                                                     ^~~~~~~~~~~
/home/oy/iCAT/tools/filebench-local/./filebench-1.5-alpha3/parser_gram.y:182.32-39: warning: POSIX yacc reserves %type to nonterminals [-Wyacc]
  182 | %type <ival> randvar_attr_name FSA_TYPE randtype_name
      |                                ^~~~~~~~
/home/oy/iCAT/tools/filebench-local/./filebench-1.5-alpha3/parser_gram.y:183.27-37: warning: POSIX yacc reserves %type to nonterminals [-Wyacc]
  183 | %type <ival> randsrc_name FSA_RANDSRC em_attr_name
      |                           ^~~~~~~~~~~
/home/oy/iCAT/tools/filebench-local/./filebench-1.5-alpha3/parser_gram.y:184.14-21: warning: POSIX yacc reserves %type to nonterminals [-Wyacc]
  184 | %type <ival> FSS_TYPE FSS_SEED FSS_GAMMA FSS_MEAN FSS_MIN FSS_SRC
      |              ^~~~~~~~
/home/oy/iCAT/tools/filebench-local/./filebench-1.5-alpha3/parser_gram.y:184.23-30: warning: POSIX yacc reserves %type to nonterminals [-Wyacc]
  184 | %type <ival> FSS_TYPE FSS_SEED FSS_GAMMA FSS_MEAN FSS_MIN FSS_SRC
      |                       ^~~~~~~~
/home/oy/iCAT/tools/filebench-local/./filebench-1.5-alpha3/parser_gram.y:184.32-40: warning: POSIX yacc reserves %type to nonterminals [-Wyacc]
  184 | %type <ival> FSS_TYPE FSS_SEED FSS_GAMMA FSS_MEAN FSS_MIN FSS_SRC
      |                                ^~~~~~~~~
/home/oy/iCAT/tools/filebench-local/./filebench-1.5-alpha3/parser_gram.y:184.42-49: warning: POSIX yacc reserves %type to nonterminals [-Wyacc]
  184 | %type <ival> FSS_TYPE FSS_SEED FSS_GAMMA FSS_MEAN FSS_MIN FSS_SRC
      |                                          ^~~~~~~~
/home/oy/iCAT/tools/filebench-local/./filebench-1.5-alpha3/parser_gram.y:184.51-57: warning: POSIX yacc reserves %type to nonterminals [-Wyacc]
  184 | %type <ival> FSS_TYPE FSS_SEED FSS_GAMMA FSS_MEAN FSS_MIN FSS_SRC
      |                                                   ^~~~~~~
/home/oy/iCAT/tools/filebench-local/./filebench-1.5-alpha3/parser_gram.y:184.59-65: warning: POSIX yacc reserves %type to nonterminals [-Wyacc]
  184 | %type <ival> FSS_TYPE FSS_SEED FSS_GAMMA FSS_MEAN FSS_MIN FSS_SRC
      |                                                           ^~~~~~~
updating parser_gram.h
make  all-recursive
make[1]: Entering directory '/home/oy/iCAT/tools/filebench-local'
Making all in workloads
make[2]: Entering directory '/home/oy/iCAT/tools/filebench-local/workloads'
make[2]: Nothing to be done for 'all'.
make[2]: Leaving directory '/home/oy/iCAT/tools/filebench-local/workloads'
Making all in cvars
make[2]: Entering directory '/home/oy/iCAT/tools/filebench-local/cvars'
depbase=`echo cvar-erlang.lo | sed 's|[^/]*$|.deps/&|;s|\.lo$||'`;\
/bin/bash ../libtool  --tag=CC   --mode=compile gcc -DHAVE_CONFIG_H -I. -I.././filebench-1.5-alpha3/cvars -I..     -O2 -g -fcommon -Wno-error=implicit-function-declaration -Wno-error=incompatible-pointer-types -MT cvar-erlang.lo -MD -MP -MF $depbase.Tpo -c -o cvar-erlang.lo .././filebench-1.5-alpha3/cvars/cvar-erlang.c &&\
mv -f $depbase.Tpo $depbase.Plo
depbase=`echo cvar_tokens.lo | sed 's|[^/]*$|.deps/&|;s|\.lo$||'`;\
/bin/bash ../libtool  --tag=CC   --mode=compile gcc -DHAVE_CONFIG_H -I. -I.././filebench-1.5-alpha3/cvars -I..     -O2 -g -fcommon -Wno-error=implicit-function-declaration -Wno-error=incompatible-pointer-types -MT cvar_tokens.lo -MD -MP -MF $depbase.Tpo -c -o cvar_tokens.lo .././filebench-1.5-alpha3/cvars/cvar_tokens.c &&\
mv -f $depbase.Tpo $depbase.Plo
depbase=`echo cvar-exponential.lo | sed 's|[^/]*$|.deps/&|;s|\.lo$||'`;\
/bin/bash ../libtool  --tag=CC   --mode=compile gcc -DHAVE_CONFIG_H -I. -I.././filebench-1.5-alpha3/cvars -I..     -O2 -g -fcommon -Wno-error=implicit-function-declaration -Wno-error=incompatible-pointer-types -MT cvar-exponential.lo -MD -MP -MF $depbase.Tpo -c -o cvar-exponential.lo .././filebench-1.5-alpha3/cvars/cvar-exponential.c &&\
mv -f $depbase.Tpo $depbase.Plo
depbase=`echo cvar-lognormal.lo | sed 's|[^/]*$|.deps/&|;s|\.lo$||'`;\
/bin/bash ../libtool  --tag=CC   --mode=compile gcc -DHAVE_CONFIG_H -I. -I.././filebench-1.5-alpha3/cvars -I..     -O2 -g -fcommon -Wno-error=implicit-function-declaration -Wno-error=incompatible-pointer-types -MT cvar-lognormal.lo -MD -MP -MF $depbase.Tpo -c -o cvar-lognormal.lo .././filebench-1.5-alpha3/cvars/cvar-lognormal.c &&\
mv -f $depbase.Tpo $depbase.Plo
libtool: compile:  gcc -DHAVE_CONFIG_H -I. -I.././filebench-1.5-alpha3/cvars -I.. -O2 -g -fcommon -Wno-error=implicit-function-declaration -Wno-error=incompatible-pointer-types -MT cvar-erlang.lo -MD -MP -MF .deps/cvar-erlang.Tpo -c .././filebench-1.5-alpha3/cvars/cvar-erlang.c  -fPIC -DPIC -o .libs/cvar-erlang.o
libtool: compile:  gcc -DHAVE_CONFIG_H -I. -I.././filebench-1.5-alpha3/cvars -I.. -O2 -g -fcommon -Wno-error=implicit-function-declaration -Wno-error=incompatible-pointer-types -MT cvar_tokens.lo -MD -MP -MF .deps/cvar_tokens.Tpo -c .././filebench-1.5-alpha3/cvars/cvar_tokens.c  -fPIC -DPIC -o .libs/cvar_tokens.o
libtool: compile:  gcc -DHAVE_CONFIG_H -I. -I.././filebench-1.5-alpha3/cvars -I.. -O2 -g -fcommon -Wno-error=implicit-function-declaration -Wno-error=incompatible-pointer-types -MT cvar-lognormal.lo -MD -MP -MF .deps/cvar-lognormal.Tpo -c .././filebench-1.5-alpha3/cvars/cvar-lognormal.c  -fPIC -DPIC -o .libs/cvar-lognormal.o
libtool: compile:  gcc -DHAVE_CONFIG_H -I. -I.././filebench-1.5-alpha3/cvars -I.. -O2 -g -fcommon -Wno-error=implicit-function-declaration -Wno-error=incompatible-pointer-types -MT cvar-exponential.lo -MD -MP -MF .deps/cvar-exponential.Tpo -c .././filebench-1.5-alpha3/cvars/cvar-exponential.c  -fPIC -DPIC -o .libs/cvar-exponential.o
libtool: compile:  gcc -DHAVE_CONFIG_H -I. -I.././filebench-1.5-alpha3/cvars -I.. -O2 -g -fcommon -Wno-error=implicit-function-declaration -Wno-error=incompatible-pointer-types -MT cvar-lognormal.lo -MD -MP -MF .deps/cvar-lognormal.Tpo -c .././filebench-1.5-alpha3/cvars/cvar-lognormal.c -o cvar-lognormal.o >/dev/null 2>&1
libtool: compile:  gcc -DHAVE_CONFIG_H -I. -I.././filebench-1.5-alpha3/cvars -I.. -O2 -g -fcommon -Wno-error=implicit-function-declaration -Wno-error=incompatible-pointer-types -MT cvar-exponential.lo -MD -MP -MF .deps/cvar-exponential.Tpo -c .././filebench-1.5-alpha3/cvars/cvar-exponential.c -o cvar-exponential.o >/dev/null 2>&1
libtool: compile:  gcc -DHAVE_CONFIG_H -I. -I.././filebench-1.5-alpha3/cvars -I.. -O2 -g -fcommon -Wno-error=implicit-function-declaration -Wno-error=incompatible-pointer-types -MT cvar_tokens.lo -MD -MP -MF .deps/cvar_tokens.Tpo -c .././filebench-1.5-alpha3/cvars/cvar_tokens.c -o cvar_tokens.o >/dev/null 2>&1
libtool: compile:  gcc -DHAVE_CONFIG_H -I. -I.././filebench-1.5-alpha3/cvars -I.. -O2 -g -fcommon -Wno-error=implicit-function-declaration -Wno-error=incompatible-pointer-types -MT cvar-erlang.lo -MD -MP -MF .deps/cvar-erlang.Tpo -c .././filebench-1.5-alpha3/cvars/cvar-erlang.c -o cvar-erlang.o >/dev/null 2>&1
depbase=`echo cvar-normal.lo | sed 's|[^/]*$|.deps/&|;s|\.lo$||'`;\
/bin/bash ../libtool  --tag=CC   --mode=compile gcc -DHAVE_CONFIG_H -I. -I.././filebench-1.5-alpha3/cvars -I..     -O2 -g -fcommon -Wno-error=implicit-function-declaration -Wno-error=incompatible-pointer-types -MT cvar-normal.lo -MD -MP -MF $depbase.Tpo -c -o cvar-normal.lo .././filebench-1.5-alpha3/cvars/cvar-normal.c &&\
mv -f $depbase.Tpo $depbase.Plo
depbase=`echo cvar-triangular.lo | sed 's|[^/]*$|.deps/&|;s|\.lo$||'`;\
/bin/bash ../libtool  --tag=CC   --mode=compile gcc -DHAVE_CONFIG_H -I. -I.././filebench-1.5-alpha3/cvars -I..     -O2 -g -fcommon -Wno-error=implicit-function-declaration -Wno-error=incompatible-pointer-types -MT cvar-triangular.lo -MD -MP -MF $depbase.Tpo -c -o cvar-triangular.lo .././filebench-1.5-alpha3/cvars/cvar-triangular.c &&\
mv -f $depbase.Tpo $depbase.Plo
depbase=`echo cvar-uniform.lo | sed 's|[^/]*$|.deps/&|;s|\.lo$||'`;\
/bin/bash ../libtool  --tag=CC   --mode=compile gcc -DHAVE_CONFIG_H -I. -I.././filebench-1.5-alpha3/cvars -I..     -O2 -g -fcommon -Wno-error=implicit-function-declaration -Wno-error=incompatible-pointer-types -MT cvar-uniform.lo -MD -MP -MF $depbase.Tpo -c -o cvar-uniform.lo .././filebench-1.5-alpha3/cvars/cvar-uniform.c &&\
mv -f $depbase.Tpo $depbase.Plo
depbase=`echo cvar-weibull.lo | sed 's|[^/]*$|.deps/&|;s|\.lo$||'`;\
/bin/bash ../libtool  --tag=CC   --mode=compile gcc -DHAVE_CONFIG_H -I. -I.././filebench-1.5-alpha3/cvars -I..     -O2 -g -fcommon -Wno-error=implicit-function-declaration -Wno-error=incompatible-pointer-types -MT cvar-weibull.lo -MD -MP -MF $depbase.Tpo -c -o cvar-weibull.lo .././filebench-1.5-alpha3/cvars/cvar-weibull.c &&\
mv -f $depbase.Tpo $depbase.Plo
libtool: compile:  gcc -DHAVE_CONFIG_H -I. -I.././filebench-1.5-alpha3/cvars -I.. -O2 -g -fcommon -Wno-error=implicit-function-declaration -Wno-error=incompatible-pointer-types -MT cvar-uniform.lo -MD -MP -MF .deps/cvar-uniform.Tpo -c .././filebench-1.5-alpha3/cvars/cvar-uniform.c  -fPIC -DPIC -o .libs/cvar-uniform.o
libtool: compile:  gcc -DHAVE_CONFIG_H -I. -I.././filebench-1.5-alpha3/cvars -I.. -O2 -g -fcommon -Wno-error=implicit-function-declaration -Wno-error=incompatible-pointer-types -MT cvar-weibull.lo -MD -MP -MF .deps/cvar-weibull.Tpo -c .././filebench-1.5-alpha3/cvars/cvar-weibull.c  -fPIC -DPIC -o .libs/cvar-weibull.o
libtool: compile:  gcc -DHAVE_CONFIG_H -I. -I.././filebench-1.5-alpha3/cvars -I.. -O2 -g -fcommon -Wno-error=implicit-function-declaration -Wno-error=incompatible-pointer-types -MT cvar-triangular.lo -MD -MP -MF .deps/cvar-triangular.Tpo -c .././filebench-1.5-alpha3/cvars/cvar-triangular.c  -fPIC -DPIC -o .libs/cvar-triangular.o
libtool: compile:  gcc -DHAVE_CONFIG_H -I. -I.././filebench-1.5-alpha3/cvars -I.. -O2 -g -fcommon -Wno-error=implicit-function-declaration -Wno-error=incompatible-pointer-types -MT cvar-normal.lo -MD -MP -MF .deps/cvar-normal.Tpo -c .././filebench-1.5-alpha3/cvars/cvar-normal.c  -fPIC -DPIC -o .libs/cvar-normal.o
libtool: compile:  gcc -DHAVE_CONFIG_H -I. -I.././filebench-1.5-alpha3/cvars -I.. -O2 -g -fcommon -Wno-error=implicit-function-declaration -Wno-error=incompatible-pointer-types -MT cvar-weibull.lo -MD -MP -MF .deps/cvar-weibull.Tpo -c .././filebench-1.5-alpha3/cvars/cvar-weibull.c -o cvar-weibull.o >/dev/null 2>&1
libtool: compile:  gcc -DHAVE_CONFIG_H -I. -I.././filebench-1.5-alpha3/cvars -I.. -O2 -g -fcommon -Wno-error=implicit-function-declaration -Wno-error=incompatible-pointer-types -MT cvar-uniform.lo -MD -MP -MF .deps/cvar-uniform.Tpo -c .././filebench-1.5-alpha3/cvars/cvar-uniform.c -o cvar-uniform.o >/dev/null 2>&1
libtool: compile:  gcc -DHAVE_CONFIG_H -I. -I.././filebench-1.5-alpha3/cvars -I.. -O2 -g -fcommon -Wno-error=implicit-function-declaration -Wno-error=incompatible-pointer-types -MT cvar-normal.lo -MD -MP -MF .deps/cvar-normal.Tpo -c .././filebench-1.5-alpha3/cvars/cvar-normal.c -o cvar-normal.o >/dev/null 2>&1
libtool: compile:  gcc -DHAVE_CONFIG_H -I. -I.././filebench-1.5-alpha3/cvars -I.. -O2 -g -fcommon -Wno-error=implicit-function-declaration -Wno-error=incompatible-pointer-types -MT cvar-triangular.lo -MD -MP -MF .deps/cvar-triangular.Tpo -c .././filebench-1.5-alpha3/cvars/cvar-triangular.c -o cvar-triangular.o >/dev/null 2>&1
depbase=`echo cvar-gamma.lo | sed 's|[^/]*$|.deps/&|;s|\.lo$||'`;\
/bin/bash ../libtool  --tag=CC   --mode=compile gcc -DHAVE_CONFIG_H -I. -I.././filebench-1.5-alpha3/cvars -I..     -O2 -g -fcommon -Wno-error=implicit-function-declaration -Wno-error=incompatible-pointer-types -MT cvar-gamma.lo -MD -MP -MF $depbase.Tpo -c -o cvar-gamma.lo .././filebench-1.5-alpha3/cvars/cvar-gamma.c &&\
mv -f $depbase.Tpo $depbase.Plo
depbase=`echo mtwist/mtwist.lo | sed 's|[^/]*$|.deps/&|;s|\.lo$||'`;\
/bin/bash ../libtool  --tag=CC   --mode=compile gcc -DHAVE_CONFIG_H -I. -I.././filebench-1.5-alpha3/cvars -I..     -O2 -g -fcommon -Wno-error=implicit-function-declaration -Wno-error=incompatible-pointer-types -MT mtwist/mtwist.lo -MD -MP -MF $depbase.Tpo -c -o mtwist/mtwist.lo .././filebench-1.5-alpha3/cvars/mtwist/mtwist.c &&\
mv -f $depbase.Tpo $depbase.Plo
libtool: compile:  gcc -DHAVE_CONFIG_H -I. -I.././filebench-1.5-alpha3/cvars -I.. -O2 -g -fcommon -Wno-error=implicit-function-declaration -Wno-error=incompatible-pointer-types -MT cvar-gamma.lo -MD -MP -MF .deps/cvar-gamma.Tpo -c .././filebench-1.5-alpha3/cvars/cvar-gamma.c  -fPIC -DPIC -o .libs/cvar-gamma.o
libtool: compile:  gcc -DHAVE_CONFIG_H -I. -I.././filebench-1.5-alpha3/cvars -I.. -O2 -g -fcommon -Wno-error=implicit-function-declaration -Wno-error=incompatible-pointer-types -MT mtwist/mtwist.lo -MD -MP -MF mtwist/.deps/mtwist.Tpo -c .././filebench-1.5-alpha3/cvars/mtwist/mtwist.c  -fPIC -DPIC -o mtwist/.libs/mtwist.o
depbase=`echo mtwist/randistrs.lo | sed 's|[^/]*$|.deps/&|;s|\.lo$||'`;\
/bin/bash ../libtool  --tag=CC   --mode=compile gcc -DHAVE_CONFIG_H -I. -I.././filebench-1.5-alpha3/cvars -I..     -O2 -g -fcommon -Wno-error=implicit-function-declaration -Wno-error=incompatible-pointer-types -MT mtwist/randistrs.lo -MD -MP -MF $depbase.Tpo -c -o mtwist/randistrs.lo .././filebench-1.5-alpha3/cvars/mtwist/randistrs.c &&\
mv -f $depbase.Tpo $depbase.Plo
libtool: compile:  gcc -DHAVE_CONFIG_H -I. -I.././filebench-1.5-alpha3/cvars -I.. -O2 -g -fcommon -Wno-error=implicit-function-declaration -Wno-error=incompatible-pointer-types -MT mtwist/randistrs.lo -MD -MP -MF mtwist/.deps/randistrs.Tpo -c .././filebench-1.5-alpha3/cvars/mtwist/randistrs.c  -fPIC -DPIC -o mtwist/.libs/randistrs.o
libtool: compile:  gcc -DHAVE_CONFIG_H -I. -I.././filebench-1.5-alpha3/cvars -I.. -O2 -g -fcommon -Wno-error=implicit-function-declaration -Wno-error=incompatible-pointer-types -MT cvar-gamma.lo -MD -MP -MF .deps/cvar-gamma.Tpo -c .././filebench-1.5-alpha3/cvars/cvar-gamma.c -o cvar-gamma.o >/dev/null 2>&1
libtool: compile:  gcc -DHAVE_CONFIG_H -I. -I.././filebench-1.5-alpha3/cvars -I.. -O2 -g -fcommon -Wno-error=implicit-function-declaration -Wno-error=incompatible-pointer-types -MT mtwist/mtwist.lo -MD -MP -MF mtwist/.deps/mtwist.Tpo -c .././filebench-1.5-alpha3/cvars/mtwist/mtwist.c -o mtwist/mtwist.o >/dev/null 2>&1
libtool: compile:  gcc -DHAVE_CONFIG_H -I. -I.././filebench-1.5-alpha3/cvars -I.. -O2 -g -fcommon -Wno-error=implicit-function-declaration -Wno-error=incompatible-pointer-types -MT mtwist/randistrs.lo -MD -MP -MF mtwist/.deps/randistrs.Tpo -c .././filebench-1.5-alpha3/cvars/mtwist/randistrs.c -o mtwist/randistrs.o >/dev/null 2>&1
/bin/bash ../libtool  --tag=CC   --mode=link gcc  -O2 -g -fcommon -Wno-error=implicit-function-declaration -Wno-error=incompatible-pointer-types   -o libcvar-erlang.la -rpath /home/oy/iCAT/tools/filebench-local/install/share/filebench/cvars cvar-erlang.lo mtwist/mtwist.lo mtwist/randistrs.lo cvar_tokens.lo  -ldl -lpthread -lm -lrt 
/bin/bash ../libtool  --tag=CC   --mode=link gcc  -O2 -g -fcommon -Wno-error=implicit-function-declaration -Wno-error=incompatible-pointer-types   -o libcvar-exponential.la -rpath /home/oy/iCAT/tools/filebench-local/install/share/filebench/cvars cvar-exponential.lo mtwist/mtwist.lo mtwist/randistrs.lo cvar_tokens.lo  -ldl -lpthread -lm -lrt 
/bin/bash ../libtool  --tag=CC   --mode=link gcc  -O2 -g -fcommon -Wno-error=implicit-function-declaration -Wno-error=incompatible-pointer-types   -o libcvar-lognormal.la -rpath /home/oy/iCAT/tools/filebench-local/install/share/filebench/cvars cvar-lognormal.lo mtwist/mtwist.lo mtwist/randistrs.lo cvar_tokens.lo  -ldl -lpthread -lm -lrt 
/bin/bash ../libtool  --tag=CC   --mode=link gcc  -O2 -g -fcommon -Wno-error=implicit-function-declaration -Wno-error=incompatible-pointer-types   -o libcvar-normal.la -rpath /home/oy/iCAT/tools/filebench-local/install/share/filebench/cvars cvar-normal.lo mtwist/mtwist.lo mtwist/randistrs.lo cvar_tokens.lo  -ldl -lpthread -lm -lrt 
libtool: link: gcc -shared  -fPIC -DPIC  .libs/cvar-exponential.o mtwist/.libs/mtwist.o mtwist/.libs/randistrs.o .libs/cvar_tokens.o   -ldl -lpthread -lm -lrt  -O2 -g   -Wl,-soname -Wl,libcvar-exponential.so.0 -o .libs/libcvar-exponential.so.0.0.0
libtool: link: gcc -shared  -fPIC -DPIC  .libs/cvar-lognormal.o mtwist/.libs/mtwist.o mtwist/.libs/randistrs.o .libs/cvar_tokens.o   -ldl -lpthread -lm -lrt  -O2 -g   -Wl,-soname -Wl,libcvar-lognormal.so.0 -o .libs/libcvar-lognormal.so.0.0.0
libtool: link: gcc -shared  -fPIC -DPIC  .libs/cvar-normal.o mtwist/.libs/mtwist.o mtwist/.libs/randistrs.o .libs/cvar_tokens.o   -ldl -lpthread -lm -lrt  -O2 -g   -Wl,-soname -Wl,libcvar-normal.so.0 -o .libs/libcvar-normal.so.0.0.0
libtool: link: gcc -shared  -fPIC -DPIC  .libs/cvar-erlang.o mtwist/.libs/mtwist.o mtwist/.libs/randistrs.o .libs/cvar_tokens.o   -ldl -lpthread -lm -lrt  -O2 -g   -Wl,-soname -Wl,libcvar-erlang.so.0 -o .libs/libcvar-erlang.so.0.0.0
libtool: link: (cd ".libs" && rm -f "libcvar-exponential.so.0" && ln -s "libcvar-exponential.so.0.0.0" "libcvar-exponential.so.0")
libtool: link: (cd ".libs" && rm -f "libcvar-exponential.so" && ln -s "libcvar-exponential.so.0.0.0" "libcvar-exponential.so")
libtool: link: ar cru .libs/libcvar-exponential.a  cvar-exponential.o mtwist/mtwist.o mtwist/randistrs.o cvar_tokens.o
libtool: link: (cd ".libs" && rm -f "libcvar-lognormal.so.0" && ln -s "libcvar-lognormal.so.0.0.0" "libcvar-lognormal.so.0")
ar: `u' modifier ignored since `D' is the default (see `U')
libtool: link: (cd ".libs" && rm -f "libcvar-lognormal.so" && ln -s "libcvar-lognormal.so.0.0.0" "libcvar-lognormal.so")
libtool: link: ar cru .libs/libcvar-lognormal.a  cvar-lognormal.o mtwist/mtwist.o mtwist/randistrs.o cvar_tokens.o
libtool: link: (cd ".libs" && rm -f "libcvar-normal.so.0" && ln -s "libcvar-normal.so.0.0.0" "libcvar-normal.so.0")
ar: `u' modifier ignored since `D' is the default (see `U')
libtool: link: (cd ".libs" && rm -f "libcvar-normal.so" && ln -s "libcvar-normal.so.0.0.0" "libcvar-normal.so")
libtool: link: (cd ".libs" && rm -f "libcvar-erlang.so.0" && ln -s "libcvar-erlang.so.0.0.0" "libcvar-erlang.so.0")
libtool: link: ar cru .libs/libcvar-normal.a  cvar-normal.o mtwist/mtwist.o mtwist/randistrs.o cvar_tokens.o
ar: `u' modifier ignored since `D' is the default (see `U')
libtool: link: (cd ".libs" && rm -f "libcvar-erlang.so" && ln -s "libcvar-erlang.so.0.0.0" "libcvar-erlang.so")
libtool: link: ar cru .libs/libcvar-erlang.a  cvar-erlang.o mtwist/mtwist.o mtwist/randistrs.o cvar_tokens.o
ar: `u' modifier ignored since `D' is the default (see `U')
libtool: link: ranlib .libs/libcvar-erlang.a
libtool: link: ranlib .libs/libcvar-exponential.a
libtool: link: ranlib .libs/libcvar-lognormal.a
libtool: link: ranlib .libs/libcvar-normal.a
libtool: link: ( cd ".libs" && rm -f "libcvar-exponential.la" && ln -s "../libcvar-exponential.la" "libcvar-exponential.la" )
libtool: link: ( cd ".libs" && rm -f "libcvar-normal.la" && ln -s "../libcvar-normal.la" "libcvar-normal.la" )
libtool: link: ( cd ".libs" && rm -f "libcvar-lognormal.la" && ln -s "../libcvar-lognormal.la" "libcvar-lognormal.la" )
libtool: link: ( cd ".libs" && rm -f "libcvar-erlang.la" && ln -s "../libcvar-erlang.la" "libcvar-erlang.la" )
/bin/bash ../libtool  --tag=CC   --mode=link gcc  -O2 -g -fcommon -Wno-error=implicit-function-declaration -Wno-error=incompatible-pointer-types   -o libcvar-triangular.la -rpath /home/oy/iCAT/tools/filebench-local/install/share/filebench/cvars cvar-triangular.lo mtwist/mtwist.lo mtwist/randistrs.lo cvar_tokens.lo  -ldl -lpthread -lm -lrt 
/bin/bash ../libtool  --tag=CC   --mode=link gcc  -O2 -g -fcommon -Wno-error=implicit-function-declaration -Wno-error=incompatible-pointer-types   -o libcvar-uniform.la -rpath /home/oy/iCAT/tools/filebench-local/install/share/filebench/cvars cvar-uniform.lo mtwist/mtwist.lo mtwist/randistrs.lo cvar_tokens.lo  -ldl -lpthread -lm -lrt 
/bin/bash ../libtool  --tag=CC   --mode=link gcc  -O2 -g -fcommon -Wno-error=implicit-function-declaration -Wno-error=incompatible-pointer-types   -o libcvar-weibull.la -rpath /home/oy/iCAT/tools/filebench-local/install/share/filebench/cvars cvar-weibull.lo mtwist/mtwist.lo mtwist/randistrs.lo cvar_tokens.lo  -ldl -lpthread -lm -lrt 
/bin/bash ../libtool  --tag=CC   --mode=link gcc  -O2 -g -fcommon -Wno-error=implicit-function-declaration -Wno-error=incompatible-pointer-types   -o libcvar-gamma.la -rpath /home/oy/iCAT/tools/filebench-local/install/share/filebench/cvars cvar-gamma.lo mtwist/mtwist.lo mtwist/randistrs.lo cvar_tokens.lo  -ldl -lpthread -lm -lrt 
libtool: link: gcc -shared  -fPIC -DPIC  .libs/cvar-triangular.o mtwist/.libs/mtwist.o mtwist/.libs/randistrs.o .libs/cvar_tokens.o   -ldl -lpthread -lm -lrt  -O2 -g   -Wl,-soname -Wl,libcvar-triangular.so.0 -o .libs/libcvar-triangular.so.0.0.0
libtool: link: gcc -shared  -fPIC -DPIC  .libs/cvar-gamma.o mtwist/.libs/mtwist.o mtwist/.libs/randistrs.o .libs/cvar_tokens.o   -ldl -lpthread -lm -lrt  -O2 -g   -Wl,-soname -Wl,libcvar-gamma.so.0 -o .libs/libcvar-gamma.so.0.0.0
libtool: link: gcc -shared  -fPIC -DPIC  .libs/cvar-uniform.o mtwist/.libs/mtwist.o mtwist/.libs/randistrs.o .libs/cvar_tokens.o   -ldl -lpthread -lm -lrt  -O2 -g   -Wl,-soname -Wl,libcvar-uniform.so.0 -o .libs/libcvar-uniform.so.0.0.0
libtool: link: gcc -shared  -fPIC -DPIC  .libs/cvar-weibull.o mtwist/.libs/mtwist.o mtwist/.libs/randistrs.o .libs/cvar_tokens.o   -ldl -lpthread -lm -lrt  -O2 -g   -Wl,-soname -Wl,libcvar-weibull.so.0 -o .libs/libcvar-weibull.so.0.0.0
libtool: link: (cd ".libs" && rm -f "libcvar-triangular.so.0" && ln -s "libcvar-triangular.so.0.0.0" "libcvar-triangular.so.0")
libtool: link: (cd ".libs" && rm -f "libcvar-triangular.so" && ln -s "libcvar-triangular.so.0.0.0" "libcvar-triangular.so")
libtool: link: ar cru .libs/libcvar-triangular.a  cvar-triangular.o mtwist/mtwist.o mtwist/randistrs.o cvar_tokens.o
ar: `u' modifier ignored since `D' is the default (see `U')
libtool: link: (cd ".libs" && rm -f "libcvar-gamma.so.0" && ln -s "libcvar-gamma.so.0.0.0" "libcvar-gamma.so.0")
libtool: link: (cd ".libs" && rm -f "libcvar-weibull.so.0" && ln -s "libcvar-weibull.so.0.0.0" "libcvar-weibull.so.0")
libtool: link: (cd ".libs" && rm -f "libcvar-gamma.so" && ln -s "libcvar-gamma.so.0.0.0" "libcvar-gamma.so")
libtool: link: (cd ".libs" && rm -f "libcvar-weibull.so" && ln -s "libcvar-weibull.so.0.0.0" "libcvar-weibull.so")
libtool: link: (cd ".libs" && rm -f "libcvar-uniform.so.0" && ln -s "libcvar-uniform.so.0.0.0" "libcvar-uniform.so.0")
libtool: link: ar cru .libs/libcvar-gamma.a  cvar-gamma.o mtwist/mtwist.o mtwist/randistrs.o cvar_tokens.o
ar: `u' modifier ignored since `D' is the default (see `U')
libtool: link: (cd ".libs" && rm -f "libcvar-uniform.so" && ln -s "libcvar-uniform.so.0.0.0" "libcvar-uniform.so")
libtool: link: ar cru .libs/libcvar-weibull.a  cvar-weibull.o mtwist/mtwist.o mtwist/randistrs.o cvar_tokens.o
libtool: link: ranlib .libs/libcvar-triangular.a
ar: `u' modifier ignored since `D' is the default (see `U')
libtool: link: ar cru .libs/libcvar-uniform.a  cvar-uniform.o mtwist/mtwist.o mtwist/randistrs.o cvar_tokens.o
ar: `u' modifier ignored since `D' is the default (see `U')
libtool: link: ranlib .libs/libcvar-gamma.a
libtool: link: ranlib .libs/libcvar-weibull.a
libtool: link: ranlib .libs/libcvar-uniform.a
libtool: link: ( cd ".libs" && rm -f "libcvar-triangular.la" && ln -s "../libcvar-triangular.la" "libcvar-triangular.la" )
libtool: link: ( cd ".libs" && rm -f "libcvar-gamma.la" && ln -s "../libcvar-gamma.la" "libcvar-gamma.la" )
libtool: link: ( cd ".libs" && rm -f "libcvar-weibull.la" && ln -s "../libcvar-weibull.la" "libcvar-weibull.la" )
libtool: link: ( cd ".libs" && rm -f "libcvar-uniform.la" && ln -s "../libcvar-uniform.la" "libcvar-uniform.la" )
make[2]: Leaving directory '/home/oy/iCAT/tools/filebench-local/cvars'
make[2]: Entering directory '/home/oy/iCAT/tools/filebench-local'
depbase=`echo eventgen.o | sed 's|[^/]*$|.deps/&|;s|\.o$||'`;\
gcc -D_REENTRANT -DYYDEBUG -DYY_NO_INPUT -DFBDATADIR=\"/home/oy/iCAT/tools/filebench-local/install/share/filebench\" -D_LARGEFILE64_SOURCE -D_GNU_SOURCE -I. -I./filebench-1.5-alpha3    -Wall -Wno-unknown-pragmas -O2 -g -fcommon -Wno-error=implicit-function-declaration -Wno-error=incompatible-pointer-types -MT eventgen.o -MD -MP -MF $depbase.Tpo -c -o eventgen.o ./filebench-1.5-alpha3/eventgen.c &&\
mv -f $depbase.Tpo $depbase.Po
depbase=`echo fb_avl.o | sed 's|[^/]*$|.deps/&|;s|\.o$||'`;\
gcc -D_REENTRANT -DYYDEBUG -DYY_NO_INPUT -DFBDATADIR=\"/home/oy/iCAT/tools/filebench-local/install/share/filebench\" -D_LARGEFILE64_SOURCE -D_GNU_SOURCE -I. -I./filebench-1.5-alpha3    -Wall -Wno-unknown-pragmas -O2 -g -fcommon -Wno-error=implicit-function-declaration -Wno-error=incompatible-pointer-types -MT fb_avl.o -MD -MP -MF $depbase.Tpo -c -o fb_avl.o ./filebench-1.5-alpha3/fb_avl.c &&\
mv -f $depbase.Tpo $depbase.Po
depbase=`echo fb_localfs.o | sed 's|[^/]*$|.deps/&|;s|\.o$||'`;\
gcc -D_REENTRANT -DYYDEBUG -DYY_NO_INPUT -DFBDATADIR=\"/home/oy/iCAT/tools/filebench-local/install/share/filebench\" -D_LARGEFILE64_SOURCE -D_GNU_SOURCE -I. -I./filebench-1.5-alpha3    -Wall -Wno-unknown-pragmas -O2 -g -fcommon -Wno-error=implicit-function-declaration -Wno-error=incompatible-pointer-types -MT fb_localfs.o -MD -MP -MF $depbase.Tpo -c -o fb_localfs.o ./filebench-1.5-alpha3/fb_localfs.c &&\
mv -f $depbase.Tpo $depbase.Po
depbase=`echo fb_random.o | sed 's|[^/]*$|.deps/&|;s|\.o$||'`;\
gcc -D_REENTRANT -DYYDEBUG -DYY_NO_INPUT -DFBDATADIR=\"/home/oy/iCAT/tools/filebench-local/install/share/filebench\" -D_LARGEFILE64_SOURCE -D_GNU_SOURCE -I. -I./filebench-1.5-alpha3    -Wall -Wno-unknown-pragmas -O2 -g -fcommon -Wno-error=implicit-function-declaration -Wno-error=incompatible-pointer-types -MT fb_random.o -MD -MP -MF $depbase.Tpo -c -o fb_random.o ./filebench-1.5-alpha3/fb_random.c &&\
mv -f $depbase.Tpo $depbase.Po
depbase=`echo fileset.o | sed 's|[^/]*$|.deps/&|;s|\.o$||'`;\
gcc -D_REENTRANT -DYYDEBUG -DYY_NO_INPUT -DFBDATADIR=\"/home/oy/iCAT/tools/filebench-local/install/share/filebench\" -D_LARGEFILE64_SOURCE -D_GNU_SOURCE -I. -I./filebench-1.5-alpha3    -Wall -Wno-unknown-pragmas -O2 -g -fcommon -Wno-error=implicit-function-declaration -Wno-error=incompatible-pointer-types -MT fileset.o -MD -MP -MF $depbase.Tpo -c -o fileset.o ./filebench-1.5-alpha3/fileset.c &&\
mv -f $depbase.Tpo $depbase.Po
depbase=`echo flowop.o | sed 's|[^/]*$|.deps/&|;s|\.o$||'`;\
gcc -D_REENTRANT -DYYDEBUG -DYY_NO_INPUT -DFBDATADIR=\"/home/oy/iCAT/tools/filebench-local/install/share/filebench\" -D_LARGEFILE64_SOURCE -D_GNU_SOURCE -I. -I./filebench-1.5-alpha3    -Wall -Wno-unknown-pragmas -O2 -g -fcommon -Wno-error=implicit-function-declaration -Wno-error=incompatible-pointer-types -MT flowop.o -MD -MP -MF $depbase.Tpo -c -o flowop.o ./filebench-1.5-alpha3/flowop.c &&\
mv -f $depbase.Tpo $depbase.Po
depbase=`echo flowop_library.o | sed 's|[^/]*$|.deps/&|;s|\.o$||'`;\
gcc -D_REENTRANT -DYYDEBUG -DYY_NO_INPUT -DFBDATADIR=\"/home/oy/iCAT/tools/filebench-local/install/share/filebench\" -D_LARGEFILE64_SOURCE -D_GNU_SOURCE -I. -I./filebench-1.5-alpha3    -Wall -Wno-unknown-pragmas -O2 -g -fcommon -Wno-error=implicit-function-declaration -Wno-error=incompatible-pointer-types -MT flowop_library.o -MD -MP -MF $depbase.Tpo -c -o flowop_library.o ./filebench-1.5-alpha3/flowop_library.c &&\
mv -f $depbase.Tpo $depbase.Po
depbase=`echo gamma_dist.o | sed 's|[^/]*$|.deps/&|;s|\.o$||'`;\
gcc -D_REENTRANT -DYYDEBUG -DYY_NO_INPUT -DFBDATADIR=\"/home/oy/iCAT/tools/filebench-local/install/share/filebench\" -D_LARGEFILE64_SOURCE -D_GNU_SOURCE -I. -I./filebench-1.5-alpha3    -Wall -Wno-unknown-pragmas -O2 -g -fcommon -Wno-error=implicit-function-declaration -Wno-error=incompatible-pointer-types -MT gamma_dist.o -MD -MP -MF $depbase.Tpo -c -o gamma_dist.o ./filebench-1.5-alpha3/gamma_dist.c &&\
mv -f $depbase.Tpo $depbase.Po
depbase=`echo ipc.o | sed 's|[^/]*$|.deps/&|;s|\.o$||'`;\
gcc -D_REENTRANT -DYYDEBUG -DYY_NO_INPUT -DFBDATADIR=\"/home/oy/iCAT/tools/filebench-local/install/share/filebench\" -D_LARGEFILE64_SOURCE -D_GNU_SOURCE -I. -I./filebench-1.5-alpha3    -Wall -Wno-unknown-pragmas -O2 -g -fcommon -Wno-error=implicit-function-declaration -Wno-error=incompatible-pointer-types -MT ipc.o -MD -MP -MF $depbase.Tpo -c -o ipc.o ./filebench-1.5-alpha3/ipc.c &&\
mv -f $depbase.Tpo $depbase.Po
depbase=`echo misc.o | sed 's|[^/]*$|.deps/&|;s|\.o$||'`;\
gcc -D_REENTRANT -DYYDEBUG -DYY_NO_INPUT -DFBDATADIR=\"/home/oy/iCAT/tools/filebench-local/install/share/filebench\" -D_LARGEFILE64_SOURCE -D_GNU_SOURCE -I. -I./filebench-1.5-alpha3    -Wall -Wno-unknown-pragmas -O2 -g -fcommon -Wno-error=implicit-function-declaration -Wno-error=incompatible-pointer-types -MT misc.o -MD -MP -MF $depbase.Tpo -c -o misc.o ./filebench-1.5-alpha3/misc.c &&\
mv -f $depbase.Tpo $depbase.Po
./filebench-1.5-alpha3/ipc.c: In function ‘preallocated_entries’:
./filebench-1.5-alpha3/ipc.c:464:49: warning: expression does not compute the number of elements in this array; element type is ‘struct avd’, not ‘avd_t’ {aka ‘struct avd *’} [-Wsizeof-array-div]
  464 |                                                 / sizeof(avd_t);
      |                                                 ^
./filebench-1.5-alpha3/ipc.c:464:49: note: add parentheses around the second ‘sizeof’ to silence this warning
./filebench-1.5-alpha3/misc.c: In function ‘filebench_log’:
./filebench-1.5-alpha3/misc.c:139:65: warning: ‘__builtin___snprintf_chk’ output may be truncated before the last format character [-Wformat-truncation=]
  139 |                         (void) snprintf(buf, sizeof (buf), "%s\n", line);
      |                                                                 ^
In file included from /usr/include/stdio.h:980,
                 from ./filebench-1.5-alpha3/misc.c:26:
In function ‘snprintf’,
    inlined from ‘filebench_log’ at ./filebench-1.5-alpha3/misc.c:139:11:
/usr/include/x86_64-linux-gnu/bits/stdio2.h:54:10: note: ‘__builtin___snprintf_chk’ output between 2 and 131073 bytes into a destination of size 131072
   54 |   return __builtin___snprintf_chk (__s, __n, __USE_FORTIFY_LEVEL - 1,
      |          ^~~~~~~~~~~~~~~~~~~~~~~~~~~~~~~~~~~~~~~~~~~~~~~~~~~~~~~~~~~~
   55 |                                    __glibc_objsize (__s), __fmt,
      |                                    ~~~~~~~~~~~~~~~~~~~~~~~~~~~~~
   56 |                                    __va_arg_pack ());
      |                                    ~~~~~~~~~~~~~~~~~
depbase=`echo multi_client_sync.o | sed 's|[^/]*$|.deps/&|;s|\.o$||'`;\
gcc -D_REENTRANT -DYYDEBUG -DYY_NO_INPUT -DFBDATADIR=\"/home/oy/iCAT/tools/filebench-local/install/share/filebench\" -D_LARGEFILE64_SOURCE -D_GNU_SOURCE -I. -I./filebench-1.5-alpha3    -Wall -Wno-unknown-pragmas -O2 -g -fcommon -Wno-error=implicit-function-declaration -Wno-error=incompatible-pointer-types -MT multi_client_sync.o -MD -MP -MF $depbase.Tpo -c -o multi_client_sync.o ./filebench-1.5-alpha3/multi_client_sync.c &&\
mv -f $depbase.Tpo $depbase.Po
./filebench-1.5-alpha3/multi_client_sync.c: In function ‘mc_sync_open_sock’:
./filebench-1.5-alpha3/multi_client_sync.c:52:16: warning: ‘__builtin_strncpy’ specified bound 128 equals destination size [-Wstringop-truncation]
   52 |         (void) strncpy(this_client_name, my_name, MCS_NAMELENGTH);
      |                ^
./filebench-1.5-alpha3/ipc.c: In function ‘ipc_stralloc’:
./filebench-1.5-alpha3/ipc.c:695:16: warning: ‘__builtin_strncpy’ output truncated before terminating nul copying as many bytes from a string as its length [-Wstringop-truncation]
  695 |         (void) strncpy(allocstr, string, strlen(string));
      |                ^
./filebench-1.5-alpha3/ipc.c:695:16: note: length computed here
  695 |         (void) strncpy(allocstr, string, strlen(string));
      |                ^~~~~~~~~~~~~~~~~~~~~~~~~~~~~~~~~~~~~~~~~
depbase=`echo parser_gram.o | sed 's|[^/]*$|.deps/&|;s|\.o$||'`;\
gcc -D_REENTRANT -DYYDEBUG -DYY_NO_INPUT -DFBDATADIR=\"/home/oy/iCAT/tools/filebench-local/install/share/filebench\" -D_LARGEFILE64_SOURCE -D_GNU_SOURCE -I. -I./filebench-1.5-alpha3    -Wall -Wno-unknown-pragmas -O2 -g -fcommon -Wno-error=implicit-function-declaration -Wno-error=incompatible-pointer-types -MT parser_gram.o -MD -MP -MF $depbase.Tpo -c -o parser_gram.o parser_gram.c &&\
mv -f $depbase.Tpo $depbase.Po
./filebench-1.5-alpha3/ipc.c: In function ‘ipc_pathalloc’:
./filebench-1.5-alpha3/ipc.c:724:16: warning: ‘__builtin_strncpy’ output truncated before terminating nul copying as many bytes from a string as its length [-Wstringop-truncation]
  724 |         (void) strncpy(allocpath, path, strlen(path));
      |                ^
./filebench-1.5-alpha3/ipc.c:724:16: note: length computed here
  724 |         (void) strncpy(allocpath, path, strlen(path));
      |                ^~~~~~~~~~~~~~~~~~~~~~~~~~~~~~~~~~~~~~
/bin/bash ./filebench-1.5-alpha3/ylwrap ./filebench-1.5-alpha3/parser_lex.l .c parser_lex.c -- flex  
depbase=`echo procflow.o | sed 's|[^/]*$|.deps/&|;s|\.o$||'`;\
gcc -D_REENTRANT -DYYDEBUG -DYY_NO_INPUT -DFBDATADIR=\"/home/oy/iCAT/tools/filebench-local/install/share/filebench\" -D_LARGEFILE64_SOURCE -D_GNU_SOURCE -I. -I./filebench-1.5-alpha3    -Wall -Wno-unknown-pragmas -O2 -g -fcommon -Wno-error=implicit-function-declaration -Wno-error=incompatible-pointer-types -MT procflow.o -MD -MP -MF $depbase.Tpo -c -o procflow.o ./filebench-1.5-alpha3/procflow.c &&\
mv -f $depbase.Tpo $depbase.Po
updating lex.yyparser_lex.c
depbase=`echo stats.o | sed 's|[^/]*$|.deps/&|;s|\.o$||'`;\
gcc -D_REENTRANT -DYYDEBUG -DYY_NO_INPUT -DFBDATADIR=\"/home/oy/iCAT/tools/filebench-local/install/share/filebench\" -D_LARGEFILE64_SOURCE -D_GNU_SOURCE -I. -I./filebench-1.5-alpha3    -Wall -Wno-unknown-pragmas -O2 -g -fcommon -Wno-error=implicit-function-declaration -Wno-error=incompatible-pointer-types -MT stats.o -MD -MP -MF $depbase.Tpo -c -o stats.o ./filebench-1.5-alpha3/stats.c &&\
mv -f $depbase.Tpo $depbase.Po
./filebench-1.5-alpha3/procflow.c: In function ‘procflow_createproc’:
./filebench-1.5-alpha3/procflow.c:107:17: warning: ‘sigignore’ is deprecated: Use the signal function instead [-Wdeprecated-declarations]
  107 |                 (void) sigignore(SIGINT);
      |                 ^
In file included from ./filebench-1.5-alpha3/procflow.c:28:
/usr/include/signal.h:363:12: note: declared here
  363 | extern int sigignore (int __sig) __THROW
      |            ^~~~~~~~~
depbase=`echo threadflow.o | sed 's|[^/]*$|.deps/&|;s|\.o$||'`;\
gcc -D_REENTRANT -DYYDEBUG -DYY_NO_INPUT -DFBDATADIR=\"/home/oy/iCAT/tools/filebench-local/install/share/filebench\" -D_LARGEFILE64_SOURCE -D_GNU_SOURCE -I. -I./filebench-1.5-alpha3    -Wall -Wno-unknown-pragmas -O2 -g -fcommon -Wno-error=implicit-function-declaration -Wno-error=incompatible-pointer-types -MT threadflow.o -MD -MP -MF $depbase.Tpo -c -o threadflow.o ./filebench-1.5-alpha3/threadflow.c &&\
mv -f $depbase.Tpo $depbase.Po
depbase=`echo utils.o | sed 's|[^/]*$|.deps/&|;s|\.o$||'`;\
gcc -D_REENTRANT -DYYDEBUG -DYY_NO_INPUT -DFBDATADIR=\"/home/oy/iCAT/tools/filebench-local/install/share/filebench\" -D_LARGEFILE64_SOURCE -D_GNU_SOURCE -I. -I./filebench-1.5-alpha3    -Wall -Wno-unknown-pragmas -O2 -g -fcommon -Wno-error=implicit-function-declaration -Wno-error=incompatible-pointer-types -MT utils.o -MD -MP -MF $depbase.Tpo -c -o utils.o ./filebench-1.5-alpha3/utils.c &&\
mv -f $depbase.Tpo $depbase.Po
depbase=`echo vars.o | sed 's|[^/]*$|.deps/&|;s|\.o$||'`;\
gcc -D_REENTRANT -DYYDEBUG -DYY_NO_INPUT -DFBDATADIR=\"/home/oy/iCAT/tools/filebench-local/install/share/filebench\" -D_LARGEFILE64_SOURCE -D_GNU_SOURCE -I. -I./filebench-1.5-alpha3    -Wall -Wno-unknown-pragmas -O2 -g -fcommon -Wno-error=implicit-function-declaration -Wno-error=incompatible-pointer-types -MT vars.o -MD -MP -MF $depbase.Tpo -c -o vars.o ./filebench-1.5-alpha3/vars.c &&\
mv -f $depbase.Tpo $depbase.Po
depbase=`echo ioprio.o | sed 's|[^/]*$|.deps/&|;s|\.o$||'`;\
gcc -D_REENTRANT -DYYDEBUG -DYY_NO_INPUT -DFBDATADIR=\"/home/oy/iCAT/tools/filebench-local/install/share/filebench\" -D_LARGEFILE64_SOURCE -D_GNU_SOURCE -I. -I./filebench-1.5-alpha3    -Wall -Wno-unknown-pragmas -O2 -g -fcommon -Wno-error=implicit-function-declaration -Wno-error=incompatible-pointer-types -MT ioprio.o -MD -MP -MF $depbase.Tpo -c -o ioprio.o ./filebench-1.5-alpha3/ioprio.c &&\
mv -f $depbase.Tpo $depbase.Po
depbase=`echo fbtime.o | sed 's|[^/]*$|.deps/&|;s|\.o$||'`;\
gcc -D_REENTRANT -DYYDEBUG -DYY_NO_INPUT -DFBDATADIR=\"/home/oy/iCAT/tools/filebench-local/install/share/filebench\" -D_LARGEFILE64_SOURCE -D_GNU_SOURCE -I. -I./filebench-1.5-alpha3    -Wall -Wno-unknown-pragmas -O2 -g -fcommon -Wno-error=implicit-function-declaration -Wno-error=incompatible-pointer-types -MT fbtime.o -MD -MP -MF $depbase.Tpo -c -o fbtime.o ./filebench-1.5-alpha3/fbtime.c &&\
mv -f $depbase.Tpo $depbase.Po
depbase=`echo fb_cvar.o | sed 's|[^/]*$|.deps/&|;s|\.o$||'`;\
gcc -D_REENTRANT -DYYDEBUG -DYY_NO_INPUT -DFBDATADIR=\"/home/oy/iCAT/tools/filebench-local/install/share/filebench\" -D_LARGEFILE64_SOURCE -D_GNU_SOURCE -I. -I./filebench-1.5-alpha3    -Wall -Wno-unknown-pragmas -O2 -g -fcommon -Wno-error=implicit-function-declaration -Wno-error=incompatible-pointer-types -MT fb_cvar.o -MD -MP -MF $depbase.Tpo -c -o fb_cvar.o ./filebench-1.5-alpha3/fb_cvar.c &&\
mv -f $depbase.Tpo $depbase.Po
depbase=`echo aslr.o | sed 's|[^/]*$|.deps/&|;s|\.o$||'`;\
gcc -D_REENTRANT -DYYDEBUG -DYY_NO_INPUT -DFBDATADIR=\"/home/oy/iCAT/tools/filebench-local/install/share/filebench\" -D_LARGEFILE64_SOURCE -D_GNU_SOURCE -I. -I./filebench-1.5-alpha3    -Wall -Wno-unknown-pragmas -O2 -g -fcommon -Wno-error=implicit-function-declaration -Wno-error=incompatible-pointer-types -MT aslr.o -MD -MP -MF $depbase.Tpo -c -o aslr.o ./filebench-1.5-alpha3/aslr.c &&\
mv -f $depbase.Tpo $depbase.Po
depbase=`echo parser_lex.o | sed 's|[^/]*$|.deps/&|;s|\.o$||'`;\
gcc -D_REENTRANT -DYYDEBUG -DYY_NO_INPUT -DFBDATADIR=\"/home/oy/iCAT/tools/filebench-local/install/share/filebench\" -D_LARGEFILE64_SOURCE -D_GNU_SOURCE -I. -I./filebench-1.5-alpha3    -Wall -Wno-unknown-pragmas -O2 -g -fcommon -Wno-error=implicit-function-declaration -Wno-error=incompatible-pointer-types -MT parser_lex.o -MD -MP -MF $depbase.Tpo -c -o parser_lex.o parser_lex.c &&\
mv -f $depbase.Tpo $depbase.Po
cc1: fatal error: parser_lex.c: No such file or directory
compilation terminated.
make[2]: *** [Makefile:562: parser_lex.o] Error 1
make[2]: *** Waiting for unfinished jobs....
./filebench-1.5-alpha3/parser_gram.y: In function ‘parser_abort’:
./filebench-1.5-alpha3/parser_gram.y:1564:9: warning: ‘sigignore’ is deprecated: Use the signal function instead [-Wdeprecated-declarations]
 1564 |         (void) sigignore(SIGINT);
      |         ^
In file included from ./filebench-1.5-alpha3/parser_gram.y:36:
/usr/include/signal.h:363:12: note: declared here
  363 | extern int sigignore (int __sig) __THROW
      |            ^~~~~~~~~
make[2]: Leaving directory '/home/oy/iCAT/tools/filebench-local'
make[1]: *** [Makefile:607: all-recursive] Error 1
make[1]: Leaving directory '/home/oy/iCAT/tools/filebench-local'
make: *** [Makefile:413: all] Error 2
