[328310.270435] measured-cat-06-382890
[328310.281511] NVMeVirt: Version 1.10 for >> Samsung 970 Pro SSD <<
[328310.281522] NVMeVirt: Storage: 0x100100000-0x300000000 (8191 MiB)
[328310.292777] NVMeVirt: Total Capacity(GiB,MiB)=2,2048 chs=2 luns=4 lines=8192 blk-size(MiB,KiB)=0,64 line-size(MiB,KiB)=0,256
[328310.302984] NVMeVirt: [chmodel_init] bandwidth 800 max_credits 26 tx_time 152
[328310.313196] NVMeVirt: [chmodel_init] bandwidth 800 max_credits 26 tx_time 152
[328310.313211] NVMeVirt: [chmodel_init] bandwidth 3360 max_credits 110 tx_time 36
[328310.314144] NVMeVirt: pqueue: Copyright (c) 2014, Volkan Yazıcı <volkan.yazici@gmail.com>. All rights reserved.
[328310.314187] NVMeVirt: Init FTL instance with 2 channels (524288 pages)
[328310.314189] NVMeVirt: GC victim policy: cat-fig7 scale_pct=200 age_ratio=7
[328310.324770] NVMeVirt: [chmodel_init] bandwidth 800 max_credits 26 tx_time 152
[328310.334959] NVMeVirt: [chmodel_init] bandwidth 800 max_credits 26 tx_time 152
[328310.334974] NVMeVirt: [chmodel_init] bandwidth 3360 max_credits 110 tx_time 36
[328310.335950] NVMeVirt: Init FTL instance with 2 channels (524288 pages)
[328310.335954] NVMeVirt: GC victim policy: cat-fig7 scale_pct=200 age_ratio=7
[328310.346293] NVMeVirt: [chmodel_init] bandwidth 800 max_credits 26 tx_time 152
[328310.357061] NVMeVirt: [chmodel_init] bandwidth 800 max_credits 26 tx_time 152
[328310.357076] NVMeVirt: [chmodel_init] bandwidth 3360 max_credits 110 tx_time 36
[328310.358200] NVMeVirt: Init FTL instance with 2 channels (524288 pages)
[328310.358204] NVMeVirt: GC victim policy: cat-fig7 scale_pct=200 age_ratio=7
[328310.368967] NVMeVirt: [chmodel_init] bandwidth 800 max_credits 26 tx_time 152
[328310.379312] NVMeVirt: [chmodel_init] bandwidth 800 max_credits 26 tx_time 152
[328310.379326] NVMeVirt: [chmodel_init] bandwidth 3360 max_credits 110 tx_time 36
[328310.380280] NVMeVirt: Init FTL instance with 2 channels (524288 pages)
[328310.380284] NVMeVirt: GC victim policy: cat-fig7 scale_pct=200 age_ratio=7
[328310.380289] NVMeVirt: FTL physical space: 8588886016, logical space: 8026996276 (physical/logical * 100 = 107)
[328310.380291] NVMeVirt: ns 0/1: size 7655 MiB
[328310.380340] PCI host bridge to bus 0001:10
[328310.380343] pci_bus 0001:10: root bus resource [io  0x0000-0xffff]
[328310.380346] pci_bus 0001:10: root bus resource [mem 0x00000000-0x7fffffffff]
[328310.380348] pci_bus 0001:10: root bus resource [bus 00-ff]
[328310.380355] pci 0001:10:00.0: [0c51:0110] type 00 class 0x010802 PCIe Endpoint
[328310.380359] pci 0001:10:00.0: BAR 0 [mem 0x100000000-0x100003fff 64bit]
[328310.380362] pci 0001:10:00.0: enabling Extended Tags
[328310.380483] NVMeVirt: Virtual PCI bus created (node 0)
[328310.380985] NVMeVirt: Virtual NVMe device created
[328310.381026] NVMeVirt: nvmev_dispatcher started on cpu 1 (node 0)
[328310.381069] NVMeVirt: nvmev_io_worker_0 started on cpu 2 (node 0)
[328310.381217] nvme nvme0: pci function 0001:10:00.0
[328310.385294] nvme nvme0: 8/0/0 default/read/poll queues
[328310.457348] EXT4-fs (nvme0n1): mounted filesystem 13123001-44e0-476e-bbdb-f66ae27d5cff r/w with ordered data mode. Quota mode: none.
[328392.470314] NVMeVirt: Measurement: command=start epoch=1 host_bytes=0 host_pages=0 gc_pages=0
[328418.945364] NVMeVirt: GC window: seq=0 host_pages=262144 gc_pages=221395 WAF=1.844 cum_host=262144 cum_gc=221395
[328445.158296] NVMeVirt: GC window: seq=1 host_pages=262144 gc_pages=232617 WAF=1.887 cum_host=524288 cum_gc=454012
[328471.371221] NVMeVirt: GC window: seq=2 host_pages=262144 gc_pages=220389 WAF=1.840 cum_host=786432 cum_gc=674401
[328497.584017] NVMeVirt: GC window: seq=3 host_pages=262144 gc_pages=245587 WAF=1.936 cum_host=1048576 cum_gc=919988
[328523.796904] NVMeVirt: GC window: seq=4 host_pages=262144 gc_pages=238743 WAF=1.910 cum_host=1310720 cum_gc=1158731
[328550.009724] NVMeVirt: GC window: seq=5 host_pages=262144 gc_pages=199565 WAF=1.761 cum_host=1572864 cum_gc=1358296
[328576.222655] NVMeVirt: GC window: seq=6 host_pages=262144 gc_pages=227925 WAF=1.869 cum_host=1835008 cum_gc=1586221
[328602.435601] NVMeVirt: GC window: seq=7 host_pages=262144 gc_pages=249273 WAF=1.950 cum_host=2097152 cum_gc=1835494
[328628.648376] NVMeVirt: GC window: seq=8 host_pages=262144 gc_pages=226891 WAF=1.865 cum_host=2359296 cum_gc=2062385
[328654.861262] NVMeVirt: GC window: seq=9 host_pages=262144 gc_pages=224771 WAF=1.857 cum_host=2621440 cum_gc=2287156
[328681.074086] NVMeVirt: GC window: seq=10 host_pages=262144 gc_pages=195458 WAF=1.745 cum_host=2883584 cum_gc=2482614
[328707.287005] NVMeVirt: GC window: seq=11 host_pages=262144 gc_pages=237262 WAF=1.905 cum_host=3145728 cum_gc=2719876
[328733.499969] NVMeVirt: GC window: seq=12 host_pages=262144 gc_pages=261669 WAF=1.998 cum_host=3407872 cum_gc=2981545
[328759.712736] NVMeVirt: GC window: seq=13 host_pages=262144 gc_pages=240382 WAF=1.916 cum_host=3670016 cum_gc=3221927
[328785.925621] NVMeVirt: GC window: seq=14 host_pages=262144 gc_pages=231853 WAF=1.884 cum_host=3932160 cum_gc=3453780
[328812.138451] NVMeVirt: GC window: seq=15 host_pages=262144 gc_pages=208669 WAF=1.796 cum_host=4194304 cum_gc=3662449
[328838.351377] NVMeVirt: GC window: seq=16 host_pages=262144 gc_pages=253897 WAF=1.968 cum_host=4456448 cum_gc=3916346
[328864.564315] NVMeVirt: GC window: seq=17 host_pages=262144 gc_pages=262373 WAF=2.000 cum_host=4718592 cum_gc=4178719
[328890.777096] NVMeVirt: GC window: seq=18 host_pages=262144 gc_pages=239381 WAF=1.913 cum_host=4980736 cum_gc=4418100
[328916.989987] NVMeVirt: GC window: seq=19 host_pages=262144 gc_pages=229301 WAF=1.874 cum_host=5242880 cum_gc=4647401
[328943.202806] NVMeVirt: GC window: seq=20 host_pages=262144 gc_pages=201878 WAF=1.770 cum_host=5505024 cum_gc=4849279
[328969.415723] NVMeVirt: GC window: seq=21 host_pages=262144 gc_pages=243766 WAF=1.929 cum_host=5767168 cum_gc=5093045
[328992.780828] NVMeVirt: Measurement: command=stop epoch=1 host_bytes=24577699840 host_pages=6000415 gc_pages=5325566
[328992.812849] EXT4-fs (nvme0n1): unmounting filesystem 13123001-44e0-476e-bbdb-f66ae27d5cff.
[328992.875852] pci_bus 0001:10: busn_res: [bus 10-ff] is released
[328992.875927] NVMeVirt: GC stats: policy=cat-fig7 age_mode=create host_pages=6000415 gc_pages=5325566 gc_count=176969 WAF=1.887 scale_pct=200 age_ratio=7
[328992.875933] NVMeVirt: GC victim hist: level=0 count=3
[328992.875934] NVMeVirt: GC victim hist: level=1 count=342
[328992.875936] NVMeVirt: GC victim hist: level=2 count=82923
[328992.875937] NVMeVirt: GC victim hist: level=3 count=15203
[328992.875939] NVMeVirt: GC victim hist: level=4 count=46021
[328992.875940] NVMeVirt: GC victim hist: level=5 count=27975
[328992.875941] NVMeVirt: GC victim hist: level=6 count=4502
[328992.875942] NVMeVirt: GC victim mean: victims=176969 vpc=30.09 age_ms=101003
[328992.933320] NVMeVirt: Virtual NVMe device closed
