[797132.944121] mix-mixQ-fixed47-4027996 BEGIN
[797132.957823] NVMeVirt: Version 1.10 for >> Samsung 970 Pro SSD <<
[797132.957828] NVMeVirt: Storage: 0x100100000-0x300000000 (8191 MiB)
[797132.970167] NVMeVirt: Total Capacity(GiB,MiB)=2,2048 chs=2 luns=4 lines=8192 blk-size(MiB,KiB)=0,64 line-size(MiB,KiB)=0,256
[797132.983775] NVMeVirt: [chmodel_init] bandwidth 800 max_credits 26 tx_time 152
[797132.994791] NVMeVirt: [chmodel_init] bandwidth 800 max_credits 26 tx_time 152
[797132.994806] NVMeVirt: [chmodel_init] bandwidth 3360 max_credits 110 tx_time 36
[797132.994808] NVMeVirt: Fixed CAT init ns=0 part=0 arm=47 k=10 scale_pct=25 age_ratio=16
[797132.995787] NVMeVirt: pqueue: Copyright (c) 2014, Volkan Yazıcı <volkan.yazici@gmail.com>. All rights reserved.
[797132.995834] NVMeVirt: Init FTL instance with 2 channels (524288 pages)
[797132.995836] NVMeVirt: GC victim policy: cat-fig7-fixed ns=0 part=0 initial_k=10 initial_scale_pct=25 initial_age_ratio=16 warmup_gc=100
[797133.007894] NVMeVirt: [chmodel_init] bandwidth 800 max_credits 26 tx_time 152
[797133.021683] NVMeVirt: [chmodel_init] bandwidth 800 max_credits 26 tx_time 152
[797133.021697] NVMeVirt: [chmodel_init] bandwidth 3360 max_credits 110 tx_time 36
[797133.021699] NVMeVirt: Fixed CAT init ns=0 part=1 arm=47 k=10 scale_pct=25 age_ratio=16
[797133.022627] NVMeVirt: Init FTL instance with 2 channels (524288 pages)
[797133.022630] NVMeVirt: GC victim policy: cat-fig7-fixed ns=0 part=1 initial_k=10 initial_scale_pct=25 initial_age_ratio=16 warmup_gc=100
[797133.033507] NVMeVirt: [chmodel_init] bandwidth 800 max_credits 26 tx_time 152
[797133.043783] NVMeVirt: [chmodel_init] bandwidth 800 max_credits 26 tx_time 152
[797133.043804] NVMeVirt: [chmodel_init] bandwidth 3360 max_credits 110 tx_time 36
[797133.043807] NVMeVirt: Fixed CAT init ns=0 part=2 arm=47 k=10 scale_pct=25 age_ratio=16
[797133.045104] NVMeVirt: Init FTL instance with 2 channels (524288 pages)
[797133.045108] NVMeVirt: GC victim policy: cat-fig7-fixed ns=0 part=2 initial_k=10 initial_scale_pct=25 initial_age_ratio=16 warmup_gc=100
[797133.055883] NVMeVirt: [chmodel_init] bandwidth 800 max_credits 26 tx_time 152
[797133.065840] NVMeVirt: [chmodel_init] bandwidth 800 max_credits 26 tx_time 152
[797133.065853] NVMeVirt: [chmodel_init] bandwidth 3360 max_credits 110 tx_time 36
[797133.065856] NVMeVirt: Fixed CAT init ns=0 part=3 arm=47 k=10 scale_pct=25 age_ratio=16
[797133.066870] NVMeVirt: Init FTL instance with 2 channels (524288 pages)
[797133.066873] NVMeVirt: GC victim policy: cat-fig7-fixed ns=0 part=3 initial_k=10 initial_scale_pct=25 initial_age_ratio=16 warmup_gc=100
[797133.066879] NVMeVirt: FTL physical space: 8588886016, logical space: 8026996276 (physical/logical * 100 = 107)
[797133.066881] NVMeVirt: ns 0/1: size 7655 MiB
[797133.066931] PCI host bridge to bus 0001:10
[797133.066933] pci_bus 0001:10: root bus resource [io  0x0000-0xffff]
[797133.066936] pci_bus 0001:10: root bus resource [mem 0x00000000-0x7fffffffff]
[797133.066952] pci_bus 0001:10: root bus resource [bus 00-ff]
[797133.066960] pci 0001:10:00.0: [0c51:0110] type 00 class 0x010802 PCIe Endpoint
[797133.066964] pci 0001:10:00.0: BAR 0 [mem 0x100000000-0x100003fff 64bit]
[797133.066966] pci 0001:10:00.0: enabling Extended Tags
[797133.067119] NVMeVirt: Virtual PCI bus created (node 0)
[797133.067454] NVMeVirt: Virtual NVMe device created
[797133.067536] NVMeVirt: nvmev_dispatcher started on cpu 1 (node 0)
[797133.067537] NVMeVirt: nvmev_io_worker_0 started on cpu 2 (node 0)
[797133.067795] nvme nvme0: pci function 0001:10:00.0
[797133.071874] nvme nvme0: 8/0/0 default/read/poll queues
[797133.148255] EXT4-fs (nvme0n1): mounted filesystem b73b4f7e-42f1-4a68-9f40-ac71b1861c78 r/w with ordered data mode. Quota mode: none.
[797215.191632] NVMeVirt: Fixed CAT init ns=0 part=0 arm=47 k=10 scale_pct=25 age_ratio=16
[797215.191637] NVMeVirt: Fixed CAT init ns=0 part=1 arm=47 k=10 scale_pct=25 age_ratio=16
[797215.191639] NVMeVirt: Fixed CAT init ns=0 part=2 arm=47 k=10 scale_pct=25 age_ratio=16
[797215.191641] NVMeVirt: Fixed CAT init ns=0 part=3 arm=47 k=10 scale_pct=25 age_ratio=16
[797215.191642] NVMeVirt: Measurement: command=start epoch=1 host_bytes=0 learner_active=1
[797215.199572] mix-mixQ-fixed47-4027996 phase=A START
[797515.516751] mix-mixQ-fixed47-4027996 phase=A END
[797515.525000] mix-mixQ-fixed47-4027996 phase=B START idle=300
[797815.543783] mix-mixQ-fixed47-4027996 phase=B END
[797815.551027] mix-mixQ-fixed47-4027996 phase=C START
[798115.870157] mix-mixQ-fixed47-4027996 phase=C END
[798115.873392] NVMeVirt: Measurement: command=stop epoch=1 host_bytes=98401116160 learner_active=0
[798115.938144] EXT4-fs (nvme0n1): unmounting filesystem b73b4f7e-42f1-4a68-9f40-ac71b1861c78.
[798116.000688] pci_bus 0001:10: busn_res: [bus 10-ff] is released
[798116.000821] NVMeVirt: GC stats: ns=0 policy=cat-fig7-fixed host_pages=24023710 gc_pages=17550906 gc_count=649604 WAF=1.730 warmup_gc=100-per-part
[798116.078018] NVMeVirt: Virtual NVMe device closed
