[880314.970487] mix-mixQ-fixed47-4165459 BEGIN
[880314.982260] NVMeVirt: Version 1.10 for >> Samsung 970 Pro SSD <<
[880314.982267] NVMeVirt: Storage: 0x100100000-0x300000000 (8191 MiB)
[880314.993993] NVMeVirt: Total Capacity(GiB,MiB)=2,2048 chs=2 luns=4 lines=8192 blk-size(MiB,KiB)=0,64 line-size(MiB,KiB)=0,256
[880315.007413] NVMeVirt: [chmodel_init] bandwidth 800 max_credits 26 tx_time 152
[880315.019904] NVMeVirt: [chmodel_init] bandwidth 800 max_credits 26 tx_time 152
[880315.019919] NVMeVirt: [chmodel_init] bandwidth 3360 max_credits 110 tx_time 36
[880315.019921] NVMeVirt: Fixed CAT init ns=0 part=0 arm=47 k=10 scale_pct=25 age_ratio=16
[880315.020898] NVMeVirt: pqueue: Copyright (c) 2014, Volkan Yazıcı <volkan.yazici@gmail.com>. All rights reserved.
[880315.020934] NVMeVirt: Init FTL instance with 2 channels (524288 pages)
[880315.020936] NVMeVirt: GC victim policy: cat-fig7-fixed ns=0 part=0 initial_k=10 initial_scale_pct=25 initial_age_ratio=16 warmup_gc=100
[880315.033104] NVMeVirt: [chmodel_init] bandwidth 800 max_credits 26 tx_time 152
[880315.044639] NVMeVirt: [chmodel_init] bandwidth 800 max_credits 26 tx_time 152
[880315.044654] NVMeVirt: [chmodel_init] bandwidth 3360 max_credits 110 tx_time 36
[880315.044656] NVMeVirt: Fixed CAT init ns=0 part=1 arm=47 k=10 scale_pct=25 age_ratio=16
[880315.045716] NVMeVirt: Init FTL instance with 2 channels (524288 pages)
[880315.045719] NVMeVirt: GC victim policy: cat-fig7-fixed ns=0 part=1 initial_k=10 initial_scale_pct=25 initial_age_ratio=16 warmup_gc=100
[880315.059347] NVMeVirt: [chmodel_init] bandwidth 800 max_credits 26 tx_time 152
[880315.070979] NVMeVirt: [chmodel_init] bandwidth 800 max_credits 26 tx_time 152
[880315.070995] NVMeVirt: [chmodel_init] bandwidth 3360 max_credits 110 tx_time 36
[880315.070997] NVMeVirt: Fixed CAT init ns=0 part=2 arm=47 k=10 scale_pct=25 age_ratio=16
[880315.072117] NVMeVirt: Init FTL instance with 2 channels (524288 pages)
[880315.072121] NVMeVirt: GC victim policy: cat-fig7-fixed ns=0 part=2 initial_k=10 initial_scale_pct=25 initial_age_ratio=16 warmup_gc=100
[880315.082915] NVMeVirt: [chmodel_init] bandwidth 800 max_credits 26 tx_time 152
[880315.093591] NVMeVirt: [chmodel_init] bandwidth 800 max_credits 26 tx_time 152
[880315.093604] NVMeVirt: [chmodel_init] bandwidth 3360 max_credits 110 tx_time 36
[880315.093606] NVMeVirt: Fixed CAT init ns=0 part=3 arm=47 k=10 scale_pct=25 age_ratio=16
[880315.094685] NVMeVirt: Init FTL instance with 2 channels (524288 pages)
[880315.094688] NVMeVirt: GC victim policy: cat-fig7-fixed ns=0 part=3 initial_k=10 initial_scale_pct=25 initial_age_ratio=16 warmup_gc=100
[880315.094694] NVMeVirt: FTL physical space: 8588886016, logical space: 8026996276 (physical/logical * 100 = 107)
[880315.094696] NVMeVirt: ns 0/1: size 7655 MiB
[880315.094745] PCI host bridge to bus 0001:10
[880315.094748] pci_bus 0001:10: root bus resource [io  0x0000-0xffff]
[880315.094751] pci_bus 0001:10: root bus resource [mem 0x00000000-0x7fffffffff]
[880315.094754] pci_bus 0001:10: root bus resource [bus 00-ff]
[880315.094763] pci 0001:10:00.0: [0c51:0110] type 00 class 0x010802 PCIe Endpoint
[880315.094768] pci 0001:10:00.0: BAR 0 [mem 0x100000000-0x100003fff 64bit]
[880315.094772] pci 0001:10:00.0: enabling Extended Tags
[880315.094915] NVMeVirt: Virtual PCI bus created (node 0)
[880315.095169] NVMeVirt: nvmev_dispatcher started on cpu 1 (node 0)
[880315.095201] NVMeVirt: Virtual NVMe device created
[880315.095281] NVMeVirt: nvmev_io_worker_0 started on cpu 2 (node 0)
[880315.095521] nvme nvme0: pci function 0001:10:00.0
[880315.098077] nvme nvme0: 8/0/0 default/read/poll queues
[880315.183839] EXT4-fs (nvme0n1): mounted filesystem 050927ec-6a29-4c46-94cf-4da94dc2c790 r/w with ordered data mode. Quota mode: none.
[880397.205562] NVMeVirt: Fixed CAT init ns=0 part=0 arm=47 k=10 scale_pct=25 age_ratio=16
[880397.205569] NVMeVirt: Fixed CAT init ns=0 part=1 arm=47 k=10 scale_pct=25 age_ratio=16
[880397.205572] NVMeVirt: Fixed CAT init ns=0 part=2 arm=47 k=10 scale_pct=25 age_ratio=16
[880397.205575] NVMeVirt: Fixed CAT init ns=0 part=3 arm=47 k=10 scale_pct=25 age_ratio=16
[880397.205577] NVMeVirt: Measurement: command=start epoch=1 host_bytes=0 learner_active=1
[880397.214505] mix-mixQ-fixed47-4165459 phase=A START
[880697.519511] mix-mixQ-fixed47-4165459 phase=A END
[880697.527554] mix-mixQ-fixed47-4165459 phase=B START idle=300
[880997.542992] mix-mixQ-fixed47-4165459 phase=B END
[880997.550119] mix-mixQ-fixed47-4165459 phase=C START
[881297.874555] mix-mixQ-fixed47-4165459 phase=C END
[881297.877791] NVMeVirt: Measurement: command=stop epoch=1 host_bytes=98306809856 learner_active=0
[881297.942552] EXT4-fs (nvme0n1): unmounting filesystem 050927ec-6a29-4c46-94cf-4da94dc2c790.
[881297.998655] pci_bus 0001:10: busn_res: [bus 10-ff] is released
[881297.998720] NVMeVirt: GC stats: ns=0 policy=cat-fig7-fixed host_pages=24000686 gc_pages=17748526 gc_count=652332 WAF=1.739 warmup_gc=100-per-part
[881298.071044] NVMeVirt: Virtual NVMe device closed
