[734588.333922] mix-mixC-arm32-3971473 BEGIN
[734588.345470] NVMeVirt: Version 1.10 for >> Samsung 970 Pro SSD <<
[734588.345476] NVMeVirt: Storage: 0x100100000-0x300000000 (8191 MiB)
[734588.356777] NVMeVirt: Total Capacity(GiB,MiB)=2,2048 chs=2 luns=4 lines=8192 blk-size(MiB,KiB)=0,64 line-size(MiB,KiB)=0,256
[734588.368486] NVMeVirt: [chmodel_init] bandwidth 800 max_credits 26 tx_time 152
[734588.378796] NVMeVirt: [chmodel_init] bandwidth 800 max_credits 26 tx_time 152
[734588.378811] NVMeVirt: [chmodel_init] bandwidth 3360 max_credits 110 tx_time 36
[734588.378814] NVMeVirt: Fixed CAT init ns=0 part=0 arm=32 k=7 scale_pct=25 age_ratio=16
[734588.380133] NVMeVirt: pqueue: Copyright (c) 2014, Volkan Yazıcı <volkan.yazici@gmail.com>. All rights reserved.
[734588.380171] NVMeVirt: Init FTL instance with 2 channels (524288 pages)
[734588.380173] NVMeVirt: GC victim policy: cat-fig7-fixed ns=0 part=0 initial_k=7 initial_scale_pct=25 initial_age_ratio=16 warmup_gc=100
[734588.390486] NVMeVirt: [chmodel_init] bandwidth 800 max_credits 26 tx_time 152
[734588.400824] NVMeVirt: [chmodel_init] bandwidth 800 max_credits 26 tx_time 152
[734588.400839] NVMeVirt: [chmodel_init] bandwidth 3360 max_credits 110 tx_time 36
[734588.400841] NVMeVirt: Fixed CAT init ns=0 part=1 arm=32 k=7 scale_pct=25 age_ratio=16
[734588.402140] NVMeVirt: Init FTL instance with 2 channels (524288 pages)
[734588.402143] NVMeVirt: GC victim policy: cat-fig7-fixed ns=0 part=1 initial_k=7 initial_scale_pct=25 initial_age_ratio=16 warmup_gc=100
[734588.412628] NVMeVirt: [chmodel_init] bandwidth 800 max_credits 26 tx_time 152
[734588.423265] NVMeVirt: [chmodel_init] bandwidth 800 max_credits 26 tx_time 152
[734588.423280] NVMeVirt: [chmodel_init] bandwidth 3360 max_credits 110 tx_time 36
[734588.423282] NVMeVirt: Fixed CAT init ns=0 part=2 arm=32 k=7 scale_pct=25 age_ratio=16
[734588.424591] NVMeVirt: Init FTL instance with 2 channels (524288 pages)
[734588.424594] NVMeVirt: GC victim policy: cat-fig7-fixed ns=0 part=2 initial_k=7 initial_scale_pct=25 initial_age_ratio=16 warmup_gc=100
[734588.435004] NVMeVirt: [chmodel_init] bandwidth 800 max_credits 26 tx_time 152
[734588.444834] NVMeVirt: [chmodel_init] bandwidth 800 max_credits 26 tx_time 152
[734588.444848] NVMeVirt: [chmodel_init] bandwidth 3360 max_credits 110 tx_time 36
[734588.444850] NVMeVirt: Fixed CAT init ns=0 part=3 arm=32 k=7 scale_pct=25 age_ratio=16
[734588.446167] NVMeVirt: Init FTL instance with 2 channels (524288 pages)
[734588.446171] NVMeVirt: GC victim policy: cat-fig7-fixed ns=0 part=3 initial_k=7 initial_scale_pct=25 initial_age_ratio=16 warmup_gc=100
[734588.446178] NVMeVirt: FTL physical space: 8588886016, logical space: 8026996276 (physical/logical * 100 = 107)
[734588.446179] NVMeVirt: ns 0/1: size 7655 MiB
[734588.446228] PCI host bridge to bus 0001:10
[734588.446231] pci_bus 0001:10: root bus resource [io  0x0000-0xffff]
[734588.446233] pci_bus 0001:10: root bus resource [mem 0x00000000-0x7fffffffff]
[734588.446250] pci_bus 0001:10: root bus resource [bus 00-ff]
[734588.446257] pci 0001:10:00.0: [0c51:0110] type 00 class 0x010802 PCIe Endpoint
[734588.446261] pci 0001:10:00.0: BAR 0 [mem 0x100000000-0x100003fff 64bit]
[734588.446264] pci 0001:10:00.0: enabling Extended Tags
[734588.446394] NVMeVirt: Virtual PCI bus created (node 0)
[734588.446629] NVMeVirt: nvmev_io_worker_0 started on cpu 2 (node 0)
[734588.446746] NVMeVirt: Virtual NVMe device created
[734588.446777] NVMeVirt: nvmev_dispatcher started on cpu 1 (node 0)
[734588.446908] nvme nvme0: pci function 0001:10:00.0
[734588.450117] nvme nvme0: 8/0/0 default/read/poll queues
[734588.523220] EXT4-fs (nvme0n1): mounted filesystem 3bb11d24-79ae-4407-b2c9-a452f7f3b562 r/w with ordered data mode. Quota mode: none.
[734670.529649] NVMeVirt: Fixed CAT init ns=0 part=0 arm=32 k=7 scale_pct=25 age_ratio=16
[734670.529656] NVMeVirt: Fixed CAT init ns=0 part=1 arm=32 k=7 scale_pct=25 age_ratio=16
[734670.529659] NVMeVirt: Fixed CAT init ns=0 part=2 arm=32 k=7 scale_pct=25 age_ratio=16
[734670.529662] NVMeVirt: Fixed CAT init ns=0 part=3 arm=32 k=7 scale_pct=25 age_ratio=16
[734670.529664] NVMeVirt: Measurement: command=start epoch=1 host_bytes=0 learner_active=1
[734670.538322] mix-mixC-arm32-3971473 phase=A START
[735270.854254] mix-mixC-arm32-3971473 phase=A END
[735270.861480] mix-mixC-arm32-3971473 phase=B START
[735871.173923] mix-mixC-arm32-3971473 phase=B END
[735871.177086] NVMeVirt: Measurement: command=stop epoch=1 host_bytes=122884407296 learner_active=0
[735871.233647] EXT4-fs (nvme0n1): unmounting filesystem 3bb11d24-79ae-4407-b2c9-a452f7f3b562.
[735871.290592] pci_bus 0001:10: busn_res: [bus 10-ff] is released
[735871.290653] NVMeVirt: GC stats: ns=0 policy=cat-fig7-fixed host_pages=30001076 gc_pages=22991717 gc_count=828013 WAF=1.766 warmup_gc=100-per-part
[735871.362082] NVMeVirt: Virtual NVMe device closed
