[700204.638950] mix-mixX-arm03-3425833 BEGIN
[700204.657970] NVMeVirt: Version 1.10 for >> Samsung 970 Pro SSD <<
[700204.657977] NVMeVirt: Storage: 0x100100000-0x300000000 (8191 MiB)
[700204.676478] NVMeVirt: Total Capacity(GiB,MiB)=2,2048 chs=2 luns=4 lines=8192 blk-size(MiB,KiB)=0,64 line-size(MiB,KiB)=0,256
[700204.691569] NVMeVirt: [chmodel_init] bandwidth 800 max_credits 26 tx_time 152
[700204.705866] NVMeVirt: [chmodel_init] bandwidth 800 max_credits 26 tx_time 152
[700204.705882] NVMeVirt: [chmodel_init] bandwidth 3360 max_credits 110 tx_time 36
[700204.705885] NVMeVirt: Fixed CAT init ns=0 part=0 arm=3 k=2 scale_pct=50 age_ratio=4
[700204.707345] NVMeVirt: pqueue: Copyright (c) 2014, Volkan Yazıcı <volkan.yazici@gmail.com>. All rights reserved.
[700204.707377] NVMeVirt: Init FTL instance with 2 channels (524288 pages)
[700204.707379] NVMeVirt: GC victim policy: cat-fig7-fixed ns=0 part=0 initial_k=2 initial_scale_pct=50 initial_age_ratio=4 warmup_gc=100
[700204.722106] NVMeVirt: [chmodel_init] bandwidth 800 max_credits 26 tx_time 152
[700204.736308] NVMeVirt: [chmodel_init] bandwidth 800 max_credits 26 tx_time 152
[700204.736325] NVMeVirt: [chmodel_init] bandwidth 3360 max_credits 110 tx_time 36
[700204.736328] NVMeVirt: Fixed CAT init ns=0 part=1 arm=3 k=2 scale_pct=50 age_ratio=4
[700204.737814] NVMeVirt: Init FTL instance with 2 channels (524288 pages)
[700204.737816] NVMeVirt: GC victim policy: cat-fig7-fixed ns=0 part=1 initial_k=2 initial_scale_pct=50 initial_age_ratio=4 warmup_gc=100
[700204.752089] NVMeVirt: [chmodel_init] bandwidth 800 max_credits 26 tx_time 152
[700204.766238] NVMeVirt: [chmodel_init] bandwidth 800 max_credits 26 tx_time 152
[700204.766256] NVMeVirt: [chmodel_init] bandwidth 3360 max_credits 110 tx_time 36
[700204.766259] NVMeVirt: Fixed CAT init ns=0 part=2 arm=3 k=2 scale_pct=50 age_ratio=4
[700204.767746] NVMeVirt: Init FTL instance with 2 channels (524288 pages)
[700204.767749] NVMeVirt: GC victim policy: cat-fig7-fixed ns=0 part=2 initial_k=2 initial_scale_pct=50 initial_age_ratio=4 warmup_gc=100
[700204.781976] NVMeVirt: [chmodel_init] bandwidth 800 max_credits 26 tx_time 152
[700204.796367] NVMeVirt: [chmodel_init] bandwidth 800 max_credits 26 tx_time 152
[700204.796385] NVMeVirt: [chmodel_init] bandwidth 3360 max_credits 110 tx_time 36
[700204.796388] NVMeVirt: Fixed CAT init ns=0 part=3 arm=3 k=2 scale_pct=50 age_ratio=4
[700204.797870] NVMeVirt: Init FTL instance with 2 channels (524288 pages)
[700204.797872] NVMeVirt: GC victim policy: cat-fig7-fixed ns=0 part=3 initial_k=2 initial_scale_pct=50 initial_age_ratio=4 warmup_gc=100
[700204.797880] NVMeVirt: FTL physical space: 8588886016, logical space: 8026996276 (physical/logical * 100 = 107)
[700204.797882] NVMeVirt: ns 0/1: size 7655 MiB
[700204.797955] PCI host bridge to bus 0001:10
[700204.797958] pci_bus 0001:10: root bus resource [io  0x0000-0xffff]
[700204.797962] pci_bus 0001:10: root bus resource [mem 0x00000000-0x7ffffffffff]
[700204.797965] pci_bus 0001:10: root bus resource [bus 00-ff]
[700204.797976] pci 0001:10:00.0: [0c51:0110] type 00 class 0x010802 PCIe Endpoint
[700204.797983] pci 0001:10:00.0: BAR 0 [mem 0x100000000-0x100003fff 64bit]
[700204.797986] pci 0001:10:00.0: enabling Extended Tags
[700204.798209] NVMeVirt: Virtual PCI bus created (node 0)
[700204.798481] NVMeVirt: nvmev_io_worker_0 started on cpu 2 (node 0)
[700204.798508] NVMeVirt: nvmev_dispatcher started on cpu 1 (node 0)
[700204.798535] NVMeVirt: Virtual NVMe device created
[700204.798787] nvme nvme1: pci function 0001:10:00.0
[700204.801529] nvme nvme1: 12/0/0 default/read/poll queues
[700204.901286] EXT4-fs (nvme1n1): mounted filesystem 3f356469-08ed-4e24-a03e-a8ac29c453cc r/w with ordered data mode. Quota mode: none.
[700286.949852] NVMeVirt: Fixed CAT init ns=0 part=0 arm=3 k=2 scale_pct=50 age_ratio=4
[700286.949858] NVMeVirt: Fixed CAT init ns=0 part=1 arm=3 k=2 scale_pct=50 age_ratio=4
[700286.949861] NVMeVirt: Fixed CAT init ns=0 part=2 arm=3 k=2 scale_pct=50 age_ratio=4
[700286.949864] NVMeVirt: Fixed CAT init ns=0 part=3 arm=3 k=2 scale_pct=50 age_ratio=4
[700286.949866] NVMeVirt: Measurement: command=start epoch=1 host_bytes=0 learner_active=1
[700286.958546] mix-mixX-arm03-3425833 phase=S01 START
[702087.242193] mix-mixX-arm03-3425833 phase=S01 END
[702087.255611] mix-mixX-arm03-3425833 phase=S02 START
[703890.269997] mix-mixX-arm03-3425833 phase=S02 chunk=1/1 done
[703890.884441] mix-mixX-arm03-3425833 phase=S02 END
[703890.897834] mix-mixX-arm03-3425833 phase=S03 START
[704795.455831] mix-mixX-arm03-3425833 phase=S03 chunk=1/2 done
[705700.232745] mix-mixX-arm03-3425833 phase=S03 chunk=2/2 done
[705700.274343] mix-mixX-arm03-3425833 phase=S03 END
[705700.281143] NVMeVirt: Measurement: command=stop epoch=1 host_bytes=1198937595904 learner_active=0
[705700.307892] EXT4-fs (nvme1n1): unmounting filesystem 3f356469-08ed-4e24-a03e-a8ac29c453cc.
[705700.455355] pci_bus 0001:10: busn_res: [bus 10-ff] is released
[705700.455450] NVMeVirt: GC stats: ns=0 policy=cat-fig7-fixed host_pages=292709374 gc_pages=744807001 gc_count=16211192 WAF=3.544 warmup_gc=100-per-part
[705700.570244] NVMeVirt: Virtual NVMe device closed
