[1722616.723578] mix-mixG-arm53-2293314 BEGIN
[1722616.810855] NVMeVirt: Version 1.10 for >> Samsung 970 Pro SSD <<
[1722616.810862] NVMeVirt: Storage: 0x100100000-0x300000000 (8191 MiB)
[1722616.821430] NVMeVirt: Total Capacity(GiB,MiB)=2,2048 chs=2 luns=4 lines=8192 blk-size(MiB,KiB)=0,64 line-size(MiB,KiB)=0,256
[1722616.833451] NVMeVirt: [chmodel_init] bandwidth 800 max_credits 26 tx_time 152
[1722616.844900] NVMeVirt: [chmodel_init] bandwidth 800 max_credits 26 tx_time 152
[1722616.844914] NVMeVirt: [chmodel_init] bandwidth 3360 max_credits 110 tx_time 36
[1722616.844917] NVMeVirt: Fixed CAT init ns=0 part=0 arm=53 k=10 scale_pct=100 age_ratio=16
[1722616.845862] NVMeVirt: pqueue: Copyright (c) 2014, Volkan Yazıcı <volkan.yazici@gmail.com>. All rights reserved.
[1722616.845929] NVMeVirt: Init FTL instance with 2 channels (524288 pages)
[1722616.845931] NVMeVirt: GC victim policy: cat-fig7-fixed ns=0 part=0 initial_k=10 initial_scale_pct=100 initial_age_ratio=16 warmup_gc=100
[1722616.856223] NVMeVirt: [chmodel_init] bandwidth 800 max_credits 26 tx_time 152
[1722616.866523] NVMeVirt: [chmodel_init] bandwidth 800 max_credits 26 tx_time 152
[1722616.866537] NVMeVirt: [chmodel_init] bandwidth 3360 max_credits 110 tx_time 36
[1722616.866539] NVMeVirt: Fixed CAT init ns=0 part=1 arm=53 k=10 scale_pct=100 age_ratio=16
[1722616.867677] NVMeVirt: Init FTL instance with 2 channels (524288 pages)
[1722616.867681] NVMeVirt: GC victim policy: cat-fig7-fixed ns=0 part=1 initial_k=10 initial_scale_pct=100 initial_age_ratio=16 warmup_gc=100
[1722616.877916] NVMeVirt: [chmodel_init] bandwidth 800 max_credits 26 tx_time 152
[1722616.888098] NVMeVirt: [chmodel_init] bandwidth 800 max_credits 26 tx_time 152
[1722616.888112] NVMeVirt: [chmodel_init] bandwidth 3360 max_credits 110 tx_time 36
[1722616.888114] NVMeVirt: Fixed CAT init ns=0 part=2 arm=53 k=10 scale_pct=100 age_ratio=16
[1722616.889060] NVMeVirt: Init FTL instance with 2 channels (524288 pages)
[1722616.889062] NVMeVirt: GC victim policy: cat-fig7-fixed ns=0 part=2 initial_k=10 initial_scale_pct=100 initial_age_ratio=16 warmup_gc=100
[1722616.899513] NVMeVirt: [chmodel_init] bandwidth 800 max_credits 26 tx_time 152
[1722616.909702] NVMeVirt: [chmodel_init] bandwidth 800 max_credits 26 tx_time 152
[1722616.909716] NVMeVirt: [chmodel_init] bandwidth 3360 max_credits 110 tx_time 36
[1722616.909718] NVMeVirt: Fixed CAT init ns=0 part=3 arm=53 k=10 scale_pct=100 age_ratio=16
[1722616.910769] NVMeVirt: Init FTL instance with 2 channels (524288 pages)
[1722616.910772] NVMeVirt: GC victim policy: cat-fig7-fixed ns=0 part=3 initial_k=10 initial_scale_pct=100 initial_age_ratio=16 warmup_gc=100
[1722616.910779] NVMeVirt: FTL physical space: 8588886016, logical space: 8026996276 (physical/logical * 100 = 107)
[1722616.910781] NVMeVirt: ns 0/1: size 7655 MiB
[1722616.910833] PCI host bridge to bus 0001:10
[1722616.910835] pci_bus 0001:10: root bus resource [io  0x0000-0xffff]
[1722616.910837] pci_bus 0001:10: root bus resource [mem 0x00000000-0x7fffffffff]
[1722616.910840] pci_bus 0001:10: root bus resource [bus 00-ff]
[1722616.910861] pci 0001:10:00.0: [0c51:0110] type 00 class 0x010802 PCIe Endpoint
[1722616.910865] pci 0001:10:00.0: BAR 0 [mem 0x100000000-0x100003fff 64bit]
[1722616.910867] pci 0001:10:00.0: enabling Extended Tags
[1722616.910992] NVMeVirt: Virtual PCI bus created (node 0)
[1722616.911272] NVMeVirt: nvmev_io_worker_0 started on cpu 2 (node 0)
[1722616.911448] NVMeVirt: nvmev_dispatcher started on cpu 1 (node 0)
[1722616.911458] NVMeVirt: Virtual NVMe device created
[1722616.911610] nvme nvme0: pci function 0001:10:00.0
[1722616.915618] nvme nvme0: 8/0/0 default/read/poll queues
[1722617.357996] EXT4-fs (nvme0n1): mounted filesystem 3abfe8e1-3922-4f97-8954-5c09c1ac877e r/w with ordered data mode. Quota mode: none.
[1722699.703290] NVMeVirt: Fixed CAT init ns=0 part=0 arm=53 k=10 scale_pct=100 age_ratio=16
[1722699.703295] NVMeVirt: Fixed CAT init ns=0 part=1 arm=53 k=10 scale_pct=100 age_ratio=16
[1722699.703297] NVMeVirt: Fixed CAT init ns=0 part=2 arm=53 k=10 scale_pct=100 age_ratio=16
[1722699.703299] NVMeVirt: Fixed CAT init ns=0 part=3 arm=53 k=10 scale_pct=100 age_ratio=16
[1722699.703300] NVMeVirt: Measurement: command=start epoch=1 host_bytes=0 learner_active=1
[1722699.712982] mix-mixG-arm53-2293314 phase=A START
[1722736.908910] tee (2293763): drop_caches: 3
[1722742.086399] tee (2293780): drop_caches: 3
[1722748.575445] tee (2293791): drop_caches: 3
[1722755.032754] tee (2293806): drop_caches: 3
[1722761.176381] tee (2293815): drop_caches: 3
[1722768.046466] tee (2293824): drop_caches: 3
[1722773.452535] tee (2293841): drop_caches: 3
[1722780.013041] tee (2293855): drop_caches: 3
[1722786.224281] tee (2293864): drop_caches: 3
[1722792.386285] tee (2293873): drop_caches: 3
[1722798.615647] tee (2293902): drop_caches: 3
[1722804.676471] tee (2293921): drop_caches: 3
[1722811.323061] tee (2293933): drop_caches: 3
[1722818.333713] tee (2293949): drop_caches: 3
[1722824.947182] tee (2293965): drop_caches: 3
[1722831.546914] tee (2293980): drop_caches: 3
[1722837.791217] tee (2293991): drop_caches: 3
[1722844.066863] tee (2294006): drop_caches: 3
[1722850.368595] tee (2294015): drop_caches: 3
[1722856.621731] tee (2294024): drop_caches: 3
[1722863.653069] tee (2294041): drop_caches: 3
[1722870.562239] tee (2294057): drop_caches: 3
[1722875.960483] tee (2294067): drop_caches: 3
[1722881.119016] tee (2294076): drop_caches: 3
[1722886.212067] tee (2294085): drop_caches: 3
[1722891.006713] tee (2294113): drop_caches: 3
[1722897.347004] tee (2294176): drop_caches: 3
[1722902.964301] tee (2294193): drop_caches: 3
[1722908.288868] tee (2294228): drop_caches: 3
[1722913.810487] tee (2294243): drop_caches: 3
[1722919.159553] tee (2294252): drop_caches: 3
[1722924.520490] tee (2294272): drop_caches: 3
[1722929.587732] tee (2294281): drop_caches: 3
[1722934.666062] tee (2294291): drop_caches: 3
[1722939.932797] tee (2294302): drop_caches: 3
[1722945.015190] tee (2294311): drop_caches: 3
[1722950.133086] tee (2294322): drop_caches: 3
[1722955.606618] tee (2294336): drop_caches: 3
[1722960.879901] tee (2294345): drop_caches: 3
[1722966.216288] tee (2294356): drop_caches: 3
[1722971.509850] tee (2294366): drop_caches: 3
[1722976.597014] tee (2294375): drop_caches: 3
[1722981.652180] tee (2294384): drop_caches: 3
[1722986.710840] tee (2294398): drop_caches: 3
[1722991.893871] tee (2294407): drop_caches: 3
[1722996.995029] tee (2294417): drop_caches: 3
[1723002.339296] tee (2294428): drop_caches: 3
[1723007.683851] tee (2294438): drop_caches: 3
[1723012.757612] tee (2294447): drop_caches: 3
[1723017.917758] tee (2294461): drop_caches: 3
[1723023.183804] tee (2294470): drop_caches: 3
[1723028.297954] tee (2294481): drop_caches: 3
[1723033.513773] tee (2294491): drop_caches: 3
[1723038.902925] tee (2294505): drop_caches: 3
[1723044.724660] tee (2294519): drop_caches: 3
[1723049.843486] tee (2294528): drop_caches: 3
[1723054.985940] tee (2294537): drop_caches: 3
[1723059.699822] tee (2294547): drop_caches: 3
[1723065.189102] tee (2294561): drop_caches: 3
[1723070.696780] tee (2294584): drop_caches: 3
[1723076.008714] tee (2294598): drop_caches: 3
[1723081.099532] tee (2294607): drop_caches: 3
[1723086.279295] tee (2294616): drop_caches: 3
[1723091.130004] tee (2294626): drop_caches: 3
[1723096.388763] tee (2294638): drop_caches: 3
[1723101.538612] tee (2294647): drop_caches: 3
[1723106.615060] tee (2294661): drop_caches: 3
[1723111.673370] tee (2294670): drop_caches: 3
[1723116.740300] tee (2294679): drop_caches: 3
[1723121.783756] tee (2294688): drop_caches: 3
[1723126.868220] tee (2294702): drop_caches: 3
[1723131.729173] tee (2294721): drop_caches: 3
[1723136.856450] tee (2294735): drop_caches: 3
[1723141.934695] tee (2294746): drop_caches: 3
[1723147.131281] tee (2294755): drop_caches: 3
[1723152.217268] tee (2294764): drop_caches: 3
[1723156.706443] tee (2294776): drop_caches: 3
[1723161.892950] tee (2294785): drop_caches: 3
[1723167.145364] tee (2294799): drop_caches: 3
[1723172.288002] tee (2294809): drop_caches: 3
[1723177.418443] tee (2294818): drop_caches: 3
[1723182.638798] tee (2294827): drop_caches: 3
[1723187.202776] tee (2294839): drop_caches: 3
[1723192.042376] tee (2294851): drop_caches: 3
[1723197.324806] tee (2294865): drop_caches: 3
[1723202.481137] tee (2294874): drop_caches: 3
[1723207.729113] tee (2294883): drop_caches: 3
[1723212.864372] tee (2294892): drop_caches: 3
[1723217.355881] tee (2294904): drop_caches: 3
[1723222.543779] tee (2294913): drop_caches: 3
[1723227.647212] tee (2294927): drop_caches: 3
[1723232.694060] tee (2294936): drop_caches: 3
[1723237.764632] tee (2294945): drop_caches: 3
[1723242.819233] tee (2294954): drop_caches: 3
[1723247.232763] tee (2294966): drop_caches: 3
[1723252.436090] tee (2294977): drop_caches: 3
[1723257.680374] tee (2294991): drop_caches: 3
[1723263.025470] tee (2295001): drop_caches: 3
[1723268.312274] tee (2295010): drop_caches: 3
[1723273.621675] tee (2295019): drop_caches: 3
[1723278.355033] tee (2295031): drop_caches: 3
[1723283.661659] tee (2295045): drop_caches: 3
[1723288.757435] tee (2295059): drop_caches: 3
[1723294.468906] tee (2295068): drop_caches: 3
[1723299.832993] tee (2295077): drop_caches: 3
[1723304.907006] tee (2295086): drop_caches: 3
[1723309.317977] tee (2295099): drop_caches: 3
[1723314.668587] tee (2295108): drop_caches: 3
[1723319.806674] tee (2295122): drop_caches: 3
[1723324.930968] tee (2295131): drop_caches: 3
[1723330.117952] tee (2295140): drop_caches: 3
[1723335.275410] tee (2295149): drop_caches: 3
[1723339.746490] tee (2295178): drop_caches: 3
[1723344.962871] tee (2295187): drop_caches: 3
[1723350.160807] tee (2295201): drop_caches: 3
[1723355.236590] tee (2295210): drop_caches: 3
[1723360.374515] tee (2295219): drop_caches: 3
[1723365.561631] tee (2295228): drop_caches: 3
[1723370.010076] tee (2295240): drop_caches: 3
[1723375.329094] tee (2295249): drop_caches: 3
[1723380.373842] tee (2295265): drop_caches: 3
[1723381.733153] mix-mixG-arm53-2293314 phase=A END
[1723382.257498] NVMeVirt: Measurement: command=stop epoch=1 host_bytes=83810902016 learner_active=0
[1723382.494466] EXT4-fs (nvme0n1): unmounting filesystem 3abfe8e1-3922-4f97-8954-5c09c1ac877e.
[1723382.895569] pci_bus 0001:10: busn_res: [bus 10-ff] is released
[1723382.895616] NVMeVirt: GC stats: ns=0 policy=cat-fig7-fixed host_pages=20461646 gc_pages=46746254 gc_count=1050124 WAF=3.284 warmup_gc=100-per-part
[1723382.968507] NVMeVirt: Virtual NVMe device closed
