[857101.422012] mix-mixG-greedy-4137285 BEGIN
[857101.442501] NVMeVirt: Version 1.10 for >> Samsung 970 Pro SSD <<
[857101.442508] NVMeVirt: Storage: 0x100100000-0x300000000 (8191 MiB)
[857101.453794] NVMeVirt: Total Capacity(GiB,MiB)=2,2048 chs=2 luns=4 lines=8192 blk-size(MiB,KiB)=0,64 line-size(MiB,KiB)=0,256
[857101.465404] NVMeVirt: [chmodel_init] bandwidth 800 max_credits 26 tx_time 152
[857101.476023] NVMeVirt: [chmodel_init] bandwidth 800 max_credits 26 tx_time 152
[857101.476043] NVMeVirt: [chmodel_init] bandwidth 3360 max_credits 110 tx_time 36
[857101.476045] NVMeVirt: Fixed CAT init ns=0 part=0 arm=37 k=7 scale_pct=100 age_ratio=7
[857101.477367] NVMeVirt: pqueue: Copyright (c) 2014, Volkan Yazıcı <volkan.yazici@gmail.com>. All rights reserved.
[857101.477415] NVMeVirt: Init FTL instance with 2 channels (524288 pages)
[857101.477417] NVMeVirt: GC victim policy: greedy ns=0 part=0 initial_k=7 initial_scale_pct=100 initial_age_ratio=7 warmup_gc=100
[857101.488177] NVMeVirt: [chmodel_init] bandwidth 800 max_credits 26 tx_time 152
[857101.498297] NVMeVirt: [chmodel_init] bandwidth 800 max_credits 26 tx_time 152
[857101.498311] NVMeVirt: [chmodel_init] bandwidth 3360 max_credits 110 tx_time 36
[857101.498313] NVMeVirt: Fixed CAT init ns=0 part=1 arm=37 k=7 scale_pct=100 age_ratio=7
[857101.499244] NVMeVirt: Init FTL instance with 2 channels (524288 pages)
[857101.499247] NVMeVirt: GC victim policy: greedy ns=0 part=1 initial_k=7 initial_scale_pct=100 initial_age_ratio=7 warmup_gc=100
[857101.509282] NVMeVirt: [chmodel_init] bandwidth 800 max_credits 26 tx_time 152
[857101.519721] NVMeVirt: [chmodel_init] bandwidth 800 max_credits 26 tx_time 152
[857101.519735] NVMeVirt: [chmodel_init] bandwidth 3360 max_credits 110 tx_time 36
[857101.519737] NVMeVirt: Fixed CAT init ns=0 part=2 arm=37 k=7 scale_pct=100 age_ratio=7
[857101.520652] NVMeVirt: Init FTL instance with 2 channels (524288 pages)
[857101.520655] NVMeVirt: GC victim policy: greedy ns=0 part=2 initial_k=7 initial_scale_pct=100 initial_age_ratio=7 warmup_gc=100
[857101.530610] NVMeVirt: [chmodel_init] bandwidth 800 max_credits 26 tx_time 152
[857101.540705] NVMeVirt: [chmodel_init] bandwidth 800 max_credits 26 tx_time 152
[857101.540720] NVMeVirt: [chmodel_init] bandwidth 3360 max_credits 110 tx_time 36
[857101.540722] NVMeVirt: Fixed CAT init ns=0 part=3 arm=37 k=7 scale_pct=100 age_ratio=7
[857101.541694] NVMeVirt: Init FTL instance with 2 channels (524288 pages)
[857101.541697] NVMeVirt: GC victim policy: greedy ns=0 part=3 initial_k=7 initial_scale_pct=100 initial_age_ratio=7 warmup_gc=100
[857101.541703] NVMeVirt: FTL physical space: 8588886016, logical space: 8026996276 (physical/logical * 100 = 107)
[857101.541705] NVMeVirt: ns 0/1: size 7655 MiB
[857101.541752] PCI host bridge to bus 0001:10
[857101.541769] pci_bus 0001:10: root bus resource [io  0x0000-0xffff]
[857101.541772] pci_bus 0001:10: root bus resource [mem 0x00000000-0x7fffffffff]
[857101.541774] pci_bus 0001:10: root bus resource [bus 00-ff]
[857101.541782] pci 0001:10:00.0: [0c51:0110] type 00 class 0x010802 PCIe Endpoint
[857101.541786] pci 0001:10:00.0: BAR 0 [mem 0x100000000-0x100003fff 64bit]
[857101.541789] pci 0001:10:00.0: enabling Extended Tags
[857101.541913] NVMeVirt: Virtual PCI bus created (node 0)
[857101.542166] NVMeVirt: nvmev_io_worker_0 started on cpu 2 (node 0)
[857101.542343] NVMeVirt: Virtual NVMe device created
[857101.544719] NVMeVirt: nvmev_dispatcher started on cpu 1 (node 0)
[857101.546535] nvme nvme0: pci function 0001:10:00.0
[857101.551218] nvme nvme0: 8/0/0 default/read/poll queues
[857101.962999] EXT4-fs (nvme0n1): mounted filesystem 158be97f-a0c5-4007-a918-d0b3facdf8b2 r/w with ordered data mode. Quota mode: none.
[857184.084421] NVMeVirt: Fixed CAT init ns=0 part=0 arm=37 k=7 scale_pct=100 age_ratio=7
[857184.084426] NVMeVirt: Fixed CAT init ns=0 part=1 arm=37 k=7 scale_pct=100 age_ratio=7
[857184.084428] NVMeVirt: Fixed CAT init ns=0 part=2 arm=37 k=7 scale_pct=100 age_ratio=7
[857184.084430] NVMeVirt: Fixed CAT init ns=0 part=3 arm=37 k=7 scale_pct=100 age_ratio=7
[857184.084444] NVMeVirt: Measurement: command=start epoch=1 host_bytes=0 learner_active=1
[857184.093146] mix-mixG-greedy-4137285 phase=A START
[857218.028357] tee (4137597): drop_caches: 3
[857222.778227] tee (4137607): drop_caches: 3
[857227.868406] tee (4137614): drop_caches: 3
[857232.752631] tee (4137618): drop_caches: 3
[857237.700544] tee (4137622): drop_caches: 3
[857242.713172] tee (4137626): drop_caches: 3
[857247.876277] tee (4137630): drop_caches: 3
[857254.013556] tee (4137649): drop_caches: 3
[857259.764965] tee (4137659): drop_caches: 3
[857264.801952] tee (4137663): drop_caches: 3
[857269.721258] tee (4137667): drop_caches: 3
[857274.671784] tee (4137672): drop_caches: 3
[857279.755541] tee (4137676): drop_caches: 3
[857284.766444] tee (4137685): drop_caches: 3
[857289.104740] tee (4137694): drop_caches: 3
[857294.243128] tee (4137698): drop_caches: 3
[857299.224938] tee (4137702): drop_caches: 3
[857304.393428] tee (4137706): drop_caches: 3
[857309.529460] tee (4137712): drop_caches: 3
[857314.528781] tee (4137721): drop_caches: 3
[857318.899145] tee (4137728): drop_caches: 3
[857324.086775] tee (4137732): drop_caches: 3
[857329.117979] tee (4137736): drop_caches: 3
[857334.135322] tee (4137740): drop_caches: 3
[857339.104974] tee (4137744): drop_caches: 3
[857344.414586] tee (4137754): drop_caches: 3
[857348.846469] tee (4137761): drop_caches: 3
[857354.763329] tee (4137777): drop_caches: 3
[857360.657067] tee (4137782): drop_caches: 3
[857365.631449] tee (4137786): drop_caches: 3
[857370.537514] tee (4137790): drop_caches: 3
[857375.706897] tee (4137802): drop_caches: 3
[857380.067850] tee (4137812): drop_caches: 3
[857385.104901] tee (4137816): drop_caches: 3
[857390.130402] tee (4137821): drop_caches: 3
[857395.257321] tee (4137825): drop_caches: 3
[857400.669703] tee (4137829): drop_caches: 3
[857405.840295] tee (4137852): drop_caches: 3
[857410.207034] tee (4137859): drop_caches: 3
[857415.591000] tee (4137863): drop_caches: 3
[857420.660443] tee (4137867): drop_caches: 3
[857425.697997] tee (4137871): drop_caches: 3
[857430.729231] tee (4137877): drop_caches: 3
[857436.038285] tee (4137886): drop_caches: 3
[857441.239019] tee (4137891): drop_caches: 3
[857446.426943] tee (4137897): drop_caches: 3
[857451.437770] tee (4137901): drop_caches: 3
[857456.585276] tee (4137906): drop_caches: 3
[857461.608848] tee (4137912): drop_caches: 3
[857466.971140] tee (4137923): drop_caches: 3
[857472.345558] tee (4137928): drop_caches: 3
[857477.495156] tee (4137934): drop_caches: 3
[857482.650989] tee (4137939): drop_caches: 3
[857487.856109] tee (4137943): drop_caches: 3
[857492.858195] tee (4137947): drop_caches: 3
[857499.481799] tee (4137965): drop_caches: 3
[857505.543301] tee (4137972): drop_caches: 3
[857511.074725] tee (4137976): drop_caches: 3
[857516.201566] tee (4137980): drop_caches: 3
[857521.148865] tee (4137984): drop_caches: 3
[857526.363933] tee (4137990): drop_caches: 3
[857531.343411] tee (4137999): drop_caches: 3
[857535.674905] tee (4138006): drop_caches: 3
[857540.639601] tee (4138010): drop_caches: 3
[857545.592533] tee (4138014): drop_caches: 3
[857550.451546] tee (4138020): drop_caches: 3
[857555.394524] tee (4138024): drop_caches: 3
[857560.660482] tee (4138038): drop_caches: 3
[857565.566017] tee (4138056): drop_caches: 3
[857570.892767] tee (4138061): drop_caches: 3
[857576.480605] tee (4138068): drop_caches: 3
[857581.627954] tee (4138072): drop_caches: 3
[857586.537441] tee (4138076): drop_caches: 3
[857591.557971] tee (4138086): drop_caches: 3
[857596.584680] tee (4138091): drop_caches: 3
[857601.691069] tee (4138100): drop_caches: 3
[857607.020796] tee (4138111): drop_caches: 3
[857612.083651] tee (4138115): drop_caches: 3
[857617.059337] tee (4138120): drop_caches: 3
[857622.114602] tee (4138129): drop_caches: 3
[857627.206158] tee (4138135): drop_caches: 3
[857632.409488] tee (4138141): drop_caches: 3
[857637.303703] tee (4138145): drop_caches: 3
[857642.175325] tee (4138150): drop_caches: 3
[857647.178048] tee (4138154): drop_caches: 3
[857653.375608] tee (4138164): drop_caches: 3
[857662.645239] tee (4138184): drop_caches: 3
[857670.991376] tee (4138198): drop_caches: 3
[857676.196130] tee (4138208): drop_caches: 3
[857681.116424] tee (4138243): drop_caches: 3
[857688.922831] tee (4138285): drop_caches: 3
[857696.878868] tee (4138320): drop_caches: 3
[857705.829037] tee (4138357): drop_caches: 3
[857715.991604] tee (4138429): drop_caches: 3
[857737.253175] mix-mixG-greedy-4137285 phase=A END
[857739.680934] NVMeVirt: Measurement: command=stop epoch=1 host_bytes=84208742400 learner_active=0
[857740.287124] EXT4-fs (nvme0n1): unmounting filesystem 158be97f-a0c5-4007-a918-d0b3facdf8b2.
[857742.779147] pci_bus 0001:10: busn_res: [bus 10-ff] is released
[857742.779192] NVMeVirt: GC stats: ns=0 policy=greedy host_pages=20558775 gc_pages=63557591 gc_count=1314318 WAF=4.091 warmup_gc=100-per-part
[857742.851712] NVMeVirt: Virtual NVMe device closed
