[875993.944539] mix-mixM-fixed50-4161069 BEGIN
[875993.956259] NVMeVirt: Version 1.10 for >> Samsung 970 Pro SSD <<
[875993.956265] NVMeVirt: Storage: 0x100100000-0x300000000 (8191 MiB)
[875993.967603] NVMeVirt: Total Capacity(GiB,MiB)=2,2048 chs=2 luns=4 lines=8192 blk-size(MiB,KiB)=0,64 line-size(MiB,KiB)=0,256
[875993.979707] NVMeVirt: [chmodel_init] bandwidth 800 max_credits 26 tx_time 152
[875993.990541] NVMeVirt: [chmodel_init] bandwidth 800 max_credits 26 tx_time 152
[875993.990557] NVMeVirt: [chmodel_init] bandwidth 3360 max_credits 110 tx_time 36
[875993.990559] NVMeVirt: Fixed CAT init ns=0 part=0 arm=50 k=10 scale_pct=50 age_ratio=16
[875993.991490] NVMeVirt: pqueue: Copyright (c) 2014, Volkan Yazıcı <volkan.yazici@gmail.com>. All rights reserved.
[875993.991530] NVMeVirt: Init FTL instance with 2 channels (524288 pages)
[875993.991532] NVMeVirt: GC victim policy: cat-fig7-fixed ns=0 part=0 initial_k=10 initial_scale_pct=50 initial_age_ratio=16 warmup_gc=100
[875994.002546] NVMeVirt: [chmodel_init] bandwidth 800 max_credits 26 tx_time 152
[875994.013376] NVMeVirt: [chmodel_init] bandwidth 800 max_credits 26 tx_time 152
[875994.013393] NVMeVirt: [chmodel_init] bandwidth 3360 max_credits 110 tx_time 36
[875994.013396] NVMeVirt: Fixed CAT init ns=0 part=1 arm=50 k=10 scale_pct=50 age_ratio=16
[875994.014634] NVMeVirt: Init FTL instance with 2 channels (524288 pages)
[875994.014638] NVMeVirt: GC victim policy: cat-fig7-fixed ns=0 part=1 initial_k=10 initial_scale_pct=50 initial_age_ratio=16 warmup_gc=100
[875994.024871] NVMeVirt: [chmodel_init] bandwidth 800 max_credits 26 tx_time 152
[875994.035600] NVMeVirt: [chmodel_init] bandwidth 800 max_credits 26 tx_time 152
[875994.035614] NVMeVirt: [chmodel_init] bandwidth 3360 max_credits 110 tx_time 36
[875994.035617] NVMeVirt: Fixed CAT init ns=0 part=2 arm=50 k=10 scale_pct=50 age_ratio=16
[875994.036657] NVMeVirt: Init FTL instance with 2 channels (524288 pages)
[875994.036660] NVMeVirt: GC victim policy: cat-fig7-fixed ns=0 part=2 initial_k=10 initial_scale_pct=50 initial_age_ratio=16 warmup_gc=100
[875994.046655] NVMeVirt: [chmodel_init] bandwidth 800 max_credits 26 tx_time 152
[875994.056642] NVMeVirt: [chmodel_init] bandwidth 800 max_credits 26 tx_time 152
[875994.056655] NVMeVirt: [chmodel_init] bandwidth 3360 max_credits 110 tx_time 36
[875994.056657] NVMeVirt: Fixed CAT init ns=0 part=3 arm=50 k=10 scale_pct=50 age_ratio=16
[875994.057572] NVMeVirt: Init FTL instance with 2 channels (524288 pages)
[875994.057574] NVMeVirt: GC victim policy: cat-fig7-fixed ns=0 part=3 initial_k=10 initial_scale_pct=50 initial_age_ratio=16 warmup_gc=100
[875994.057581] NVMeVirt: FTL physical space: 8588886016, logical space: 8026996276 (physical/logical * 100 = 107)
[875994.057583] NVMeVirt: ns 0/1: size 7655 MiB
[875994.057632] PCI host bridge to bus 0001:10
[875994.057634] pci_bus 0001:10: root bus resource [io  0x0000-0xffff]
[875994.057637] pci_bus 0001:10: root bus resource [mem 0x00000000-0x7fffffffff]
[875994.057653] pci_bus 0001:10: root bus resource [bus 00-ff]
[875994.057660] pci 0001:10:00.0: [0c51:0110] type 00 class 0x010802 PCIe Endpoint
[875994.057664] pci 0001:10:00.0: BAR 0 [mem 0x100000000-0x100003fff 64bit]
[875994.057667] pci 0001:10:00.0: enabling Extended Tags
[875994.057792] NVMeVirt: Virtual PCI bus created (node 0)
[875994.058065] NVMeVirt: nvmev_io_worker_0 started on cpu 2 (node 0)
[875994.058105] NVMeVirt: nvmev_dispatcher started on cpu 1 (node 0)
[875994.058151] NVMeVirt: Virtual NVMe device created
[875994.059453] nvme nvme0: pci function 0001:10:00.0
[875994.063638] nvme nvme0: 8/0/0 default/read/poll queues
[875994.140723] EXT4-fs (nvme0n1): mounted filesystem 9e09c253-5133-46aa-9398-49ef2d7749b1 r/w with ordered data mode. Quota mode: none.
[876076.157942] NVMeVirt: Fixed CAT init ns=0 part=0 arm=50 k=10 scale_pct=50 age_ratio=16
[876076.157951] NVMeVirt: Fixed CAT init ns=0 part=1 arm=50 k=10 scale_pct=50 age_ratio=16
[876076.157954] NVMeVirt: Fixed CAT init ns=0 part=2 arm=50 k=10 scale_pct=50 age_ratio=16
[876076.157957] NVMeVirt: Fixed CAT init ns=0 part=3 arm=50 k=10 scale_pct=50 age_ratio=16
[876076.157959] NVMeVirt: Measurement: command=start epoch=1 host_bytes=0 learner_active=1
[876076.168706] mix-mixM-fixed50-4161069 phase=A START
[876076.176711] mix-mixM-fixed50-4161069 phase=A step=1
[876196.473440] mix-mixM-fixed50-4161069 phase=A step=2
[876316.779381] mix-mixM-fixed50-4161069 phase=A step=3
[876437.087780] mix-mixM-fixed50-4161069 phase=A step=4
[876557.390275] mix-mixM-fixed50-4161069 phase=A step=5
[876677.700435] mix-mixM-fixed50-4161069 phase=A END
[876677.706906] NVMeVirt: Measurement: command=stop epoch=1 host_bytes=73730068480 learner_active=0
[876677.776648] EXT4-fs (nvme0n1): unmounting filesystem 9e09c253-5133-46aa-9398-49ef2d7749b1.
[876677.846216] pci_bus 0001:10: busn_res: [bus 10-ff] is released
[876677.846306] NVMeVirt: GC stats: ns=0 policy=cat-fig7-fixed host_pages=18000505 gc_pages=13060496 gc_count=485328 WAF=1.725 warmup_gc=100-per-part
[876677.918036] NVMeVirt: Virtual NVMe device closed
