[1757803.853016] mix-mixB-arm31-2428254 BEGIN
[1757803.948361] NVMeVirt: Version 1.10 for >> Samsung 970 Pro SSD <<
[1757803.948367] NVMeVirt: Storage: 0x100100000-0x300000000 (8191 MiB)
[1757803.958917] NVMeVirt: Total Capacity(GiB,MiB)=2,2048 chs=2 luns=4 lines=8192 blk-size(MiB,KiB)=0,64 line-size(MiB,KiB)=0,256
[1757803.970367] NVMeVirt: [chmodel_init] bandwidth 800 max_credits 26 tx_time 152
[1757803.981389] NVMeVirt: [chmodel_init] bandwidth 800 max_credits 26 tx_time 152
[1757803.981403] NVMeVirt: [chmodel_init] bandwidth 3360 max_credits 110 tx_time 36
[1757803.981405] NVMeVirt: Fixed CAT init ns=0 part=0 arm=31 k=7 scale_pct=25 age_ratio=7
[1757803.982625] NVMeVirt: pqueue: Copyright (c) 2014, Volkan Yazıcı <volkan.yazici@gmail.com>. All rights reserved.
[1757803.982660] NVMeVirt: Init FTL instance with 2 channels (524288 pages)
[1757803.982662] NVMeVirt: GC victim policy: cat-fig7-fixed ns=0 part=0 initial_k=7 initial_scale_pct=25 initial_age_ratio=7 warmup_gc=100
[1757803.992780] NVMeVirt: [chmodel_init] bandwidth 800 max_credits 26 tx_time 152
[1757804.003138] NVMeVirt: [chmodel_init] bandwidth 800 max_credits 26 tx_time 152
[1757804.003151] NVMeVirt: [chmodel_init] bandwidth 3360 max_credits 110 tx_time 36
[1757804.003154] NVMeVirt: Fixed CAT init ns=0 part=1 arm=31 k=7 scale_pct=25 age_ratio=7
[1757804.004462] NVMeVirt: Init FTL instance with 2 channels (524288 pages)
[1757804.004465] NVMeVirt: GC victim policy: cat-fig7-fixed ns=0 part=1 initial_k=7 initial_scale_pct=25 initial_age_ratio=7 warmup_gc=100
[1757804.014888] NVMeVirt: [chmodel_init] bandwidth 800 max_credits 26 tx_time 152
[1757804.024839] NVMeVirt: [chmodel_init] bandwidth 800 max_credits 26 tx_time 152
[1757804.024853] NVMeVirt: [chmodel_init] bandwidth 3360 max_credits 110 tx_time 36
[1757804.024855] NVMeVirt: Fixed CAT init ns=0 part=2 arm=31 k=7 scale_pct=25 age_ratio=7
[1757804.026086] NVMeVirt: Init FTL instance with 2 channels (524288 pages)
[1757804.026089] NVMeVirt: GC victim policy: cat-fig7-fixed ns=0 part=2 initial_k=7 initial_scale_pct=25 initial_age_ratio=7 warmup_gc=100
[1757804.036607] NVMeVirt: [chmodel_init] bandwidth 800 max_credits 26 tx_time 152
[1757804.046807] NVMeVirt: [chmodel_init] bandwidth 800 max_credits 26 tx_time 152
[1757804.046822] NVMeVirt: [chmodel_init] bandwidth 3360 max_credits 110 tx_time 36
[1757804.046824] NVMeVirt: Fixed CAT init ns=0 part=3 arm=31 k=7 scale_pct=25 age_ratio=7
[1757804.048079] NVMeVirt: Init FTL instance with 2 channels (524288 pages)
[1757804.048082] NVMeVirt: GC victim policy: cat-fig7-fixed ns=0 part=3 initial_k=7 initial_scale_pct=25 initial_age_ratio=7 warmup_gc=100
[1757804.048089] NVMeVirt: FTL physical space: 8588886016, logical space: 8026996276 (physical/logical * 100 = 107)
[1757804.048090] NVMeVirt: ns 0/1: size 7655 MiB
[1757804.048147] PCI host bridge to bus 0001:10
[1757804.048150] pci_bus 0001:10: root bus resource [io  0x0000-0xffff]
[1757804.048153] pci_bus 0001:10: root bus resource [mem 0x00000000-0x7fffffffff]
[1757804.048155] pci_bus 0001:10: root bus resource [bus 00-ff]
[1757804.048163] pci 0001:10:00.0: [0c51:0110] type 00 class 0x010802 PCIe Endpoint
[1757804.048167] pci 0001:10:00.0: BAR 0 [mem 0x100000000-0x100003fff 64bit]
[1757804.048170] pci 0001:10:00.0: enabling Extended Tags
[1757804.048295] NVMeVirt: Virtual PCI bus created (node 0)
[1757804.048582] NVMeVirt: nvmev_io_worker_0 started on cpu 2 (node 0)
[1757804.048637] NVMeVirt: nvmev_dispatcher started on cpu 1 (node 0)
[1757804.048664] NVMeVirt: Virtual NVMe device created
[1757804.048798] nvme nvme0: pci function 0001:10:00.0
[1757804.052921] nvme nvme0: 8/0/0 default/read/poll queues
[1757804.411210] EXT4-fs (nvme0n1): mounted filesystem fcba7e2c-829d-47fe-a2a3-d2afc70ea38f r/w with ordered data mode. Quota mode: none.
[1757886.781310] NVMeVirt: Fixed CAT init ns=0 part=0 arm=31 k=7 scale_pct=25 age_ratio=7
[1757886.781315] NVMeVirt: Fixed CAT init ns=0 part=1 arm=31 k=7 scale_pct=25 age_ratio=7
[1757886.781317] NVMeVirt: Fixed CAT init ns=0 part=2 arm=31 k=7 scale_pct=25 age_ratio=7
[1757886.781319] NVMeVirt: Fixed CAT init ns=0 part=3 arm=31 k=7 scale_pct=25 age_ratio=7
[1757886.781320] NVMeVirt: Measurement: command=start epoch=1 host_bytes=0 learner_active=1
[1757886.790327] mix-mixB-arm31-2428254 phase=A START
[1757886.802375] mix-mixB-arm31-2428254 phase=A LOAD
[1757912.723905] mix-mixB-arm31-2428254 phase=A RUN
[1757916.921421] tee (2428679): drop_caches: 3
[1757922.320173] tee (2428688): drop_caches: 3
[1757926.895801] tee (2428706): drop_caches: 3
[1757932.055327] tee (2428716): drop_caches: 3
[1757937.068095] tee (2428725): drop_caches: 3
[1757942.211174] tee (2428734): drop_caches: 3
[1757947.687092] tee (2428744): drop_caches: 3
[1757952.958006] tee (2428753): drop_caches: 3
[1757957.717993] tee (2428770): drop_caches: 3
[1757963.122495] tee (2428781): drop_caches: 3
[1757968.540067] tee (2428794): drop_caches: 3
[1757973.837822] tee (2428803): drop_caches: 3
[1757979.055261] tee (2428812): drop_caches: 3
[1757984.194339] tee (2428821): drop_caches: 3
[1757988.866321] tee (2428839): drop_caches: 3
[1757994.114291] tee (2428850): drop_caches: 3
[1757999.352961] tee (2428859): drop_caches: 3
[1758004.787870] tee (2428868): drop_caches: 3
[1758010.279715] tee (2428877): drop_caches: 3
[1758015.816777] tee (2428891): drop_caches: 3
[1758020.199530] tee (2428920): drop_caches: 3
[1758025.559721] tee (2428929): drop_caches: 3
[1758030.827895] tee (2428938): drop_caches: 3
[1758036.229264] tee (2428947): drop_caches: 3
[1758041.596053] tee (2428956): drop_caches: 3
[1758046.950620] tee (2428970): drop_caches: 3
[1758051.333330] tee (2428982): drop_caches: 3
[1758056.619503] tee (2428993): drop_caches: 3
[1758062.316913] tee (2429003): drop_caches: 3
[1758068.369535] tee (2429017): drop_caches: 3
[1758073.988719] tee (2429027): drop_caches: 3
[1758079.143460] tee (2429042): drop_caches: 3
[1758083.944064] tee (2429054): drop_caches: 3
[1758089.453534] tee (2429063): drop_caches: 3
[1758094.993752] tee (2429072): drop_caches: 3
[1758100.469145] tee (2429081): drop_caches: 3
[1758105.734766] tee (2429090): drop_caches: 3
[1758111.292221] tee (2429110): drop_caches: 3
[1758116.681438] tee (2429127): drop_caches: 3
[1758122.143401] tee (2429136): drop_caches: 3
[1758127.785831] tee (2429146): drop_caches: 3
[1758133.475240] tee (2429159): drop_caches: 3
[1758138.726930] tee (2429173): drop_caches: 3
[1758143.747626] tee (2429184): drop_caches: 3
[1758149.630225] tee (2429194): drop_caches: 3
[1758154.850401] tee (2429203): drop_caches: 3
[1758160.059074] tee (2429212): drop_caches: 3
[1758165.307301] tee (2429221): drop_caches: 3
[1758170.652076] tee (2429235): drop_caches: 3
[1758175.688678] tee (2429245): drop_caches: 3
[1758181.055735] tee (2429258): drop_caches: 3
[1758186.436163] tee (2429267): drop_caches: 3
[1758191.663543] tee (2429276): drop_caches: 3
[1758196.933596] tee (2429285): drop_caches: 3
[1758202.169728] tee (2429299): drop_caches: 3
[1758207.209078] tee (2429309): drop_caches: 3
[1758212.751595] tee (2429321): drop_caches: 3
[1758218.159828] tee (2429333): drop_caches: 3
[1758224.178753] tee (2429343): drop_caches: 3
[1758229.419268] tee (2429357): drop_caches: 3
[1758234.975570] tee (2429373): drop_caches: 3
[1758239.574795] tee (2429385): drop_caches: 3
[1758244.774744] tee (2429394): drop_caches: 3
[1758250.037706] tee (2429403): drop_caches: 3
[1758255.516562] tee (2429412): drop_caches: 3
[1758260.750008] tee (2429426): drop_caches: 3
[1758266.176104] tee (2429435): drop_caches: 3
[1758271.163994] tee (2429448): drop_caches: 3
[1758276.609035] tee (2429457): drop_caches: 3
[1758281.798429] tee (2429466): drop_caches: 3
[1758286.962783] tee (2429475): drop_caches: 3
[1758291.883483] tee (2429526): drop_caches: 3
[1758299.246996] tee (2429590): drop_caches: 3
[1758304.481686] tee (2429609): drop_caches: 3
[1758310.444270] tee (2429642): drop_caches: 3
[1758315.674693] tee (2429651): drop_caches: 3
[1758320.880310] tee (2429666): drop_caches: 3
[1758326.096243] tee (2429675): drop_caches: 3
[1758331.423653] tee (2429684): drop_caches: 3
[1758335.926473] tee (2429696): drop_caches: 3
[1758341.308677] tee (2429705): drop_caches: 3
[1758346.482941] tee (2429714): drop_caches: 3
[1758351.776472] tee (2429728): drop_caches: 3
[1758356.934315] tee (2429739): drop_caches: 3
[1758362.032354] tee (2429748): drop_caches: 3
[1758366.779882] tee (2429761): drop_caches: 3
[1758371.862526] tee (2429770): drop_caches: 3
[1758377.157395] tee (2429779): drop_caches: 3
[1758382.313892] tee (2429793): drop_caches: 3
[1758387.818403] tee (2429803): drop_caches: 3
[1758393.128467] tee (2429815): drop_caches: 3
[1758398.072885] tee (2429826): drop_caches: 3
[1758403.616422] tee (2429837): drop_caches: 3
[1758409.012361] tee (2429851): drop_caches: 3
[1758414.329157] tee (2429860): drop_caches: 3
[1758419.402345] tee (2429869): drop_caches: 3
[1758424.593635] tee (2429878): drop_caches: 3
[1758429.142909] tee (2429890): drop_caches: 3
[1758434.380463] tee (2429899): drop_caches: 3
[1758439.707240] tee (2429913): drop_caches: 3
[1758445.021260] tee (2429922): drop_caches: 3
[1758450.198487] tee (2429931): drop_caches: 3
[1758455.386204] tee (2429940): drop_caches: 3
[1758459.946008] tee (2429952): drop_caches: 3
[1758465.289651] tee (2429961): drop_caches: 3
[1758470.517663] tee (2429975): drop_caches: 3
[1758475.727319] tee (2429984): drop_caches: 3
[1758480.909322] tee (2429993): drop_caches: 3
[1758486.691147] tee (2430004): drop_caches: 3
[1758491.241178] tee (2430017): drop_caches: 3
[1758496.661941] tee (2430026): drop_caches: 3
[1758502.382069] tee (2430040): drop_caches: 3
[1758507.787147] tee (2430050): drop_caches: 3
[1758513.115109] tee (2430061): drop_caches: 3
[1758518.746604] tee (2430072): drop_caches: 3
[1758523.360331] tee (2430084): drop_caches: 3
[1758528.967891] tee (2430095): drop_caches: 3
[1758534.781507] tee (2430114): drop_caches: 3
[1758540.117981] tee (2430123): drop_caches: 3
[1758545.242977] tee (2430132): drop_caches: 3
[1758550.470649] tee (2430141): drop_caches: 3
[1758555.312371] tee (2430153): drop_caches: 3
[1758560.933644] tee (2430169): drop_caches: 3
[1758566.484644] tee (2430195): drop_caches: 3
[1758571.831590] tee (2430204): drop_caches: 3
[1758577.019273] tee (2430213): drop_caches: 3
[1758582.339650] tee (2430224): drop_caches: 3
[1758587.741875] tee (2430235): drop_caches: 3
[1758592.709293] tee (2430252): drop_caches: 3
[1758598.389073] tee (2430265): drop_caches: 3
[1758603.850912] tee (2430274): drop_caches: 3
[1758609.110305] tee (2430283): drop_caches: 3
[1758613.896467] tee (2430294): drop_caches: 3
[1758619.327415] tee (2430305): drop_caches: 3
[1758624.768400] tee (2430319): drop_caches: 3
[1758630.128359] tee (2430328): drop_caches: 3
[1758635.324024] tee (2430337): drop_caches: 3
[1758640.678331] tee (2430346): drop_caches: 3
[1758645.417783] tee (2430358): drop_caches: 3
[1758650.715797] tee (2430373): drop_caches: 3
[1758656.098163] tee (2430384): drop_caches: 3
[1758661.324323] tee (2430393): drop_caches: 3
[1758666.625331] tee (2430403): drop_caches: 3
[1758672.068139] tee (2430413): drop_caches: 3
[1758676.942666] tee (2430423): drop_caches: 3
[1758682.309974] tee (2430439): drop_caches: 3
[1758687.827654] tee (2430449): drop_caches: 3
[1758693.275271] tee (2430461): drop_caches: 3
[1758698.739733] tee (2430471): drop_caches: 3
[1758704.024705] tee (2430480): drop_caches: 3
[1758709.228644] tee (2430492): drop_caches: 3
[1758714.880690] tee (2430517): drop_caches: 3
[1758720.834200] tee (2430532): drop_caches: 3
[1758727.136860] tee (2430541): drop_caches: 3
[1758733.574431] tee (2430555): drop_caches: 3
[1758740.374091] tee (2430565): drop_caches: 3
[1758746.156812] tee (2430581): drop_caches: 3
[1758753.043680] tee (2430591): drop_caches: 3
[1758759.964411] tee (2430604): drop_caches: 3
[1758766.807745] tee (2430613): drop_caches: 3
[1758773.488923] tee (2430632): drop_caches: 3
[1758778.978336] tee (2430644): drop_caches: 3
[1758786.372978] tee (2430655): drop_caches: 3
[1758793.060077] tee (2430665): drop_caches: 3
[1758799.546860] tee (2430678): drop_caches: 3
[1758806.636443] tee (2430693): drop_caches: 3
[1758812.175560] tee (2430705): drop_caches: 3
[1758818.791938] tee (2430719): drop_caches: 3
[1758825.904252] tee (2430728): drop_caches: 3
[1758832.643724] tee (2430743): drop_caches: 3
[1758839.415960] tee (2430779): drop_caches: 3
[1758845.003726] tee (2430791): drop_caches: 3
[1758851.796663] tee (2430801): drop_caches: 3
[1758858.492745] tee (2430816): drop_caches: 3
[1758865.337811] tee (2430830): drop_caches: 3
[1758872.020464] tee (2430840): drop_caches: 3
[1758877.475775] tee (2430852): drop_caches: 3
[1758884.604898] tee (2430867): drop_caches: 3
[1758890.622361] tee (2430884): drop_caches: 3
[1758898.471797] tee (2430946): drop_caches: 3
[1758905.664269] tee (2430979): drop_caches: 3
[1758911.359814] tee (2430995): drop_caches: 3
[1758918.383157] tee (2431034): drop_caches: 3
[1758924.676380] tee (2431045): drop_caches: 3
[1758931.029982] tee (2431059): drop_caches: 3
[1758937.830795] tee (2431070): drop_caches: 3
[1758943.357659] tee (2431085): drop_caches: 3
[1758949.559069] tee (2431096): drop_caches: 3
[1758956.226285] tee (2431112): drop_caches: 3
[1758962.765956] tee (2431122): drop_caches: 3
[1758969.274411] tee (2431135): drop_caches: 3
[1758975.017052] tee (2431146): drop_caches: 3
[1758981.094696] tee (2431156): drop_caches: 3
[1758987.703089] tee (2431171): drop_caches: 3
[1758994.485411] tee (2431184): drop_caches: 3
[1759001.035470] tee (2431193): drop_caches: 3
[1759008.136131] tee (2431204): drop_caches: 3
[1759014.242898] tee (2431219): drop_caches: 3
[1759021.286159] tee (2431233): drop_caches: 3
[1759028.341121] tee (2431247): drop_caches: 3
[1759033.964779] tee (2431257): drop_caches: 3
[1759039.089327] tee (2431266): drop_caches: 3
[1759043.655870] tee (2431278): drop_caches: 3
[1759049.132054] tee (2431292): drop_caches: 3
[1759054.469753] tee (2431301): drop_caches: 3
[1759059.660520] tee (2431310): drop_caches: 3
[1759065.103451] tee (2431319): drop_caches: 3
[1759070.235892] tee (2431328): drop_caches: 3
[1759074.872020] tee (2431340): drop_caches: 3
[1759080.145289] tee (2431354): drop_caches: 3
[1759085.301807] tee (2431363): drop_caches: 3
[1759090.679796] tee (2431374): drop_caches: 3
[1759095.855360] tee (2431383): drop_caches: 3
[1759101.152427] tee (2431394): drop_caches: 3
[1759107.156017] tee (2431421): drop_caches: 3
[1759113.140139] tee (2431438): drop_caches: 3
[1759118.452657] tee (2431449): drop_caches: 3
[1759123.805724] tee (2431458): drop_caches: 3
[1759129.166822] tee (2431467): drop_caches: 3
[1759133.759063] tee (2431484): drop_caches: 3
[1759139.316492] tee (2431498): drop_caches: 3
[1759144.728087] tee (2431507): drop_caches: 3
[1759149.858418] tee (2431516): drop_caches: 3
[1759155.205345] tee (2431525): drop_caches: 3
[1759160.473766] tee (2431535): drop_caches: 3
[1759165.374244] tee (2431547): drop_caches: 3
[1759170.753150] tee (2431563): drop_caches: 3
[1759176.019495] tee (2431572): drop_caches: 3
[1759181.302230] tee (2431581): drop_caches: 3
[1759186.433536] tee (2431590): drop_caches: 3
[1759191.559833] tee (2431602): drop_caches: 3
[1759196.198990] tee (2431614): drop_caches: 3
[1759201.341672] tee (2431628): drop_caches: 3
[1759206.537263] tee (2431637): drop_caches: 3
[1759211.650276] tee (2431646): drop_caches: 3
[1759216.833600] tee (2431655): drop_caches: 3
[1759222.016038] tee (2431664): drop_caches: 3
[1759226.556901] tee (2431676): drop_caches: 3
[1759231.752168] tee (2431690): drop_caches: 3
[1759237.270173] tee (2431699): drop_caches: 3
[1759242.501499] tee (2431708): drop_caches: 3
[1759248.115319] tee (2431724): drop_caches: 3
[1759251.135245] mix-mixB-arm31-2428254 phase=A END
[1759251.142951] mix-mixB-arm31-2428254 phase=B START
[1761053.375204] mix-mixB-arm31-2428254 phase=B END
[1761053.487788] NVMeVirt: Measurement: command=stop epoch=1 host_bytes=382805803008 learner_active=0
[1761054.619222] EXT4-fs (nvme0n1): unmounting filesystem fcba7e2c-829d-47fe-a2a3-d2afc70ea38f.
[1761054.802636] pci_bus 0001:10: busn_res: [bus 10-ff] is released
[1761054.802688] NVMeVirt: GC stats: ns=0 policy=cat-fig7-fixed host_pages=93458448 gc_pages=154256069 gc_count=3870539 WAF=2.650 warmup_gc=100-per-part
[1761054.874002] NVMeVirt: Virtual NVMe device closed
