[1673482.232587] mix-mixD-arm53-2192452 BEGIN
[1673482.578373] NVMeVirt: Version 1.10 for >> Samsung 970 Pro SSD <<
[1673482.578383] NVMeVirt: Storage: 0x100100000-0x300000000 (8191 MiB)
[1673482.589072] NVMeVirt: Total Capacity(GiB,MiB)=2,2048 chs=2 luns=4 lines=8192 blk-size(MiB,KiB)=0,64 line-size(MiB,KiB)=0,256
[1673482.600474] NVMeVirt: [chmodel_init] bandwidth 800 max_credits 26 tx_time 152
[1673482.612079] NVMeVirt: [chmodel_init] bandwidth 800 max_credits 26 tx_time 152
[1673482.612114] NVMeVirt: [chmodel_init] bandwidth 3360 max_credits 110 tx_time 36
[1673482.612117] NVMeVirt: Fixed CAT init ns=0 part=0 arm=53 k=10 scale_pct=100 age_ratio=16
[1673482.613709] NVMeVirt: pqueue: Copyright (c) 2014, Volkan Yazıcı <volkan.yazici@gmail.com>. All rights reserved.
[1673482.613762] NVMeVirt: Init FTL instance with 2 channels (524288 pages)
[1673482.613764] NVMeVirt: GC victim policy: cat-fig7-fixed ns=0 part=0 initial_k=10 initial_scale_pct=100 initial_age_ratio=16 warmup_gc=100
[1673482.626631] NVMeVirt: [chmodel_init] bandwidth 800 max_credits 26 tx_time 152
[1673482.637962] NVMeVirt: [chmodel_init] bandwidth 800 max_credits 26 tx_time 152
[1673482.637977] NVMeVirt: [chmodel_init] bandwidth 3360 max_credits 110 tx_time 36
[1673482.637979] NVMeVirt: Fixed CAT init ns=0 part=1 arm=53 k=10 scale_pct=100 age_ratio=16
[1673482.638964] NVMeVirt: Init FTL instance with 2 channels (524288 pages)
[1673482.638967] NVMeVirt: GC victim policy: cat-fig7-fixed ns=0 part=1 initial_k=10 initial_scale_pct=100 initial_age_ratio=16 warmup_gc=100
[1673482.649960] NVMeVirt: [chmodel_init] bandwidth 800 max_credits 26 tx_time 152
[1673482.660620] NVMeVirt: [chmodel_init] bandwidth 800 max_credits 26 tx_time 152
[1673482.660634] NVMeVirt: [chmodel_init] bandwidth 3360 max_credits 110 tx_time 36
[1673482.660636] NVMeVirt: Fixed CAT init ns=0 part=2 arm=53 k=10 scale_pct=100 age_ratio=16
[1673482.661609] NVMeVirt: Init FTL instance with 2 channels (524288 pages)
[1673482.661611] NVMeVirt: GC victim policy: cat-fig7-fixed ns=0 part=2 initial_k=10 initial_scale_pct=100 initial_age_ratio=16 warmup_gc=100
[1673482.672436] NVMeVirt: [chmodel_init] bandwidth 800 max_credits 26 tx_time 152
[1673482.683285] NVMeVirt: [chmodel_init] bandwidth 800 max_credits 26 tx_time 152
[1673482.683301] NVMeVirt: [chmodel_init] bandwidth 3360 max_credits 110 tx_time 36
[1673482.683303] NVMeVirt: Fixed CAT init ns=0 part=3 arm=53 k=10 scale_pct=100 age_ratio=16
[1673482.684394] NVMeVirt: Init FTL instance with 2 channels (524288 pages)
[1673482.684397] NVMeVirt: GC victim policy: cat-fig7-fixed ns=0 part=3 initial_k=10 initial_scale_pct=100 initial_age_ratio=16 warmup_gc=100
[1673482.684405] NVMeVirt: FTL physical space: 8588886016, logical space: 8026996276 (physical/logical * 100 = 107)
[1673482.684407] NVMeVirt: ns 0/1: size 7655 MiB
[1673482.684462] PCI host bridge to bus 0001:10
[1673482.684465] pci_bus 0001:10: root bus resource [io  0x0000-0xffff]
[1673482.684468] pci_bus 0001:10: root bus resource [mem 0x00000000-0x7fffffffff]
[1673482.684471] pci_bus 0001:10: root bus resource [bus 00-ff]
[1673482.684479] pci 0001:10:00.0: [0c51:0110] type 00 class 0x010802 PCIe Endpoint
[1673482.684483] pci 0001:10:00.0: BAR 0 [mem 0x100000000-0x100003fff 64bit]
[1673482.684486] pci 0001:10:00.0: enabling Extended Tags
[1673482.684616] NVMeVirt: Virtual PCI bus created (node 0)
[1673482.684950] NVMeVirt: nvmev_dispatcher started on cpu 1 (node 0)
[1673482.685003] NVMeVirt: Virtual NVMe device created
[1673482.685126] NVMeVirt: nvmev_io_worker_0 started on cpu 2 (node 0)
[1673482.685292] nvme nvme0: pci function 0001:10:00.0
[1673482.689473] nvme nvme0: 8/0/0 default/read/poll queues
[1673483.114364] EXT4-fs (nvme0n1): mounted filesystem 51345992-e34b-4c27-80cb-6d8f04f6df8d r/w with ordered data mode. Quota mode: none.
[1673553.669882] loop30: detected capacity change from 0 to 442448
[1673565.936379] NVMeVirt: Fixed CAT init ns=0 part=0 arm=53 k=10 scale_pct=100 age_ratio=16
[1673565.936384] NVMeVirt: Fixed CAT init ns=0 part=1 arm=53 k=10 scale_pct=100 age_ratio=16
[1673565.936387] NVMeVirt: Fixed CAT init ns=0 part=2 arm=53 k=10 scale_pct=100 age_ratio=16
[1673565.936388] NVMeVirt: Fixed CAT init ns=0 part=3 arm=53 k=10 scale_pct=100 age_ratio=16
[1673565.936390] NVMeVirt: Measurement: command=start epoch=1 host_bytes=0 learner_active=1
[1673565.945494] mix-mixD-arm53-2192452 phase=A START
[1673566.952194] audit: type=1400 audit(1790797080.716:695): apparmor="STATUS" operation="profile_replace" info="same as current profile, skipping" profile="unconfined" name="/snap/snapd/27738/usr/lib/snapd/snap-confine" pid=2192937 comm="apparmor_parser"
[1673567.366202] audit: type=1400 audit(1790797081.130:696): apparmor="STATUS" operation="profile_replace" profile="unconfined" name="snap.brave.hook.configure" pid=2192941 comm="apparmor_parser"
[1673567.597283] audit: type=1400 audit(1790797081.361:697): apparmor="STATUS" operation="profile_replace" profile="unconfined" name="snap-update-ns.brave" pid=2192939 comm="apparmor_parser"
[1673567.875848] audit: type=1400 audit(1790797081.639:698): apparmor="STATUS" operation="profile_replace" profile="unconfined" name="snap.brave.brave" pid=2192940 comm="apparmor_parser"
[1674166.257669] mix-mixD-arm53-2192452 phase=A END
[1674166.265887] mix-mixD-arm53-2192452 phase=B START
[1674766.599937] mix-mixD-arm53-2192452 phase=B END
[1674766.603040] NVMeVirt: Measurement: command=stop epoch=1 host_bytes=122907455488 learner_active=0
[1674766.662959] EXT4-fs (nvme0n1): unmounting filesystem 51345992-e34b-4c27-80cb-6d8f04f6df8d.
[1674766.727740] pci_bus 0001:10: busn_res: [bus 10-ff] is released
[1674766.727873] NVMeVirt: GC stats: ns=0 policy=cat-fig7-fixed host_pages=30006703 gc_pages=26286044 gc_count=879575 WAF=1.876 warmup_gc=100-per-part
[1674766.800962] NVMeVirt: Virtual NVMe device closed
