[760257.676184] mix-mixC-arm52-3989768 BEGIN
[760257.687657] NVMeVirt: Version 1.10 for >> Samsung 970 Pro SSD <<
[760257.687663] NVMeVirt: Storage: 0x100100000-0x300000000 (8191 MiB)
[760257.698678] NVMeVirt: Total Capacity(GiB,MiB)=2,2048 chs=2 luns=4 lines=8192 blk-size(MiB,KiB)=0,64 line-size(MiB,KiB)=0,256
[760257.710362] NVMeVirt: [chmodel_init] bandwidth 800 max_credits 26 tx_time 152
[760257.721834] NVMeVirt: [chmodel_init] bandwidth 800 max_credits 26 tx_time 152
[760257.721849] NVMeVirt: [chmodel_init] bandwidth 3360 max_credits 110 tx_time 36
[760257.721851] NVMeVirt: Fixed CAT init ns=0 part=0 arm=52 k=10 scale_pct=100 age_ratio=7
[760257.722786] NVMeVirt: pqueue: Copyright (c) 2014, Volkan Yazıcı <volkan.yazici@gmail.com>. All rights reserved.
[760257.722827] NVMeVirt: Init FTL instance with 2 channels (524288 pages)
[760257.722828] NVMeVirt: GC victim policy: cat-fig7-fixed ns=0 part=0 initial_k=10 initial_scale_pct=100 initial_age_ratio=7 warmup_gc=100
[760257.733874] NVMeVirt: [chmodel_init] bandwidth 800 max_credits 26 tx_time 152
[760257.744771] NVMeVirt: [chmodel_init] bandwidth 800 max_credits 26 tx_time 152
[760257.744785] NVMeVirt: [chmodel_init] bandwidth 3360 max_credits 110 tx_time 36
[760257.744787] NVMeVirt: Fixed CAT init ns=0 part=1 arm=52 k=10 scale_pct=100 age_ratio=7
[760257.745714] NVMeVirt: Init FTL instance with 2 channels (524288 pages)
[760257.745717] NVMeVirt: GC victim policy: cat-fig7-fixed ns=0 part=1 initial_k=10 initial_scale_pct=100 initial_age_ratio=7 warmup_gc=100
[760257.756496] NVMeVirt: [chmodel_init] bandwidth 800 max_credits 26 tx_time 152
[760257.766794] NVMeVirt: [chmodel_init] bandwidth 800 max_credits 26 tx_time 152
[760257.766808] NVMeVirt: [chmodel_init] bandwidth 3360 max_credits 110 tx_time 36
[760257.766810] NVMeVirt: Fixed CAT init ns=0 part=2 arm=52 k=10 scale_pct=100 age_ratio=7
[760257.767733] NVMeVirt: Init FTL instance with 2 channels (524288 pages)
[760257.767736] NVMeVirt: GC victim policy: cat-fig7-fixed ns=0 part=2 initial_k=10 initial_scale_pct=100 initial_age_ratio=7 warmup_gc=100
[760257.778119] NVMeVirt: [chmodel_init] bandwidth 800 max_credits 26 tx_time 152
[760257.788671] NVMeVirt: [chmodel_init] bandwidth 800 max_credits 26 tx_time 152
[760257.788685] NVMeVirt: [chmodel_init] bandwidth 3360 max_credits 110 tx_time 36
[760257.788688] NVMeVirt: Fixed CAT init ns=0 part=3 arm=52 k=10 scale_pct=100 age_ratio=7
[760257.789599] NVMeVirt: Init FTL instance with 2 channels (524288 pages)
[760257.789603] NVMeVirt: GC victim policy: cat-fig7-fixed ns=0 part=3 initial_k=10 initial_scale_pct=100 initial_age_ratio=7 warmup_gc=100
[760257.789611] NVMeVirt: FTL physical space: 8588886016, logical space: 8026996276 (physical/logical * 100 = 107)
[760257.789613] NVMeVirt: ns 0/1: size 7655 MiB
[760257.789691] PCI host bridge to bus 0001:10
[760257.789693] pci_bus 0001:10: root bus resource [io  0x0000-0xffff]
[760257.789696] pci_bus 0001:10: root bus resource [mem 0x00000000-0x7fffffffff]
[760257.789698] pci_bus 0001:10: root bus resource [bus 00-ff]
[760257.789706] pci 0001:10:00.0: [0c51:0110] type 00 class 0x010802 PCIe Endpoint
[760257.789710] pci 0001:10:00.0: BAR 0 [mem 0x100000000-0x100003fff 64bit]
[760257.789713] pci 0001:10:00.0: enabling Extended Tags
[760257.789892] NVMeVirt: Virtual PCI bus created (node 0)
[760257.790169] NVMeVirt: nvmev_io_worker_0 started on cpu 2 (node 0)
[760257.790273] NVMeVirt: nvmev_dispatcher started on cpu 1 (node 0)
[760257.790297] NVMeVirt: Virtual NVMe device created
[760257.790491] nvme nvme0: pci function 0001:10:00.0
[760257.793184] nvme nvme0: 8/0/0 default/read/poll queues
[760257.865289] EXT4-fs (nvme0n1): mounted filesystem 98bf3a7d-8a98-4fd7-afdc-bc419a0778fa r/w with ordered data mode. Quota mode: none.
[760339.873511] NVMeVirt: Fixed CAT init ns=0 part=0 arm=52 k=10 scale_pct=100 age_ratio=7
[760339.873518] NVMeVirt: Fixed CAT init ns=0 part=1 arm=52 k=10 scale_pct=100 age_ratio=7
[760339.873521] NVMeVirt: Fixed CAT init ns=0 part=2 arm=52 k=10 scale_pct=100 age_ratio=7
[760339.873523] NVMeVirt: Fixed CAT init ns=0 part=3 arm=52 k=10 scale_pct=100 age_ratio=7
[760339.873525] NVMeVirt: Measurement: command=start epoch=1 host_bytes=0 learner_active=1
[760339.882158] mix-mixC-arm52-3989768 phase=A START
[760940.196788] mix-mixC-arm52-3989768 phase=A END
[760940.203796] mix-mixC-arm52-3989768 phase=B START
[761540.518946] mix-mixC-arm52-3989768 phase=B END
[761540.521942] NVMeVirt: Measurement: command=stop epoch=1 host_bytes=122884431872 learner_active=0
[761540.571516] EXT4-fs (nvme0n1): unmounting filesystem 98bf3a7d-8a98-4fd7-afdc-bc419a0778fa.
[761540.630417] pci_bus 0001:10: busn_res: [bus 10-ff] is released
[761540.630632] NVMeVirt: GC stats: ns=0 policy=cat-fig7-fixed host_pages=30001082 gc_pages=26034120 gc_count=875550 WAF=1.867 warmup_gc=100-per-part
[761540.705059] NVMeVirt: Virtual NVMe device closed
