[675809.653854] mix-mixA-arm44-3922644 BEGIN
[675809.686973] NVMeVirt: Version 1.10 for >> Samsung 970 Pro SSD <<
[675809.686980] NVMeVirt: Storage: 0x100100000-0x300000000 (8191 MiB)
[675809.698047] NVMeVirt: Total Capacity(GiB,MiB)=2,2048 chs=2 luns=4 lines=8192 blk-size(MiB,KiB)=0,64 line-size(MiB,KiB)=0,256
[675809.709362] NVMeVirt: [chmodel_init] bandwidth 800 max_credits 26 tx_time 152
[675809.720251] NVMeVirt: [chmodel_init] bandwidth 800 max_credits 26 tx_time 152
[675809.720264] NVMeVirt: [chmodel_init] bandwidth 3360 max_credits 110 tx_time 36
[675809.720266] NVMeVirt: Fixed CAT init ns=0 part=0 arm=44 k=7 scale_pct=400 age_ratio=16
[675809.721502] NVMeVirt: pqueue: Copyright (c) 2014, Volkan Yazıcı <volkan.yazici@gmail.com>. All rights reserved.
[675809.721538] NVMeVirt: Init FTL instance with 2 channels (524288 pages)
[675809.721540] NVMeVirt: GC victim policy: cat-fig7-fixed ns=0 part=0 initial_k=7 initial_scale_pct=400 initial_age_ratio=16 warmup_gc=100
[675809.732376] NVMeVirt: [chmodel_init] bandwidth 800 max_credits 26 tx_time 152
[675809.743105] NVMeVirt: [chmodel_init] bandwidth 800 max_credits 26 tx_time 152
[675809.743119] NVMeVirt: [chmodel_init] bandwidth 3360 max_credits 110 tx_time 36
[675809.743121] NVMeVirt: Fixed CAT init ns=0 part=1 arm=44 k=7 scale_pct=400 age_ratio=16
[675809.744363] NVMeVirt: Init FTL instance with 2 channels (524288 pages)
[675809.744365] NVMeVirt: GC victim policy: cat-fig7-fixed ns=0 part=1 initial_k=7 initial_scale_pct=400 initial_age_ratio=16 warmup_gc=100
[675809.754949] NVMeVirt: [chmodel_init] bandwidth 800 max_credits 26 tx_time 152
[675809.765492] NVMeVirt: [chmodel_init] bandwidth 800 max_credits 26 tx_time 152
[675809.765504] NVMeVirt: [chmodel_init] bandwidth 3360 max_credits 110 tx_time 36
[675809.765507] NVMeVirt: Fixed CAT init ns=0 part=2 arm=44 k=7 scale_pct=400 age_ratio=16
[675809.766832] NVMeVirt: Init FTL instance with 2 channels (524288 pages)
[675809.766834] NVMeVirt: GC victim policy: cat-fig7-fixed ns=0 part=2 initial_k=7 initial_scale_pct=400 initial_age_ratio=16 warmup_gc=100
[675809.777348] NVMeVirt: [chmodel_init] bandwidth 800 max_credits 26 tx_time 152
[675809.787948] NVMeVirt: [chmodel_init] bandwidth 800 max_credits 26 tx_time 152
[675809.787962] NVMeVirt: [chmodel_init] bandwidth 3360 max_credits 110 tx_time 36
[675809.787964] NVMeVirt: Fixed CAT init ns=0 part=3 arm=44 k=7 scale_pct=400 age_ratio=16
[675809.789304] NVMeVirt: Init FTL instance with 2 channels (524288 pages)
[675809.789307] NVMeVirt: GC victim policy: cat-fig7-fixed ns=0 part=3 initial_k=7 initial_scale_pct=400 initial_age_ratio=16 warmup_gc=100
[675809.789314] NVMeVirt: FTL physical space: 8588886016, logical space: 8026996276 (physical/logical * 100 = 107)
[675809.789316] NVMeVirt: ns 0/1: size 7655 MiB
[675809.789381] PCI host bridge to bus 0001:10
[675809.789384] pci_bus 0001:10: root bus resource [io  0x0000-0xffff]
[675809.789386] pci_bus 0001:10: root bus resource [mem 0x00000000-0x7fffffffff]
[675809.789389] pci_bus 0001:10: root bus resource [bus 00-ff]
[675809.789410] pci 0001:10:00.0: [0c51:0110] type 00 class 0x010802 PCIe Endpoint
[675809.789414] pci 0001:10:00.0: BAR 0 [mem 0x100000000-0x100003fff 64bit]
[675809.789416] pci 0001:10:00.0: enabling Extended Tags
[675809.789540] NVMeVirt: Virtual PCI bus created (node 0)
[675809.789845] NVMeVirt: nvmev_io_worker_0 started on cpu 2 (node 0)
[675809.789995] NVMeVirt: nvmev_dispatcher started on cpu 1 (node 0)
[675809.790024] NVMeVirt: Virtual NVMe device created
[675809.790788] nvme nvme0: pci function 0001:10:00.0
[675809.793161] nvme nvme0: 8/0/0 default/read/poll queues
[675810.266035] EXT4-fs (nvme0n1): mounted filesystem 14bd14a9-d77c-49f3-bfa1-dfca52408468 r/w with ordered data mode. Quota mode: none.
[675892.770029] NVMeVirt: Fixed CAT init ns=0 part=0 arm=44 k=7 scale_pct=400 age_ratio=16
[675892.770035] NVMeVirt: Fixed CAT init ns=0 part=1 arm=44 k=7 scale_pct=400 age_ratio=16
[675892.770037] NVMeVirt: Fixed CAT init ns=0 part=2 arm=44 k=7 scale_pct=400 age_ratio=16
[675892.770039] NVMeVirt: Fixed CAT init ns=0 part=3 arm=44 k=7 scale_pct=400 age_ratio=16
[675892.770040] NVMeVirt: Measurement: command=start epoch=1 host_bytes=0 learner_active=1
[675892.778201] mix-mixA-arm44-3922644 phase=A START
[676493.085364] mix-mixA-arm44-3922644 phase=A END
[676493.093198] mix-mixA-arm44-3922644 phase=B START
[676493.104596] mix-mixA-arm44-3922644 phase=B LOAD
[676518.551297] mix-mixA-arm44-3922644 phase=B RUN
[676522.945125] tee (3923419): drop_caches: 3
[676528.308346] tee (3923423): drop_caches: 3
[676532.705383] tee (3923431): drop_caches: 3
[676538.090911] tee (3923435): drop_caches: 3
[676543.251516] tee (3923440): drop_caches: 3
[676548.392102] tee (3923444): drop_caches: 3
[676553.583106] tee (3923449): drop_caches: 3
[676558.796979] tee (3923453): drop_caches: 3
[676563.306017] tee (3923460): drop_caches: 3
[676568.502087] tee (3923464): drop_caches: 3
[676574.264984] tee (3923470): drop_caches: 3
[676581.256129] tee (3923476): drop_caches: 3
[676586.347199] tee (3923480): drop_caches: 3
[676591.464869] tee (3923487): drop_caches: 3
[676595.896556] tee (3923494): drop_caches: 3
[676601.169494] tee (3923498): drop_caches: 3
[676606.258372] tee (3923503): drop_caches: 3
[676611.359119] tee (3923507): drop_caches: 3
[676616.522534] tee (3923511): drop_caches: 3
[676621.701209] tee (3923515): drop_caches: 3
[676626.107697] tee (3923522): drop_caches: 3
[676631.196393] tee (3923526): drop_caches: 3
[676636.190565] tee (3923531): drop_caches: 3
[676641.200234] tee (3923535): drop_caches: 3
[676646.223695] tee (3923539): drop_caches: 3
[676652.029877] tee (3923544): drop_caches: 3
[676656.586887] tee (3923551): drop_caches: 3
[676661.907424] tee (3923555): drop_caches: 3
[676666.970691] tee (3923559): drop_caches: 3
[676672.054832] tee (3923563): drop_caches: 3
[676677.226083] tee (3923567): drop_caches: 3
[676682.347993] tee (3923571): drop_caches: 3
[676686.778947] tee (3923579): drop_caches: 3
[676692.002598] tee (3923583): drop_caches: 3
[676697.131422] tee (3923587): drop_caches: 3
[676702.273185] tee (3923591): drop_caches: 3
[676707.399936] tee (3923600): drop_caches: 3
[676712.436987] tee (3923605): drop_caches: 3
[676717.237540] tee (3923611): drop_caches: 3
[676722.546372] tee (3923616): drop_caches: 3
[676727.612999] tee (3923621): drop_caches: 3
[676732.585241] tee (3923626): drop_caches: 3
[676737.725923] tee (3923630): drop_caches: 3
[676742.807210] tee (3923634): drop_caches: 3
[676747.918759] tee (3923639): drop_caches: 3
[676752.962114] tee (3923645): drop_caches: 3
[676757.643889] tee (3923650): drop_caches: 3
[676762.680710] tee (3923654): drop_caches: 3
[676767.704964] tee (3923658): drop_caches: 3
[676772.947460] tee (3923663): drop_caches: 3
[676777.760499] tee (3923670): drop_caches: 3
[676782.293888] tee (3923678): drop_caches: 3
[676787.513442] tee (3923682): drop_caches: 3
[676792.515667] tee (3923686): drop_caches: 3
[676797.663330] tee (3923690): drop_caches: 3
[676802.724330] tee (3923694): drop_caches: 3
[676807.762998] tee (3923698): drop_caches: 3
[676812.158790] tee (3923705): drop_caches: 3
[676817.810564] tee (3923713): drop_caches: 3
[676822.932944] tee (3923718): drop_caches: 3
[676828.047927] tee (3923722): drop_caches: 3
[676833.291807] tee (3923726): drop_caches: 3
[676838.357763] tee (3923731): drop_caches: 3
[676842.764282] tee (3923740): drop_caches: 3
[676851.554161] tee (3923747): drop_caches: 3
[676855.365844] mix-mixA-arm44-3922644 phase=B END
[676855.770143] NVMeVirt: Measurement: command=stop epoch=1 host_bytes=131661885440 learner_active=0
[676859.299146] EXT4-fs (nvme0n1): unmounting filesystem 14bd14a9-d77c-49f3-bfa1-dfca52408468.
[676859.820233] pci_bus 0001:10: busn_res: [bus 10-ff] is released
[676859.820360] NVMeVirt: GC stats: ns=0 policy=cat-fig7-fixed host_pages=32144015 gc_pages=36528985 gc_count=1073016 WAF=2.136 warmup_gc=100-per-part
[676859.890602] NVMeVirt: Virtual NVMe device closed
