[320894.477592] mix-mixG-online-716001 BEGIN
[320894.491457] NVMeVirt: Version 1.10 for >> Samsung 970 Pro SSD <<
[320894.491463] NVMeVirt: Storage: 0x100100000-0x300000000 (8191 MiB)
[320894.502739] NVMeVirt: Total Capacity(GiB,MiB)=2,2048 chs=2 luns=4 lines=8192 blk-size(MiB,KiB)=0,64 line-size(MiB,KiB)=0,256
[320894.514281] NVMeVirt: [chmodel_init] bandwidth 800 max_credits 26 tx_time 152
[320894.525809] NVMeVirt: [chmodel_init] bandwidth 800 max_credits 26 tx_time 152
[320894.525824] NVMeVirt: [chmodel_init] bandwidth 3360 max_credits 110 tx_time 36
[320894.525826] NVMeVirt: WATGC_V2 init ns=0 part=0 arms=60 initial=37 prior=none gamma_q16=65503 exploration_q16=16384
[320894.527125] NVMeVirt: pqueue: Copyright (c) 2014, Volkan Yazıcı <volkan.yazici@gmail.com>. All rights reserved.
[320894.527163] NVMeVirt: Init FTL instance with 2 channels (524288 pages)
[320894.527165] NVMeVirt: GC victim policy: watgc-v2 ns=0 part=0 initial_k=7 initial_scale_pct=100 initial_age_ratio=7 warmup_gc=100
[320894.538366] NVMeVirt: [chmodel_init] bandwidth 800 max_credits 26 tx_time 152
[320894.549261] NVMeVirt: [chmodel_init] bandwidth 800 max_credits 26 tx_time 152
[320894.549283] NVMeVirt: [chmodel_init] bandwidth 3360 max_credits 110 tx_time 36
[320894.549286] NVMeVirt: WATGC_V2 init ns=0 part=1 arms=60 initial=37 prior=none gamma_q16=65503 exploration_q16=16384
[320894.551209] NVMeVirt: Init FTL instance with 2 channels (524288 pages)
[320894.551218] NVMeVirt: GC victim policy: watgc-v2 ns=0 part=1 initial_k=7 initial_scale_pct=100 initial_age_ratio=7 warmup_gc=100
[320894.562295] NVMeVirt: [chmodel_init] bandwidth 800 max_credits 26 tx_time 152
[320894.573328] NVMeVirt: [chmodel_init] bandwidth 800 max_credits 26 tx_time 152
[320894.573343] NVMeVirt: [chmodel_init] bandwidth 3360 max_credits 110 tx_time 36
[320894.573345] NVMeVirt: WATGC_V2 init ns=0 part=2 arms=60 initial=37 prior=none gamma_q16=65503 exploration_q16=16384
[320894.574661] NVMeVirt: Init FTL instance with 2 channels (524288 pages)
[320894.574664] NVMeVirt: GC victim policy: watgc-v2 ns=0 part=2 initial_k=7 initial_scale_pct=100 initial_age_ratio=7 warmup_gc=100
[320894.585449] NVMeVirt: [chmodel_init] bandwidth 800 max_credits 26 tx_time 152
[320894.596224] NVMeVirt: [chmodel_init] bandwidth 800 max_credits 26 tx_time 152
[320894.596238] NVMeVirt: [chmodel_init] bandwidth 3360 max_credits 110 tx_time 36
[320894.596240] NVMeVirt: WATGC_V2 init ns=0 part=3 arms=60 initial=37 prior=none gamma_q16=65503 exploration_q16=16384
[320894.597573] NVMeVirt: Init FTL instance with 2 channels (524288 pages)
[320894.597576] NVMeVirt: GC victim policy: watgc-v2 ns=0 part=3 initial_k=7 initial_scale_pct=100 initial_age_ratio=7 warmup_gc=100
[320894.597582] NVMeVirt: FTL physical space: 8588886016, logical space: 8026996276 (physical/logical * 100 = 107)
[320894.597584] NVMeVirt: ns 0/1: size 7655 MiB
[320894.597633] PCI host bridge to bus 0001:10
[320894.597635] pci_bus 0001:10: root bus resource [io  0x0000-0xffff]
[320894.597638] pci_bus 0001:10: root bus resource [mem 0x00000000-0x7fffffffff]
[320894.597640] pci_bus 0001:10: root bus resource [bus 00-ff]
[320894.597647] pci 0001:10:00.0: [0c51:0110] type 00 class 0x010802 PCIe Endpoint
[320894.597652] pci 0001:10:00.0: BAR 0 [mem 0x100000000-0x100003fff 64bit]
[320894.597654] pci 0001:10:00.0: enabling Extended Tags
[320894.597774] NVMeVirt: Virtual PCI bus created (node 0)
[320894.598048] NVMeVirt: nvmev_io_worker_0 started on cpu 2 (node 0)
[320894.598146] NVMeVirt: Virtual NVMe device created
[320894.598321] NVMeVirt: nvmev_dispatcher started on cpu 1 (node 0)
[320894.598411] nvme nvme0: pci function 0001:10:00.0
[320894.602539] nvme nvme0: 8/0/0 default/read/poll queues
[320894.673077] EXT4-fs (nvme0n1): mounted filesystem 41726566-454c-4598-9394-ed7e811b1f06 r/w with ordered data mode. Quota mode: none.
[320976.692955] NVMeVirt: WATGC_V2 init ns=0 part=0 arms=60 initial=37 prior=none gamma_q16=65503 exploration_q16=16384
[320976.692960] NVMeVirt: WATGC_V2 init ns=0 part=1 arms=60 initial=37 prior=none gamma_q16=65503 exploration_q16=16384
[320976.692962] NVMeVirt: WATGC_V2 init ns=0 part=2 arms=60 initial=37 prior=none gamma_q16=65503 exploration_q16=16384
[320976.692964] NVMeVirt: WATGC_V2 init ns=0 part=3 arms=60 initial=37 prior=none gamma_q16=65503 exploration_q16=16384
[320976.692966] NVMeVirt: Measurement: command=start epoch=1 host_bytes=0 learner_active=1
[320976.701523] mix-mixG-online-716001 phase=A START
[320977.292660] NVMeVirt: WATGC_V2 warmup-done ns=0 part=1 gc_count=2816
[320977.293011] NVMeVirt: WATGC_V2 warmup-done ns=0 part=2 gc_count=2818
[320977.300762] NVMeVirt: WATGC_V2 warmup-done ns=0 part=0 gc_count=2835
[320977.303244] NVMeVirt: WATGC_V2 warmup-done ns=0 part=3 gc_count=2823
[320983.178670] tee (716277): drop_caches: 3
[320986.474895] NVMeVirt: WATGC_V2 sample ns=0 part=3 epoch=1 window=1 phase=measure evaluated=37 k=7 scale_pct=100 age_ratio=7 host=65539 gc_pages=63100 gc_count=2010 waf_q16=128633 best=37 next=0 settled=0
[320986.505099] NVMeVirt: WATGC_V2 sample ns=0 part=1 epoch=1 window=1 phase=measure evaluated=37 k=7 scale_pct=100 age_ratio=7 host=65544 gc_pages=63223 gc_count=2012 waf_q16=128751 best=37 next=0 settled=0
[320986.506449] NVMeVirt: WATGC_V2 sample ns=0 part=0 epoch=1 window=1 phase=measure evaluated=37 k=7 scale_pct=100 age_ratio=7 host=65550 gc_pages=63222 gc_count=2012 waf_q16=128744 best=37 next=0 settled=0
[320986.511213] NVMeVirt: WATGC_V2 sample ns=0 part=2 epoch=1 window=1 phase=measure evaluated=37 k=7 scale_pct=100 age_ratio=7 host=65561 gc_pages=63018 gc_count=2009 waf_q16=128529 best=37 next=0 settled=0
[320996.316914] NVMeVirt: WATGC_V2 sample ns=0 part=1 epoch=1 window=2 phase=measure evaluated=0 k=2 scale_pct=25 age_ratio=4 host=65542 gc_pages=62590 gc_count=2002 waf_q16=128120 best=37 next=1 settled=0
[320996.322050] NVMeVirt: WATGC_V2 sample ns=0 part=3 epoch=1 window=2 phase=measure evaluated=0 k=2 scale_pct=25 age_ratio=4 host=65552 gc_pages=62516 gc_count=2001 waf_q16=128036 best=37 next=1 settled=0
[320996.339731] NVMeVirt: WATGC_V2 sample ns=0 part=2 epoch=1 window=2 phase=measure evaluated=0 k=2 scale_pct=25 age_ratio=4 host=65537 gc_pages=62467 gc_count=2000 waf_q16=128002 best=37 next=1 settled=0
[320996.343829] NVMeVirt: WATGC_V2 sample ns=0 part=0 epoch=1 window=2 phase=measure evaluated=0 k=2 scale_pct=25 age_ratio=4 host=65541 gc_pages=62462 gc_count=2000 waf_q16=127993 best=0 next=1 settled=0
[321006.160484] NVMeVirt: WATGC_V2 sample ns=0 part=2 epoch=1 window=3 phase=measure evaluated=1 k=2 scale_pct=25 age_ratio=7 host=65549 gc_pages=77815 gc_count=2240 waf_q16=143335 best=37 next=2 settled=0
[321006.163130] NVMeVirt: WATGC_V2 sample ns=0 part=1 epoch=1 window=3 phase=measure evaluated=1 k=2 scale_pct=25 age_ratio=7 host=65543 gc_pages=78843 gc_count=2256 waf_q16=144370 best=37 next=2 settled=0
[321006.166025] NVMeVirt: WATGC_V2 sample ns=0 part=3 epoch=1 window=3 phase=measure evaluated=1 k=2 scale_pct=25 age_ratio=7 host=65561 gc_pages=79017 gc_count=2259 waf_q16=144522 best=37 next=2 settled=0
[321006.168059] NVMeVirt: WATGC_V2 sample ns=0 part=0 epoch=1 window=3 phase=measure evaluated=1 k=2 scale_pct=25 age_ratio=7 host=65548 gc_pages=78263 gc_count=2247 waf_q16=143784 best=0 next=2 settled=0
[321007.715345] mix-mixG-online-716001 phase=A END
[321008.021312] NVMeVirt: Measurement: command=stop epoch=1 host_bytes=5019004928 learner_active=0
[321008.153422] EXT4-fs (nvme0n1): unmounting filesystem 41726566-454c-4598-9394-ed7e811b1f06.
[321008.597626] pci_bus 0001:10: busn_res: [bus 10-ff] is released
[321008.597694] NVMeVirt: WATGC_V2 summary ns=0 part=0 epoch=1 windows=3 epoch_windows=3 discarded=0 visited=3 covered=0 settled=0 phase=1 current=2 best=0 k=2 scale_pct=25 age_ratio=4 best_waf_valid=1 best_waf_q16=127993
[321008.597698] NVMeVirt: WATGC_V2 summary ns=0 part=1 epoch=1 windows=3 epoch_windows=3 discarded=0 visited=3 covered=0 settled=0 phase=1 current=2 best=37 k=7 scale_pct=100 age_ratio=7 best_waf_valid=1 best_waf_q16=128751
[321008.597702] NVMeVirt: WATGC_V2 summary ns=0 part=2 epoch=1 windows=3 epoch_windows=3 discarded=0 visited=3 covered=0 settled=0 phase=1 current=2 best=37 k=7 scale_pct=100 age_ratio=7 best_waf_valid=1 best_waf_q16=128529
[321008.597705] NVMeVirt: WATGC_V2 summary ns=0 part=3 epoch=1 windows=3 epoch_windows=3 discarded=0 visited=3 covered=0 settled=0 phase=1 current=2 best=37 k=7 scale_pct=100 age_ratio=7 best_waf_valid=1 best_waf_q16=128633
[321008.597707] NVMeVirt: GC stats: ns=0 policy=watgc-v2 host_pages=1225343 gc_pages=1216852 gc_count=38159 WAF=1.993 warmup_gc=100-per-part
[321008.672014] NVMeVirt: Virtual NVMe device closed
