[886028.219349] mix-mixO-fixed50-4192435 BEGIN
[886028.231151] NVMeVirt: Version 1.10 for >> Samsung 970 Pro SSD <<
[886028.231157] NVMeVirt: Storage: 0x100100000-0x300000000 (8191 MiB)
[886028.242684] NVMeVirt: Total Capacity(GiB,MiB)=2,2048 chs=2 luns=4 lines=8192 blk-size(MiB,KiB)=0,64 line-size(MiB,KiB)=0,256
[886028.254569] NVMeVirt: [chmodel_init] bandwidth 800 max_credits 26 tx_time 152
[886028.265879] NVMeVirt: [chmodel_init] bandwidth 800 max_credits 26 tx_time 152
[886028.265893] NVMeVirt: [chmodel_init] bandwidth 3360 max_credits 110 tx_time 36
[886028.265896] NVMeVirt: Fixed CAT init ns=0 part=0 arm=50 k=10 scale_pct=50 age_ratio=16
[886028.266797] NVMeVirt: pqueue: Copyright (c) 2014, Volkan Yazıcı <volkan.yazici@gmail.com>. All rights reserved.
[886028.266862] NVMeVirt: Init FTL instance with 2 channels (524288 pages)
[886028.266864] NVMeVirt: GC victim policy: cat-fig7-fixed ns=0 part=0 initial_k=10 initial_scale_pct=50 initial_age_ratio=16 warmup_gc=100
[886028.278366] NVMeVirt: [chmodel_init] bandwidth 800 max_credits 26 tx_time 152
[886028.289374] NVMeVirt: [chmodel_init] bandwidth 800 max_credits 26 tx_time 152
[886028.289388] NVMeVirt: [chmodel_init] bandwidth 3360 max_credits 110 tx_time 36
[886028.289391] NVMeVirt: Fixed CAT init ns=0 part=1 arm=50 k=10 scale_pct=50 age_ratio=16
[886028.290335] NVMeVirt: Init FTL instance with 2 channels (524288 pages)
[886028.290338] NVMeVirt: GC victim policy: cat-fig7-fixed ns=0 part=1 initial_k=10 initial_scale_pct=50 initial_age_ratio=16 warmup_gc=100
[886028.300881] NVMeVirt: [chmodel_init] bandwidth 800 max_credits 26 tx_time 152
[886028.311623] NVMeVirt: [chmodel_init] bandwidth 800 max_credits 26 tx_time 152
[886028.311636] NVMeVirt: [chmodel_init] bandwidth 3360 max_credits 110 tx_time 36
[886028.311638] NVMeVirt: Fixed CAT init ns=0 part=2 arm=50 k=10 scale_pct=50 age_ratio=16
[886028.312646] NVMeVirt: Init FTL instance with 2 channels (524288 pages)
[886028.312649] NVMeVirt: GC victim policy: cat-fig7-fixed ns=0 part=2 initial_k=10 initial_scale_pct=50 initial_age_ratio=16 warmup_gc=100
[886028.323544] NVMeVirt: [chmodel_init] bandwidth 800 max_credits 26 tx_time 152
[886028.334341] NVMeVirt: [chmodel_init] bandwidth 800 max_credits 26 tx_time 152
[886028.334356] NVMeVirt: [chmodel_init] bandwidth 3360 max_credits 110 tx_time 36
[886028.334358] NVMeVirt: Fixed CAT init ns=0 part=3 arm=50 k=10 scale_pct=50 age_ratio=16
[886028.335373] NVMeVirt: Init FTL instance with 2 channels (524288 pages)
[886028.335375] NVMeVirt: GC victim policy: cat-fig7-fixed ns=0 part=3 initial_k=10 initial_scale_pct=50 initial_age_ratio=16 warmup_gc=100
[886028.335382] NVMeVirt: FTL physical space: 8588886016, logical space: 8026996276 (physical/logical * 100 = 107)
[886028.335384] NVMeVirt: ns 0/1: size 7655 MiB
[886028.335433] PCI host bridge to bus 0001:10
[886028.335449] pci_bus 0001:10: root bus resource [io  0x0000-0xffff]
[886028.335452] pci_bus 0001:10: root bus resource [mem 0x00000000-0x7fffffffff]
[886028.335455] pci_bus 0001:10: root bus resource [bus 00-ff]
[886028.335462] pci 0001:10:00.0: [0c51:0110] type 00 class 0x010802 PCIe Endpoint
[886028.335466] pci 0001:10:00.0: BAR 0 [mem 0x100000000-0x100003fff 64bit]
[886028.335469] pci 0001:10:00.0: enabling Extended Tags
[886028.335595] NVMeVirt: Virtual PCI bus created (node 0)
[886028.335899] NVMeVirt: nvmev_io_worker_0 started on cpu 2 (node 0)
[886028.335928] NVMeVirt: nvmev_dispatcher started on cpu 1 (node 0)
[886028.335977] NVMeVirt: Virtual NVMe device created
[886028.336648] nvme nvme0: pci function 0001:10:00.0
[886028.340189] nvme nvme0: 8/0/0 default/read/poll queues
[886028.409702] EXT4-fs (nvme0n1): mounted filesystem 971cc6af-9ab3-4060-b4a6-d4944ae0490a r/w with ordered data mode. Quota mode: none.
[886110.408978] NVMeVirt: Fixed CAT init ns=0 part=0 arm=50 k=10 scale_pct=50 age_ratio=16
[886110.408983] NVMeVirt: Fixed CAT init ns=0 part=1 arm=50 k=10 scale_pct=50 age_ratio=16
[886110.408985] NVMeVirt: Fixed CAT init ns=0 part=2 arm=50 k=10 scale_pct=50 age_ratio=16
[886110.408987] NVMeVirt: Fixed CAT init ns=0 part=3 arm=50 k=10 scale_pct=50 age_ratio=16
[886110.408988] NVMeVirt: Measurement: command=start epoch=1 host_bytes=0 learner_active=1
[886110.421076] mix-mixO-fixed50-4192435 phase=A START
[886414.414582] mix-mixO-fixed50-4192435 phase=A END
[886414.540160] mix-mixO-fixed50-4192435 phase=B START
[886717.778328] mix-mixO-fixed50-4192435 phase=B END
[886717.781515] NVMeVirt: Measurement: command=stop epoch=1 host_bytes=254172639232 learner_active=0
[886717.936918] EXT4-fs (nvme0n1): unmounting filesystem 971cc6af-9ab3-4060-b4a6-d4944ae0490a.
[886718.022986] pci_bus 0001:10: busn_res: [bus 10-ff] is released
[886718.023092] NVMeVirt: GC stats: ns=0 policy=cat-fig7-fixed host_pages=62053867 gc_pages=62095566 gc_count=1939834 WAF=2.000 warmup_gc=100-per-part
[886718.098030] NVMeVirt: Virtual NVMe device closed
