[678952.746140] mix-mixA-arm47-3926147 BEGIN
[678952.796419] NVMeVirt: Version 1.10 for >> Samsung 970 Pro SSD <<
[678952.796425] NVMeVirt: Storage: 0x100100000-0x300000000 (8191 MiB)
[678952.807494] NVMeVirt: Total Capacity(GiB,MiB)=2,2048 chs=2 luns=4 lines=8192 blk-size(MiB,KiB)=0,64 line-size(MiB,KiB)=0,256
[678952.818652] NVMeVirt: [chmodel_init] bandwidth 800 max_credits 26 tx_time 152
[678952.829453] NVMeVirt: [chmodel_init] bandwidth 800 max_credits 26 tx_time 152
[678952.829467] NVMeVirt: [chmodel_init] bandwidth 3360 max_credits 110 tx_time 36
[678952.829469] NVMeVirt: Fixed CAT init ns=0 part=0 arm=47 k=10 scale_pct=25 age_ratio=16
[678952.830356] NVMeVirt: pqueue: Copyright (c) 2014, Volkan Yazıcı <volkan.yazici@gmail.com>. All rights reserved.
[678952.830391] NVMeVirt: Init FTL instance with 2 channels (524288 pages)
[678952.830393] NVMeVirt: GC victim policy: cat-fig7-fixed ns=0 part=0 initial_k=10 initial_scale_pct=25 initial_age_ratio=16 warmup_gc=100
[678952.840896] NVMeVirt: [chmodel_init] bandwidth 800 max_credits 26 tx_time 152
[678952.851781] NVMeVirt: [chmodel_init] bandwidth 800 max_credits 26 tx_time 152
[678952.851794] NVMeVirt: [chmodel_init] bandwidth 3360 max_credits 110 tx_time 36
[678952.851797] NVMeVirt: Fixed CAT init ns=0 part=1 arm=47 k=10 scale_pct=25 age_ratio=16
[678952.852725] NVMeVirt: Init FTL instance with 2 channels (524288 pages)
[678952.852728] NVMeVirt: GC victim policy: cat-fig7-fixed ns=0 part=1 initial_k=10 initial_scale_pct=25 initial_age_ratio=16 warmup_gc=100
[678952.863492] NVMeVirt: [chmodel_init] bandwidth 800 max_credits 26 tx_time 152
[678952.873906] NVMeVirt: [chmodel_init] bandwidth 800 max_credits 26 tx_time 152
[678952.873920] NVMeVirt: [chmodel_init] bandwidth 3360 max_credits 110 tx_time 36
[678952.873922] NVMeVirt: Fixed CAT init ns=0 part=2 arm=47 k=10 scale_pct=25 age_ratio=16
[678952.874926] NVMeVirt: Init FTL instance with 2 channels (524288 pages)
[678952.874928] NVMeVirt: GC victim policy: cat-fig7-fixed ns=0 part=2 initial_k=10 initial_scale_pct=25 initial_age_ratio=16 warmup_gc=100
[678952.885487] NVMeVirt: [chmodel_init] bandwidth 800 max_credits 26 tx_time 152
[678952.895912] NVMeVirt: [chmodel_init] bandwidth 800 max_credits 26 tx_time 152
[678952.895926] NVMeVirt: [chmodel_init] bandwidth 3360 max_credits 110 tx_time 36
[678952.895928] NVMeVirt: Fixed CAT init ns=0 part=3 arm=47 k=10 scale_pct=25 age_ratio=16
[678952.896923] NVMeVirt: Init FTL instance with 2 channels (524288 pages)
[678952.896926] NVMeVirt: GC victim policy: cat-fig7-fixed ns=0 part=3 initial_k=10 initial_scale_pct=25 initial_age_ratio=16 warmup_gc=100
[678952.896933] NVMeVirt: FTL physical space: 8588886016, logical space: 8026996276 (physical/logical * 100 = 107)
[678952.896935] NVMeVirt: ns 0/1: size 7655 MiB
[678952.896984] PCI host bridge to bus 0001:10
[678952.897000] pci_bus 0001:10: root bus resource [io  0x0000-0xffff]
[678952.897003] pci_bus 0001:10: root bus resource [mem 0x00000000-0x7fffffffff]
[678952.897005] pci_bus 0001:10: root bus resource [bus 00-ff]
[678952.897013] pci 0001:10:00.0: [0c51:0110] type 00 class 0x010802 PCIe Endpoint
[678952.897025] pci 0001:10:00.0: BAR 0 [mem 0x100000000-0x100003fff 64bit]
[678952.897028] pci 0001:10:00.0: enabling Extended Tags
[678952.897171] NVMeVirt: Virtual PCI bus created (node 0)
[678952.897448] NVMeVirt: nvmev_io_worker_0 started on cpu 2 (node 0)
[678952.897533] NVMeVirt: Virtual NVMe device created
[678952.897548] NVMeVirt: nvmev_dispatcher started on cpu 1 (node 0)
[678952.897689] nvme nvme0: pci function 0001:10:00.0
[678952.901612] nvme nvme0: 8/0/0 default/read/poll queues
[678953.282891] EXT4-fs (nvme0n1): mounted filesystem 7e716193-c6d0-42e7-b08d-7000392ea480 r/w with ordered data mode. Quota mode: none.
[679035.828949] NVMeVirt: Fixed CAT init ns=0 part=0 arm=47 k=10 scale_pct=25 age_ratio=16
[679035.828954] NVMeVirt: Fixed CAT init ns=0 part=1 arm=47 k=10 scale_pct=25 age_ratio=16
[679035.828956] NVMeVirt: Fixed CAT init ns=0 part=2 arm=47 k=10 scale_pct=25 age_ratio=16
[679035.828957] NVMeVirt: Fixed CAT init ns=0 part=3 arm=47 k=10 scale_pct=25 age_ratio=16
[679035.828959] NVMeVirt: Measurement: command=start epoch=1 host_bytes=0 learner_active=1
[679035.837000] mix-mixA-arm47-3926147 phase=A START
[679636.143611] mix-mixA-arm47-3926147 phase=A END
[679636.151460] mix-mixA-arm47-3926147 phase=B START
[679636.162462] mix-mixA-arm47-3926147 phase=B LOAD
[679661.893511] mix-mixA-arm47-3926147 phase=B RUN
[679666.247826] tee (3926878): drop_caches: 3
[679671.523423] tee (3926882): drop_caches: 3
[679675.765520] tee (3926890): drop_caches: 3
[679681.197746] tee (3926897): drop_caches: 3
[679686.331024] tee (3926903): drop_caches: 3
[679691.406708] tee (3926907): drop_caches: 3
[679696.572654] tee (3926912): drop_caches: 3
[679701.646243] tee (3926916): drop_caches: 3
[679706.103436] tee (3926928): drop_caches: 3
[679711.283592] tee (3926932): drop_caches: 3
[679716.331408] tee (3926936): drop_caches: 3
[679721.411933] tee (3926940): drop_caches: 3
[679726.458626] tee (3926944): drop_caches: 3
[679731.470305] tee (3926949): drop_caches: 3
[679736.528745] tee (3926955): drop_caches: 3
[679742.003001] tee (3926960): drop_caches: 3
[679747.241891] tee (3926964): drop_caches: 3
[679752.343390] tee (3926968): drop_caches: 3
[679757.503474] tee (3926973): drop_caches: 3
[679762.786649] tee (3926977): drop_caches: 3
[679769.389857] tee (3927010): drop_caches: 3
[679777.483266] tee (3927026): drop_caches: 3
[679783.181717] tee (3927047): drop_caches: 3
[679788.628923] tee (3927051): drop_caches: 3
[679793.846687] tee (3927055): drop_caches: 3
[679799.047602] tee (3927060): drop_caches: 3
[679803.447785] tee (3927067): drop_caches: 3
[679808.479937] tee (3927071): drop_caches: 3
[679813.411853] tee (3927075): drop_caches: 3
[679818.304510] tee (3927079): drop_caches: 3
[679823.167804] tee (3927083): drop_caches: 3
[679828.108848] tee (3927087): drop_caches: 3
[679832.430537] tee (3927096): drop_caches: 3
[679837.439665] tee (3927100): drop_caches: 3
[679842.358758] tee (3927104): drop_caches: 3
[679847.399756] tee (3927110): drop_caches: 3
[679852.419592] tee (3927115): drop_caches: 3
[679857.386132] tee (3927119): drop_caches: 3
[679862.497520] tee (3927124): drop_caches: 3
[679867.671548] tee (3927130): drop_caches: 3
[679872.665461] tee (3927134): drop_caches: 3
[679877.590579] tee (3927138): drop_caches: 3
[679882.417549] tee (3927142): drop_caches: 3
[679887.321642] tee (3927146): drop_caches: 3
[679892.250287] tee (3927150): drop_caches: 3
[679896.579864] tee (3927157): drop_caches: 3
[679901.548823] tee (3927162): drop_caches: 3
[679906.423778] tee (3927166): drop_caches: 3
[679911.428989] tee (3927170): drop_caches: 3
[679916.317105] tee (3927174): drop_caches: 3
[679921.268013] tee (3927178): drop_caches: 3
[679925.659070] tee (3927185): drop_caches: 3
[679930.767085] tee (3927189): drop_caches: 3
[679935.703809] tee (3927193): drop_caches: 3
[679940.609227] tee (3927198): drop_caches: 3
[679945.598632] tee (3927204): drop_caches: 3
[679950.640012] tee (3927208): drop_caches: 3
[679955.773303] tee (3927214): drop_caches: 3
[679961.119425] tee (3927220): drop_caches: 3
[679966.093401] tee (3927224): drop_caches: 3
[679971.003956] tee (3927228): drop_caches: 3
[679975.939660] tee (3927232): drop_caches: 3
[679980.949458] tee (3927236): drop_caches: 3
[679985.958352] tee (3927240): drop_caches: 3
[679990.311783] tee (3927247): drop_caches: 3
[679995.319868] tee (3927252): drop_caches: 3
[680000.175606] tee (3927256): drop_caches: 3
[680005.100329] tee (3927266): drop_caches: 3
[680010.090689] tee (3927270): drop_caches: 3
[680015.360534] tee (3927275): drop_caches: 3
[680019.724053] tee (3927282): drop_caches: 3
[680024.828426] tee (3927286): drop_caches: 3
[680029.868471] tee (3927290): drop_caches: 3
[680034.812995] tee (3927294): drop_caches: 3
[680039.747929] tee (3927298): drop_caches: 3
[680044.730881] tee (3927302): drop_caches: 3
[680049.093926] tee (3927307): drop_caches: 3
[680054.291441] tee (3927313): drop_caches: 3
[680059.239037] tee (3927317): drop_caches: 3
[680064.173470] tee (3927321): drop_caches: 3
[680069.061312] tee (3927325): drop_caches: 3
[680073.953717] tee (3927330): drop_caches: 3
[680078.446518] tee (3927379): drop_caches: 3
[680083.407043] tee (3927409): drop_caches: 3
[680089.852196] tee (3927418): drop_caches: 3
[680095.222549] tee (3927449): drop_caches: 3
[680100.223855] tee (3927453): drop_caches: 3
[680105.184218] tee (3927457): drop_caches: 3
[680110.133342] tee (3927461): drop_caches: 3
[680114.586445] tee (3927468): drop_caches: 3
[680119.605648] tee (3927472): drop_caches: 3
[680124.612113] tee (3927479): drop_caches: 3
[680126.602651] mix-mixA-arm47-3926147 phase=B END
[680126.918524] NVMeVirt: Measurement: command=stop epoch=1 host_bytes=131374116864 learner_active=0
[680127.415000] EXT4-fs (nvme0n1): unmounting filesystem 7e716193-c6d0-42e7-b08d-7000392ea480.
[680127.747978] pci_bus 0001:10: busn_res: [bus 10-ff] is released
[680127.748034] NVMeVirt: GC stats: ns=0 policy=cat-fig7-fixed host_pages=32073759 gc_pages=23483798 gc_count=868087 WAF=1.732 warmup_gc=100-per-part
[680127.819188] NVMeVirt: Virtual NVMe device closed
