[1711854.252414] mix-mixH-arm53-2262217 BEGIN
[1711854.339395] NVMeVirt: Version 1.10 for >> Samsung 970 Pro SSD <<
[1711854.339401] NVMeVirt: Storage: 0x100100000-0x300000000 (8191 MiB)
[1711854.350341] NVMeVirt: Total Capacity(GiB,MiB)=2,2048 chs=2 luns=4 lines=8192 blk-size(MiB,KiB)=0,64 line-size(MiB,KiB)=0,256
[1711854.362933] NVMeVirt: [chmodel_init] bandwidth 800 max_credits 26 tx_time 152
[1711854.374108] NVMeVirt: [chmodel_init] bandwidth 800 max_credits 26 tx_time 152
[1711854.374123] NVMeVirt: [chmodel_init] bandwidth 3360 max_credits 110 tx_time 36
[1711854.374126] NVMeVirt: Fixed CAT init ns=0 part=0 arm=53 k=10 scale_pct=100 age_ratio=16
[1711854.375082] NVMeVirt: pqueue: Copyright (c) 2014, Volkan Yazıcı <volkan.yazici@gmail.com>. All rights reserved.
[1711854.375121] NVMeVirt: Init FTL instance with 2 channels (524288 pages)
[1711854.375123] NVMeVirt: GC victim policy: cat-fig7-fixed ns=0 part=0 initial_k=10 initial_scale_pct=100 initial_age_ratio=16 warmup_gc=100
[1711854.386535] NVMeVirt: [chmodel_init] bandwidth 800 max_credits 26 tx_time 152
[1711854.397597] NVMeVirt: [chmodel_init] bandwidth 800 max_credits 26 tx_time 152
[1711854.397622] NVMeVirt: [chmodel_init] bandwidth 3360 max_credits 110 tx_time 36
[1711854.397624] NVMeVirt: Fixed CAT init ns=0 part=1 arm=53 k=10 scale_pct=100 age_ratio=16
[1711854.398599] NVMeVirt: Init FTL instance with 2 channels (524288 pages)
[1711854.398602] NVMeVirt: GC victim policy: cat-fig7-fixed ns=0 part=1 initial_k=10 initial_scale_pct=100 initial_age_ratio=16 warmup_gc=100
[1711854.409767] NVMeVirt: [chmodel_init] bandwidth 800 max_credits 26 tx_time 152
[1711854.421067] NVMeVirt: [chmodel_init] bandwidth 800 max_credits 26 tx_time 152
[1711854.421084] NVMeVirt: [chmodel_init] bandwidth 3360 max_credits 110 tx_time 36
[1711854.421087] NVMeVirt: Fixed CAT init ns=0 part=2 arm=53 k=10 scale_pct=100 age_ratio=16
[1711854.422543] NVMeVirt: Init FTL instance with 2 channels (524288 pages)
[1711854.422549] NVMeVirt: GC victim policy: cat-fig7-fixed ns=0 part=2 initial_k=10 initial_scale_pct=100 initial_age_ratio=16 warmup_gc=100
[1711854.433585] NVMeVirt: [chmodel_init] bandwidth 800 max_credits 26 tx_time 152
[1711854.444454] NVMeVirt: [chmodel_init] bandwidth 800 max_credits 26 tx_time 152
[1711854.444468] NVMeVirt: [chmodel_init] bandwidth 3360 max_credits 110 tx_time 36
[1711854.444471] NVMeVirt: Fixed CAT init ns=0 part=3 arm=53 k=10 scale_pct=100 age_ratio=16
[1711854.445386] NVMeVirt: Init FTL instance with 2 channels (524288 pages)
[1711854.445413] NVMeVirt: GC victim policy: cat-fig7-fixed ns=0 part=3 initial_k=10 initial_scale_pct=100 initial_age_ratio=16 warmup_gc=100
[1711854.445425] NVMeVirt: FTL physical space: 8588886016, logical space: 8026996276 (physical/logical * 100 = 107)
[1711854.445428] NVMeVirt: ns 0/1: size 7655 MiB
[1711854.445509] PCI host bridge to bus 0001:10
[1711854.445512] pci_bus 0001:10: root bus resource [io  0x0000-0xffff]
[1711854.445516] pci_bus 0001:10: root bus resource [mem 0x00000000-0x7fffffffff]
[1711854.445519] pci_bus 0001:10: root bus resource [bus 00-ff]
[1711854.445529] pci 0001:10:00.0: [0c51:0110] type 00 class 0x010802 PCIe Endpoint
[1711854.445557] pci 0001:10:00.0: BAR 0 [mem 0x100000000-0x100003fff 64bit]
[1711854.445562] pci 0001:10:00.0: enabling Extended Tags
[1711854.445731] NVMeVirt: Virtual PCI bus created (node 0)
[1711854.446008] NVMeVirt: nvmev_io_worker_0 started on cpu 2 (node 0)
[1711854.446120] NVMeVirt: nvmev_dispatcher started on cpu 1 (node 0)
[1711854.446134] NVMeVirt: Virtual NVMe device created
[1711854.446283] nvme nvme0: pci function 0001:10:00.0
[1711854.450185] nvme nvme0: 8/0/0 default/read/poll queues
[1711854.952905] EXT4-fs (nvme0n1): mounted filesystem 54658e3c-d5a6-4cbd-941f-08caeaf57445 r/w with ordered data mode. Quota mode: none.
[1711937.290634] NVMeVirt: Fixed CAT init ns=0 part=0 arm=53 k=10 scale_pct=100 age_ratio=16
[1711937.290642] NVMeVirt: Fixed CAT init ns=0 part=1 arm=53 k=10 scale_pct=100 age_ratio=16
[1711937.290645] NVMeVirt: Fixed CAT init ns=0 part=2 arm=53 k=10 scale_pct=100 age_ratio=16
[1711937.290647] NVMeVirt: Fixed CAT init ns=0 part=3 arm=53 k=10 scale_pct=100 age_ratio=16
[1711937.290650] NVMeVirt: Measurement: command=start epoch=1 host_bytes=0 learner_active=1
[1711937.299814] mix-mixH-arm53-2262217 phase=A START
[1712537.661719] mix-mixH-arm53-2262217 phase=A END
[1712537.670050] mix-mixH-arm53-2262217 phase=B START
[1713138.005091] mix-mixH-arm53-2262217 phase=B END
[1713138.014264] mix-mixH-arm53-2262217 phase=C START
[1713138.026081] mix-mixH-arm53-2262217 phase=C LOAD
[1713164.761927] mix-mixH-arm53-2262217 phase=C RUN
[1713169.132990] tee (2265337): drop_caches: 3
[1713175.113733] tee (2265358): drop_caches: 3
[1713179.481735] tee (2265365): drop_caches: 3
[1713185.219716] tee (2265380): drop_caches: 3
[1713190.729067] tee (2265389): drop_caches: 3
[1713196.264330] tee (2265398): drop_caches: 3
[1713201.401289] tee (2265407): drop_caches: 3
[1713206.598500] tee (2265421): drop_caches: 3
[1713211.430372] tee (2265433): drop_caches: 3
[1713216.599779] tee (2265442): drop_caches: 3
[1713221.701501] tee (2265451): drop_caches: 3
[1713226.977684] tee (2265460): drop_caches: 3
[1713232.336186] tee (2265475): drop_caches: 3
[1713237.897853] tee (2265490): drop_caches: 3
[1713243.845712] tee (2265538): drop_caches: 3
[1713249.129812] tee (2265547): drop_caches: 3
[1713254.722050] tee (2265562): drop_caches: 3
[1713260.617535] tee (2265572): drop_caches: 3
[1713266.639910] tee (2265595): drop_caches: 3
[1713272.441450] tee (2265647): drop_caches: 3
[1713278.135487] tee (2265656): drop_caches: 3
[1713283.527014] tee (2265665): drop_caches: 3
[1713288.418351] tee (2265677): drop_caches: 3
[1713293.529357] tee (2265731): drop_caches: 3
[1713299.091475] tee (2265783): drop_caches: 3
[1713303.528771] tee (2265809): drop_caches: 3
[1713308.952244] tee (2265836): drop_caches: 3
[1713313.931777] tee (2265845): drop_caches: 3
[1713318.900198] tee (2265854): drop_caches: 3
[1713323.871952] tee (2265863): drop_caches: 3
[1713328.918786] tee (2265877): drop_caches: 3
[1713333.865225] tee (2265888): drop_caches: 3
[1713339.200497] tee (2265898): drop_caches: 3
[1713344.278629] tee (2265907): drop_caches: 3
[1713349.457639] tee (2265918): drop_caches: 3
[1713354.682445] tee (2265932): drop_caches: 3
[1713360.011555] tee (2265946): drop_caches: 3
[1713365.589688] tee (2265957): drop_caches: 3
[1713370.995596] tee (2265967): drop_caches: 3
[1713375.924976] tee (2265976): drop_caches: 3
[1713380.894653] tee (2265985): drop_caches: 3
[1713385.875633] tee (2265994): drop_caches: 3
[1713390.992732] tee (2266008): drop_caches: 3
[1713395.975096] tee (2266017): drop_caches: 3
[1713400.369583] tee (2266029): drop_caches: 3
[1713405.499037] tee (2266038): drop_caches: 3
[1713410.457023] tee (2266047): drop_caches: 3
[1713416.154152] tee (2266058): drop_caches: 3
[1713421.211211] tee (2266072): drop_caches: 3
[1713426.227460] tee (2266081): drop_caches: 3
[1713430.613438] tee (2266093): drop_caches: 3
[1713435.734718] tee (2266102): drop_caches: 3
[1713440.821823] tee (2266111): drop_caches: 3
[1713445.800040] tee (2266120): drop_caches: 3
[1713451.081567] tee (2266134): drop_caches: 3
[1713456.138736] tee (2266143): drop_caches: 3
[1713460.724112] tee (2266155): drop_caches: 3
[1713465.797524] tee (2266164): drop_caches: 3
[1713470.767140] tee (2266173): drop_caches: 3
[1713475.982137] tee (2266182): drop_caches: 3
[1713481.003128] tee (2266196): drop_caches: 3
[1713486.128872] tee (2266205): drop_caches: 3
[1713494.131868] tee (2266219): drop_caches: 3
[1713497.980820] mix-mixH-arm53-2262217 phase=C END
[1713498.162436] NVMeVirt: Measurement: command=stop epoch=1 host_bytes=156145758208 learner_active=0
[1713501.372250] EXT4-fs (nvme0n1): unmounting filesystem 54658e3c-d5a6-4cbd-941f-08caeaf57445.
[1713501.598261] pci_bus 0001:10: busn_res: [bus 10-ff] is released
[1713501.598335] NVMeVirt: GC stats: ns=0 policy=cat-fig7-fixed host_pages=38121523 gc_pages=29352002 gc_count=1054273 WAF=1.769 warmup_gc=100-per-part
[1713501.673152] NVMeVirt: Virtual NVMe device closed
