[712768.581366] mix-mixC-arm15-3955765 BEGIN
[712768.592728] NVMeVirt: Version 1.10 for >> Samsung 970 Pro SSD <<
[712768.592734] NVMeVirt: Storage: 0x100100000-0x300000000 (8191 MiB)
[712768.603998] NVMeVirt: Total Capacity(GiB,MiB)=2,2048 chs=2 luns=4 lines=8192 blk-size(MiB,KiB)=0,64 line-size(MiB,KiB)=0,256
[712768.615722] NVMeVirt: [chmodel_init] bandwidth 800 max_credits 26 tx_time 152
[712768.626729] NVMeVirt: [chmodel_init] bandwidth 800 max_credits 26 tx_time 152
[712768.626746] NVMeVirt: [chmodel_init] bandwidth 3360 max_credits 110 tx_time 36
[712768.626748] NVMeVirt: Fixed CAT init ns=0 part=0 arm=15 k=4 scale_pct=25 age_ratio=4
[712768.628072] NVMeVirt: pqueue: Copyright (c) 2014, Volkan Yazıcı <volkan.yazici@gmail.com>. All rights reserved.
[712768.628116] NVMeVirt: Init FTL instance with 2 channels (524288 pages)
[712768.628118] NVMeVirt: GC victim policy: cat-fig7-fixed ns=0 part=0 initial_k=4 initial_scale_pct=25 initial_age_ratio=4 warmup_gc=100
[712768.639016] NVMeVirt: [chmodel_init] bandwidth 800 max_credits 26 tx_time 152
[712768.649722] NVMeVirt: [chmodel_init] bandwidth 800 max_credits 26 tx_time 152
[712768.649736] NVMeVirt: [chmodel_init] bandwidth 3360 max_credits 110 tx_time 36
[712768.649738] NVMeVirt: Fixed CAT init ns=0 part=1 arm=15 k=4 scale_pct=25 age_ratio=4
[712768.650976] NVMeVirt: Init FTL instance with 2 channels (524288 pages)
[712768.650978] NVMeVirt: GC victim policy: cat-fig7-fixed ns=0 part=1 initial_k=4 initial_scale_pct=25 initial_age_ratio=4 warmup_gc=100
[712768.661557] NVMeVirt: [chmodel_init] bandwidth 800 max_credits 26 tx_time 152
[712768.672072] NVMeVirt: [chmodel_init] bandwidth 800 max_credits 26 tx_time 152
[712768.672086] NVMeVirt: [chmodel_init] bandwidth 3360 max_credits 110 tx_time 36
[712768.672088] NVMeVirt: Fixed CAT init ns=0 part=2 arm=15 k=4 scale_pct=25 age_ratio=4
[712768.673338] NVMeVirt: Init FTL instance with 2 channels (524288 pages)
[712768.673341] NVMeVirt: GC victim policy: cat-fig7-fixed ns=0 part=2 initial_k=4 initial_scale_pct=25 initial_age_ratio=4 warmup_gc=100
[712768.684275] NVMeVirt: [chmodel_init] bandwidth 800 max_credits 26 tx_time 152
[712768.695103] NVMeVirt: [chmodel_init] bandwidth 800 max_credits 26 tx_time 152
[712768.695117] NVMeVirt: [chmodel_init] bandwidth 3360 max_credits 110 tx_time 36
[712768.695119] NVMeVirt: Fixed CAT init ns=0 part=3 arm=15 k=4 scale_pct=25 age_ratio=4
[712768.696423] NVMeVirt: Init FTL instance with 2 channels (524288 pages)
[712768.696426] NVMeVirt: GC victim policy: cat-fig7-fixed ns=0 part=3 initial_k=4 initial_scale_pct=25 initial_age_ratio=4 warmup_gc=100
[712768.696432] NVMeVirt: FTL physical space: 8588886016, logical space: 8026996276 (physical/logical * 100 = 107)
[712768.696434] NVMeVirt: ns 0/1: size 7655 MiB
[712768.696481] PCI host bridge to bus 0001:10
[712768.696483] pci_bus 0001:10: root bus resource [io  0x0000-0xffff]
[712768.696486] pci_bus 0001:10: root bus resource [mem 0x00000000-0x7fffffffff]
[712768.696488] pci_bus 0001:10: root bus resource [bus 00-ff]
[712768.696515] pci 0001:10:00.0: [0c51:0110] type 00 class 0x010802 PCIe Endpoint
[712768.696520] pci 0001:10:00.0: BAR 0 [mem 0x100000000-0x100003fff 64bit]
[712768.696522] pci 0001:10:00.0: enabling Extended Tags
[712768.696685] NVMeVirt: Virtual PCI bus created (node 0)
[712768.696982] NVMeVirt: nvmev_io_worker_0 started on cpu 2 (node 0)
[712768.697104] NVMeVirt: Virtual NVMe device created
[712768.697260] NVMeVirt: nvmev_dispatcher started on cpu 1 (node 0)
[712768.697359] nvme nvme0: pci function 0001:10:00.0
[712768.701397] nvme nvme0: 8/0/0 default/read/poll queues
[712768.772781] EXT4-fs (nvme0n1): mounted filesystem c7fb10bc-89de-4511-9695-e66ae3baa31f r/w with ordered data mode. Quota mode: none.
[712850.767297] NVMeVirt: Fixed CAT init ns=0 part=0 arm=15 k=4 scale_pct=25 age_ratio=4
[712850.767302] NVMeVirt: Fixed CAT init ns=0 part=1 arm=15 k=4 scale_pct=25 age_ratio=4
[712850.767304] NVMeVirt: Fixed CAT init ns=0 part=2 arm=15 k=4 scale_pct=25 age_ratio=4
[712850.767306] NVMeVirt: Fixed CAT init ns=0 part=3 arm=15 k=4 scale_pct=25 age_ratio=4
[712850.767307] NVMeVirt: Measurement: command=start epoch=1 host_bytes=0 learner_active=1
[712850.775098] mix-mixC-arm15-3955765 phase=A START
[713451.092593] mix-mixC-arm15-3955765 phase=A END
[713451.099481] mix-mixC-arm15-3955765 phase=B START
[714051.413380] mix-mixC-arm15-3955765 phase=B END
[714051.416558] NVMeVirt: Measurement: command=stop epoch=1 host_bytes=122964074496 learner_active=0
[714051.466933] EXT4-fs (nvme0n1): unmounting filesystem c7fb10bc-89de-4511-9695-e66ae3baa31f.
[714051.538912] pci_bus 0001:10: busn_res: [bus 10-ff] is released
[714051.539044] NVMeVirt: GC stats: ns=0 policy=cat-fig7-fixed host_pages=30020526 gc_pages=25140669 gc_count=861893 WAF=1.837 warmup_gc=100-per-part
[714051.615028] NVMeVirt: Virtual NVMe device closed
