[330242.735385] mix-mixB-greedy-733247 BEGIN
[330242.768050] NVMeVirt: Version 1.10 for >> Samsung 970 Pro SSD <<
[330242.768059] NVMeVirt: Storage: 0x100100000-0x300000000 (8191 MiB)
[330242.779006] NVMeVirt: Total Capacity(GiB,MiB)=2,2048 chs=2 luns=4 lines=8192 blk-size(MiB,KiB)=0,64 line-size(MiB,KiB)=0,256
[330242.789978] NVMeVirt: [chmodel_init] bandwidth 800 max_credits 26 tx_time 152
[330242.801263] NVMeVirt: [chmodel_init] bandwidth 800 max_credits 26 tx_time 152
[330242.801280] NVMeVirt: [chmodel_init] bandwidth 3360 max_credits 110 tx_time 36
[330242.801283] NVMeVirt: Fixed CAT init ns=0 part=0 arm=37 k=7 scale_pct=100 age_ratio=7
[330242.802431] NVMeVirt: pqueue: Copyright (c) 2014, Volkan Yazıcı <volkan.yazici@gmail.com>. All rights reserved.
[330242.802503] NVMeVirt: Init FTL instance with 2 channels (524288 pages)
[330242.802505] NVMeVirt: GC victim policy: greedy ns=0 part=0 initial_k=7 initial_scale_pct=100 initial_age_ratio=7 warmup_gc=100
[330242.813161] NVMeVirt: [chmodel_init] bandwidth 800 max_credits 26 tx_time 152
[330242.823765] NVMeVirt: [chmodel_init] bandwidth 800 max_credits 26 tx_time 152
[330242.823779] NVMeVirt: [chmodel_init] bandwidth 3360 max_credits 110 tx_time 36
[330242.823781] NVMeVirt: Fixed CAT init ns=0 part=1 arm=37 k=7 scale_pct=100 age_ratio=7
[330242.824748] NVMeVirt: Init FTL instance with 2 channels (524288 pages)
[330242.824750] NVMeVirt: GC victim policy: greedy ns=0 part=1 initial_k=7 initial_scale_pct=100 initial_age_ratio=7 warmup_gc=100
[330242.835908] NVMeVirt: [chmodel_init] bandwidth 800 max_credits 26 tx_time 152
[330242.846798] NVMeVirt: [chmodel_init] bandwidth 800 max_credits 26 tx_time 152
[330242.846812] NVMeVirt: [chmodel_init] bandwidth 3360 max_credits 110 tx_time 36
[330242.846814] NVMeVirt: Fixed CAT init ns=0 part=2 arm=37 k=7 scale_pct=100 age_ratio=7
[330242.847761] NVMeVirt: Init FTL instance with 2 channels (524288 pages)
[330242.847763] NVMeVirt: GC victim policy: greedy ns=0 part=2 initial_k=7 initial_scale_pct=100 initial_age_ratio=7 warmup_gc=100
[330242.858374] NVMeVirt: [chmodel_init] bandwidth 800 max_credits 26 tx_time 152
[330242.869338] NVMeVirt: [chmodel_init] bandwidth 800 max_credits 26 tx_time 152
[330242.869353] NVMeVirt: [chmodel_init] bandwidth 3360 max_credits 110 tx_time 36
[330242.869356] NVMeVirt: Fixed CAT init ns=0 part=3 arm=37 k=7 scale_pct=100 age_ratio=7
[330242.870461] NVMeVirt: Init FTL instance with 2 channels (524288 pages)
[330242.870465] NVMeVirt: GC victim policy: greedy ns=0 part=3 initial_k=7 initial_scale_pct=100 initial_age_ratio=7 warmup_gc=100
[330242.870472] NVMeVirt: FTL physical space: 8588886016, logical space: 8026996276 (physical/logical * 100 = 107)
[330242.870474] NVMeVirt: ns 0/1: size 7655 MiB
[330242.870533] PCI host bridge to bus 0001:10
[330242.870535] pci_bus 0001:10: root bus resource [io  0x0000-0xffff]
[330242.870538] pci_bus 0001:10: root bus resource [mem 0x00000000-0x7fffffffff]
[330242.870541] pci_bus 0001:10: root bus resource [bus 00-ff]
[330242.870549] pci 0001:10:00.0: [0c51:0110] type 00 class 0x010802 PCIe Endpoint
[330242.870553] pci 0001:10:00.0: BAR 0 [mem 0x100000000-0x100003fff 64bit]
[330242.870555] pci 0001:10:00.0: enabling Extended Tags
[330242.870700] NVMeVirt: Virtual PCI bus created (node 0)
[330242.871105] NVMeVirt: nvmev_dispatcher started on cpu 1 (node 0)
[330242.871147] NVMeVirt: Virtual NVMe device created
[330242.871311] nvme nvme0: pci function 0001:10:00.0
[330242.873460] NVMeVirt: nvmev_io_worker_0 started on cpu 2 (node 0)
[330242.874949] nvme nvme0: 8/0/0 default/read/poll queues
[330243.228793] EXT4-fs (nvme0n1): mounted filesystem 766550b7-830a-40ff-b391-a575f110978f r/w with ordered data mode. Quota mode: none.
[330325.369948] NVMeVirt: Fixed CAT init ns=0 part=0 arm=37 k=7 scale_pct=100 age_ratio=7
[330325.369954] NVMeVirt: Fixed CAT init ns=0 part=1 arm=37 k=7 scale_pct=100 age_ratio=7
[330325.369957] NVMeVirt: Fixed CAT init ns=0 part=2 arm=37 k=7 scale_pct=100 age_ratio=7
[330325.369960] NVMeVirt: Fixed CAT init ns=0 part=3 arm=37 k=7 scale_pct=100 age_ratio=7
[330325.369962] NVMeVirt: Measurement: command=start epoch=1 host_bytes=0 learner_active=1
[330325.379330] mix-mixB-greedy-733247 phase=A START
[330325.390918] mix-mixB-greedy-733247 phase=A LOAD
[330350.715684] mix-mixB-greedy-733247 phase=A RUN
[330355.061884] tee (733737): drop_caches: 3
[330360.281456] tee (733741): drop_caches: 3
[330364.595349] tee (733751): drop_caches: 3
[330369.604145] tee (733757): drop_caches: 3
[330374.480320] tee (733761): drop_caches: 3
[330379.396171] tee (733765): drop_caches: 3
[330384.320001] tee (733769): drop_caches: 3
[330389.243512] tee (733773): drop_caches: 3
[330394.383242] tee (733780): drop_caches: 3
[330399.575953] tee (733788): drop_caches: 3
[330404.530410] tee (733792): drop_caches: 3
[330409.480710] tee (733796): drop_caches: 3
[330414.495832] tee (733800): drop_caches: 3
[330419.426319] tee (733804): drop_caches: 3
[330424.365334] tee (733808): drop_caches: 3
[330428.688420] tee (733815): drop_caches: 3
[330433.689922] tee (733819): drop_caches: 3
[330438.562905] tee (733823): drop_caches: 3
[330443.457834] tee (733827): drop_caches: 3
[330448.636883] tee (733831): drop_caches: 3
[330453.534648] tee (733835): drop_caches: 3
[330457.851337] tee (733842): drop_caches: 3
[330462.838804] tee (733847): drop_caches: 3
[330467.728914] tee (733851): drop_caches: 3
[330472.619948] tee (733855): drop_caches: 3
[330477.584083] tee (733860): drop_caches: 3
[330482.609761] tee (733864): drop_caches: 3
[330487.362382] tee (733870): drop_caches: 3
[330492.461009] tee (733875): drop_caches: 3
[330497.453739] tee (733879): drop_caches: 3
[330504.250556] tee (733891): drop_caches: 3
[330510.358447] tee (733900): drop_caches: 3
[330515.479207] tee (733904): drop_caches: 3
[330519.782223] tee (733911): drop_caches: 3
[330524.981184] tee (733916): drop_caches: 3
[330530.031580] tee (733920): drop_caches: 3
[330535.073463] tee (733924): drop_caches: 3
[330540.106270] tee (733930): drop_caches: 3
[330545.156937] tee (733939): drop_caches: 3
[330549.485228] tee (733952): drop_caches: 3
[330555.050699] tee (733957): drop_caches: 3
[330560.030979] tee (733961): drop_caches: 3
[330565.012213] tee (733965): drop_caches: 3
[330570.131307] tee (733970): drop_caches: 3
[330575.228875] tee (733976): drop_caches: 3
[330580.306254] tee (733980): drop_caches: 3
[330584.991681] tee (733987): drop_caches: 3
[330590.020399] tee (733991): drop_caches: 3
[330595.126484] tee (733995): drop_caches: 3
[330600.315749] tee (733999): drop_caches: 3
[330605.370404] tee (734003): drop_caches: 3
[330610.442109] tee (734007): drop_caches: 3
[330614.810794] tee (734014): drop_caches: 3
[330619.874089] tee (734018): drop_caches: 3
[330624.871485] tee (734022): drop_caches: 3
[330629.865051] tee (734027): drop_caches: 3
[330634.853891] tee (734031): drop_caches: 3
[330639.776154] tee (734035): drop_caches: 3
[330644.202087] tee (734042): drop_caches: 3
[330649.305889] tee (734047): drop_caches: 3
[330654.314625] tee (734051): drop_caches: 3
[330659.295704] tee (734055): drop_caches: 3
[330664.663197] tee (734061): drop_caches: 3
[330669.617939] tee (734065): drop_caches: 3
[330677.442757] tee (734073): drop_caches: 3
[330680.793567] mix-mixB-greedy-733247 phase=A END
[330680.804609] mix-mixB-greedy-733247 phase=B START
[331282.735202] mix-mixB-greedy-733247 phase=B END
[331282.929379] NVMeVirt: Measurement: command=stop epoch=1 host_bytes=131522187264 learner_active=0
[331284.871308] EXT4-fs (nvme0n1): unmounting filesystem 766550b7-830a-40ff-b391-a575f110978f.
[331285.099120] pci_bus 0001:10: busn_res: [bus 10-ff] is released
[331285.099203] NVMeVirt: GC stats: ns=0 policy=greedy host_pages=32109909 gc_pages=84224019 gc_count=1817717 WAF=3.622 warmup_gc=100-per-part
[331285.175020] NVMeVirt: Virtual NVMe device closed
