[1290431.597903] mix-mixR-greedy-728044 BEGIN
[1290431.631628] NVMeVirt: Version 1.10 for >> Samsung 970 Pro SSD <<
[1290431.631634] NVMeVirt: Storage: 0x100100000-0x300000000 (8191 MiB)
[1290431.642484] NVMeVirt: Total Capacity(GiB,MiB)=2,2048 chs=2 luns=4 lines=8192 blk-size(MiB,KiB)=0,64 line-size(MiB,KiB)=0,256
[1290431.654039] NVMeVirt: [chmodel_init] bandwidth 800 max_credits 26 tx_time 152
[1290431.664710] NVMeVirt: [chmodel_init] bandwidth 800 max_credits 26 tx_time 152
[1290431.664724] NVMeVirt: [chmodel_init] bandwidth 3360 max_credits 110 tx_time 36
[1290431.664727] NVMeVirt: Fixed CAT init ns=0 part=0 arm=37 k=7 scale_pct=100 age_ratio=7
[1290431.665577] NVMeVirt: pqueue: Copyright (c) 2014, Volkan Yazıcı <volkan.yazici@gmail.com>. All rights reserved.
[1290431.665617] NVMeVirt: Init FTL instance with 2 channels (524288 pages)
[1290431.665619] NVMeVirt: GC victim policy: greedy ns=0 part=0 initial_k=7 initial_scale_pct=100 initial_age_ratio=7 warmup_gc=100
[1290431.676109] NVMeVirt: [chmodel_init] bandwidth 800 max_credits 26 tx_time 152
[1290431.686488] NVMeVirt: [chmodel_init] bandwidth 800 max_credits 26 tx_time 152
[1290431.686503] NVMeVirt: [chmodel_init] bandwidth 3360 max_credits 110 tx_time 36
[1290431.686505] NVMeVirt: Fixed CAT init ns=0 part=1 arm=37 k=7 scale_pct=100 age_ratio=7
[1290431.687444] NVMeVirt: Init FTL instance with 2 channels (524288 pages)
[1290431.687447] NVMeVirt: GC victim policy: greedy ns=0 part=1 initial_k=7 initial_scale_pct=100 initial_age_ratio=7 warmup_gc=100
[1290431.698018] NVMeVirt: [chmodel_init] bandwidth 800 max_credits 26 tx_time 152
[1290431.708293] NVMeVirt: [chmodel_init] bandwidth 800 max_credits 26 tx_time 152
[1290431.708306] NVMeVirt: [chmodel_init] bandwidth 3360 max_credits 110 tx_time 36
[1290431.708308] NVMeVirt: Fixed CAT init ns=0 part=2 arm=37 k=7 scale_pct=100 age_ratio=7
[1290431.709301] NVMeVirt: Init FTL instance with 2 channels (524288 pages)
[1290431.709304] NVMeVirt: GC victim policy: greedy ns=0 part=2 initial_k=7 initial_scale_pct=100 initial_age_ratio=7 warmup_gc=100
[1290431.719674] NVMeVirt: [chmodel_init] bandwidth 800 max_credits 26 tx_time 152
[1290431.730196] NVMeVirt: [chmodel_init] bandwidth 800 max_credits 26 tx_time 152
[1290431.730210] NVMeVirt: [chmodel_init] bandwidth 3360 max_credits 110 tx_time 36
[1290431.730212] NVMeVirt: Fixed CAT init ns=0 part=3 arm=37 k=7 scale_pct=100 age_ratio=7
[1290431.731229] NVMeVirt: Init FTL instance with 2 channels (524288 pages)
[1290431.731231] NVMeVirt: GC victim policy: greedy ns=0 part=3 initial_k=7 initial_scale_pct=100 initial_age_ratio=7 warmup_gc=100
[1290431.731238] NVMeVirt: FTL physical space: 8588886016, logical space: 8026996276 (physical/logical * 100 = 107)
[1290431.731239] NVMeVirt: ns 0/1: size 7655 MiB
[1290431.731290] PCI host bridge to bus 0001:10
[1290431.731292] pci_bus 0001:10: root bus resource [io  0x0000-0xffff]
[1290431.731295] pci_bus 0001:10: root bus resource [mem 0x00000000-0x7fffffffff]
[1290431.731297] pci_bus 0001:10: root bus resource [bus 00-ff]
[1290431.731318] pci 0001:10:00.0: [0c51:0110] type 00 class 0x010802 PCIe Endpoint
[1290431.731322] pci 0001:10:00.0: BAR 0 [mem 0x100000000-0x100003fff 64bit]
[1290431.731325] pci 0001:10:00.0: enabling Extended Tags
[1290431.731446] NVMeVirt: Virtual PCI bus created (node 0)
[1290431.731687] NVMeVirt: nvmev_io_worker_0 started on cpu 2 (node 0)
[1290431.731766] NVMeVirt: nvmev_dispatcher started on cpu 1 (node 0)
[1290431.731812] NVMeVirt: Virtual NVMe device created
[1290431.731979] nvme nvme0: pci function 0001:10:00.0
[1290431.734259] nvme nvme0: 8/0/0 default/read/poll queues
[1290432.060217] EXT4-fs (nvme0n1): mounted filesystem f3abcc31-004e-4e5a-aa2f-5b37bcb3ce51 r/w with ordered data mode. Quota mode: none.
[1290514.198499] NVMeVirt: Fixed CAT init ns=0 part=0 arm=37 k=7 scale_pct=100 age_ratio=7
[1290514.198504] NVMeVirt: Fixed CAT init ns=0 part=1 arm=37 k=7 scale_pct=100 age_ratio=7
[1290514.198506] NVMeVirt: Fixed CAT init ns=0 part=2 arm=37 k=7 scale_pct=100 age_ratio=7
[1290514.198507] NVMeVirt: Fixed CAT init ns=0 part=3 arm=37 k=7 scale_pct=100 age_ratio=7
[1290514.198509] NVMeVirt: Measurement: command=start epoch=1 host_bytes=0 learner_active=1
[1290514.206495] mix-mixR-greedy-728044 phase=A START
[1292314.567985] mix-mixR-greedy-728044 phase=A END
[1292314.576073] mix-mixR-greedy-728044 phase=B START
[1292314.587016] mix-mixR-greedy-728044 phase=B LOAD
[1292344.659305] mix-mixR-greedy-728044 phase=B RUN
[1292349.075708] tee (730456): drop_caches: 3
[1292354.204862] tee (730473): drop_caches: 3
[1292359.478569] tee (730480): drop_caches: 3
[1292364.498231] tee (730485): drop_caches: 3
[1292369.557228] tee (730490): drop_caches: 3
[1292374.759178] tee (730494): drop_caches: 3
[1292379.943595] tee (730499): drop_caches: 3
[1292384.887406] tee (730525): drop_caches: 3
[1292389.602674] tee (730532): drop_caches: 3
[1292394.735225] tee (730536): drop_caches: 3
[1292399.751045] tee (730542): drop_caches: 3
[1292404.910021] tee (730548): drop_caches: 3
[1292409.963853] tee (730552): drop_caches: 3
[1292415.033196] tee (730568): drop_caches: 3
[1292419.432357] tee (730577): drop_caches: 3
[1292424.772517] tee (730581): drop_caches: 3
[1292429.815397] tee (730585): drop_caches: 3
[1292435.102334] tee (730591): drop_caches: 3
[1292440.253305] tee (730595): drop_caches: 3
[1292445.412745] tee (730618): drop_caches: 3
[1292449.829919] tee (730625): drop_caches: 3
[1292455.032413] tee (730629): drop_caches: 3
[1292460.108927] tee (730634): drop_caches: 3
[1292465.359990] tee (730638): drop_caches: 3
[1292470.310612] tee (730642): drop_caches: 3
[1292475.375372] tee (730665): drop_caches: 3
[1292479.789831] tee (730672): drop_caches: 3
[1292485.080383] tee (730676): drop_caches: 3
[1292490.252998] tee (730680): drop_caches: 3
[1292495.440454] tee (730684): drop_caches: 3
[1292500.744641] tee (730689): drop_caches: 3
[1292505.927287] tee (730714): drop_caches: 3
[1292510.506607] tee (730721): drop_caches: 3
[1292515.802949] tee (730725): drop_caches: 3
[1292520.953287] tee (730729): drop_caches: 3
[1292526.294928] tee (730733): drop_caches: 3
[1292531.570656] tee (730744): drop_caches: 3
[1292536.655856] tee (730760): drop_caches: 3
[1292541.069313] tee (730767): drop_caches: 3
[1292546.262012] tee (730771): drop_caches: 3
[1292551.398399] tee (730775): drop_caches: 3
[1292556.626213] tee (730783): drop_caches: 3
[1292561.784349] tee (730794): drop_caches: 3
[1292567.015928] tee (730810): drop_caches: 3
[1292571.889037] tee (730816): drop_caches: 3
[1292577.083319] tee (730821): drop_caches: 3
[1292582.130011] tee (730825): drop_caches: 3
[1292587.262723] tee (730829): drop_caches: 3
[1292592.322596] tee (730840): drop_caches: 3
[1292597.548697] tee (730856): drop_caches: 3
[1292602.797632] tee (730862): drop_caches: 3
[1292608.090979] tee (730867): drop_caches: 3
[1292613.360620] tee (730877): drop_caches: 3
[1292618.540475] tee (730881): drop_caches: 3
[1292623.529560] tee (730899): drop_caches: 3
[1292628.558499] tee (730908): drop_caches: 3
[1292633.653305] tee (730913): drop_caches: 3
[1292638.953019] tee (730919): drop_caches: 3
[1292644.480493] tee (730923): drop_caches: 3
[1292649.699745] tee (730927): drop_caches: 3
[1292654.778113] tee (730945): drop_caches: 3
[1292659.963621] tee (730954): drop_caches: 3
[1292665.028561] tee (730961): drop_caches: 3
[1292670.221065] tee (730967): drop_caches: 3
[1292675.386889] tee (730973): drop_caches: 3
[1292680.546707] tee (730977): drop_caches: 3
[1292685.754147] tee (731015): drop_caches: 3
[1292691.921101] tee (731081): drop_caches: 3
[1292696.332024] tee (731088): drop_caches: 3
[1292701.576402] tee (731094): drop_caches: 3
[1292706.828213] tee (731100): drop_caches: 3
[1292711.993848] tee (731104): drop_caches: 3
[1292717.029952] tee (731117): drop_caches: 3
[1292722.063255] tee (731126): drop_caches: 3
[1292727.074433] tee (731134): drop_caches: 3
[1292732.225314] tee (731139): drop_caches: 3
[1292737.303385] tee (731143): drop_caches: 3
[1292742.596761] tee (731163): drop_caches: 3
[1292747.777906] tee (731167): drop_caches: 3
[1292752.840499] tee (731176): drop_caches: 3
[1292757.868833] tee (731182): drop_caches: 3
[1292763.053221] tee (731188): drop_caches: 3
[1292768.238025] tee (731192): drop_caches: 3
[1292773.401560] tee (731204): drop_caches: 3
[1292778.720130] tee (731212): drop_caches: 3
[1292783.985417] tee (731217): drop_caches: 3
[1292789.201589] tee (731222): drop_caches: 3
[1292794.343861] tee (731228): drop_caches: 3
[1292799.547184] tee (731234): drop_caches: 3
[1292804.734576] tee (731245): drop_caches: 3
[1292810.429231] tee (731256): drop_caches: 3
[1292815.665063] tee (731260): drop_caches: 3
[1292820.467279] tee (731266): drop_caches: 3
[1292825.760491] tee (731271): drop_caches: 3
[1292831.304523] tee (731282): drop_caches: 3
[1292836.482695] tee (731293): drop_caches: 3
[1292841.620232] tee (731302): drop_caches: 3
[1292846.804159] tee (731307): drop_caches: 3
[1292851.681678] tee (731312): drop_caches: 3
[1292857.310541] tee (731320): drop_caches: 3
[1292862.472333] tee (731331): drop_caches: 3
[1292867.685103] tee (731342): drop_caches: 3
[1292872.694878] tee (731351): drop_caches: 3
[1292877.763699] tee (731355): drop_caches: 3
[1292882.767835] tee (731360): drop_caches: 3
[1292888.158903] tee (731366): drop_caches: 3
[1292893.442190] tee (731370): drop_caches: 3
[1292898.482418] tee (731381): drop_caches: 3
[1292903.636158] tee (731390): drop_caches: 3
[1292908.921898] tee (731394): drop_caches: 3
[1292914.124497] tee (731404): drop_caches: 3
[1292919.441852] tee (731412): drop_caches: 3
[1292924.566398] tee (731423): drop_caches: 3
[1292929.574543] tee (731435): drop_caches: 3
[1292934.566164] tee (731444): drop_caches: 3
[1292939.569037] tee (731448): drop_caches: 3
[1292944.602357] tee (731452): drop_caches: 3
[1292949.012975] tee (731459): drop_caches: 3
[1292954.641770] tee (731477): drop_caches: 3
[1292959.723126] tee (731481): drop_caches: 3
[1292964.765439] tee (731492): drop_caches: 3
[1292969.816236] tee (731496): drop_caches: 3
[1292974.773141] tee (731500): drop_caches: 3
[1292979.152686] tee (731507): drop_caches: 3
[1292984.099243] tee (731521): drop_caches: 3
[1292989.188269] tee (731532): drop_caches: 3
[1292994.231520] tee (731541): drop_caches: 3
[1292999.300378] tee (731547): drop_caches: 3
[1293004.372572] tee (731553): drop_caches: 3
[1293008.763270] tee (731560): drop_caches: 3
[1293014.059017] tee (731564): drop_caches: 3
[1293019.130158] tee (731577): drop_caches: 3
[1293024.198587] tee (731586): drop_caches: 3
[1293029.219818] tee (731590): drop_caches: 3
[1293034.181499] tee (731595): drop_caches: 3
[1293038.605362] tee (731604): drop_caches: 3
[1293043.985446] tee (731615): drop_caches: 3
[1293049.172344] tee (731626): drop_caches: 3
[1293054.339075] tee (731635): drop_caches: 3
[1293059.624297] tee (731640): drop_caches: 3
[1293064.769402] tee (731644): drop_caches: 3
[1293069.362818] tee (731649): drop_caches: 3
[1293074.446200] tee (731662): drop_caches: 3
[1293079.592913] tee (731673): drop_caches: 3
[1293084.657638] tee (731682): drop_caches: 3
[1293089.686573] tee (731686): drop_caches: 3
[1293094.791398] tee (731690): drop_caches: 3
[1293100.493997] tee (731696): drop_caches: 3
[1293105.733632] tee (731715): drop_caches: 3
[1293111.254138] tee (731721): drop_caches: 3
[1293116.513303] tee (731730): drop_caches: 3
[1293121.727299] tee (731734): drop_caches: 3
[1293127.032549] tee (731738): drop_caches: 3
[1293131.899914] tee (731751): drop_caches: 3
[1293137.190727] tee (731763): drop_caches: 3
[1293142.470474] tee (731767): drop_caches: 3
[1293147.561020] tee (731776): drop_caches: 3
[1293152.653557] tee (731782): drop_caches: 3
[1293157.765181] tee (731788): drop_caches: 3
[1293162.938240] tee (731800): drop_caches: 3
[1293168.564728] tee (731813): drop_caches: 3
[1293173.638757] tee (731817): drop_caches: 3
[1293178.692908] tee (731826): drop_caches: 3
[1293183.764680] tee (731830): drop_caches: 3
[1293188.884138] tee (731834): drop_caches: 3
[1293194.215819] tee (731847): drop_caches: 3
[1293199.788033] tee (731859): drop_caches: 3
[1293205.317533] tee (731868): drop_caches: 3
[1293210.320644] tee (731872): drop_caches: 3
[1293215.330680] tee (731882): drop_caches: 3
[1293220.407398] tee (731886): drop_caches: 3
[1293225.534548] tee (731905): drop_caches: 3
[1293230.814423] tee (731911): drop_caches: 3
[1293236.172497] tee (731920): drop_caches: 3
[1293241.538502] tee (731924): drop_caches: 3
[1293246.652434] tee (731928): drop_caches: 3
[1293252.366463] tee (731939): drop_caches: 3
[1293256.784427] tee (731951): drop_caches: 3
[1293262.272867] tee (731959): drop_caches: 3
[1293267.519499] tee (731968): drop_caches: 3
[1293272.608938] tee (731972): drop_caches: 3
[1293277.676108] tee (731978): drop_caches: 3
[1293282.981318] tee (731989): drop_caches: 3
[1293287.850413] tee (732028): drop_caches: 3
[1293294.477472] tee (732057): drop_caches: 3
[1293302.081270] tee (732110): drop_caches: 3
[1293309.167397] tee (732143): drop_caches: 3
[1293321.836574] tee (732215): drop_caches: 3
[1293330.046106] tee (732258): drop_caches: 3
[1293336.450437] tee (732264): drop_caches: 3
[1293342.427276] tee (732302): drop_caches: 3
[1293349.740552] tee (732322): drop_caches: 3
[1293355.027578] tee (732336): drop_caches: 3
[1293360.021138] tee (732353): drop_caches: 3
[1293365.570703] tee (732357): drop_caches: 3
[1293370.603370] tee (732361): drop_caches: 3
[1293375.854332] tee (732368): drop_caches: 3
[1293381.361433] tee (732372): drop_caches: 3
[1293386.531426] tee (732376): drop_caches: 3
[1293391.091051] tee (732388): drop_caches: 3
[1293396.209016] tee (732394): drop_caches: 3
[1293401.217744] tee (732398): drop_caches: 3
[1293406.314898] tee (732402): drop_caches: 3
[1293412.327707] tee (732408): drop_caches: 3
[1293417.341924] tee (732412): drop_caches: 3
[1293422.094687] tee (732424): drop_caches: 3
[1293427.064142] tee (732429): drop_caches: 3
[1293432.047378] tee (732433): drop_caches: 3
[1293437.100669] tee (732451): drop_caches: 3
[1293442.240004] tee (732455): drop_caches: 3
[1293447.417363] tee (732459): drop_caches: 3
[1293451.843689] tee (732471): drop_caches: 3
[1293456.883178] tee (732477): drop_caches: 3
[1293461.405457] tee (732481): drop_caches: 3
[1293466.415840] tee (732499): drop_caches: 3
[1293471.745052] tee (732503): drop_caches: 3
[1293476.900710] tee (732507): drop_caches: 3
[1293481.316247] tee (732517): drop_caches: 3
[1293486.373739] tee (732523): drop_caches: 3
[1293491.368476] tee (732527): drop_caches: 3
[1293496.506726] tee (732545): drop_caches: 3
[1293501.531877] tee (732549): drop_caches: 3
[1293506.624108] tee (732553): drop_caches: 3
[1293512.050332] tee (732563): drop_caches: 3
[1293517.382420] tee (732576): drop_caches: 3
[1293522.462362] tee (732580): drop_caches: 3
[1293527.447379] tee (732598): drop_caches: 3
[1293532.397921] tee (732602): drop_caches: 3
[1293537.606125] tee (732606): drop_caches: 3
[1293543.090997] tee (732616): drop_caches: 3
[1293548.228595] tee (732622): drop_caches: 3
[1293553.231822] tee (732633): drop_caches: 3
[1293558.348812] tee (732644): drop_caches: 3
[1293563.533285] tee (732649): drop_caches: 3
[1293568.647963] tee (732653): drop_caches: 3
[1293573.756884] tee (732663): drop_caches: 3
[1293578.625125] tee (732683): drop_caches: 3
[1293584.548826] tee (732711): drop_caches: 3
[1293591.916075] tee (732739): drop_caches: 3
[1293597.570395] tee (732749): drop_caches: 3
[1293602.552649] tee (732758): drop_caches: 3
[1293607.058650] tee (732767): drop_caches: 3
[1293612.396847] tee (732773): drop_caches: 3
[1293618.511149] tee (732779): drop_caches: 3
[1293623.706275] tee (732783): drop_caches: 3
[1293628.802485] tee (732787): drop_caches: 3
[1293634.045843] tee (732796): drop_caches: 3
[1293638.407144] tee (732805): drop_caches: 3
[1293643.589179] tee (732809): drop_caches: 3
[1293648.663826] tee (732813): drop_caches: 3
[1293653.687541] tee (732817): drop_caches: 3
[1293658.815427] tee (732829): drop_caches: 3
[1293663.934575] tee (732839): drop_caches: 3
[1293668.313351] tee (732846): drop_caches: 3
[1293673.402269] tee (732857): drop_caches: 3
[1293678.855148] tee (732861): drop_caches: 3
[1293683.936362] tee (732865): drop_caches: 3
[1293689.005004] tee (732876): drop_caches: 3
[1293694.065784] tee (732885): drop_caches: 3
[1293699.109984] tee (732890): drop_caches: 3
[1293704.050534] tee (732903): drop_caches: 3
[1293709.523103] tee (732907): drop_caches: 3
[1293714.728410] tee (732913): drop_caches: 3
[1293719.997474] tee (732924): drop_caches: 3
[1293725.171229] tee (732933): drop_caches: 3
[1293730.247195] tee (732946): drop_caches: 3
[1293735.653459] tee (732951): drop_caches: 3
[1293740.872634] tee (732955): drop_caches: 3
[1293745.919296] tee (732966): drop_caches: 3
[1293751.225844] tee (732970): drop_caches: 3
[1293756.463740] tee (732983): drop_caches: 3
[1293761.665902] tee (732995): drop_caches: 3
[1293766.803256] tee (733001): drop_caches: 3
[1293772.004107] tee (733005): drop_caches: 3
[1293777.186312] tee (733016): drop_caches: 3
[1293782.347155] tee (733020): drop_caches: 3
[1293787.448219] tee (733029): drop_caches: 3
[1293792.596969] tee (733042): drop_caches: 3
[1293797.855161] tee (733047): drop_caches: 3
[1293803.086096] tee (733051): drop_caches: 3
[1293808.278219] tee (733062): drop_caches: 3
[1293813.311579] tee (733072): drop_caches: 3
[1293818.525699] tee (733081): drop_caches: 3
[1293823.643092] tee (733094): drop_caches: 3
[1293828.911661] tee (733099): drop_caches: 3
[1293834.027605] tee (733103): drop_caches: 3
[1293839.045203] tee (733114): drop_caches: 3
[1293844.413557] tee (733122): drop_caches: 3
[1293849.458633] tee (733127): drop_caches: 3
[1293854.487864] tee (733140): drop_caches: 3
[1293859.744813] tee (733145): drop_caches: 3
[1293864.959837] tee (733157): drop_caches: 3
[1293870.008142] tee (733161): drop_caches: 3
[1293875.604840] tee (733171): drop_caches: 3
[1293880.912483] tee (733183): drop_caches: 3
[1293886.093729] tee (733208): drop_caches: 3
[1293892.288085] tee (733262): drop_caches: 3
[1293899.002273] tee (733270): drop_caches: 3
[1293906.635943] tee (733281): drop_caches: 3
[1293914.408190] tee (733296): drop_caches: 3
[1293919.688800] tee (733330): drop_caches: 3
[1293925.477161] tee (733342): drop_caches: 3
[1293930.715956] tee (733346): drop_caches: 3
[1293936.260166] tee (733350): drop_caches: 3
[1293941.535209] tee (733366): drop_caches: 3
[1293947.025685] tee (733372): drop_caches: 3
[1293951.389715] tee (733379): drop_caches: 3
[1293956.810045] tee (733390): drop_caches: 3
[1293961.924196] tee (733395): drop_caches: 3
[1293966.800003] tee (733411): drop_caches: 3
[1293972.227968] tee (733427): drop_caches: 3
[1293977.281310] tee (733432): drop_caches: 3
[1293981.707644] tee (733439): drop_caches: 3
[1293987.130931] tee (733450): drop_caches: 3
[1293992.584633] tee (733454): drop_caches: 3
[1293997.658675] tee (733460): drop_caches: 3
[1294002.862182] tee (733469): drop_caches: 3
[1294008.117311] tee (733474): drop_caches: 3
[1294012.500775] tee (733481): drop_caches: 3
[1294018.856776] tee (733496): drop_caches: 3
[1294024.294868] tee (733500): drop_caches: 3
[1294029.373196] tee (733509): drop_caches: 3
[1294034.599633] tee (733513): drop_caches: 3
[1294039.620996] tee (733524): drop_caches: 3
[1294043.970814] tee (733531): drop_caches: 3
[1294049.379944] tee (733542): drop_caches: 3
[1294054.555866] tee (733548): drop_caches: 3
[1294059.939452] tee (733557): drop_caches: 3
[1294064.959720] tee (733561): drop_caches: 3
[1294070.209778] tee (733572): drop_caches: 3
[1294074.620089] tee (733579): drop_caches: 3
[1294079.825106] tee (733590): drop_caches: 3
[1294084.878824] tee (733594): drop_caches: 3
[1294090.206013] tee (733603): drop_caches: 3
[1294095.170473] tee (733607): drop_caches: 3
[1294100.123000] tee (733618): drop_caches: 3
[1294105.264787] tee (733631): drop_caches: 3
[1294110.538451] tee (733636): drop_caches: 3
[1294115.674217] tee (733647): drop_caches: 3
[1294121.036849] tee (733656): drop_caches: 3
[1294126.090178] tee (733667): drop_caches: 3
[1294131.156441] tee (733671): drop_caches: 3
[1294136.376276] tee (733684): drop_caches: 3
[1294141.621856] tee (733689): drop_caches: 3
[1294146.932200] tee (733693): drop_caches: 3
[1294152.045532] tee (733702): drop_caches: 3
[1294157.143437] tee (733713): drop_caches: 3
[1294162.277598] tee (733718): drop_caches: 3
[1294167.511198] tee (733731): drop_caches: 3
[1294172.856865] tee (733736): drop_caches: 3
[1294177.938927] tee (733740): drop_caches: 3
[1294183.138952] tee (733749): drop_caches: 3
[1294188.073901] tee (733763): drop_caches: 3
[1294192.988087] tee (733767): drop_caches: 3
[1294198.094501] tee (733773): drop_caches: 3
[1294203.122183] tee (733780): drop_caches: 3
[1294208.333382] tee (733786): drop_caches: 3
[1294213.371117] tee (733795): drop_caches: 3
[1294218.369281] tee (733808): drop_caches: 3
[1294223.439591] tee (733812): drop_caches: 3
[1294228.527161] tee (733823): drop_caches: 3
[1294232.999930] tee (733830): drop_caches: 3
[1294238.222546] tee (733836): drop_caches: 3
[1294243.292275] tee (733845): drop_caches: 3
[1294248.286238] tee (733856): drop_caches: 3
[1294253.321266] tee (733860): drop_caches: 3
[1294258.396038] tee (733872): drop_caches: 3
[1294262.767201] tee (733879): drop_caches: 3
[1294268.439872] tee (733883): drop_caches: 3
[1294273.553355] tee (733892): drop_caches: 3
[1294278.542031] tee (733903): drop_caches: 3
[1294283.694415] tee (733907): drop_caches: 3
[1294288.858135] tee (733918): drop_caches: 3
[1294293.331027] tee (733925): drop_caches: 3
[1294298.629070] tee (733929): drop_caches: 3
[1294303.791293] tee (733944): drop_caches: 3
[1294310.226644] tee (733966): drop_caches: 3
[1294317.124618] tee (733977): drop_caches: 3
[1294323.807850] tee (733984): drop_caches: 3
[1294330.017081] tee (733990): drop_caches: 3
[1294336.351861] tee (734006): drop_caches: 3
[1294342.711326] tee (734010): drop_caches: 3
[1294349.007391] tee (734021): drop_caches: 3
[1294355.306603] tee (734028): drop_caches: 3
[1294361.809924] tee (734036): drop_caches: 3
[1294367.572168] tee (734052): drop_caches: 3
[1294373.956636] tee (734060): drop_caches: 3
[1294380.019505] tee (734071): drop_caches: 3
[1294386.673880] tee (734077): drop_caches: 3
[1294392.761335] tee (734082): drop_caches: 3
[1294399.104778] tee (734098): drop_caches: 3
[1294405.568228] tee (734109): drop_caches: 3
[1294411.660227] tee (734113): drop_caches: 3
[1294417.350360] tee (734124): drop_caches: 3
[1294421.812271] tee (734131): drop_caches: 3
[1294427.108120] tee (734147): drop_caches: 3
[1294432.131701] tee (734151): drop_caches: 3
[1294437.176943] tee (734162): drop_caches: 3
[1294442.269985] tee (734166): drop_caches: 3
[1294447.257710] tee (734170): drop_caches: 3
[1294451.672282] tee (734177): drop_caches: 3
[1294456.760550] tee (734193): drop_caches: 3
[1294461.848560] tee (734198): drop_caches: 3
[1294466.923942] tee (734209): drop_caches: 3
[1294472.102721] tee (734213): drop_caches: 3
[1294477.242189] tee (734219): drop_caches: 3
[1294481.804448] tee (734226): drop_caches: 3
[1294486.908734] tee (734284): drop_caches: 3
[1294493.594344] tee (734317): drop_caches: 3
[1294501.449231] tee (734323): drop_caches: 3
[1294508.785562] tee (734329): drop_caches: 3
[1294513.731458] tee (734337): drop_caches: 3
[1294519.658495] tee (734384): drop_caches: 3
[1294525.408864] tee (734396): drop_caches: 3
[1294530.541818] tee (734401): drop_caches: 3
[1294535.643921] tee (734405): drop_caches: 3
[1294540.990282] tee (734409): drop_caches: 3
[1294546.069660] tee (734423): drop_caches: 3
[1294551.285318] tee (734434): drop_caches: 3
[1294556.359718] tee (734445): drop_caches: 3
[1294561.473144] tee (734450): drop_caches: 3
[1294566.498092] tee (734454): drop_caches: 3
[1294571.754642] tee (734458): drop_caches: 3
[1294576.998975] tee (734467): drop_caches: 3
[1294582.090498] tee (734476): drop_caches: 3
[1294586.820029] tee (734480): drop_caches: 3
[1294591.987243] tee (734485): drop_caches: 3
[1294597.006048] tee (734491): drop_caches: 3
[1294602.525725] tee (734495): drop_caches: 3
[1294607.512087] tee (734499): drop_caches: 3
[1294611.941157] tee (734511): drop_caches: 3
[1294617.038180] tee (734522): drop_caches: 3
[1294622.164715] tee (734527): drop_caches: 3
[1294627.416892] tee (734533): drop_caches: 3
[1294632.915104] tee (734537): drop_caches: 3
[1294637.937960] tee (734548): drop_caches: 3
[1294642.327486] tee (734560): drop_caches: 3
[1294647.431624] tee (734571): drop_caches: 3
[1294652.505595] tee (734575): drop_caches: 3
[1294657.504613] tee (734581): drop_caches: 3
[1294662.950322] tee (734585): drop_caches: 3
[1294668.037805] tee (734589): drop_caches: 3
[1294672.459996] tee (734601): drop_caches: 3
[1294677.695737] tee (734612): drop_caches: 3
[1294682.828874] tee (734616): drop_caches: 3
[1294687.871386] tee (734620): drop_caches: 3
[1294693.449304] tee (734624): drop_caches: 3
[1294698.486271] tee (734635): drop_caches: 3
[1294702.851538] tee (734647): drop_caches: 3
[1294707.986959] tee (734658): drop_caches: 3
[1294713.137269] tee (734662): drop_caches: 3
[1294718.161522] tee (734673): drop_caches: 3
[1294723.955072] tee (734678): drop_caches: 3
[1294729.699910] tee (734693): drop_caches: 3
[1294734.235710] tee (734705): drop_caches: 3
[1294739.343389] tee (734717): drop_caches: 3
[1294744.377254] tee (734721): drop_caches: 3
[1294749.350674] tee (734725): drop_caches: 3
[1294754.489541] tee (734729): drop_caches: 3
[1294759.500705] tee (734740): drop_caches: 3
[1294763.840971] tee (734753): drop_caches: 3
[1294769.053635] tee (734764): drop_caches: 3
[1294774.219757] tee (734768): drop_caches: 3
[1294779.268654] tee (734772): drop_caches: 3
[1294784.469986] tee (734779): drop_caches: 3
[1294789.209764] tee (734790): drop_caches: 3
[1294793.965602] tee (734800): drop_caches: 3
[1294799.127282] tee (734808): drop_caches: 3
[1294804.354744] tee (734814): drop_caches: 3
[1294809.345061] tee (734818): drop_caches: 3
[1294814.766042] tee (734822): drop_caches: 3
[1294819.743871] tee (734835): drop_caches: 3
[1294824.880196] tee (734852): drop_caches: 3
[1294830.085047] tee (734858): drop_caches: 3
[1294835.229691] tee (734862): drop_caches: 3
[1294840.267519] tee (734868): drop_caches: 3
[1294846.012445] tee (734872): drop_caches: 3
[1294851.057648] tee (734883): drop_caches: 3
[1294856.194045] tee (734900): drop_caches: 3
[1294861.397423] tee (734907): drop_caches: 3
[1294866.602156] tee (734911): drop_caches: 3
[1294871.633746] tee (734915): drop_caches: 3
[1294876.835777] tee (734927): drop_caches: 3
[1294882.305075] tee (734935): drop_caches: 3
[1294887.450913] tee (734949): drop_caches: 3
[1294892.701487] tee (734954): drop_caches: 3
[1294897.784567] tee (734958): drop_caches: 3
[1294902.783280] tee (734962): drop_caches: 3
[1294907.920189] tee (734966): drop_caches: 3
[1294913.454504] tee (734975): drop_caches: 3
[1294918.826804] tee (734988): drop_caches: 3
[1294924.519645] tee (734993): drop_caches: 3
[1294929.478680] tee (734999): drop_caches: 3
[1294934.509291] tee (735004): drop_caches: 3
[1294939.793611] tee (735015): drop_caches: 3
[1294944.798859] tee (735024): drop_caches: 3
[1294950.047772] tee (735037): drop_caches: 3
[1294955.217762] tee (735044): drop_caches: 3
[1294960.391371] tee (735050): drop_caches: 3
[1294965.519239] tee (735054): drop_caches: 3
[1294970.608275] tee (735058): drop_caches: 3
[1294975.723134] tee (735074): drop_caches: 3
[1294980.770126] tee (735079): drop_caches: 3
[1294985.984540] tee (735085): drop_caches: 3
[1294991.017696] tee (735090): drop_caches: 3
[1294995.958200] tee (735094): drop_caches: 3
[1295001.066182] tee (735105): drop_caches: 3
[1295006.150109] tee (735121): drop_caches: 3
[1295010.995813] tee (735125): drop_caches: 3
[1295015.424703] tee (735138): drop_caches: 3
[1295020.792078] tee (735142): drop_caches: 3
[1295025.993798] tee (735146): drop_caches: 3
[1295031.117926] tee (735150): drop_caches: 3
[1295036.241670] tee (735166): drop_caches: 3
[1295041.380921] tee (735170): drop_caches: 3
[1295045.721147] tee (735177): drop_caches: 3
[1295050.837160] tee (735182): drop_caches: 3
[1295055.804387] tee (735186): drop_caches: 3
[1295061.015504] tee (735197): drop_caches: 3
[1295066.334232] tee (735214): drop_caches: 3
[1295071.366449] tee (735218): drop_caches: 3
[1295075.644441] tee (735225): drop_caches: 3
[1295080.905442] tee (735231): drop_caches: 3
[1295086.554941] tee (735260): drop_caches: 3
[1295094.005589] tee (735291): drop_caches: 3
[1295101.346326] tee (735343): drop_caches: 3
[1295107.293125] tee (735360): drop_caches: 3
[1295115.886090] tee (735389): drop_caches: 3
[1295126.433655] tee (735462): drop_caches: 3
[1295134.252825] tee (735503): drop_caches: 3
[1295141.629211] tee (735517): drop_caches: 3
[1295147.358797] tee (735534): drop_caches: 3
[1295152.531153] tee (735538): drop_caches: 3
[1295157.634635] tee (735549): drop_caches: 3
[1295162.663304] tee (735560): drop_caches: 3
[1295167.771369] tee (735564): drop_caches: 3
[1295172.866355] tee (735569): drop_caches: 3
[1295177.363902] tee (735578): drop_caches: 3
[1295182.540283] tee (735582): drop_caches: 3
[1295187.631347] tee (735586): drop_caches: 3
[1295192.737336] tee (735595): drop_caches: 3
[1295197.856070] tee (735601): drop_caches: 3
[1295202.913938] tee (735605): drop_caches: 3
[1295207.329963] tee (735612): drop_caches: 3
[1295212.502236] tee (735616): drop_caches: 3
[1295217.502937] tee (735623): drop_caches: 3
[1295222.679182] tee (735632): drop_caches: 3
[1295227.828109] tee (735636): drop_caches: 3
[1295232.905422] tee (735649): drop_caches: 3
[1295237.284242] tee (735656): drop_caches: 3
[1295242.523673] tee (735667): drop_caches: 3
[1295247.838421] tee (735671): drop_caches: 3
[1295253.157144] tee (735680): drop_caches: 3
[1295258.359254] tee (735686): drop_caches: 3
[1295263.519945] tee (735697): drop_caches: 3
[1295267.917299] tee (735704): drop_caches: 3
[1295272.992145] tee (735715): drop_caches: 3
[1295277.958716] tee (735719): drop_caches: 3
[1295283.111478] tee (735728): drop_caches: 3
[1295288.165653] tee (735732): drop_caches: 3
[1295293.178864] tee (735743): drop_caches: 3
[1295297.542587] tee (735750): drop_caches: 3
[1295302.483327] tee (735761): drop_caches: 3
[1295307.577283] tee (735765): drop_caches: 3
[1295312.850109] tee (735779): drop_caches: 3
[1295317.886133] tee (735785): drop_caches: 3
[1295322.873302] tee (735796): drop_caches: 3
[1295327.838492] tee (735802): drop_caches: 3
[1295332.905084] tee (735814): drop_caches: 3
[1295337.869784] tee (735818): drop_caches: 3
[1295343.077010] tee (735826): drop_caches: 3
[1295348.245641] tee (735831): drop_caches: 3
[1295353.159043] tee (735842): drop_caches: 3
[1295358.032594] tee (735847): drop_caches: 3
[1295362.332895] tee (735861): drop_caches: 3
[1295367.416230] tee (735865): drop_caches: 3
[1295374.544230] tee (735877): drop_caches: 3
[1295379.741653] tee (735903): drop_caches: 3
[1295385.795576] tee (735929): drop_caches: 3
[1295391.337008] tee (735953): drop_caches: 3
[1295396.552479] tee (735962): drop_caches: 3
[1295401.438519] tee (735968): drop_caches: 3
[1295406.461204] tee (735981): drop_caches: 3
[1295411.448458] tee (735985): drop_caches: 3
[1295416.276720] tee (735989): drop_caches: 3
[1295421.196526] tee (735995): drop_caches: 3
[1295425.553930] tee (736002): drop_caches: 3
[1295430.705946] tee (736006): drop_caches: 3
[1295435.390046] tee (736015): drop_caches: 3
[1295440.444040] tee (736021): drop_caches: 3
[1295445.347895] tee (736025): drop_caches: 3
[1295450.201454] tee (736030): drop_caches: 3
[1295454.543142] tee (736045): drop_caches: 3
[1295459.798522] tee (736050): drop_caches: 3
[1295464.666643] tee (736054): drop_caches: 3
[1295469.740100] tee (736070): drop_caches: 3
[1295474.555155] tee (736074): drop_caches: 3
[1295479.385814] tee (736078): drop_caches: 3
[1295484.317220] tee (736083): drop_caches: 3
[1295489.402421] tee (736089): drop_caches: 3
[1295494.278114] tee (736093): drop_caches: 3
[1295499.248162] tee (736102): drop_caches: 3
[1295504.169386] tee (736107): drop_caches: 3
[1295509.106084] tee (736111): drop_caches: 3
[1295513.913615] tee (736122): drop_caches: 3
[1295518.271202] tee (736129): drop_caches: 3
[1295523.401003] tee (736133): drop_caches: 3
[1295528.332184] tee (736149): drop_caches: 3
[1295533.515528] tee (736155): drop_caches: 3
[1295538.430507] tee (736159): drop_caches: 3
[1295543.350446] tee (736163): drop_caches: 3
[1295547.789103] tee (736170): drop_caches: 3
[1295553.064421] tee (736174): drop_caches: 3
[1295557.987864] tee (736194): drop_caches: 3
[1295562.961018] tee (736198): drop_caches: 3
[1295567.865023] tee (736202): drop_caches: 3
[1295572.770683] tee (736206): drop_caches: 3
[1295577.156734] tee (736220): drop_caches: 3
[1295582.233348] tee (736224): drop_caches: 3
[1295587.177186] tee (736233): drop_caches: 3
[1295592.139789] tee (736244): drop_caches: 3
[1295597.097354] tee (736249): drop_caches: 3
[1295601.960678] tee (736253): drop_caches: 3
[1295606.840943] tee (736264): drop_caches: 3
[1295611.314394] tee (736271): drop_caches: 3
[1295616.736372] tee (736285): drop_caches: 3
[1295621.774422] tee (736297): drop_caches: 3
[1295626.750390] tee (736301): drop_caches: 3
[1295631.654631] tee (736306): drop_caches: 3
[1295636.598742] tee (736317): drop_caches: 3
[1295640.939683] tee (736324): drop_caches: 3
[1295645.940434] tee (736328): drop_caches: 3
[1295651.242579] tee (736344): drop_caches: 3
[1295656.137972] tee (736348): drop_caches: 3
[1295661.008676] tee (736352): drop_caches: 3
[1295665.906057] tee (736357): drop_caches: 3
[1295670.416618] tee (736363): drop_caches: 3
[1295675.530817] tee (736368): drop_caches: 3
[1295680.501121] tee (736386): drop_caches: 3
[1295685.551051] tee (736409): drop_caches: 3
[1295691.315537] tee (736464): drop_caches: 3
[1295698.413251] tee (736470): drop_caches: 3
[1295703.527896] tee (736475): drop_caches: 3
[1295710.743004] tee (736499): drop_caches: 3
[1295716.478856] tee (736530): drop_caches: 3
[1295721.453310] tee (736543): drop_caches: 3
[1295726.353735] tee (736547): drop_caches: 3
[1295731.563631] tee (736551): drop_caches: 3
[1295735.929060] tee (736559): drop_caches: 3
[1295740.865388] tee (736575): drop_caches: 3
[1295745.890609] tee (736579): drop_caches: 3
[1295750.905584] tee (736585): drop_caches: 3
[1295755.819494] tee (736596): drop_caches: 3
[1295760.743068] tee (736600): drop_caches: 3
[1295765.915067] tee (736607): drop_caches: 3
[1295771.073335] tee (736624): drop_caches: 3
[1295776.100894] tee (736628): drop_caches: 3
[1295780.993313] tee (736634): drop_caches: 3
[1295785.914955] tee (736638): drop_caches: 3
[1295790.842909] tee (736642): drop_caches: 3
[1295795.753302] tee (736646): drop_caches: 3
[1295800.135143] tee (736660): drop_caches: 3
[1295805.161794] tee (736665): drop_caches: 3
[1295810.128370] tee (736669): drop_caches: 3
[1295815.060788] tee (736680): drop_caches: 3
[1295819.986319] tee (736684): drop_caches: 3
[1295824.995739] tee (736688): drop_caches: 3
[1295829.326618] tee (736700): drop_caches: 3
[1295834.619907] tee (736706): drop_caches: 3
[1295839.618406] tee (736717): drop_caches: 3
[1295844.661723] tee (736728): drop_caches: 3
[1295849.601281] tee (736732): drop_caches: 3
[1295854.652349] tee (736738): drop_caches: 3
[1295859.288198] tee (736749): drop_caches: 3
[1295864.359284] tee (736754): drop_caches: 3
[1295869.354958] tee (736765): drop_caches: 3
[1295874.266620] tee (736769): drop_caches: 3
[1295879.167819] tee (736773): drop_caches: 3
[1295884.171178] tee (736777): drop_caches: 3
[1295889.399071] tee (736785): drop_caches: 3
[1295893.716249] tee (736793): drop_caches: 3
[1295898.764939] tee (736804): drop_caches: 3
[1295903.641887] tee (736808): drop_caches: 3
[1295908.533857] tee (736819): drop_caches: 3
[1295949.004251] tee (736855): drop_caches: 3
[1295968.688828] mix-mixR-greedy-728044 phase=B END
[1295968.696206] mix-mixR-greedy-728044 phase=C START
[1297770.675261] mix-mixR-greedy-728044 phase=C END
[1297770.810685] NVMeVirt: Measurement: command=stop epoch=1 host_bytes=889359118336 learner_active=0
[1297816.260730] EXT4-fs (nvme0n1): unmounting filesystem f3abcc31-004e-4e5a-aa2f-5b37bcb3ce51.
[1297816.621944] pci_bus 0001:10: busn_res: [bus 10-ff] is released
[1297816.621991] NVMeVirt: GC stats: ns=0 policy=greedy host_pages=217128691 gc_pages=469777117 gc_count=10732903 WAF=3.163 warmup_gc=100-per-part
[1297816.698855] NVMeVirt: Virtual NVMe device closed
