[1612812.362127] mix-mixO-arm30-1949697 BEGIN
[1612812.807542] NVMeVirt: Version 1.10 for >> Samsung 970 Pro SSD <<
[1612812.807548] NVMeVirt: Storage: 0x100100000-0x300000000 (8191 MiB)
[1612812.817988] NVMeVirt: Total Capacity(GiB,MiB)=2,2048 chs=2 luns=4 lines=8192 blk-size(MiB,KiB)=0,64 line-size(MiB,KiB)=0,256
[1612812.829938] NVMeVirt: [chmodel_init] bandwidth 800 max_credits 26 tx_time 152
[1612812.841622] NVMeVirt: [chmodel_init] bandwidth 800 max_credits 26 tx_time 152
[1612812.841650] NVMeVirt: [chmodel_init] bandwidth 3360 max_credits 110 tx_time 36
[1612812.841652] NVMeVirt: Fixed CAT init ns=0 part=0 arm=30 k=7 scale_pct=25 age_ratio=4
[1612812.842941] NVMeVirt: pqueue: Copyright (c) 2014, Volkan Yazıcı <volkan.yazici@gmail.com>. All rights reserved.
[1612812.842976] NVMeVirt: Init FTL instance with 2 channels (524288 pages)
[1612812.842978] NVMeVirt: GC victim policy: cat-fig7-fixed ns=0 part=0 initial_k=7 initial_scale_pct=25 initial_age_ratio=4 warmup_gc=100
[1612812.854140] NVMeVirt: [chmodel_init] bandwidth 800 max_credits 26 tx_time 152
[1612812.864883] NVMeVirt: [chmodel_init] bandwidth 800 max_credits 26 tx_time 152
[1612812.864897] NVMeVirt: [chmodel_init] bandwidth 3360 max_credits 110 tx_time 36
[1612812.864899] NVMeVirt: Fixed CAT init ns=0 part=1 arm=30 k=7 scale_pct=25 age_ratio=4
[1612812.866127] NVMeVirt: Init FTL instance with 2 channels (524288 pages)
[1612812.866129] NVMeVirt: GC victim policy: cat-fig7-fixed ns=0 part=1 initial_k=7 initial_scale_pct=25 initial_age_ratio=4 warmup_gc=100
[1612812.876848] NVMeVirt: [chmodel_init] bandwidth 800 max_credits 26 tx_time 152
[1612812.887865] NVMeVirt: [chmodel_init] bandwidth 800 max_credits 26 tx_time 152
[1612812.887877] NVMeVirt: [chmodel_init] bandwidth 3360 max_credits 110 tx_time 36
[1612812.887879] NVMeVirt: Fixed CAT init ns=0 part=2 arm=30 k=7 scale_pct=25 age_ratio=4
[1612812.889128] NVMeVirt: Init FTL instance with 2 channels (524288 pages)
[1612812.889131] NVMeVirt: GC victim policy: cat-fig7-fixed ns=0 part=2 initial_k=7 initial_scale_pct=25 initial_age_ratio=4 warmup_gc=100
[1612812.899924] NVMeVirt: [chmodel_init] bandwidth 800 max_credits 26 tx_time 152
[1612812.910864] NVMeVirt: [chmodel_init] bandwidth 800 max_credits 26 tx_time 152
[1612812.910879] NVMeVirt: [chmodel_init] bandwidth 3360 max_credits 110 tx_time 36
[1612812.910881] NVMeVirt: Fixed CAT init ns=0 part=3 arm=30 k=7 scale_pct=25 age_ratio=4
[1612812.912112] NVMeVirt: Init FTL instance with 2 channels (524288 pages)
[1612812.912115] NVMeVirt: GC victim policy: cat-fig7-fixed ns=0 part=3 initial_k=7 initial_scale_pct=25 initial_age_ratio=4 warmup_gc=100
[1612812.912121] NVMeVirt: FTL physical space: 8588886016, logical space: 8026996276 (physical/logical * 100 = 107)
[1612812.912123] NVMeVirt: ns 0/1: size 7655 MiB
[1612812.912174] PCI host bridge to bus 0001:10
[1612812.912176] pci_bus 0001:10: root bus resource [io  0x0000-0xffff]
[1612812.912179] pci_bus 0001:10: root bus resource [mem 0x00000000-0x7fffffffff]
[1612812.912181] pci_bus 0001:10: root bus resource [bus 00-ff]
[1612812.912188] pci 0001:10:00.0: [0c51:0110] type 00 class 0x010802 PCIe Endpoint
[1612812.912192] pci 0001:10:00.0: BAR 0 [mem 0x100000000-0x100003fff 64bit]
[1612812.912195] pci 0001:10:00.0: enabling Extended Tags
[1612812.912330] NVMeVirt: Virtual PCI bus created (node 0)
[1612812.912641] NVMeVirt: nvmev_io_worker_0 started on cpu 2 (node 0)
[1612812.912701] NVMeVirt: Virtual NVMe device created
[1612812.912867] nvme nvme0: pci function 0001:10:00.0
[1612812.912877] NVMeVirt: nvmev_dispatcher started on cpu 1 (node 0)
[1612812.917525] nvme nvme0: 8/0/0 default/read/poll queues
[1612813.595534] EXT4-fs (nvme0n1): mounted filesystem e5dec349-4faf-4315-bc63-144d243879b4 r/w with ordered data mode. Quota mode: none.
[1612895.865211] NVMeVirt: Fixed CAT init ns=0 part=0 arm=30 k=7 scale_pct=25 age_ratio=4
[1612895.865218] NVMeVirt: Fixed CAT init ns=0 part=1 arm=30 k=7 scale_pct=25 age_ratio=4
[1612895.865221] NVMeVirt: Fixed CAT init ns=0 part=2 arm=30 k=7 scale_pct=25 age_ratio=4
[1612895.865223] NVMeVirt: Fixed CAT init ns=0 part=3 arm=30 k=7 scale_pct=25 age_ratio=4
[1612895.865226] NVMeVirt: Measurement: command=start epoch=1 host_bytes=0 learner_active=1
[1612895.917840] mix-mixO-arm30-1949697 phase=A START
[1613199.942909] mix-mixO-arm30-1949697 phase=A END
[1613199.979511] mix-mixO-arm30-1949697 phase=B START
[1613503.251853] mix-mixO-arm30-1949697 phase=B END
[1613503.255071] NVMeVirt: Measurement: command=stop epoch=1 host_bytes=227505836032 learner_active=0
[1613503.400764] EXT4-fs (nvme0n1): unmounting filesystem e5dec349-4faf-4315-bc63-144d243879b4.
[1613503.491895] pci_bus 0001:10: busn_res: [bus 10-ff] is released
[1613503.492033] NVMeVirt: GC stats: ns=0 policy=cat-fig7-fixed host_pages=55543417 gc_pages=72671765 gc_count=2003362 WAF=2.308 warmup_gc=100-per-part
[1613503.567928] NVMeVirt: Virtual NVMe device closed
