[1678660.741127] mix-mixK-arm32-2198134 BEGIN
[1678660.828372] NVMeVirt: Version 1.10 for >> Samsung 970 Pro SSD <<
[1678660.828378] NVMeVirt: Storage: 0x100100000-0x300000000 (8191 MiB)
[1678660.839098] NVMeVirt: Total Capacity(GiB,MiB)=2,2048 chs=2 luns=4 lines=8192 blk-size(MiB,KiB)=0,64 line-size(MiB,KiB)=0,256
[1678660.850756] NVMeVirt: [chmodel_init] bandwidth 800 max_credits 26 tx_time 152
[1678660.862071] NVMeVirt: [chmodel_init] bandwidth 800 max_credits 26 tx_time 152
[1678660.862085] NVMeVirt: [chmodel_init] bandwidth 3360 max_credits 110 tx_time 36
[1678660.862087] NVMeVirt: Fixed CAT init ns=0 part=0 arm=32 k=7 scale_pct=25 age_ratio=16
[1678660.863304] NVMeVirt: pqueue: Copyright (c) 2014, Volkan Yazıcı <volkan.yazici@gmail.com>. All rights reserved.
[1678660.863340] NVMeVirt: Init FTL instance with 2 channels (524288 pages)
[1678660.863342] NVMeVirt: GC victim policy: cat-fig7-fixed ns=0 part=0 initial_k=7 initial_scale_pct=25 initial_age_ratio=16 warmup_gc=100
[1678660.873854] NVMeVirt: [chmodel_init] bandwidth 800 max_credits 26 tx_time 152
[1678660.884433] NVMeVirt: [chmodel_init] bandwidth 800 max_credits 26 tx_time 152
[1678660.884447] NVMeVirt: [chmodel_init] bandwidth 3360 max_credits 110 tx_time 36
[1678660.884449] NVMeVirt: Fixed CAT init ns=0 part=1 arm=32 k=7 scale_pct=25 age_ratio=16
[1678660.885753] NVMeVirt: Init FTL instance with 2 channels (524288 pages)
[1678660.885757] NVMeVirt: GC victim policy: cat-fig7-fixed ns=0 part=1 initial_k=7 initial_scale_pct=25 initial_age_ratio=16 warmup_gc=100
[1678660.896090] NVMeVirt: [chmodel_init] bandwidth 800 max_credits 26 tx_time 152
[1678660.906555] NVMeVirt: [chmodel_init] bandwidth 800 max_credits 26 tx_time 152
[1678660.906569] NVMeVirt: [chmodel_init] bandwidth 3360 max_credits 110 tx_time 36
[1678660.906571] NVMeVirt: Fixed CAT init ns=0 part=2 arm=32 k=7 scale_pct=25 age_ratio=16
[1678660.907833] NVMeVirt: Init FTL instance with 2 channels (524288 pages)
[1678660.907836] NVMeVirt: GC victim policy: cat-fig7-fixed ns=0 part=2 initial_k=7 initial_scale_pct=25 initial_age_ratio=16 warmup_gc=100
[1678660.918427] NVMeVirt: [chmodel_init] bandwidth 800 max_credits 26 tx_time 152
[1678660.929182] NVMeVirt: [chmodel_init] bandwidth 800 max_credits 26 tx_time 152
[1678660.929196] NVMeVirt: [chmodel_init] bandwidth 3360 max_credits 110 tx_time 36
[1678660.929198] NVMeVirt: Fixed CAT init ns=0 part=3 arm=32 k=7 scale_pct=25 age_ratio=16
[1678660.930448] NVMeVirt: Init FTL instance with 2 channels (524288 pages)
[1678660.930450] NVMeVirt: GC victim policy: cat-fig7-fixed ns=0 part=3 initial_k=7 initial_scale_pct=25 initial_age_ratio=16 warmup_gc=100
[1678660.930457] NVMeVirt: FTL physical space: 8588886016, logical space: 8026996276 (physical/logical * 100 = 107)
[1678660.930459] NVMeVirt: ns 0/1: size 7655 MiB
[1678660.930556] PCI host bridge to bus 0001:10
[1678660.930558] pci_bus 0001:10: root bus resource [io  0x0000-0xffff]
[1678660.930562] pci_bus 0001:10: root bus resource [mem 0x00000000-0x7fffffffff]
[1678660.930564] pci_bus 0001:10: root bus resource [bus 00-ff]
[1678660.930572] pci 0001:10:00.0: [0c51:0110] type 00 class 0x010802 PCIe Endpoint
[1678660.930589] pci 0001:10:00.0: BAR 0 [mem 0x100000000-0x100003fff 64bit]
[1678660.930591] pci 0001:10:00.0: enabling Extended Tags
[1678660.930711] NVMeVirt: Virtual PCI bus created (node 0)
[1678660.931038] NVMeVirt: nvmev_io_worker_0 started on cpu 2 (node 0)
[1678660.931116] NVMeVirt: nvmev_dispatcher started on cpu 1 (node 0)
[1678660.931125] NVMeVirt: Virtual NVMe device created
[1678660.931271] nvme nvme0: pci function 0001:10:00.0
[1678660.934306] nvme nvme0: 8/0/0 default/read/poll queues
[1678661.291228] EXT4-fs (nvme0n1): mounted filesystem c9ad5dc5-7321-4101-afb0-f9155c68a7fe r/w with ordered data mode. Quota mode: none.
[1678743.619445] NVMeVirt: Fixed CAT init ns=0 part=0 arm=32 k=7 scale_pct=25 age_ratio=16
[1678743.619452] NVMeVirt: Fixed CAT init ns=0 part=1 arm=32 k=7 scale_pct=25 age_ratio=16
[1678743.619455] NVMeVirt: Fixed CAT init ns=0 part=2 arm=32 k=7 scale_pct=25 age_ratio=16
[1678743.619457] NVMeVirt: Fixed CAT init ns=0 part=3 arm=32 k=7 scale_pct=25 age_ratio=16
[1678743.619460] NVMeVirt: Measurement: command=start epoch=1 host_bytes=0 learner_active=1
[1678743.627983] mix-mixK-arm32-2198134 phase=A START
[1679343.940859] mix-mixK-arm32-2198134 phase=A END
[1679343.947916] mix-mixK-arm32-2198134 phase=B START
[1679944.306211] mix-mixK-arm32-2198134 phase=B END
[1679944.309318] NVMeVirt: Measurement: command=stop epoch=1 host_bytes=196616265728 learner_active=0
[1679944.394254] EXT4-fs (nvme0n1): unmounting filesystem c9ad5dc5-7321-4101-afb0-f9155c68a7fe.
[1679944.464635] pci_bus 0001:10: busn_res: [bus 10-ff] is released
[1679944.464760] NVMeVirt: GC stats: ns=0 policy=cat-fig7-fixed host_pages=48002018 gc_pages=37929238 gc_count=1342675 WAF=1.790 warmup_gc=100-per-part
[1679944.540814] NVMeVirt: Virtual NVMe device closed
