[1977219.080669] mix-mixF-fixed37-3262925 BEGIN
[1977219.259308] NVMeVirt: Version 1.10 for >> Samsung 970 Pro SSD <<
[1977219.259314] NVMeVirt: Storage: 0x100100000-0x300000000 (8191 MiB)
[1977219.269699] NVMeVirt: Total Capacity(GiB,MiB)=2,2048 chs=2 luns=4 lines=8192 blk-size(MiB,KiB)=0,64 line-size(MiB,KiB)=0,256
[1977219.281035] NVMeVirt: [chmodel_init] bandwidth 800 max_credits 26 tx_time 152
[1977219.291764] NVMeVirt: [chmodel_init] bandwidth 800 max_credits 26 tx_time 152
[1977219.291778] NVMeVirt: [chmodel_init] bandwidth 3360 max_credits 110 tx_time 36
[1977219.291780] NVMeVirt: Fixed CAT init ns=0 part=0 arm=37 k=7 scale_pct=100 age_ratio=7
[1977219.292995] NVMeVirt: pqueue: Copyright (c) 2014, Volkan Yazıcı <volkan.yazici@gmail.com>. All rights reserved.
[1977219.293032] NVMeVirt: Init FTL instance with 2 channels (524288 pages)
[1977219.293034] NVMeVirt: GC victim policy: cat-fig7-fixed ns=0 part=0 initial_k=7 initial_scale_pct=100 initial_age_ratio=7 warmup_gc=100
[1977219.303869] NVMeVirt: [chmodel_init] bandwidth 800 max_credits 26 tx_time 152
[1977219.314427] NVMeVirt: [chmodel_init] bandwidth 800 max_credits 26 tx_time 152
[1977219.314441] NVMeVirt: [chmodel_init] bandwidth 3360 max_credits 110 tx_time 36
[1977219.314443] NVMeVirt: Fixed CAT init ns=0 part=1 arm=37 k=7 scale_pct=100 age_ratio=7
[1977219.315731] NVMeVirt: Init FTL instance with 2 channels (524288 pages)
[1977219.315734] NVMeVirt: GC victim policy: cat-fig7-fixed ns=0 part=1 initial_k=7 initial_scale_pct=100 initial_age_ratio=7 warmup_gc=100
[1977219.326430] NVMeVirt: [chmodel_init] bandwidth 800 max_credits 26 tx_time 152
[1977219.337084] NVMeVirt: [chmodel_init] bandwidth 800 max_credits 26 tx_time 152
[1977219.337098] NVMeVirt: [chmodel_init] bandwidth 3360 max_credits 110 tx_time 36
[1977219.337100] NVMeVirt: Fixed CAT init ns=0 part=2 arm=37 k=7 scale_pct=100 age_ratio=7
[1977219.338333] NVMeVirt: Init FTL instance with 2 channels (524288 pages)
[1977219.338336] NVMeVirt: GC victim policy: cat-fig7-fixed ns=0 part=2 initial_k=7 initial_scale_pct=100 initial_age_ratio=7 warmup_gc=100
[1977219.349192] NVMeVirt: [chmodel_init] bandwidth 800 max_credits 26 tx_time 152
[1977219.359695] NVMeVirt: [chmodel_init] bandwidth 800 max_credits 26 tx_time 152
[1977219.359708] NVMeVirt: [chmodel_init] bandwidth 3360 max_credits 110 tx_time 36
[1977219.359710] NVMeVirt: Fixed CAT init ns=0 part=3 arm=37 k=7 scale_pct=100 age_ratio=7
[1977219.360926] NVMeVirt: Init FTL instance with 2 channels (524288 pages)
[1977219.360929] NVMeVirt: GC victim policy: cat-fig7-fixed ns=0 part=3 initial_k=7 initial_scale_pct=100 initial_age_ratio=7 warmup_gc=100
[1977219.360935] NVMeVirt: FTL physical space: 8588886016, logical space: 8026996276 (physical/logical * 100 = 107)
[1977219.360936] NVMeVirt: ns 0/1: size 7655 MiB
[1977219.360988] PCI host bridge to bus 0001:10
[1977219.360990] pci_bus 0001:10: root bus resource [io  0x0000-0xffff]
[1977219.360992] pci_bus 0001:10: root bus resource [mem 0x00000000-0x7fffffffff]
[1977219.360995] pci_bus 0001:10: root bus resource [bus 00-ff]
[1977219.361002] pci 0001:10:00.0: [0c51:0110] type 00 class 0x010802 PCIe Endpoint
[1977219.361006] pci 0001:10:00.0: BAR 0 [mem 0x100000000-0x100003fff 64bit]
[1977219.361009] pci 0001:10:00.0: enabling Extended Tags
[1977219.361137] NVMeVirt: Virtual PCI bus created (node 0)
[1977219.361429] NVMeVirt: nvmev_dispatcher started on cpu 1 (node 0)
[1977219.361490] NVMeVirt: Virtual NVMe device created
[1977219.361587] NVMeVirt: nvmev_io_worker_0 started on cpu 2 (node 0)
[1977219.361708] nvme nvme0: pci function 0001:10:00.0
[1977219.366245] nvme nvme0: 8/0/0 default/read/poll queues
[1977220.148205] EXT4-fs (nvme0n1): mounted filesystem 9fd2ef01-a057-4de3-b0a5-91defa0dd175 r/w with ordered data mode. Quota mode: none.
[1977302.726618] NVMeVirt: Fixed CAT init ns=0 part=0 arm=37 k=7 scale_pct=100 age_ratio=7
[1977302.726623] NVMeVirt: Fixed CAT init ns=0 part=1 arm=37 k=7 scale_pct=100 age_ratio=7
[1977302.726638] NVMeVirt: Fixed CAT init ns=0 part=2 arm=37 k=7 scale_pct=100 age_ratio=7
[1977302.726639] NVMeVirt: Fixed CAT init ns=0 part=3 arm=37 k=7 scale_pct=100 age_ratio=7
[1977302.726641] NVMeVirt: Measurement: command=start epoch=1 host_bytes=0 learner_active=1
[1977302.734419] mix-mixF-fixed37-3262925 phase=A START
[1980940.735599] audit: type=1400 audit(1791104450.464:1337): apparmor="DENIED" operation="open" class="file" profile="snap.firmware-updater.firmware-notifier" name="/proc/sys/vm/max_map_count" pid=3265903 comm="firmware-notifi" requested_mask="r" denied_mask="r" fsuid=1000 ouid=0
[1980941.444896] audit: type=1400 audit(1791104451.173:1338): apparmor="DENIED" operation="open" class="file" profile="snap.firmware-updater.firmware-notifier" name="/proc/sys/vm/max_map_count" pid=3266163 comm="firmware-notifi" requested_mask="r" denied_mask="r" fsuid=1000 ouid=0
[1980942.203485] audit: type=1400 audit(1791104451.932:1339): apparmor="DENIED" operation="open" class="file" profile="snap.firmware-updater.firmware-notifier" name="/proc/sys/vm/max_map_count" pid=3266233 comm="firmware-notifi" requested_mask="r" denied_mask="r" fsuid=1000 ouid=0
[1980942.976440] audit: type=1400 audit(1791104452.705:1340): apparmor="DENIED" operation="open" class="file" profile="snap.firmware-updater.firmware-notifier" name="/proc/sys/vm/max_map_count" pid=3266310 comm="firmware-notifi" requested_mask="r" denied_mask="r" fsuid=1000 ouid=0
[1980943.705347] audit: type=1400 audit(1791104453.434:1341): apparmor="DENIED" operation="open" class="file" profile="snap.firmware-updater.firmware-notifier" name="/proc/sys/vm/max_map_count" pid=3266381 comm="firmware-notifi" requested_mask="r" denied_mask="r" fsuid=1000 ouid=0
[1988448.754873] loop17: detected capacity change from 0 to 1260056
[1988459.279131] audit: type=1400 audit(1791111968.869:1342): apparmor="STATUS" operation="profile_replace" profile="unconfined" name="snap.chromium.hook.configure" pid=3271859 comm="apparmor_parser"
[1988459.642547] audit: type=1400 audit(1791111969.232:1343): apparmor="STATUS" operation="profile_replace" profile="unconfined" name="snap-update-ns.chromium" pid=3271855 comm="apparmor_parser"
[1988460.197471] audit: type=1400 audit(1791111969.787:1344): apparmor="STATUS" operation="profile_replace" profile="unconfined" name="snap.chromium.daemon" pid=3271858 comm="apparmor_parser"
[1988460.322657] audit: type=1400 audit(1791111969.912:1345): apparmor="STATUS" operation="profile_replace" profile="unconfined" name="snap-update-ns.firefox" pid=3271860 comm="apparmor_parser"
[1988460.401114] audit: type=1400 audit(1791111969.991:1346): apparmor="STATUS" operation="profile_replace" profile="unconfined" name="snap.chromium.chromium" pid=3271857 comm="apparmor_parser"
[1988460.449482] audit: type=1400 audit(1791111970.039:1347): apparmor="STATUS" operation="profile_replace" profile="unconfined" name="snap.chromium.chromedriver" pid=3271856 comm="apparmor_parser"
[1988460.473228] audit: type=1400 audit(1791111970.063:1348): apparmor="STATUS" operation="profile_replace" profile="unconfined" name="snap.firefox.hook.configure" pid=3271863 comm="apparmor_parser"
[1988460.565885] audit: type=1400 audit(1791111970.156:1349): apparmor="STATUS" operation="profile_replace" profile="unconfined" name="snap.firefox.hook.disconnect-plug-host-hunspell" pid=3271864 comm="apparmor_parser"
[1988460.700688] audit: type=1400 audit(1791111970.290:1350): apparmor="STATUS" operation="profile_replace" profile="unconfined" name="snap.firefox.hook.install" pid=3271865 comm="apparmor_parser"
[1988460.735927] audit: type=1400 audit(1791111970.326:1351): apparmor="STATUS" operation="profile_replace" profile="unconfined" name="snap.firefox.hook.post-refresh" pid=3271866 comm="apparmor_parser"
[1991739.631951] kauditd_printk_skb: 17 callbacks suppressed
[1991739.631954] audit: type=1400 audit(1791115249.224:1369): apparmor="DENIED" operation="open" class="file" profile="snap.firmware-updater.firmware-notifier" name="/proc/sys/vm/max_map_count" pid=3274737 comm="firmware-notifi" requested_mask="r" denied_mask="r" fsuid=1000 ouid=0
[1991740.350888] audit: type=1400 audit(1791115249.943:1370): apparmor="DENIED" operation="open" class="file" profile="snap.firmware-updater.firmware-notifier" name="/proc/sys/vm/max_map_count" pid=3275082 comm="firmware-notifi" requested_mask="r" denied_mask="r" fsuid=1000 ouid=0
[1991740.839509] audit: type=1400 audit(1791115250.431:1371): apparmor="DENIED" operation="open" class="file" profile="snap.firmware-updater.firmware-notifier" name="/proc/sys/vm/max_map_count" pid=3275153 comm="firmware-notifi" requested_mask="r" denied_mask="r" fsuid=1000 ouid=0
[1991741.603035] audit: type=1400 audit(1791115251.195:1372): apparmor="DENIED" operation="open" class="file" profile="snap.firmware-updater.firmware-notifier" name="/proc/sys/vm/max_map_count" pid=3275226 comm="firmware-notifi" requested_mask="r" denied_mask="r" fsuid=1000 ouid=0
[1991742.353973] audit: type=1400 audit(1791115251.946:1373): apparmor="DENIED" operation="open" class="file" profile="snap.firmware-updater.firmware-notifier" name="/proc/sys/vm/max_map_count" pid=3275297 comm="firmware-notifi" requested_mask="r" denied_mask="r" fsuid=1000 ouid=0
[1993532.302676] NVMeVirt: Measurement: command=stop epoch=1 host_bytes=2659041955840 learner_active=0
[1993532.313841] EXT4-fs (nvme0n1): unmounting filesystem 9fd2ef01-a057-4de3-b0a5-91defa0dd175.
[1993532.376658] pci_bus 0001:10: busn_res: [bus 10-ff] is released
[1993532.376709] NVMeVirt: GC stats: ns=0 policy=cat-fig7-fixed host_pages=649180165 gc_pages=638210373 gc_count=20115477 WAF=1.983 warmup_gc=100-per-part
[1993532.452031] NVMeVirt: Virtual NVMe device closed
