[1605896.730822] mix-mixP-arm46-1857116 BEGIN
[1605896.961844] NVMeVirt: Version 1.10 for >> Samsung 970 Pro SSD <<
[1605896.961854] NVMeVirt: Storage: 0x100100000-0x300000000 (8191 MiB)
[1605896.973718] NVMeVirt: Total Capacity(GiB,MiB)=2,2048 chs=2 luns=4 lines=8192 blk-size(MiB,KiB)=0,64 line-size(MiB,KiB)=0,256
[1605896.986322] NVMeVirt: [chmodel_init] bandwidth 800 max_credits 26 tx_time 152
[1605896.998357] NVMeVirt: [chmodel_init] bandwidth 800 max_credits 26 tx_time 152
[1605896.998373] NVMeVirt: [chmodel_init] bandwidth 3360 max_credits 110 tx_time 36
[1605896.998376] NVMeVirt: Fixed CAT init ns=0 part=0 arm=46 k=10 scale_pct=25 age_ratio=7
[1605896.999392] NVMeVirt: pqueue: Copyright (c) 2014, Volkan Yazıcı <volkan.yazici@gmail.com>. All rights reserved.
[1605896.999446] NVMeVirt: Init FTL instance with 2 channels (524288 pages)
[1605896.999448] NVMeVirt: GC victim policy: cat-fig7-fixed ns=0 part=0 initial_k=10 initial_scale_pct=25 initial_age_ratio=7 warmup_gc=100
[1605897.010127] NVMeVirt: [chmodel_init] bandwidth 800 max_credits 26 tx_time 152
[1605897.021274] NVMeVirt: [chmodel_init] bandwidth 800 max_credits 26 tx_time 152
[1605897.021288] NVMeVirt: [chmodel_init] bandwidth 3360 max_credits 110 tx_time 36
[1605897.021290] NVMeVirt: Fixed CAT init ns=0 part=1 arm=46 k=10 scale_pct=25 age_ratio=7
[1605897.022273] NVMeVirt: Init FTL instance with 2 channels (524288 pages)
[1605897.022276] NVMeVirt: GC victim policy: cat-fig7-fixed ns=0 part=1 initial_k=10 initial_scale_pct=25 initial_age_ratio=7 warmup_gc=100
[1605897.033411] NVMeVirt: [chmodel_init] bandwidth 800 max_credits 26 tx_time 152
[1605897.045331] NVMeVirt: [chmodel_init] bandwidth 800 max_credits 26 tx_time 152
[1605897.045345] NVMeVirt: [chmodel_init] bandwidth 3360 max_credits 110 tx_time 36
[1605897.045347] NVMeVirt: Fixed CAT init ns=0 part=2 arm=46 k=10 scale_pct=25 age_ratio=7
[1605897.046340] NVMeVirt: Init FTL instance with 2 channels (524288 pages)
[1605897.046344] NVMeVirt: GC victim policy: cat-fig7-fixed ns=0 part=2 initial_k=10 initial_scale_pct=25 initial_age_ratio=7 warmup_gc=100
[1605897.057106] NVMeVirt: [chmodel_init] bandwidth 800 max_credits 26 tx_time 152
[1605897.068118] NVMeVirt: [chmodel_init] bandwidth 800 max_credits 26 tx_time 152
[1605897.068132] NVMeVirt: [chmodel_init] bandwidth 3360 max_credits 110 tx_time 36
[1605897.068134] NVMeVirt: Fixed CAT init ns=0 part=3 arm=46 k=10 scale_pct=25 age_ratio=7
[1605897.069127] NVMeVirt: Init FTL instance with 2 channels (524288 pages)
[1605897.069130] NVMeVirt: GC victim policy: cat-fig7-fixed ns=0 part=3 initial_k=10 initial_scale_pct=25 initial_age_ratio=7 warmup_gc=100
[1605897.069136] NVMeVirt: FTL physical space: 8588886016, logical space: 8026996276 (physical/logical * 100 = 107)
[1605897.069138] NVMeVirt: ns 0/1: size 7655 MiB
[1605897.069188] PCI host bridge to bus 0001:10
[1605897.069190] pci_bus 0001:10: root bus resource [io  0x0000-0xffff]
[1605897.069193] pci_bus 0001:10: root bus resource [mem 0x00000000-0x7fffffffff]
[1605897.069210] pci_bus 0001:10: root bus resource [bus 00-ff]
[1605897.069218] pci 0001:10:00.0: [0c51:0110] type 00 class 0x010802 PCIe Endpoint
[1605897.069222] pci 0001:10:00.0: BAR 0 [mem 0x100000000-0x100003fff 64bit]
[1605897.069224] pci 0001:10:00.0: enabling Extended Tags
[1605897.069347] NVMeVirt: Virtual PCI bus created (node 0)
[1605897.069779] NVMeVirt: nvmev_io_worker_0 started on cpu 2 (node 0)
[1605897.069904] NVMeVirt: Virtual NVMe device created
[1605897.070061] nvme nvme0: pci function 0001:10:00.0
[1605897.070461] NVMeVirt: nvmev_dispatcher started on cpu 1 (node 0)
[1605897.072274] nvme nvme0: 8/0/0 default/read/poll queues
[1605897.548198] EXT4-fs (nvme0n1): mounted filesystem 0f6872c7-e3ca-4e17-bc20-1e99dd06975f r/w with ordered data mode. Quota mode: none.
[1605980.376018] NVMeVirt: Fixed CAT init ns=0 part=0 arm=46 k=10 scale_pct=25 age_ratio=7
[1605980.376025] NVMeVirt: Fixed CAT init ns=0 part=1 arm=46 k=10 scale_pct=25 age_ratio=7
[1605980.376028] NVMeVirt: Fixed CAT init ns=0 part=2 arm=46 k=10 scale_pct=25 age_ratio=7
[1605980.376031] NVMeVirt: Fixed CAT init ns=0 part=3 arm=46 k=10 scale_pct=25 age_ratio=7
[1605980.376033] NVMeVirt: Measurement: command=start epoch=1 host_bytes=0 learner_active=1
[1605980.385118] mix-mixP-arm46-1857116 phase=A START
[1605980.397249] mix-mixP-arm46-1857116 phase=A LOAD
[1605991.019235] mix-mixP-arm46-1857116 phase=A RUN
[1605995.250895] tee (1857525): drop_caches: 3
[1606000.652666] tee (1857529): drop_caches: 3
[1606005.831528] tee (1857535): drop_caches: 3
[1606012.488470] tee (1857541): drop_caches: 3
[1606018.514658] tee (1857552): drop_caches: 3
[1606024.080687] tee (1857557): drop_caches: 3
[1606029.359528] tee (1857561): drop_caches: 3
[1606034.542966] tee (1857565): drop_caches: 3
[1606039.762491] tee (1857571): drop_caches: 3
[1606045.037455] tee (1857575): drop_caches: 3
[1606050.260144] tee (1857586): drop_caches: 3
[1606055.940710] tee (1857592): drop_caches: 3
[1606061.378177] tee (1857596): drop_caches: 3
[1606066.467498] tee (1857600): drop_caches: 3
[1606071.643647] tee (1857604): drop_caches: 3
[1606076.835145] tee (1857608): drop_caches: 3
[1606081.551647] tee (1857619): drop_caches: 3
[1606087.351528] tee (1857624): drop_caches: 3
[1606092.672809] tee (1857629): drop_caches: 3
[1606097.818305] tee (1857633): drop_caches: 3
[1606102.943397] tee (1857637): drop_caches: 3
[1606108.328563] tee (1857641): drop_caches: 3
[1606113.002719] tee (1857651): drop_caches: 3
[1606118.300541] tee (1857657): drop_caches: 3
[1606123.972343] tee (1857661): drop_caches: 3
[1606129.099534] tee (1857665): drop_caches: 3
[1606134.293416] tee (1857669): drop_caches: 3
[1606139.683721] tee (1857677): drop_caches: 3
[1606144.377510] tee (1857684): drop_caches: 3
[1606150.383863] tee (1857689): drop_caches: 3
[1606155.534666] tee (1857693): drop_caches: 3
[1606160.666491] tee (1857697): drop_caches: 3
[1606165.902459] tee (1857703): drop_caches: 3
[1606171.540343] tee (1857712): drop_caches: 3
[1606176.163166] tee (1857717): drop_caches: 3
[1606181.976694] tee (1857723): drop_caches: 3
[1606187.289463] tee (1857730): drop_caches: 3
[1606192.441624] tee (1857736): drop_caches: 3
[1606197.417193] tee (1857741): drop_caches: 3
[1606202.608335] tee (1857755): drop_caches: 3
[1606208.070491] tee (1857770): drop_caches: 3
[1606210.605817] mix-mixP-arm46-1857116 phase=A END
[1606210.800562] mix-mixP-arm46-1857116 phase=B START
[1607129.578677] mix-mixP-arm46-1857116 phase=B END
[1607129.830771] NVMeVirt: Measurement: command=stop epoch=1 host_bytes=106552057856 learner_active=0
[1607130.218401] EXT4-fs (nvme0n1): unmounting filesystem 0f6872c7-e3ca-4e17-bc20-1e99dd06975f.
[1607130.801752] pci_bus 0001:10: busn_res: [bus 10-ff] is released
[1607130.801797] NVMeVirt: GC stats: ns=0 policy=cat-fig7-fixed host_pages=26013686 gc_pages=4529579 gc_count=477239 WAF=1.174 warmup_gc=100-per-part
[1607130.874468] NVMeVirt: Virtual NVMe device closed
