[1587431.326838] mix-t4-arm35-1836400 BEGIN
[1587431.439264] NVMeVirt: Version 1.10 for >> Samsung 970 Pro SSD <<
[1587431.439273] NVMeVirt: Storage: 0x100100000-0x300000000 (8191 MiB)
[1587431.450115] NVMeVirt: Total Capacity(GiB,MiB)=2,2048 chs=2 luns=4 lines=8192 blk-size(MiB,KiB)=0,64 line-size(MiB,KiB)=0,256
[1587431.461320] NVMeVirt: [chmodel_init] bandwidth 800 max_credits 26 tx_time 152
[1587431.472583] NVMeVirt: [chmodel_init] bandwidth 800 max_credits 26 tx_time 152
[1587431.472603] NVMeVirt: [chmodel_init] bandwidth 3360 max_credits 110 tx_time 36
[1587431.472606] NVMeVirt: Fixed CAT init ns=0 part=0 arm=35 k=7 scale_pct=50 age_ratio=16
[1587431.474246] NVMeVirt: pqueue: Copyright (c) 2014, Volkan Yazıcı <volkan.yazici@gmail.com>. All rights reserved.
[1587431.474290] NVMeVirt: Init FTL instance with 2 channels (524288 pages)
[1587431.474293] NVMeVirt: GC victim policy: cat-fig7-fixed ns=0 part=0 initial_k=7 initial_scale_pct=50 initial_age_ratio=16 warmup_gc=100
[1587431.485519] NVMeVirt: [chmodel_init] bandwidth 800 max_credits 26 tx_time 152
[1587431.496233] NVMeVirt: [chmodel_init] bandwidth 800 max_credits 26 tx_time 152
[1587431.496248] NVMeVirt: [chmodel_init] bandwidth 3360 max_credits 110 tx_time 36
[1587431.496250] NVMeVirt: Fixed CAT init ns=0 part=1 arm=35 k=7 scale_pct=50 age_ratio=16
[1587431.497471] NVMeVirt: Init FTL instance with 2 channels (524288 pages)
[1587431.497474] NVMeVirt: GC victim policy: cat-fig7-fixed ns=0 part=1 initial_k=7 initial_scale_pct=50 initial_age_ratio=16 warmup_gc=100
[1587431.508288] NVMeVirt: [chmodel_init] bandwidth 800 max_credits 26 tx_time 152
[1587431.519206] NVMeVirt: [chmodel_init] bandwidth 800 max_credits 26 tx_time 152
[1587431.519220] NVMeVirt: [chmodel_init] bandwidth 3360 max_credits 110 tx_time 36
[1587431.519222] NVMeVirt: Fixed CAT init ns=0 part=2 arm=35 k=7 scale_pct=50 age_ratio=16
[1587431.520445] NVMeVirt: Init FTL instance with 2 channels (524288 pages)
[1587431.520447] NVMeVirt: GC victim policy: cat-fig7-fixed ns=0 part=2 initial_k=7 initial_scale_pct=50 initial_age_ratio=16 warmup_gc=100
[1587431.531107] NVMeVirt: [chmodel_init] bandwidth 800 max_credits 26 tx_time 152
[1587431.542404] NVMeVirt: [chmodel_init] bandwidth 800 max_credits 26 tx_time 152
[1587431.542423] NVMeVirt: [chmodel_init] bandwidth 3360 max_credits 110 tx_time 36
[1587431.542425] NVMeVirt: Fixed CAT init ns=0 part=3 arm=35 k=7 scale_pct=50 age_ratio=16
[1587431.544111] NVMeVirt: Init FTL instance with 2 channels (524288 pages)
[1587431.544116] NVMeVirt: GC victim policy: cat-fig7-fixed ns=0 part=3 initial_k=7 initial_scale_pct=50 initial_age_ratio=16 warmup_gc=100
[1587431.544124] NVMeVirt: FTL physical space: 8588886016, logical space: 8026996276 (physical/logical * 100 = 107)
[1587431.544126] NVMeVirt: ns 0/1: size 7655 MiB
[1587431.544187] PCI host bridge to bus 0001:10
[1587431.544190] pci_bus 0001:10: root bus resource [io  0x0000-0xffff]
[1587431.544194] pci_bus 0001:10: root bus resource [mem 0x00000000-0x7fffffffff]
[1587431.544197] pci_bus 0001:10: root bus resource [bus 00-ff]
[1587431.544207] pci 0001:10:00.0: [0c51:0110] type 00 class 0x010802 PCIe Endpoint
[1587431.544212] pci 0001:10:00.0: BAR 0 [mem 0x100000000-0x100003fff 64bit]
[1587431.544215] pci 0001:10:00.0: enabling Extended Tags
[1587431.544384] NVMeVirt: Virtual PCI bus created (node 0)
[1587431.544649] NVMeVirt: nvmev_io_worker_0 started on cpu 2 (node 0)
[1587431.544793] NVMeVirt: nvmev_dispatcher started on cpu 1 (node 0)
[1587431.544799] NVMeVirt: Virtual NVMe device created
[1587431.545233] nvme nvme0: pci function 0001:10:00.0
[1587431.547933] nvme nvme0: 8/0/0 default/read/poll queues
[1587432.141565] EXT4-fs (nvme0n1): mounted filesystem 47a029b5-a4de-43f0-8a5e-a5c8170e2adf r/w with ordered data mode. Quota mode: none.
[1587514.497039] NVMeVirt: Fixed CAT init ns=0 part=0 arm=35 k=7 scale_pct=50 age_ratio=16
[1587514.497045] NVMeVirt: Fixed CAT init ns=0 part=1 arm=35 k=7 scale_pct=50 age_ratio=16
[1587514.497048] NVMeVirt: Fixed CAT init ns=0 part=2 arm=35 k=7 scale_pct=50 age_ratio=16
[1587514.497050] NVMeVirt: Fixed CAT init ns=0 part=3 arm=35 k=7 scale_pct=50 age_ratio=16
[1587514.497053] NVMeVirt: Measurement: command=start epoch=1 host_bytes=0 learner_active=1
[1587514.505592] mix-t4-arm35-1836400 phase=A START
[1588114.835895] mix-t4-arm35-1836400 phase=A END
[1588114.940462] NVMeVirt: Measurement: command=stop epoch=1 host_bytes=98386415616 learner_active=0
[1588115.095537] EXT4-fs (nvme0n1): unmounting filesystem 47a029b5-a4de-43f0-8a5e-a5c8170e2adf.
[1588115.159282] pci_bus 0001:10: busn_res: [bus 10-ff] is released
[1588115.159461] NVMeVirt: GC stats: ns=0 policy=cat-fig7-fixed host_pages=24020121 gc_pages=20251247 gc_count=691740 WAF=1.843 warmup_gc=100-per-part
[1588115.238199] NVMeVirt: Virtual NVMe device closed
