make: Entering directory '/usr/src/linux-headers-7.0.0-31-generic'
make[1]: Entering directory '/home/oy/iCAT/varmail-compare-src'
warning: the compiler differs from the one used to build the kernel
  The kernel was built by: x86_64-linux-gnu-gcc-13 (Ubuntu 13.3.0-6ubuntu2~24.04.1) 13.3.0
  You are using:           gcc-13 (Ubuntu 13.3.0-6ubuntu2~24.04.1) 13.3.0
warning: pahole version differs from the one used to build the kernel
  The kernel was built with: 125
  You are using:             0
  CC [M]  main.o
  CC [M]  pci.o
  CC [M]  admin.o
  CC [M]  io.o
  CC [M]  dma.o
  CC [M]  ssd.o
  CC [M]  conv_ftl.o
  CC [M]  pqueue/pqueue.o
  CC [M]  channel_model.o
  LD [M]  nvmev.o
  MODPOST Module.symvers
WARNING: modpost: missing MODULE_DESCRIPTION() in nvmev.o
  CC [M]  .module-common.o
  CC [M]  nvmev.mod.o
  LD [M]  nvmev.ko
  BTF [M] nvmev.ko
Skipping BTF generation for nvmev.ko due to unavailability of vmlinux
make[1]: Leaving directory '/home/oy/iCAT/varmail-compare-src'
make: Leaving directory '/usr/src/linux-headers-7.0.0-31-generic'
