[151318.048770] mix-mixO-fixed37-425247 BEGIN
[151318.068147] NVMeVirt: Version 1.10 for >> Samsung 970 Pro SSD <<
[151318.068158] NVMeVirt: Storage: 0x100100000-0x300000000 (8191 MiB)
[151318.088265] NVMeVirt: Total Capacity(GiB,MiB)=2,2048 chs=2 luns=4 lines=8192 blk-size(MiB,KiB)=0,64 line-size(MiB,KiB)=0,256
[151318.103846] NVMeVirt: [chmodel_init] bandwidth 800 max_credits 26 tx_time 152
[151318.120412] NVMeVirt: [chmodel_init] bandwidth 800 max_credits 26 tx_time 152
[151318.120431] NVMeVirt: [chmodel_init] bandwidth 3360 max_credits 110 tx_time 36
[151318.120435] NVMeVirt: Fixed CAT init ns=0 part=0 arm=37 k=7 scale_pct=100 age_ratio=7
[151318.121855] NVMeVirt: pqueue: Copyright (c) 2014, Volkan Yazıcı <volkan.yazici@gmail.com>. All rights reserved.
[151318.121886] NVMeVirt: Init FTL instance with 2 channels (524288 pages)
[151318.121888] NVMeVirt: GC victim policy: cat-fig7-fixed ns=0 part=0 initial_k=7 initial_scale_pct=100 initial_age_ratio=7 warmup_gc=100
[151318.136630] NVMeVirt: [chmodel_init] bandwidth 800 max_credits 26 tx_time 152
[151318.153892] NVMeVirt: [chmodel_init] bandwidth 800 max_credits 26 tx_time 152
[151318.153911] NVMeVirt: [chmodel_init] bandwidth 3360 max_credits 110 tx_time 36
[151318.153914] NVMeVirt: Fixed CAT init ns=0 part=1 arm=37 k=7 scale_pct=100 age_ratio=7
[151318.155367] NVMeVirt: Init FTL instance with 2 channels (524288 pages)
[151318.155370] NVMeVirt: GC victim policy: cat-fig7-fixed ns=0 part=1 initial_k=7 initial_scale_pct=100 initial_age_ratio=7 warmup_gc=100
[151318.169887] NVMeVirt: [chmodel_init] bandwidth 800 max_credits 26 tx_time 152
[151318.185897] NVMeVirt: [chmodel_init] bandwidth 800 max_credits 26 tx_time 152
[151318.185918] NVMeVirt: [chmodel_init] bandwidth 3360 max_credits 110 tx_time 36
[151318.185922] NVMeVirt: Fixed CAT init ns=0 part=2 arm=37 k=7 scale_pct=100 age_ratio=7
[151318.187656] NVMeVirt: Init FTL instance with 2 channels (524288 pages)
[151318.187660] NVMeVirt: GC victim policy: cat-fig7-fixed ns=0 part=2 initial_k=7 initial_scale_pct=100 initial_age_ratio=7 warmup_gc=100
[151318.202492] NVMeVirt: [chmodel_init] bandwidth 800 max_credits 26 tx_time 152
[151318.219041] NVMeVirt: [chmodel_init] bandwidth 800 max_credits 26 tx_time 152
[151318.219103] NVMeVirt: [chmodel_init] bandwidth 3360 max_credits 110 tx_time 36
[151318.219108] NVMeVirt: Fixed CAT init ns=0 part=3 arm=37 k=7 scale_pct=100 age_ratio=7
[151318.221176] NVMeVirt: Init FTL instance with 2 channels (524288 pages)
[151318.221180] NVMeVirt: GC victim policy: cat-fig7-fixed ns=0 part=3 initial_k=7 initial_scale_pct=100 initial_age_ratio=7 warmup_gc=100
[151318.221189] NVMeVirt: FTL physical space: 8588886016, logical space: 8026996276 (physical/logical * 100 = 107)
[151318.221192] NVMeVirt: ns 0/1: size 7655 MiB
[151318.221278] PCI host bridge to bus 0001:10
[151318.221282] pci_bus 0001:10: root bus resource [io  0x0000-0xffff]
[151318.221287] pci_bus 0001:10: root bus resource [mem 0x00000000-0x7ffffffffff]
[151318.221290] pci_bus 0001:10: root bus resource [bus 00-ff]
[151318.221301] pci 0001:10:00.0: [0c51:0110] type 00 class 0x010802 PCIe Endpoint
[151318.221307] pci 0001:10:00.0: BAR 0 [mem 0x100000000-0x100003fff 64bit]
[151318.221312] pci 0001:10:00.0: enabling Extended Tags
[151318.221574] NVMeVirt: Virtual PCI bus created (node 0)
[151318.221833] NVMeVirt: nvmev_io_worker_0 started on cpu 2 (node 0)
[151318.221873] NVMeVirt: nvmev_dispatcher started on cpu 1 (node 0)
[151318.221899] NVMeVirt: Virtual NVMe device created
[151318.222253] nvme nvme1: pci function 0001:10:00.0
[151318.225447] nvme nvme1: 12/0/0 default/read/poll queues
[151318.331250] EXT4-fs (nvme1n1): mounted filesystem cb9d4733-563b-4f74-a575-2c1e3af5ba05 r/w with ordered data mode. Quota mode: none.
[151400.423273] NVMeVirt: Fixed CAT init ns=0 part=0 arm=37 k=7 scale_pct=100 age_ratio=7
[151400.423285] NVMeVirt: Fixed CAT init ns=0 part=1 arm=37 k=7 scale_pct=100 age_ratio=7
[151400.423290] NVMeVirt: Fixed CAT init ns=0 part=2 arm=37 k=7 scale_pct=100 age_ratio=7
[151400.423295] NVMeVirt: Fixed CAT init ns=0 part=3 arm=37 k=7 scale_pct=100 age_ratio=7
[151400.423300] NVMeVirt: Measurement: command=start epoch=1 host_bytes=0 learner_active=1
[151400.448232] mix-mixO-fixed37-425247 phase=A START
[152306.692056] mix-mixO-fixed37-425247 phase=A chunk=1/20 done
[153211.397517] mix-mixO-fixed37-425247 phase=A chunk=2/20 done
[154115.492728] mix-mixO-fixed37-425247 phase=A chunk=3/20 done
[155020.448269] mix-mixO-fixed37-425247 phase=A chunk=4/20 done
[155534.915989] audit: type=1400 audit(1790996439.223:369): apparmor="DENIED" operation="open" class="file" profile="snap.firmware-updater.firmware-notifier" name="/proc/sys/vm/max_map_count" pid=585205 comm="firmware-notifi" requested_mask="r" denied_mask="r" fsuid=1000 ouid=0
[155925.225510] mix-mixO-fixed37-425247 phase=A chunk=5/20 done
[156830.388805] mix-mixO-fixed37-425247 phase=A chunk=6/20 done
[157735.031363] mix-mixO-fixed37-425247 phase=A chunk=7/20 done
[158639.501982] mix-mixO-fixed37-425247 phase=A chunk=8/20 done
[159544.152945] mix-mixO-fixed37-425247 phase=A chunk=9/20 done
[160448.529743] mix-mixO-fixed37-425247 phase=A chunk=10/20 done
[161352.647399] mix-mixO-fixed37-425247 phase=A chunk=11/20 done
[162257.858061] mix-mixO-fixed37-425247 phase=A chunk=12/20 done
[163161.782544] mix-mixO-fixed37-425247 phase=A chunk=13/20 done
[164067.132821] mix-mixO-fixed37-425247 phase=A chunk=14/20 done
[164972.349525] mix-mixO-fixed37-425247 phase=A chunk=15/20 done
[165876.771264] mix-mixO-fixed37-425247 phase=A chunk=16/20 done
[166334.720750] audit: type=1400 audit(1791007239.348:370): apparmor="DENIED" operation="open" class="file" profile="snap.firmware-updater.firmware-notifier" name="/proc/sys/vm/max_map_count" pid=955520 comm="firmware-notifi" requested_mask="r" denied_mask="r" fsuid=1000 ouid=0
[166781.932518] mix-mixO-fixed37-425247 phase=A chunk=17/20 done
[167686.893938] mix-mixO-fixed37-425247 phase=A chunk=18/20 done
[168592.332623] mix-mixO-fixed37-425247 phase=A chunk=19/20 done
[169497.765848] mix-mixO-fixed37-425247 phase=A chunk=20/20 done
[169497.813769] mix-mixO-fixed37-425247 phase=A END
[169497.827190] mix-mixO-fixed37-425247 phase=B START
[177133.714968] audit: type=1400 audit(1791018038.656:371): apparmor="DENIED" operation="open" class="file" profile="snap.firmware-updater.firmware-notifier" name="/proc/sys/vm/max_map_count" pid=1082234 comm="firmware-notifi" requested_mask="r" denied_mask="r" fsuid=1000 ouid=0
[187501.506819] mix-mixO-fixed37-425247 phase=B chunk=1/1 done
[187502.198089] mix-mixO-fixed37-425247 phase=B END
[187502.202052] NVMeVirt: Measurement: command=stop epoch=1 host_bytes=14139532218368 learner_active=0
[187502.254650] EXT4-fs (nvme1n1): unmounting filesystem cb9d4733-563b-4f74-a575-2c1e3af5ba05.
[187502.388726] pci_bus 0001:10: busn_res: [bus 10-ff] is released
[187502.388835] NVMeVirt: GC stats: ns=0 policy=cat-fig7-fixed host_pages=3452034233 gc_pages=3871572173 gc_count=114431350 WAF=2.121 warmup_gc=100-per-part
[187502.509021] NVMeVirt: Virtual NVMe device closed
