[1405273.198267] mix-mixJ-onlinev4-1412352 BEGIN
[1405273.209654] NVMeVirt: Version 1.10 for >> Samsung 970 Pro SSD <<
[1405273.209660] NVMeVirt: Storage: 0x100100000-0x300000000 (8191 MiB)
[1405273.220825] NVMeVirt: Total Capacity(GiB,MiB)=2,2048 chs=2 luns=4 lines=8192 blk-size(MiB,KiB)=0,64 line-size(MiB,KiB)=0,256
[1405273.231721] NVMeVirt: [chmodel_init] bandwidth 800 max_credits 26 tx_time 152
[1405273.242175] NVMeVirt: [chmodel_init] bandwidth 800 max_credits 26 tx_time 152
[1405273.242189] NVMeVirt: [chmodel_init] bandwidth 3360 max_credits 110 tx_time 36
[1405273.242192] NVMeVirt: WATGC_V2 init ns=0 part=0 arms=60 initial=37 prior=none gamma_q16=65503 exploration_q16=16384
[1405273.243121] NVMeVirt: pqueue: Copyright (c) 2014, Volkan Yazıcı <volkan.yazici@gmail.com>. All rights reserved.
[1405273.243192] NVMeVirt: Init FTL instance with 2 channels (524288 pages)
[1405273.243195] NVMeVirt: GC victim policy: watgc-v2 ns=0 part=0 initial_k=7 initial_scale_pct=100 initial_age_ratio=7 warmup_gc=100
[1405273.253258] NVMeVirt: [chmodel_init] bandwidth 800 max_credits 26 tx_time 152
[1405273.263558] NVMeVirt: [chmodel_init] bandwidth 800 max_credits 26 tx_time 152
[1405273.263572] NVMeVirt: [chmodel_init] bandwidth 3360 max_credits 110 tx_time 36
[1405273.263574] NVMeVirt: WATGC_V2 init ns=0 part=1 arms=60 initial=37 prior=none gamma_q16=65503 exploration_q16=16384
[1405273.264602] NVMeVirt: Init FTL instance with 2 channels (524288 pages)
[1405273.264605] NVMeVirt: GC victim policy: watgc-v2 ns=0 part=1 initial_k=7 initial_scale_pct=100 initial_age_ratio=7 warmup_gc=100
[1405273.274688] NVMeVirt: [chmodel_init] bandwidth 800 max_credits 26 tx_time 152
[1405273.284739] NVMeVirt: [chmodel_init] bandwidth 800 max_credits 26 tx_time 152
[1405273.284752] NVMeVirt: [chmodel_init] bandwidth 3360 max_credits 110 tx_time 36
[1405273.284754] NVMeVirt: WATGC_V2 init ns=0 part=2 arms=60 initial=37 prior=none gamma_q16=65503 exploration_q16=16384
[1405273.285721] NVMeVirt: Init FTL instance with 2 channels (524288 pages)
[1405273.285723] NVMeVirt: GC victim policy: watgc-v2 ns=0 part=2 initial_k=7 initial_scale_pct=100 initial_age_ratio=7 warmup_gc=100
[1405273.295686] NVMeVirt: [chmodel_init] bandwidth 800 max_credits 26 tx_time 152
[1405273.305809] NVMeVirt: [chmodel_init] bandwidth 800 max_credits 26 tx_time 152
[1405273.305824] NVMeVirt: [chmodel_init] bandwidth 3360 max_credits 110 tx_time 36
[1405273.305827] NVMeVirt: WATGC_V2 init ns=0 part=3 arms=60 initial=37 prior=none gamma_q16=65503 exploration_q16=16384
[1405273.306830] NVMeVirt: Init FTL instance with 2 channels (524288 pages)
[1405273.306832] NVMeVirt: GC victim policy: watgc-v2 ns=0 part=3 initial_k=7 initial_scale_pct=100 initial_age_ratio=7 warmup_gc=100
[1405273.306839] NVMeVirt: FTL physical space: 8588886016, logical space: 8026996276 (physical/logical * 100 = 107)
[1405273.306841] NVMeVirt: ns 0/1: size 7655 MiB
[1405273.306891] PCI host bridge to bus 0001:10
[1405273.306895] pci_bus 0001:10: root bus resource [io  0x0000-0xffff]
[1405273.306898] pci_bus 0001:10: root bus resource [mem 0x00000000-0x7fffffffff]
[1405273.306900] pci_bus 0001:10: root bus resource [bus 00-ff]
[1405273.306909] pci 0001:10:00.0: [0c51:0110] type 00 class 0x010802 PCIe Endpoint
[1405273.306914] pci 0001:10:00.0: BAR 0 [mem 0x100000000-0x100003fff 64bit]
[1405273.306918] pci 0001:10:00.0: enabling Extended Tags
[1405273.307131] NVMeVirt: Virtual PCI bus created (node 0)
[1405273.307422] NVMeVirt: nvmev_io_worker_0 started on cpu 2 (node 0)
[1405273.307455] NVMeVirt: nvmev_dispatcher started on cpu 1 (node 0)
[1405273.307498] NVMeVirt: Virtual NVMe device created
[1405273.309532] nvme nvme0: pci function 0001:10:00.0
[1405273.313446] nvme nvme0: 8/0/0 default/read/poll queues
[1405273.385221] EXT4-fs (nvme0n1): mounted filesystem e94bdde4-2578-4b31-9e62-533206cca941 r/w with ordered data mode. Quota mode: none.
[1405355.389821] NVMeVirt: WATGC_V2 init ns=0 part=0 arms=60 initial=37 prior=none gamma_q16=65503 exploration_q16=16384
[1405355.389828] NVMeVirt: WATGC_V2 init ns=0 part=1 arms=60 initial=37 prior=none gamma_q16=65503 exploration_q16=16384
[1405355.389830] NVMeVirt: WATGC_V2 init ns=0 part=2 arms=60 initial=37 prior=none gamma_q16=65503 exploration_q16=16384
[1405355.389833] NVMeVirt: WATGC_V2 init ns=0 part=3 arms=60 initial=37 prior=none gamma_q16=65503 exploration_q16=16384
[1405355.389835] NVMeVirt: Measurement: command=start epoch=1 host_bytes=0 learner_active=1
[1405355.399222] mix-mixJ-onlinev4-1412352 phase=A START
[1405355.410279] mix-mixJ-onlinev4-1412352 phase=A LOAD
[1405357.465868] NVMeVirt: WATGC_V2 warmup-done ns=0 part=0 gc_count=2786
[1405357.473219] NVMeVirt: WATGC_V2 warmup-done ns=0 part=3 gc_count=2767
[1405357.474193] NVMeVirt: WATGC_V2 warmup-done ns=0 part=2 gc_count=2764
[1405357.474923] NVMeVirt: WATGC_V2 warmup-done ns=0 part=1 gc_count=2766
[1405367.796524] NVMeVirt: WATGC_V2 sample ns=0 part=0 epoch=1 window=1 phase=measure evaluated=37 k=7 scale_pct=100 age_ratio=7 host=131130 gc_pages=55343 gc_count=2914 waf_q16=93195 best=37 next=15 settled=0 active=45
[1405367.877365] NVMeVirt: WATGC_V2 sample ns=0 part=1 epoch=1 window=1 phase=measure evaluated=37 k=7 scale_pct=100 age_ratio=7 host=131089 gc_pages=54382 gc_count=2898 waf_q16=92723 best=37 next=15 settled=0 active=45
[1405367.984156] NVMeVirt: WATGC_V2 sample ns=0 part=2 epoch=1 window=1 phase=measure evaluated=37 k=7 scale_pct=100 age_ratio=7 host=131085 gc_pages=56648 gc_count=2933 waf_q16=93857 best=37 next=15 settled=0 active=45
[1405368.246994] NVMeVirt: WATGC_V2 sample ns=0 part=3 epoch=1 window=1 phase=measure evaluated=37 k=7 scale_pct=100 age_ratio=7 host=131075 gc_pages=54701 gc_count=2903 waf_q16=92885 best=37 next=15 settled=0 active=45
[1405377.811074] NVMeVirt: WATGC_V2 sample ns=0 part=0 epoch=1 window=2 phase=measure evaluated=15 k=4 scale_pct=25 age_ratio=4 host=131114 gc_pages=59223 gc_count=2974 waf_q16=95138 best=37 next=16 settled=0 active=45
[1405377.929266] NVMeVirt: WATGC_V2 sample ns=0 part=1 epoch=1 window=2 phase=measure evaluated=15 k=4 scale_pct=25 age_ratio=4 host=131102 gc_pages=57841 gc_count=2952 waf_q16=94449 best=37 next=16 settled=0 active=45
[1405378.010006] NVMeVirt: WATGC_V2 sample ns=0 part=2 epoch=1 window=2 phase=measure evaluated=15 k=4 scale_pct=25 age_ratio=4 host=131116 gc_pages=58446 gc_count=2962 waf_q16=94749 best=37 next=16 settled=0 active=45
[1405378.391827] NVMeVirt: WATGC_V2 sample ns=0 part=3 epoch=1 window=2 phase=measure evaluated=15 k=4 scale_pct=25 age_ratio=4 host=131097 gc_pages=58457 gc_count=2962 waf_q16=94758 best=37 next=16 settled=0 active=45
[1405379.594941] mix-mixJ-onlinev4-1412352 phase=A RUN
[1405384.031447] tee (1412667): drop_caches: 3
[1405389.368452] tee (1412672): drop_caches: 3
[1405394.462001] tee (1412683): drop_caches: 3
[1405399.742594] tee (1412689): drop_caches: 3
[1405403.489570] NVMeVirt: WATGC_V2 sample ns=0 part=0 epoch=1 window=3 phase=measure evaluated=16 k=4 scale_pct=25 age_ratio=7 host=131077 gc_pages=81190 gc_count=3317 waf_q16=106129 best=37 next=17 settled=0 active=45
[1405403.900075] NVMeVirt: WATGC_V2 sample ns=0 part=1 epoch=1 window=3 phase=measure evaluated=16 k=4 scale_pct=25 age_ratio=7 host=131089 gc_pages=83482 gc_count=3353 waf_q16=107271 best=37 next=17 settled=0 active=45
[1405404.051873] NVMeVirt: WATGC_V2 sample ns=0 part=2 epoch=1 window=3 phase=measure evaluated=16 k=4 scale_pct=25 age_ratio=7 host=131122 gc_pages=80380 gc_count=3305 waf_q16=105710 best=37 next=17 settled=0 active=45
[1405404.901749] tee (1412694): drop_caches: 3
[1405405.341582] NVMeVirt: WATGC_V2 sample ns=0 part=3 epoch=1 window=3 phase=measure evaluated=16 k=4 scale_pct=25 age_ratio=7 host=131090 gc_pages=81851 gc_count=3327 waf_q16=106455 best=37 next=17 settled=0 active=45
[1405410.052268] tee (1412698): drop_caches: 3
[1405415.715963] tee (1412703): drop_caches: 3
[1405420.879387] tee (1412707): drop_caches: 3
[1405425.828011] tee (1412718): drop_caches: 3
[1405431.069808] tee (1412723): drop_caches: 3
[1405434.160877] NVMeVirt: WATGC_V2 sample ns=0 part=0 epoch=1 window=4 phase=measure evaluated=17 k=4 scale_pct=25 age_ratio=16 host=131123 gc_pages=61006 gc_count=3002 waf_q16=96027 best=37 next=18 settled=0 active=45
[1405434.552278] NVMeVirt: WATGC_V2 sample ns=0 part=1 epoch=1 window=4 phase=measure evaluated=17 k=4 scale_pct=25 age_ratio=16 host=131094 gc_pages=58677 gc_count=2965 waf_q16=94869 best=37 next=18 settled=0 active=45
[1405434.607245] NVMeVirt: WATGC_V2 sample ns=0 part=2 epoch=1 window=4 phase=measure evaluated=17 k=4 scale_pct=25 age_ratio=16 host=131074 gc_pages=56319 gc_count=2928 waf_q16=93695 best=37 next=18 settled=0 active=45
[1405435.666935] NVMeVirt: WATGC_V2 sample ns=0 part=3 epoch=1 window=4 phase=measure evaluated=17 k=4 scale_pct=25 age_ratio=16 host=131078 gc_pages=58487 gc_count=2962 waf_q16=94778 best=37 next=18 settled=0 active=45
[1405436.116617] tee (1412727): drop_caches: 3
[1405441.157538] tee (1412731): drop_caches: 3
[1405446.239833] tee (1412735): drop_caches: 3
[1405451.317280] tee (1412746): drop_caches: 3
[1405456.387391] tee (1412755): drop_caches: 3
[1405460.970906] tee (1412762): drop_caches: 3
[1405463.814936] NVMeVirt: WATGC_V2 sample ns=0 part=0 epoch=1 window=5 phase=measure evaluated=18 k=4 scale_pct=50 age_ratio=4 host=131099 gc_pages=46113 gc_count=2769 waf_q16=88587 best=18 next=19 settled=0 active=45
[1405464.160550] NVMeVirt: WATGC_V2 sample ns=0 part=2 epoch=1 window=5 phase=measure evaluated=18 k=4 scale_pct=50 age_ratio=4 host=131079 gc_pages=46270 gc_count=2771 waf_q16=88669 best=18 next=19 settled=0 active=45
[1405464.202223] NVMeVirt: WATGC_V2 sample ns=0 part=1 epoch=1 window=5 phase=measure evaluated=18 k=4 scale_pct=50 age_ratio=4 host=131116 gc_pages=46560 gc_count=2776 waf_q16=88808 best=18 next=19 settled=0 active=45
[1405465.242770] NVMeVirt: WATGC_V2 sample ns=0 part=3 epoch=1 window=5 phase=measure evaluated=18 k=4 scale_pct=50 age_ratio=4 host=131102 gc_pages=46045 gc_count=2768 waf_q16=88553 best=18 next=19 settled=0 active=45
[1405466.093350] tee (1412768): drop_caches: 3
[1405471.158016] tee (1412772): drop_caches: 3
[1405476.330924] tee (1412776): drop_caches: 3
[1405481.352683] tee (1412787): drop_caches: 3
[1405486.872562] tee (1412815): drop_caches: 3
[1405491.878422] tee (1412850): drop_caches: 3
[1405494.042590] NVMeVirt: WATGC_V2 sample ns=0 part=0 epoch=1 window=6 phase=measure evaluated=19 k=4 scale_pct=50 age_ratio=7 host=131073 gc_pages=53699 gc_count=2887 waf_q16=92385 best=18 next=20 settled=0 active=45
[1405494.327821] NVMeVirt: WATGC_V2 sample ns=0 part=2 epoch=1 window=6 phase=measure evaluated=19 k=4 scale_pct=50 age_ratio=7 host=131111 gc_pages=54820 gc_count=2905 waf_q16=92937 best=18 next=20 settled=0 active=45
[1405494.459880] NVMeVirt: WATGC_V2 sample ns=0 part=1 epoch=1 window=6 phase=measure evaluated=19 k=4 scale_pct=50 age_ratio=7 host=131112 gc_pages=54224 gc_count=2896 waf_q16=92639 best=18 next=20 settled=0 active=45
[1405495.488575] NVMeVirt: WATGC_V2 sample ns=0 part=3 epoch=1 window=6 phase=measure evaluated=19 k=4 scale_pct=50 age_ratio=7 host=131112 gc_pages=53461 gc_count=2884 waf_q16=92258 best=18 next=20 settled=0 active=45
[1405498.621316] tee (1412876): drop_caches: 3
[1405506.624758] tee (1412880): drop_caches: 3
[1405513.829534] tee (1412884): drop_caches: 3
[1405519.556135] tee (1412901): drop_caches: 3
[1405522.976689] NVMeVirt: WATGC_V2 sample ns=0 part=0 epoch=1 window=7 phase=measure evaluated=20 k=4 scale_pct=50 age_ratio=16 host=131082 gc_pages=57396 gc_count=2945 waf_q16=94231 best=18 next=21 settled=0 active=45
[1405523.039794] NVMeVirt: WATGC_V2 sample ns=0 part=2 epoch=1 window=7 phase=measure evaluated=20 k=4 scale_pct=50 age_ratio=16 host=131103 gc_pages=51814 gc_count=2858 waf_q16=91436 best=18 next=21 settled=0 active=45
[1405523.277574] NVMeVirt: WATGC_V2 sample ns=0 part=1 epoch=1 window=7 phase=measure evaluated=20 k=4 scale_pct=50 age_ratio=16 host=131076 gc_pages=51254 gc_count=2849 waf_q16=91162 best=18 next=21 settled=0 active=45
[1405524.045021] NVMeVirt: WATGC_V2 sample ns=0 part=3 epoch=1 window=7 phase=measure evaluated=20 k=4 scale_pct=50 age_ratio=16 host=131107 gc_pages=51100 gc_count=2847 waf_q16=91079 best=18 next=21 settled=0 active=45
[1405525.585708] tee (1412932): drop_caches: 3
[1405530.910511] tee (1412936): drop_caches: 3
[1405536.116459] tee (1412940): drop_caches: 3
[1405541.219068] tee (1412951): drop_caches: 3
[1405546.149842] tee (1412956): drop_caches: 3
[1405551.259259] tee (1412965): drop_caches: 3
[1405552.308747] NVMeVirt: WATGC_V2 sample ns=0 part=0 epoch=1 window=8 phase=measure evaluated=21 k=4 scale_pct=100 age_ratio=4 host=131102 gc_pages=45339 gc_count=2757 waf_q16=88200 best=18 next=22 settled=0 active=45
[1405552.349482] NVMeVirt: WATGC_V2 sample ns=0 part=2 epoch=1 window=8 phase=measure evaluated=21 k=4 scale_pct=100 age_ratio=4 host=131095 gc_pages=46763 gc_count=2779 waf_q16=88913 best=18 next=22 settled=0 active=45
[1405552.716388] NVMeVirt: WATGC_V2 sample ns=0 part=1 epoch=1 window=8 phase=measure evaluated=21 k=4 scale_pct=100 age_ratio=4 host=131119 gc_pages=45847 gc_count=2765 waf_q16=88451 best=18 next=22 settled=0 active=45
[1405553.590095] NVMeVirt: WATGC_V2 sample ns=0 part=3 epoch=1 window=8 phase=measure evaluated=21 k=4 scale_pct=100 age_ratio=4 host=131121 gc_pages=45898 gc_count=2766 waf_q16=88476 best=18 next=22 settled=0 active=45
[1405555.613054] tee (1412972): drop_caches: 3
[1405560.984257] tee (1412976): drop_caches: 3
[1405566.435583] tee (1412980): drop_caches: 3
[1405571.443996] tee (1412984): drop_caches: 3
[1405576.439445] tee (1412994): drop_caches: 3
[1405581.569567] tee (1413003): drop_caches: 3
[1405581.992802] NVMeVirt: WATGC_V2 sample ns=0 part=2 epoch=1 window=9 phase=measure evaluated=22 k=4 scale_pct=100 age_ratio=7 host=131095 gc_pages=46762 gc_count=2779 waf_q16=88912 best=18 next=23 settled=0 active=45
[1405582.277206] NVMeVirt: WATGC_V2 sample ns=0 part=0 epoch=1 window=9 phase=measure evaluated=22 k=4 scale_pct=100 age_ratio=7 host=131100 gc_pages=48868 gc_count=2812 waf_q16=89964 best=18 next=23 settled=0 active=45
[1405582.649077] NVMeVirt: WATGC_V2 sample ns=0 part=1 epoch=1 window=9 phase=measure evaluated=22 k=4 scale_pct=100 age_ratio=7 host=131095 gc_pages=47849 gc_count=2796 waf_q16=89456 best=18 next=23 settled=0 active=45
[1405583.490434] NVMeVirt: WATGC_V2 sample ns=0 part=3 epoch=1 window=9 phase=measure evaluated=22 k=4 scale_pct=100 age_ratio=7 host=131076 gc_pages=47933 gc_count=2797 waf_q16=89501 best=18 next=23 settled=0 active=45
[1405585.913574] tee (1413011): drop_caches: 3
[1405590.985783] tee (1413015): drop_caches: 3
[1405596.479441] tee (1413019): drop_caches: 3
[1405601.550106] tee (1413023): drop_caches: 3
[1405606.549263] tee (1413027): drop_caches: 3
[1405611.378788] NVMeVirt: WATGC_V2 sample ns=0 part=2 epoch=1 window=10 phase=measure evaluated=23 k=4 scale_pct=100 age_ratio=16 host=131094 gc_pages=50922 gc_count=2844 waf_q16=90992 best=18 next=24 settled=0 active=45
[1405611.608664] tee (1413036): drop_caches: 3
[1405611.940030] NVMeVirt: WATGC_V2 sample ns=0 part=0 epoch=1 window=10 phase=measure evaluated=23 k=4 scale_pct=100 age_ratio=16 host=131092 gc_pages=52598 gc_count=2870 waf_q16=91830 best=18 next=24 settled=0 active=45
[1405612.205215] NVMeVirt: WATGC_V2 sample ns=0 part=1 epoch=1 window=10 phase=measure evaluated=23 k=4 scale_pct=100 age_ratio=16 host=131106 gc_pages=52072 gc_count=2862 waf_q16=91565 best=18 next=24 settled=0 active=45
[1405613.058641] NVMeVirt: WATGC_V2 sample ns=0 part=3 epoch=1 window=10 phase=measure evaluated=23 k=4 scale_pct=100 age_ratio=16 host=131116 gc_pages=52950 gc_count=2876 waf_q16=92002 best=18 next=24 settled=0 active=45
[1405616.077321] tee (1413042): drop_caches: 3
[1405621.308976] tee (1413047): drop_caches: 3
[1405626.767871] tee (1413051): drop_caches: 3
[1405631.800579] tee (1413055): drop_caches: 3
[1405636.948222] tee (1413062): drop_caches: 3
[1405640.757744] NVMeVirt: WATGC_V2 sample ns=0 part=2 epoch=1 window=11 phase=measure evaluated=24 k=4 scale_pct=200 age_ratio=4 host=131110 gc_pages=48093 gc_count=2800 waf_q16=89575 best=18 next=25 settled=0 active=45
[1405641.286422] NVMeVirt: WATGC_V2 sample ns=0 part=0 epoch=1 window=11 phase=measure evaluated=24 k=4 scale_pct=200 age_ratio=4 host=131100 gc_pages=48031 gc_count=2799 waf_q16=89546 best=18 next=25 settled=0 active=45
[1405641.538102] NVMeVirt: WATGC_V2 sample ns=0 part=1 epoch=1 window=11 phase=measure evaluated=24 k=4 scale_pct=200 age_ratio=4 host=131084 gc_pages=47417 gc_count=2789 waf_q16=89242 best=18 next=25 settled=0 active=45
[1405642.101822] tee (1413071): drop_caches: 3
[1405642.112240] NVMeVirt: WATGC_V2 sample ns=0 part=3 epoch=1 window=11 phase=measure evaluated=24 k=4 scale_pct=200 age_ratio=4 host=131114 gc_pages=47825 gc_count=2796 waf_q16=89440 best=18 next=25 settled=0 active=45
[1405647.290668] tee (1413084): drop_caches: 3
[1405652.573469] tee (1413089): drop_caches: 3
[1405657.792705] tee (1413093): drop_caches: 3
[1405662.809705] tee (1413097): drop_caches: 3
[1405667.781975] tee (1413101): drop_caches: 3
[1405670.700742] NVMeVirt: WATGC_V2 sample ns=0 part=2 epoch=1 window=12 phase=measure evaluated=25 k=4 scale_pct=200 age_ratio=7 host=131090 gc_pages=49515 gc_count=2822 waf_q16=90290 best=18 next=26 settled=0 active=45
[1405671.326131] NVMeVirt: WATGC_V2 sample ns=0 part=0 epoch=1 window=12 phase=measure evaluated=25 k=4 scale_pct=200 age_ratio=7 host=131102 gc_pages=49376 gc_count=2820 waf_q16=90218 best=18 next=26 settled=0 active=45
[1405671.552620] NVMeVirt: WATGC_V2 sample ns=0 part=1 epoch=1 window=12 phase=measure evaluated=25 k=4 scale_pct=200 age_ratio=7 host=131078 gc_pages=49143 gc_count=2816 waf_q16=90106 best=18 next=26 settled=0 active=45
[1405671.949953] NVMeVirt: WATGC_V2 sample ns=0 part=3 epoch=1 window=12 phase=measure evaluated=25 k=4 scale_pct=200 age_ratio=7 host=131110 gc_pages=49759 gc_count=2826 waf_q16=90408 best=18 next=26 settled=0 active=45
[1405672.908083] tee (1413110): drop_caches: 3
[1405678.024599] tee (1413123): drop_caches: 3
[1405683.222836] tee (1413128): drop_caches: 3
[1405688.376069] tee (1413132): drop_caches: 3
[1405693.392908] tee (1413136): drop_caches: 3
[1405698.477774] tee (1413140): drop_caches: 3
[1405700.595626] NVMeVirt: WATGC_V2 sample ns=0 part=2 epoch=1 window=13 phase=measure evaluated=26 k=4 scale_pct=200 age_ratio=16 host=131109 gc_pages=49564 gc_count=2823 waf_q16=90311 best=18 next=27 settled=0 active=45
[1405701.464255] NVMeVirt: WATGC_V2 sample ns=0 part=0 epoch=1 window=13 phase=measure evaluated=26 k=4 scale_pct=200 age_ratio=16 host=131111 gc_pages=49497 gc_count=2822 waf_q16=90277 best=18 next=27 settled=0 active=45
[1405701.663468] NVMeVirt: WATGC_V2 sample ns=0 part=1 epoch=1 window=13 phase=measure evaluated=26 k=4 scale_pct=200 age_ratio=16 host=131094 gc_pages=49978 gc_count=2829 waf_q16=90520 best=18 next=27 settled=0 active=45
[1405702.044782] NVMeVirt: WATGC_V2 sample ns=0 part=3 epoch=1 window=13 phase=measure evaluated=26 k=4 scale_pct=200 age_ratio=16 host=131098 gc_pages=50658 gc_count=2840 waf_q16=90859 best=18 next=27 settled=0 active=45
[1405703.683549] tee (1413149): drop_caches: 3
[1405708.788993] tee (1413155): drop_caches: 3
[1405713.978906] tee (1413164): drop_caches: 3
[1405719.158563] tee (1413168): drop_caches: 3
[1405724.425735] tee (1413172): drop_caches: 3
[1405729.595722] NVMeVirt: WATGC_V2 sample ns=0 part=2 epoch=1 window=14 phase=measure evaluated=27 k=4 scale_pct=400 age_ratio=4 host=131084 gc_pages=48562 gc_count=2807 waf_q16=89814 best=18 next=28 settled=0 active=45
[1405729.707687] tee (1413180): drop_caches: 3
[1405730.944337] NVMeVirt: WATGC_V2 sample ns=0 part=0 epoch=1 window=14 phase=measure evaluated=27 k=4 scale_pct=400 age_ratio=4 host=131095 gc_pages=48819 gc_count=2811 waf_q16=89941 best=18 next=28 settled=0 active=45
[1405731.082438] NVMeVirt: WATGC_V2 sample ns=0 part=1 epoch=1 window=14 phase=measure evaluated=27 k=4 scale_pct=400 age_ratio=4 host=131086 gc_pages=48887 gc_count=2812 waf_q16=89976 best=18 next=28 settled=0 active=45
[1405731.426352] NVMeVirt: WATGC_V2 sample ns=0 part=3 epoch=1 window=14 phase=measure evaluated=27 k=4 scale_pct=400 age_ratio=4 host=131106 gc_pages=49118 gc_count=2816 waf_q16=90088 best=18 next=28 settled=0 active=45
[1405734.798623] tee (1413185): drop_caches: 3
[1405740.020796] tee (1413197): drop_caches: 3
[1405745.380498] tee (1413203): drop_caches: 3
[1405750.542390] tee (1413208): drop_caches: 3
[1405755.639320] tee (1413212): drop_caches: 3
[1405759.534679] NVMeVirt: WATGC_V2 sample ns=0 part=2 epoch=1 window=15 phase=measure evaluated=28 k=4 scale_pct=400 age_ratio=7 host=131096 gc_pages=49962 gc_count=2829 waf_q16=90512 best=18 next=29 settled=0 active=45
[1405760.731179] tee (1413221): drop_caches: 3
[1405760.741418] NVMeVirt: WATGC_V2 sample ns=0 part=0 epoch=1 window=15 phase=measure evaluated=28 k=4 scale_pct=400 age_ratio=7 host=131073 gc_pages=49985 gc_count=2829 waf_q16=90528 best=18 next=29 settled=0 active=45
[1405760.809420] NVMeVirt: WATGC_V2 sample ns=0 part=1 epoch=1 window=15 phase=measure evaluated=28 k=4 scale_pct=400 age_ratio=7 host=131090 gc_pages=49839 gc_count=2827 waf_q16=90452 best=18 next=29 settled=0 active=45
[1405761.227026] NVMeVirt: WATGC_V2 sample ns=0 part=3 epoch=1 window=15 phase=measure evaluated=28 k=4 scale_pct=400 age_ratio=7 host=131078 gc_pages=50821 gc_count=2842 waf_q16=90945 best=18 next=29 settled=0 active=45
[1405765.896399] tee (1413227): drop_caches: 3
[1405771.098208] tee (1413240): drop_caches: 3
[1405776.499755] tee (1413245): drop_caches: 3
[1405781.648074] tee (1413249): drop_caches: 3
[1405786.457968] tee (1413256): drop_caches: 3
[1405789.580438] NVMeVirt: WATGC_V2 sample ns=0 part=2 epoch=1 window=16 phase=measure evaluated=29 k=4 scale_pct=400 age_ratio=16 host=131078 gc_pages=50237 gc_count=2833 waf_q16=90653 best=18 next=30 settled=0 active=45
[1405790.860793] NVMeVirt: WATGC_V2 sample ns=0 part=0 epoch=1 window=16 phase=measure evaluated=29 k=4 scale_pct=400 age_ratio=16 host=131079 gc_pages=49465 gc_count=2821 waf_q16=90267 best=18 next=30 settled=0 active=45
[1405790.985112] NVMeVirt: WATGC_V2 sample ns=0 part=1 epoch=1 window=16 phase=measure evaluated=29 k=4 scale_pct=400 age_ratio=16 host=131104 gc_pages=49501 gc_count=2822 waf_q16=90280 best=18 next=30 settled=0 active=45
[1405791.058493] NVMeVirt: WATGC_V2 sample ns=0 part=3 epoch=1 window=16 phase=measure evaluated=29 k=4 scale_pct=400 age_ratio=16 host=131106 gc_pages=50458 gc_count=2837 waf_q16=90758 best=18 next=30 settled=0 active=45
[1405791.548343] tee (1413265): drop_caches: 3
[1405796.603981] tee (1413269): drop_caches: 3
[1405801.705763] tee (1413273): drop_caches: 3
[1405806.036957] tee (1413280): drop_caches: 3
[1405811.251847] tee (1413284): drop_caches: 3
[1405816.442205] tee (1413288): drop_caches: 3
[1405819.902186] NVMeVirt: WATGC_V2 sample ns=0 part=2 epoch=1 window=17 phase=measure evaluated=30 k=7 scale_pct=25 age_ratio=4 host=131107 gc_pages=44698 gc_count=2747 waf_q16=87879 best=30 next=31 settled=0 active=45
[1405821.436609] NVMeVirt: WATGC_V2 sample ns=0 part=0 epoch=1 window=17 phase=measure evaluated=30 k=7 scale_pct=25 age_ratio=4 host=131115 gc_pages=45906 gc_count=2766 waf_q16=88481 best=18 next=31 settled=0 active=45
[1405821.442618] NVMeVirt: WATGC_V2 sample ns=0 part=1 epoch=1 window=17 phase=measure evaluated=30 k=7 scale_pct=25 age_ratio=4 host=131085 gc_pages=45169 gc_count=2754 waf_q16=88118 best=30 next=31 settled=0 active=45
[1405821.489006] NVMeVirt: WATGC_V2 sample ns=0 part=3 epoch=1 window=17 phase=measure evaluated=30 k=7 scale_pct=25 age_ratio=4 host=131113 gc_pages=44941 gc_count=2751 waf_q16=87999 best=30 next=31 settled=0 active=45
[1405821.559101] tee (1413297): drop_caches: 3
[1405826.671278] tee (1413308): drop_caches: 3
[1405831.716874] tee (1413312): drop_caches: 3
[1405836.195783] tee (1413320): drop_caches: 3
[1405841.460646] tee (1413324): drop_caches: 3
[1405846.450750] tee (1413328): drop_caches: 3
[1405849.575909] NVMeVirt: WATGC_V2 sample ns=0 part=2 epoch=1 window=18 phase=measure evaluated=31 k=7 scale_pct=25 age_ratio=7 host=131085 gc_pages=45481 gc_count=2759 waf_q16=88274 best=30 next=32 settled=0 active=45
[1405851.129128] NVMeVirt: WATGC_V2 sample ns=0 part=3 epoch=1 window=18 phase=measure evaluated=31 k=7 scale_pct=25 age_ratio=7 host=131116 gc_pages=45215 gc_count=2755 waf_q16=88135 best=30 next=32 settled=0 active=45
[1405851.180045] NVMeVirt: WATGC_V2 sample ns=0 part=1 epoch=1 window=18 phase=measure evaluated=31 k=7 scale_pct=25 age_ratio=7 host=131103 gc_pages=44821 gc_count=2749 waf_q16=87941 best=30 next=32 settled=0 active=45
[1405851.187028] NVMeVirt: WATGC_V2 sample ns=0 part=0 epoch=1 window=18 phase=measure evaluated=31 k=7 scale_pct=25 age_ratio=7 host=131120 gc_pages=45005 gc_count=2752 waf_q16=88030 best=31 next=32 settled=0 active=45
[1405851.740709] tee (1413337): drop_caches: 3
[1405856.944188] tee (1413348): drop_caches: 3
[1405861.979598] tee (1413353): drop_caches: 3
[1405866.386687] tee (1413366): drop_caches: 3
[1405872.382997] tee (1413375): drop_caches: 3
[1405877.496444] tee (1413380): drop_caches: 3
[1405879.068318] NVMeVirt: WATGC_V2 sample ns=0 part=2 epoch=1 window=19 phase=measure evaluated=32 k=7 scale_pct=25 age_ratio=16 host=131102 gc_pages=48733 gc_count=2810 waf_q16=89896 best=30 next=33 settled=0 active=45
[1405880.811230] NVMeVirt: WATGC_V2 sample ns=0 part=3 epoch=1 window=19 phase=measure evaluated=32 k=7 scale_pct=25 age_ratio=16 host=131072 gc_pages=48196 gc_count=2801 waf_q16=89634 best=30 next=33 settled=0 active=45
[1405880.992883] NVMeVirt: WATGC_V2 sample ns=0 part=1 epoch=1 window=19 phase=measure evaluated=32 k=7 scale_pct=25 age_ratio=16 host=131115 gc_pages=48804 gc_count=2811 waf_q16=89929 best=30 next=33 settled=0 active=45
[1405881.020977] NVMeVirt: WATGC_V2 sample ns=0 part=0 epoch=1 window=19 phase=measure evaluated=32 k=7 scale_pct=25 age_ratio=16 host=131105 gc_pages=49451 gc_count=2821 waf_q16=90255 best=31 next=33 settled=0 active=45
[1405882.839223] tee (1413389): drop_caches: 3
[1405887.988538] tee (1413400): drop_caches: 3
[1405893.164378] tee (1413404): drop_caches: 3
[1405897.500349] tee (1413411): drop_caches: 3
[1405902.861071] tee (1413415): drop_caches: 3
[1405907.951098] tee (1413430): drop_caches: 3
[1405908.635093] NVMeVirt: WATGC_V2 sample ns=0 part=2 epoch=1 window=20 phase=measure evaluated=33 k=7 scale_pct=50 age_ratio=4 host=131119 gc_pages=43230 gc_count=2724 waf_q16=87143 best=33 next=34 settled=0 active=45
[1405910.616823] NVMeVirt: WATGC_V2 sample ns=0 part=3 epoch=1 window=20 phase=measure evaluated=33 k=7 scale_pct=50 age_ratio=4 host=131107 gc_pages=42529 gc_count=2713 waf_q16=86794 best=33 next=34 settled=0 active=45
[1405910.882780] NVMeVirt: WATGC_V2 sample ns=0 part=1 epoch=1 window=20 phase=measure evaluated=33 k=7 scale_pct=50 age_ratio=4 host=131084 gc_pages=43132 gc_count=2722 waf_q16=87100 best=33 next=34 settled=0 active=45
[1405910.905154] NVMeVirt: WATGC_V2 sample ns=0 part=0 epoch=1 window=20 phase=measure evaluated=33 k=7 scale_pct=50 age_ratio=4 host=131083 gc_pages=43061 gc_count=2721 waf_q16=87064 best=33 next=34 settled=0 active=45
[1405914.059867] tee (1413445): drop_caches: 3
[1405920.035403] tee (1413449): drop_caches: 3
[1405926.210488] tee (1413455): drop_caches: 3
[1405933.062083] tee (1413460): drop_caches: 3
[1405936.971484] NVMeVirt: WATGC_V2 sample ns=0 part=2 epoch=1 window=21 phase=measure evaluated=34 k=7 scale_pct=50 age_ratio=7 host=131086 gc_pages=42478 gc_count=2712 waf_q16=86772 best=33 next=35 settled=0 active=45
[1405938.636795] NVMeVirt: WATGC_V2 sample ns=0 part=3 epoch=1 window=21 phase=measure evaluated=34 k=7 scale_pct=50 age_ratio=7 host=131092 gc_pages=43368 gc_count=2726 waf_q16=87216 best=33 next=35 settled=0 active=45
[1405939.083305] NVMeVirt: WATGC_V2 sample ns=0 part=1 epoch=1 window=21 phase=measure evaluated=34 k=7 scale_pct=50 age_ratio=7 host=131110 gc_pages=43425 gc_count=2727 waf_q16=87242 best=33 next=35 settled=0 active=45
[1405939.143313] NVMeVirt: WATGC_V2 sample ns=0 part=0 epoch=1 window=21 phase=measure evaluated=34 k=7 scale_pct=50 age_ratio=7 host=131098 gc_pages=44253 gc_count=2740 waf_q16=87658 best=33 next=35 settled=0 active=45
[1405939.680336] tee (1413466): drop_caches: 3
[1405946.296043] tee (1413475): drop_caches: 3
[1405952.426774] tee (1413486): drop_caches: 3
[1405958.913673] tee (1413491): drop_caches: 3
[1405965.223597] tee (1413497): drop_caches: 3
[1405965.492462] NVMeVirt: WATGC_V2 sample ns=0 part=2 epoch=1 window=22 phase=measure evaluated=35 k=7 scale_pct=50 age_ratio=16 host=131096 gc_pages=40271 gc_count=2678 waf_q16=85667 best=35 next=36 settled=0 active=45
[1405967.651341] NVMeVirt: WATGC_V2 sample ns=0 part=3 epoch=1 window=22 phase=measure evaluated=35 k=7 scale_pct=50 age_ratio=16 host=131109 gc_pages=40799 gc_count=2686 waf_q16=85929 best=35 next=36 settled=0 active=45
[1405968.203389] NVMeVirt: WATGC_V2 sample ns=0 part=1 epoch=1 window=22 phase=measure evaluated=35 k=7 scale_pct=50 age_ratio=16 host=131095 gc_pages=41003 gc_count=2689 waf_q16=86033 best=35 next=36 settled=0 active=45
[1405968.259881] NVMeVirt: WATGC_V2 sample ns=0 part=0 epoch=1 window=22 phase=measure evaluated=35 k=7 scale_pct=50 age_ratio=16 host=131077 gc_pages=41527 gc_count=2697 waf_q16=86298 best=35 next=36 settled=0 active=45
[1405971.487675] tee (1413501): drop_caches: 3
[1405978.145959] tee (1413521): drop_caches: 3
[1405983.989068] tee (1413525): drop_caches: 3
[1405990.552030] tee (1413531): drop_caches: 3
[1405994.613756] NVMeVirt: WATGC_V2 sample ns=0 part=2 epoch=1 window=23 phase=measure evaluated=36 k=7 scale_pct=100 age_ratio=4 host=131077 gc_pages=41203 gc_count=2692 waf_q16=86136 best=35 next=38 settled=0 active=45
[1405996.267026] NVMeVirt: WATGC_V2 sample ns=0 part=3 epoch=1 window=23 phase=measure evaluated=36 k=7 scale_pct=100 age_ratio=4 host=131076 gc_pages=39864 gc_count=2671 waf_q16=85467 best=36 next=38 settled=0 active=45
[1405996.718896] tee (1413536): drop_caches: 3
[1405997.074612] NVMeVirt: WATGC_V2 sample ns=0 part=1 epoch=1 window=23 phase=measure evaluated=36 k=7 scale_pct=100 age_ratio=4 host=131100 gc_pages=40810 gc_count=2686 waf_q16=85936 best=35 next=38 settled=0 active=45
[1405997.173724] NVMeVirt: WATGC_V2 sample ns=0 part=0 epoch=1 window=23 phase=measure evaluated=36 k=7 scale_pct=100 age_ratio=4 host=131098 gc_pages=40110 gc_count=2675 waf_q16=85587 best=36 next=38 settled=0 active=45
[1406003.281640] tee (1413540): drop_caches: 3
[1406009.083201] tee (1413556): drop_caches: 3
[1406015.334688] tee (1413566): drop_caches: 3
[1406021.911950] tee (1413572): drop_caches: 3
[1406023.003059] NVMeVirt: WATGC_V2 sample ns=0 part=2 epoch=1 window=24 phase=measure evaluated=38 k=7 scale_pct=100 age_ratio=16 host=131104 gc_pages=43424 gc_count=2727 waf_q16=87242 best=35 next=39 settled=0 active=45
[1406024.874122] NVMeVirt: WATGC_V2 sample ns=0 part=3 epoch=1 window=24 phase=measure evaluated=38 k=7 scale_pct=100 age_ratio=16 host=131090 gc_pages=43317 gc_count=2725 waf_q16=87191 best=36 next=39 settled=0 active=45
[1406025.647243] NVMeVirt: WATGC_V2 sample ns=0 part=1 epoch=1 window=24 phase=measure evaluated=38 k=7 scale_pct=100 age_ratio=16 host=131095 gc_pages=43556 gc_count=2729 waf_q16=87310 best=35 next=39 settled=0 active=45
[1406025.746312] NVMeVirt: WATGC_V2 sample ns=0 part=0 epoch=1 window=24 phase=measure evaluated=38 k=7 scale_pct=100 age_ratio=16 host=131110 gc_pages=43168 gc_count=2723 waf_q16=87113 best=36 next=39 settled=0 active=45
[1406027.903743] tee (1413577): drop_caches: 3
[1406033.667205] tee (1413582): drop_caches: 3
[1406039.041459] tee (1413599): drop_caches: 3
[1406043.993648] tee (1413603): drop_caches: 3
[1406049.028642] tee (1413607): drop_caches: 3
[1406052.393850] NVMeVirt: WATGC_V2 sample ns=0 part=2 epoch=1 window=25 phase=measure evaluated=39 k=7 scale_pct=200 age_ratio=4 host=131115 gc_pages=41495 gc_count=2697 waf_q16=86276 best=35 next=40 settled=0 active=45
[1406053.463985] tee (1413613): drop_caches: 3
[1406054.329656] NVMeVirt: WATGC_V2 sample ns=0 part=3 epoch=1 window=25 phase=measure evaluated=39 k=7 scale_pct=200 age_ratio=4 host=131077 gc_pages=41404 gc_count=2695 waf_q16=86237 best=36 next=40 settled=0 active=45
[1406055.251292] NVMeVirt: WATGC_V2 sample ns=0 part=1 epoch=1 window=25 phase=measure evaluated=39 k=7 scale_pct=200 age_ratio=4 host=131091 gc_pages=41839 gc_count=2702 waf_q16=86452 best=35 next=40 settled=0 active=45
[1406055.397766] NVMeVirt: WATGC_V2 sample ns=0 part=0 epoch=1 window=25 phase=measure evaluated=39 k=7 scale_pct=200 age_ratio=4 host=131099 gc_pages=41445 gc_count=2696 waf_q16=86254 best=36 next=40 settled=0 active=45
[1406058.728151] tee (1413618): drop_caches: 3
[1406063.876276] tee (1413624): drop_caches: 3
[1406069.019664] tee (1413640): drop_caches: 3
[1406074.158751] tee (1413644): drop_caches: 3
[1406079.363106] tee (1413648): drop_caches: 3
[1406081.861474] NVMeVirt: WATGC_V2 sample ns=0 part=2 epoch=1 window=26 phase=measure evaluated=40 k=7 scale_pct=200 age_ratio=7 host=131109 gc_pages=41755 gc_count=2701 waf_q16=86407 best=35 next=41 settled=0 active=45
[1406083.653045] NVMeVirt: WATGC_V2 sample ns=0 part=3 epoch=1 window=26 phase=measure evaluated=40 k=7 scale_pct=200 age_ratio=7 host=131076 gc_pages=42871 gc_count=2718 waf_q16=86970 best=36 next=41 settled=0 active=45
[1406084.474038] NVMeVirt: WATGC_V2 sample ns=0 part=1 epoch=1 window=26 phase=measure evaluated=40 k=7 scale_pct=200 age_ratio=7 host=131080 gc_pages=42739 gc_count=2716 waf_q16=86904 best=35 next=41 settled=0 active=45
[1406084.646185] NVMeVirt: WATGC_V2 sample ns=0 part=0 epoch=1 window=26 phase=measure evaluated=40 k=7 scale_pct=200 age_ratio=7 host=131097 gc_pages=42533 gc_count=2713 waf_q16=86798 best=36 next=41 settled=0 active=45
[1406084.876007] tee (1413656): drop_caches: 3
[1406090.731928] tee (1413707): drop_caches: 3
[1406097.700233] tee (1413738): drop_caches: 3
[1406105.134382] tee (1413742): drop_caches: 3
[1406110.470982] NVMeVirt: WATGC_V2 sample ns=0 part=2 epoch=1 window=27 phase=measure evaluated=41 k=7 scale_pct=200 age_ratio=16 host=131078 gc_pages=42683 gc_count=2715 waf_q16=86876 best=35 next=42 settled=0 active=45
[1406112.073254] NVMeVirt: WATGC_V2 sample ns=0 part=3 epoch=1 window=27 phase=measure evaluated=41 k=7 scale_pct=200 age_ratio=16 host=131104 gc_pages=42140 gc_count=2707 waf_q16=86600 best=36 next=42 settled=0 active=45
[1406112.644933] tee (1413746): drop_caches: 3
[1406113.113524] NVMeVirt: WATGC_V2 sample ns=0 part=1 epoch=1 window=27 phase=measure evaluated=41 k=7 scale_pct=200 age_ratio=16 host=131101 gc_pages=42153 gc_count=2707 waf_q16=86607 best=35 next=42 settled=0 active=45
[1406113.368785] NVMeVirt: WATGC_V2 sample ns=0 part=0 epoch=1 window=27 phase=measure evaluated=41 k=7 scale_pct=200 age_ratio=16 host=131099 gc_pages=43110 gc_count=2722 waf_q16=87086 best=36 next=42 settled=0 active=45
[1406118.290437] tee (1413756): drop_caches: 3
[1406123.815638] tee (1413789): drop_caches: 3
[1406128.962247] tee (1413805): drop_caches: 3
[1406134.007784] tee (1413809): drop_caches: 3
[1406139.168200] tee (1413813): drop_caches: 3
[1406139.656590] NVMeVirt: WATGC_V2 sample ns=0 part=2 epoch=1 window=28 phase=measure evaluated=42 k=7 scale_pct=400 age_ratio=4 host=131097 gc_pages=41767 gc_count=2701 waf_q16=86415 best=35 next=43 settled=0 active=45
[1406141.568445] NVMeVirt: WATGC_V2 sample ns=0 part=3 epoch=1 window=28 phase=measure evaluated=42 k=7 scale_pct=400 age_ratio=4 host=131106 gc_pages=42648 gc_count=2715 waf_q16=86854 best=36 next=43 settled=0 active=45
[1406142.577635] NVMeVirt: WATGC_V2 sample ns=0 part=1 epoch=1 window=28 phase=measure evaluated=42 k=7 scale_pct=400 age_ratio=4 host=131102 gc_pages=42789 gc_count=2717 waf_q16=86925 best=35 next=43 settled=0 active=45
[1406142.830687] NVMeVirt: WATGC_V2 sample ns=0 part=0 epoch=1 window=28 phase=measure evaluated=42 k=7 scale_pct=400 age_ratio=4 host=131106 gc_pages=42775 gc_count=2717 waf_q16=86917 best=36 next=43 settled=0 active=45
[1406144.295242] tee (1413817): drop_caches: 3
[1406149.458259] tee (1413822): drop_caches: 3
[1406154.879467] tee (1413828): drop_caches: 3
[1406160.120904] tee (1413844): drop_caches: 3
[1406165.249099] tee (1413848): drop_caches: 3
[1406168.288722] NVMeVirt: WATGC_V2 sample ns=0 part=2 epoch=1 window=29 phase=measure evaluated=43 k=7 scale_pct=400 age_ratio=7 host=131122 gc_pages=42003 gc_count=2705 waf_q16=86529 best=35 next=44 settled=0 active=45
[1406169.866191] NVMeVirt: WATGC_V2 sample ns=0 part=3 epoch=1 window=29 phase=measure evaluated=43 k=7 scale_pct=400 age_ratio=7 host=131116 gc_pages=41433 gc_count=2696 waf_q16=86245 best=36 next=44 settled=0 active=45
[1406170.300123] tee (1413852): drop_caches: 3
[1406171.324519] NVMeVirt: WATGC_V2 sample ns=0 part=1 epoch=1 window=29 phase=measure evaluated=43 k=7 scale_pct=400 age_ratio=7 host=131084 gc_pages=42233 gc_count=2708 waf_q16=86650 best=35 next=44 settled=0 active=45
[1406171.721316] NVMeVirt: WATGC_V2 sample ns=0 part=0 epoch=1 window=29 phase=measure evaluated=43 k=7 scale_pct=400 age_ratio=7 host=131087 gc_pages=42292 gc_count=2709 waf_q16=86679 best=36 next=44 settled=0 active=45
[1406175.392204] tee (1413856): drop_caches: 3
[1406180.614347] tee (1413862): drop_caches: 3
[1406185.760231] tee (1413867): drop_caches: 3
[1406191.033733] tee (1413883): drop_caches: 3
[1406196.077829] tee (1413887): drop_caches: 3
[1406197.359745] NVMeVirt: WATGC_V2 sample ns=0 part=2 epoch=1 window=30 phase=measure evaluated=44 k=7 scale_pct=400 age_ratio=16 host=131105 gc_pages=42654 gc_count=2715 waf_q16=86857 best=35 next=45 settled=0 active=45
[1406199.196157] NVMeVirt: WATGC_V2 sample ns=0 part=3 epoch=1 window=30 phase=measure evaluated=44 k=7 scale_pct=400 age_ratio=16 host=131110 gc_pages=42393 gc_count=2711 waf_q16=86726 best=36 next=45 settled=0 active=45
[1406200.443171] NVMeVirt: WATGC_V2 sample ns=0 part=1 epoch=1 window=30 phase=measure evaluated=44 k=7 scale_pct=400 age_ratio=16 host=131096 gc_pages=42990 gc_count=2720 waf_q16=87027 best=35 next=45 settled=0 active=45
[1406200.853136] NVMeVirt: WATGC_V2 sample ns=0 part=0 epoch=1 window=30 phase=measure evaluated=44 k=7 scale_pct=400 age_ratio=16 host=131076 gc_pages=42816 gc_count=2717 waf_q16=86943 best=36 next=45 settled=0 active=45
[1406201.159841] tee (1413891): drop_caches: 3
[1406206.247305] tee (1413895): drop_caches: 3
[1406211.408537] tee (1413902): drop_caches: 3
[1406216.666187] tee (1413907): drop_caches: 3
[1406221.932652] tee (1413923): drop_caches: 3
[1406227.024846] tee (1413927): drop_caches: 3
[1406227.108842] NVMeVirt: WATGC_V2 sample ns=0 part=2 epoch=1 window=31 phase=measure evaluated=45 k=10 scale_pct=25 age_ratio=4 host=131121 gc_pages=40787 gc_count=2686 waf_q16=85921 best=35 next=46 settled=0 active=45
[1406229.322200] NVMeVirt: WATGC_V2 sample ns=0 part=3 epoch=1 window=31 phase=measure evaluated=45 k=10 scale_pct=25 age_ratio=4 host=131103 gc_pages=41489 gc_count=2697 waf_q16=86275 best=36 next=46 settled=0 active=45
[1406230.677637] NVMeVirt: WATGC_V2 sample ns=0 part=1 epoch=1 window=31 phase=measure evaluated=45 k=10 scale_pct=25 age_ratio=4 host=131072 gc_pages=41853 gc_count=2702 waf_q16=86462 best=35 next=46 settled=0 active=45
[1406231.145669] NVMeVirt: WATGC_V2 sample ns=0 part=0 epoch=1 window=31 phase=measure evaluated=45 k=10 scale_pct=25 age_ratio=4 host=131110 gc_pages=41954 gc_count=2704 waf_q16=86506 best=36 next=46 settled=0 active=45
[1406232.096367] tee (1413931): drop_caches: 3
[1406237.445212] tee (1413937): drop_caches: 3
[1406242.843752] tee (1413942): drop_caches: 3
[1406247.990966] tee (1413955): drop_caches: 3
[1406253.429978] tee (1413964): drop_caches: 3
[1406256.426399] NVMeVirt: WATGC_V2 sample ns=0 part=2 epoch=1 window=32 phase=measure evaluated=46 k=10 scale_pct=25 age_ratio=7 host=131103 gc_pages=42989 gc_count=2720 waf_q16=87025 best=35 next=47 settled=0 active=45
[1406258.225309] NVMeVirt: WATGC_V2 sample ns=0 part=3 epoch=1 window=32 phase=measure evaluated=46 k=10 scale_pct=25 age_ratio=7 host=131120 gc_pages=43085 gc_count=2722 waf_q16=87070 best=36 next=47 settled=0 active=45
[1406258.507434] tee (1413968): drop_caches: 3
[1406259.934979] NVMeVirt: WATGC_V2 sample ns=0 part=1 epoch=1 window=32 phase=measure evaluated=46 k=10 scale_pct=25 age_ratio=7 host=131108 gc_pages=43103 gc_count=2722 waf_q16=87081 best=35 next=47 settled=0 active=45
[1406260.475568] NVMeVirt: WATGC_V2 sample ns=0 part=0 epoch=1 window=32 phase=measure evaluated=46 k=10 scale_pct=25 age_ratio=7 host=131089 gc_pages=43061 gc_count=2721 waf_q16=87063 best=36 next=47 settled=0 active=45
[1406263.571427] tee (1413972): drop_caches: 3
[1406268.590272] tee (1413976): drop_caches: 3
[1406273.851241] tee (1413982): drop_caches: 3
[1406279.332881] tee (1413992): drop_caches: 3
[1406284.857541] tee (1413996): drop_caches: 3
[1406297.096748] tee (1414004): drop_caches: 3
[1406304.375219] mix-mixJ-onlinev4-1412352 phase=A END
[1406304.383656] mix-mixJ-onlinev4-1412352 phase=B START
[1406304.455425] mix-mixJ-onlinev4-1412352 phase=B RUN
[1406308.679629] tee (1414092): drop_caches: 3
[1406314.014040] tee (1414101): drop_caches: 3
[1406319.103320] tee (1414111): drop_caches: 3
[1406324.066468] tee (1414115): drop_caches: 3
[1406329.180133] tee (1414119): drop_caches: 3
[1406334.316477] tee (1414123): drop_caches: 3
[1406338.718634] tee (1414137): drop_caches: 3
[1406343.845588] tee (1414146): drop_caches: 3
[1406348.921814] tee (1414150): drop_caches: 3
[1406353.640948] NVMeVirt: WATGC_V2 sample ns=0 part=2 epoch=1 window=33 phase=measure evaluated=47 k=10 scale_pct=25 age_ratio=16 host=131075 gc_pages=41662 gc_count=2699 waf_q16=86366 best=35 next=48 settled=0 active=45
[1406354.017300] tee (1414156): drop_caches: 3
[1406357.126300] NVMeVirt: WATGC_V2 sample ns=0 part=3 epoch=1 window=33 phase=measure evaluated=47 k=10 scale_pct=25 age_ratio=16 host=131084 gc_pages=43266 gc_count=2724 waf_q16=87167 best=36 next=48 settled=0 active=45
[1406359.107657] tee (1414160): drop_caches: 3
[1406359.620730] NVMeVirt: WATGC_V2 sample ns=0 part=1 epoch=1 window=33 phase=measure evaluated=47 k=10 scale_pct=25 age_ratio=16 host=131101 gc_pages=43475 gc_count=2728 waf_q16=87268 best=35 next=48 settled=0 active=45
[1406360.495793] NVMeVirt: WATGC_V2 sample ns=0 part=0 epoch=1 window=33 phase=measure evaluated=47 k=10 scale_pct=25 age_ratio=16 host=131098 gc_pages=42227 gc_count=2708 waf_q16=86645 best=36 next=48 settled=0 active=45
[1406364.309237] tee (1414166): drop_caches: 3
[1406368.680331] tee (1414180): drop_caches: 3
[1406373.805714] tee (1414189): drop_caches: 3
[1406378.902883] tee (1414193): drop_caches: 3
[1406383.996780] tee (1414197): drop_caches: 3
[1406388.894394] tee (1414204): drop_caches: 3
[1406394.324913] tee (1414208): drop_caches: 3
[1406398.749190] tee (1414215): drop_caches: 3
[1406398.877616] NVMeVirt: WATGC_V2 sample ns=0 part=2 epoch=1 window=34 phase=measure evaluated=48 k=10 scale_pct=50 age_ratio=4 host=131090 gc_pages=45040 gc_count=2752 waf_q16=88052 best=35 next=49 settled=0 active=45
[1406401.964265] NVMeVirt: WATGC_V2 sample ns=0 part=3 epoch=1 window=34 phase=measure evaluated=48 k=10 scale_pct=50 age_ratio=4 host=131075 gc_pages=47232 gc_count=2786 waf_q16=89151 best=36 next=49 settled=0 active=45
[1406404.115060] NVMeVirt: WATGC_V2 sample ns=0 part=1 epoch=1 window=34 phase=measure evaluated=48 k=10 scale_pct=50 age_ratio=4 host=131115 gc_pages=46157 gc_count=2770 waf_q16=88606 best=35 next=49 settled=0 active=45
[1406404.827479] NVMeVirt: WATGC_V2 sample ns=0 part=0 epoch=1 window=34 phase=measure evaluated=48 k=10 scale_pct=50 age_ratio=4 host=131103 gc_pages=46564 gc_count=2776 waf_q16=88812 best=36 next=49 settled=0 active=45
[1406404.872889] tee (1414224): drop_caches: 3
[1406410.247636] tee (1414231): drop_caches: 3
[1406415.241283] tee (1414235): drop_caches: 3
[1406420.557672] tee (1414239): drop_caches: 3
[1406425.786261] tee (1414243): drop_caches: 3
[1406430.168180] tee (1414257): drop_caches: 3
[1406435.211154] tee (1414266): drop_caches: 3
[1406440.294538] tee (1414270): drop_caches: 3
[1406442.372829] NVMeVirt: WATGC_V2 sample ns=0 part=2 epoch=1 window=35 phase=measure evaluated=49 k=10 scale_pct=50 age_ratio=7 host=131097 gc_pages=50605 gc_count=2839 waf_q16=90833 best=35 next=50 settled=0 active=45
[1406445.252492] tee (1414274): drop_caches: 3
[1406445.299230] NVMeVirt: WATGC_V2 sample ns=0 part=3 epoch=1 window=35 phase=measure evaluated=49 k=10 scale_pct=50 age_ratio=7 host=131080 gc_pages=51446 gc_count=2852 waf_q16=91257 best=36 next=50 settled=0 active=45
[1406447.884666] NVMeVirt: WATGC_V2 sample ns=0 part=1 epoch=1 window=35 phase=measure evaluated=49 k=10 scale_pct=50 age_ratio=7 host=131100 gc_pages=51235 gc_count=2849 waf_q16=91148 best=35 next=50 settled=0 active=45
[1406448.810867] NVMeVirt: WATGC_V2 sample ns=0 part=0 epoch=1 window=35 phase=measure evaluated=49 k=10 scale_pct=50 age_ratio=7 host=131092 gc_pages=50478 gc_count=2837 waf_q16=90771 best=36 next=50 settled=0 active=45
[1406450.245716] tee (1414278): drop_caches: 3
[1406455.716030] tee (1414282): drop_caches: 3
[1406460.175225] tee (1414297): drop_caches: 3
[1406465.757356] tee (1414306): drop_caches: 3
[1406471.206436] tee (1414310): drop_caches: 3
[1406476.378176] tee (1414314): drop_caches: 3
[1406481.396118] tee (1414318): drop_caches: 3
[1406485.624547] NVMeVirt: WATGC_V2 sample ns=0 part=2 epoch=1 window=36 phase=measure evaluated=50 k=10 scale_pct=50 age_ratio=16 host=131087 gc_pages=44154 gc_count=2738 waf_q16=87610 best=35 next=51 settled=0 active=45
[1406486.589068] tee (1414322): drop_caches: 3
[1406489.073189] NVMeVirt: WATGC_V2 sample ns=0 part=3 epoch=1 window=36 phase=measure evaluated=50 k=10 scale_pct=50 age_ratio=16 host=131109 gc_pages=44003 gc_count=2736 waf_q16=87531 best=36 next=51 settled=0 active=45
[1406491.044651] tee (1414329): drop_caches: 3
[1406491.887722] NVMeVirt: WATGC_V2 sample ns=0 part=1 epoch=1 window=36 phase=measure evaluated=50 k=10 scale_pct=50 age_ratio=16 host=131095 gc_pages=45621 gc_count=2761 waf_q16=88342 best=35 next=51 settled=0 active=45
[1406513.441217] tee (1414341): drop_caches: 3
[1406524.996685] mix-mixJ-onlinev4-1412352 phase=B END
[1406525.332879] NVMeVirt: Measurement: command=stop epoch=1 host_bytes=96868225024 learner_active=0
[1406551.314735] EXT4-fs (nvme0n1): unmounting filesystem e94bdde4-2578-4b31-9e62-533206cca941.
[1406551.880232] pci_bus 0001:10: busn_res: [bus 10-ff] is released
[1406551.880275] NVMeVirt: WATGC_V2 summary ns=0 part=0 epoch=1 windows=35 epoch_windows=35 discarded=0 visited=35 covered=0 settled=0 phase=2 current=50 best=36 k=7 scale_pct=100 age_ratio=4 best_waf_valid=1 best_waf_q16=85587
[1406551.880280] NVMeVirt: WATGC_V2 summary ns=0 part=1 epoch=1 windows=36 epoch_windows=36 discarded=0 visited=36 covered=0 settled=0 phase=1 current=51 best=35 k=7 scale_pct=50 age_ratio=16 best_waf_valid=1 best_waf_q16=86033
[1406551.880283] NVMeVirt: WATGC_V2 summary ns=0 part=2 epoch=1 windows=36 epoch_windows=36 discarded=0 visited=36 covered=0 settled=0 phase=1 current=51 best=35 k=7 scale_pct=50 age_ratio=16 best_waf_valid=1 best_waf_q16=85667
[1406551.880286] NVMeVirt: WATGC_V2 summary ns=0 part=3 epoch=1 windows=36 epoch_windows=36 discarded=0 visited=36 covered=0 settled=0 phase=1 current=51 best=36 k=7 scale_pct=100 age_ratio=4 best_waf_valid=1 best_waf_q16=85467
[1406551.880289] NVMeVirt: GC stats: ns=0 policy=watgc-v2 host_pages=23649469 gc_pages=8920505 gc_count=508907 WAF=1.377 warmup_gc=100-per-part
[1406551.950855] NVMeVirt: Virtual NVMe device closed
