[1614207.289806] mix-mixO-arm35-1972259 BEGIN
[1614207.560237] NVMeVirt: Version 1.10 for >> Samsung 970 Pro SSD <<
[1614207.560243] NVMeVirt: Storage: 0x100100000-0x300000000 (8191 MiB)
[1614207.570701] NVMeVirt: Total Capacity(GiB,MiB)=2,2048 chs=2 luns=4 lines=8192 blk-size(MiB,KiB)=0,64 line-size(MiB,KiB)=0,256
[1614207.582046] NVMeVirt: [chmodel_init] bandwidth 800 max_credits 26 tx_time 152
[1614207.593085] NVMeVirt: [chmodel_init] bandwidth 800 max_credits 26 tx_time 152
[1614207.593099] NVMeVirt: [chmodel_init] bandwidth 3360 max_credits 110 tx_time 36
[1614207.593101] NVMeVirt: Fixed CAT init ns=0 part=0 arm=35 k=7 scale_pct=50 age_ratio=16
[1614207.594406] NVMeVirt: pqueue: Copyright (c) 2014, Volkan Yazıcı <volkan.yazici@gmail.com>. All rights reserved.
[1614207.594442] NVMeVirt: Init FTL instance with 2 channels (524288 pages)
[1614207.594444] NVMeVirt: GC victim policy: cat-fig7-fixed ns=0 part=0 initial_k=7 initial_scale_pct=50 initial_age_ratio=16 warmup_gc=100
[1614207.605095] NVMeVirt: [chmodel_init] bandwidth 800 max_credits 26 tx_time 152
[1614207.616002] NVMeVirt: [chmodel_init] bandwidth 800 max_credits 26 tx_time 152
[1614207.616015] NVMeVirt: [chmodel_init] bandwidth 3360 max_credits 110 tx_time 36
[1614207.616017] NVMeVirt: Fixed CAT init ns=0 part=1 arm=35 k=7 scale_pct=50 age_ratio=16
[1614207.617311] NVMeVirt: Init FTL instance with 2 channels (524288 pages)
[1614207.617315] NVMeVirt: GC victim policy: cat-fig7-fixed ns=0 part=1 initial_k=7 initial_scale_pct=50 initial_age_ratio=16 warmup_gc=100
[1614207.628052] NVMeVirt: [chmodel_init] bandwidth 800 max_credits 26 tx_time 152
[1614207.639017] NVMeVirt: [chmodel_init] bandwidth 800 max_credits 26 tx_time 152
[1614207.639031] NVMeVirt: [chmodel_init] bandwidth 3360 max_credits 110 tx_time 36
[1614207.639033] NVMeVirt: Fixed CAT init ns=0 part=2 arm=35 k=7 scale_pct=50 age_ratio=16
[1614207.640249] NVMeVirt: Init FTL instance with 2 channels (524288 pages)
[1614207.640252] NVMeVirt: GC victim policy: cat-fig7-fixed ns=0 part=2 initial_k=7 initial_scale_pct=50 initial_age_ratio=16 warmup_gc=100
[1614207.651157] NVMeVirt: [chmodel_init] bandwidth 800 max_credits 26 tx_time 152
[1614207.661886] NVMeVirt: [chmodel_init] bandwidth 800 max_credits 26 tx_time 152
[1614207.661900] NVMeVirt: [chmodel_init] bandwidth 3360 max_credits 110 tx_time 36
[1614207.661902] NVMeVirt: Fixed CAT init ns=0 part=3 arm=35 k=7 scale_pct=50 age_ratio=16
[1614207.663113] NVMeVirt: Init FTL instance with 2 channels (524288 pages)
[1614207.663116] NVMeVirt: GC victim policy: cat-fig7-fixed ns=0 part=3 initial_k=7 initial_scale_pct=50 initial_age_ratio=16 warmup_gc=100
[1614207.663122] NVMeVirt: FTL physical space: 8588886016, logical space: 8026996276 (physical/logical * 100 = 107)
[1614207.663124] NVMeVirt: ns 0/1: size 7655 MiB
[1614207.663173] PCI host bridge to bus 0001:10
[1614207.663175] pci_bus 0001:10: root bus resource [io  0x0000-0xffff]
[1614207.663178] pci_bus 0001:10: root bus resource [mem 0x00000000-0x7fffffffff]
[1614207.663180] pci_bus 0001:10: root bus resource [bus 00-ff]
[1614207.663201] pci 0001:10:00.0: [0c51:0110] type 00 class 0x010802 PCIe Endpoint
[1614207.663205] pci 0001:10:00.0: BAR 0 [mem 0x100000000-0x100003fff 64bit]
[1614207.663208] pci 0001:10:00.0: enabling Extended Tags
[1614207.663337] NVMeVirt: Virtual PCI bus created (node 0)
[1614207.663697] NVMeVirt: nvmev_io_worker_0 started on cpu 2 (node 0)
[1614207.663827] NVMeVirt: nvmev_dispatcher started on cpu 1 (node 0)
[1614207.663853] NVMeVirt: Virtual NVMe device created
[1614207.663993] nvme nvme0: pci function 0001:10:00.0
[1614207.668234] nvme nvme0: 8/0/0 default/read/poll queues
[1614208.031344] EXT4-fs (nvme0n1): mounted filesystem f1b3f22e-740d-44a4-98fd-8bf96eae67a4 r/w with ordered data mode. Quota mode: none.
[1614290.876685] NVMeVirt: Fixed CAT init ns=0 part=0 arm=35 k=7 scale_pct=50 age_ratio=16
[1614290.876693] NVMeVirt: Fixed CAT init ns=0 part=1 arm=35 k=7 scale_pct=50 age_ratio=16
[1614290.876695] NVMeVirt: Fixed CAT init ns=0 part=2 arm=35 k=7 scale_pct=50 age_ratio=16
[1614290.876698] NVMeVirt: Fixed CAT init ns=0 part=3 arm=35 k=7 scale_pct=50 age_ratio=16
[1614290.876700] NVMeVirt: Measurement: command=start epoch=1 host_bytes=0 learner_active=1
[1614291.045990] mix-mixO-arm35-1972259 phase=A START
[1614595.165121] mix-mixO-arm35-1972259 phase=A END
[1614595.265582] mix-mixO-arm35-1972259 phase=B START
[1614899.201168] mix-mixO-arm35-1972259 phase=B END
[1614899.204361] NVMeVirt: Measurement: command=stop epoch=1 host_bytes=252680290304 learner_active=0
[1614899.306379] EXT4-fs (nvme0n1): unmounting filesystem f1b3f22e-740d-44a4-98fd-8bf96eae67a4.
[1614899.390755] pci_bus 0001:10: busn_res: [bus 10-ff] is released
[1614899.390977] NVMeVirt: GC stats: ns=0 policy=cat-fig7-fixed host_pages=61689524 gc_pages=62633245 gc_count=1942543 WAF=2.015 warmup_gc=100-per-part
[1614899.477755] NVMeVirt: Virtual NVMe device closed
