[1630628.833198] mix-mixJ-arm46-2024080 BEGIN
[1630628.928825] NVMeVirt: Version 1.10 for >> Samsung 970 Pro SSD <<
[1630628.928833] NVMeVirt: Storage: 0x100100000-0x300000000 (8191 MiB)
[1630628.939448] NVMeVirt: Total Capacity(GiB,MiB)=2,2048 chs=2 luns=4 lines=8192 blk-size(MiB,KiB)=0,64 line-size(MiB,KiB)=0,256
[1630628.950796] NVMeVirt: [chmodel_init] bandwidth 800 max_credits 26 tx_time 152
[1630628.962459] NVMeVirt: [chmodel_init] bandwidth 800 max_credits 26 tx_time 152
[1630628.962474] NVMeVirt: [chmodel_init] bandwidth 3360 max_credits 110 tx_time 36
[1630628.962477] NVMeVirt: Fixed CAT init ns=0 part=0 arm=46 k=10 scale_pct=25 age_ratio=7
[1630628.963554] NVMeVirt: pqueue: Copyright (c) 2014, Volkan Yazıcı <volkan.yazici@gmail.com>. All rights reserved.
[1630628.963596] NVMeVirt: Init FTL instance with 2 channels (524288 pages)
[1630628.963599] NVMeVirt: GC victim policy: cat-fig7-fixed ns=0 part=0 initial_k=10 initial_scale_pct=25 initial_age_ratio=7 warmup_gc=100
[1630628.974466] NVMeVirt: [chmodel_init] bandwidth 800 max_credits 26 tx_time 152
[1630628.985237] NVMeVirt: [chmodel_init] bandwidth 800 max_credits 26 tx_time 152
[1630628.985250] NVMeVirt: [chmodel_init] bandwidth 3360 max_credits 110 tx_time 36
[1630628.985252] NVMeVirt: Fixed CAT init ns=0 part=1 arm=46 k=10 scale_pct=25 age_ratio=7
[1630628.986171] NVMeVirt: Init FTL instance with 2 channels (524288 pages)
[1630628.986174] NVMeVirt: GC victim policy: cat-fig7-fixed ns=0 part=1 initial_k=10 initial_scale_pct=25 initial_age_ratio=7 warmup_gc=100
[1630628.997297] NVMeVirt: [chmodel_init] bandwidth 800 max_credits 26 tx_time 152
[1630629.008086] NVMeVirt: [chmodel_init] bandwidth 800 max_credits 26 tx_time 152
[1630629.008100] NVMeVirt: [chmodel_init] bandwidth 3360 max_credits 110 tx_time 36
[1630629.008102] NVMeVirt: Fixed CAT init ns=0 part=2 arm=46 k=10 scale_pct=25 age_ratio=7
[1630629.009004] NVMeVirt: Init FTL instance with 2 channels (524288 pages)
[1630629.009008] NVMeVirt: GC victim policy: cat-fig7-fixed ns=0 part=2 initial_k=10 initial_scale_pct=25 initial_age_ratio=7 warmup_gc=100
[1630629.019762] NVMeVirt: [chmodel_init] bandwidth 800 max_credits 26 tx_time 152
[1630629.030675] NVMeVirt: [chmodel_init] bandwidth 800 max_credits 26 tx_time 152
[1630629.030690] NVMeVirt: [chmodel_init] bandwidth 3360 max_credits 110 tx_time 36
[1630629.030692] NVMeVirt: Fixed CAT init ns=0 part=3 arm=46 k=10 scale_pct=25 age_ratio=7
[1630629.031757] NVMeVirt: Init FTL instance with 2 channels (524288 pages)
[1630629.031761] NVMeVirt: GC victim policy: cat-fig7-fixed ns=0 part=3 initial_k=10 initial_scale_pct=25 initial_age_ratio=7 warmup_gc=100
[1630629.031769] NVMeVirt: FTL physical space: 8588886016, logical space: 8026996276 (physical/logical * 100 = 107)
[1630629.031770] NVMeVirt: ns 0/1: size 7655 MiB
[1630629.031831] PCI host bridge to bus 0001:10
[1630629.031834] pci_bus 0001:10: root bus resource [io  0x0000-0xffff]
[1630629.031838] pci_bus 0001:10: root bus resource [mem 0x00000000-0x7fffffffff]
[1630629.031841] pci_bus 0001:10: root bus resource [bus 00-ff]
[1630629.031850] pci 0001:10:00.0: [0c51:0110] type 00 class 0x010802 PCIe Endpoint
[1630629.031855] pci 0001:10:00.0: BAR 0 [mem 0x100000000-0x100003fff 64bit]
[1630629.031859] pci 0001:10:00.0: enabling Extended Tags
[1630629.032045] NVMeVirt: Virtual PCI bus created (node 0)
[1630629.032371] NVMeVirt: nvmev_io_worker_0 started on cpu 2 (node 0)
[1630629.032456] NVMeVirt: Virtual NVMe device created
[1630629.032648] nvme nvme0: pci function 0001:10:00.0
[1630629.032975] NVMeVirt: nvmev_dispatcher started on cpu 1 (node 0)
[1630629.034868] nvme nvme0: 8/0/0 default/read/poll queues
[1630629.316606] EXT4-fs (nvme0n1): mounted filesystem 295490eb-72c6-4903-88bf-614a96dce039 r/w with ordered data mode. Quota mode: none.
[1630711.730517] NVMeVirt: Fixed CAT init ns=0 part=0 arm=46 k=10 scale_pct=25 age_ratio=7
[1630711.730524] NVMeVirt: Fixed CAT init ns=0 part=1 arm=46 k=10 scale_pct=25 age_ratio=7
[1630711.730527] NVMeVirt: Fixed CAT init ns=0 part=2 arm=46 k=10 scale_pct=25 age_ratio=7
[1630711.730530] NVMeVirt: Fixed CAT init ns=0 part=3 arm=46 k=10 scale_pct=25 age_ratio=7
[1630711.730532] NVMeVirt: Measurement: command=start epoch=1 host_bytes=0 learner_active=1
[1630711.740426] mix-mixJ-arm46-2024080 phase=A START
[1630711.751753] mix-mixJ-arm46-2024080 phase=A LOAD
[1630739.178415] mix-mixJ-arm46-2024080 phase=A RUN
[1630743.379406] tee (2024392): drop_caches: 3
[1630748.764945] tee (2024396): drop_caches: 3
[1630753.071167] tee (2024408): drop_caches: 3
[1630758.424192] tee (2024412): drop_caches: 3
[1630763.521051] tee (2024417): drop_caches: 3
[1630768.571361] tee (2024429): drop_caches: 3
[1630773.751444] tee (2024433): drop_caches: 3
[1630778.957426] tee (2024437): drop_caches: 3
[1630783.467191] tee (2024449): drop_caches: 3
[1630788.542452] tee (2024456): drop_caches: 3
[1630793.685144] tee (2024460): drop_caches: 3
[1630798.865759] tee (2024464): drop_caches: 3
[1630804.205689] tee (2024468): drop_caches: 3
[1630809.755691] tee (2024472): drop_caches: 3
[1630814.199041] tee (2024484): drop_caches: 3
[1630819.398586] tee (2024488): drop_caches: 3
[1630824.531569] tee (2024492): drop_caches: 3
[1630829.760543] tee (2024503): drop_caches: 3
[1630834.930987] tee (2024507): drop_caches: 3
[1630840.069999] tee (2024511): drop_caches: 3
[1630844.488058] tee (2024523): drop_caches: 3
[1630849.665292] tee (2024527): drop_caches: 3
[1630854.817381] tee (2024531): drop_caches: 3
[1630859.880407] tee (2024542): drop_caches: 3
[1630865.076751] tee (2024547): drop_caches: 3
[1630870.453738] tee (2024551): drop_caches: 3
[1630874.967640] tee (2024563): drop_caches: 3
[1630880.171833] tee (2024567): drop_caches: 3
[1630885.307746] tee (2024571): drop_caches: 3
[1630890.459876] tee (2024582): drop_caches: 3
[1630895.682675] tee (2024586): drop_caches: 3
[1630900.753412] tee (2024590): drop_caches: 3
[1630905.139802] tee (2024602): drop_caches: 3
[1630910.485160] tee (2024607): drop_caches: 3
[1630915.594617] tee (2024611): drop_caches: 3
[1630920.725516] tee (2024622): drop_caches: 3
[1630926.024286] tee (2024626): drop_caches: 3
[1630931.194432] tee (2024630): drop_caches: 3
[1630935.594650] tee (2024653): drop_caches: 3
[1630940.946687] tee (2024657): drop_caches: 3
[1630946.077937] tee (2024661): drop_caches: 3
[1630951.201995] tee (2024672): drop_caches: 3
[1630956.804800] tee (2024676): drop_caches: 3
[1630961.961220] tee (2024680): drop_caches: 3
[1630966.420433] tee (2024692): drop_caches: 3
[1630971.607528] tee (2024696): drop_caches: 3
[1630976.673158] tee (2024700): drop_caches: 3
[1630981.781956] tee (2024711): drop_caches: 3
[1630986.979510] tee (2024715): drop_caches: 3
[1630992.107333] tee (2024719): drop_caches: 3
[1630997.328780] tee (2024730): drop_caches: 3
[1631002.736564] tee (2024735): drop_caches: 3
[1631007.825210] tee (2024746): drop_caches: 3
[1631013.135738] tee (2024752): drop_caches: 3
[1631018.466381] tee (2024756): drop_caches: 3
[1631023.801865] tee (2024764): drop_caches: 3
[1631029.538511] tee (2024777): drop_caches: 3
[1631034.833704] tee (2024782): drop_caches: 3
[1631039.976739] tee (2024793): drop_caches: 3
[1631045.078943] tee (2024797): drop_caches: 3
[1631050.371438] tee (2024801): drop_caches: 3
[1631055.536595] tee (2024810): drop_caches: 3
[1631060.708628] tee (2024815): drop_caches: 3
[1631066.198807] tee (2024823): drop_caches: 3
[1631071.334246] tee (2024834): drop_caches: 3
[1631076.519202] tee (2024838): drop_caches: 3
[1631081.904081] tee (2024842): drop_caches: 3
[1631087.550436] tee (2024855): drop_caches: 3
[1631092.409956] tee (2024887): drop_caches: 3
[1631098.737497] tee (2024937): drop_caches: 3
[1631104.131198] tee (2024941): drop_caches: 3
[1631109.377805] tee (2024945): drop_caches: 3
[1631114.587616] tee (2024949): drop_caches: 3
[1631119.880765] tee (2024958): drop_caches: 3
[1631124.848591] tee (2024963): drop_caches: 3
[1631130.261239] tee (2024976): drop_caches: 3
[1631135.407543] tee (2024980): drop_caches: 3
[1631140.611048] tee (2024984): drop_caches: 3
[1631145.829532] tee (2024992): drop_caches: 3
[1631151.231900] tee (2024997): drop_caches: 3
[1631156.382290] tee (2025003): drop_caches: 3
[1631161.677635] tee (2025015): drop_caches: 3
[1631166.726301] tee (2025019): drop_caches: 3
[1631171.876712] tee (2025023): drop_caches: 3
[1631177.410226] tee (2025032): drop_caches: 3
[1631182.520518] tee (2025036): drop_caches: 3
[1631187.747378] tee (2025048): drop_caches: 3
[1631193.909559] tee (2025056): drop_caches: 3
[1631199.809731] tee (2025061): drop_caches: 3
[1631202.640612] mix-mixJ-arm46-2024080 phase=A END
[1631202.649229] mix-mixJ-arm46-2024080 phase=B START
[1631202.712870] mix-mixJ-arm46-2024080 phase=B RUN
[1631206.971042] tee (2025139): drop_caches: 3
[1631212.673451] tee (2025148): drop_caches: 3
[1631217.863964] tee (2025160): drop_caches: 3
[1631222.247053] tee (2025167): drop_caches: 3
[1631227.478591] tee (2025173): drop_caches: 3
[1631232.804117] tee (2025177): drop_caches: 3
[1631238.139574] tee (2025181): drop_caches: 3
[1631243.360463] tee (2025190): drop_caches: 3
[1631248.537995] tee (2025201): drop_caches: 3
[1631252.952619] tee (2025208): drop_caches: 3
[1631258.400696] tee (2025214): drop_caches: 3
[1631263.727975] tee (2025218): drop_caches: 3
[1631269.236202] tee (2025226): drop_caches: 3
[1631274.742613] tee (2025231): drop_caches: 3
[1631280.090898] tee (2025242): drop_caches: 3
[1631284.532436] tee (2025249): drop_caches: 3
[1631290.159840] tee (2025253): drop_caches: 3
[1631295.731897] tee (2025257): drop_caches: 3
[1631303.163972] tee (2025269): drop_caches: 3
[1631308.218903] mix-mixJ-arm46-2024080 phase=B END
[1631308.593127] NVMeVirt: Measurement: command=stop epoch=1 host_bytes=35599581184 learner_active=0
[1631313.798385] EXT4-fs (nvme0n1): unmounting filesystem 295490eb-72c6-4903-88bf-614a96dce039.
[1631314.345363] pci_bus 0001:10: busn_res: [bus 10-ff] is released
[1631314.345409] NVMeVirt: GC stats: ns=0 policy=cat-fig7-fixed host_pages=8691304 gc_pages=4401516 gc_count=204575 WAF=1.506 warmup_gc=100-per-part
[1631314.423092] NVMeVirt: Virtual NVMe device closed
