[650168.761422] mix-mixA-arm21-3894709 BEGIN
[650168.811206] NVMeVirt: Version 1.10 for >> Samsung 970 Pro SSD <<
[650168.811213] NVMeVirt: Storage: 0x100100000-0x300000000 (8191 MiB)
[650168.821897] NVMeVirt: Total Capacity(GiB,MiB)=2,2048 chs=2 luns=4 lines=8192 blk-size(MiB,KiB)=0,64 line-size(MiB,KiB)=0,256
[650168.833321] NVMeVirt: [chmodel_init] bandwidth 800 max_credits 26 tx_time 152
[650168.844080] NVMeVirt: [chmodel_init] bandwidth 800 max_credits 26 tx_time 152
[650168.844094] NVMeVirt: [chmodel_init] bandwidth 3360 max_credits 110 tx_time 36
[650168.844096] NVMeVirt: Fixed CAT init ns=0 part=0 arm=21 k=4 scale_pct=100 age_ratio=4
[650168.845298] NVMeVirt: pqueue: Copyright (c) 2014, Volkan Yazıcı <volkan.yazici@gmail.com>. All rights reserved.
[650168.845336] NVMeVirt: Init FTL instance with 2 channels (524288 pages)
[650168.845338] NVMeVirt: GC victim policy: cat-fig7-fixed ns=0 part=0 initial_k=4 initial_scale_pct=100 initial_age_ratio=4 warmup_gc=100
[650168.856965] NVMeVirt: [chmodel_init] bandwidth 800 max_credits 26 tx_time 152
[650168.867553] NVMeVirt: [chmodel_init] bandwidth 800 max_credits 26 tx_time 152
[650168.867567] NVMeVirt: [chmodel_init] bandwidth 3360 max_credits 110 tx_time 36
[650168.867569] NVMeVirt: Fixed CAT init ns=0 part=1 arm=21 k=4 scale_pct=100 age_ratio=4
[650168.868837] NVMeVirt: Init FTL instance with 2 channels (524288 pages)
[650168.868840] NVMeVirt: GC victim policy: cat-fig7-fixed ns=0 part=1 initial_k=4 initial_scale_pct=100 initial_age_ratio=4 warmup_gc=100
[650168.879552] NVMeVirt: [chmodel_init] bandwidth 800 max_credits 26 tx_time 152
[650168.890449] NVMeVirt: [chmodel_init] bandwidth 800 max_credits 26 tx_time 152
[650168.890463] NVMeVirt: [chmodel_init] bandwidth 3360 max_credits 110 tx_time 36
[650168.890465] NVMeVirt: Fixed CAT init ns=0 part=2 arm=21 k=4 scale_pct=100 age_ratio=4
[650168.891777] NVMeVirt: Init FTL instance with 2 channels (524288 pages)
[650168.891779] NVMeVirt: GC victim policy: cat-fig7-fixed ns=0 part=2 initial_k=4 initial_scale_pct=100 initial_age_ratio=4 warmup_gc=100
[650168.902735] NVMeVirt: [chmodel_init] bandwidth 800 max_credits 26 tx_time 152
[650168.913490] NVMeVirt: [chmodel_init] bandwidth 800 max_credits 26 tx_time 152
[650168.913504] NVMeVirt: [chmodel_init] bandwidth 3360 max_credits 110 tx_time 36
[650168.913506] NVMeVirt: Fixed CAT init ns=0 part=3 arm=21 k=4 scale_pct=100 age_ratio=4
[650168.914811] NVMeVirt: Init FTL instance with 2 channels (524288 pages)
[650168.914814] NVMeVirt: GC victim policy: cat-fig7-fixed ns=0 part=3 initial_k=4 initial_scale_pct=100 initial_age_ratio=4 warmup_gc=100
[650168.914820] NVMeVirt: FTL physical space: 8588886016, logical space: 8026996276 (physical/logical * 100 = 107)
[650168.914822] NVMeVirt: ns 0/1: size 7655 MiB
[650168.914872] PCI host bridge to bus 0001:10
[650168.914874] pci_bus 0001:10: root bus resource [io  0x0000-0xffff]
[650168.914877] pci_bus 0001:10: root bus resource [mem 0x00000000-0x7fffffffff]
[650168.914879] pci_bus 0001:10: root bus resource [bus 00-ff]
[650168.914901] pci 0001:10:00.0: [0c51:0110] type 00 class 0x010802 PCIe Endpoint
[650168.914905] pci 0001:10:00.0: BAR 0 [mem 0x100000000-0x100003fff 64bit]
[650168.914907] pci 0001:10:00.0: enabling Extended Tags
[650168.915030] NVMeVirt: Virtual PCI bus created (node 0)
[650168.915378] NVMeVirt: nvmev_io_worker_0 started on cpu 2 (node 0)
[650168.915500] NVMeVirt: nvmev_dispatcher started on cpu 1 (node 0)
[650168.915517] NVMeVirt: Virtual NVMe device created
[650168.915688] nvme nvme0: pci function 0001:10:00.0
[650168.919612] nvme nvme0: 8/0/0 default/read/poll queues
[650169.597812] EXT4-fs (nvme0n1): mounted filesystem 4d496d52-e2d7-46f5-a08e-ca67a30b1149 r/w with ordered data mode. Quota mode: none.
[650251.676981] NVMeVirt: Fixed CAT init ns=0 part=0 arm=21 k=4 scale_pct=100 age_ratio=4
[650251.676986] NVMeVirt: Fixed CAT init ns=0 part=1 arm=21 k=4 scale_pct=100 age_ratio=4
[650251.676988] NVMeVirt: Fixed CAT init ns=0 part=2 arm=21 k=4 scale_pct=100 age_ratio=4
[650251.676990] NVMeVirt: Fixed CAT init ns=0 part=3 arm=21 k=4 scale_pct=100 age_ratio=4
[650251.676991] NVMeVirt: Measurement: command=start epoch=1 host_bytes=0 learner_active=1
[650251.684847] mix-mixA-arm21-3894709 phase=A START
[650851.985826] mix-mixA-arm21-3894709 phase=A END
[650851.993965] mix-mixA-arm21-3894709 phase=B START
[650852.004779] mix-mixA-arm21-3894709 phase=B LOAD
[650878.241817] mix-mixA-arm21-3894709 phase=B RUN
[650882.590744] tee (3895444): drop_caches: 3
[650887.961924] tee (3895448): drop_caches: 3
[650892.433048] tee (3895455): drop_caches: 3
[650897.701516] tee (3895459): drop_caches: 3
[650902.889723] tee (3895464): drop_caches: 3
[650908.048701] tee (3895473): drop_caches: 3
[650913.244086] tee (3895477): drop_caches: 3
[650918.320381] tee (3895481): drop_caches: 3
[650922.720414] tee (3895488): drop_caches: 3
[650927.848663] tee (3895492): drop_caches: 3
[650932.939347] tee (3895496): drop_caches: 3
[650937.949033] tee (3895503): drop_caches: 3
[650943.243795] tee (3895507): drop_caches: 3
[650948.433233] tee (3895511): drop_caches: 3
[650952.812950] tee (3895518): drop_caches: 3
[650959.556164] tee (3895525): drop_caches: 3
[650965.867961] tee (3895540): drop_caches: 3
[650970.906003] tee (3895544): drop_caches: 3
[650975.604552] tee (3895551): drop_caches: 3
[650980.589360] tee (3895556): drop_caches: 3
[650984.939450] tee (3895563): drop_caches: 3
[650989.982135] tee (3895569): drop_caches: 3
[650995.040838] tee (3895573): drop_caches: 3
[651000.066360] tee (3895577): drop_caches: 3
[651005.200789] tee (3895581): drop_caches: 3
[651010.223189] tee (3895585): drop_caches: 3
[651014.620772] tee (3895590): drop_caches: 3
[651019.906731] tee (3895596): drop_caches: 3
[651025.147742] tee (3895600): drop_caches: 3
[651030.305285] tee (3895605): drop_caches: 3
[651035.513401] tee (3895609): drop_caches: 3
[651040.743762] tee (3895615): drop_caches: 3
[651046.029942] tee (3895620): drop_caches: 3
[651051.266642] tee (3895627): drop_caches: 3
[651056.373441] tee (3895631): drop_caches: 3
[651061.600795] tee (3895636): drop_caches: 3
[651066.690084] tee (3895640): drop_caches: 3
[651071.664678] tee (3895644): drop_caches: 3
[651076.771098] tee (3895649): drop_caches: 3
[651081.836335] tee (3895655): drop_caches: 3
[651086.929871] tee (3895660): drop_caches: 3
[651092.071999] tee (3895664): drop_caches: 3
[651097.320864] tee (3895668): drop_caches: 3
[651102.513681] tee (3895672): drop_caches: 3
[651107.813793] tee (3895678): drop_caches: 3
[651113.084030] tee (3895683): drop_caches: 3
[651118.280226] tee (3895687): drop_caches: 3
[651123.337959] tee (3895691): drop_caches: 3
[651128.723830] tee (3895695): drop_caches: 3
[651133.801591] tee (3895699): drop_caches: 3
[651139.005340] tee (3895705): drop_caches: 3
[651144.302141] tee (3895710): drop_caches: 3
[651149.473778] tee (3895715): drop_caches: 3
[651154.579853] tee (3895719): drop_caches: 3
[651159.874264] tee (3895723): drop_caches: 3
[651165.089157] tee (3895727): drop_caches: 3
[651170.170318] tee (3895732): drop_caches: 3
[651175.466602] tee (3895738): drop_caches: 3
[651180.544463] tee (3895743): drop_caches: 3
[651185.735231] tee (3895747): drop_caches: 3
[651191.058556] tee (3895752): drop_caches: 3
[651196.209412] tee (3895756): drop_caches: 3
[651201.602609] tee (3895761): drop_caches: 3
[651207.607649] tee (3895776): drop_caches: 3
[651211.611170] mix-mixA-arm21-3894709 phase=B END
[651212.010543] NVMeVirt: Measurement: command=stop epoch=1 host_bytes=131550285824 learner_active=0
[651215.106816] EXT4-fs (nvme0n1): unmounting filesystem 4d496d52-e2d7-46f5-a08e-ca67a30b1149.
[651215.594949] pci_bus 0001:10: busn_res: [bus 10-ff] is released
[651215.595074] NVMeVirt: GC stats: ns=0 policy=cat-fig7-fixed host_pages=32116769 gc_pages=35479050 gc_count=1056185 WAF=2.104 warmup_gc=100-per-part
[651215.665497] NVMeVirt: Virtual NVMe device closed
