[1738033.659430] mix-mixQ-arm15-2329369 BEGIN
[1738033.813292] NVMeVirt: Version 1.10 for >> Samsung 970 Pro SSD <<
[1738033.813299] NVMeVirt: Storage: 0x100100000-0x300000000 (8191 MiB)
[1738033.823776] NVMeVirt: Total Capacity(GiB,MiB)=2,2048 chs=2 luns=4 lines=8192 blk-size(MiB,KiB)=0,64 line-size(MiB,KiB)=0,256
[1738033.835415] NVMeVirt: [chmodel_init] bandwidth 800 max_credits 26 tx_time 152
[1738033.849041] NVMeVirt: [chmodel_init] bandwidth 800 max_credits 26 tx_time 152
[1738033.849056] NVMeVirt: [chmodel_init] bandwidth 3360 max_credits 110 tx_time 36
[1738033.849058] NVMeVirt: Fixed CAT init ns=0 part=0 arm=15 k=4 scale_pct=25 age_ratio=4
[1738033.850394] NVMeVirt: pqueue: Copyright (c) 2014, Volkan Yazıcı <volkan.yazici@gmail.com>. All rights reserved.
[1738033.850430] NVMeVirt: Init FTL instance with 2 channels (524288 pages)
[1738033.850432] NVMeVirt: GC victim policy: cat-fig7-fixed ns=0 part=0 initial_k=4 initial_scale_pct=25 initial_age_ratio=4 warmup_gc=100
[1738033.860875] NVMeVirt: [chmodel_init] bandwidth 800 max_credits 26 tx_time 152
[1738033.870936] NVMeVirt: [chmodel_init] bandwidth 800 max_credits 26 tx_time 152
[1738033.870949] NVMeVirt: [chmodel_init] bandwidth 3360 max_credits 110 tx_time 36
[1738033.870951] NVMeVirt: Fixed CAT init ns=0 part=1 arm=15 k=4 scale_pct=25 age_ratio=4
[1738033.872461] NVMeVirt: Init FTL instance with 2 channels (524288 pages)
[1738033.872465] NVMeVirt: GC victim policy: cat-fig7-fixed ns=0 part=1 initial_k=4 initial_scale_pct=25 initial_age_ratio=4 warmup_gc=100
[1738033.884719] NVMeVirt: [chmodel_init] bandwidth 800 max_credits 26 tx_time 152
[1738033.894802] NVMeVirt: [chmodel_init] bandwidth 800 max_credits 26 tx_time 152
[1738033.894816] NVMeVirt: [chmodel_init] bandwidth 3360 max_credits 110 tx_time 36
[1738033.894818] NVMeVirt: Fixed CAT init ns=0 part=2 arm=15 k=4 scale_pct=25 age_ratio=4
[1738033.896029] NVMeVirt: Init FTL instance with 2 channels (524288 pages)
[1738033.896031] NVMeVirt: GC victim policy: cat-fig7-fixed ns=0 part=2 initial_k=4 initial_scale_pct=25 initial_age_ratio=4 warmup_gc=100
[1738033.906547] NVMeVirt: [chmodel_init] bandwidth 800 max_credits 26 tx_time 152
[1738033.918956] NVMeVirt: [chmodel_init] bandwidth 800 max_credits 26 tx_time 152
[1738033.918971] NVMeVirt: [chmodel_init] bandwidth 3360 max_credits 110 tx_time 36
[1738033.918973] NVMeVirt: Fixed CAT init ns=0 part=3 arm=15 k=4 scale_pct=25 age_ratio=4
[1738033.920271] NVMeVirt: Init FTL instance with 2 channels (524288 pages)
[1738033.920273] NVMeVirt: GC victim policy: cat-fig7-fixed ns=0 part=3 initial_k=4 initial_scale_pct=25 initial_age_ratio=4 warmup_gc=100
[1738033.920280] NVMeVirt: FTL physical space: 8588886016, logical space: 8026996276 (physical/logical * 100 = 107)
[1738033.920281] NVMeVirt: ns 0/1: size 7655 MiB
[1738033.920331] PCI host bridge to bus 0001:10
[1738033.920333] pci_bus 0001:10: root bus resource [io  0x0000-0xffff]
[1738033.920336] pci_bus 0001:10: root bus resource [mem 0x00000000-0x7fffffffff]
[1738033.920338] pci_bus 0001:10: root bus resource [bus 00-ff]
[1738033.920360] pci 0001:10:00.0: [0c51:0110] type 00 class 0x010802 PCIe Endpoint
[1738033.920364] pci 0001:10:00.0: BAR 0 [mem 0x100000000-0x100003fff 64bit]
[1738033.920366] pci 0001:10:00.0: enabling Extended Tags
[1738033.920487] NVMeVirt: Virtual PCI bus created (node 0)
[1738033.920822] NVMeVirt: nvmev_io_worker_0 started on cpu 2 (node 0)
[1738033.920940] NVMeVirt: nvmev_dispatcher started on cpu 1 (node 0)
[1738033.920967] NVMeVirt: Virtual NVMe device created
[1738033.921141] nvme nvme0: pci function 0001:10:00.0
[1738033.925061] nvme nvme0: 8/0/0 default/read/poll queues
[1738034.492563] EXT4-fs (nvme0n1): mounted filesystem 13199584-b605-4a3d-8f14-6c05172ec9da r/w with ordered data mode. Quota mode: none.
[1738116.946367] NVMeVirt: Fixed CAT init ns=0 part=0 arm=15 k=4 scale_pct=25 age_ratio=4
[1738116.946374] NVMeVirt: Fixed CAT init ns=0 part=1 arm=15 k=4 scale_pct=25 age_ratio=4
[1738116.946377] NVMeVirt: Fixed CAT init ns=0 part=2 arm=15 k=4 scale_pct=25 age_ratio=4
[1738116.946379] NVMeVirt: Fixed CAT init ns=0 part=3 arm=15 k=4 scale_pct=25 age_ratio=4
[1738116.946381] NVMeVirt: Measurement: command=start epoch=1 host_bytes=0 learner_active=1
[1738116.955475] mix-mixQ-arm15-2329369 phase=A START
[1738417.269534] mix-mixQ-arm15-2329369 phase=A END
[1738417.278909] mix-mixQ-arm15-2329369 phase=B START idle=300
[1738717.295096] mix-mixQ-arm15-2329369 phase=B END
[1738717.302641] mix-mixQ-arm15-2329369 phase=C START
[1739017.619817] mix-mixQ-arm15-2329369 phase=C END
[1739017.623131] NVMeVirt: Measurement: command=stop epoch=1 host_bytes=98306736128 learner_active=0
[1739017.768007] EXT4-fs (nvme0n1): unmounting filesystem 13199584-b605-4a3d-8f14-6c05172ec9da.
[1739017.834936] pci_bus 0001:10: busn_res: [bus 10-ff] is released
[1739017.835036] NVMeVirt: GC stats: ns=0 policy=cat-fig7-fixed host_pages=24000668 gc_pages=19768819 gc_count=683898 WAF=1.823 warmup_gc=100-per-part
[1739017.912268] NVMeVirt: Virtual NVMe device closed
