[1561548.075101] mix-mixF-arm31-1743702 BEGIN
[1561548.462070] NVMeVirt: Version 1.10 for >> Samsung 970 Pro SSD <<
[1561548.462077] NVMeVirt: Storage: 0x100100000-0x300000000 (8191 MiB)
[1561548.472702] NVMeVirt: Total Capacity(GiB,MiB)=2,2048 chs=2 luns=4 lines=8192 blk-size(MiB,KiB)=0,64 line-size(MiB,KiB)=0,256
[1561548.484455] NVMeVirt: [chmodel_init] bandwidth 800 max_credits 26 tx_time 152
[1561548.496512] NVMeVirt: [chmodel_init] bandwidth 800 max_credits 26 tx_time 152
[1561548.496527] NVMeVirt: [chmodel_init] bandwidth 3360 max_credits 110 tx_time 36
[1561548.496529] NVMeVirt: Fixed CAT init ns=0 part=0 arm=31 k=7 scale_pct=25 age_ratio=7
[1561548.497743] NVMeVirt: pqueue: Copyright (c) 2014, Volkan Yazıcı <volkan.yazici@gmail.com>. All rights reserved.
[1561548.497781] NVMeVirt: Init FTL instance with 2 channels (524288 pages)
[1561548.497783] NVMeVirt: GC victim policy: cat-fig7-fixed ns=0 part=0 initial_k=7 initial_scale_pct=25 initial_age_ratio=7 warmup_gc=100
[1561548.508671] NVMeVirt: [chmodel_init] bandwidth 800 max_credits 26 tx_time 152
[1561548.519482] NVMeVirt: [chmodel_init] bandwidth 800 max_credits 26 tx_time 152
[1561548.519500] NVMeVirt: [chmodel_init] bandwidth 3360 max_credits 110 tx_time 36
[1561548.519502] NVMeVirt: Fixed CAT init ns=0 part=1 arm=31 k=7 scale_pct=25 age_ratio=7
[1561548.521150] NVMeVirt: Init FTL instance with 2 channels (524288 pages)
[1561548.521156] NVMeVirt: GC victim policy: cat-fig7-fixed ns=0 part=1 initial_k=7 initial_scale_pct=25 initial_age_ratio=7 warmup_gc=100
[1561548.532176] NVMeVirt: [chmodel_init] bandwidth 800 max_credits 26 tx_time 152
[1561548.543076] NVMeVirt: [chmodel_init] bandwidth 800 max_credits 26 tx_time 152
[1561548.543091] NVMeVirt: [chmodel_init] bandwidth 3360 max_credits 110 tx_time 36
[1561548.543094] NVMeVirt: Fixed CAT init ns=0 part=2 arm=31 k=7 scale_pct=25 age_ratio=7
[1561548.544321] NVMeVirt: Init FTL instance with 2 channels (524288 pages)
[1561548.544325] NVMeVirt: GC victim policy: cat-fig7-fixed ns=0 part=2 initial_k=7 initial_scale_pct=25 initial_age_ratio=7 warmup_gc=100
[1561548.555319] NVMeVirt: [chmodel_init] bandwidth 800 max_credits 26 tx_time 152
[1561548.566134] NVMeVirt: [chmodel_init] bandwidth 800 max_credits 26 tx_time 152
[1561548.566149] NVMeVirt: [chmodel_init] bandwidth 3360 max_credits 110 tx_time 36
[1561548.566151] NVMeVirt: Fixed CAT init ns=0 part=3 arm=31 k=7 scale_pct=25 age_ratio=7
[1561548.567426] NVMeVirt: Init FTL instance with 2 channels (524288 pages)
[1561548.567429] NVMeVirt: GC victim policy: cat-fig7-fixed ns=0 part=3 initial_k=7 initial_scale_pct=25 initial_age_ratio=7 warmup_gc=100
[1561548.567435] NVMeVirt: FTL physical space: 8588886016, logical space: 8026996276 (physical/logical * 100 = 107)
[1561548.567437] NVMeVirt: ns 0/1: size 7655 MiB
[1561548.567488] PCI host bridge to bus 0001:10
[1561548.567491] pci_bus 0001:10: root bus resource [io  0x0000-0xffff]
[1561548.567495] pci_bus 0001:10: root bus resource [mem 0x00000000-0x7fffffffff]
[1561548.567497] pci_bus 0001:10: root bus resource [bus 00-ff]
[1561548.567506] pci 0001:10:00.0: [0c51:0110] type 00 class 0x010802 PCIe Endpoint
[1561548.567511] pci 0001:10:00.0: BAR 0 [mem 0x100000000-0x100003fff 64bit]
[1561548.567514] pci 0001:10:00.0: enabling Extended Tags
[1561548.567655] NVMeVirt: Virtual PCI bus created (node 0)
[1561548.567981] NVMeVirt: nvmev_io_worker_0 started on cpu 2 (node 0)
[1561548.568135] NVMeVirt: nvmev_dispatcher started on cpu 1 (node 0)
[1561548.568147] NVMeVirt: Virtual NVMe device created
[1561548.568346] nvme nvme0: pci function 0001:10:00.0
[1561548.571116] nvme nvme0: 8/0/0 default/read/poll queues
[1561549.558686] EXT4-fs (nvme0n1): mounted filesystem b9cdd9fe-27ce-440a-b377-fde55234e5d9 r/w with ordered data mode. Quota mode: none.
[1561631.895770] NVMeVirt: Fixed CAT init ns=0 part=0 arm=31 k=7 scale_pct=25 age_ratio=7
[1561631.895777] NVMeVirt: Fixed CAT init ns=0 part=1 arm=31 k=7 scale_pct=25 age_ratio=7
[1561631.895779] NVMeVirt: Fixed CAT init ns=0 part=2 arm=31 k=7 scale_pct=25 age_ratio=7
[1561631.895782] NVMeVirt: Fixed CAT init ns=0 part=3 arm=31 k=7 scale_pct=25 age_ratio=7
[1561631.895784] NVMeVirt: Measurement: command=start epoch=1 host_bytes=0 learner_active=1
[1561631.904312] mix-mixF-arm31-1743702 phase=A START
[1563432.246507] mix-mixF-arm31-1743702 phase=A END
[1563432.376726] mix-mixF-arm31-1743702 phase=B START
[1564336.015717] mix-mixF-arm31-1743702 phase=B END
[1564336.018932] NVMeVirt: Measurement: command=stop epoch=1 host_bytes=745438928896 learner_active=0
[1564336.130938] EXT4-fs (nvme0n1): unmounting filesystem b9cdd9fe-27ce-440a-b377-fde55234e5d9.
[1564336.209927] pci_bus 0001:10: busn_res: [bus 10-ff] is released
[1564336.209996] NVMeVirt: GC stats: ns=0 policy=cat-fig7-fixed host_pages=181991926 gc_pages=267217415 gc_count=7018895 WAF=2.468 warmup_gc=100-per-part
[1564336.299893] NVMeVirt: Virtual NVMe device closed
