[711485.340137] mix-mixC-arm14-3954882 BEGIN
[711485.352224] NVMeVirt: Version 1.10 for >> Samsung 970 Pro SSD <<
[711485.352230] NVMeVirt: Storage: 0x100100000-0x300000000 (8191 MiB)
[711485.364182] NVMeVirt: Total Capacity(GiB,MiB)=2,2048 chs=2 luns=4 lines=8192 blk-size(MiB,KiB)=0,64 line-size(MiB,KiB)=0,256
[711485.375843] NVMeVirt: [chmodel_init] bandwidth 800 max_credits 26 tx_time 152
[711485.386507] NVMeVirt: [chmodel_init] bandwidth 800 max_credits 26 tx_time 152
[711485.386522] NVMeVirt: [chmodel_init] bandwidth 3360 max_credits 110 tx_time 36
[711485.386524] NVMeVirt: Fixed CAT init ns=0 part=0 arm=14 k=2 scale_pct=400 age_ratio=16
[711485.387874] NVMeVirt: pqueue: Copyright (c) 2014, Volkan Yazıcı <volkan.yazici@gmail.com>. All rights reserved.
[711485.387911] NVMeVirt: Init FTL instance with 2 channels (524288 pages)
[711485.387913] NVMeVirt: GC victim policy: cat-fig7-fixed ns=0 part=0 initial_k=2 initial_scale_pct=400 initial_age_ratio=16 warmup_gc=100
[711485.398686] NVMeVirt: [chmodel_init] bandwidth 800 max_credits 26 tx_time 152
[711485.409216] NVMeVirt: [chmodel_init] bandwidth 800 max_credits 26 tx_time 152
[711485.409230] NVMeVirt: [chmodel_init] bandwidth 3360 max_credits 110 tx_time 36
[711485.409232] NVMeVirt: Fixed CAT init ns=0 part=1 arm=14 k=2 scale_pct=400 age_ratio=16
[711485.410462] NVMeVirt: Init FTL instance with 2 channels (524288 pages)
[711485.410465] NVMeVirt: GC victim policy: cat-fig7-fixed ns=0 part=1 initial_k=2 initial_scale_pct=400 initial_age_ratio=16 warmup_gc=100
[711485.420980] NVMeVirt: [chmodel_init] bandwidth 800 max_credits 26 tx_time 152
[711485.431666] NVMeVirt: [chmodel_init] bandwidth 800 max_credits 26 tx_time 152
[711485.431679] NVMeVirt: [chmodel_init] bandwidth 3360 max_credits 110 tx_time 36
[711485.431681] NVMeVirt: Fixed CAT init ns=0 part=2 arm=14 k=2 scale_pct=400 age_ratio=16
[711485.432916] NVMeVirt: Init FTL instance with 2 channels (524288 pages)
[711485.432919] NVMeVirt: GC victim policy: cat-fig7-fixed ns=0 part=2 initial_k=2 initial_scale_pct=400 initial_age_ratio=16 warmup_gc=100
[711485.443485] NVMeVirt: [chmodel_init] bandwidth 800 max_credits 26 tx_time 152
[711485.454134] NVMeVirt: [chmodel_init] bandwidth 800 max_credits 26 tx_time 152
[711485.454147] NVMeVirt: [chmodel_init] bandwidth 3360 max_credits 110 tx_time 36
[711485.454149] NVMeVirt: Fixed CAT init ns=0 part=3 arm=14 k=2 scale_pct=400 age_ratio=16
[711485.455481] NVMeVirt: Init FTL instance with 2 channels (524288 pages)
[711485.455484] NVMeVirt: GC victim policy: cat-fig7-fixed ns=0 part=3 initial_k=2 initial_scale_pct=400 initial_age_ratio=16 warmup_gc=100
[711485.455491] NVMeVirt: FTL physical space: 8588886016, logical space: 8026996276 (physical/logical * 100 = 107)
[711485.455493] NVMeVirt: ns 0/1: size 7655 MiB
[711485.455541] PCI host bridge to bus 0001:10
[711485.455543] pci_bus 0001:10: root bus resource [io  0x0000-0xffff]
[711485.455546] pci_bus 0001:10: root bus resource [mem 0x00000000-0x7fffffffff]
[711485.455563] pci_bus 0001:10: root bus resource [bus 00-ff]
[711485.455570] pci 0001:10:00.0: [0c51:0110] type 00 class 0x010802 PCIe Endpoint
[711485.455574] pci 0001:10:00.0: BAR 0 [mem 0x100000000-0x100003fff 64bit]
[711485.455577] pci 0001:10:00.0: enabling Extended Tags
[711485.455700] NVMeVirt: Virtual PCI bus created (node 0)
[711485.456004] NVMeVirt: nvmev_io_worker_0 started on cpu 2 (node 0)
[711485.456129] NVMeVirt: Virtual NVMe device created
[711485.456193] NVMeVirt: nvmev_dispatcher started on cpu 1 (node 0)
[711485.456343] nvme nvme0: pci function 0001:10:00.0
[711485.459804] nvme nvme0: 8/0/0 default/read/poll queues
[711485.534306] EXT4-fs (nvme0n1): mounted filesystem 84692847-0b12-4400-bcd0-0ae196170fdf r/w with ordered data mode. Quota mode: none.
[711567.547681] NVMeVirt: Fixed CAT init ns=0 part=0 arm=14 k=2 scale_pct=400 age_ratio=16
[711567.547686] NVMeVirt: Fixed CAT init ns=0 part=1 arm=14 k=2 scale_pct=400 age_ratio=16
[711567.547688] NVMeVirt: Fixed CAT init ns=0 part=2 arm=14 k=2 scale_pct=400 age_ratio=16
[711567.547689] NVMeVirt: Fixed CAT init ns=0 part=3 arm=14 k=2 scale_pct=400 age_ratio=16
[711567.547691] NVMeVirt: Measurement: command=start epoch=1 host_bytes=0 learner_active=1
[711567.555340] mix-mixC-arm14-3954882 phase=A START
[712167.868744] mix-mixC-arm14-3954882 phase=A END
[712167.875729] mix-mixC-arm14-3954882 phase=B START
[712768.189955] mix-mixC-arm14-3954882 phase=B END
[712768.193070] NVMeVirt: Measurement: command=stop epoch=1 host_bytes=123002163200 learner_active=0
[712768.239345] EXT4-fs (nvme0n1): unmounting filesystem 84692847-0b12-4400-bcd0-0ae196170fdf.
[712768.301682] pci_bus 0001:10: busn_res: [bus 10-ff] is released
[712768.301744] NVMeVirt: GC stats: ns=0 policy=cat-fig7-fixed host_pages=30029825 gc_pages=36750057 gc_count=1043436 WAF=2.223 warmup_gc=100-per-part
[712768.373887] NVMeVirt: Virtual NVMe device closed
