[2164643.335052] mix-mixV-onlinev4-275290 BEGIN
[2164643.489254] NVMeVirt: Version 1.10 for >> Samsung 970 Pro SSD <<
[2164643.489261] NVMeVirt: Storage: 0x100100000-0x300000000 (8191 MiB)
[2164643.500249] NVMeVirt: Total Capacity(GiB,MiB)=2,2048 chs=2 luns=4 lines=8192 blk-size(MiB,KiB)=0,64 line-size(MiB,KiB)=0,256
[2164643.510992] NVMeVirt: [chmodel_init] bandwidth 800 max_credits 26 tx_time 152
[2164643.521423] NVMeVirt: [chmodel_init] bandwidth 800 max_credits 26 tx_time 152
[2164643.521441] NVMeVirt: [chmodel_init] bandwidth 3360 max_credits 110 tx_time 36
[2164643.521444] NVMeVirt: WATGC_V2 init ns=0 part=0 arms=60 initial=37 prior=none gamma_q16=65503 exploration_q16=16384
[2164643.522283] NVMeVirt: pqueue: Copyright (c) 2014, Volkan Yazıcı <volkan.yazici@gmail.com>. All rights reserved.
[2164643.522319] NVMeVirt: Init FTL instance with 2 channels (524288 pages)
[2164643.522321] NVMeVirt: GC victim policy: watgc-v2 ns=0 part=0 initial_k=7 initial_scale_pct=100 initial_age_ratio=7 warmup_gc=100
[2164643.532771] NVMeVirt: [chmodel_init] bandwidth 800 max_credits 26 tx_time 152
[2164643.543992] NVMeVirt: [chmodel_init] bandwidth 800 max_credits 26 tx_time 152
[2164643.544008] NVMeVirt: [chmodel_init] bandwidth 3360 max_credits 110 tx_time 36
[2164643.544011] NVMeVirt: WATGC_V2 init ns=0 part=1 arms=60 initial=37 prior=none gamma_q16=65503 exploration_q16=16384
[2164643.544964] NVMeVirt: Init FTL instance with 2 channels (524288 pages)
[2164643.544967] NVMeVirt: GC victim policy: watgc-v2 ns=0 part=1 initial_k=7 initial_scale_pct=100 initial_age_ratio=7 warmup_gc=100
[2164643.555243] NVMeVirt: [chmodel_init] bandwidth 800 max_credits 26 tx_time 152
[2164643.565559] NVMeVirt: [chmodel_init] bandwidth 800 max_credits 26 tx_time 152
[2164643.565581] NVMeVirt: [chmodel_init] bandwidth 3360 max_credits 110 tx_time 36
[2164643.565584] NVMeVirt: WATGC_V2 init ns=0 part=2 arms=60 initial=37 prior=none gamma_q16=65503 exploration_q16=16384
[2164643.566693] NVMeVirt: Init FTL instance with 2 channels (524288 pages)
[2164643.566696] NVMeVirt: GC victim policy: watgc-v2 ns=0 part=2 initial_k=7 initial_scale_pct=100 initial_age_ratio=7 warmup_gc=100
[2164643.577553] NVMeVirt: [chmodel_init] bandwidth 800 max_credits 26 tx_time 152
[2164643.587648] NVMeVirt: [chmodel_init] bandwidth 800 max_credits 26 tx_time 152
[2164643.587662] NVMeVirt: [chmodel_init] bandwidth 3360 max_credits 110 tx_time 36
[2164643.587664] NVMeVirt: WATGC_V2 init ns=0 part=3 arms=60 initial=37 prior=none gamma_q16=65503 exploration_q16=16384
[2164643.588600] NVMeVirt: Init FTL instance with 2 channels (524288 pages)
[2164643.588603] NVMeVirt: GC victim policy: watgc-v2 ns=0 part=3 initial_k=7 initial_scale_pct=100 initial_age_ratio=7 warmup_gc=100
[2164643.588609] NVMeVirt: FTL physical space: 8588886016, logical space: 8026996276 (physical/logical * 100 = 107)
[2164643.588611] NVMeVirt: ns 0/1: size 7655 MiB
[2164643.588659] PCI host bridge to bus 0001:10
[2164643.588662] pci_bus 0001:10: root bus resource [io  0x0000-0xffff]
[2164643.588664] pci_bus 0001:10: root bus resource [mem 0x00000000-0x7fffffffff]
[2164643.588666] pci_bus 0001:10: root bus resource [bus 00-ff]
[2164643.588673] pci 0001:10:00.0: [0c51:0110] type 00 class 0x010802 PCIe Endpoint
[2164643.588691] pci 0001:10:00.0: BAR 0 [mem 0x100000000-0x100003fff 64bit]
[2164643.588694] pci 0001:10:00.0: enabling Extended Tags
[2164643.588816] NVMeVirt: Virtual PCI bus created (node 0)
[2164643.589133] NVMeVirt: nvmev_io_worker_0 started on cpu 2 (node 0)
[2164643.589239] NVMeVirt: nvmev_dispatcher started on cpu 1 (node 0)
[2164643.589265] NVMeVirt: Virtual NVMe device created
[2164643.589379] nvme nvme0: pci function 0001:10:00.0
[2164643.592218] nvme nvme0: 8/0/0 default/read/poll queues
[2164644.026446] EXT4-fs (nvme0n1): mounted filesystem 6e198221-520c-40ec-adb4-16a3f76843b4 r/w with ordered data mode. Quota mode: none.
[2164726.322672] NVMeVirt: WATGC_V2 init ns=0 part=0 arms=60 initial=37 prior=none gamma_q16=65503 exploration_q16=16384
[2164726.322679] NVMeVirt: WATGC_V2 init ns=0 part=1 arms=60 initial=37 prior=none gamma_q16=65503 exploration_q16=16384
[2164726.322682] NVMeVirt: WATGC_V2 init ns=0 part=2 arms=60 initial=37 prior=none gamma_q16=65503 exploration_q16=16384
[2164726.322685] NVMeVirt: WATGC_V2 init ns=0 part=3 arms=60 initial=37 prior=none gamma_q16=65503 exploration_q16=16384
[2164726.322687] NVMeVirt: Measurement: command=start epoch=1 host_bytes=0 learner_active=1
[2164726.334277] mix-mixV-onlinev4-275290 phase=A START
[2164726.345789] mix-mixV-onlinev4-275290 phase=A LOAD
[2164728.280028] NVMeVirt: WATGC_V2 warmup-done ns=0 part=0 gc_count=2834
[2164728.280092] NVMeVirt: WATGC_V2 warmup-done ns=0 part=2 gc_count=2829
[2164728.280457] NVMeVirt: WATGC_V2 warmup-done ns=0 part=3 gc_count=2817
[2164728.281334] NVMeVirt: WATGC_V2 warmup-done ns=0 part=1 gc_count=2827
[2164738.045082] NVMeVirt: WATGC_V2 sample ns=0 part=0 epoch=1 window=1 phase=measure evaluated=37 k=7 scale_pct=100 age_ratio=7 host=131134 gc_pages=57192 gc_count=2943 waf_q16=94118 best=37 next=15 settled=0 active=45
[2164738.114056] NVMeVirt: WATGC_V2 sample ns=0 part=1 epoch=1 window=1 phase=measure evaluated=37 k=7 scale_pct=100 age_ratio=7 host=131109 gc_pages=55641 gc_count=2918 waf_q16=93348 best=37 next=15 settled=0 active=45
[2164738.179932] NVMeVirt: WATGC_V2 sample ns=0 part=2 epoch=1 window=1 phase=measure evaluated=37 k=7 scale_pct=100 age_ratio=7 host=131078 gc_pages=57482 gc_count=2946 waf_q16=94275 best=37 next=15 settled=0 active=45
[2164738.351581] NVMeVirt: WATGC_V2 sample ns=0 part=3 epoch=1 window=1 phase=measure evaluated=37 k=7 scale_pct=100 age_ratio=7 host=131073 gc_pages=57292 gc_count=2943 waf_q16=94181 best=37 next=15 settled=0 active=45
[2164743.472009] mix-mixV-onlinev4-275290 phase=A RUN
[2164747.643736] tee (275661): drop_caches: 3
[2164753.158707] tee (275667): drop_caches: 3
[2164758.299527] tee (275680): drop_caches: 3
[2164762.786347] NVMeVirt: WATGC_V2 sample ns=0 part=0 epoch=1 window=2 phase=measure evaluated=15 k=4 scale_pct=25 age_ratio=4 host=131084 gc_pages=84044 gc_count=3361 waf_q16=107554 best=37 next=16 settled=0 active=45
[2164763.043717] NVMeVirt: WATGC_V2 sample ns=0 part=1 epoch=1 window=2 phase=measure evaluated=15 k=4 scale_pct=25 age_ratio=4 host=131073 gc_pages=84596 gc_count=3370 waf_q16=107833 best=37 next=16 settled=0 active=45
[2164763.240943] NVMeVirt: WATGC_V2 sample ns=0 part=2 epoch=1 window=2 phase=measure evaluated=15 k=4 scale_pct=25 age_ratio=4 host=131075 gc_pages=84764 gc_count=3372 waf_q16=107917 best=37 next=16 settled=0 active=45
[2164763.838419] tee (275695): drop_caches: 3
[2164764.212156] NVMeVirt: WATGC_V2 sample ns=0 part=3 epoch=1 window=2 phase=measure evaluated=15 k=4 scale_pct=25 age_ratio=4 host=131093 gc_pages=85273 gc_count=3381 waf_q16=108165 best=37 next=16 settled=0 active=45
[2164769.355170] tee (275714): drop_caches: 3
[2164774.929625] tee (275718): drop_caches: 3
[2164780.520641] tee (275726): drop_caches: 3
[2164785.833262] tee (275737): drop_caches: 3
[2164791.209472] tee (275750): drop_caches: 3
[2164792.063870] NVMeVirt: WATGC_V2 sample ns=0 part=0 epoch=1 window=3 phase=measure evaluated=16 k=4 scale_pct=25 age_ratio=7 host=131099 gc_pages=59672 gc_count=2981 waf_q16=95365 best=37 next=17 settled=0 active=45
[2164792.473160] NVMeVirt: WATGC_V2 sample ns=0 part=1 epoch=1 window=3 phase=measure evaluated=16 k=4 scale_pct=25 age_ratio=7 host=131109 gc_pages=60019 gc_count=2986 waf_q16=95537 best=37 next=17 settled=0 active=45
[2164792.644228] NVMeVirt: WATGC_V2 sample ns=0 part=2 epoch=1 window=3 phase=measure evaluated=16 k=4 scale_pct=25 age_ratio=7 host=131102 gc_pages=58024 gc_count=2955 waf_q16=94541 best=37 next=17 settled=0 active=45
[2164793.478406] NVMeVirt: WATGC_V2 sample ns=0 part=3 epoch=1 window=3 phase=measure evaluated=16 k=4 scale_pct=25 age_ratio=7 host=131114 gc_pages=56292 gc_count=2928 waf_q16=93672 best=16 next=17 settled=0 active=45
[2164795.765620] tee (275770): drop_caches: 3
[2164801.104738] tee (275790): drop_caches: 3
[2164806.711004] tee (275794): drop_caches: 3
[2164812.074430] tee (275799): drop_caches: 3
[2164818.003868] tee (275812): drop_caches: 3
[2164821.500965] NVMeVirt: WATGC_V2 sample ns=0 part=0 epoch=1 window=4 phase=measure evaluated=17 k=4 scale_pct=25 age_ratio=16 host=131085 gc_pages=56179 gc_count=2926 waf_q16=93622 best=17 next=18 settled=0 active=45
[2164821.883366] NVMeVirt: WATGC_V2 sample ns=0 part=1 epoch=1 window=4 phase=measure evaluated=17 k=4 scale_pct=25 age_ratio=16 host=131120 gc_pages=55633 gc_count=2918 waf_q16=93342 best=37 next=18 settled=0 active=45
[2164821.928242] NVMeVirt: WATGC_V2 sample ns=0 part=2 epoch=1 window=4 phase=measure evaluated=17 k=4 scale_pct=25 age_ratio=16 host=131080 gc_pages=52971 gc_count=2876 waf_q16=92019 best=17 next=18 settled=0 active=45
[2164822.556840] NVMeVirt: WATGC_V2 sample ns=0 part=3 epoch=1 window=4 phase=measure evaluated=17 k=4 scale_pct=25 age_ratio=16 host=131108 gc_pages=54646 gc_count=2903 waf_q16=92851 best=17 next=18 settled=0 active=45
[2164823.764761] tee (275823): drop_caches: 3
[2164829.037078] tee (275837): drop_caches: 3
[2164835.149878] tee (275844): drop_caches: 3
[2164840.589999] tee (275850): drop_caches: 3
[2164845.805352] tee (275854): drop_caches: 3
[2164849.585696] NVMeVirt: WATGC_V2 sample ns=0 part=0 epoch=1 window=5 phase=measure evaluated=18 k=4 scale_pct=50 age_ratio=4 host=131080 gc_pages=34805 gc_count=2592 waf_q16=82937 best=18 next=19 settled=0 active=45
[2164849.987102] NVMeVirt: WATGC_V2 sample ns=0 part=2 epoch=1 window=5 phase=measure evaluated=18 k=4 scale_pct=50 age_ratio=4 host=131082 gc_pages=35322 gc_count=2600 waf_q16=83195 best=18 next=19 settled=0 active=45
[2164850.024660] NVMeVirt: WATGC_V2 sample ns=0 part=1 epoch=1 window=5 phase=measure evaluated=18 k=4 scale_pct=50 age_ratio=4 host=131104 gc_pages=35104 gc_count=2597 waf_q16=83083 best=18 next=19 settled=0 active=45
[2164850.544823] NVMeVirt: WATGC_V2 sample ns=0 part=3 epoch=1 window=5 phase=measure evaluated=18 k=4 scale_pct=50 age_ratio=4 host=131083 gc_pages=34935 gc_count=2594 waf_q16=83002 best=18 next=19 settled=0 active=45
[2164851.094998] tee (275867): drop_caches: 3
[2164856.238913] tee (275873): drop_caches: 3
[2164862.167647] tee (275892): drop_caches: 3
[2164867.320701] tee (275905): drop_caches: 3
[2164872.650933] tee (275910): drop_caches: 3
[2164877.712833] tee (275921): drop_caches: 3
[2164878.043438] NVMeVirt: WATGC_V2 sample ns=0 part=0 epoch=1 window=6 phase=measure evaluated=19 k=4 scale_pct=50 age_ratio=7 host=131087 gc_pages=40040 gc_count=2674 waf_q16=85553 best=18 next=20 settled=0 active=45
[2164878.525445] NVMeVirt: WATGC_V2 sample ns=0 part=2 epoch=1 window=6 phase=measure evaluated=19 k=4 scale_pct=50 age_ratio=7 host=131072 gc_pages=39296 gc_count=2662 waf_q16=85184 best=18 next=20 settled=0 active=45
[2164878.640543] NVMeVirt: WATGC_V2 sample ns=0 part=1 epoch=1 window=6 phase=measure evaluated=19 k=4 scale_pct=50 age_ratio=7 host=131094 gc_pages=39845 gc_count=2671 waf_q16=85455 best=18 next=20 settled=0 active=45
[2164879.142203] NVMeVirt: WATGC_V2 sample ns=0 part=3 epoch=1 window=6 phase=measure evaluated=19 k=4 scale_pct=50 age_ratio=7 host=131112 gc_pages=39392 gc_count=2664 waf_q16=85225 best=18 next=20 settled=0 active=45
[2164883.435244] tee (275927): drop_caches: 3
[2164888.739995] tee (275939): drop_caches: 3
[2164893.299472] tee (275956): drop_caches: 3
[2164898.556981] tee (275962): drop_caches: 3
[2164903.748182] tee (275966): drop_caches: 3
[2164907.199350] NVMeVirt: WATGC_V2 sample ns=0 part=0 epoch=1 window=7 phase=measure evaluated=20 k=4 scale_pct=50 age_ratio=16 host=131100 gc_pages=45906 gc_count=2766 waf_q16=88484 best=18 next=21 settled=0 active=45
[2164907.467543] NVMeVirt: WATGC_V2 sample ns=0 part=2 epoch=1 window=7 phase=measure evaluated=20 k=4 scale_pct=50 age_ratio=16 host=131111 gc_pages=45363 gc_count=2757 waf_q16=88210 best=18 next=21 settled=0 active=45
[2164907.596807] NVMeVirt: WATGC_V2 sample ns=0 part=1 epoch=1 window=7 phase=measure evaluated=20 k=4 scale_pct=50 age_ratio=16 host=131072 gc_pages=44288 gc_count=2740 waf_q16=87680 best=18 next=21 settled=0 active=45
[2164907.834784] NVMeVirt: WATGC_V2 sample ns=0 part=3 epoch=1 window=7 phase=measure evaluated=20 k=4 scale_pct=50 age_ratio=16 host=131086 gc_pages=44145 gc_count=2738 waf_q16=87606 best=18 next=21 settled=0 active=45
[2164909.384131] tee (275979): drop_caches: 3
[2164914.537049] tee (275983): drop_caches: 3
[2164919.605344] tee (275994): drop_caches: 3
[2164924.118025] tee (276010): drop_caches: 3
[2164929.230986] tee (276015): drop_caches: 3
[2164934.323073] tee (276019): drop_caches: 3
[2164935.576029] NVMeVirt: WATGC_V2 sample ns=0 part=0 epoch=1 window=8 phase=measure evaluated=21 k=4 scale_pct=100 age_ratio=4 host=131104 gc_pages=36066 gc_count=2612 waf_q16=83564 best=18 next=22 settled=0 active=45
[2164935.862335] NVMeVirt: WATGC_V2 sample ns=0 part=2 epoch=1 window=8 phase=measure evaluated=21 k=4 scale_pct=100 age_ratio=4 host=131072 gc_pages=35516 gc_count=2603 waf_q16=83294 best=18 next=22 settled=0 active=45
[2164936.048263] NVMeVirt: WATGC_V2 sample ns=0 part=1 epoch=1 window=8 phase=measure evaluated=21 k=4 scale_pct=100 age_ratio=4 host=131075 gc_pages=35514 gc_count=2603 waf_q16=83292 best=18 next=22 settled=0 active=45
[2164936.191213] NVMeVirt: WATGC_V2 sample ns=0 part=3 epoch=1 window=8 phase=measure evaluated=21 k=4 scale_pct=100 age_ratio=4 host=131091 gc_pages=35759 gc_count=2607 waf_q16=83412 best=18 next=22 settled=0 active=45
[2164939.732556] tee (276032): drop_caches: 3
[2164944.946390] tee (276037): drop_caches: 3
[2164950.154951] tee (276049): drop_caches: 3
[2164955.160427] tee (276071): drop_caches: 3
[2164960.338406] tee (276076): drop_caches: 3
[2164963.940901] NVMeVirt: WATGC_V2 sample ns=0 part=0 epoch=1 window=9 phase=measure evaluated=22 k=4 scale_pct=100 age_ratio=7 host=131111 gc_pages=37718 gc_count=2638 waf_q16=84389 best=18 next=23 settled=0 active=45
[2164964.041117] NVMeVirt: WATGC_V2 sample ns=0 part=2 epoch=1 window=9 phase=measure evaluated=22 k=4 scale_pct=100 age_ratio=7 host=131102 gc_pages=37033 gc_count=2627 waf_q16=84048 best=18 next=23 settled=0 active=45
[2164964.211477] NVMeVirt: WATGC_V2 sample ns=0 part=1 epoch=1 window=9 phase=measure evaluated=22 k=4 scale_pct=100 age_ratio=7 host=131104 gc_pages=37476 gc_count=2634 waf_q16=84269 best=18 next=23 settled=0 active=45
[2164964.259218] NVMeVirt: WATGC_V2 sample ns=0 part=3 epoch=1 window=9 phase=measure evaluated=22 k=4 scale_pct=100 age_ratio=7 host=131124 gc_pages=37899 gc_count=2641 waf_q16=84477 best=18 next=23 settled=0 active=45
[2164965.464901] tee (276080): drop_caches: 3
[2164970.757382] tee (276094): drop_caches: 3
[2164976.096030] tee (276099): drop_caches: 3
[2164981.270772] tee (276110): drop_caches: 3
[2164986.485494] tee (276125): drop_caches: 3
[2164991.720244] tee (276131): drop_caches: 3
[2164992.260940] NVMeVirt: WATGC_V2 sample ns=0 part=0 epoch=1 window=10 phase=measure evaluated=23 k=4 scale_pct=100 age_ratio=16 host=131082 gc_pages=39019 gc_count=2658 waf_q16=85044 best=18 next=24 settled=0 active=45
[2164992.268725] NVMeVirt: WATGC_V2 sample ns=0 part=2 epoch=1 window=10 phase=measure evaluated=23 k=4 scale_pct=100 age_ratio=16 host=131080 gc_pages=41729 gc_count=2700 waf_q16=86399 best=18 next=24 settled=0 active=45
[2164992.550130] NVMeVirt: WATGC_V2 sample ns=0 part=3 epoch=1 window=10 phase=measure evaluated=23 k=4 scale_pct=100 age_ratio=16 host=131078 gc_pages=40062 gc_count=2674 waf_q16=85566 best=18 next=24 settled=0 active=45
[2164992.671836] NVMeVirt: WATGC_V2 sample ns=0 part=1 epoch=1 window=10 phase=measure evaluated=23 k=4 scale_pct=100 age_ratio=16 host=131120 gc_pages=39069 gc_count=2659 waf_q16=85063 best=18 next=24 settled=0 active=45
[2164997.050060] tee (276137): drop_caches: 3
[2165003.026616] tee (276164): drop_caches: 3
[2165008.279600] tee (276176): drop_caches: 3
[2165014.833401] tee (276190): drop_caches: 3
[2165019.849141] tee (276206): drop_caches: 3
[2165020.111637] NVMeVirt: WATGC_V2 sample ns=0 part=2 epoch=1 window=11 phase=measure evaluated=24 k=4 scale_pct=200 age_ratio=4 host=131072 gc_pages=36163 gc_count=2613 waf_q16=83617 best=18 next=25 settled=0 active=45
[2165020.228450] NVMeVirt: WATGC_V2 sample ns=0 part=0 epoch=1 window=11 phase=measure evaluated=24 k=4 scale_pct=200 age_ratio=4 host=131106 gc_pages=36832 gc_count=2624 waf_q16=83947 best=18 next=25 settled=0 active=45
[2165020.443333] NVMeVirt: WATGC_V2 sample ns=0 part=3 epoch=1 window=11 phase=measure evaluated=24 k=4 scale_pct=200 age_ratio=4 host=131110 gc_pages=36319 gc_count=2616 waf_q16=83690 best=18 next=25 settled=0 active=45
[2165020.654335] NVMeVirt: WATGC_V2 sample ns=0 part=1 epoch=1 window=11 phase=measure evaluated=24 k=4 scale_pct=200 age_ratio=4 host=131118 gc_pages=36564 gc_count=2620 waf_q16=83811 best=18 next=25 settled=0 active=45
[2165027.918368] tee (276225): drop_caches: 3
[2165033.628491] tee (276231): drop_caches: 3
[2165038.953763] tee (276235): drop_caches: 3
[2165046.026220] tee (276258): drop_caches: 3
[2165054.644216] tee (276267): drop_caches: 3
[2165058.503610] mix-mixV-onlinev4-275290 phase=A YCSB_ERRORS
[2165059.049611] NVMeVirt: Measurement: command=stop epoch=1 host_bytes=31848120320 learner_active=0
[2165059.228460] EXT4-fs (nvme0n1): unmounting filesystem 6e198221-520c-40ec-adb4-16a3f76843b4.
[2165059.544709] pci_bus 0001:10: busn_res: [bus 10-ff] is released
[2165059.544770] NVMeVirt: WATGC_V2 summary ns=0 part=0 epoch=1 windows=11 epoch_windows=11 discarded=0 visited=11 covered=0 settled=0 phase=2 current=25 best=18 k=4 scale_pct=50 age_ratio=4 best_waf_valid=1 best_waf_q16=82937
[2165059.544774] NVMeVirt: WATGC_V2 summary ns=0 part=1 epoch=1 windows=11 epoch_windows=11 discarded=0 visited=11 covered=0 settled=0 phase=2 current=25 best=18 k=4 scale_pct=50 age_ratio=4 best_waf_valid=1 best_waf_q16=83083
[2165059.544778] NVMeVirt: WATGC_V2 summary ns=0 part=2 epoch=1 windows=11 epoch_windows=11 discarded=0 visited=11 covered=0 settled=0 phase=2 current=25 best=18 k=4 scale_pct=50 age_ratio=4 best_waf_valid=1 best_waf_q16=83195
[2165059.544780] NVMeVirt: WATGC_V2 summary ns=0 part=3 epoch=1 windows=11 epoch_windows=11 discarded=0 visited=11 covered=0 settled=0 phase=2 current=25 best=18 k=4 scale_pct=50 age_ratio=4 best_waf_valid=1 best_waf_q16=83002
[2165059.544783] NVMeVirt: GC stats: ns=0 policy=watgc-v2 host_pages=7775420 gc_pages=2910447 gc_count=166968 WAF=1.374 warmup_gc=100-per-part
[2165059.618661] NVMeVirt: Virtual NVMe device closed
