[430895.819310] mix-mixV-fixed37-3205035 BEGIN
[430895.837338] NVMeVirt: Version 1.10 for >> Samsung 970 Pro SSD <<
[430895.837348] NVMeVirt: Storage: 0x100100000-0x300000000 (8191 MiB)
[430895.856212] NVMeVirt: Total Capacity(GiB,MiB)=2,2048 chs=2 luns=4 lines=8192 blk-size(MiB,KiB)=0,64 line-size(MiB,KiB)=0,256
[430895.871316] NVMeVirt: [chmodel_init] bandwidth 800 max_credits 26 tx_time 152
[430895.885893] NVMeVirt: [chmodel_init] bandwidth 800 max_credits 26 tx_time 152
[430895.885911] NVMeVirt: [chmodel_init] bandwidth 3360 max_credits 110 tx_time 36
[430895.885914] NVMeVirt: Fixed CAT init ns=0 part=0 arm=37 k=7 scale_pct=100 age_ratio=7
[430895.887334] NVMeVirt: pqueue: Copyright (c) 2014, Volkan Yazıcı <volkan.yazici@gmail.com>. All rights reserved.
[430895.887365] NVMeVirt: Init FTL instance with 2 channels (524288 pages)
[430895.887368] NVMeVirt: GC victim policy: cat-fig7-fixed ns=0 part=0 initial_k=7 initial_scale_pct=100 initial_age_ratio=7 warmup_gc=100
[430895.902554] NVMeVirt: [chmodel_init] bandwidth 800 max_credits 26 tx_time 152
[430895.917007] NVMeVirt: [chmodel_init] bandwidth 800 max_credits 26 tx_time 152
[430895.917024] NVMeVirt: [chmodel_init] bandwidth 3360 max_credits 110 tx_time 36
[430895.917027] NVMeVirt: Fixed CAT init ns=0 part=1 arm=37 k=7 scale_pct=100 age_ratio=7
[430895.918462] NVMeVirt: Init FTL instance with 2 channels (524288 pages)
[430895.918465] NVMeVirt: GC victim policy: cat-fig7-fixed ns=0 part=1 initial_k=7 initial_scale_pct=100 initial_age_ratio=7 warmup_gc=100
[430895.933350] NVMeVirt: [chmodel_init] bandwidth 800 max_credits 26 tx_time 152
[430895.947745] NVMeVirt: [chmodel_init] bandwidth 800 max_credits 26 tx_time 152
[430895.947761] NVMeVirt: [chmodel_init] bandwidth 3360 max_credits 110 tx_time 36
[430895.947764] NVMeVirt: Fixed CAT init ns=0 part=2 arm=37 k=7 scale_pct=100 age_ratio=7
[430895.949114] NVMeVirt: Init FTL instance with 2 channels (524288 pages)
[430895.949116] NVMeVirt: GC victim policy: cat-fig7-fixed ns=0 part=2 initial_k=7 initial_scale_pct=100 initial_age_ratio=7 warmup_gc=100
[430895.964010] NVMeVirt: [chmodel_init] bandwidth 800 max_credits 26 tx_time 152
[430895.978284] NVMeVirt: [chmodel_init] bandwidth 800 max_credits 26 tx_time 152
[430895.978302] NVMeVirt: [chmodel_init] bandwidth 3360 max_credits 110 tx_time 36
[430895.978305] NVMeVirt: Fixed CAT init ns=0 part=3 arm=37 k=7 scale_pct=100 age_ratio=7
[430895.979770] NVMeVirt: Init FTL instance with 2 channels (524288 pages)
[430895.979773] NVMeVirt: GC victim policy: cat-fig7-fixed ns=0 part=3 initial_k=7 initial_scale_pct=100 initial_age_ratio=7 warmup_gc=100
[430895.979781] NVMeVirt: FTL physical space: 8588886016, logical space: 8026996276 (physical/logical * 100 = 107)
[430895.979784] NVMeVirt: ns 0/1: size 7655 MiB
[430895.979857] PCI host bridge to bus 0001:10
[430895.979860] pci_bus 0001:10: root bus resource [io  0x0000-0xffff]
[430895.979864] pci_bus 0001:10: root bus resource [mem 0x00000000-0x7ffffffffff]
[430895.979867] pci_bus 0001:10: root bus resource [bus 00-ff]
[430895.979877] pci 0001:10:00.0: [0c51:0110] type 00 class 0x010802 PCIe Endpoint
[430895.979882] pci 0001:10:00.0: BAR 0 [mem 0x100000000-0x100003fff 64bit]
[430895.979886] pci 0001:10:00.0: enabling Extended Tags
[430895.980107] NVMeVirt: Virtual PCI bus created (node 0)
[430895.980399] NVMeVirt: nvmev_io_worker_0 started on cpu 2 (node 0)
[430895.980438] NVMeVirt: nvmev_dispatcher started on cpu 1 (node 0)
[430895.980460] NVMeVirt: Virtual NVMe device created
[430895.980761] nvme nvme1: pci function 0001:10:00.0
[430895.985539] nvme nvme1: 12/0/0 default/read/poll queues
[430896.074487] EXT4-fs (nvme1n1): mounted filesystem e3f83812-b626-4334-9177-88dc659ec6c2 r/w with ordered data mode. Quota mode: none.
[430909.506702] NVMeVirt: Fixed CAT init ns=0 part=0 arm=37 k=7 scale_pct=100 age_ratio=7
[430909.506708] NVMeVirt: Fixed CAT init ns=0 part=1 arm=37 k=7 scale_pct=100 age_ratio=7
[430909.506711] NVMeVirt: Fixed CAT init ns=0 part=2 arm=37 k=7 scale_pct=100 age_ratio=7
[430909.506714] NVMeVirt: Fixed CAT init ns=0 part=3 arm=37 k=7 scale_pct=100 age_ratio=7
[430909.506716] NVMeVirt: Measurement: command=start epoch=1 host_bytes=0 learner_active=1
[430909.516949] mix-mixV-fixed37-3205035 phase=A START
[430909.529222] mix-mixV-fixed37-3205035 phase=A LOAD
[430928.293307] mix-mixV-fixed37-3205035 phase=A RUN
[430932.568205] tee (3205367): drop_caches: 3
[430936.707459] tee (3205372): drop_caches: 3
[430940.839185] tee (3205377): drop_caches: 3
[430944.961314] tee (3205384): drop_caches: 3
[430949.087350] tee (3205389): drop_caches: 3
[430953.205903] tee (3205398): drop_caches: 3
[430957.322306] tee (3205415): drop_caches: 3
[430961.529922] tee (3205422): drop_caches: 3
[430965.668964] tee (3205427): drop_caches: 3
[430969.809283] tee (3205432): drop_caches: 3
[430973.943815] tee (3205439): drop_caches: 3
[430978.071818] tee (3205445): drop_caches: 3
[430982.203970] tee (3205452): drop_caches: 3
[430986.314956] tee (3205468): drop_caches: 3
[430990.505676] tee (3205473): drop_caches: 3
[430994.709779] tee (3205480): drop_caches: 3
[430998.845740] tee (3205485): drop_caches: 3
[431002.979819] tee (3205493): drop_caches: 3
[431007.118332] tee (3205498): drop_caches: 3
[431011.260919] tee (3205505): drop_caches: 3
[431015.390471] tee (3205512): drop_caches: 3
[431019.503992] tee (3205529): drop_caches: 3
[431023.744295] tee (3205538): drop_caches: 3
[431027.879617] tee (3205543): drop_caches: 3
[431032.011260] tee (3205550): drop_caches: 3
[431036.147890] tee (3205555): drop_caches: 3
[431040.285433] tee (3205561): drop_caches: 3
[431044.413555] tee (3205569): drop_caches: 3
[431048.524285] tee (3205585): drop_caches: 3
[431052.646695] tee (3205592): drop_caches: 3
[431056.851860] tee (3205597): drop_caches: 3
[431060.988390] tee (3205603): drop_caches: 3
[431065.115925] tee (3205610): drop_caches: 3
[431069.249363] tee (3205615): drop_caches: 3
[431073.371796] tee (3205624): drop_caches: 3
[431077.484009] tee (3205641): drop_caches: 3
[431081.597746] tee (3205648): drop_caches: 3
[431085.851749] tee (3205653): drop_caches: 3
[431089.991623] tee (3205658): drop_caches: 3
[431094.122596] tee (3205665): drop_caches: 3
[431098.260569] tee (3205670): drop_caches: 3
[431102.394315] tee (3205678): drop_caches: 3
[431106.514001] tee (3205694): drop_caches: 3
[431110.646376] tee (3205699): drop_caches: 3
[431114.759482] tee (3205706): drop_caches: 3
[431118.967379] tee (3205711): drop_caches: 3
[431123.109932] tee (3205718): drop_caches: 3
[431127.253267] tee (3205723): drop_caches: 3
[431131.391679] tee (3205728): drop_caches: 3
[431135.515944] tee (3205737): drop_caches: 3
[431139.630276] tee (3205754): drop_caches: 3
[431143.745243] tee (3205761): drop_caches: 3
[431148.004471] tee (3205766): drop_caches: 3
[431152.141710] tee (3205773): drop_caches: 3
[431156.270105] tee (3205780): drop_caches: 3
[431160.405154] tee (3205786): drop_caches: 3
[431164.536055] tee (3205793): drop_caches: 3
[431168.651013] tee (3205809): drop_caches: 3
[431172.772377] tee (3205816): drop_caches: 3
[431176.891904] tee (3205821): drop_caches: 3
[431181.109733] tee (3205826): drop_caches: 3
[431185.243452] tee (3205833): drop_caches: 3
[431189.370466] tee (3205841): drop_caches: 3
[431193.498678] tee (3205850): drop_caches: 3
[431197.617309] tee (3205867): drop_caches: 3
[431201.735839] tee (3205874): drop_caches: 3
[431205.858475] tee (3205879): drop_caches: 3
[431210.133618] tee (3205884): drop_caches: 3
[431214.261140] tee (3205891): drop_caches: 3
[431218.393304] tee (3205896): drop_caches: 3
[431222.532414] tee (3205904): drop_caches: 3
[431226.661648] tee (3205920): drop_caches: 3
[431230.793876] tee (3205925): drop_caches: 3
[431234.916569] tee (3205932): drop_caches: 3
[431239.036275] tee (3205937): drop_caches: 3
[431243.262808] tee (3205944): drop_caches: 3
[431247.404710] tee (3205949): drop_caches: 3
[431251.546265] tee (3205954): drop_caches: 3
[431255.682675] tee (3205963): drop_caches: 3
[431259.797308] tee (3205980): drop_caches: 3
[431263.911682] tee (3205987): drop_caches: 3
[431268.028934] tee (3205992): drop_caches: 3
[431272.313997] tee (3205999): drop_caches: 3
[431276.447623] tee (3206004): drop_caches: 3
[431280.583350] tee (3206009): drop_caches: 3
[431284.720070] tee (3206017): drop_caches: 3
[431288.847260] tee (3206033): drop_caches: 3
[431292.974893] tee (3206040): drop_caches: 3
[431297.109883] tee (3206045): drop_caches: 3
[431301.236456] tee (3206050): drop_caches: 3
[431305.501774] tee (3206057): drop_caches: 3
[431309.645463] tee (3206062): drop_caches: 3
[431313.787561] tee (3206071): drop_caches: 3
[431317.918193] tee (3206093): drop_caches: 3
[431322.045638] tee (3206102): drop_caches: 3
[431326.174141] tee (3206107): drop_caches: 3
[431330.301425] tee (3206112): drop_caches: 3
[431334.599331] tee (3206120): drop_caches: 3
[431338.727682] tee (3206125): drop_caches: 3
[431342.853210] tee (3206132): drop_caches: 3
[431346.975564] tee (3206148): drop_caches: 3
[431351.121342] tee (3206153): drop_caches: 3
[431355.261748] tee (3206160): drop_caches: 3
[431359.410553] tee (3206165): drop_caches: 3
[431363.544428] tee (3206172): drop_caches: 3
[431367.791739] tee (3206177): drop_caches: 3
[431371.929959] tee (3206184): drop_caches: 3
[431376.068884] tee (3206191): drop_caches: 3
[431380.196503] tee (3206208): drop_caches: 3
[431384.335973] tee (3206215): drop_caches: 3
[431388.458362] tee (3206220): drop_caches: 3
[431392.573739] tee (3206227): drop_caches: 3
[431396.886462] tee (3206233): drop_caches: 3
[431401.011162] tee (3206238): drop_caches: 3
[431405.146074] tee (3206246): drop_caches: 3
[431409.319230] tee (3206262): drop_caches: 3
[431413.459159] tee (3206269): drop_caches: 3
[431417.598641] tee (3206274): drop_caches: 3
[431421.743020] tee (3206279): drop_caches: 3
[431425.870609] tee (3206286): drop_caches: 3
[431430.107001] tee (3206291): drop_caches: 3
[431434.246467] tee (3206300): drop_caches: 3
[431438.376966] tee (3206317): drop_caches: 3
[431442.507013] tee (3206324): drop_caches: 3
[431446.635293] tee (3206329): drop_caches: 3
[431450.769708] tee (3206334): drop_caches: 3
[431454.884801] tee (3206341): drop_caches: 3
[431459.163176] tee (3206346): drop_caches: 3
[431463.339953] tee (3206354): drop_caches: 3
[431467.466704] tee (3206370): drop_caches: 3
[431471.601365] tee (3206375): drop_caches: 3
[431475.742679] tee (3206382): drop_caches: 3
[431479.879051] tee (3206387): drop_caches: 3
[431484.003670] tee (3206394): drop_caches: 3
[431488.131310] tee (3206399): drop_caches: 3
[431492.358561] tee (3206406): drop_caches: 3
[431496.489741] tee (3206424): drop_caches: 3
[431500.610763] tee (3206433): drop_caches: 3
[431504.744218] tee (3206440): drop_caches: 3
[431508.874534] tee (3206445): drop_caches: 3
[431512.996225] tee (3206457): drop_caches: 3
[431517.123597] tee (3206462): drop_caches: 3
[431521.247872] tee (3206467): drop_caches: 3
[431525.458785] tee (3206477): drop_caches: 3
[431529.589197] tee (3206493): drop_caches: 3
[431533.725056] tee (3206500): drop_caches: 3
[431537.860818] tee (3206505): drop_caches: 3
[431541.985365] tee (3206510): drop_caches: 3
[431546.106133] tee (3206517): drop_caches: 3
[431550.236748] tee (3206522): drop_caches: 3
[431554.483215] tee (3206531): drop_caches: 3
[431558.611843] tee (3206548): drop_caches: 3
[431562.746806] tee (3206555): drop_caches: 3
[431566.896642] tee (3206560): drop_caches: 3
[431571.026144] tee (3206565): drop_caches: 3
[431575.158730] tee (3206572): drop_caches: 3
[431579.285597] tee (3206577): drop_caches: 3
[431583.409314] tee (3206584): drop_caches: 3
[431587.608430] tee (3206602): drop_caches: 3
[431591.753226] tee (3206607): drop_caches: 3
[431595.887258] tee (3206614): drop_caches: 3
[431600.016752] tee (3206619): drop_caches: 3
[431604.152803] tee (3206627): drop_caches: 3
[431608.287563] tee (3206632): drop_caches: 3
[431612.402726] tee (3206639): drop_caches: 3
[431616.654264] tee (3206660): drop_caches: 3
[431620.790275] tee (3206671): drop_caches: 3
[431624.924320] tee (3206678): drop_caches: 3
[431629.059614] tee (3206683): drop_caches: 3
[431633.195092] tee (3206690): drop_caches: 3
[431637.331554] tee (3206695): drop_caches: 3
[431641.461177] tee (3206700): drop_caches: 3
[431645.583336] tee (3206708): drop_caches: 3
[431649.792885] tee (3206724): drop_caches: 3
[431653.957204] tee (3206731): drop_caches: 3
[431658.099278] tee (3206736): drop_caches: 3
[431662.234353] tee (3206741): drop_caches: 3
[431666.358179] tee (3206748): drop_caches: 3
[431670.485815] tee (3206753): drop_caches: 3
[431674.608917] tee (3206762): drop_caches: 3
[431678.860464] tee (3206779): drop_caches: 3
[431682.987773] tee (3206786): drop_caches: 3
[431687.152795] tee (3206791): drop_caches: 3
[431691.296463] tee (3206796): drop_caches: 3
[431695.433367] tee (3206803): drop_caches: 3
[431699.568404] tee (3206808): drop_caches: 3
[431703.707757] tee (3206815): drop_caches: 3
[431707.821684] tee (3206832): drop_caches: 3
[431712.032623] tee (3206837): drop_caches: 3
[431716.215710] tee (3206844): drop_caches: 3
[431720.359623] tee (3206849): drop_caches: 3
[431724.499664] tee (3206856): drop_caches: 3
[431728.628025] tee (3206861): drop_caches: 3
[431732.750756] tee (3206868): drop_caches: 3
[431736.868568] tee (3206883): drop_caches: 3
[431741.143301] tee (3206892): drop_caches: 3
[431745.275447] tee (3206899): drop_caches: 3
[431749.412521] tee (3206904): drop_caches: 3
[431753.554493] tee (3206911): drop_caches: 3
[431757.694170] tee (3206916): drop_caches: 3
[431761.830755] tee (3206921): drop_caches: 3
[431765.958662] tee (3206929): drop_caches: 3
[431770.073506] tee (3206945): drop_caches: 3
[431774.296554] tee (3206952): drop_caches: 3
[431778.437837] tee (3206957): drop_caches: 3
[431782.575612] tee (3206962): drop_caches: 3
[431786.703317] tee (3206969): drop_caches: 3
[431790.821356] tee (3206977): drop_caches: 3
[431794.941507] tee (3206986): drop_caches: 3
[431799.093640] tee (3207003): drop_caches: 3
[431803.365609] tee (3207010): drop_caches: 3
[431807.522931] tee (3207015): drop_caches: 3
[431811.660441] tee (3207020): drop_caches: 3
[431815.795383] tee (3207027): drop_caches: 3
[431819.932605] tee (3207032): drop_caches: 3
[431824.071132] tee (3207039): drop_caches: 3
[431828.195657] tee (3207056): drop_caches: 3
[431832.326836] tee (3207061): drop_caches: 3
[431836.560403] tee (3207068): drop_caches: 3
[431840.711540] tee (3207073): drop_caches: 3
[431844.847439] tee (3207080): drop_caches: 3
[431848.982167] tee (3207085): drop_caches: 3
[431853.112980] tee (3207092): drop_caches: 3
[431857.226303] tee (3207111): drop_caches: 3
[431861.353169] tee (3207116): drop_caches: 3
[431865.575040] tee (3207123): drop_caches: 3
[431869.771338] tee (3207128): drop_caches: 3
[431873.904980] tee (3207136): drop_caches: 3
[431878.045597] tee (3207141): drop_caches: 3
[431882.185323] tee (3207146): drop_caches: 3
[431886.319223] tee (3207153): drop_caches: 3
[431890.442912] tee (3207170): drop_caches: 3
[431894.571171] tee (3207177): drop_caches: 3
[431898.825122] tee (3207182): drop_caches: 3
[431902.957259] tee (3207189): drop_caches: 3
[431907.093511] tee (3207194): drop_caches: 3
[431911.224520] tee (3207199): drop_caches: 3
[431915.359203] tee (3207213): drop_caches: 3
[431919.481483] tee (3207230): drop_caches: 3
[431923.606334] tee (3207239): drop_caches: 3
[431927.724736] tee (3207244): drop_caches: 3
[431931.939142] tee (3207249): drop_caches: 3
[431936.074639] tee (3207256): drop_caches: 3
[431940.212936] tee (3207261): drop_caches: 3
[431944.346291] tee (3207268): drop_caches: 3
[431948.467105] tee (3207285): drop_caches: 3
[431952.594494] tee (3207290): drop_caches: 3
[431956.707808] tee (3207297): drop_caches: 3
[431960.960226] tee (3207302): drop_caches: 3
[431965.091687] tee (3207309): drop_caches: 3
[431969.232323] tee (3207314): drop_caches: 3
[431973.387500] tee (3207323): drop_caches: 3
[431977.512930] tee (3207340): drop_caches: 3
[431981.663467] tee (3207345): drop_caches: 3
[431985.790591] tee (3207352): drop_caches: 3
[431989.938522] tee (3207357): drop_caches: 3
[431994.149017] tee (3207364): drop_caches: 3
[431998.288867] tee (3207375): drop_caches: 3
[432002.430415] tee (3207380): drop_caches: 3
[432006.569926] tee (3207387): drop_caches: 3
[432010.688163] tee (3207406): drop_caches: 3
[432014.805550] tee (3207413): drop_caches: 3
[432018.922730] tee (3207418): drop_caches: 3
[432023.180172] tee (3207423): drop_caches: 3
[432027.312263] tee (3207430): drop_caches: 3
[432031.445688] tee (3207435): drop_caches: 3
[432035.583369] tee (3207444): drop_caches: 3
[432039.707126] tee (3207461): drop_caches: 3
[432043.833346] tee (3207468): drop_caches: 3
[432047.965282] tee (3207473): drop_caches: 3
[432052.090376] tee (3207478): drop_caches: 3
[432056.303907] tee (3207485): drop_caches: 3
[432060.446726] tee (3207490): drop_caches: 3
[432064.586235] tee (3207497): drop_caches: 3
[432068.704331] tee (3207513): drop_caches: 3
[432072.828284] tee (3207519): drop_caches: 3
[432076.945339] tee (3207526): drop_caches: 3
[432081.062450] tee (3207531): drop_caches: 3
[432085.321739] tee (3207538): drop_caches: 3
[432089.457519] tee (3207543): drop_caches: 3
[432093.591485] tee (3207552): drop_caches: 3
[432097.724409] tee (3207569): drop_caches: 3
[432101.870382] tee (3207574): drop_caches: 3
[432106.005327] tee (3207581): drop_caches: 3
[432110.135448] tee (3207586): drop_caches: 3
[432114.266259] tee (3207594): drop_caches: 3
[432118.487733] tee (3207601): drop_caches: 3
[432122.628672] tee (3207606): drop_caches: 3
[432126.764355] tee (3207621): drop_caches: 3
[432130.883888] tee (3207630): drop_caches: 3
[432135.015116] tee (3207637): drop_caches: 3
[432139.137066] tee (3207642): drop_caches: 3
[432143.263267] tee (3207647): drop_caches: 3
[432147.535538] tee (3207655): drop_caches: 3
[432151.669262] tee (3207660): drop_caches: 3
[432155.804555] tee (3207668): drop_caches: 3
[432159.931676] tee (3207685): drop_caches: 3
[432164.071627] tee (3207692): drop_caches: 3
[432168.207562] tee (3207697): drop_caches: 3
[432172.340934] tee (3207702): drop_caches: 3
[432176.467900] tee (3207709): drop_caches: 3
[432180.708062] tee (3207714): drop_caches: 3
[432184.842306] tee (3207721): drop_caches: 3
[432188.962419] tee (3207737): drop_caches: 3
[432193.098716] tee (3207743): drop_caches: 3
[432197.230711] tee (3207750): drop_caches: 3
[432201.352434] tee (3207755): drop_caches: 3
[432205.474774] tee (3207762): drop_caches: 3
[432209.759988] tee (3207767): drop_caches: 3
[432213.891105] tee (3207776): drop_caches: 3
[432218.020757] tee (3207799): drop_caches: 3
[432222.164457] tee (3207806): drop_caches: 3
[432226.301838] tee (3207813): drop_caches: 3
[432230.442970] tee (3207818): drop_caches: 3
[432234.567167] tee (3207825): drop_caches: 3
[432238.694762] tee (3207830): drop_caches: 3
[432242.936138] tee (3207835): drop_caches: 3
[432247.069940] tee (3207850): drop_caches: 3
[432251.198439] tee (3207859): drop_caches: 3
[432255.333597] tee (3207866): drop_caches: 3
[432259.467489] tee (3207871): drop_caches: 3
[432263.597098] tee (3207876): drop_caches: 3
[432267.722651] tee (3207883): drop_caches: 3
[432272.012691] tee (3207888): drop_caches: 3
[432276.134746] tee (3207897): drop_caches: 3
[432280.249663] tee (3207914): drop_caches: 3
[432284.390975] tee (3207921): drop_caches: 3
[432288.526998] tee (3207926): drop_caches: 3
[432292.670716] tee (3207931): drop_caches: 3
[432296.795803] tee (3207938): drop_caches: 3
[432300.920695] tee (3207943): drop_caches: 3
[432305.147572] tee (3207950): drop_caches: 3
[432309.276966] tee (3207966): drop_caches: 3
[432313.419700] tee (3207972): drop_caches: 3
[432317.558808] tee (3207979): drop_caches: 3
[432321.700132] tee (3207984): drop_caches: 3
[432325.829111] tee (3207991): drop_caches: 3
[432329.958110] tee (3207996): drop_caches: 3
[432334.279231] tee (3208005): drop_caches: 3
[432338.401110] tee (3208025): drop_caches: 3
[432342.540304] tee (3208030): drop_caches: 3
[432346.677293] tee (3208037): drop_caches: 3
[432350.812137] tee (3208042): drop_caches: 3
[432354.947514] tee (3208049): drop_caches: 3
[432359.077897] tee (3208054): drop_caches: 3
[432363.200898] tee (3208059): drop_caches: 3
[432367.453221] tee (3208075): drop_caches: 3
[432371.575309] tee (3208083): drop_caches: 3
[432375.711286] tee (3208091): drop_caches: 3
[432379.848205] tee (3208096): drop_caches: 3
[432383.976873] tee (3208103): drop_caches: 3
[432388.110607] tee (3208108): drop_caches: 3
[432392.235156] tee (3208116): drop_caches: 3
[432396.402447] tee (3208125): drop_caches: 3
[432400.605341] tee (3208142): drop_caches: 3
[432404.741195] tee (3208149): drop_caches: 3
[432408.879702] tee (3208154): drop_caches: 3
[432413.013109] tee (3208159): drop_caches: 3
[432417.137216] tee (3208167): drop_caches: 3
[432421.256889] tee (3208172): drop_caches: 3
[432425.415359] tee (3208184): drop_caches: 3
[432429.669240] tee (3208200): drop_caches: 3
[432433.812963] tee (3208208): drop_caches: 3
[432437.942896] tee (3208215): drop_caches: 3
[432442.078212] tee (3208221): drop_caches: 3
[432446.235892] tee (3208228): drop_caches: 3
[432450.371551] tee (3208233): drop_caches: 3
[432454.502791] tee (3208242): drop_caches: 3
[432458.616860] tee (3208259): drop_caches: 3
[432462.828504] tee (3208264): drop_caches: 3
[432466.965652] tee (3208271): drop_caches: 3
[432471.094821] tee (3208276): drop_caches: 3
[432475.222988] tee (3208283): drop_caches: 3
[432479.355475] tee (3208288): drop_caches: 3
[432483.484915] tee (3208293): drop_caches: 3
[432487.601785] tee (3208308): drop_caches: 3
[432491.858672] tee (3208316): drop_caches: 3
[432495.986781] tee (3208324): drop_caches: 3
[432500.126582] tee (3208329): drop_caches: 3
[432504.259966] tee (3208336): drop_caches: 3
[432508.398021] tee (3208341): drop_caches: 3
[432512.532510] tee (3208346): drop_caches: 3
[432516.660426] tee (3208360): drop_caches: 3
[432520.766912] tee (3208379): drop_caches: 3
[432524.981684] tee (3208386): drop_caches: 3
[432529.116491] tee (3208391): drop_caches: 3
[432533.250287] tee (3208396): drop_caches: 3
[432537.377022] tee (3208403): drop_caches: 3
[432541.508928] tee (3208408): drop_caches: 3
[432545.640115] tee (3208415): drop_caches: 3
[432549.748554] tee (3208431): drop_caches: 3
[432554.045136] tee (3208436): drop_caches: 3
[432558.180204] tee (3208444): drop_caches: 3
[432562.328991] tee (3208449): drop_caches: 3
[432566.478251] tee (3208456): drop_caches: 3
[432570.622121] tee (3208461): drop_caches: 3
[432574.794061] tee (3208470): drop_caches: 3
[432578.921433] tee (3208487): drop_caches: 3
[432583.050210] tee (3208492): drop_caches: 3
[432587.272726] tee (3208499): drop_caches: 3
[432591.407260] tee (3208504): drop_caches: 3
[432595.551092] tee (3208512): drop_caches: 3
[432599.692364] tee (3208517): drop_caches: 3
[432603.824046] tee (3208522): drop_caches: 3
[432607.947064] tee (3208537): drop_caches: 3
[432612.068082] tee (3208545): drop_caches: 3
[432616.345522] tee (3208553): drop_caches: 3
[432620.478814] tee (3208558): drop_caches: 3
[432624.606030] tee (3208565): drop_caches: 3
[432628.741809] tee (3208570): drop_caches: 3
[432632.879389] tee (3208575): drop_caches: 3
[432637.017615] tee (3208593): drop_caches: 3
[432641.139389] tee (3208601): drop_caches: 3
[432645.272570] tee (3208608): drop_caches: 3
[432649.503405] tee (3208613): drop_caches: 3
[432653.651719] tee (3208618): drop_caches: 3
[432657.792461] tee (3208625): drop_caches: 3
[432661.932927] tee (3208630): drop_caches: 3
[432666.064891] tee (3208637): drop_caches: 3
[432670.185125] tee (3208653): drop_caches: 3
[432674.310146] tee (3208658): drop_caches: 3
[432678.607028] tee (3208666): drop_caches: 3
[432682.729113] tee (3208671): drop_caches: 3
[432686.864614] tee (3208678): drop_caches: 3
[432690.999069] tee (3208683): drop_caches: 3
[432695.156921] tee (3208691): drop_caches: 3
[432699.284589] tee (3208708): drop_caches: 3
[432703.410193] tee (3208713): drop_caches: 3
[432707.531918] tee (3208720): drop_caches: 3
[432711.756443] tee (3208725): drop_caches: 3
[432715.892750] tee (3208735): drop_caches: 3
[432720.033099] tee (3208740): drop_caches: 3
[432724.177694] tee (3208745): drop_caches: 3
[432728.299068] tee (3208763): drop_caches: 3
[432732.430240] tee (3208768): drop_caches: 3
[432736.554875] tee (3208775): drop_caches: 3
[432740.879304] tee (3208781): drop_caches: 3
[432745.003912] tee (3208788): drop_caches: 3
[432749.137698] tee (3208793): drop_caches: 3
[432753.283292] tee (3208798): drop_caches: 3
[432757.421381] tee (3208816): drop_caches: 3
[432761.543321] tee (3208824): drop_caches: 3
[432765.674668] tee (3208831): drop_caches: 3
[432769.802498] tee (3208836): drop_caches: 3
[432774.045796] tee (3208841): drop_caches: 3
[432778.197665] tee (3208848): drop_caches: 3
[432782.346821] tee (3208853): drop_caches: 3
[432786.490864] tee (3208860): drop_caches: 3
[432790.615184] tee (3208876): drop_caches: 3
[432794.740164] tee (3208883): drop_caches: 3
[432798.860648] tee (3208889): drop_caches: 3
[432803.125047] tee (3208894): drop_caches: 3
[432807.317590] tee (3208901): drop_caches: 3
[432811.466002] tee (3208906): drop_caches: 3
[432815.599749] tee (3208921): drop_caches: 3
[432819.756870] tee (3208938): drop_caches: 3
[432823.887928] tee (3208945): drop_caches: 3
[432828.012593] tee (3208952): drop_caches: 3
[432832.141629] tee (3208957): drop_caches: 3
[432836.374425] tee (3208964): drop_caches: 3
[432840.516451] tee (3208969): drop_caches: 3
[432844.662806] tee (3208974): drop_caches: 3
[432848.790831] tee (3208992): drop_caches: 3
[432852.922234] tee (3208997): drop_caches: 3
[432857.058668] tee (3209004): drop_caches: 3
[432861.186212] tee (3209010): drop_caches: 3
[432865.382210] tee (3209017): drop_caches: 3
[432869.597761] tee (3209022): drop_caches: 3
[432873.732357] tee (3209029): drop_caches: 3
[432877.865805] tee (3209045): drop_caches: 3
[432881.996583] tee (3209053): drop_caches: 3
[432886.129416] tee (3209060): drop_caches: 3
[432890.257350] tee (3209065): drop_caches: 3
[432894.375965] tee (3209070): drop_caches: 3
[432898.642400] tee (3209077): drop_caches: 3
[432902.781725] tee (3209082): drop_caches: 3
[432906.917695] tee (3209089): drop_caches: 3
[432911.049787] tee (3209105): drop_caches: 3
[432915.187722] tee (3209112): drop_caches: 3
[432919.314824] tee (3209118): drop_caches: 3
[432923.434708] tee (3209124): drop_caches: 3
[432927.558298] tee (3209134): drop_caches: 3
[432931.760819] tee (3209139): drop_caches: 3
[432935.890397] tee (3209148): drop_caches: 3
[432940.014088] tee (3209165): drop_caches: 3
[432944.148513] tee (3209170): drop_caches: 3
[432948.274528] tee (3209177): drop_caches: 3
[432952.400606] tee (3209182): drop_caches: 3
[432956.514118] tee (3209190): drop_caches: 3
[432960.775376] tee (3209195): drop_caches: 3
[432964.910180] tee (3209200): drop_caches: 3
[432969.039543] tee (3209218): drop_caches: 3
[432973.179890] tee (3209223): drop_caches: 3
[432977.315790] tee (3209230): drop_caches: 3
[432981.441195] tee (3209236): drop_caches: 3
[432985.572945] tee (3209243): drop_caches: 3
[432989.689081] tee (3209251): drop_caches: 3
[432993.903679] tee (3209258): drop_caches: 3
[432998.037129] tee (3209274): drop_caches: 3
[433002.158174] tee (3209282): drop_caches: 3
[433006.298945] tee (3209289): drop_caches: 3
[433010.433250] tee (3209294): drop_caches: 3
[433014.561007] tee (3209299): drop_caches: 3
[433018.677541] tee (3209306): drop_caches: 3
[433022.962104] tee (3209311): drop_caches: 3
[433027.092874] tee (3209326): drop_caches: 3
[433031.220220] tee (3209334): drop_caches: 3
[433035.378143] tee (3209341): drop_caches: 3
[433039.516945] tee (3209346): drop_caches: 3
[433043.654905] tee (3209352): drop_caches: 3
[433047.773906] tee (3209359): drop_caches: 3
[433051.894822] tee (3209364): drop_caches: 3
[433056.107824] tee (3209373): drop_caches: 3
[433060.241690] tee (3209390): drop_caches: 3
[433064.382634] tee (3209395): drop_caches: 3
[433068.517159] tee (3209402): drop_caches: 3
[433072.650167] tee (3209407): drop_caches: 3
[433076.768720] tee (3209414): drop_caches: 3
[433080.888128] tee (3209419): drop_caches: 3
[433085.170913] tee (3209424): drop_caches: 3
[433089.291977] tee (3209442): drop_caches: 3
[433093.432240] tee (3209447): drop_caches: 3
[433097.573088] tee (3209454): drop_caches: 3
[433101.713340] tee (3209460): drop_caches: 3
[433105.855011] tee (3209467): drop_caches: 3
[433109.987296] tee (3209472): drop_caches: 3
[433114.106697] tee (3209479): drop_caches: 3
[433118.324552] tee (3209500): drop_caches: 3
[433122.455779] tee (3209510): drop_caches: 3
[433126.598835] tee (3209517): drop_caches: 3
[433130.730206] tee (3209522): drop_caches: 3
[433134.857399] tee (3209527): drop_caches: 3
[433138.976134] tee (3209534): drop_caches: 3
[433143.101384] tee (3209539): drop_caches: 3
[433147.376107] tee (3209562): drop_caches: 3
[433151.494473] tee (3209570): drop_caches: 3
[433155.626134] tee (3209577): drop_caches: 3
[433159.756062] tee (3209582): drop_caches: 3
[433163.884088] tee (3209588): drop_caches: 3
[433168.002834] tee (3209595): drop_caches: 3
[433172.120528] tee (3209600): drop_caches: 3
[433176.232478] tee (3209609): drop_caches: 3
[433180.432322] tee (3209626): drop_caches: 3
[433184.569517] tee (3209631): drop_caches: 3
[433188.697820] tee (3209638): drop_caches: 3
[433192.824665] tee (3209643): drop_caches: 3
[433196.943767] tee (3209651): drop_caches: 3
[433201.064195] tee (3209656): drop_caches: 3
[433205.181638] tee (3209661): drop_caches: 3
[433209.454434] tee (3209679): drop_caches: 3
[433213.579954] tee (3209684): drop_caches: 3
[433217.708956] tee (3209691): drop_caches: 3
[433221.845969] tee (3209696): drop_caches: 3
[433225.974587] tee (3209704): drop_caches: 3
[433230.104067] tee (3209709): drop_caches: 3
[433234.223681] tee (3209715): drop_caches: 3
[433238.344076] tee (3209858): drop_caches: 3
[433242.558709] tee (3209866): drop_caches: 3
[433246.685605] tee (3209873): drop_caches: 3
[433250.816662] tee (3209878): drop_caches: 3
[433254.942279] tee (3209883): drop_caches: 3
[433259.066385] tee (3209890): drop_caches: 3
[433263.188863] tee (3209895): drop_caches: 3
[433267.299133] tee (3209910): drop_caches: 3
[433271.549064] tee (3209918): drop_caches: 3
[433275.713599] tee (3209925): drop_caches: 3
[433279.841567] tee (3209930): drop_caches: 3
[433283.972724] tee (3209936): drop_caches: 3
[433288.100698] tee (3209943): drop_caches: 3
[433292.225238] tee (3209948): drop_caches: 3
[433296.340884] tee (3209957): drop_caches: 3
[433300.450371] tee (3209974): drop_caches: 3
[433304.680423] tee (3209979): drop_caches: 3
[433308.806264] tee (3209986): drop_caches: 3
[433312.937204] tee (3209991): drop_caches: 3
[433317.078173] tee (3210001): drop_caches: 3
[433321.207902] tee (3210006): drop_caches: 3
[433325.334392] tee (3210011): drop_caches: 3
[433329.444893] tee (3210029): drop_caches: 3
[433333.556544] tee (3210034): drop_caches: 3
[433337.748026] tee (3210041): drop_caches: 3
[433341.885766] tee (3210046): drop_caches: 3
[433346.026128] tee (3210054): drop_caches: 3
[433350.146737] tee (3210059): drop_caches: 3
[433354.274340] tee (3210065): drop_caches: 3
[433358.384763] tee (3210081): drop_caches: 3
[433362.494697] tee (3210089): drop_caches: 3
[433366.738075] tee (3210096): drop_caches: 3
[433370.868940] tee (3210101): drop_caches: 3
[433375.000504] tee (3210106): drop_caches: 3
[433379.126716] tee (3210113): drop_caches: 3
[433383.257917] tee (3210118): drop_caches: 3
[433387.373662] tee (3210133): drop_caches: 3
[433391.477646] tee (3210141): drop_caches: 3
[433395.599318] tee (3210146): drop_caches: 3
[433399.800344] tee (3210153): drop_caches: 3
[433403.931883] tee (3210158): drop_caches: 3
[433408.064368] tee (3210166): drop_caches: 3
[433412.194234] tee (3210171): drop_caches: 3
[433416.309526] tee (3210179): drop_caches: 3
[433420.411214] tee (3210198): drop_caches: 3
[433424.547648] tee (3210203): drop_caches: 3
[433428.795639] tee (3210210): drop_caches: 3
[433432.937446] tee (3210215): drop_caches: 3
[433437.071470] tee (3210222): drop_caches: 3
[433441.209054] tee (3210227): drop_caches: 3
[433445.342664] tee (3210232): drop_caches: 3
[433449.459271] tee (3210250): drop_caches: 3
[433453.582791] tee (3210255): drop_caches: 3
[433457.693116] tee (3210262): drop_caches: 3
[433461.900052] tee (3210267): drop_caches: 3
[433466.028870] tee (3210275): drop_caches: 3
[433470.173321] tee (3210280): drop_caches: 3
[433474.303727] tee (3210286): drop_caches: 3
[433478.417855] tee (3210302): drop_caches: 3
[433482.521070] tee (3210310): drop_caches: 3
[433486.630186] tee (3210317): drop_caches: 3
[433490.892351] tee (3210322): drop_caches: 3
[433495.021241] tee (3210327): drop_caches: 3
[433499.152664] tee (3210335): drop_caches: 3
[433503.291197] tee (3210340): drop_caches: 3
[433507.417580] tee (3210355): drop_caches: 3
[433511.537052] tee (3210363): drop_caches: 3
[433515.661531] tee (3210368): drop_caches: 3
[433519.784075] tee (3210376): drop_caches: 3
[433524.004280] tee (3210381): drop_caches: 3
[433528.138983] tee (3210389): drop_caches: 3
[433532.274187] tee (3210394): drop_caches: 3
[433536.408631] tee (3210402): drop_caches: 3
[433540.517014] tee (3210419): drop_caches: 3
[433544.631515] tee (3210424): drop_caches: 3
[433548.751064] tee (3210431): drop_caches: 3
[433553.027734] tee (3210436): drop_caches: 3
[433557.152426] tee (3210443): drop_caches: 3
[433561.286914] tee (3210448): drop_caches: 3
[433565.423310] tee (3210453): drop_caches: 3
[433569.542289] tee (3210471): drop_caches: 3
[433573.678868] tee (3210476): drop_caches: 3
[433577.797616] tee (3210483): drop_caches: 3
[433581.919240] tee (3210488): drop_caches: 3
[433586.144410] tee (3210493): drop_caches: 3
[433590.271332] tee (3210504): drop_caches: 3
[433594.409126] tee (3210510): drop_caches: 3
[433598.532352] tee (3210526): drop_caches: 3
[433602.643497] tee (3210534): drop_caches: 3
[433606.754744] tee (3210545): drop_caches: 3
[433610.913530] tee (3210570): drop_caches: 3
[433615.186616] tee (3210575): drop_caches: 3
[433619.370843] tee (3210582): drop_caches: 3
[433623.512347] tee (3210587): drop_caches: 3
[433627.659708] tee (3210602): drop_caches: 3
[433631.789440] tee (3210610): drop_caches: 3
[433635.919698] tee (3210615): drop_caches: 3
[433640.049005] tee (3210622): drop_caches: 3
[433644.177223] tee (3210627): drop_caches: 3
[433648.418868] tee (3210635): drop_caches: 3
[433652.557308] tee (3210640): drop_caches: 3
[433656.688259] tee (3210648): drop_caches: 3
[433660.810173] tee (3210665): drop_caches: 3
[433664.940692] tee (3210670): drop_caches: 3
[433669.068546] tee (3210677): drop_caches: 3
[433673.193952] tee (3210682): drop_caches: 3
[433677.325896] tee (3210689): drop_caches: 3
[433681.547096] tee (3210694): drop_caches: 3
[433685.689609] tee (3210699): drop_caches: 3
[433689.819699] tee (3210717): drop_caches: 3
[433693.950352] tee (3210722): drop_caches: 3
[433698.077162] tee (3210729): drop_caches: 3
[433702.199153] tee (3210734): drop_caches: 3
[433706.324224] tee (3210739): drop_caches: 3
[433710.564849] tee (3210750): drop_caches: 3
[433714.698731] tee (3210756): drop_caches: 3
[433718.831323] tee (3210772): drop_caches: 3
[433722.955998] tee (3210782): drop_caches: 3
[433727.087837] tee (3210789): drop_caches: 3
[433731.219091] tee (3210794): drop_caches: 3
[433735.344742] tee (3210799): drop_caches: 3
[433739.466782] tee (3210806): drop_caches: 3
[433743.675511] tee (3210811): drop_caches: 3
[433747.809038] tee (3210826): drop_caches: 3
[433751.929989] tee (3210834): drop_caches: 3
[433756.067894] tee (3210839): drop_caches: 3
[433760.193353] tee (3210846): drop_caches: 3
[433764.318070] tee (3210851): drop_caches: 3
[433768.432570] tee (3210859): drop_caches: 3
[433772.691419] tee (3210864): drop_caches: 3
[433776.820455] tee (3210872): drop_caches: 3
[433780.944450] tee (3210889): drop_caches: 3
[433785.080071] tee (3210894): drop_caches: 3
[433789.209504] tee (3210901): drop_caches: 3
[433793.341484] tee (3210906): drop_caches: 3
[433797.474675] tee (3210914): drop_caches: 3
[433801.599688] tee (3210919): drop_caches: 3
[433805.812837] tee (3210924): drop_caches: 3
[433809.938224] tee (3210942): drop_caches: 3
[433814.076948] tee (3210947): drop_caches: 3
[433818.210083] tee (3210954): drop_caches: 3
[433822.341850] tee (3210959): drop_caches: 3
[433826.467141] tee (3210964): drop_caches: 3
[433830.587781] tee (3210972): drop_caches: 3
[433834.846865] tee (3210978): drop_caches: 3
[433838.974497] tee (3210995): drop_caches: 3
[433843.105127] tee (3211003): drop_caches: 3
[433847.244789] tee (3211010): drop_caches: 3
[433851.383904] tee (3211015): drop_caches: 3
[433855.519050] tee (3211020): drop_caches: 3
[433859.644328] tee (3211027): drop_caches: 3
[433863.761113] tee (3211032): drop_caches: 3
[433867.968786] tee (3211047): drop_caches: 3
[433872.102013] tee (3211055): drop_caches: 3
[433876.236028] tee (3211060): drop_caches: 3
[433880.370056] tee (3211067): drop_caches: 3
[433884.501654] tee (3211072): drop_caches: 3
[433888.619176] tee (3211079): drop_caches: 3
[433892.734536] tee (3211085): drop_caches: 3
[433897.027363] tee (3211096): drop_caches: 3
[433901.159728] tee (3211113): drop_caches: 3
[433905.297946] tee (3211118): drop_caches: 3
[433909.436346] tee (3211125): drop_caches: 3
[433913.577659] tee (3211135): drop_caches: 3
[433917.755244] tee (3211142): drop_caches: 3
[433921.889280] tee (3211147): drop_caches: 3
[433926.018212] tee (3211152): drop_caches: 3
[433930.227854] tee (3211170): drop_caches: 3
[433934.369007] tee (3211175): drop_caches: 3
[433938.514950] tee (3211182): drop_caches: 3
[433942.648017] tee (3211187): drop_caches: 3
[433946.772715] tee (3211192): drop_caches: 3
[433950.892125] tee (3211200): drop_caches: 3
[433955.010042] tee (3211206): drop_caches: 3
[433959.301999] tee (3211222): drop_caches: 3
[433963.422082] tee (3211230): drop_caches: 3
[433967.555152] tee (3211237): drop_caches: 3
[433971.694923] tee (3211242): drop_caches: 3
[433975.829912] tee (3211247): drop_caches: 3
[433979.958702] tee (3211254): drop_caches: 3
[433984.091761] tee (3211259): drop_caches: 3
[433988.210847] tee (3211274): drop_caches: 3
[433992.433768] tee (3211282): drop_caches: 3
[433996.576003] tee (3211287): drop_caches: 3
[434000.710963] tee (3211294): drop_caches: 3
[434004.849488] tee (3211299): drop_caches: 3
[434008.973251] tee (3211306): drop_caches: 3
[434013.101426] tee (3211312): drop_caches: 3
[434017.226649] tee (3211327): drop_caches: 3
[434021.516012] tee (3211345): drop_caches: 3
[434025.649684] tee (3211350): drop_caches: 3
[434029.777326] tee (3211357): drop_caches: 3
[434033.919113] tee (3211362): drop_caches: 3
[434038.057182] tee (3211369): drop_caches: 3
[434042.196119] tee (3211375): drop_caches: 3
[434046.330581] tee (3211380): drop_caches: 3
[434050.449265] tee (3211398): drop_caches: 3
[434054.688179] tee (3211403): drop_caches: 3
[434058.826594] tee (3211410): drop_caches: 3
[434062.961922] tee (3211415): drop_caches: 3
[434067.097446] tee (3211422): drop_caches: 3
[434071.222932] tee (3211427): drop_caches: 3
[434075.348278] tee (3211434): drop_caches: 3
[434079.472549] tee (3211450): drop_caches: 3
[434083.793680] tee (3211458): drop_caches: 3
[434087.933075] tee (3211465): drop_caches: 3
[434092.068905] tee (3211470): drop_caches: 3
[434096.209577] tee (3211475): drop_caches: 3
[434100.358860] tee (3211482): drop_caches: 3
[434104.490492] tee (3211487): drop_caches: 3
[434108.621728] tee (3211502): drop_caches: 3
[434112.770521] tee (3211510): drop_caches: 3
[434117.008131] tee (3211515): drop_caches: 3
[434121.145043] tee (3211522): drop_caches: 3
[434125.297527] tee (3211527): drop_caches: 3
[434129.436724] tee (3211534): drop_caches: 3
[434133.601290] tee (3211541): drop_caches: 3
[434137.730041] tee (3211557): drop_caches: 3
[434141.839258] tee (3211565): drop_caches: 3
[434146.090028] tee (3211570): drop_caches: 3
[434150.289113] tee (3211577): drop_caches: 3
[434154.423602] tee (3211582): drop_caches: 3
[434158.557986] tee (3211589): drop_caches: 3
[434162.693534] tee (3211594): drop_caches: 3
[434166.824552] tee (3211599): drop_caches: 3
[434170.941276] tee (3211617): drop_caches: 3
[434175.062364] tee (3211622): drop_caches: 3
[434179.299915] tee (3211629): drop_caches: 3
[434183.438844] tee (3211634): drop_caches: 3
[434187.581797] tee (3211641): drop_caches: 3
[434191.706136] tee (3211649): drop_caches: 3
[434195.838608] tee (3211656): drop_caches: 3
[434199.961445] tee (3211672): drop_caches: 3
[434204.076147] tee (3211680): drop_caches: 3
[434208.197688] tee (3211687): drop_caches: 3
[434212.409825] tee (3211693): drop_caches: 3
[434216.551230] tee (3211698): drop_caches: 3
[434220.685936] tee (3211705): drop_caches: 3
[434224.816202] tee (3211710): drop_caches: 3
[434228.934670] tee (3211725): drop_caches: 3
[434233.042923] tee (3211733): drop_caches: 3
[434237.166785] tee (3211738): drop_caches: 3
[434241.408783] tee (3211745): drop_caches: 3
[434245.548955] tee (3211750): drop_caches: 3
[434249.695874] tee (3211757): drop_caches: 3
[434253.836840] tee (3211764): drop_caches: 3
[434257.969912] tee (3211780): drop_caches: 3
[434262.093222] tee (3211788): drop_caches: 3
[434266.218897] tee (3211793): drop_caches: 3
[434270.335396] tee (3211800): drop_caches: 3
[434274.541615] tee (3211805): drop_caches: 3
[434278.681637] tee (3211812): drop_caches: 3
[434282.815256] tee (3211817): drop_caches: 3
[434286.960544] tee (3211822): drop_caches: 3
[434291.074077] tee (3211840): drop_caches: 3
[434295.199315] tee (3211845): drop_caches: 3
[434299.320244] tee (3211852): drop_caches: 3
[434303.575760] tee (3211857): drop_caches: 3
[434307.715426] tee (3211864): drop_caches: 3
[434311.857750] tee (3211870): drop_caches: 3
[434315.992259] tee (3211881): drop_caches: 3
[434320.128139] tee (3211899): drop_caches: 3
[434324.246552] tee (3211907): drop_caches: 3
[434328.372484] tee (3211914): drop_caches: 3
[434332.500349] tee (3211919): drop_caches: 3
[434336.713372] tee (3211924): drop_caches: 3
[434340.852963] tee (3211931): drop_caches: 3
[434344.991043] tee (3211936): drop_caches: 3
[434349.127225] tee (3211951): drop_caches: 3
[434353.283491] tee (3211959): drop_caches: 3
[434357.409618] tee (3211964): drop_caches: 3
[434361.528854] tee (3211971): drop_caches: 3
[434365.790862] tee (3211976): drop_caches: 3
[434369.924735] tee (3211983): drop_caches: 3
[434374.067532] tee (3211990): drop_caches: 3
[434378.209145] tee (3212006): drop_caches: 3
[434382.335855] tee (3212014): drop_caches: 3
[434386.480551] tee (3212019): drop_caches: 3
[434390.609780] tee (3212026): drop_caches: 3
[434394.727581] tee (3212031): drop_caches: 3
[434398.946035] tee (3212039): drop_caches: 3
[434403.082481] tee (3212044): drop_caches: 3
[434407.216183] tee (3212049): drop_caches: 3
[434411.354733] tee (3212067): drop_caches: 3
[434415.486062] tee (3212072): drop_caches: 3
[434419.610726] tee (3212079): drop_caches: 3
[434423.727096] tee (3212084): drop_caches: 3
[434427.991370] tee (3212091): drop_caches: 3
[434432.126718] tee (3212096): drop_caches: 3
[434436.268383] tee (3212103): drop_caches: 3
[434440.422737] tee (3212120): drop_caches: 3
[434444.562204] tee (3212127): drop_caches: 3
[434448.691603] tee (3212134): drop_caches: 3
[434452.815991] tee (3212139): drop_caches: 3
[434456.938265] tee (3212144): drop_caches: 3
[434461.155819] tee (3212151): drop_caches: 3
[434465.297291] tee (3212156): drop_caches: 3
[434469.434057] tee (3212171): drop_caches: 3
[434473.559578] tee (3212179): drop_caches: 3
[434477.695440] tee (3212184): drop_caches: 3
[434481.816232] tee (3212191): drop_caches: 3
[434485.943198] tee (3212196): drop_caches: 3
[434490.218579] tee (3212205): drop_caches: 3
[434494.360194] tee (3212212): drop_caches: 3
[434498.498881] tee (3212228): drop_caches: 3
[434502.635878] tee (3212236): drop_caches: 3
[434506.763249] tee (3212244): drop_caches: 3
[434510.893793] tee (3212251): drop_caches: 3
[434515.024278] tee (3212256): drop_caches: 3
[434519.148123] tee (3212263): drop_caches: 3
[434523.377658] tee (3212268): drop_caches: 3
[434527.525153] tee (3212273): drop_caches: 3
[434531.650789] tee (3212291): drop_caches: 3
[434535.782787] tee (3212296): drop_caches: 3
[434539.908934] tee (3212303): drop_caches: 3
[434544.040368] tee (3212308): drop_caches: 3
[434548.157149] tee (3212315): drop_caches: 3
[434552.447518] tee (3212323): drop_caches: 3
[434556.573580] tee (3212330): drop_caches: 3
[434560.695410] tee (3212349): drop_caches: 3
[434564.833367] tee (3212354): drop_caches: 3
[434568.963158] tee (3212361): drop_caches: 3
[434573.096295] tee (3212366): drop_caches: 3
[434577.227238] tee (3212371): drop_caches: 3
[434581.348839] tee (3212379): drop_caches: 3
[434585.582367] tee (3212384): drop_caches: 3
[434589.744681] tee (3212399): drop_caches: 3
[434593.873711] tee (3212407): drop_caches: 3
[434598.003926] tee (3212414): drop_caches: 3
[434602.143019] tee (3212419): drop_caches: 3
[434606.277318] tee (3212424): drop_caches: 3
[434610.404794] tee (3212431): drop_caches: 3
[434614.675266] tee (3212438): drop_caches: 3
[434618.824765] tee (3212460): drop_caches: 3
[434622.951612] tee (3212470): drop_caches: 3
[434627.103517] tee (3212475): drop_caches: 3
[434631.282093] tee (3212482): drop_caches: 3
[434635.421725] tee (3212487): drop_caches: 3
[434639.553154] tee (3212494): drop_caches: 3
[434643.674641] tee (3212499): drop_caches: 3
[434647.903133] tee (3212513): drop_caches: 3
[434652.032406] tee (3212523): drop_caches: 3
[434656.175300] tee (3212528): drop_caches: 3
[434660.312531] tee (3212535): drop_caches: 3
[434664.448465] tee (3212540): drop_caches: 3
[434668.576983] tee (3212547): drop_caches: 3
[434672.701025] tee (3212552): drop_caches: 3
[434676.923397] tee (3212559): drop_caches: 3
[434681.113003] tee (3212578): drop_caches: 3
[434685.248852] tee (3212583): drop_caches: 3
[434689.379852] tee (3212590): drop_caches: 3
[434693.520649] tee (3212595): drop_caches: 3
[434697.656580] tee (3212600): drop_caches: 3
[434701.779244] tee (3212607): drop_caches: 3
[434705.907483] tee (3212612): drop_caches: 3
[434710.140084] tee (3212627): drop_caches: 3
[434714.268167] tee (3212636): drop_caches: 3
[434718.404265] tee (3212643): drop_caches: 3
[434722.539090] tee (3212648): drop_caches: 3
[434726.669393] tee (3212653): drop_caches: 3
[434730.797315] tee (3212660): drop_caches: 3
[434734.941227] tee (3212667): drop_caches: 3
[434739.065462] tee (3212683): drop_caches: 3
[434743.281645] tee (3212692): drop_caches: 3
[434747.417535] tee (3212697): drop_caches: 3
[434751.554083] tee (3212704): drop_caches: 3
[434755.691965] tee (3212709): drop_caches: 3
[434759.823158] tee (3212716): drop_caches: 3
[434763.943667] tee (3212721): drop_caches: 3
[434768.064823] tee (3212734): drop_caches: 3
[434772.312099] tee (3212744): drop_caches: 3
[434776.466138] tee (3212749): drop_caches: 3
[434780.622905] tee (3212756): drop_caches: 3
[434784.761542] tee (3212761): drop_caches: 3
[434788.893922] tee (3212768): drop_caches: 3
[434793.019757] tee (3212776): drop_caches: 3
[434797.139941] tee (3212784): drop_caches: 3
[434801.255600] tee (3212802): drop_caches: 3
[434805.463903] tee (3212807): drop_caches: 3
[434809.600493] tee (3212814): drop_caches: 3
[434813.742720] tee (3212819): drop_caches: 3
[434817.876515] tee (3212824): drop_caches: 3
[434822.004274] tee (3212831): drop_caches: 3
[434826.128202] tee (3212836): drop_caches: 3
[434830.255946] tee (3212851): drop_caches: 3
[434834.504193] tee (3212859): drop_caches: 3
[434838.634671] tee (3212866): drop_caches: 3
[434842.772834] tee (3212871): drop_caches: 3
[434846.909346] tee (3212876): drop_caches: 3
[434851.060945] tee (3212883): drop_caches: 3
[434855.193321] tee (3212891): drop_caches: 3
[434859.322199] tee (3212907): drop_caches: 3
[434863.428328] tee (3212915): drop_caches: 3
[434867.635622] tee (3212920): drop_caches: 3
[434871.769523] tee (3212927): drop_caches: 3
[434875.904944] tee (3212932): drop_caches: 3
[434880.037749] tee (3212939): drop_caches: 3
[434884.161260] tee (3212944): drop_caches: 3
[434888.287226] tee (3212966): drop_caches: 3
[434892.399695] tee (3212976): drop_caches: 3
[434896.669261] tee (3212981): drop_caches: 3
[434900.802084] tee (3212988): drop_caches: 3
[434904.938800] tee (3212993): drop_caches: 3
[434909.077034] tee (3213000): drop_caches: 3
[434913.212638] tee (3213005): drop_caches: 3
[434917.347549] tee (3213018): drop_caches: 3
[434921.467427] tee (3213038): drop_caches: 3
[434925.585589] tee (3213043): drop_caches: 3
[434929.881768] tee (3213050): drop_caches: 3
[434934.063835] tee (3213055): drop_caches: 3
[434938.265059] tee (3213060): drop_caches: 3
[434942.453288] tee (3213067): drop_caches: 3
[434946.740737] tee (3213075): drop_caches: 3
[434946.784381] mix-mixV-fixed37-3205035 phase=A END
[434946.803173] mix-mixV-fixed37-3205035 phase=B START
[435952.228845] mix-mixV-fixed37-3205035 phase=B chunk=1/4 done
[436297.752080] audit: type=1400 audit(1791277210.139:439): apparmor="DENIED" operation="open" class="file" profile="snap.firmware-updater.firmware-notifier" name="/proc/sys/vm/max_map_count" pid=3279488 comm="firmware-notifi" requested_mask="r" denied_mask="r" fsuid=1000 ouid=0
[436957.707385] mix-mixV-fixed37-3205035 phase=B chunk=2/4 done
[437963.354985] mix-mixV-fixed37-3205035 phase=B chunk=3/4 done
[438968.728183] mix-mixV-fixed37-3205035 phase=B chunk=4/4 done
[438968.763696] mix-mixV-fixed37-3205035 phase=B END
[438968.776999] mix-mixV-fixed37-3205035 phase=C START
[441903.407155] NVMeVirt: Measurement: command=stop epoch=1 host_bytes=2394031116288 learner_active=0
[441903.712151] EXT4-fs (nvme1n1): unmounting filesystem e3f83812-b626-4334-9177-88dc659ec6c2.
[441903.846848] pci_bus 0001:10: busn_res: [bus 10-ff] is released
[441903.847256] NVMeVirt: GC stats: ns=0 policy=cat-fig7-fixed host_pages=584480253 gc_pages=789198378 gc_count=21458867 WAF=2.350 warmup_gc=100-per-part
[441904.011263] NVMeVirt: Virtual NVMe device closed
