[881298.225887] mix-mixQ-fixed50-4166412 BEGIN
[881298.237085] NVMeVirt: Version 1.10 for >> Samsung 970 Pro SSD <<
[881298.237091] NVMeVirt: Storage: 0x100100000-0x300000000 (8191 MiB)
[881298.248909] NVMeVirt: Total Capacity(GiB,MiB)=2,2048 chs=2 luns=4 lines=8192 blk-size(MiB,KiB)=0,64 line-size(MiB,KiB)=0,256
[881298.260933] NVMeVirt: [chmodel_init] bandwidth 800 max_credits 26 tx_time 152
[881298.271785] NVMeVirt: [chmodel_init] bandwidth 800 max_credits 26 tx_time 152
[881298.271801] NVMeVirt: [chmodel_init] bandwidth 3360 max_credits 110 tx_time 36
[881298.271803] NVMeVirt: Fixed CAT init ns=0 part=0 arm=50 k=10 scale_pct=50 age_ratio=16
[881298.272815] NVMeVirt: pqueue: Copyright (c) 2014, Volkan Yazıcı <volkan.yazici@gmail.com>. All rights reserved.
[881298.272854] NVMeVirt: Init FTL instance with 2 channels (524288 pages)
[881298.272856] NVMeVirt: GC victim policy: cat-fig7-fixed ns=0 part=0 initial_k=10 initial_scale_pct=50 initial_age_ratio=16 warmup_gc=100
[881298.283649] NVMeVirt: [chmodel_init] bandwidth 800 max_credits 26 tx_time 152
[881298.294468] NVMeVirt: [chmodel_init] bandwidth 800 max_credits 26 tx_time 152
[881298.294484] NVMeVirt: [chmodel_init] bandwidth 3360 max_credits 110 tx_time 36
[881298.294486] NVMeVirt: Fixed CAT init ns=0 part=1 arm=50 k=10 scale_pct=50 age_ratio=16
[881298.295384] NVMeVirt: Init FTL instance with 2 channels (524288 pages)
[881298.295387] NVMeVirt: GC victim policy: cat-fig7-fixed ns=0 part=1 initial_k=10 initial_scale_pct=50 initial_age_ratio=16 warmup_gc=100
[881298.306237] NVMeVirt: [chmodel_init] bandwidth 800 max_credits 26 tx_time 152
[881298.317071] NVMeVirt: [chmodel_init] bandwidth 800 max_credits 26 tx_time 152
[881298.317088] NVMeVirt: [chmodel_init] bandwidth 3360 max_credits 110 tx_time 36
[881298.317091] NVMeVirt: Fixed CAT init ns=0 part=2 arm=50 k=10 scale_pct=50 age_ratio=16
[881298.318163] NVMeVirt: Init FTL instance with 2 channels (524288 pages)
[881298.318166] NVMeVirt: GC victim policy: cat-fig7-fixed ns=0 part=2 initial_k=10 initial_scale_pct=50 initial_age_ratio=16 warmup_gc=100
[881298.329131] NVMeVirt: [chmodel_init] bandwidth 800 max_credits 26 tx_time 152
[881298.340079] NVMeVirt: [chmodel_init] bandwidth 800 max_credits 26 tx_time 152
[881298.340093] NVMeVirt: [chmodel_init] bandwidth 3360 max_credits 110 tx_time 36
[881298.340095] NVMeVirt: Fixed CAT init ns=0 part=3 arm=50 k=10 scale_pct=50 age_ratio=16
[881298.341123] NVMeVirt: Init FTL instance with 2 channels (524288 pages)
[881298.341127] NVMeVirt: GC victim policy: cat-fig7-fixed ns=0 part=3 initial_k=10 initial_scale_pct=50 initial_age_ratio=16 warmup_gc=100
[881298.341134] NVMeVirt: FTL physical space: 8588886016, logical space: 8026996276 (physical/logical * 100 = 107)
[881298.341136] NVMeVirt: ns 0/1: size 7655 MiB
[881298.341188] PCI host bridge to bus 0001:10
[881298.341191] pci_bus 0001:10: root bus resource [io  0x0000-0xffff]
[881298.341194] pci_bus 0001:10: root bus resource [mem 0x00000000-0x7fffffffff]
[881298.341196] pci_bus 0001:10: root bus resource [bus 00-ff]
[881298.341203] pci 0001:10:00.0: [0c51:0110] type 00 class 0x010802 PCIe Endpoint
[881298.341207] pci 0001:10:00.0: BAR 0 [mem 0x100000000-0x100003fff 64bit]
[881298.341209] pci 0001:10:00.0: enabling Extended Tags
[881298.341332] NVMeVirt: Virtual PCI bus created (node 0)
[881298.341624] NVMeVirt: Virtual NVMe device created
[881298.341646] NVMeVirt: nvmev_dispatcher started on cpu 1 (node 0)
[881298.342369] NVMeVirt: nvmev_io_worker_0 started on cpu 2 (node 0)
[881298.342444] nvme nvme0: pci function 0001:10:00.0
[881298.345005] nvme nvme0: 8/0/0 default/read/poll queues
[881298.418419] EXT4-fs (nvme0n1): mounted filesystem 1a40f472-f84f-43b9-9d8a-2c98ebcca1a4 r/w with ordered data mode. Quota mode: none.
[881380.438978] NVMeVirt: Fixed CAT init ns=0 part=0 arm=50 k=10 scale_pct=50 age_ratio=16
[881380.438997] NVMeVirt: Fixed CAT init ns=0 part=1 arm=50 k=10 scale_pct=50 age_ratio=16
[881380.438999] NVMeVirt: Fixed CAT init ns=0 part=2 arm=50 k=10 scale_pct=50 age_ratio=16
[881380.439000] NVMeVirt: Fixed CAT init ns=0 part=3 arm=50 k=10 scale_pct=50 age_ratio=16
[881380.439002] NVMeVirt: Measurement: command=start epoch=1 host_bytes=0 learner_active=1
[881380.446720] mix-mixQ-fixed50-4166412 phase=A START
[881680.754042] mix-mixQ-fixed50-4166412 phase=A END
[881680.762206] mix-mixQ-fixed50-4166412 phase=B START idle=300
[881980.777756] mix-mixQ-fixed50-4166412 phase=B END
[881980.785132] mix-mixQ-fixed50-4166412 phase=C START
[882281.093346] mix-mixQ-fixed50-4166412 phase=C END
[882281.096712] NVMeVirt: Measurement: command=stop epoch=1 host_bytes=98420195328 learner_active=0
[882281.156487] EXT4-fs (nvme0n1): unmounting filesystem 1a40f472-f84f-43b9-9d8a-2c98ebcca1a4.
[882281.222536] pci_bus 0001:10: busn_res: [bus 10-ff] is released
[882281.222598] NVMeVirt: GC stats: ns=0 policy=cat-fig7-fixed host_pages=24028368 gc_pages=18194190 gc_count=659728 WAF=1.757 warmup_gc=100-per-part
[882281.294917] NVMeVirt: Virtual NVMe device closed
