[1750677.572968] mix-mixJ-arm35-2386758 BEGIN
[1750677.743534] NVMeVirt: Version 1.10 for >> Samsung 970 Pro SSD <<
[1750677.743540] NVMeVirt: Storage: 0x100100000-0x300000000 (8191 MiB)
[1750677.754086] NVMeVirt: Total Capacity(GiB,MiB)=2,2048 chs=2 luns=4 lines=8192 blk-size(MiB,KiB)=0,64 line-size(MiB,KiB)=0,256
[1750677.765375] NVMeVirt: [chmodel_init] bandwidth 800 max_credits 26 tx_time 152
[1750677.776579] NVMeVirt: [chmodel_init] bandwidth 800 max_credits 26 tx_time 152
[1750677.776594] NVMeVirt: [chmodel_init] bandwidth 3360 max_credits 110 tx_time 36
[1750677.776596] NVMeVirt: Fixed CAT init ns=0 part=0 arm=35 k=7 scale_pct=50 age_ratio=16
[1750677.777784] NVMeVirt: pqueue: Copyright (c) 2014, Volkan Yazıcı <volkan.yazici@gmail.com>. All rights reserved.
[1750677.777824] NVMeVirt: Init FTL instance with 2 channels (524288 pages)
[1750677.777825] NVMeVirt: GC victim policy: cat-fig7-fixed ns=0 part=0 initial_k=7 initial_scale_pct=50 initial_age_ratio=16 warmup_gc=100
[1750677.788014] NVMeVirt: [chmodel_init] bandwidth 800 max_credits 26 tx_time 152
[1750677.798497] NVMeVirt: [chmodel_init] bandwidth 800 max_credits 26 tx_time 152
[1750677.798511] NVMeVirt: [chmodel_init] bandwidth 3360 max_credits 110 tx_time 36
[1750677.798513] NVMeVirt: Fixed CAT init ns=0 part=1 arm=35 k=7 scale_pct=50 age_ratio=16
[1750677.799948] NVMeVirt: Init FTL instance with 2 channels (524288 pages)
[1750677.799951] NVMeVirt: GC victim policy: cat-fig7-fixed ns=0 part=1 initial_k=7 initial_scale_pct=50 initial_age_ratio=16 warmup_gc=100
[1750677.809872] NVMeVirt: [chmodel_init] bandwidth 800 max_credits 26 tx_time 152
[1750677.820083] NVMeVirt: [chmodel_init] bandwidth 800 max_credits 26 tx_time 152
[1750677.820097] NVMeVirt: [chmodel_init] bandwidth 3360 max_credits 110 tx_time 36
[1750677.820099] NVMeVirt: Fixed CAT init ns=0 part=2 arm=35 k=7 scale_pct=50 age_ratio=16
[1750677.821368] NVMeVirt: Init FTL instance with 2 channels (524288 pages)
[1750677.821371] NVMeVirt: GC victim policy: cat-fig7-fixed ns=0 part=2 initial_k=7 initial_scale_pct=50 initial_age_ratio=16 warmup_gc=100
[1750677.831646] NVMeVirt: [chmodel_init] bandwidth 800 max_credits 26 tx_time 152
[1750677.841792] NVMeVirt: [chmodel_init] bandwidth 800 max_credits 26 tx_time 152
[1750677.841807] NVMeVirt: [chmodel_init] bandwidth 3360 max_credits 110 tx_time 36
[1750677.841809] NVMeVirt: Fixed CAT init ns=0 part=3 arm=35 k=7 scale_pct=50 age_ratio=16
[1750677.843011] NVMeVirt: Init FTL instance with 2 channels (524288 pages)
[1750677.843014] NVMeVirt: GC victim policy: cat-fig7-fixed ns=0 part=3 initial_k=7 initial_scale_pct=50 initial_age_ratio=16 warmup_gc=100
[1750677.843020] NVMeVirt: FTL physical space: 8588886016, logical space: 8026996276 (physical/logical * 100 = 107)
[1750677.843022] NVMeVirt: ns 0/1: size 7655 MiB
[1750677.843073] PCI host bridge to bus 0001:10
[1750677.843075] pci_bus 0001:10: root bus resource [io  0x0000-0xffff]
[1750677.843078] pci_bus 0001:10: root bus resource [mem 0x00000000-0x7fffffffff]
[1750677.843080] pci_bus 0001:10: root bus resource [bus 00-ff]
[1750677.843101] pci 0001:10:00.0: [0c51:0110] type 00 class 0x010802 PCIe Endpoint
[1750677.843105] pci 0001:10:00.0: BAR 0 [mem 0x100000000-0x100003fff 64bit]
[1750677.843108] pci 0001:10:00.0: enabling Extended Tags
[1750677.843231] NVMeVirt: Virtual PCI bus created (node 0)
[1750677.843538] NVMeVirt: nvmev_io_worker_0 started on cpu 2 (node 0)
[1750677.843654] NVMeVirt: Virtual NVMe device created
[1750677.843681] NVMeVirt: nvmev_dispatcher started on cpu 1 (node 0)
[1750677.843814] nvme nvme0: pci function 0001:10:00.0
[1750677.848382] nvme nvme0: 8/0/0 default/read/poll queues
[1750678.256316] EXT4-fs (nvme0n1): mounted filesystem 1272a648-d56f-4353-a5ed-1d7fbd18b58a r/w with ordered data mode. Quota mode: none.
[1750760.626404] NVMeVirt: Fixed CAT init ns=0 part=0 arm=35 k=7 scale_pct=50 age_ratio=16
[1750760.626410] NVMeVirt: Fixed CAT init ns=0 part=1 arm=35 k=7 scale_pct=50 age_ratio=16
[1750760.626412] NVMeVirt: Fixed CAT init ns=0 part=2 arm=35 k=7 scale_pct=50 age_ratio=16
[1750760.626413] NVMeVirt: Fixed CAT init ns=0 part=3 arm=35 k=7 scale_pct=50 age_ratio=16
[1750760.626415] NVMeVirt: Measurement: command=start epoch=1 host_bytes=0 learner_active=1
[1750760.635915] mix-mixJ-arm35-2386758 phase=A START
[1750760.647474] mix-mixJ-arm35-2386758 phase=A LOAD
[1750784.627505] mix-mixJ-arm35-2386758 phase=A RUN
[1750788.835952] tee (2387184): drop_caches: 3
[1750794.243218] tee (2387196): drop_caches: 3
[1750798.808775] tee (2387214): drop_caches: 3
[1750803.916972] tee (2387223): drop_caches: 3
[1750808.986216] tee (2387233): drop_caches: 3
[1750814.148110] tee (2387242): drop_caches: 3
[1750819.393319] tee (2387251): drop_caches: 3
[1750824.514768] tee (2387260): drop_caches: 3
[1750829.517098] tee (2387276): drop_caches: 3
[1750834.931449] tee (2387286): drop_caches: 3
[1750840.418912] tee (2387300): drop_caches: 3
[1750846.129487] tee (2387309): drop_caches: 3
[1750851.373832] tee (2387318): drop_caches: 3
[1750856.485145] tee (2387329): drop_caches: 3
[1750861.047304] tee (2387344): drop_caches: 3
[1750866.178167] tee (2387356): drop_caches: 3
[1750871.245369] tee (2387365): drop_caches: 3
[1750876.352963] tee (2387374): drop_caches: 3
[1750881.526649] tee (2387385): drop_caches: 3
[1750886.684844] tee (2387394): drop_caches: 3
[1750891.936504] tee (2387409): drop_caches: 3
[1750897.172544] tee (2387421): drop_caches: 3
[1750902.395086] tee (2387430): drop_caches: 3
[1750907.590247] tee (2387439): drop_caches: 3
[1750912.815232] tee (2387448): drop_caches: 3
[1750918.145347] tee (2387457): drop_caches: 3
[1750923.277703] tee (2387473): drop_caches: 3
[1750928.506509] tee (2387483): drop_caches: 3
[1750933.696671] tee (2387492): drop_caches: 3
[1750939.202003] tee (2387501): drop_caches: 3
[1750944.406545] tee (2387510): drop_caches: 3
[1750949.836424] tee (2387524): drop_caches: 3
[1750955.251734] tee (2387556): drop_caches: 3
[1750960.951566] tee (2387567): drop_caches: 3
[1750966.197305] tee (2387576): drop_caches: 3
[1750971.359380] tee (2387585): drop_caches: 3
[1750976.992689] tee (2387594): drop_caches: 3
[1750982.188557] tee (2387608): drop_caches: 3
[1750986.839690] tee (2387630): drop_caches: 3
[1750992.148417] tee (2387640): drop_caches: 3
[1750997.348575] tee (2387650): drop_caches: 3
[1751002.478693] tee (2387659): drop_caches: 3
[1751007.650922] tee (2387668): drop_caches: 3
[1751012.771190] tee (2387682): drop_caches: 3
[1751018.218505] tee (2387692): drop_caches: 3
[1751023.409600] tee (2387703): drop_caches: 3
[1751028.627667] tee (2387712): drop_caches: 3
[1751033.828813] tee (2387727): drop_caches: 3
[1751039.016404] tee (2387736): drop_caches: 3
[1751044.716254] tee (2387752): drop_caches: 3
[1751049.669724] tee (2387762): drop_caches: 3
[1751055.324121] tee (2387778): drop_caches: 3
[1751061.120050] tee (2387788): drop_caches: 3
[1751066.486542] tee (2387797): drop_caches: 3
[1751071.933371] tee (2387812): drop_caches: 3
[1751077.233076] tee (2387821): drop_caches: 3
[1751081.694205] tee (2387833): drop_caches: 3
[1751087.032192] tee (2387842): drop_caches: 3
[1751092.192541] tee (2387870): drop_caches: 3
[1751098.386190] tee (2387928): drop_caches: 3
[1751104.546667] tee (2387960): drop_caches: 3
[1751110.162772] tee (2387987): drop_caches: 3
[1751114.906662] tee (2387996): drop_caches: 3
[1751120.428224] tee (2388011): drop_caches: 3
[1751126.232692] tee (2388020): drop_caches: 3
[1751131.463584] tee (2388034): drop_caches: 3
[1751136.738435] tee (2388043): drop_caches: 3
[1751141.961621] tee (2388052): drop_caches: 3
[1751146.759625] tee (2388064): drop_caches: 3
[1751151.971685] tee (2388073): drop_caches: 3
[1751157.207906] tee (2388084): drop_caches: 3
[1751162.368812] tee (2388098): drop_caches: 3
[1751167.614527] tee (2388107): drop_caches: 3
[1751172.801102] tee (2388116): drop_caches: 3
[1751177.376374] tee (2388128): drop_caches: 3
[1751182.594039] tee (2388139): drop_caches: 3
[1751187.926025] tee (2388148): drop_caches: 3
[1751193.033345] tee (2388162): drop_caches: 3
[1751198.115919] tee (2388171): drop_caches: 3
[1751203.241478] tee (2388180): drop_caches: 3
[1751207.660989] tee (2388192): drop_caches: 3
[1751212.998624] tee (2388201): drop_caches: 3
[1751218.304144] tee (2388210): drop_caches: 3
[1751223.436351] tee (2388224): drop_caches: 3
[1751228.643215] tee (2388250): drop_caches: 3
[1751234.111553] tee (2388259): drop_caches: 3
[1751238.754700] tee (2388272): drop_caches: 3
[1751244.147032] tee (2388281): drop_caches: 3
[1751249.302136] tee (2388290): drop_caches: 3
[1751254.441209] tee (2388304): drop_caches: 3
[1751259.502155] tee (2388313): drop_caches: 3
[1751264.616352] tee (2388322): drop_caches: 3
[1751269.055505] tee (2388334): drop_caches: 3
[1751274.120729] tee (2388343): drop_caches: 3
[1751279.243240] tee (2388352): drop_caches: 3
[1751284.516288] tee (2388366): drop_caches: 3
[1751289.579441] tee (2388375): drop_caches: 3
[1751294.673560] tee (2388384): drop_caches: 3
[1751299.087498] tee (2388396): drop_caches: 3
[1751304.424852] tee (2388405): drop_caches: 3
[1751309.538676] tee (2388414): drop_caches: 3
[1751314.710628] tee (2388428): drop_caches: 3
[1751320.058339] tee (2388437): drop_caches: 3
[1751325.294170] tee (2388451): drop_caches: 3
[1751329.715389] tee (2388459): drop_caches: 3
[1751334.993844] tee (2388473): drop_caches: 3
[1751340.596554] tee (2388487): drop_caches: 3
[1751346.165366] tee (2388501): drop_caches: 3
[1751351.332634] tee (2388510): drop_caches: 3
[1751356.498504] tee (2388519): drop_caches: 3
[1751360.921462] tee (2388531): drop_caches: 3
[1751366.214293] tee (2388541): drop_caches: 3
[1751371.423014] tee (2388551): drop_caches: 3
[1751376.682812] tee (2388565): drop_caches: 3
[1751381.852100] tee (2388574): drop_caches: 3
[1751387.097746] tee (2388583): drop_caches: 3
[1751391.517125] tee (2388598): drop_caches: 3
[1751396.844344] tee (2388607): drop_caches: 3
[1751401.882548] tee (2388616): drop_caches: 3
[1751406.987372] tee (2388630): drop_caches: 3
[1751412.094570] tee (2388639): drop_caches: 3
[1751417.216481] tee (2388648): drop_caches: 3
[1751421.809429] tee (2388660): drop_caches: 3
[1751427.060525] tee (2388669): drop_caches: 3
[1751432.237357] tee (2388678): drop_caches: 3
[1751437.299056] tee (2388692): drop_caches: 3
[1751442.384486] tee (2388701): drop_caches: 3
[1751447.598520] tee (2388710): drop_caches: 3
[1751452.009190] tee (2388721): drop_caches: 3
[1751457.506153] tee (2388733): drop_caches: 3
[1751462.633742] tee (2388742): drop_caches: 3
[1751468.337495] tee (2388757): drop_caches: 3
[1751473.540872] tee (2388766): drop_caches: 3
[1751478.881629] tee (2388775): drop_caches: 3
[1751483.766250] tee (2388794): drop_caches: 3
[1751489.170849] tee (2388803): drop_caches: 3
[1751494.454342] tee (2388819): drop_caches: 3
[1751499.572021] tee (2388845): drop_caches: 3
[1751505.998815] tee (2388860): drop_caches: 3
[1751512.002587] tee (2388879): drop_caches: 3
[1751517.777661] tee (2388892): drop_caches: 3
[1751523.171047] tee (2388901): drop_caches: 3
[1751528.371665] tee (2388915): drop_caches: 3
[1751533.532069] tee (2388924): drop_caches: 3
[1751538.725841] tee (2388934): drop_caches: 3
[1751544.018857] tee (2388943): drop_caches: 3
[1751548.477609] tee (2388955): drop_caches: 3
[1751553.736890] tee (2388964): drop_caches: 3
[1751558.873075] tee (2388978): drop_caches: 3
[1751564.060930] tee (2388987): drop_caches: 3
[1751569.237683] tee (2388996): drop_caches: 3
[1751574.333904] tee (2389005): drop_caches: 3
[1751578.792923] tee (2389023): drop_caches: 3
[1751585.556710] tee (2389042): drop_caches: 3
[1751591.849459] tee (2389051): drop_caches: 3
[1751598.803693] tee (2389060): drop_caches: 3
[1751605.608737] tee (2389074): drop_caches: 3
[1751610.605710] tee (2389086): drop_caches: 3
[1751616.744927] tee (2389100): drop_caches: 3
[1751623.285193] tee (2389109): drop_caches: 3
[1751630.053085] tee (2389121): drop_caches: 3
[1751636.278547] tee (2389139): drop_caches: 3
[1751642.121368] tee (2389150): drop_caches: 3
[1751648.790891] tee (2389165): drop_caches: 3
[1751655.153647] tee (2389177): drop_caches: 3
[1751661.313017] tee (2389188): drop_caches: 3
[1751667.880343] tee (2389199): drop_caches: 3
[1751675.209925] tee (2389213): drop_caches: 3
[1751681.254219] tee (2389230): drop_caches: 3
[1751687.288726] tee (2389239): drop_caches: 3
[1751693.502823] tee (2389267): drop_caches: 3
[1751701.117283] tee (2389310): drop_caches: 3
[1751718.360753] tee (2389358): drop_caches: 3
[1751729.764614] mix-mixJ-arm35-2386758 phase=A END
[1751729.774355] mix-mixJ-arm35-2386758 phase=B START
[1751729.854221] mix-mixJ-arm35-2386758 phase=B RUN
[1751733.913801] tee (2389449): drop_caches: 3
[1751742.005017] tee (2389498): drop_caches: 3
[1751748.847810] tee (2389513): drop_caches: 3
[1751753.880430] tee (2389527): drop_caches: 3
[1751760.898814] tee (2389536): drop_caches: 3
[1751767.883129] tee (2389553): drop_caches: 3
[1751774.729215] tee (2389582): drop_caches: 3
[1751781.289118] tee (2389592): drop_caches: 3
[1751786.479142] tee (2389608): drop_caches: 3
[1751793.907889] tee (2389622): drop_caches: 3
[1751801.657691] tee (2389642): drop_caches: 3
[1751807.802615] tee (2389656): drop_caches: 3
[1751814.458240] tee (2389665): drop_caches: 3
[1751819.486383] tee (2389677): drop_caches: 3
[1751826.464173] tee (2389686): drop_caches: 3
[1751833.396370] tee (2389705): drop_caches: 3
[1751840.402362] tee (2389714): drop_caches: 3
[1751847.189753] tee (2389723): drop_caches: 3
[1751852.385039] tee (2389740): drop_caches: 3
[1751859.425916] tee (2389749): drop_caches: 3
[1751866.215289] tee (2389763): drop_caches: 3
[1751873.022270] tee (2389777): drop_caches: 3
[1751879.603561] tee (2389786): drop_caches: 3
[1751885.470116] tee (2389798): drop_caches: 3
[1751893.615723] tee (2389817): drop_caches: 3
[1751900.230307] tee (2389826): drop_caches: 3
[1751906.747824] tee (2389835): drop_caches: 3
[1751913.047220] tee (2389849): drop_caches: 3
[1751918.215659] tee (2389862): drop_caches: 3
[1751943.700006] tee (2389889): drop_caches: 3
[1751956.936234] mix-mixJ-arm35-2386758 phase=B END
[1751957.330801] NVMeVirt: Measurement: command=stop epoch=1 host_bytes=96985649152 learner_active=0
[1751982.334669] EXT4-fs (nvme0n1): unmounting filesystem 1272a648-d56f-4353-a5ed-1d7fbd18b58a.
[1751982.748355] pci_bus 0001:10: busn_res: [bus 10-ff] is released
[1751982.748400] NVMeVirt: GC stats: ns=0 policy=cat-fig7-fixed host_pages=23678137 gc_pages=8129052 gc_count=496987 WAF=1.343 warmup_gc=100-per-part
[1751982.820339] NVMeVirt: Virtual NVMe device closed
