[1719782.993404] mix-mixG-arm34-2284253 BEGIN
[1719783.097104] NVMeVirt: Version 1.10 for >> Samsung 970 Pro SSD <<
[1719783.097112] NVMeVirt: Storage: 0x100100000-0x300000000 (8191 MiB)
[1719783.107640] NVMeVirt: Total Capacity(GiB,MiB)=2,2048 chs=2 luns=4 lines=8192 blk-size(MiB,KiB)=0,64 line-size(MiB,KiB)=0,256
[1719783.118887] NVMeVirt: [chmodel_init] bandwidth 800 max_credits 26 tx_time 152
[1719783.130647] NVMeVirt: [chmodel_init] bandwidth 800 max_credits 26 tx_time 152
[1719783.130661] NVMeVirt: [chmodel_init] bandwidth 3360 max_credits 110 tx_time 36
[1719783.130664] NVMeVirt: Fixed CAT init ns=0 part=0 arm=34 k=7 scale_pct=50 age_ratio=7
[1719783.131908] NVMeVirt: pqueue: Copyright (c) 2014, Volkan Yazıcı <volkan.yazici@gmail.com>. All rights reserved.
[1719783.131957] NVMeVirt: Init FTL instance with 2 channels (524288 pages)
[1719783.131959] NVMeVirt: GC victim policy: cat-fig7-fixed ns=0 part=0 initial_k=7 initial_scale_pct=50 initial_age_ratio=7 warmup_gc=100
[1719783.142441] NVMeVirt: [chmodel_init] bandwidth 800 max_credits 26 tx_time 152
[1719783.152644] NVMeVirt: [chmodel_init] bandwidth 800 max_credits 26 tx_time 152
[1719783.152659] NVMeVirt: [chmodel_init] bandwidth 3360 max_credits 110 tx_time 36
[1719783.152661] NVMeVirt: Fixed CAT init ns=0 part=1 arm=34 k=7 scale_pct=50 age_ratio=7
[1719783.153926] NVMeVirt: Init FTL instance with 2 channels (524288 pages)
[1719783.153929] NVMeVirt: GC victim policy: cat-fig7-fixed ns=0 part=1 initial_k=7 initial_scale_pct=50 initial_age_ratio=7 warmup_gc=100
[1719783.164523] NVMeVirt: [chmodel_init] bandwidth 800 max_credits 26 tx_time 152
[1719783.174638] NVMeVirt: [chmodel_init] bandwidth 800 max_credits 26 tx_time 152
[1719783.174652] NVMeVirt: [chmodel_init] bandwidth 3360 max_credits 110 tx_time 36
[1719783.174655] NVMeVirt: Fixed CAT init ns=0 part=2 arm=34 k=7 scale_pct=50 age_ratio=7
[1719783.176167] NVMeVirt: Init FTL instance with 2 channels (524288 pages)
[1719783.176172] NVMeVirt: GC victim policy: cat-fig7-fixed ns=0 part=2 initial_k=7 initial_scale_pct=50 initial_age_ratio=7 warmup_gc=100
[1719783.187263] NVMeVirt: [chmodel_init] bandwidth 800 max_credits 26 tx_time 152
[1719783.197710] NVMeVirt: [chmodel_init] bandwidth 800 max_credits 26 tx_time 152
[1719783.197724] NVMeVirt: [chmodel_init] bandwidth 3360 max_credits 110 tx_time 36
[1719783.197727] NVMeVirt: Fixed CAT init ns=0 part=3 arm=34 k=7 scale_pct=50 age_ratio=7
[1719783.199009] NVMeVirt: Init FTL instance with 2 channels (524288 pages)
[1719783.199012] NVMeVirt: GC victim policy: cat-fig7-fixed ns=0 part=3 initial_k=7 initial_scale_pct=50 initial_age_ratio=7 warmup_gc=100
[1719783.199018] NVMeVirt: FTL physical space: 8588886016, logical space: 8026996276 (physical/logical * 100 = 107)
[1719783.199020] NVMeVirt: ns 0/1: size 7655 MiB
[1719783.199069] PCI host bridge to bus 0001:10
[1719783.199071] pci_bus 0001:10: root bus resource [io  0x0000-0xffff]
[1719783.199074] pci_bus 0001:10: root bus resource [mem 0x00000000-0x7fffffffff]
[1719783.199091] pci_bus 0001:10: root bus resource [bus 00-ff]
[1719783.199098] pci 0001:10:00.0: [0c51:0110] type 00 class 0x010802 PCIe Endpoint
[1719783.199102] pci 0001:10:00.0: BAR 0 [mem 0x100000000-0x100003fff 64bit]
[1719783.199105] pci 0001:10:00.0: enabling Extended Tags
[1719783.199228] NVMeVirt: Virtual PCI bus created (node 0)
[1719783.199580] NVMeVirt: nvmev_io_worker_0 started on cpu 2 (node 0)
[1719783.199730] NVMeVirt: nvmev_dispatcher started on cpu 1 (node 0)
[1719783.199746] NVMeVirt: Virtual NVMe device created
[1719783.199880] nvme nvme0: pci function 0001:10:00.0
[1719783.202511] nvme nvme0: 8/0/0 default/read/poll queues
[1719783.682731] EXT4-fs (nvme0n1): mounted filesystem 4adf6a15-c3e2-4d29-a967-ad0359437c04 r/w with ordered data mode. Quota mode: none.
[1719866.347124] NVMeVirt: Fixed CAT init ns=0 part=0 arm=34 k=7 scale_pct=50 age_ratio=7
[1719866.347129] NVMeVirt: Fixed CAT init ns=0 part=1 arm=34 k=7 scale_pct=50 age_ratio=7
[1719866.347131] NVMeVirt: Fixed CAT init ns=0 part=2 arm=34 k=7 scale_pct=50 age_ratio=7
[1719866.347132] NVMeVirt: Fixed CAT init ns=0 part=3 arm=34 k=7 scale_pct=50 age_ratio=7
[1719866.347134] NVMeVirt: Measurement: command=start epoch=1 host_bytes=0 learner_active=1
[1719866.357312] mix-mixG-arm34-2284253 phase=A START
[1719903.910350] tee (2284973): drop_caches: 3
[1719910.820904] tee (2284995): drop_caches: 3
[1719916.078368] tee (2285004): drop_caches: 3
[1719921.766015] tee (2285021): drop_caches: 3
[1719927.072637] tee (2285030): drop_caches: 3
[1719932.425852] tee (2285039): drop_caches: 3
[1719936.923298] tee (2285056): drop_caches: 3
[1719942.168610] tee (2285067): drop_caches: 3
[1719947.733151] tee (2285077): drop_caches: 3
[1719953.025211] tee (2285095): drop_caches: 3
[1719958.306060] tee (2285107): drop_caches: 3
[1719963.751626] tee (2285121): drop_caches: 3
[1719968.324534] tee (2285143): drop_caches: 3
[1719973.967620] tee (2285157): drop_caches: 3
[1719980.397229] tee (2285174): drop_caches: 3
[1719985.748752] tee (2285187): drop_caches: 3
[1719992.998716] tee (2285209): drop_caches: 3
[1719998.366241] tee (2285228): drop_caches: 3
[1720003.968400] tee (2285242): drop_caches: 3
[1720009.836664] tee (2285258): drop_caches: 3
[1720015.105215] tee (2285267): drop_caches: 3
[1720020.263814] tee (2285277): drop_caches: 3
[1720025.530868] tee (2285292): drop_caches: 3
[1720030.178743] tee (2285314): drop_caches: 3
[1720035.769527] tee (2285323): drop_caches: 3
[1720041.062928] tee (2285339): drop_caches: 3
[1720046.235607] tee (2285348): drop_caches: 3
[1720051.485192] tee (2285357): drop_caches: 3
[1720056.647112] tee (2285371): drop_caches: 3
[1720061.047113] tee (2285383): drop_caches: 3
[1720066.316072] tee (2285392): drop_caches: 3
[1720071.717517] tee (2285408): drop_caches: 3
[1720076.875543] tee (2285417): drop_caches: 3
[1720082.233775] tee (2285443): drop_caches: 3
[1720087.579703] tee (2285468): drop_caches: 3
[1720092.064531] tee (2285486): drop_caches: 3
[1720097.286015] tee (2285496): drop_caches: 3
[1720103.029320] tee (2285514): drop_caches: 3
[1720108.324328] tee (2285524): drop_caches: 3
[1720113.781299] tee (2285538): drop_caches: 3
[1720119.503580] tee (2285552): drop_caches: 3
[1720124.312605] tee (2285564): drop_caches: 3
[1720129.602126] tee (2285578): drop_caches: 3
[1720134.776521] tee (2285594): drop_caches: 3
[1720140.004695] tee (2285603): drop_caches: 3
[1720145.261901] tee (2285612): drop_caches: 3
[1720150.779219] tee (2285637): drop_caches: 3
[1720155.349129] tee (2285649): drop_caches: 3
[1720160.591726] tee (2285665): drop_caches: 3
[1720165.708611] tee (2285674): drop_caches: 3
[1720170.803568] tee (2285684): drop_caches: 3
[1720176.016908] tee (2285693): drop_caches: 3
[1720181.574653] tee (2285707): drop_caches: 3
[1720186.031625] tee (2285719): drop_caches: 3
[1720191.018777] tee (2285739): drop_caches: 3
[1720196.203863] tee (2285748): drop_caches: 3
[1720201.294473] tee (2285758): drop_caches: 3
[1720206.536524] tee (2285777): drop_caches: 3
[1720211.677628] tee (2285791): drop_caches: 3
[1720216.103928] tee (2285803): drop_caches: 3
[1720221.387491] tee (2285819): drop_caches: 3
[1720226.674857] tee (2285828): drop_caches: 3
[1720231.728605] tee (2285838): drop_caches: 3
[1720236.792506] tee (2285847): drop_caches: 3
[1720241.897183] tee (2285861): drop_caches: 3
[1720246.294724] tee (2285873): drop_caches: 3
[1720251.568344] tee (2285891): drop_caches: 3
[1720256.714142] tee (2285900): drop_caches: 3
[1720261.746485] tee (2285909): drop_caches: 3
[1720266.817440] tee (2285929): drop_caches: 3
[1720271.942553] tee (2285944): drop_caches: 3
[1720276.351336] tee (2285956): drop_caches: 3
[1720281.444542] tee (2285972): drop_caches: 3
[1720286.547411] tee (2285981): drop_caches: 3
[1720291.660768] tee (2285990): drop_caches: 3
[1720296.752195] tee (2285999): drop_caches: 3
[1720301.848669] tee (2286013): drop_caches: 3
[1720306.787529] tee (2286023): drop_caches: 3
[1720311.939121] tee (2286041): drop_caches: 3
[1720317.134183] tee (2286050): drop_caches: 3
[1720322.244668] tee (2286059): drop_caches: 3
[1720327.425402] tee (2286078): drop_caches: 3
[1720332.567539] tee (2286092): drop_caches: 3
[1720337.669657] tee (2286102): drop_caches: 3
[1720343.043709] tee (2286120): drop_caches: 3
[1720348.718668] tee (2286134): drop_caches: 3
[1720354.246616] tee (2286160): drop_caches: 3
[1720359.607820] tee (2286174): drop_caches: 3
[1720364.820910] tee (2286183): drop_caches: 3
[1720369.610056] tee (2286195): drop_caches: 3
[1720374.631268] tee (2286212): drop_caches: 3
[1720379.738354] tee (2286221): drop_caches: 3
[1720384.873722] tee (2286230): drop_caches: 3
[1720390.055276] tee (2286254): drop_caches: 3
[1720395.270495] tee (2286264): drop_caches: 3
[1720400.478070] tee (2286281): drop_caches: 3
[1720405.754524] tee (2286294): drop_caches: 3
[1720411.100544] tee (2286303): drop_caches: 3
[1720416.411089] tee (2286312): drop_caches: 3
[1720421.737674] tee (2286326): drop_caches: 3
[1720426.940440] tee (2286335): drop_caches: 3
[1720431.741699] tee (2286358): drop_caches: 3
[1720437.036271] tee (2286369): drop_caches: 3
[1720442.187974] tee (2286378): drop_caches: 3
[1720447.400288] tee (2286397): drop_caches: 3
[1720452.561755] tee (2286411): drop_caches: 3
[1720457.721536] tee (2286420): drop_caches: 3
[1720462.859000] tee (2286438): drop_caches: 3
[1720468.070017] tee (2286449): drop_caches: 3
[1720474.143133] tee (2286463): drop_caches: 3
[1720479.835627] tee (2286477): drop_caches: 3
[1720485.124063] tee (2286486): drop_caches: 3
[1720490.794630] tee (2286521): drop_caches: 3
[1720496.058039] tee (2286562): drop_caches: 3
[1720502.342210] tee (2286598): drop_caches: 3
[1720508.074124] tee (2286643): drop_caches: 3
[1720513.173828] tee (2286657): drop_caches: 3
[1720518.391834] tee (2286666): drop_caches: 3
[1720523.883500] tee (2286687): drop_caches: 3
[1720528.370735] tee (2286694): drop_caches: 3
[1720533.954150] tee (2286709): drop_caches: 3
[1720539.829667] tee (2286723): drop_caches: 3
[1720545.024832] tee (2286732): drop_caches: 3
[1720550.138689] tee (2286745): drop_caches: 3
[1720551.786260] mix-mixG-arm34-2284253 phase=A END
[1720552.268834] NVMeVirt: Measurement: command=stop epoch=1 host_bytes=83833540608 learner_active=0
[1720552.561446] EXT4-fs (nvme0n1): unmounting filesystem 4adf6a15-c3e2-4d29-a967-ad0359437c04.
[1720552.985497] pci_bus 0001:10: busn_res: [bus 10-ff] is released
[1720552.985552] NVMeVirt: GC stats: ns=0 policy=cat-fig7-fixed host_pages=20467173 gc_pages=45660855 gc_count=1033251 WAF=3.230 warmup_gc=100-per-part
[1720553.057494] NVMeVirt: Virtual NVMe device closed
