[1550223.658736] mix-mixO-arm31-1689580 BEGIN
[1550224.062460] NVMeVirt: Version 1.10 for >> Samsung 970 Pro SSD <<
[1550224.062466] NVMeVirt: Storage: 0x100100000-0x300000000 (8191 MiB)
[1550224.072926] NVMeVirt: Total Capacity(GiB,MiB)=2,2048 chs=2 luns=4 lines=8192 blk-size(MiB,KiB)=0,64 line-size(MiB,KiB)=0,256
[1550224.084669] NVMeVirt: [chmodel_init] bandwidth 800 max_credits 26 tx_time 152
[1550224.096297] NVMeVirt: [chmodel_init] bandwidth 800 max_credits 26 tx_time 152
[1550224.096331] NVMeVirt: [chmodel_init] bandwidth 3360 max_credits 110 tx_time 36
[1550224.096333] NVMeVirt: Fixed CAT init ns=0 part=0 arm=31 k=7 scale_pct=25 age_ratio=7
[1550224.097652] NVMeVirt: pqueue: Copyright (c) 2014, Volkan Yazıcı <volkan.yazici@gmail.com>. All rights reserved.
[1550224.097688] NVMeVirt: Init FTL instance with 2 channels (524288 pages)
[1550224.097690] NVMeVirt: GC victim policy: cat-fig7-fixed ns=0 part=0 initial_k=7 initial_scale_pct=25 initial_age_ratio=7 warmup_gc=100
[1550224.108461] NVMeVirt: [chmodel_init] bandwidth 800 max_credits 26 tx_time 152
[1550224.119382] NVMeVirt: [chmodel_init] bandwidth 800 max_credits 26 tx_time 152
[1550224.119396] NVMeVirt: [chmodel_init] bandwidth 3360 max_credits 110 tx_time 36
[1550224.119398] NVMeVirt: Fixed CAT init ns=0 part=1 arm=31 k=7 scale_pct=25 age_ratio=7
[1550224.120648] NVMeVirt: Init FTL instance with 2 channels (524288 pages)
[1550224.120651] NVMeVirt: GC victim policy: cat-fig7-fixed ns=0 part=1 initial_k=7 initial_scale_pct=25 initial_age_ratio=7 warmup_gc=100
[1550224.131378] NVMeVirt: [chmodel_init] bandwidth 800 max_credits 26 tx_time 152
[1550224.142063] NVMeVirt: [chmodel_init] bandwidth 800 max_credits 26 tx_time 152
[1550224.142077] NVMeVirt: [chmodel_init] bandwidth 3360 max_credits 110 tx_time 36
[1550224.142079] NVMeVirt: Fixed CAT init ns=0 part=2 arm=31 k=7 scale_pct=25 age_ratio=7
[1550224.143288] NVMeVirt: Init FTL instance with 2 channels (524288 pages)
[1550224.143291] NVMeVirt: GC victim policy: cat-fig7-fixed ns=0 part=2 initial_k=7 initial_scale_pct=25 initial_age_ratio=7 warmup_gc=100
[1550224.153858] NVMeVirt: [chmodel_init] bandwidth 800 max_credits 26 tx_time 152
[1550224.164924] NVMeVirt: [chmodel_init] bandwidth 800 max_credits 26 tx_time 152
[1550224.164937] NVMeVirt: [chmodel_init] bandwidth 3360 max_credits 110 tx_time 36
[1550224.164939] NVMeVirt: Fixed CAT init ns=0 part=3 arm=31 k=7 scale_pct=25 age_ratio=7
[1550224.166169] NVMeVirt: Init FTL instance with 2 channels (524288 pages)
[1550224.166172] NVMeVirt: GC victim policy: cat-fig7-fixed ns=0 part=3 initial_k=7 initial_scale_pct=25 initial_age_ratio=7 warmup_gc=100
[1550224.166179] NVMeVirt: FTL physical space: 8588886016, logical space: 8026996276 (physical/logical * 100 = 107)
[1550224.166180] NVMeVirt: ns 0/1: size 7655 MiB
[1550224.166234] PCI host bridge to bus 0001:10
[1550224.166236] pci_bus 0001:10: root bus resource [io  0x0000-0xffff]
[1550224.166239] pci_bus 0001:10: root bus resource [mem 0x00000000-0x7fffffffff]
[1550224.166241] pci_bus 0001:10: root bus resource [bus 00-ff]
[1550224.166263] pci 0001:10:00.0: [0c51:0110] type 00 class 0x010802 PCIe Endpoint
[1550224.166266] pci 0001:10:00.0: BAR 0 [mem 0x100000000-0x100003fff 64bit]
[1550224.166269] pci 0001:10:00.0: enabling Extended Tags
[1550224.166404] NVMeVirt: Virtual PCI bus created (node 0)
[1550224.166689] NVMeVirt: nvmev_io_worker_0 started on cpu 2 (node 0)
[1550224.166780] NVMeVirt: nvmev_dispatcher started on cpu 1 (node 0)
[1550224.166805] NVMeVirt: Virtual NVMe device created
[1550224.166935] nvme nvme0: pci function 0001:10:00.0
[1550224.171216] nvme nvme0: 8/0/0 default/read/poll queues
[1550224.814749] EXT4-fs (nvme0n1): mounted filesystem f8e0512a-aa13-4a30-af85-f3b273b6776f r/w with ordered data mode. Quota mode: none.
[1550307.386839] NVMeVirt: Fixed CAT init ns=0 part=0 arm=31 k=7 scale_pct=25 age_ratio=7
[1550307.386846] NVMeVirt: Fixed CAT init ns=0 part=1 arm=31 k=7 scale_pct=25 age_ratio=7
[1550307.386849] NVMeVirt: Fixed CAT init ns=0 part=2 arm=31 k=7 scale_pct=25 age_ratio=7
[1550307.386851] NVMeVirt: Fixed CAT init ns=0 part=3 arm=31 k=7 scale_pct=25 age_ratio=7
[1550307.386853] NVMeVirt: Measurement: command=start epoch=1 host_bytes=0 learner_active=1
[1550307.489415] mix-mixO-arm31-1689580 phase=A START
[1551213.884612] mix-mixO-arm31-1689580 phase=A END
[1551214.057959] mix-mixO-arm31-1689580 phase=B START
[1552117.336452] mix-mixO-arm31-1689580 phase=B END
[1552117.409666] NVMeVirt: Measurement: command=stop epoch=1 host_bytes=722307543040 learner_active=0
[1552117.587659] EXT4-fs (nvme0n1): unmounting filesystem f8e0512a-aa13-4a30-af85-f3b273b6776f.
[1552117.928686] pci_bus 0001:10: busn_res: [bus 10-ff] is released
[1552117.928733] NVMeVirt: GC stats: ns=0 policy=cat-fig7-fixed host_pages=176344615 gc_pages=207628189 gc_count=5999575 WAF=2.177 warmup_gc=100-per-part
[1552117.999619] NVMeVirt: Virtual NVMe device closed
