[852881.844854] mix-mixJ-greedy-4129081 BEGIN
[852881.857399] NVMeVirt: Version 1.10 for >> Samsung 970 Pro SSD <<
[852881.857405] NVMeVirt: Storage: 0x100100000-0x300000000 (8191 MiB)
[852881.868484] NVMeVirt: Total Capacity(GiB,MiB)=2,2048 chs=2 luns=4 lines=8192 blk-size(MiB,KiB)=0,64 line-size(MiB,KiB)=0,256
[852881.881918] NVMeVirt: [chmodel_init] bandwidth 800 max_credits 26 tx_time 152
[852881.894454] NVMeVirt: [chmodel_init] bandwidth 800 max_credits 26 tx_time 152
[852881.894469] NVMeVirt: [chmodel_init] bandwidth 3360 max_credits 110 tx_time 36
[852881.894472] NVMeVirt: Fixed CAT init ns=0 part=0 arm=37 k=7 scale_pct=100 age_ratio=7
[852881.895407] NVMeVirt: pqueue: Copyright (c) 2014, Volkan Yazıcı <volkan.yazici@gmail.com>. All rights reserved.
[852881.895449] NVMeVirt: Init FTL instance with 2 channels (524288 pages)
[852881.895451] NVMeVirt: GC victim policy: greedy ns=0 part=0 initial_k=7 initial_scale_pct=100 initial_age_ratio=7 warmup_gc=100
[852881.905983] NVMeVirt: [chmodel_init] bandwidth 800 max_credits 26 tx_time 152
[852881.919416] NVMeVirt: [chmodel_init] bandwidth 800 max_credits 26 tx_time 152
[852881.919442] NVMeVirt: [chmodel_init] bandwidth 3360 max_credits 110 tx_time 36
[852881.919445] NVMeVirt: Fixed CAT init ns=0 part=1 arm=37 k=7 scale_pct=100 age_ratio=7
[852881.920882] NVMeVirt: Init FTL instance with 2 channels (524288 pages)
[852881.920885] NVMeVirt: GC victim policy: greedy ns=0 part=1 initial_k=7 initial_scale_pct=100 initial_age_ratio=7 warmup_gc=100
[852881.931228] NVMeVirt: [chmodel_init] bandwidth 800 max_credits 26 tx_time 152
[852881.941298] NVMeVirt: [chmodel_init] bandwidth 800 max_credits 26 tx_time 152
[852881.941311] NVMeVirt: [chmodel_init] bandwidth 3360 max_credits 110 tx_time 36
[852881.941313] NVMeVirt: Fixed CAT init ns=0 part=2 arm=37 k=7 scale_pct=100 age_ratio=7
[852881.942304] NVMeVirt: Init FTL instance with 2 channels (524288 pages)
[852881.942307] NVMeVirt: GC victim policy: greedy ns=0 part=2 initial_k=7 initial_scale_pct=100 initial_age_ratio=7 warmup_gc=100
[852881.955982] NVMeVirt: [chmodel_init] bandwidth 800 max_credits 26 tx_time 152
[852881.966071] NVMeVirt: [chmodel_init] bandwidth 800 max_credits 26 tx_time 152
[852881.966084] NVMeVirt: [chmodel_init] bandwidth 3360 max_credits 110 tx_time 36
[852881.966086] NVMeVirt: Fixed CAT init ns=0 part=3 arm=37 k=7 scale_pct=100 age_ratio=7
[852881.967084] NVMeVirt: Init FTL instance with 2 channels (524288 pages)
[852881.967087] NVMeVirt: GC victim policy: greedy ns=0 part=3 initial_k=7 initial_scale_pct=100 initial_age_ratio=7 warmup_gc=100
[852881.967094] NVMeVirt: FTL physical space: 8588886016, logical space: 8026996276 (physical/logical * 100 = 107)
[852881.967095] NVMeVirt: ns 0/1: size 7655 MiB
[852881.967144] PCI host bridge to bus 0001:10
[852881.967147] pci_bus 0001:10: root bus resource [io  0x0000-0xffff]
[852881.967149] pci_bus 0001:10: root bus resource [mem 0x00000000-0x7fffffffff]
[852881.967166] pci_bus 0001:10: root bus resource [bus 00-ff]
[852881.967173] pci 0001:10:00.0: [0c51:0110] type 00 class 0x010802 PCIe Endpoint
[852881.967177] pci 0001:10:00.0: BAR 0 [mem 0x100000000-0x100003fff 64bit]
[852881.967180] pci 0001:10:00.0: enabling Extended Tags
[852881.967360] NVMeVirt: Virtual PCI bus created (node 0)
[852881.967710] NVMeVirt: Virtual NVMe device created
[852881.967848] NVMeVirt: nvmev_dispatcher started on cpu 1 (node 0)
[852881.967858] NVMeVirt: nvmev_io_worker_0 started on cpu 2 (node 0)
[852881.968269] nvme nvme0: pci function 0001:10:00.0
[852881.970822] nvme nvme0: 8/0/0 default/read/poll queues
[852882.055821] EXT4-fs (nvme0n1): mounted filesystem bde14f7e-d88a-431d-895c-cf6a5b05c4a5 r/w with ordered data mode. Quota mode: none.
[852884.140820] audit: type=1107 audit(1789976408.586:513): pid=1434 uid=101 auid=4294967295 ses=4294967295 subj=unconfined msg='apparmor="DENIED" operation="dbus_signal"  bus="system" path="/com/redhat/PrinterSpooler" interface="com.redhat.PrinterSpooler" member="QueueChanged" mask="send" name="org.freedesktop.DBus" pid=2073 label="snap.cups.cupsd" peer_pid=4752 peer_label="unconfined"
[852889.167191] audit: type=1107 audit(1789976413.612:514): pid=1434 uid=101 auid=4294967295 ses=4294967295 subj=unconfined msg='apparmor="DENIED" operation="dbus_signal"  bus="system" path="/com/redhat/PrinterSpooler" interface="com.redhat.PrinterSpooler" member="QueueChanged" mask="send" name="org.freedesktop.DBus" pid=2073 label="snap.cups.cupsd" peer_pid=4752 peer_label="unconfined"
[852964.060013] NVMeVirt: Fixed CAT init ns=0 part=0 arm=37 k=7 scale_pct=100 age_ratio=7
[852964.060020] NVMeVirt: Fixed CAT init ns=0 part=1 arm=37 k=7 scale_pct=100 age_ratio=7
[852964.060023] NVMeVirt: Fixed CAT init ns=0 part=2 arm=37 k=7 scale_pct=100 age_ratio=7
[852964.060025] NVMeVirt: Fixed CAT init ns=0 part=3 arm=37 k=7 scale_pct=100 age_ratio=7
[852964.060027] NVMeVirt: Measurement: command=start epoch=1 host_bytes=0 learner_active=1
[852964.069946] mix-mixJ-greedy-4129081 phase=A START
[852964.083056] mix-mixJ-greedy-4129081 phase=A LOAD
[852988.308197] mix-mixJ-greedy-4129081 phase=A RUN
[852992.792256] tee (4129362): drop_caches: 3
[852998.091754] tee (4129367): drop_caches: 3
[853002.746038] tee (4129374): drop_caches: 3
[853007.935832] tee (4129379): drop_caches: 3
[853013.057380] tee (4129384): drop_caches: 3
[853018.241010] tee (4129388): drop_caches: 3
[853023.455314] tee (4129392): drop_caches: 3
[853028.602184] tee (4129396): drop_caches: 3
[853033.993612] tee (4129402): drop_caches: 3
[853039.253781] tee (4129407): drop_caches: 3
[853044.314017] tee (4129411): drop_caches: 3
[853049.300091] tee (4129415): drop_caches: 3
[853054.376876] tee (4129419): drop_caches: 3
[853059.515973] tee (4129423): drop_caches: 3
[853064.696671] tee (4129428): drop_caches: 3
[853069.684194] tee (4129434): drop_caches: 3
[853074.758966] tee (4129438): drop_caches: 3
[853079.872958] tee (4129443): drop_caches: 3
[853085.005480] tee (4129447): drop_caches: 3
[853090.146457] tee (4129451): drop_caches: 3
[853095.225894] tee (4129455): drop_caches: 3
[853099.884007] tee (4129462): drop_caches: 3
[853105.122516] tee (4129468): drop_caches: 3
[853110.270767] tee (4129472): drop_caches: 3
[853115.383601] tee (4129476): drop_caches: 3
[853120.611737] tee (4129480): drop_caches: 3
[853125.741609] tee (4129484): drop_caches: 3
[853130.146568] tee (4129491): drop_caches: 3
[853135.322614] tee (4129495): drop_caches: 3
[853140.412259] tee (4129499): drop_caches: 3
[853145.589579] tee (4129503): drop_caches: 3
[853150.698150] tee (4129507): drop_caches: 3
[853155.877445] tee (4129511): drop_caches: 3
[853160.287011] tee (4129518): drop_caches: 3
[853165.470772] tee (4129522): drop_caches: 3
[853170.631307] tee (4129527): drop_caches: 3
[853175.806287] tee (4129531): drop_caches: 3
[853180.629055] tee (4129538): drop_caches: 3
[853185.583513] tee (4129553): drop_caches: 3
[853189.973245] tee (4129561): drop_caches: 3
[853195.151295] tee (4129565): drop_caches: 3
[853200.258915] tee (4129569): drop_caches: 3
[853205.377307] tee (4129573): drop_caches: 3
[853210.463267] tee (4129577): drop_caches: 3
[853215.579337] tee (4129581): drop_caches: 3
[853220.274994] tee (4129586): drop_caches: 3
[853225.793366] tee (4129594): drop_caches: 3
[853230.911604] tee (4129598): drop_caches: 3
[853236.100672] tee (4129602): drop_caches: 3
[853241.279853] tee (4129606): drop_caches: 3
[853246.510949] tee (4129612): drop_caches: 3
[853252.048044] tee (4129618): drop_caches: 3
[853257.448571] tee (4129624): drop_caches: 3
[853262.740245] tee (4129628): drop_caches: 3
[853267.837636] tee (4129632): drop_caches: 3
[853272.967049] tee (4129637): drop_caches: 3
[853278.020731] tee (4129641): drop_caches: 3
[853283.633512] tee (4129648): drop_caches: 3
[853289.174764] tee (4129653): drop_caches: 3
[853294.349011] tee (4129657): drop_caches: 3
[853299.470423] tee (4129661): drop_caches: 3
[853304.628911] tee (4129665): drop_caches: 3
[853309.780910] tee (4129669): drop_caches: 3
[853315.138849] tee (4129675): drop_caches: 3
[853320.691532] tee (4129680): drop_caches: 3
[853325.763166] tee (4129684): drop_caches: 3
[853330.884264] tee (4129688): drop_caches: 3
[853335.987803] tee (4129692): drop_caches: 3
[853341.071614] tee (4129696): drop_caches: 3
[853346.266521] tee (4129704): drop_caches: 3
[853352.049391] tee (4129709): drop_caches: 3
[853357.224039] tee (4129715): drop_caches: 3
[853362.284051] tee (4129719): drop_caches: 3
[853367.426309] tee (4129723): drop_caches: 3
[853372.531253] tee (4129727): drop_caches: 3
[853377.851746] tee (4129733): drop_caches: 3
[853383.289144] tee (4129738): drop_caches: 3
[853388.586439] tee (4129742): drop_caches: 3
[853393.782458] tee (4129746): drop_caches: 3
[853398.904564] tee (4129750): drop_caches: 3
[853404.086004] tee (4129754): drop_caches: 3
[853409.285928] tee (4129766): drop_caches: 3
[853414.788569] tee (4129772): drop_caches: 3
[853420.051616] tee (4129776): drop_caches: 3
[853425.210725] tee (4129780): drop_caches: 3
[853430.284682] tee (4129784): drop_caches: 3
[853435.374503] tee (4129788): drop_caches: 3
[853440.605451] tee (4129793): drop_caches: 3
[853446.323937] tee (4129802): drop_caches: 3
[853448.382989] mix-mixJ-greedy-4129081 phase=A END
[853448.392379] mix-mixJ-greedy-4129081 phase=B START
[853448.450041] mix-mixJ-greedy-4129081 phase=B RUN
[853452.693399] tee (4129882): drop_caches: 3
[853458.008647] tee (4129886): drop_caches: 3
[853463.119894] tee (4129893): drop_caches: 3
[853468.219169] tee (4129897): drop_caches: 3
[853472.607378] tee (4129904): drop_caches: 3
[853477.939835] tee (4129910): drop_caches: 3
[853483.762469] tee (4129960): drop_caches: 3
[853489.138845] tee (4129992): drop_caches: 3
[853494.248732] tee (4129996): drop_caches: 3
[853499.420659] tee (4130002): drop_caches: 3
[853503.892651] tee (4130010): drop_caches: 3
[853509.534202] tee (4130015): drop_caches: 3
[853515.056912] tee (4130019): drop_caches: 3
[853520.560709] tee (4130023): drop_caches: 3
[853525.990364] tee (4130027): drop_caches: 3
[853531.158957] tee (4130031): drop_caches: 3
[853535.570961] tee (4130038): drop_caches: 3
[853544.095374] tee (4130045): drop_caches: 3
[853549.089804] mix-mixJ-greedy-4129081 phase=B END
[853549.488810] NVMeVirt: Measurement: command=stop epoch=1 host_bytes=35580952576 learner_active=0
[853555.366069] EXT4-fs (nvme0n1): unmounting filesystem bde14f7e-d88a-431d-895c-cf6a5b05c4a5.
[853555.986855] pci_bus 0001:10: busn_res: [bus 10-ff] is released
[853555.986901] NVMeVirt: GC stats: ns=0 policy=greedy host_pages=8686756 gc_pages=8859402 gc_count=274159 WAF=2.019 warmup_gc=100-per-part
[853556.063912] NVMeVirt: Virtual NVMe device closed
