[850311.962093] mix-mixD-fixed50-4127025 BEGIN
[850311.974595] NVMeVirt: Version 1.10 for >> Samsung 970 Pro SSD <<
[850311.974603] NVMeVirt: Storage: 0x100100000-0x300000000 (8191 MiB)
[850311.986021] NVMeVirt: Total Capacity(GiB,MiB)=2,2048 chs=2 luns=4 lines=8192 blk-size(MiB,KiB)=0,64 line-size(MiB,KiB)=0,256
[850311.997770] NVMeVirt: [chmodel_init] bandwidth 800 max_credits 26 tx_time 152
[850312.008695] NVMeVirt: [chmodel_init] bandwidth 800 max_credits 26 tx_time 152
[850312.008713] NVMeVirt: [chmodel_init] bandwidth 3360 max_credits 110 tx_time 36
[850312.008716] NVMeVirt: Fixed CAT init ns=0 part=0 arm=50 k=10 scale_pct=50 age_ratio=16
[850312.010025] NVMeVirt: pqueue: Copyright (c) 2014, Volkan Yazıcı <volkan.yazici@gmail.com>. All rights reserved.
[850312.010069] NVMeVirt: Init FTL instance with 2 channels (524288 pages)
[850312.010071] NVMeVirt: GC victim policy: cat-fig7-fixed ns=0 part=0 initial_k=10 initial_scale_pct=50 initial_age_ratio=16 warmup_gc=100
[850312.020603] NVMeVirt: [chmodel_init] bandwidth 800 max_credits 26 tx_time 152
[850312.030958] NVMeVirt: [chmodel_init] bandwidth 800 max_credits 26 tx_time 152
[850312.030972] NVMeVirt: [chmodel_init] bandwidth 3360 max_credits 110 tx_time 36
[850312.030975] NVMeVirt: Fixed CAT init ns=0 part=1 arm=50 k=10 scale_pct=50 age_ratio=16
[850312.031965] NVMeVirt: Init FTL instance with 2 channels (524288 pages)
[850312.031969] NVMeVirt: GC victim policy: cat-fig7-fixed ns=0 part=1 initial_k=10 initial_scale_pct=50 initial_age_ratio=16 warmup_gc=100
[850312.042684] NVMeVirt: [chmodel_init] bandwidth 800 max_credits 26 tx_time 152
[850312.053217] NVMeVirt: [chmodel_init] bandwidth 800 max_credits 26 tx_time 152
[850312.053232] NVMeVirt: [chmodel_init] bandwidth 3360 max_credits 110 tx_time 36
[850312.053235] NVMeVirt: Fixed CAT init ns=0 part=2 arm=50 k=10 scale_pct=50 age_ratio=16
[850312.054169] NVMeVirt: Init FTL instance with 2 channels (524288 pages)
[850312.054171] NVMeVirt: GC victim policy: cat-fig7-fixed ns=0 part=2 initial_k=10 initial_scale_pct=50 initial_age_ratio=16 warmup_gc=100
[850312.064283] NVMeVirt: [chmodel_init] bandwidth 800 max_credits 26 tx_time 152
[850312.074600] NVMeVirt: [chmodel_init] bandwidth 800 max_credits 26 tx_time 152
[850312.074617] NVMeVirt: [chmodel_init] bandwidth 3360 max_credits 110 tx_time 36
[850312.074619] NVMeVirt: Fixed CAT init ns=0 part=3 arm=50 k=10 scale_pct=50 age_ratio=16
[850312.075957] NVMeVirt: Init FTL instance with 2 channels (524288 pages)
[850312.075962] NVMeVirt: GC victim policy: cat-fig7-fixed ns=0 part=3 initial_k=10 initial_scale_pct=50 initial_age_ratio=16 warmup_gc=100
[850312.075973] NVMeVirt: FTL physical space: 8588886016, logical space: 8026996276 (physical/logical * 100 = 107)
[850312.075975] NVMeVirt: ns 0/1: size 7655 MiB
[850312.076041] PCI host bridge to bus 0001:10
[850312.076043] pci_bus 0001:10: root bus resource [io  0x0000-0xffff]
[850312.076047] pci_bus 0001:10: root bus resource [mem 0x00000000-0x7fffffffff]
[850312.076049] pci_bus 0001:10: root bus resource [bus 00-ff]
[850312.076057] pci 0001:10:00.0: [0c51:0110] type 00 class 0x010802 PCIe Endpoint
[850312.076061] pci 0001:10:00.0: BAR 0 [mem 0x100000000-0x100003fff 64bit]
[850312.076064] pci 0001:10:00.0: enabling Extended Tags
[850312.076204] NVMeVirt: Virtual PCI bus created (node 0)
[850312.076534] NVMeVirt: nvmev_io_worker_0 started on cpu 2 (node 0)
[850312.076599] NVMeVirt: nvmev_dispatcher started on cpu 1 (node 0)
[850312.076668] NVMeVirt: Virtual NVMe device created
[850312.077583] nvme nvme0: pci function 0001:10:00.0
[850312.079560] nvme nvme0: 8/0/0 default/read/poll queues
[850312.161139] EXT4-fs (nvme0n1): mounted filesystem bf463372-3ae3-4bf0-8039-43e38b9fe05d r/w with ordered data mode. Quota mode: none.
[850394.160461] NVMeVirt: Fixed CAT init ns=0 part=0 arm=50 k=10 scale_pct=50 age_ratio=16
[850394.160469] NVMeVirt: Fixed CAT init ns=0 part=1 arm=50 k=10 scale_pct=50 age_ratio=16
[850394.160472] NVMeVirt: Fixed CAT init ns=0 part=2 arm=50 k=10 scale_pct=50 age_ratio=16
[850394.160474] NVMeVirt: Fixed CAT init ns=0 part=3 arm=50 k=10 scale_pct=50 age_ratio=16
[850394.160476] NVMeVirt: Measurement: command=start epoch=1 host_bytes=0 learner_active=1
[850394.170215] mix-mixD-fixed50-4127025 phase=A START
[850994.485366] mix-mixD-fixed50-4127025 phase=A END
[850994.492904] mix-mixD-fixed50-4127025 phase=B START
[851498.293514] audit: type=1107 audit(1789975022.761:507): pid=1434 uid=101 auid=4294967295 ses=4294967295 subj=unconfined msg='apparmor="DENIED" operation="dbus_signal"  bus="system" path="/com/redhat/PrinterSpooler" interface="com.redhat.PrinterSpooler" member="QueueChanged" mask="send" name="org.freedesktop.DBus" pid=2073 label="snap.cups.cupsd" peer_pid=4752 peer_label="unconfined"
                 exe="/usr/bin/dbus-daemon" sauid=101 hostname=? addr=? terminal=?'
[851588.599637] audit: type=1107 audit(1789975113.066:508): pid=1434 uid=101 auid=4294967295 ses=4294967295 subj=unconfined msg='apparmor="DENIED" operation="dbus_signal"  bus="system" path="/com/redhat/PrinterSpooler" interface="com.redhat.PrinterSpooler" member="QueueChanged" mask="send" name="org.freedesktop.DBus" pid=2073 label="snap.cups.cupsd" peer_pid=4752 peer_label="unconfined"
[851594.806735] mix-mixD-fixed50-4127025 phase=B END
[851594.810171] NVMeVirt: Measurement: command=stop epoch=1 host_bytes=122955685888 learner_active=0
[851594.863806] EXT4-fs (nvme0n1): unmounting filesystem bf463372-3ae3-4bf0-8039-43e38b9fe05d.
[851594.918555] pci_bus 0001:10: busn_res: [bus 10-ff] is released
[851594.918633] NVMeVirt: GC stats: ns=0 policy=cat-fig7-fixed host_pages=30018478 gc_pages=24333959 gc_count=849257 WAF=1.810 warmup_gc=100-per-part
[851594.997999] NVMeVirt: Virtual NVMe device closed
