[961405.779261] mix-mixQ-fixed47-213721 BEGIN
[961405.790302] NVMeVirt: Version 1.10 for >> Samsung 970 Pro SSD <<
[961405.790309] NVMeVirt: Storage: 0x100100000-0x300000000 (8191 MiB)
[961405.801473] NVMeVirt: Total Capacity(GiB,MiB)=2,2048 chs=2 luns=4 lines=8192 blk-size(MiB,KiB)=0,64 line-size(MiB,KiB)=0,256
[961405.813148] NVMeVirt: [chmodel_init] bandwidth 800 max_credits 26 tx_time 152
[961405.824184] NVMeVirt: [chmodel_init] bandwidth 800 max_credits 26 tx_time 152
[961405.824198] NVMeVirt: [chmodel_init] bandwidth 3360 max_credits 110 tx_time 36
[961405.824200] NVMeVirt: Fixed CAT init ns=0 part=0 arm=47 k=10 scale_pct=25 age_ratio=16
[961405.825033] NVMeVirt: pqueue: Copyright (c) 2014, Volkan Yazıcı <volkan.yazici@gmail.com>. All rights reserved.
[961405.825073] NVMeVirt: Init FTL instance with 2 channels (524288 pages)
[961405.825075] NVMeVirt: GC victim policy: cat-fig7-fixed ns=0 part=0 initial_k=10 initial_scale_pct=25 initial_age_ratio=16 warmup_gc=100
[961405.835666] NVMeVirt: [chmodel_init] bandwidth 800 max_credits 26 tx_time 152
[961405.846205] NVMeVirt: [chmodel_init] bandwidth 800 max_credits 26 tx_time 152
[961405.846219] NVMeVirt: [chmodel_init] bandwidth 3360 max_credits 110 tx_time 36
[961405.846221] NVMeVirt: Fixed CAT init ns=0 part=1 arm=47 k=10 scale_pct=25 age_ratio=16
[961405.847142] NVMeVirt: Init FTL instance with 2 channels (524288 pages)
[961405.847147] NVMeVirt: GC victim policy: cat-fig7-fixed ns=0 part=1 initial_k=10 initial_scale_pct=25 initial_age_ratio=16 warmup_gc=100
[961405.857608] NVMeVirt: [chmodel_init] bandwidth 800 max_credits 26 tx_time 152
[961405.867973] NVMeVirt: [chmodel_init] bandwidth 800 max_credits 26 tx_time 152
[961405.867988] NVMeVirt: [chmodel_init] bandwidth 3360 max_credits 110 tx_time 36
[961405.867990] NVMeVirt: Fixed CAT init ns=0 part=2 arm=47 k=10 scale_pct=25 age_ratio=16
[961405.868964] NVMeVirt: Init FTL instance with 2 channels (524288 pages)
[961405.868967] NVMeVirt: GC victim policy: cat-fig7-fixed ns=0 part=2 initial_k=10 initial_scale_pct=25 initial_age_ratio=16 warmup_gc=100
[961405.879132] NVMeVirt: [chmodel_init] bandwidth 800 max_credits 26 tx_time 152
[961405.889573] NVMeVirt: [chmodel_init] bandwidth 800 max_credits 26 tx_time 152
[961405.889588] NVMeVirt: [chmodel_init] bandwidth 3360 max_credits 110 tx_time 36
[961405.889590] NVMeVirt: Fixed CAT init ns=0 part=3 arm=47 k=10 scale_pct=25 age_ratio=16
[961405.890544] NVMeVirt: Init FTL instance with 2 channels (524288 pages)
[961405.890546] NVMeVirt: GC victim policy: cat-fig7-fixed ns=0 part=3 initial_k=10 initial_scale_pct=25 initial_age_ratio=16 warmup_gc=100
[961405.890553] NVMeVirt: FTL physical space: 8588886016, logical space: 8026996276 (physical/logical * 100 = 107)
[961405.890554] NVMeVirt: ns 0/1: size 7655 MiB
[961405.890603] PCI host bridge to bus 0001:10
[961405.890605] pci_bus 0001:10: root bus resource [io  0x0000-0xffff]
[961405.890608] pci_bus 0001:10: root bus resource [mem 0x00000000-0x7fffffffff]
[961405.890610] pci_bus 0001:10: root bus resource [bus 00-ff]
[961405.890632] pci 0001:10:00.0: [0c51:0110] type 00 class 0x010802 PCIe Endpoint
[961405.890636] pci 0001:10:00.0: BAR 0 [mem 0x100000000-0x100003fff 64bit]
[961405.890639] pci 0001:10:00.0: enabling Extended Tags
[961405.890761] NVMeVirt: Virtual PCI bus created (node 0)
[961405.891057] NVMeVirt: nvmev_io_worker_0 started on cpu 2 (node 0)
[961405.891088] NVMeVirt: nvmev_dispatcher started on cpu 1 (node 0)
[961405.891164] NVMeVirt: Virtual NVMe device created
[961405.891342] nvme nvme0: pci function 0001:10:00.0
[961405.895599] nvme nvme0: 8/0/0 default/read/poll queues
[961405.972600] EXT4-fs (nvme0n1): mounted filesystem c39be950-6b9f-46ff-8301-614a7e32ba47 r/w with ordered data mode. Quota mode: none.
[961487.996588] NVMeVirt: Fixed CAT init ns=0 part=0 arm=47 k=10 scale_pct=25 age_ratio=16
[961487.996594] NVMeVirt: Fixed CAT init ns=0 part=1 arm=47 k=10 scale_pct=25 age_ratio=16
[961487.996597] NVMeVirt: Fixed CAT init ns=0 part=2 arm=47 k=10 scale_pct=25 age_ratio=16
[961487.996600] NVMeVirt: Fixed CAT init ns=0 part=3 arm=47 k=10 scale_pct=25 age_ratio=16
[961487.996602] NVMeVirt: Measurement: command=start epoch=1 host_bytes=0 learner_active=1
[961488.005172] mix-mixQ-fixed47-213721 phase=A START
[961788.310552] mix-mixQ-fixed47-213721 phase=A END
[961788.318539] mix-mixQ-fixed47-213721 phase=B START idle=300
[962088.333556] mix-mixQ-fixed47-213721 phase=B END
[962088.340760] mix-mixQ-fixed47-213721 phase=C START
[962388.642381] mix-mixQ-fixed47-213721 phase=C END
[962388.645566] NVMeVirt: Measurement: command=stop epoch=1 host_bytes=98306711552 learner_active=0
[962388.706138] EXT4-fs (nvme0n1): unmounting filesystem c39be950-6b9f-46ff-8301-614a7e32ba47.
[962388.777284] pci_bus 0001:10: busn_res: [bus 10-ff] is released
[962388.777376] NVMeVirt: GC stats: ns=0 policy=cat-fig7-fixed host_pages=24000662 gc_pages=17718129 gc_count=651857 WAF=1.738 warmup_gc=100-per-part
[962388.853012] NVMeVirt: Virtual NVMe device closed
