[788012.180969] mix-mixL-fixed47-4019086 BEGIN
[788012.192201] NVMeVirt: Version 1.10 for >> Samsung 970 Pro SSD <<
[788012.192208] NVMeVirt: Storage: 0x100100000-0x300000000 (8191 MiB)
[788012.203442] NVMeVirt: Total Capacity(GiB,MiB)=2,2048 chs=2 luns=4 lines=8192 blk-size(MiB,KiB)=0,64 line-size(MiB,KiB)=0,256
[788012.217576] NVMeVirt: [chmodel_init] bandwidth 800 max_credits 26 tx_time 152
[788012.231021] NVMeVirt: [chmodel_init] bandwidth 800 max_credits 26 tx_time 152
[788012.231035] NVMeVirt: [chmodel_init] bandwidth 3360 max_credits 110 tx_time 36
[788012.231038] NVMeVirt: Fixed CAT init ns=0 part=0 arm=47 k=10 scale_pct=25 age_ratio=16
[788012.231984] NVMeVirt: pqueue: Copyright (c) 2014, Volkan Yazıcı <volkan.yazici@gmail.com>. All rights reserved.
[788012.232021] NVMeVirt: Init FTL instance with 2 channels (524288 pages)
[788012.232023] NVMeVirt: GC victim policy: cat-fig7-fixed ns=0 part=0 initial_k=10 initial_scale_pct=25 initial_age_ratio=16 warmup_gc=100
[788012.245174] NVMeVirt: [chmodel_init] bandwidth 800 max_credits 26 tx_time 152
[788012.256916] NVMeVirt: [chmodel_init] bandwidth 800 max_credits 26 tx_time 152
[788012.256932] NVMeVirt: [chmodel_init] bandwidth 3360 max_credits 110 tx_time 36
[788012.256935] NVMeVirt: Fixed CAT init ns=0 part=1 arm=47 k=10 scale_pct=25 age_ratio=16
[788012.257931] NVMeVirt: Init FTL instance with 2 channels (524288 pages)
[788012.257934] NVMeVirt: GC victim policy: cat-fig7-fixed ns=0 part=1 initial_k=10 initial_scale_pct=25 initial_age_ratio=16 warmup_gc=100
[788012.268810] NVMeVirt: [chmodel_init] bandwidth 800 max_credits 26 tx_time 152
[788012.279805] NVMeVirt: [chmodel_init] bandwidth 800 max_credits 26 tx_time 152
[788012.279819] NVMeVirt: [chmodel_init] bandwidth 3360 max_credits 110 tx_time 36
[788012.279821] NVMeVirt: Fixed CAT init ns=0 part=2 arm=47 k=10 scale_pct=25 age_ratio=16
[788012.280840] NVMeVirt: Init FTL instance with 2 channels (524288 pages)
[788012.280842] NVMeVirt: GC victim policy: cat-fig7-fixed ns=0 part=2 initial_k=10 initial_scale_pct=25 initial_age_ratio=16 warmup_gc=100
[788012.291743] NVMeVirt: [chmodel_init] bandwidth 800 max_credits 26 tx_time 152
[788012.302544] NVMeVirt: [chmodel_init] bandwidth 800 max_credits 26 tx_time 152
[788012.302562] NVMeVirt: [chmodel_init] bandwidth 3360 max_credits 110 tx_time 36
[788012.302564] NVMeVirt: Fixed CAT init ns=0 part=3 arm=47 k=10 scale_pct=25 age_ratio=16
[788012.303952] NVMeVirt: Init FTL instance with 2 channels (524288 pages)
[788012.303955] NVMeVirt: GC victim policy: cat-fig7-fixed ns=0 part=3 initial_k=10 initial_scale_pct=25 initial_age_ratio=16 warmup_gc=100
[788012.303965] NVMeVirt: FTL physical space: 8588886016, logical space: 8026996276 (physical/logical * 100 = 107)
[788012.303967] NVMeVirt: ns 0/1: size 7655 MiB
[788012.304040] PCI host bridge to bus 0001:10
[788012.304043] pci_bus 0001:10: root bus resource [io  0x0000-0xffff]
[788012.304047] pci_bus 0001:10: root bus resource [mem 0x00000000-0x7fffffffff]
[788012.304049] pci_bus 0001:10: root bus resource [bus 00-ff]
[788012.304059] pci 0001:10:00.0: [0c51:0110] type 00 class 0x010802 PCIe Endpoint
[788012.304063] pci 0001:10:00.0: BAR 0 [mem 0x100000000-0x100003fff 64bit]
[788012.304066] pci 0001:10:00.0: enabling Extended Tags
[788012.304261] NVMeVirt: Virtual PCI bus created (node 0)
[788012.304729] NVMeVirt: nvmev_io_worker_0 started on cpu 2 (node 0)
[788012.304824] NVMeVirt: Virtual NVMe device created
[788012.305773] NVMeVirt: nvmev_dispatcher started on cpu 1 (node 0)
[788012.305998] nvme nvme0: pci function 0001:10:00.0
[788012.308179] nvme nvme0: 8/0/0 default/read/poll queues
[788012.385022] EXT4-fs (nvme0n1): mounted filesystem d40a7b11-b22d-4e0a-a96d-ad85d7b0b0d3 r/w with ordered data mode. Quota mode: none.
[788094.409986] NVMeVirt: Fixed CAT init ns=0 part=0 arm=47 k=10 scale_pct=25 age_ratio=16
[788094.409992] NVMeVirt: Fixed CAT init ns=0 part=1 arm=47 k=10 scale_pct=25 age_ratio=16
[788094.409995] NVMeVirt: Fixed CAT init ns=0 part=2 arm=47 k=10 scale_pct=25 age_ratio=16
[788094.409998] NVMeVirt: Fixed CAT init ns=0 part=3 arm=47 k=10 scale_pct=25 age_ratio=16
[788094.410000] NVMeVirt: Measurement: command=start epoch=1 host_bytes=0 learner_active=1
[788094.419468] mix-mixL-fixed47-4019086 phase=A START
[788094.427345] mix-mixL-fixed47-4019086 phase=A cycle=1 fast
[788154.735686] mix-mixL-fixed47-4019086 phase=A cycle=1 slow
[788215.045710] mix-mixL-fixed47-4019086 phase=A cycle=2 fast
[788275.343593] mix-mixL-fixed47-4019086 phase=A cycle=2 slow
[788335.645573] mix-mixL-fixed47-4019086 phase=A cycle=3 fast
[788395.955485] mix-mixL-fixed47-4019086 phase=A cycle=3 slow
[788456.265904] mix-mixL-fixed47-4019086 phase=A cycle=4 fast
[788516.574945] mix-mixL-fixed47-4019086 phase=A cycle=4 slow
[788576.870043] mix-mixL-fixed47-4019086 phase=A cycle=5 fast
[788637.173390] mix-mixL-fixed47-4019086 phase=A cycle=5 slow
[788697.487443] mix-mixL-fixed47-4019086 phase=A END
[788697.493738] NVMeVirt: Measurement: command=stop epoch=1 host_bytes=61442277376 learner_active=0
[788697.566593] EXT4-fs (nvme0n1): unmounting filesystem d40a7b11-b22d-4e0a-a96d-ad85d7b0b0d3.
[788697.630069] pci_bus 0001:10: busn_res: [bus 10-ff] is released
[788697.630250] NVMeVirt: GC stats: ns=0 policy=cat-fig7-fixed host_pages=15000556 gc_pages=8212643 gc_count=362707 WAF=1.547 warmup_gc=100-per-part
[788697.716211] NVMeVirt: Virtual NVMe device closed
