[689038.827019] mix-mixA-arm56-3937382 BEGIN
[689038.860162] NVMeVirt: Version 1.10 for >> Samsung 970 Pro SSD <<
[689038.860168] NVMeVirt: Storage: 0x100100000-0x300000000 (8191 MiB)
[689038.871233] NVMeVirt: Total Capacity(GiB,MiB)=2,2048 chs=2 luns=4 lines=8192 blk-size(MiB,KiB)=0,64 line-size(MiB,KiB)=0,256
[689038.882725] NVMeVirt: [chmodel_init] bandwidth 800 max_credits 26 tx_time 152
[689038.893622] NVMeVirt: [chmodel_init] bandwidth 800 max_credits 26 tx_time 152
[689038.893636] NVMeVirt: [chmodel_init] bandwidth 3360 max_credits 110 tx_time 36
[689038.893638] NVMeVirt: Fixed CAT init ns=0 part=0 arm=56 k=10 scale_pct=200 age_ratio=16
[689038.894576] NVMeVirt: pqueue: Copyright (c) 2014, Volkan Yazıcı <volkan.yazici@gmail.com>. All rights reserved.
[689038.894613] NVMeVirt: Init FTL instance with 2 channels (524288 pages)
[689038.894615] NVMeVirt: GC victim policy: cat-fig7-fixed ns=0 part=0 initial_k=10 initial_scale_pct=200 initial_age_ratio=16 warmup_gc=100
[689038.905307] NVMeVirt: [chmodel_init] bandwidth 800 max_credits 26 tx_time 152
[689038.916089] NVMeVirt: [chmodel_init] bandwidth 800 max_credits 26 tx_time 152
[689038.916102] NVMeVirt: [chmodel_init] bandwidth 3360 max_credits 110 tx_time 36
[689038.916104] NVMeVirt: Fixed CAT init ns=0 part=1 arm=56 k=10 scale_pct=200 age_ratio=16
[689038.917083] NVMeVirt: Init FTL instance with 2 channels (524288 pages)
[689038.917085] NVMeVirt: GC victim policy: cat-fig7-fixed ns=0 part=1 initial_k=10 initial_scale_pct=200 initial_age_ratio=16 warmup_gc=100
[689038.928248] NVMeVirt: [chmodel_init] bandwidth 800 max_credits 26 tx_time 152
[689038.938773] NVMeVirt: [chmodel_init] bandwidth 800 max_credits 26 tx_time 152
[689038.938786] NVMeVirt: [chmodel_init] bandwidth 3360 max_credits 110 tx_time 36
[689038.938789] NVMeVirt: Fixed CAT init ns=0 part=2 arm=56 k=10 scale_pct=200 age_ratio=16
[689038.939764] NVMeVirt: Init FTL instance with 2 channels (524288 pages)
[689038.939767] NVMeVirt: GC victim policy: cat-fig7-fixed ns=0 part=2 initial_k=10 initial_scale_pct=200 initial_age_ratio=16 warmup_gc=100
[689038.950439] NVMeVirt: [chmodel_init] bandwidth 800 max_credits 26 tx_time 152
[689038.961224] NVMeVirt: [chmodel_init] bandwidth 800 max_credits 26 tx_time 152
[689038.961238] NVMeVirt: [chmodel_init] bandwidth 3360 max_credits 110 tx_time 36
[689038.961240] NVMeVirt: Fixed CAT init ns=0 part=3 arm=56 k=10 scale_pct=200 age_ratio=16
[689038.962230] NVMeVirt: Init FTL instance with 2 channels (524288 pages)
[689038.962232] NVMeVirt: GC victim policy: cat-fig7-fixed ns=0 part=3 initial_k=10 initial_scale_pct=200 initial_age_ratio=16 warmup_gc=100
[689038.962239] NVMeVirt: FTL physical space: 8588886016, logical space: 8026996276 (physical/logical * 100 = 107)
[689038.962241] NVMeVirt: ns 0/1: size 7655 MiB
[689038.962292] PCI host bridge to bus 0001:10
[689038.962294] pci_bus 0001:10: root bus resource [io  0x0000-0xffff]
[689038.962296] pci_bus 0001:10: root bus resource [mem 0x00000000-0x7fffffffff]
[689038.962298] pci_bus 0001:10: root bus resource [bus 00-ff]
[689038.962320] pci 0001:10:00.0: [0c51:0110] type 00 class 0x010802 PCIe Endpoint
[689038.962324] pci 0001:10:00.0: BAR 0 [mem 0x100000000-0x100003fff 64bit]
[689038.962326] pci 0001:10:00.0: enabling Extended Tags
[689038.962450] NVMeVirt: Virtual PCI bus created (node 0)
[689038.962719] NVMeVirt: nvmev_io_worker_0 started on cpu 2 (node 0)
[689038.962750] NVMeVirt: nvmev_dispatcher started on cpu 1 (node 0)
[689038.962775] NVMeVirt: Virtual NVMe device created
[689038.964830] nvme nvme0: pci function 0001:10:00.0
[689038.969313] nvme nvme0: 8/0/0 default/read/poll queues
[689039.447865] EXT4-fs (nvme0n1): mounted filesystem ed2b3bdd-3c3d-451d-85d1-bc67a9331fd1 r/w with ordered data mode. Quota mode: none.
[689121.626162] NVMeVirt: Fixed CAT init ns=0 part=0 arm=56 k=10 scale_pct=200 age_ratio=16
[689121.626169] NVMeVirt: Fixed CAT init ns=0 part=1 arm=56 k=10 scale_pct=200 age_ratio=16
[689121.626172] NVMeVirt: Fixed CAT init ns=0 part=2 arm=56 k=10 scale_pct=200 age_ratio=16
[689121.626175] NVMeVirt: Fixed CAT init ns=0 part=3 arm=56 k=10 scale_pct=200 age_ratio=16
[689121.626177] NVMeVirt: Measurement: command=start epoch=1 host_bytes=0 learner_active=1
[689121.634581] mix-mixA-arm56-3937382 phase=A START
[689721.942760] mix-mixA-arm56-3937382 phase=A END
[689721.950700] mix-mixA-arm56-3937382 phase=B START
[689721.961439] mix-mixA-arm56-3937382 phase=B LOAD
[689750.249095] mix-mixA-arm56-3937382 phase=B RUN
[689754.475866] tee (3937994): drop_caches: 3
[689759.943367] tee (3938000): drop_caches: 3
[689765.382417] tee (3938005): drop_caches: 3
[689770.250923] tee (3938009): drop_caches: 3
[689775.209691] tee (3938014): drop_caches: 3
[689780.188506] tee (3938018): drop_caches: 3
[689785.174786] tee (3938023): drop_caches: 3
[689790.240432] tee (3938028): drop_caches: 3
[689794.742917] tee (3938035): drop_caches: 3
[689799.847098] tee (3938039): drop_caches: 3
[689804.897797] tee (3938043): drop_caches: 3
[689809.831208] tee (3938047): drop_caches: 3
[689814.744921] tee (3938051): drop_caches: 3
[689819.741025] tee (3938055): drop_caches: 3
[689824.068315] tee (3938062): drop_caches: 3
[689829.070979] tee (3938067): drop_caches: 3
[689833.944300] tee (3938072): drop_caches: 3
[689839.676279] tee (3938103): drop_caches: 3
[689846.844919] tee (3938116): drop_caches: 3
[689852.516089] tee (3938135): drop_caches: 3
[689857.985517] tee (3938141): drop_caches: 3
[689862.998766] tee (3938145): drop_caches: 3
[689868.149480] tee (3938151): drop_caches: 3
[689873.020718] tee (3938155): drop_caches: 3
[689877.953492] tee (3938159): drop_caches: 3
[689882.888642] tee (3938163): drop_caches: 3
[689887.691792] tee (3938171): drop_caches: 3
[689892.666800] tee (3938175): drop_caches: 3
[689897.591829] tee (3938179): drop_caches: 3
[689902.461347] tee (3938183): drop_caches: 3
[689907.335061] tee (3938192): drop_caches: 3
[689912.265271] tee (3938196): drop_caches: 3
[689916.603184] tee (3938204): drop_caches: 3
[689921.715413] tee (3938212): drop_caches: 3
[689926.540512] tee (3938216): drop_caches: 3
[689931.444056] tee (3938222): drop_caches: 3
[689937.422023] tee (3938238): drop_caches: 3
[689942.800204] tee (3938243): drop_caches: 3
[689947.626983] tee (3938248): drop_caches: 3
[689952.782908] tee (3938254): drop_caches: 3
[689957.646983] tee (3938260): drop_caches: 3
[689962.519929] tee (3938264): drop_caches: 3
[689967.439935] tee (3938268): drop_caches: 3
[689972.353005] tee (3938273): drop_caches: 3
[689977.026414] tee (3938280): drop_caches: 3
[689981.378011] tee (3938287): drop_caches: 3
[689986.428562] tee (3938291): drop_caches: 3
[689991.281902] tee (3938295): drop_caches: 3
[689996.144314] tee (3938299): drop_caches: 3
[690001.104611] tee (3938303): drop_caches: 3
[690006.162423] tee (3938307): drop_caches: 3
[690010.561355] tee (3938314): drop_caches: 3
[690015.686631] tee (3938318): drop_caches: 3
[690020.649393] tee (3938322): drop_caches: 3
[690025.605664] tee (3938326): drop_caches: 3
[690030.823452] tee (3938333): drop_caches: 3
[690035.825056] tee (3938337): drop_caches: 3
[690041.292773] tee (3938349): drop_caches: 3
[690046.609619] tee (3938362): drop_caches: 3
[690051.503821] tee (3938368): drop_caches: 3
[690056.495730] tee (3938372): drop_caches: 3
[690061.401339] tee (3938376): drop_caches: 3
[690066.296731] tee (3938380): drop_caches: 3
[690073.625004] tee (3938388): drop_caches: 3
[690077.576927] mix-mixA-arm56-3937382 phase=B END
[690077.733345] NVMeVirt: Measurement: command=stop epoch=1 host_bytes=131525763072 learner_active=0
[690081.394729] EXT4-fs (nvme0n1): unmounting filesystem ed2b3bdd-3c3d-451d-85d1-bc67a9331fd1.
[690081.643851] pci_bus 0001:10: busn_res: [bus 10-ff] is released
[690081.643893] NVMeVirt: GC stats: ns=0 policy=cat-fig7-fixed host_pages=32110782 gc_pages=30150610 gc_count=972834 WAF=1.938 warmup_gc=100-per-part
[690081.714591] NVMeVirt: Virtual NVMe device closed
