[334456.308380] measured-cat-15-397836
[334456.321754] NVMeVirt: Version 1.10 for >> Samsung 970 Pro SSD <<
[334456.321760] NVMeVirt: Storage: 0x100100000-0x300000000 (8191 MiB)
[334456.333208] NVMeVirt: Total Capacity(GiB,MiB)=2,2048 chs=2 luns=4 lines=8192 blk-size(MiB,KiB)=0,64 line-size(MiB,KiB)=0,256
[334456.343746] NVMeVirt: [chmodel_init] bandwidth 800 max_credits 26 tx_time 152
[334456.354300] NVMeVirt: [chmodel_init] bandwidth 800 max_credits 26 tx_time 152
[334456.354315] NVMeVirt: [chmodel_init] bandwidth 3360 max_credits 110 tx_time 36
[334456.355261] NVMeVirt: pqueue: Copyright (c) 2014, Volkan Yazıcı <volkan.yazici@gmail.com>. All rights reserved.
[334456.355304] NVMeVirt: Init FTL instance with 2 channels (524288 pages)
[334456.355306] NVMeVirt: GC victim policy: cat-fig7 scale_pct=100 age_ratio=7
[334456.365147] NVMeVirt: [chmodel_init] bandwidth 800 max_credits 26 tx_time 152
[334456.375465] NVMeVirt: [chmodel_init] bandwidth 800 max_credits 26 tx_time 152
[334456.375485] NVMeVirt: [chmodel_init] bandwidth 3360 max_credits 110 tx_time 36
[334456.376797] NVMeVirt: Init FTL instance with 2 channels (524288 pages)
[334456.376801] NVMeVirt: GC victim policy: cat-fig7 scale_pct=100 age_ratio=7
[334456.387198] NVMeVirt: [chmodel_init] bandwidth 800 max_credits 26 tx_time 152
[334456.397115] NVMeVirt: [chmodel_init] bandwidth 800 max_credits 26 tx_time 152
[334456.397130] NVMeVirt: [chmodel_init] bandwidth 3360 max_credits 110 tx_time 36
[334456.398060] NVMeVirt: Init FTL instance with 2 channels (524288 pages)
[334456.398063] NVMeVirt: GC victim policy: cat-fig7 scale_pct=100 age_ratio=7
[334456.408238] NVMeVirt: [chmodel_init] bandwidth 800 max_credits 26 tx_time 152
[334456.418383] NVMeVirt: [chmodel_init] bandwidth 800 max_credits 26 tx_time 152
[334456.418398] NVMeVirt: [chmodel_init] bandwidth 3360 max_credits 110 tx_time 36
[334456.419548] NVMeVirt: Init FTL instance with 2 channels (524288 pages)
[334456.419553] NVMeVirt: GC victim policy: cat-fig7 scale_pct=100 age_ratio=7
[334456.419559] NVMeVirt: FTL physical space: 8588886016, logical space: 8026996276 (physical/logical * 100 = 107)
[334456.419561] NVMeVirt: ns 0/1: size 7655 MiB
[334456.419609] PCI host bridge to bus 0001:10
[334456.419611] pci_bus 0001:10: root bus resource [io  0x0000-0xffff]
[334456.419614] pci_bus 0001:10: root bus resource [mem 0x00000000-0x7fffffffff]
[334456.419616] pci_bus 0001:10: root bus resource [bus 00-ff]
[334456.419623] pci 0001:10:00.0: [0c51:0110] type 00 class 0x010802 PCIe Endpoint
[334456.419627] pci 0001:10:00.0: BAR 0 [mem 0x100000000-0x100003fff 64bit]
[334456.419629] pci 0001:10:00.0: enabling Extended Tags
[334456.419770] NVMeVirt: Virtual PCI bus created (node 0)
[334456.420215] NVMeVirt: nvmev_dispatcher started on cpu 1 (node 0)
[334456.420253] NVMeVirt: Virtual NVMe device created
[334456.421151] nvme nvme0: pci function 0001:10:00.0
[334456.421641] NVMeVirt: nvmev_io_worker_0 started on cpu 2 (node 0)
[334456.423037] nvme nvme0: 8/0/0 default/read/poll queues
[334456.496116] EXT4-fs (nvme0n1): mounted filesystem 0def96d6-db7e-4560-a194-0bec632b65da r/w with ordered data mode. Quota mode: none.
[334538.510545] NVMeVirt: Measurement: command=start epoch=1 host_bytes=0 host_pages=0 gc_pages=0
[334564.985209] NVMeVirt: GC window: seq=0 host_pages=262144 gc_pages=216368 WAF=1.825 cum_host=262144 cum_gc=216368
[334591.198670] NVMeVirt: GC window: seq=1 host_pages=262144 gc_pages=248941 WAF=1.949 cum_host=524288 cum_gc=465309
[334617.411884] NVMeVirt: GC window: seq=2 host_pages=262144 gc_pages=142750 WAF=1.544 cum_host=786432 cum_gc=608059
[334643.625094] NVMeVirt: GC window: seq=3 host_pages=262144 gc_pages=162732 WAF=1.620 cum_host=1048576 cum_gc=770791
[334669.838551] NVMeVirt: GC window: seq=4 host_pages=262144 gc_pages=225581 WAF=1.860 cum_host=1310720 cum_gc=996372
[334696.051762] NVMeVirt: GC window: seq=5 host_pages=262144 gc_pages=243761 WAF=1.929 cum_host=1572864 cum_gc=1240133
[334722.265231] NVMeVirt: GC window: seq=6 host_pages=262144 gc_pages=214730 WAF=1.819 cum_host=1835008 cum_gc=1454863
[334748.478436] NVMeVirt: GC window: seq=7 host_pages=262144 gc_pages=162709 WAF=1.620 cum_host=2097152 cum_gc=1617572
[334774.691658] NVMeVirt: GC window: seq=8 host_pages=262144 gc_pages=166501 WAF=1.635 cum_host=2359296 cum_gc=1784073
[334800.905114] NVMeVirt: GC window: seq=9 host_pages=262144 gc_pages=208210 WAF=1.794 cum_host=2621440 cum_gc=1992283
[334827.118330] NVMeVirt: GC window: seq=10 host_pages=262144 gc_pages=201830 WAF=1.769 cum_host=2883584 cum_gc=2194113
[334853.331788] NVMeVirt: GC window: seq=11 host_pages=262144 gc_pages=171419 WAF=1.653 cum_host=3145728 cum_gc=2365532
[334879.544997] NVMeVirt: GC window: seq=12 host_pages=262144 gc_pages=140430 WAF=1.535 cum_host=3407872 cum_gc=2505962
[334905.758185] NVMeVirt: GC window: seq=13 host_pages=262144 gc_pages=157179 WAF=1.599 cum_host=3670016 cum_gc=2663141
[334931.971674] NVMeVirt: GC window: seq=14 host_pages=262144 gc_pages=189528 WAF=1.722 cum_host=3932160 cum_gc=2852669
[334958.184856] NVMeVirt: GC window: seq=15 host_pages=262144 gc_pages=179573 WAF=1.685 cum_host=4194304 cum_gc=3032242
[334984.398351] NVMeVirt: GC window: seq=16 host_pages=262144 gc_pages=153358 WAF=1.585 cum_host=4456448 cum_gc=3185600
[335010.611536] NVMeVirt: GC window: seq=17 host_pages=262144 gc_pages=127175 WAF=1.485 cum_host=4718592 cum_gc=3312775
[335036.824647] NVMeVirt: GC window: seq=18 host_pages=262144 gc_pages=147538 WAF=1.562 cum_host=4980736 cum_gc=3460313
[335063.038179] NVMeVirt: GC window: seq=19 host_pages=262144 gc_pages=167034 WAF=1.637 cum_host=5242880 cum_gc=3627347
[335089.251330] NVMeVirt: GC window: seq=20 host_pages=262144 gc_pages=154546 WAF=1.589 cum_host=5505024 cum_gc=3781893
[335115.464879] NVMeVirt: GC window: seq=21 host_pages=262144 gc_pages=124398 WAF=1.474 cum_host=5767168 cum_gc=3906291
[335138.819728] NVMeVirt: Measurement: command=stop epoch=1 host_bytes=24577589248 host_pages=6000388 gc_pages=3998663
[335138.851834] EXT4-fs (nvme0n1): unmounting filesystem 0def96d6-db7e-4560-a194-0bec632b65da.
[335138.917811] pci_bus 0001:10: busn_res: [bus 10-ff] is released
[335138.917910] NVMeVirt: GC stats: policy=cat-fig7 age_mode=create host_pages=6000388 gc_pages=3998663 gc_count=156235 WAF=1.666 scale_pct=100 age_ratio=7
[335138.917915] NVMeVirt: GC victim hist: level=0 count=114
[335138.917916] NVMeVirt: GC victim hist: level=1 count=586
[335138.917917] NVMeVirt: GC victim hist: level=2 count=36604
[335138.917918] NVMeVirt: GC victim hist: level=3 count=62346
[335138.917919] NVMeVirt: GC victim hist: level=4 count=24982
[335138.917920] NVMeVirt: GC victim hist: level=5 count=30208
[335138.917921] NVMeVirt: GC victim hist: level=6 count=1395
[335138.917922] NVMeVirt: GC victim mean: victims=156235 vpc=25.59 age_ms=98135
[335138.975727] NVMeVirt: Virtual NVMe device closed
