[1686400.625092] mix-mixK-arm35-2206266 BEGIN
[1686400.728953] NVMeVirt: Version 1.10 for >> Samsung 970 Pro SSD <<
[1686400.728959] NVMeVirt: Storage: 0x100100000-0x300000000 (8191 MiB)
[1686400.739355] NVMeVirt: Total Capacity(GiB,MiB)=2,2048 chs=2 luns=4 lines=8192 blk-size(MiB,KiB)=0,64 line-size(MiB,KiB)=0,256
[1686400.750684] NVMeVirt: [chmodel_init] bandwidth 800 max_credits 26 tx_time 152
[1686400.761713] NVMeVirt: [chmodel_init] bandwidth 800 max_credits 26 tx_time 152
[1686400.761727] NVMeVirt: [chmodel_init] bandwidth 3360 max_credits 110 tx_time 36
[1686400.761729] NVMeVirt: Fixed CAT init ns=0 part=0 arm=35 k=7 scale_pct=50 age_ratio=16
[1686400.763010] NVMeVirt: pqueue: Copyright (c) 2014, Volkan Yazıcı <volkan.yazici@gmail.com>. All rights reserved.
[1686400.763046] NVMeVirt: Init FTL instance with 2 channels (524288 pages)
[1686400.763047] NVMeVirt: GC victim policy: cat-fig7-fixed ns=0 part=0 initial_k=7 initial_scale_pct=50 initial_age_ratio=16 warmup_gc=100
[1686400.773551] NVMeVirt: [chmodel_init] bandwidth 800 max_credits 26 tx_time 152
[1686400.784070] NVMeVirt: [chmodel_init] bandwidth 800 max_credits 26 tx_time 152
[1686400.784084] NVMeVirt: [chmodel_init] bandwidth 3360 max_credits 110 tx_time 36
[1686400.784087] NVMeVirt: Fixed CAT init ns=0 part=1 arm=35 k=7 scale_pct=50 age_ratio=16
[1686400.785292] NVMeVirt: Init FTL instance with 2 channels (524288 pages)
[1686400.785295] NVMeVirt: GC victim policy: cat-fig7-fixed ns=0 part=1 initial_k=7 initial_scale_pct=50 initial_age_ratio=16 warmup_gc=100
[1686400.795621] NVMeVirt: [chmodel_init] bandwidth 800 max_credits 26 tx_time 152
[1686400.806008] NVMeVirt: [chmodel_init] bandwidth 800 max_credits 26 tx_time 152
[1686400.806023] NVMeVirt: [chmodel_init] bandwidth 3360 max_credits 110 tx_time 36
[1686400.806025] NVMeVirt: Fixed CAT init ns=0 part=2 arm=35 k=7 scale_pct=50 age_ratio=16
[1686400.807241] NVMeVirt: Init FTL instance with 2 channels (524288 pages)
[1686400.807243] NVMeVirt: GC victim policy: cat-fig7-fixed ns=0 part=2 initial_k=7 initial_scale_pct=50 initial_age_ratio=16 warmup_gc=100
[1686400.817554] NVMeVirt: [chmodel_init] bandwidth 800 max_credits 26 tx_time 152
[1686400.827759] NVMeVirt: [chmodel_init] bandwidth 800 max_credits 26 tx_time 152
[1686400.827772] NVMeVirt: [chmodel_init] bandwidth 3360 max_credits 110 tx_time 36
[1686400.827774] NVMeVirt: Fixed CAT init ns=0 part=3 arm=35 k=7 scale_pct=50 age_ratio=16
[1686400.829080] NVMeVirt: Init FTL instance with 2 channels (524288 pages)
[1686400.829082] NVMeVirt: GC victim policy: cat-fig7-fixed ns=0 part=3 initial_k=7 initial_scale_pct=50 initial_age_ratio=16 warmup_gc=100
[1686400.829088] NVMeVirt: FTL physical space: 8588886016, logical space: 8026996276 (physical/logical * 100 = 107)
[1686400.829090] NVMeVirt: ns 0/1: size 7655 MiB
[1686400.829140] PCI host bridge to bus 0001:10
[1686400.829142] pci_bus 0001:10: root bus resource [io  0x0000-0xffff]
[1686400.829145] pci_bus 0001:10: root bus resource [mem 0x00000000-0x7fffffffff]
[1686400.829147] pci_bus 0001:10: root bus resource [bus 00-ff]
[1686400.829168] pci 0001:10:00.0: [0c51:0110] type 00 class 0x010802 PCIe Endpoint
[1686400.829172] pci 0001:10:00.0: BAR 0 [mem 0x100000000-0x100003fff 64bit]
[1686400.829175] pci 0001:10:00.0: enabling Extended Tags
[1686400.829302] NVMeVirt: Virtual PCI bus created (node 0)
[1686400.829666] NVMeVirt: nvmev_io_worker_0 started on cpu 2 (node 0)
[1686400.829783] NVMeVirt: Virtual NVMe device created
[1686400.829799] NVMeVirt: nvmev_dispatcher started on cpu 1 (node 0)
[1686400.830440] nvme nvme0: pci function 0001:10:00.0
[1686400.833329] nvme nvme0: 8/0/0 default/read/poll queues
[1686401.231103] EXT4-fs (nvme0n1): mounted filesystem a9d30db6-82cd-4199-b96a-62d81ea42ed8 r/w with ordered data mode. Quota mode: none.
[1686483.578355] NVMeVirt: Fixed CAT init ns=0 part=0 arm=35 k=7 scale_pct=50 age_ratio=16
[1686483.578360] NVMeVirt: Fixed CAT init ns=0 part=1 arm=35 k=7 scale_pct=50 age_ratio=16
[1686483.578362] NVMeVirt: Fixed CAT init ns=0 part=2 arm=35 k=7 scale_pct=50 age_ratio=16
[1686483.578364] NVMeVirt: Fixed CAT init ns=0 part=3 arm=35 k=7 scale_pct=50 age_ratio=16
[1686483.578366] NVMeVirt: Measurement: command=start epoch=1 host_bytes=0 learner_active=1
[1686483.586031] mix-mixK-arm35-2206266 phase=A START
[1687083.895676] mix-mixK-arm35-2206266 phase=A END
[1687083.902648] mix-mixK-arm35-2206266 phase=B START
[1687684.242689] mix-mixK-arm35-2206266 phase=B END
[1687684.245872] NVMeVirt: Measurement: command=stop epoch=1 host_bytes=196637143040 learner_active=0
[1687684.335209] EXT4-fs (nvme0n1): unmounting filesystem a9d30db6-82cd-4199-b96a-62d81ea42ed8.
[1687684.401471] pci_bus 0001:10: busn_res: [bus 10-ff] is released
[1687684.401535] NVMeVirt: GC stats: ns=0 policy=cat-fig7-fixed host_pages=48007115 gc_pages=40095930 gc_count=1376610 WAF=1.835 warmup_gc=100-per-part
[1687684.475244] NVMeVirt: Virtual NVMe device closed
