[1732377.888883] mix-mixL-arm56-2317745 BEGIN
[1732378.062584] NVMeVirt: Version 1.10 for >> Samsung 970 Pro SSD <<
[1732378.062606] NVMeVirt: Storage: 0x100100000-0x300000000 (8191 MiB)
[1732378.073619] NVMeVirt: Total Capacity(GiB,MiB)=2,2048 chs=2 luns=4 lines=8192 blk-size(MiB,KiB)=0,64 line-size(MiB,KiB)=0,256
[1732378.085176] NVMeVirt: [chmodel_init] bandwidth 800 max_credits 26 tx_time 152
[1732378.096659] NVMeVirt: [chmodel_init] bandwidth 800 max_credits 26 tx_time 152
[1732378.096680] NVMeVirt: [chmodel_init] bandwidth 3360 max_credits 110 tx_time 36
[1732378.096682] NVMeVirt: Fixed CAT init ns=0 part=0 arm=56 k=10 scale_pct=200 age_ratio=16
[1732378.097997] NVMeVirt: pqueue: Copyright (c) 2014, Volkan Yazıcı <volkan.yazici@gmail.com>. All rights reserved.
[1732378.098052] NVMeVirt: Init FTL instance with 2 channels (524288 pages)
[1732378.098054] NVMeVirt: GC victim policy: cat-fig7-fixed ns=0 part=0 initial_k=10 initial_scale_pct=200 initial_age_ratio=16 warmup_gc=100
[1732378.108717] NVMeVirt: [chmodel_init] bandwidth 800 max_credits 26 tx_time 152
[1732378.119242] NVMeVirt: [chmodel_init] bandwidth 800 max_credits 26 tx_time 152
[1732378.119256] NVMeVirt: [chmodel_init] bandwidth 3360 max_credits 110 tx_time 36
[1732378.119258] NVMeVirt: Fixed CAT init ns=0 part=1 arm=56 k=10 scale_pct=200 age_ratio=16
[1732378.120227] NVMeVirt: Init FTL instance with 2 channels (524288 pages)
[1732378.120230] NVMeVirt: GC victim policy: cat-fig7-fixed ns=0 part=1 initial_k=10 initial_scale_pct=200 initial_age_ratio=16 warmup_gc=100
[1732378.130894] NVMeVirt: [chmodel_init] bandwidth 800 max_credits 26 tx_time 152
[1732378.141615] NVMeVirt: [chmodel_init] bandwidth 800 max_credits 26 tx_time 152
[1732378.141630] NVMeVirt: [chmodel_init] bandwidth 3360 max_credits 110 tx_time 36
[1732378.141632] NVMeVirt: Fixed CAT init ns=0 part=2 arm=56 k=10 scale_pct=200 age_ratio=16
[1732378.142533] NVMeVirt: Init FTL instance with 2 channels (524288 pages)
[1732378.142537] NVMeVirt: GC victim policy: cat-fig7-fixed ns=0 part=2 initial_k=10 initial_scale_pct=200 initial_age_ratio=16 warmup_gc=100
[1732378.153152] NVMeVirt: [chmodel_init] bandwidth 800 max_credits 26 tx_time 152
[1732378.163824] NVMeVirt: [chmodel_init] bandwidth 800 max_credits 26 tx_time 152
[1732378.163843] NVMeVirt: [chmodel_init] bandwidth 3360 max_credits 110 tx_time 36
[1732378.163846] NVMeVirt: Fixed CAT init ns=0 part=3 arm=56 k=10 scale_pct=200 age_ratio=16
[1732378.165302] NVMeVirt: Init FTL instance with 2 channels (524288 pages)
[1732378.165306] NVMeVirt: GC victim policy: cat-fig7-fixed ns=0 part=3 initial_k=10 initial_scale_pct=200 initial_age_ratio=16 warmup_gc=100
[1732378.165317] NVMeVirt: FTL physical space: 8588886016, logical space: 8026996276 (physical/logical * 100 = 107)
[1732378.165319] NVMeVirt: ns 0/1: size 7655 MiB
[1732378.165387] PCI host bridge to bus 0001:10
[1732378.165390] pci_bus 0001:10: root bus resource [io  0x0000-0xffff]
[1732378.165393] pci_bus 0001:10: root bus resource [mem 0x00000000-0x7fffffffff]
[1732378.165395] pci_bus 0001:10: root bus resource [bus 00-ff]
[1732378.165405] pci 0001:10:00.0: [0c51:0110] type 00 class 0x010802 PCIe Endpoint
[1732378.165409] pci 0001:10:00.0: BAR 0 [mem 0x100000000-0x100003fff 64bit]
[1732378.165412] pci 0001:10:00.0: enabling Extended Tags
[1732378.165567] NVMeVirt: Virtual PCI bus created (node 0)
[1732378.166023] NVMeVirt: nvmev_io_worker_0 started on cpu 2 (node 0)
[1732378.166066] NVMeVirt: nvmev_dispatcher started on cpu 1 (node 0)
[1732378.166131] NVMeVirt: Virtual NVMe device created
[1732378.168663] nvme nvme0: pci function 0001:10:00.0
[1732378.171352] nvme nvme0: 8/0/0 default/read/poll queues
[1732378.500984] EXT4-fs (nvme0n1): mounted filesystem 9a6256ef-3bcd-4092-ac28-886e299d255e r/w with ordered data mode. Quota mode: none.
[1732461.004047] NVMeVirt: Fixed CAT init ns=0 part=0 arm=56 k=10 scale_pct=200 age_ratio=16
[1732461.004052] NVMeVirt: Fixed CAT init ns=0 part=1 arm=56 k=10 scale_pct=200 age_ratio=16
[1732461.004054] NVMeVirt: Fixed CAT init ns=0 part=2 arm=56 k=10 scale_pct=200 age_ratio=16
[1732461.004056] NVMeVirt: Fixed CAT init ns=0 part=3 arm=56 k=10 scale_pct=200 age_ratio=16
[1732461.004057] NVMeVirt: Measurement: command=start epoch=1 host_bytes=0 learner_active=1
[1732461.013093] mix-mixL-arm56-2317745 phase=A START
[1732461.022333] mix-mixL-arm56-2317745 phase=A cycle=1 fast
[1732521.320167] mix-mixL-arm56-2317745 phase=A cycle=1 slow
[1732581.655459] mix-mixL-arm56-2317745 phase=A cycle=2 fast
[1732641.962902] mix-mixL-arm56-2317745 phase=A cycle=2 slow
[1732702.261323] mix-mixL-arm56-2317745 phase=A cycle=3 fast
[1732762.558343] mix-mixL-arm56-2317745 phase=A cycle=3 slow
[1732822.858596] mix-mixL-arm56-2317745 phase=A cycle=4 fast
[1732883.165853] mix-mixL-arm56-2317745 phase=A cycle=4 slow
[1732943.475822] mix-mixL-arm56-2317745 phase=A cycle=5 fast
[1733003.787487] mix-mixL-arm56-2317745 phase=A cycle=5 slow
[1733064.099553] mix-mixL-arm56-2317745 phase=A END
[1733064.139278] NVMeVirt: Measurement: command=stop epoch=1 host_bytes=61442240512 learner_active=0
[1733064.248613] EXT4-fs (nvme0n1): unmounting filesystem 9a6256ef-3bcd-4092-ac28-886e299d255e.
[1733064.300632] pci_bus 0001:10: busn_res: [bus 10-ff] is released
[1733064.300751] NVMeVirt: GC stats: ns=0 policy=cat-fig7-fixed host_pages=15000547 gc_pages=10039584 gc_count=391253 WAF=1.669 warmup_gc=100-per-part
[1733064.375238] NVMeVirt: Virtual NVMe device closed
