[660185.110141] mix-mixA-arm30-3905615 BEGIN
[660185.159877] NVMeVirt: Version 1.10 for >> Samsung 970 Pro SSD <<
[660185.159883] NVMeVirt: Storage: 0x100100000-0x300000000 (8191 MiB)
[660185.170936] NVMeVirt: Total Capacity(GiB,MiB)=2,2048 chs=2 luns=4 lines=8192 blk-size(MiB,KiB)=0,64 line-size(MiB,KiB)=0,256
[660185.182059] NVMeVirt: [chmodel_init] bandwidth 800 max_credits 26 tx_time 152
[660185.192277] NVMeVirt: [chmodel_init] bandwidth 800 max_credits 26 tx_time 152
[660185.192291] NVMeVirt: [chmodel_init] bandwidth 3360 max_credits 110 tx_time 36
[660185.192294] NVMeVirt: Fixed CAT init ns=0 part=0 arm=30 k=7 scale_pct=25 age_ratio=4
[660185.193477] NVMeVirt: pqueue: Copyright (c) 2014, Volkan Yazıcı <volkan.yazici@gmail.com>. All rights reserved.
[660185.193515] NVMeVirt: Init FTL instance with 2 channels (524288 pages)
[660185.193517] NVMeVirt: GC victim policy: cat-fig7-fixed ns=0 part=0 initial_k=7 initial_scale_pct=25 initial_age_ratio=4 warmup_gc=100
[660185.203818] NVMeVirt: [chmodel_init] bandwidth 800 max_credits 26 tx_time 152
[660185.214312] NVMeVirt: [chmodel_init] bandwidth 800 max_credits 26 tx_time 152
[660185.214325] NVMeVirt: [chmodel_init] bandwidth 3360 max_credits 110 tx_time 36
[660185.214327] NVMeVirt: Fixed CAT init ns=0 part=1 arm=30 k=7 scale_pct=25 age_ratio=4
[660185.215646] NVMeVirt: Init FTL instance with 2 channels (524288 pages)
[660185.215649] NVMeVirt: GC victim policy: cat-fig7-fixed ns=0 part=1 initial_k=7 initial_scale_pct=25 initial_age_ratio=4 warmup_gc=100
[660185.225951] NVMeVirt: [chmodel_init] bandwidth 800 max_credits 26 tx_time 152
[660185.236038] NVMeVirt: [chmodel_init] bandwidth 800 max_credits 26 tx_time 152
[660185.236052] NVMeVirt: [chmodel_init] bandwidth 3360 max_credits 110 tx_time 36
[660185.236055] NVMeVirt: Fixed CAT init ns=0 part=2 arm=30 k=7 scale_pct=25 age_ratio=4
[660185.237313] NVMeVirt: Init FTL instance with 2 channels (524288 pages)
[660185.237316] NVMeVirt: GC victim policy: cat-fig7-fixed ns=0 part=2 initial_k=7 initial_scale_pct=25 initial_age_ratio=4 warmup_gc=100
[660185.247326] NVMeVirt: [chmodel_init] bandwidth 800 max_credits 26 tx_time 152
[660185.257316] NVMeVirt: [chmodel_init] bandwidth 800 max_credits 26 tx_time 152
[660185.257330] NVMeVirt: [chmodel_init] bandwidth 3360 max_credits 110 tx_time 36
[660185.257332] NVMeVirt: Fixed CAT init ns=0 part=3 arm=30 k=7 scale_pct=25 age_ratio=4
[660185.258629] NVMeVirt: Init FTL instance with 2 channels (524288 pages)
[660185.258632] NVMeVirt: GC victim policy: cat-fig7-fixed ns=0 part=3 initial_k=7 initial_scale_pct=25 initial_age_ratio=4 warmup_gc=100
[660185.258639] NVMeVirt: FTL physical space: 8588886016, logical space: 8026996276 (physical/logical * 100 = 107)
[660185.258640] NVMeVirt: ns 0/1: size 7655 MiB
[660185.258691] PCI host bridge to bus 0001:10
[660185.258693] pci_bus 0001:10: root bus resource [io  0x0000-0xffff]
[660185.258695] pci_bus 0001:10: root bus resource [mem 0x00000000-0x7fffffffff]
[660185.258712] pci_bus 0001:10: root bus resource [bus 00-ff]
[660185.258720] pci 0001:10:00.0: [0c51:0110] type 00 class 0x010802 PCIe Endpoint
[660185.258724] pci 0001:10:00.0: BAR 0 [mem 0x100000000-0x100003fff 64bit]
[660185.258726] pci 0001:10:00.0: enabling Extended Tags
[660185.258852] NVMeVirt: Virtual PCI bus created (node 0)
[660185.259133] NVMeVirt: nvmev_io_worker_0 started on cpu 2 (node 0)
[660185.259252] NVMeVirt: Virtual NVMe device created
[660185.259259] NVMeVirt: nvmev_dispatcher started on cpu 1 (node 0)
[660185.259425] nvme nvme0: pci function 0001:10:00.0
[660185.261067] nvme nvme0: 8/0/0 default/read/poll queues
[660185.896984] EXT4-fs (nvme0n1): mounted filesystem 78997967-8d4d-47d3-b74a-0892f17b4c8e r/w with ordered data mode. Quota mode: none.
[660268.042540] NVMeVirt: Fixed CAT init ns=0 part=0 arm=30 k=7 scale_pct=25 age_ratio=4
[660268.042546] NVMeVirt: Fixed CAT init ns=0 part=1 arm=30 k=7 scale_pct=25 age_ratio=4
[660268.042548] NVMeVirt: Fixed CAT init ns=0 part=2 arm=30 k=7 scale_pct=25 age_ratio=4
[660268.042550] NVMeVirt: Fixed CAT init ns=0 part=3 arm=30 k=7 scale_pct=25 age_ratio=4
[660268.042551] NVMeVirt: Measurement: command=start epoch=1 host_bytes=0 learner_active=1
[660268.050145] mix-mixA-arm30-3905615 phase=A START
[660868.353105] mix-mixA-arm30-3905615 phase=A END
[660868.360927] mix-mixA-arm30-3905615 phase=B START
[660868.372134] mix-mixA-arm30-3905615 phase=B LOAD
[660895.757387] mix-mixA-arm30-3905615 phase=B RUN
[660899.989046] tee (3906238): drop_caches: 3
[660905.429583] tee (3906242): drop_caches: 3
[660909.529103] tee (3906250): drop_caches: 3
[660914.774414] tee (3906254): drop_caches: 3
[660919.914824] tee (3906259): drop_caches: 3
[660924.947559] tee (3906263): drop_caches: 3
[660930.209314] tee (3906267): drop_caches: 3
[660935.283856] tee (3906271): drop_caches: 3
[660939.679330] tee (3906278): drop_caches: 3
[660944.830115] tee (3906282): drop_caches: 3
[660949.896777] tee (3906287): drop_caches: 3
[660955.037733] tee (3906291): drop_caches: 3
[660960.208525] tee (3906295): drop_caches: 3
[660965.316635] tee (3906300): drop_caches: 3
[660969.730664] tee (3906307): drop_caches: 3
[660974.940139] tee (3906311): drop_caches: 3
[660980.047843] tee (3906315): drop_caches: 3
[660985.187750] tee (3906319): drop_caches: 3
[660990.280117] tee (3906323): drop_caches: 3
[660995.477544] tee (3906327): drop_caches: 3
[661000.018782] tee (3906334): drop_caches: 3
[661005.314142] tee (3906338): drop_caches: 3
[661010.429995] tee (3906342): drop_caches: 3
[661015.571341] tee (3906347): drop_caches: 3
[661020.948529] tee (3906351): drop_caches: 3
[661026.714746] tee (3906357): drop_caches: 3
[661031.177351] tee (3906367): drop_caches: 3
[661038.676129] tee (3906398): drop_caches: 3
[661044.395759] tee (3906414): drop_caches: 3
[661049.405848] tee (3906428): drop_caches: 3
[661054.536944] tee (3906432): drop_caches: 3
[661059.679565] tee (3906436): drop_caches: 3
[661064.062088] tee (3906443): drop_caches: 3
[661069.330329] tee (3906449): drop_caches: 3
[661074.325873] tee (3906453): drop_caches: 3
[661079.302493] tee (3906457): drop_caches: 3
[661084.426373] tee (3906461): drop_caches: 3
[661089.765831] tee (3906465): drop_caches: 3
[661094.102179] tee (3906472): drop_caches: 3
[661099.378703] tee (3906476): drop_caches: 3
[661104.470703] tee (3906485): drop_caches: 3
[661109.643058] tee (3906489): drop_caches: 3
[661114.708654] tee (3906494): drop_caches: 3
[661119.848257] tee (3906498): drop_caches: 3
[661124.235107] tee (3906505): drop_caches: 3
[661129.521249] tee (3906509): drop_caches: 3
[661135.638577] tee (3906542): drop_caches: 3
[661142.214565] tee (3906555): drop_caches: 3
[661147.421744] tee (3906569): drop_caches: 3
[661152.786415] tee (3906577): drop_caches: 3
[661157.332797] tee (3906584): drop_caches: 3
[661162.630025] tee (3906588): drop_caches: 3
[661167.709622] tee (3906593): drop_caches: 3
[661172.777802] tee (3906597): drop_caches: 3
[661177.513830] tee (3906604): drop_caches: 3
[661182.381869] tee (3906608): drop_caches: 3
[661186.758535] tee (3906616): drop_caches: 3
[661191.977867] tee (3906620): drop_caches: 3
[661197.026310] tee (3906624): drop_caches: 3
[661202.083931] tee (3906628): drop_caches: 3
[661207.153334] tee (3906632): drop_caches: 3
[661212.227527] tee (3906636): drop_caches: 3
[661217.419289] tee (3906642): drop_caches: 3
[661222.943707] tee (3906652): drop_caches: 3
[661226.730188] mix-mixA-arm30-3905615 phase=B END
[661227.134386] NVMeVirt: Measurement: command=stop epoch=1 host_bytes=131546894336 learner_active=0
[661230.530404] EXT4-fs (nvme0n1): unmounting filesystem 78997967-8d4d-47d3-b74a-0892f17b4c8e.
[661230.963214] pci_bus 0001:10: busn_res: [bus 10-ff] is released
[661230.963259] NVMeVirt: GC stats: ns=0 policy=cat-fig7-fixed host_pages=32115941 gc_pages=26000819 gc_count=908075 WAF=1.809 warmup_gc=100-per-part
[661231.035200] NVMeVirt: Virtual NVMe device closed
