[950231.602286] mix-mixL-greedy-199756 BEGIN
[950231.613600] NVMeVirt: Version 1.10 for >> Samsung 970 Pro SSD <<
[950231.613606] NVMeVirt: Storage: 0x100100000-0x300000000 (8191 MiB)
[950231.625202] NVMeVirt: Total Capacity(GiB,MiB)=2,2048 chs=2 luns=4 lines=8192 blk-size(MiB,KiB)=0,64 line-size(MiB,KiB)=0,256
[950231.637227] NVMeVirt: [chmodel_init] bandwidth 800 max_credits 26 tx_time 152
[950231.648016] NVMeVirt: [chmodel_init] bandwidth 800 max_credits 26 tx_time 152
[950231.648031] NVMeVirt: [chmodel_init] bandwidth 3360 max_credits 110 tx_time 36
[950231.648033] NVMeVirt: Fixed CAT init ns=0 part=0 arm=37 k=7 scale_pct=100 age_ratio=7
[950231.649477] NVMeVirt: pqueue: Copyright (c) 2014, Volkan Yazıcı <volkan.yazici@gmail.com>. All rights reserved.
[950231.649515] NVMeVirt: Init FTL instance with 2 channels (524288 pages)
[950231.649517] NVMeVirt: GC victim policy: greedy ns=0 part=0 initial_k=7 initial_scale_pct=100 initial_age_ratio=7 warmup_gc=100
[950231.660893] NVMeVirt: [chmodel_init] bandwidth 800 max_credits 26 tx_time 152
[950231.671561] NVMeVirt: [chmodel_init] bandwidth 800 max_credits 26 tx_time 152
[950231.671576] NVMeVirt: [chmodel_init] bandwidth 3360 max_credits 110 tx_time 36
[950231.671578] NVMeVirt: Fixed CAT init ns=0 part=1 arm=37 k=7 scale_pct=100 age_ratio=7
[950231.672648] NVMeVirt: Init FTL instance with 2 channels (524288 pages)
[950231.672651] NVMeVirt: GC victim policy: greedy ns=0 part=1 initial_k=7 initial_scale_pct=100 initial_age_ratio=7 warmup_gc=100
[950231.682987] NVMeVirt: [chmodel_init] bandwidth 800 max_credits 26 tx_time 152
[950231.693947] NVMeVirt: [chmodel_init] bandwidth 800 max_credits 26 tx_time 152
[950231.693962] NVMeVirt: [chmodel_init] bandwidth 3360 max_credits 110 tx_time 36
[950231.693964] NVMeVirt: Fixed CAT init ns=0 part=2 arm=37 k=7 scale_pct=100 age_ratio=7
[950231.694944] NVMeVirt: Init FTL instance with 2 channels (524288 pages)
[950231.694946] NVMeVirt: GC victim policy: greedy ns=0 part=2 initial_k=7 initial_scale_pct=100 initial_age_ratio=7 warmup_gc=100
[950231.706216] NVMeVirt: [chmodel_init] bandwidth 800 max_credits 26 tx_time 152
[950231.716698] NVMeVirt: [chmodel_init] bandwidth 800 max_credits 26 tx_time 152
[950231.716720] NVMeVirt: [chmodel_init] bandwidth 3360 max_credits 110 tx_time 36
[950231.716723] NVMeVirt: Fixed CAT init ns=0 part=3 arm=37 k=7 scale_pct=100 age_ratio=7
[950231.718074] NVMeVirt: Init FTL instance with 2 channels (524288 pages)
[950231.718078] NVMeVirt: GC victim policy: greedy ns=0 part=3 initial_k=7 initial_scale_pct=100 initial_age_ratio=7 warmup_gc=100
[950231.718087] NVMeVirt: FTL physical space: 8588886016, logical space: 8026996276 (physical/logical * 100 = 107)
[950231.718089] NVMeVirt: ns 0/1: size 7655 MiB
[950231.718186] PCI host bridge to bus 0001:10
[950231.718189] pci_bus 0001:10: root bus resource [io  0x0000-0xffff]
[950231.718192] pci_bus 0001:10: root bus resource [mem 0x00000000-0x7fffffffff]
[950231.718195] pci_bus 0001:10: root bus resource [bus 00-ff]
[950231.718218] pci 0001:10:00.0: [0c51:0110] type 00 class 0x010802 PCIe Endpoint
[950231.718237] pci 0001:10:00.0: BAR 0 [mem 0x100000000-0x100003fff 64bit]
[950231.718240] pci 0001:10:00.0: enabling Extended Tags
[950231.718404] NVMeVirt: Virtual PCI bus created (node 0)
[950231.718730] NVMeVirt: nvmev_io_worker_0 started on cpu 2 (node 0)
[950231.718875] NVMeVirt: nvmev_dispatcher started on cpu 1 (node 0)
[950231.718895] NVMeVirt: Virtual NVMe device created
[950231.719846] nvme nvme0: pci function 0001:10:00.0
[950231.721985] nvme nvme0: 8/0/0 default/read/poll queues
[950231.799739] EXT4-fs (nvme0n1): mounted filesystem 42f40e45-29a5-4443-992c-aa5f22e777cc r/w with ordered data mode. Quota mode: none.
[950313.828457] NVMeVirt: Fixed CAT init ns=0 part=0 arm=37 k=7 scale_pct=100 age_ratio=7
[950313.828462] NVMeVirt: Fixed CAT init ns=0 part=1 arm=37 k=7 scale_pct=100 age_ratio=7
[950313.828464] NVMeVirt: Fixed CAT init ns=0 part=2 arm=37 k=7 scale_pct=100 age_ratio=7
[950313.828466] NVMeVirt: Fixed CAT init ns=0 part=3 arm=37 k=7 scale_pct=100 age_ratio=7
[950313.828467] NVMeVirt: Measurement: command=start epoch=1 host_bytes=0 learner_active=1
[950313.837041] mix-mixL-greedy-199756 phase=A START
[950313.845354] mix-mixL-greedy-199756 phase=A cycle=1 fast
[950374.160458] mix-mixL-greedy-199756 phase=A cycle=1 slow
[950434.477863] mix-mixL-greedy-199756 phase=A cycle=2 fast
[950494.786202] mix-mixL-greedy-199756 phase=A cycle=2 slow
[950555.104263] mix-mixL-greedy-199756 phase=A cycle=3 fast
[950615.407117] mix-mixL-greedy-199756 phase=A cycle=3 slow
[950675.706409] mix-mixL-greedy-199756 phase=A cycle=4 fast
[950736.010263] mix-mixL-greedy-199756 phase=A cycle=4 slow
[950796.317088] mix-mixL-greedy-199756 phase=A cycle=5 fast
[950856.621918] mix-mixL-greedy-199756 phase=A cycle=5 slow
[950916.946017] mix-mixL-greedy-199756 phase=A END
[950916.953812] NVMeVirt: Measurement: command=stop epoch=1 host_bytes=61513580544 learner_active=0
[950917.028022] EXT4-fs (nvme0n1): unmounting filesystem 42f40e45-29a5-4443-992c-aa5f22e777cc.
[950917.093855] pci_bus 0001:10: busn_res: [bus 10-ff] is released
[950917.094082] NVMeVirt: GC stats: ns=0 policy=greedy host_pages=15017964 gc_pages=15327409 gc_count=474146 WAF=2.020 warmup_gc=100-per-part
[950917.178603] NVMeVirt: Virtual NVMe device closed
