[1613509.892497] mix-mixO-arm34-1955726 BEGIN
[1613510.029786] NVMeVirt: Version 1.10 for >> Samsung 970 Pro SSD <<
[1613510.029792] NVMeVirt: Storage: 0x100100000-0x300000000 (8191 MiB)
[1613510.040487] NVMeVirt: Total Capacity(GiB,MiB)=2,2048 chs=2 luns=4 lines=8192 blk-size(MiB,KiB)=0,64 line-size(MiB,KiB)=0,256
[1613510.052162] NVMeVirt: [chmodel_init] bandwidth 800 max_credits 26 tx_time 152
[1613510.063543] NVMeVirt: [chmodel_init] bandwidth 800 max_credits 26 tx_time 152
[1613510.063556] NVMeVirt: [chmodel_init] bandwidth 3360 max_credits 110 tx_time 36
[1613510.063559] NVMeVirt: Fixed CAT init ns=0 part=0 arm=34 k=7 scale_pct=50 age_ratio=7
[1613510.064746] NVMeVirt: pqueue: Copyright (c) 2014, Volkan Yazıcı <volkan.yazici@gmail.com>. All rights reserved.
[1613510.064821] NVMeVirt: Init FTL instance with 2 channels (524288 pages)
[1613510.064835] NVMeVirt: GC victim policy: cat-fig7-fixed ns=0 part=0 initial_k=7 initial_scale_pct=50 initial_age_ratio=7 warmup_gc=100
[1613510.075596] NVMeVirt: [chmodel_init] bandwidth 800 max_credits 26 tx_time 152
[1613510.086480] NVMeVirt: [chmodel_init] bandwidth 800 max_credits 26 tx_time 152
[1613510.086494] NVMeVirt: [chmodel_init] bandwidth 3360 max_credits 110 tx_time 36
[1613510.086496] NVMeVirt: Fixed CAT init ns=0 part=1 arm=34 k=7 scale_pct=50 age_ratio=7
[1613510.087711] NVMeVirt: Init FTL instance with 2 channels (524288 pages)
[1613510.087713] NVMeVirt: GC victim policy: cat-fig7-fixed ns=0 part=1 initial_k=7 initial_scale_pct=50 initial_age_ratio=7 warmup_gc=100
[1613510.098420] NVMeVirt: [chmodel_init] bandwidth 800 max_credits 26 tx_time 152
[1613510.109373] NVMeVirt: [chmodel_init] bandwidth 800 max_credits 26 tx_time 152
[1613510.109387] NVMeVirt: [chmodel_init] bandwidth 3360 max_credits 110 tx_time 36
[1613510.109389] NVMeVirt: Fixed CAT init ns=0 part=2 arm=34 k=7 scale_pct=50 age_ratio=7
[1613510.110671] NVMeVirt: Init FTL instance with 2 channels (524288 pages)
[1613510.110674] NVMeVirt: GC victim policy: cat-fig7-fixed ns=0 part=2 initial_k=7 initial_scale_pct=50 initial_age_ratio=7 warmup_gc=100
[1613510.121556] NVMeVirt: [chmodel_init] bandwidth 800 max_credits 26 tx_time 152
[1613510.132626] NVMeVirt: [chmodel_init] bandwidth 800 max_credits 26 tx_time 152
[1613510.132641] NVMeVirt: [chmodel_init] bandwidth 3360 max_credits 110 tx_time 36
[1613510.132643] NVMeVirt: Fixed CAT init ns=0 part=3 arm=34 k=7 scale_pct=50 age_ratio=7
[1613510.133997] NVMeVirt: Init FTL instance with 2 channels (524288 pages)
[1613510.134001] NVMeVirt: GC victim policy: cat-fig7-fixed ns=0 part=3 initial_k=7 initial_scale_pct=50 initial_age_ratio=7 warmup_gc=100
[1613510.134007] NVMeVirt: FTL physical space: 8588886016, logical space: 8026996276 (physical/logical * 100 = 107)
[1613510.134008] NVMeVirt: ns 0/1: size 7655 MiB
[1613510.134056] PCI host bridge to bus 0001:10
[1613510.134058] pci_bus 0001:10: root bus resource [io  0x0000-0xffff]
[1613510.134061] pci_bus 0001:10: root bus resource [mem 0x00000000-0x7fffffffff]
[1613510.134063] pci_bus 0001:10: root bus resource [bus 00-ff]
[1613510.134083] pci 0001:10:00.0: [0c51:0110] type 00 class 0x010802 PCIe Endpoint
[1613510.134087] pci 0001:10:00.0: BAR 0 [mem 0x100000000-0x100003fff 64bit]
[1613510.134090] pci 0001:10:00.0: enabling Extended Tags
[1613510.134210] NVMeVirt: Virtual PCI bus created (node 0)
[1613510.134530] NVMeVirt: nvmev_io_worker_0 started on cpu 2 (node 0)
[1613510.134681] NVMeVirt: nvmev_dispatcher started on cpu 1 (node 0)
[1613510.134694] NVMeVirt: Virtual NVMe device created
[1613510.134967] nvme nvme0: pci function 0001:10:00.0
[1613510.139568] nvme nvme0: 8/0/0 default/read/poll queues
[1613510.884259] EXT4-fs (nvme0n1): mounted filesystem 01a5cf3e-dc49-4f58-af53-3f534668a26e r/w with ordered data mode. Quota mode: none.
[1613593.304237] NVMeVirt: Fixed CAT init ns=0 part=0 arm=34 k=7 scale_pct=50 age_ratio=7
[1613593.304242] NVMeVirt: Fixed CAT init ns=0 part=1 arm=34 k=7 scale_pct=50 age_ratio=7
[1613593.304244] NVMeVirt: Fixed CAT init ns=0 part=2 arm=34 k=7 scale_pct=50 age_ratio=7
[1613593.304246] NVMeVirt: Fixed CAT init ns=0 part=3 arm=34 k=7 scale_pct=50 age_ratio=7
[1613593.304247] NVMeVirt: Measurement: command=start epoch=1 host_bytes=0 learner_active=1
[1613593.356751] mix-mixO-arm34-1955726 phase=A START
[1613897.300585] mix-mixO-arm34-1955726 phase=A END
[1613897.418452] mix-mixO-arm34-1955726 phase=B START
[1614200.976377] mix-mixO-arm34-1955726 phase=B END
[1614200.979653] NVMeVirt: Measurement: command=stop epoch=1 host_bytes=235653148672 learner_active=0
[1614201.132381] EXT4-fs (nvme0n1): unmounting filesystem 01a5cf3e-dc49-4f58-af53-3f534668a26e.
[1614201.230432] pci_bus 0001:10: busn_res: [bus 10-ff] is released
[1614201.230483] NVMeVirt: GC stats: ns=0 policy=cat-fig7-fixed host_pages=57532507 gc_pages=72132812 gc_count=2026020 WAF=2.253 warmup_gc=100-per-part
[1614201.305572] NVMeVirt: Virtual NVMe device closed
