[995218.113107] NVMeVirt: Version 1.10 for >> Samsung 970 Pro SSD <<
[995218.113115] NVMeVirt: Storage: 0x100100000-0x300000000 (8191 MiB)
[995218.123965] NVMeVirt: Total Capacity(GiB,MiB)=2,2048 chs=2 luns=4 lines=8192 blk-size(MiB,KiB)=0,64 line-size(MiB,KiB)=0,256
[995218.135298] NVMeVirt: [chmodel_init] bandwidth 800 max_credits 26 tx_time 152
[995218.145462] NVMeVirt: [chmodel_init] bandwidth 800 max_credits 26 tx_time 152
[995218.145475] NVMeVirt: [chmodel_init] bandwidth 3360 max_credits 110 tx_time 36
[995218.145478] NVMeVirt: Fixed CAT init ns=0 part=0 arm=10 k=2 scale_pct=200 age_ratio=7
[995218.146719] NVMeVirt: pqueue: Copyright (c) 2014, Volkan Yazıcı <volkan.yazici@gmail.com>. All rights reserved.
[995218.146754] NVMeVirt: Init FTL instance with 2 channels (524288 pages)
[995218.146756] NVMeVirt: GC victim policy: cat-fig7-fixed ns=0 part=0 initial_k=2 initial_scale_pct=200 initial_age_ratio=7 warmup_gc=100
[995218.157111] NVMeVirt: [chmodel_init] bandwidth 800 max_credits 26 tx_time 152
[995218.167449] NVMeVirt: [chmodel_init] bandwidth 800 max_credits 26 tx_time 152
[995218.167463] NVMeVirt: [chmodel_init] bandwidth 3360 max_credits 110 tx_time 36
[995218.167465] NVMeVirt: Fixed CAT init ns=0 part=1 arm=10 k=2 scale_pct=200 age_ratio=7
[995218.168754] NVMeVirt: Init FTL instance with 2 channels (524288 pages)
[995218.168756] NVMeVirt: GC victim policy: cat-fig7-fixed ns=0 part=1 initial_k=2 initial_scale_pct=200 initial_age_ratio=7 warmup_gc=100
[995218.178987] NVMeVirt: [chmodel_init] bandwidth 800 max_credits 26 tx_time 152
[995218.189192] NVMeVirt: [chmodel_init] bandwidth 800 max_credits 26 tx_time 152
[995218.189205] NVMeVirt: [chmodel_init] bandwidth 3360 max_credits 110 tx_time 36
[995218.189207] NVMeVirt: Fixed CAT init ns=0 part=2 arm=10 k=2 scale_pct=200 age_ratio=7
[995218.190467] NVMeVirt: Init FTL instance with 2 channels (524288 pages)
[995218.190469] NVMeVirt: GC victim policy: cat-fig7-fixed ns=0 part=2 initial_k=2 initial_scale_pct=200 initial_age_ratio=7 warmup_gc=100
[995218.200611] NVMeVirt: [chmodel_init] bandwidth 800 max_credits 26 tx_time 152
[995218.210839] NVMeVirt: [chmodel_init] bandwidth 800 max_credits 26 tx_time 152
[995218.210853] NVMeVirt: [chmodel_init] bandwidth 3360 max_credits 110 tx_time 36
[995218.210855] NVMeVirt: Fixed CAT init ns=0 part=3 arm=10 k=2 scale_pct=200 age_ratio=7
[995218.212118] NVMeVirt: Init FTL instance with 2 channels (524288 pages)
[995218.212120] NVMeVirt: GC victim policy: cat-fig7-fixed ns=0 part=3 initial_k=2 initial_scale_pct=200 initial_age_ratio=7 warmup_gc=100
[995218.212127] NVMeVirt: FTL physical space: 8588886016, logical space: 8026996276 (physical/logical * 100 = 107)
[995218.212128] NVMeVirt: ns 0/1: size 7655 MiB
[995218.212179] PCI host bridge to bus 0001:10
[995218.212181] pci_bus 0001:10: root bus resource [io  0x0000-0xffff]
[995218.212183] pci_bus 0001:10: root bus resource [mem 0x00000000-0x7fffffffff]
[995218.212186] pci_bus 0001:10: root bus resource [bus 00-ff]
[995218.212207] pci 0001:10:00.0: [0c51:0110] type 00 class 0x010802 PCIe Endpoint
[995218.212211] pci 0001:10:00.0: BAR 0 [mem 0x100000000-0x100003fff 64bit]
[995218.212214] pci 0001:10:00.0: enabling Extended Tags
[995218.212337] NVMeVirt: Virtual PCI bus created (node 0)
[995218.212688] NVMeVirt: nvmev_io_worker_0 started on cpu 2 (node 0)
[995218.212809] NVMeVirt: nvmev_dispatcher started on cpu 1 (node 0)
[995218.212849] NVMeVirt: Virtual NVMe device created
[995218.213043] nvme nvme0: pci function 0001:10:00.0
[995218.217535] nvme nvme0: 8/0/0 default/read/poll queues
[995219.078722] EXT4-fs (nvme0n1): mounted filesystem 04e7330a-84d4-4b3d-ac21-24e0e3ffaaba r/w with ordered data mode. Quota mode: none.
[995222.154306] iCAT_FILEBENCH_MEASURE_START run=20260923-081219-336912
[995222.491942] tee (337214): drop_caches: 3
[995228.592810] tee (337221): drop_caches: 3
[995233.772030] tee (337225): drop_caches: 3
[995238.843991] tee (337229): drop_caches: 3
[995243.817526] tee (337233): drop_caches: 3
[995248.752963] tee (337245): drop_caches: 3
[995254.058472] tee (337249): drop_caches: 3
[995259.107127] tee (337253): drop_caches: 3
[995264.234304] tee (337257): drop_caches: 3
[995269.275164] tee (337261): drop_caches: 3
[995274.201087] tee (337265): drop_caches: 3
[995279.212957] tee (337271): drop_caches: 3
[995284.133692] tee (337275): drop_caches: 3
[995289.410034] tee (337279): drop_caches: 3
[995294.352510] tee (337283): drop_caches: 3
[995299.368044] tee (337287): drop_caches: 3
[995304.319309] tee (337291): drop_caches: 3
[995309.284831] tee (337303): drop_caches: 3
[995314.168721] tee (337307): drop_caches: 3
[995319.189248] tee (337311): drop_caches: 3
[995324.282864] tee (337315): drop_caches: 3
[995329.234849] tee (337319): drop_caches: 3
[995334.284397] tee (337323): drop_caches: 3
[995339.300362] tee (337327): drop_caches: 3
[995344.190386] tee (337333): drop_caches: 3
[995349.217977] tee (337337): drop_caches: 3
[995354.382189] tee (337341): drop_caches: 3
[995359.473200] tee (337345): drop_caches: 3
[995364.458802] tee (337350): drop_caches: 3
[995369.412511] tee (337361): drop_caches: 3
[995374.408596] tee (337365): drop_caches: 3
[995379.347264] tee (337370): drop_caches: 3
[995384.340673] tee (337376): drop_caches: 3
[995389.317112] tee (337380): drop_caches: 3
[995394.290285] tee (337384): drop_caches: 3
[995399.239317] tee (337388): drop_caches: 3
[995404.233953] tee (337392): drop_caches: 3
[995409.142243] tee (337396): drop_caches: 3
[995414.281898] tee (337400): drop_caches: 3
[995419.367477] tee (337404): drop_caches: 3
[995424.314918] tee (337409): drop_caches: 3
[995429.393844] tee (337421): drop_caches: 3
[995434.506069] tee (337425): drop_caches: 3
[995439.478940] tee (337429): drop_caches: 3
[995444.548156] tee (337435): drop_caches: 3
[995449.524811] tee (337439): drop_caches: 3
[995454.391115] tee (337444): drop_caches: 3
[995459.382462] tee (337448): drop_caches: 3
[995464.432630] tee (337454): drop_caches: 3
[995469.867507] tee (337459): drop_caches: 3
[995475.200479] tee (337468): drop_caches: 3
[995480.348341] tee (337472): drop_caches: 3
[995485.355507] tee (337477): drop_caches: 3
[995490.482910] tee (337482): drop_caches: 3
[995495.896312] tee (337486): drop_caches: 3
[995500.972485] tee (337501): drop_caches: 3
[995506.938934] tee (337511): drop_caches: 3
[995512.833011] tee (337515): drop_caches: 3
[995518.784285] tee (337526): drop_caches: 3
[995524.350290] iCAT_FILEBENCH_MEASURE_END run=20260923-081219-336912
[995524.392875] tee (337540): drop_caches: 3
[995530.856326] EXT4-fs (nvme0n1): unmounting filesystem 04e7330a-84d4-4b3d-ac21-24e0e3ffaaba.
[995531.239794] pci_bus 0001:10: busn_res: [bus 10-ff] is released
[995531.239840] NVMeVirt: GC stats: ns=0 policy=cat-fig7-fixed host_pages=0 gc_pages=0 gc_count=0 WAF=N/A warmup_gc=100-per-part
[995531.310743] NVMeVirt: Virtual NVMe device closed
