[1730993.031209] mix-mixL-arm49-2314754 BEGIN
[1730993.168131] NVMeVirt: Version 1.10 for >> Samsung 970 Pro SSD <<
[1730993.168138] NVMeVirt: Storage: 0x100100000-0x300000000 (8191 MiB)
[1730993.178888] NVMeVirt: Total Capacity(GiB,MiB)=2,2048 chs=2 luns=4 lines=8192 blk-size(MiB,KiB)=0,64 line-size(MiB,KiB)=0,256
[1730993.192633] NVMeVirt: [chmodel_init] bandwidth 800 max_credits 26 tx_time 152
[1730993.204294] NVMeVirt: [chmodel_init] bandwidth 800 max_credits 26 tx_time 152
[1730993.204309] NVMeVirt: [chmodel_init] bandwidth 3360 max_credits 110 tx_time 36
[1730993.204311] NVMeVirt: Fixed CAT init ns=0 part=0 arm=49 k=10 scale_pct=50 age_ratio=7
[1730993.205399] NVMeVirt: pqueue: Copyright (c) 2014, Volkan Yazıcı <volkan.yazici@gmail.com>. All rights reserved.
[1730993.205451] NVMeVirt: Init FTL instance with 2 channels (524288 pages)
[1730993.205453] NVMeVirt: GC victim policy: cat-fig7-fixed ns=0 part=0 initial_k=10 initial_scale_pct=50 initial_age_ratio=7 warmup_gc=100
[1730993.216569] NVMeVirt: [chmodel_init] bandwidth 800 max_credits 26 tx_time 152
[1730993.229320] NVMeVirt: [chmodel_init] bandwidth 800 max_credits 26 tx_time 152
[1730993.229335] NVMeVirt: [chmodel_init] bandwidth 3360 max_credits 110 tx_time 36
[1730993.229350] NVMeVirt: Fixed CAT init ns=0 part=1 arm=49 k=10 scale_pct=50 age_ratio=7
[1730993.230324] NVMeVirt: Init FTL instance with 2 channels (524288 pages)
[1730993.230327] NVMeVirt: GC victim policy: cat-fig7-fixed ns=0 part=1 initial_k=10 initial_scale_pct=50 initial_age_ratio=7 warmup_gc=100
[1730993.240935] NVMeVirt: [chmodel_init] bandwidth 800 max_credits 26 tx_time 152
[1730993.251706] NVMeVirt: [chmodel_init] bandwidth 800 max_credits 26 tx_time 152
[1730993.251735] NVMeVirt: [chmodel_init] bandwidth 3360 max_credits 110 tx_time 36
[1730993.251739] NVMeVirt: Fixed CAT init ns=0 part=2 arm=49 k=10 scale_pct=50 age_ratio=7
[1730993.254084] NVMeVirt: Init FTL instance with 2 channels (524288 pages)
[1730993.254090] NVMeVirt: GC victim policy: cat-fig7-fixed ns=0 part=2 initial_k=10 initial_scale_pct=50 initial_age_ratio=7 warmup_gc=100
[1730993.265951] NVMeVirt: [chmodel_init] bandwidth 800 max_credits 26 tx_time 152
[1730993.276480] NVMeVirt: [chmodel_init] bandwidth 800 max_credits 26 tx_time 152
[1730993.276495] NVMeVirt: [chmodel_init] bandwidth 3360 max_credits 110 tx_time 36
[1730993.276497] NVMeVirt: Fixed CAT init ns=0 part=3 arm=49 k=10 scale_pct=50 age_ratio=7
[1730993.277547] NVMeVirt: Init FTL instance with 2 channels (524288 pages)
[1730993.277549] NVMeVirt: GC victim policy: cat-fig7-fixed ns=0 part=3 initial_k=10 initial_scale_pct=50 initial_age_ratio=7 warmup_gc=100
[1730993.277555] NVMeVirt: FTL physical space: 8588886016, logical space: 8026996276 (physical/logical * 100 = 107)
[1730993.277557] NVMeVirt: ns 0/1: size 7655 MiB
[1730993.277605] PCI host bridge to bus 0001:10
[1730993.277608] pci_bus 0001:10: root bus resource [io  0x0000-0xffff]
[1730993.277612] pci_bus 0001:10: root bus resource [mem 0x00000000-0x7fffffffff]
[1730993.277614] pci_bus 0001:10: root bus resource [bus 00-ff]
[1730993.277623] pci 0001:10:00.0: [0c51:0110] type 00 class 0x010802 PCIe Endpoint
[1730993.277628] pci 0001:10:00.0: BAR 0 [mem 0x100000000-0x100003fff 64bit]
[1730993.277631] pci 0001:10:00.0: enabling Extended Tags
[1730993.277769] NVMeVirt: Virtual PCI bus created (node 0)
[1730993.278120] NVMeVirt: nvmev_io_worker_0 started on cpu 2 (node 0)
[1730993.278238] NVMeVirt: nvmev_dispatcher started on cpu 1 (node 0)
[1730993.278277] NVMeVirt: Virtual NVMe device created
[1730993.278441] nvme nvme0: pci function 0001:10:00.0
[1730993.282976] nvme nvme0: 8/0/0 default/read/poll queues
[1730993.921306] EXT4-fs (nvme0n1): mounted filesystem aa2a5e7f-61b2-4539-ae8a-edd166354dc0 r/w with ordered data mode. Quota mode: none.
[1731076.209874] NVMeVirt: Fixed CAT init ns=0 part=0 arm=49 k=10 scale_pct=50 age_ratio=7
[1731076.209879] NVMeVirt: Fixed CAT init ns=0 part=1 arm=49 k=10 scale_pct=50 age_ratio=7
[1731076.209881] NVMeVirt: Fixed CAT init ns=0 part=2 arm=49 k=10 scale_pct=50 age_ratio=7
[1731076.209883] NVMeVirt: Fixed CAT init ns=0 part=3 arm=49 k=10 scale_pct=50 age_ratio=7
[1731076.209884] NVMeVirt: Measurement: command=start epoch=1 host_bytes=0 learner_active=1
[1731076.220931] mix-mixL-arm49-2314754 phase=A START
[1731076.229399] mix-mixL-arm49-2314754 phase=A cycle=1 fast
[1731136.534506] mix-mixL-arm49-2314754 phase=A cycle=1 slow
[1731196.881514] mix-mixL-arm49-2314754 phase=A cycle=2 fast
[1731257.173487] mix-mixL-arm49-2314754 phase=A cycle=2 slow
[1731317.470548] mix-mixL-arm49-2314754 phase=A cycle=3 fast
[1731377.773510] mix-mixL-arm49-2314754 phase=A cycle=3 slow
[1731438.086594] mix-mixL-arm49-2314754 phase=A cycle=4 fast
[1731498.394215] mix-mixL-arm49-2314754 phase=A cycle=4 slow
[1731558.696992] mix-mixL-arm49-2314754 phase=A cycle=5 fast
[1731618.996405] mix-mixL-arm49-2314754 phase=A cycle=5 slow
[1731679.302192] mix-mixL-arm49-2314754 phase=A END
[1731679.403117] NVMeVirt: Measurement: command=stop epoch=1 host_bytes=61492539392 learner_active=0
[1731679.554405] EXT4-fs (nvme0n1): unmounting filesystem aa2a5e7f-61b2-4539-ae8a-edd166354dc0.
[1731679.607460] pci_bus 0001:10: busn_res: [bus 10-ff] is released
[1731679.607526] NVMeVirt: GC stats: ns=0 policy=cat-fig7-fixed host_pages=15012827 gc_pages=8930615 gc_count=374117 WAF=1.594 warmup_gc=100-per-part
[1731679.690972] NVMeVirt: Virtual NVMe device closed
