[674627.022382] mix-mixA-arm43-3921351 BEGIN
[674627.072305] NVMeVirt: Version 1.10 for >> Samsung 970 Pro SSD <<
[674627.072311] NVMeVirt: Storage: 0x100100000-0x300000000 (8191 MiB)
[674627.083302] NVMeVirt: Total Capacity(GiB,MiB)=2,2048 chs=2 luns=4 lines=8192 blk-size(MiB,KiB)=0,64 line-size(MiB,KiB)=0,256
[674627.094603] NVMeVirt: [chmodel_init] bandwidth 800 max_credits 26 tx_time 152
[674627.105387] NVMeVirt: [chmodel_init] bandwidth 800 max_credits 26 tx_time 152
[674627.105401] NVMeVirt: [chmodel_init] bandwidth 3360 max_credits 110 tx_time 36
[674627.105403] NVMeVirt: Fixed CAT init ns=0 part=0 arm=43 k=7 scale_pct=400 age_ratio=7
[674627.106574] NVMeVirt: pqueue: Copyright (c) 2014, Volkan Yazıcı <volkan.yazici@gmail.com>. All rights reserved.
[674627.106615] NVMeVirt: Init FTL instance with 2 channels (524288 pages)
[674627.106617] NVMeVirt: GC victim policy: cat-fig7-fixed ns=0 part=0 initial_k=7 initial_scale_pct=400 initial_age_ratio=7 warmup_gc=100
[674627.117409] NVMeVirt: [chmodel_init] bandwidth 800 max_credits 26 tx_time 152
[674627.128163] NVMeVirt: [chmodel_init] bandwidth 800 max_credits 26 tx_time 152
[674627.128176] NVMeVirt: [chmodel_init] bandwidth 3360 max_credits 110 tx_time 36
[674627.128179] NVMeVirt: Fixed CAT init ns=0 part=1 arm=43 k=7 scale_pct=400 age_ratio=7
[674627.129419] NVMeVirt: Init FTL instance with 2 channels (524288 pages)
[674627.129422] NVMeVirt: GC victim policy: cat-fig7-fixed ns=0 part=1 initial_k=7 initial_scale_pct=400 initial_age_ratio=7 warmup_gc=100
[674627.139893] NVMeVirt: [chmodel_init] bandwidth 800 max_credits 26 tx_time 152
[674627.150411] NVMeVirt: [chmodel_init] bandwidth 800 max_credits 26 tx_time 152
[674627.150425] NVMeVirt: [chmodel_init] bandwidth 3360 max_credits 110 tx_time 36
[674627.150427] NVMeVirt: Fixed CAT init ns=0 part=2 arm=43 k=7 scale_pct=400 age_ratio=7
[674627.151709] NVMeVirt: Init FTL instance with 2 channels (524288 pages)
[674627.151711] NVMeVirt: GC victim policy: cat-fig7-fixed ns=0 part=2 initial_k=7 initial_scale_pct=400 initial_age_ratio=7 warmup_gc=100
[674627.162240] NVMeVirt: [chmodel_init] bandwidth 800 max_credits 26 tx_time 152
[674627.172681] NVMeVirt: [chmodel_init] bandwidth 800 max_credits 26 tx_time 152
[674627.172695] NVMeVirt: [chmodel_init] bandwidth 3360 max_credits 110 tx_time 36
[674627.172697] NVMeVirt: Fixed CAT init ns=0 part=3 arm=43 k=7 scale_pct=400 age_ratio=7
[674627.173920] NVMeVirt: Init FTL instance with 2 channels (524288 pages)
[674627.173922] NVMeVirt: GC victim policy: cat-fig7-fixed ns=0 part=3 initial_k=7 initial_scale_pct=400 initial_age_ratio=7 warmup_gc=100
[674627.173928] NVMeVirt: FTL physical space: 8588886016, logical space: 8026996276 (physical/logical * 100 = 107)
[674627.173930] NVMeVirt: ns 0/1: size 7655 MiB
[674627.173980] PCI host bridge to bus 0001:10
[674627.173982] pci_bus 0001:10: root bus resource [io  0x0000-0xffff]
[674627.173985] pci_bus 0001:10: root bus resource [mem 0x00000000-0x7fffffffff]
[674627.173987] pci_bus 0001:10: root bus resource [bus 00-ff]
[674627.174008] pci 0001:10:00.0: [0c51:0110] type 00 class 0x010802 PCIe Endpoint
[674627.174012] pci 0001:10:00.0: BAR 0 [mem 0x100000000-0x100003fff 64bit]
[674627.174015] pci 0001:10:00.0: enabling Extended Tags
[674627.174138] NVMeVirt: Virtual PCI bus created (node 0)
[674627.174399] NVMeVirt: nvmev_io_worker_0 started on cpu 2 (node 0)
[674627.174529] NVMeVirt: Virtual NVMe device created
[674627.174533] NVMeVirt: nvmev_dispatcher started on cpu 1 (node 0)
[674627.176451] nvme nvme0: pci function 0001:10:00.0
[674627.180518] nvme nvme0: 8/0/0 default/read/poll queues
[674627.842344] EXT4-fs (nvme0n1): mounted filesystem d0b8cbb5-954b-4086-9a66-3d6385dc92de r/w with ordered data mode. Quota mode: none.
[674710.063094] NVMeVirt: Fixed CAT init ns=0 part=0 arm=43 k=7 scale_pct=400 age_ratio=7
[674710.063101] NVMeVirt: Fixed CAT init ns=0 part=1 arm=43 k=7 scale_pct=400 age_ratio=7
[674710.063104] NVMeVirt: Fixed CAT init ns=0 part=2 arm=43 k=7 scale_pct=400 age_ratio=7
[674710.063106] NVMeVirt: Fixed CAT init ns=0 part=3 arm=43 k=7 scale_pct=400 age_ratio=7
[674710.063108] NVMeVirt: Measurement: command=start epoch=1 host_bytes=0 learner_active=1
[674710.071483] mix-mixA-arm43-3921351 phase=A START
[675310.380410] mix-mixA-arm43-3921351 phase=A END
[675310.388156] mix-mixA-arm43-3921351 phase=B START
[675310.399418] mix-mixA-arm43-3921351 phase=B LOAD
[675335.669897] mix-mixA-arm43-3921351 phase=B RUN
[675339.905357] tee (3922003): drop_caches: 3
[675345.225629] tee (3922007): drop_caches: 3
[675349.533159] tee (3922014): drop_caches: 3
[675354.823104] tee (3922018): drop_caches: 3
[675359.927615] tee (3922023): drop_caches: 3
[675365.127548] tee (3922028): drop_caches: 3
[675370.245914] tee (3922032): drop_caches: 3
[675375.341032] tee (3922036): drop_caches: 3
[675379.760265] tee (3922045): drop_caches: 3
[675385.036960] tee (3922050): drop_caches: 3
[675390.149224] tee (3922054): drop_caches: 3
[675395.300272] tee (3922058): drop_caches: 3
[675400.377327] tee (3922062): drop_caches: 3
[675405.594674] tee (3922067): drop_caches: 3
[675410.779202] tee (3922075): drop_caches: 3
[675416.135963] tee (3922080): drop_caches: 3
[675421.210777] tee (3922084): drop_caches: 3
[675426.650016] tee (3922089): drop_caches: 3
[675432.232523] tee (3922093): drop_caches: 3
[675438.885202] tee (3922125): drop_caches: 3
[675443.890484] tee (3922133): drop_caches: 3
[675450.620459] tee (3922156): drop_caches: 3
[675456.307132] tee (3922164): drop_caches: 3
[675461.376408] tee (3922168): drop_caches: 3
[675466.639429] tee (3922172): drop_caches: 3
[675471.763353] tee (3922176): drop_caches: 3
[675476.325686] tee (3922182): drop_caches: 3
[675481.560955] tee (3922187): drop_caches: 3
[675486.535290] tee (3922191): drop_caches: 3
[675491.519707] tee (3922195): drop_caches: 3
[675496.541944] tee (3922199): drop_caches: 3
[675501.513561] tee (3922203): drop_caches: 3
[675506.625430] tee (3922212): drop_caches: 3
[675511.265409] tee (3922219): drop_caches: 3
[675516.605239] tee (3922226): drop_caches: 3
[675521.684583] tee (3922230): drop_caches: 3
[675526.775578] tee (3922234): drop_caches: 3
[675531.840574] tee (3922238): drop_caches: 3
[675538.229411] tee (3922271): drop_caches: 3
[675545.807177] tee (3922278): drop_caches: 3
[675551.426614] tee (3922301): drop_caches: 3
[675557.112036] tee (3922309): drop_caches: 3
[675562.267496] tee (3922313): drop_caches: 3
[675567.651009] tee (3922319): drop_caches: 3
[675572.106844] tee (3922326): drop_caches: 3
[675576.856822] tee (3922333): drop_caches: 3
[675581.639873] tee (3922337): drop_caches: 3
[675586.726385] tee (3922341): drop_caches: 3
[675591.779903] tee (3922345): drop_caches: 3
[675596.843031] tee (3922349): drop_caches: 3
[675602.058390] tee (3922354): drop_caches: 3
[675606.963055] tee (3922361): drop_caches: 3
[675611.623693] tee (3922365): drop_caches: 3
[675616.764365] tee (3922370): drop_caches: 3
[675621.856220] tee (3922374): drop_caches: 3
[675626.949054] tee (3922378): drop_caches: 3
[675632.067769] tee (3922382): drop_caches: 3
[675636.451704] tee (3922389): drop_caches: 3
[675641.815832] tee (3922393): drop_caches: 3
[675646.855498] tee (3922397): drop_caches: 3
[675651.941164] tee (3922402): drop_caches: 3
[675657.041920] tee (3922406): drop_caches: 3
[675662.171840] tee (3922411): drop_caches: 3
[675666.544824] tee (3922418): drop_caches: 3
[675671.799058] tee (3922422): drop_caches: 3
[675676.892422] tee (3922426): drop_caches: 3
[675682.141189] tee (3922432): drop_caches: 3
[675687.390855] tee (3922437): drop_caches: 3
[675692.573880] tee (3922441): drop_caches: 3
[675696.934141] tee (3922448): drop_caches: 3
[675702.209497] tee (3922452): drop_caches: 3
[675707.355878] tee (3922457): drop_caches: 3
[675712.387600] tee (3922461): drop_caches: 3
[675717.455883] tee (3922465): drop_caches: 3
[675722.788364] tee (3922469): drop_caches: 3
[675727.208947] tee (3922477): drop_caches: 3
[675732.471731] tee (3922481): drop_caches: 3
[675737.512559] tee (3922485): drop_caches: 3
[675742.612294] tee (3922489): drop_caches: 3
[675747.740812] tee (3922493): drop_caches: 3
[675752.957846] tee (3922497): drop_caches: 3
[675757.475786] tee (3922503): drop_caches: 3
[675762.772014] tee (3922509): drop_caches: 3
[675767.891159] tee (3922514): drop_caches: 3
[675773.085907] tee (3922518): drop_caches: 3
[675778.231642] tee (3922522): drop_caches: 3
[675783.530486] tee (3922527): drop_caches: 3
[675788.891566] tee (3922533): drop_caches: 3
[675794.842897] tee (3922538): drop_caches: 3
[675800.488842] tee (3922545): drop_caches: 3
[675802.570729] mix-mixA-arm43-3921351 phase=B END
[675802.961671] NVMeVirt: Measurement: command=stop epoch=1 host_bytes=131336167424 learner_active=0
[675803.728936] EXT4-fs (nvme0n1): unmounting filesystem d0b8cbb5-954b-4086-9a66-3d6385dc92de.
[675804.387706] pci_bus 0001:10: busn_res: [bus 10-ff] is released
[675804.387752] NVMeVirt: GC stats: ns=0 policy=cat-fig7-fixed host_pages=32064494 gc_pages=36975334 gc_count=1078747 WAF=2.153 warmup_gc=100-per-part
[675804.459830] NVMeVirt: Virtual NVMe device closed
