[637293.558072] mix-mixA-arm10-3880022 BEGIN
[637293.608025] NVMeVirt: Version 1.10 for >> Samsung 970 Pro SSD <<
[637293.608031] NVMeVirt: Storage: 0x100100000-0x300000000 (8191 MiB)
[637293.618904] NVMeVirt: Total Capacity(GiB,MiB)=2,2048 chs=2 luns=4 lines=8192 blk-size(MiB,KiB)=0,64 line-size(MiB,KiB)=0,256
[637293.629942] NVMeVirt: [chmodel_init] bandwidth 800 max_credits 26 tx_time 152
[637293.640868] NVMeVirt: [chmodel_init] bandwidth 800 max_credits 26 tx_time 152
[637293.640882] NVMeVirt: [chmodel_init] bandwidth 3360 max_credits 110 tx_time 36
[637293.640884] NVMeVirt: Fixed CAT init ns=0 part=0 arm=10 k=2 scale_pct=200 age_ratio=7
[637293.642122] NVMeVirt: pqueue: Copyright (c) 2014, Volkan Yazıcı <volkan.yazici@gmail.com>. All rights reserved.
[637293.642157] NVMeVirt: Init FTL instance with 2 channels (524288 pages)
[637293.642159] NVMeVirt: GC victim policy: cat-fig7-fixed ns=0 part=0 initial_k=2 initial_scale_pct=200 initial_age_ratio=7 warmup_gc=100
[637293.653067] NVMeVirt: [chmodel_init] bandwidth 800 max_credits 26 tx_time 152
[637293.664294] NVMeVirt: [chmodel_init] bandwidth 800 max_credits 26 tx_time 152
[637293.664307] NVMeVirt: [chmodel_init] bandwidth 3360 max_credits 110 tx_time 36
[637293.664309] NVMeVirt: Fixed CAT init ns=0 part=1 arm=10 k=2 scale_pct=200 age_ratio=7
[637293.665628] NVMeVirt: Init FTL instance with 2 channels (524288 pages)
[637293.665631] NVMeVirt: GC victim policy: cat-fig7-fixed ns=0 part=1 initial_k=2 initial_scale_pct=200 initial_age_ratio=7 warmup_gc=100
[637293.676798] NVMeVirt: [chmodel_init] bandwidth 800 max_credits 26 tx_time 152
[637293.687573] NVMeVirt: [chmodel_init] bandwidth 800 max_credits 26 tx_time 152
[637293.687587] NVMeVirt: [chmodel_init] bandwidth 3360 max_credits 110 tx_time 36
[637293.687589] NVMeVirt: Fixed CAT init ns=0 part=2 arm=10 k=2 scale_pct=200 age_ratio=7
[637293.688843] NVMeVirt: Init FTL instance with 2 channels (524288 pages)
[637293.688846] NVMeVirt: GC victim policy: cat-fig7-fixed ns=0 part=2 initial_k=2 initial_scale_pct=200 initial_age_ratio=7 warmup_gc=100
[637293.699448] NVMeVirt: [chmodel_init] bandwidth 800 max_credits 26 tx_time 152
[637293.709835] NVMeVirt: [chmodel_init] bandwidth 800 max_credits 26 tx_time 152
[637293.709848] NVMeVirt: [chmodel_init] bandwidth 3360 max_credits 110 tx_time 36
[637293.709850] NVMeVirt: Fixed CAT init ns=0 part=3 arm=10 k=2 scale_pct=200 age_ratio=7
[637293.711107] NVMeVirt: Init FTL instance with 2 channels (524288 pages)
[637293.711110] NVMeVirt: GC victim policy: cat-fig7-fixed ns=0 part=3 initial_k=2 initial_scale_pct=200 initial_age_ratio=7 warmup_gc=100
[637293.711116] NVMeVirt: FTL physical space: 8588886016, logical space: 8026996276 (physical/logical * 100 = 107)
[637293.711117] NVMeVirt: ns 0/1: size 7655 MiB
[637293.711168] PCI host bridge to bus 0001:10
[637293.711171] pci_bus 0001:10: root bus resource [io  0x0000-0xffff]
[637293.711174] pci_bus 0001:10: root bus resource [mem 0x00000000-0x7fffffffff]
[637293.711176] pci_bus 0001:10: root bus resource [bus 00-ff]
[637293.711185] pci 0001:10:00.0: [0c51:0110] type 00 class 0x010802 PCIe Endpoint
[637293.711190] pci 0001:10:00.0: BAR 0 [mem 0x100000000-0x100003fff 64bit]
[637293.711193] pci 0001:10:00.0: enabling Extended Tags
[637293.711333] NVMeVirt: Virtual PCI bus created (node 0)
[637293.711616] NVMeVirt: nvmev_io_worker_0 started on cpu 2 (node 0)
[637293.711710] NVMeVirt: Virtual NVMe device created
[637293.711715] NVMeVirt: nvmev_dispatcher started on cpu 1 (node 0)
[637293.711893] nvme nvme0: pci function 0001:10:00.0
[637293.716285] nvme nvme0: 8/0/0 default/read/poll queues
[637294.353241] EXT4-fs (nvme0n1): mounted filesystem a35d4372-bc95-4093-a154-de6fbc8c0882 r/w with ordered data mode. Quota mode: none.
[637376.607004] NVMeVirt: Fixed CAT init ns=0 part=0 arm=10 k=2 scale_pct=200 age_ratio=7
[637376.607009] NVMeVirt: Fixed CAT init ns=0 part=1 arm=10 k=2 scale_pct=200 age_ratio=7
[637376.607011] NVMeVirt: Fixed CAT init ns=0 part=2 arm=10 k=2 scale_pct=200 age_ratio=7
[637376.607013] NVMeVirt: Fixed CAT init ns=0 part=3 arm=10 k=2 scale_pct=200 age_ratio=7
[637376.607014] NVMeVirt: Measurement: command=start epoch=1 host_bytes=0 learner_active=1
[637376.614793] mix-mixA-arm10-3880022 phase=A START
[637976.917457] mix-mixA-arm10-3880022 phase=A END
[637976.925434] mix-mixA-arm10-3880022 phase=B START
[637976.936009] mix-mixA-arm10-3880022 phase=B LOAD
[638007.588508] mix-mixA-arm10-3880022 phase=B RUN
[638011.877834] tee (3880627): drop_caches: 3
[638016.668940] tee (3880635): drop_caches: 3
[638021.851753] tee (3880639): drop_caches: 3
[638026.922296] tee (3880643): drop_caches: 3
[638031.955209] tee (3880648): drop_caches: 3
[638036.996732] tee (3880652): drop_caches: 3
[638042.154162] tee (3880657): drop_caches: 3
[638046.593606] tee (3880664): drop_caches: 3
[638051.855568] tee (3880669): drop_caches: 3
[638056.867748] tee (3880673): drop_caches: 3
[638061.985237] tee (3880677): drop_caches: 3
[638067.078899] tee (3880681): drop_caches: 3
[638072.295329] tee (3880685): drop_caches: 3
[638077.202493] tee (3880711): drop_caches: 3
[638084.551935] tee (3880746): drop_caches: 3
[638092.730439] tee (3880791): drop_caches: 3
[638100.716446] tee (3880827): drop_caches: 3
[638112.819187] tee (3880888): drop_caches: 3
[638121.057221] tee (3880923): drop_caches: 3
[638127.825939] tee (3880929): drop_caches: 3
[638133.093218] tee (3880933): drop_caches: 3
[638138.169329] tee (3880937): drop_caches: 3
[638143.253376] tee (3880941): drop_caches: 3
[638148.085432] tee (3880948): drop_caches: 3
[638153.337018] tee (3880952): drop_caches: 3
[638158.385934] tee (3880956): drop_caches: 3
[638163.485065] tee (3880960): drop_caches: 3
[638168.544577] tee (3880964): drop_caches: 3
[638173.694745] tee (3880968): drop_caches: 3
[638178.132133] tee (3880975): drop_caches: 3
[638183.255507] tee (3880979): drop_caches: 3
[638188.393491] tee (3880983): drop_caches: 3
[638193.480519] tee (3880987): drop_caches: 3
[638198.560740] tee (3880991): drop_caches: 3
[638203.643791] tee (3880995): drop_caches: 3
[638208.341549] tee (3881000): drop_caches: 3
[638213.776939] tee (3881006): drop_caches: 3
[638218.928385] tee (3881010): drop_caches: 3
[638224.109374] tee (3881014): drop_caches: 3
[638229.957361] tee (3881020): drop_caches: 3
[638235.230004] tee (3881024): drop_caches: 3
[638239.907251] tee (3881029): drop_caches: 3
[638245.583539] tee (3881035): drop_caches: 3
[638250.733522] tee (3881040): drop_caches: 3
[638255.846206] tee (3881044): drop_caches: 3
[638261.009121] tee (3881048): drop_caches: 3
[638266.187458] tee (3881052): drop_caches: 3
[638271.509862] tee (3881058): drop_caches: 3
[638277.178578] tee (3881064): drop_caches: 3
[638282.361739] tee (3881068): drop_caches: 3
[638287.462100] tee (3881072): drop_caches: 3
[638292.463641] tee (3881076): drop_caches: 3
[638297.510731] tee (3881080): drop_caches: 3
[638302.657608] tee (3881086): drop_caches: 3
[638307.953485] tee (3881096): drop_caches: 3
[638313.033775] tee (3881100): drop_caches: 3
[638318.049994] tee (3881104): drop_caches: 3
[638323.176815] tee (3881108): drop_caches: 3
[638328.359410] tee (3881112): drop_caches: 3
[638333.555114] tee (3881118): drop_caches: 3
[638338.776321] tee (3881123): drop_caches: 3
[638343.960470] tee (3881127): drop_caches: 3
[638349.160700] tee (3881131): drop_caches: 3
[638354.283557] tee (3881135): drop_caches: 3
[638360.014324] tee (3881151): drop_caches: 3
[638365.498099] tee (3881160): drop_caches: 3
[638370.810283] tee (3881165): drop_caches: 3
[638375.610417] tee (3881172): drop_caches: 3
[638380.815907] tee (3881177): drop_caches: 3
[638385.912786] tee (3881181): drop_caches: 3
[638390.967928] tee (3881185): drop_caches: 3
[638396.206121] tee (3881191): drop_caches: 3
[638401.748665] tee (3881196): drop_caches: 3
[638406.853675] tee (3881200): drop_caches: 3
[638411.910870] tee (3881204): drop_caches: 3
[638416.957662] tee (3881209): drop_caches: 3
[638422.042073] tee (3881214): drop_caches: 3
[638427.277599] tee (3881221): drop_caches: 3
[638432.708260] tee (3881226): drop_caches: 3
[638437.788384] tee (3881230): drop_caches: 3
[638442.871778] tee (3881234): drop_caches: 3
[638447.955669] tee (3881239): drop_caches: 3
[638453.094061] tee (3881244): drop_caches: 3
[638458.483022] tee (3881249): drop_caches: 3
[638463.932344] tee (3881255): drop_caches: 3
[638469.015400] tee (3881260): drop_caches: 3
[638474.113663] tee (3881264): drop_caches: 3
[638479.206702] tee (3881268): drop_caches: 3
[638484.324776] tee (3881272): drop_caches: 3
[638489.580700] tee (3881277): drop_caches: 3
[638495.012556] tee (3881283): drop_caches: 3
[638500.106853] tee (3881287): drop_caches: 3
[638505.229531] tee (3881294): drop_caches: 3
[638507.113721] mix-mixA-arm10-3880022 phase=B END
[638507.521327] NVMeVirt: Measurement: command=stop epoch=1 host_bytes=131816460288 learner_active=0
[638508.068536] EXT4-fs (nvme0n1): unmounting filesystem a35d4372-bc95-4093-a154-de6fbc8c0882.
[638508.490507] pci_bus 0001:10: busn_res: [bus 10-ff] is released
[638508.490598] NVMeVirt: GC stats: ns=0 policy=cat-fig7-fixed host_pages=32181753 gc_pages=45472926 gc_count=1213354 WAF=2.413 warmup_gc=100-per-part
[638508.561850] NVMeVirt: Virtual NVMe device closed
