[1033043.247848] mix-t4long-fixed47-420460 BEGIN
[1033043.260549] NVMeVirt: Version 1.10 for >> Samsung 970 Pro SSD <<
[1033043.260556] NVMeVirt: Storage: 0x100100000-0x300000000 (8191 MiB)
[1033043.271796] NVMeVirt: Total Capacity(GiB,MiB)=2,2048 chs=2 luns=4 lines=8192 blk-size(MiB,KiB)=0,64 line-size(MiB,KiB)=0,256
[1033043.283554] NVMeVirt: [chmodel_init] bandwidth 800 max_credits 26 tx_time 152
[1033043.295507] NVMeVirt: [chmodel_init] bandwidth 800 max_credits 26 tx_time 152
[1033043.295537] NVMeVirt: [chmodel_init] bandwidth 3360 max_credits 110 tx_time 36
[1033043.295539] NVMeVirt: Fixed CAT init ns=0 part=0 arm=47 k=10 scale_pct=25 age_ratio=16
[1033043.296401] NVMeVirt: pqueue: Copyright (c) 2014, Volkan Yazıcı <volkan.yazici@gmail.com>. All rights reserved.
[1033043.296468] NVMeVirt: Init FTL instance with 2 channels (524288 pages)
[1033043.296471] NVMeVirt: GC victim policy: cat-fig7-fixed ns=0 part=0 initial_k=10 initial_scale_pct=25 initial_age_ratio=16 warmup_gc=100
[1033043.307063] NVMeVirt: [chmodel_init] bandwidth 800 max_credits 26 tx_time 152
[1033043.317270] NVMeVirt: [chmodel_init] bandwidth 800 max_credits 26 tx_time 152
[1033043.317285] NVMeVirt: [chmodel_init] bandwidth 3360 max_credits 110 tx_time 36
[1033043.317287] NVMeVirt: Fixed CAT init ns=0 part=1 arm=47 k=10 scale_pct=25 age_ratio=16
[1033043.318223] NVMeVirt: Init FTL instance with 2 channels (524288 pages)
[1033043.318226] NVMeVirt: GC victim policy: cat-fig7-fixed ns=0 part=1 initial_k=10 initial_scale_pct=25 initial_age_ratio=16 warmup_gc=100
[1033043.329161] NVMeVirt: [chmodel_init] bandwidth 800 max_credits 26 tx_time 152
[1033043.339365] NVMeVirt: [chmodel_init] bandwidth 800 max_credits 26 tx_time 152
[1033043.339379] NVMeVirt: [chmodel_init] bandwidth 3360 max_credits 110 tx_time 36
[1033043.339381] NVMeVirt: Fixed CAT init ns=0 part=2 arm=47 k=10 scale_pct=25 age_ratio=16
[1033043.340329] NVMeVirt: Init FTL instance with 2 channels (524288 pages)
[1033043.340333] NVMeVirt: GC victim policy: cat-fig7-fixed ns=0 part=2 initial_k=10 initial_scale_pct=25 initial_age_ratio=16 warmup_gc=100
[1033043.350519] NVMeVirt: [chmodel_init] bandwidth 800 max_credits 26 tx_time 152
[1033043.360878] NVMeVirt: [chmodel_init] bandwidth 800 max_credits 26 tx_time 152
[1033043.360894] NVMeVirt: [chmodel_init] bandwidth 3360 max_credits 110 tx_time 36
[1033043.360896] NVMeVirt: Fixed CAT init ns=0 part=3 arm=47 k=10 scale_pct=25 age_ratio=16
[1033043.362022] NVMeVirt: Init FTL instance with 2 channels (524288 pages)
[1033043.362026] NVMeVirt: GC victim policy: cat-fig7-fixed ns=0 part=3 initial_k=10 initial_scale_pct=25 initial_age_ratio=16 warmup_gc=100
[1033043.362034] NVMeVirt: FTL physical space: 8588886016, logical space: 8026996276 (physical/logical * 100 = 107)
[1033043.362035] NVMeVirt: ns 0/1: size 7655 MiB
[1033043.362097] PCI host bridge to bus 0001:10
[1033043.362099] pci_bus 0001:10: root bus resource [io  0x0000-0xffff]
[1033043.362103] pci_bus 0001:10: root bus resource [mem 0x00000000-0x7fffffffff]
[1033043.362105] pci_bus 0001:10: root bus resource [bus 00-ff]
[1033043.362112] pci 0001:10:00.0: [0c51:0110] type 00 class 0x010802 PCIe Endpoint
[1033043.362116] pci 0001:10:00.0: BAR 0 [mem 0x100000000-0x100003fff 64bit]
[1033043.362119] pci 0001:10:00.0: enabling Extended Tags
[1033043.362271] NVMeVirt: Virtual PCI bus created (node 0)
[1033043.362514] NVMeVirt: nvmev_io_worker_0 started on cpu 2 (node 0)
[1033043.362527] NVMeVirt: nvmev_dispatcher started on cpu 1 (node 0)
[1033043.362591] NVMeVirt: Virtual NVMe device created
[1033043.363801] nvme nvme0: pci function 0001:10:00.0
[1033043.368101] nvme nvme0: 8/0/0 default/read/poll queues
[1033043.445214] EXT4-fs (nvme0n1): mounted filesystem 53b8dd3d-d96c-4128-b099-7c79603fe389 r/w with ordered data mode. Quota mode: none.
[1033125.468252] NVMeVirt: Fixed CAT init ns=0 part=0 arm=47 k=10 scale_pct=25 age_ratio=16
[1033125.468258] NVMeVirt: Fixed CAT init ns=0 part=1 arm=47 k=10 scale_pct=25 age_ratio=16
[1033125.468260] NVMeVirt: Fixed CAT init ns=0 part=2 arm=47 k=10 scale_pct=25 age_ratio=16
[1033125.468261] NVMeVirt: Fixed CAT init ns=0 part=3 arm=47 k=10 scale_pct=25 age_ratio=16
[1033125.468263] NVMeVirt: Measurement: command=start epoch=1 host_bytes=0 learner_active=1
[1033125.476174] mix-t4long-fixed47-420460 phase=A START
[1036725.840439] mix-t4long-fixed47-420460 phase=A END
[1036725.847121] NVMeVirt: Measurement: command=stop epoch=1 host_bytes=589840232448 learner_active=0
[1036725.926423] EXT4-fs (nvme0n1): unmounting filesystem 53b8dd3d-d96c-4128-b099-7c79603fe389.
[1036725.999435] pci_bus 0001:10: busn_res: [bus 10-ff] is released
[1036725.999601] NVMeVirt: GC stats: ns=0 policy=cat-fig7-fixed host_pages=144003963 gc_pages=111293370 gc_count=3989021 WAF=1.772 warmup_gc=100-per-part
[1036726.076416] NVMeVirt: Virtual NVMe device closed
