[725605.467576] mix-mixC-arm25-3965189 BEGIN
[725605.478989] NVMeVirt: Version 1.10 for >> Samsung 970 Pro SSD <<
[725605.479006] NVMeVirt: Storage: 0x100100000-0x300000000 (8191 MiB)
[725605.491363] NVMeVirt: Total Capacity(GiB,MiB)=2,2048 chs=2 luns=4 lines=8192 blk-size(MiB,KiB)=0,64 line-size(MiB,KiB)=0,256
[725605.505705] NVMeVirt: [chmodel_init] bandwidth 800 max_credits 26 tx_time 152
[725605.517398] NVMeVirt: [chmodel_init] bandwidth 800 max_credits 26 tx_time 152
[725605.517413] NVMeVirt: [chmodel_init] bandwidth 3360 max_credits 110 tx_time 36
[725605.517416] NVMeVirt: Fixed CAT init ns=0 part=0 arm=25 k=4 scale_pct=200 age_ratio=7
[725605.518426] NVMeVirt: pqueue: Copyright (c) 2014, Volkan Yazıcı <volkan.yazici@gmail.com>. All rights reserved.
[725605.518464] NVMeVirt: Init FTL instance with 2 channels (524288 pages)
[725605.518466] NVMeVirt: GC victim policy: cat-fig7-fixed ns=0 part=0 initial_k=4 initial_scale_pct=200 initial_age_ratio=7 warmup_gc=100
[725605.529131] NVMeVirt: [chmodel_init] bandwidth 800 max_credits 26 tx_time 152
[725605.539305] NVMeVirt: [chmodel_init] bandwidth 800 max_credits 26 tx_time 152
[725605.539320] NVMeVirt: [chmodel_init] bandwidth 3360 max_credits 110 tx_time 36
[725605.539322] NVMeVirt: Fixed CAT init ns=0 part=1 arm=25 k=4 scale_pct=200 age_ratio=7
[725605.540272] NVMeVirt: Init FTL instance with 2 channels (524288 pages)
[725605.540275] NVMeVirt: GC victim policy: cat-fig7-fixed ns=0 part=1 initial_k=4 initial_scale_pct=200 initial_age_ratio=7 warmup_gc=100
[725605.550137] NVMeVirt: [chmodel_init] bandwidth 800 max_credits 26 tx_time 152
[725605.559993] NVMeVirt: [chmodel_init] bandwidth 800 max_credits 26 tx_time 152
[725605.560008] NVMeVirt: [chmodel_init] bandwidth 3360 max_credits 110 tx_time 36
[725605.560010] NVMeVirt: Fixed CAT init ns=0 part=2 arm=25 k=4 scale_pct=200 age_ratio=7
[725605.560890] NVMeVirt: Init FTL instance with 2 channels (524288 pages)
[725605.560892] NVMeVirt: GC victim policy: cat-fig7-fixed ns=0 part=2 initial_k=4 initial_scale_pct=200 initial_age_ratio=7 warmup_gc=100
[725605.570901] NVMeVirt: [chmodel_init] bandwidth 800 max_credits 26 tx_time 152
[725605.580923] NVMeVirt: [chmodel_init] bandwidth 800 max_credits 26 tx_time 152
[725605.580937] NVMeVirt: [chmodel_init] bandwidth 3360 max_credits 110 tx_time 36
[725605.580939] NVMeVirt: Fixed CAT init ns=0 part=3 arm=25 k=4 scale_pct=200 age_ratio=7
[725605.581950] NVMeVirt: Init FTL instance with 2 channels (524288 pages)
[725605.581952] NVMeVirt: GC victim policy: cat-fig7-fixed ns=0 part=3 initial_k=4 initial_scale_pct=200 initial_age_ratio=7 warmup_gc=100
[725605.581958] NVMeVirt: FTL physical space: 8588886016, logical space: 8026996276 (physical/logical * 100 = 107)
[725605.581960] NVMeVirt: ns 0/1: size 7655 MiB
[725605.582073] PCI host bridge to bus 0001:10
[725605.582077] pci_bus 0001:10: root bus resource [io  0x0000-0xffff]
[725605.582081] pci_bus 0001:10: root bus resource [mem 0x00000000-0x7fffffffff]
[725605.582084] pci_bus 0001:10: root bus resource [bus 00-ff]
[725605.582108] pci 0001:10:00.0: [0c51:0110] type 00 class 0x010802 PCIe Endpoint
[725605.582113] pci 0001:10:00.0: BAR 0 [mem 0x100000000-0x100003fff 64bit]
[725605.582131] pci 0001:10:00.0: enabling Extended Tags
[725605.582310] NVMeVirt: Virtual PCI bus created (node 0)
[725605.582577] NVMeVirt: nvmev_io_worker_0 started on cpu 2 (node 0)
[725605.582625] NVMeVirt: nvmev_dispatcher started on cpu 1 (node 0)
[725605.582659] NVMeVirt: Virtual NVMe device created
[725605.582842] nvme nvme0: pci function 0001:10:00.0
[725605.585122] nvme nvme0: 8/0/0 default/read/poll queues
[725605.657006] EXT4-fs (nvme0n1): mounted filesystem 855decc3-f32e-4354-b120-35db683e3613 r/w with ordered data mode. Quota mode: none.
[725687.708588] NVMeVirt: Fixed CAT init ns=0 part=0 arm=25 k=4 scale_pct=200 age_ratio=7
[725687.708593] NVMeVirt: Fixed CAT init ns=0 part=1 arm=25 k=4 scale_pct=200 age_ratio=7
[725687.708595] NVMeVirt: Fixed CAT init ns=0 part=2 arm=25 k=4 scale_pct=200 age_ratio=7
[725687.708596] NVMeVirt: Fixed CAT init ns=0 part=3 arm=25 k=4 scale_pct=200 age_ratio=7
[725687.708598] NVMeVirt: Measurement: command=start epoch=1 host_bytes=0 learner_active=1
[725687.716705] mix-mixC-arm25-3965189 phase=A START
[726288.038655] mix-mixC-arm25-3965189 phase=A END
[726288.045761] mix-mixC-arm25-3965189 phase=B START
[726888.356104] mix-mixC-arm25-3965189 phase=B END
[726888.359222] NVMeVirt: Measurement: command=stop epoch=1 host_bytes=122943078400 learner_active=0
[726888.407681] EXT4-fs (nvme0n1): unmounting filesystem 855decc3-f32e-4354-b120-35db683e3613.
[726888.468436] pci_bus 0001:10: busn_res: [bus 10-ff] is released
[726888.468501] NVMeVirt: GC stats: ns=0 policy=cat-fig7-fixed host_pages=30015400 gc_pages=33585436 gc_count=993764 WAF=2.118 warmup_gc=100-per-part
[726888.541964] NVMeVirt: Virtual NVMe device closed
