[340658.835076] mix-mixC-fixed47-743990 BEGIN
[340658.846384] NVMeVirt: Version 1.10 for >> Samsung 970 Pro SSD <<
[340658.846389] NVMeVirt: Storage: 0x100100000-0x300000000 (8191 MiB)
[340658.857587] NVMeVirt: Total Capacity(GiB,MiB)=2,2048 chs=2 luns=4 lines=8192 blk-size(MiB,KiB)=0,64 line-size(MiB,KiB)=0,256
[340658.872285] NVMeVirt: [chmodel_init] bandwidth 800 max_credits 26 tx_time 152
[340658.882754] NVMeVirt: [chmodel_init] bandwidth 800 max_credits 26 tx_time 152
[340658.882772] NVMeVirt: [chmodel_init] bandwidth 3360 max_credits 110 tx_time 36
[340658.882795] NVMeVirt: Fixed CAT init ns=0 part=0 arm=47 k=10 scale_pct=25 age_ratio=16
[340658.883680] NVMeVirt: pqueue: Copyright (c) 2014, Volkan Yazıcı <volkan.yazici@gmail.com>. All rights reserved.
[340658.883720] NVMeVirt: Init FTL instance with 2 channels (524288 pages)
[340658.883722] NVMeVirt: GC victim policy: cat-fig7-fixed ns=0 part=0 initial_k=10 initial_scale_pct=25 initial_age_ratio=16 warmup_gc=100
[340658.896467] NVMeVirt: [chmodel_init] bandwidth 800 max_credits 26 tx_time 152
[340658.908330] NVMeVirt: [chmodel_init] bandwidth 800 max_credits 26 tx_time 152
[340658.908345] NVMeVirt: [chmodel_init] bandwidth 3360 max_credits 110 tx_time 36
[340658.908347] NVMeVirt: Fixed CAT init ns=0 part=1 arm=47 k=10 scale_pct=25 age_ratio=16
[340658.909349] NVMeVirt: Init FTL instance with 2 channels (524288 pages)
[340658.909352] NVMeVirt: GC victim policy: cat-fig7-fixed ns=0 part=1 initial_k=10 initial_scale_pct=25 initial_age_ratio=16 warmup_gc=100
[340658.919622] NVMeVirt: [chmodel_init] bandwidth 800 max_credits 26 tx_time 152
[340658.933127] NVMeVirt: [chmodel_init] bandwidth 800 max_credits 26 tx_time 152
[340658.933145] NVMeVirt: [chmodel_init] bandwidth 3360 max_credits 110 tx_time 36
[340658.933148] NVMeVirt: Fixed CAT init ns=0 part=2 arm=47 k=10 scale_pct=25 age_ratio=16
[340658.934600] NVMeVirt: Init FTL instance with 2 channels (524288 pages)
[340658.934604] NVMeVirt: GC victim policy: cat-fig7-fixed ns=0 part=2 initial_k=10 initial_scale_pct=25 initial_age_ratio=16 warmup_gc=100
[340658.945182] NVMeVirt: [chmodel_init] bandwidth 800 max_credits 26 tx_time 152
[340658.955503] NVMeVirt: [chmodel_init] bandwidth 800 max_credits 26 tx_time 152
[340658.955523] NVMeVirt: [chmodel_init] bandwidth 3360 max_credits 110 tx_time 36
[340658.955526] NVMeVirt: Fixed CAT init ns=0 part=3 arm=47 k=10 scale_pct=25 age_ratio=16
[340658.956925] NVMeVirt: Init FTL instance with 2 channels (524288 pages)
[340658.956930] NVMeVirt: GC victim policy: cat-fig7-fixed ns=0 part=3 initial_k=10 initial_scale_pct=25 initial_age_ratio=16 warmup_gc=100
[340658.956939] NVMeVirt: FTL physical space: 8588886016, logical space: 8026996276 (physical/logical * 100 = 107)
[340658.956940] NVMeVirt: ns 0/1: size 7655 MiB
[340658.957010] PCI host bridge to bus 0001:10
[340658.957013] pci_bus 0001:10: root bus resource [io  0x0000-0xffff]
[340658.957016] pci_bus 0001:10: root bus resource [mem 0x00000000-0x7fffffffff]
[340658.957019] pci_bus 0001:10: root bus resource [bus 00-ff]
[340658.957029] pci 0001:10:00.0: [0c51:0110] type 00 class 0x010802 PCIe Endpoint
[340658.957033] pci 0001:10:00.0: BAR 0 [mem 0x100000000-0x100003fff 64bit]
[340658.957036] pci 0001:10:00.0: enabling Extended Tags
[340658.957199] NVMeVirt: Virtual PCI bus created (node 0)
[340658.957621] NVMeVirt: nvmev_dispatcher started on cpu 1 (node 0)
[340658.957671] NVMeVirt: Virtual NVMe device created
[340658.957957] nvme nvme0: pci function 0001:10:00.0
[340658.957999] NVMeVirt: nvmev_io_worker_0 started on cpu 2 (node 0)
[340658.960638] nvme nvme0: 8/0/0 default/read/poll queues
[340659.040783] EXT4-fs (nvme0n1): mounted filesystem c99d3fa0-cb77-4e4c-a648-c65ff315fff5 r/w with ordered data mode. Quota mode: none.
[340741.063910] NVMeVirt: Fixed CAT init ns=0 part=0 arm=47 k=10 scale_pct=25 age_ratio=16
[340741.063915] NVMeVirt: Fixed CAT init ns=0 part=1 arm=47 k=10 scale_pct=25 age_ratio=16
[340741.063917] NVMeVirt: Fixed CAT init ns=0 part=2 arm=47 k=10 scale_pct=25 age_ratio=16
[340741.063919] NVMeVirt: Fixed CAT init ns=0 part=3 arm=47 k=10 scale_pct=25 age_ratio=16
[340741.063920] NVMeVirt: Measurement: command=start epoch=1 host_bytes=0 learner_active=1
[340741.071735] mix-mixC-fixed47-743990 phase=A START
[341341.393512] mix-mixC-fixed47-743990 phase=A END
[341341.400371] mix-mixC-fixed47-743990 phase=B START
[341941.715887] mix-mixC-fixed47-743990 phase=B END
[341941.719029] NVMeVirt: Measurement: command=stop epoch=1 host_bytes=122884419584 learner_active=0
[341941.771240] EXT4-fs (nvme0n1): unmounting filesystem c99d3fa0-cb77-4e4c-a648-c65ff315fff5.
[341941.830170] pci_bus 0001:10: busn_res: [bus 10-ff] is released
[341941.830233] NVMeVirt: GC stats: ns=0 policy=cat-fig7-fixed host_pages=30001079 gc_pages=22524804 gc_count=820716 WAF=1.750 warmup_gc=100-per-part
[341941.903594] NVMeVirt: Virtual NVMe device closed
