[582336.039068] mix-mixX-fixed50-1357608 BEGIN
[582336.057125] NVMeVirt: Version 1.10 for >> Samsung 970 Pro SSD <<
[582336.057138] NVMeVirt: Storage: 0x100100000-0x300000000 (8191 MiB)
[582336.076657] NVMeVirt: Total Capacity(GiB,MiB)=2,2048 chs=2 luns=4 lines=8192 blk-size(MiB,KiB)=0,64 line-size(MiB,KiB)=0,256
[582336.092887] NVMeVirt: [chmodel_init] bandwidth 800 max_credits 26 tx_time 152
[582336.107401] NVMeVirt: [chmodel_init] bandwidth 800 max_credits 26 tx_time 152
[582336.107418] NVMeVirt: [chmodel_init] bandwidth 3360 max_credits 110 tx_time 36
[582336.107422] NVMeVirt: Fixed CAT init ns=0 part=0 arm=50 k=10 scale_pct=50 age_ratio=16
[582336.108876] NVMeVirt: pqueue: Copyright (c) 2014, Volkan Yazıcı <volkan.yazici@gmail.com>. All rights reserved.
[582336.108908] NVMeVirt: Init FTL instance with 2 channels (524288 pages)
[582336.108910] NVMeVirt: GC victim policy: cat-fig7-fixed ns=0 part=0 initial_k=10 initial_scale_pct=50 initial_age_ratio=16 warmup_gc=100
[582336.123825] NVMeVirt: [chmodel_init] bandwidth 800 max_credits 26 tx_time 152
[582336.138158] NVMeVirt: [chmodel_init] bandwidth 800 max_credits 26 tx_time 152
[582336.138178] NVMeVirt: [chmodel_init] bandwidth 3360 max_credits 110 tx_time 36
[582336.138181] NVMeVirt: Fixed CAT init ns=0 part=1 arm=50 k=10 scale_pct=50 age_ratio=16
[582336.139622] NVMeVirt: Init FTL instance with 2 channels (524288 pages)
[582336.139625] NVMeVirt: GC victim policy: cat-fig7-fixed ns=0 part=1 initial_k=10 initial_scale_pct=50 initial_age_ratio=16 warmup_gc=100
[582336.153941] NVMeVirt: [chmodel_init] bandwidth 800 max_credits 26 tx_time 152
[582336.168461] NVMeVirt: [chmodel_init] bandwidth 800 max_credits 26 tx_time 152
[582336.168481] NVMeVirt: [chmodel_init] bandwidth 3360 max_credits 110 tx_time 36
[582336.168484] NVMeVirt: Fixed CAT init ns=0 part=2 arm=50 k=10 scale_pct=50 age_ratio=16
[582336.169957] NVMeVirt: Init FTL instance with 2 channels (524288 pages)
[582336.169960] NVMeVirt: GC victim policy: cat-fig7-fixed ns=0 part=2 initial_k=10 initial_scale_pct=50 initial_age_ratio=16 warmup_gc=100
[582336.184965] NVMeVirt: [chmodel_init] bandwidth 800 max_credits 26 tx_time 152
[582336.200052] NVMeVirt: [chmodel_init] bandwidth 800 max_credits 26 tx_time 152
[582336.200072] NVMeVirt: [chmodel_init] bandwidth 3360 max_credits 110 tx_time 36
[582336.200076] NVMeVirt: Fixed CAT init ns=0 part=3 arm=50 k=10 scale_pct=50 age_ratio=16
[582336.201497] NVMeVirt: Init FTL instance with 2 channels (524288 pages)
[582336.201499] NVMeVirt: GC victim policy: cat-fig7-fixed ns=0 part=3 initial_k=10 initial_scale_pct=50 initial_age_ratio=16 warmup_gc=100
[582336.201507] NVMeVirt: FTL physical space: 8588886016, logical space: 8026996276 (physical/logical * 100 = 107)
[582336.201509] NVMeVirt: ns 0/1: size 7655 MiB
[582336.201578] PCI host bridge to bus 0001:10
[582336.201582] pci_bus 0001:10: root bus resource [io  0x0000-0xffff]
[582336.201586] pci_bus 0001:10: root bus resource [mem 0x00000000-0x7ffffffffff]
[582336.201590] pci_bus 0001:10: root bus resource [bus 00-ff]
[582336.201601] pci 0001:10:00.0: [0c51:0110] type 00 class 0x010802 PCIe Endpoint
[582336.201607] pci 0001:10:00.0: BAR 0 [mem 0x100000000-0x100003fff 64bit]
[582336.201612] pci 0001:10:00.0: enabling Extended Tags
[582336.201863] NVMeVirt: Virtual PCI bus created (node 0)
[582336.202129] NVMeVirt: nvmev_io_worker_0 started on cpu 2 (node 0)
[582336.202165] NVMeVirt: nvmev_dispatcher started on cpu 1 (node 0)
[582336.202201] NVMeVirt: Virtual NVMe device created
[582336.202462] nvme nvme1: pci function 0001:10:00.0
[582336.207610] nvme nvme1: 12/0/0 default/read/poll queues
[582336.305851] EXT4-fs (nvme1n1): mounted filesystem 6cfba6d8-0636-40ff-90db-041b7e6da6d8 r/w with ordered data mode. Quota mode: none.
[582418.369794] NVMeVirt: Fixed CAT init ns=0 part=0 arm=50 k=10 scale_pct=50 age_ratio=16
[582418.369803] NVMeVirt: Fixed CAT init ns=0 part=1 arm=50 k=10 scale_pct=50 age_ratio=16
[582418.369806] NVMeVirt: Fixed CAT init ns=0 part=2 arm=50 k=10 scale_pct=50 age_ratio=16
[582418.369809] NVMeVirt: Fixed CAT init ns=0 part=3 arm=50 k=10 scale_pct=50 age_ratio=16
[582418.369811] NVMeVirt: Measurement: command=start epoch=1 host_bytes=0 learner_active=1
[582418.380188] mix-mixX-fixed50-1357608 phase=S01 START
[582478.716262] mix-mixX-fixed50-1357608 phase=S01 END
[582478.732408] mix-mixX-fixed50-1357608 phase=S02 START
[582541.680268] mix-mixX-fixed50-1357608 phase=S02 chunk=1/1 done
[582542.320624] mix-mixX-fixed50-1357608 phase=S02 END
[582542.334067] mix-mixX-fixed50-1357608 phase=S03 START
[582575.699099] mix-mixX-fixed50-1357608 phase=S03 chunk=1/2 done
[582609.018125] mix-mixX-fixed50-1357608 phase=S03 chunk=2/2 done
[582609.060375] mix-mixX-fixed50-1357608 phase=S03 END
[582609.068327] mix-mixX-fixed50-1357608 phase=S04 START
[582669.397424] mix-mixX-fixed50-1357608 phase=S04 END
[582669.416395] mix-mixX-fixed50-1357608 phase=S05 START
[582702.926151] mix-mixX-fixed50-1357608 phase=S05 chunk=1/2 done
[582736.235530] mix-mixX-fixed50-1357608 phase=S05 chunk=2/2 done
[582736.270979] mix-mixX-fixed50-1357608 phase=S05 END
[582736.284602] mix-mixX-fixed50-1357608 phase=S06 START
[582799.229909] mix-mixX-fixed50-1357608 phase=S06 chunk=1/1 done
[582799.886069] mix-mixX-fixed50-1357608 phase=S06 END
[582799.896191] mix-mixX-fixed50-1357608 phase=S07 START
[582860.218480] mix-mixX-fixed50-1357608 phase=S07 END
[582860.237490] mix-mixX-fixed50-1357608 phase=S08 START
[582923.189577] mix-mixX-fixed50-1357608 phase=S08 chunk=1/1 done
[582923.836706] mix-mixX-fixed50-1357608 phase=S08 END
[582923.850314] mix-mixX-fixed50-1357608 phase=S09 START
[582957.154869] mix-mixX-fixed50-1357608 phase=S09 chunk=1/2 done
[582990.467466] mix-mixX-fixed50-1357608 phase=S09 chunk=2/2 done
[582990.508430] mix-mixX-fixed50-1357608 phase=S09 END
[582990.516356] mix-mixX-fixed50-1357608 phase=S10 START
[583050.833977] mix-mixX-fixed50-1357608 phase=S10 END
[583050.847349] mix-mixX-fixed50-1357608 phase=S11 START
[583084.315808] mix-mixX-fixed50-1357608 phase=S11 chunk=1/2 done
[583117.564192] mix-mixX-fixed50-1357608 phase=S11 chunk=2/2 done
[583117.606360] mix-mixX-fixed50-1357608 phase=S11 END
[583117.619895] mix-mixX-fixed50-1357608 phase=S12 START
[583180.591151] mix-mixX-fixed50-1357608 phase=S12 chunk=1/1 done
[583181.207786] mix-mixX-fixed50-1357608 phase=S12 END
[583181.216131] mix-mixX-fixed50-1357608 phase=S13 START
[583241.530893] mix-mixX-fixed50-1357608 phase=S13 END
[583241.549686] mix-mixX-fixed50-1357608 phase=S14 START
[583304.502059] mix-mixX-fixed50-1357608 phase=S14 chunk=1/1 done
[583305.152047] mix-mixX-fixed50-1357608 phase=S14 END
[583305.166802] mix-mixX-fixed50-1357608 phase=S15 START
[583338.541929] mix-mixX-fixed50-1357608 phase=S15 chunk=1/2 done
[583371.980520] mix-mixX-fixed50-1357608 phase=S15 chunk=2/2 done
[583372.021399] mix-mixX-fixed50-1357608 phase=S15 END
[583372.029327] mix-mixX-fixed50-1357608 phase=S16 START
[583432.353320] mix-mixX-fixed50-1357608 phase=S16 END
[583432.372731] mix-mixX-fixed50-1357608 phase=S17 START
[583465.801602] mix-mixX-fixed50-1357608 phase=S17 chunk=1/2 done
[583499.051321] mix-mixX-fixed50-1357608 phase=S17 chunk=2/2 done
[583499.093040] mix-mixX-fixed50-1357608 phase=S17 END
[583499.106542] mix-mixX-fixed50-1357608 phase=S18 START
[583562.060327] mix-mixX-fixed50-1357608 phase=S18 chunk=1/1 done
[583562.735676] mix-mixX-fixed50-1357608 phase=S18 END
[583562.745150] mix-mixX-fixed50-1357608 phase=S19 START
[583623.073854] mix-mixX-fixed50-1357608 phase=S19 END
[583623.092828] mix-mixX-fixed50-1357608 phase=S20 START
[583686.042023] mix-mixX-fixed50-1357608 phase=S20 chunk=1/1 done
[583686.703003] mix-mixX-fixed50-1357608 phase=S20 END
[583686.709861] NVMeVirt: Measurement: command=stop epoch=1 host_bytes=327901016064 learner_active=0
[583686.908587] EXT4-fs (nvme1n1): unmounting filesystem 6cfba6d8-0636-40ff-90db-041b7e6da6d8.
[583687.023115] pci_bus 0001:10: busn_res: [bus 10-ff] is released
[583687.023229] NVMeVirt: GC stats: ns=0 policy=cat-fig7-fixed host_pages=80053959 gc_pages=165101194 gc_count=3830549 WAF=3.062 warmup_gc=100-per-part
[583687.142144] NVMeVirt: Virtual NVMe device closed
