[343225.575642] mix-mixC-online-746934 BEGIN
[343225.588548] NVMeVirt: Version 1.10 for >> Samsung 970 Pro SSD <<
[343225.588553] NVMeVirt: Storage: 0x100100000-0x300000000 (8191 MiB)
[343225.599554] NVMeVirt: Total Capacity(GiB,MiB)=2,2048 chs=2 luns=4 lines=8192 blk-size(MiB,KiB)=0,64 line-size(MiB,KiB)=0,256
[343225.610345] NVMeVirt: [chmodel_init] bandwidth 800 max_credits 26 tx_time 152
[343225.621105] NVMeVirt: [chmodel_init] bandwidth 800 max_credits 26 tx_time 152
[343225.621121] NVMeVirt: [chmodel_init] bandwidth 3360 max_credits 110 tx_time 36
[343225.621124] NVMeVirt: WATGC_V2 init ns=0 part=0 arms=60 initial=37 prior=none gamma_q16=65503 exploration_q16=16384
[343225.622465] NVMeVirt: pqueue: Copyright (c) 2014, Volkan Yazıcı <volkan.yazici@gmail.com>. All rights reserved.
[343225.622505] NVMeVirt: Init FTL instance with 2 channels (524288 pages)
[343225.622508] NVMeVirt: GC victim policy: watgc-v2 ns=0 part=0 initial_k=7 initial_scale_pct=100 initial_age_ratio=7 warmup_gc=100
[343225.632735] NVMeVirt: [chmodel_init] bandwidth 800 max_credits 26 tx_time 152
[343225.643034] NVMeVirt: [chmodel_init] bandwidth 800 max_credits 26 tx_time 152
[343225.643050] NVMeVirt: [chmodel_init] bandwidth 3360 max_credits 110 tx_time 36
[343225.643052] NVMeVirt: WATGC_V2 init ns=0 part=1 arms=60 initial=37 prior=none gamma_q16=65503 exploration_q16=16384
[343225.644358] NVMeVirt: Init FTL instance with 2 channels (524288 pages)
[343225.644361] NVMeVirt: GC victim policy: watgc-v2 ns=0 part=1 initial_k=7 initial_scale_pct=100 initial_age_ratio=7 warmup_gc=100
[343225.654799] NVMeVirt: [chmodel_init] bandwidth 800 max_credits 26 tx_time 152
[343225.665342] NVMeVirt: [chmodel_init] bandwidth 800 max_credits 26 tx_time 152
[343225.665357] NVMeVirt: [chmodel_init] bandwidth 3360 max_credits 110 tx_time 36
[343225.665359] NVMeVirt: WATGC_V2 init ns=0 part=2 arms=60 initial=37 prior=none gamma_q16=65503 exploration_q16=16384
[343225.666616] NVMeVirt: Init FTL instance with 2 channels (524288 pages)
[343225.666618] NVMeVirt: GC victim policy: watgc-v2 ns=0 part=2 initial_k=7 initial_scale_pct=100 initial_age_ratio=7 warmup_gc=100
[343225.676743] NVMeVirt: [chmodel_init] bandwidth 800 max_credits 26 tx_time 152
[343225.688470] NVMeVirt: [chmodel_init] bandwidth 800 max_credits 26 tx_time 152
[343225.688487] NVMeVirt: [chmodel_init] bandwidth 3360 max_credits 110 tx_time 36
[343225.688489] NVMeVirt: WATGC_V2 init ns=0 part=3 arms=60 initial=37 prior=none gamma_q16=65503 exploration_q16=16384
[343225.689791] NVMeVirt: Init FTL instance with 2 channels (524288 pages)
[343225.689796] NVMeVirt: GC victim policy: watgc-v2 ns=0 part=3 initial_k=7 initial_scale_pct=100 initial_age_ratio=7 warmup_gc=100
[343225.689803] NVMeVirt: FTL physical space: 8588886016, logical space: 8026996276 (physical/logical * 100 = 107)
[343225.689804] NVMeVirt: ns 0/1: size 7655 MiB
[343225.689861] PCI host bridge to bus 0001:10
[343225.689863] pci_bus 0001:10: root bus resource [io  0x0000-0xffff]
[343225.689866] pci_bus 0001:10: root bus resource [mem 0x00000000-0x7fffffffff]
[343225.689868] pci_bus 0001:10: root bus resource [bus 00-ff]
[343225.689876] pci 0001:10:00.0: [0c51:0110] type 00 class 0x010802 PCIe Endpoint
[343225.689880] pci 0001:10:00.0: BAR 0 [mem 0x100000000-0x100003fff 64bit]
[343225.689883] pci 0001:10:00.0: enabling Extended Tags
[343225.690016] NVMeVirt: Virtual PCI bus created (node 0)
[343225.690340] NVMeVirt: nvmev_io_worker_0 started on cpu 2 (node 0)
[343225.690460] NVMeVirt: Virtual NVMe device created
[343225.690557] NVMeVirt: nvmev_dispatcher started on cpu 1 (node 0)
[343225.690649] nvme nvme0: pci function 0001:10:00.0
[343225.694248] nvme nvme0: 8/0/0 default/read/poll queues
[343225.768473] EXT4-fs (nvme0n1): mounted filesystem 717e2ad4-7b2d-4890-9cc7-f6a842746e86 r/w with ordered data mode. Quota mode: none.
[343307.784409] NVMeVirt: WATGC_V2 init ns=0 part=0 arms=60 initial=37 prior=none gamma_q16=65503 exploration_q16=16384
[343307.784417] NVMeVirt: WATGC_V2 init ns=0 part=1 arms=60 initial=37 prior=none gamma_q16=65503 exploration_q16=16384
[343307.784420] NVMeVirt: WATGC_V2 init ns=0 part=2 arms=60 initial=37 prior=none gamma_q16=65503 exploration_q16=16384
[343307.784422] NVMeVirt: WATGC_V2 init ns=0 part=3 arms=60 initial=37 prior=none gamma_q16=65503 exploration_q16=16384
[343307.784425] NVMeVirt: Measurement: command=start epoch=1 host_bytes=0 learner_active=1
[343307.792437] mix-mixC-online-746934 phase=A START
[343309.307446] NVMeVirt: WATGC_V2 warmup-done ns=0 part=2 gc_count=2804
[343309.320301] NVMeVirt: WATGC_V2 warmup-done ns=0 part=1 gc_count=2810
[343309.335053] NVMeVirt: WATGC_V2 warmup-done ns=0 part=3 gc_count=2812
[343309.361151] NVMeVirt: WATGC_V2 warmup-done ns=0 part=0 gc_count=2828
[343348.572261] NVMeVirt: WATGC_V2 sample ns=0 part=3 epoch=1 window=1 phase=measure evaluated=37 k=7 scale_pct=100 age_ratio=7 host=65552 gc_pages=58342 gc_count=1936 waf_q16=123863 best=37 next=0 settled=0
[343348.633686] NVMeVirt: WATGC_V2 sample ns=0 part=2 epoch=1 window=1 phase=measure evaluated=37 k=7 scale_pct=100 age_ratio=7 host=65564 gc_pages=58671 gc_count=1941 waf_q16=124181 best=37 next=0 settled=0
[343348.701829] NVMeVirt: WATGC_V2 sample ns=0 part=1 epoch=1 window=1 phase=measure evaluated=37 k=7 scale_pct=100 age_ratio=7 host=65552 gc_pages=58797 gc_count=1943 waf_q16=124318 best=37 next=0 settled=0
[343348.739355] NVMeVirt: WATGC_V2 sample ns=0 part=0 epoch=1 window=1 phase=measure evaluated=37 k=7 scale_pct=100 age_ratio=7 host=65564 gc_pages=58522 gc_count=1939 waf_q16=124033 best=37 next=0 settled=0
[343387.910808] NVMeVirt: WATGC_V2 sample ns=0 part=3 epoch=1 window=2 phase=measure evaluated=0 k=2 scale_pct=25 age_ratio=4 host=65551 gc_pages=53304 gc_count=1857 waf_q16=118827 best=0 next=1 settled=0
[343388.002971] NVMeVirt: WATGC_V2 sample ns=0 part=1 epoch=1 window=2 phase=measure evaluated=0 k=2 scale_pct=25 age_ratio=4 host=65550 gc_pages=52410 gc_count=1843 waf_q16=117934 best=0 next=1 settled=0
[343388.006616] NVMeVirt: WATGC_V2 sample ns=0 part=2 epoch=1 window=2 phase=measure evaluated=0 k=2 scale_pct=25 age_ratio=4 host=65539 gc_pages=51909 gc_count=1835 waf_q16=117442 best=0 next=1 settled=0
[343388.052463] NVMeVirt: WATGC_V2 sample ns=0 part=0 epoch=1 window=2 phase=measure evaluated=0 k=2 scale_pct=25 age_ratio=4 host=65541 gc_pages=53314 gc_count=1857 waf_q16=118845 best=0 next=1 settled=0
[343427.283792] NVMeVirt: WATGC_V2 sample ns=0 part=2 epoch=1 window=3 phase=measure evaluated=1 k=2 scale_pct=25 age_ratio=7 host=65545 gc_pages=72251 gc_count=2153 waf_q16=137777 best=0 next=2 settled=0
[343427.328243] NVMeVirt: WATGC_V2 sample ns=0 part=1 epoch=1 window=3 phase=measure evaluated=1 k=2 scale_pct=25 age_ratio=7 host=65561 gc_pages=73257 gc_count=2169 waf_q16=138765 best=0 next=2 settled=0
[343427.347899] NVMeVirt: WATGC_V2 sample ns=0 part=3 epoch=1 window=3 phase=measure evaluated=1 k=2 scale_pct=25 age_ratio=7 host=65554 gc_pages=74289 gc_count=2185 waf_q16=139804 best=0 next=2 settled=0
[343427.349627] NVMeVirt: WATGC_V2 sample ns=0 part=0 epoch=1 window=3 phase=measure evaluated=1 k=2 scale_pct=25 age_ratio=7 host=65536 gc_pages=73730 gc_count=2176 waf_q16=139266 best=0 next=2 settled=0
[343466.624835] NVMeVirt: WATGC_V2 sample ns=0 part=3 epoch=1 window=4 phase=measure evaluated=2 k=2 scale_pct=25 age_ratio=16 host=65542 gc_pages=73151 gc_count=2167 waf_q16=138680 best=0 next=3 settled=0
[343466.651473] NVMeVirt: WATGC_V2 sample ns=0 part=2 epoch=1 window=4 phase=measure evaluated=2 k=2 scale_pct=25 age_ratio=16 host=65551 gc_pages=73462 gc_count=2172 waf_q16=138981 best=0 next=3 settled=0
[343466.655835] NVMeVirt: WATGC_V2 sample ns=0 part=0 epoch=1 window=4 phase=measure evaluated=2 k=2 scale_pct=25 age_ratio=16 host=65558 gc_pages=73840 gc_count=2178 waf_q16=139351 best=0 next=3 settled=0
[343466.713778] NVMeVirt: WATGC_V2 sample ns=0 part=1 epoch=1 window=4 phase=measure evaluated=2 k=2 scale_pct=25 age_ratio=16 host=65541 gc_pages=72961 gc_count=2164 waf_q16=138491 best=0 next=3 settled=0
[343505.969058] NVMeVirt: WATGC_V2 sample ns=0 part=1 epoch=1 window=5 phase=measure evaluated=3 k=2 scale_pct=50 age_ratio=4 host=65554 gc_pages=73392 gc_count=2171 waf_q16=138907 best=0 next=4 settled=0
[343505.976260] NVMeVirt: WATGC_V2 sample ns=0 part=2 epoch=1 window=5 phase=measure evaluated=3 k=2 scale_pct=50 age_ratio=4 host=65551 gc_pages=73075 gc_count=2166 waf_q16=138594 best=0 next=4 settled=0
[343505.977036] NVMeVirt: WATGC_V2 sample ns=0 part=3 epoch=1 window=5 phase=measure evaluated=3 k=2 scale_pct=50 age_ratio=4 host=65564 gc_pages=72997 gc_count=2165 waf_q16=138501 best=0 next=4 settled=0
[343506.055019] NVMeVirt: WATGC_V2 sample ns=0 part=0 epoch=1 window=5 phase=measure evaluated=3 k=2 scale_pct=50 age_ratio=4 host=65565 gc_pages=73061 gc_count=2166 waf_q16=138564 best=0 next=4 settled=0
[343545.277955] NVMeVirt: WATGC_V2 sample ns=0 part=3 epoch=1 window=6 phase=measure evaluated=4 k=2 scale_pct=50 age_ratio=7 host=65542 gc_pages=71543 gc_count=2142 waf_q16=137072 best=0 next=5 settled=0
[343545.313689] NVMeVirt: WATGC_V2 sample ns=0 part=2 epoch=1 window=6 phase=measure evaluated=4 k=2 scale_pct=50 age_ratio=7 host=65548 gc_pages=71409 gc_count=2140 waf_q16=136931 best=0 next=5 settled=0
[343545.322770] NVMeVirt: WATGC_V2 sample ns=0 part=0 epoch=1 window=6 phase=measure evaluated=4 k=2 scale_pct=50 age_ratio=7 host=65550 gc_pages=72110 gc_count=2151 waf_q16=137630 best=0 next=5 settled=0
[343545.381546] NVMeVirt: WATGC_V2 sample ns=0 part=1 epoch=1 window=6 phase=measure evaluated=4 k=2 scale_pct=50 age_ratio=7 host=65544 gc_pages=71668 gc_count=2144 waf_q16=137195 best=0 next=5 settled=0
[343584.568952] NVMeVirt: WATGC_V2 sample ns=0 part=2 epoch=1 window=7 phase=measure evaluated=5 k=2 scale_pct=50 age_ratio=16 host=65546 gc_pages=74869 gc_count=2194 waf_q16=140393 best=0 next=6 settled=0
[343584.621316] NVMeVirt: WATGC_V2 sample ns=0 part=1 epoch=1 window=7 phase=measure evaluated=5 k=2 scale_pct=50 age_ratio=16 host=65550 gc_pages=75120 gc_count=2198 waf_q16=140639 best=0 next=6 settled=0
[343584.675233] NVMeVirt: WATGC_V2 sample ns=0 part=3 epoch=1 window=7 phase=measure evaluated=5 k=2 scale_pct=50 age_ratio=16 host=65537 gc_pages=74941 gc_count=2195 waf_q16=140475 best=0 next=6 settled=0
[343584.754223] NVMeVirt: WATGC_V2 sample ns=0 part=0 epoch=1 window=7 phase=measure evaluated=5 k=2 scale_pct=50 age_ratio=16 host=65550 gc_pages=75760 gc_count=2208 waf_q16=141279 best=0 next=6 settled=0
[343623.884546] NVMeVirt: WATGC_V2 sample ns=0 part=2 epoch=1 window=8 phase=measure evaluated=6 k=2 scale_pct=100 age_ratio=4 host=65557 gc_pages=79147 gc_count=2261 waf_q16=144657 best=0 next=7 settled=0
[343623.945380] NVMeVirt: WATGC_V2 sample ns=0 part=0 epoch=1 window=8 phase=measure evaluated=6 k=2 scale_pct=100 age_ratio=4 host=65552 gc_pages=80049 gc_count=2275 waf_q16=145565 best=0 next=7 settled=0
[343624.047150] NVMeVirt: WATGC_V2 sample ns=0 part=3 epoch=1 window=8 phase=measure evaluated=6 k=2 scale_pct=100 age_ratio=4 host=65544 gc_pages=78905 gc_count=2257 waf_q16=144431 best=0 next=7 settled=0
[343624.066748] NVMeVirt: WATGC_V2 sample ns=0 part=1 epoch=1 window=8 phase=measure evaluated=6 k=2 scale_pct=100 age_ratio=4 host=65536 gc_pages=80000 gc_count=2274 waf_q16=145536 best=0 next=7 settled=0
[343663.165312] NVMeVirt: WATGC_V2 sample ns=0 part=2 epoch=1 window=9 phase=measure evaluated=7 k=2 scale_pct=100 age_ratio=7 host=65556 gc_pages=78063 gc_count=2244 waf_q16=143575 best=0 next=8 settled=0
[343663.206474] NVMeVirt: WATGC_V2 sample ns=0 part=0 epoch=1 window=9 phase=measure evaluated=7 k=2 scale_pct=100 age_ratio=7 host=65544 gc_pages=77884 gc_count=2241 waf_q16=143410 best=0 next=8 settled=0
[343663.363145] NVMeVirt: WATGC_V2 sample ns=0 part=3 epoch=1 window=9 phase=measure evaluated=7 k=2 scale_pct=100 age_ratio=7 host=65540 gc_pages=78144 gc_count=2245 waf_q16=143675 best=0 next=8 settled=0
[343663.512735] NVMeVirt: WATGC_V2 sample ns=0 part=1 epoch=1 window=9 phase=measure evaluated=7 k=2 scale_pct=100 age_ratio=7 host=65546 gc_pages=78457 gc_count=2250 waf_q16=143981 best=0 next=8 settled=0
[343702.494324] NVMeVirt: WATGC_V2 sample ns=0 part=2 epoch=1 window=10 phase=measure evaluated=8 k=2 scale_pct=100 age_ratio=16 host=65541 gc_pages=78718 gc_count=2254 waf_q16=144247 best=0 next=9 settled=0
[343702.634738] NVMeVirt: WATGC_V2 sample ns=0 part=0 epoch=1 window=10 phase=measure evaluated=8 k=2 scale_pct=100 age_ratio=16 host=65549 gc_pages=78646 gc_count=2253 waf_q16=144166 best=0 next=9 settled=0
[343702.712588] NVMeVirt: WATGC_V2 sample ns=0 part=3 epoch=1 window=10 phase=measure evaluated=8 k=2 scale_pct=100 age_ratio=16 host=65548 gc_pages=78776 gc_count=2255 waf_q16=144297 best=0 next=9 settled=0
[343702.753036] NVMeVirt: WATGC_V2 sample ns=0 part=1 epoch=1 window=10 phase=measure evaluated=8 k=2 scale_pct=100 age_ratio=16 host=65558 gc_pages=79277 gc_count=2263 waf_q16=144786 best=0 next=9 settled=0
[343741.784919] NVMeVirt: WATGC_V2 sample ns=0 part=2 epoch=1 window=11 phase=measure evaluated=9 k=2 scale_pct=200 age_ratio=4 host=65556 gc_pages=83690 gc_count=2332 waf_q16=149200 best=0 next=10 settled=0
[343741.967252] NVMeVirt: WATGC_V2 sample ns=0 part=0 epoch=1 window=11 phase=measure evaluated=9 k=2 scale_pct=200 age_ratio=4 host=65543 gc_pages=83575 gc_count=2330 waf_q16=149102 best=0 next=10 settled=0
[343742.045589] NVMeVirt: WATGC_V2 sample ns=0 part=3 epoch=1 window=11 phase=measure evaluated=9 k=2 scale_pct=200 age_ratio=4 host=65550 gc_pages=83760 gc_count=2333 waf_q16=149278 best=0 next=10 settled=0
[343742.124042] NVMeVirt: WATGC_V2 sample ns=0 part=1 epoch=1 window=11 phase=measure evaluated=9 k=2 scale_pct=200 age_ratio=4 host=65555 gc_pages=82281 gc_count=2310 waf_q16=147793 best=0 next=10 settled=0
[343781.040083] NVMeVirt: WATGC_V2 sample ns=0 part=2 epoch=1 window=12 phase=measure evaluated=10 k=2 scale_pct=200 age_ratio=7 host=65550 gc_pages=83568 gc_count=2330 waf_q16=149086 best=0 next=11 settled=0
[343781.347221] NVMeVirt: WATGC_V2 sample ns=0 part=3 epoch=1 window=12 phase=measure evaluated=10 k=2 scale_pct=200 age_ratio=7 host=65555 gc_pages=83115 gc_count=2323 waf_q16=148626 best=0 next=11 settled=0
[343781.373267] NVMeVirt: WATGC_V2 sample ns=0 part=0 epoch=1 window=12 phase=measure evaluated=10 k=2 scale_pct=200 age_ratio=7 host=65543 gc_pages=84088 gc_count=2338 waf_q16=149615 best=0 next=11 settled=0
[343781.461432] NVMeVirt: WATGC_V2 sample ns=0 part=1 epoch=1 window=12 phase=measure evaluated=10 k=2 scale_pct=200 age_ratio=7 host=65540 gc_pages=83963 gc_count=2336 waf_q16=149493 best=0 next=11 settled=0
[343820.501462] NVMeVirt: WATGC_V2 sample ns=0 part=2 epoch=1 window=13 phase=measure evaluated=11 k=2 scale_pct=200 age_ratio=16 host=65561 gc_pages=84200 gc_count=2340 waf_q16=149703 best=0 next=12 settled=0
[343820.656687] NVMeVirt: WATGC_V2 sample ns=0 part=3 epoch=1 window=13 phase=measure evaluated=11 k=2 scale_pct=200 age_ratio=16 host=65551 gc_pages=84848 gc_count=2350 waf_q16=150364 best=0 next=12 settled=0
[343820.702208] NVMeVirt: WATGC_V2 sample ns=0 part=1 epoch=1 window=13 phase=measure evaluated=11 k=2 scale_pct=200 age_ratio=16 host=65559 gc_pages=84969 gc_count=2352 waf_q16=150475 best=0 next=12 settled=0
[343820.708870] NVMeVirt: WATGC_V2 sample ns=0 part=0 epoch=1 window=13 phase=measure evaluated=11 k=2 scale_pct=200 age_ratio=16 host=65559 gc_pages=84713 gc_count=2348 waf_q16=150219 best=0 next=12 settled=0
[343859.812454] NVMeVirt: WATGC_V2 sample ns=0 part=2 epoch=1 window=14 phase=measure evaluated=12 k=2 scale_pct=400 age_ratio=4 host=65547 gc_pages=83384 gc_count=2327 waf_q16=148906 best=0 next=13 settled=0
[343859.917313] NVMeVirt: WATGC_V2 sample ns=0 part=3 epoch=1 window=14 phase=measure evaluated=12 k=2 scale_pct=400 age_ratio=4 host=65541 gc_pages=84604 gc_count=2346 waf_q16=150133 best=0 next=13 settled=0
[343860.063491] NVMeVirt: WATGC_V2 sample ns=0 part=0 epoch=1 window=14 phase=measure evaluated=12 k=2 scale_pct=400 age_ratio=4 host=65543 gc_pages=84667 gc_count=2347 waf_q16=150193 best=0 next=13 settled=0
[343860.075315] NVMeVirt: WATGC_V2 sample ns=0 part=1 epoch=1 window=14 phase=measure evaluated=12 k=2 scale_pct=400 age_ratio=4 host=65560 gc_pages=83882 gc_count=2335 waf_q16=149387 best=0 next=13 settled=0
[343899.178072] NVMeVirt: WATGC_V2 sample ns=0 part=2 epoch=1 window=15 phase=measure evaluated=13 k=2 scale_pct=400 age_ratio=7 host=65541 gc_pages=78846 gc_count=2256 waf_q16=144375 best=0 next=14 settled=0
[343899.250728] NVMeVirt: WATGC_V2 sample ns=0 part=3 epoch=1 window=15 phase=measure evaluated=13 k=2 scale_pct=400 age_ratio=7 host=65552 gc_pages=78514 gc_count=2251 waf_q16=144030 best=0 next=14 settled=0
[343899.320927] NVMeVirt: WATGC_V2 sample ns=0 part=0 epoch=1 window=15 phase=measure evaluated=13 k=2 scale_pct=400 age_ratio=7 host=65547 gc_pages=78456 gc_count=2250 waf_q16=143978 best=0 next=14 settled=0
[343899.468065] NVMeVirt: WATGC_V2 sample ns=0 part=1 epoch=1 window=15 phase=measure evaluated=13 k=2 scale_pct=400 age_ratio=7 host=65561 gc_pages=79146 gc_count=2261 waf_q16=144651 best=0 next=14 settled=0
[343908.107382] mix-mixC-online-746934 phase=A END
[343908.114932] mix-mixC-online-746934 phase=B START
[343915.974307] NVMeVirt: WATGC_V2 sample ns=0 part=3 epoch=1 window=16 phase=measure evaluated=14 k=2 scale_pct=400 age_ratio=16 host=65546 gc_pages=84726 gc_count=2348 waf_q16=150249 best=0 next=15 settled=0
[343915.974674] NVMeVirt: WATGC_V2 sample ns=0 part=2 epoch=1 window=16 phase=measure evaluated=14 k=2 scale_pct=400 age_ratio=16 host=65537 gc_pages=84351 gc_count=2342 waf_q16=149885 best=0 next=15 settled=0
[343916.050607] NVMeVirt: WATGC_V2 sample ns=0 part=0 epoch=1 window=16 phase=measure evaluated=14 k=2 scale_pct=400 age_ratio=16 host=65537 gc_pages=85438 gc_count=2359 waf_q16=150972 best=0 next=15 settled=0
[343916.062761] NVMeVirt: WATGC_V2 sample ns=0 part=1 epoch=1 window=16 phase=measure evaluated=14 k=2 scale_pct=400 age_ratio=16 host=65553 gc_pages=84719 gc_count=2348 waf_q16=150233 best=0 next=15 settled=0
[343925.799279] NVMeVirt: WATGC_V2 sample ns=0 part=2 epoch=1 window=17 phase=measure evaluated=15 k=4 scale_pct=25 age_ratio=4 host=65572 gc_pages=67871 gc_count=2085 waf_q16=133369 best=0 next=16 settled=0
[343925.831159] NVMeVirt: WATGC_V2 sample ns=0 part=3 epoch=1 window=17 phase=measure evaluated=15 k=4 scale_pct=25 age_ratio=4 host=65553 gc_pages=67314 gc_count=2076 waf_q16=132832 best=0 next=16 settled=0
[343925.873470] NVMeVirt: WATGC_V2 sample ns=0 part=0 epoch=1 window=17 phase=measure evaluated=15 k=4 scale_pct=25 age_ratio=4 host=65545 gc_pages=67787 gc_count=2083 waf_q16=133313 best=0 next=16 settled=0
[343925.895114] NVMeVirt: WATGC_V2 sample ns=0 part=1 epoch=1 window=17 phase=measure evaluated=15 k=4 scale_pct=25 age_ratio=4 host=65547 gc_pages=68647 gc_count=2097 waf_q16=134171 best=0 next=16 settled=0
[343935.638085] NVMeVirt: WATGC_V2 sample ns=0 part=2 epoch=1 window=18 phase=measure evaluated=16 k=4 scale_pct=25 age_ratio=7 host=65568 gc_pages=53209 gc_count=1856 waf_q16=118719 best=0 next=17 settled=0
[343935.676889] NVMeVirt: WATGC_V2 sample ns=0 part=3 epoch=1 window=18 phase=measure evaluated=16 k=4 scale_pct=25 age_ratio=7 host=65563 gc_pages=52904 gc_count=1851 waf_q16=118418 best=0 next=17 settled=0
[343935.685909] NVMeVirt: WATGC_V2 sample ns=0 part=0 epoch=1 window=18 phase=measure evaluated=16 k=4 scale_pct=25 age_ratio=7 host=65569 gc_pages=53707 gc_count=1864 waf_q16=119215 best=0 next=17 settled=0
[343935.730493] NVMeVirt: WATGC_V2 sample ns=0 part=1 epoch=1 window=18 phase=measure evaluated=16 k=4 scale_pct=25 age_ratio=7 host=65541 gc_pages=53684 gc_count=1863 waf_q16=119215 best=0 next=17 settled=0
[343945.486258] NVMeVirt: WATGC_V2 sample ns=0 part=2 epoch=1 window=19 phase=measure evaluated=17 k=4 scale_pct=25 age_ratio=16 host=65537 gc_pages=59583 gc_count=1955 waf_q16=125118 best=0 next=18 settled=0
[343945.503360] NVMeVirt: WATGC_V2 sample ns=0 part=0 epoch=1 window=19 phase=measure evaluated=17 k=4 scale_pct=25 age_ratio=16 host=65541 gc_pages=58610 gc_count=1940 waf_q16=124141 best=0 next=18 settled=0
[343945.507254] NVMeVirt: WATGC_V2 sample ns=0 part=3 epoch=1 window=19 phase=measure evaluated=17 k=4 scale_pct=25 age_ratio=16 host=65565 gc_pages=57765 gc_count=1927 waf_q16=123275 best=0 next=18 settled=0
[343945.571206] NVMeVirt: WATGC_V2 sample ns=0 part=1 epoch=1 window=19 phase=measure evaluated=17 k=4 scale_pct=25 age_ratio=16 host=65562 gc_pages=57873 gc_count=1929 waf_q16=123386 best=0 next=18 settled=0
[343955.301825] NVMeVirt: WATGC_V2 sample ns=0 part=2 epoch=1 window=20 phase=measure evaluated=18 k=4 scale_pct=50 age_ratio=4 host=65548 gc_pages=39554 gc_count=1642 waf_q16=105082 best=18 next=19 settled=0
[343955.337261] NVMeVirt: WATGC_V2 sample ns=0 part=3 epoch=1 window=20 phase=measure evaluated=18 k=4 scale_pct=50 age_ratio=4 host=65536 gc_pages=39620 gc_count=1643 waf_q16=105156 best=18 next=19 settled=0
[343955.357108] NVMeVirt: WATGC_V2 sample ns=0 part=0 epoch=1 window=20 phase=measure evaluated=18 k=4 scale_pct=50 age_ratio=4 host=65538 gc_pages=39809 gc_count=1646 waf_q16=105343 best=18 next=19 settled=0
[343955.404677] NVMeVirt: WATGC_V2 sample ns=0 part=1 epoch=1 window=20 phase=measure evaluated=18 k=4 scale_pct=50 age_ratio=4 host=65566 gc_pages=39717 gc_count=1645 waf_q16=105234 best=18 next=19 settled=0
[343965.155577] NVMeVirt: WATGC_V2 sample ns=0 part=2 epoch=1 window=21 phase=measure evaluated=19 k=4 scale_pct=50 age_ratio=7 host=65552 gc_pages=49457 gc_count=1797 waf_q16=114980 best=18 next=20 settled=0
[343965.161147] NVMeVirt: WATGC_V2 sample ns=0 part=3 epoch=1 window=21 phase=measure evaluated=19 k=4 scale_pct=50 age_ratio=7 host=65544 gc_pages=48824 gc_count=1787 waf_q16=114354 best=18 next=20 settled=0
[343965.183273] NVMeVirt: WATGC_V2 sample ns=0 part=0 epoch=1 window=21 phase=measure evaluated=19 k=4 scale_pct=50 age_ratio=7 host=65568 gc_pages=51168 gc_count=1824 waf_q16=116679 best=18 next=20 settled=0
[343965.239977] NVMeVirt: WATGC_V2 sample ns=0 part=1 epoch=1 window=21 phase=measure evaluated=19 k=4 scale_pct=50 age_ratio=7 host=65572 gc_pages=49052 gc_count=1791 waf_q16=114561 best=18 next=20 settled=0
[343974.983173] NVMeVirt: WATGC_V2 sample ns=0 part=2 epoch=1 window=22 phase=measure evaluated=20 k=4 scale_pct=50 age_ratio=16 host=65537 gc_pages=47105 gc_count=1760 waf_q16=112640 best=18 next=21 settled=0
[343975.000783] NVMeVirt: WATGC_V2 sample ns=0 part=3 epoch=1 window=22 phase=measure evaluated=20 k=4 scale_pct=50 age_ratio=16 host=65568 gc_pages=46241 gc_count=1747 waf_q16=111754 best=18 next=21 settled=0
[343975.040130] NVMeVirt: WATGC_V2 sample ns=0 part=0 epoch=1 window=22 phase=measure evaluated=20 k=4 scale_pct=50 age_ratio=16 host=65567 gc_pages=46498 gc_count=1751 waf_q16=112012 best=18 next=21 settled=0
[343975.058538] NVMeVirt: WATGC_V2 sample ns=0 part=1 epoch=1 window=22 phase=measure evaluated=20 k=4 scale_pct=50 age_ratio=16 host=65570 gc_pages=46495 gc_count=1751 waf_q16=112006 best=18 next=21 settled=0
[343984.807858] NVMeVirt: WATGC_V2 sample ns=0 part=2 epoch=1 window=23 phase=measure evaluated=21 k=4 scale_pct=100 age_ratio=4 host=65575 gc_pages=38807 gc_count=1631 waf_q16=104319 best=21 next=22 settled=0
[343984.836138] NVMeVirt: WATGC_V2 sample ns=0 part=0 epoch=1 window=23 phase=measure evaluated=21 k=4 scale_pct=100 age_ratio=4 host=65572 gc_pages=38684 gc_count=1629 waf_q16=104198 best=21 next=22 settled=0
[343984.860544] NVMeVirt: WATGC_V2 sample ns=0 part=3 epoch=1 window=23 phase=measure evaluated=21 k=4 scale_pct=100 age_ratio=4 host=65561 gc_pages=38309 gc_count=1623 waf_q16=103830 best=21 next=22 settled=0
[343984.916422] NVMeVirt: WATGC_V2 sample ns=0 part=1 epoch=1 window=23 phase=measure evaluated=21 k=4 scale_pct=100 age_ratio=4 host=65542 gc_pages=38586 gc_count=1627 waf_q16=104118 best=21 next=22 settled=0
[343994.619981] NVMeVirt: WATGC_V2 sample ns=0 part=2 epoch=1 window=24 phase=measure evaluated=22 k=4 scale_pct=100 age_ratio=7 host=65564 gc_pages=63779 gc_count=2021 waf_q16=129287 best=21 next=23 settled=0
[343994.665133] NVMeVirt: WATGC_V2 sample ns=0 part=0 epoch=1 window=24 phase=measure evaluated=22 k=4 scale_pct=100 age_ratio=7 host=65560 gc_pages=63335 gc_count=2014 waf_q16=128847 best=21 next=23 settled=0
[343994.692991] NVMeVirt: WATGC_V2 sample ns=0 part=3 epoch=1 window=24 phase=measure evaluated=22 k=4 scale_pct=100 age_ratio=7 host=65557 gc_pages=63338 gc_count=2014 waf_q16=128853 best=21 next=23 settled=0
[343994.775773] NVMeVirt: WATGC_V2 sample ns=0 part=1 epoch=1 window=24 phase=measure evaluated=22 k=4 scale_pct=100 age_ratio=7 host=65547 gc_pages=62899 gc_count=2007 waf_q16=128424 best=21 next=23 settled=0
[344004.456280] NVMeVirt: WATGC_V2 sample ns=0 part=2 epoch=1 window=25 phase=measure evaluated=23 k=4 scale_pct=100 age_ratio=16 host=65555 gc_pages=49580 gc_count=1799 waf_q16=115101 best=21 next=24 settled=0
[344004.510624] NVMeVirt: WATGC_V2 sample ns=0 part=0 epoch=1 window=25 phase=measure evaluated=23 k=4 scale_pct=100 age_ratio=16 host=65562 gc_pages=48812 gc_count=1787 waf_q16=114328 best=21 next=24 settled=0
[344004.540782] NVMeVirt: WATGC_V2 sample ns=0 part=3 epoch=1 window=25 phase=measure evaluated=23 k=4 scale_pct=100 age_ratio=16 host=65565 gc_pages=48490 gc_count=1782 waf_q16=114004 best=21 next=24 settled=0
[344004.592084] NVMeVirt: WATGC_V2 sample ns=0 part=1 epoch=1 window=25 phase=measure evaluated=23 k=4 scale_pct=100 age_ratio=16 host=65546 gc_pages=47670 gc_count=1769 waf_q16=113198 best=21 next=24 settled=0
[344014.260257] NVMeVirt: WATGC_V2 sample ns=0 part=2 epoch=1 window=26 phase=measure evaluated=24 k=4 scale_pct=200 age_ratio=4 host=65537 gc_pages=43200 gc_count=1699 waf_q16=108735 best=21 next=25 settled=0
[344014.353503] NVMeVirt: WATGC_V2 sample ns=0 part=3 epoch=1 window=26 phase=measure evaluated=24 k=4 scale_pct=200 age_ratio=4 host=65547 gc_pages=42294 gc_count=1685 waf_q16=107822 best=21 next=25 settled=0
[344014.367169] NVMeVirt: WATGC_V2 sample ns=0 part=0 epoch=1 window=26 phase=measure evaluated=24 k=4 scale_pct=200 age_ratio=4 host=65571 gc_pages=42781 gc_count=1693 waf_q16=108294 best=21 next=25 settled=0
[344014.439007] NVMeVirt: WATGC_V2 sample ns=0 part=1 epoch=1 window=26 phase=measure evaluated=24 k=4 scale_pct=200 age_ratio=4 host=65562 gc_pages=42789 gc_count=1693 waf_q16=108308 best=21 next=25 settled=0
[344024.090825] NVMeVirt: WATGC_V2 sample ns=0 part=2 epoch=1 window=27 phase=measure evaluated=25 k=4 scale_pct=200 age_ratio=7 host=65546 gc_pages=57724 gc_count=1926 waf_q16=123251 best=21 next=26 settled=0
[344024.200280] NVMeVirt: WATGC_V2 sample ns=0 part=3 epoch=1 window=27 phase=measure evaluated=25 k=4 scale_pct=200 age_ratio=7 host=65560 gc_pages=57070 gc_count=1916 waf_q16=122585 best=21 next=26 settled=0
[344024.202082] NVMeVirt: WATGC_V2 sample ns=0 part=0 epoch=1 window=27 phase=measure evaluated=25 k=4 scale_pct=200 age_ratio=7 host=65554 gc_pages=57524 gc_count=1923 waf_q16=123044 best=21 next=26 settled=0
[344024.267653] NVMeVirt: WATGC_V2 sample ns=0 part=1 epoch=1 window=27 phase=measure evaluated=25 k=4 scale_pct=200 age_ratio=7 host=65541 gc_pages=56961 gc_count=1914 waf_q16=122492 best=21 next=26 settled=0
[344033.945891] NVMeVirt: WATGC_V2 sample ns=0 part=2 epoch=1 window=28 phase=measure evaluated=26 k=4 scale_pct=200 age_ratio=16 host=65547 gc_pages=56942 gc_count=1914 waf_q16=122468 best=21 next=27 settled=0
[344034.023462] NVMeVirt: WATGC_V2 sample ns=0 part=3 epoch=1 window=28 phase=measure evaluated=26 k=4 scale_pct=200 age_ratio=16 host=65551 gc_pages=56492 gc_count=1907 waf_q16=122015 best=21 next=27 settled=0
[344034.038228] NVMeVirt: WATGC_V2 sample ns=0 part=0 epoch=1 window=28 phase=measure evaluated=26 k=4 scale_pct=200 age_ratio=16 host=65572 gc_pages=57494 gc_count=1923 waf_q16=122998 best=21 next=27 settled=0
[344034.092494] NVMeVirt: WATGC_V2 sample ns=0 part=1 epoch=1 window=28 phase=measure evaluated=26 k=4 scale_pct=200 age_ratio=16 host=65573 gc_pages=57302 gc_count=1920 waf_q16=122805 best=21 next=27 settled=0
[344043.791077] NVMeVirt: WATGC_V2 sample ns=0 part=2 epoch=1 window=29 phase=measure evaluated=27 k=4 scale_pct=400 age_ratio=4 host=65563 gc_pages=57059 gc_count=1916 waf_q16=122571 best=21 next=28 settled=0
[344043.848882] NVMeVirt: WATGC_V2 sample ns=0 part=3 epoch=1 window=29 phase=measure evaluated=27 k=4 scale_pct=400 age_ratio=4 host=65563 gc_pages=56611 gc_count=1909 waf_q16=122123 best=21 next=28 settled=0
[344043.873932] NVMeVirt: WATGC_V2 sample ns=0 part=0 epoch=1 window=29 phase=measure evaluated=27 k=4 scale_pct=400 age_ratio=4 host=65550 gc_pages=57519 gc_count=1923 waf_q16=123042 best=21 next=28 settled=0
[344043.918848] NVMeVirt: WATGC_V2 sample ns=0 part=1 epoch=1 window=29 phase=measure evaluated=27 k=4 scale_pct=400 age_ratio=4 host=65562 gc_pages=57124 gc_count=1917 waf_q16=122637 best=21 next=28 settled=0
[344053.650868] NVMeVirt: WATGC_V2 sample ns=0 part=2 epoch=1 window=30 phase=measure evaluated=28 k=4 scale_pct=400 age_ratio=7 host=65561 gc_pages=70696 gc_count=2129 waf_q16=136205 best=21 next=29 settled=0
[344053.674052] NVMeVirt: WATGC_V2 sample ns=0 part=3 epoch=1 window=30 phase=measure evaluated=28 k=4 scale_pct=400 age_ratio=7 host=65544 gc_pages=70649 gc_count=2128 waf_q16=136176 best=21 next=29 settled=0
[344053.676822] NVMeVirt: WATGC_V2 sample ns=0 part=0 epoch=1 window=30 phase=measure evaluated=28 k=4 scale_pct=400 age_ratio=7 host=65558 gc_pages=69995 gc_count=2118 waf_q16=135507 best=21 next=29 settled=0
[344053.764076] NVMeVirt: WATGC_V2 sample ns=0 part=1 epoch=1 window=30 phase=measure evaluated=28 k=4 scale_pct=400 age_ratio=7 host=65564 gc_pages=71267 gc_count=2138 waf_q16=136772 best=21 next=29 settled=0
[344063.463867] NVMeVirt: WATGC_V2 sample ns=0 part=2 epoch=1 window=31 phase=measure evaluated=29 k=4 scale_pct=400 age_ratio=16 host=65543 gc_pages=67386 gc_count=2077 waf_q16=132914 best=21 next=30 settled=0
[344063.512984] NVMeVirt: WATGC_V2 sample ns=0 part=3 epoch=1 window=31 phase=measure evaluated=29 k=4 scale_pct=400 age_ratio=16 host=65542 gc_pages=66299 gc_count=2060 waf_q16=131828 best=21 next=30 settled=0
[344063.522450] NVMeVirt: WATGC_V2 sample ns=0 part=0 epoch=1 window=31 phase=measure evaluated=29 k=4 scale_pct=400 age_ratio=16 host=65544 gc_pages=66873 gc_count=2069 waf_q16=132400 best=21 next=30 settled=0
[344063.597200] NVMeVirt: WATGC_V2 sample ns=0 part=1 epoch=1 window=31 phase=measure evaluated=29 k=4 scale_pct=400 age_ratio=16 host=65552 gc_pages=66929 gc_count=2070 waf_q16=132448 best=21 next=30 settled=0
[344073.302149] NVMeVirt: WATGC_V2 sample ns=0 part=2 epoch=1 window=32 phase=measure evaluated=30 k=7 scale_pct=25 age_ratio=4 host=65546 gc_pages=54712 gc_count=1879 waf_q16=120239 best=21 next=31 settled=0
[344073.346320] NVMeVirt: WATGC_V2 sample ns=0 part=3 epoch=1 window=32 phase=measure evaluated=30 k=7 scale_pct=25 age_ratio=4 host=65571 gc_pages=55199 gc_count=1887 waf_q16=120705 best=21 next=31 settled=0
[344073.366719] NVMeVirt: WATGC_V2 sample ns=0 part=0 epoch=1 window=32 phase=measure evaluated=30 k=7 scale_pct=25 age_ratio=4 host=65552 gc_pages=53745 gc_count=1864 waf_q16=119267 best=21 next=31 settled=0
[344073.425849] NVMeVirt: WATGC_V2 sample ns=0 part=1 epoch=1 window=32 phase=measure evaluated=30 k=7 scale_pct=25 age_ratio=4 host=65567 gc_pages=55326 gc_count=1889 waf_q16=120835 best=21 next=31 settled=0
[344083.142041] NVMeVirt: WATGC_V2 sample ns=0 part=2 epoch=1 window=33 phase=measure evaluated=31 k=7 scale_pct=25 age_ratio=7 host=65548 gc_pages=49511 gc_count=1798 waf_q16=115037 best=21 next=32 settled=0
[344083.175733] NVMeVirt: WATGC_V2 sample ns=0 part=3 epoch=1 window=33 phase=measure evaluated=31 k=7 scale_pct=25 age_ratio=7 host=65542 gc_pages=49458 gc_count=1797 waf_q16=114989 best=21 next=32 settled=0
[344083.214722] NVMeVirt: WATGC_V2 sample ns=0 part=0 epoch=1 window=33 phase=measure evaluated=31 k=7 scale_pct=25 age_ratio=7 host=65539 gc_pages=49274 gc_count=1794 waf_q16=114807 best=21 next=32 settled=0
[344083.240957] NVMeVirt: WATGC_V2 sample ns=0 part=1 epoch=1 window=33 phase=measure evaluated=31 k=7 scale_pct=25 age_ratio=7 host=65570 gc_pages=49041 gc_count=1791 waf_q16=114551 best=21 next=32 settled=0
[344092.957165] NVMeVirt: WATGC_V2 sample ns=0 part=2 epoch=1 window=34 phase=measure evaluated=32 k=7 scale_pct=25 age_ratio=16 host=65559 gc_pages=61613 gc_count=1987 waf_q16=127127 best=21 next=33 settled=0
[344093.006221] NVMeVirt: WATGC_V2 sample ns=0 part=3 epoch=1 window=34 phase=measure evaluated=32 k=7 scale_pct=25 age_ratio=16 host=65541 gc_pages=61438 gc_count=1984 waf_q16=126969 best=21 next=33 settled=0
[344093.059816] NVMeVirt: WATGC_V2 sample ns=0 part=0 epoch=1 window=34 phase=measure evaluated=32 k=7 scale_pct=25 age_ratio=16 host=65562 gc_pages=61609 gc_count=1987 waf_q16=127120 best=21 next=33 settled=0
[344093.086307] NVMeVirt: WATGC_V2 sample ns=0 part=1 epoch=1 window=34 phase=measure evaluated=32 k=7 scale_pct=25 age_ratio=16 host=65568 gc_pages=62307 gc_count=1998 waf_q16=127812 best=21 next=33 settled=0
[344102.797483] NVMeVirt: WATGC_V2 sample ns=0 part=2 epoch=1 window=35 phase=measure evaluated=33 k=7 scale_pct=50 age_ratio=4 host=65575 gc_pages=41880 gc_count=1679 waf_q16=107391 best=21 next=34 settled=0
[344102.837296] NVMeVirt: WATGC_V2 sample ns=0 part=3 epoch=1 window=35 phase=measure evaluated=33 k=7 scale_pct=50 age_ratio=4 host=65571 gc_pages=41756 gc_count=1677 waf_q16=107269 best=21 next=34 settled=0
[344102.890111] NVMeVirt: WATGC_V2 sample ns=0 part=0 epoch=1 window=35 phase=measure evaluated=33 k=7 scale_pct=50 age_ratio=4 host=65559 gc_pages=41704 gc_count=1676 waf_q16=107225 best=21 next=34 settled=0
[344102.921747] NVMeVirt: WATGC_V2 sample ns=0 part=1 epoch=1 window=35 phase=measure evaluated=33 k=7 scale_pct=50 age_ratio=4 host=65544 gc_pages=41656 gc_count=1675 waf_q16=107186 best=21 next=34 settled=0
[344112.615893] NVMeVirt: WATGC_V2 sample ns=0 part=2 epoch=1 window=36 phase=measure evaluated=34 k=7 scale_pct=50 age_ratio=7 host=65543 gc_pages=41850 gc_count=1678 waf_q16=107381 best=21 next=35 settled=0
[344112.682894] NVMeVirt: WATGC_V2 sample ns=0 part=3 epoch=1 window=36 phase=measure evaluated=34 k=7 scale_pct=50 age_ratio=7 host=65571 gc_pages=41309 gc_count=1670 waf_q16=106822 best=21 next=35 settled=0
[344112.735351] NVMeVirt: WATGC_V2 sample ns=0 part=0 epoch=1 window=36 phase=measure evaluated=34 k=7 scale_pct=50 age_ratio=7 host=65554 gc_pages=41519 gc_count=1673 waf_q16=107043 best=21 next=35 settled=0
[344112.746422] NVMeVirt: WATGC_V2 sample ns=0 part=1 epoch=1 window=36 phase=measure evaluated=34 k=7 scale_pct=50 age_ratio=7 host=65541 gc_pages=41851 gc_count=1678 waf_q16=107383 best=21 next=35 settled=0
[344122.475430] NVMeVirt: WATGC_V2 sample ns=0 part=2 epoch=1 window=37 phase=measure evaluated=35 k=7 scale_pct=50 age_ratio=16 host=65551 gc_pages=58995 gc_count=1946 waf_q16=124517 best=21 next=36 settled=0
[344122.531477] NVMeVirt: WATGC_V2 sample ns=0 part=3 epoch=1 window=37 phase=measure evaluated=35 k=7 scale_pct=50 age_ratio=16 host=65539 gc_pages=60460 gc_count=1969 waf_q16=125993 best=21 next=36 settled=0
[344122.549734] NVMeVirt: WATGC_V2 sample ns=0 part=0 epoch=1 window=37 phase=measure evaluated=35 k=7 scale_pct=50 age_ratio=16 host=65561 gc_pages=60137 gc_count=1964 waf_q16=125650 best=21 next=36 settled=0
[344122.561965] NVMeVirt: WATGC_V2 sample ns=0 part=1 epoch=1 window=37 phase=measure evaluated=35 k=7 scale_pct=50 age_ratio=16 host=65542 gc_pages=58940 gc_count=1945 waf_q16=124470 best=21 next=36 settled=0
[344132.289193] NVMeVirt: WATGC_V2 sample ns=0 part=2 epoch=1 window=38 phase=measure evaluated=36 k=7 scale_pct=100 age_ratio=4 host=65541 gc_pages=46710 gc_count=1754 waf_q16=112242 best=21 next=38 settled=0
[344132.360698] NVMeVirt: WATGC_V2 sample ns=0 part=3 epoch=1 window=38 phase=measure evaluated=36 k=7 scale_pct=100 age_ratio=4 host=65570 gc_pages=46938 gc_count=1758 waf_q16=112449 best=21 next=38 settled=0
[344132.391723] NVMeVirt: WATGC_V2 sample ns=0 part=0 epoch=1 window=38 phase=measure evaluated=36 k=7 scale_pct=100 age_ratio=4 host=65575 gc_pages=47252 gc_count=1763 waf_q16=112759 best=21 next=38 settled=0
[344132.418967] NVMeVirt: WATGC_V2 sample ns=0 part=1 epoch=1 window=38 phase=measure evaluated=36 k=7 scale_pct=100 age_ratio=4 host=65575 gc_pages=46805 gc_count=1756 waf_q16=112313 best=21 next=38 settled=0
[344142.154803] NVMeVirt: WATGC_V2 sample ns=0 part=2 epoch=1 window=39 phase=measure evaluated=38 k=7 scale_pct=100 age_ratio=16 host=65547 gc_pages=46580 gc_count=1752 waf_q16=112108 best=21 next=39 settled=0
[344142.182313] NVMeVirt: WATGC_V2 sample ns=0 part=3 epoch=1 window=39 phase=measure evaluated=38 k=7 scale_pct=100 age_ratio=16 host=65541 gc_pages=46394 gc_count=1749 waf_q16=111926 best=21 next=39 settled=0
[344142.197968] NVMeVirt: WATGC_V2 sample ns=0 part=0 epoch=1 window=39 phase=measure evaluated=38 k=7 scale_pct=100 age_ratio=16 host=65537 gc_pages=46591 gc_count=1752 waf_q16=112126 best=21 next=39 settled=0
[344142.255598] NVMeVirt: WATGC_V2 sample ns=0 part=1 epoch=1 window=39 phase=measure evaluated=38 k=7 scale_pct=100 age_ratio=16 host=65547 gc_pages=46516 gc_count=1751 waf_q16=112044 best=21 next=39 settled=0
[344151.984296] NVMeVirt: WATGC_V2 sample ns=0 part=2 epoch=1 window=40 phase=measure evaluated=39 k=7 scale_pct=200 age_ratio=4 host=65549 gc_pages=53817 gc_count=1865 waf_q16=119342 best=21 next=40 settled=0
[344152.018194] NVMeVirt: WATGC_V2 sample ns=0 part=3 epoch=1 window=40 phase=measure evaluated=39 k=7 scale_pct=200 age_ratio=4 host=65536 gc_pages=53894 gc_count=1866 waf_q16=119430 best=21 next=40 settled=0
[344152.026435] NVMeVirt: WATGC_V2 sample ns=0 part=0 epoch=1 window=40 phase=measure evaluated=39 k=7 scale_pct=200 age_ratio=4 host=65548 gc_pages=54011 gc_count=1868 waf_q16=119537 best=21 next=40 settled=0
[344152.094776] NVMeVirt: WATGC_V2 sample ns=0 part=1 epoch=1 window=40 phase=measure evaluated=39 k=7 scale_pct=200 age_ratio=4 host=65544 gc_pages=55102 gc_count=1885 waf_q16=120631 best=21 next=40 settled=0
[344161.826396] NVMeVirt: WATGC_V2 sample ns=0 part=2 epoch=1 window=41 phase=measure evaluated=40 k=7 scale_pct=200 age_ratio=7 host=65567 gc_pages=60574 gc_count=1971 waf_q16=126081 best=21 next=41 settled=0
[344161.860377] NVMeVirt: WATGC_V2 sample ns=0 part=3 epoch=1 window=41 phase=measure evaluated=40 k=7 scale_pct=200 age_ratio=7 host=65567 gc_pages=59742 gc_count=1958 waf_q16=125249 best=21 next=41 settled=0
[344161.866558] NVMeVirt: WATGC_V2 sample ns=0 part=0 epoch=1 window=41 phase=measure evaluated=40 k=7 scale_pct=200 age_ratio=7 host=65546 gc_pages=59700 gc_count=1957 waf_q16=125226 best=21 next=41 settled=0
[344161.907088] NVMeVirt: WATGC_V2 sample ns=0 part=1 epoch=1 window=41 phase=measure evaluated=40 k=7 scale_pct=200 age_ratio=7 host=65549 gc_pages=59697 gc_count=1957 waf_q16=125221 best=21 next=41 settled=0
[344171.672996] NVMeVirt: WATGC_V2 sample ns=0 part=2 epoch=1 window=42 phase=measure evaluated=41 k=7 scale_pct=200 age_ratio=16 host=65571 gc_pages=49375 gc_count=1796 waf_q16=114884 best=21 next=42 settled=0
[344171.692256] NVMeVirt: WATGC_V2 sample ns=0 part=0 epoch=1 window=42 phase=measure evaluated=41 k=7 scale_pct=200 age_ratio=16 host=65563 gc_pages=49383 gc_count=1796 waf_q16=114898 best=21 next=42 settled=0
[344171.705491] NVMeVirt: WATGC_V2 sample ns=0 part=3 epoch=1 window=42 phase=measure evaluated=41 k=7 scale_pct=200 age_ratio=16 host=65553 gc_pages=48817 gc_count=1787 waf_q16=114340 best=21 next=42 settled=0
[344171.728478] NVMeVirt: WATGC_V2 sample ns=0 part=1 epoch=1 window=42 phase=measure evaluated=41 k=7 scale_pct=200 age_ratio=16 host=65546 gc_pages=49592 gc_count=1799 waf_q16=115120 best=21 next=42 settled=0
[344181.484895] NVMeVirt: WATGC_V2 sample ns=0 part=2 epoch=1 window=43 phase=measure evaluated=42 k=7 scale_pct=400 age_ratio=4 host=65565 gc_pages=53859 gc_count=1866 waf_q16=119371 best=21 next=43 settled=0
[344181.503995] NVMeVirt: WATGC_V2 sample ns=0 part=3 epoch=1 window=43 phase=measure evaluated=42 k=7 scale_pct=400 age_ratio=4 host=65555 gc_pages=54060 gc_count=1869 waf_q16=119580 best=21 next=43 settled=0
[344181.546217] NVMeVirt: WATGC_V2 sample ns=0 part=0 epoch=1 window=43 phase=measure evaluated=42 k=7 scale_pct=400 age_ratio=4 host=65547 gc_pages=54452 gc_count=1875 waf_q16=119978 best=21 next=43 settled=0
[344181.595771] NVMeVirt: WATGC_V2 sample ns=0 part=1 epoch=1 window=43 phase=measure evaluated=42 k=7 scale_pct=400 age_ratio=4 host=65546 gc_pages=54008 gc_count=1868 waf_q16=119535 best=21 next=43 settled=0
[344191.329681] NVMeVirt: WATGC_V2 sample ns=0 part=2 epoch=1 window=44 phase=measure evaluated=43 k=7 scale_pct=400 age_ratio=7 host=65553 gc_pages=64685 gc_count=2035 waf_q16=130204 best=21 next=44 settled=0
[344191.333795] NVMeVirt: WATGC_V2 sample ns=0 part=3 epoch=1 window=44 phase=measure evaluated=43 k=7 scale_pct=400 age_ratio=7 host=65567 gc_pages=64925 gc_count=2039 waf_q16=130430 best=21 next=44 settled=0
[344191.375248] NVMeVirt: WATGC_V2 sample ns=0 part=0 epoch=1 window=44 phase=measure evaluated=43 k=7 scale_pct=400 age_ratio=7 host=65558 gc_pages=64870 gc_count=2038 waf_q16=130384 best=21 next=44 settled=0
[344191.421329] NVMeVirt: WATGC_V2 sample ns=0 part=1 epoch=1 window=44 phase=measure evaluated=43 k=7 scale_pct=400 age_ratio=7 host=65541 gc_pages=64183 gc_count=2027 waf_q16=129714 best=21 next=44 settled=0
[344201.172427] NVMeVirt: WATGC_V2 sample ns=0 part=0 epoch=1 window=45 phase=measure evaluated=44 k=7 scale_pct=400 age_ratio=16 host=65551 gc_pages=66035 gc_count=2056 waf_q16=131555 best=21 next=45 settled=0
[344201.189153] NVMeVirt: WATGC_V2 sample ns=0 part=2 epoch=1 window=45 phase=measure evaluated=44 k=7 scale_pct=400 age_ratio=16 host=65558 gc_pages=63661 gc_count=2019 waf_q16=129175 best=21 next=45 settled=0
[344201.194140] NVMeVirt: WATGC_V2 sample ns=0 part=3 epoch=1 window=45 phase=measure evaluated=44 k=7 scale_pct=400 age_ratio=16 host=65558 gc_pages=64940 gc_count=2039 waf_q16=130454 best=21 next=45 settled=0
[344201.239632] NVMeVirt: WATGC_V2 sample ns=0 part=1 epoch=1 window=45 phase=measure evaluated=44 k=7 scale_pct=400 age_ratio=16 host=65546 gc_pages=64696 gc_count=2035 waf_q16=130222 best=21 next=45 settled=0
[344210.998836] NVMeVirt: WATGC_V2 sample ns=0 part=0 epoch=1 window=46 phase=measure evaluated=45 k=10 scale_pct=25 age_ratio=4 host=65561 gc_pages=54894 gc_count=1882 waf_q16=120409 best=21 next=46 settled=0
[344211.020798] NVMeVirt: WATGC_V2 sample ns=0 part=2 epoch=1 window=46 phase=measure evaluated=45 k=10 scale_pct=25 age_ratio=4 host=65542 gc_pages=53101 gc_count=1854 waf_q16=118632 best=21 next=46 settled=0
[344211.037684] NVMeVirt: WATGC_V2 sample ns=0 part=3 epoch=1 window=46 phase=measure evaluated=45 k=10 scale_pct=25 age_ratio=4 host=65568 gc_pages=53984 gc_count=1868 waf_q16=119493 best=21 next=46 settled=0
[344211.074786] NVMeVirt: WATGC_V2 sample ns=0 part=1 epoch=1 window=46 phase=measure evaluated=45 k=10 scale_pct=25 age_ratio=4 host=65544 gc_pages=53950 gc_count=1867 waf_q16=119479 best=21 next=46 settled=0
[344220.821763] NVMeVirt: WATGC_V2 sample ns=0 part=2 epoch=1 window=47 phase=measure evaluated=46 k=10 scale_pct=25 age_ratio=7 host=65538 gc_pages=61701 gc_count=1988 waf_q16=127235 best=21 next=47 settled=0
[344220.851046] NVMeVirt: WATGC_V2 sample ns=0 part=3 epoch=1 window=47 phase=measure evaluated=46 k=10 scale_pct=25 age_ratio=7 host=65551 gc_pages=60979 gc_count=1977 waf_q16=126501 best=21 next=47 settled=0
[344220.868968] NVMeVirt: WATGC_V2 sample ns=0 part=0 epoch=1 window=47 phase=measure evaluated=46 k=10 scale_pct=25 age_ratio=7 host=65543 gc_pages=60610 gc_count=1971 waf_q16=126139 best=21 next=47 settled=0
[344220.926619] NVMeVirt: WATGC_V2 sample ns=0 part=1 epoch=1 window=47 phase=measure evaluated=46 k=10 scale_pct=25 age_ratio=7 host=65555 gc_pages=60913 gc_count=1976 waf_q16=126431 best=21 next=47 settled=0
[344230.670986] NVMeVirt: WATGC_V2 sample ns=0 part=0 epoch=1 window=48 phase=measure evaluated=47 k=10 scale_pct=25 age_ratio=16 host=65552 gc_pages=58366 gc_count=1936 waf_q16=123887 best=21 next=48 settled=0
[344230.677955] NVMeVirt: WATGC_V2 sample ns=0 part=2 epoch=1 window=48 phase=measure evaluated=47 k=10 scale_pct=25 age_ratio=16 host=65559 gc_pages=58353 gc_count=1936 waf_q16=123868 best=21 next=48 settled=0
[344230.694064] NVMeVirt: WATGC_V2 sample ns=0 part=3 epoch=1 window=48 phase=measure evaluated=47 k=10 scale_pct=25 age_ratio=16 host=65550 gc_pages=58942 gc_count=1945 waf_q16=124465 best=21 next=48 settled=0
[344230.762704] NVMeVirt: WATGC_V2 sample ns=0 part=1 epoch=1 window=48 phase=measure evaluated=47 k=10 scale_pct=25 age_ratio=16 host=65549 gc_pages=59120 gc_count=1948 waf_q16=124644 best=21 next=48 settled=0
[344240.500919] NVMeVirt: WATGC_V2 sample ns=0 part=2 epoch=1 window=49 phase=measure evaluated=48 k=10 scale_pct=50 age_ratio=4 host=65567 gc_pages=41571 gc_count=1674 waf_q16=107087 best=21 next=49 settled=0
[344240.503581] NVMeVirt: WATGC_V2 sample ns=0 part=0 epoch=1 window=49 phase=measure evaluated=48 k=10 scale_pct=50 age_ratio=4 host=65559 gc_pages=41834 gc_count=1678 waf_q16=107355 best=21 next=49 settled=0
[344240.531682] NVMeVirt: WATGC_V2 sample ns=0 part=3 epoch=1 window=49 phase=measure evaluated=48 k=10 scale_pct=50 age_ratio=4 host=65552 gc_pages=41649 gc_count=1675 waf_q16=107174 best=21 next=49 settled=0
[344240.604152] NVMeVirt: WATGC_V2 sample ns=0 part=1 epoch=1 window=49 phase=measure evaluated=48 k=10 scale_pct=50 age_ratio=4 host=65545 gc_pages=41079 gc_count=1666 waf_q16=106609 best=21 next=49 settled=0
[344250.327673] NVMeVirt: WATGC_V2 sample ns=0 part=2 epoch=1 window=50 phase=measure evaluated=49 k=10 scale_pct=50 age_ratio=7 host=65543 gc_pages=64008 gc_count=2024 waf_q16=129537 best=21 next=50 settled=0
[344250.349635] NVMeVirt: WATGC_V2 sample ns=0 part=0 epoch=1 window=50 phase=measure evaluated=49 k=10 scale_pct=50 age_ratio=7 host=65556 gc_pages=62395 gc_count=1999 waf_q16=127911 best=21 next=50 settled=0
[344250.382552] NVMeVirt: WATGC_V2 sample ns=0 part=3 epoch=1 window=50 phase=measure evaluated=49 k=10 scale_pct=50 age_ratio=7 host=65548 gc_pages=61830 gc_count=1990 waf_q16=127354 best=21 next=50 settled=0
[344250.425271] NVMeVirt: WATGC_V2 sample ns=0 part=1 epoch=1 window=50 phase=measure evaluated=49 k=10 scale_pct=50 age_ratio=7 host=65568 gc_pages=62169 gc_count=1996 waf_q16=127674 best=21 next=50 settled=0
[344260.161162] NVMeVirt: WATGC_V2 sample ns=0 part=2 epoch=1 window=51 phase=measure evaluated=50 k=10 scale_pct=50 age_ratio=16 host=65538 gc_pages=71870 gc_count=2147 waf_q16=137403 best=21 next=51 settled=0
[344260.178682] NVMeVirt: WATGC_V2 sample ns=0 part=0 epoch=1 window=51 phase=measure evaluated=50 k=10 scale_pct=50 age_ratio=16 host=65561 gc_pages=70167 gc_count=2121 waf_q16=135676 best=21 next=51 settled=0
[344260.210253] NVMeVirt: WATGC_V2 sample ns=0 part=3 epoch=1 window=51 phase=measure evaluated=50 k=10 scale_pct=50 age_ratio=16 host=65541 gc_pages=69692 gc_count=2113 waf_q16=135222 best=21 next=51 settled=0
[344260.263842] NVMeVirt: WATGC_V2 sample ns=0 part=1 epoch=1 window=51 phase=measure evaluated=50 k=10 scale_pct=50 age_ratio=16 host=65566 gc_pages=70423 gc_count=2125 waf_q16=135926 best=21 next=51 settled=0
[344270.002605] NVMeVirt: WATGC_V2 sample ns=0 part=2 epoch=1 window=52 phase=measure evaluated=51 k=10 scale_pct=100 age_ratio=4 host=65536 gc_pages=42180 gc_count=1683 waf_q16=107716 best=21 next=52 settled=0
[344270.008074] NVMeVirt: WATGC_V2 sample ns=0 part=0 epoch=1 window=52 phase=measure evaluated=51 k=10 scale_pct=100 age_ratio=4 host=65557 gc_pages=42285 gc_count=1685 waf_q16=107807 best=21 next=52 settled=0
[344270.052582] NVMeVirt: WATGC_V2 sample ns=0 part=3 epoch=1 window=52 phase=measure evaluated=51 k=10 scale_pct=100 age_ratio=4 host=65561 gc_pages=42411 gc_count=1687 waf_q16=107930 best=21 next=52 settled=0
[344270.085649] NVMeVirt: WATGC_V2 sample ns=0 part=1 epoch=1 window=52 phase=measure evaluated=51 k=10 scale_pct=100 age_ratio=4 host=65545 gc_pages=42619 gc_count=1690 waf_q16=108149 best=21 next=52 settled=0
[344279.827693] NVMeVirt: WATGC_V2 sample ns=0 part=2 epoch=1 window=53 phase=measure evaluated=52 k=10 scale_pct=100 age_ratio=7 host=65546 gc_pages=48694 gc_count=1785 waf_q16=114222 best=21 next=53 settled=0
[344279.848807] NVMeVirt: WATGC_V2 sample ns=0 part=0 epoch=1 window=53 phase=measure evaluated=52 k=10 scale_pct=100 age_ratio=7 host=65537 gc_pages=50047 gc_count=1806 waf_q16=115582 best=21 next=53 settled=0
[344279.883877] NVMeVirt: WATGC_V2 sample ns=0 part=3 epoch=1 window=53 phase=measure evaluated=52 k=10 scale_pct=100 age_ratio=7 host=65546 gc_pages=49456 gc_count=1797 waf_q16=114984 best=21 next=53 settled=0
[344279.918894] NVMeVirt: WATGC_V2 sample ns=0 part=1 epoch=1 window=53 phase=measure evaluated=52 k=10 scale_pct=100 age_ratio=7 host=65549 gc_pages=49588 gc_count=1799 waf_q16=115114 best=21 next=53 settled=0
[344289.653720] NVMeVirt: WATGC_V2 sample ns=0 part=2 epoch=1 window=54 phase=measure evaluated=53 k=10 scale_pct=100 age_ratio=16 host=65547 gc_pages=71346 gc_count=2139 waf_q16=136870 best=21 next=54 settled=0
[344289.701053] NVMeVirt: WATGC_V2 sample ns=0 part=0 epoch=1 window=54 phase=measure evaluated=53 k=10 scale_pct=100 age_ratio=16 host=65548 gc_pages=68977 gc_count=2102 waf_q16=134500 best=21 next=54 settled=0
[344289.717662] NVMeVirt: WATGC_V2 sample ns=0 part=3 epoch=1 window=54 phase=measure evaluated=53 k=10 scale_pct=100 age_ratio=16 host=65569 gc_pages=69581 gc_count=2112 waf_q16=135081 best=21 next=54 settled=0
[344289.737082] NVMeVirt: WATGC_V2 sample ns=0 part=1 epoch=1 window=54 phase=measure evaluated=53 k=10 scale_pct=100 age_ratio=16 host=65551 gc_pages=70382 gc_count=2124 waf_q16=135901 best=21 next=54 settled=0
[344299.512347] NVMeVirt: WATGC_V2 sample ns=0 part=2 epoch=1 window=55 phase=measure evaluated=54 k=10 scale_pct=200 age_ratio=4 host=65562 gc_pages=52969 gc_count=1852 waf_q16=118483 best=21 next=55 settled=0
[344299.516726] NVMeVirt: WATGC_V2 sample ns=0 part=0 epoch=1 window=55 phase=measure evaluated=54 k=10 scale_pct=200 age_ratio=4 host=65541 gc_pages=53693 gc_count=1863 waf_q16=119224 best=21 next=55 settled=0
[344299.527086] NVMeVirt: WATGC_V2 sample ns=0 part=3 epoch=1 window=55 phase=measure evaluated=54 k=10 scale_pct=200 age_ratio=4 host=65552 gc_pages=53490 gc_count=1860 waf_q16=119012 best=21 next=55 settled=0
[344299.589167] NVMeVirt: WATGC_V2 sample ns=0 part=1 epoch=1 window=55 phase=measure evaluated=54 k=10 scale_pct=200 age_ratio=4 host=65556 gc_pages=53485 gc_count=1860 waf_q16=119004 best=21 next=55 settled=0
[344309.331896] NVMeVirt: WATGC_V2 sample ns=0 part=2 epoch=1 window=56 phase=measure evaluated=55 k=10 scale_pct=200 age_ratio=7 host=65558 gc_pages=60143 gc_count=1964 waf_q16=125658 best=21 next=56 settled=0
[344309.368767] NVMeVirt: WATGC_V2 sample ns=0 part=0 epoch=1 window=56 phase=measure evaluated=55 k=10 scale_pct=200 age_ratio=7 host=65547 gc_pages=61498 gc_count=1985 waf_q16=127023 best=21 next=56 settled=0
[344309.380554] NVMeVirt: WATGC_V2 sample ns=0 part=3 epoch=1 window=56 phase=measure evaluated=55 k=10 scale_pct=200 age_ratio=7 host=65564 gc_pages=61225 gc_count=1981 waf_q16=126734 best=21 next=56 settled=0
[344309.403480] NVMeVirt: WATGC_V2 sample ns=0 part=1 epoch=1 window=56 phase=measure evaluated=55 k=10 scale_pct=200 age_ratio=7 host=65562 gc_pages=61483 gc_count=1985 waf_q16=126994 best=21 next=56 settled=0
[344319.161945] NVMeVirt: WATGC_V2 sample ns=0 part=2 epoch=1 window=57 phase=measure evaluated=56 k=10 scale_pct=200 age_ratio=16 host=65549 gc_pages=73272 gc_count=2169 waf_q16=138793 best=21 next=57 settled=0
[344319.175669] NVMeVirt: WATGC_V2 sample ns=0 part=0 epoch=1 window=57 phase=measure evaluated=56 k=10 scale_pct=200 age_ratio=16 host=65544 gc_pages=72893 gc_count=2163 waf_q16=138420 best=21 next=57 settled=0
[344319.225771] NVMeVirt: WATGC_V2 sample ns=0 part=1 epoch=1 window=57 phase=measure evaluated=56 k=10 scale_pct=200 age_ratio=16 host=65558 gc_pages=72814 gc_count=2162 waf_q16=138325 best=21 next=57 settled=0
[344319.254617] NVMeVirt: WATGC_V2 sample ns=0 part=3 epoch=1 window=57 phase=measure evaluated=56 k=10 scale_pct=200 age_ratio=16 host=65548 gc_pages=72952 gc_count=2164 waf_q16=138474 best=21 next=57 settled=0
[344328.985152] NVMeVirt: WATGC_V2 sample ns=0 part=2 epoch=1 window=58 phase=measure evaluated=57 k=10 scale_pct=400 age_ratio=4 host=65545 gc_pages=60340 gc_count=1967 waf_q16=125867 best=21 next=58 settled=0
[344329.029356] NVMeVirt: WATGC_V2 sample ns=0 part=0 epoch=1 window=58 phase=measure evaluated=57 k=10 scale_pct=400 age_ratio=4 host=65550 gc_pages=60399 gc_count=1968 waf_q16=125922 best=21 next=58 settled=0
[344329.056727] NVMeVirt: WATGC_V2 sample ns=0 part=3 epoch=1 window=58 phase=measure evaluated=57 k=10 scale_pct=400 age_ratio=4 host=65553 gc_pages=60589 gc_count=1971 waf_q16=126109 best=21 next=58 settled=0
[344329.072180] NVMeVirt: WATGC_V2 sample ns=0 part=1 epoch=1 window=58 phase=measure evaluated=57 k=10 scale_pct=400 age_ratio=4 host=65570 gc_pages=60315 gc_count=1967 waf_q16=125819 best=21 next=58 settled=0
[344338.819040] NVMeVirt: WATGC_V2 sample ns=0 part=2 epoch=1 window=59 phase=measure evaluated=58 k=10 scale_pct=400 age_ratio=7 host=65553 gc_pages=64426 gc_count=2031 waf_q16=129945 best=21 next=59 settled=0
[344338.870145] NVMeVirt: WATGC_V2 sample ns=0 part=0 epoch=1 window=59 phase=measure evaluated=58 k=10 scale_pct=400 age_ratio=7 host=65555 gc_pages=63976 gc_count=2024 waf_q16=129493 best=21 next=59 settled=0
[344338.878297] NVMeVirt: WATGC_V2 sample ns=0 part=3 epoch=1 window=59 phase=measure evaluated=58 k=10 scale_pct=400 age_ratio=7 host=65542 gc_pages=64310 gc_count=2029 waf_q16=129840 best=21 next=59 settled=0
[344338.910268] NVMeVirt: WATGC_V2 sample ns=0 part=1 epoch=1 window=59 phase=measure evaluated=58 k=10 scale_pct=400 age_ratio=7 host=65551 gc_pages=64107 gc_count=2026 waf_q16=129628 best=21 next=59 settled=0
[344348.652658] NVMeVirt: WATGC_V2 sample ns=0 part=2 epoch=1 window=60 phase=measure evaluated=59 k=10 scale_pct=400 age_ratio=16 host=65536 gc_pages=72448 gc_count=2156 waf_q16=137984 best=21 next=0 settled=0
[344348.693676] NVMeVirt: WATGC_V2 sample ns=0 part=0 epoch=1 window=60 phase=measure evaluated=59 k=10 scale_pct=400 age_ratio=16 host=65562 gc_pages=71910 gc_count=2148 waf_q16=137417 best=21 next=0 settled=0
[344348.703782] NVMeVirt: WATGC_V2 sample ns=0 part=3 epoch=1 window=60 phase=measure evaluated=59 k=10 scale_pct=400 age_ratio=16 host=65540 gc_pages=73468 gc_count=2172 waf_q16=138999 best=21 next=0 settled=0
[344348.754113] NVMeVirt: WATGC_V2 sample ns=0 part=1 epoch=1 window=60 phase=measure evaluated=59 k=10 scale_pct=400 age_ratio=16 host=65555 gc_pages=72429 gc_count=2156 waf_q16=137944 best=21 next=0 settled=0
[344358.467781] NVMeVirt: WATGC_V2 sample ns=0 part=2 epoch=1 window=61 phase=measure evaluated=0 k=2 scale_pct=25 age_ratio=4 host=65555 gc_pages=67885 gc_count=2085 waf_q16=133401 best=21 next=1 settled=0
[344358.538027] NVMeVirt: WATGC_V2 sample ns=0 part=0 epoch=1 window=61 phase=measure evaluated=0 k=2 scale_pct=25 age_ratio=4 host=65557 gc_pages=66796 gc_count=2068 waf_q16=132310 best=21 next=1 settled=0
[344358.548509] NVMeVirt: WATGC_V2 sample ns=0 part=3 epoch=1 window=61 phase=measure evaluated=0 k=2 scale_pct=25 age_ratio=4 host=65548 gc_pages=67828 gc_count=2084 waf_q16=133351 best=21 next=1 settled=0
[344358.586736] NVMeVirt: WATGC_V2 sample ns=0 part=1 epoch=1 window=61 phase=measure evaluated=0 k=2 scale_pct=25 age_ratio=4 host=65541 gc_pages=68284 gc_count=2091 waf_q16=133814 best=21 next=1 settled=0
[344368.331562] NVMeVirt: WATGC_V2 sample ns=0 part=2 epoch=1 window=62 phase=measure evaluated=1 k=2 scale_pct=25 age_ratio=7 host=65550 gc_pages=67192 gc_count=2074 waf_q16=132713 best=21 next=2 settled=0
[344368.361487] NVMeVirt: WATGC_V2 sample ns=0 part=3 epoch=1 window=62 phase=measure evaluated=1 k=2 scale_pct=25 age_ratio=7 host=65559 gc_pages=68142 gc_count=2089 waf_q16=133654 best=21 next=2 settled=0
[344368.381796] NVMeVirt: WATGC_V2 sample ns=0 part=0 epoch=1 window=62 phase=measure evaluated=1 k=2 scale_pct=25 age_ratio=7 host=65559 gc_pages=67311 gc_count=2076 waf_q16=132823 best=21 next=2 settled=0
[344368.407205] NVMeVirt: WATGC_V2 sample ns=0 part=1 epoch=1 window=62 phase=measure evaluated=1 k=2 scale_pct=25 age_ratio=7 host=65549 gc_pages=67768 gc_count=2083 waf_q16=133290 best=21 next=2 settled=0
[344378.156452] NVMeVirt: WATGC_V2 sample ns=0 part=2 epoch=1 window=63 phase=measure evaluated=2 k=2 scale_pct=25 age_ratio=16 host=65551 gc_pages=73011 gc_count=2165 waf_q16=138530 best=21 next=3 settled=0
[344378.212969] NVMeVirt: WATGC_V2 sample ns=0 part=0 epoch=1 window=63 phase=measure evaluated=2 k=2 scale_pct=25 age_ratio=16 host=65550 gc_pages=72821 gc_count=2162 waf_q16=138341 best=21 next=3 settled=0
[344378.219248] NVMeVirt: WATGC_V2 sample ns=0 part=3 epoch=1 window=63 phase=measure evaluated=2 k=2 scale_pct=25 age_ratio=16 host=65543 gc_pages=72763 gc_count=2161 waf_q16=138291 best=21 next=3 settled=0
[344378.219939] NVMeVirt: WATGC_V2 sample ns=0 part=1 epoch=1 window=63 phase=measure evaluated=2 k=2 scale_pct=25 age_ratio=16 host=65545 gc_pages=72505 gc_count=2157 waf_q16=138031 best=21 next=3 settled=0
[344387.980904] NVMeVirt: WATGC_V2 sample ns=0 part=2 epoch=1 window=64 phase=measure evaluated=3 k=2 scale_pct=50 age_ratio=4 host=65538 gc_pages=72507 gc_count=2157 waf_q16=138040 best=21 next=4 settled=0
[344388.041392] NVMeVirt: WATGC_V2 sample ns=0 part=3 epoch=1 window=64 phase=measure evaluated=3 k=2 scale_pct=50 age_ratio=4 host=65539 gc_pages=72505 gc_count=2157 waf_q16=138037 best=21 next=4 settled=0
[344388.049825] NVMeVirt: WATGC_V2 sample ns=0 part=1 epoch=1 window=64 phase=measure evaluated=3 k=2 scale_pct=50 age_ratio=4 host=65564 gc_pages=73440 gc_count=2172 waf_q16=138944 best=21 next=4 settled=0
[344388.065247] NVMeVirt: WATGC_V2 sample ns=0 part=0 epoch=1 window=64 phase=measure evaluated=3 k=2 scale_pct=50 age_ratio=4 host=65538 gc_pages=72123 gc_count=2151 waf_q16=137656 best=21 next=4 settled=0
[344397.819499] NVMeVirt: WATGC_V2 sample ns=0 part=2 epoch=1 window=65 phase=measure evaluated=4 k=2 scale_pct=50 age_ratio=7 host=65559 gc_pages=75305 gc_count=2201 waf_q16=140814 best=21 next=5 settled=0
[344397.878577] NVMeVirt: WATGC_V2 sample ns=0 part=3 epoch=1 window=65 phase=measure evaluated=4 k=2 scale_pct=50 age_ratio=7 host=65542 gc_pages=75513 gc_count=2204 waf_q16=141042 best=21 next=5 settled=0
[344397.879671] NVMeVirt: WATGC_V2 sample ns=0 part=1 epoch=1 window=65 phase=measure evaluated=4 k=2 scale_pct=50 age_ratio=7 host=65561 gc_pages=76583 gc_count=2221 waf_q16=142089 best=21 next=5 settled=0
[344397.897820] NVMeVirt: WATGC_V2 sample ns=0 part=0 epoch=1 window=65 phase=measure evaluated=4 k=2 scale_pct=50 age_ratio=7 host=65557 gc_pages=75435 gc_count=2203 waf_q16=140946 best=21 next=5 settled=0
[344407.676810] NVMeVirt: WATGC_V2 sample ns=0 part=2 epoch=1 window=66 phase=measure evaluated=5 k=2 scale_pct=50 age_ratio=16 host=65545 gc_pages=77945 gc_count=2242 waf_q16=143470 best=21 next=6 settled=0
[344407.693598] NVMeVirt: WATGC_V2 sample ns=0 part=3 epoch=1 window=66 phase=measure evaluated=5 k=2 scale_pct=50 age_ratio=16 host=65542 gc_pages=77882 gc_count=2241 waf_q16=143410 best=21 next=6 settled=0
[344407.700481] NVMeVirt: WATGC_V2 sample ns=0 part=0 epoch=1 window=66 phase=measure evaluated=5 k=2 scale_pct=50 age_ratio=16 host=65562 gc_pages=77991 gc_count=2243 waf_q16=143496 best=21 next=6 settled=0
[344407.731208] NVMeVirt: WATGC_V2 sample ns=0 part=1 epoch=1 window=66 phase=measure evaluated=5 k=2 scale_pct=50 age_ratio=16 host=65550 gc_pages=78515 gc_count=2251 waf_q16=144034 best=21 next=6 settled=0
[344417.507087] NVMeVirt: WATGC_V2 sample ns=0 part=2 epoch=1 window=67 phase=measure evaluated=6 k=2 scale_pct=100 age_ratio=4 host=65553 gc_pages=76145 gc_count=2214 waf_q16=141661 best=21 next=7 settled=0
[344417.511476] NVMeVirt: WATGC_V2 sample ns=0 part=0 epoch=1 window=67 phase=measure evaluated=6 k=2 scale_pct=100 age_ratio=4 host=65559 gc_pages=76267 gc_count=2216 waf_q16=141776 best=21 next=7 settled=0
[344417.550071] NVMeVirt: WATGC_V2 sample ns=0 part=3 epoch=1 window=67 phase=measure evaluated=6 k=2 scale_pct=100 age_ratio=4 host=65536 gc_pages=76290 gc_count=2216 waf_q16=141826 best=21 next=7 settled=0
[344417.567653] NVMeVirt: WATGC_V2 sample ns=0 part=1 epoch=1 window=67 phase=measure evaluated=6 k=2 scale_pct=100 age_ratio=4 host=65544 gc_pages=77114 gc_count=2229 waf_q16=142640 best=21 next=7 settled=0
[344427.339265] NVMeVirt: WATGC_V2 sample ns=0 part=2 epoch=1 window=68 phase=measure evaluated=7 k=2 scale_pct=100 age_ratio=7 host=65562 gc_pages=73894 gc_count=2179 waf_q16=139400 best=21 next=8 settled=0
[344427.355900] NVMeVirt: WATGC_V2 sample ns=0 part=0 epoch=1 window=68 phase=measure evaluated=7 k=2 scale_pct=100 age_ratio=7 host=65559 gc_pages=73448 gc_count=2172 waf_q16=138958 best=21 next=8 settled=0
[344427.377079] NVMeVirt: WATGC_V2 sample ns=0 part=3 epoch=1 window=68 phase=measure evaluated=7 k=2 scale_pct=100 age_ratio=7 host=65540 gc_pages=72507 gc_count=2157 waf_q16=138038 best=21 next=8 settled=0
[344427.398640] NVMeVirt: WATGC_V2 sample ns=0 part=1 epoch=1 window=68 phase=measure evaluated=7 k=2 scale_pct=100 age_ratio=7 host=65541 gc_pages=74747 gc_count=2192 waf_q16=140277 best=21 next=8 settled=0
[344437.162836] NVMeVirt: WATGC_V2 sample ns=0 part=2 epoch=1 window=69 phase=measure evaluated=8 k=2 scale_pct=100 age_ratio=16 host=65557 gc_pages=76262 gc_count=2216 waf_q16=141773 best=21 next=9 settled=0
[344437.188754] NVMeVirt: WATGC_V2 sample ns=0 part=3 epoch=1 window=69 phase=measure evaluated=8 k=2 scale_pct=100 age_ratio=16 host=65537 gc_pages=75450 gc_count=2203 waf_q16=140984 best=21 next=9 settled=0
[344437.218008] NVMeVirt: WATGC_V2 sample ns=0 part=0 epoch=1 window=69 phase=measure evaluated=8 k=2 scale_pct=100 age_ratio=16 host=65548 gc_pages=75695 gc_count=2207 waf_q16=141217 best=21 next=9 settled=0
[344437.232806] NVMeVirt: WATGC_V2 sample ns=0 part=1 epoch=1 window=69 phase=measure evaluated=8 k=2 scale_pct=100 age_ratio=16 host=65562 gc_pages=76897 gc_count=2226 waf_q16=142402 best=21 next=9 settled=0
[344446.965029] NVMeVirt: WATGC_V2 sample ns=0 part=2 epoch=1 window=70 phase=measure evaluated=9 k=2 scale_pct=200 age_ratio=4 host=65545 gc_pages=80629 gc_count=2284 waf_q16=146153 best=21 next=10 settled=0
[344447.035933] NVMeVirt: WATGC_V2 sample ns=0 part=3 epoch=1 window=70 phase=measure evaluated=9 k=2 scale_pct=200 age_ratio=4 host=65546 gc_pages=80117 gc_count=2276 waf_q16=145640 best=21 next=10 settled=0
[344447.053619] NVMeVirt: WATGC_V2 sample ns=0 part=0 epoch=1 window=70 phase=measure evaluated=9 k=2 scale_pct=200 age_ratio=4 host=65563 gc_pages=80484 gc_count=2282 waf_q16=145986 best=21 next=10 settled=0
[344447.080611] NVMeVirt: WATGC_V2 sample ns=0 part=1 epoch=1 window=70 phase=measure evaluated=9 k=2 scale_pct=200 age_ratio=4 host=65557 gc_pages=82601 gc_count=2315 waf_q16=148110 best=21 next=10 settled=0
[344456.835901] NVMeVirt: WATGC_V2 sample ns=0 part=2 epoch=1 window=71 phase=measure evaluated=10 k=2 scale_pct=200 age_ratio=7 host=65561 gc_pages=80490 gc_count=2282 waf_q16=145995 best=21 next=11 settled=0
[344456.870039] NVMeVirt: WATGC_V2 sample ns=0 part=3 epoch=1 window=71 phase=measure evaluated=10 k=2 scale_pct=200 age_ratio=7 host=65553 gc_pages=79921 gc_count=2273 waf_q16=145436 best=21 next=11 settled=0
[344456.871330] NVMeVirt: WATGC_V2 sample ns=0 part=0 epoch=1 window=71 phase=measure evaluated=10 k=2 scale_pct=200 age_ratio=7 host=65545 gc_pages=81273 gc_count=2294 waf_q16=146797 best=21 next=11 settled=0
[344456.894498] NVMeVirt: WATGC_V2 sample ns=0 part=1 epoch=1 window=71 phase=measure evaluated=10 k=2 scale_pct=200 age_ratio=7 host=65554 gc_pages=82479 gc_count=2313 waf_q16=147992 best=21 next=11 settled=0
[344466.672524] NVMeVirt: WATGC_V2 sample ns=0 part=2 epoch=1 window=72 phase=measure evaluated=11 k=2 scale_pct=200 age_ratio=16 host=65549 gc_pages=80695 gc_count=2285 waf_q16=146214 best=21 next=12 settled=0
[344466.703371] NVMeVirt: WATGC_V2 sample ns=0 part=3 epoch=1 window=72 phase=measure evaluated=11 k=2 scale_pct=200 age_ratio=16 host=65549 gc_pages=79224 gc_count=2262 waf_q16=144744 best=21 next=12 settled=0
[344466.704491] NVMeVirt: WATGC_V2 sample ns=0 part=0 epoch=1 window=72 phase=measure evaluated=11 k=2 scale_pct=200 age_ratio=16 host=65556 gc_pages=80112 gc_count=2276 waf_q16=145623 best=21 next=12 settled=0
[344466.725760] NVMeVirt: WATGC_V2 sample ns=0 part=1 epoch=1 window=72 phase=measure evaluated=11 k=2 scale_pct=200 age_ratio=16 host=65549 gc_pages=81334 gc_count=2295 waf_q16=146853 best=21 next=12 settled=0
[344476.507899] NVMeVirt: WATGC_V2 sample ns=0 part=2 epoch=1 window=73 phase=measure evaluated=12 k=2 scale_pct=400 age_ratio=4 host=65554 gc_pages=81201 gc_count=2293 waf_q16=146714 best=21 next=13 settled=0
[344476.537816] NVMeVirt: WATGC_V2 sample ns=0 part=3 epoch=1 window=73 phase=measure evaluated=12 k=2 scale_pct=400 age_ratio=4 host=65559 gc_pages=80941 gc_count=2289 waf_q16=146448 best=21 next=13 settled=0
[344476.542126] NVMeVirt: WATGC_V2 sample ns=0 part=0 epoch=1 window=73 phase=measure evaluated=12 k=2 scale_pct=400 age_ratio=4 host=65550 gc_pages=80821 gc_count=2287 waf_q16=146339 best=21 next=13 settled=0
[344476.548522] NVMeVirt: WATGC_V2 sample ns=0 part=1 epoch=1 window=73 phase=measure evaluated=12 k=2 scale_pct=400 age_ratio=4 host=65554 gc_pages=82355 gc_count=2311 waf_q16=147868 best=21 next=13 settled=0
[344486.343227] NVMeVirt: WATGC_V2 sample ns=0 part=2 epoch=1 window=74 phase=measure evaluated=13 k=2 scale_pct=400 age_ratio=7 host=65555 gc_pages=80618 gc_count=2284 waf_q16=146130 best=21 next=14 settled=0
[344486.355735] NVMeVirt: WATGC_V2 sample ns=0 part=0 epoch=1 window=74 phase=measure evaluated=13 k=2 scale_pct=400 age_ratio=7 host=65537 gc_pages=80571 gc_count=2283 waf_q16=146105 best=21 next=14 settled=0
[344486.382764] NVMeVirt: WATGC_V2 sample ns=0 part=3 epoch=1 window=74 phase=measure evaluated=13 k=2 scale_pct=400 age_ratio=7 host=65554 gc_pages=80298 gc_count=2279 waf_q16=145811 best=21 next=14 settled=0
[344486.389698] NVMeVirt: WATGC_V2 sample ns=0 part=1 epoch=1 window=74 phase=measure evaluated=13 k=2 scale_pct=400 age_ratio=7 host=65552 gc_pages=81389 gc_count=2296 waf_q16=146905 best=21 next=14 settled=0
[344496.171336] NVMeVirt: WATGC_V2 sample ns=0 part=2 epoch=1 window=75 phase=measure evaluated=14 k=2 scale_pct=400 age_ratio=16 host=65539 gc_pages=84796 gc_count=2349 waf_q16=150328 best=21 next=15 settled=0
[344496.191621] NVMeVirt: WATGC_V2 sample ns=0 part=0 epoch=1 window=75 phase=measure evaluated=14 k=2 scale_pct=400 age_ratio=16 host=65561 gc_pages=84645 gc_count=2347 waf_q16=150148 best=21 next=15 settled=0
[344496.209304] NVMeVirt: WATGC_V2 sample ns=0 part=3 epoch=1 window=75 phase=measure evaluated=14 k=2 scale_pct=400 age_ratio=16 host=65548 gc_pages=84338 gc_count=2342 waf_q16=149858 best=21 next=15 settled=0
[344496.230352] NVMeVirt: WATGC_V2 sample ns=0 part=1 epoch=1 window=75 phase=measure evaluated=14 k=2 scale_pct=400 age_ratio=16 host=65540 gc_pages=85690 gc_count=2363 waf_q16=151220 best=21 next=15 settled=0
[344506.007711] NVMeVirt: WATGC_V2 sample ns=0 part=0 epoch=1 window=76 phase=measure evaluated=15 k=4 scale_pct=25 age_ratio=4 host=65557 gc_pages=76279 gc_count=2216 waf_q16=141790 best=21 next=16 settled=0
[344506.010859] NVMeVirt: WATGC_V2 sample ns=0 part=2 epoch=1 window=76 phase=measure evaluated=15 k=4 scale_pct=25 age_ratio=4 host=65551 gc_pages=77757 gc_count=2239 waf_q16=143275 best=21 next=16 settled=0
[344506.050254] NVMeVirt: WATGC_V2 sample ns=0 part=3 epoch=1 window=76 phase=measure evaluated=15 k=4 scale_pct=25 age_ratio=4 host=65546 gc_pages=76290 gc_count=2216 waf_q16=141814 best=21 next=16 settled=0
[344506.064930] NVMeVirt: WATGC_V2 sample ns=0 part=1 epoch=1 window=76 phase=measure evaluated=15 k=4 scale_pct=25 age_ratio=4 host=65547 gc_pages=76993 gc_count=2227 waf_q16=142516 best=21 next=16 settled=0
[344508.431817] mix-mixC-online-746934 phase=B END
[344508.435725] NVMeVirt: Measurement: command=stop epoch=1 host_bytes=122884419584 learner_active=0
[344508.491470] EXT4-fs (nvme0n1): unmounting filesystem 717e2ad4-7b2d-4890-9cc7-f6a842746e86.
[344508.567638] pci_bus 0001:10: busn_res: [bus 10-ff] is released
[344508.567699] NVMeVirt: WATGC_V2 summary ns=0 part=0 epoch=1 windows=76 epoch_windows=76 discarded=0 visited=60 covered=0 settled=0 phase=1 current=16 best=21 k=4 scale_pct=100 age_ratio=4 best_waf_valid=1 best_waf_q16=104198
[344508.567705] NVMeVirt: WATGC_V2 summary ns=0 part=1 epoch=1 windows=76 epoch_windows=76 discarded=0 visited=60 covered=0 settled=0 phase=1 current=16 best=21 k=4 scale_pct=100 age_ratio=4 best_waf_valid=1 best_waf_q16=104118
[344508.567710] NVMeVirt: WATGC_V2 summary ns=0 part=2 epoch=1 windows=76 epoch_windows=76 discarded=0 visited=60 covered=0 settled=0 phase=1 current=16 best=21 k=4 scale_pct=100 age_ratio=4 best_waf_valid=1 best_waf_q16=104319
[344508.567715] NVMeVirt: WATGC_V2 summary ns=0 part=3 epoch=1 windows=76 epoch_windows=76 discarded=0 visited=60 covered=0 settled=0 phase=1 current=16 best=21 k=4 scale_pct=100 age_ratio=4 best_waf_valid=1 best_waf_q16=103830
[344508.567719] NVMeVirt: GC stats: ns=0 policy=watgc-v2 host_pages=30001079 gc_pages=29989276 gc_count=937350 WAF=1.999 warmup_gc=100-per-part
[344508.646453] NVMeVirt: Virtual NVMe device closed
