[911668.775862] mix-mixA-online-151276 BEGIN
[911668.809400] NVMeVirt: Version 1.10 for >> Samsung 970 Pro SSD <<
[911668.809407] NVMeVirt: Storage: 0x100100000-0x300000000 (8191 MiB)
[911668.820433] NVMeVirt: Total Capacity(GiB,MiB)=2,2048 chs=2 luns=4 lines=8192 blk-size(MiB,KiB)=0,64 line-size(MiB,KiB)=0,256
[911668.832242] NVMeVirt: [chmodel_init] bandwidth 800 max_credits 26 tx_time 152
[911668.843245] NVMeVirt: [chmodel_init] bandwidth 800 max_credits 26 tx_time 152
[911668.843260] NVMeVirt: [chmodel_init] bandwidth 3360 max_credits 110 tx_time 36
[911668.843262] NVMeVirt: WATGC_V2 init ns=0 part=0 arms=60 initial=37 prior=none gamma_q16=65503 exploration_q16=16384
[911668.844617] NVMeVirt: pqueue: Copyright (c) 2014, Volkan Yazıcı <volkan.yazici@gmail.com>. All rights reserved.
[911668.844656] NVMeVirt: Init FTL instance with 2 channels (524288 pages)
[911668.844657] NVMeVirt: GC victim policy: watgc-v2 ns=0 part=0 initial_k=7 initial_scale_pct=100 initial_age_ratio=7 warmup_gc=100
[911668.855380] NVMeVirt: [chmodel_init] bandwidth 800 max_credits 26 tx_time 152
[911668.866020] NVMeVirt: [chmodel_init] bandwidth 800 max_credits 26 tx_time 152
[911668.866032] NVMeVirt: [chmodel_init] bandwidth 3360 max_credits 110 tx_time 36
[911668.866035] NVMeVirt: WATGC_V2 init ns=0 part=1 arms=60 initial=37 prior=none gamma_q16=65503 exploration_q16=16384
[911668.867344] NVMeVirt: Init FTL instance with 2 channels (524288 pages)
[911668.867347] NVMeVirt: GC victim policy: watgc-v2 ns=0 part=1 initial_k=7 initial_scale_pct=100 initial_age_ratio=7 warmup_gc=100
[911668.877851] NVMeVirt: [chmodel_init] bandwidth 800 max_credits 26 tx_time 152
[911668.888895] NVMeVirt: [chmodel_init] bandwidth 800 max_credits 26 tx_time 152
[911668.888911] NVMeVirt: [chmodel_init] bandwidth 3360 max_credits 110 tx_time 36
[911668.888913] NVMeVirt: WATGC_V2 init ns=0 part=2 arms=60 initial=37 prior=none gamma_q16=65503 exploration_q16=16384
[911668.890241] NVMeVirt: Init FTL instance with 2 channels (524288 pages)
[911668.890244] NVMeVirt: GC victim policy: watgc-v2 ns=0 part=2 initial_k=7 initial_scale_pct=100 initial_age_ratio=7 warmup_gc=100
[911668.900703] NVMeVirt: [chmodel_init] bandwidth 800 max_credits 26 tx_time 152
[911668.911410] NVMeVirt: [chmodel_init] bandwidth 800 max_credits 26 tx_time 152
[911668.911423] NVMeVirt: [chmodel_init] bandwidth 3360 max_credits 110 tx_time 36
[911668.911425] NVMeVirt: WATGC_V2 init ns=0 part=3 arms=60 initial=37 prior=none gamma_q16=65503 exploration_q16=16384
[911668.912722] NVMeVirt: Init FTL instance with 2 channels (524288 pages)
[911668.912724] NVMeVirt: GC victim policy: watgc-v2 ns=0 part=3 initial_k=7 initial_scale_pct=100 initial_age_ratio=7 warmup_gc=100
[911668.912731] NVMeVirt: FTL physical space: 8588886016, logical space: 8026996276 (physical/logical * 100 = 107)
[911668.912733] NVMeVirt: ns 0/1: size 7655 MiB
[911668.912782] PCI host bridge to bus 0001:10
[911668.912784] pci_bus 0001:10: root bus resource [io  0x0000-0xffff]
[911668.912787] pci_bus 0001:10: root bus resource [mem 0x00000000-0x7fffffffff]
[911668.912789] pci_bus 0001:10: root bus resource [bus 00-ff]
[911668.912810] pci 0001:10:00.0: [0c51:0110] type 00 class 0x010802 PCIe Endpoint
[911668.912814] pci 0001:10:00.0: BAR 0 [mem 0x100000000-0x100003fff 64bit]
[911668.912817] pci 0001:10:00.0: enabling Extended Tags
[911668.912947] NVMeVirt: Virtual PCI bus created (node 0)
[911668.913252] NVMeVirt: nvmev_io_worker_0 started on cpu 2 (node 0)
[911668.913342] NVMeVirt: nvmev_dispatcher started on cpu 1 (node 0)
[911668.913370] NVMeVirt: Virtual NVMe device created
[911668.914172] nvme nvme0: pci function 0001:10:00.0
[911668.917533] nvme nvme0: 8/0/0 default/read/poll queues
[911669.504520] EXT4-fs (nvme0n1): mounted filesystem 21fafcaa-9853-46a1-bc81-78752ac60341 r/w with ordered data mode. Quota mode: none.
[911751.658348] NVMeVirt: WATGC_V2 init ns=0 part=0 arms=60 initial=37 prior=none gamma_q16=65503 exploration_q16=16384
[911751.658353] NVMeVirt: WATGC_V2 init ns=0 part=1 arms=60 initial=37 prior=none gamma_q16=65503 exploration_q16=16384
[911751.658355] NVMeVirt: WATGC_V2 init ns=0 part=2 arms=60 initial=37 prior=none gamma_q16=65503 exploration_q16=16384
[911751.658357] NVMeVirt: WATGC_V2 init ns=0 part=3 arms=60 initial=37 prior=none gamma_q16=65503 exploration_q16=16384
[911751.658358] NVMeVirt: Measurement: command=start epoch=1 host_bytes=0 learner_active=1
[911751.666146] mix-mixA-online-151276 phase=A START
[911752.253124] NVMeVirt: WATGC_V2 warmup-done ns=0 part=1 gc_count=2816
[911752.256910] NVMeVirt: WATGC_V2 warmup-done ns=0 part=3 gc_count=2825
[911752.258757] NVMeVirt: WATGC_V2 warmup-done ns=0 part=2 gc_count=2817
[911752.269444] NVMeVirt: WATGC_V2 warmup-done ns=0 part=0 gc_count=2840
[911762.090194] NVMeVirt: WATGC_V2 sample ns=0 part=3 epoch=1 window=1 phase=measure evaluated=37 k=7 scale_pct=100 age_ratio=7 host=65545 gc_pages=62518 gc_count=2001 waf_q16=128045 best=37 next=0 settled=0
[911762.092865] NVMeVirt: WATGC_V2 sample ns=0 part=1 epoch=1 window=1 phase=measure evaluated=37 k=7 scale_pct=100 age_ratio=7 host=65548 gc_pages=62899 gc_count=2007 waf_q16=128423 best=37 next=0 settled=0
[911762.093758] NVMeVirt: WATGC_V2 sample ns=0 part=2 epoch=1 window=1 phase=measure evaluated=37 k=7 scale_pct=100 age_ratio=7 host=65554 gc_pages=62507 gc_count=2001 waf_q16=128025 best=37 next=0 settled=0
[911762.097497] NVMeVirt: WATGC_V2 sample ns=0 part=0 epoch=1 window=1 phase=measure evaluated=37 k=7 scale_pct=100 age_ratio=7 host=65542 gc_pages=62712 gc_count=2004 waf_q16=128242 best=37 next=0 settled=0
[911771.898081] NVMeVirt: WATGC_V2 sample ns=0 part=3 epoch=1 window=2 phase=measure evaluated=0 k=2 scale_pct=25 age_ratio=4 host=65563 gc_pages=61287 gc_count=1982 waf_q16=126797 best=0 next=1 settled=0
[911771.923651] NVMeVirt: WATGC_V2 sample ns=0 part=0 epoch=1 window=2 phase=measure evaluated=0 k=2 scale_pct=25 age_ratio=4 host=65553 gc_pages=60785 gc_count=1974 waf_q16=126305 best=0 next=1 settled=0
[911771.936238] NVMeVirt: WATGC_V2 sample ns=0 part=2 epoch=1 window=2 phase=measure evaluated=0 k=2 scale_pct=25 age_ratio=4 host=65551 gc_pages=61172 gc_count=1980 waf_q16=126694 best=0 next=1 settled=0
[911771.951237] NVMeVirt: WATGC_V2 sample ns=0 part=1 epoch=1 window=2 phase=measure evaluated=0 k=2 scale_pct=25 age_ratio=4 host=65557 gc_pages=60654 gc_count=1972 waf_q16=126170 best=0 next=1 settled=0
[911781.728691] NVMeVirt: WATGC_V2 sample ns=0 part=2 epoch=1 window=3 phase=measure evaluated=1 k=2 scale_pct=25 age_ratio=7 host=65544 gc_pages=74554 gc_count=2189 waf_q16=140080 best=0 next=2 settled=0
[911781.755718] NVMeVirt: WATGC_V2 sample ns=0 part=0 epoch=1 window=3 phase=measure evaluated=1 k=2 scale_pct=25 age_ratio=7 host=65558 gc_pages=74604 gc_count=2190 waf_q16=140114 best=0 next=2 settled=0
[911781.767068] NVMeVirt: WATGC_V2 sample ns=0 part=3 epoch=1 window=3 phase=measure evaluated=1 k=2 scale_pct=25 age_ratio=7 host=65545 gc_pages=74810 gc_count=2193 waf_q16=140335 best=0 next=2 settled=0
[911781.787775] NVMeVirt: WATGC_V2 sample ns=0 part=1 epoch=1 window=3 phase=measure evaluated=1 k=2 scale_pct=25 age_ratio=7 host=65556 gc_pages=75438 gc_count=2203 waf_q16=140950 best=0 next=2 settled=0
[911791.569242] NVMeVirt: WATGC_V2 sample ns=0 part=2 epoch=1 window=4 phase=measure evaluated=2 k=2 scale_pct=25 age_ratio=16 host=65547 gc_pages=73466 gc_count=2172 waf_q16=138989 best=0 next=3 settled=0
[911791.571460] NVMeVirt: WATGC_V2 sample ns=0 part=3 epoch=1 window=4 phase=measure evaluated=2 k=2 scale_pct=25 age_ratio=16 host=65545 gc_pages=72828 gc_count=2162 waf_q16=138353 best=0 next=3 settled=0
[911791.594689] NVMeVirt: WATGC_V2 sample ns=0 part=0 epoch=1 window=4 phase=measure evaluated=2 k=2 scale_pct=25 age_ratio=16 host=65539 gc_pages=73986 gc_count=2180 waf_q16=139518 best=0 next=3 settled=0
[911791.633272] NVMeVirt: WATGC_V2 sample ns=0 part=1 epoch=1 window=4 phase=measure evaluated=2 k=2 scale_pct=25 age_ratio=16 host=65541 gc_pages=72384 gc_count=2155 waf_q16=137914 best=0 next=3 settled=0
[911801.409147] NVMeVirt: WATGC_V2 sample ns=0 part=3 epoch=1 window=5 phase=measure evaluated=3 k=2 scale_pct=50 age_ratio=4 host=65542 gc_pages=72764 gc_count=2161 waf_q16=138293 best=0 next=4 settled=0
[911801.426940] NVMeVirt: WATGC_V2 sample ns=0 part=2 epoch=1 window=5 phase=measure evaluated=3 k=2 scale_pct=50 age_ratio=4 host=65565 gc_pages=72676 gc_count=2160 waf_q16=138179 best=0 next=4 settled=0
[911801.430875] NVMeVirt: WATGC_V2 sample ns=0 part=0 epoch=1 window=5 phase=measure evaluated=3 k=2 scale_pct=50 age_ratio=4 host=65540 gc_pages=73789 gc_count=2177 waf_q16=139320 best=0 next=4 settled=0
[911801.433579] NVMeVirt: WATGC_V2 sample ns=0 part=1 epoch=1 window=5 phase=measure evaluated=3 k=2 scale_pct=50 age_ratio=4 host=65550 gc_pages=73268 gc_count=2169 waf_q16=138788 best=0 next=4 settled=0
[911811.251860] NVMeVirt: WATGC_V2 sample ns=0 part=1 epoch=1 window=6 phase=measure evaluated=4 k=2 scale_pct=50 age_ratio=7 host=65550 gc_pages=72174 gc_count=2152 waf_q16=137694 best=0 next=5 settled=0
[911811.256099] NVMeVirt: WATGC_V2 sample ns=0 part=2 epoch=1 window=6 phase=measure evaluated=4 k=2 scale_pct=50 age_ratio=7 host=65554 gc_pages=71977 gc_count=2149 waf_q16=137493 best=0 next=5 settled=0
[911811.262804] NVMeVirt: WATGC_V2 sample ns=0 part=3 epoch=1 window=6 phase=measure evaluated=4 k=2 scale_pct=50 age_ratio=7 host=65540 gc_pages=71096 gc_count=2135 waf_q16=136627 best=0 next=5 settled=0
[911811.262928] NVMeVirt: WATGC_V2 sample ns=0 part=0 epoch=1 window=6 phase=measure evaluated=4 k=2 scale_pct=50 age_ratio=7 host=65568 gc_pages=72156 gc_count=2152 waf_q16=137656 best=0 next=5 settled=0
[911821.061381] NVMeVirt: WATGC_V2 sample ns=0 part=2 epoch=1 window=7 phase=measure evaluated=5 k=2 scale_pct=50 age_ratio=16 host=65564 gc_pages=74722 gc_count=2192 waf_q16=140226 best=0 next=6 settled=0
[911821.083244] NVMeVirt: WATGC_V2 sample ns=0 part=1 epoch=1 window=7 phase=measure evaluated=5 k=2 scale_pct=50 age_ratio=16 host=65558 gc_pages=75048 gc_count=2197 waf_q16=140558 best=0 next=6 settled=0
[911821.111742] NVMeVirt: WATGC_V2 sample ns=0 part=0 epoch=1 window=7 phase=measure evaluated=5 k=2 scale_pct=50 age_ratio=16 host=65562 gc_pages=74595 gc_count=2190 waf_q16=140101 best=0 next=6 settled=0
[911821.117066] NVMeVirt: WATGC_V2 sample ns=0 part=3 epoch=1 window=7 phase=measure evaluated=5 k=2 scale_pct=50 age_ratio=16 host=65563 gc_pages=74468 gc_count=2188 waf_q16=139973 best=0 next=6 settled=0
[911830.903805] NVMeVirt: WATGC_V2 sample ns=0 part=2 epoch=1 window=8 phase=measure evaluated=6 k=2 scale_pct=100 age_ratio=4 host=65548 gc_pages=79477 gc_count=2266 waf_q16=144998 best=0 next=7 settled=0
[911830.915101] NVMeVirt: WATGC_V2 sample ns=0 part=1 epoch=1 window=8 phase=measure evaluated=6 k=2 scale_pct=100 age_ratio=4 host=65557 gc_pages=78572 gc_count=2252 waf_q16=144082 best=0 next=7 settled=0
[911830.938565] NVMeVirt: WATGC_V2 sample ns=0 part=0 epoch=1 window=8 phase=measure evaluated=6 k=2 scale_pct=100 age_ratio=4 host=65543 gc_pages=79546 gc_count=2267 waf_q16=145073 best=0 next=7 settled=0
[911830.945971] NVMeVirt: WATGC_V2 sample ns=0 part=3 epoch=1 window=8 phase=measure evaluated=6 k=2 scale_pct=100 age_ratio=4 host=65552 gc_pages=79217 gc_count=2262 waf_q16=144733 best=0 next=7 settled=0
[911840.743058] NVMeVirt: WATGC_V2 sample ns=0 part=0 epoch=1 window=9 phase=measure evaluated=7 k=2 scale_pct=100 age_ratio=7 host=65547 gc_pages=77304 gc_count=2232 waf_q16=142827 best=0 next=8 settled=0
[911840.744107] NVMeVirt: WATGC_V2 sample ns=0 part=1 epoch=1 window=9 phase=measure evaluated=7 k=2 scale_pct=100 age_ratio=7 host=65540 gc_pages=76927 gc_count=2226 waf_q16=142458 best=0 next=8 settled=0
[911840.770360] NVMeVirt: WATGC_V2 sample ns=0 part=2 epoch=1 window=9 phase=measure evaluated=7 k=2 scale_pct=100 age_ratio=7 host=65551 gc_pages=77812 gc_count=2240 waf_q16=143330 best=0 next=8 settled=0
[911840.775515] NVMeVirt: WATGC_V2 sample ns=0 part=3 epoch=1 window=9 phase=measure evaluated=7 k=2 scale_pct=100 age_ratio=7 host=65539 gc_pages=77121 gc_count=2229 waf_q16=142653 best=0 next=8 settled=0
[911850.571385] NVMeVirt: WATGC_V2 sample ns=0 part=1 epoch=1 window=10 phase=measure evaluated=8 k=2 scale_pct=100 age_ratio=16 host=65549 gc_pages=77751 gc_count=2239 waf_q16=143271 best=0 next=9 settled=0
[911850.581701] NVMeVirt: WATGC_V2 sample ns=0 part=0 epoch=1 window=10 phase=measure evaluated=8 k=2 scale_pct=100 age_ratio=16 host=65540 gc_pages=78335 gc_count=2248 waf_q16=143866 best=0 next=9 settled=0
[911850.584482] NVMeVirt: WATGC_V2 sample ns=0 part=2 epoch=1 window=10 phase=measure evaluated=8 k=2 scale_pct=100 age_ratio=16 host=65540 gc_pages=79872 gc_count=2272 waf_q16=145403 best=0 next=9 settled=0
[911850.621124] NVMeVirt: WATGC_V2 sample ns=0 part=3 epoch=1 window=10 phase=measure evaluated=8 k=2 scale_pct=100 age_ratio=16 host=65545 gc_pages=77883 gc_count=2241 waf_q16=143408 best=0 next=9 settled=0
[911860.407834] NVMeVirt: WATGC_V2 sample ns=0 part=2 epoch=1 window=11 phase=measure evaluated=9 k=2 scale_pct=200 age_ratio=4 host=65562 gc_pages=83683 gc_count=2332 waf_q16=149185 best=0 next=10 settled=0
[911860.423475] NVMeVirt: WATGC_V2 sample ns=0 part=1 epoch=1 window=11 phase=measure evaluated=9 k=2 scale_pct=200 age_ratio=4 host=65549 gc_pages=82480 gc_count=2313 waf_q16=147999 best=0 next=10 settled=0
[911860.429045] NVMeVirt: WATGC_V2 sample ns=0 part=0 epoch=1 window=11 phase=measure evaluated=9 k=2 scale_pct=200 age_ratio=4 host=65563 gc_pages=82978 gc_count=2321 waf_q16=148479 best=0 next=10 settled=0
[911860.434836] NVMeVirt: WATGC_V2 sample ns=0 part=3 epoch=1 window=11 phase=measure evaluated=9 k=2 scale_pct=200 age_ratio=4 host=65537 gc_pages=82812 gc_count=2318 waf_q16=148346 best=0 next=10 settled=0
[911870.235257] NVMeVirt: WATGC_V2 sample ns=0 part=2 epoch=1 window=12 phase=measure evaluated=10 k=2 scale_pct=200 age_ratio=7 host=65536 gc_pages=83645 gc_count=2331 waf_q16=149181 best=0 next=11 settled=0
[911870.242730] NVMeVirt: WATGC_V2 sample ns=0 part=0 epoch=1 window=12 phase=measure evaluated=10 k=2 scale_pct=200 age_ratio=7 host=65547 gc_pages=83955 gc_count=2336 waf_q16=149476 best=0 next=11 settled=0
[911870.271008] NVMeVirt: WATGC_V2 sample ns=0 part=1 epoch=1 window=12 phase=measure evaluated=10 k=2 scale_pct=200 age_ratio=7 host=65546 gc_pages=83380 gc_count=2327 waf_q16=148903 best=0 next=11 settled=0
[911870.271129] NVMeVirt: WATGC_V2 sample ns=0 part=3 epoch=1 window=12 phase=measure evaluated=10 k=2 scale_pct=200 age_ratio=7 host=65551 gc_pages=82863 gc_count=2319 waf_q16=148380 best=0 next=11 settled=0
[911880.065168] NVMeVirt: WATGC_V2 sample ns=0 part=2 epoch=1 window=13 phase=measure evaluated=11 k=2 scale_pct=200 age_ratio=16 host=65553 gc_pages=84656 gc_count=2347 waf_q16=150170 best=0 next=12 settled=0
[911880.085006] NVMeVirt: WATGC_V2 sample ns=0 part=1 epoch=1 window=13 phase=measure evaluated=11 k=2 scale_pct=200 age_ratio=16 host=65557 gc_pages=84587 gc_count=2346 waf_q16=150095 best=0 next=12 settled=0
[911880.090500] NVMeVirt: WATGC_V2 sample ns=0 part=0 epoch=1 window=13 phase=measure evaluated=11 k=2 scale_pct=200 age_ratio=16 host=65559 gc_pages=84970 gc_count=2352 waf_q16=150476 best=0 next=12 settled=0
[911880.111950] NVMeVirt: WATGC_V2 sample ns=0 part=3 epoch=1 window=13 phase=measure evaluated=11 k=2 scale_pct=200 age_ratio=16 host=65539 gc_pages=84732 gc_count=2348 waf_q16=150264 best=0 next=12 settled=0
[911889.892775] NVMeVirt: WATGC_V2 sample ns=0 part=2 epoch=1 window=14 phase=measure evaluated=12 k=2 scale_pct=400 age_ratio=4 host=65556 gc_pages=84334 gc_count=2342 waf_q16=149844 best=0 next=13 settled=0
[911889.913807] NVMeVirt: WATGC_V2 sample ns=0 part=3 epoch=1 window=14 phase=measure evaluated=12 k=2 scale_pct=400 age_ratio=4 host=65548 gc_pages=83382 gc_count=2327 waf_q16=148902 best=0 next=13 settled=0
[911889.928125] NVMeVirt: WATGC_V2 sample ns=0 part=1 epoch=1 window=14 phase=measure evaluated=12 k=2 scale_pct=400 age_ratio=4 host=65551 gc_pages=84274 gc_count=2341 waf_q16=149790 best=0 next=13 settled=0
[911889.954020] NVMeVirt: WATGC_V2 sample ns=0 part=0 epoch=1 window=14 phase=measure evaluated=12 k=2 scale_pct=400 age_ratio=4 host=65546 gc_pages=84408 gc_count=2343 waf_q16=149931 best=0 next=13 settled=0
[911899.733095] NVMeVirt: WATGC_V2 sample ns=0 part=3 epoch=1 window=15 phase=measure evaluated=13 k=2 scale_pct=400 age_ratio=7 host=65542 gc_pages=79613 gc_count=2268 waf_q16=145141 best=0 next=14 settled=0
[911899.747639] NVMeVirt: WATGC_V2 sample ns=0 part=2 epoch=1 window=15 phase=measure evaluated=13 k=2 scale_pct=400 age_ratio=7 host=65560 gc_pages=79466 gc_count=2266 waf_q16=144972 best=0 next=14 settled=0
[911899.764459] NVMeVirt: WATGC_V2 sample ns=0 part=1 epoch=1 window=15 phase=measure evaluated=13 k=2 scale_pct=400 age_ratio=7 host=65557 gc_pages=78318 gc_count=2248 waf_q16=143828 best=0 next=14 settled=0
[911899.775753] NVMeVirt: WATGC_V2 sample ns=0 part=0 epoch=1 window=15 phase=measure evaluated=13 k=2 scale_pct=400 age_ratio=7 host=65547 gc_pages=78328 gc_count=2248 waf_q16=143850 best=0 next=14 settled=0
[911909.561348] NVMeVirt: WATGC_V2 sample ns=0 part=2 epoch=1 window=16 phase=measure evaluated=14 k=2 scale_pct=400 age_ratio=16 host=65548 gc_pages=81200 gc_count=2293 waf_q16=146721 best=0 next=15 settled=0
[911909.586430] NVMeVirt: WATGC_V2 sample ns=0 part=3 epoch=1 window=16 phase=measure evaluated=14 k=2 scale_pct=400 age_ratio=16 host=65543 gc_pages=81782 gc_count=2302 waf_q16=147309 best=0 next=15 settled=0
[911909.590164] NVMeVirt: WATGC_V2 sample ns=0 part=1 epoch=1 window=16 phase=measure evaluated=14 k=2 scale_pct=400 age_ratio=16 host=65540 gc_pages=81015 gc_count=2290 waf_q16=146546 best=0 next=15 settled=0
[911909.611339] NVMeVirt: WATGC_V2 sample ns=0 part=0 epoch=1 window=16 phase=measure evaluated=14 k=2 scale_pct=400 age_ratio=16 host=65562 gc_pages=81762 gc_count=2302 waf_q16=147265 best=0 next=15 settled=0
[911919.378389] NVMeVirt: WATGC_V2 sample ns=0 part=2 epoch=1 window=17 phase=measure evaluated=15 k=4 scale_pct=25 age_ratio=4 host=65540 gc_pages=69245 gc_count=2106 waf_q16=134776 best=0 next=16 settled=0
[911919.423434] NVMeVirt: WATGC_V2 sample ns=0 part=3 epoch=1 window=17 phase=measure evaluated=15 k=4 scale_pct=25 age_ratio=4 host=65538 gc_pages=71106 gc_count=2135 waf_q16=136639 best=0 next=16 settled=0
[911919.431356] NVMeVirt: WATGC_V2 sample ns=0 part=1 epoch=1 window=17 phase=measure evaluated=15 k=4 scale_pct=25 age_ratio=4 host=65541 gc_pages=69626 gc_count=2112 waf_q16=135156 best=0 next=16 settled=0
[911919.442712] NVMeVirt: WATGC_V2 sample ns=0 part=0 epoch=1 window=17 phase=measure evaluated=15 k=4 scale_pct=25 age_ratio=4 host=65544 gc_pages=70076 gc_count=2119 waf_q16=135603 best=0 next=16 settled=0
[911929.220293] NVMeVirt: WATGC_V2 sample ns=0 part=2 epoch=1 window=18 phase=measure evaluated=16 k=4 scale_pct=25 age_ratio=7 host=65550 gc_pages=66057 gc_count=2056 waf_q16=131578 best=0 next=17 settled=0
[911929.258863] NVMeVirt: WATGC_V2 sample ns=0 part=1 epoch=1 window=18 phase=measure evaluated=16 k=4 scale_pct=25 age_ratio=7 host=65542 gc_pages=66120 gc_count=2057 waf_q16=131649 best=0 next=17 settled=0
[911929.259286] NVMeVirt: WATGC_V2 sample ns=0 part=0 epoch=1 window=18 phase=measure evaluated=16 k=4 scale_pct=25 age_ratio=7 host=65543 gc_pages=67757 gc_count=2083 waf_q16=133285 best=0 next=17 settled=0
[911929.269377] NVMeVirt: WATGC_V2 sample ns=0 part=3 epoch=1 window=18 phase=measure evaluated=16 k=4 scale_pct=25 age_ratio=7 host=65548 gc_pages=64200 gc_count=2027 waf_q16=129724 best=0 next=17 settled=0
[911939.066940] NVMeVirt: WATGC_V2 sample ns=0 part=1 epoch=1 window=19 phase=measure evaluated=17 k=4 scale_pct=25 age_ratio=16 host=65541 gc_pages=60331 gc_count=1967 waf_q16=125862 best=0 next=18 settled=0
[911939.078232] NVMeVirt: WATGC_V2 sample ns=0 part=2 epoch=1 window=19 phase=measure evaluated=17 k=4 scale_pct=25 age_ratio=16 host=65572 gc_pages=62109 gc_count=1995 waf_q16=127610 best=0 next=18 settled=0
[911939.094140] NVMeVirt: WATGC_V2 sample ns=0 part=0 epoch=1 window=19 phase=measure evaluated=17 k=4 scale_pct=25 age_ratio=16 host=65536 gc_pages=62976 gc_count=2008 waf_q16=128512 best=0 next=18 settled=0
[911939.103970] NVMeVirt: WATGC_V2 sample ns=0 part=3 epoch=1 window=19 phase=measure evaluated=17 k=4 scale_pct=25 age_ratio=16 host=65545 gc_pages=61175 gc_count=1980 waf_q16=126702 best=0 next=18 settled=0
[911948.901294] NVMeVirt: WATGC_V2 sample ns=0 part=2 epoch=1 window=20 phase=measure evaluated=18 k=4 scale_pct=50 age_ratio=4 host=65572 gc_pages=42329 gc_count=1686 waf_q16=107841 best=18 next=19 settled=0
[911948.916203] NVMeVirt: WATGC_V2 sample ns=0 part=3 epoch=1 window=20 phase=measure evaluated=18 k=4 scale_pct=50 age_ratio=4 host=65562 gc_pages=42725 gc_count=1692 waf_q16=108244 best=18 next=19 settled=0
[911948.918541] NVMeVirt: WATGC_V2 sample ns=0 part=1 epoch=1 window=20 phase=measure evaluated=18 k=4 scale_pct=50 age_ratio=4 host=65568 gc_pages=43102 gc_count=1698 waf_q16=108616 best=18 next=19 settled=0
[911948.950826] NVMeVirt: WATGC_V2 sample ns=0 part=0 epoch=1 window=20 phase=measure evaluated=18 k=4 scale_pct=50 age_ratio=4 host=65573 gc_pages=42585 gc_count=1690 waf_q16=108096 best=18 next=19 settled=0
[911958.710654] NVMeVirt: WATGC_V2 sample ns=0 part=2 epoch=1 window=21 phase=measure evaluated=19 k=4 scale_pct=50 age_ratio=7 host=65540 gc_pages=49083 gc_count=1791 waf_q16=114616 best=18 next=20 settled=0
[911958.756782] NVMeVirt: WATGC_V2 sample ns=0 part=1 epoch=1 window=21 phase=measure evaluated=19 k=4 scale_pct=50 age_ratio=7 host=65566 gc_pages=50272 gc_count=1810 waf_q16=115784 best=18 next=20 settled=0
[911958.762673] NVMeVirt: WATGC_V2 sample ns=0 part=3 epoch=1 window=21 phase=measure evaluated=19 k=4 scale_pct=50 age_ratio=7 host=65552 gc_pages=49790 gc_count=1802 waf_q16=115313 best=18 next=20 settled=0
[911958.786574] NVMeVirt: WATGC_V2 sample ns=0 part=0 epoch=1 window=21 phase=measure evaluated=19 k=4 scale_pct=50 age_ratio=7 host=65553 gc_pages=49325 gc_count=1795 waf_q16=114848 best=18 next=20 settled=0
[911968.575689] NVMeVirt: WATGC_V2 sample ns=0 part=2 epoch=1 window=22 phase=measure evaluated=20 k=4 scale_pct=50 age_ratio=16 host=65537 gc_pages=62722 gc_count=2004 waf_q16=128257 best=18 next=21 settled=0
[911968.576106] NVMeVirt: WATGC_V2 sample ns=0 part=1 epoch=1 window=22 phase=measure evaluated=20 k=4 scale_pct=50 age_ratio=16 host=65538 gc_pages=64194 gc_count=2027 waf_q16=129728 best=18 next=21 settled=0
[911968.593314] NVMeVirt: WATGC_V2 sample ns=0 part=0 epoch=1 window=22 phase=measure evaluated=20 k=4 scale_pct=50 age_ratio=16 host=65545 gc_pages=63098 gc_count=2010 waf_q16=128625 best=18 next=21 settled=0
[911968.601403] NVMeVirt: WATGC_V2 sample ns=0 part=3 epoch=1 window=22 phase=measure evaluated=20 k=4 scale_pct=50 age_ratio=16 host=65539 gc_pages=62592 gc_count=2002 waf_q16=128125 best=18 next=21 settled=0
[911978.415295] NVMeVirt: WATGC_V2 sample ns=0 part=2 epoch=1 window=23 phase=measure evaluated=21 k=4 scale_pct=100 age_ratio=4 host=65538 gc_pages=50238 gc_count=1809 waf_q16=115772 best=18 next=22 settled=0
[911978.421714] NVMeVirt: WATGC_V2 sample ns=0 part=0 epoch=1 window=23 phase=measure evaluated=21 k=4 scale_pct=100 age_ratio=4 host=65566 gc_pages=50274 gc_count=1810 waf_q16=115786 best=18 next=22 settled=0
[911978.422455] NVMeVirt: WATGC_V2 sample ns=0 part=1 epoch=1 window=23 phase=measure evaluated=21 k=4 scale_pct=100 age_ratio=4 host=65566 gc_pages=50210 gc_count=1809 waf_q16=115723 best=18 next=22 settled=0
[911978.424686] NVMeVirt: WATGC_V2 sample ns=0 part=3 epoch=1 window=23 phase=measure evaluated=21 k=4 scale_pct=100 age_ratio=4 host=65567 gc_pages=50337 gc_count=1811 waf_q16=115849 best=18 next=22 settled=0
[911988.224396] NVMeVirt: WATGC_V2 sample ns=0 part=2 epoch=1 window=24 phase=measure evaluated=22 k=4 scale_pct=100 age_ratio=7 host=65537 gc_pages=49474 gc_count=1797 waf_q16=115009 best=18 next=23 settled=0
[911988.257312] NVMeVirt: WATGC_V2 sample ns=0 part=3 epoch=1 window=24 phase=measure evaluated=22 k=4 scale_pct=100 age_ratio=7 host=65542 gc_pages=50109 gc_count=1807 waf_q16=115640 best=18 next=23 settled=0
[911988.258153] NVMeVirt: WATGC_V2 sample ns=0 part=0 epoch=1 window=24 phase=measure evaluated=22 k=4 scale_pct=100 age_ratio=7 host=65558 gc_pages=49709 gc_count=1801 waf_q16=115228 best=18 next=23 settled=0
[911988.272705] NVMeVirt: WATGC_V2 sample ns=0 part=1 epoch=1 window=24 phase=measure evaluated=22 k=4 scale_pct=100 age_ratio=7 host=65556 gc_pages=50096 gc_count=1807 waf_q16=115616 best=18 next=23 settled=0
[911998.082901] NVMeVirt: WATGC_V2 sample ns=0 part=0 epoch=1 window=25 phase=measure evaluated=23 k=4 scale_pct=100 age_ratio=16 host=65539 gc_pages=64647 gc_count=2034 waf_q16=130180 best=18 next=24 settled=0
[911998.084517] NVMeVirt: WATGC_V2 sample ns=0 part=2 epoch=1 window=25 phase=measure evaluated=23 k=4 scale_pct=100 age_ratio=16 host=65552 gc_pages=64751 gc_count=2036 waf_q16=130271 best=18 next=24 settled=0
[911998.092439] NVMeVirt: WATGC_V2 sample ns=0 part=3 epoch=1 window=25 phase=measure evaluated=23 k=4 scale_pct=100 age_ratio=16 host=65564 gc_pages=65189 gc_count=2043 waf_q16=130697 best=18 next=24 settled=0
[911998.092929] NVMeVirt: WATGC_V2 sample ns=0 part=1 epoch=1 window=25 phase=measure evaluated=23 k=4 scale_pct=100 age_ratio=16 host=65536 gc_pages=64192 gc_count=2027 waf_q16=129728 best=18 next=24 settled=0
[912007.909726] NVMeVirt: WATGC_V2 sample ns=0 part=2 epoch=1 window=26 phase=measure evaluated=24 k=4 scale_pct=200 age_ratio=4 host=65536 gc_pages=60092 gc_count=1963 waf_q16=125628 best=18 next=25 settled=0
[912007.922817] NVMeVirt: WATGC_V2 sample ns=0 part=1 epoch=1 window=26 phase=measure evaluated=24 k=4 scale_pct=200 age_ratio=4 host=65543 gc_pages=59636 gc_count=1956 waf_q16=125165 best=18 next=25 settled=0
[912007.924568] NVMeVirt: WATGC_V2 sample ns=0 part=0 epoch=1 window=26 phase=measure evaluated=24 k=4 scale_pct=200 age_ratio=4 host=65536 gc_pages=59324 gc_count=1951 waf_q16=124860 best=18 next=25 settled=0
[912007.926401] NVMeVirt: WATGC_V2 sample ns=0 part=3 epoch=1 window=26 phase=measure evaluated=24 k=4 scale_pct=200 age_ratio=4 host=65561 gc_pages=59810 gc_count=1959 waf_q16=125323 best=18 next=25 settled=0
[912017.748183] NVMeVirt: WATGC_V2 sample ns=0 part=0 epoch=1 window=27 phase=measure evaluated=25 k=4 scale_pct=200 age_ratio=7 host=65540 gc_pages=61821 gc_count=1990 waf_q16=127353 best=18 next=26 settled=0
[912017.753132] NVMeVirt: WATGC_V2 sample ns=0 part=1 epoch=1 window=27 phase=measure evaluated=25 k=4 scale_pct=200 age_ratio=7 host=65540 gc_pages=62587 gc_count=2002 waf_q16=128119 best=18 next=26 settled=0
[912017.756765] NVMeVirt: WATGC_V2 sample ns=0 part=3 epoch=1 window=27 phase=measure evaluated=25 k=4 scale_pct=200 age_ratio=7 host=65565 gc_pages=64163 gc_count=2027 waf_q16=129670 best=18 next=26 settled=0
[912017.758048] NVMeVirt: WATGC_V2 sample ns=0 part=2 epoch=1 window=27 phase=measure evaluated=25 k=4 scale_pct=200 age_ratio=7 host=65542 gc_pages=63674 gc_count=2019 waf_q16=129204 best=18 next=26 settled=0
[912027.574548] NVMeVirt: WATGC_V2 sample ns=0 part=2 epoch=1 window=28 phase=measure evaluated=26 k=4 scale_pct=200 age_ratio=16 host=65550 gc_pages=72243 gc_count=2153 waf_q16=137763 best=18 next=27 settled=0
[912027.580340] NVMeVirt: WATGC_V2 sample ns=0 part=1 epoch=1 window=28 phase=measure evaluated=26 k=4 scale_pct=200 age_ratio=16 host=65546 gc_pages=72312 gc_count=2154 waf_q16=137836 best=18 next=27 settled=0
[912027.580934] NVMeVirt: WATGC_V2 sample ns=0 part=3 epoch=1 window=28 phase=measure evaluated=26 k=4 scale_pct=200 age_ratio=16 host=65539 gc_pages=72574 gc_count=2158 waf_q16=138106 best=18 next=27 settled=0
[912027.612296] NVMeVirt: WATGC_V2 sample ns=0 part=0 epoch=1 window=28 phase=measure evaluated=26 k=4 scale_pct=200 age_ratio=16 host=65550 gc_pages=71792 gc_count=2146 waf_q16=137312 best=18 next=27 settled=0
[912037.418923] NVMeVirt: WATGC_V2 sample ns=0 part=3 epoch=1 window=29 phase=measure evaluated=27 k=4 scale_pct=400 age_ratio=4 host=65562 gc_pages=67369 gc_count=2077 waf_q16=132878 best=18 next=28 settled=0
[912037.419962] NVMeVirt: WATGC_V2 sample ns=0 part=0 epoch=1 window=29 phase=measure evaluated=27 k=4 scale_pct=400 age_ratio=4 host=65544 gc_pages=67258 gc_count=2075 waf_q16=132785 best=18 next=28 settled=0
[912037.420794] NVMeVirt: WATGC_V2 sample ns=0 part=2 epoch=1 window=29 phase=measure evaluated=27 k=4 scale_pct=400 age_ratio=4 host=65551 gc_pages=66739 gc_count=2067 waf_q16=132259 best=18 next=28 settled=0
[912037.421126] NVMeVirt: WATGC_V2 sample ns=0 part=1 epoch=1 window=29 phase=measure evaluated=27 k=4 scale_pct=400 age_ratio=4 host=65542 gc_pages=66621 gc_count=2065 waf_q16=132150 best=18 next=28 settled=0
[912047.244067] NVMeVirt: WATGC_V2 sample ns=0 part=1 epoch=1 window=30 phase=measure evaluated=28 k=4 scale_pct=400 age_ratio=7 host=65566 gc_pages=66979 gc_count=2071 waf_q16=132484 best=18 next=29 settled=0
[912047.244910] NVMeVirt: WATGC_V2 sample ns=0 part=3 epoch=1 window=30 phase=measure evaluated=28 k=4 scale_pct=400 age_ratio=7 host=65554 gc_pages=67758 gc_count=2083 waf_q16=133275 best=18 next=29 settled=0
[912047.258754] NVMeVirt: WATGC_V2 sample ns=0 part=2 epoch=1 window=30 phase=measure evaluated=28 k=4 scale_pct=400 age_ratio=7 host=65554 gc_pages=67118 gc_count=2073 waf_q16=132635 best=18 next=29 settled=0
[912047.268734] NVMeVirt: WATGC_V2 sample ns=0 part=0 epoch=1 window=30 phase=measure evaluated=28 k=4 scale_pct=400 age_ratio=7 host=65553 gc_pages=67823 gc_count=2084 waf_q16=133341 best=18 next=29 settled=0
[912057.071758] NVMeVirt: WATGC_V2 sample ns=0 part=1 epoch=1 window=31 phase=measure evaluated=29 k=4 scale_pct=400 age_ratio=16 host=65546 gc_pages=75507 gc_count=2204 waf_q16=141031 best=18 next=30 settled=0
[912057.080746] NVMeVirt: WATGC_V2 sample ns=0 part=2 epoch=1 window=31 phase=measure evaluated=29 k=4 scale_pct=400 age_ratio=16 host=65549 gc_pages=74735 gc_count=2192 waf_q16=140256 best=18 next=30 settled=0
[912057.082877] NVMeVirt: WATGC_V2 sample ns=0 part=3 epoch=1 window=31 phase=measure evaluated=29 k=4 scale_pct=400 age_ratio=16 host=65536 gc_pages=75198 gc_count=2199 waf_q16=140734 best=18 next=30 settled=0
[912057.108580] NVMeVirt: WATGC_V2 sample ns=0 part=0 epoch=1 window=31 phase=measure evaluated=29 k=4 scale_pct=400 age_ratio=16 host=65545 gc_pages=74869 gc_count=2194 waf_q16=140394 best=18 next=30 settled=0
[912066.891735] NVMeVirt: WATGC_V2 sample ns=0 part=2 epoch=1 window=32 phase=measure evaluated=30 k=7 scale_pct=25 age_ratio=4 host=65550 gc_pages=63401 gc_count=2015 waf_q16=128923 best=18 next=31 settled=0
[912066.919449] NVMeVirt: WATGC_V2 sample ns=0 part=3 epoch=1 window=32 phase=measure evaluated=30 k=7 scale_pct=25 age_ratio=4 host=65561 gc_pages=64221 gc_count=2028 waf_q16=129732 best=18 next=31 settled=0
[912066.925770] NVMeVirt: WATGC_V2 sample ns=0 part=1 epoch=1 window=32 phase=measure evaluated=30 k=7 scale_pct=25 age_ratio=4 host=65559 gc_pages=63143 gc_count=2011 waf_q16=128656 best=18 next=31 settled=0
[912066.936718] NVMeVirt: WATGC_V2 sample ns=0 part=0 epoch=1 window=32 phase=measure evaluated=30 k=7 scale_pct=25 age_ratio=4 host=65539 gc_pages=62591 gc_count=2002 waf_q16=128124 best=18 next=31 settled=0
[912076.737663] NVMeVirt: WATGC_V2 sample ns=0 part=0 epoch=1 window=33 phase=measure evaluated=31 k=7 scale_pct=25 age_ratio=7 host=65558 gc_pages=50597 gc_count=1815 waf_q16=116116 best=18 next=32 settled=0
[912076.746594] NVMeVirt: WATGC_V2 sample ns=0 part=2 epoch=1 window=33 phase=measure evaluated=31 k=7 scale_pct=25 age_ratio=7 host=65565 gc_pages=50338 gc_count=1811 waf_q16=115851 best=18 next=32 settled=0
[912076.763407] NVMeVirt: WATGC_V2 sample ns=0 part=1 epoch=1 window=33 phase=measure evaluated=31 k=7 scale_pct=25 age_ratio=7 host=65548 gc_pages=49829 gc_count=1803 waf_q16=115355 best=18 next=32 settled=0
[912076.771394] NVMeVirt: WATGC_V2 sample ns=0 part=3 epoch=1 window=33 phase=measure evaluated=31 k=7 scale_pct=25 age_ratio=7 host=65568 gc_pages=50272 gc_count=1810 waf_q16=115783 best=18 next=32 settled=0
[912086.568351] NVMeVirt: WATGC_V2 sample ns=0 part=2 epoch=1 window=34 phase=measure evaluated=32 k=7 scale_pct=25 age_ratio=16 host=65551 gc_pages=60820 gc_count=1975 waf_q16=126342 best=18 next=33 settled=0
[912086.591324] NVMeVirt: WATGC_V2 sample ns=0 part=0 epoch=1 window=34 phase=measure evaluated=32 k=7 scale_pct=25 age_ratio=16 host=65581 gc_pages=61120 gc_count=1980 waf_q16=126614 best=18 next=33 settled=0
[912086.595806] NVMeVirt: WATGC_V2 sample ns=0 part=3 epoch=1 window=34 phase=measure evaluated=32 k=7 scale_pct=25 age_ratio=16 host=65550 gc_pages=60821 gc_count=1975 waf_q16=126344 best=18 next=33 settled=0
[912086.598370] NVMeVirt: WATGC_V2 sample ns=0 part=1 epoch=1 window=34 phase=measure evaluated=32 k=7 scale_pct=25 age_ratio=16 host=65557 gc_pages=60363 gc_count=1968 waf_q16=125879 best=18 next=33 settled=0
[912096.395303] NVMeVirt: WATGC_V2 sample ns=0 part=0 epoch=1 window=35 phase=measure evaluated=33 k=7 scale_pct=50 age_ratio=4 host=65541 gc_pages=46526 gc_count=1751 waf_q16=112058 best=18 next=34 settled=0
[912096.411923] NVMeVirt: WATGC_V2 sample ns=0 part=3 epoch=1 window=35 phase=measure evaluated=33 k=7 scale_pct=50 age_ratio=4 host=65544 gc_pages=44986 gc_count=1727 waf_q16=110516 best=18 next=34 settled=0
[912096.431005] NVMeVirt: WATGC_V2 sample ns=0 part=1 epoch=1 window=35 phase=measure evaluated=33 k=7 scale_pct=50 age_ratio=4 host=65545 gc_pages=46267 gc_count=1747 waf_q16=111796 best=18 next=34 settled=0
[912096.444754] NVMeVirt: WATGC_V2 sample ns=0 part=2 epoch=1 window=35 phase=measure evaluated=33 k=7 scale_pct=50 age_ratio=4 host=65552 gc_pages=46191 gc_count=1746 waf_q16=111715 best=18 next=34 settled=0
[912106.232176] NVMeVirt: WATGC_V2 sample ns=0 part=0 epoch=1 window=36 phase=measure evaluated=34 k=7 scale_pct=50 age_ratio=7 host=65538 gc_pages=58105 gc_count=1932 waf_q16=123639 best=18 next=35 settled=0
[912106.238713] NVMeVirt: WATGC_V2 sample ns=0 part=3 epoch=1 window=36 phase=measure evaluated=34 k=7 scale_pct=50 age_ratio=7 host=65537 gc_pages=56766 gc_count=1911 waf_q16=122301 best=18 next=35 settled=0
[912106.269487] NVMeVirt: WATGC_V2 sample ns=0 part=2 epoch=1 window=36 phase=measure evaluated=34 k=7 scale_pct=50 age_ratio=7 host=65570 gc_pages=57299 gc_count=1920 waf_q16=122805 best=18 next=35 settled=0
[912106.272271] NVMeVirt: WATGC_V2 sample ns=0 part=1 epoch=1 window=36 phase=measure evaluated=34 k=7 scale_pct=50 age_ratio=7 host=65553 gc_pages=58095 gc_count=1932 waf_q16=123615 best=18 next=35 settled=0
[912116.073622] NVMeVirt: WATGC_V2 sample ns=0 part=0 epoch=1 window=37 phase=measure evaluated=35 k=7 scale_pct=50 age_ratio=16 host=65560 gc_pages=60727 gc_count=1973 waf_q16=126240 best=18 next=36 settled=0
[912116.080365] NVMeVirt: WATGC_V2 sample ns=0 part=1 epoch=1 window=37 phase=measure evaluated=35 k=7 scale_pct=50 age_ratio=16 host=65558 gc_pages=62902 gc_count=2007 waf_q16=128416 best=18 next=36 settled=0
[912116.092171] NVMeVirt: WATGC_V2 sample ns=0 part=3 epoch=1 window=37 phase=measure evaluated=35 k=7 scale_pct=50 age_ratio=16 host=65541 gc_pages=60794 gc_count=1974 waf_q16=126325 best=18 next=36 settled=0
[912116.097288] NVMeVirt: WATGC_V2 sample ns=0 part=2 epoch=1 window=37 phase=measure evaluated=35 k=7 scale_pct=50 age_ratio=16 host=65547 gc_pages=62276 gc_count=1997 waf_q16=127801 best=18 next=36 settled=0
[912125.911323] NVMeVirt: WATGC_V2 sample ns=0 part=0 epoch=1 window=38 phase=measure evaluated=36 k=7 scale_pct=100 age_ratio=4 host=65565 gc_pages=51307 gc_count=1826 waf_q16=116820 best=18 next=38 settled=0
[912125.915370] NVMeVirt: WATGC_V2 sample ns=0 part=2 epoch=1 window=38 phase=measure evaluated=36 k=7 scale_pct=100 age_ratio=4 host=65555 gc_pages=51701 gc_count=1832 waf_q16=117222 best=18 next=38 settled=0
[912125.919000] NVMeVirt: WATGC_V2 sample ns=0 part=3 epoch=1 window=38 phase=measure evaluated=36 k=7 scale_pct=100 age_ratio=4 host=65537 gc_pages=51847 gc_count=1834 waf_q16=117382 best=18 next=38 settled=0
[912125.928942] NVMeVirt: WATGC_V2 sample ns=0 part=1 epoch=1 window=38 phase=measure evaluated=36 k=7 scale_pct=100 age_ratio=4 host=65542 gc_pages=51267 gc_count=1825 waf_q16=116798 best=18 next=38 settled=0
[912135.732487] NVMeVirt: WATGC_V2 sample ns=0 part=0 epoch=1 window=39 phase=measure evaluated=38 k=7 scale_pct=100 age_ratio=16 host=65546 gc_pages=65911 gc_count=2054 waf_q16=131436 best=18 next=39 settled=0
[912135.746398] NVMeVirt: WATGC_V2 sample ns=0 part=1 epoch=1 window=39 phase=measure evaluated=38 k=7 scale_pct=100 age_ratio=16 host=65567 gc_pages=64931 gc_count=2039 waf_q16=130436 best=18 next=39 settled=0
[912135.764778] NVMeVirt: WATGC_V2 sample ns=0 part=2 epoch=1 window=39 phase=measure evaluated=38 k=7 scale_pct=100 age_ratio=16 host=65563 gc_pages=65254 gc_count=2044 waf_q16=130763 best=18 next=39 settled=0
[912135.765818] NVMeVirt: WATGC_V2 sample ns=0 part=3 epoch=1 window=39 phase=measure evaluated=38 k=7 scale_pct=100 age_ratio=16 host=65547 gc_pages=65589 gc_count=2049 waf_q16=131113 best=18 next=39 settled=0
[912145.568191] NVMeVirt: WATGC_V2 sample ns=0 part=3 epoch=1 window=40 phase=measure evaluated=39 k=7 scale_pct=200 age_ratio=4 host=65547 gc_pages=53557 gc_count=1861 waf_q16=119084 best=18 next=40 settled=0
[912145.581400] NVMeVirt: WATGC_V2 sample ns=0 part=0 epoch=1 window=40 phase=measure evaluated=39 k=7 scale_pct=200 age_ratio=4 host=65571 gc_pages=53725 gc_count=1864 waf_q16=119232 best=18 next=40 settled=0
[912145.588692] NVMeVirt: WATGC_V2 sample ns=0 part=1 epoch=1 window=40 phase=measure evaluated=39 k=7 scale_pct=200 age_ratio=4 host=65549 gc_pages=52211 gc_count=1840 waf_q16=117736 best=18 next=40 settled=0
[912145.608437] NVMeVirt: WATGC_V2 sample ns=0 part=2 epoch=1 window=40 phase=measure evaluated=39 k=7 scale_pct=200 age_ratio=4 host=65538 gc_pages=52798 gc_count=1849 waf_q16=118332 best=18 next=40 settled=0
[912155.404658] NVMeVirt: WATGC_V2 sample ns=0 part=1 epoch=1 window=41 phase=measure evaluated=40 k=7 scale_pct=200 age_ratio=7 host=65547 gc_pages=66804 gc_count=2068 waf_q16=132328 best=18 next=41 settled=0
[912155.417224] NVMeVirt: WATGC_V2 sample ns=0 part=0 epoch=1 window=41 phase=measure evaluated=40 k=7 scale_pct=200 age_ratio=7 host=65541 gc_pages=67386 gc_count=2077 waf_q16=132916 best=18 next=41 settled=0
[912155.417767] NVMeVirt: WATGC_V2 sample ns=0 part=3 epoch=1 window=41 phase=measure evaluated=40 k=7 scale_pct=200 age_ratio=7 host=65559 gc_pages=67240 gc_count=2075 waf_q16=132752 best=18 next=41 settled=0
[912155.443393] NVMeVirt: WATGC_V2 sample ns=0 part=2 epoch=1 window=41 phase=measure evaluated=40 k=7 scale_pct=200 age_ratio=7 host=65565 gc_pages=66273 gc_count=2060 waf_q16=131779 best=18 next=41 settled=0
[912165.224100] NVMeVirt: WATGC_V2 sample ns=0 part=3 epoch=1 window=42 phase=measure evaluated=41 k=7 scale_pct=200 age_ratio=16 host=65540 gc_pages=78905 gc_count=2257 waf_q16=144436 best=18 next=42 settled=0
[912165.235736] NVMeVirt: WATGC_V2 sample ns=0 part=1 epoch=1 window=42 phase=measure evaluated=41 k=7 scale_pct=200 age_ratio=16 host=65544 gc_pages=80244 gc_count=2278 waf_q16=145770 best=18 next=42 settled=0
[912165.254217] NVMeVirt: WATGC_V2 sample ns=0 part=0 epoch=1 window=42 phase=measure evaluated=41 k=7 scale_pct=200 age_ratio=16 host=65563 gc_pages=79520 gc_count=2267 waf_q16=145023 best=18 next=42 settled=0
[912165.302276] NVMeVirt: WATGC_V2 sample ns=0 part=2 epoch=1 window=42 phase=measure evaluated=41 k=7 scale_pct=200 age_ratio=16 host=65557 gc_pages=78232 gc_count=2247 waf_q16=143742 best=18 next=42 settled=0
[912175.065226] NVMeVirt: WATGC_V2 sample ns=0 part=0 epoch=1 window=43 phase=measure evaluated=42 k=7 scale_pct=400 age_ratio=4 host=65550 gc_pages=67572 gc_count=2080 waf_q16=133093 best=18 next=43 settled=0
[912175.073951] NVMeVirt: WATGC_V2 sample ns=0 part=3 epoch=1 window=43 phase=measure evaluated=42 k=7 scale_pct=400 age_ratio=4 host=65550 gc_pages=67317 gc_count=2076 waf_q16=132838 best=18 next=43 settled=0
[912175.097060] NVMeVirt: WATGC_V2 sample ns=0 part=1 epoch=1 window=43 phase=measure evaluated=42 k=7 scale_pct=400 age_ratio=4 host=65548 gc_pages=69237 gc_count=2106 waf_q16=134760 best=18 next=43 settled=0
[912175.105059] NVMeVirt: WATGC_V2 sample ns=0 part=2 epoch=1 window=43 phase=measure evaluated=42 k=7 scale_pct=400 age_ratio=4 host=65556 gc_pages=67056 gc_count=2072 waf_q16=132571 best=18 next=43 settled=0
[912184.904982] NVMeVirt: WATGC_V2 sample ns=0 part=3 epoch=1 window=44 phase=measure evaluated=43 k=7 scale_pct=400 age_ratio=7 host=65551 gc_pages=70326 gc_count=2123 waf_q16=135845 best=18 next=44 settled=0
[912184.914850] NVMeVirt: WATGC_V2 sample ns=0 part=0 epoch=1 window=44 phase=measure evaluated=43 k=7 scale_pct=400 age_ratio=7 host=65545 gc_pages=69054 gc_count=2103 waf_q16=134580 best=18 next=44 settled=0
[912184.916551] NVMeVirt: WATGC_V2 sample ns=0 part=1 epoch=1 window=44 phase=measure evaluated=43 k=7 scale_pct=400 age_ratio=7 host=65553 gc_pages=70453 gc_count=2125 waf_q16=135970 best=18 next=44 settled=0
[912184.943569] NVMeVirt: WATGC_V2 sample ns=0 part=2 epoch=1 window=44 phase=measure evaluated=43 k=7 scale_pct=400 age_ratio=7 host=65553 gc_pages=70070 gc_count=2119 waf_q16=135587 best=18 next=44 settled=0
[912194.736072] NVMeVirt: WATGC_V2 sample ns=0 part=3 epoch=1 window=45 phase=measure evaluated=44 k=7 scale_pct=400 age_ratio=16 host=65543 gc_pages=70522 gc_count=2126 waf_q16=136050 best=18 next=45 settled=0
[912194.740358] NVMeVirt: WATGC_V2 sample ns=0 part=0 epoch=1 window=45 phase=measure evaluated=44 k=7 scale_pct=400 age_ratio=16 host=65554 gc_pages=71280 gc_count=2138 waf_q16=136796 best=18 next=45 settled=0
[912194.764065] NVMeVirt: WATGC_V2 sample ns=0 part=2 epoch=1 window=45 phase=measure evaluated=44 k=7 scale_pct=400 age_ratio=16 host=65553 gc_pages=71152 gc_count=2136 waf_q16=136669 best=18 next=45 settled=0
[912194.773923] NVMeVirt: WATGC_V2 sample ns=0 part=1 epoch=1 window=45 phase=measure evaluated=44 k=7 scale_pct=400 age_ratio=16 host=65563 gc_pages=70501 gc_count=2126 waf_q16=136007 best=18 next=45 settled=0
[912204.563401] NVMeVirt: WATGC_V2 sample ns=0 part=3 epoch=1 window=46 phase=measure evaluated=45 k=10 scale_pct=25 age_ratio=4 host=65572 gc_pages=54289 gc_count=1873 waf_q16=119795 best=18 next=46 settled=0
[912204.585093] NVMeVirt: WATGC_V2 sample ns=0 part=0 epoch=1 window=46 phase=measure evaluated=45 k=10 scale_pct=25 age_ratio=4 host=65572 gc_pages=54612 gc_count=1878 waf_q16=120118 best=18 next=46 settled=0
[912204.601809] NVMeVirt: WATGC_V2 sample ns=0 part=2 epoch=1 window=46 phase=measure evaluated=45 k=10 scale_pct=25 age_ratio=4 host=65565 gc_pages=54298 gc_count=1873 waf_q16=119809 best=18 next=46 settled=0
[912204.604350] NVMeVirt: WATGC_V2 sample ns=0 part=1 epoch=1 window=46 phase=measure evaluated=45 k=10 scale_pct=25 age_ratio=4 host=65552 gc_pages=53995 gc_count=1868 waf_q16=119517 best=18 next=46 settled=0
[912214.395545] NVMeVirt: WATGC_V2 sample ns=0 part=3 epoch=1 window=47 phase=measure evaluated=46 k=10 scale_pct=25 age_ratio=7 host=65547 gc_pages=49909 gc_count=1804 waf_q16=115436 best=18 next=47 settled=0
[912214.428821] NVMeVirt: WATGC_V2 sample ns=0 part=2 epoch=1 window=47 phase=measure evaluated=46 k=10 scale_pct=25 age_ratio=7 host=65541 gc_pages=50802 gc_count=1818 waf_q16=116334 best=18 next=47 settled=0
[912214.429742] NVMeVirt: WATGC_V2 sample ns=0 part=0 epoch=1 window=47 phase=measure evaluated=46 k=10 scale_pct=25 age_ratio=7 host=65556 gc_pages=49835 gc_count=1803 waf_q16=115355 best=18 next=47 settled=0
[912214.438331] NVMeVirt: WATGC_V2 sample ns=0 part=1 epoch=1 window=47 phase=measure evaluated=46 k=10 scale_pct=25 age_ratio=7 host=65574 gc_pages=50078 gc_count=1807 waf_q16=115584 best=18 next=47 settled=0
[912224.237673] NVMeVirt: WATGC_V2 sample ns=0 part=3 epoch=1 window=48 phase=measure evaluated=47 k=10 scale_pct=25 age_ratio=16 host=65570 gc_pages=50341 gc_count=1811 waf_q16=115850 best=18 next=48 settled=0
[912224.238821] NVMeVirt: WATGC_V2 sample ns=0 part=2 epoch=1 window=48 phase=measure evaluated=47 k=10 scale_pct=25 age_ratio=16 host=65569 gc_pages=52197 gc_count=1840 waf_q16=117706 best=18 next=48 settled=0
[912224.262944] NVMeVirt: WATGC_V2 sample ns=0 part=0 epoch=1 window=48 phase=measure evaluated=47 k=10 scale_pct=25 age_ratio=16 host=65552 gc_pages=51384 gc_count=1827 waf_q16=116907 best=18 next=48 settled=0
[912224.289193] NVMeVirt: WATGC_V2 sample ns=0 part=1 epoch=1 window=48 phase=measure evaluated=47 k=10 scale_pct=25 age_ratio=16 host=65560 gc_pages=52016 gc_count=1837 waf_q16=117532 best=18 next=48 settled=0
[912234.047825] NVMeVirt: WATGC_V2 sample ns=0 part=3 epoch=1 window=49 phase=measure evaluated=48 k=10 scale_pct=50 age_ratio=4 host=65555 gc_pages=49330 gc_count=1795 waf_q16=114851 best=18 next=49 settled=0
[912234.093494] NVMeVirt: WATGC_V2 sample ns=0 part=2 epoch=1 window=49 phase=measure evaluated=48 k=10 scale_pct=50 age_ratio=4 host=65558 gc_pages=48811 gc_count=1787 waf_q16=114330 best=18 next=49 settled=0
[912234.094197] NVMeVirt: WATGC_V2 sample ns=0 part=0 epoch=1 window=49 phase=measure evaluated=48 k=10 scale_pct=50 age_ratio=4 host=65540 gc_pages=49022 gc_count=1790 waf_q16=114555 best=18 next=49 settled=0
[912234.125216] NVMeVirt: WATGC_V2 sample ns=0 part=1 epoch=1 window=49 phase=measure evaluated=48 k=10 scale_pct=50 age_ratio=4 host=65560 gc_pages=48874 gc_count=1788 waf_q16=114392 best=18 next=49 settled=0
[912243.902545] NVMeVirt: WATGC_V2 sample ns=0 part=3 epoch=1 window=50 phase=measure evaluated=49 k=10 scale_pct=50 age_ratio=7 host=65563 gc_pages=43619 gc_count=1706 waf_q16=109137 best=18 next=50 settled=0
[912243.915778] NVMeVirt: WATGC_V2 sample ns=0 part=2 epoch=1 window=50 phase=measure evaluated=49 k=10 scale_pct=50 age_ratio=7 host=65541 gc_pages=43321 gc_count=1701 waf_q16=108853 best=18 next=50 settled=0
[912243.920444] NVMeVirt: WATGC_V2 sample ns=0 part=0 epoch=1 window=50 phase=measure evaluated=49 k=10 scale_pct=50 age_ratio=7 host=65573 gc_pages=43097 gc_count=1698 waf_q16=108608 best=18 next=50 settled=0
[912243.961625] NVMeVirt: WATGC_V2 sample ns=0 part=1 epoch=1 window=50 phase=measure evaluated=49 k=10 scale_pct=50 age_ratio=7 host=65565 gc_pages=43106 gc_count=1698 waf_q16=108622 best=18 next=50 settled=0
[912253.738916] NVMeVirt: WATGC_V2 sample ns=0 part=3 epoch=1 window=51 phase=measure evaluated=50 k=10 scale_pct=50 age_ratio=16 host=65539 gc_pages=51762 gc_count=1833 waf_q16=117295 best=18 next=51 settled=0
[912253.758078] NVMeVirt: WATGC_V2 sample ns=0 part=2 epoch=1 window=51 phase=measure evaluated=50 k=10 scale_pct=50 age_ratio=16 host=65539 gc_pages=51851 gc_count=1834 waf_q16=117384 best=18 next=51 settled=0
[912253.763995] NVMeVirt: WATGC_V2 sample ns=0 part=1 epoch=1 window=51 phase=measure evaluated=50 k=10 scale_pct=50 age_ratio=16 host=65550 gc_pages=50791 gc_count=1818 waf_q16=116316 best=18 next=51 settled=0
[912253.772638] NVMeVirt: WATGC_V2 sample ns=0 part=0 epoch=1 window=51 phase=measure evaluated=50 k=10 scale_pct=50 age_ratio=16 host=65553 gc_pages=52708 gc_count=1848 waf_q16=118230 best=18 next=51 settled=0
[912263.573722] NVMeVirt: WATGC_V2 sample ns=0 part=1 epoch=1 window=52 phase=measure evaluated=51 k=10 scale_pct=100 age_ratio=4 host=65564 gc_pages=51816 gc_count=1834 waf_q16=117329 best=18 next=52 settled=0
[912263.580057] NVMeVirt: WATGC_V2 sample ns=0 part=2 epoch=1 window=52 phase=measure evaluated=51 k=10 scale_pct=100 age_ratio=4 host=65563 gc_pages=51179 gc_count=1824 waf_q16=116693 best=18 next=52 settled=0
[912263.591573] NVMeVirt: WATGC_V2 sample ns=0 part=3 epoch=1 window=52 phase=measure evaluated=51 k=10 scale_pct=100 age_ratio=4 host=65544 gc_pages=51133 gc_count=1823 waf_q16=116662 best=18 next=52 settled=0
[912263.620342] NVMeVirt: WATGC_V2 sample ns=0 part=0 epoch=1 window=52 phase=measure evaluated=51 k=10 scale_pct=100 age_ratio=4 host=65553 gc_pages=51636 gc_count=1831 waf_q16=117158 best=18 next=52 settled=0
[912273.415272] NVMeVirt: WATGC_V2 sample ns=0 part=3 epoch=1 window=53 phase=measure evaluated=52 k=10 scale_pct=100 age_ratio=7 host=65544 gc_pages=48887 gc_count=1788 waf_q16=114417 best=18 next=53 settled=0
[912273.415412] NVMeVirt: WATGC_V2 sample ns=0 part=2 epoch=1 window=53 phase=measure evaluated=52 k=10 scale_pct=100 age_ratio=7 host=65570 gc_pages=48988 gc_count=1790 waf_q16=114498 best=18 next=53 settled=0
[912273.432583] NVMeVirt: WATGC_V2 sample ns=0 part=1 epoch=1 window=53 phase=measure evaluated=52 k=10 scale_pct=100 age_ratio=7 host=65565 gc_pages=49249 gc_count=1794 waf_q16=114763 best=18 next=53 settled=0
[912273.440507] NVMeVirt: WATGC_V2 sample ns=0 part=0 epoch=1 window=53 phase=measure evaluated=52 k=10 scale_pct=100 age_ratio=7 host=65555 gc_pages=49076 gc_count=1791 waf_q16=114597 best=18 next=53 settled=0
[912283.243592] NVMeVirt: WATGC_V2 sample ns=0 part=3 epoch=1 window=54 phase=measure evaluated=53 k=10 scale_pct=100 age_ratio=16 host=65553 gc_pages=55020 gc_count=1884 waf_q16=120541 best=18 next=54 settled=0
[912283.254879] NVMeVirt: WATGC_V2 sample ns=0 part=1 epoch=1 window=54 phase=measure evaluated=53 k=10 scale_pct=100 age_ratio=16 host=65543 gc_pages=54518 gc_count=1876 waf_q16=120048 best=18 next=54 settled=0
[912283.262120] NVMeVirt: WATGC_V2 sample ns=0 part=0 epoch=1 window=54 phase=measure evaluated=53 k=10 scale_pct=100 age_ratio=16 host=65564 gc_pages=54560 gc_count=1877 waf_q16=120072 best=18 next=54 settled=0
[912283.272844] NVMeVirt: WATGC_V2 sample ns=0 part=2 epoch=1 window=54 phase=measure evaluated=53 k=10 scale_pct=100 age_ratio=16 host=65541 gc_pages=52481 gc_count=1844 waf_q16=118012 best=18 next=54 settled=0
[912293.067799] NVMeVirt: WATGC_V2 sample ns=0 part=3 epoch=1 window=55 phase=measure evaluated=54 k=10 scale_pct=200 age_ratio=4 host=65543 gc_pages=56059 gc_count=1900 waf_q16=121589 best=18 next=55 settled=0
[912293.081173] NVMeVirt: WATGC_V2 sample ns=0 part=0 epoch=1 window=55 phase=measure evaluated=54 k=10 scale_pct=200 age_ratio=4 host=65558 gc_pages=54827 gc_count=1881 waf_q16=120344 best=18 next=55 settled=0
[912293.104120] NVMeVirt: WATGC_V2 sample ns=0 part=1 epoch=1 window=55 phase=measure evaluated=54 k=10 scale_pct=200 age_ratio=4 host=65568 gc_pages=55842 gc_count=1897 waf_q16=121350 best=18 next=55 settled=0
[912293.119397] NVMeVirt: WATGC_V2 sample ns=0 part=2 epoch=1 window=55 phase=measure evaluated=54 k=10 scale_pct=200 age_ratio=4 host=65562 gc_pages=55079 gc_count=1885 waf_q16=120593 best=18 next=55 settled=0
[912302.888839] NVMeVirt: WATGC_V2 sample ns=0 part=3 epoch=1 window=56 phase=measure evaluated=55 k=10 scale_pct=200 age_ratio=7 host=65547 gc_pages=55657 gc_count=1894 waf_q16=121183 best=18 next=56 settled=0
[912302.928768] NVMeVirt: WATGC_V2 sample ns=0 part=1 epoch=1 window=56 phase=measure evaluated=55 k=10 scale_pct=200 age_ratio=7 host=65555 gc_pages=56169 gc_count=1902 waf_q16=121688 best=18 next=56 settled=0
[912302.935508] NVMeVirt: WATGC_V2 sample ns=0 part=0 epoch=1 window=56 phase=measure evaluated=55 k=10 scale_pct=200 age_ratio=7 host=65566 gc_pages=55582 gc_count=1893 waf_q16=121092 best=18 next=56 settled=0
[912302.952954] NVMeVirt: WATGC_V2 sample ns=0 part=2 epoch=1 window=56 phase=measure evaluated=55 k=10 scale_pct=200 age_ratio=7 host=65571 gc_pages=55576 gc_count=1893 waf_q16=121082 best=18 next=56 settled=0
[912312.741961] NVMeVirt: WATGC_V2 sample ns=0 part=3 epoch=1 window=57 phase=measure evaluated=56 k=10 scale_pct=200 age_ratio=16 host=65542 gc_pages=60731 gc_count=1973 waf_q16=126261 best=18 next=57 settled=0
[912312.751647] NVMeVirt: WATGC_V2 sample ns=0 part=0 epoch=1 window=57 phase=measure evaluated=56 k=10 scale_pct=200 age_ratio=16 host=65545 gc_pages=61818 gc_count=1990 waf_q16=127345 best=18 next=57 settled=0
[912312.764437] NVMeVirt: WATGC_V2 sample ns=0 part=1 epoch=1 window=57 phase=measure evaluated=56 k=10 scale_pct=200 age_ratio=16 host=65555 gc_pages=60910 gc_count=1976 waf_q16=126428 best=18 next=57 settled=0
[912312.777504] NVMeVirt: WATGC_V2 sample ns=0 part=2 epoch=1 window=57 phase=measure evaluated=56 k=10 scale_pct=200 age_ratio=16 host=65541 gc_pages=60477 gc_count=1969 waf_q16=126008 best=18 next=57 settled=0
[912322.578685] NVMeVirt: WATGC_V2 sample ns=0 part=1 epoch=1 window=58 phase=measure evaluated=57 k=10 scale_pct=400 age_ratio=4 host=65542 gc_pages=73789 gc_count=2177 waf_q16=139318 best=18 next=58 settled=0
[912322.585408] NVMeVirt: WATGC_V2 sample ns=0 part=3 epoch=1 window=58 phase=measure evaluated=57 k=10 scale_pct=400 age_ratio=4 host=65548 gc_pages=73847 gc_count=2178 waf_q16=139369 best=18 next=58 settled=0
[912322.595323] NVMeVirt: WATGC_V2 sample ns=0 part=2 epoch=1 window=58 phase=measure evaluated=57 k=10 scale_pct=400 age_ratio=4 host=65552 gc_pages=74739 gc_count=2192 waf_q16=140256 best=18 next=58 settled=0
[912322.605981] NVMeVirt: WATGC_V2 sample ns=0 part=0 epoch=1 window=58 phase=measure evaluated=57 k=10 scale_pct=400 age_ratio=4 host=65551 gc_pages=74868 gc_count=2194 waf_q16=140386 best=18 next=58 settled=0
[912332.391601] NVMeVirt: WATGC_V2 sample ns=0 part=3 epoch=1 window=59 phase=measure evaluated=58 k=10 scale_pct=400 age_ratio=7 host=65543 gc_pages=74299 gc_count=2185 waf_q16=139827 best=18 next=59 settled=0
[912332.413226] NVMeVirt: WATGC_V2 sample ns=0 part=0 epoch=1 window=59 phase=measure evaluated=58 k=10 scale_pct=400 age_ratio=7 host=65557 gc_pages=73836 gc_count=2178 waf_q16=139348 best=18 next=59 settled=0
[912332.423112] NVMeVirt: WATGC_V2 sample ns=0 part=1 epoch=1 window=59 phase=measure evaluated=58 k=10 scale_pct=400 age_ratio=7 host=65547 gc_pages=72823 gc_count=2162 waf_q16=138346 best=18 next=59 settled=0
[912332.471449] NVMeVirt: WATGC_V2 sample ns=0 part=2 epoch=1 window=59 phase=measure evaluated=58 k=10 scale_pct=400 age_ratio=7 host=65538 gc_pages=74431 gc_count=2187 waf_q16=139964 best=18 next=59 settled=0
[912342.242483] NVMeVirt: WATGC_V2 sample ns=0 part=3 epoch=1 window=60 phase=measure evaluated=59 k=10 scale_pct=400 age_ratio=16 host=65544 gc_pages=75515 gc_count=2204 waf_q16=141041 best=18 next=0 settled=0
[912342.248220] NVMeVirt: WATGC_V2 sample ns=0 part=0 epoch=1 window=60 phase=measure evaluated=59 k=10 scale_pct=400 age_ratio=16 host=65562 gc_pages=75690 gc_count=2207 waf_q16=141195 best=18 next=0 settled=0
[912342.261732] NVMeVirt: WATGC_V2 sample ns=0 part=2 epoch=1 window=60 phase=measure evaluated=59 k=10 scale_pct=400 age_ratio=16 host=65550 gc_pages=75126 gc_count=2198 waf_q16=140645 best=18 next=0 settled=0
[912342.277585] NVMeVirt: WATGC_V2 sample ns=0 part=1 epoch=1 window=60 phase=measure evaluated=59 k=10 scale_pct=400 age_ratio=16 host=65565 gc_pages=73574 gc_count=2174 waf_q16=139077 best=18 next=0 settled=0
[912351.973987] mix-mixA-online-151276 phase=A END
[912351.981807] mix-mixA-online-151276 phase=B START
[912351.992760] mix-mixA-online-151276 phase=B LOAD
[912353.727078] NVMeVirt: WATGC_V2 sample ns=0 part=3 epoch=1 window=61 phase=measure evaluated=0 k=2 scale_pct=25 age_ratio=4 host=65554 gc_pages=81426 gc_count=2297 waf_q16=146939 best=18 next=1 settled=0
[912353.771038] NVMeVirt: WATGC_V2 sample ns=0 part=0 epoch=1 window=61 phase=measure evaluated=0 k=2 scale_pct=25 age_ratio=4 host=65540 gc_pages=81532 gc_count=2298 waf_q16=147063 best=18 next=1 settled=0
[912353.832862] NVMeVirt: WATGC_V2 sample ns=0 part=2 epoch=1 window=61 phase=measure evaluated=0 k=2 scale_pct=25 age_ratio=4 host=65555 gc_pages=81298 gc_count=2295 waf_q16=146810 best=18 next=1 settled=0
[912353.866403] NVMeVirt: WATGC_V2 sample ns=0 part=1 epoch=1 window=61 phase=measure evaluated=0 k=2 scale_pct=25 age_ratio=4 host=65557 gc_pages=81255 gc_count=2294 waf_q16=146764 best=18 next=1 settled=0
[912360.310148] NVMeVirt: WATGC_V2 sample ns=0 part=0 epoch=1 window=62 phase=measure evaluated=1 k=2 scale_pct=25 age_ratio=7 host=65538 gc_pages=66840 gc_count=2069 waf_q16=132373 best=18 next=2 settled=0
[912360.418604] NVMeVirt: WATGC_V2 sample ns=0 part=2 epoch=1 window=62 phase=measure evaluated=1 k=2 scale_pct=25 age_ratio=7 host=65577 gc_pages=69843 gc_count=2116 waf_q16=135335 best=18 next=2 settled=0
[912360.419064] NVMeVirt: WATGC_V2 sample ns=0 part=1 epoch=1 window=62 phase=measure evaluated=1 k=2 scale_pct=25 age_ratio=7 host=65546 gc_pages=68936 gc_count=2101 waf_q16=134461 best=18 next=2 settled=0
[912360.529911] NVMeVirt: WATGC_V2 sample ns=0 part=3 epoch=1 window=62 phase=measure evaluated=1 k=2 scale_pct=25 age_ratio=7 host=65536 gc_pages=68677 gc_count=2097 waf_q16=134213 best=18 next=2 settled=0
[912366.188622] NVMeVirt: WATGC_V2 sample ns=0 part=0 epoch=1 window=63 phase=measure evaluated=2 k=2 scale_pct=25 age_ratio=16 host=65550 gc_pages=81207 gc_count=2293 waf_q16=146725 best=18 next=3 settled=0
[912366.279688] NVMeVirt: WATGC_V2 sample ns=0 part=1 epoch=1 window=63 phase=measure evaluated=2 k=2 scale_pct=25 age_ratio=16 host=65548 gc_pages=81147 gc_count=2292 waf_q16=146668 best=18 next=3 settled=0
[912366.391540] NVMeVirt: WATGC_V2 sample ns=0 part=2 epoch=1 window=63 phase=measure evaluated=2 k=2 scale_pct=25 age_ratio=16 host=65578 gc_pages=79876 gc_count=2273 waf_q16=145360 best=18 next=3 settled=0
[912366.561323] NVMeVirt: WATGC_V2 sample ns=0 part=3 epoch=1 window=63 phase=measure evaluated=2 k=2 scale_pct=25 age_ratio=16 host=65549 gc_pages=79281 gc_count=2263 waf_q16=144801 best=18 next=3 settled=0
[912371.992158] NVMeVirt: WATGC_V2 sample ns=0 part=0 epoch=1 window=64 phase=measure evaluated=3 k=2 scale_pct=50 age_ratio=4 host=65539 gc_pages=92862 gc_count=2475 waf_q16=158393 best=18 next=4 settled=0
[912372.119666] NVMeVirt: WATGC_V2 sample ns=0 part=1 epoch=1 window=64 phase=measure evaluated=3 k=2 scale_pct=50 age_ratio=4 host=65547 gc_pages=89396 gc_count=2421 waf_q16=154916 best=18 next=4 settled=0
[912372.234822] NVMeVirt: WATGC_V2 sample ns=0 part=2 epoch=1 window=64 phase=measure evaluated=3 k=2 scale_pct=50 age_ratio=4 host=65538 gc_pages=92232 gc_count=2465 waf_q16=157765 best=18 next=4 settled=0
[912372.525287] NVMeVirt: WATGC_V2 sample ns=0 part=3 epoch=1 window=64 phase=measure evaluated=3 k=2 scale_pct=50 age_ratio=4 host=65551 gc_pages=93426 gc_count=2484 waf_q16=158940 best=18 next=4 settled=0
[912375.781589] mix-mixA-online-151276 phase=B RUN
[912380.109871] tee (152209): drop_caches: 3
[912385.514372] tee (152213): drop_caches: 3
[912386.781725] NVMeVirt: WATGC_V2 sample ns=0 part=0 epoch=1 window=65 phase=measure evaluated=4 k=2 scale_pct=50 age_ratio=7 host=65538 gc_pages=121097 gc_count=2916 waf_q16=186629 best=18 next=5 settled=0
[912387.500184] NVMeVirt: WATGC_V2 sample ns=0 part=1 epoch=1 window=65 phase=measure evaluated=4 k=2 scale_pct=50 age_ratio=7 host=65551 gc_pages=123309 gc_count=2951 waf_q16=188816 best=18 next=5 settled=0
[912387.957041] NVMeVirt: WATGC_V2 sample ns=0 part=2 epoch=1 window=65 phase=measure evaluated=4 k=2 scale_pct=50 age_ratio=7 host=65550 gc_pages=121464 gc_count=2922 waf_q16=186974 best=18 next=5 settled=0
[912389.559982] NVMeVirt: WATGC_V2 sample ns=0 part=3 epoch=1 window=65 phase=measure evaluated=4 k=2 scale_pct=50 age_ratio=7 host=65551 gc_pages=125619 gc_count=2987 waf_q16=191126 best=18 next=5 settled=0
[912390.532453] tee (152227): drop_caches: 3
[912396.202495] tee (152233): drop_caches: 3
[912401.428292] tee (152239): drop_caches: 3
[912406.453079] tee (152243): drop_caches: 3
[912411.452837] tee (152248): drop_caches: 3
[912416.028789] NVMeVirt: WATGC_V2 sample ns=0 part=0 epoch=1 window=66 phase=measure evaluated=5 k=2 scale_pct=50 age_ratio=16 host=65561 gc_pages=132068 gc_count=3088 waf_q16=197553 best=18 next=6 settled=0
[912416.486543] tee (152252): drop_caches: 3
[912416.672804] NVMeVirt: WATGC_V2 sample ns=0 part=1 epoch=1 window=66 phase=measure evaluated=5 k=2 scale_pct=50 age_ratio=16 host=65547 gc_pages=132716 gc_count=3098 waf_q16=198229 best=18 next=6 settled=0
[912417.277046] NVMeVirt: WATGC_V2 sample ns=0 part=2 epoch=1 window=66 phase=measure evaluated=5 k=2 scale_pct=50 age_ratio=16 host=65552 gc_pages=132589 gc_count=3096 waf_q16=198092 best=18 next=6 settled=0
[912419.016472] NVMeVirt: WATGC_V2 sample ns=0 part=3 epoch=1 window=66 phase=measure evaluated=5 k=2 scale_pct=50 age_ratio=16 host=65549 gc_pages=130999 gc_count=3071 waf_q16=196509 best=18 next=6 settled=0
[912421.679760] tee (152263): drop_caches: 3
[912427.462928] tee (152269): drop_caches: 3
[912434.195646] tee (152273): drop_caches: 3
[912439.172345] tee (152277): drop_caches: 3
[912444.246616] tee (152282): drop_caches: 3
[912445.428091] NVMeVirt: WATGC_V2 sample ns=0 part=0 epoch=1 window=67 phase=measure evaluated=6 k=2 scale_pct=100 age_ratio=4 host=65555 gc_pages=132587 gc_count=3096 waf_q16=198084 best=18 next=7 settled=0
[912445.926647] NVMeVirt: WATGC_V2 sample ns=0 part=1 epoch=1 window=67 phase=measure evaluated=6 k=2 scale_pct=100 age_ratio=4 host=65554 gc_pages=132331 gc_count=3092 waf_q16=197830 best=18 next=7 settled=0
[912446.325149] NVMeVirt: WATGC_V2 sample ns=0 part=2 epoch=1 window=67 phase=measure evaluated=6 k=2 scale_pct=100 age_ratio=4 host=65556 gc_pages=133610 gc_count=3112 waf_q16=199105 best=18 next=7 settled=0
[912447.929331] NVMeVirt: WATGC_V2 sample ns=0 part=3 epoch=1 window=67 phase=measure evaluated=6 k=2 scale_pct=100 age_ratio=4 host=65545 gc_pages=133050 gc_count=3103 waf_q16=198567 best=18 next=7 settled=0
[912449.246793] tee (152286): drop_caches: 3
[912453.611006] tee (152298): drop_caches: 3
[912458.854337] tee (152303): drop_caches: 3
[912463.962027] tee (152307): drop_caches: 3
[912469.153451] tee (152313): drop_caches: 3
[912474.337639] tee (152317): drop_caches: 3
[912475.252929] NVMeVirt: WATGC_V2 sample ns=0 part=0 epoch=1 window=68 phase=measure evaluated=7 k=2 scale_pct=100 age_ratio=7 host=65544 gc_pages=132853 gc_count=3100 waf_q16=198372 best=18 next=8 settled=0
[912475.769352] NVMeVirt: WATGC_V2 sample ns=0 part=1 epoch=1 window=68 phase=measure evaluated=7 k=2 scale_pct=100 age_ratio=7 host=65543 gc_pages=134266 gc_count=3122 waf_q16=199787 best=18 next=8 settled=0
[912476.072377] NVMeVirt: WATGC_V2 sample ns=0 part=2 epoch=1 window=68 phase=measure evaluated=7 k=2 scale_pct=100 age_ratio=7 host=65540 gc_pages=133446 gc_count=3109 waf_q16=198973 best=18 next=8 settled=0
[912477.711788] NVMeVirt: WATGC_V2 sample ns=0 part=3 epoch=1 window=68 phase=measure evaluated=7 k=2 scale_pct=100 age_ratio=7 host=65537 gc_pages=134205 gc_count=3121 waf_q16=199738 best=18 next=8 settled=0
[912479.333166] tee (152321): drop_caches: 3
[912483.910342] tee (152335): drop_caches: 3
[912489.136592] tee (152339): drop_caches: 3
[912494.152734] tee (152344): drop_caches: 3
[912499.204041] tee (152348): drop_caches: 3
[912504.285663] tee (152352): drop_caches: 3
[912504.979116] NVMeVirt: WATGC_V2 sample ns=0 part=0 epoch=1 window=69 phase=measure evaluated=8 k=2 scale_pct=100 age_ratio=16 host=65553 gc_pages=133806 gc_count=3115 waf_q16=199307 best=18 next=9 settled=0
[912505.476559] NVMeVirt: WATGC_V2 sample ns=0 part=1 epoch=1 window=69 phase=measure evaluated=8 k=2 scale_pct=100 age_ratio=16 host=65549 gc_pages=134893 gc_count=3132 waf_q16=200402 best=18 next=9 settled=0
[912505.603913] NVMeVirt: WATGC_V2 sample ns=0 part=2 epoch=1 window=69 phase=measure evaluated=8 k=2 scale_pct=100 age_ratio=16 host=65552 gc_pages=133365 gc_count=3108 waf_q16=198868 best=18 next=9 settled=0
[912507.329824] NVMeVirt: WATGC_V2 sample ns=0 part=3 epoch=1 window=69 phase=measure evaluated=8 k=2 scale_pct=100 age_ratio=16 host=65540 gc_pages=134273 gc_count=3122 waf_q16=199800 best=18 next=9 settled=0
[912509.648941] tee (152362): drop_caches: 3
[912514.592255] tee (152372): drop_caches: 3
[912519.886161] tee (152378): drop_caches: 3
[912525.014685] tee (152384): drop_caches: 3
[912530.095283] tee (152389): drop_caches: 3
[912534.498706] NVMeVirt: WATGC_V2 sample ns=0 part=0 epoch=1 window=70 phase=measure evaluated=9 k=2 scale_pct=200 age_ratio=4 host=65556 gc_pages=133935 gc_count=3117 waf_q16=199430 best=18 next=10 settled=0
[912534.829860] NVMeVirt: WATGC_V2 sample ns=0 part=2 epoch=1 window=70 phase=measure evaluated=9 k=2 scale_pct=200 age_ratio=4 host=65549 gc_pages=133359 gc_count=3108 waf_q16=198868 best=18 next=10 settled=0
[912534.853750] NVMeVirt: WATGC_V2 sample ns=0 part=1 epoch=1 window=70 phase=measure evaluated=9 k=2 scale_pct=200 age_ratio=4 host=65545 gc_pages=133300 gc_count=3107 waf_q16=198817 best=18 next=10 settled=0
[912535.103390] tee (152394): drop_caches: 3
[912536.990865] NVMeVirt: WATGC_V2 sample ns=0 part=3 epoch=1 window=70 phase=measure evaluated=9 k=2 scale_pct=200 age_ratio=4 host=65543 gc_pages=133694 gc_count=3113 waf_q16=199215 best=18 next=10 settled=0
[912540.139031] tee (152398): drop_caches: 3
[912545.304308] tee (152408): drop_caches: 3
[912550.533974] tee (152414): drop_caches: 3
[912555.601110] tee (152418): drop_caches: 3
[912560.886824] tee (152422): drop_caches: 3
[912564.183294] NVMeVirt: WATGC_V2 sample ns=0 part=0 epoch=1 window=71 phase=measure evaluated=10 k=2 scale_pct=200 age_ratio=7 host=65550 gc_pages=134578 gc_count=3127 waf_q16=200085 best=18 next=11 settled=0
[912564.465012] NVMeVirt: WATGC_V2 sample ns=0 part=2 epoch=1 window=71 phase=measure evaluated=10 k=2 scale_pct=200 age_ratio=7 host=65549 gc_pages=133938 gc_count=3117 waf_q16=199447 best=18 next=11 settled=0
[912564.554884] NVMeVirt: WATGC_V2 sample ns=0 part=1 epoch=1 window=71 phase=measure evaluated=10 k=2 scale_pct=200 age_ratio=7 host=65542 gc_pages=134402 gc_count=3124 waf_q16=199925 best=18 next=11 settled=0
[912566.211476] tee (152426): drop_caches: 3
[912566.215334] NVMeVirt: WATGC_V2 sample ns=0 part=3 epoch=1 window=71 phase=measure evaluated=10 k=2 scale_pct=200 age_ratio=7 host=65537 gc_pages=133056 gc_count=3103 waf_q16=198589 best=18 next=11 settled=0
[912571.885487] tee (152435): drop_caches: 3
[912577.068148] tee (152442): drop_caches: 3
[912582.077550] tee (152451): drop_caches: 3
[912586.845086] tee (152455): drop_caches: 3
[912591.924726] tee (152460): drop_caches: 3
[912593.450694] NVMeVirt: WATGC_V2 sample ns=0 part=0 epoch=1 window=72 phase=measure evaluated=11 k=2 scale_pct=200 age_ratio=16 host=65552 gc_pages=133230 gc_count=3106 waf_q16=198733 best=18 next=12 settled=0
[912593.573460] NVMeVirt: WATGC_V2 sample ns=0 part=2 epoch=1 window=72 phase=measure evaluated=11 k=2 scale_pct=200 age_ratio=16 host=65538 gc_pages=133113 gc_count=3104 waf_q16=198644 best=18 next=12 settled=0
[912593.834692] NVMeVirt: WATGC_V2 sample ns=0 part=1 epoch=1 window=72 phase=measure evaluated=11 k=2 scale_pct=200 age_ratio=16 host=65539 gc_pages=135810 gc_count=3146 waf_q16=201339 best=18 next=12 settled=0
[912595.440332] NVMeVirt: WATGC_V2 sample ns=0 part=3 epoch=1 window=72 phase=measure evaluated=11 k=2 scale_pct=200 age_ratio=16 host=65553 gc_pages=134963 gc_count=3133 waf_q16=200463 best=18 next=12 settled=0
[912596.944325] tee (152464): drop_caches: 3
[912602.099133] tee (152472): drop_caches: 3
[912607.247243] tee (152477): drop_caches: 3
[912611.674679] tee (152484): drop_caches: 3
[912616.911520] tee (152488): drop_caches: 3
[912621.966737] tee (152492): drop_caches: 3
[912622.820201] NVMeVirt: WATGC_V2 sample ns=0 part=2 epoch=1 window=73 phase=measure evaluated=12 k=2 scale_pct=400 age_ratio=4 host=65552 gc_pages=134708 gc_count=3129 waf_q16=200211 best=18 next=13 settled=0
[912622.925225] NVMeVirt: WATGC_V2 sample ns=0 part=0 epoch=1 window=73 phase=measure evaluated=12 k=2 scale_pct=400 age_ratio=4 host=65554 gc_pages=133292 gc_count=3107 waf_q16=198791 best=18 next=13 settled=0
[912623.278543] NVMeVirt: WATGC_V2 sample ns=0 part=1 epoch=1 window=73 phase=measure evaluated=12 k=2 scale_pct=400 age_ratio=4 host=65538 gc_pages=133632 gc_count=3112 waf_q16=199163 best=18 next=13 settled=0
[912624.928325] NVMeVirt: WATGC_V2 sample ns=0 part=3 epoch=1 window=73 phase=measure evaluated=12 k=2 scale_pct=400 age_ratio=4 host=65541 gc_pages=135673 gc_count=3144 waf_q16=201198 best=18 next=13 settled=0
[912627.000631] tee (152496): drop_caches: 3
[912632.262896] tee (152500): drop_caches: 3
[912637.454984] tee (152509): drop_caches: 3
[912641.807117] tee (152518): drop_caches: 3
[912647.053867] tee (152522): drop_caches: 3
[912652.066609] tee (152527): drop_caches: 3
[912652.423042] NVMeVirt: WATGC_V2 sample ns=0 part=2 epoch=1 window=74 phase=measure evaluated=13 k=2 scale_pct=400 age_ratio=7 host=65537 gc_pages=135487 gc_count=3141 waf_q16=201020 best=18 next=14 settled=0
[912652.738751] NVMeVirt: WATGC_V2 sample ns=0 part=0 epoch=1 window=74 phase=measure evaluated=13 k=2 scale_pct=400 age_ratio=7 host=65550 gc_pages=134247 gc_count=3122 waf_q16=199754 best=18 next=14 settled=0
[912652.930410] NVMeVirt: WATGC_V2 sample ns=0 part=1 epoch=1 window=74 phase=measure evaluated=13 k=2 scale_pct=400 age_ratio=7 host=65548 gc_pages=133424 gc_count=3109 waf_q16=198935 best=18 next=14 settled=0
[912654.575677] NVMeVirt: WATGC_V2 sample ns=0 part=3 epoch=1 window=74 phase=measure evaluated=13 k=2 scale_pct=400 age_ratio=7 host=65547 gc_pages=135284 gc_count=3138 waf_q16=200797 best=18 next=14 settled=0
[912657.331797] tee (152532): drop_caches: 3
[912662.723381] tee (152539): drop_caches: 3
[912668.461845] tee (152548): drop_caches: 3
[912672.870465] tee (152555): drop_caches: 3
[912678.077980] tee (152559): drop_caches: 3
[912681.541608] NVMeVirt: WATGC_V2 sample ns=0 part=2 epoch=1 window=75 phase=measure evaluated=14 k=2 scale_pct=400 age_ratio=16 host=65550 gc_pages=134445 gc_count=3125 waf_q16=199952 best=18 next=15 settled=0
[912682.014251] NVMeVirt: WATGC_V2 sample ns=0 part=1 epoch=1 window=75 phase=measure evaluated=14 k=2 scale_pct=400 age_ratio=16 host=65541 gc_pages=134472 gc_count=3125 waf_q16=199997 best=18 next=15 settled=0
[912682.035179] NVMeVirt: WATGC_V2 sample ns=0 part=0 epoch=1 window=75 phase=measure evaluated=14 k=2 scale_pct=400 age_ratio=16 host=65539 gc_pages=133947 gc_count=3117 waf_q16=199476 best=18 next=15 settled=0
[912683.425055] NVMeVirt: WATGC_V2 sample ns=0 part=3 epoch=1 window=75 phase=measure evaluated=14 k=2 scale_pct=400 age_ratio=16 host=65556 gc_pages=133546 gc_count=3111 waf_q16=199041 best=18 next=15 settled=0
[912683.470395] tee (152565): drop_caches: 3
[912688.643571] tee (152569): drop_caches: 3
[912693.953483] tee (152577): drop_caches: 3
[912699.256162] tee (152585): drop_caches: 3
[912703.918715] tee (152601): drop_caches: 3
[912709.119108] NVMeVirt: WATGC_V2 sample ns=0 part=2 epoch=1 window=76 phase=measure evaluated=15 k=4 scale_pct=25 age_ratio=4 host=65549 gc_pages=72344 gc_count=2155 waf_q16=137865 best=18 next=16 settled=0
[912709.626236] NVMeVirt: WATGC_V2 sample ns=0 part=1 epoch=1 window=76 phase=measure evaluated=15 k=4 scale_pct=25 age_ratio=4 host=65549 gc_pages=71875 gc_count=2147 waf_q16=137396 best=18 next=16 settled=0
[912709.674922] NVMeVirt: WATGC_V2 sample ns=0 part=0 epoch=1 window=76 phase=measure evaluated=15 k=4 scale_pct=25 age_ratio=4 host=65554 gc_pages=71995 gc_count=2149 waf_q16=137511 best=18 next=16 settled=0
[912710.492455] tee (152611): drop_caches: 3
[912711.109969] NVMeVirt: WATGC_V2 sample ns=0 part=3 epoch=1 window=76 phase=measure evaluated=15 k=4 scale_pct=25 age_ratio=4 host=65543 gc_pages=74042 gc_count=2181 waf_q16=139570 best=18 next=16 settled=0
[912716.546635] tee (152615): drop_caches: 3
[912723.416370] tee (152620): drop_caches: 3
[912729.836312] tee (152629): drop_caches: 3
[912735.231569] tee (152635): drop_caches: 3
[912736.149502] NVMeVirt: WATGC_V2 sample ns=0 part=2 epoch=1 window=77 phase=measure evaluated=16 k=4 scale_pct=25 age_ratio=7 host=65561 gc_pages=43110 gc_count=1698 waf_q16=108629 best=18 next=17 settled=0
[912736.754546] NVMeVirt: WATGC_V2 sample ns=0 part=1 epoch=1 window=77 phase=measure evaluated=16 k=4 scale_pct=25 age_ratio=7 host=65543 gc_pages=42944 gc_count=1695 waf_q16=108475 best=18 next=17 settled=0
[912736.929447] NVMeVirt: WATGC_V2 sample ns=0 part=0 epoch=1 window=77 phase=measure evaluated=16 k=4 scale_pct=25 age_ratio=7 host=65575 gc_pages=42345 gc_count=1686 waf_q16=107855 best=18 next=17 settled=0
[912738.029837] NVMeVirt: WATGC_V2 sample ns=0 part=3 epoch=1 window=77 phase=measure evaluated=16 k=4 scale_pct=25 age_ratio=7 host=65542 gc_pages=41988 gc_count=1680 waf_q16=107520 best=18 next=17 settled=0
[912741.575781] tee (152641): drop_caches: 3
[912747.753639] tee (152645): drop_caches: 3
[912754.135943] tee (152649): drop_caches: 3
[912760.554760] tee (152659): drop_caches: 3
[912762.647921] NVMeVirt: WATGC_V2 sample ns=0 part=2 epoch=1 window=78 phase=measure evaluated=17 k=4 scale_pct=25 age_ratio=16 host=65542 gc_pages=25984 gc_count=1430 waf_q16=91517 best=18 next=18 settled=0
[912763.216452] NVMeVirt: WATGC_V2 sample ns=0 part=1 epoch=1 window=78 phase=measure evaluated=17 k=4 scale_pct=25 age_ratio=16 host=65566 gc_pages=25369 gc_count=1421 waf_q16=90893 best=18 next=18 settled=0
[912763.499080] NVMeVirt: WATGC_V2 sample ns=0 part=0 epoch=1 window=78 phase=measure evaluated=17 k=4 scale_pct=25 age_ratio=16 host=65560 gc_pages=23756 gc_count=1396 waf_q16=89283 best=18 next=18 settled=0
[912764.215927] NVMeVirt: WATGC_V2 sample ns=0 part=3 epoch=1 window=78 phase=measure evaluated=17 k=4 scale_pct=25 age_ratio=16 host=65547 gc_pages=22197 gc_count=1371 waf_q16=87729 best=17 next=18 settled=0
[912766.748187] tee (152665): drop_caches: 3
[912772.674814] tee (152673): drop_caches: 3
[912779.188890] tee (152677): drop_caches: 3
[912785.637204] tee (152686): drop_caches: 3
[912788.501252] NVMeVirt: WATGC_V2 sample ns=0 part=2 epoch=1 window=79 phase=measure evaluated=18 k=4 scale_pct=50 age_ratio=4 host=65571 gc_pages=32287 gc_count=1529 waf_q16=97805 best=18 next=19 settled=0
[912789.246884] NVMeVirt: WATGC_V2 sample ns=0 part=1 epoch=1 window=79 phase=measure evaluated=18 k=4 scale_pct=50 age_ratio=4 host=65561 gc_pages=32303 gc_count=1529 waf_q16=97826 best=18 next=19 settled=0
[912789.462836] NVMeVirt: WATGC_V2 sample ns=0 part=0 epoch=1 window=79 phase=measure evaluated=18 k=4 scale_pct=50 age_ratio=4 host=65553 gc_pages=32498 gc_count=1532 waf_q16=98025 best=18 next=19 settled=0
[912790.175076] NVMeVirt: WATGC_V2 sample ns=0 part=3 epoch=1 window=79 phase=measure evaluated=18 k=4 scale_pct=50 age_ratio=4 host=65556 gc_pages=32112 gc_count=1526 waf_q16=97638 best=18 next=19 settled=0
[912791.970318] tee (152695): drop_caches: 3
[912798.401401] tee (152701): drop_caches: 3
[912804.617018] tee (152706): drop_caches: 3
[912811.339114] tee (152716): drop_caches: 3
[912814.419068] NVMeVirt: WATGC_V2 sample ns=0 part=2 epoch=1 window=80 phase=measure evaluated=19 k=4 scale_pct=50 age_ratio=7 host=65547 gc_pages=39229 gc_count=1637 waf_q16=104758 best=18 next=20 settled=0
[912815.276220] NVMeVirt: WATGC_V2 sample ns=0 part=1 epoch=1 window=80 phase=measure evaluated=19 k=4 scale_pct=50 age_ratio=7 host=65556 gc_pages=39407 gc_count=1640 waf_q16=104930 best=18 next=20 settled=0
[912815.594771] NVMeVirt: WATGC_V2 sample ns=0 part=0 epoch=1 window=80 phase=measure evaluated=19 k=4 scale_pct=50 age_ratio=7 host=65565 gc_pages=39645 gc_count=1644 waf_q16=105163 best=18 next=20 settled=0
[912816.284330] NVMeVirt: WATGC_V2 sample ns=0 part=3 epoch=1 window=80 phase=measure evaluated=19 k=4 scale_pct=50 age_ratio=7 host=65564 gc_pages=39291 gc_count=1638 waf_q16=104810 best=18 next=20 settled=0
[912818.315650] tee (152725): drop_caches: 3
[912825.062786] tee (152730): drop_caches: 3
[912831.733931] tee (152736): drop_caches: 3
[912837.061740] tee (152742): drop_caches: 3
[912841.258217] NVMeVirt: WATGC_V2 sample ns=0 part=2 epoch=1 window=81 phase=measure evaluated=20 k=4 scale_pct=50 age_ratio=16 host=65547 gc_pages=45047 gc_count=1728 waf_q16=110575 best=18 next=21 settled=0
[912842.042857] NVMeVirt: WATGC_V2 sample ns=0 part=1 epoch=1 window=81 phase=measure evaluated=20 k=4 scale_pct=50 age_ratio=16 host=65547 gc_pages=45424 gc_count=1734 waf_q16=110952 best=18 next=21 settled=0
[912842.324523] tee (152746): drop_caches: 3
[912842.505923] NVMeVirt: WATGC_V2 sample ns=0 part=0 epoch=1 window=81 phase=measure evaluated=20 k=4 scale_pct=50 age_ratio=16 host=65539 gc_pages=45874 gc_count=1741 waf_q16=111407 best=18 next=21 settled=0
[912843.152516] NVMeVirt: WATGC_V2 sample ns=0 part=3 epoch=1 window=81 phase=measure evaluated=20 k=4 scale_pct=50 age_ratio=16 host=65566 gc_pages=44486 gc_count=1720 waf_q16=110001 best=18 next=21 settled=0
[912847.507186] tee (152750): drop_caches: 3
[912852.761648] tee (152759): drop_caches: 3
[912858.008002] tee (152763): drop_caches: 3
[912863.199399] tee (152771): drop_caches: 3
[912865.507004] mix-mixA-online-151276 phase=B END
[912865.730112] NVMeVirt: Measurement: command=stop epoch=1 host_bytes=131606118400 learner_active=0
[912866.376791] EXT4-fs (nvme0n1): unmounting filesystem 21fafcaa-9853-46a1-bc81-78752ac60341.
[912866.833784] pci_bus 0001:10: busn_res: [bus 10-ff] is released
[912866.833831] NVMeVirt: WATGC_V2 summary ns=0 part=0 epoch=1 windows=81 epoch_windows=81 discarded=0 visited=60 covered=0 settled=0 phase=2 current=21 best=18 k=4 scale_pct=50 age_ratio=4 best_waf_valid=1 best_waf_q16=102987
[912866.833836] NVMeVirt: WATGC_V2 summary ns=0 part=1 epoch=1 windows=81 epoch_windows=81 discarded=0 visited=60 covered=0 settled=0 phase=2 current=21 best=18 k=4 scale_pct=50 age_ratio=4 best_waf_valid=1 best_waf_q16=103141
[912866.833839] NVMeVirt: WATGC_V2 summary ns=0 part=2 epoch=1 windows=81 epoch_windows=81 discarded=0 visited=60 covered=0 settled=0 phase=2 current=21 best=18 k=4 scale_pct=50 age_ratio=4 best_waf_valid=1 best_waf_q16=102749
[912866.833842] NVMeVirt: WATGC_V2 summary ns=0 part=3 epoch=1 windows=81 epoch_windows=81 discarded=0 visited=60 covered=0 settled=0 phase=2 current=21 best=18 k=4 scale_pct=50 age_ratio=4 best_waf_valid=1 best_waf_q16=102862
[912866.833844] NVMeVirt: GC stats: ns=0 policy=watgc-v2 host_pages=32130400 gc_pages=36081779 gc_count=1065815 WAF=2.122 warmup_gc=100-per-part
[912866.903614] NVMeVirt: Virtual NVMe device closed
