[1663157.965795] mix-mixD-arm17-2182520 BEGIN
[1663158.094552] NVMeVirt: Version 1.10 for >> Samsung 970 Pro SSD <<
[1663158.094558] NVMeVirt: Storage: 0x100100000-0x300000000 (8191 MiB)
[1663158.105635] NVMeVirt: Total Capacity(GiB,MiB)=2,2048 chs=2 luns=4 lines=8192 blk-size(MiB,KiB)=0,64 line-size(MiB,KiB)=0,256
[1663158.117992] NVMeVirt: [chmodel_init] bandwidth 800 max_credits 26 tx_time 152
[1663158.129372] NVMeVirt: [chmodel_init] bandwidth 800 max_credits 26 tx_time 152
[1663158.129385] NVMeVirt: [chmodel_init] bandwidth 3360 max_credits 110 tx_time 36
[1663158.129388] NVMeVirt: Fixed CAT init ns=0 part=0 arm=17 k=4 scale_pct=25 age_ratio=16
[1663158.130611] NVMeVirt: pqueue: Copyright (c) 2014, Volkan Yazıcı <volkan.yazici@gmail.com>. All rights reserved.
[1663158.130648] NVMeVirt: Init FTL instance with 2 channels (524288 pages)
[1663158.130649] NVMeVirt: GC victim policy: cat-fig7-fixed ns=0 part=0 initial_k=4 initial_scale_pct=25 initial_age_ratio=16 warmup_gc=100
[1663158.142791] NVMeVirt: [chmodel_init] bandwidth 800 max_credits 26 tx_time 152
[1663158.153277] NVMeVirt: [chmodel_init] bandwidth 800 max_credits 26 tx_time 152
[1663158.153291] NVMeVirt: [chmodel_init] bandwidth 3360 max_credits 110 tx_time 36
[1663158.153293] NVMeVirt: Fixed CAT init ns=0 part=1 arm=17 k=4 scale_pct=25 age_ratio=16
[1663158.154575] NVMeVirt: Init FTL instance with 2 channels (524288 pages)
[1663158.154578] NVMeVirt: GC victim policy: cat-fig7-fixed ns=0 part=1 initial_k=4 initial_scale_pct=25 initial_age_ratio=16 warmup_gc=100
[1663158.165267] NVMeVirt: [chmodel_init] bandwidth 800 max_credits 26 tx_time 152
[1663158.177265] NVMeVirt: [chmodel_init] bandwidth 800 max_credits 26 tx_time 152
[1663158.177281] NVMeVirt: [chmodel_init] bandwidth 3360 max_credits 110 tx_time 36
[1663158.177283] NVMeVirt: Fixed CAT init ns=0 part=2 arm=17 k=4 scale_pct=25 age_ratio=16
[1663158.178610] NVMeVirt: Init FTL instance with 2 channels (524288 pages)
[1663158.178613] NVMeVirt: GC victim policy: cat-fig7-fixed ns=0 part=2 initial_k=4 initial_scale_pct=25 initial_age_ratio=16 warmup_gc=100
[1663158.189022] NVMeVirt: [chmodel_init] bandwidth 800 max_credits 26 tx_time 152
[1663158.199393] NVMeVirt: [chmodel_init] bandwidth 800 max_credits 26 tx_time 152
[1663158.199407] NVMeVirt: [chmodel_init] bandwidth 3360 max_credits 110 tx_time 36
[1663158.199409] NVMeVirt: Fixed CAT init ns=0 part=3 arm=17 k=4 scale_pct=25 age_ratio=16
[1663158.200700] NVMeVirt: Init FTL instance with 2 channels (524288 pages)
[1663158.200703] NVMeVirt: GC victim policy: cat-fig7-fixed ns=0 part=3 initial_k=4 initial_scale_pct=25 initial_age_ratio=16 warmup_gc=100
[1663158.200709] NVMeVirt: FTL physical space: 8588886016, logical space: 8026996276 (physical/logical * 100 = 107)
[1663158.200711] NVMeVirt: ns 0/1: size 7655 MiB
[1663158.200760] PCI host bridge to bus 0001:10
[1663158.200762] pci_bus 0001:10: root bus resource [io  0x0000-0xffff]
[1663158.200765] pci_bus 0001:10: root bus resource [mem 0x00000000-0x7fffffffff]
[1663158.200782] pci_bus 0001:10: root bus resource [bus 00-ff]
[1663158.200789] pci 0001:10:00.0: [0c51:0110] type 00 class 0x010802 PCIe Endpoint
[1663158.200793] pci 0001:10:00.0: BAR 0 [mem 0x100000000-0x100003fff 64bit]
[1663158.200796] pci 0001:10:00.0: enabling Extended Tags
[1663158.200918] NVMeVirt: Virtual PCI bus created (node 0)
[1663158.201202] NVMeVirt: nvmev_io_worker_0 started on cpu 2 (node 0)
[1663158.201268] NVMeVirt: nvmev_dispatcher started on cpu 1 (node 0)
[1663158.201298] NVMeVirt: Virtual NVMe device created
[1663158.201498] nvme nvme0: pci function 0001:10:00.0
[1663158.204541] nvme nvme0: 8/0/0 default/read/poll queues
[1663158.416006] EXT4-fs (nvme0n1): mounted filesystem 302fcd34-b6b0-4ce5-8cdf-ab5857da34d6 r/w with ordered data mode. Quota mode: none.
[1663240.702679] NVMeVirt: Fixed CAT init ns=0 part=0 arm=17 k=4 scale_pct=25 age_ratio=16
[1663240.702684] NVMeVirt: Fixed CAT init ns=0 part=1 arm=17 k=4 scale_pct=25 age_ratio=16
[1663240.702686] NVMeVirt: Fixed CAT init ns=0 part=2 arm=17 k=4 scale_pct=25 age_ratio=16
[1663240.702688] NVMeVirt: Fixed CAT init ns=0 part=3 arm=17 k=4 scale_pct=25 age_ratio=16
[1663240.702689] NVMeVirt: Measurement: command=start epoch=1 host_bytes=0 learner_active=1
[1663240.711631] mix-mixD-arm17-2182520 phase=A START
[1663841.029659] mix-mixD-arm17-2182520 phase=A END
[1663841.036593] mix-mixD-arm17-2182520 phase=B START
[1664441.386900] mix-mixD-arm17-2182520 phase=B END
[1664441.390270] NVMeVirt: Measurement: command=stop epoch=1 host_bytes=122959872000 learner_active=0
[1664441.478273] EXT4-fs (nvme0n1): unmounting filesystem 302fcd34-b6b0-4ce5-8cdf-ab5857da34d6.
[1664441.545904] pci_bus 0001:10: busn_res: [bus 10-ff] is released
[1664441.545999] NVMeVirt: GC stats: ns=0 policy=cat-fig7-fixed host_pages=30019500 gc_pages=25831000 gc_count=872664 WAF=1.860 warmup_gc=100-per-part
[1664441.628455] NVMeVirt: Virtual NVMe device closed
