[845178.879969] mix-mixD-greedy-4123629 BEGIN
[845178.891187] NVMeVirt: Version 1.10 for >> Samsung 970 Pro SSD <<
[845178.891193] NVMeVirt: Storage: 0x100100000-0x300000000 (8191 MiB)
[845178.902795] NVMeVirt: Total Capacity(GiB,MiB)=2,2048 chs=2 luns=4 lines=8192 blk-size(MiB,KiB)=0,64 line-size(MiB,KiB)=0,256
[845178.914425] NVMeVirt: [chmodel_init] bandwidth 800 max_credits 26 tx_time 152
[845178.925213] NVMeVirt: [chmodel_init] bandwidth 800 max_credits 26 tx_time 152
[845178.925243] NVMeVirt: [chmodel_init] bandwidth 3360 max_credits 110 tx_time 36
[845178.925247] NVMeVirt: Fixed CAT init ns=0 part=0 arm=37 k=7 scale_pct=100 age_ratio=7
[845178.927456] NVMeVirt: pqueue: Copyright (c) 2014, Volkan Yazıcı <volkan.yazici@gmail.com>. All rights reserved.
[845178.927598] NVMeVirt: Init FTL instance with 2 channels (524288 pages)
[845178.927602] NVMeVirt: GC victim policy: greedy ns=0 part=0 initial_k=7 initial_scale_pct=100 initial_age_ratio=7 warmup_gc=100
[845178.938792] NVMeVirt: [chmodel_init] bandwidth 800 max_credits 26 tx_time 152
[845178.948956] NVMeVirt: [chmodel_init] bandwidth 800 max_credits 26 tx_time 152
[845178.948970] NVMeVirt: [chmodel_init] bandwidth 3360 max_credits 110 tx_time 36
[845178.948972] NVMeVirt: Fixed CAT init ns=0 part=1 arm=37 k=7 scale_pct=100 age_ratio=7
[845178.949998] NVMeVirt: Init FTL instance with 2 channels (524288 pages)
[845178.950001] NVMeVirt: GC victim policy: greedy ns=0 part=1 initial_k=7 initial_scale_pct=100 initial_age_ratio=7 warmup_gc=100
[845178.961819] NVMeVirt: [chmodel_init] bandwidth 800 max_credits 26 tx_time 152
[845178.972250] NVMeVirt: [chmodel_init] bandwidth 800 max_credits 26 tx_time 152
[845178.972263] NVMeVirt: [chmodel_init] bandwidth 3360 max_credits 110 tx_time 36
[845178.972265] NVMeVirt: Fixed CAT init ns=0 part=2 arm=37 k=7 scale_pct=100 age_ratio=7
[845178.973160] NVMeVirt: Init FTL instance with 2 channels (524288 pages)
[845178.973163] NVMeVirt: GC victim policy: greedy ns=0 part=2 initial_k=7 initial_scale_pct=100 initial_age_ratio=7 warmup_gc=100
[845178.983226] NVMeVirt: [chmodel_init] bandwidth 800 max_credits 26 tx_time 152
[845178.994151] NVMeVirt: [chmodel_init] bandwidth 800 max_credits 26 tx_time 152
[845178.994181] NVMeVirt: [chmodel_init] bandwidth 3360 max_credits 110 tx_time 36
[845178.994185] NVMeVirt: Fixed CAT init ns=0 part=3 arm=37 k=7 scale_pct=100 age_ratio=7
[845178.996023] NVMeVirt: Init FTL instance with 2 channels (524288 pages)
[845178.996028] NVMeVirt: GC victim policy: greedy ns=0 part=3 initial_k=7 initial_scale_pct=100 initial_age_ratio=7 warmup_gc=100
[845178.996036] NVMeVirt: FTL physical space: 8588886016, logical space: 8026996276 (physical/logical * 100 = 107)
[845178.996037] NVMeVirt: ns 0/1: size 7655 MiB
[845178.996097] PCI host bridge to bus 0001:10
[845178.996100] pci_bus 0001:10: root bus resource [io  0x0000-0xffff]
[845178.996103] pci_bus 0001:10: root bus resource [mem 0x00000000-0x7fffffffff]
[845178.996106] pci_bus 0001:10: root bus resource [bus 00-ff]
[845178.996116] pci 0001:10:00.0: [0c51:0110] type 00 class 0x010802 PCIe Endpoint
[845178.996120] pci 0001:10:00.0: BAR 0 [mem 0x100000000-0x100003fff 64bit]
[845178.996123] pci 0001:10:00.0: enabling Extended Tags
[845178.996265] NVMeVirt: Virtual PCI bus created (node 0)
[845178.996576] NVMeVirt: nvmev_io_worker_0 started on cpu 2 (node 0)
[845178.996683] NVMeVirt: nvmev_dispatcher started on cpu 1 (node 0)
[845178.996729] NVMeVirt: Virtual NVMe device created
[845178.996965] nvme nvme0: pci function 0001:10:00.0
[845179.001179] nvme nvme0: 8/0/0 default/read/poll queues
[845179.078085] EXT4-fs (nvme0n1): mounted filesystem 469325d1-3a78-4dfa-8043-6e9f20f26780 r/w with ordered data mode. Quota mode: none.
[845261.103422] NVMeVirt: Fixed CAT init ns=0 part=0 arm=37 k=7 scale_pct=100 age_ratio=7
[845261.103428] NVMeVirt: Fixed CAT init ns=0 part=1 arm=37 k=7 scale_pct=100 age_ratio=7
[845261.103430] NVMeVirt: Fixed CAT init ns=0 part=2 arm=37 k=7 scale_pct=100 age_ratio=7
[845261.103431] NVMeVirt: Fixed CAT init ns=0 part=3 arm=37 k=7 scale_pct=100 age_ratio=7
[845261.103433] NVMeVirt: Measurement: command=start epoch=1 host_bytes=0 learner_active=1
[845261.111397] mix-mixD-greedy-4123629 phase=A START
[845861.436034] mix-mixD-greedy-4123629 phase=A END
[845861.443116] mix-mixD-greedy-4123629 phase=B START
[846461.759235] mix-mixD-greedy-4123629 phase=B END
[846461.763167] NVMeVirt: Measurement: command=stop epoch=1 host_bytes=122884444160 learner_active=0
[846461.816002] EXT4-fs (nvme0n1): unmounting filesystem 469325d1-3a78-4dfa-8043-6e9f20f26780.
[846461.889662] pci_bus 0001:10: busn_res: [bus 10-ff] is released
[846461.889791] NVMeVirt: GC stats: ns=0 policy=greedy host_pages=30001085 gc_pages=37592359 gc_count=1056147 WAF=2.253 warmup_gc=100-per-part
[846461.969889] NVMeVirt: Virtual NVMe device closed
