[942528.050480] mix-mixK-greedy-191948 BEGIN
[942528.092041] NVMeVirt: Version 1.10 for >> Samsung 970 Pro SSD <<
[942528.092049] NVMeVirt: Storage: 0x100100000-0x300000000 (8191 MiB)
[942528.103044] NVMeVirt: Total Capacity(GiB,MiB)=2,2048 chs=2 luns=4 lines=8192 blk-size(MiB,KiB)=0,64 line-size(MiB,KiB)=0,256
[942528.114407] NVMeVirt: [chmodel_init] bandwidth 800 max_credits 26 tx_time 152
[942528.125248] NVMeVirt: [chmodel_init] bandwidth 800 max_credits 26 tx_time 152
[942528.125268] NVMeVirt: [chmodel_init] bandwidth 3360 max_credits 110 tx_time 36
[942528.125270] NVMeVirt: Fixed CAT init ns=0 part=0 arm=37 k=7 scale_pct=100 age_ratio=7
[942528.126531] NVMeVirt: pqueue: Copyright (c) 2014, Volkan Yazıcı <volkan.yazici@gmail.com>. All rights reserved.
[942528.126579] NVMeVirt: Init FTL instance with 2 channels (524288 pages)
[942528.126581] NVMeVirt: GC victim policy: greedy ns=0 part=0 initial_k=7 initial_scale_pct=100 initial_age_ratio=7 warmup_gc=100
[942528.137536] NVMeVirt: [chmodel_init] bandwidth 800 max_credits 26 tx_time 152
[942528.148502] NVMeVirt: [chmodel_init] bandwidth 800 max_credits 26 tx_time 152
[942528.148515] NVMeVirt: [chmodel_init] bandwidth 3360 max_credits 110 tx_time 36
[942528.148517] NVMeVirt: Fixed CAT init ns=0 part=1 arm=37 k=7 scale_pct=100 age_ratio=7
[942528.149484] NVMeVirt: Init FTL instance with 2 channels (524288 pages)
[942528.149487] NVMeVirt: GC victim policy: greedy ns=0 part=1 initial_k=7 initial_scale_pct=100 initial_age_ratio=7 warmup_gc=100
[942528.160067] NVMeVirt: [chmodel_init] bandwidth 800 max_credits 26 tx_time 152
[942528.170886] NVMeVirt: [chmodel_init] bandwidth 800 max_credits 26 tx_time 152
[942528.170901] NVMeVirt: [chmodel_init] bandwidth 3360 max_credits 110 tx_time 36
[942528.170903] NVMeVirt: Fixed CAT init ns=0 part=2 arm=37 k=7 scale_pct=100 age_ratio=7
[942528.171892] NVMeVirt: Init FTL instance with 2 channels (524288 pages)
[942528.171894] NVMeVirt: GC victim policy: greedy ns=0 part=2 initial_k=7 initial_scale_pct=100 initial_age_ratio=7 warmup_gc=100
[942528.182397] NVMeVirt: [chmodel_init] bandwidth 800 max_credits 26 tx_time 152
[942528.192854] NVMeVirt: [chmodel_init] bandwidth 800 max_credits 26 tx_time 152
[942528.192874] NVMeVirt: [chmodel_init] bandwidth 3360 max_credits 110 tx_time 36
[942528.192877] NVMeVirt: Fixed CAT init ns=0 part=3 arm=37 k=7 scale_pct=100 age_ratio=7
[942528.194192] NVMeVirt: Init FTL instance with 2 channels (524288 pages)
[942528.194197] NVMeVirt: GC victim policy: greedy ns=0 part=3 initial_k=7 initial_scale_pct=100 initial_age_ratio=7 warmup_gc=100
[942528.194206] NVMeVirt: FTL physical space: 8588886016, logical space: 8026996276 (physical/logical * 100 = 107)
[942528.194208] NVMeVirt: ns 0/1: size 7655 MiB
[942528.194279] PCI host bridge to bus 0001:10
[942528.194282] pci_bus 0001:10: root bus resource [io  0x0000-0xffff]
[942528.194285] pci_bus 0001:10: root bus resource [mem 0x00000000-0x7fffffffff]
[942528.194287] pci_bus 0001:10: root bus resource [bus 00-ff]
[942528.194297] pci 0001:10:00.0: [0c51:0110] type 00 class 0x010802 PCIe Endpoint
[942528.194302] pci 0001:10:00.0: BAR 0 [mem 0x100000000-0x100003fff 64bit]
[942528.194305] pci 0001:10:00.0: enabling Extended Tags
[942528.194454] NVMeVirt: Virtual PCI bus created (node 0)
[942528.194911] NVMeVirt: nvmev_dispatcher started on cpu 1 (node 0)
[942528.194952] NVMeVirt: Virtual NVMe device created
[942528.194985] NVMeVirt: nvmev_io_worker_0 started on cpu 2 (node 0)
[942528.195218] nvme nvme0: pci function 0001:10:00.0
[942528.197989] nvme nvme0: 8/0/0 default/read/poll queues
[942528.537644] EXT4-fs (nvme0n1): mounted filesystem 25ab32a5-e8e3-40dc-9d2b-f0541f9aba26 r/w with ordered data mode. Quota mode: none.
[942610.634813] NVMeVirt: Fixed CAT init ns=0 part=0 arm=37 k=7 scale_pct=100 age_ratio=7
[942610.634820] NVMeVirt: Fixed CAT init ns=0 part=1 arm=37 k=7 scale_pct=100 age_ratio=7
[942610.634823] NVMeVirt: Fixed CAT init ns=0 part=2 arm=37 k=7 scale_pct=100 age_ratio=7
[942610.634826] NVMeVirt: Fixed CAT init ns=0 part=3 arm=37 k=7 scale_pct=100 age_ratio=7
[942610.634828] NVMeVirt: Measurement: command=start epoch=1 host_bytes=0 learner_active=1
[942610.643483] mix-mixK-greedy-191948 phase=A START
[943210.958385] mix-mixK-greedy-191948 phase=A END
[943210.965699] mix-mixK-greedy-191948 phase=B START
[943811.296250] mix-mixK-greedy-191948 phase=B END
[943811.299534] NVMeVirt: Measurement: command=stop epoch=1 host_bytes=196616142848 learner_active=0
[943811.354154] EXT4-fs (nvme0n1): unmounting filesystem 25ab32a5-e8e3-40dc-9d2b-f0541f9aba26.
[943811.416681] pci_bus 0001:10: busn_res: [bus 10-ff] is released
[943811.416759] NVMeVirt: GC stats: ns=0 policy=greedy host_pages=48001988 gc_pages=64194321 gc_count=1753067 WAF=2.337 warmup_gc=100-per-part
[943811.497157] NVMeVirt: Virtual NVMe device closed
