[951603.021470] mix-mixL-fixed37-201657 BEGIN
[951603.032790] NVMeVirt: Version 1.10 for >> Samsung 970 Pro SSD <<
[951603.032796] NVMeVirt: Storage: 0x100100000-0x300000000 (8191 MiB)
[951603.044218] NVMeVirt: Total Capacity(GiB,MiB)=2,2048 chs=2 luns=4 lines=8192 blk-size(MiB,KiB)=0,64 line-size(MiB,KiB)=0,256
[951603.057189] NVMeVirt: [chmodel_init] bandwidth 800 max_credits 26 tx_time 152
[951603.068242] NVMeVirt: [chmodel_init] bandwidth 800 max_credits 26 tx_time 152
[951603.068257] NVMeVirt: [chmodel_init] bandwidth 3360 max_credits 110 tx_time 36
[951603.068260] NVMeVirt: Fixed CAT init ns=0 part=0 arm=37 k=7 scale_pct=100 age_ratio=7
[951603.069490] NVMeVirt: pqueue: Copyright (c) 2014, Volkan Yazıcı <volkan.yazici@gmail.com>. All rights reserved.
[951603.069530] NVMeVirt: Init FTL instance with 2 channels (524288 pages)
[951603.069533] NVMeVirt: GC victim policy: cat-fig7-fixed ns=0 part=0 initial_k=7 initial_scale_pct=100 initial_age_ratio=7 warmup_gc=100
[951603.080820] NVMeVirt: [chmodel_init] bandwidth 800 max_credits 26 tx_time 152
[951603.091740] NVMeVirt: [chmodel_init] bandwidth 800 max_credits 26 tx_time 152
[951603.091756] NVMeVirt: [chmodel_init] bandwidth 3360 max_credits 110 tx_time 36
[951603.091758] NVMeVirt: Fixed CAT init ns=0 part=1 arm=37 k=7 scale_pct=100 age_ratio=7
[951603.092990] NVMeVirt: Init FTL instance with 2 channels (524288 pages)
[951603.092993] NVMeVirt: GC victim policy: cat-fig7-fixed ns=0 part=1 initial_k=7 initial_scale_pct=100 initial_age_ratio=7 warmup_gc=100
[951603.103987] NVMeVirt: [chmodel_init] bandwidth 800 max_credits 26 tx_time 152
[951603.115171] NVMeVirt: [chmodel_init] bandwidth 800 max_credits 26 tx_time 152
[951603.115187] NVMeVirt: [chmodel_init] bandwidth 3360 max_credits 110 tx_time 36
[951603.115190] NVMeVirt: Fixed CAT init ns=0 part=2 arm=37 k=7 scale_pct=100 age_ratio=7
[951603.116646] NVMeVirt: Init FTL instance with 2 channels (524288 pages)
[951603.116651] NVMeVirt: GC victim policy: cat-fig7-fixed ns=0 part=2 initial_k=7 initial_scale_pct=100 initial_age_ratio=7 warmup_gc=100
[951603.127753] NVMeVirt: [chmodel_init] bandwidth 800 max_credits 26 tx_time 152
[951603.138939] NVMeVirt: [chmodel_init] bandwidth 800 max_credits 26 tx_time 152
[951603.138954] NVMeVirt: [chmodel_init] bandwidth 3360 max_credits 110 tx_time 36
[951603.138956] NVMeVirt: Fixed CAT init ns=0 part=3 arm=37 k=7 scale_pct=100 age_ratio=7
[951603.140302] NVMeVirt: Init FTL instance with 2 channels (524288 pages)
[951603.140304] NVMeVirt: GC victim policy: cat-fig7-fixed ns=0 part=3 initial_k=7 initial_scale_pct=100 initial_age_ratio=7 warmup_gc=100
[951603.140312] NVMeVirt: FTL physical space: 8588886016, logical space: 8026996276 (physical/logical * 100 = 107)
[951603.140313] NVMeVirt: ns 0/1: size 7655 MiB
[951603.140362] PCI host bridge to bus 0001:10
[951603.140364] pci_bus 0001:10: root bus resource [io  0x0000-0xffff]
[951603.140366] pci_bus 0001:10: root bus resource [mem 0x00000000-0x7fffffffff]
[951603.140369] pci_bus 0001:10: root bus resource [bus 00-ff]
[951603.140376] pci 0001:10:00.0: [0c51:0110] type 00 class 0x010802 PCIe Endpoint
[951603.140380] pci 0001:10:00.0: BAR 0 [mem 0x100000000-0x100003fff 64bit]
[951603.140383] pci 0001:10:00.0: enabling Extended Tags
[951603.140505] NVMeVirt: Virtual PCI bus created (node 0)
[951603.140758] NVMeVirt: nvmev_io_worker_0 started on cpu 2 (node 0)
[951603.140827] NVMeVirt: Virtual NVMe device created
[951603.140971] NVMeVirt: nvmev_dispatcher started on cpu 1 (node 0)
[951603.141107] nvme nvme0: pci function 0001:10:00.0
[951603.145252] nvme nvme0: 8/0/0 default/read/poll queues
[951603.221790] EXT4-fs (nvme0n1): mounted filesystem bf5dc7d3-c32c-4486-b365-10b9becf3ec6 r/w with ordered data mode. Quota mode: none.
[951685.252016] NVMeVirt: Fixed CAT init ns=0 part=0 arm=37 k=7 scale_pct=100 age_ratio=7
[951685.252023] NVMeVirt: Fixed CAT init ns=0 part=1 arm=37 k=7 scale_pct=100 age_ratio=7
[951685.252025] NVMeVirt: Fixed CAT init ns=0 part=2 arm=37 k=7 scale_pct=100 age_ratio=7
[951685.252027] NVMeVirt: Fixed CAT init ns=0 part=3 arm=37 k=7 scale_pct=100 age_ratio=7
[951685.252028] NVMeVirt: Measurement: command=start epoch=1 host_bytes=0 learner_active=1
[951685.261281] mix-mixL-fixed37-201657 phase=A START
[951685.269073] mix-mixL-fixed37-201657 phase=A cycle=1 fast
[951745.580447] mix-mixL-fixed37-201657 phase=A cycle=1 slow
[951805.885031] mix-mixL-fixed37-201657 phase=A cycle=2 fast
[951866.200191] mix-mixL-fixed37-201657 phase=A cycle=2 slow
[951926.501099] mix-mixL-fixed37-201657 phase=A cycle=3 fast
[951986.795137] mix-mixL-fixed37-201657 phase=A cycle=3 slow
[952047.099127] mix-mixL-fixed37-201657 phase=A cycle=4 fast
[952107.400367] mix-mixL-fixed37-201657 phase=A cycle=4 slow
[952167.698918] mix-mixL-fixed37-201657 phase=A cycle=5 fast
[952228.005855] mix-mixL-fixed37-201657 phase=A cycle=5 slow
[952288.309984] mix-mixL-fixed37-201657 phase=A END
[952288.316085] NVMeVirt: Measurement: command=stop epoch=1 host_bytes=61442306048 learner_active=0
[952288.382468] EXT4-fs (nvme0n1): unmounting filesystem bf5dc7d3-c32c-4486-b365-10b9becf3ec6.
[952288.468199] pci_bus 0001:10: busn_res: [bus 10-ff] is released
[952288.468292] NVMeVirt: GC stats: ns=0 policy=cat-fig7-fixed host_pages=15000563 gc_pages=10007388 gc_count=390749 WAF=1.667 warmup_gc=100-per-part
[952288.543333] NVMeVirt: Virtual NVMe device closed
