[541551.196509] NVMeVirt: Version 1.10 for >> Samsung 970 Pro SSD <<
[541551.196515] NVMeVirt: Storage: 0x100100000-0x300000000 (8191 MiB)
[541551.207122] NVMeVirt: Total Capacity(GiB,MiB)=2,2048 chs=2 luns=4 lines=8192 blk-size(MiB,KiB)=0,64 line-size(MiB,KiB)=0,256
[541551.218416] NVMeVirt: [chmodel_init] bandwidth 800 max_credits 26 tx_time 152
[541551.229114] NVMeVirt: [chmodel_init] bandwidth 800 max_credits 26 tx_time 152
[541551.229128] NVMeVirt: [chmodel_init] bandwidth 3360 max_credits 110 tx_time 36
[541551.229130] NVMeVirt: Fixed CAT init ns=0 part=0 arm=48 k=10 scale_pct=50 age_ratio=4
[541551.230038] NVMeVirt: pqueue: Copyright (c) 2014, Volkan Yazıcı <volkan.yazici@gmail.com>. All rights reserved.
[541551.230081] NVMeVirt: Init FTL instance with 2 channels (524288 pages)
[541551.230083] NVMeVirt: GC victim policy: cat-fig7-fixed ns=0 part=0 initial_k=10 initial_scale_pct=50 initial_age_ratio=4 warmup_gc=100
[541551.240738] NVMeVirt: [chmodel_init] bandwidth 800 max_credits 26 tx_time 152
[541551.251475] NVMeVirt: [chmodel_init] bandwidth 800 max_credits 26 tx_time 152
[541551.251490] NVMeVirt: [chmodel_init] bandwidth 3360 max_credits 110 tx_time 36
[541551.251492] NVMeVirt: Fixed CAT init ns=0 part=1 arm=48 k=10 scale_pct=50 age_ratio=4
[541551.252474] NVMeVirt: Init FTL instance with 2 channels (524288 pages)
[541551.252477] NVMeVirt: GC victim policy: cat-fig7-fixed ns=0 part=1 initial_k=10 initial_scale_pct=50 initial_age_ratio=4 warmup_gc=100
[541551.262969] NVMeVirt: [chmodel_init] bandwidth 800 max_credits 26 tx_time 152
[541551.273716] NVMeVirt: [chmodel_init] bandwidth 800 max_credits 26 tx_time 152
[541551.273729] NVMeVirt: [chmodel_init] bandwidth 3360 max_credits 110 tx_time 36
[541551.273731] NVMeVirt: Fixed CAT init ns=0 part=2 arm=48 k=10 scale_pct=50 age_ratio=4
[541551.274667] NVMeVirt: Init FTL instance with 2 channels (524288 pages)
[541551.274670] NVMeVirt: GC victim policy: cat-fig7-fixed ns=0 part=2 initial_k=10 initial_scale_pct=50 initial_age_ratio=4 warmup_gc=100
[541551.285009] NVMeVirt: [chmodel_init] bandwidth 800 max_credits 26 tx_time 152
[541551.295468] NVMeVirt: [chmodel_init] bandwidth 800 max_credits 26 tx_time 152
[541551.295481] NVMeVirt: [chmodel_init] bandwidth 3360 max_credits 110 tx_time 36
[541551.295483] NVMeVirt: Fixed CAT init ns=0 part=3 arm=48 k=10 scale_pct=50 age_ratio=4
[541551.296439] NVMeVirt: Init FTL instance with 2 channels (524288 pages)
[541551.296441] NVMeVirt: GC victim policy: cat-fig7-fixed ns=0 part=3 initial_k=10 initial_scale_pct=50 initial_age_ratio=4 warmup_gc=100
[541551.296447] NVMeVirt: FTL physical space: 8588886016, logical space: 8026996276 (physical/logical * 100 = 107)
[541551.296449] NVMeVirt: ns 0/1: size 7655 MiB
[541551.296496] PCI host bridge to bus 0001:10
[541551.296498] pci_bus 0001:10: root bus resource [io  0x0000-0xffff]
[541551.296501] pci_bus 0001:10: root bus resource [mem 0x00000000-0x7fffffffff]
[541551.296503] pci_bus 0001:10: root bus resource [bus 00-ff]
[541551.296524] pci 0001:10:00.0: [0c51:0110] type 00 class 0x010802 PCIe Endpoint
[541551.296528] pci 0001:10:00.0: BAR 0 [mem 0x100000000-0x100003fff 64bit]
[541551.296531] pci 0001:10:00.0: enabling Extended Tags
[541551.296652] NVMeVirt: Virtual PCI bus created (node 0)
[541551.296913] NVMeVirt: nvmev_io_worker_0 started on cpu 2 (node 0)
[541551.297018] NVMeVirt: Virtual NVMe device created
[541551.297734] NVMeVirt: nvmev_dispatcher started on cpu 1 (node 0)
[541551.298924] nvme nvme0: pci function 0001:10:00.0
[541551.301651] nvme nvme0: 8/0/0 default/read/poll queues
[541552.189348] EXT4-fs (nvme0n1): mounted filesystem f4b575c0-9627-45d7-a590-b64d31396271 r/w with ordered data mode. Quota mode: none.
[541556.459587] iCAT_FILEBENCH_MEASURE_START run=20260918-021118-3216258
[541556.830299] tee (3216786): drop_caches: 3
[541563.965960] tee (3218289): drop_caches: 3
[541569.725855] tee (3218293): drop_caches: 3
[541575.347439] tee (3218427): drop_caches: 3
[541581.015581] tee (3218936): drop_caches: 3
[541586.662170] tee (3219262): drop_caches: 3
[541592.468060] tee (3219641): drop_caches: 3
[541598.360555] tee (3219966): drop_caches: 3
[541604.222853] tee (3220496): drop_caches: 3
[541610.026232] tee (3220902): drop_caches: 3
[541615.904561] tee (3221469): drop_caches: 3
[541621.711449] tee (3222074): drop_caches: 3
[541627.412901] tee (3222458): drop_caches: 3
[541633.244785] tee (3222912): drop_caches: 3
[541638.982236] tee (3223459): drop_caches: 3
[541644.772152] tee (3224065): drop_caches: 3
[541650.491065] tee (3224471): drop_caches: 3
[541656.161690] tee (3224784): drop_caches: 3
[541662.000547] tee (3225197): drop_caches: 3
[541667.802901] tee (3225775): drop_caches: 3
[541673.467746] tee (3226271): drop_caches: 3
[541678.980724] tee (3226714): drop_caches: 3
[541684.685736] tee (3227171): drop_caches: 3
[541690.429368] tee (3227591): drop_caches: 3
[541696.234811] tee (3227988): drop_caches: 3
[541702.054969] tee (3228482): drop_caches: 3
[541707.715361] tee (3228885): drop_caches: 3
[541713.436751] tee (3229363): drop_caches: 3
[541719.172587] tee (3229852): drop_caches: 3
[541725.050713] tee (3230320): drop_caches: 3
[541730.732831] tee (3230704): drop_caches: 3
[541736.585913] tee (3231204): drop_caches: 3
[541742.279824] tee (3231607): drop_caches: 3
[541748.080470] tee (3231912): drop_caches: 3
[541753.863934] tee (3232425): drop_caches: 3
[541759.634506] tee (3232821): drop_caches: 3
[541765.428955] tee (3233299): drop_caches: 3
[541771.074719] tee (3233739): drop_caches: 3
[541776.460239] tee (3234050): drop_caches: 3
[541782.196611] tee (3234656): drop_caches: 3
[541787.769009] tee (3235054): drop_caches: 3
[541793.774205] tee (3235480): drop_caches: 3
[541799.743266] tee (3235774): drop_caches: 3
[541805.504319] tee (3236294): drop_caches: 3
[541811.192972] tee (3236772): drop_caches: 3
[541816.903083] tee (3237047): drop_caches: 3
[541822.556914] tee (3237564): drop_caches: 3
[541828.353686] tee (3238008): drop_caches: 3
[541834.050025] tee (3238454): drop_caches: 3
[541839.822241] tee (3238762): drop_caches: 3
[541845.462214] tee (3239175): drop_caches: 3
[541851.132108] tee (3239636): drop_caches: 3
[541856.933549] tee (3240066): drop_caches: 3
[541859.984383] iCAT_FILEBENCH_MEASURE_END run=20260918-021118-3216258
[541861.635379] EXT4-fs (nvme0n1): unmounting filesystem f4b575c0-9627-45d7-a590-b64d31396271.
[541861.981741] pci_bus 0001:10: busn_res: [bus 10-ff] is released
[541861.981861] NVMeVirt: GC stats: ns=0 policy=cat-fig7-fixed host_pages=8135496 gc_pages=4296171 gc_count=194240 WAF=1.528 warmup_gc=100-per-part
[541862.052910] NVMeVirt: Virtual NVMe device closed
