[542492.212737] NVMeVirt: Version 1.10 for >> Samsung 970 Pro SSD <<
[542492.212744] NVMeVirt: Storage: 0x100100000-0x300000000 (8191 MiB)
[542492.223388] NVMeVirt: Total Capacity(GiB,MiB)=2,2048 chs=2 luns=4 lines=8192 blk-size(MiB,KiB)=0,64 line-size(MiB,KiB)=0,256
[542492.234575] NVMeVirt: [chmodel_init] bandwidth 800 max_credits 26 tx_time 152
[542492.245682] NVMeVirt: [chmodel_init] bandwidth 800 max_credits 26 tx_time 152
[542492.245696] NVMeVirt: [chmodel_init] bandwidth 3360 max_credits 110 tx_time 36
[542492.245699] NVMeVirt: Fixed CAT init ns=0 part=0 arm=51 k=10 scale_pct=100 age_ratio=4
[542492.246691] NVMeVirt: pqueue: Copyright (c) 2014, Volkan Yazıcı <volkan.yazici@gmail.com>. All rights reserved.
[542492.246728] NVMeVirt: Init FTL instance with 2 channels (524288 pages)
[542492.246729] NVMeVirt: GC victim policy: cat-fig7-fixed ns=0 part=0 initial_k=10 initial_scale_pct=100 initial_age_ratio=4 warmup_gc=100
[542492.257670] NVMeVirt: [chmodel_init] bandwidth 800 max_credits 26 tx_time 152
[542492.268525] NVMeVirt: [chmodel_init] bandwidth 800 max_credits 26 tx_time 152
[542492.268540] NVMeVirt: [chmodel_init] bandwidth 3360 max_credits 110 tx_time 36
[542492.268542] NVMeVirt: Fixed CAT init ns=0 part=1 arm=51 k=10 scale_pct=100 age_ratio=4
[542492.269539] NVMeVirt: Init FTL instance with 2 channels (524288 pages)
[542492.269542] NVMeVirt: GC victim policy: cat-fig7-fixed ns=0 part=1 initial_k=10 initial_scale_pct=100 initial_age_ratio=4 warmup_gc=100
[542492.280320] NVMeVirt: [chmodel_init] bandwidth 800 max_credits 26 tx_time 152
[542492.291000] NVMeVirt: [chmodel_init] bandwidth 800 max_credits 26 tx_time 152
[542492.291014] NVMeVirt: [chmodel_init] bandwidth 3360 max_credits 110 tx_time 36
[542492.291016] NVMeVirt: Fixed CAT init ns=0 part=2 arm=51 k=10 scale_pct=100 age_ratio=4
[542492.292041] NVMeVirt: Init FTL instance with 2 channels (524288 pages)
[542492.292044] NVMeVirt: GC victim policy: cat-fig7-fixed ns=0 part=2 initial_k=10 initial_scale_pct=100 initial_age_ratio=4 warmup_gc=100
[542492.302562] NVMeVirt: [chmodel_init] bandwidth 800 max_credits 26 tx_time 152
[542492.313000] NVMeVirt: [chmodel_init] bandwidth 800 max_credits 26 tx_time 152
[542492.313014] NVMeVirt: [chmodel_init] bandwidth 3360 max_credits 110 tx_time 36
[542492.313016] NVMeVirt: Fixed CAT init ns=0 part=3 arm=51 k=10 scale_pct=100 age_ratio=4
[542492.314027] NVMeVirt: Init FTL instance with 2 channels (524288 pages)
[542492.314031] NVMeVirt: GC victim policy: cat-fig7-fixed ns=0 part=3 initial_k=10 initial_scale_pct=100 initial_age_ratio=4 warmup_gc=100
[542492.314037] NVMeVirt: FTL physical space: 8588886016, logical space: 8026996276 (physical/logical * 100 = 107)
[542492.314039] NVMeVirt: ns 0/1: size 7655 MiB
[542492.314092] PCI host bridge to bus 0001:10
[542492.314094] pci_bus 0001:10: root bus resource [io  0x0000-0xffff]
[542492.314097] pci_bus 0001:10: root bus resource [mem 0x00000000-0x7fffffffff]
[542492.314099] pci_bus 0001:10: root bus resource [bus 00-ff]
[542492.314137] pci 0001:10:00.0: [0c51:0110] type 00 class 0x010802 PCIe Endpoint
[542492.314142] pci 0001:10:00.0: BAR 0 [mem 0x100000000-0x100003fff 64bit]
[542492.314145] pci 0001:10:00.0: enabling Extended Tags
[542492.314321] NVMeVirt: Virtual PCI bus created (node 0)
[542492.314594] NVMeVirt: nvmev_io_worker_0 started on cpu 2 (node 0)
[542492.314626] NVMeVirt: nvmev_dispatcher started on cpu 1 (node 0)
[542492.314678] NVMeVirt: Virtual NVMe device created
[542492.315413] nvme nvme0: pci function 0001:10:00.0
[542492.319196] nvme nvme0: 8/0/0 default/read/poll queues
[542492.916381] EXT4-fs (nvme0n1): mounted filesystem 5b12a8be-14ee-4d26-8f7e-d343beb8e61f r/w with ordered data mode. Quota mode: none.
[542497.126419] iCAT_FILEBENCH_MEASURE_START run=20260918-022659-3326054
[542498.663490] tee (3326838): drop_caches: 3
[542504.359353] tee (3326878): drop_caches: 3
[542510.071117] tee (3327614): drop_caches: 3
[542515.913033] tee (3328483): drop_caches: 3
[542521.579787] tee (3329621): drop_caches: 3
[542527.264738] tee (3330442): drop_caches: 3
[542533.146945] tee (3331206): drop_caches: 3
[542539.030384] tee (3331910): drop_caches: 3
[542544.801240] tee (3332350): drop_caches: 3
[542550.590323] tee (3332925): drop_caches: 3
[542556.498740] tee (3333486): drop_caches: 3
[542562.209317] tee (3334127): drop_caches: 3
[542568.041600] tee (3334891): drop_caches: 3
[542573.919998] tee (3335428): drop_caches: 3
[542579.696625] tee (3335911): drop_caches: 3
[542585.585009] tee (3336251): drop_caches: 3
[542591.292168] tee (3336801): drop_caches: 3
[542596.913107] tee (3337224): drop_caches: 3
[542602.710166] tee (3337482): drop_caches: 3
[542608.649331] tee (3337809): drop_caches: 3
[542614.419390] tee (3338031): drop_caches: 3
[542620.273461] tee (3338298): drop_caches: 3
[542625.906856] tee (3338658): drop_caches: 3
[542631.835303] tee (3339163): drop_caches: 3
[542637.514005] tee (3339566): drop_caches: 3
[542643.332711] tee (3339996): drop_caches: 3
[542649.196546] tee (3340719): drop_caches: 3
[542654.993355] tee (3341066): drop_caches: 3
[542660.942630] tee (3341620): drop_caches: 3
[542666.759779] tee (3342269): drop_caches: 3
[542672.694126] tee (3342744): drop_caches: 3
[542678.148553] tee (3343150): drop_caches: 3
[542685.420015] tee (3343856): drop_caches: 3
[542693.640280] tee (3344393): drop_caches: 3
[542705.439953] tee (3345193): drop_caches: 3
[542713.190606] tee (3345824): drop_caches: 3
[542721.537773] tee (3346393): drop_caches: 3
[542727.248486] tee (3347104): drop_caches: 3
[542733.085134] tee (3347457): drop_caches: 3
[542738.905095] tee (3347844): drop_caches: 3
[542744.810836] tee (3348249): drop_caches: 3
[542750.609172] tee (3348664): drop_caches: 3
[542756.358839] tee (3349098): drop_caches: 3
[542761.952626] tee (3349473): drop_caches: 3
[542767.709994] tee (3350016): drop_caches: 3
[542773.615175] tee (3350717): drop_caches: 3
[542779.213289] tee (3351186): drop_caches: 3
[542785.075444] tee (3351837): drop_caches: 3
[542790.709690] tee (3352146): drop_caches: 3
[542796.415157] tee (3352763): drop_caches: 3
[542800.561418] iCAT_FILEBENCH_MEASURE_END run=20260918-022659-3326054
[542801.634745] EXT4-fs (nvme0n1): unmounting filesystem 5b12a8be-14ee-4d26-8f7e-d343beb8e61f.
[542801.983271] pci_bus 0001:10: busn_res: [bus 10-ff] is released
[542801.983314] NVMeVirt: GC stats: ns=0 policy=cat-fig7-fixed host_pages=8241121 gc_pages=4753724 gc_count=203042 WAF=1.576 warmup_gc=100-per-part
[542802.054251] NVMeVirt: Virtual NVMe device closed
