[527755.881777] NVMeVirt: Version 1.10 for >> Samsung 970 Pro SSD <<
[527755.881786] NVMeVirt: Storage: 0x100100000-0x300000000 (8191 MiB)
[527755.892375] NVMeVirt: Total Capacity(GiB,MiB)=2,2048 chs=2 luns=4 lines=8192 blk-size(MiB,KiB)=0,64 line-size(MiB,KiB)=0,256
[527755.903468] NVMeVirt: [chmodel_init] bandwidth 800 max_credits 26 tx_time 152
[527755.914140] NVMeVirt: [chmodel_init] bandwidth 800 max_credits 26 tx_time 152
[527755.914161] NVMeVirt: [chmodel_init] bandwidth 3360 max_credits 110 tx_time 36
[527755.914163] NVMeVirt: Fixed CAT init ns=0 part=0 arm=4 k=2 scale_pct=50 age_ratio=7
[527755.915926] NVMeVirt: pqueue: Copyright (c) 2014, Volkan Yazıcı <volkan.yazici@gmail.com>. All rights reserved.
[527755.915977] NVMeVirt: Init FTL instance with 2 channels (524288 pages)
[527755.915981] NVMeVirt: GC victim policy: cat-fig7-fixed ns=0 part=0 initial_k=2 initial_scale_pct=50 initial_age_ratio=7 warmup_gc=100
[527755.926396] NVMeVirt: [chmodel_init] bandwidth 800 max_credits 26 tx_time 152
[527755.936752] NVMeVirt: [chmodel_init] bandwidth 800 max_credits 26 tx_time 152
[527755.936766] NVMeVirt: [chmodel_init] bandwidth 3360 max_credits 110 tx_time 36
[527755.936768] NVMeVirt: Fixed CAT init ns=0 part=1 arm=4 k=2 scale_pct=50 age_ratio=7
[527755.938087] NVMeVirt: Init FTL instance with 2 channels (524288 pages)
[527755.938089] NVMeVirt: GC victim policy: cat-fig7-fixed ns=0 part=1 initial_k=2 initial_scale_pct=50 initial_age_ratio=7 warmup_gc=100
[527755.948553] NVMeVirt: [chmodel_init] bandwidth 800 max_credits 26 tx_time 152
[527755.960369] NVMeVirt: [chmodel_init] bandwidth 800 max_credits 26 tx_time 152
[527755.960385] NVMeVirt: [chmodel_init] bandwidth 3360 max_credits 110 tx_time 36
[527755.960387] NVMeVirt: Fixed CAT init ns=0 part=2 arm=4 k=2 scale_pct=50 age_ratio=7
[527755.961608] NVMeVirt: Init FTL instance with 2 channels (524288 pages)
[527755.961611] NVMeVirt: GC victim policy: cat-fig7-fixed ns=0 part=2 initial_k=2 initial_scale_pct=50 initial_age_ratio=7 warmup_gc=100
[527755.971735] NVMeVirt: [chmodel_init] bandwidth 800 max_credits 26 tx_time 152
[527755.982082] NVMeVirt: [chmodel_init] bandwidth 800 max_credits 26 tx_time 152
[527755.982102] NVMeVirt: [chmodel_init] bandwidth 3360 max_credits 110 tx_time 36
[527755.982105] NVMeVirt: Fixed CAT init ns=0 part=3 arm=4 k=2 scale_pct=50 age_ratio=7
[527755.983800] NVMeVirt: Init FTL instance with 2 channels (524288 pages)
[527755.983808] NVMeVirt: GC victim policy: cat-fig7-fixed ns=0 part=3 initial_k=2 initial_scale_pct=50 initial_age_ratio=7 warmup_gc=100
[527755.983817] NVMeVirt: FTL physical space: 8588886016, logical space: 8026996276 (physical/logical * 100 = 107)
[527755.983819] NVMeVirt: ns 0/1: size 7655 MiB
[527755.983888] PCI host bridge to bus 0001:10
[527755.983892] pci_bus 0001:10: root bus resource [io  0x0000-0xffff]
[527755.983895] pci_bus 0001:10: root bus resource [mem 0x00000000-0x7fffffffff]
[527755.983898] pci_bus 0001:10: root bus resource [bus 00-ff]
[527755.983908] pci 0001:10:00.0: [0c51:0110] type 00 class 0x010802 PCIe Endpoint
[527755.983912] pci 0001:10:00.0: BAR 0 [mem 0x100000000-0x100003fff 64bit]
[527755.983915] pci 0001:10:00.0: enabling Extended Tags
[527755.984073] NVMeVirt: Virtual PCI bus created (node 0)
[527755.984350] NVMeVirt: nvmev_io_worker_0 started on cpu 2 (node 0)
[527755.984437] NVMeVirt: Virtual NVMe device created
[527755.984455] NVMeVirt: nvmev_dispatcher started on cpu 1 (node 0)
[527755.984577] nvme nvme0: pci function 0001:10:00.0
[527755.986790] nvme nvme0: 8/0/0 default/read/poll queues
[527756.738144] EXT4-fs (nvme0n1): mounted filesystem 7b9ebc95-16ad-4bf4-a55d-92fae240ba7d r/w with ordered data mode. Quota mode: none.
[527761.200136] iCAT_FILEBENCH_MEASURE_START run=20260917-222123-1150068
[527762.317330] tee (1151982): drop_caches: 3
[527768.016074] tee (1152692): drop_caches: 3
[527773.641857] tee (1152910): drop_caches: 3
[527779.260325] tee (1153410): drop_caches: 3
[527784.997152] tee (1154026): drop_caches: 3
[527790.592570] tee (1154625): drop_caches: 3
[527796.369545] tee (1155474): drop_caches: 3
[527802.030333] tee (1156261): drop_caches: 3
[527807.834933] tee (1156935): drop_caches: 3
[527813.534017] tee (1157753): drop_caches: 3
[527819.521083] tee (1158550): drop_caches: 3
[527825.822980] tee (1159642): drop_caches: 3
[527832.358899] tee (1160664): drop_caches: 3
[527838.249838] tee (1161389): drop_caches: 3
[527844.078117] tee (1162461): drop_caches: 3
[527849.717448] tee (1163369): drop_caches: 3
[527856.936641] tee (1164628): drop_caches: 3
[527862.798757] tee (1165392): drop_caches: 3
[527868.700374] tee (1166228): drop_caches: 3
[527874.472410] tee (1167037): drop_caches: 3
[527880.304768] tee (1167683): drop_caches: 3
[527885.814092] tee (1168355): drop_caches: 3
[527891.477534] tee (1168880): drop_caches: 3
[527897.427823] tee (1169573): drop_caches: 3
[527902.975129] tee (1170154): drop_caches: 3
[527908.776769] tee (1170757): drop_caches: 3
[527916.294850] tee (1171631): drop_caches: 3
[527922.619484] tee (1172398): drop_caches: 3
[527928.302293] tee (1173128): drop_caches: 3
[527934.235260] tee (1173861): drop_caches: 3
[527940.160844] tee (1174549): drop_caches: 3
[527945.953831] tee (1175302): drop_caches: 3
[527951.628576] tee (1175992): drop_caches: 3
[527957.264708] tee (1176679): drop_caches: 3
[527963.149722] tee (1177221): drop_caches: 3
[527968.769572] tee (1177849): drop_caches: 3
[527974.170989] tee (1178500): drop_caches: 3
[527979.739391] tee (1179136): drop_caches: 3
[527985.457193] tee (1179896): drop_caches: 3
[527991.131836] tee (1180546): drop_caches: 3
[527996.666302] tee (1181270): drop_caches: 3
[528002.278699] tee (1181909): drop_caches: 3
[528008.039131] tee (1182680): drop_caches: 3
[528013.732021] tee (1183367): drop_caches: 3
[528019.523619] tee (1184040): drop_caches: 3
[528025.280426] tee (1184828): drop_caches: 3
[528030.838720] tee (1185627): drop_caches: 3
[528036.498720] tee (1186300): drop_caches: 3
[528042.100102] tee (1187001): drop_caches: 3
[528047.942516] tee (1187699): drop_caches: 3
[528053.607898] tee (1188304): drop_caches: 3
[528059.244416] tee (1188997): drop_caches: 3
[528064.441697] iCAT_FILEBENCH_MEASURE_END run=20260917-222123-1150068
[528064.548985] tee (1189241): drop_caches: 3
[528066.610866] EXT4-fs (nvme0n1): unmounting filesystem 7b9ebc95-16ad-4bf4-a55d-92fae240ba7d.
[528066.891027] pci_bus 0001:10: busn_res: [bus 10-ff] is released
[528066.891071] NVMeVirt: GC stats: ns=0 policy=cat-fig7-fixed host_pages=7997430 gc_pages=5310077 gc_count=207927 WAF=1.663 warmup_gc=100-per-part
[528066.964408] NVMeVirt: Virtual NVMe device closed
