[535908.300902] NVMeVirt: Version 1.10 for >> Samsung 970 Pro SSD <<
[535908.300908] NVMeVirt: Storage: 0x100100000-0x300000000 (8191 MiB)
[535908.311449] NVMeVirt: Total Capacity(GiB,MiB)=2,2048 chs=2 luns=4 lines=8192 blk-size(MiB,KiB)=0,64 line-size(MiB,KiB)=0,256
[535908.322676] NVMeVirt: [chmodel_init] bandwidth 800 max_credits 26 tx_time 152
[535908.333124] NVMeVirt: [chmodel_init] bandwidth 800 max_credits 26 tx_time 152
[535908.333138] NVMeVirt: [chmodel_init] bandwidth 3360 max_credits 110 tx_time 36
[535908.333140] NVMeVirt: Fixed CAT init ns=0 part=0 arm=30 k=7 scale_pct=25 age_ratio=4
[535908.334422] NVMeVirt: pqueue: Copyright (c) 2014, Volkan Yazıcı <volkan.yazici@gmail.com>. All rights reserved.
[535908.334460] NVMeVirt: Init FTL instance with 2 channels (524288 pages)
[535908.334462] NVMeVirt: GC victim policy: cat-fig7-fixed ns=0 part=0 initial_k=7 initial_scale_pct=25 initial_age_ratio=4 warmup_gc=100
[535908.345139] NVMeVirt: [chmodel_init] bandwidth 800 max_credits 26 tx_time 152
[535908.355814] NVMeVirt: [chmodel_init] bandwidth 800 max_credits 26 tx_time 152
[535908.355829] NVMeVirt: [chmodel_init] bandwidth 3360 max_credits 110 tx_time 36
[535908.355831] NVMeVirt: Fixed CAT init ns=0 part=1 arm=30 k=7 scale_pct=25 age_ratio=4
[535908.357057] NVMeVirt: Init FTL instance with 2 channels (524288 pages)
[535908.357060] NVMeVirt: GC victim policy: cat-fig7-fixed ns=0 part=1 initial_k=7 initial_scale_pct=25 initial_age_ratio=4 warmup_gc=100
[535908.368001] NVMeVirt: [chmodel_init] bandwidth 800 max_credits 26 tx_time 152
[535908.378788] NVMeVirt: [chmodel_init] bandwidth 800 max_credits 26 tx_time 152
[535908.378803] NVMeVirt: [chmodel_init] bandwidth 3360 max_credits 110 tx_time 36
[535908.378805] NVMeVirt: Fixed CAT init ns=0 part=2 arm=30 k=7 scale_pct=25 age_ratio=4
[535908.380127] NVMeVirt: Init FTL instance with 2 channels (524288 pages)
[535908.380131] NVMeVirt: GC victim policy: cat-fig7-fixed ns=0 part=2 initial_k=7 initial_scale_pct=25 initial_age_ratio=4 warmup_gc=100
[535908.390587] NVMeVirt: [chmodel_init] bandwidth 800 max_credits 26 tx_time 152
[535908.401555] NVMeVirt: [chmodel_init] bandwidth 800 max_credits 26 tx_time 152
[535908.401569] NVMeVirt: [chmodel_init] bandwidth 3360 max_credits 110 tx_time 36
[535908.401572] NVMeVirt: Fixed CAT init ns=0 part=3 arm=30 k=7 scale_pct=25 age_ratio=4
[535908.402827] NVMeVirt: Init FTL instance with 2 channels (524288 pages)
[535908.402830] NVMeVirt: GC victim policy: cat-fig7-fixed ns=0 part=3 initial_k=7 initial_scale_pct=25 initial_age_ratio=4 warmup_gc=100
[535908.402836] NVMeVirt: FTL physical space: 8588886016, logical space: 8026996276 (physical/logical * 100 = 107)
[535908.402838] NVMeVirt: ns 0/1: size 7655 MiB
[535908.402886] PCI host bridge to bus 0001:10
[535908.402888] pci_bus 0001:10: root bus resource [io  0x0000-0xffff]
[535908.402891] pci_bus 0001:10: root bus resource [mem 0x00000000-0x7fffffffff]
[535908.402893] pci_bus 0001:10: root bus resource [bus 00-ff]
[535908.402915] pci 0001:10:00.0: [0c51:0110] type 00 class 0x010802 PCIe Endpoint
[535908.402919] pci 0001:10:00.0: BAR 0 [mem 0x100000000-0x100003fff 64bit]
[535908.402921] pci 0001:10:00.0: enabling Extended Tags
[535908.403045] NVMeVirt: Virtual PCI bus created (node 0)
[535908.403402] NVMeVirt: nvmev_dispatcher started on cpu 1 (node 0)
[535908.403417] NVMeVirt: nvmev_io_worker_0 started on cpu 2 (node 0)
[535908.403447] NVMeVirt: Virtual NVMe device created
[535908.404327] nvme nvme0: pci function 0001:10:00.0
[535908.406954] nvme nvme0: 8/0/0 default/read/poll queues
[535909.285876] EXT4-fs (nvme0n1): mounted filesystem b063a35a-5d02-4e72-b436-ea8cb323dc37 r/w with ordered data mode. Quota mode: none.
[535913.628915] iCAT_FILEBENCH_MEASURE_START run=20260918-003716-2382803
[535915.618935] tee (2384710): drop_caches: 3
[535921.373528] tee (2384758): drop_caches: 3
[535926.885956] tee (2384762): drop_caches: 3
[535932.546536] tee (2384768): drop_caches: 3
[535938.142512] tee (2385415): drop_caches: 3
[535943.815864] tee (2386133): drop_caches: 3
[535949.412818] tee (2386471): drop_caches: 3
[535955.140892] tee (2387131): drop_caches: 3
[535960.988335] tee (2388007): drop_caches: 3
[535966.729468] tee (2388696): drop_caches: 3
[535972.483505] tee (2389347): drop_caches: 3
[535978.254510] tee (2390051): drop_caches: 3
[535983.879690] tee (2390745): drop_caches: 3
[535989.532505] tee (2391603): drop_caches: 3
[535995.211991] tee (2392378): drop_caches: 3
[536000.957946] tee (2393192): drop_caches: 3
[536006.732678] tee (2393961): drop_caches: 3
[536012.518657] tee (2394570): drop_caches: 3
[536018.088218] tee (2395375): drop_caches: 3
[536023.706601] tee (2396092): drop_caches: 3
[536029.512111] tee (2396798): drop_caches: 3
[536035.202457] tee (2397539): drop_caches: 3
[536040.739839] tee (2398257): drop_caches: 3
[536046.289977] tee (2398865): drop_caches: 3
[536051.922046] tee (2399578): drop_caches: 3
[536057.605914] tee (2400190): drop_caches: 3
[536063.441527] tee (2400839): drop_caches: 3
[536069.218056] tee (2401576): drop_caches: 3
[536074.749439] tee (2402246): drop_caches: 3
[536082.233410] tee (2403260): drop_caches: 3
[536089.041590] tee (2404068): drop_caches: 3
[536095.305804] tee (2404938): drop_caches: 3
[536100.968770] tee (2405688): drop_caches: 3
[536106.531350] tee (2406425): drop_caches: 3
[536112.249842] tee (2407060): drop_caches: 3
[536118.028008] tee (2407795): drop_caches: 3
[536123.659235] tee (2408489): drop_caches: 3
[536129.512030] tee (2409308): drop_caches: 3
[536135.138338] tee (2409921): drop_caches: 3
[536140.793271] tee (2410794): drop_caches: 3
[536146.379520] tee (2411389): drop_caches: 3
[536152.159969] tee (2412149): drop_caches: 3
[536157.930026] tee (2412822): drop_caches: 3
[536163.739927] tee (2413445): drop_caches: 3
[536169.492377] tee (2414144): drop_caches: 3
[536175.154795] tee (2414869): drop_caches: 3
[536180.890069] tee (2415568): drop_caches: 3
[536186.831148] tee (2416316): drop_caches: 3
[536192.630373] tee (2417014): drop_caches: 3
[536198.257082] tee (2417837): drop_caches: 3
[536203.951790] tee (2418602): drop_caches: 3
[536209.886298] tee (2419302): drop_caches: 3
[536215.303751] tee (2419944): drop_caches: 3
[536217.097568] iCAT_FILEBENCH_MEASURE_END run=20260918-003716-2382803
[536219.899967] EXT4-fs (nvme0n1): unmounting filesystem b063a35a-5d02-4e72-b436-ea8cb323dc37.
[536220.246367] pci_bus 0001:10: busn_res: [bus 10-ff] is released
[536220.246471] NVMeVirt: GC stats: ns=0 policy=cat-fig7-fixed host_pages=8215954 gc_pages=4430828 gc_count=197604 WAF=1.539 warmup_gc=100-per-part
[536220.318272] NVMeVirt: Virtual NVMe device closed
