[528692.197158] NVMeVirt: Version 1.10 for >> Samsung 970 Pro SSD <<
[528692.197164] NVMeVirt: Storage: 0x100100000-0x300000000 (8191 MiB)
[528692.207791] NVMeVirt: Total Capacity(GiB,MiB)=2,2048 chs=2 luns=4 lines=8192 blk-size(MiB,KiB)=0,64 line-size(MiB,KiB)=0,256
[528692.222622] NVMeVirt: [chmodel_init] bandwidth 800 max_credits 26 tx_time 152
[528692.233782] NVMeVirt: [chmodel_init] bandwidth 800 max_credits 26 tx_time 152
[528692.233797] NVMeVirt: [chmodel_init] bandwidth 3360 max_credits 110 tx_time 36
[528692.233799] NVMeVirt: Fixed CAT init ns=0 part=0 arm=7 k=2 scale_pct=100 age_ratio=7
[528692.235012] NVMeVirt: pqueue: Copyright (c) 2014, Volkan Yazıcı <volkan.yazici@gmail.com>. All rights reserved.
[528692.235048] NVMeVirt: Init FTL instance with 2 channels (524288 pages)
[528692.235050] NVMeVirt: GC victim policy: cat-fig7-fixed ns=0 part=0 initial_k=2 initial_scale_pct=100 initial_age_ratio=7 warmup_gc=100
[528692.247986] NVMeVirt: [chmodel_init] bandwidth 800 max_credits 26 tx_time 152
[528692.260349] NVMeVirt: [chmodel_init] bandwidth 800 max_credits 26 tx_time 152
[528692.260364] NVMeVirt: [chmodel_init] bandwidth 3360 max_credits 110 tx_time 36
[528692.260366] NVMeVirt: Fixed CAT init ns=0 part=1 arm=7 k=2 scale_pct=100 age_ratio=7
[528692.261660] NVMeVirt: Init FTL instance with 2 channels (524288 pages)
[528692.261663] NVMeVirt: GC victim policy: cat-fig7-fixed ns=0 part=1 initial_k=2 initial_scale_pct=100 initial_age_ratio=7 warmup_gc=100
[528692.272329] NVMeVirt: [chmodel_init] bandwidth 800 max_credits 26 tx_time 152
[528692.285982] NVMeVirt: [chmodel_init] bandwidth 800 max_credits 26 tx_time 152
[528692.285996] NVMeVirt: [chmodel_init] bandwidth 3360 max_credits 110 tx_time 36
[528692.285998] NVMeVirt: Fixed CAT init ns=0 part=2 arm=7 k=2 scale_pct=100 age_ratio=7
[528692.287227] NVMeVirt: Init FTL instance with 2 channels (524288 pages)
[528692.287230] NVMeVirt: GC victim policy: cat-fig7-fixed ns=0 part=2 initial_k=2 initial_scale_pct=100 initial_age_ratio=7 warmup_gc=100
[528692.298022] NVMeVirt: [chmodel_init] bandwidth 800 max_credits 26 tx_time 152
[528692.308493] NVMeVirt: [chmodel_init] bandwidth 800 max_credits 26 tx_time 152
[528692.308512] NVMeVirt: [chmodel_init] bandwidth 3360 max_credits 110 tx_time 36
[528692.308514] NVMeVirt: Fixed CAT init ns=0 part=3 arm=7 k=2 scale_pct=100 age_ratio=7
[528692.310230] NVMeVirt: Init FTL instance with 2 channels (524288 pages)
[528692.310236] NVMeVirt: GC victim policy: cat-fig7-fixed ns=0 part=3 initial_k=2 initial_scale_pct=100 initial_age_ratio=7 warmup_gc=100
[528692.310246] NVMeVirt: FTL physical space: 8588886016, logical space: 8026996276 (physical/logical * 100 = 107)
[528692.310248] NVMeVirt: ns 0/1: size 7655 MiB
[528692.310342] PCI host bridge to bus 0001:10
[528692.310345] pci_bus 0001:10: root bus resource [io  0x0000-0xffff]
[528692.310363] pci_bus 0001:10: root bus resource [mem 0x00000000-0x7fffffffff]
[528692.310367] pci_bus 0001:10: root bus resource [bus 00-ff]
[528692.310379] pci 0001:10:00.0: [0c51:0110] type 00 class 0x010802 PCIe Endpoint
[528692.310385] pci 0001:10:00.0: BAR 0 [mem 0x100000000-0x100003fff 64bit]
[528692.310389] pci 0001:10:00.0: enabling Extended Tags
[528692.310579] NVMeVirt: Virtual PCI bus created (node 0)
[528692.311020] NVMeVirt: nvmev_io_worker_0 started on cpu 2 (node 0)
[528692.311182] NVMeVirt: Virtual NVMe device created
[528692.312525] nvme nvme0: pci function 0001:10:00.0
[528692.313241] NVMeVirt: nvmev_dispatcher started on cpu 1 (node 0)
[528692.314891] nvme nvme0: 8/0/0 default/read/poll queues
[528693.298572] EXT4-fs (nvme0n1): mounted filesystem c41aa2ec-b126-4430-97f9-19a5828f9128 r/w with ordered data mode. Quota mode: none.
[528697.438380] iCAT_FILEBENCH_MEASURE_START run=20260917-223700-1261092
[528697.892844] tee (1262095): drop_caches: 3
[528704.088257] tee (1263545): drop_caches: 3
[528709.627379] tee (1264700): drop_caches: 3
[528715.591976] tee (1266735): drop_caches: 3
[528721.424717] tee (1269800): drop_caches: 3
[528726.952021] tee (1272646): drop_caches: 3
[528732.737838] tee (1274961): drop_caches: 3
[528738.399201] tee (1277492): drop_caches: 3
[528744.175157] tee (1279642): drop_caches: 3
[528749.733297] tee (1281839): drop_caches: 3
[528755.384319] tee (1284288): drop_caches: 3
[528760.939459] tee (1286917): drop_caches: 3
[528766.597023] tee (1289209): drop_caches: 3
[528772.337138] tee (1291935): drop_caches: 3
[528778.067497] tee (1294136): drop_caches: 3
[528783.724072] tee (1296688): drop_caches: 3
[528789.420069] tee (1299275): drop_caches: 3
[528795.653957] tee (1301694): drop_caches: 3
[528801.399044] tee (1303920): drop_caches: 3
[528807.135725] tee (1306148): drop_caches: 3
[528812.970662] tee (1308365): drop_caches: 3
[528818.677057] tee (1310602): drop_caches: 3
[528824.417759] tee (1313142): drop_caches: 3
[528830.007534] tee (1315439): drop_caches: 3
[528835.765209] tee (1317785): drop_caches: 3
[528841.438555] tee (1319853): drop_caches: 3
[528847.010243] tee (1322280): drop_caches: 3
[528852.683937] tee (1324780): drop_caches: 3
[528858.471579] tee (1326848): drop_caches: 3
[528864.446816] tee (1328888): drop_caches: 3
[528870.076075] tee (1330932): drop_caches: 3
[528876.116038] tee (1333369): drop_caches: 3
[528882.665834] tee (1335583): drop_caches: 3
[528889.260733] tee (1337732): drop_caches: 3
[528895.558264] tee (1340069): drop_caches: 3
[528901.242237] tee (1342407): drop_caches: 3
[528906.965408] tee (1344976): drop_caches: 3
[528912.822101] tee (1347936): drop_caches: 3
[528918.378906] tee (1349834): drop_caches: 3
[528924.031249] tee (1352079): drop_caches: 3
[528929.566502] tee (1354081): drop_caches: 3
[528935.097137] tee (1356047): drop_caches: 3
[528940.760789] tee (1358024): drop_caches: 3
[528946.210679] tee (1360214): drop_caches: 3
[528951.764750] tee (1362285): drop_caches: 3
[528957.266584] tee (1364517): drop_caches: 3
[528962.923065] tee (1367069): drop_caches: 3
[528968.695004] tee (1368987): drop_caches: 3
[528974.239401] tee (1371373): drop_caches: 3
[528979.884279] tee (1373169): drop_caches: 3
[528985.579864] tee (1375156): drop_caches: 3
[528991.377026] tee (1377477): drop_caches: 3
[528996.972382] tee (1379637): drop_caches: 3
[529000.660328] iCAT_FILEBENCH_MEASURE_END run=20260917-223700-1261092
[529001.765660] EXT4-fs (nvme0n1): unmounting filesystem c41aa2ec-b126-4430-97f9-19a5828f9128.
[529002.127727] pci_bus 0001:10: busn_res: [bus 10-ff] is released
[529002.127781] NVMeVirt: GC stats: ns=0 policy=cat-fig7-fixed host_pages=7070428 gc_pages=4685017 gc_count=183673 WAF=1.662 warmup_gc=100-per-part
[529002.202202] NVMeVirt: Virtual NVMe device closed
