[533075.498965] NVMeVirt: Version 1.10 for >> Samsung 970 Pro SSD <<
[533075.498971] NVMeVirt: Storage: 0x100100000-0x300000000 (8191 MiB)
[533075.509429] NVMeVirt: Total Capacity(GiB,MiB)=2,2048 chs=2 luns=4 lines=8192 blk-size(MiB,KiB)=0,64 line-size(MiB,KiB)=0,256
[533075.520193] NVMeVirt: [chmodel_init] bandwidth 800 max_credits 26 tx_time 152
[533075.530409] NVMeVirt: [chmodel_init] bandwidth 800 max_credits 26 tx_time 152
[533075.530422] NVMeVirt: [chmodel_init] bandwidth 3360 max_credits 110 tx_time 36
[533075.530424] NVMeVirt: Fixed CAT init ns=0 part=0 arm=21 k=4 scale_pct=100 age_ratio=4
[533075.531675] NVMeVirt: pqueue: Copyright (c) 2014, Volkan Yazıcı <volkan.yazici@gmail.com>. All rights reserved.
[533075.531710] NVMeVirt: Init FTL instance with 2 channels (524288 pages)
[533075.531712] NVMeVirt: GC victim policy: cat-fig7-fixed ns=0 part=0 initial_k=4 initial_scale_pct=100 initial_age_ratio=4 warmup_gc=100
[533075.542255] NVMeVirt: [chmodel_init] bandwidth 800 max_credits 26 tx_time 152
[533075.552649] NVMeVirt: [chmodel_init] bandwidth 800 max_credits 26 tx_time 152
[533075.552662] NVMeVirt: [chmodel_init] bandwidth 3360 max_credits 110 tx_time 36
[533075.552664] NVMeVirt: Fixed CAT init ns=0 part=1 arm=21 k=4 scale_pct=100 age_ratio=4
[533075.553941] NVMeVirt: Init FTL instance with 2 channels (524288 pages)
[533075.553944] NVMeVirt: GC victim policy: cat-fig7-fixed ns=0 part=1 initial_k=4 initial_scale_pct=100 initial_age_ratio=4 warmup_gc=100
[533075.564438] NVMeVirt: [chmodel_init] bandwidth 800 max_credits 26 tx_time 152
[533075.575074] NVMeVirt: [chmodel_init] bandwidth 800 max_credits 26 tx_time 152
[533075.575088] NVMeVirt: [chmodel_init] bandwidth 3360 max_credits 110 tx_time 36
[533075.575090] NVMeVirt: Fixed CAT init ns=0 part=2 arm=21 k=4 scale_pct=100 age_ratio=4
[533075.576340] NVMeVirt: Init FTL instance with 2 channels (524288 pages)
[533075.576343] NVMeVirt: GC victim policy: cat-fig7-fixed ns=0 part=2 initial_k=4 initial_scale_pct=100 initial_age_ratio=4 warmup_gc=100
[533075.586827] NVMeVirt: [chmodel_init] bandwidth 800 max_credits 26 tx_time 152
[533075.597531] NVMeVirt: [chmodel_init] bandwidth 800 max_credits 26 tx_time 152
[533075.597544] NVMeVirt: [chmodel_init] bandwidth 3360 max_credits 110 tx_time 36
[533075.597546] NVMeVirt: Fixed CAT init ns=0 part=3 arm=21 k=4 scale_pct=100 age_ratio=4
[533075.598792] NVMeVirt: Init FTL instance with 2 channels (524288 pages)
[533075.598795] NVMeVirt: GC victim policy: cat-fig7-fixed ns=0 part=3 initial_k=4 initial_scale_pct=100 initial_age_ratio=4 warmup_gc=100
[533075.598801] NVMeVirt: FTL physical space: 8588886016, logical space: 8026996276 (physical/logical * 100 = 107)
[533075.598803] NVMeVirt: ns 0/1: size 7655 MiB
[533075.598851] PCI host bridge to bus 0001:10
[533075.598854] pci_bus 0001:10: root bus resource [io  0x0000-0xffff]
[533075.598857] pci_bus 0001:10: root bus resource [mem 0x00000000-0x7fffffffff]
[533075.598859] pci_bus 0001:10: root bus resource [bus 00-ff]
[533075.598880] pci 0001:10:00.0: [0c51:0110] type 00 class 0x010802 PCIe Endpoint
[533075.598885] pci 0001:10:00.0: BAR 0 [mem 0x100000000-0x100003fff 64bit]
[533075.598887] pci 0001:10:00.0: enabling Extended Tags
[533075.599007] NVMeVirt: Virtual PCI bus created (node 0)
[533075.599416] NVMeVirt: nvmev_dispatcher started on cpu 1 (node 0)
[533075.599455] NVMeVirt: Virtual NVMe device created
[533075.600117] nvme nvme0: pci function 0001:10:00.0
[533075.600598] NVMeVirt: nvmev_io_worker_0 started on cpu 2 (node 0)
[533075.604655] nvme nvme0: 8/0/0 default/read/poll queues
[533076.821610] EXT4-fs (nvme0n1): mounted filesystem fa28f2b7-06f4-4714-aebd-3b86e683d3f4 r/w with ordered data mode. Quota mode: none.
[533081.343873] iCAT_FILEBENCH_MEASURE_START run=20260917-235001-1978697
[533082.565168] tee (1980444): drop_caches: 3
[533089.131471] tee (1981951): drop_caches: 3
[533094.867136] tee (1983845): drop_caches: 3
[533100.637949] tee (1985915): drop_caches: 3
[533106.356691] tee (1987884): drop_caches: 3
[533111.989403] tee (1989434): drop_caches: 3
[533117.653450] tee (1990861): drop_caches: 3
[533123.492005] tee (1992523): drop_caches: 3
[533129.427815] tee (1994116): drop_caches: 3
[533135.108478] tee (1995523): drop_caches: 3
[533140.878486] tee (1996720): drop_caches: 3
[533146.521521] tee (1997967): drop_caches: 3
[533152.340239] tee (1999386): drop_caches: 3
[533158.053493] tee (2000942): drop_caches: 3
[533163.931122] tee (2002072): drop_caches: 3
[533169.663084] tee (2003215): drop_caches: 3
[533175.553423] tee (2004432): drop_caches: 3
[533181.272682] tee (2005438): drop_caches: 3
[533187.085488] tee (2006935): drop_caches: 3
[533192.939491] tee (2008058): drop_caches: 3
[533198.760166] tee (2009584): drop_caches: 3
[533204.556959] tee (2010682): drop_caches: 3
[533210.154196] tee (2011953): drop_caches: 3
[533215.733178] tee (2013211): drop_caches: 3
[533222.384824] tee (2014302): drop_caches: 3
[533228.200135] tee (2015424): drop_caches: 3
[533233.846279] tee (2016362): drop_caches: 3
[533239.722821] tee (2017641): drop_caches: 3
[533245.474415] tee (2018573): drop_caches: 3
[533251.198382] tee (2019701): drop_caches: 3
[533256.995085] tee (2020834): drop_caches: 3
[533262.615660] tee (2021764): drop_caches: 3
[533268.289273] tee (2022581): drop_caches: 3
[533273.928399] tee (2023452): drop_caches: 3
[533279.723820] tee (2024521): drop_caches: 3
[533285.544151] tee (2025599): drop_caches: 3
[533291.214627] tee (2026661): drop_caches: 3
[533296.869096] tee (2027913): drop_caches: 3
[533302.609423] tee (2028838): drop_caches: 3
[533308.382382] tee (2029828): drop_caches: 3
[533314.170825] tee (2030931): drop_caches: 3
[533320.132853] tee (2032209): drop_caches: 3
[533326.595532] tee (2033506): drop_caches: 3
[533332.248362] tee (2034618): drop_caches: 3
[533338.025186] tee (2035709): drop_caches: 3
[533343.702210] tee (2036930): drop_caches: 3
[533349.540716] tee (2038187): drop_caches: 3
[533355.362074] tee (2039268): drop_caches: 3
[533361.138570] tee (2040337): drop_caches: 3
[533366.851373] tee (2041649): drop_caches: 3
[533372.634653] tee (2042800): drop_caches: 3
[533377.837761] tee (2043771): drop_caches: 3
[533383.031625] tee (2044533): drop_caches: 3
[533384.716742] iCAT_FILEBENCH_MEASURE_END run=20260917-235001-1978697
[533387.649949] EXT4-fs (nvme0n1): unmounting filesystem fa28f2b7-06f4-4714-aebd-3b86e683d3f4.
[533388.025036] pci_bus 0001:10: busn_res: [bus 10-ff] is released
[533388.025213] NVMeVirt: GC stats: ns=0 policy=cat-fig7-fixed host_pages=8334138 gc_pages=5025109 gc_count=208732 WAF=1.602 warmup_gc=100-per-part
[533388.095499] NVMeVirt: Virtual NVMe device closed
