[529629.089194] NVMeVirt: Version 1.10 for >> Samsung 970 Pro SSD <<
[529629.089201] NVMeVirt: Storage: 0x100100000-0x300000000 (8191 MiB)
[529629.099938] NVMeVirt: Total Capacity(GiB,MiB)=2,2048 chs=2 luns=4 lines=8192 blk-size(MiB,KiB)=0,64 line-size(MiB,KiB)=0,256
[529629.110846] NVMeVirt: [chmodel_init] bandwidth 800 max_credits 26 tx_time 152
[529629.122148] NVMeVirt: [chmodel_init] bandwidth 800 max_credits 26 tx_time 152
[529629.122164] NVMeVirt: [chmodel_init] bandwidth 3360 max_credits 110 tx_time 36
[529629.122166] NVMeVirt: Fixed CAT init ns=0 part=0 arm=10 k=2 scale_pct=200 age_ratio=7
[529629.123456] NVMeVirt: pqueue: Copyright (c) 2014, Volkan Yazıcı <volkan.yazici@gmail.com>. All rights reserved.
[529629.123499] NVMeVirt: Init FTL instance with 2 channels (524288 pages)
[529629.123501] NVMeVirt: GC victim policy: cat-fig7-fixed ns=0 part=0 initial_k=2 initial_scale_pct=200 initial_age_ratio=7 warmup_gc=100
[529629.134384] NVMeVirt: [chmodel_init] bandwidth 800 max_credits 26 tx_time 152
[529629.145268] NVMeVirt: [chmodel_init] bandwidth 800 max_credits 26 tx_time 152
[529629.145282] NVMeVirt: [chmodel_init] bandwidth 3360 max_credits 110 tx_time 36
[529629.145285] NVMeVirt: Fixed CAT init ns=0 part=1 arm=10 k=2 scale_pct=200 age_ratio=7
[529629.146553] NVMeVirt: Init FTL instance with 2 channels (524288 pages)
[529629.146556] NVMeVirt: GC victim policy: cat-fig7-fixed ns=0 part=1 initial_k=2 initial_scale_pct=200 initial_age_ratio=7 warmup_gc=100
[529629.157751] NVMeVirt: [chmodel_init] bandwidth 800 max_credits 26 tx_time 152
[529629.168541] NVMeVirt: [chmodel_init] bandwidth 800 max_credits 26 tx_time 152
[529629.168555] NVMeVirt: [chmodel_init] bandwidth 3360 max_credits 110 tx_time 36
[529629.168557] NVMeVirt: Fixed CAT init ns=0 part=2 arm=10 k=2 scale_pct=200 age_ratio=7
[529629.169982] NVMeVirt: Init FTL instance with 2 channels (524288 pages)
[529629.169984] NVMeVirt: GC victim policy: cat-fig7-fixed ns=0 part=2 initial_k=2 initial_scale_pct=200 initial_age_ratio=7 warmup_gc=100
[529629.180622] NVMeVirt: [chmodel_init] bandwidth 800 max_credits 26 tx_time 152
[529629.191678] NVMeVirt: [chmodel_init] bandwidth 800 max_credits 26 tx_time 152
[529629.191695] NVMeVirt: [chmodel_init] bandwidth 3360 max_credits 110 tx_time 36
[529629.191697] NVMeVirt: Fixed CAT init ns=0 part=3 arm=10 k=2 scale_pct=200 age_ratio=7
[529629.193160] NVMeVirt: Init FTL instance with 2 channels (524288 pages)
[529629.193164] NVMeVirt: GC victim policy: cat-fig7-fixed ns=0 part=3 initial_k=2 initial_scale_pct=200 initial_age_ratio=7 warmup_gc=100
[529629.193182] NVMeVirt: FTL physical space: 8588886016, logical space: 8026996276 (physical/logical * 100 = 107)
[529629.193184] NVMeVirt: ns 0/1: size 7655 MiB
[529629.193233] PCI host bridge to bus 0001:10
[529629.193236] pci_bus 0001:10: root bus resource [io  0x0000-0xffff]
[529629.193238] pci_bus 0001:10: root bus resource [mem 0x00000000-0x7fffffffff]
[529629.193240] pci_bus 0001:10: root bus resource [bus 00-ff]
[529629.193247] pci 0001:10:00.0: [0c51:0110] type 00 class 0x010802 PCIe Endpoint
[529629.193274] pci 0001:10:00.0: BAR 0 [mem 0x100000000-0x100003fff 64bit]
[529629.193276] pci 0001:10:00.0: enabling Extended Tags
[529629.193456] NVMeVirt: Virtual PCI bus created (node 0)
[529629.193734] NVMeVirt: nvmev_io_worker_0 started on cpu 2 (node 0)
[529629.193797] NVMeVirt: Virtual NVMe device created
[529629.193830] NVMeVirt: nvmev_dispatcher started on cpu 1 (node 0)
[529629.194285] nvme nvme0: pci function 0001:10:00.0
[529629.196790] nvme nvme0: 8/0/0 default/read/poll queues
[529630.133916] EXT4-fs (nvme0n1): mounted filesystem bdd296ed-00bf-45d1-833d-682138a72482 r/w with ordered data mode. Quota mode: none.
[529634.560913] iCAT_FILEBENCH_MEASURE_START run=20260917-225236-1550540
[529635.822894] tee (1552198): drop_caches: 3
[529641.344205] tee (1552721): drop_caches: 3
[529647.020503] tee (1552725): drop_caches: 3
[529652.835555] tee (1552751): drop_caches: 3
[529658.425834] tee (1553169): drop_caches: 3
[529664.200106] tee (1554164): drop_caches: 3
[529669.823030] tee (1555924): drop_caches: 3
[529675.437789] tee (1558380): drop_caches: 3
[529681.034480] tee (1560580): drop_caches: 3
[529686.602951] tee (1563029): drop_caches: 3
[529692.374781] tee (1565346): drop_caches: 3
[529698.034711] tee (1567604): drop_caches: 3
[529703.670420] tee (1570311): drop_caches: 3
[529709.235707] tee (1572920): drop_caches: 3
[529716.679560] tee (1575941): drop_caches: 3
[529723.429462] tee (1578360): drop_caches: 3
[529729.168198] tee (1580349): drop_caches: 3
[529734.790785] tee (1582592): drop_caches: 3
[529740.443391] tee (1585124): drop_caches: 3
[529746.062337] tee (1587403): drop_caches: 3
[529751.865477] tee (1589474): drop_caches: 3
[529757.503314] tee (1591405): drop_caches: 3
[529763.106615] tee (1593615): drop_caches: 3
[529768.654562] tee (1595819): drop_caches: 3
[529774.154422] tee (1597861): drop_caches: 3
[529779.670141] tee (1599733): drop_caches: 3
[529785.189856] tee (1601704): drop_caches: 3
[529790.897853] tee (1603720): drop_caches: 3
[529796.488157] tee (1605465): drop_caches: 3
[529802.094958] tee (1607434): drop_caches: 3
[529807.654790] tee (1609481): drop_caches: 3
[529813.334565] tee (1611324): drop_caches: 3
[529819.018390] tee (1613331): drop_caches: 3
[529824.711930] tee (1615331): drop_caches: 3
[529830.335821] tee (1617190): drop_caches: 3
[529835.970626] tee (1619047): drop_caches: 3
[529841.553736] tee (1621188): drop_caches: 3
[529847.273458] tee (1623419): drop_caches: 3
[529852.850801] tee (1625358): drop_caches: 3
[529858.404672] tee (1627352): drop_caches: 3
[529863.946071] tee (1629546): drop_caches: 3
[529869.587838] tee (1631306): drop_caches: 3
[529875.208614] tee (1633393): drop_caches: 3
[529880.898276] tee (1635617): drop_caches: 3
[529886.345913] tee (1637274): drop_caches: 3
[529892.002598] tee (1639408): drop_caches: 3
[529897.640532] tee (1641307): drop_caches: 3
[529903.433168] tee (1643439): drop_caches: 3
[529908.769068] tee (1645584): drop_caches: 3
[529914.278945] tee (1647499): drop_caches: 3
[529920.198571] tee (1649382): drop_caches: 3
[529925.924001] tee (1651284): drop_caches: 3
[529931.625969] tee (1653274): drop_caches: 3
[529936.810112] tee (1654329): drop_caches: 3
[529937.903846] iCAT_FILEBENCH_MEASURE_END run=20260917-225236-1550540
[529941.465956] EXT4-fs (nvme0n1): unmounting filesystem bdd296ed-00bf-45d1-833d-682138a72482.
[529941.818508] pci_bus 0001:10: busn_res: [bus 10-ff] is released
[529941.818840] NVMeVirt: GC stats: ns=0 policy=cat-fig7-fixed host_pages=7189006 gc_pages=4397821 gc_count=181041 WAF=1.611 warmup_gc=100-per-part
[529941.894007] NVMeVirt: Virtual NVMe device closed
