[539355.441195] NVMeVirt: Version 1.10 for >> Samsung 970 Pro SSD <<
[539355.441202] NVMeVirt: Storage: 0x100100000-0x300000000 (8191 MiB)
[539355.451701] NVMeVirt: Total Capacity(GiB,MiB)=2,2048 chs=2 luns=4 lines=8192 blk-size(MiB,KiB)=0,64 line-size(MiB,KiB)=0,256
[539355.462718] NVMeVirt: [chmodel_init] bandwidth 800 max_credits 26 tx_time 152
[539355.474181] NVMeVirt: [chmodel_init] bandwidth 800 max_credits 26 tx_time 152
[539355.474196] NVMeVirt: [chmodel_init] bandwidth 3360 max_credits 110 tx_time 36
[539355.474199] NVMeVirt: Fixed CAT init ns=0 part=0 arm=41 k=7 scale_pct=200 age_ratio=16
[539355.475513] NVMeVirt: pqueue: Copyright (c) 2014, Volkan Yazıcı <volkan.yazici@gmail.com>. All rights reserved.
[539355.475550] NVMeVirt: Init FTL instance with 2 channels (524288 pages)
[539355.475552] NVMeVirt: GC victim policy: cat-fig7-fixed ns=0 part=0 initial_k=7 initial_scale_pct=200 initial_age_ratio=16 warmup_gc=100
[539355.486249] NVMeVirt: [chmodel_init] bandwidth 800 max_credits 26 tx_time 152
[539355.496830] NVMeVirt: [chmodel_init] bandwidth 800 max_credits 26 tx_time 152
[539355.496843] NVMeVirt: [chmodel_init] bandwidth 3360 max_credits 110 tx_time 36
[539355.496846] NVMeVirt: Fixed CAT init ns=0 part=1 arm=41 k=7 scale_pct=200 age_ratio=16
[539355.498126] NVMeVirt: Init FTL instance with 2 channels (524288 pages)
[539355.498128] NVMeVirt: GC victim policy: cat-fig7-fixed ns=0 part=1 initial_k=7 initial_scale_pct=200 initial_age_ratio=16 warmup_gc=100
[539355.508382] NVMeVirt: [chmodel_init] bandwidth 800 max_credits 26 tx_time 152
[539355.519169] NVMeVirt: [chmodel_init] bandwidth 800 max_credits 26 tx_time 152
[539355.519183] NVMeVirt: [chmodel_init] bandwidth 3360 max_credits 110 tx_time 36
[539355.519185] NVMeVirt: Fixed CAT init ns=0 part=2 arm=41 k=7 scale_pct=200 age_ratio=16
[539355.520457] NVMeVirt: Init FTL instance with 2 channels (524288 pages)
[539355.520459] NVMeVirt: GC victim policy: cat-fig7-fixed ns=0 part=2 initial_k=7 initial_scale_pct=200 initial_age_ratio=16 warmup_gc=100
[539355.531058] NVMeVirt: [chmodel_init] bandwidth 800 max_credits 26 tx_time 152
[539355.542885] NVMeVirt: [chmodel_init] bandwidth 800 max_credits 26 tx_time 152
[539355.542900] NVMeVirt: [chmodel_init] bandwidth 3360 max_credits 110 tx_time 36
[539355.542903] NVMeVirt: Fixed CAT init ns=0 part=3 arm=41 k=7 scale_pct=200 age_ratio=16
[539355.544129] NVMeVirt: Init FTL instance with 2 channels (524288 pages)
[539355.544132] NVMeVirt: GC victim policy: cat-fig7-fixed ns=0 part=3 initial_k=7 initial_scale_pct=200 initial_age_ratio=16 warmup_gc=100
[539355.544138] NVMeVirt: FTL physical space: 8588886016, logical space: 8026996276 (physical/logical * 100 = 107)
[539355.544140] NVMeVirt: ns 0/1: size 7655 MiB
[539355.544188] PCI host bridge to bus 0001:10
[539355.544190] pci_bus 0001:10: root bus resource [io  0x0000-0xffff]
[539355.544192] pci_bus 0001:10: root bus resource [mem 0x00000000-0x7fffffffff]
[539355.544209] pci_bus 0001:10: root bus resource [bus 00-ff]
[539355.544217] pci 0001:10:00.0: [0c51:0110] type 00 class 0x010802 PCIe Endpoint
[539355.544221] pci 0001:10:00.0: BAR 0 [mem 0x100000000-0x100003fff 64bit]
[539355.544223] pci 0001:10:00.0: enabling Extended Tags
[539355.544348] NVMeVirt: Virtual PCI bus created (node 0)
[539355.544745] NVMeVirt: nvmev_dispatcher started on cpu 1 (node 0)
[539355.544788] NVMeVirt: Virtual NVMe device created
[539355.544977] nvme nvme0: pci function 0001:10:00.0
[539355.545021] NVMeVirt: nvmev_io_worker_0 started on cpu 2 (node 0)
[539355.547152] nvme nvme0: 8/0/0 default/read/poll queues
[539356.315286] EXT4-fs (nvme0n1): mounted filesystem dc10f79c-d3fe-47c9-a99d-684e5dab4e33 r/w with ordered data mode. Quota mode: none.
[539360.676086] iCAT_FILEBENCH_MEASURE_START run=20260918-013443-2785018
[539362.512675] tee (2786498): drop_caches: 3
[539368.485871] tee (2786531): drop_caches: 3
[539373.889181] tee (2787273): drop_caches: 3
[539379.565344] tee (2788962): drop_caches: 3
[539385.402742] tee (2791424): drop_caches: 3
[539391.055640] tee (2793776): drop_caches: 3
[539396.865622] tee (2796058): drop_caches: 3
[539402.717703] tee (2798524): drop_caches: 3
[539408.472359] tee (2800658): drop_caches: 3
[539414.044100] tee (2802730): drop_caches: 3
[539419.901077] tee (2805082): drop_caches: 3
[539425.604483] tee (2806907): drop_caches: 3
[539431.229026] tee (2809179): drop_caches: 3
[539437.102192] tee (2811035): drop_caches: 3
[539442.871404] tee (2813046): drop_caches: 3
[539448.564169] tee (2815171): drop_caches: 3
[539454.337421] tee (2816904): drop_caches: 3
[539459.959083] tee (2818628): drop_caches: 3
[539465.669797] tee (2820317): drop_caches: 3
[539471.447313] tee (2822084): drop_caches: 3
[539477.135091] tee (2823633): drop_caches: 3
[539482.829444] tee (2825300): drop_caches: 3
[539488.642689] tee (2827082): drop_caches: 3
[539494.382005] tee (2828747): drop_caches: 3
[539500.283855] tee (2830351): drop_caches: 3
[539506.040954] tee (2832004): drop_caches: 3
[539511.822017] tee (2833440): drop_caches: 3
[539517.606843] tee (2835153): drop_caches: 3
[539523.419619] tee (2837009): drop_caches: 3
[539529.146935] tee (2838895): drop_caches: 3
[539534.907105] tee (2840350): drop_caches: 3
[539540.786469] tee (2841983): drop_caches: 3
[539546.468199] tee (2843569): drop_caches: 3
[539552.372762] tee (2845322): drop_caches: 3
[539558.252601] tee (2847132): drop_caches: 3
[539563.802119] tee (2848731): drop_caches: 3
[539569.587841] tee (2850322): drop_caches: 3
[539575.190758] tee (2852320): drop_caches: 3
[539580.726074] tee (2854117): drop_caches: 3
[539586.540168] tee (2855887): drop_caches: 3
[539592.360358] tee (2857512): drop_caches: 3
[539598.090866] tee (2859197): drop_caches: 3
[539603.958010] tee (2860853): drop_caches: 3
[539609.754378] tee (2862259): drop_caches: 3
[539615.695215] tee (2864060): drop_caches: 3
[539621.434747] tee (2865683): drop_caches: 3
[539627.099740] tee (2867130): drop_caches: 3
[539632.958517] tee (2868621): drop_caches: 3
[539638.750281] tee (2870331): drop_caches: 3
[539644.430792] tee (2871902): drop_caches: 3
[539650.086837] tee (2873590): drop_caches: 3
[539655.876701] tee (2875285): drop_caches: 3
[539661.381999] tee (2876666): drop_caches: 3
[539664.010410] iCAT_FILEBENCH_MEASURE_END run=20260918-013443-2785018
[539665.997016] EXT4-fs (nvme0n1): unmounting filesystem dc10f79c-d3fe-47c9-a99d-684e5dab4e33.
[539666.357784] pci_bus 0001:10: busn_res: [bus 10-ff] is released
[539666.357878] NVMeVirt: GC stats: ns=0 policy=cat-fig7-fixed host_pages=8366889 gc_pages=5437035 gc_count=215683 WAF=1.649 warmup_gc=100-per-part
[539666.428746] NVMeVirt: Virtual NVMe device closed
