[544991.075909] NVMeVirt: Version 1.10 for >> Samsung 970 Pro SSD <<
[544991.075915] NVMeVirt: Storage: 0x100100000-0x300000000 (8191 MiB)
[544991.086703] NVMeVirt: Total Capacity(GiB,MiB)=2,2048 chs=2 luns=4 lines=8192 blk-size(MiB,KiB)=0,64 line-size(MiB,KiB)=0,256
[544991.098023] NVMeVirt: [chmodel_init] bandwidth 800 max_credits 26 tx_time 152
[544991.108925] NVMeVirt: [chmodel_init] bandwidth 800 max_credits 26 tx_time 152
[544991.108941] NVMeVirt: [chmodel_init] bandwidth 3360 max_credits 110 tx_time 36
[544991.108943] NVMeVirt: Fixed CAT init ns=0 part=0 arm=59 k=10 scale_pct=400 age_ratio=16
[544991.109882] NVMeVirt: pqueue: Copyright (c) 2014, Volkan Yazıcı <volkan.yazici@gmail.com>. All rights reserved.
[544991.109919] NVMeVirt: Init FTL instance with 2 channels (524288 pages)
[544991.109921] NVMeVirt: GC victim policy: cat-fig7-fixed ns=0 part=0 initial_k=10 initial_scale_pct=400 initial_age_ratio=16 warmup_gc=100
[544991.120988] NVMeVirt: [chmodel_init] bandwidth 800 max_credits 26 tx_time 152
[544991.131838] NVMeVirt: [chmodel_init] bandwidth 800 max_credits 26 tx_time 152
[544991.131853] NVMeVirt: [chmodel_init] bandwidth 3360 max_credits 110 tx_time 36
[544991.131855] NVMeVirt: Fixed CAT init ns=0 part=1 arm=59 k=10 scale_pct=400 age_ratio=16
[544991.132770] NVMeVirt: Init FTL instance with 2 channels (524288 pages)
[544991.132774] NVMeVirt: GC victim policy: cat-fig7-fixed ns=0 part=1 initial_k=10 initial_scale_pct=400 initial_age_ratio=16 warmup_gc=100
[544991.143707] NVMeVirt: [chmodel_init] bandwidth 800 max_credits 26 tx_time 152
[544991.154685] NVMeVirt: [chmodel_init] bandwidth 800 max_credits 26 tx_time 152
[544991.154699] NVMeVirt: [chmodel_init] bandwidth 3360 max_credits 110 tx_time 36
[544991.154701] NVMeVirt: Fixed CAT init ns=0 part=2 arm=59 k=10 scale_pct=400 age_ratio=16
[544991.155663] NVMeVirt: Init FTL instance with 2 channels (524288 pages)
[544991.155666] NVMeVirt: GC victim policy: cat-fig7-fixed ns=0 part=2 initial_k=10 initial_scale_pct=400 initial_age_ratio=16 warmup_gc=100
[544991.168272] NVMeVirt: [chmodel_init] bandwidth 800 max_credits 26 tx_time 152
[544991.179465] NVMeVirt: [chmodel_init] bandwidth 800 max_credits 26 tx_time 152
[544991.179480] NVMeVirt: [chmodel_init] bandwidth 3360 max_credits 110 tx_time 36
[544991.179482] NVMeVirt: Fixed CAT init ns=0 part=3 arm=59 k=10 scale_pct=400 age_ratio=16
[544991.180451] NVMeVirt: Init FTL instance with 2 channels (524288 pages)
[544991.180454] NVMeVirt: GC victim policy: cat-fig7-fixed ns=0 part=3 initial_k=10 initial_scale_pct=400 initial_age_ratio=16 warmup_gc=100
[544991.180461] NVMeVirt: FTL physical space: 8588886016, logical space: 8026996276 (physical/logical * 100 = 107)
[544991.180463] NVMeVirt: ns 0/1: size 7655 MiB
[544991.180519] PCI host bridge to bus 0001:10
[544991.180521] pci_bus 0001:10: root bus resource [io  0x0000-0xffff]
[544991.180524] pci_bus 0001:10: root bus resource [mem 0x00000000-0x7fffffffff]
[544991.180526] pci_bus 0001:10: root bus resource [bus 00-ff]
[544991.180534] pci 0001:10:00.0: [0c51:0110] type 00 class 0x010802 PCIe Endpoint
[544991.180538] pci 0001:10:00.0: BAR 0 [mem 0x100000000-0x100003fff 64bit]
[544991.180541] pci 0001:10:00.0: enabling Extended Tags
[544991.180672] NVMeVirt: Virtual PCI bus created (node 0)
[544991.181033] NVMeVirt: nvmev_io_worker_0 started on cpu 2 (node 0)
[544991.181134] NVMeVirt: Virtual NVMe device created
[544991.181252] NVMeVirt: nvmev_dispatcher started on cpu 1 (node 0)
[544991.181344] nvme nvme0: pci function 0001:10:00.0
[544991.185525] nvme nvme0: 8/0/0 default/read/poll queues
[544992.094609] EXT4-fs (nvme0n1): mounted filesystem 8f44b5aa-cbfb-48ce-aaf5-cf274815f583 r/w with ordered data mode. Quota mode: none.
[544996.058261] iCAT_FILEBENCH_MEASURE_START run=20260918-030838-3770222
[544996.633043] tee (3771195): drop_caches: 3
[545002.802397] tee (3772190): drop_caches: 3
[545008.762153] tee (3772287): drop_caches: 3
[545015.155667] tee (3772568): drop_caches: 3
[545021.053368] tee (3772785): drop_caches: 3
[545026.669467] tee (3773068): drop_caches: 3
[545032.527791] tee (3773405): drop_caches: 3
[545038.258167] tee (3773907): drop_caches: 3
[545044.381700] tee (3774516): drop_caches: 3
[545050.176988] tee (3775124): drop_caches: 3
[545055.955845] tee (3775853): drop_caches: 3
[545061.640783] tee (3776585): drop_caches: 3
[545067.181962] tee (3777201): drop_caches: 3
[545073.233208] tee (3778060): drop_caches: 3
[545079.045125] tee (3778925): drop_caches: 3
[545087.336654] tee (3780005): drop_caches: 3
[545093.273501] tee (3780708): drop_caches: 3
[545099.408388] tee (3781446): drop_caches: 3
[545105.119666] tee (3782019): drop_caches: 3
[545110.801932] tee (3782748): drop_caches: 3
[545116.643137] tee (3783526): drop_caches: 3
[545122.265317] tee (3784273): drop_caches: 3
[545128.039703] tee (3784947): drop_caches: 3
[545133.800870] tee (3785703): drop_caches: 3
[545139.550180] tee (3786363): drop_caches: 3
[545145.151415] tee (3787037): drop_caches: 3
[545150.802317] tee (3787801): drop_caches: 3
[545156.417927] tee (3788609): drop_caches: 3
[545162.119956] tee (3789358): drop_caches: 3
[545167.799507] tee (3789961): drop_caches: 3
[545173.729792] tee (3790598): drop_caches: 3
[545179.459755] tee (3791364): drop_caches: 3
[545185.085110] tee (3792065): drop_caches: 3
[545190.790590] tee (3792867): drop_caches: 3
[545196.667515] tee (3793627): drop_caches: 3
[545202.261645] tee (3794304): drop_caches: 3
[545208.058547] tee (3795070): drop_caches: 3
[545213.729702] tee (3795767): drop_caches: 3
[545219.496677] tee (3796341): drop_caches: 3
[545225.088176] tee (3796986): drop_caches: 3
[545230.680801] tee (3797517): drop_caches: 3
[545236.510044] tee (3798162): drop_caches: 3
[545242.322356] tee (3798792): drop_caches: 3
[545248.042498] tee (3799623): drop_caches: 3
[545253.760304] tee (3800431): drop_caches: 3
[545259.464525] tee (3801156): drop_caches: 3
[545265.253563] tee (3801918): drop_caches: 3
[545270.937607] tee (3802570): drop_caches: 3
[545276.908556] tee (3803497): drop_caches: 3
[545282.523768] tee (3804049): drop_caches: 3
[545288.309970] tee (3804894): drop_caches: 3
[545293.882356] tee (3805517): drop_caches: 3
[545299.155740] iCAT_FILEBENCH_MEASURE_END run=20260918-030838-3770222
[545299.245353] tee (3805727): drop_caches: 3
[545301.200875] EXT4-fs (nvme0n1): unmounting filesystem 8f44b5aa-cbfb-48ce-aaf5-cf274815f583.
[545301.467360] pci_bus 0001:10: busn_res: [bus 10-ff] is released
[545301.467557] NVMeVirt: GC stats: ns=0 policy=cat-fig7-fixed host_pages=8581107 gc_pages=5942745 gc_count=226933 WAF=1.692 warmup_gc=100-per-part
[545301.539414] NVMeVirt: Virtual NVMe device closed
