[527122.523710] NVMeVirt: Version 1.10 for >> Samsung 970 Pro SSD <<
[527122.523716] NVMeVirt: Storage: 0x100100000-0x300000000 (8191 MiB)
[527122.534864] NVMeVirt: Total Capacity(GiB,MiB)=2,2048 chs=2 luns=4 lines=8192 blk-size(MiB,KiB)=0,64 line-size(MiB,KiB)=0,256
[527122.546235] NVMeVirt: [chmodel_init] bandwidth 800 max_credits 26 tx_time 152
[527122.556575] NVMeVirt: [chmodel_init] bandwidth 800 max_credits 26 tx_time 152
[527122.556592] NVMeVirt: [chmodel_init] bandwidth 3360 max_credits 110 tx_time 36
[527122.556609] NVMeVirt: Fixed CAT init ns=0 part=0 arm=2 k=2 scale_pct=25 age_ratio=16
[527122.557897] NVMeVirt: pqueue: Copyright (c) 2014, Volkan Yazıcı <volkan.yazici@gmail.com>. All rights reserved.
[527122.557932] NVMeVirt: Init FTL instance with 2 channels (524288 pages)
[527122.557934] NVMeVirt: GC victim policy: cat-fig7-fixed ns=0 part=0 initial_k=2 initial_scale_pct=25 initial_age_ratio=16 warmup_gc=100
[527122.569812] NVMeVirt: [chmodel_init] bandwidth 800 max_credits 26 tx_time 152
[527122.580398] NVMeVirt: [chmodel_init] bandwidth 800 max_credits 26 tx_time 152
[527122.580412] NVMeVirt: [chmodel_init] bandwidth 3360 max_credits 110 tx_time 36
[527122.580414] NVMeVirt: Fixed CAT init ns=0 part=1 arm=2 k=2 scale_pct=25 age_ratio=16
[527122.581688] NVMeVirt: Init FTL instance with 2 channels (524288 pages)
[527122.581692] NVMeVirt: GC victim policy: cat-fig7-fixed ns=0 part=1 initial_k=2 initial_scale_pct=25 initial_age_ratio=16 warmup_gc=100
[527122.591931] NVMeVirt: [chmodel_init] bandwidth 800 max_credits 26 tx_time 152
[527122.603464] NVMeVirt: [chmodel_init] bandwidth 800 max_credits 26 tx_time 152
[527122.603481] NVMeVirt: [chmodel_init] bandwidth 3360 max_credits 110 tx_time 36
[527122.603483] NVMeVirt: Fixed CAT init ns=0 part=2 arm=2 k=2 scale_pct=25 age_ratio=16
[527122.604952] NVMeVirt: Init FTL instance with 2 channels (524288 pages)
[527122.604956] NVMeVirt: GC victim policy: cat-fig7-fixed ns=0 part=2 initial_k=2 initial_scale_pct=25 initial_age_ratio=16 warmup_gc=100
[527122.615212] NVMeVirt: [chmodel_init] bandwidth 800 max_credits 26 tx_time 152
[527122.625589] NVMeVirt: [chmodel_init] bandwidth 800 max_credits 26 tx_time 152
[527122.625603] NVMeVirt: [chmodel_init] bandwidth 3360 max_credits 110 tx_time 36
[527122.625605] NVMeVirt: Fixed CAT init ns=0 part=3 arm=2 k=2 scale_pct=25 age_ratio=16
[527122.626954] NVMeVirt: Init FTL instance with 2 channels (524288 pages)
[527122.626957] NVMeVirt: GC victim policy: cat-fig7-fixed ns=0 part=3 initial_k=2 initial_scale_pct=25 initial_age_ratio=16 warmup_gc=100
[527122.626964] NVMeVirt: FTL physical space: 8588886016, logical space: 8026996276 (physical/logical * 100 = 107)
[527122.626965] NVMeVirt: ns 0/1: size 7655 MiB
[527122.627016] PCI host bridge to bus 0001:10
[527122.627019] pci_bus 0001:10: root bus resource [io  0x0000-0xffff]
[527122.627022] pci_bus 0001:10: root bus resource [mem 0x00000000-0x7fffffffff]
[527122.627025] pci_bus 0001:10: root bus resource [bus 00-ff]
[527122.627034] pci 0001:10:00.0: [0c51:0110] type 00 class 0x010802 PCIe Endpoint
[527122.627040] pci 0001:10:00.0: BAR 0 [mem 0x100000000-0x100003fff 64bit]
[527122.627043] pci 0001:10:00.0: enabling Extended Tags
[527122.627182] NVMeVirt: Virtual PCI bus created (node 0)
[527122.627482] NVMeVirt: nvmev_io_worker_0 started on cpu 2 (node 0)
[527122.627501] NVMeVirt: nvmev_dispatcher started on cpu 1 (node 0)
[527122.627532] NVMeVirt: Virtual NVMe device created
[527122.628322] nvme nvme0: pci function 0001:10:00.0
[527122.630204] nvme nvme0: 8/0/0 default/read/poll queues
[527123.715007] EXT4-fs (nvme0n1): mounted filesystem f81d62aa-12b6-4b4f-bdb4-76842af4dc03 r/w with ordered data mode. Quota mode: none.
[527128.114002] iCAT_FILEBENCH_MEASURE_START run=20260917-221050-1095882
[527128.507020] tee (1096411): drop_caches: 3
[527134.136416] tee (1097625): drop_caches: 3
[527139.759793] tee (1097629): drop_caches: 3
[527145.422723] tee (1097676): drop_caches: 3
[527151.064256] tee (1097705): drop_caches: 3
[527156.888975] tee (1097992): drop_caches: 3
[527162.571333] tee (1098450): drop_caches: 3
[527168.466866] tee (1099348): drop_caches: 3
[527174.135733] tee (1100168): drop_caches: 3
[527179.868952] tee (1101144): drop_caches: 3
[527185.653720] tee (1102150): drop_caches: 3
[527191.409209] tee (1102878): drop_caches: 3
[527197.149698] tee (1103673): drop_caches: 3
[527202.975599] tee (1104562): drop_caches: 3
[527208.597648] tee (1105398): drop_caches: 3
[527214.430984] tee (1106291): drop_caches: 3
[527220.295217] tee (1107528): drop_caches: 3
[527226.012809] tee (1108243): drop_caches: 3
[527231.673991] tee (1109162): drop_caches: 3
[527237.273514] tee (1109993): drop_caches: 3
[527243.080411] tee (1110861): drop_caches: 3
[527248.891971] tee (1111721): drop_caches: 3
[527254.704949] tee (1112708): drop_caches: 3
[527260.631347] tee (1113762): drop_caches: 3
[527266.335487] tee (1114419): drop_caches: 3
[527272.245900] tee (1115285): drop_caches: 3
[527277.916442] tee (1116065): drop_caches: 3
[527283.657226] tee (1116942): drop_caches: 3
[527289.403970] tee (1117706): drop_caches: 3
[527295.027177] tee (1118458): drop_caches: 3
[527300.969756] tee (1119195): drop_caches: 3
[527306.770988] tee (1119959): drop_caches: 3
[527312.499546] tee (1120863): drop_caches: 3
[527318.339338] tee (1121613): drop_caches: 3
[527324.226442] tee (1122561): drop_caches: 3
[527330.063979] tee (1123499): drop_caches: 3
[527335.792141] tee (1124170): drop_caches: 3
[527341.478785] tee (1125137): drop_caches: 3
[527347.240925] tee (1126064): drop_caches: 3
[527353.092779] tee (1126862): drop_caches: 3
[527358.838849] tee (1127841): drop_caches: 3
[527364.705826] tee (1128631): drop_caches: 3
[527370.444772] tee (1129470): drop_caches: 3
[527375.688937] tee (1130344): drop_caches: 3
[527381.627324] tee (1131288): drop_caches: 3
[527387.326674] tee (1132088): drop_caches: 3
[527393.033889] tee (1132933): drop_caches: 3
[527398.734802] tee (1133797): drop_caches: 3
[527404.362329] tee (1134598): drop_caches: 3
[527409.970914] tee (1135418): drop_caches: 3
[527415.687655] tee (1136238): drop_caches: 3
[527421.432507] tee (1137049): drop_caches: 3
[527427.063882] tee (1137838): drop_caches: 3
[527431.476680] iCAT_FILEBENCH_MEASURE_END run=20260917-221050-1095882
[527431.561241] tee (1138198): drop_caches: 3
[527437.054556] EXT4-fs (nvme0n1): unmounting filesystem f81d62aa-12b6-4b4f-bdb4-76842af4dc03.
[527437.347703] pci_bus 0001:10: busn_res: [bus 10-ff] is released
[527437.347856] NVMeVirt: GC stats: ns=0 policy=cat-fig7-fixed host_pages=7687234 gc_pages=5169452 gc_count=200880 WAF=1.672 warmup_gc=100-per-part
[527437.420209] NVMeVirt: Virtual NVMe device closed
