[532448.775316] NVMeVirt: Version 1.10 for >> Samsung 970 Pro SSD <<
[532448.775322] NVMeVirt: Storage: 0x100100000-0x300000000 (8191 MiB)
[532448.786129] NVMeVirt: Total Capacity(GiB,MiB)=2,2048 chs=2 luns=4 lines=8192 blk-size(MiB,KiB)=0,64 line-size(MiB,KiB)=0,256
[532448.797188] NVMeVirt: [chmodel_init] bandwidth 800 max_credits 26 tx_time 152
[532448.807946] NVMeVirt: [chmodel_init] bandwidth 800 max_credits 26 tx_time 152
[532448.807960] NVMeVirt: [chmodel_init] bandwidth 3360 max_credits 110 tx_time 36
[532448.807963] NVMeVirt: Fixed CAT init ns=0 part=0 arm=19 k=4 scale_pct=50 age_ratio=7
[532448.809370] NVMeVirt: pqueue: Copyright (c) 2014, Volkan Yazıcı <volkan.yazici@gmail.com>. All rights reserved.
[532448.809420] NVMeVirt: Init FTL instance with 2 channels (524288 pages)
[532448.809423] NVMeVirt: GC victim policy: cat-fig7-fixed ns=0 part=0 initial_k=4 initial_scale_pct=50 initial_age_ratio=7 warmup_gc=100
[532448.820623] NVMeVirt: [chmodel_init] bandwidth 800 max_credits 26 tx_time 152
[532448.831247] NVMeVirt: [chmodel_init] bandwidth 800 max_credits 26 tx_time 152
[532448.831259] NVMeVirt: [chmodel_init] bandwidth 3360 max_credits 110 tx_time 36
[532448.831262] NVMeVirt: Fixed CAT init ns=0 part=1 arm=19 k=4 scale_pct=50 age_ratio=7
[532448.832483] NVMeVirt: Init FTL instance with 2 channels (524288 pages)
[532448.832485] NVMeVirt: GC victim policy: cat-fig7-fixed ns=0 part=1 initial_k=4 initial_scale_pct=50 initial_age_ratio=7 warmup_gc=100
[532448.843203] NVMeVirt: [chmodel_init] bandwidth 800 max_credits 26 tx_time 152
[532448.854140] NVMeVirt: [chmodel_init] bandwidth 800 max_credits 26 tx_time 152
[532448.854155] NVMeVirt: [chmodel_init] bandwidth 3360 max_credits 110 tx_time 36
[532448.854157] NVMeVirt: Fixed CAT init ns=0 part=2 arm=19 k=4 scale_pct=50 age_ratio=7
[532448.855429] NVMeVirt: Init FTL instance with 2 channels (524288 pages)
[532448.855432] NVMeVirt: GC victim policy: cat-fig7-fixed ns=0 part=2 initial_k=4 initial_scale_pct=50 initial_age_ratio=7 warmup_gc=100
[532448.866133] NVMeVirt: [chmodel_init] bandwidth 800 max_credits 26 tx_time 152
[532448.877893] NVMeVirt: [chmodel_init] bandwidth 800 max_credits 26 tx_time 152
[532448.877909] NVMeVirt: [chmodel_init] bandwidth 3360 max_credits 110 tx_time 36
[532448.877911] NVMeVirt: Fixed CAT init ns=0 part=3 arm=19 k=4 scale_pct=50 age_ratio=7
[532448.879240] NVMeVirt: Init FTL instance with 2 channels (524288 pages)
[532448.879242] NVMeVirt: GC victim policy: cat-fig7-fixed ns=0 part=3 initial_k=4 initial_scale_pct=50 initial_age_ratio=7 warmup_gc=100
[532448.879249] NVMeVirt: FTL physical space: 8588886016, logical space: 8026996276 (physical/logical * 100 = 107)
[532448.879250] NVMeVirt: ns 0/1: size 7655 MiB
[532448.879300] PCI host bridge to bus 0001:10
[532448.879303] pci_bus 0001:10: root bus resource [io  0x0000-0xffff]
[532448.879306] pci_bus 0001:10: root bus resource [mem 0x00000000-0x7fffffffff]
[532448.879309] pci_bus 0001:10: root bus resource [bus 00-ff]
[532448.879317] pci 0001:10:00.0: [0c51:0110] type 00 class 0x010802 PCIe Endpoint
[532448.879322] pci 0001:10:00.0: BAR 0 [mem 0x100000000-0x100003fff 64bit]
[532448.879325] pci 0001:10:00.0: enabling Extended Tags
[532448.879484] NVMeVirt: Virtual PCI bus created (node 0)
[532448.879753] NVMeVirt: nvmev_io_worker_0 started on cpu 2 (node 0)
[532448.879834] NVMeVirt: nvmev_dispatcher started on cpu 1 (node 0)
[532448.879861] NVMeVirt: Virtual NVMe device created
[532448.880381] nvme nvme0: pci function 0001:10:00.0
[532448.883912] nvme nvme0: 8/0/0 default/read/poll queues
[532449.631366] EXT4-fs (nvme0n1): mounted filesystem 511144a0-b63e-49c6-96ed-83afd2e6fd99 r/w with ordered data mode. Quota mode: none.
[532453.776939] iCAT_FILEBENCH_MEASURE_START run=20260917-233936-1923949
[532454.198398] tee (1924867): drop_caches: 3
[532460.260776] tee (1925944): drop_caches: 3
[532465.918382] tee (1925950): drop_caches: 3
[532471.617998] tee (1926248): drop_caches: 3
[532477.016047] tee (1926561): drop_caches: 3
[532483.923866] tee (1926750): drop_caches: 3
[532490.497116] tee (1927260): drop_caches: 3
[532496.599820] tee (1927727): drop_caches: 3
[532502.222191] tee (1928090): drop_caches: 3
[532507.882115] tee (1928388): drop_caches: 3
[532513.519918] tee (1928743): drop_caches: 3
[532519.223545] tee (1929032): drop_caches: 3
[532524.991072] tee (1929190): drop_caches: 3
[532530.750497] tee (1929574): drop_caches: 3
[532536.594006] tee (1929652): drop_caches: 3
[532542.558489] tee (1929856): drop_caches: 3
[532548.313479] tee (1930088): drop_caches: 3
[532554.640984] tee (1930342): drop_caches: 3
[532560.874470] tee (1930559): drop_caches: 3
[532566.695778] tee (1930772): drop_caches: 3
[532572.598999] tee (1930901): drop_caches: 3
[532578.359520] tee (1931222): drop_caches: 3
[532584.236892] tee (1931868): drop_caches: 3
[532590.036440] tee (1932435): drop_caches: 3
[532595.777214] tee (1932947): drop_caches: 3
[532601.557697] tee (1933635): drop_caches: 3
[532607.254032] tee (1934129): drop_caches: 3
[532612.853408] tee (1934621): drop_caches: 3
[532618.525936] tee (1935185): drop_caches: 3
[532624.267624] tee (1935806): drop_caches: 3
[532629.934803] tee (1936283): drop_caches: 3
[532635.731142] tee (1936624): drop_caches: 3
[532641.362925] tee (1937113): drop_caches: 3
[532647.164234] tee (1937934): drop_caches: 3
[532652.855371] tee (1938623): drop_caches: 3
[532658.582053] tee (1939190): drop_caches: 3
[532664.247843] tee (1939756): drop_caches: 3
[532669.665059] tee (1940053): drop_caches: 3
[532675.242973] tee (1940613): drop_caches: 3
[532680.849267] tee (1941098): drop_caches: 3
[532686.371488] tee (1941724): drop_caches: 3
[532692.074867] tee (1942305): drop_caches: 3
[532697.898647] tee (1942750): drop_caches: 3
[532703.628226] tee (1943421): drop_caches: 3
[532709.658871] tee (1944119): drop_caches: 3
[532715.544773] tee (1944829): drop_caches: 3
[532721.226569] tee (1945310): drop_caches: 3
[532726.899792] tee (1945856): drop_caches: 3
[532732.864631] tee (1946435): drop_caches: 3
[532738.691942] tee (1947011): drop_caches: 3
[532744.518352] tee (1947480): drop_caches: 3
[532750.180506] tee (1948139): drop_caches: 3
[532755.420990] tee (1948507): drop_caches: 3
[532756.951607] iCAT_FILEBENCH_MEASURE_END run=20260917-233936-1923949
[532760.023514] EXT4-fs (nvme0n1): unmounting filesystem 511144a0-b63e-49c6-96ed-83afd2e6fd99.
[532760.362518] pci_bus 0001:10: busn_res: [bus 10-ff] is released
[532760.362646] NVMeVirt: GC stats: ns=0 policy=cat-fig7-fixed host_pages=8045397 gc_pages=4462105 gc_count=195428 WAF=1.554 warmup_gc=100-per-part
[532760.432834] NVMeVirt: Virtual NVMe device closed
