[539667.975853] NVMeVirt: Version 1.10 for >> Samsung 970 Pro SSD <<
[539667.975861] NVMeVirt: Storage: 0x100100000-0x300000000 (8191 MiB)
[539667.986673] NVMeVirt: Total Capacity(GiB,MiB)=2,2048 chs=2 luns=4 lines=8192 blk-size(MiB,KiB)=0,64 line-size(MiB,KiB)=0,256
[539667.997517] NVMeVirt: [chmodel_init] bandwidth 800 max_credits 26 tx_time 152
[539668.008076] NVMeVirt: [chmodel_init] bandwidth 800 max_credits 26 tx_time 152
[539668.008091] NVMeVirt: [chmodel_init] bandwidth 3360 max_credits 110 tx_time 36
[539668.008093] NVMeVirt: Fixed CAT init ns=0 part=0 arm=42 k=7 scale_pct=400 age_ratio=4
[539668.009294] NVMeVirt: pqueue: Copyright (c) 2014, Volkan Yazıcı <volkan.yazici@gmail.com>. All rights reserved.
[539668.009331] NVMeVirt: Init FTL instance with 2 channels (524288 pages)
[539668.009333] NVMeVirt: GC victim policy: cat-fig7-fixed ns=0 part=0 initial_k=7 initial_scale_pct=400 initial_age_ratio=4 warmup_gc=100
[539668.019893] NVMeVirt: [chmodel_init] bandwidth 800 max_credits 26 tx_time 152
[539668.030552] NVMeVirt: [chmodel_init] bandwidth 800 max_credits 26 tx_time 152
[539668.030567] NVMeVirt: [chmodel_init] bandwidth 3360 max_credits 110 tx_time 36
[539668.030569] NVMeVirt: Fixed CAT init ns=0 part=1 arm=42 k=7 scale_pct=400 age_ratio=4
[539668.031930] NVMeVirt: Init FTL instance with 2 channels (524288 pages)
[539668.031934] NVMeVirt: GC victim policy: cat-fig7-fixed ns=0 part=1 initial_k=7 initial_scale_pct=400 initial_age_ratio=4 warmup_gc=100
[539668.042381] NVMeVirt: [chmodel_init] bandwidth 800 max_credits 26 tx_time 152
[539668.052809] NVMeVirt: [chmodel_init] bandwidth 800 max_credits 26 tx_time 152
[539668.052822] NVMeVirt: [chmodel_init] bandwidth 3360 max_credits 110 tx_time 36
[539668.052824] NVMeVirt: Fixed CAT init ns=0 part=2 arm=42 k=7 scale_pct=400 age_ratio=4
[539668.054072] NVMeVirt: Init FTL instance with 2 channels (524288 pages)
[539668.054074] NVMeVirt: GC victim policy: cat-fig7-fixed ns=0 part=2 initial_k=7 initial_scale_pct=400 initial_age_ratio=4 warmup_gc=100
[539668.065444] NVMeVirt: [chmodel_init] bandwidth 800 max_credits 26 tx_time 152
[539668.076198] NVMeVirt: [chmodel_init] bandwidth 800 max_credits 26 tx_time 152
[539668.076213] NVMeVirt: [chmodel_init] bandwidth 3360 max_credits 110 tx_time 36
[539668.076215] NVMeVirt: Fixed CAT init ns=0 part=3 arm=42 k=7 scale_pct=400 age_ratio=4
[539668.077455] NVMeVirt: Init FTL instance with 2 channels (524288 pages)
[539668.077457] NVMeVirt: GC victim policy: cat-fig7-fixed ns=0 part=3 initial_k=7 initial_scale_pct=400 initial_age_ratio=4 warmup_gc=100
[539668.077464] NVMeVirt: FTL physical space: 8588886016, logical space: 8026996276 (physical/logical * 100 = 107)
[539668.077466] NVMeVirt: ns 0/1: size 7655 MiB
[539668.077515] PCI host bridge to bus 0001:10
[539668.077518] pci_bus 0001:10: root bus resource [io  0x0000-0xffff]
[539668.077520] pci_bus 0001:10: root bus resource [mem 0x00000000-0x7fffffffff]
[539668.077522] pci_bus 0001:10: root bus resource [bus 00-ff]
[539668.077530] pci 0001:10:00.0: [0c51:0110] type 00 class 0x010802 PCIe Endpoint
[539668.077534] pci 0001:10:00.0: BAR 0 [mem 0x100000000-0x100003fff 64bit]
[539668.077537] pci 0001:10:00.0: enabling Extended Tags
[539668.077705] NVMeVirt: Virtual PCI bus created (node 0)
[539668.077965] NVMeVirt: nvmev_io_worker_0 started on cpu 2 (node 0)
[539668.078040] NVMeVirt: nvmev_dispatcher started on cpu 1 (node 0)
[539668.078089] NVMeVirt: Virtual NVMe device created
[539668.078300] nvme nvme0: pci function 0001:10:00.0
[539668.080380] nvme nvme0: 8/0/0 default/read/poll queues
[539668.785291] EXT4-fs (nvme0n1): mounted filesystem 47a3bec3-0659-466a-b676-90b209422182 r/w with ordered data mode. Quota mode: none.
[539672.674375] iCAT_FILEBENCH_MEASURE_START run=20260918-013955-2876718
[539673.337391] tee (2877617): drop_caches: 3
[539680.163565] tee (2878428): drop_caches: 3
[539687.022493] tee (2881021): drop_caches: 3
[539693.537357] tee (2883188): drop_caches: 3
[539699.223042] tee (2885793): drop_caches: 3
[539705.228331] tee (2887922): drop_caches: 3
[539711.089036] tee (2890104): drop_caches: 3
[539717.037276] tee (2892514): drop_caches: 3
[539722.887606] tee (2894481): drop_caches: 3
[539728.795556] tee (2896264): drop_caches: 3
[539734.569767] tee (2898164): drop_caches: 3
[539740.222040] tee (2899965): drop_caches: 3
[539745.823451] tee (2901787): drop_caches: 3
[539751.766143] tee (2903635): drop_caches: 3
[539757.426600] tee (2905678): drop_caches: 3
[539763.266591] tee (2907496): drop_caches: 3
[539769.261507] tee (2909489): drop_caches: 3
[539774.895379] tee (2911135): drop_caches: 3
[539780.786664] tee (2912591): drop_caches: 3
[539786.579579] tee (2914331): drop_caches: 3
[539792.472584] tee (2916039): drop_caches: 3
[539798.176273] tee (2917611): drop_caches: 3
[539803.935183] tee (2919155): drop_caches: 3
[539809.656951] tee (2920654): drop_caches: 3
[539815.597205] tee (2922438): drop_caches: 3
[539821.529696] tee (2924306): drop_caches: 3
[539827.380031] tee (2926121): drop_caches: 3
[539832.989529] tee (2927747): drop_caches: 3
[539838.632670] tee (2929361): drop_caches: 3
[539844.270365] tee (2930769): drop_caches: 3
[539849.982947] tee (2932400): drop_caches: 3
[539855.709135] tee (2933800): drop_caches: 3
[539861.722519] tee (2935397): drop_caches: 3
[539867.519762] tee (2936956): drop_caches: 3
[539873.058845] tee (2938348): drop_caches: 3
[539878.793495] tee (2939825): drop_caches: 3
[539884.851832] tee (2941577): drop_caches: 3
[539890.663759] tee (2942961): drop_caches: 3
[539896.663368] tee (2944455): drop_caches: 3
[539902.338652] tee (2945789): drop_caches: 3
[539908.158636] tee (2947337): drop_caches: 3
[539913.940239] tee (2948805): drop_caches: 3
[539919.898031] tee (2950486): drop_caches: 3
[539925.848957] tee (2952128): drop_caches: 3
[539931.657315] tee (2953596): drop_caches: 3
[539937.390444] tee (2955265): drop_caches: 3
[539943.277748] tee (2956871): drop_caches: 3
[539949.037551] tee (2958411): drop_caches: 3
[539954.884129] tee (2959937): drop_caches: 3
[539960.720146] tee (2961495): drop_caches: 3
[539966.453541] tee (2962927): drop_caches: 3
[539972.416924] tee (2964508): drop_caches: 3
[539975.838787] iCAT_FILEBENCH_MEASURE_END run=20260918-013955-2876718
[539977.214048] EXT4-fs (nvme0n1): unmounting filesystem 47a3bec3-0659-466a-b676-90b209422182.
[539977.550493] pci_bus 0001:10: busn_res: [bus 10-ff] is released
[539977.550534] NVMeVirt: GC stats: ns=0 policy=cat-fig7-fixed host_pages=8142880 gc_pages=5462073 gc_count=212573 WAF=1.670 warmup_gc=100-per-part
[539977.622914] NVMeVirt: Virtual NVMe device closed
