[540293.431734] NVMeVirt: Version 1.10 for >> Samsung 970 Pro SSD <<
[540293.431740] NVMeVirt: Storage: 0x100100000-0x300000000 (8191 MiB)
[540293.442374] NVMeVirt: Total Capacity(GiB,MiB)=2,2048 chs=2 luns=4 lines=8192 blk-size(MiB,KiB)=0,64 line-size(MiB,KiB)=0,256
[540293.453473] NVMeVirt: [chmodel_init] bandwidth 800 max_credits 26 tx_time 152
[540293.464019] NVMeVirt: [chmodel_init] bandwidth 800 max_credits 26 tx_time 152
[540293.464033] NVMeVirt: [chmodel_init] bandwidth 3360 max_credits 110 tx_time 36
[540293.464035] NVMeVirt: Fixed CAT init ns=0 part=0 arm=44 k=7 scale_pct=400 age_ratio=16
[540293.465230] NVMeVirt: pqueue: Copyright (c) 2014, Volkan Yazıcı <volkan.yazici@gmail.com>. All rights reserved.
[540293.465267] NVMeVirt: Init FTL instance with 2 channels (524288 pages)
[540293.465269] NVMeVirt: GC victim policy: cat-fig7-fixed ns=0 part=0 initial_k=7 initial_scale_pct=400 initial_age_ratio=16 warmup_gc=100
[540293.475951] NVMeVirt: [chmodel_init] bandwidth 800 max_credits 26 tx_time 152
[540293.486485] NVMeVirt: [chmodel_init] bandwidth 800 max_credits 26 tx_time 152
[540293.486498] NVMeVirt: [chmodel_init] bandwidth 3360 max_credits 110 tx_time 36
[540293.486501] NVMeVirt: Fixed CAT init ns=0 part=1 arm=44 k=7 scale_pct=400 age_ratio=16
[540293.487758] NVMeVirt: Init FTL instance with 2 channels (524288 pages)
[540293.487760] NVMeVirt: GC victim policy: cat-fig7-fixed ns=0 part=1 initial_k=7 initial_scale_pct=400 initial_age_ratio=16 warmup_gc=100
[540293.498339] NVMeVirt: [chmodel_init] bandwidth 800 max_credits 26 tx_time 152
[540293.509148] NVMeVirt: [chmodel_init] bandwidth 800 max_credits 26 tx_time 152
[540293.509162] NVMeVirt: [chmodel_init] bandwidth 3360 max_credits 110 tx_time 36
[540293.509164] NVMeVirt: Fixed CAT init ns=0 part=2 arm=44 k=7 scale_pct=400 age_ratio=16
[540293.510481] NVMeVirt: Init FTL instance with 2 channels (524288 pages)
[540293.510483] NVMeVirt: GC victim policy: cat-fig7-fixed ns=0 part=2 initial_k=7 initial_scale_pct=400 initial_age_ratio=16 warmup_gc=100
[540293.520937] NVMeVirt: [chmodel_init] bandwidth 800 max_credits 26 tx_time 152
[540293.531493] NVMeVirt: [chmodel_init] bandwidth 800 max_credits 26 tx_time 152
[540293.531508] NVMeVirt: [chmodel_init] bandwidth 3360 max_credits 110 tx_time 36
[540293.531510] NVMeVirt: Fixed CAT init ns=0 part=3 arm=44 k=7 scale_pct=400 age_ratio=16
[540293.532820] NVMeVirt: Init FTL instance with 2 channels (524288 pages)
[540293.532824] NVMeVirt: GC victim policy: cat-fig7-fixed ns=0 part=3 initial_k=7 initial_scale_pct=400 initial_age_ratio=16 warmup_gc=100
[540293.532830] NVMeVirt: FTL physical space: 8588886016, logical space: 8026996276 (physical/logical * 100 = 107)
[540293.532832] NVMeVirt: ns 0/1: size 7655 MiB
[540293.532882] PCI host bridge to bus 0001:10
[540293.532885] pci_bus 0001:10: root bus resource [io  0x0000-0xffff]
[540293.532888] pci_bus 0001:10: root bus resource [mem 0x00000000-0x7fffffffff]
[540293.532890] pci_bus 0001:10: root bus resource [bus 00-ff]
[540293.532898] pci 0001:10:00.0: [0c51:0110] type 00 class 0x010802 PCIe Endpoint
[540293.532902] pci 0001:10:00.0: BAR 0 [mem 0x100000000-0x100003fff 64bit]
[540293.532905] pci 0001:10:00.0: enabling Extended Tags
[540293.533023] NVMeVirt: Virtual PCI bus created (node 0)
[540293.533425] NVMeVirt: nvmev_dispatcher started on cpu 1 (node 0)
[540293.533495] NVMeVirt: Virtual NVMe device created
[540293.534531] nvme nvme0: pci function 0001:10:00.0
[540293.535888] NVMeVirt: nvmev_io_worker_0 started on cpu 2 (node 0)
[540293.536936] nvme nvme0: 8/0/0 default/read/poll queues
[540294.450818] EXT4-fs (nvme0n1): mounted filesystem e361d1a0-a39a-4d0b-8580-94f911410f44 r/w with ordered data mode. Quota mode: none.
[540298.572514] iCAT_FILEBENCH_MEASURE_START run=20260918-015021-2990985
[540299.157751] tee (2991901): drop_caches: 3
[540305.168112] tee (2992840): drop_caches: 3
[540310.759677] tee (2992844): drop_caches: 3
[540316.355194] tee (2993042): drop_caches: 3
[540323.090248] tee (2993493): drop_caches: 3
[540328.924982] tee (2994049): drop_caches: 3
[540334.677821] tee (2994558): drop_caches: 3
[540340.633635] tee (2995214): drop_caches: 3
[540346.258815] tee (2995730): drop_caches: 3
[540352.049338] tee (2996242): drop_caches: 3
[540357.776061] tee (2997042): drop_caches: 3
[540363.449553] tee (2997606): drop_caches: 3
[540369.230111] tee (2998083): drop_caches: 3
[540375.086907] tee (2998621): drop_caches: 3
[540381.001201] tee (2999089): drop_caches: 3
[540386.670006] tee (2999573): drop_caches: 3
[540392.375959] tee (3000029): drop_caches: 3
[540398.557475] tee (3000510): drop_caches: 3
[540404.611211] tee (3000885): drop_caches: 3
[540410.564538] tee (3001280): drop_caches: 3
[540416.381929] tee (3001714): drop_caches: 3
[540422.529388] tee (3002361): drop_caches: 3
[540428.770645] tee (3002937): drop_caches: 3
[540434.645549] tee (3003312): drop_caches: 3
[540440.531574] tee (3003789): drop_caches: 3
[540446.351386] tee (3004187): drop_caches: 3
[540452.240189] tee (3004655): drop_caches: 3
[540458.098155] tee (3005164): drop_caches: 3
[540463.987140] tee (3005647): drop_caches: 3
[540469.626045] tee (3006272): drop_caches: 3
[540475.301990] tee (3006858): drop_caches: 3
[540480.991624] tee (3007331): drop_caches: 3
[540486.849971] tee (3007862): drop_caches: 3
[540492.633989] tee (3008274): drop_caches: 3
[540498.393349] tee (3008992): drop_caches: 3
[540504.207015] tee (3009379): drop_caches: 3
[540509.931030] tee (3009841): drop_caches: 3
[540515.755873] tee (3010290): drop_caches: 3
[540521.939840] tee (3010901): drop_caches: 3
[540528.751291] tee (3011528): drop_caches: 3
[540535.597512] tee (3012010): drop_caches: 3
[540542.047779] tee (3012691): drop_caches: 3
[540547.804836] tee (3013238): drop_caches: 3
[540553.902079] tee (3013707): drop_caches: 3
[540559.949435] tee (3014361): drop_caches: 3
[540565.978356] tee (3014888): drop_caches: 3
[540571.826946] tee (3015293): drop_caches: 3
[540577.398188] tee (3015804): drop_caches: 3
[540583.257063] tee (3016306): drop_caches: 3
[540588.870909] tee (3016763): drop_caches: 3
[540594.745777] tee (3017152): drop_caches: 3
[540600.391294] tee (3017585): drop_caches: 3
[540601.829014] iCAT_FILEBENCH_MEASURE_END run=20260918-015021-2990985
[540605.106421] EXT4-fs (nvme0n1): unmounting filesystem e361d1a0-a39a-4d0b-8580-94f911410f44.
[540605.472707] pci_bus 0001:10: busn_res: [bus 10-ff] is released
[540605.472927] NVMeVirt: GC stats: ns=0 policy=cat-fig7-fixed host_pages=8417457 gc_pages=5717140 gc_count=220850 WAF=1.679 warmup_gc=100-per-part
[540605.543645] NVMeVirt: Virtual NVMe device closed
