[543119.067002] NVMeVirt: Version 1.10 for >> Samsung 970 Pro SSD <<
[543119.067008] NVMeVirt: Storage: 0x100100000-0x300000000 (8191 MiB)
[543119.077711] NVMeVirt: Total Capacity(GiB,MiB)=2,2048 chs=2 luns=4 lines=8192 blk-size(MiB,KiB)=0,64 line-size(MiB,KiB)=0,256
[543119.088848] NVMeVirt: [chmodel_init] bandwidth 800 max_credits 26 tx_time 152
[543119.099571] NVMeVirt: [chmodel_init] bandwidth 800 max_credits 26 tx_time 152
[543119.099588] NVMeVirt: [chmodel_init] bandwidth 3360 max_credits 110 tx_time 36
[543119.099591] NVMeVirt: Fixed CAT init ns=0 part=0 arm=53 k=10 scale_pct=100 age_ratio=16
[543119.100505] NVMeVirt: pqueue: Copyright (c) 2014, Volkan Yazıcı <volkan.yazici@gmail.com>. All rights reserved.
[543119.100541] NVMeVirt: Init FTL instance with 2 channels (524288 pages)
[543119.100543] NVMeVirt: GC victim policy: cat-fig7-fixed ns=0 part=0 initial_k=10 initial_scale_pct=100 initial_age_ratio=16 warmup_gc=100
[543119.110930] NVMeVirt: [chmodel_init] bandwidth 800 max_credits 26 tx_time 152
[543119.121696] NVMeVirt: [chmodel_init] bandwidth 800 max_credits 26 tx_time 152
[543119.121710] NVMeVirt: [chmodel_init] bandwidth 3360 max_credits 110 tx_time 36
[543119.121712] NVMeVirt: Fixed CAT init ns=0 part=1 arm=53 k=10 scale_pct=100 age_ratio=16
[543119.122751] NVMeVirt: Init FTL instance with 2 channels (524288 pages)
[543119.122753] NVMeVirt: GC victim policy: cat-fig7-fixed ns=0 part=1 initial_k=10 initial_scale_pct=100 initial_age_ratio=16 warmup_gc=100
[543119.133282] NVMeVirt: [chmodel_init] bandwidth 800 max_credits 26 tx_time 152
[543119.143836] NVMeVirt: [chmodel_init] bandwidth 800 max_credits 26 tx_time 152
[543119.143850] NVMeVirt: [chmodel_init] bandwidth 3360 max_credits 110 tx_time 36
[543119.143852] NVMeVirt: Fixed CAT init ns=0 part=2 arm=53 k=10 scale_pct=100 age_ratio=16
[543119.144727] NVMeVirt: Init FTL instance with 2 channels (524288 pages)
[543119.144730] NVMeVirt: GC victim policy: cat-fig7-fixed ns=0 part=2 initial_k=10 initial_scale_pct=100 initial_age_ratio=16 warmup_gc=100
[543119.155038] NVMeVirt: [chmodel_init] bandwidth 800 max_credits 26 tx_time 152
[543119.165568] NVMeVirt: [chmodel_init] bandwidth 800 max_credits 26 tx_time 152
[543119.165582] NVMeVirt: [chmodel_init] bandwidth 3360 max_credits 110 tx_time 36
[543119.165584] NVMeVirt: Fixed CAT init ns=0 part=3 arm=53 k=10 scale_pct=100 age_ratio=16
[543119.166547] NVMeVirt: Init FTL instance with 2 channels (524288 pages)
[543119.166550] NVMeVirt: GC victim policy: cat-fig7-fixed ns=0 part=3 initial_k=10 initial_scale_pct=100 initial_age_ratio=16 warmup_gc=100
[543119.166556] NVMeVirt: FTL physical space: 8588886016, logical space: 8026996276 (physical/logical * 100 = 107)
[543119.166558] NVMeVirt: ns 0/1: size 7655 MiB
[543119.166608] PCI host bridge to bus 0001:10
[543119.166610] pci_bus 0001:10: root bus resource [io  0x0000-0xffff]
[543119.166613] pci_bus 0001:10: root bus resource [mem 0x00000000-0x7fffffffff]
[543119.166615] pci_bus 0001:10: root bus resource [bus 00-ff]
[543119.166637] pci 0001:10:00.0: [0c51:0110] type 00 class 0x010802 PCIe Endpoint
[543119.166641] pci 0001:10:00.0: BAR 0 [mem 0x100000000-0x100003fff 64bit]
[543119.166644] pci 0001:10:00.0: enabling Extended Tags
[543119.166783] NVMeVirt: Virtual PCI bus created (node 0)
[543119.167183] NVMeVirt: nvmev_io_worker_0 started on cpu 2 (node 0)
[543119.167293] NVMeVirt: nvmev_dispatcher started on cpu 1 (node 0)
[543119.167321] NVMeVirt: Virtual NVMe device created
[543119.167544] nvme nvme0: pci function 0001:10:00.0
[543119.171420] nvme nvme0: 8/0/0 default/read/poll queues
[543119.981557] EXT4-fs (nvme0n1): mounted filesystem f88e6450-408d-4321-abd8-aaad964ad8a5 r/w with ordered data mode. Quota mode: none.
[543124.115010] iCAT_FILEBENCH_MEASURE_START run=20260918-023726-3390140
[543124.557950] tee (3391027): drop_caches: 3
[543130.806580] tee (3391819): drop_caches: 3
[543136.559814] tee (3393542): drop_caches: 3
[543142.192665] tee (3395701): drop_caches: 3
[543147.871085] tee (3398321): drop_caches: 3
[543153.603832] tee (3400415): drop_caches: 3
[543159.518989] tee (3402069): drop_caches: 3
[543165.253448] tee (3403795): drop_caches: 3
[543171.022693] tee (3405517): drop_caches: 3
[543176.839416] tee (3406933): drop_caches: 3
[543182.423493] tee (3408604): drop_caches: 3
[543188.024994] tee (3410164): drop_caches: 3
[543193.987669] tee (3411643): drop_caches: 3
[543199.953360] tee (3412839): drop_caches: 3
[543205.659728] tee (3414331): drop_caches: 3
[543211.377948] tee (3415651): drop_caches: 3
[543216.983645] tee (3416949): drop_caches: 3
[543222.714909] tee (3418458): drop_caches: 3
[543228.391814] tee (3419930): drop_caches: 3
[543234.396484] tee (3421453): drop_caches: 3
[543240.233009] tee (3423044): drop_caches: 3
[543245.846132] tee (3424411): drop_caches: 3
[543251.586326] tee (3425792): drop_caches: 3
[543257.350198] tee (3427129): drop_caches: 3
[543263.149708] tee (3428349): drop_caches: 3
[543269.310937] tee (3429897): drop_caches: 3
[543275.026206] tee (3431275): drop_caches: 3
[543282.472129] tee (3432994): drop_caches: 3
[543290.000925] tee (3435033): drop_caches: 3
[543296.180265] tee (3436588): drop_caches: 3
[543301.979401] tee (3438013): drop_caches: 3
[543307.732855] tee (3439518): drop_caches: 3
[543313.663607] tee (3440879): drop_caches: 3
[543319.526086] tee (3442376): drop_caches: 3
[543325.398738] tee (3443962): drop_caches: 3
[543331.157047] tee (3445564): drop_caches: 3
[543336.929408] tee (3447062): drop_caches: 3
[543342.754671] tee (3448335): drop_caches: 3
[543348.560533] tee (3450081): drop_caches: 3
[543354.298768] tee (3451332): drop_caches: 3
[543360.173986] tee (3452577): drop_caches: 3
[543365.788885] tee (3454011): drop_caches: 3
[543371.671901] tee (3455447): drop_caches: 3
[543377.497316] tee (3457144): drop_caches: 3
[543383.150451] tee (3458497): drop_caches: 3
[543388.864633] tee (3459802): drop_caches: 3
[543394.510326] tee (3461204): drop_caches: 3
[543400.353237] tee (3462739): drop_caches: 3
[543405.997194] tee (3464357): drop_caches: 3
[543411.778930] tee (3465776): drop_caches: 3
[543417.557100] tee (3467349): drop_caches: 3
[543423.286948] tee (3468736): drop_caches: 3
[543427.709922] iCAT_FILEBENCH_MEASURE_END run=20260918-023726-3390140
[543427.783253] tee (3469088): drop_caches: 3
[543429.913344] EXT4-fs (nvme0n1): unmounting filesystem f88e6450-408d-4321-abd8-aaad964ad8a5.
[543430.327729] pci_bus 0001:10: busn_res: [bus 10-ff] is released
[543430.327771] NVMeVirt: GC stats: ns=0 policy=cat-fig7-fixed host_pages=8447172 gc_pages=4685486 gc_count=205196 WAF=1.554 warmup_gc=100-per-part
[543430.399750] NVMeVirt: Virtual NVMe device closed
