[535283.871542] NVMeVirt: Version 1.10 for >> Samsung 970 Pro SSD <<
[535283.871548] NVMeVirt: Storage: 0x100100000-0x300000000 (8191 MiB)
[535283.882079] NVMeVirt: Total Capacity(GiB,MiB)=2,2048 chs=2 luns=4 lines=8192 blk-size(MiB,KiB)=0,64 line-size(MiB,KiB)=0,256
[535283.893204] NVMeVirt: [chmodel_init] bandwidth 800 max_credits 26 tx_time 152
[535283.904211] NVMeVirt: [chmodel_init] bandwidth 800 max_credits 26 tx_time 152
[535283.904226] NVMeVirt: [chmodel_init] bandwidth 3360 max_credits 110 tx_time 36
[535283.904228] NVMeVirt: Fixed CAT init ns=0 part=0 arm=28 k=4 scale_pct=400 age_ratio=7
[535283.905137] NVMeVirt: pqueue: Copyright (c) 2014, Volkan Yazıcı <volkan.yazici@gmail.com>. All rights reserved.
[535283.905176] NVMeVirt: Init FTL instance with 2 channels (524288 pages)
[535283.905178] NVMeVirt: GC victim policy: cat-fig7-fixed ns=0 part=0 initial_k=4 initial_scale_pct=400 initial_age_ratio=7 warmup_gc=100
[535283.915925] NVMeVirt: [chmodel_init] bandwidth 800 max_credits 26 tx_time 152
[535283.926252] NVMeVirt: [chmodel_init] bandwidth 800 max_credits 26 tx_time 152
[535283.926266] NVMeVirt: [chmodel_init] bandwidth 3360 max_credits 110 tx_time 36
[535283.926268] NVMeVirt: Fixed CAT init ns=0 part=1 arm=28 k=4 scale_pct=400 age_ratio=7
[535283.927211] NVMeVirt: Init FTL instance with 2 channels (524288 pages)
[535283.927213] NVMeVirt: GC victim policy: cat-fig7-fixed ns=0 part=1 initial_k=4 initial_scale_pct=400 initial_age_ratio=7 warmup_gc=100
[535283.937698] NVMeVirt: [chmodel_init] bandwidth 800 max_credits 26 tx_time 152
[535283.948140] NVMeVirt: [chmodel_init] bandwidth 800 max_credits 26 tx_time 152
[535283.948155] NVMeVirt: [chmodel_init] bandwidth 3360 max_credits 110 tx_time 36
[535283.948157] NVMeVirt: Fixed CAT init ns=0 part=2 arm=28 k=4 scale_pct=400 age_ratio=7
[535283.949143] NVMeVirt: Init FTL instance with 2 channels (524288 pages)
[535283.949145] NVMeVirt: GC victim policy: cat-fig7-fixed ns=0 part=2 initial_k=4 initial_scale_pct=400 initial_age_ratio=7 warmup_gc=100
[535283.959730] NVMeVirt: [chmodel_init] bandwidth 800 max_credits 26 tx_time 152
[535283.970340] NVMeVirt: [chmodel_init] bandwidth 800 max_credits 26 tx_time 152
[535283.970356] NVMeVirt: [chmodel_init] bandwidth 3360 max_credits 110 tx_time 36
[535283.970358] NVMeVirt: Fixed CAT init ns=0 part=3 arm=28 k=4 scale_pct=400 age_ratio=7
[535283.971366] NVMeVirt: Init FTL instance with 2 channels (524288 pages)
[535283.971370] NVMeVirt: GC victim policy: cat-fig7-fixed ns=0 part=3 initial_k=4 initial_scale_pct=400 initial_age_ratio=7 warmup_gc=100
[535283.971376] NVMeVirt: FTL physical space: 8588886016, logical space: 8026996276 (physical/logical * 100 = 107)
[535283.971378] NVMeVirt: ns 0/1: size 7655 MiB
[535283.971427] PCI host bridge to bus 0001:10
[535283.971430] pci_bus 0001:10: root bus resource [io  0x0000-0xffff]
[535283.971433] pci_bus 0001:10: root bus resource [mem 0x00000000-0x7fffffffff]
[535283.971435] pci_bus 0001:10: root bus resource [bus 00-ff]
[535283.971442] pci 0001:10:00.0: [0c51:0110] type 00 class 0x010802 PCIe Endpoint
[535283.971446] pci 0001:10:00.0: BAR 0 [mem 0x100000000-0x100003fff 64bit]
[535283.971448] pci 0001:10:00.0: enabling Extended Tags
[535283.971629] NVMeVirt: Virtual PCI bus created (node 0)
[535283.971937] NVMeVirt: nvmev_dispatcher started on cpu 1 (node 0)
[535283.971999] NVMeVirt: Virtual NVMe device created
[535283.972201] nvme nvme0: pci function 0001:10:00.0
[535283.974099] nvme nvme0: 8/0/0 default/read/poll queues
[535283.974416] NVMeVirt: nvmev_io_worker_0 started on cpu 2 (node 0)
[535284.687164] EXT4-fs (nvme0n1): mounted filesystem 08f58120-1560-4f16-80b1-96a6e9a7f089 r/w with ordered data mode. Quota mode: none.
[535289.068277] iCAT_FILEBENCH_MEASURE_START run=20260918-002651-2276635
[535290.418315] tee (2278541): drop_caches: 3
[535296.184285] tee (2278952): drop_caches: 3
[535301.879317] tee (2280628): drop_caches: 3
[535307.496600] tee (2282486): drop_caches: 3
[535313.200011] tee (2284452): drop_caches: 3
[535318.844346] tee (2286038): drop_caches: 3
[535324.695223] tee (2287815): drop_caches: 3
[535330.377478] tee (2289275): drop_caches: 3
[535336.097353] tee (2290610): drop_caches: 3
[535341.786732] tee (2291941): drop_caches: 3
[535347.631324] tee (2293297): drop_caches: 3
[535353.409343] tee (2294673): drop_caches: 3
[535359.057287] tee (2296145): drop_caches: 3
[535365.024289] tee (2297229): drop_caches: 3
[535370.749967] tee (2298454): drop_caches: 3
[535376.734671] tee (2299634): drop_caches: 3
[535382.431109] tee (2300616): drop_caches: 3
[535388.032060] tee (2301596): drop_caches: 3
[535393.672477] tee (2302720): drop_caches: 3
[535399.376790] tee (2303725): drop_caches: 3
[535405.154715] tee (2305090): drop_caches: 3
[535410.838026] tee (2306186): drop_caches: 3
[535416.850886] tee (2307199): drop_caches: 3
[535422.590523] tee (2308362): drop_caches: 3
[535428.314031] tee (2309433): drop_caches: 3
[535434.056971] tee (2310549): drop_caches: 3
[535439.878586] tee (2311628): drop_caches: 3
[535445.757363] tee (2312630): drop_caches: 3
[535451.750115] tee (2313901): drop_caches: 3
[535457.626154] tee (2314973): drop_caches: 3
[535463.241080] tee (2316029): drop_caches: 3
[535468.904459] tee (2317059): drop_caches: 3
[535474.691525] tee (2318000): drop_caches: 3
[535482.361388] tee (2319834): drop_caches: 3
[535491.891842] tee (2321527): drop_caches: 3
[535503.352354] tee (2323469): drop_caches: 3
[535511.938354] tee (2324096): drop_caches: 3
[535518.963619] tee (2325348): drop_caches: 3
[535524.756627] tee (2326113): drop_caches: 3
[535530.501841] tee (2327283): drop_caches: 3
[535536.471848] tee (2328223): drop_caches: 3
[535542.073511] tee (2329091): drop_caches: 3
[535547.975554] tee (2330065): drop_caches: 3
[535553.740952] tee (2331143): drop_caches: 3
[535559.459605] tee (2331931): drop_caches: 3
[535565.183319] tee (2332912): drop_caches: 3
[535570.878612] tee (2334113): drop_caches: 3
[535576.795469] tee (2335008): drop_caches: 3
[535582.600972] tee (2335949): drop_caches: 3
[535588.264072] tee (2337128): drop_caches: 3
[535592.532380] iCAT_FILEBENCH_MEASURE_END run=20260918-002651-2276635
[535593.617642] EXT4-fs (nvme0n1): unmounting filesystem 08f58120-1560-4f16-80b1-96a6e9a7f089.
[535593.952524] pci_bus 0001:10: busn_res: [bus 10-ff] is released
[535593.952741] NVMeVirt: GC stats: ns=0 policy=cat-fig7-fixed host_pages=8303894 gc_pages=5669272 gc_count=218328 WAF=1.682 warmup_gc=100-per-part
[535594.024845] NVMeVirt: Virtual NVMe device closed
