[285633.841589] NVMeVirt: Version 1.10 for >> Samsung 970 Pro SSD <<
[285633.841595] NVMeVirt: Storage: 0x100100000-0x300000000 (8191 MiB)
[285633.852192] NVMeVirt: Total Capacity(GiB,MiB)=2,2048 chs=2 luns=4 lines=8192 blk-size(MiB,KiB)=0,64 line-size(MiB,KiB)=0,256
[285633.862601] NVMeVirt: [chmodel_init] bandwidth 800 max_credits 26 tx_time 152
[285633.872744] NVMeVirt: [chmodel_init] bandwidth 800 max_credits 26 tx_time 152
[285633.872759] NVMeVirt: [chmodel_init] bandwidth 3360 max_credits 110 tx_time 36
[285633.872761] NVMeVirt: Fixed CAT init ns=0 part=0 arm=47 k=10 scale_pct=25 age_ratio=16
[285633.873695] NVMeVirt: pqueue: Copyright (c) 2014, Volkan Yazıcı <volkan.yazici@gmail.com>. All rights reserved.
[285633.873732] NVMeVirt: Init FTL instance with 2 channels (524288 pages)
[285633.873734] NVMeVirt: GC victim policy: cat-fig7-fixed ns=0 part=0 initial_k=10 initial_scale_pct=25 initial_age_ratio=16 warmup_gc=100
[285633.883950] NVMeVirt: [chmodel_init] bandwidth 800 max_credits 26 tx_time 152
[285633.895409] NVMeVirt: [chmodel_init] bandwidth 800 max_credits 26 tx_time 152
[285633.895424] NVMeVirt: [chmodel_init] bandwidth 3360 max_credits 110 tx_time 36
[285633.895427] NVMeVirt: Fixed CAT init ns=0 part=1 arm=47 k=10 scale_pct=25 age_ratio=16
[285633.896376] NVMeVirt: Init FTL instance with 2 channels (524288 pages)
[285633.896379] NVMeVirt: GC victim policy: cat-fig7-fixed ns=0 part=1 initial_k=10 initial_scale_pct=25 initial_age_ratio=16 warmup_gc=100
[285633.906460] NVMeVirt: [chmodel_init] bandwidth 800 max_credits 26 tx_time 152
[285633.916722] NVMeVirt: [chmodel_init] bandwidth 800 max_credits 26 tx_time 152
[285633.916737] NVMeVirt: [chmodel_init] bandwidth 3360 max_credits 110 tx_time 36
[285633.916739] NVMeVirt: Fixed CAT init ns=0 part=2 arm=47 k=10 scale_pct=25 age_ratio=16
[285633.917699] NVMeVirt: Init FTL instance with 2 channels (524288 pages)
[285633.917702] NVMeVirt: GC victim policy: cat-fig7-fixed ns=0 part=2 initial_k=10 initial_scale_pct=25 initial_age_ratio=16 warmup_gc=100
[285633.927782] NVMeVirt: [chmodel_init] bandwidth 800 max_credits 26 tx_time 152
[285633.937922] NVMeVirt: [chmodel_init] bandwidth 800 max_credits 26 tx_time 152
[285633.937937] NVMeVirt: [chmodel_init] bandwidth 3360 max_credits 110 tx_time 36
[285633.937939] NVMeVirt: Fixed CAT init ns=0 part=3 arm=47 k=10 scale_pct=25 age_ratio=16
[285633.938839] NVMeVirt: Init FTL instance with 2 channels (524288 pages)
[285633.938843] NVMeVirt: GC victim policy: cat-fig7-fixed ns=0 part=3 initial_k=10 initial_scale_pct=25 initial_age_ratio=16 warmup_gc=100
[285633.938849] NVMeVirt: FTL physical space: 8588886016, logical space: 8026996276 (physical/logical * 100 = 107)
[285633.938851] NVMeVirt: ns 0/1: size 7655 MiB
[285633.938911] PCI host bridge to bus 0001:10
[285633.938915] pci_bus 0001:10: root bus resource [io  0x0000-0xffff]
[285633.938918] pci_bus 0001:10: root bus resource [mem 0x00000000-0x7fffffffff]
[285633.938920] pci_bus 0001:10: root bus resource [bus 00-ff]
[285633.938930] pci 0001:10:00.0: [0c51:0110] type 00 class 0x010802 PCIe Endpoint
[285633.938935] pci 0001:10:00.0: BAR 0 [mem 0x100000000-0x100003fff 64bit]
[285633.938939] pci 0001:10:00.0: enabling Extended Tags
[285633.939125] NVMeVirt: Virtual PCI bus created (node 0)
[285633.939497] NVMeVirt: Virtual NVMe device created
[285633.939540] NVMeVirt: nvmev_dispatcher started on cpu 1 (node 0)
[285633.939723] nvme nvme0: pci function 0001:10:00.0
[285633.941614] NVMeVirt: nvmev_io_worker_0 started on cpu 2 (node 0)
[285633.943465] nvme nvme0: 8/0/0 default/read/poll queues
[285635.220398] EXT4-fs (nvme0n1): mounted filesystem 2f7f6703-bd4c-4b17-baed-d8c06bca7610 r/w with ordered data mode. Quota mode: none.
[285639.418286] iCAT_FILEBENCH_MEASURE_START run=20260915-030604-632679
[285639.973215] tee (633612): drop_caches: 3
[285647.421276] tee (633668): drop_caches: 3
[285653.518039] tee (633672): drop_caches: 3
[285659.823227] tee (633711): drop_caches: 3
[285666.625577] tee (633864): drop_caches: 3
[285672.949860] tee (634135): drop_caches: 3
[285678.920591] tee (634434): drop_caches: 3
[285687.983035] tee (634743): drop_caches: 3
[285694.862808] tee (634841): drop_caches: 3
[285701.185647] tee (634956): drop_caches: 3
[285707.563218] tee (635076): drop_caches: 3
[285714.258548] tee (635275): drop_caches: 3
[285720.374239] tee (635417): drop_caches: 3
[285726.560531] tee (635489): drop_caches: 3
[285732.666280] tee (635571): drop_caches: 3
[285739.121090] tee (635737): drop_caches: 3
[285745.145427] tee (635842): drop_caches: 3
[285751.542068] tee (635954): drop_caches: 3
[285757.903171] tee (636113): drop_caches: 3
[285764.061468] tee (636158): drop_caches: 3
[285770.649218] tee (636282): drop_caches: 3
[285777.368617] tee (636410): drop_caches: 3
[285783.400790] tee (636508): drop_caches: 3
[285789.629862] tee (636731): drop_caches: 3
[285795.784282] tee (636965): drop_caches: 3
[285801.826212] tee (637183): drop_caches: 3
[285807.905115] tee (637286): drop_caches: 3
[285814.071437] tee (637400): drop_caches: 3
[285819.990089] tee (637481): drop_caches: 3
[285826.445293] tee (637658): drop_caches: 3
[285832.795453] tee (637796): drop_caches: 3
[285839.159327] tee (637929): drop_caches: 3
[285845.860309] tee (638137): drop_caches: 3
[285852.218837] tee (638273): drop_caches: 3
[285858.410143] tee (638355): drop_caches: 3
[285864.861643] tee (638576): drop_caches: 3
[285871.011687] tee (638745): drop_caches: 3
[285878.121456] tee (638908): drop_caches: 3
[285885.557901] tee (639102): drop_caches: 3
[285892.570605] tee (639180): drop_caches: 3
[285898.809604] tee (639319): drop_caches: 3
[285905.075875] tee (639439): drop_caches: 3
[285911.116054] tee (639629): drop_caches: 3
[285917.329926] tee (639851): drop_caches: 3
[285923.291011] tee (640176): drop_caches: 3
[285929.625297] tee (640311): drop_caches: 3
[285935.909442] tee (640375): drop_caches: 3
[285941.469598] tee (640482): drop_caches: 3
[285943.148810] iCAT_FILEBENCH_MEASURE_END run=20260915-030604-632679
[285946.267983] EXT4-fs (nvme0n1): unmounting filesystem 2f7f6703-bd4c-4b17-baed-d8c06bca7610.
[285946.622035] pci_bus 0001:10: busn_res: [bus 10-ff] is released
[285946.622079] NVMeVirt: GC stats: ns=0 policy=cat-fig7-fixed host_pages=8075533 gc_pages=3763104 gc_count=184977 WAF=1.465 warmup_gc=100-per-part
[285946.692462] NVMeVirt: Virtual NVMe device closed
