[538416.756637] NVMeVirt: Version 1.10 for >> Samsung 970 Pro SSD <<
[538416.756643] NVMeVirt: Storage: 0x100100000-0x300000000 (8191 MiB)
[538416.767133] NVMeVirt: Total Capacity(GiB,MiB)=2,2048 chs=2 luns=4 lines=8192 blk-size(MiB,KiB)=0,64 line-size(MiB,KiB)=0,256
[538416.778121] NVMeVirt: [chmodel_init] bandwidth 800 max_credits 26 tx_time 152
[538416.788728] NVMeVirt: [chmodel_init] bandwidth 800 max_credits 26 tx_time 152
[538416.788743] NVMeVirt: [chmodel_init] bandwidth 3360 max_credits 110 tx_time 36
[538416.788745] NVMeVirt: Fixed CAT init ns=0 part=0 arm=38 k=7 scale_pct=100 age_ratio=16
[538416.790054] NVMeVirt: pqueue: Copyright (c) 2014, Volkan Yazıcı <volkan.yazici@gmail.com>. All rights reserved.
[538416.790091] NVMeVirt: Init FTL instance with 2 channels (524288 pages)
[538416.790093] NVMeVirt: GC victim policy: cat-fig7-fixed ns=0 part=0 initial_k=7 initial_scale_pct=100 initial_age_ratio=16 warmup_gc=100
[538416.800974] NVMeVirt: [chmodel_init] bandwidth 800 max_credits 26 tx_time 152
[538416.811705] NVMeVirt: [chmodel_init] bandwidth 800 max_credits 26 tx_time 152
[538416.811719] NVMeVirt: [chmodel_init] bandwidth 3360 max_credits 110 tx_time 36
[538416.811721] NVMeVirt: Fixed CAT init ns=0 part=1 arm=38 k=7 scale_pct=100 age_ratio=16
[538416.813013] NVMeVirt: Init FTL instance with 2 channels (524288 pages)
[538416.813016] NVMeVirt: GC victim policy: cat-fig7-fixed ns=0 part=1 initial_k=7 initial_scale_pct=100 initial_age_ratio=16 warmup_gc=100
[538416.823688] NVMeVirt: [chmodel_init] bandwidth 800 max_credits 26 tx_time 152
[538416.834144] NVMeVirt: [chmodel_init] bandwidth 800 max_credits 26 tx_time 152
[538416.834158] NVMeVirt: [chmodel_init] bandwidth 3360 max_credits 110 tx_time 36
[538416.834160] NVMeVirt: Fixed CAT init ns=0 part=2 arm=38 k=7 scale_pct=100 age_ratio=16
[538416.835457] NVMeVirt: Init FTL instance with 2 channels (524288 pages)
[538416.835459] NVMeVirt: GC victim policy: cat-fig7-fixed ns=0 part=2 initial_k=7 initial_scale_pct=100 initial_age_ratio=16 warmup_gc=100
[538416.846224] NVMeVirt: [chmodel_init] bandwidth 800 max_credits 26 tx_time 152
[538416.856766] NVMeVirt: [chmodel_init] bandwidth 800 max_credits 26 tx_time 152
[538416.856781] NVMeVirt: [chmodel_init] bandwidth 3360 max_credits 110 tx_time 36
[538416.856783] NVMeVirt: Fixed CAT init ns=0 part=3 arm=38 k=7 scale_pct=100 age_ratio=16
[538416.858173] NVMeVirt: Init FTL instance with 2 channels (524288 pages)
[538416.858176] NVMeVirt: GC victim policy: cat-fig7-fixed ns=0 part=3 initial_k=7 initial_scale_pct=100 initial_age_ratio=16 warmup_gc=100
[538416.858182] NVMeVirt: FTL physical space: 8588886016, logical space: 8026996276 (physical/logical * 100 = 107)
[538416.858184] NVMeVirt: ns 0/1: size 7655 MiB
[538416.858231] PCI host bridge to bus 0001:10
[538416.858234] pci_bus 0001:10: root bus resource [io  0x0000-0xffff]
[538416.858237] pci_bus 0001:10: root bus resource [mem 0x00000000-0x7fffffffff]
[538416.858240] pci_bus 0001:10: root bus resource [bus 00-ff]
[538416.858248] pci 0001:10:00.0: [0c51:0110] type 00 class 0x010802 PCIe Endpoint
[538416.858253] pci 0001:10:00.0: BAR 0 [mem 0x100000000-0x100003fff 64bit]
[538416.858256] pci 0001:10:00.0: enabling Extended Tags
[538416.858408] NVMeVirt: Virtual PCI bus created (node 0)
[538416.858675] NVMeVirt: nvmev_io_worker_0 started on cpu 2 (node 0)
[538416.858722] NVMeVirt: nvmev_dispatcher started on cpu 1 (node 0)
[538416.858766] NVMeVirt: Virtual NVMe device created
[538416.858955] nvme nvme0: pci function 0001:10:00.0
[538416.861439] nvme nvme0: 8/0/0 default/read/poll queues
[538418.013433] EXT4-fs (nvme0n1): mounted filesystem ccba2b0a-ecaa-439f-b63c-ace7ed86f8d2 r/w with ordered data mode. Quota mode: none.
[538422.128345] iCAT_FILEBENCH_MEASURE_START run=20260918-011904-2582788
[538423.923557] tee (2583624): drop_caches: 3
[538429.764395] tee (2583750): drop_caches: 3
[538435.509297] tee (2584284): drop_caches: 3
[538441.059926] tee (2584796): drop_caches: 3
[538446.612634] tee (2585346): drop_caches: 3
[538452.478884] tee (2585921): drop_caches: 3
[538458.048594] tee (2586958): drop_caches: 3
[538463.774584] tee (2588239): drop_caches: 3
[538469.504217] tee (2589896): drop_caches: 3
[538475.087306] tee (2591367): drop_caches: 3
[538482.620264] tee (2592927): drop_caches: 3
[538490.237302] tee (2594784): drop_caches: 3
[538496.391177] tee (2596689): drop_caches: 3
[538501.887100] tee (2598175): drop_caches: 3
[538507.385373] tee (2599327): drop_caches: 3
[538513.171579] tee (2600837): drop_caches: 3
[538518.764994] tee (2602352): drop_caches: 3
[538524.500044] tee (2603721): drop_caches: 3
[538530.159088] tee (2604939): drop_caches: 3
[538535.787220] tee (2606256): drop_caches: 3
[538541.370520] tee (2607536): drop_caches: 3
[538547.013262] tee (2608745): drop_caches: 3
[538552.757890] tee (2610123): drop_caches: 3
[538558.471210] tee (2611320): drop_caches: 3
[538564.088569] tee (2612894): drop_caches: 3
[538569.798079] tee (2614349): drop_caches: 3
[538575.544721] tee (2615729): drop_caches: 3
[538581.318733] tee (2617341): drop_caches: 3
[538586.888402] tee (2618722): drop_caches: 3
[538592.768151] tee (2620051): drop_caches: 3
[538598.439808] tee (2621295): drop_caches: 3
[538604.164666] tee (2622744): drop_caches: 3
[538609.892760] tee (2624091): drop_caches: 3
[538615.492730] tee (2625577): drop_caches: 3
[538621.875952] tee (2626939): drop_caches: 3
[538627.950334] tee (2628185): drop_caches: 3
[538633.500811] tee (2629554): drop_caches: 3
[538639.217647] tee (2630920): drop_caches: 3
[538644.768622] tee (2632270): drop_caches: 3
[538650.491582] tee (2633580): drop_caches: 3
[538656.012893] tee (2634948): drop_caches: 3
[538661.562352] tee (2636444): drop_caches: 3
[538667.158324] tee (2637663): drop_caches: 3
[538672.856191] tee (2639197): drop_caches: 3
[538678.565866] tee (2640397): drop_caches: 3
[538684.368512] tee (2641903): drop_caches: 3
[538690.261419] tee (2643217): drop_caches: 3
[538695.944018] tee (2644753): drop_caches: 3
[538701.698707] tee (2646218): drop_caches: 3
[538707.522255] tee (2647757): drop_caches: 3
[538713.245728] tee (2649460): drop_caches: 3
[538719.520744] tee (2650694): drop_caches: 3
[538725.350039] iCAT_FILEBENCH_MEASURE_END run=20260918-011904-2582788
[538725.454554] tee (2651723): drop_caches: 3
[538727.785785] EXT4-fs (nvme0n1): unmounting filesystem ccba2b0a-ecaa-439f-b63c-ace7ed86f8d2.
[538728.086218] pci_bus 0001:10: busn_res: [bus 10-ff] is released
[538728.086263] NVMeVirt: GC stats: ns=0 policy=cat-fig7-fixed host_pages=8053561 gc_pages=3711164 gc_count=183820 WAF=1.460 warmup_gc=100-per-part
[538728.156561] NVMeVirt: Virtual NVMe device closed
