[535595.462563] NVMeVirt: Version 1.10 for >> Samsung 970 Pro SSD <<
[535595.462570] NVMeVirt: Storage: 0x100100000-0x300000000 (8191 MiB)
[535595.473224] NVMeVirt: Total Capacity(GiB,MiB)=2,2048 chs=2 luns=4 lines=8192 blk-size(MiB,KiB)=0,64 line-size(MiB,KiB)=0,256
[535595.484323] NVMeVirt: [chmodel_init] bandwidth 800 max_credits 26 tx_time 152
[535595.495035] NVMeVirt: [chmodel_init] bandwidth 800 max_credits 26 tx_time 152
[535595.495049] NVMeVirt: [chmodel_init] bandwidth 3360 max_credits 110 tx_time 36
[535595.495051] NVMeVirt: Fixed CAT init ns=0 part=0 arm=29 k=4 scale_pct=400 age_ratio=16
[535595.495993] NVMeVirt: pqueue: Copyright (c) 2014, Volkan Yazıcı <volkan.yazici@gmail.com>. All rights reserved.
[535595.496032] NVMeVirt: Init FTL instance with 2 channels (524288 pages)
[535595.496034] NVMeVirt: GC victim policy: cat-fig7-fixed ns=0 part=0 initial_k=4 initial_scale_pct=400 initial_age_ratio=16 warmup_gc=100
[535595.506933] NVMeVirt: [chmodel_init] bandwidth 800 max_credits 26 tx_time 152
[535595.517898] NVMeVirt: [chmodel_init] bandwidth 800 max_credits 26 tx_time 152
[535595.517914] NVMeVirt: [chmodel_init] bandwidth 3360 max_credits 110 tx_time 36
[535595.517917] NVMeVirt: Fixed CAT init ns=0 part=1 arm=29 k=4 scale_pct=400 age_ratio=16
[535595.519041] NVMeVirt: Init FTL instance with 2 channels (524288 pages)
[535595.519044] NVMeVirt: GC victim policy: cat-fig7-fixed ns=0 part=1 initial_k=4 initial_scale_pct=400 initial_age_ratio=16 warmup_gc=100
[535595.530107] NVMeVirt: [chmodel_init] bandwidth 800 max_credits 26 tx_time 152
[535595.541287] NVMeVirt: [chmodel_init] bandwidth 800 max_credits 26 tx_time 152
[535595.541302] NVMeVirt: [chmodel_init] bandwidth 3360 max_credits 110 tx_time 36
[535595.541304] NVMeVirt: Fixed CAT init ns=0 part=2 arm=29 k=4 scale_pct=400 age_ratio=16
[535595.542370] NVMeVirt: Init FTL instance with 2 channels (524288 pages)
[535595.542386] NVMeVirt: GC victim policy: cat-fig7-fixed ns=0 part=2 initial_k=4 initial_scale_pct=400 initial_age_ratio=16 warmup_gc=100
[535595.553167] NVMeVirt: [chmodel_init] bandwidth 800 max_credits 26 tx_time 152
[535595.563859] NVMeVirt: [chmodel_init] bandwidth 800 max_credits 26 tx_time 152
[535595.563873] NVMeVirt: [chmodel_init] bandwidth 3360 max_credits 110 tx_time 36
[535595.563875] NVMeVirt: Fixed CAT init ns=0 part=3 arm=29 k=4 scale_pct=400 age_ratio=16
[535595.564931] NVMeVirt: Init FTL instance with 2 channels (524288 pages)
[535595.564934] NVMeVirt: GC victim policy: cat-fig7-fixed ns=0 part=3 initial_k=4 initial_scale_pct=400 initial_age_ratio=16 warmup_gc=100
[535595.564940] NVMeVirt: FTL physical space: 8588886016, logical space: 8026996276 (physical/logical * 100 = 107)
[535595.564942] NVMeVirt: ns 0/1: size 7655 MiB
[535595.564990] PCI host bridge to bus 0001:10
[535595.564993] pci_bus 0001:10: root bus resource [io  0x0000-0xffff]
[535595.564996] pci_bus 0001:10: root bus resource [mem 0x00000000-0x7fffffffff]
[535595.564999] pci_bus 0001:10: root bus resource [bus 00-ff]
[535595.565008] pci 0001:10:00.0: [0c51:0110] type 00 class 0x010802 PCIe Endpoint
[535595.565013] pci 0001:10:00.0: BAR 0 [mem 0x100000000-0x100003fff 64bit]
[535595.565017] pci 0001:10:00.0: enabling Extended Tags
[535595.565156] NVMeVirt: Virtual PCI bus created (node 0)
[535595.565549] NVMeVirt: Virtual NVMe device created
[535595.565672] NVMeVirt: nvmev_dispatcher started on cpu 1 (node 0)
[535595.565741] nvme nvme0: pci function 0001:10:00.0
[535595.565753] NVMeVirt: nvmev_io_worker_0 started on cpu 2 (node 0)
[535595.569972] nvme nvme0: 8/0/0 default/read/poll queues
[535596.449687] EXT4-fs (nvme0n1): mounted filesystem f323a290-7617-4b64-8108-8e593f072b3f r/w with ordered data mode. Quota mode: none.
[535600.665059] iCAT_FILEBENCH_MEASURE_START run=20260918-003203-2337378
[535601.006342] tee (2337909): drop_caches: 3
[535607.063540] tee (2339226): drop_caches: 3
[535612.920520] tee (2340629): drop_caches: 3
[535618.716992] tee (2342024): drop_caches: 3
[535624.434285] tee (2343615): drop_caches: 3
[535630.220167] tee (2344651): drop_caches: 3
[535636.125030] tee (2345837): drop_caches: 3
[535641.895197] tee (2346794): drop_caches: 3
[535647.550796] tee (2347587): drop_caches: 3
[535653.302343] tee (2348196): drop_caches: 3
[535659.095090] tee (2349011): drop_caches: 3
[535665.237821] tee (2349742): drop_caches: 3
[535670.954933] tee (2350528): drop_caches: 3
[535676.829298] tee (2351401): drop_caches: 3
[535682.788937] tee (2352065): drop_caches: 3
[535688.597679] tee (2352883): drop_caches: 3
[535694.486034] tee (2353801): drop_caches: 3
[535700.373807] tee (2354591): drop_caches: 3
[535706.059601] tee (2355376): drop_caches: 3
[535712.234600] tee (2356145): drop_caches: 3
[535718.117503] tee (2357108): drop_caches: 3
[535723.905413] tee (2357893): drop_caches: 3
[535729.585845] tee (2358538): drop_caches: 3
[535735.637276] tee (2359470): drop_caches: 3
[535741.393156] tee (2360425): drop_caches: 3
[535747.635911] tee (2361196): drop_caches: 3
[535753.747065] tee (2362099): drop_caches: 3
[535759.550200] tee (2363034): drop_caches: 3
[535765.315847] tee (2363879): drop_caches: 3
[535771.075130] tee (2364685): drop_caches: 3
[535776.433218] tee (2365350): drop_caches: 3
[535782.202775] tee (2366292): drop_caches: 3
[535788.153649] tee (2367024): drop_caches: 3
[535793.953342] tee (2368064): drop_caches: 3
[535799.603403] tee (2368861): drop_caches: 3
[535805.529489] tee (2369583): drop_caches: 3
[535811.180578] tee (2370297): drop_caches: 3
[535817.121201] tee (2371159): drop_caches: 3
[535822.910955] tee (2372083): drop_caches: 3
[535828.787790] tee (2372816): drop_caches: 3
[535834.350868] tee (2373700): drop_caches: 3
[535840.330964] tee (2374463): drop_caches: 3
[535846.080970] tee (2375093): drop_caches: 3
[535851.967631] tee (2375604): drop_caches: 3
[535857.706349] tee (2376253): drop_caches: 3
[535863.334967] tee (2376916): drop_caches: 3
[535869.313034] tee (2377800): drop_caches: 3
[535875.198459] tee (2378802): drop_caches: 3
[535881.104419] tee (2379712): drop_caches: 3
[535886.985741] tee (2380572): drop_caches: 3
[535892.891347] tee (2381408): drop_caches: 3
[535898.504239] tee (2382303): drop_caches: 3
[535904.019187] iCAT_FILEBENCH_MEASURE_END run=20260918-003203-2337378
[535904.116166] tee (2382758): drop_caches: 3
[535906.356945] EXT4-fs (nvme0n1): unmounting filesystem f323a290-7617-4b64-8108-8e593f072b3f.
[535906.649390] pci_bus 0001:10: busn_res: [bus 10-ff] is released
[535906.649435] NVMeVirt: GC stats: ns=0 policy=cat-fig7-fixed host_pages=8261493 gc_pages=5528224 gc_count=215461 WAF=1.669 warmup_gc=100-per-part
[535906.720527] NVMeVirt: Virtual NVMe device closed
