[529943.357231] NVMeVirt: Version 1.10 for >> Samsung 970 Pro SSD <<
[529943.357237] NVMeVirt: Storage: 0x100100000-0x300000000 (8191 MiB)
[529943.367908] NVMeVirt: Total Capacity(GiB,MiB)=2,2048 chs=2 luns=4 lines=8192 blk-size(MiB,KiB)=0,64 line-size(MiB,KiB)=0,256
[529943.379692] NVMeVirt: [chmodel_init] bandwidth 800 max_credits 26 tx_time 152
[529943.390384] NVMeVirt: [chmodel_init] bandwidth 800 max_credits 26 tx_time 152
[529943.390398] NVMeVirt: [chmodel_init] bandwidth 3360 max_credits 110 tx_time 36
[529943.390401] NVMeVirt: Fixed CAT init ns=0 part=0 arm=11 k=2 scale_pct=200 age_ratio=16
[529943.391581] NVMeVirt: pqueue: Copyright (c) 2014, Volkan Yazıcı <volkan.yazici@gmail.com>. All rights reserved.
[529943.391631] NVMeVirt: Init FTL instance with 2 channels (524288 pages)
[529943.391633] NVMeVirt: GC victim policy: cat-fig7-fixed ns=0 part=0 initial_k=2 initial_scale_pct=200 initial_age_ratio=16 warmup_gc=100
[529943.402894] NVMeVirt: [chmodel_init] bandwidth 800 max_credits 26 tx_time 152
[529943.413773] NVMeVirt: [chmodel_init] bandwidth 800 max_credits 26 tx_time 152
[529943.413787] NVMeVirt: [chmodel_init] bandwidth 3360 max_credits 110 tx_time 36
[529943.413789] NVMeVirt: Fixed CAT init ns=0 part=1 arm=11 k=2 scale_pct=200 age_ratio=16
[529943.415084] NVMeVirt: Init FTL instance with 2 channels (524288 pages)
[529943.415086] NVMeVirt: GC victim policy: cat-fig7-fixed ns=0 part=1 initial_k=2 initial_scale_pct=200 initial_age_ratio=16 warmup_gc=100
[529943.425821] NVMeVirt: [chmodel_init] bandwidth 800 max_credits 26 tx_time 152
[529943.436886] NVMeVirt: [chmodel_init] bandwidth 800 max_credits 26 tx_time 152
[529943.436901] NVMeVirt: [chmodel_init] bandwidth 3360 max_credits 110 tx_time 36
[529943.436904] NVMeVirt: Fixed CAT init ns=0 part=2 arm=11 k=2 scale_pct=200 age_ratio=16
[529943.438341] NVMeVirt: Init FTL instance with 2 channels (524288 pages)
[529943.438344] NVMeVirt: GC victim policy: cat-fig7-fixed ns=0 part=2 initial_k=2 initial_scale_pct=200 initial_age_ratio=16 warmup_gc=100
[529943.449303] NVMeVirt: [chmodel_init] bandwidth 800 max_credits 26 tx_time 152
[529943.460021] NVMeVirt: [chmodel_init] bandwidth 800 max_credits 26 tx_time 152
[529943.460036] NVMeVirt: [chmodel_init] bandwidth 3360 max_credits 110 tx_time 36
[529943.460038] NVMeVirt: Fixed CAT init ns=0 part=3 arm=11 k=2 scale_pct=200 age_ratio=16
[529943.461283] NVMeVirt: Init FTL instance with 2 channels (524288 pages)
[529943.461286] NVMeVirt: GC victim policy: cat-fig7-fixed ns=0 part=3 initial_k=2 initial_scale_pct=200 initial_age_ratio=16 warmup_gc=100
[529943.461292] NVMeVirt: FTL physical space: 8588886016, logical space: 8026996276 (physical/logical * 100 = 107)
[529943.461293] NVMeVirt: ns 0/1: size 7655 MiB
[529943.461340] PCI host bridge to bus 0001:10
[529943.461343] pci_bus 0001:10: root bus resource [io  0x0000-0xffff]
[529943.461346] pci_bus 0001:10: root bus resource [mem 0x00000000-0x7fffffffff]
[529943.461348] pci_bus 0001:10: root bus resource [bus 00-ff]
[529943.461355] pci 0001:10:00.0: [0c51:0110] type 00 class 0x010802 PCIe Endpoint
[529943.461359] pci 0001:10:00.0: BAR 0 [mem 0x100000000-0x100003fff 64bit]
[529943.461362] pci 0001:10:00.0: enabling Extended Tags
[529943.461554] NVMeVirt: Virtual PCI bus created (node 0)
[529943.461877] NVMeVirt: nvmev_io_worker_0 started on cpu 2 (node 0)
[529943.461918] NVMeVirt: nvmev_dispatcher started on cpu 1 (node 0)
[529943.461946] NVMeVirt: Virtual NVMe device created
[529943.462163] nvme nvme0: pci function 0001:10:00.0
[529943.463953] nvme nvme0: 8/0/0 default/read/poll queues
[529944.429009] EXT4-fs (nvme0n1): mounted filesystem 0d6aec74-31fb-4675-b527-f847ddd51550 r/w with ordered data mode. Quota mode: none.
[529948.457465] iCAT_FILEBENCH_MEASURE_START run=20260917-225751-1654379
[529948.950735] tee (1655213): drop_caches: 3
[529955.128086] tee (1656227): drop_caches: 3
[529960.773297] tee (1656232): drop_caches: 3
[529966.398570] tee (1656238): drop_caches: 3
[529972.028125] tee (1656763): drop_caches: 3
[529977.586567] tee (1657345): drop_caches: 3
[529983.159655] tee (1657669): drop_caches: 3
[529988.820500] tee (1658022): drop_caches: 3
[529994.614779] tee (1658413): drop_caches: 3
[530000.446823] tee (1658912): drop_caches: 3
[530006.170701] tee (1659410): drop_caches: 3
[530011.759348] tee (1659802): drop_caches: 3
[530017.639136] tee (1660230): drop_caches: 3
[530023.408769] tee (1660739): drop_caches: 3
[530029.132094] tee (1661045): drop_caches: 3
[530034.876838] tee (1661422): drop_caches: 3
[530040.606393] tee (1661834): drop_caches: 3
[530046.334355] tee (1662057): drop_caches: 3
[530051.968610] tee (1662490): drop_caches: 3
[530057.833496] tee (1662869): drop_caches: 3
[530063.688062] tee (1663191): drop_caches: 3
[530069.470583] tee (1663580): drop_caches: 3
[530075.113829] tee (1663924): drop_caches: 3
[530083.831208] tee (1664546): drop_caches: 3
[530091.826143] tee (1664773): drop_caches: 3
[530103.973253] tee (1665557): drop_caches: 3
[530111.986596] tee (1665916): drop_caches: 3
[530119.076597] tee (1666382): drop_caches: 3
[530124.727635] tee (1666839): drop_caches: 3
[530130.409438] tee (1667164): drop_caches: 3
[530136.164883] tee (1667488): drop_caches: 3
[530141.754121] tee (1668037): drop_caches: 3
[530147.350660] tee (1668432): drop_caches: 3
[530153.414803] tee (1668778): drop_caches: 3
[530159.264964] tee (1669372): drop_caches: 3
[530164.880657] tee (1669620): drop_caches: 3
[530170.502549] tee (1670110): drop_caches: 3
[530176.157650] tee (1670518): drop_caches: 3
[530181.796309] tee (1670661): drop_caches: 3
[530187.641962] tee (1670994): drop_caches: 3
[530193.196356] tee (1671234): drop_caches: 3
[530198.813543] tee (1671638): drop_caches: 3
[530204.678057] tee (1671913): drop_caches: 3
[530210.457766] tee (1672302): drop_caches: 3
[530216.262738] tee (1672744): drop_caches: 3
[530222.016093] tee (1673122): drop_caches: 3
[530227.768516] tee (1673499): drop_caches: 3
[530233.586515] tee (1673944): drop_caches: 3
[530239.091937] tee (1674188): drop_caches: 3
[530244.843536] tee (1674653): drop_caches: 3
[530250.095163] tee (1674903): drop_caches: 3
[530251.799085] iCAT_FILEBENCH_MEASURE_END run=20260917-225751-1654379
[530254.713555] EXT4-fs (nvme0n1): unmounting filesystem 0d6aec74-31fb-4675-b527-f847ddd51550.
[530255.013717] pci_bus 0001:10: busn_res: [bus 10-ff] is released
[530255.013836] NVMeVirt: GC stats: ns=0 policy=cat-fig7-fixed host_pages=7658932 gc_pages=5106561 gc_count=199456 WAF=1.666 warmup_gc=100-per-part
[530255.087741] NVMeVirt: Virtual NVMe device closed
