[816209.095946] mix-mixH-online-4095519 BEGIN
[816209.129284] NVMeVirt: Version 1.10 for >> Samsung 970 Pro SSD <<
[816209.129290] NVMeVirt: Storage: 0x100100000-0x300000000 (8191 MiB)
[816209.140324] NVMeVirt: Total Capacity(GiB,MiB)=2,2048 chs=2 luns=4 lines=8192 blk-size(MiB,KiB)=0,64 line-size(MiB,KiB)=0,256
[816209.152755] NVMeVirt: [chmodel_init] bandwidth 800 max_credits 26 tx_time 152
[816209.163768] NVMeVirt: [chmodel_init] bandwidth 800 max_credits 26 tx_time 152
[816209.163783] NVMeVirt: [chmodel_init] bandwidth 3360 max_credits 110 tx_time 36
[816209.163786] NVMeVirt: WATGC_V2 init ns=0 part=0 arms=60 initial=37 prior=none gamma_q16=65503 exploration_q16=16384
[816209.165024] NVMeVirt: pqueue: Copyright (c) 2014, Volkan Yazıcı <volkan.yazici@gmail.com>. All rights reserved.
[816209.165062] NVMeVirt: Init FTL instance with 2 channels (524288 pages)
[816209.165064] NVMeVirt: GC victim policy: watgc-v2 ns=0 part=0 initial_k=7 initial_scale_pct=100 initial_age_ratio=7 warmup_gc=100
[816209.175566] NVMeVirt: [chmodel_init] bandwidth 800 max_credits 26 tx_time 152
[816209.186556] NVMeVirt: [chmodel_init] bandwidth 800 max_credits 26 tx_time 152
[816209.186575] NVMeVirt: [chmodel_init] bandwidth 3360 max_credits 110 tx_time 36
[816209.186604] NVMeVirt: WATGC_V2 init ns=0 part=1 arms=60 initial=37 prior=none gamma_q16=65503 exploration_q16=16384
[816209.188044] NVMeVirt: Init FTL instance with 2 channels (524288 pages)
[816209.188048] NVMeVirt: GC victim policy: watgc-v2 ns=0 part=1 initial_k=7 initial_scale_pct=100 initial_age_ratio=7 warmup_gc=100
[816209.198698] NVMeVirt: [chmodel_init] bandwidth 800 max_credits 26 tx_time 152
[816209.209428] NVMeVirt: [chmodel_init] bandwidth 800 max_credits 26 tx_time 152
[816209.209443] NVMeVirt: [chmodel_init] bandwidth 3360 max_credits 110 tx_time 36
[816209.209445] NVMeVirt: WATGC_V2 init ns=0 part=2 arms=60 initial=37 prior=none gamma_q16=65503 exploration_q16=16384
[816209.210894] NVMeVirt: Init FTL instance with 2 channels (524288 pages)
[816209.210897] NVMeVirt: GC victim policy: watgc-v2 ns=0 part=2 initial_k=7 initial_scale_pct=100 initial_age_ratio=7 warmup_gc=100
[816209.221891] NVMeVirt: [chmodel_init] bandwidth 800 max_credits 26 tx_time 152
[816209.232278] NVMeVirt: [chmodel_init] bandwidth 800 max_credits 26 tx_time 152
[816209.232292] NVMeVirt: [chmodel_init] bandwidth 3360 max_credits 110 tx_time 36
[816209.232295] NVMeVirt: WATGC_V2 init ns=0 part=3 arms=60 initial=37 prior=none gamma_q16=65503 exploration_q16=16384
[816209.233543] NVMeVirt: Init FTL instance with 2 channels (524288 pages)
[816209.233546] NVMeVirt: GC victim policy: watgc-v2 ns=0 part=3 initial_k=7 initial_scale_pct=100 initial_age_ratio=7 warmup_gc=100
[816209.233553] NVMeVirt: FTL physical space: 8588886016, logical space: 8026996276 (physical/logical * 100 = 107)
[816209.233555] NVMeVirt: ns 0/1: size 7655 MiB
[816209.233624] PCI host bridge to bus 0001:10
[816209.233628] pci_bus 0001:10: root bus resource [io  0x0000-0xffff]
[816209.233632] pci_bus 0001:10: root bus resource [mem 0x00000000-0x7fffffffff]
[816209.233635] pci_bus 0001:10: root bus resource [bus 00-ff]
[816209.233659] pci 0001:10:00.0: [0c51:0110] type 00 class 0x010802 PCIe Endpoint
[816209.233665] pci 0001:10:00.0: BAR 0 [mem 0x100000000-0x100003fff 64bit]
[816209.233669] pci 0001:10:00.0: enabling Extended Tags
[816209.233836] NVMeVirt: Virtual PCI bus created (node 0)
[816209.234142] NVMeVirt: nvmev_io_worker_0 started on cpu 2 (node 0)
[816209.234206] NVMeVirt: nvmev_dispatcher started on cpu 1 (node 0)
[816209.234238] NVMeVirt: Virtual NVMe device created
[816209.234418] nvme nvme0: pci function 0001:10:00.0
[816209.236951] nvme nvme0: 8/0/0 default/read/poll queues
[816209.858118] EXT4-fs (nvme0n1): mounted filesystem 5ddcbc86-c9a1-485f-934c-3101e6771ea0 r/w with ordered data mode. Quota mode: none.
[816292.570514] NVMeVirt: WATGC_V2 init ns=0 part=0 arms=60 initial=37 prior=none gamma_q16=65503 exploration_q16=16384
[816292.570519] NVMeVirt: WATGC_V2 init ns=0 part=1 arms=60 initial=37 prior=none gamma_q16=65503 exploration_q16=16384
[816292.570521] NVMeVirt: WATGC_V2 init ns=0 part=2 arms=60 initial=37 prior=none gamma_q16=65503 exploration_q16=16384
[816292.570523] NVMeVirt: WATGC_V2 init ns=0 part=3 arms=60 initial=37 prior=none gamma_q16=65503 exploration_q16=16384
[816292.570524] NVMeVirt: Measurement: command=start epoch=1 host_bytes=0 learner_active=1
[816292.579703] mix-mixH-online-4095519 phase=A START
[816294.357199] NVMeVirt: WATGC_V2 warmup-done ns=0 part=2 gc_count=2825
[816294.401350] NVMeVirt: WATGC_V2 warmup-done ns=0 part=3 gc_count=2826
[816294.411326] NVMeVirt: WATGC_V2 warmup-done ns=0 part=0 gc_count=2829
[816294.412151] NVMeVirt: WATGC_V2 warmup-done ns=0 part=1 gc_count=2823
[816333.654847] NVMeVirt: WATGC_V2 sample ns=0 part=3 epoch=1 window=1 phase=measure evaluated=37 k=7 scale_pct=100 age_ratio=7 host=65551 gc_pages=58599 gc_count=1940 waf_q16=124121 best=37 next=0 settled=0
[816333.695786] NVMeVirt: WATGC_V2 sample ns=0 part=2 epoch=1 window=1 phase=measure evaluated=37 k=7 scale_pct=100 age_ratio=7 host=65558 gc_pages=58208 gc_count=1934 waf_q16=123724 best=37 next=0 settled=0
[816333.790340] NVMeVirt: WATGC_V2 sample ns=0 part=1 epoch=1 window=1 phase=measure evaluated=37 k=7 scale_pct=100 age_ratio=7 host=65556 gc_pages=58356 gc_count=1936 waf_q16=123874 best=37 next=0 settled=0
[816333.792836] NVMeVirt: WATGC_V2 sample ns=0 part=0 epoch=1 window=1 phase=measure evaluated=37 k=7 scale_pct=100 age_ratio=7 host=65571 gc_pages=58397 gc_count=1937 waf_q16=123901 best=37 next=0 settled=0
[816372.984436] NVMeVirt: WATGC_V2 sample ns=0 part=3 epoch=1 window=2 phase=measure evaluated=0 k=2 scale_pct=25 age_ratio=4 host=65562 gc_pages=53101 gc_count=1854 waf_q16=118615 best=0 next=1 settled=0
[816373.063084] NVMeVirt: WATGC_V2 sample ns=0 part=2 epoch=1 window=2 phase=measure evaluated=0 k=2 scale_pct=25 age_ratio=4 host=65564 gc_pages=52395 gc_count=1843 waf_q16=117908 best=0 next=1 settled=0
[816373.083769] NVMeVirt: WATGC_V2 sample ns=0 part=1 epoch=1 window=2 phase=measure evaluated=0 k=2 scale_pct=25 age_ratio=4 host=65564 gc_pages=52652 gc_count=1847 waf_q16=118165 best=0 next=1 settled=0
[816373.109771] NVMeVirt: WATGC_V2 sample ns=0 part=0 epoch=1 window=2 phase=measure evaluated=0 k=2 scale_pct=25 age_ratio=4 host=65536 gc_pages=52295 gc_count=1841 waf_q16=117831 best=0 next=1 settled=0
[816412.344284] NVMeVirt: WATGC_V2 sample ns=0 part=2 epoch=1 window=3 phase=measure evaluated=1 k=2 scale_pct=25 age_ratio=7 host=65550 gc_pages=73774 gc_count=2177 waf_q16=139294 best=0 next=2 settled=0
[816412.407243] NVMeVirt: WATGC_V2 sample ns=0 part=1 epoch=1 window=3 phase=measure evaluated=1 k=2 scale_pct=25 age_ratio=7 host=65544 gc_pages=73531 gc_count=2173 waf_q16=139058 best=0 next=2 settled=0
[816412.408070] NVMeVirt: WATGC_V2 sample ns=0 part=0 epoch=1 window=3 phase=measure evaluated=1 k=2 scale_pct=25 age_ratio=7 host=65562 gc_pages=73512 gc_count=2173 waf_q16=139018 best=0 next=2 settled=0
[816412.427258] NVMeVirt: WATGC_V2 sample ns=0 part=3 epoch=1 window=3 phase=measure evaluated=1 k=2 scale_pct=25 age_ratio=7 host=65557 gc_pages=74093 gc_count=2182 waf_q16=139605 best=0 next=2 settled=0
[816451.697669] NVMeVirt: WATGC_V2 sample ns=0 part=2 epoch=1 window=4 phase=measure evaluated=2 k=2 scale_pct=25 age_ratio=16 host=65539 gc_pages=72962 gc_count=2164 waf_q16=138494 best=0 next=3 settled=0
[816451.710236] NVMeVirt: WATGC_V2 sample ns=0 part=3 epoch=1 window=4 phase=measure evaluated=2 k=2 scale_pct=25 age_ratio=16 host=65559 gc_pages=72494 gc_count=2157 waf_q16=138004 best=0 next=3 settled=0
[816451.715869] NVMeVirt: WATGC_V2 sample ns=0 part=0 epoch=1 window=4 phase=measure evaluated=2 k=2 scale_pct=25 age_ratio=16 host=65548 gc_pages=72385 gc_count=2155 waf_q16=137907 best=0 next=3 settled=0
[816451.800546] NVMeVirt: WATGC_V2 sample ns=0 part=1 epoch=1 window=4 phase=measure evaluated=2 k=2 scale_pct=25 age_ratio=16 host=65540 gc_pages=72514 gc_count=2157 waf_q16=138045 best=0 next=3 settled=0
[816491.030478] NVMeVirt: WATGC_V2 sample ns=0 part=2 epoch=1 window=5 phase=measure evaluated=3 k=2 scale_pct=50 age_ratio=4 host=65555 gc_pages=72238 gc_count=2153 waf_q16=137753 best=0 next=4 settled=0
[816491.047282] NVMeVirt: WATGC_V2 sample ns=0 part=3 epoch=1 window=5 phase=measure evaluated=3 k=2 scale_pct=50 age_ratio=4 host=65538 gc_pages=72063 gc_count=2150 waf_q16=137596 best=0 next=4 settled=0
[816491.049994] NVMeVirt: WATGC_V2 sample ns=0 part=1 epoch=1 window=5 phase=measure evaluated=3 k=2 scale_pct=50 age_ratio=4 host=65539 gc_pages=72893 gc_count=2163 waf_q16=138425 best=0 next=4 settled=0
[816491.111177] NVMeVirt: WATGC_V2 sample ns=0 part=0 epoch=1 window=5 phase=measure evaluated=3 k=2 scale_pct=50 age_ratio=4 host=65564 gc_pages=73125 gc_count=2167 waf_q16=138629 best=0 next=4 settled=0
[816530.356315] NVMeVirt: WATGC_V2 sample ns=0 part=3 epoch=1 window=6 phase=measure evaluated=4 k=2 scale_pct=50 age_ratio=7 host=65560 gc_pages=70949 gc_count=2133 waf_q16=136459 best=0 next=5 settled=0
[816530.361457] NVMeVirt: WATGC_V2 sample ns=0 part=2 epoch=1 window=6 phase=measure evaluated=4 k=2 scale_pct=50 age_ratio=7 host=65557 gc_pages=71336 gc_count=2139 waf_q16=136849 best=0 next=5 settled=0
[816530.388687] NVMeVirt: WATGC_V2 sample ns=0 part=0 epoch=1 window=6 phase=measure evaluated=4 k=2 scale_pct=50 age_ratio=7 host=65553 gc_pages=71466 gc_count=2141 waf_q16=136983 best=0 next=5 settled=0
[816530.469117] NVMeVirt: WATGC_V2 sample ns=0 part=1 epoch=1 window=6 phase=measure evaluated=4 k=2 scale_pct=50 age_ratio=7 host=65557 gc_pages=71015 gc_count=2134 waf_q16=136528 best=0 next=5 settled=0
[816569.604548] NVMeVirt: WATGC_V2 sample ns=0 part=2 epoch=1 window=7 phase=measure evaluated=5 k=2 scale_pct=50 age_ratio=16 host=65539 gc_pages=74683 gc_count=2191 waf_q16=140215 best=0 next=6 settled=0
[816569.701786] NVMeVirt: WATGC_V2 sample ns=0 part=1 epoch=1 window=7 phase=measure evaluated=5 k=2 scale_pct=50 age_ratio=16 host=65562 gc_pages=75429 gc_count=2203 waf_q16=140935 best=0 next=6 settled=0
[816569.767403] NVMeVirt: WATGC_V2 sample ns=0 part=3 epoch=1 window=7 phase=measure evaluated=5 k=2 scale_pct=50 age_ratio=16 host=65565 gc_pages=73569 gc_count=2174 waf_q16=139072 best=0 next=6 settled=0
[816569.830996] NVMeVirt: WATGC_V2 sample ns=0 part=0 epoch=1 window=7 phase=measure evaluated=5 k=2 scale_pct=50 age_ratio=16 host=65564 gc_pages=75042 gc_count=2197 waf_q16=140545 best=0 next=6 settled=0
[816608.931223] NVMeVirt: WATGC_V2 sample ns=0 part=2 epoch=1 window=8 phase=measure evaluated=6 k=2 scale_pct=100 age_ratio=4 host=65549 gc_pages=79411 gc_count=2265 waf_q16=144931 best=0 next=7 settled=0
[816609.021229] NVMeVirt: WATGC_V2 sample ns=0 part=0 epoch=1 window=8 phase=measure evaluated=6 k=2 scale_pct=100 age_ratio=4 host=65540 gc_pages=79932 gc_count=2273 waf_q16=145463 best=0 next=7 settled=0
[816609.135124] NVMeVirt: WATGC_V2 sample ns=0 part=3 epoch=1 window=8 phase=measure evaluated=6 k=2 scale_pct=100 age_ratio=4 host=65560 gc_pages=78377 gc_count=2249 waf_q16=143884 best=0 next=7 settled=0
[816609.137718] NVMeVirt: WATGC_V2 sample ns=0 part=1 epoch=1 window=8 phase=measure evaluated=6 k=2 scale_pct=100 age_ratio=4 host=65539 gc_pages=79293 gc_count=2263 waf_q16=144825 best=0 next=7 settled=0
[816648.209865] NVMeVirt: WATGC_V2 sample ns=0 part=2 epoch=1 window=9 phase=measure evaluated=7 k=2 scale_pct=100 age_ratio=7 host=65555 gc_pages=77233 gc_count=2231 waf_q16=142746 best=0 next=8 settled=0
[816648.286228] NVMeVirt: WATGC_V2 sample ns=0 part=0 epoch=1 window=9 phase=measure evaluated=7 k=2 scale_pct=100 age_ratio=7 host=65545 gc_pages=76602 gc_count=2221 waf_q16=142127 best=0 next=8 settled=0
[816648.465683] NVMeVirt: WATGC_V2 sample ns=0 part=3 epoch=1 window=9 phase=measure evaluated=7 k=2 scale_pct=100 age_ratio=7 host=65548 gc_pages=77304 gc_count=2232 waf_q16=142825 best=0 next=8 settled=0
[816648.581756] NVMeVirt: WATGC_V2 sample ns=0 part=1 epoch=1 window=9 phase=measure evaluated=7 k=2 scale_pct=100 age_ratio=7 host=65545 gc_pages=77819 gc_count=2240 waf_q16=143344 best=0 next=8 settled=0
[816687.549807] NVMeVirt: WATGC_V2 sample ns=0 part=2 epoch=1 window=10 phase=measure evaluated=8 k=2 scale_pct=100 age_ratio=16 host=65561 gc_pages=77610 gc_count=2237 waf_q16=143116 best=0 next=9 settled=0
[816687.713825] NVMeVirt: WATGC_V2 sample ns=0 part=0 epoch=1 window=10 phase=measure evaluated=8 k=2 scale_pct=100 age_ratio=16 host=65563 gc_pages=77160 gc_count=2230 waf_q16=142664 best=0 next=9 settled=0
[816687.802861] NVMeVirt: WATGC_V2 sample ns=0 part=1 epoch=1 window=10 phase=measure evaluated=8 k=2 scale_pct=100 age_ratio=16 host=65539 gc_pages=78017 gc_count=2243 waf_q16=143549 best=0 next=9 settled=0
[816687.824425] NVMeVirt: WATGC_V2 sample ns=0 part=3 epoch=1 window=10 phase=measure evaluated=8 k=2 scale_pct=100 age_ratio=16 host=65560 gc_pages=77803 gc_count=2240 waf_q16=143310 best=0 next=9 settled=0
[816726.842244] NVMeVirt: WATGC_V2 sample ns=0 part=2 epoch=1 window=11 phase=measure evaluated=9 k=2 scale_pct=200 age_ratio=4 host=65548 gc_pages=83121 gc_count=2323 waf_q16=148641 best=0 next=10 settled=0
[816727.041699] NVMeVirt: WATGC_V2 sample ns=0 part=0 epoch=1 window=11 phase=measure evaluated=9 k=2 scale_pct=200 age_ratio=4 host=65543 gc_pages=83190 gc_count=2324 waf_q16=148717 best=0 next=10 settled=0
[816727.160659] NVMeVirt: WATGC_V2 sample ns=0 part=3 epoch=1 window=11 phase=measure evaluated=9 k=2 scale_pct=200 age_ratio=4 host=65564 gc_pages=82146 gc_count=2308 waf_q16=147646 best=0 next=10 settled=0
[816727.171636] NVMeVirt: WATGC_V2 sample ns=0 part=1 epoch=1 window=11 phase=measure evaluated=9 k=2 scale_pct=200 age_ratio=4 host=65536 gc_pages=82045 gc_count=2306 waf_q16=147581 best=0 next=10 settled=0
[816766.092070] NVMeVirt: WATGC_V2 sample ns=0 part=2 epoch=1 window=12 phase=measure evaluated=10 k=2 scale_pct=200 age_ratio=7 host=65541 gc_pages=83323 gc_count=2326 waf_q16=148852 best=0 next=11 settled=0
[816766.451570] NVMeVirt: WATGC_V2 sample ns=0 part=0 epoch=1 window=12 phase=measure evaluated=10 k=2 scale_pct=200 age_ratio=7 host=65558 gc_pages=83560 gc_count=2330 waf_q16=149067 best=0 next=11 settled=0
[816766.459903] NVMeVirt: WATGC_V2 sample ns=0 part=3 epoch=1 window=12 phase=measure evaluated=10 k=2 scale_pct=200 age_ratio=7 host=65563 gc_pages=82339 gc_count=2311 waf_q16=147841 best=0 next=11 settled=0
[816766.513111] NVMeVirt: WATGC_V2 sample ns=0 part=1 epoch=1 window=12 phase=measure evaluated=10 k=2 scale_pct=200 age_ratio=7 host=65563 gc_pages=82916 gc_count=2320 waf_q16=148417 best=0 next=11 settled=0
[816805.539715] NVMeVirt: WATGC_V2 sample ns=0 part=2 epoch=1 window=13 phase=measure evaluated=11 k=2 scale_pct=200 age_ratio=16 host=65555 gc_pages=84398 gc_count=2343 waf_q16=149909 best=0 next=12 settled=0
[816805.751538] NVMeVirt: WATGC_V2 sample ns=0 part=1 epoch=1 window=13 phase=measure evaluated=11 k=2 scale_pct=200 age_ratio=16 host=65549 gc_pages=84340 gc_count=2342 waf_q16=149859 best=0 next=12 settled=0
[816805.756323] NVMeVirt: WATGC_V2 sample ns=0 part=3 epoch=1 window=13 phase=measure evaluated=11 k=2 scale_pct=200 age_ratio=16 host=65550 gc_pages=84019 gc_count=2337 waf_q16=149537 best=0 next=12 settled=0
[816805.787544] NVMeVirt: WATGC_V2 sample ns=0 part=0 epoch=1 window=13 phase=measure evaluated=11 k=2 scale_pct=200 age_ratio=16 host=65550 gc_pages=85042 gc_count=2353 waf_q16=150559 best=0 next=12 settled=0
[816844.850958] NVMeVirt: WATGC_V2 sample ns=0 part=2 epoch=1 window=14 phase=measure evaluated=12 k=2 scale_pct=400 age_ratio=4 host=65555 gc_pages=84143 gc_count=2339 waf_q16=149654 best=0 next=13 settled=0
[816845.024560] NVMeVirt: WATGC_V2 sample ns=0 part=3 epoch=1 window=14 phase=measure evaluated=12 k=2 scale_pct=400 age_ratio=4 host=65552 gc_pages=82674 gc_count=2316 waf_q16=148189 best=0 next=13 settled=0
[816845.128557] NVMeVirt: WATGC_V2 sample ns=0 part=1 epoch=1 window=14 phase=measure evaluated=12 k=2 scale_pct=400 age_ratio=4 host=65556 gc_pages=83758 gc_count=2333 waf_q16=149268 best=0 next=13 settled=0
[816845.141945] NVMeVirt: WATGC_V2 sample ns=0 part=0 epoch=1 window=14 phase=measure evaluated=12 k=2 scale_pct=400 age_ratio=4 host=65551 gc_pages=84402 gc_count=2343 waf_q16=149918 best=0 next=13 settled=0
[816884.233099] NVMeVirt: WATGC_V2 sample ns=0 part=2 epoch=1 window=15 phase=measure evaluated=13 k=2 scale_pct=400 age_ratio=7 host=65559 gc_pages=78315 gc_count=2248 waf_q16=143823 best=0 next=14 settled=0
[816884.362135] NVMeVirt: WATGC_V2 sample ns=0 part=3 epoch=1 window=15 phase=measure evaluated=13 k=2 scale_pct=400 age_ratio=7 host=65560 gc_pages=76970 gc_count=2227 waf_q16=142477 best=0 next=14 settled=0
[816884.389504] NVMeVirt: WATGC_V2 sample ns=0 part=0 epoch=1 window=15 phase=measure evaluated=13 k=2 scale_pct=400 age_ratio=7 host=65546 gc_pages=77881 gc_count=2241 waf_q16=143405 best=0 next=14 settled=0
[816884.507983] NVMeVirt: WATGC_V2 sample ns=0 part=1 epoch=1 window=15 phase=measure evaluated=13 k=2 scale_pct=400 age_ratio=7 host=65537 gc_pages=77314 gc_count=2232 waf_q16=142848 best=0 next=14 settled=0
[816893.223523] mix-mixH-online-4095519 phase=A END
[816893.231127] mix-mixH-online-4095519 phase=B START
[816901.075941] NVMeVirt: WATGC_V2 sample ns=0 part=2 epoch=1 window=16 phase=measure evaluated=14 k=2 scale_pct=400 age_ratio=16 host=65537 gc_pages=84735 gc_count=2348 waf_q16=150269 best=0 next=15 settled=0
[816901.085559] NVMeVirt: WATGC_V2 sample ns=0 part=3 epoch=1 window=16 phase=measure evaluated=14 k=2 scale_pct=400 age_ratio=16 host=65542 gc_pages=82811 gc_count=2318 waf_q16=148339 best=0 next=15 settled=0
[816901.154493] NVMeVirt: WATGC_V2 sample ns=0 part=0 epoch=1 window=16 phase=measure evaluated=14 k=2 scale_pct=400 age_ratio=16 host=65556 gc_pages=83756 gc_count=2333 waf_q16=149266 best=0 next=15 settled=0
[816901.156797] NVMeVirt: WATGC_V2 sample ns=0 part=1 epoch=1 window=16 phase=measure evaluated=14 k=2 scale_pct=400 age_ratio=16 host=65539 gc_pages=83324 gc_count=2326 waf_q16=148856 best=0 next=15 settled=0
[816910.897282] NVMeVirt: WATGC_V2 sample ns=0 part=2 epoch=1 window=17 phase=measure evaluated=15 k=4 scale_pct=25 age_ratio=4 host=65539 gc_pages=67327 gc_count=2076 waf_q16=132859 best=0 next=16 settled=0
[816910.939352] NVMeVirt: WATGC_V2 sample ns=0 part=3 epoch=1 window=17 phase=measure evaluated=15 k=4 scale_pct=25 age_ratio=4 host=65538 gc_pages=66962 gc_count=2070 waf_q16=132495 best=0 next=16 settled=0
[816910.976325] NVMeVirt: WATGC_V2 sample ns=0 part=0 epoch=1 window=17 phase=measure evaluated=15 k=4 scale_pct=25 age_ratio=4 host=65543 gc_pages=68679 gc_count=2097 waf_q16=134207 best=0 next=16 settled=0
[816910.991790] NVMeVirt: WATGC_V2 sample ns=0 part=1 epoch=1 window=17 phase=measure evaluated=15 k=4 scale_pct=25 age_ratio=4 host=65560 gc_pages=67883 gc_count=2085 waf_q16=133394 best=0 next=16 settled=0
[816920.734093] NVMeVirt: WATGC_V2 sample ns=0 part=2 epoch=1 window=18 phase=measure evaluated=16 k=4 scale_pct=25 age_ratio=7 host=65536 gc_pages=53292 gc_count=1857 waf_q16=118828 best=0 next=17 settled=0
[816920.789330] NVMeVirt: WATGC_V2 sample ns=0 part=3 epoch=1 window=18 phase=measure evaluated=16 k=4 scale_pct=25 age_ratio=7 host=65568 gc_pages=53975 gc_count=1868 waf_q16=119484 best=0 next=17 settled=0
[816920.790437] NVMeVirt: WATGC_V2 sample ns=0 part=0 epoch=1 window=18 phase=measure evaluated=16 k=4 scale_pct=25 age_ratio=7 host=65568 gc_pages=53155 gc_count=1855 waf_q16=118665 best=0 next=17 settled=0
[816920.826772] NVMeVirt: WATGC_V2 sample ns=0 part=1 epoch=1 window=18 phase=measure evaluated=16 k=4 scale_pct=25 age_ratio=7 host=65536 gc_pages=52468 gc_count=1844 waf_q16=118004 best=0 next=17 settled=0
[816930.579802] NVMeVirt: WATGC_V2 sample ns=0 part=2 epoch=1 window=19 phase=measure evaluated=17 k=4 scale_pct=25 age_ratio=16 host=65557 gc_pages=60974 gc_count=1977 waf_q16=126490 best=0 next=18 settled=0
[816930.611849] NVMeVirt: WATGC_V2 sample ns=0 part=0 epoch=1 window=19 phase=measure evaluated=17 k=4 scale_pct=25 age_ratio=16 host=65562 gc_pages=59238 gc_count=1950 waf_q16=124750 best=0 next=18 settled=0
[816930.620809] NVMeVirt: WATGC_V2 sample ns=0 part=3 epoch=1 window=19 phase=measure evaluated=17 k=4 scale_pct=25 age_ratio=16 host=65557 gc_pages=58194 gc_count=1934 waf_q16=123711 best=0 next=18 settled=0
[816930.668776] NVMeVirt: WATGC_V2 sample ns=0 part=1 epoch=1 window=19 phase=measure evaluated=17 k=4 scale_pct=25 age_ratio=16 host=65571 gc_pages=59102 gc_count=1948 waf_q16=124606 best=0 next=18 settled=0
[816940.396398] NVMeVirt: WATGC_V2 sample ns=0 part=2 epoch=1 window=20 phase=measure evaluated=18 k=4 scale_pct=50 age_ratio=4 host=65554 gc_pages=38204 gc_count=1621 waf_q16=103729 best=18 next=19 settled=0
[816940.455020] NVMeVirt: WATGC_V2 sample ns=0 part=3 epoch=1 window=20 phase=measure evaluated=18 k=4 scale_pct=50 age_ratio=4 host=65546 gc_pages=38585 gc_count=1627 waf_q16=104115 best=18 next=19 settled=0
[816940.462195] NVMeVirt: WATGC_V2 sample ns=0 part=0 epoch=1 window=20 phase=measure evaluated=18 k=4 scale_pct=50 age_ratio=4 host=65559 gc_pages=39404 gc_count=1640 waf_q16=104926 best=18 next=19 settled=0
[816940.499462] NVMeVirt: WATGC_V2 sample ns=0 part=1 epoch=1 window=20 phase=measure evaluated=18 k=4 scale_pct=50 age_ratio=4 host=65562 gc_pages=39849 gc_count=1647 waf_q16=105369 best=18 next=19 settled=0
[816950.251138] NVMeVirt: WATGC_V2 sample ns=0 part=2 epoch=1 window=21 phase=measure evaluated=19 k=4 scale_pct=50 age_ratio=7 host=65566 gc_pages=48994 gc_count=1790 waf_q16=114507 best=18 next=20 settled=0
[816950.282631] NVMeVirt: WATGC_V2 sample ns=0 part=3 epoch=1 window=21 phase=measure evaluated=19 k=4 scale_pct=50 age_ratio=7 host=65566 gc_pages=49250 gc_count=1794 waf_q16=114763 best=18 next=20 settled=0
[816950.290797] NVMeVirt: WATGC_V2 sample ns=0 part=0 epoch=1 window=21 phase=measure evaluated=19 k=4 scale_pct=50 age_ratio=7 host=65546 gc_pages=51382 gc_count=1827 waf_q16=116910 best=18 next=20 settled=0
[816950.332642] NVMeVirt: WATGC_V2 sample ns=0 part=1 epoch=1 window=21 phase=measure evaluated=19 k=4 scale_pct=50 age_ratio=7 host=65537 gc_pages=49215 gc_count=1793 waf_q16=114750 best=18 next=20 settled=0
[816960.081887] NVMeVirt: WATGC_V2 sample ns=0 part=2 epoch=1 window=22 phase=measure evaluated=20 k=4 scale_pct=50 age_ratio=16 host=65554 gc_pages=47169 gc_count=1761 waf_q16=112692 best=18 next=21 settled=0
[816960.121299] NVMeVirt: WATGC_V2 sample ns=0 part=3 epoch=1 window=22 phase=measure evaluated=20 k=4 scale_pct=50 age_ratio=16 host=65549 gc_pages=46836 gc_count=1756 waf_q16=112362 best=18 next=21 settled=0
[816960.145177] NVMeVirt: WATGC_V2 sample ns=0 part=0 epoch=1 window=22 phase=measure evaluated=20 k=4 scale_pct=50 age_ratio=16 host=65558 gc_pages=46506 gc_count=1751 waf_q16=112026 best=18 next=21 settled=0
[816960.153530] NVMeVirt: WATGC_V2 sample ns=0 part=1 epoch=1 window=22 phase=measure evaluated=20 k=4 scale_pct=50 age_ratio=16 host=65571 gc_pages=47262 gc_count=1763 waf_q16=112772 best=18 next=21 settled=0
[816969.904985] NVMeVirt: WATGC_V2 sample ns=0 part=2 epoch=1 window=23 phase=measure evaluated=21 k=4 scale_pct=100 age_ratio=4 host=65546 gc_pages=38645 gc_count=1628 waf_q16=104175 best=18 next=22 settled=0
[816969.938078] NVMeVirt: WATGC_V2 sample ns=0 part=0 epoch=1 window=23 phase=measure evaluated=21 k=4 scale_pct=100 age_ratio=4 host=65575 gc_pages=38104 gc_count=1620 waf_q16=103617 best=21 next=22 settled=0
[816969.978692] NVMeVirt: WATGC_V2 sample ns=0 part=3 epoch=1 window=23 phase=measure evaluated=21 k=4 scale_pct=100 age_ratio=4 host=65571 gc_pages=38556 gc_count=1627 waf_q16=104071 best=18 next=22 settled=0
[816970.011659] NVMeVirt: WATGC_V2 sample ns=0 part=1 epoch=1 window=23 phase=measure evaluated=21 k=4 scale_pct=100 age_ratio=4 host=65552 gc_pages=38192 gc_count=1621 waf_q16=103718 best=21 next=22 settled=0
[816979.720839] NVMeVirt: WATGC_V2 sample ns=0 part=2 epoch=1 window=24 phase=measure evaluated=22 k=4 scale_pct=100 age_ratio=7 host=65564 gc_pages=63394 gc_count=2015 waf_q16=128902 best=18 next=23 settled=0
[816979.764508] NVMeVirt: WATGC_V2 sample ns=0 part=0 epoch=1 window=24 phase=measure evaluated=22 k=4 scale_pct=100 age_ratio=7 host=65542 gc_pages=63294 gc_count=2013 waf_q16=128824 best=21 next=23 settled=0
[816979.812912] NVMeVirt: WATGC_V2 sample ns=0 part=3 epoch=1 window=24 phase=measure evaluated=22 k=4 scale_pct=100 age_ratio=7 host=65567 gc_pages=63199 gc_count=2012 waf_q16=128705 best=18 next=23 settled=0
[816979.870983] NVMeVirt: WATGC_V2 sample ns=0 part=1 epoch=1 window=24 phase=measure evaluated=22 k=4 scale_pct=100 age_ratio=7 host=65541 gc_pages=62651 gc_count=2003 waf_q16=128182 best=21 next=23 settled=0
[816989.556507] NVMeVirt: WATGC_V2 sample ns=0 part=2 epoch=1 window=25 phase=measure evaluated=23 k=4 scale_pct=100 age_ratio=16 host=65571 gc_pages=48454 gc_count=1782 waf_q16=113964 best=18 next=24 settled=0
[816989.612636] NVMeVirt: WATGC_V2 sample ns=0 part=0 epoch=1 window=25 phase=measure evaluated=23 k=4 scale_pct=100 age_ratio=16 host=65571 gc_pages=48668 gc_count=1785 waf_q16=114178 best=21 next=24 settled=0
[816989.655801] NVMeVirt: WATGC_V2 sample ns=0 part=3 epoch=1 window=25 phase=measure evaluated=23 k=4 scale_pct=100 age_ratio=16 host=65543 gc_pages=48248 gc_count=1778 waf_q16=113778 best=18 next=24 settled=0
[816989.686864] NVMeVirt: WATGC_V2 sample ns=0 part=1 epoch=1 window=25 phase=measure evaluated=23 k=4 scale_pct=100 age_ratio=16 host=65552 gc_pages=48175 gc_count=1777 waf_q16=113699 best=21 next=24 settled=0
[816999.361770] NVMeVirt: WATGC_V2 sample ns=0 part=2 epoch=1 window=26 phase=measure evaluated=24 k=4 scale_pct=200 age_ratio=4 host=65569 gc_pages=43039 gc_count=1697 waf_q16=108553 best=18 next=25 settled=0
[816999.471792] NVMeVirt: WATGC_V2 sample ns=0 part=0 epoch=1 window=26 phase=measure evaluated=24 k=4 scale_pct=200 age_ratio=4 host=65557 gc_pages=42732 gc_count=1692 waf_q16=108254 best=21 next=25 settled=0
[816999.472441] NVMeVirt: WATGC_V2 sample ns=0 part=3 epoch=1 window=26 phase=measure evaluated=24 k=4 scale_pct=200 age_ratio=4 host=65556 gc_pages=42156 gc_count=1683 waf_q16=107679 best=18 next=25 settled=0
[816999.535732] NVMeVirt: WATGC_V2 sample ns=0 part=1 epoch=1 window=26 phase=measure evaluated=24 k=4 scale_pct=200 age_ratio=4 host=65542 gc_pages=42555 gc_count=1689 waf_q16=108087 best=21 next=25 settled=0
[817009.192274] NVMeVirt: WATGC_V2 sample ns=0 part=2 epoch=1 window=27 phase=measure evaluated=25 k=4 scale_pct=200 age_ratio=7 host=65557 gc_pages=57074 gc_count=1916 waf_q16=122591 best=18 next=26 settled=0
[817009.302073] NVMeVirt: WATGC_V2 sample ns=0 part=0 epoch=1 window=27 phase=measure evaluated=25 k=4 scale_pct=200 age_ratio=7 host=65537 gc_pages=57221 gc_count=1918 waf_q16=122756 best=21 next=26 settled=0
[817009.317387] NVMeVirt: WATGC_V2 sample ns=0 part=3 epoch=1 window=27 phase=measure evaluated=25 k=4 scale_pct=200 age_ratio=7 host=65549 gc_pages=56185 gc_count=1902 waf_q16=121709 best=18 next=26 settled=0
[817009.363140] NVMeVirt: WATGC_V2 sample ns=0 part=1 epoch=1 window=27 phase=measure evaluated=25 k=4 scale_pct=200 age_ratio=7 host=65544 gc_pages=55870 gc_count=1897 waf_q16=121399 best=21 next=26 settled=0
[817019.046964] NVMeVirt: WATGC_V2 sample ns=0 part=2 epoch=1 window=28 phase=measure evaluated=26 k=4 scale_pct=200 age_ratio=16 host=65546 gc_pages=57263 gc_count=1919 waf_q16=122790 best=18 next=27 settled=0
[817019.137060] NVMeVirt: WATGC_V2 sample ns=0 part=0 epoch=1 window=28 phase=measure evaluated=26 k=4 scale_pct=200 age_ratio=16 host=65551 gc_pages=56876 gc_count=1913 waf_q16=122398 best=21 next=27 settled=0
[817019.144477] NVMeVirt: WATGC_V2 sample ns=0 part=3 epoch=1 window=28 phase=measure evaluated=26 k=4 scale_pct=200 age_ratio=16 host=65556 gc_pages=56423 gc_count=1906 waf_q16=121941 best=18 next=27 settled=0
[817019.188424] NVMeVirt: WATGC_V2 sample ns=0 part=1 epoch=1 window=28 phase=measure evaluated=26 k=4 scale_pct=200 age_ratio=16 host=65566 gc_pages=56158 gc_count=1902 waf_q16=121668 best=21 next=27 settled=0
[817028.889154] NVMeVirt: WATGC_V2 sample ns=0 part=2 epoch=1 window=29 phase=measure evaluated=27 k=4 scale_pct=400 age_ratio=4 host=65560 gc_pages=56293 gc_count=1904 waf_q16=121808 best=18 next=28 settled=0
[817028.966071] NVMeVirt: WATGC_V2 sample ns=0 part=3 epoch=1 window=29 phase=measure evaluated=27 k=4 scale_pct=400 age_ratio=4 host=65540 gc_pages=56185 gc_count=1902 waf_q16=121717 best=18 next=28 settled=0
[817028.973773] NVMeVirt: WATGC_V2 sample ns=0 part=0 epoch=1 window=29 phase=measure evaluated=27 k=4 scale_pct=400 age_ratio=4 host=65565 gc_pages=56861 gc_count=1913 waf_q16=122371 best=21 next=28 settled=0
[817029.016834] NVMeVirt: WATGC_V2 sample ns=0 part=1 epoch=1 window=29 phase=measure evaluated=27 k=4 scale_pct=400 age_ratio=4 host=65545 gc_pages=55669 gc_count=1894 waf_q16=121197 best=21 next=28 settled=0
[817038.745446] NVMeVirt: WATGC_V2 sample ns=0 part=2 epoch=1 window=30 phase=measure evaluated=28 k=4 scale_pct=400 age_ratio=7 host=65539 gc_pages=70078 gc_count=2119 waf_q16=135610 best=18 next=29 settled=0
[817038.778465] NVMeVirt: WATGC_V2 sample ns=0 part=0 epoch=1 window=30 phase=measure evaluated=28 k=4 scale_pct=400 age_ratio=7 host=65549 gc_pages=70773 gc_count=2130 waf_q16=136294 best=21 next=29 settled=0
[817038.791386] NVMeVirt: WATGC_V2 sample ns=0 part=3 epoch=1 window=30 phase=measure evaluated=28 k=4 scale_pct=400 age_ratio=7 host=65546 gc_pages=70968 gc_count=2133 waf_q16=136493 best=18 next=29 settled=0
[817038.857304] NVMeVirt: WATGC_V2 sample ns=0 part=1 epoch=1 window=30 phase=measure evaluated=28 k=4 scale_pct=400 age_ratio=7 host=65536 gc_pages=69120 gc_count=2104 waf_q16=134656 best=21 next=29 settled=0
[817048.559340] NVMeVirt: WATGC_V2 sample ns=0 part=2 epoch=1 window=31 phase=measure evaluated=29 k=4 scale_pct=400 age_ratio=16 host=65552 gc_pages=66225 gc_count=2059 waf_q16=131744 best=18 next=30 settled=0
[817048.621262] NVMeVirt: WATGC_V2 sample ns=0 part=0 epoch=1 window=31 phase=measure evaluated=29 k=4 scale_pct=400 age_ratio=16 host=65546 gc_pages=67447 gc_count=2078 waf_q16=132972 best=21 next=30 settled=0
[817048.633060] NVMeVirt: WATGC_V2 sample ns=0 part=3 epoch=1 window=31 phase=measure evaluated=29 k=4 scale_pct=400 age_ratio=16 host=65563 gc_pages=66918 gc_count=2070 waf_q16=132426 best=18 next=30 settled=0
[817048.689522] NVMeVirt: WATGC_V2 sample ns=0 part=1 epoch=1 window=31 phase=measure evaluated=29 k=4 scale_pct=400 age_ratio=16 host=65537 gc_pages=65663 gc_count=2050 waf_q16=131197 best=21 next=30 settled=0
[817058.396882] NVMeVirt: WATGC_V2 sample ns=0 part=2 epoch=1 window=32 phase=measure evaluated=30 k=7 scale_pct=25 age_ratio=4 host=65544 gc_pages=53435 gc_count=1859 waf_q16=118964 best=18 next=31 settled=0
[817058.468022] NVMeVirt: WATGC_V2 sample ns=0 part=0 epoch=1 window=32 phase=measure evaluated=30 k=7 scale_pct=25 age_ratio=4 host=65556 gc_pages=55470 gc_count=1891 waf_q16=120989 best=21 next=31 settled=0
[817058.470442] NVMeVirt: WATGC_V2 sample ns=0 part=3 epoch=1 window=32 phase=measure evaluated=30 k=7 scale_pct=25 age_ratio=4 host=65565 gc_pages=55087 gc_count=1885 waf_q16=120598 best=18 next=31 settled=0
[817058.515411] NVMeVirt: WATGC_V2 sample ns=0 part=1 epoch=1 window=32 phase=measure evaluated=30 k=7 scale_pct=25 age_ratio=4 host=65560 gc_pages=53802 gc_count=1865 waf_q16=119318 best=21 next=31 settled=0
[817068.235987] NVMeVirt: WATGC_V2 sample ns=0 part=2 epoch=1 window=33 phase=measure evaluated=31 k=7 scale_pct=25 age_ratio=7 host=65555 gc_pages=48410 gc_count=1781 waf_q16=113931 best=18 next=32 settled=0
[817068.298516] NVMeVirt: WATGC_V2 sample ns=0 part=3 epoch=1 window=33 phase=measure evaluated=31 k=7 scale_pct=25 age_ratio=7 host=65556 gc_pages=49645 gc_count=1800 waf_q16=115165 best=18 next=32 settled=0
[817068.313054] NVMeVirt: WATGC_V2 sample ns=0 part=0 epoch=1 window=33 phase=measure evaluated=31 k=7 scale_pct=25 age_ratio=7 host=65540 gc_pages=50304 gc_count=1810 waf_q16=115836 best=21 next=32 settled=0
[817068.330576] NVMeVirt: WATGC_V2 sample ns=0 part=1 epoch=1 window=33 phase=measure evaluated=31 k=7 scale_pct=25 age_ratio=7 host=65569 gc_pages=50023 gc_count=1806 waf_q16=115533 best=21 next=32 settled=0
[817078.052686] NVMeVirt: WATGC_V2 sample ns=0 part=2 epoch=1 window=34 phase=measure evaluated=32 k=7 scale_pct=25 age_ratio=16 host=65555 gc_pages=60017 gc_count=1962 waf_q16=125535 best=18 next=33 settled=0
[817078.127177] NVMeVirt: WATGC_V2 sample ns=0 part=3 epoch=1 window=34 phase=measure evaluated=32 k=7 scale_pct=25 age_ratio=16 host=65542 gc_pages=60542 gc_count=1970 waf_q16=126072 best=18 next=33 settled=0
[817078.158435] NVMeVirt: WATGC_V2 sample ns=0 part=0 epoch=1 window=34 phase=measure evaluated=32 k=7 scale_pct=25 age_ratio=16 host=65555 gc_pages=60913 gc_count=1976 waf_q16=126431 best=21 next=33 settled=0
[817078.177474] NVMeVirt: WATGC_V2 sample ns=0 part=1 epoch=1 window=34 phase=measure evaluated=32 k=7 scale_pct=25 age_ratio=16 host=65536 gc_pages=61251 gc_count=1981 waf_q16=126787 best=21 next=33 settled=0
[817087.896930] NVMeVirt: WATGC_V2 sample ns=0 part=2 epoch=1 window=35 phase=measure evaluated=33 k=7 scale_pct=50 age_ratio=4 host=65570 gc_pages=42014 gc_count=1681 waf_q16=107528 best=18 next=34 settled=0
[817087.955392] NVMeVirt: WATGC_V2 sample ns=0 part=3 epoch=1 window=35 phase=measure evaluated=33 k=7 scale_pct=50 age_ratio=4 host=65540 gc_pages=41530 gc_count=1673 waf_q16=107063 best=18 next=34 settled=0
[817087.990095] NVMeVirt: WATGC_V2 sample ns=0 part=0 epoch=1 window=35 phase=measure evaluated=33 k=7 scale_pct=50 age_ratio=4 host=65567 gc_pages=41441 gc_count=1672 waf_q16=106957 best=21 next=34 settled=0
[817088.011374] NVMeVirt: WATGC_V2 sample ns=0 part=1 epoch=1 window=35 phase=measure evaluated=33 k=7 scale_pct=50 age_ratio=4 host=65536 gc_pages=41529 gc_count=1673 waf_q16=107065 best=21 next=34 settled=0
[817097.708786] NVMeVirt: WATGC_V2 sample ns=0 part=2 epoch=1 window=36 phase=measure evaluated=34 k=7 scale_pct=50 age_ratio=7 host=65542 gc_pages=41851 gc_count=1678 waf_q16=107383 best=18 next=35 settled=0
[817097.800200] NVMeVirt: WATGC_V2 sample ns=0 part=3 epoch=1 window=36 phase=measure evaluated=34 k=7 scale_pct=50 age_ratio=7 host=65563 gc_pages=41372 gc_count=1671 waf_q16=106890 best=18 next=35 settled=0
[817097.834009] NVMeVirt: WATGC_V2 sample ns=0 part=0 epoch=1 window=36 phase=measure evaluated=34 k=7 scale_pct=50 age_ratio=7 host=65550 gc_pages=41395 gc_count=1671 waf_q16=106922 best=21 next=35 settled=0
[817097.836562] NVMeVirt: WATGC_V2 sample ns=0 part=1 epoch=1 window=36 phase=measure evaluated=34 k=7 scale_pct=50 age_ratio=7 host=65567 gc_pages=41250 gc_count=1669 waf_q16=106766 best=21 next=35 settled=0
[817107.569739] NVMeVirt: WATGC_V2 sample ns=0 part=2 epoch=1 window=37 phase=measure evaluated=35 k=7 scale_pct=50 age_ratio=16 host=65574 gc_pages=58140 gc_count=1933 waf_q16=123642 best=18 next=36 settled=0
[817107.645209] NVMeVirt: WATGC_V2 sample ns=0 part=0 epoch=1 window=37 phase=measure evaluated=35 k=7 scale_pct=50 age_ratio=16 host=65543 gc_pages=59707 gc_count=1957 waf_q16=125236 best=21 next=36 settled=0
[817107.648744] NVMeVirt: WATGC_V2 sample ns=0 part=3 epoch=1 window=37 phase=measure evaluated=35 k=7 scale_pct=50 age_ratio=16 host=65555 gc_pages=59311 gc_count=1951 waf_q16=124829 best=18 next=36 settled=0
[817107.657202] NVMeVirt: WATGC_V2 sample ns=0 part=1 epoch=1 window=37 phase=measure evaluated=35 k=7 scale_pct=50 age_ratio=16 host=65541 gc_pages=59843 gc_count=1959 waf_q16=125374 best=21 next=36 settled=0
[817117.385238] NVMeVirt: WATGC_V2 sample ns=0 part=2 epoch=1 window=38 phase=measure evaluated=36 k=7 scale_pct=100 age_ratio=4 host=65565 gc_pages=47006 gc_count=1759 waf_q16=112521 best=18 next=38 settled=0
[817117.475858] NVMeVirt: WATGC_V2 sample ns=0 part=3 epoch=1 window=38 phase=measure evaluated=36 k=7 scale_pct=100 age_ratio=4 host=65571 gc_pages=46872 gc_count=1757 waf_q16=112382 best=18 next=38 settled=0
[817117.482774] NVMeVirt: WATGC_V2 sample ns=0 part=0 epoch=1 window=38 phase=measure evaluated=36 k=7 scale_pct=100 age_ratio=4 host=65537 gc_pages=46714 gc_count=1754 waf_q16=112249 best=21 next=38 settled=0
[817117.510794] NVMeVirt: WATGC_V2 sample ns=0 part=1 epoch=1 window=38 phase=measure evaluated=36 k=7 scale_pct=100 age_ratio=4 host=65558 gc_pages=46436 gc_count=1750 waf_q16=111956 best=21 next=38 settled=0
[817127.251616] NVMeVirt: WATGC_V2 sample ns=0 part=2 epoch=1 window=39 phase=measure evaluated=38 k=7 scale_pct=100 age_ratio=16 host=65562 gc_pages=47078 gc_count=1760 waf_q16=112595 best=18 next=39 settled=0
[817127.289103] NVMeVirt: WATGC_V2 sample ns=0 part=0 epoch=1 window=39 phase=measure evaluated=38 k=7 scale_pct=100 age_ratio=16 host=65565 gc_pages=46563 gc_count=1752 waf_q16=112078 best=21 next=39 settled=0
[817127.299204] NVMeVirt: WATGC_V2 sample ns=0 part=3 epoch=1 window=39 phase=measure evaluated=38 k=7 scale_pct=100 age_ratio=16 host=65572 gc_pages=46495 gc_count=1751 waf_q16=112005 best=18 next=39 settled=0
[817127.353005] NVMeVirt: WATGC_V2 sample ns=0 part=1 epoch=1 window=39 phase=measure evaluated=38 k=7 scale_pct=100 age_ratio=16 host=65570 gc_pages=45917 gc_count=1742 waf_q16=111429 best=21 next=39 settled=0
[817137.082699] NVMeVirt: WATGC_V2 sample ns=0 part=2 epoch=1 window=40 phase=measure evaluated=39 k=7 scale_pct=200 age_ratio=4 host=65536 gc_pages=54022 gc_count=1868 waf_q16=119558 best=18 next=40 settled=0
[817137.119884] NVMeVirt: WATGC_V2 sample ns=0 part=0 epoch=1 window=40 phase=measure evaluated=39 k=7 scale_pct=200 age_ratio=4 host=65565 gc_pages=53610 gc_count=1862 waf_q16=119122 best=21 next=40 settled=0
[817137.137574] NVMeVirt: WATGC_V2 sample ns=0 part=3 epoch=1 window=40 phase=measure evaluated=39 k=7 scale_pct=200 age_ratio=4 host=65558 gc_pages=53617 gc_count=1862 waf_q16=119135 best=18 next=40 settled=0
[817137.190672] NVMeVirt: WATGC_V2 sample ns=0 part=1 epoch=1 window=40 phase=measure evaluated=39 k=7 scale_pct=200 age_ratio=4 host=65551 gc_pages=53559 gc_count=1861 waf_q16=119082 best=21 next=40 settled=0
[817146.924682] NVMeVirt: WATGC_V2 sample ns=0 part=2 epoch=1 window=41 phase=measure evaluated=40 k=7 scale_pct=200 age_ratio=7 host=65551 gc_pages=59887 gc_count=1960 waf_q16=125409 best=18 next=41 settled=0
[817146.962255] NVMeVirt: WATGC_V2 sample ns=0 part=0 epoch=1 window=41 phase=measure evaluated=40 k=7 scale_pct=200 age_ratio=7 host=65539 gc_pages=59643 gc_count=1956 waf_q16=125176 best=21 next=41 settled=0
[817146.978273] NVMeVirt: WATGC_V2 sample ns=0 part=3 epoch=1 window=41 phase=measure evaluated=40 k=7 scale_pct=200 age_ratio=7 host=65543 gc_pages=59639 gc_count=1956 waf_q16=125168 best=18 next=41 settled=0
[817147.002049] NVMeVirt: WATGC_V2 sample ns=0 part=1 epoch=1 window=41 phase=measure evaluated=40 k=7 scale_pct=200 age_ratio=7 host=65541 gc_pages=59130 gc_count=1948 waf_q16=124661 best=21 next=41 settled=0
[817156.770130] NVMeVirt: WATGC_V2 sample ns=0 part=2 epoch=1 window=42 phase=measure evaluated=41 k=7 scale_pct=200 age_ratio=16 host=65557 gc_pages=49197 gc_count=1793 waf_q16=114717 best=18 next=42 settled=0
[817156.790265] NVMeVirt: WATGC_V2 sample ns=0 part=0 epoch=1 window=42 phase=measure evaluated=41 k=7 scale_pct=200 age_ratio=16 host=65569 gc_pages=49185 gc_count=1793 waf_q16=114696 best=21 next=42 settled=0
[817156.823518] NVMeVirt: WATGC_V2 sample ns=0 part=3 epoch=1 window=42 phase=measure evaluated=41 k=7 scale_pct=200 age_ratio=16 host=65545 gc_pages=48569 gc_count=1783 waf_q16=114098 best=18 next=42 settled=0
[817156.827853] NVMeVirt: WATGC_V2 sample ns=0 part=1 epoch=1 window=42 phase=measure evaluated=41 k=7 scale_pct=200 age_ratio=16 host=65572 gc_pages=48414 gc_count=1781 waf_q16=113923 best=21 next=42 settled=0
[817166.576868] NVMeVirt: WATGC_V2 sample ns=0 part=2 epoch=1 window=43 phase=measure evaluated=42 k=7 scale_pct=400 age_ratio=4 host=65545 gc_pages=54773 gc_count=1880 waf_q16=120301 best=18 next=43 settled=0
[817166.623323] NVMeVirt: WATGC_V2 sample ns=0 part=3 epoch=1 window=43 phase=measure evaluated=42 k=7 scale_pct=400 age_ratio=4 host=65563 gc_pages=53989 gc_count=1868 waf_q16=119502 best=18 next=43 settled=0
[817166.641265] NVMeVirt: WATGC_V2 sample ns=0 part=0 epoch=1 window=43 phase=measure evaluated=42 k=7 scale_pct=400 age_ratio=4 host=65562 gc_pages=54630 gc_count=1878 waf_q16=120144 best=21 next=43 settled=0
[817166.694510] NVMeVirt: WATGC_V2 sample ns=0 part=1 epoch=1 window=43 phase=measure evaluated=42 k=7 scale_pct=400 age_ratio=4 host=65539 gc_pages=52925 gc_count=1851 waf_q16=118458 best=21 next=43 settled=0
[817176.427706] NVMeVirt: WATGC_V2 sample ns=0 part=2 epoch=1 window=44 phase=measure evaluated=43 k=7 scale_pct=400 age_ratio=7 host=65568 gc_pages=64669 gc_count=2035 waf_q16=130173 best=18 next=44 settled=0
[817176.454060] NVMeVirt: WATGC_V2 sample ns=0 part=3 epoch=1 window=44 phase=measure evaluated=43 k=7 scale_pct=400 age_ratio=7 host=65560 gc_pages=65252 gc_count=2044 waf_q16=130764 best=18 next=44 settled=0
[817176.471084] NVMeVirt: WATGC_V2 sample ns=0 part=0 epoch=1 window=44 phase=measure evaluated=43 k=7 scale_pct=400 age_ratio=7 host=65557 gc_pages=64487 gc_count=2032 waf_q16=130002 best=21 next=44 settled=0
[817176.524440] NVMeVirt: WATGC_V2 sample ns=0 part=1 epoch=1 window=44 phase=measure evaluated=43 k=7 scale_pct=400 age_ratio=7 host=65565 gc_pages=63966 gc_count=2024 waf_q16=129473 best=21 next=44 settled=0
[817186.267762] NVMeVirt: WATGC_V2 sample ns=0 part=0 epoch=1 window=45 phase=measure evaluated=44 k=7 scale_pct=400 age_ratio=16 host=65559 gc_pages=64363 gc_count=2030 waf_q16=129876 best=21 next=45 settled=0
[817186.283977] NVMeVirt: WATGC_V2 sample ns=0 part=2 epoch=1 window=45 phase=measure evaluated=44 k=7 scale_pct=400 age_ratio=16 host=65544 gc_pages=64122 gc_count=2026 waf_q16=129650 best=18 next=45 settled=0
[817186.312499] NVMeVirt: WATGC_V2 sample ns=0 part=3 epoch=1 window=45 phase=measure evaluated=44 k=7 scale_pct=400 age_ratio=16 host=65543 gc_pages=64635 gc_count=2034 waf_q16=130164 best=18 next=45 settled=0
[817186.342009] NVMeVirt: WATGC_V2 sample ns=0 part=1 epoch=1 window=45 phase=measure evaluated=44 k=7 scale_pct=400 age_ratio=16 host=65537 gc_pages=64065 gc_count=2025 waf_q16=129600 best=21 next=45 settled=0
[817196.094229] NVMeVirt: WATGC_V2 sample ns=0 part=0 epoch=1 window=46 phase=measure evaluated=45 k=10 scale_pct=25 age_ratio=4 host=65555 gc_pages=52845 gc_count=1850 waf_q16=118365 best=21 next=46 settled=0
[817196.121662] NVMeVirt: WATGC_V2 sample ns=0 part=2 epoch=1 window=46 phase=measure evaluated=45 k=10 scale_pct=25 age_ratio=4 host=65564 gc_pages=52762 gc_count=1849 waf_q16=118275 best=18 next=46 settled=0
[817196.155843] NVMeVirt: WATGC_V2 sample ns=0 part=3 epoch=1 window=46 phase=measure evaluated=45 k=10 scale_pct=25 age_ratio=4 host=65549 gc_pages=53431 gc_count=1859 waf_q16=118956 best=18 next=46 settled=0
[817196.175950] NVMeVirt: WATGC_V2 sample ns=0 part=1 epoch=1 window=46 phase=measure evaluated=45 k=10 scale_pct=25 age_ratio=4 host=65564 gc_pages=53036 gc_count=1853 waf_q16=118549 best=21 next=46 settled=0
[817205.925562] NVMeVirt: WATGC_V2 sample ns=0 part=2 epoch=1 window=47 phase=measure evaluated=46 k=10 scale_pct=25 age_ratio=7 host=65574 gc_pages=60783 gc_count=1974 waf_q16=126283 best=18 next=47 settled=0
[817205.967908] NVMeVirt: WATGC_V2 sample ns=0 part=3 epoch=1 window=47 phase=measure evaluated=46 k=10 scale_pct=25 age_ratio=7 host=65558 gc_pages=61100 gc_count=1979 waf_q16=126615 best=18 next=47 settled=0
[817205.968510] NVMeVirt: WATGC_V2 sample ns=0 part=0 epoch=1 window=47 phase=measure evaluated=46 k=10 scale_pct=25 age_ratio=7 host=65548 gc_pages=61058 gc_count=1978 waf_q16=126582 best=21 next=47 settled=0
[817206.024921] NVMeVirt: WATGC_V2 sample ns=0 part=1 epoch=1 window=47 phase=measure evaluated=46 k=10 scale_pct=25 age_ratio=7 host=65566 gc_pages=60083 gc_count=1963 waf_q16=125591 best=21 next=47 settled=0
[817215.770020] NVMeVirt: WATGC_V2 sample ns=0 part=0 epoch=1 window=48 phase=measure evaluated=47 k=10 scale_pct=25 age_ratio=16 host=65573 gc_pages=58511 gc_count=1939 waf_q16=124013 best=21 next=48 settled=0
[817215.783943] NVMeVirt: WATGC_V2 sample ns=0 part=2 epoch=1 window=48 phase=measure evaluated=47 k=10 scale_pct=25 age_ratio=16 host=65574 gc_pages=58432 gc_count=1938 waf_q16=123934 best=18 next=48 settled=0
[817215.810792] NVMeVirt: WATGC_V2 sample ns=0 part=3 epoch=1 window=48 phase=measure evaluated=47 k=10 scale_pct=25 age_ratio=16 host=65543 gc_pages=59335 gc_count=1951 waf_q16=124864 best=18 next=48 settled=0
[817215.861798] NVMeVirt: WATGC_V2 sample ns=0 part=1 epoch=1 window=48 phase=measure evaluated=47 k=10 scale_pct=25 age_ratio=16 host=65542 gc_pages=57097 gc_count=1916 waf_q16=122627 best=21 next=48 settled=0
[817225.598702] NVMeVirt: WATGC_V2 sample ns=0 part=0 epoch=1 window=49 phase=measure evaluated=48 k=10 scale_pct=50 age_ratio=4 host=65549 gc_pages=41848 gc_count=1678 waf_q16=107375 best=21 next=49 settled=0
[817225.603489] NVMeVirt: WATGC_V2 sample ns=0 part=2 epoch=1 window=49 phase=measure evaluated=48 k=10 scale_pct=50 age_ratio=4 host=65537 gc_pages=41344 gc_count=1670 waf_q16=106879 best=18 next=49 settled=0
[817225.647333] NVMeVirt: WATGC_V2 sample ns=0 part=3 epoch=1 window=49 phase=measure evaluated=48 k=10 scale_pct=50 age_ratio=4 host=65550 gc_pages=41468 gc_count=1672 waf_q16=106995 best=18 next=49 settled=0
[817225.704075] NVMeVirt: WATGC_V2 sample ns=0 part=1 epoch=1 window=49 phase=measure evaluated=48 k=10 scale_pct=50 age_ratio=4 host=65536 gc_pages=41029 gc_count=1665 waf_q16=106565 best=21 next=49 settled=0
[817235.429647] NVMeVirt: WATGC_V2 sample ns=0 part=2 epoch=1 window=50 phase=measure evaluated=49 k=10 scale_pct=50 age_ratio=7 host=65544 gc_pages=61759 gc_count=1989 waf_q16=127287 best=18 next=50 settled=0
[817235.438686] NVMeVirt: WATGC_V2 sample ns=0 part=0 epoch=1 window=50 phase=measure evaluated=49 k=10 scale_pct=50 age_ratio=7 host=65536 gc_pages=62088 gc_count=1994 waf_q16=127624 best=21 next=50 settled=0
[817235.500010] NVMeVirt: WATGC_V2 sample ns=0 part=3 epoch=1 window=50 phase=measure evaluated=49 k=10 scale_pct=50 age_ratio=7 host=65540 gc_pages=60488 gc_count=1969 waf_q16=126020 best=18 next=50 settled=0
[817235.526257] NVMeVirt: WATGC_V2 sample ns=0 part=1 epoch=1 window=50 phase=measure evaluated=49 k=10 scale_pct=50 age_ratio=7 host=65550 gc_pages=61883 gc_count=1991 waf_q16=127405 best=21 next=50 settled=0
[817245.261056] NVMeVirt: WATGC_V2 sample ns=0 part=2 epoch=1 window=51 phase=measure evaluated=50 k=10 scale_pct=50 age_ratio=16 host=65549 gc_pages=70707 gc_count=2129 waf_q16=136228 best=18 next=51 settled=0
[817245.271661] NVMeVirt: WATGC_V2 sample ns=0 part=0 epoch=1 window=51 phase=measure evaluated=50 k=10 scale_pct=50 age_ratio=16 host=65566 gc_pages=69752 gc_count=2114 waf_q16=135256 best=21 next=51 settled=0
[817245.327561] NVMeVirt: WATGC_V2 sample ns=0 part=3 epoch=1 window=51 phase=measure evaluated=50 k=10 scale_pct=50 age_ratio=16 host=65546 gc_pages=69693 gc_count=2113 waf_q16=135218 best=18 next=51 settled=0
[817245.365312] NVMeVirt: WATGC_V2 sample ns=0 part=1 epoch=1 window=51 phase=measure evaluated=50 k=10 scale_pct=50 age_ratio=16 host=65559 gc_pages=71721 gc_count=2145 waf_q16=137231 best=21 next=51 settled=0
[817255.098312] NVMeVirt: WATGC_V2 sample ns=0 part=0 epoch=1 window=52 phase=measure evaluated=51 k=10 scale_pct=100 age_ratio=4 host=65536 gc_pages=41795 gc_count=1677 waf_q16=107331 best=21 next=52 settled=0
[817255.105173] NVMeVirt: WATGC_V2 sample ns=0 part=2 epoch=1 window=52 phase=measure evaluated=51 k=10 scale_pct=100 age_ratio=4 host=65548 gc_pages=42359 gc_count=1686 waf_q16=107887 best=18 next=52 settled=0
[817255.167102] NVMeVirt: WATGC_V2 sample ns=0 part=3 epoch=1 window=52 phase=measure evaluated=51 k=10 scale_pct=100 age_ratio=4 host=65542 gc_pages=42173 gc_count=1683 waf_q16=107705 best=18 next=52 settled=0
[817255.186357] NVMeVirt: WATGC_V2 sample ns=0 part=1 epoch=1 window=52 phase=measure evaluated=51 k=10 scale_pct=100 age_ratio=4 host=65545 gc_pages=42618 gc_count=1690 waf_q16=108148 best=21 next=52 settled=0
[817264.930042] NVMeVirt: WATGC_V2 sample ns=0 part=2 epoch=1 window=53 phase=measure evaluated=52 k=10 scale_pct=100 age_ratio=7 host=65569 gc_pages=49182 gc_count=1793 waf_q16=114693 best=18 next=53 settled=0
[817264.940832] NVMeVirt: WATGC_V2 sample ns=0 part=0 epoch=1 window=53 phase=measure evaluated=52 k=10 scale_pct=100 age_ratio=7 host=65555 gc_pages=48812 gc_count=1787 waf_q16=114333 best=21 next=53 settled=0
[817265.001684] NVMeVirt: WATGC_V2 sample ns=0 part=3 epoch=1 window=53 phase=measure evaluated=52 k=10 scale_pct=100 age_ratio=7 host=65567 gc_pages=48737 gc_count=1786 waf_q16=114249 best=18 next=53 settled=0
[817265.027783] NVMeVirt: WATGC_V2 sample ns=0 part=1 epoch=1 window=53 phase=measure evaluated=52 k=10 scale_pct=100 age_ratio=7 host=65567 gc_pages=49698 gc_count=1801 waf_q16=115210 best=21 next=53 settled=0
[817274.753467] NVMeVirt: WATGC_V2 sample ns=0 part=2 epoch=1 window=54 phase=measure evaluated=53 k=10 scale_pct=100 age_ratio=16 host=65549 gc_pages=69928 gc_count=2117 waf_q16=135450 best=18 next=54 settled=0
[817274.792940] NVMeVirt: WATGC_V2 sample ns=0 part=0 epoch=1 window=54 phase=measure evaluated=53 k=10 scale_pct=100 age_ratio=16 host=65552 gc_pages=68530 gc_count=2095 waf_q16=134049 best=21 next=54 settled=0
[817274.834105] NVMeVirt: WATGC_V2 sample ns=0 part=3 epoch=1 window=54 phase=measure evaluated=53 k=10 scale_pct=100 age_ratio=16 host=65556 gc_pages=71145 gc_count=2136 waf_q16=136659 best=18 next=54 settled=0
[817274.847398] NVMeVirt: WATGC_V2 sample ns=0 part=1 epoch=1 window=54 phase=measure evaluated=53 k=10 scale_pct=100 age_ratio=16 host=65569 gc_pages=70747 gc_count=2130 waf_q16=136247 best=21 next=54 settled=0
[817284.609746] NVMeVirt: WATGC_V2 sample ns=0 part=2 epoch=1 window=55 phase=measure evaluated=54 k=10 scale_pct=200 age_ratio=4 host=65537 gc_pages=52928 gc_count=1851 waf_q16=118463 best=18 next=55 settled=0
[817284.612400] NVMeVirt: WATGC_V2 sample ns=0 part=0 epoch=1 window=55 phase=measure evaluated=54 k=10 scale_pct=200 age_ratio=4 host=65539 gc_pages=52415 gc_count=1843 waf_q16=117948 best=21 next=55 settled=0
[817284.645757] NVMeVirt: WATGC_V2 sample ns=0 part=3 epoch=1 window=55 phase=measure evaluated=54 k=10 scale_pct=200 age_ratio=4 host=65559 gc_pages=52521 gc_count=1845 waf_q16=118038 best=18 next=55 settled=0
[817284.696475] NVMeVirt: WATGC_V2 sample ns=0 part=1 epoch=1 window=55 phase=measure evaluated=54 k=10 scale_pct=200 age_ratio=4 host=65548 gc_pages=52405 gc_count=1843 waf_q16=117931 best=21 next=55 settled=0
[817294.428493] NVMeVirt: WATGC_V2 sample ns=0 part=2 epoch=1 window=56 phase=measure evaluated=55 k=10 scale_pct=200 age_ratio=7 host=65555 gc_pages=61043 gc_count=1978 waf_q16=126561 best=18 next=56 settled=0
[817294.463657] NVMeVirt: WATGC_V2 sample ns=0 part=0 epoch=1 window=56 phase=measure evaluated=55 k=10 scale_pct=200 age_ratio=7 host=65555 gc_pages=59378 gc_count=1952 waf_q16=124896 best=21 next=56 settled=0
[817294.495217] NVMeVirt: WATGC_V2 sample ns=0 part=3 epoch=1 window=56 phase=measure evaluated=55 k=10 scale_pct=200 age_ratio=7 host=65542 gc_pages=60032 gc_count=1962 waf_q16=125562 best=18 next=56 settled=0
[817294.510916] NVMeVirt: WATGC_V2 sample ns=0 part=1 epoch=1 window=56 phase=measure evaluated=55 k=10 scale_pct=200 age_ratio=7 host=65559 gc_pages=59694 gc_count=1957 waf_q16=125209 best=21 next=56 settled=0
[817304.258024] NVMeVirt: WATGC_V2 sample ns=0 part=2 epoch=1 window=57 phase=measure evaluated=56 k=10 scale_pct=200 age_ratio=16 host=65555 gc_pages=73714 gc_count=2176 waf_q16=139228 best=18 next=57 settled=0
[817304.274210] NVMeVirt: WATGC_V2 sample ns=0 part=0 epoch=1 window=57 phase=measure evaluated=56 k=10 scale_pct=200 age_ratio=16 host=65559 gc_pages=73646 gc_count=2175 waf_q16=139156 best=21 next=57 settled=0
[817304.332070] NVMeVirt: WATGC_V2 sample ns=0 part=1 epoch=1 window=57 phase=measure evaluated=56 k=10 scale_pct=200 age_ratio=16 host=65557 gc_pages=72815 gc_count=2162 waf_q16=138327 best=21 next=57 settled=0
[817304.369355] NVMeVirt: WATGC_V2 sample ns=0 part=3 epoch=1 window=57 phase=measure evaluated=56 k=10 scale_pct=200 age_ratio=16 host=65560 gc_pages=73067 gc_count=2166 waf_q16=138576 best=18 next=57 settled=0
[817314.084092] NVMeVirt: WATGC_V2 sample ns=0 part=2 epoch=1 window=58 phase=measure evaluated=57 k=10 scale_pct=400 age_ratio=4 host=65563 gc_pages=60705 gc_count=1973 waf_q16=126216 best=18 next=58 settled=0
[817314.129386] NVMeVirt: WATGC_V2 sample ns=0 part=0 epoch=1 window=58 phase=measure evaluated=57 k=10 scale_pct=400 age_ratio=4 host=65561 gc_pages=60259 gc_count=1966 waf_q16=125772 best=21 next=58 settled=0
[817314.171922] NVMeVirt: WATGC_V2 sample ns=0 part=3 epoch=1 window=58 phase=measure evaluated=57 k=10 scale_pct=400 age_ratio=4 host=65548 gc_pages=59825 gc_count=1959 waf_q16=125350 best=18 next=58 settled=0
[817314.176083] NVMeVirt: WATGC_V2 sample ns=0 part=1 epoch=1 window=58 phase=measure evaluated=57 k=10 scale_pct=400 age_ratio=4 host=65567 gc_pages=60511 gc_count=1970 waf_q16=126018 best=21 next=58 settled=0
[817323.919821] NVMeVirt: WATGC_V2 sample ns=0 part=2 epoch=1 window=59 phase=measure evaluated=58 k=10 scale_pct=400 age_ratio=7 host=65558 gc_pages=63781 gc_count=2021 waf_q16=129295 best=18 next=59 settled=0
[817323.969614] NVMeVirt: WATGC_V2 sample ns=0 part=0 epoch=1 window=59 phase=measure evaluated=58 k=10 scale_pct=400 age_ratio=7 host=65545 gc_pages=64051 gc_count=2025 waf_q16=129578 best=21 next=59 settled=0
[817323.997069] NVMeVirt: WATGC_V2 sample ns=0 part=3 epoch=1 window=59 phase=measure evaluated=58 k=10 scale_pct=400 age_ratio=7 host=65561 gc_pages=63395 gc_count=2015 waf_q16=128906 best=18 next=59 settled=0
[817324.015489] NVMeVirt: WATGC_V2 sample ns=0 part=1 epoch=1 window=59 phase=measure evaluated=58 k=10 scale_pct=400 age_ratio=7 host=65565 gc_pages=64479 gc_count=2032 waf_q16=129986 best=21 next=59 settled=0
[817333.753873] NVMeVirt: WATGC_V2 sample ns=0 part=2 epoch=1 window=60 phase=measure evaluated=59 k=10 scale_pct=400 age_ratio=16 host=65543 gc_pages=72697 gc_count=2160 waf_q16=138225 best=18 next=0 settled=0
[817333.792534] NVMeVirt: WATGC_V2 sample ns=0 part=0 epoch=1 window=60 phase=measure evaluated=59 k=10 scale_pct=400 age_ratio=16 host=65541 gc_pages=71292 gc_count=2138 waf_q16=136822 best=21 next=0 settled=0
[817333.820568] NVMeVirt: WATGC_V2 sample ns=0 part=3 epoch=1 window=60 phase=measure evaluated=59 k=10 scale_pct=400 age_ratio=16 host=65540 gc_pages=72636 gc_count=2159 waf_q16=138167 best=18 next=0 settled=0
[817333.859972] NVMeVirt: WATGC_V2 sample ns=0 part=1 epoch=1 window=60 phase=measure evaluated=59 k=10 scale_pct=400 age_ratio=16 host=65547 gc_pages=72053 gc_count=2150 waf_q16=137576 best=21 next=0 settled=0
[817343.569478] NVMeVirt: WATGC_V2 sample ns=0 part=2 epoch=1 window=61 phase=measure evaluated=0 k=2 scale_pct=25 age_ratio=4 host=65546 gc_pages=67766 gc_count=2083 waf_q16=133291 best=18 next=1 settled=0
[817343.636258] NVMeVirt: WATGC_V2 sample ns=0 part=0 epoch=1 window=61 phase=measure evaluated=0 k=2 scale_pct=25 age_ratio=4 host=65545 gc_pages=66360 gc_count=2061 waf_q16=131886 best=21 next=1 settled=0
[817343.664705] NVMeVirt: WATGC_V2 sample ns=0 part=3 epoch=1 window=61 phase=measure evaluated=0 k=2 scale_pct=25 age_ratio=4 host=65547 gc_pages=67318 gc_count=2076 waf_q16=132842 best=18 next=1 settled=0
[817343.692983] NVMeVirt: WATGC_V2 sample ns=0 part=1 epoch=1 window=61 phase=measure evaluated=0 k=2 scale_pct=25 age_ratio=4 host=65565 gc_pages=67492 gc_count=2079 waf_q16=132998 best=21 next=1 settled=0
[817353.431206] NVMeVirt: WATGC_V2 sample ns=0 part=2 epoch=1 window=62 phase=measure evaluated=1 k=2 scale_pct=25 age_ratio=7 host=65540 gc_pages=66306 gc_count=2060 waf_q16=131837 best=18 next=2 settled=0
[817353.475173] NVMeVirt: WATGC_V2 sample ns=0 part=3 epoch=1 window=62 phase=measure evaluated=1 k=2 scale_pct=25 age_ratio=7 host=65537 gc_pages=67587 gc_count=2080 waf_q16=133121 best=18 next=2 settled=0
[817353.481041] NVMeVirt: WATGC_V2 sample ns=0 part=0 epoch=1 window=62 phase=measure evaluated=1 k=2 scale_pct=25 age_ratio=7 host=65564 gc_pages=65834 gc_count=2053 waf_q16=131341 best=21 next=2 settled=0
[817353.512613] NVMeVirt: WATGC_V2 sample ns=0 part=1 epoch=1 window=62 phase=measure evaluated=1 k=2 scale_pct=25 age_ratio=7 host=65549 gc_pages=68024 gc_count=2087 waf_q16=133546 best=21 next=2 settled=0
[817363.255763] NVMeVirt: WATGC_V2 sample ns=0 part=2 epoch=1 window=63 phase=measure evaluated=2 k=2 scale_pct=25 age_ratio=16 host=65558 gc_pages=71403 gc_count=2140 waf_q16=136915 best=18 next=3 settled=0
[817363.310744] NVMeVirt: WATGC_V2 sample ns=0 part=0 epoch=1 window=63 phase=measure evaluated=2 k=2 scale_pct=25 age_ratio=16 host=65536 gc_pages=71810 gc_count=2146 waf_q16=137346 best=21 next=3 settled=0
[817363.326426] NVMeVirt: WATGC_V2 sample ns=0 part=1 epoch=1 window=63 phase=measure evaluated=2 k=2 scale_pct=25 age_ratio=16 host=65541 gc_pages=72572 gc_count=2158 waf_q16=138102 best=21 next=3 settled=0
[817363.334380] NVMeVirt: WATGC_V2 sample ns=0 part=3 epoch=1 window=63 phase=measure evaluated=2 k=2 scale_pct=25 age_ratio=16 host=65539 gc_pages=72703 gc_count=2160 waf_q16=138235 best=18 next=3 settled=0
[817373.083920] NVMeVirt: WATGC_V2 sample ns=0 part=2 epoch=1 window=64 phase=measure evaluated=3 k=2 scale_pct=50 age_ratio=4 host=65549 gc_pages=71919 gc_count=2148 waf_q16=137440 best=18 next=4 settled=0
[817373.155862] NVMeVirt: WATGC_V2 sample ns=0 part=1 epoch=1 window=64 phase=measure evaluated=3 k=2 scale_pct=50 age_ratio=4 host=65537 gc_pages=71804 gc_count=2146 waf_q16=137338 best=21 next=4 settled=0
[817373.160381] NVMeVirt: WATGC_V2 sample ns=0 part=3 epoch=1 window=64 phase=measure evaluated=3 k=2 scale_pct=50 age_ratio=4 host=65564 gc_pages=72096 gc_count=2151 waf_q16=137601 best=18 next=4 settled=0
[817373.168629] NVMeVirt: WATGC_V2 sample ns=0 part=0 epoch=1 window=64 phase=measure evaluated=3 k=2 scale_pct=50 age_ratio=4 host=65567 gc_pages=72093 gc_count=2151 waf_q16=137594 best=21 next=4 settled=0
[817382.919254] NVMeVirt: WATGC_V2 sample ns=0 part=2 epoch=1 window=65 phase=measure evaluated=4 k=2 scale_pct=50 age_ratio=7 host=65556 gc_pages=74029 gc_count=2181 waf_q16=139542 best=18 next=5 settled=0
[817382.984641] NVMeVirt: WATGC_V2 sample ns=0 part=1 epoch=1 window=65 phase=measure evaluated=4 k=2 scale_pct=50 age_ratio=7 host=65540 gc_pages=74748 gc_count=2192 waf_q16=140279 best=21 next=5 settled=0
[817382.994744] NVMeVirt: WATGC_V2 sample ns=0 part=3 epoch=1 window=65 phase=measure evaluated=4 k=2 scale_pct=50 age_ratio=7 host=65536 gc_pages=75648 gc_count=2206 waf_q16=141184 best=18 next=5 settled=0
[817382.999530] NVMeVirt: WATGC_V2 sample ns=0 part=0 epoch=1 window=65 phase=measure evaluated=4 k=2 scale_pct=50 age_ratio=7 host=65542 gc_pages=74810 gc_count=2193 waf_q16=140339 best=21 next=5 settled=0
[817392.780544] NVMeVirt: WATGC_V2 sample ns=0 part=2 epoch=1 window=66 phase=measure evaluated=5 k=2 scale_pct=50 age_ratio=16 host=65555 gc_pages=77231 gc_count=2231 waf_q16=142744 best=18 next=6 settled=0
[817392.802918] NVMeVirt: WATGC_V2 sample ns=0 part=0 epoch=1 window=66 phase=measure evaluated=5 k=2 scale_pct=50 age_ratio=16 host=65550 gc_pages=77299 gc_count=2232 waf_q16=142818 best=21 next=6 settled=0
[817392.812598] NVMeVirt: WATGC_V2 sample ns=0 part=3 epoch=1 window=66 phase=measure evaluated=5 k=2 scale_pct=50 age_ratio=16 host=65548 gc_pages=77878 gc_count=2241 waf_q16=143399 best=18 next=6 settled=0
[817392.837961] NVMeVirt: WATGC_V2 sample ns=0 part=1 epoch=1 window=66 phase=measure evaluated=5 k=2 scale_pct=50 age_ratio=16 host=65556 gc_pages=77485 gc_count=2235 waf_q16=142997 best=21 next=6 settled=0
[817402.608121] NVMeVirt: WATGC_V2 sample ns=0 part=2 epoch=1 window=67 phase=measure evaluated=6 k=2 scale_pct=100 age_ratio=4 host=65562 gc_pages=74857 gc_count=2194 waf_q16=140363 best=18 next=7 settled=0
[817402.612320] NVMeVirt: WATGC_V2 sample ns=0 part=0 epoch=1 window=67 phase=measure evaluated=6 k=2 scale_pct=100 age_ratio=4 host=65539 gc_pages=76031 gc_count=2212 waf_q16=141563 best=21 next=7 settled=0
[817402.671313] NVMeVirt: WATGC_V2 sample ns=0 part=3 epoch=1 window=67 phase=measure evaluated=6 k=2 scale_pct=100 age_ratio=4 host=65559 gc_pages=76843 gc_count=2225 waf_q16=142352 best=18 next=7 settled=0
[817402.676128] NVMeVirt: WATGC_V2 sample ns=0 part=1 epoch=1 window=67 phase=measure evaluated=6 k=2 scale_pct=100 age_ratio=4 host=65549 gc_pages=76918 gc_count=2226 waf_q16=142438 best=21 next=7 settled=0
[817412.439095] NVMeVirt: WATGC_V2 sample ns=0 part=2 epoch=1 window=68 phase=measure evaluated=7 k=2 scale_pct=100 age_ratio=7 host=65560 gc_pages=72231 gc_count=2153 waf_q16=137740 best=18 next=8 settled=0
[817412.451748] NVMeVirt: WATGC_V2 sample ns=0 part=0 epoch=1 window=68 phase=measure evaluated=7 k=2 scale_pct=100 age_ratio=7 host=65540 gc_pages=72827 gc_count=2162 waf_q16=138358 best=21 next=8 settled=0
[817412.499708] NVMeVirt: WATGC_V2 sample ns=0 part=3 epoch=1 window=68 phase=measure evaluated=7 k=2 scale_pct=100 age_ratio=7 host=65566 gc_pages=73122 gc_count=2167 waf_q16=138624 best=18 next=8 settled=0
[817412.508935] NVMeVirt: WATGC_V2 sample ns=0 part=1 epoch=1 window=68 phase=measure evaluated=7 k=2 scale_pct=100 age_ratio=7 host=65547 gc_pages=73654 gc_count=2175 waf_q16=139177 best=21 next=8 settled=0
[817422.260547] NVMeVirt: WATGC_V2 sample ns=0 part=2 epoch=1 window=69 phase=measure evaluated=8 k=2 scale_pct=100 age_ratio=16 host=65544 gc_pages=75187 gc_count=2199 waf_q16=140713 best=18 next=9 settled=0
[817422.311059] NVMeVirt: WATGC_V2 sample ns=0 part=3 epoch=1 window=69 phase=measure evaluated=8 k=2 scale_pct=100 age_ratio=16 host=65539 gc_pages=75959 gc_count=2211 waf_q16=141491 best=18 next=9 settled=0
[817422.316376] NVMeVirt: WATGC_V2 sample ns=0 part=0 epoch=1 window=69 phase=measure evaluated=8 k=2 scale_pct=100 age_ratio=16 host=65555 gc_pages=74856 gc_count=2194 waf_q16=140370 best=21 next=9 settled=0
[817422.344116] NVMeVirt: WATGC_V2 sample ns=0 part=1 epoch=1 window=69 phase=measure evaluated=8 k=2 scale_pct=100 age_ratio=16 host=65562 gc_pages=76641 gc_count=2222 waf_q16=142146 best=21 next=9 settled=0
[817432.063437] NVMeVirt: WATGC_V2 sample ns=0 part=2 epoch=1 window=70 phase=measure evaluated=9 k=2 scale_pct=200 age_ratio=4 host=65544 gc_pages=80311 gc_count=2279 waf_q16=145837 best=18 next=10 settled=0
[817432.147158] NVMeVirt: WATGC_V2 sample ns=0 part=0 epoch=1 window=70 phase=measure evaluated=9 k=2 scale_pct=200 age_ratio=4 host=65539 gc_pages=80571 gc_count=2283 waf_q16=146103 best=21 next=10 settled=0
[817432.161573] NVMeVirt: WATGC_V2 sample ns=0 part=3 epoch=1 window=70 phase=measure evaluated=9 k=2 scale_pct=200 age_ratio=4 host=65559 gc_pages=80614 gc_count=2284 waf_q16=146121 best=18 next=10 settled=0
[817432.188866] NVMeVirt: WATGC_V2 sample ns=0 part=1 epoch=1 window=70 phase=measure evaluated=9 k=2 scale_pct=200 age_ratio=4 host=65543 gc_pages=81911 gc_count=2304 waf_q16=147438 best=21 next=10 settled=0
[817441.931406] NVMeVirt: WATGC_V2 sample ns=0 part=2 epoch=1 window=71 phase=measure evaluated=10 k=2 scale_pct=200 age_ratio=7 host=65541 gc_pages=79868 gc_count=2272 waf_q16=145397 best=18 next=11 settled=0
[817441.964687] NVMeVirt: WATGC_V2 sample ns=0 part=0 epoch=1 window=71 phase=measure evaluated=10 k=2 scale_pct=200 age_ratio=7 host=65557 gc_pages=80877 gc_count=2288 waf_q16=146387 best=21 next=11 settled=0
[817441.993475] NVMeVirt: WATGC_V2 sample ns=0 part=3 epoch=1 window=71 phase=measure evaluated=10 k=2 scale_pct=200 age_ratio=7 host=65552 gc_pages=79667 gc_count=2269 waf_q16=145183 best=18 next=11 settled=0
[817442.001778] NVMeVirt: WATGC_V2 sample ns=0 part=1 epoch=1 window=71 phase=measure evaluated=10 k=2 scale_pct=200 age_ratio=7 host=65547 gc_pages=81847 gc_count=2303 waf_q16=147369 best=21 next=11 settled=0
[817451.771229] NVMeVirt: WATGC_V2 sample ns=0 part=2 epoch=1 window=72 phase=measure evaluated=11 k=2 scale_pct=200 age_ratio=16 host=65547 gc_pages=79226 gc_count=2262 waf_q16=144748 best=18 next=12 settled=0
[817451.797102] NVMeVirt: WATGC_V2 sample ns=0 part=0 epoch=1 window=72 phase=measure evaluated=11 k=2 scale_pct=200 age_ratio=16 host=65545 gc_pages=78779 gc_count=2255 waf_q16=144304 best=21 next=12 settled=0
[817451.826540] NVMeVirt: WATGC_V2 sample ns=0 part=3 epoch=1 window=72 phase=measure evaluated=11 k=2 scale_pct=200 age_ratio=16 host=65556 gc_pages=79024 gc_count=2259 waf_q16=144535 best=18 next=12 settled=0
[817451.829807] NVMeVirt: WATGC_V2 sample ns=0 part=1 epoch=1 window=72 phase=measure evaluated=11 k=2 scale_pct=200 age_ratio=16 host=65540 gc_pages=80319 gc_count=2279 waf_q16=145850 best=21 next=12 settled=0
[817461.606607] NVMeVirt: WATGC_V2 sample ns=0 part=2 epoch=1 window=73 phase=measure evaluated=12 k=2 scale_pct=400 age_ratio=4 host=65550 gc_pages=80437 gc_count=2281 waf_q16=145955 best=18 next=13 settled=0
[817461.639083] NVMeVirt: WATGC_V2 sample ns=0 part=0 epoch=1 window=73 phase=measure evaluated=12 k=2 scale_pct=400 age_ratio=4 host=65548 gc_pages=79928 gc_count=2273 waf_q16=145449 best=21 next=13 settled=0
[817461.654802] NVMeVirt: WATGC_V2 sample ns=0 part=1 epoch=1 window=73 phase=measure evaluated=12 k=2 scale_pct=400 age_ratio=4 host=65542 gc_pages=81918 gc_count=2304 waf_q16=147446 best=21 next=13 settled=0
[817461.663733] NVMeVirt: WATGC_V2 sample ns=0 part=3 epoch=1 window=73 phase=measure evaluated=12 k=2 scale_pct=400 age_ratio=4 host=65564 gc_pages=80424 gc_count=2281 waf_q16=145925 best=18 next=13 settled=0
[817471.442416] NVMeVirt: WATGC_V2 sample ns=0 part=2 epoch=1 window=74 phase=measure evaluated=13 k=2 scale_pct=400 age_ratio=7 host=65564 gc_pages=80033 gc_count=2275 waf_q16=145534 best=18 next=14 settled=0
[817471.454469] NVMeVirt: WATGC_V2 sample ns=0 part=0 epoch=1 window=74 phase=measure evaluated=13 k=2 scale_pct=400 age_ratio=7 host=65554 gc_pages=80107 gc_count=2276 waf_q16=145621 best=21 next=14 settled=0
[817471.492830] NVMeVirt: WATGC_V2 sample ns=0 part=1 epoch=1 window=74 phase=measure evaluated=13 k=2 scale_pct=400 age_ratio=7 host=65555 gc_pages=81322 gc_count=2295 waf_q16=146834 best=21 next=14 settled=0
[817471.506828] NVMeVirt: WATGC_V2 sample ns=0 part=3 epoch=1 window=74 phase=measure evaluated=13 k=2 scale_pct=400 age_ratio=7 host=65537 gc_pages=79610 gc_count=2268 waf_q16=145144 best=18 next=14 settled=0
[817481.269658] NVMeVirt: WATGC_V2 sample ns=0 part=2 epoch=1 window=75 phase=measure evaluated=14 k=2 scale_pct=400 age_ratio=16 host=65556 gc_pages=84395 gc_count=2343 waf_q16=149905 best=18 next=15 settled=0
[817481.288778] NVMeVirt: WATGC_V2 sample ns=0 part=0 epoch=1 window=75 phase=measure evaluated=14 k=2 scale_pct=400 age_ratio=16 host=65554 gc_pages=83693 gc_count=2332 waf_q16=149206 best=21 next=15 settled=0
[817481.332547] NVMeVirt: WATGC_V2 sample ns=0 part=3 epoch=1 window=75 phase=measure evaluated=14 k=2 scale_pct=400 age_ratio=16 host=65552 gc_pages=83568 gc_count=2330 waf_q16=149083 best=18 next=15 settled=0
[817481.333293] NVMeVirt: WATGC_V2 sample ns=0 part=1 epoch=1 window=75 phase=measure evaluated=14 k=2 scale_pct=400 age_ratio=16 host=65546 gc_pages=85044 gc_count=2353 waf_q16=150567 best=21 next=15 settled=0
[817491.107227] NVMeVirt: WATGC_V2 sample ns=0 part=0 epoch=1 window=76 phase=measure evaluated=15 k=4 scale_pct=25 age_ratio=4 host=65554 gc_pages=75888 gc_count=2210 waf_q16=141403 best=21 next=16 settled=0
[817491.113994] NVMeVirt: WATGC_V2 sample ns=0 part=2 epoch=1 window=76 phase=measure evaluated=15 k=4 scale_pct=25 age_ratio=4 host=65568 gc_pages=75806 gc_count=2209 waf_q16=141305 best=18 next=16 settled=0
[817491.167271] NVMeVirt: WATGC_V2 sample ns=0 part=1 epoch=1 window=76 phase=measure evaluated=15 k=4 scale_pct=25 age_ratio=4 host=65548 gc_pages=77621 gc_count=2237 waf_q16=143142 best=21 next=16 settled=0
[817491.175345] NVMeVirt: WATGC_V2 sample ns=0 part=3 epoch=1 window=76 phase=measure evaluated=15 k=4 scale_pct=25 age_ratio=4 host=65551 gc_pages=75901 gc_count=2210 waf_q16=141419 best=18 next=16 settled=0
[817493.556027] mix-mixH-online-4095519 phase=B END
[817493.563971] mix-mixH-online-4095519 phase=C START
[817493.577123] mix-mixH-online-4095519 phase=C LOAD
[817501.674924] NVMeVirt: WATGC_V2 sample ns=0 part=0 epoch=1 window=77 phase=measure evaluated=16 k=4 scale_pct=25 age_ratio=7 host=65561 gc_pages=22604 gc_count=1378 waf_q16=88131 best=21 next=17 settled=0
[817501.738581] NVMeVirt: WATGC_V2 sample ns=0 part=2 epoch=1 window=77 phase=measure evaluated=16 k=4 scale_pct=25 age_ratio=7 host=65544 gc_pages=22699 gc_count=1379 waf_q16=88232 best=18 next=17 settled=0
[817501.797819] NVMeVirt: WATGC_V2 sample ns=0 part=1 epoch=1 window=77 phase=measure evaluated=16 k=4 scale_pct=25 age_ratio=7 host=65568 gc_pages=22335 gc_count=1373 waf_q16=87860 best=16 next=17 settled=0
[817501.955857] NVMeVirt: WATGC_V2 sample ns=0 part=3 epoch=1 window=77 phase=measure evaluated=16 k=4 scale_pct=25 age_ratio=7 host=65572 gc_pages=22487 gc_count=1376 waf_q16=88010 best=16 next=17 settled=0
[817508.312420] NVMeVirt: WATGC_V2 sample ns=0 part=0 epoch=1 window=78 phase=measure evaluated=17 k=4 scale_pct=25 age_ratio=16 host=65567 gc_pages=22940 gc_count=1383 waf_q16=88465 best=21 next=18 settled=0
[817508.446878] NVMeVirt: WATGC_V2 sample ns=0 part=1 epoch=1 window=78 phase=measure evaluated=17 k=4 scale_pct=25 age_ratio=16 host=65546 gc_pages=22217 gc_count=1371 waf_q16=87749 best=16 next=18 settled=0
[817508.515179] NVMeVirt: WATGC_V2 sample ns=0 part=2 epoch=1 window=78 phase=measure evaluated=17 k=4 scale_pct=25 age_ratio=16 host=65568 gc_pages=22560 gc_count=1377 waf_q16=88084 best=18 next=18 settled=0
[817508.718567] NVMeVirt: WATGC_V2 sample ns=0 part=3 epoch=1 window=78 phase=measure evaluated=17 k=4 scale_pct=25 age_ratio=16 host=65581 gc_pages=22813 gc_count=1381 waf_q16=88333 best=16 next=18 settled=0
[817515.190277] NVMeVirt: WATGC_V2 sample ns=0 part=0 epoch=1 window=79 phase=measure evaluated=18 k=4 scale_pct=50 age_ratio=4 host=65554 gc_pages=52977 gc_count=1852 waf_q16=118498 best=21 next=19 settled=0
[817515.373598] NVMeVirt: WATGC_V2 sample ns=0 part=1 epoch=1 window=79 phase=measure evaluated=18 k=4 scale_pct=50 age_ratio=4 host=65574 gc_pages=51214 gc_count=1825 waf_q16=116720 best=16 next=19 settled=0
[817515.478500] NVMeVirt: WATGC_V2 sample ns=0 part=2 epoch=1 window=79 phase=measure evaluated=18 k=4 scale_pct=50 age_ratio=4 host=65557 gc_pages=51741 gc_count=1833 waf_q16=117260 best=16 next=19 settled=0
[817515.847474] NVMeVirt: WATGC_V2 sample ns=0 part=3 epoch=1 window=79 phase=measure evaluated=18 k=4 scale_pct=50 age_ratio=4 host=65541 gc_pages=51953 gc_count=1836 waf_q16=117485 best=16 next=19 settled=0
[817522.019878] mix-mixH-online-4095519 phase=C RUN
[817525.157245] NVMeVirt: WATGC_V2 sample ns=0 part=0 epoch=1 window=80 phase=measure evaluated=19 k=4 scale_pct=50 age_ratio=7 host=65552 gc_pages=63835 gc_count=2022 waf_q16=129355 best=21 next=20 settled=0
[817525.485254] NVMeVirt: WATGC_V2 sample ns=0 part=1 epoch=1 window=80 phase=measure evaluated=19 k=4 scale_pct=50 age_ratio=7 host=65542 gc_pages=62023 gc_count=1993 waf_q16=127553 best=16 next=20 settled=0
[817525.598507] NVMeVirt: WATGC_V2 sample ns=0 part=2 epoch=1 window=80 phase=measure evaluated=19 k=4 scale_pct=50 age_ratio=7 host=65582 gc_pages=65596 gc_count=2050 waf_q16=131085 best=16 next=20 settled=0
[817526.238819] NVMeVirt: WATGC_V2 sample ns=0 part=3 epoch=1 window=80 phase=measure evaluated=19 k=4 scale_pct=50 age_ratio=7 host=65538 gc_pages=65209 gc_count=2043 waf_q16=130743 best=16 next=20 settled=0
[817526.417715] tee (4096586): drop_caches: 3
[817531.327514] tee (4096591): drop_caches: 3
[817536.479917] tee (4096598): drop_caches: 3
[817541.719339] tee (4096602): drop_caches: 3
[817544.689720] NVMeVirt: WATGC_V2 sample ns=0 part=0 epoch=1 window=81 phase=measure evaluated=20 k=4 scale_pct=50 age_ratio=16 host=65543 gc_pages=90471 gc_count=2438 waf_q16=155997 best=21 next=21 settled=0
[817545.227989] NVMeVirt: WATGC_V2 sample ns=0 part=1 epoch=1 window=81 phase=measure evaluated=20 k=4 scale_pct=50 age_ratio=16 host=65552 gc_pages=90489 gc_count=2438 waf_q16=156002 best=16 next=21 settled=0
[817545.298288] NVMeVirt: WATGC_V2 sample ns=0 part=2 epoch=1 window=81 phase=measure evaluated=20 k=4 scale_pct=50 age_ratio=16 host=65572 gc_pages=90586 gc_count=2440 waf_q16=156072 best=16 next=21 settled=0
[817546.565730] NVMeVirt: WATGC_V2 sample ns=0 part=3 epoch=1 window=81 phase=measure evaluated=20 k=4 scale_pct=50 age_ratio=16 host=65536 gc_pages=87002 gc_count=2384 waf_q16=152538 best=16 next=21 settled=0
[817546.812375] tee (4096607): drop_caches: 3
[817551.885472] tee (4096611): drop_caches: 3
[817557.280688] tee (4096637): drop_caches: 3
[817562.766106] tee (4096716): drop_caches: 3
[817563.570231] NVMeVirt: WATGC_V2 sample ns=0 part=0 epoch=1 window=82 phase=measure evaluated=21 k=4 scale_pct=100 age_ratio=4 host=65537 gc_pages=34559 gc_count=1564 waf_q16=100094 best=21 next=22 settled=0
[817564.095870] NVMeVirt: WATGC_V2 sample ns=0 part=2 epoch=1 window=82 phase=measure evaluated=21 k=4 scale_pct=100 age_ratio=4 host=65552 gc_pages=33464 gc_count=1547 waf_q16=98991 best=21 next=22 settled=0
[817564.183303] NVMeVirt: WATGC_V2 sample ns=0 part=1 epoch=1 window=82 phase=measure evaluated=21 k=4 scale_pct=100 age_ratio=4 host=65580 gc_pages=34463 gc_count=1563 waf_q16=99975 best=21 next=22 settled=0
[817565.554558] NVMeVirt: WATGC_V2 sample ns=0 part=3 epoch=1 window=82 phase=measure evaluated=21 k=4 scale_pct=100 age_ratio=4 host=65575 gc_pages=33115 gc_count=1542 waf_q16=98631 best=21 next=22 settled=0
[817568.253209] tee (4096725): drop_caches: 3
[817573.468696] tee (4096752): drop_caches: 3
[817578.756454] tee (4096756): drop_caches: 3
[817582.392729] NVMeVirt: WATGC_V2 sample ns=0 part=0 epoch=1 window=83 phase=measure evaluated=22 k=4 scale_pct=100 age_ratio=7 host=65539 gc_pages=32187 gc_count=1527 waf_q16=97721 best=21 next=23 settled=0
[817582.626125] NVMeVirt: WATGC_V2 sample ns=0 part=2 epoch=1 window=83 phase=measure evaluated=22 k=4 scale_pct=100 age_ratio=7 host=65576 gc_pages=31066 gc_count=1510 waf_q16=96583 best=21 next=23 settled=0
[817582.822447] NVMeVirt: WATGC_V2 sample ns=0 part=1 epoch=1 window=83 phase=measure evaluated=22 k=4 scale_pct=100 age_ratio=7 host=65539 gc_pages=31103 gc_count=1510 waf_q16=96637 best=21 next=23 settled=0
[817583.796034] tee (4096761): drop_caches: 3
[817584.163044] NVMeVirt: WATGC_V2 sample ns=0 part=3 epoch=1 window=83 phase=measure evaluated=22 k=4 scale_pct=100 age_ratio=7 host=65537 gc_pages=31872 gc_count=1522 waf_q16=97407 best=21 next=23 settled=0
[817588.928976] tee (4096766): drop_caches: 3
[817594.173427] tee (4096771): drop_caches: 3
[817599.482114] tee (4096778): drop_caches: 3
[817601.923722] NVMeVirt: WATGC_V2 sample ns=0 part=0 epoch=1 window=84 phase=measure evaluated=23 k=4 scale_pct=100 age_ratio=16 host=65539 gc_pages=37950 gc_count=1617 waf_q16=103484 best=21 next=24 settled=0
[817601.955265] NVMeVirt: WATGC_V2 sample ns=0 part=2 epoch=1 window=84 phase=measure evaluated=23 k=4 scale_pct=100 age_ratio=16 host=65546 gc_pages=36107 gc_count=1588 waf_q16=101637 best=21 next=24 settled=0
[817602.252481] NVMeVirt: WATGC_V2 sample ns=0 part=1 epoch=1 window=84 phase=measure evaluated=23 k=4 scale_pct=100 age_ratio=16 host=65576 gc_pages=40543 gc_count=1658 waf_q16=106054 best=21 next=24 settled=0
[817603.363051] NVMeVirt: WATGC_V2 sample ns=0 part=3 epoch=1 window=84 phase=measure evaluated=23 k=4 scale_pct=100 age_ratio=16 host=65583 gc_pages=36359 gc_count=1593 waf_q16=101868 best=21 next=24 settled=0
[817604.585509] tee (4096782): drop_caches: 3
[817609.694127] tee (4096786): drop_caches: 3
[817614.783072] tee (4096790): drop_caches: 3
[817619.923212] tee (4096794): drop_caches: 3
[817620.377285] NVMeVirt: WATGC_V2 sample ns=0 part=2 epoch=1 window=85 phase=measure evaluated=24 k=4 scale_pct=200 age_ratio=4 host=65548 gc_pages=29043 gc_count=1478 waf_q16=94573 best=21 next=25 settled=0
[817620.622060] NVMeVirt: WATGC_V2 sample ns=0 part=0 epoch=1 window=85 phase=measure evaluated=24 k=4 scale_pct=200 age_ratio=4 host=65544 gc_pages=30279 gc_count=1497 waf_q16=95811 best=21 next=25 settled=0
[817620.889384] NVMeVirt: WATGC_V2 sample ns=0 part=1 epoch=1 window=85 phase=measure evaluated=24 k=4 scale_pct=200 age_ratio=4 host=65554 gc_pages=28844 gc_count=1475 waf_q16=94372 best=24 next=25 settled=0
[817622.035781] NVMeVirt: WATGC_V2 sample ns=0 part=3 epoch=1 window=85 phase=measure evaluated=24 k=4 scale_pct=200 age_ratio=4 host=65564 gc_pages=29221 gc_count=1481 waf_q16=94744 best=21 next=25 settled=0
[817625.105471] tee (4096799): drop_caches: 3
[817630.445860] tee (4096806): drop_caches: 3
[817635.455379] tee (4096810): drop_caches: 3
[817638.839734] NVMeVirt: WATGC_V2 sample ns=0 part=2 epoch=1 window=86 phase=measure evaluated=25 k=4 scale_pct=200 age_ratio=7 host=65561 gc_pages=31262 gc_count=1513 waf_q16=96786 best=21 next=26 settled=0
[817639.155837] NVMeVirt: WATGC_V2 sample ns=0 part=0 epoch=1 window=86 phase=measure evaluated=25 k=4 scale_pct=200 age_ratio=7 host=65584 gc_pages=31395 gc_count=1515 waf_q16=96908 best=21 next=26 settled=0
[817639.357129] NVMeVirt: WATGC_V2 sample ns=0 part=1 epoch=1 window=86 phase=measure evaluated=25 k=4 scale_pct=200 age_ratio=7 host=65564 gc_pages=30808 gc_count=1506 waf_q16=96330 best=24 next=26 settled=0
[817640.325894] NVMeVirt: WATGC_V2 sample ns=0 part=3 epoch=1 window=86 phase=measure evaluated=25 k=4 scale_pct=200 age_ratio=7 host=65572 gc_pages=31014 gc_count=1509 waf_q16=96532 best=21 next=26 settled=0
[817640.463000] tee (4096814): drop_caches: 3
[817649.050253] tee (4096826): drop_caches: 3
[817655.921504] tee (4096834): drop_caches: 3
[817657.435241] NVMeVirt: WATGC_V2 sample ns=0 part=2 epoch=1 window=87 phase=measure evaluated=26 k=4 scale_pct=200 age_ratio=16 host=65540 gc_pages=30393 gc_count=1499 waf_q16=95927 best=21 next=27 settled=0
[817657.955944] NVMeVirt: WATGC_V2 sample ns=0 part=0 epoch=1 window=87 phase=measure evaluated=26 k=4 scale_pct=200 age_ratio=16 host=65560 gc_pages=31084 gc_count=1510 waf_q16=96608 best=21 next=27 settled=0
[817658.094988] NVMeVirt: WATGC_V2 sample ns=0 part=1 epoch=1 window=87 phase=measure evaluated=26 k=4 scale_pct=200 age_ratio=16 host=65553 gc_pages=30826 gc_count=1506 waf_q16=96354 best=24 next=27 settled=0
[817659.057625] NVMeVirt: WATGC_V2 sample ns=0 part=3 epoch=1 window=87 phase=measure evaluated=26 k=4 scale_pct=200 age_ratio=16 host=65562 gc_pages=31154 gc_count=1511 waf_q16=96677 best=21 next=27 settled=0
[817660.984124] tee (4096840): drop_caches: 3
[817666.068756] tee (4096845): drop_caches: 3
[817671.203584] tee (4096849): drop_caches: 3
[817675.756965] NVMeVirt: WATGC_V2 sample ns=0 part=2 epoch=1 window=88 phase=measure evaluated=27 k=4 scale_pct=400 age_ratio=4 host=65548 gc_pages=30065 gc_count=1494 waf_q16=95595 best=21 next=28 settled=0
[817676.308241] tee (4096854): drop_caches: 3
[817676.544547] NVMeVirt: WATGC_V2 sample ns=0 part=0 epoch=1 window=88 phase=measure evaluated=27 k=4 scale_pct=400 age_ratio=4 host=65556 gc_pages=30634 gc_count=1503 waf_q16=96160 best=21 next=28 settled=0
[817676.581643] NVMeVirt: WATGC_V2 sample ns=0 part=1 epoch=1 window=88 phase=measure evaluated=27 k=4 scale_pct=400 age_ratio=4 host=65567 gc_pages=29730 gc_count=1489 waf_q16=95251 best=24 next=28 settled=0
[817677.729661] NVMeVirt: WATGC_V2 sample ns=0 part=3 epoch=1 window=88 phase=measure evaluated=27 k=4 scale_pct=400 age_ratio=4 host=65572 gc_pages=31197 gc_count=1512 waf_q16=96715 best=21 next=28 settled=0
[817681.447328] tee (4096859): drop_caches: 3
[817686.941269] tee (4096866): drop_caches: 3
[817692.229551] tee (4096872): drop_caches: 3
[817694.552669] NVMeVirt: WATGC_V2 sample ns=0 part=2 epoch=1 window=89 phase=measure evaluated=28 k=4 scale_pct=400 age_ratio=7 host=65566 gc_pages=30367 gc_count=1499 waf_q16=95889 best=21 next=29 settled=0
[817695.416495] NVMeVirt: WATGC_V2 sample ns=0 part=1 epoch=1 window=89 phase=measure evaluated=28 k=4 scale_pct=400 age_ratio=7 host=65541 gc_pages=30327 gc_count=1498 waf_q16=95860 best=24 next=29 settled=0
[817695.419089] NVMeVirt: WATGC_V2 sample ns=0 part=0 epoch=1 window=89 phase=measure evaluated=28 k=4 scale_pct=400 age_ratio=7 host=65574 gc_pages=31002 gc_count=1509 waf_q16=96520 best=21 next=29 settled=0
[817696.339172] NVMeVirt: WATGC_V2 sample ns=0 part=3 epoch=1 window=89 phase=measure evaluated=28 k=4 scale_pct=400 age_ratio=7 host=65543 gc_pages=31921 gc_count=1523 waf_q16=97453 best=21 next=29 settled=0
[817697.322030] tee (4096876): drop_caches: 3
[817702.482667] tee (4096880): drop_caches: 3
[817707.714073] tee (4096889): drop_caches: 3
[817712.820953] tee (4096893): drop_caches: 3
[817713.352168] NVMeVirt: WATGC_V2 sample ns=0 part=2 epoch=1 window=90 phase=measure evaluated=29 k=4 scale_pct=400 age_ratio=16 host=65578 gc_pages=31510 gc_count=1517 waf_q16=97025 best=21 next=30 settled=0
[817714.412316] NVMeVirt: WATGC_V2 sample ns=0 part=1 epoch=1 window=90 phase=measure evaluated=29 k=4 scale_pct=400 age_ratio=16 host=65553 gc_pages=31591 gc_count=1518 waf_q16=97118 best=24 next=30 settled=0
[817714.522098] NVMeVirt: WATGC_V2 sample ns=0 part=0 epoch=1 window=90 phase=measure evaluated=29 k=4 scale_pct=400 age_ratio=16 host=65537 gc_pages=31686 gc_count=1519 waf_q16=97221 best=21 next=30 settled=0
[817715.312138] NVMeVirt: WATGC_V2 sample ns=0 part=3 epoch=1 window=90 phase=measure evaluated=29 k=4 scale_pct=400 age_ratio=16 host=65545 gc_pages=32060 gc_count=1525 waf_q16=97591 best=21 next=30 settled=0
[817718.058910] tee (4096899): drop_caches: 3
[817723.268104] tee (4096904): drop_caches: 3
[817728.410176] tee (4096908): drop_caches: 3
[817731.650214] NVMeVirt: WATGC_V2 sample ns=0 part=2 epoch=1 window=91 phase=measure evaluated=30 k=7 scale_pct=25 age_ratio=4 host=65545 gc_pages=26877 gc_count=1444 waf_q16=92409 best=21 next=31 settled=0
[817732.628953] NVMeVirt: WATGC_V2 sample ns=0 part=1 epoch=1 window=91 phase=measure evaluated=30 k=7 scale_pct=25 age_ratio=4 host=65558 gc_pages=26341 gc_count=1436 waf_q16=91868 best=24 next=31 settled=0
[817732.764859] NVMeVirt: WATGC_V2 sample ns=0 part=0 epoch=1 window=91 phase=measure evaluated=30 k=7 scale_pct=25 age_ratio=4 host=65564 gc_pages=25763 gc_count=1427 waf_q16=91287 best=21 next=31 settled=0
[817733.344330] NVMeVirt: WATGC_V2 sample ns=0 part=3 epoch=1 window=91 phase=measure evaluated=30 k=7 scale_pct=25 age_ratio=4 host=65569 gc_pages=26667 gc_count=1441 waf_q16=92189 best=21 next=31 settled=0
[817733.489665] tee (4096912): drop_caches: 3
[817738.744696] tee (4096916): drop_caches: 3
[817743.903696] tee (4096921): drop_caches: 3
[817749.753491] NVMeVirt: WATGC_V2 sample ns=0 part=2 epoch=1 window=92 phase=measure evaluated=31 k=7 scale_pct=25 age_ratio=7 host=65539 gc_pages=25990 gc_count=1430 waf_q16=91524 best=21 next=32 settled=0
[817750.583282] tee (4096934): drop_caches: 3
[817751.128980] NVMeVirt: WATGC_V2 sample ns=0 part=1 epoch=1 window=92 phase=measure evaluated=31 k=7 scale_pct=25 age_ratio=7 host=65568 gc_pages=25706 gc_count=1426 waf_q16=91229 best=24 next=32 settled=0
[817751.340419] NVMeVirt: WATGC_V2 sample ns=0 part=0 epoch=1 window=92 phase=measure evaluated=31 k=7 scale_pct=25 age_ratio=7 host=65570 gc_pages=25575 gc_count=1424 waf_q16=91097 best=21 next=32 settled=0
[817752.008247] NVMeVirt: WATGC_V2 sample ns=0 part=3 epoch=1 window=92 phase=measure evaluated=31 k=7 scale_pct=25 age_ratio=7 host=65536 gc_pages=25282 gc_count=1419 waf_q16=90818 best=21 next=32 settled=0
[817757.161323] tee (4096945): drop_caches: 3
[817762.302008] tee (4096949): drop_caches: 3
[817767.875642] NVMeVirt: WATGC_V2 sample ns=0 part=2 epoch=1 window=93 phase=measure evaluated=32 k=7 scale_pct=25 age_ratio=16 host=65577 gc_pages=27477 gc_count=1454 waf_q16=92995 best=21 next=33 settled=0
[817767.978448] tee (4096955): drop_caches: 3
[817769.520161] NVMeVirt: WATGC_V2 sample ns=0 part=1 epoch=1 window=93 phase=measure evaluated=32 k=7 scale_pct=25 age_ratio=16 host=65562 gc_pages=26394 gc_count=1437 waf_q16=91919 best=24 next=33 settled=0
[817769.800289] NVMeVirt: WATGC_V2 sample ns=0 part=0 epoch=1 window=93 phase=measure evaluated=32 k=7 scale_pct=25 age_ratio=16 host=65587 gc_pages=26573 gc_count=1440 waf_q16=92088 best=21 next=33 settled=0
[817770.233372] NVMeVirt: WATGC_V2 sample ns=0 part=3 epoch=1 window=93 phase=measure evaluated=32 k=7 scale_pct=25 age_ratio=16 host=65588 gc_pages=27148 gc_count=1449 waf_q16=92662 best=21 next=33 settled=0
[817773.273710] tee (4096959): drop_caches: 3
[817778.168172] tee (4096966): drop_caches: 3
[817783.241041] tee (4096972): drop_caches: 3
[817786.760369] NVMeVirt: WATGC_V2 sample ns=0 part=2 epoch=1 window=94 phase=measure evaluated=33 k=7 scale_pct=50 age_ratio=4 host=65558 gc_pages=23465 gc_count=1391 waf_q16=88993 best=33 next=34 settled=0
[817788.012610] NVMeVirt: WATGC_V2 sample ns=0 part=1 epoch=1 window=94 phase=measure evaluated=33 k=7 scale_pct=50 age_ratio=4 host=65566 gc_pages=23144 gc_count=1386 waf_q16=88669 best=33 next=34 settled=0
[817788.302609] NVMeVirt: WATGC_V2 sample ns=0 part=0 epoch=1 window=94 phase=measure evaluated=33 k=7 scale_pct=50 age_ratio=4 host=65554 gc_pages=23225 gc_count=1387 waf_q16=88754 best=33 next=34 settled=0
[817788.491581] tee (4096977): drop_caches: 3
[817788.731207] NVMeVirt: WATGC_V2 sample ns=0 part=3 epoch=1 window=94 phase=measure evaluated=33 k=7 scale_pct=50 age_ratio=4 host=65538 gc_pages=23435 gc_count=1390 waf_q16=88970 best=33 next=34 settled=0
[817793.647464] tee (4096981): drop_caches: 3
[817798.826780] tee (4096985): drop_caches: 3
[817804.367512] tee (4096991): drop_caches: 3
[817805.078114] NVMeVirt: WATGC_V2 sample ns=0 part=2 epoch=1 window=95 phase=measure evaluated=34 k=7 scale_pct=50 age_ratio=7 host=65553 gc_pages=23922 gc_count=1398 waf_q16=89451 best=33 next=35 settled=0
[817806.779965] NVMeVirt: WATGC_V2 sample ns=0 part=1 epoch=1 window=95 phase=measure evaluated=34 k=7 scale_pct=50 age_ratio=7 host=65547 gc_pages=24692 gc_count=1410 waf_q16=90223 best=33 next=35 settled=0
[817807.123598] NVMeVirt: WATGC_V2 sample ns=0 part=0 epoch=1 window=95 phase=measure evaluated=34 k=7 scale_pct=50 age_ratio=7 host=65562 gc_pages=24482 gc_count=1407 waf_q16=90008 best=33 next=35 settled=0
[817807.299754] NVMeVirt: WATGC_V2 sample ns=0 part=3 epoch=1 window=95 phase=measure evaluated=34 k=7 scale_pct=50 age_ratio=7 host=65557 gc_pages=25382 gc_count=1421 waf_q16=90909 best=33 next=35 settled=0
[817809.648220] tee (4096995): drop_caches: 3
[817814.684058] tee (4097000): drop_caches: 3
[817819.999718] tee (4097006): drop_caches: 3
[817823.654777] NVMeVirt: WATGC_V2 sample ns=0 part=2 epoch=1 window=96 phase=measure evaluated=35 k=7 scale_pct=50 age_ratio=16 host=65578 gc_pages=23515 gc_count=1392 waf_q16=89035 best=33 next=36 settled=0
[817825.123705] tee (4097010): drop_caches: 3
[817825.249606] NVMeVirt: WATGC_V2 sample ns=0 part=1 epoch=1 window=96 phase=measure evaluated=35 k=7 scale_pct=50 age_ratio=16 host=65538 gc_pages=22323 gc_count=1373 waf_q16=87858 best=33 next=36 settled=0
[817825.850283] NVMeVirt: WATGC_V2 sample ns=0 part=0 epoch=1 window=96 phase=measure evaluated=35 k=7 scale_pct=50 age_ratio=16 host=65571 gc_pages=23268 gc_count=1388 waf_q16=88791 best=33 next=36 settled=0
[817825.872950] NVMeVirt: WATGC_V2 sample ns=0 part=3 epoch=1 window=96 phase=measure evaluated=35 k=7 scale_pct=50 age_ratio=16 host=65555 gc_pages=22835 gc_count=1381 waf_q16=88364 best=33 next=36 settled=0
[817830.379815] tee (4097014): drop_caches: 3
[817835.557261] tee (4097018): drop_caches: 3
[817841.335078] tee (4097022): drop_caches: 3
[817847.234709] tee (4097031): drop_caches: 3
[817851.747915] mix-mixH-online-4095519 phase=C END
[817851.967816] NVMeVirt: Measurement: command=stop epoch=1 host_bytes=156066177024 learner_active=0
[817855.028507] EXT4-fs (nvme0n1): unmounting filesystem 5ddcbc86-c9a1-485f-934c-3101e6771ea0.
[817855.498546] pci_bus 0001:10: busn_res: [bus 10-ff] is released
[817855.498607] NVMeVirt: WATGC_V2 summary ns=0 part=0 epoch=1 windows=96 epoch_windows=96 discarded=0 visited=60 covered=0 settled=0 phase=2 current=36 best=33 k=7 scale_pct=50 age_ratio=4 best_waf_valid=1 best_waf_q16=97721
[817855.498611] NVMeVirt: WATGC_V2 summary ns=0 part=1 epoch=1 windows=96 epoch_windows=96 discarded=0 visited=60 covered=0 settled=0 phase=2 current=36 best=33 k=7 scale_pct=50 age_ratio=4 best_waf_valid=1 best_waf_q16=97728
[817855.498615] NVMeVirt: WATGC_V2 summary ns=0 part=2 epoch=1 windows=96 epoch_windows=96 discarded=0 visited=60 covered=0 settled=0 phase=2 current=36 best=33 k=7 scale_pct=50 age_ratio=4 best_waf_valid=1 best_waf_q16=98123
[817855.498618] NVMeVirt: WATGC_V2 summary ns=0 part=3 epoch=1 windows=96 epoch_windows=96 discarded=0 visited=60 covered=0 settled=0 phase=2 current=36 best=33 k=7 scale_pct=50 age_ratio=4 best_waf_valid=1 best_waf_q16=97882
[817855.498620] NVMeVirt: GC stats: ns=0 policy=watgc-v2 host_pages=38102094 gc_pages=34115794 gc_count=1128405 WAF=1.895 warmup_gc=100-per-part
[817855.570281] NVMeVirt: Virtual NVMe device closed
