[618532.468835] mix-mixC-fixed50-3860986 BEGIN
[618532.480697] NVMeVirt: Version 1.10 for >> Samsung 970 Pro SSD <<
[618532.480703] NVMeVirt: Storage: 0x100100000-0x300000000 (8191 MiB)
[618532.491750] NVMeVirt: Total Capacity(GiB,MiB)=2,2048 chs=2 luns=4 lines=8192 blk-size(MiB,KiB)=0,64 line-size(MiB,KiB)=0,256
[618532.503170] NVMeVirt: [chmodel_init] bandwidth 800 max_credits 26 tx_time 152
[618532.514222] NVMeVirt: [chmodel_init] bandwidth 800 max_credits 26 tx_time 152
[618532.514242] NVMeVirt: [chmodel_init] bandwidth 3360 max_credits 110 tx_time 36
[618532.514245] NVMeVirt: Fixed CAT init ns=0 part=0 arm=50 k=10 scale_pct=50 age_ratio=16
[618532.515181] NVMeVirt: pqueue: Copyright (c) 2014, Volkan Yazıcı <volkan.yazici@gmail.com>. All rights reserved.
[618532.515216] NVMeVirt: Init FTL instance with 2 channels (524288 pages)
[618532.515218] NVMeVirt: GC victim policy: cat-fig7-fixed ns=0 part=0 initial_k=10 initial_scale_pct=50 initial_age_ratio=16 warmup_gc=100
[618532.525666] NVMeVirt: [chmodel_init] bandwidth 800 max_credits 26 tx_time 152
[618532.536394] NVMeVirt: [chmodel_init] bandwidth 800 max_credits 26 tx_time 152
[618532.536408] NVMeVirt: [chmodel_init] bandwidth 3360 max_credits 110 tx_time 36
[618532.536410] NVMeVirt: Fixed CAT init ns=0 part=1 arm=50 k=10 scale_pct=50 age_ratio=16
[618532.537442] NVMeVirt: Init FTL instance with 2 channels (524288 pages)
[618532.537444] NVMeVirt: GC victim policy: cat-fig7-fixed ns=0 part=1 initial_k=10 initial_scale_pct=50 initial_age_ratio=16 warmup_gc=100
[618532.548084] NVMeVirt: [chmodel_init] bandwidth 800 max_credits 26 tx_time 152
[618532.558622] NVMeVirt: [chmodel_init] bandwidth 800 max_credits 26 tx_time 152
[618532.558637] NVMeVirt: [chmodel_init] bandwidth 3360 max_credits 110 tx_time 36
[618532.558639] NVMeVirt: Fixed CAT init ns=0 part=2 arm=50 k=10 scale_pct=50 age_ratio=16
[618532.559574] NVMeVirt: Init FTL instance with 2 channels (524288 pages)
[618532.559577] NVMeVirt: GC victim policy: cat-fig7-fixed ns=0 part=2 initial_k=10 initial_scale_pct=50 initial_age_ratio=16 warmup_gc=100
[618532.570322] NVMeVirt: [chmodel_init] bandwidth 800 max_credits 26 tx_time 152
[618532.580756] NVMeVirt: [chmodel_init] bandwidth 800 max_credits 26 tx_time 152
[618532.580769] NVMeVirt: [chmodel_init] bandwidth 3360 max_credits 110 tx_time 36
[618532.580771] NVMeVirt: Fixed CAT init ns=0 part=3 arm=50 k=10 scale_pct=50 age_ratio=16
[618532.581740] NVMeVirt: Init FTL instance with 2 channels (524288 pages)
[618532.581742] NVMeVirt: GC victim policy: cat-fig7-fixed ns=0 part=3 initial_k=10 initial_scale_pct=50 initial_age_ratio=16 warmup_gc=100
[618532.581748] NVMeVirt: FTL physical space: 8588886016, logical space: 8026996276 (physical/logical * 100 = 107)
[618532.581750] NVMeVirt: ns 0/1: size 7655 MiB
[618532.581811] PCI host bridge to bus 0001:10
[618532.581813] pci_bus 0001:10: root bus resource [io  0x0000-0xffff]
[618532.581816] pci_bus 0001:10: root bus resource [mem 0x00000000-0x7fffffffff]
[618532.581832] pci_bus 0001:10: root bus resource [bus 00-ff]
[618532.581840] pci 0001:10:00.0: [0c51:0110] type 00 class 0x010802 PCIe Endpoint
[618532.581844] pci 0001:10:00.0: BAR 0 [mem 0x100000000-0x100003fff 64bit]
[618532.581847] pci 0001:10:00.0: enabling Extended Tags
[618532.581971] NVMeVirt: Virtual PCI bus created (node 0)
[618532.582213] NVMeVirt: nvmev_io_worker_0 started on cpu 2 (node 0)
[618532.582317] NVMeVirt: Virtual NVMe device created
[618532.582324] NVMeVirt: nvmev_dispatcher started on cpu 1 (node 0)
[618532.582481] nvme nvme0: pci function 0001:10:00.0
[618532.585285] nvme nvme0: 8/0/0 default/read/poll queues
[618532.661993] EXT4-fs (nvme0n1): mounted filesystem 88fb2323-1a3d-40ae-90e4-4874fcac8773 r/w with ordered data mode. Quota mode: none.
[618614.657978] NVMeVirt: Fixed CAT init ns=0 part=0 arm=50 k=10 scale_pct=50 age_ratio=16
[618614.657983] NVMeVirt: Fixed CAT init ns=0 part=1 arm=50 k=10 scale_pct=50 age_ratio=16
[618614.657986] NVMeVirt: Fixed CAT init ns=0 part=2 arm=50 k=10 scale_pct=50 age_ratio=16
[618614.657987] NVMeVirt: Fixed CAT init ns=0 part=3 arm=50 k=10 scale_pct=50 age_ratio=16
[618614.657989] NVMeVirt: Measurement: command=start epoch=1 host_bytes=0 learner_active=1
[618614.665688] mix-mixC-fixed50-3860986 phase=A START
[620076.376354] audit: type=1400 audit(1789743603.849:459): apparmor="DENIED" operation="capable" class="cap" profile="/usr/sbin/cupsd" pid=3862102 comm="cupsd" capability=12  capname="net_admin"
[620198.596840] audit: type=1107 audit(1789743726.068:460): pid=1434 uid=101 auid=4294967295 ses=4294967295 subj=unconfined msg='apparmor="DENIED" operation="dbus_signal"  bus="system" path="/com/redhat/PrinterSpooler" interface="com.redhat.PrinterSpooler" member="QueueChanged" mask="send" name="org.freedesktop.DBus" pid=2073 label="snap.cups.cupsd" peer_pid=4752 peer_label="unconfined"
                 exe="/usr/bin/dbus-daemon" sauid=101 hostname=? addr=? terminal=?'
[620259.877740] audit: type=1107 audit(1789743787.349:461): pid=1434 uid=101 auid=4294967295 ses=4294967295 subj=unconfined msg='apparmor="DENIED" operation="dbus_signal"  bus="system" path="/com/redhat/PrinterSpooler" interface="com.redhat.PrinterSpooler" member="QueueChanged" mask="send" name="org.freedesktop.DBus" pid=2073 label="snap.cups.cupsd" peer_pid=4752 peer_label="unconfined"
[620350.115551] audit: type=1107 audit(1789743877.585:462): pid=1434 uid=101 auid=4294967295 ses=4294967295 subj=unconfined msg='apparmor="DENIED" operation="dbus_signal"  bus="system" path="/com/redhat/PrinterSpooler" interface="com.redhat.PrinterSpooler" member="QueueChanged" mask="send" name="org.freedesktop.DBus" pid=2073 label="snap.cups.cupsd" peer_pid=4752 peer_label="unconfined"
[620382.387750] audit: type=1107 audit(1789743909.857:463): pid=1434 uid=101 auid=4294967295 ses=4294967295 subj=unconfined msg='apparmor="DENIED" operation="dbus_signal"  bus="system" path="/com/redhat/PrinterSpooler" interface="com.redhat.PrinterSpooler" member="QueueChanged" mask="send" name="org.freedesktop.DBus" pid=2073 label="snap.cups.cupsd" peer_pid=4752 peer_label="unconfined"
[620387.615499] audit: type=1107 audit(1789743915.085:464): pid=1434 uid=101 auid=4294967295 ses=4294967295 subj=unconfined msg='apparmor="DENIED" operation="dbus_signal"  bus="system" path="/com/redhat/PrinterSpooler" interface="com.redhat.PrinterSpooler" member="QueueChanged" mask="send" name="org.freedesktop.DBus" pid=2073 label="snap.cups.cupsd" peer_pid=4752 peer_label="unconfined"
[622215.011293] mix-mixC-fixed50-3860986 phase=A END
[622215.018259] mix-mixC-fixed50-3860986 phase=B START
[625330.037683] loop2: detected capacity change from 0 to 535104
[625337.967153] audit: type=1400 audit(1789748865.365:465): apparmor="STATUS" operation="profile_replace" info="same as current profile, skipping" profile="unconfined" name="/snap/snapd/27738/usr/lib/snapd/snap-confine" pid=3866310 comm="apparmor_parser"
[625338.172555] audit: type=1400 audit(1789748865.570:466): apparmor="STATUS" operation="profile_replace" profile="unconfined" name="snap.firefox.hook.disconnect-plug-host-hunspell" pid=3866316 comm="apparmor_parser"
[625338.356096] audit: type=1400 audit(1789748865.753:467): apparmor="STATUS" operation="profile_replace" profile="unconfined" name="snap.firefox.hook.configure" pid=3866315 comm="apparmor_parser"
[625338.370333] audit: type=1400 audit(1789748865.768:468): apparmor="STATUS" operation="profile_replace" profile="unconfined" name="snap.firefox.hook.post-refresh" pid=3866318 comm="apparmor_parser"
[625338.525009] audit: type=1400 audit(1789748865.922:469): apparmor="STATUS" operation="profile_replace" profile="unconfined" name="snap.firefox.hook.install" pid=3866317 comm="apparmor_parser"
[625338.652015] audit: type=1400 audit(1789748866.049:470): apparmor="STATUS" operation="profile_replace" profile="unconfined" name="snap-update-ns.firefox" pid=3866312 comm="apparmor_parser"
[625339.103718] audit: type=1400 audit(1789748866.501:471): apparmor="STATUS" operation="profile_replace" profile="unconfined" name="snap.firefox.geckodriver" pid=3866314 comm="apparmor_parser"
[625339.447394] audit: type=1400 audit(1789748866.845:472): apparmor="STATUS" operation="profile_replace" profile="unconfined" name="snap.firefox.firefox" pid=3866313 comm="apparmor_parser"
[625339.481070] audit: type=1400 audit(1789748866.878:473): apparmor="STATUS" operation="profile_replace" info="same as current profile, skipping" profile="unconfined" name="snap.mesa-2404.component-monitor" pid=3866322 comm="apparmor_parser"
[625339.495442] audit: type=1400 audit(1789748866.893:474): apparmor="STATUS" operation="profile_replace" info="same as current profile, skipping" profile="unconfined" name="snap.mesa-2404.hook.post-refresh" pid=3866326 comm="apparmor_parser"
[625364.004926] loop14: detected capacity change from 0 to 440096
[625369.048181] kauditd_printk_skb: 4 callbacks suppressed
[625369.048185] audit: type=1400 audit(1789748896.445:479): apparmor="STATUS" operation="profile_replace" info="same as current profile, skipping" profile="unconfined" name="/snap/snapd/27738/usr/lib/snapd/snap-confine" pid=3866913 comm="apparmor_parser"
[625369.439690] audit: type=1400 audit(1789748896.837:480): apparmor="STATUS" operation="profile_replace" profile="unconfined" name="snap.brave.hook.configure" pid=3866917 comm="apparmor_parser"
[625369.577961] audit: type=1400 audit(1789748896.975:481): apparmor="STATUS" operation="profile_replace" profile="unconfined" name="snap-update-ns.brave" pid=3866915 comm="apparmor_parser"
[625369.950550] audit: type=1400 audit(1789748897.348:482): apparmor="STATUS" operation="profile_replace" profile="unconfined" name="snap.brave.brave" pid=3866916 comm="apparmor_parser"
[625815.378065] mix-mixC-fixed50-3860986 phase=B END
[625815.381232] NVMeVirt: Measurement: command=stop epoch=1 host_bytes=737306640384 learner_active=0
[625815.481768] EXT4-fs (nvme0n1): unmounting filesystem 88fb2323-1a3d-40ae-90e4-4874fcac8773.
[625815.545457] pci_bus 0001:10: busn_res: [bus 10-ff] is released
[625815.545532] NVMeVirt: GC stats: ns=0 policy=cat-fig7-fixed host_pages=180006504 gc_pages=144678132 gc_count=5073197 WAF=1.803 warmup_gc=100-per-part
[625815.618654] NVMeVirt: Virtual NVMe device closed
