[1433569.071741] mix-mixJ-fixed50-1483821 BEGIN
[1433569.082935] NVMeVirt: Version 1.10 for >> Samsung 970 Pro SSD <<
[1433569.082940] NVMeVirt: Storage: 0x100100000-0x300000000 (8191 MiB)
[1433569.094045] NVMeVirt: Total Capacity(GiB,MiB)=2,2048 chs=2 luns=4 lines=8192 blk-size(MiB,KiB)=0,64 line-size(MiB,KiB)=0,256
[1433569.105825] NVMeVirt: [chmodel_init] bandwidth 800 max_credits 26 tx_time 152
[1433569.116984] NVMeVirt: [chmodel_init] bandwidth 800 max_credits 26 tx_time 152
[1433569.116999] NVMeVirt: [chmodel_init] bandwidth 3360 max_credits 110 tx_time 36
[1433569.117002] NVMeVirt: Fixed CAT init ns=0 part=0 arm=50 k=10 scale_pct=50 age_ratio=16
[1433569.117957] NVMeVirt: pqueue: Copyright (c) 2014, Volkan Yazıcı <volkan.yazici@gmail.com>. All rights reserved.
[1433569.117993] NVMeVirt: Init FTL instance with 2 channels (524288 pages)
[1433569.117994] NVMeVirt: GC victim policy: cat-fig7-fixed ns=0 part=0 initial_k=10 initial_scale_pct=50 initial_age_ratio=16 warmup_gc=100
[1433569.128922] NVMeVirt: [chmodel_init] bandwidth 800 max_credits 26 tx_time 152
[1433569.139716] NVMeVirt: [chmodel_init] bandwidth 800 max_credits 26 tx_time 152
[1433569.139730] NVMeVirt: [chmodel_init] bandwidth 3360 max_credits 110 tx_time 36
[1433569.139733] NVMeVirt: Fixed CAT init ns=0 part=1 arm=50 k=10 scale_pct=50 age_ratio=16
[1433569.140692] NVMeVirt: Init FTL instance with 2 channels (524288 pages)
[1433569.140694] NVMeVirt: GC victim policy: cat-fig7-fixed ns=0 part=1 initial_k=10 initial_scale_pct=50 initial_age_ratio=16 warmup_gc=100
[1433569.151446] NVMeVirt: [chmodel_init] bandwidth 800 max_credits 26 tx_time 152
[1433569.162114] NVMeVirt: [chmodel_init] bandwidth 800 max_credits 26 tx_time 152
[1433569.162127] NVMeVirt: [chmodel_init] bandwidth 3360 max_credits 110 tx_time 36
[1433569.162130] NVMeVirt: Fixed CAT init ns=0 part=2 arm=50 k=10 scale_pct=50 age_ratio=16
[1433569.163061] NVMeVirt: Init FTL instance with 2 channels (524288 pages)
[1433569.163064] NVMeVirt: GC victim policy: cat-fig7-fixed ns=0 part=2 initial_k=10 initial_scale_pct=50 initial_age_ratio=16 warmup_gc=100
[1433569.173769] NVMeVirt: [chmodel_init] bandwidth 800 max_credits 26 tx_time 152
[1433569.184503] NVMeVirt: [chmodel_init] bandwidth 800 max_credits 26 tx_time 152
[1433569.184517] NVMeVirt: [chmodel_init] bandwidth 3360 max_credits 110 tx_time 36
[1433569.184519] NVMeVirt: Fixed CAT init ns=0 part=3 arm=50 k=10 scale_pct=50 age_ratio=16
[1433569.185457] NVMeVirt: Init FTL instance with 2 channels (524288 pages)
[1433569.185461] NVMeVirt: GC victim policy: cat-fig7-fixed ns=0 part=3 initial_k=10 initial_scale_pct=50 initial_age_ratio=16 warmup_gc=100
[1433569.185471] NVMeVirt: FTL physical space: 8588886016, logical space: 8026996276 (physical/logical * 100 = 107)
[1433569.185473] NVMeVirt: ns 0/1: size 7655 MiB
[1433569.185536] PCI host bridge to bus 0001:10
[1433569.185539] pci_bus 0001:10: root bus resource [io  0x0000-0xffff]
[1433569.185542] pci_bus 0001:10: root bus resource [mem 0x00000000-0x7fffffffff]
[1433569.185544] pci_bus 0001:10: root bus resource [bus 00-ff]
[1433569.185553] pci 0001:10:00.0: [0c51:0110] type 00 class 0x010802 PCIe Endpoint
[1433569.185558] pci 0001:10:00.0: BAR 0 [mem 0x100000000-0x100003fff 64bit]
[1433569.185562] pci 0001:10:00.0: enabling Extended Tags
[1433569.185739] NVMeVirt: Virtual PCI bus created (node 0)
[1433569.186102] NVMeVirt: nvmev_dispatcher started on cpu 1 (node 0)
[1433569.186135] NVMeVirt: Virtual NVMe device created
[1433569.186295] nvme nvme0: pci function 0001:10:00.0
[1433569.186941] NVMeVirt: nvmev_io_worker_0 started on cpu 2 (node 0)
[1433569.188838] nvme nvme0: 8/0/0 default/read/poll queues
[1433569.258767] EXT4-fs (nvme0n1): mounted filesystem b69dd1f3-fc2a-48aa-8bfc-ac72f6c2f051 r/w with ordered data mode. Quota mode: none.
[1433651.293627] NVMeVirt: Fixed CAT init ns=0 part=0 arm=50 k=10 scale_pct=50 age_ratio=16
[1433651.293633] NVMeVirt: Fixed CAT init ns=0 part=1 arm=50 k=10 scale_pct=50 age_ratio=16
[1433651.293636] NVMeVirt: Fixed CAT init ns=0 part=2 arm=50 k=10 scale_pct=50 age_ratio=16
[1433651.293639] NVMeVirt: Fixed CAT init ns=0 part=3 arm=50 k=10 scale_pct=50 age_ratio=16
[1433651.293641] NVMeVirt: Measurement: command=start epoch=1 host_bytes=0 learner_active=1
[1433651.303213] mix-mixJ-fixed50-1483821 phase=A START
[1433651.314719] mix-mixJ-fixed50-1483821 phase=A LOAD
[1433674.185724] mix-mixJ-fixed50-1483821 phase=A RUN
[1433678.636761] tee (1484144): drop_caches: 3
[1433684.211201] tee (1484148): drop_caches: 3
[1433689.526910] tee (1484186): drop_caches: 3
[1433697.709017] tee (1484227): drop_caches: 3
[1433706.356238] tee (1484262): drop_caches: 3
[1433715.812400] tee (1484293): drop_caches: 3
[1433725.698794] tee (1484369): drop_caches: 3
[1433734.384800] tee (1484402): drop_caches: 3
[1433741.996571] tee (1484408): drop_caches: 3
[1433747.503900] tee (1484412): drop_caches: 3
[1433752.673369] tee (1484416): drop_caches: 3
[1433758.120048] tee (1484432): drop_caches: 3
[1433762.549382] tee (1484439): drop_caches: 3
[1433769.638436] tee (1484450): drop_caches: 3
[1433776.358643] tee (1484460): drop_caches: 3
[1433781.565409] tee (1484464): drop_caches: 3
[1433787.136290] tee (1484480): drop_caches: 3
[1433791.767728] tee (1484488): drop_caches: 3
[1433796.992679] tee (1484492): drop_caches: 3
[1433802.157913] tee (1484496): drop_caches: 3
[1433807.333477] tee (1484500): drop_caches: 3
[1433812.443447] tee (1484504): drop_caches: 3
[1433817.776554] tee (1484515): drop_caches: 3
[1433822.390573] tee (1484522): drop_caches: 3
[1433827.615588] tee (1484526): drop_caches: 3
[1433832.886287] tee (1484530): drop_caches: 3
[1433838.086109] tee (1484534): drop_caches: 3
[1433843.307782] tee (1484538): drop_caches: 3
[1433848.657516] tee (1484547): drop_caches: 3
[1433853.142427] tee (1484554): drop_caches: 3
[1433858.342019] tee (1484558): drop_caches: 3
[1433863.438170] tee (1484569): drop_caches: 3
[1433868.589769] tee (1484573): drop_caches: 3
[1433873.632778] tee (1484583): drop_caches: 3
[1433878.793599] tee (1484592): drop_caches: 3
[1433883.766801] tee (1484598): drop_caches: 3
[1433889.151124] tee (1484603): drop_caches: 3
[1433894.297124] tee (1484614): drop_caches: 3
[1433899.556950] tee (1484618): drop_caches: 3
[1433904.777663] tee (1484622): drop_caches: 3
[1433910.192553] tee (1484631): drop_caches: 3
[1433915.184289] tee (1484641): drop_caches: 3
[1433920.549243] tee (1484654): drop_caches: 3
[1433925.851895] tee (1484658): drop_caches: 3
[1433931.108169] tee (1484662): drop_caches: 3
[1433936.650768] tee (1484671): drop_caches: 3
[1433941.889526] tee (1484675): drop_caches: 3
[1433946.782247] tee (1484680): drop_caches: 3
[1433952.199937] tee (1484693): drop_caches: 3
[1433957.361846] tee (1484697): drop_caches: 3
[1433962.463379] tee (1484701): drop_caches: 3
[1433967.606122] tee (1484711): drop_caches: 3
[1433973.189764] tee (1484715): drop_caches: 3
[1433978.372399] tee (1484720): drop_caches: 3
[1433983.870705] tee (1484733): drop_caches: 3
[1433988.730763] tee (1484740): drop_caches: 3
[1433993.907241] tee (1484744): drop_caches: 3
[1433999.090650] tee (1484753): drop_caches: 3
[1434004.228788] tee (1484757): drop_caches: 3
[1434009.621080] tee (1484762): drop_caches: 3
[1434015.059895] tee (1484768): drop_caches: 3
[1434020.343274] tee (1484772): drop_caches: 3
[1434025.657434] tee (1484776): drop_caches: 3
[1434030.989769] tee (1484785): drop_caches: 3
[1434036.142246] tee (1484789): drop_caches: 3
[1434041.172319] tee (1484801): drop_caches: 3
[1434046.542689] tee (1484807): drop_caches: 3
[1434051.675064] tee (1484811): drop_caches: 3
[1434056.826976] tee (1484815): drop_caches: 3
[1434062.399265] tee (1484825): drop_caches: 3
[1434067.589904] tee (1484829): drop_caches: 3
[1434072.731851] tee (1484841): drop_caches: 3
[1434078.205043] tee (1484847): drop_caches: 3
[1434083.610647] tee (1484851): drop_caches: 3
[1434089.296219] tee (1484860): drop_caches: 3
[1434094.620079] tee (1484864): drop_caches: 3
[1434099.957061] tee (1484875): drop_caches: 3
[1434104.480670] tee (1484882): drop_caches: 3
[1434109.717541] tee (1484886): drop_caches: 3
[1434114.882076] tee (1484890): drop_caches: 3
[1434120.329206] tee (1484901): drop_caches: 3
[1434125.799511] tee (1484905): drop_caches: 3
[1434130.964184] tee (1484916): drop_caches: 3
[1434135.914315] tee (1484921): drop_caches: 3
[1434141.247725] tee (1484927): drop_caches: 3
[1434146.373241] tee (1484931): drop_caches: 3
[1434151.601615] tee (1484940): drop_caches: 3
[1434156.979367] tee (1484944): drop_caches: 3
[1434162.303386] tee (1484955): drop_caches: 3
[1434167.354423] tee (1484960): drop_caches: 3
[1434172.830187] tee (1484966): drop_caches: 3
[1434177.980029] tee (1484970): drop_caches: 3
[1434183.170748] tee (1484979): drop_caches: 3
[1434188.319844] tee (1484983): drop_caches: 3
[1434193.511693] tee (1484994): drop_caches: 3
[1434198.770784] tee (1484999): drop_caches: 3
[1434204.003458] tee (1485005): drop_caches: 3
[1434209.140941] tee (1485009): drop_caches: 3
[1434214.874120] tee (1485024): drop_caches: 3
[1434220.113962] tee (1485035): drop_caches: 3
[1434225.358764] tee (1485039): drop_caches: 3
[1434229.970343] tee (1485044): drop_caches: 3
[1434235.405079] tee (1485050): drop_caches: 3
[1434240.789148] tee (1485058): drop_caches: 3
[1434246.654468] tee (1485063): drop_caches: 3
[1434251.744294] tee (1485074): drop_caches: 3
[1434256.858974] tee (1485078): drop_caches: 3
[1434261.556622] tee (1485083): drop_caches: 3
[1434266.835988] tee (1485090): drop_caches: 3
[1434272.320951] tee (1485099): drop_caches: 3
[1434277.491655] tee (1485103): drop_caches: 3
[1434282.600407] tee (1485114): drop_caches: 3
[1434287.192975] tee (1485127): drop_caches: 3
[1434293.097421] tee (1485192): drop_caches: 3
[1434300.021377] tee (1485199): drop_caches: 3
[1434308.246830] tee (1485208): drop_caches: 3
[1434315.885107] tee (1485212): drop_caches: 3
[1434321.867305] tee (1485245): drop_caches: 3
[1434326.375174] tee (1485253): drop_caches: 3
[1434331.510164] tee (1485257): drop_caches: 3
[1434336.716460] tee (1485266): drop_caches: 3
[1434342.002640] tee (1485277): drop_caches: 3
[1434347.131680] tee (1485281): drop_caches: 3
[1434352.193406] tee (1485285): drop_caches: 3
[1434356.566236] tee (1485292): drop_caches: 3
[1434362.092469] tee (1485296): drop_caches: 3
[1434367.306172] tee (1485305): drop_caches: 3
[1434372.494014] tee (1485316): drop_caches: 3
[1434377.560763] tee (1485320): drop_caches: 3
[1434382.592124] tee (1485324): drop_caches: 3
[1434386.955474] tee (1485330): drop_caches: 3
[1434392.301712] tee (1485335): drop_caches: 3
[1434397.642774] tee (1485344): drop_caches: 3
[1434402.826320] tee (1485355): drop_caches: 3
[1434407.904275] tee (1485359): drop_caches: 3
[1434412.968737] tee (1485363): drop_caches: 3
[1434418.310889] tee (1485368): drop_caches: 3
[1434423.618984] tee (1485376): drop_caches: 3
[1434429.565037] tee (1485385): drop_caches: 3
[1434434.681532] tee (1485396): drop_caches: 3
[1434439.799847] tee (1485400): drop_caches: 3
[1434445.009941] tee (1485404): drop_caches: 3
[1434449.834285] tee (1485409): drop_caches: 3
[1434455.502482] tee (1485421): drop_caches: 3
[1434461.227465] tee (1485432): drop_caches: 3
[1434466.383571] tee (1485436): drop_caches: 3
[1434471.473866] tee (1485440): drop_caches: 3
[1434476.573248] tee (1485444): drop_caches: 3
[1434481.157271] tee (1485450): drop_caches: 3
[1434486.614819] tee (1485460): drop_caches: 3
[1434491.815598] tee (1485464): drop_caches: 3
[1434496.897632] tee (1485468): drop_caches: 3
[1434502.030139] tee (1485472): drop_caches: 3
[1434507.182494] tee (1485476): drop_caches: 3
[1434512.500219] tee (1485481): drop_caches: 3
[1434518.025923] tee (1485498): drop_caches: 3
[1434523.269359] tee (1485509): drop_caches: 3
[1434528.347927] tee (1485513): drop_caches: 3
[1434533.398500] tee (1485517): drop_caches: 3
[1434538.596334] tee (1485522): drop_caches: 3
[1434543.846342] tee (1485527): drop_caches: 3
[1434549.300913] tee (1485538): drop_caches: 3
[1434554.613442] tee (1485542): drop_caches: 3
[1434559.761003] tee (1485546): drop_caches: 3
[1434564.898174] tee (1485551): drop_caches: 3
[1434570.022686] tee (1485555): drop_caches: 3
[1434575.518152] tee (1485560): drop_caches: 3
[1434580.902608] tee (1485578): drop_caches: 3
[1434585.798838] tee (1485585): drop_caches: 3
[1434590.740976] tee (1485589): drop_caches: 3
[1434604.605060] tee (1485596): drop_caches: 3
[1434612.337393] mix-mixJ-fixed50-1483821 phase=A END
[1434612.345500] mix-mixJ-fixed50-1483821 phase=B START
[1434612.437502] mix-mixJ-fixed50-1483821 phase=B RUN
[1434616.485835] tee (1485683): drop_caches: 3
[1434622.047659] tee (1485687): drop_caches: 3
[1434627.159991] tee (1485692): drop_caches: 3
[1434632.312779] tee (1485696): drop_caches: 3
[1434637.395113] tee (1485700): drop_caches: 3
[1434643.153704] tee (1485717): drop_caches: 3
[1434648.970925] tee (1485724): drop_caches: 3
[1434654.111538] tee (1485728): drop_caches: 3
[1434659.474165] tee (1485733): drop_caches: 3
[1434664.882852] tee (1485739): drop_caches: 3
[1434669.937135] tee (1485750): drop_caches: 3
[1434675.231788] tee (1485761): drop_caches: 3
[1434680.874231] tee (1485766): drop_caches: 3
[1434686.011887] tee (1485770): drop_caches: 3
[1434691.119597] tee (1485774): drop_caches: 3
[1434696.688378] tee (1485778): drop_caches: 3
[1434702.340537] tee (1485789): drop_caches: 3
[1434707.748839] tee (1485810): drop_caches: 3
[1434714.693088] tee (1485822): drop_caches: 3
[1434720.744186] tee (1485826): drop_caches: 3
[1434727.983255] tee (1485832): drop_caches: 3
[1434734.706036] tee (1485848): drop_caches: 3
[1434740.977172] tee (1485854): drop_caches: 3
[1434748.561791] tee (1485859): drop_caches: 3
[1434754.893181] tee (1485863): drop_caches: 3
[1434761.167729] tee (1485874): drop_caches: 3
[1434768.042800] tee (1485883): drop_caches: 3
[1434774.711982] tee (1485889): drop_caches: 3
[1434781.506659] tee (1485894): drop_caches: 3
[1434788.728051] tee (1485898): drop_caches: 3
[1434796.381032] tee (1485914): drop_caches: 3
[1434802.958783] tee (1485922): drop_caches: 3
[1434827.774961] tee (1485948): drop_caches: 3
[1434841.412243] mix-mixJ-fixed50-1483821 phase=B END
[1434841.973458] NVMeVirt: Measurement: command=stop epoch=1 host_bytes=97061978112 learner_active=0
[1434866.595176] EXT4-fs (nvme0n1): unmounting filesystem b69dd1f3-fc2a-48aa-8bfc-ac72f6c2f051.
[1434866.986408] pci_bus 0001:10: busn_res: [bus 10-ff] is released
[1434866.986454] NVMeVirt: GC stats: ns=0 policy=cat-fig7-fixed host_pages=23696772 gc_pages=9242387 gc_count=514674 WAF=1.390 warmup_gc=100-per-part
[1434867.056675] NVMeVirt: Virtual NVMe device closed
