[1676080.890867] mix-mixK-arm46-2195495 BEGIN
[1676081.103026] NVMeVirt: Version 1.10 for >> Samsung 970 Pro SSD <<
[1676081.103032] NVMeVirt: Storage: 0x100100000-0x300000000 (8191 MiB)
[1676081.113475] NVMeVirt: Total Capacity(GiB,MiB)=2,2048 chs=2 luns=4 lines=8192 blk-size(MiB,KiB)=0,64 line-size(MiB,KiB)=0,256
[1676081.125179] NVMeVirt: [chmodel_init] bandwidth 800 max_credits 26 tx_time 152
[1676081.136302] NVMeVirt: [chmodel_init] bandwidth 800 max_credits 26 tx_time 152
[1676081.136315] NVMeVirt: [chmodel_init] bandwidth 3360 max_credits 110 tx_time 36
[1676081.136318] NVMeVirt: Fixed CAT init ns=0 part=0 arm=46 k=10 scale_pct=25 age_ratio=7
[1676081.137251] NVMeVirt: pqueue: Copyright (c) 2014, Volkan Yazıcı <volkan.yazici@gmail.com>. All rights reserved.
[1676081.137286] NVMeVirt: Init FTL instance with 2 channels (524288 pages)
[1676081.137288] NVMeVirt: GC victim policy: cat-fig7-fixed ns=0 part=0 initial_k=10 initial_scale_pct=25 initial_age_ratio=7 warmup_gc=100
[1676081.147825] NVMeVirt: [chmodel_init] bandwidth 800 max_credits 26 tx_time 152
[1676081.158215] NVMeVirt: [chmodel_init] bandwidth 800 max_credits 26 tx_time 152
[1676081.158228] NVMeVirt: [chmodel_init] bandwidth 3360 max_credits 110 tx_time 36
[1676081.158230] NVMeVirt: Fixed CAT init ns=0 part=1 arm=46 k=10 scale_pct=25 age_ratio=7
[1676081.159215] NVMeVirt: Init FTL instance with 2 channels (524288 pages)
[1676081.159218] NVMeVirt: GC victim policy: cat-fig7-fixed ns=0 part=1 initial_k=10 initial_scale_pct=25 initial_age_ratio=7 warmup_gc=100
[1676081.169497] NVMeVirt: [chmodel_init] bandwidth 800 max_credits 26 tx_time 152
[1676081.179820] NVMeVirt: [chmodel_init] bandwidth 800 max_credits 26 tx_time 152
[1676081.179833] NVMeVirt: [chmodel_init] bandwidth 3360 max_credits 110 tx_time 36
[1676081.179835] NVMeVirt: Fixed CAT init ns=0 part=2 arm=46 k=10 scale_pct=25 age_ratio=7
[1676081.180741] NVMeVirt: Init FTL instance with 2 channels (524288 pages)
[1676081.180745] NVMeVirt: GC victim policy: cat-fig7-fixed ns=0 part=2 initial_k=10 initial_scale_pct=25 initial_age_ratio=7 warmup_gc=100
[1676081.191214] NVMeVirt: [chmodel_init] bandwidth 800 max_credits 26 tx_time 152
[1676081.201560] NVMeVirt: [chmodel_init] bandwidth 800 max_credits 26 tx_time 152
[1676081.201574] NVMeVirt: [chmodel_init] bandwidth 3360 max_credits 110 tx_time 36
[1676081.201576] NVMeVirt: Fixed CAT init ns=0 part=3 arm=46 k=10 scale_pct=25 age_ratio=7
[1676081.202545] NVMeVirt: Init FTL instance with 2 channels (524288 pages)
[1676081.202547] NVMeVirt: GC victim policy: cat-fig7-fixed ns=0 part=3 initial_k=10 initial_scale_pct=25 initial_age_ratio=7 warmup_gc=100
[1676081.202553] NVMeVirt: FTL physical space: 8588886016, logical space: 8026996276 (physical/logical * 100 = 107)
[1676081.202555] NVMeVirt: ns 0/1: size 7655 MiB
[1676081.202605] PCI host bridge to bus 0001:10
[1676081.202607] pci_bus 0001:10: root bus resource [io  0x0000-0xffff]
[1676081.202609] pci_bus 0001:10: root bus resource [mem 0x00000000-0x7fffffffff]
[1676081.202612] pci_bus 0001:10: root bus resource [bus 00-ff]
[1676081.202633] pci 0001:10:00.0: [0c51:0110] type 00 class 0x010802 PCIe Endpoint
[1676081.202637] pci 0001:10:00.0: BAR 0 [mem 0x100000000-0x100003fff 64bit]
[1676081.202640] pci 0001:10:00.0: enabling Extended Tags
[1676081.202826] NVMeVirt: Virtual PCI bus created (node 0)
[1676081.203223] NVMeVirt: nvmev_dispatcher started on cpu 1 (node 0)
[1676081.203250] NVMeVirt: Virtual NVMe device created
[1676081.203384] nvme nvme0: pci function 0001:10:00.0
[1676081.203416] NVMeVirt: nvmev_io_worker_0 started on cpu 2 (node 0)
[1676081.207707] nvme nvme0: 8/0/0 default/read/poll queues
[1676081.599240] EXT4-fs (nvme0n1): mounted filesystem 59c973fe-b5a1-4d69-91ed-d1b31ee827e8 r/w with ordered data mode. Quota mode: none.
[1676164.435781] NVMeVirt: Fixed CAT init ns=0 part=0 arm=46 k=10 scale_pct=25 age_ratio=7
[1676164.435786] NVMeVirt: Fixed CAT init ns=0 part=1 arm=46 k=10 scale_pct=25 age_ratio=7
[1676164.435788] NVMeVirt: Fixed CAT init ns=0 part=2 arm=46 k=10 scale_pct=25 age_ratio=7
[1676164.435789] NVMeVirt: Fixed CAT init ns=0 part=3 arm=46 k=10 scale_pct=25 age_ratio=7
[1676164.435791] NVMeVirt: Measurement: command=start epoch=1 host_bytes=0 learner_active=1
[1676164.443512] mix-mixK-arm46-2195495 phase=A START
[1676764.756717] mix-mixK-arm46-2195495 phase=A END
[1676764.763599] mix-mixK-arm46-2195495 phase=B START
[1677365.098010] mix-mixK-arm46-2195495 phase=B END
[1677365.101182] NVMeVirt: Measurement: command=stop epoch=1 host_bytes=196616130560 learner_active=0
[1677365.193986] EXT4-fs (nvme0n1): unmounting filesystem 59c973fe-b5a1-4d69-91ed-d1b31ee827e8.
[1677365.252589] pci_bus 0001:10: busn_res: [bus 10-ff] is released
[1677365.252651] NVMeVirt: GC stats: ns=0 policy=cat-fig7-fixed host_pages=48001985 gc_pages=37738872 gc_count=1339702 WAF=1.786 warmup_gc=100-per-part
[1677365.326028] NVMeVirt: Virtual NVMe device closed
