[934776.106397] mix-mixJ-greedy-175876 BEGIN
[934776.118095] NVMeVirt: Version 1.10 for >> Samsung 970 Pro SSD <<
[934776.118101] NVMeVirt: Storage: 0x100100000-0x300000000 (8191 MiB)
[934776.129257] NVMeVirt: Total Capacity(GiB,MiB)=2,2048 chs=2 luns=4 lines=8192 blk-size(MiB,KiB)=0,64 line-size(MiB,KiB)=0,256
[934776.141455] NVMeVirt: [chmodel_init] bandwidth 800 max_credits 26 tx_time 152
[934776.152455] NVMeVirt: [chmodel_init] bandwidth 800 max_credits 26 tx_time 152
[934776.152470] NVMeVirt: [chmodel_init] bandwidth 3360 max_credits 110 tx_time 36
[934776.152472] NVMeVirt: Fixed CAT init ns=0 part=0 arm=37 k=7 scale_pct=100 age_ratio=7
[934776.153448] NVMeVirt: pqueue: Copyright (c) 2014, Volkan Yazıcı <volkan.yazici@gmail.com>. All rights reserved.
[934776.153486] NVMeVirt: Init FTL instance with 2 channels (524288 pages)
[934776.153488] NVMeVirt: GC victim policy: greedy ns=0 part=0 initial_k=7 initial_scale_pct=100 initial_age_ratio=7 warmup_gc=100
[934776.164551] NVMeVirt: [chmodel_init] bandwidth 800 max_credits 26 tx_time 152
[934776.175137] NVMeVirt: [chmodel_init] bandwidth 800 max_credits 26 tx_time 152
[934776.175153] NVMeVirt: [chmodel_init] bandwidth 3360 max_credits 110 tx_time 36
[934776.175155] NVMeVirt: Fixed CAT init ns=0 part=1 arm=37 k=7 scale_pct=100 age_ratio=7
[934776.176117] NVMeVirt: Init FTL instance with 2 channels (524288 pages)
[934776.176120] NVMeVirt: GC victim policy: greedy ns=0 part=1 initial_k=7 initial_scale_pct=100 initial_age_ratio=7 warmup_gc=100
[934776.186441] NVMeVirt: [chmodel_init] bandwidth 800 max_credits 26 tx_time 152
[934776.197441] NVMeVirt: [chmodel_init] bandwidth 800 max_credits 26 tx_time 152
[934776.197457] NVMeVirt: [chmodel_init] bandwidth 3360 max_credits 110 tx_time 36
[934776.197459] NVMeVirt: Fixed CAT init ns=0 part=2 arm=37 k=7 scale_pct=100 age_ratio=7
[934776.198612] NVMeVirt: Init FTL instance with 2 channels (524288 pages)
[934776.198616] NVMeVirt: GC victim policy: greedy ns=0 part=2 initial_k=7 initial_scale_pct=100 initial_age_ratio=7 warmup_gc=100
[934776.209459] NVMeVirt: [chmodel_init] bandwidth 800 max_credits 26 tx_time 152
[934776.219917] NVMeVirt: [chmodel_init] bandwidth 800 max_credits 26 tx_time 152
[934776.219932] NVMeVirt: [chmodel_init] bandwidth 3360 max_credits 110 tx_time 36
[934776.219934] NVMeVirt: Fixed CAT init ns=0 part=3 arm=37 k=7 scale_pct=100 age_ratio=7
[934776.220933] NVMeVirt: Init FTL instance with 2 channels (524288 pages)
[934776.220936] NVMeVirt: GC victim policy: greedy ns=0 part=3 initial_k=7 initial_scale_pct=100 initial_age_ratio=7 warmup_gc=100
[934776.220945] NVMeVirt: FTL physical space: 8588886016, logical space: 8026996276 (physical/logical * 100 = 107)
[934776.220947] NVMeVirt: ns 0/1: size 7655 MiB
[934776.221003] PCI host bridge to bus 0001:10
[934776.221005] pci_bus 0001:10: root bus resource [io  0x0000-0xffff]
[934776.221008] pci_bus 0001:10: root bus resource [mem 0x00000000-0x7fffffffff]
[934776.221010] pci_bus 0001:10: root bus resource [bus 00-ff]
[934776.221018] pci 0001:10:00.0: [0c51:0110] type 00 class 0x010802 PCIe Endpoint
[934776.221022] pci 0001:10:00.0: BAR 0 [mem 0x100000000-0x100003fff 64bit]
[934776.221024] pci 0001:10:00.0: enabling Extended Tags
[934776.221180] NVMeVirt: Virtual PCI bus created (node 0)
[934776.221537] NVMeVirt: Virtual NVMe device created
[934776.221539] NVMeVirt: nvmev_dispatcher started on cpu 1 (node 0)
[934776.221883] NVMeVirt: nvmev_io_worker_0 started on cpu 2 (node 0)
[934776.223897] nvme nvme0: pci function 0001:10:00.0
[934776.228847] nvme nvme0: 8/0/0 default/read/poll queues
[934776.307058] EXT4-fs (nvme0n1): mounted filesystem eb921194-e155-439b-8e9d-91e64023f70f r/w with ordered data mode. Quota mode: none.
[934858.349894] NVMeVirt: Fixed CAT init ns=0 part=0 arm=37 k=7 scale_pct=100 age_ratio=7
[934858.349901] NVMeVirt: Fixed CAT init ns=0 part=1 arm=37 k=7 scale_pct=100 age_ratio=7
[934858.349904] NVMeVirt: Fixed CAT init ns=0 part=2 arm=37 k=7 scale_pct=100 age_ratio=7
[934858.349906] NVMeVirt: Fixed CAT init ns=0 part=3 arm=37 k=7 scale_pct=100 age_ratio=7
[934858.349908] NVMeVirt: Measurement: command=start epoch=1 host_bytes=0 learner_active=1
[934858.360773] mix-mixJ-greedy-175876 phase=A START
[934858.372145] mix-mixJ-greedy-175876 phase=A LOAD
[934883.779664] mix-mixJ-greedy-175876 phase=A RUN
[934888.308928] tee (176191): drop_caches: 3
[934893.751634] tee (176195): drop_caches: 3
[934898.133317] tee (176207): drop_caches: 3
[934903.398590] tee (176218): drop_caches: 3
[934908.451156] tee (176224): drop_caches: 3
[934913.527400] tee (176228): drop_caches: 3
[934918.706089] tee (176232): drop_caches: 3
[934924.131012] tee (176236): drop_caches: 3
[934928.724697] tee (176248): drop_caches: 3
[934933.979372] tee (176261): drop_caches: 3
[934939.136438] tee (176265): drop_caches: 3
[934944.351151] tee (176269): drop_caches: 3
[934949.460716] tee (176273): drop_caches: 3
[934954.692018] tee (176277): drop_caches: 3
[934959.461478] tee (176288): drop_caches: 3
[934964.985128] tee (176302): drop_caches: 3
[934970.147720] tee (176308): drop_caches: 3
[934975.370470] tee (176315): drop_caches: 3
[934980.621732] tee (176319): drop_caches: 3
[934985.762004] tee (176323): drop_caches: 3
[934990.962719] tee (176334): drop_caches: 3
[934996.160609] tee (176346): drop_caches: 3
[935001.275483] tee (176350): drop_caches: 3
[935006.389743] tee (176354): drop_caches: 3
[935011.566399] tee (176358): drop_caches: 3
[935016.797657] tee (176362): drop_caches: 3
[935022.138717] tee (176373): drop_caches: 3
[935027.322388] tee (176385): drop_caches: 3
[935032.467863] tee (176389): drop_caches: 3
[935037.533615] tee (176393): drop_caches: 3
[935042.794931] tee (176397): drop_caches: 3
[935048.046212] tee (176401): drop_caches: 3
[935053.296773] tee (176411): drop_caches: 3
[935058.510872] tee (176417): drop_caches: 3
[935063.821708] tee (176421): drop_caches: 3
[935069.175105] tee (176425): drop_caches: 3
[935074.457756] tee (176429): drop_caches: 3
[935079.759940] tee (176455): drop_caches: 3
[935085.649045] tee (176489): drop_caches: 3
[935092.743436] tee (176528): drop_caches: 3
[935101.314437] tee (176568): drop_caches: 3
[935112.711288] tee (176633): drop_caches: 3
[935119.672738] tee (176694): drop_caches: 3
[935129.036640] tee (176706): drop_caches: 3
[935134.470571] tee (176710): drop_caches: 3
[935139.546657] tee (176714): drop_caches: 3
[935144.584029] tee (176730): drop_caches: 3
[935149.595952] tee (176734): drop_caches: 3
[935153.981605] tee (176741): drop_caches: 3
[935159.087392] tee (176745): drop_caches: 3
[935164.178810] tee (176749): drop_caches: 3
[935169.212629] tee (176753): drop_caches: 3
[935174.261646] tee (176769): drop_caches: 3
[935179.184205] tee (176773): drop_caches: 3
[935183.850715] tee (176778): drop_caches: 3
[935189.144056] tee (176785): drop_caches: 3
[935194.182846] tee (176789): drop_caches: 3
[935199.333893] tee (176793): drop_caches: 3
[935205.148754] tee (176814): drop_caches: 3
[935208.232735] mix-mixJ-greedy-175876 phase=A END
[935208.241272] mix-mixJ-greedy-175876 phase=B START
[935208.282979] mix-mixJ-greedy-175876 phase=B RUN
[935212.585252] tee (176894): drop_caches: 3
[935217.069659] tee (176901): drop_caches: 3
[935222.044526] tee (176907): drop_caches: 3
[935227.077541] tee (176911): drop_caches: 3
[935232.036538] tee (176915): drop_caches: 3
[935237.251026] tee (176933): drop_caches: 3
[935242.237892] tee (176937): drop_caches: 3
[935246.608846] tee (176944): drop_caches: 3
[935251.680645] tee (176948): drop_caches: 3
[935256.648301] tee (176952): drop_caches: 3
[935261.687052] tee (176958): drop_caches: 3
[935266.719452] tee (176974): drop_caches: 3
[935271.687136] tee (176980): drop_caches: 3
[935276.783827] tee (176985): drop_caches: 3
[935281.937620] tee (176991): drop_caches: 3
[935287.082897] tee (176995): drop_caches: 3
[935292.723633] tee (176999): drop_caches: 3
[935298.146089] tee (177015): drop_caches: 3
[935305.991886] tee (177022): drop_caches: 3
[935311.051080] mix-mixJ-greedy-175876 phase=B END
[935311.503925] NVMeVirt: Measurement: command=stop epoch=1 host_bytes=35732127744 learner_active=0
[935318.444885] EXT4-fs (nvme0n1): unmounting filesystem eb921194-e155-439b-8e9d-91e64023f70f.
[935318.800015] pci_bus 0001:10: busn_res: [bus 10-ff] is released
[935318.800078] NVMeVirt: GC stats: ns=0 policy=greedy host_pages=8723664 gc_pages=10366502 gc_count=298284 WAF=2.188 warmup_gc=100-per-part
[935318.871310] NVMeVirt: Virtual NVMe device closed
