[1567139.701083] mix-mixF-fixed37-1748658 BEGIN
[1567139.929966] NVMeVirt: Version 1.10 for >> Samsung 970 Pro SSD <<
[1567139.929975] NVMeVirt: Storage: 0x100100000-0x300000000 (8191 MiB)
[1567139.940576] NVMeVirt: Total Capacity(GiB,MiB)=2,2048 chs=2 luns=4 lines=8192 blk-size(MiB,KiB)=0,64 line-size(MiB,KiB)=0,256
[1567139.952003] NVMeVirt: [chmodel_init] bandwidth 800 max_credits 26 tx_time 152
[1567139.963257] NVMeVirt: [chmodel_init] bandwidth 800 max_credits 26 tx_time 152
[1567139.963274] NVMeVirt: [chmodel_init] bandwidth 3360 max_credits 110 tx_time 36
[1567139.963278] NVMeVirt: Fixed CAT init ns=0 part=0 arm=37 k=7 scale_pct=100 age_ratio=7
[1567139.964974] NVMeVirt: pqueue: Copyright (c) 2014, Volkan Yazıcı <volkan.yazici@gmail.com>. All rights reserved.
[1567139.965016] NVMeVirt: Init FTL instance with 2 channels (524288 pages)
[1567139.965018] NVMeVirt: GC victim policy: cat-fig7-fixed ns=0 part=0 initial_k=7 initial_scale_pct=100 initial_age_ratio=7 warmup_gc=100
[1567139.975796] NVMeVirt: [chmodel_init] bandwidth 800 max_credits 26 tx_time 152
[1567139.986431] NVMeVirt: [chmodel_init] bandwidth 800 max_credits 26 tx_time 152
[1567139.986444] NVMeVirt: [chmodel_init] bandwidth 3360 max_credits 110 tx_time 36
[1567139.986446] NVMeVirt: Fixed CAT init ns=0 part=1 arm=37 k=7 scale_pct=100 age_ratio=7
[1567139.987658] NVMeVirt: Init FTL instance with 2 channels (524288 pages)
[1567139.987662] NVMeVirt: GC victim policy: cat-fig7-fixed ns=0 part=1 initial_k=7 initial_scale_pct=100 initial_age_ratio=7 warmup_gc=100
[1567139.998786] NVMeVirt: [chmodel_init] bandwidth 800 max_credits 26 tx_time 152
[1567140.009819] NVMeVirt: [chmodel_init] bandwidth 800 max_credits 26 tx_time 152
[1567140.009833] NVMeVirt: [chmodel_init] bandwidth 3360 max_credits 110 tx_time 36
[1567140.009835] NVMeVirt: Fixed CAT init ns=0 part=2 arm=37 k=7 scale_pct=100 age_ratio=7
[1567140.011115] NVMeVirt: Init FTL instance with 2 channels (524288 pages)
[1567140.011117] NVMeVirt: GC victim policy: cat-fig7-fixed ns=0 part=2 initial_k=7 initial_scale_pct=100 initial_age_ratio=7 warmup_gc=100
[1567140.021931] NVMeVirt: [chmodel_init] bandwidth 800 max_credits 26 tx_time 152
[1567140.032919] NVMeVirt: [chmodel_init] bandwidth 800 max_credits 26 tx_time 152
[1567140.032933] NVMeVirt: [chmodel_init] bandwidth 3360 max_credits 110 tx_time 36
[1567140.032936] NVMeVirt: Fixed CAT init ns=0 part=3 arm=37 k=7 scale_pct=100 age_ratio=7
[1567140.034276] NVMeVirt: Init FTL instance with 2 channels (524288 pages)
[1567140.034280] NVMeVirt: GC victim policy: cat-fig7-fixed ns=0 part=3 initial_k=7 initial_scale_pct=100 initial_age_ratio=7 warmup_gc=100
[1567140.034287] NVMeVirt: FTL physical space: 8588886016, logical space: 8026996276 (physical/logical * 100 = 107)
[1567140.034289] NVMeVirt: ns 0/1: size 7655 MiB
[1567140.034346] PCI host bridge to bus 0001:10
[1567140.034349] pci_bus 0001:10: root bus resource [io  0x0000-0xffff]
[1567140.034352] pci_bus 0001:10: root bus resource [mem 0x00000000-0x7fffffffff]
[1567140.034355] pci_bus 0001:10: root bus resource [bus 00-ff]
[1567140.034365] pci 0001:10:00.0: [0c51:0110] type 00 class 0x010802 PCIe Endpoint
[1567140.034370] pci 0001:10:00.0: BAR 0 [mem 0x100000000-0x100003fff 64bit]
[1567140.034374] pci 0001:10:00.0: enabling Extended Tags
[1567140.034531] NVMeVirt: Virtual PCI bus created (node 0)
[1567140.034807] NVMeVirt: nvmev_io_worker_0 started on cpu 2 (node 0)
[1567140.034821] NVMeVirt: nvmev_dispatcher started on cpu 1 (node 0)
[1567140.034856] NVMeVirt: Virtual NVMe device created
[1567140.035068] nvme nvme0: pci function 0001:10:00.0
[1567140.037782] nvme nvme0: 8/0/0 default/read/poll queues
[1567140.592701] EXT4-fs (nvme0n1): mounted filesystem dc67ce20-7dd1-48ce-aebb-574b6ac81e51 r/w with ordered data mode. Quota mode: none.
[1567223.097375] NVMeVirt: Fixed CAT init ns=0 part=0 arm=37 k=7 scale_pct=100 age_ratio=7
[1567223.097382] NVMeVirt: Fixed CAT init ns=0 part=1 arm=37 k=7 scale_pct=100 age_ratio=7
[1567223.097385] NVMeVirt: Fixed CAT init ns=0 part=2 arm=37 k=7 scale_pct=100 age_ratio=7
[1567223.097388] NVMeVirt: Fixed CAT init ns=0 part=3 arm=37 k=7 scale_pct=100 age_ratio=7
[1567223.097390] NVMeVirt: Measurement: command=start epoch=1 host_bytes=0 learner_active=1
[1567223.106031] mix-mixF-fixed37-1748658 phase=A START
[1569023.449590] mix-mixF-fixed37-1748658 phase=A END
[1569023.510983] mix-mixF-fixed37-1748658 phase=B START
[1569927.057416] mix-mixF-fixed37-1748658 phase=B END
[1569927.060583] NVMeVirt: Measurement: command=stop epoch=1 host_bytes=655316107264 learner_active=0
[1569927.157366] EXT4-fs (nvme0n1): unmounting filesystem dc67ce20-7dd1-48ce-aebb-574b6ac81e51.
[1569927.268893] pci_bus 0001:10: busn_res: [bus 10-ff] is released
[1569927.269769] NVMeVirt: GC stats: ns=0 policy=cat-fig7-fixed host_pages=159989284 gc_pages=300550069 gc_count=7195927 WAF=2.878 warmup_gc=100-per-part
[1569927.356422] NVMeVirt: Virtual NVMe device closed
