[818857.961359] mix-mixF-fixed10-4098034 BEGIN
[818857.974289] NVMeVirt: Version 1.10 for >> Samsung 970 Pro SSD <<
[818857.974296] NVMeVirt: Storage: 0x100100000-0x300000000 (8191 MiB)
[818857.985536] NVMeVirt: Total Capacity(GiB,MiB)=2,2048 chs=2 luns=4 lines=8192 blk-size(MiB,KiB)=0,64 line-size(MiB,KiB)=0,256
[818857.997246] NVMeVirt: [chmodel_init] bandwidth 800 max_credits 26 tx_time 152
[818858.009430] NVMeVirt: [chmodel_init] bandwidth 800 max_credits 26 tx_time 152
[818858.009452] NVMeVirt: [chmodel_init] bandwidth 3360 max_credits 110 tx_time 36
[818858.009454] NVMeVirt: Fixed CAT init ns=0 part=0 arm=10 k=2 scale_pct=200 age_ratio=7
[818858.011002] NVMeVirt: pqueue: Copyright (c) 2014, Volkan Yazıcı <volkan.yazici@gmail.com>. All rights reserved.
[818858.011065] NVMeVirt: Init FTL instance with 2 channels (524288 pages)
[818858.011068] NVMeVirt: GC victim policy: cat-fig7-fixed ns=0 part=0 initial_k=2 initial_scale_pct=200 initial_age_ratio=7 warmup_gc=100
[818858.021895] NVMeVirt: [chmodel_init] bandwidth 800 max_credits 26 tx_time 152
[818858.032528] NVMeVirt: [chmodel_init] bandwidth 800 max_credits 26 tx_time 152
[818858.032542] NVMeVirt: [chmodel_init] bandwidth 3360 max_credits 110 tx_time 36
[818858.032545] NVMeVirt: Fixed CAT init ns=0 part=1 arm=10 k=2 scale_pct=200 age_ratio=7
[818858.033784] NVMeVirt: Init FTL instance with 2 channels (524288 pages)
[818858.033787] NVMeVirt: GC victim policy: cat-fig7-fixed ns=0 part=1 initial_k=2 initial_scale_pct=200 initial_age_ratio=7 warmup_gc=100
[818858.045532] NVMeVirt: [chmodel_init] bandwidth 800 max_credits 26 tx_time 152
[818858.056424] NVMeVirt: [chmodel_init] bandwidth 800 max_credits 26 tx_time 152
[818858.056440] NVMeVirt: [chmodel_init] bandwidth 3360 max_credits 110 tx_time 36
[818858.056442] NVMeVirt: Fixed CAT init ns=0 part=2 arm=10 k=2 scale_pct=200 age_ratio=7
[818858.057728] NVMeVirt: Init FTL instance with 2 channels (524288 pages)
[818858.057731] NVMeVirt: GC victim policy: cat-fig7-fixed ns=0 part=2 initial_k=2 initial_scale_pct=200 initial_age_ratio=7 warmup_gc=100
[818858.068166] NVMeVirt: [chmodel_init] bandwidth 800 max_credits 26 tx_time 152
[818858.080170] NVMeVirt: [chmodel_init] bandwidth 800 max_credits 26 tx_time 152
[818858.080186] NVMeVirt: [chmodel_init] bandwidth 3360 max_credits 110 tx_time 36
[818858.080188] NVMeVirt: Fixed CAT init ns=0 part=3 arm=10 k=2 scale_pct=200 age_ratio=7
[818858.081541] NVMeVirt: Init FTL instance with 2 channels (524288 pages)
[818858.081544] NVMeVirt: GC victim policy: cat-fig7-fixed ns=0 part=3 initial_k=2 initial_scale_pct=200 initial_age_ratio=7 warmup_gc=100
[818858.081551] NVMeVirt: FTL physical space: 8588886016, logical space: 8026996276 (physical/logical * 100 = 107)
[818858.081553] NVMeVirt: ns 0/1: size 7655 MiB
[818858.081611] PCI host bridge to bus 0001:10
[818858.081614] pci_bus 0001:10: root bus resource [io  0x0000-0xffff]
[818858.081617] pci_bus 0001:10: root bus resource [mem 0x00000000-0x7fffffffff]
[818858.081620] pci_bus 0001:10: root bus resource [bus 00-ff]
[818858.081629] pci 0001:10:00.0: [0c51:0110] type 00 class 0x010802 PCIe Endpoint
[818858.081634] pci 0001:10:00.0: BAR 0 [mem 0x100000000-0x100003fff 64bit]
[818858.081638] pci 0001:10:00.0: enabling Extended Tags
[818858.081790] NVMeVirt: Virtual PCI bus created (node 0)
[818858.082068] NVMeVirt: nvmev_io_worker_0 started on cpu 2 (node 0)
[818858.082115] NVMeVirt: Virtual NVMe device created
[818858.082207] NVMeVirt: nvmev_dispatcher started on cpu 1 (node 0)
[818858.082268] nvme nvme0: pci function 0001:10:00.0
[818858.085613] nvme nvme0: 8/0/0 default/read/poll queues
[818858.159649] EXT4-fs (nvme0n1): mounted filesystem 04d0fc8c-8383-4f27-a86c-4c6acfa3e250 r/w with ordered data mode. Quota mode: none.
[818940.180225] NVMeVirt: Fixed CAT init ns=0 part=0 arm=10 k=2 scale_pct=200 age_ratio=7
[818940.180231] NVMeVirt: Fixed CAT init ns=0 part=1 arm=10 k=2 scale_pct=200 age_ratio=7
[818940.180233] NVMeVirt: Fixed CAT init ns=0 part=2 arm=10 k=2 scale_pct=200 age_ratio=7
[818940.180234] NVMeVirt: Fixed CAT init ns=0 part=3 arm=10 k=2 scale_pct=200 age_ratio=7
[818940.180236] NVMeVirt: Measurement: command=start epoch=1 host_bytes=0 learner_active=1
[818940.188033] mix-mixF-fixed10-4098034 phase=A START
[819540.503196] mix-mixF-fixed10-4098034 phase=A END
[819540.514862] mix-mixF-fixed10-4098034 phase=B START
[819843.811231] mix-mixF-fixed10-4098034 phase=B END
[819843.814462] NVMeVirt: Measurement: command=stop epoch=1 host_bytes=187825786880 learner_active=0
[819843.868165] EXT4-fs (nvme0n1): unmounting filesystem 04d0fc8c-8383-4f27-a86c-4c6acfa3e250.
[819843.953272] pci_bus 0001:10: busn_res: [bus 10-ff] is released
[819843.953527] NVMeVirt: GC stats: ns=0 policy=cat-fig7-fixed host_pages=45855905 gc_pages=125697696 gc_count=2680525 WAF=3.741 warmup_gc=100-per-part
[819844.034161] NVMeVirt: Virtual NVMe device closed
