[652393.917458] mix-mixA-arm23-3896986 BEGIN
[652393.950518] NVMeVirt: Version 1.10 for >> Samsung 970 Pro SSD <<
[652393.950524] NVMeVirt: Storage: 0x100100000-0x300000000 (8191 MiB)
[652393.961532] NVMeVirt: Total Capacity(GiB,MiB)=2,2048 chs=2 luns=4 lines=8192 blk-size(MiB,KiB)=0,64 line-size(MiB,KiB)=0,256
[652393.972657] NVMeVirt: [chmodel_init] bandwidth 800 max_credits 26 tx_time 152
[652393.983352] NVMeVirt: [chmodel_init] bandwidth 800 max_credits 26 tx_time 152
[652393.983378] NVMeVirt: [chmodel_init] bandwidth 3360 max_credits 110 tx_time 36
[652393.983380] NVMeVirt: Fixed CAT init ns=0 part=0 arm=23 k=4 scale_pct=100 age_ratio=16
[652393.984574] NVMeVirt: pqueue: Copyright (c) 2014, Volkan Yazıcı <volkan.yazici@gmail.com>. All rights reserved.
[652393.984610] NVMeVirt: Init FTL instance with 2 channels (524288 pages)
[652393.984611] NVMeVirt: GC victim policy: cat-fig7-fixed ns=0 part=0 initial_k=4 initial_scale_pct=100 initial_age_ratio=16 warmup_gc=100
[652393.995259] NVMeVirt: [chmodel_init] bandwidth 800 max_credits 26 tx_time 152
[652394.006011] NVMeVirt: [chmodel_init] bandwidth 800 max_credits 26 tx_time 152
[652394.006026] NVMeVirt: [chmodel_init] bandwidth 3360 max_credits 110 tx_time 36
[652394.006028] NVMeVirt: Fixed CAT init ns=0 part=1 arm=23 k=4 scale_pct=100 age_ratio=16
[652394.007244] NVMeVirt: Init FTL instance with 2 channels (524288 pages)
[652394.007246] NVMeVirt: GC victim policy: cat-fig7-fixed ns=0 part=1 initial_k=4 initial_scale_pct=100 initial_age_ratio=16 warmup_gc=100
[652394.017837] NVMeVirt: [chmodel_init] bandwidth 800 max_credits 26 tx_time 152
[652394.028386] NVMeVirt: [chmodel_init] bandwidth 800 max_credits 26 tx_time 152
[652394.028400] NVMeVirt: [chmodel_init] bandwidth 3360 max_credits 110 tx_time 36
[652394.028402] NVMeVirt: Fixed CAT init ns=0 part=2 arm=23 k=4 scale_pct=100 age_ratio=16
[652394.029651] NVMeVirt: Init FTL instance with 2 channels (524288 pages)
[652394.029654] NVMeVirt: GC victim policy: cat-fig7-fixed ns=0 part=2 initial_k=4 initial_scale_pct=100 initial_age_ratio=16 warmup_gc=100
[652394.040137] NVMeVirt: [chmodel_init] bandwidth 800 max_credits 26 tx_time 152
[652394.050518] NVMeVirt: [chmodel_init] bandwidth 800 max_credits 26 tx_time 152
[652394.050532] NVMeVirt: [chmodel_init] bandwidth 3360 max_credits 110 tx_time 36
[652394.050534] NVMeVirt: Fixed CAT init ns=0 part=3 arm=23 k=4 scale_pct=100 age_ratio=16
[652394.051757] NVMeVirt: Init FTL instance with 2 channels (524288 pages)
[652394.051759] NVMeVirt: GC victim policy: cat-fig7-fixed ns=0 part=3 initial_k=4 initial_scale_pct=100 initial_age_ratio=16 warmup_gc=100
[652394.051765] NVMeVirt: FTL physical space: 8588886016, logical space: 8026996276 (physical/logical * 100 = 107)
[652394.051767] NVMeVirt: ns 0/1: size 7655 MiB
[652394.051819] PCI host bridge to bus 0001:10
[652394.051821] pci_bus 0001:10: root bus resource [io  0x0000-0xffff]
[652394.051824] pci_bus 0001:10: root bus resource [mem 0x00000000-0x7fffffffff]
[652394.051826] pci_bus 0001:10: root bus resource [bus 00-ff]
[652394.051834] pci 0001:10:00.0: [0c51:0110] type 00 class 0x010802 PCIe Endpoint
[652394.051837] pci 0001:10:00.0: BAR 0 [mem 0x100000000-0x100003fff 64bit]
[652394.051840] pci 0001:10:00.0: enabling Extended Tags
[652394.051959] NVMeVirt: Virtual PCI bus created (node 0)
[652394.052249] NVMeVirt: nvmev_io_worker_0 started on cpu 2 (node 0)
[652394.052282] NVMeVirt: nvmev_dispatcher started on cpu 1 (node 0)
[652394.052307] NVMeVirt: Virtual NVMe device created
[652394.052482] nvme nvme0: pci function 0001:10:00.0
[652394.055629] nvme nvme0: 8/0/0 default/read/poll queues
[652394.804381] EXT4-fs (nvme0n1): mounted filesystem 18be7258-0ee7-4cfc-a7ef-9ec8b2357997 r/w with ordered data mode. Quota mode: none.
[652477.033229] NVMeVirt: Fixed CAT init ns=0 part=0 arm=23 k=4 scale_pct=100 age_ratio=16
[652477.033235] NVMeVirt: Fixed CAT init ns=0 part=1 arm=23 k=4 scale_pct=100 age_ratio=16
[652477.033238] NVMeVirt: Fixed CAT init ns=0 part=2 arm=23 k=4 scale_pct=100 age_ratio=16
[652477.033240] NVMeVirt: Fixed CAT init ns=0 part=3 arm=23 k=4 scale_pct=100 age_ratio=16
[652477.033243] NVMeVirt: Measurement: command=start epoch=1 host_bytes=0 learner_active=1
[652477.041696] mix-mixA-arm23-3896986 phase=A START
[653077.359254] mix-mixA-arm23-3896986 phase=A END
[653077.367092] mix-mixA-arm23-3896986 phase=B START
[653077.378210] mix-mixA-arm23-3896986 phase=B LOAD
[653106.465058] mix-mixA-arm23-3896986 phase=B RUN
[653110.812661] tee (3897772): drop_caches: 3
[653115.522919] tee (3897777): drop_caches: 3
[653120.954717] tee (3897783): drop_caches: 3
[653126.115550] tee (3897787): drop_caches: 3
[653131.164613] tee (3897792): drop_caches: 3
[653136.152006] tee (3897796): drop_caches: 3
[653141.265401] tee (3897800): drop_caches: 3
[653146.470625] tee (3897808): drop_caches: 3
[653152.050229] tee (3897813): drop_caches: 3
[653157.349469] tee (3897817): drop_caches: 3
[653162.453874] tee (3897821): drop_caches: 3
[653167.565392] tee (3897825): drop_caches: 3
[653172.873063] tee (3897829): drop_caches: 3
[653178.118670] tee (3897835): drop_caches: 3
[653183.515728] tee (3897840): drop_caches: 3
[653188.625438] tee (3897844): drop_caches: 3
[653193.717461] tee (3897848): drop_caches: 3
[653198.757667] tee (3897852): drop_caches: 3
[653203.939601] tee (3897856): drop_caches: 3
[653209.342380] tee (3897861): drop_caches: 3
[653214.698696] tee (3897868): drop_caches: 3
[653219.762789] tee (3897872): drop_caches: 3
[653224.848897] tee (3897876): drop_caches: 3
[653229.962967] tee (3897880): drop_caches: 3
[653235.211654] tee (3897884): drop_caches: 3
[653240.561038] tee (3897891): drop_caches: 3
[653246.006792] tee (3897896): drop_caches: 3
[653251.172444] tee (3897900): drop_caches: 3
[653256.283841] tee (3897904): drop_caches: 3
[653261.397481] tee (3897908): drop_caches: 3
[653266.860643] tee (3897912): drop_caches: 3
[653272.036699] tee (3897917): drop_caches: 3
[653277.438120] tee (3897923): drop_caches: 3
[653282.613619] tee (3897928): drop_caches: 3
[653287.780236] tee (3897932): drop_caches: 3
[653293.073479] tee (3897936): drop_caches: 3
[653298.328323] tee (3897940): drop_caches: 3
[653303.617481] tee (3897950): drop_caches: 3
[653309.062582] tee (3897956): drop_caches: 3
[653314.141370] tee (3897960): drop_caches: 3
[653319.244098] tee (3897964): drop_caches: 3
[653324.462619] tee (3897968): drop_caches: 3
[653329.794276] tee (3897972): drop_caches: 3
[653335.097237] tee (3897977): drop_caches: 3
[653340.399474] tee (3897983): drop_caches: 3
[653345.548753] tee (3897987): drop_caches: 3
[653351.113182] tee (3897998): drop_caches: 3
[653356.351566] tee (3898004): drop_caches: 3
[653361.594863] tee (3898008): drop_caches: 3
[653366.510233] tee (3898014): drop_caches: 3
[653371.902539] tee (3898019): drop_caches: 3
[653376.688745] tee (3898026): drop_caches: 3
[653381.484634] tee (3898030): drop_caches: 3
[653386.598927] tee (3898034): drop_caches: 3
[653391.670290] tee (3898038): drop_caches: 3
[653396.897205] tee (3898042): drop_caches: 3
[653401.425752] tee (3898049): drop_caches: 3
[653406.573220] tee (3898053): drop_caches: 3
[653411.629912] tee (3898057): drop_caches: 3
[653416.670240] tee (3898061): drop_caches: 3
[653421.819253] tee (3898065): drop_caches: 3
[653426.989345] tee (3898069): drop_caches: 3
[653431.406894] tee (3898076): drop_caches: 3
[653436.648549] tee (3898080): drop_caches: 3
[653441.917661] tee (3898084): drop_caches: 3
[653447.538128] tee (3898091): drop_caches: 3
[653452.728141] tee (3898096): drop_caches: 3
[653457.845102] tee (3898100): drop_caches: 3
[653462.320847] tee (3898107): drop_caches: 3
[653467.556132] tee (3898111): drop_caches: 3
[653472.662480] tee (3898115): drop_caches: 3
[653477.819404] tee (3898120): drop_caches: 3
[653483.038168] tee (3898124): drop_caches: 3
[653488.237777] tee (3898128): drop_caches: 3
[653492.699396] tee (3898135): drop_caches: 3
[653497.861595] tee (3898150): drop_caches: 3
[653504.410510] tee (3898162): drop_caches: 3
[653510.561034] tee (3898166): drop_caches: 3
[653516.945703] tee (3898170): drop_caches: 3
[653523.154455] tee (3898176): drop_caches: 3
[653529.619295] tee (3898182): drop_caches: 3
[653535.893481] tee (3898186): drop_caches: 3
[653542.342058] tee (3898191): drop_caches: 3
[653548.848860] tee (3898195): drop_caches: 3
[653555.944169] tee (3898204): drop_caches: 3
[653560.077205] mix-mixA-arm23-3896986 phase=B END
[653560.530271] NVMeVirt: Measurement: command=stop epoch=1 host_bytes=131289796608 learner_active=0
[653561.363876] EXT4-fs (nvme0n1): unmounting filesystem 18be7258-0ee7-4cfc-a7ef-9ec8b2357997.
[653561.978848] pci_bus 0001:10: busn_res: [bus 10-ff] is released
[653561.978894] NVMeVirt: GC stats: ns=0 policy=cat-fig7-fixed host_pages=32053173 gc_pages=30958360 gc_count=984555 WAF=1.965 warmup_gc=100-per-part
[653562.049417] NVMeVirt: Virtual NVMe device closed
