[1779117.362367] mix-mixK-arm31-2468556 BEGIN
[1779117.499381] NVMeVirt: Version 1.10 for >> Samsung 970 Pro SSD <<
[1779117.499387] NVMeVirt: Storage: 0x100100000-0x300000000 (8191 MiB)
[1779117.509894] NVMeVirt: Total Capacity(GiB,MiB)=2,2048 chs=2 luns=4 lines=8192 blk-size(MiB,KiB)=0,64 line-size(MiB,KiB)=0,256
[1779117.521071] NVMeVirt: [chmodel_init] bandwidth 800 max_credits 26 tx_time 152
[1779117.532331] NVMeVirt: [chmodel_init] bandwidth 800 max_credits 26 tx_time 152
[1779117.532346] NVMeVirt: [chmodel_init] bandwidth 3360 max_credits 110 tx_time 36
[1779117.532348] NVMeVirt: Fixed CAT init ns=0 part=0 arm=31 k=7 scale_pct=25 age_ratio=7
[1779117.533554] NVMeVirt: pqueue: Copyright (c) 2014, Volkan Yazıcı <volkan.yazici@gmail.com>. All rights reserved.
[1779117.533590] NVMeVirt: Init FTL instance with 2 channels (524288 pages)
[1779117.533592] NVMeVirt: GC victim policy: cat-fig7-fixed ns=0 part=0 initial_k=7 initial_scale_pct=25 initial_age_ratio=7 warmup_gc=100
[1779117.544480] NVMeVirt: [chmodel_init] bandwidth 800 max_credits 26 tx_time 152
[1779117.555218] NVMeVirt: [chmodel_init] bandwidth 800 max_credits 26 tx_time 152
[1779117.555233] NVMeVirt: [chmodel_init] bandwidth 3360 max_credits 110 tx_time 36
[1779117.555235] NVMeVirt: Fixed CAT init ns=0 part=1 arm=31 k=7 scale_pct=25 age_ratio=7
[1779117.556479] NVMeVirt: Init FTL instance with 2 channels (524288 pages)
[1779117.556483] NVMeVirt: GC victim policy: cat-fig7-fixed ns=0 part=1 initial_k=7 initial_scale_pct=25 initial_age_ratio=7 warmup_gc=100
[1779117.567032] NVMeVirt: [chmodel_init] bandwidth 800 max_credits 26 tx_time 152
[1779117.577515] NVMeVirt: [chmodel_init] bandwidth 800 max_credits 26 tx_time 152
[1779117.577530] NVMeVirt: [chmodel_init] bandwidth 3360 max_credits 110 tx_time 36
[1779117.577532] NVMeVirt: Fixed CAT init ns=0 part=2 arm=31 k=7 scale_pct=25 age_ratio=7
[1779117.578777] NVMeVirt: Init FTL instance with 2 channels (524288 pages)
[1779117.578780] NVMeVirt: GC victim policy: cat-fig7-fixed ns=0 part=2 initial_k=7 initial_scale_pct=25 initial_age_ratio=7 warmup_gc=100
[1779117.589329] NVMeVirt: [chmodel_init] bandwidth 800 max_credits 26 tx_time 152
[1779117.599751] NVMeVirt: [chmodel_init] bandwidth 800 max_credits 26 tx_time 152
[1779117.599765] NVMeVirt: [chmodel_init] bandwidth 3360 max_credits 110 tx_time 36
[1779117.599768] NVMeVirt: Fixed CAT init ns=0 part=3 arm=31 k=7 scale_pct=25 age_ratio=7
[1779117.601012] NVMeVirt: Init FTL instance with 2 channels (524288 pages)
[1779117.601014] NVMeVirt: GC victim policy: cat-fig7-fixed ns=0 part=3 initial_k=7 initial_scale_pct=25 initial_age_ratio=7 warmup_gc=100
[1779117.601020] NVMeVirt: FTL physical space: 8588886016, logical space: 8026996276 (physical/logical * 100 = 107)
[1779117.601022] NVMeVirt: ns 0/1: size 7655 MiB
[1779117.601073] PCI host bridge to bus 0001:10
[1779117.601075] pci_bus 0001:10: root bus resource [io  0x0000-0xffff]
[1779117.601078] pci_bus 0001:10: root bus resource [mem 0x00000000-0x7fffffffff]
[1779117.601080] pci_bus 0001:10: root bus resource [bus 00-ff]
[1779117.601101] pci 0001:10:00.0: [0c51:0110] type 00 class 0x010802 PCIe Endpoint
[1779117.601106] pci 0001:10:00.0: BAR 0 [mem 0x100000000-0x100003fff 64bit]
[1779117.601108] pci 0001:10:00.0: enabling Extended Tags
[1779117.601232] NVMeVirt: Virtual PCI bus created (node 0)
[1779117.601595] NVMeVirt: nvmev_io_worker_0 started on cpu 2 (node 0)
[1779117.601659] NVMeVirt: nvmev_dispatcher started on cpu 1 (node 0)
[1779117.601686] NVMeVirt: Virtual NVMe device created
[1779117.601904] nvme nvme0: pci function 0001:10:00.0
[1779117.606611] nvme nvme0: 8/0/0 default/read/poll queues
[1779118.104119] EXT4-fs (nvme0n1): mounted filesystem 59a9e919-1121-42f3-8524-6d9427d4faa4 r/w with ordered data mode. Quota mode: none.
[1779200.532327] NVMeVirt: Fixed CAT init ns=0 part=0 arm=31 k=7 scale_pct=25 age_ratio=7
[1779200.532334] NVMeVirt: Fixed CAT init ns=0 part=1 arm=31 k=7 scale_pct=25 age_ratio=7
[1779200.532337] NVMeVirt: Fixed CAT init ns=0 part=2 arm=31 k=7 scale_pct=25 age_ratio=7
[1779200.532339] NVMeVirt: Fixed CAT init ns=0 part=3 arm=31 k=7 scale_pct=25 age_ratio=7
[1779200.532341] NVMeVirt: Measurement: command=start epoch=1 host_bytes=0 learner_active=1
[1779200.541481] mix-mixK-arm31-2468556 phase=A START
[1781000.879765] mix-mixK-arm31-2468556 phase=A END
[1781000.887999] mix-mixK-arm31-2468556 phase=B START
[1782801.265719] mix-mixK-arm31-2468556 phase=B END
[1782801.269260] NVMeVirt: Measurement: command=stop epoch=1 host_bytes=589848473600 learner_active=0
[1782801.360902] EXT4-fs (nvme0n1): unmounting filesystem 59a9e919-1121-42f3-8524-6d9427d4faa4.
[1782801.433376] pci_bus 0001:10: busn_res: [bus 10-ff] is released
[1782801.433475] NVMeVirt: GC stats: ns=0 policy=cat-fig7-fixed host_pages=144005975 gc_pages=113273291 gc_count=4019989 WAF=1.786 warmup_gc=100-per-part
[1782801.512359] NVMeVirt: Virtual NVMe device closed
