[982929.240242] mix-mixF-fixed10-319979 BEGIN
[982929.252422] NVMeVirt: Version 1.10 for >> Samsung 970 Pro SSD <<
[982929.252427] NVMeVirt: Storage: 0x100100000-0x300000000 (8191 MiB)
[982929.263691] NVMeVirt: Total Capacity(GiB,MiB)=2,2048 chs=2 luns=4 lines=8192 blk-size(MiB,KiB)=0,64 line-size(MiB,KiB)=0,256
[982929.275348] NVMeVirt: [chmodel_init] bandwidth 800 max_credits 26 tx_time 152
[982929.286166] NVMeVirt: [chmodel_init] bandwidth 800 max_credits 26 tx_time 152
[982929.286181] NVMeVirt: [chmodel_init] bandwidth 3360 max_credits 110 tx_time 36
[982929.286183] NVMeVirt: Fixed CAT init ns=0 part=0 arm=10 k=2 scale_pct=200 age_ratio=7
[982929.287407] NVMeVirt: pqueue: Copyright (c) 2014, Volkan Yazıcı <volkan.yazici@gmail.com>. All rights reserved.
[982929.287444] NVMeVirt: Init FTL instance with 2 channels (524288 pages)
[982929.287446] NVMeVirt: GC victim policy: cat-fig7-fixed ns=0 part=0 initial_k=2 initial_scale_pct=200 initial_age_ratio=7 warmup_gc=100
[982929.297761] NVMeVirt: [chmodel_init] bandwidth 800 max_credits 26 tx_time 152
[982929.307911] NVMeVirt: [chmodel_init] bandwidth 800 max_credits 26 tx_time 152
[982929.307926] NVMeVirt: [chmodel_init] bandwidth 3360 max_credits 110 tx_time 36
[982929.307928] NVMeVirt: Fixed CAT init ns=0 part=1 arm=10 k=2 scale_pct=200 age_ratio=7
[982929.309233] NVMeVirt: Init FTL instance with 2 channels (524288 pages)
[982929.309236] NVMeVirt: GC victim policy: cat-fig7-fixed ns=0 part=1 initial_k=2 initial_scale_pct=200 initial_age_ratio=7 warmup_gc=100
[982929.319334] NVMeVirt: [chmodel_init] bandwidth 800 max_credits 26 tx_time 152
[982929.329752] NVMeVirt: [chmodel_init] bandwidth 800 max_credits 26 tx_time 152
[982929.329766] NVMeVirt: [chmodel_init] bandwidth 3360 max_credits 110 tx_time 36
[982929.329768] NVMeVirt: Fixed CAT init ns=0 part=2 arm=10 k=2 scale_pct=200 age_ratio=7
[982929.330997] NVMeVirt: Init FTL instance with 2 channels (524288 pages)
[982929.330999] NVMeVirt: GC victim policy: cat-fig7-fixed ns=0 part=2 initial_k=2 initial_scale_pct=200 initial_age_ratio=7 warmup_gc=100
[982929.341115] NVMeVirt: [chmodel_init] bandwidth 800 max_credits 26 tx_time 152
[982929.351048] NVMeVirt: [chmodel_init] bandwidth 800 max_credits 26 tx_time 152
[982929.351062] NVMeVirt: [chmodel_init] bandwidth 3360 max_credits 110 tx_time 36
[982929.351064] NVMeVirt: Fixed CAT init ns=0 part=3 arm=10 k=2 scale_pct=200 age_ratio=7
[982929.352294] NVMeVirt: Init FTL instance with 2 channels (524288 pages)
[982929.352296] NVMeVirt: GC victim policy: cat-fig7-fixed ns=0 part=3 initial_k=2 initial_scale_pct=200 initial_age_ratio=7 warmup_gc=100
[982929.352303] NVMeVirt: FTL physical space: 8588886016, logical space: 8026996276 (physical/logical * 100 = 107)
[982929.352305] NVMeVirt: ns 0/1: size 7655 MiB
[982929.352353] PCI host bridge to bus 0001:10
[982929.352355] pci_bus 0001:10: root bus resource [io  0x0000-0xffff]
[982929.352358] pci_bus 0001:10: root bus resource [mem 0x00000000-0x7fffffffff]
[982929.352375] pci_bus 0001:10: root bus resource [bus 00-ff]
[982929.352383] pci 0001:10:00.0: [0c51:0110] type 00 class 0x010802 PCIe Endpoint
[982929.352387] pci 0001:10:00.0: BAR 0 [mem 0x100000000-0x100003fff 64bit]
[982929.352389] pci 0001:10:00.0: enabling Extended Tags
[982929.352513] NVMeVirt: Virtual PCI bus created (node 0)
[982929.352822] NVMeVirt: nvmev_io_worker_0 started on cpu 2 (node 0)
[982929.352906] NVMeVirt: nvmev_dispatcher started on cpu 1 (node 0)
[982929.352941] NVMeVirt: Virtual NVMe device created
[982929.353101] nvme nvme0: pci function 0001:10:00.0
[982929.356517] nvme nvme0: 8/0/0 default/read/poll queues
[982929.432170] EXT4-fs (nvme0n1): mounted filesystem 2cc78ff6-fba5-4da2-b122-1303712810a4 r/w with ordered data mode. Quota mode: none.
[983011.439195] NVMeVirt: Fixed CAT init ns=0 part=0 arm=10 k=2 scale_pct=200 age_ratio=7
[983011.439201] NVMeVirt: Fixed CAT init ns=0 part=1 arm=10 k=2 scale_pct=200 age_ratio=7
[983011.439203] NVMeVirt: Fixed CAT init ns=0 part=2 arm=10 k=2 scale_pct=200 age_ratio=7
[983011.439204] NVMeVirt: Fixed CAT init ns=0 part=3 arm=10 k=2 scale_pct=200 age_ratio=7
[983011.439206] NVMeVirt: Measurement: command=start epoch=1 host_bytes=0 learner_active=1
[983011.447206] mix-mixF-fixed10-319979 phase=A START
[983611.772017] mix-mixF-fixed10-319979 phase=A END
[983611.783334] mix-mixF-fixed10-319979 phase=B START
[983915.145477] mix-mixF-fixed10-319979 phase=B END
[983915.148797] NVMeVirt: Measurement: command=stop epoch=1 host_bytes=188078112768 learner_active=0
[983915.202775] EXT4-fs (nvme0n1): unmounting filesystem 2cc78ff6-fba5-4da2-b122-1303712810a4.
[983915.289879] pci_bus 0001:10: busn_res: [bus 10-ff] is released
[983915.289944] NVMeVirt: GC stats: ns=0 policy=cat-fig7-fixed host_pages=45917508 gc_pages=124633857 gc_count=2664864 WAF=3.714 warmup_gc=100-per-part
[983915.373675] NVMeVirt: Virtual NVMe device closed
