[992920.333655] NVMeVirt: Version 1.10 for >> Samsung 970 Pro SSD <<
[992920.333661] NVMeVirt: Storage: 0x100100000-0x300000000 (8191 MiB)
[992920.344234] NVMeVirt: Total Capacity(GiB,MiB)=2,2048 chs=2 luns=4 lines=8192 blk-size(MiB,KiB)=0,64 line-size(MiB,KiB)=0,256
[992920.355725] NVMeVirt: [chmodel_init] bandwidth 800 max_credits 26 tx_time 152
[992920.366403] NVMeVirt: [chmodel_init] bandwidth 800 max_credits 26 tx_time 152
[992920.366418] NVMeVirt: [chmodel_init] bandwidth 3360 max_credits 110 tx_time 36
[992920.366430] NVMeVirt: Fixed CAT init ns=0 part=0 arm=50 k=10 scale_pct=50 age_ratio=16
[992920.367484] NVMeVirt: pqueue: Copyright (c) 2014, Volkan Yazıcı <volkan.yazici@gmail.com>. All rights reserved.
[992920.367525] NVMeVirt: Init FTL instance with 2 channels (524288 pages)
[992920.367527] NVMeVirt: GC victim policy: cat-fig7-fixed ns=0 part=0 initial_k=10 initial_scale_pct=50 initial_age_ratio=16 warmup_gc=100
[992920.377806] NVMeVirt: [chmodel_init] bandwidth 800 max_credits 26 tx_time 152
[992920.388389] NVMeVirt: [chmodel_init] bandwidth 800 max_credits 26 tx_time 152
[992920.388409] NVMeVirt: [chmodel_init] bandwidth 3360 max_credits 110 tx_time 36
[992920.388411] NVMeVirt: Fixed CAT init ns=0 part=1 arm=50 k=10 scale_pct=50 age_ratio=16
[992920.389670] NVMeVirt: Init FTL instance with 2 channels (524288 pages)
[992920.389676] NVMeVirt: GC victim policy: cat-fig7-fixed ns=0 part=1 initial_k=10 initial_scale_pct=50 initial_age_ratio=16 warmup_gc=100
[992920.400673] NVMeVirt: [chmodel_init] bandwidth 800 max_credits 26 tx_time 152
[992920.411024] NVMeVirt: [chmodel_init] bandwidth 800 max_credits 26 tx_time 152
[992920.411038] NVMeVirt: [chmodel_init] bandwidth 3360 max_credits 110 tx_time 36
[992920.411040] NVMeVirt: Fixed CAT init ns=0 part=2 arm=50 k=10 scale_pct=50 age_ratio=16
[992920.412015] NVMeVirt: Init FTL instance with 2 channels (524288 pages)
[992920.412018] NVMeVirt: GC victim policy: cat-fig7-fixed ns=0 part=2 initial_k=10 initial_scale_pct=50 initial_age_ratio=16 warmup_gc=100
[992920.422206] NVMeVirt: [chmodel_init] bandwidth 800 max_credits 26 tx_time 152
[992920.432210] NVMeVirt: [chmodel_init] bandwidth 800 max_credits 26 tx_time 152
[992920.432224] NVMeVirt: [chmodel_init] bandwidth 3360 max_credits 110 tx_time 36
[992920.432227] NVMeVirt: Fixed CAT init ns=0 part=3 arm=50 k=10 scale_pct=50 age_ratio=16
[992920.433139] NVMeVirt: Init FTL instance with 2 channels (524288 pages)
[992920.433141] NVMeVirt: GC victim policy: cat-fig7-fixed ns=0 part=3 initial_k=10 initial_scale_pct=50 initial_age_ratio=16 warmup_gc=100
[992920.433148] NVMeVirt: FTL physical space: 8588886016, logical space: 8026996276 (physical/logical * 100 = 107)
[992920.433150] NVMeVirt: ns 0/1: size 7655 MiB
[992920.433200] PCI host bridge to bus 0001:10
[992920.433202] pci_bus 0001:10: root bus resource [io  0x0000-0xffff]
[992920.433206] pci_bus 0001:10: root bus resource [mem 0x00000000-0x7fffffffff]
[992920.433208] pci_bus 0001:10: root bus resource [bus 00-ff]
[992920.433230] pci 0001:10:00.0: [0c51:0110] type 00 class 0x010802 PCIe Endpoint
[992920.433234] pci 0001:10:00.0: BAR 0 [mem 0x100000000-0x100003fff 64bit]
[992920.433236] pci 0001:10:00.0: enabling Extended Tags
[992920.433377] NVMeVirt: Virtual PCI bus created (node 0)
[992920.433694] NVMeVirt: nvmev_io_worker_0 started on cpu 2 (node 0)
[992920.433734] NVMeVirt: nvmev_dispatcher started on cpu 1 (node 0)
[992920.433763] NVMeVirt: Virtual NVMe device created
[992920.433960] nvme nvme0: pci function 0001:10:00.0
[992920.438315] nvme nvme0: 8/0/0 default/read/poll queues
[992921.391104] EXT4-fs (nvme0n1): mounted filesystem 8478d593-b0a0-4269-8ef8-0cd0597ffdf7 r/w with ordered data mode. Quota mode: none.
[992923.152300] iCAT_FILEBENCH_MEASURE_START run=20260923-073402-331707
[992923.917009] tee (331904): drop_caches: 3
[992931.416331] tee (331911): drop_caches: 3
[992937.510167] tee (331922): drop_caches: 3
[992943.581842] tee (331928): drop_caches: 3
[992949.844796] tee (331932): drop_caches: 3
[992956.091961] tee (331936): drop_caches: 3
[992963.220343] tee (331953): drop_caches: 3
[992968.882935] tee (331978): drop_caches: 3
[992971.073614] iCAT_FILEBENCH_MEASURE_END run=20260923-073402-331707
[992973.827311] EXT4-fs (nvme0n1): unmounting filesystem 8478d593-b0a0-4269-8ef8-0cd0597ffdf7.
[992974.319204] pci_bus 0001:10: busn_res: [bus 10-ff] is released
[992974.319250] NVMeVirt: GC stats: ns=0 policy=cat-fig7-fixed host_pages=0 gc_pages=0 gc_count=0 WAF=N/A warmup_gc=100-per-part
[992974.394347] NVMeVirt: Virtual NVMe device closed
