[336504.656849] measured-cat-18-401775
[336504.670310] NVMeVirt: Version 1.10 for >> Samsung 970 Pro SSD <<
[336504.670317] NVMeVirt: Storage: 0x100100000-0x300000000 (8191 MiB)
[336504.681345] NVMeVirt: Total Capacity(GiB,MiB)=2,2048 chs=2 luns=4 lines=8192 blk-size(MiB,KiB)=0,64 line-size(MiB,KiB)=0,256
[336504.691626] NVMeVirt: [chmodel_init] bandwidth 800 max_credits 26 tx_time 152
[336504.702116] NVMeVirt: [chmodel_init] bandwidth 800 max_credits 26 tx_time 152
[336504.702132] NVMeVirt: [chmodel_init] bandwidth 3360 max_credits 110 tx_time 36
[336504.703171] NVMeVirt: pqueue: Copyright (c) 2014, Volkan Yazıcı <volkan.yazici@gmail.com>. All rights reserved.
[336504.703214] NVMeVirt: Init FTL instance with 2 channels (524288 pages)
[336504.703216] NVMeVirt: GC victim policy: cat-fig7 scale_pct=400 age_ratio=16
[336504.713426] NVMeVirt: [chmodel_init] bandwidth 800 max_credits 26 tx_time 152
[336504.723551] NVMeVirt: [chmodel_init] bandwidth 800 max_credits 26 tx_time 152
[336504.723565] NVMeVirt: [chmodel_init] bandwidth 3360 max_credits 110 tx_time 36
[336504.724479] NVMeVirt: Init FTL instance with 2 channels (524288 pages)
[336504.724482] NVMeVirt: GC victim policy: cat-fig7 scale_pct=400 age_ratio=16
[336504.734999] NVMeVirt: [chmodel_init] bandwidth 800 max_credits 26 tx_time 152
[336504.745905] NVMeVirt: [chmodel_init] bandwidth 800 max_credits 26 tx_time 152
[336504.745920] NVMeVirt: [chmodel_init] bandwidth 3360 max_credits 110 tx_time 36
[336504.746882] NVMeVirt: Init FTL instance with 2 channels (524288 pages)
[336504.746885] NVMeVirt: GC victim policy: cat-fig7 scale_pct=400 age_ratio=16
[336504.756815] NVMeVirt: [chmodel_init] bandwidth 800 max_credits 26 tx_time 152
[336504.767142] NVMeVirt: [chmodel_init] bandwidth 800 max_credits 26 tx_time 152
[336504.767158] NVMeVirt: [chmodel_init] bandwidth 3360 max_credits 110 tx_time 36
[336504.768261] NVMeVirt: Init FTL instance with 2 channels (524288 pages)
[336504.768265] NVMeVirt: GC victim policy: cat-fig7 scale_pct=400 age_ratio=16
[336504.768271] NVMeVirt: FTL physical space: 8588886016, logical space: 8026996276 (physical/logical * 100 = 107)
[336504.768273] NVMeVirt: ns 0/1: size 7655 MiB
[336504.768333] PCI host bridge to bus 0001:10
[336504.768336] pci_bus 0001:10: root bus resource [io  0x0000-0xffff]
[336504.768339] pci_bus 0001:10: root bus resource [mem 0x00000000-0x7fffffffff]
[336504.768342] pci_bus 0001:10: root bus resource [bus 00-ff]
[336504.768352] pci 0001:10:00.0: [0c51:0110] type 00 class 0x010802 PCIe Endpoint
[336504.768357] pci 0001:10:00.0: BAR 0 [mem 0x100000000-0x100003fff 64bit]
[336504.768360] pci 0001:10:00.0: enabling Extended Tags
[336504.768548] NVMeVirt: Virtual PCI bus created (node 0)
[336504.768959] NVMeVirt: Virtual NVMe device created
[336504.769051] NVMeVirt: nvmev_dispatcher started on cpu 1 (node 0)
[336504.769169] nvme nvme0: pci function 0001:10:00.0
[336504.770418] NVMeVirt: nvmev_io_worker_0 started on cpu 2 (node 0)
[336504.771123] nvme nvme0: 8/0/0 default/read/poll queues
[336504.855744] EXT4-fs (nvme0n1): mounted filesystem 282497b7-5e29-407d-8527-3c7945b5c4c8 r/w with ordered data mode. Quota mode: none.
[336586.879688] NVMeVirt: Measurement: command=start epoch=1 host_bytes=0 host_pages=0 gc_pages=0
[336612.741956] NVMeVirt: GC window: seq=0 host_pages=262144 gc_pages=215691 WAF=1.822 cum_host=262144 cum_gc=215691
[336638.391715] NVMeVirt: GC window: seq=1 host_pages=262144 gc_pages=247431 WAF=1.943 cum_host=524288 cum_gc=463122
[336664.552662] NVMeVirt: GC window: seq=2 host_pages=262144 gc_pages=220272 WAF=1.840 cum_host=786432 cum_gc=683394
[336690.765104] NVMeVirt: GC window: seq=3 host_pages=262144 gc_pages=245651 WAF=1.937 cum_host=1048576 cum_gc=929045
[336716.977414] NVMeVirt: GC window: seq=4 host_pages=262144 gc_pages=267850 WAF=2.021 cum_host=1310720 cum_gc=1196895
[336743.189867] NVMeVirt: GC window: seq=5 host_pages=262144 gc_pages=212328 WAF=1.809 cum_host=1572864 cum_gc=1409223
[336769.402275] NVMeVirt: GC window: seq=6 host_pages=262144 gc_pages=201223 WAF=1.767 cum_host=1835008 cum_gc=1610446
[336795.614591] NVMeVirt: GC window: seq=7 host_pages=262144 gc_pages=260048 WAF=1.992 cum_host=2097152 cum_gc=1870494
[336821.826992] NVMeVirt: GC window: seq=8 host_pages=262144 gc_pages=241130 WAF=1.919 cum_host=2359296 cum_gc=2111624
[336848.039297] NVMeVirt: GC window: seq=9 host_pages=262144 gc_pages=246630 WAF=1.940 cum_host=2621440 cum_gc=2358254
[336874.251399] NVMeVirt: GC window: seq=10 host_pages=262144 gc_pages=198332 WAF=1.756 cum_host=2883584 cum_gc=2556586
[336900.463837] NVMeVirt: GC window: seq=11 host_pages=262144 gc_pages=234950 WAF=1.896 cum_host=3145728 cum_gc=2791536
[336926.676267] NVMeVirt: GC window: seq=12 host_pages=262144 gc_pages=277311 WAF=2.057 cum_host=3407872 cum_gc=3068847
[336952.888552] NVMeVirt: GC window: seq=13 host_pages=262144 gc_pages=248405 WAF=1.947 cum_host=3670016 cum_gc=3317252
[336979.100952] NVMeVirt: GC window: seq=14 host_pages=262144 gc_pages=269804 WAF=2.029 cum_host=3932160 cum_gc=3587056
[337005.313285] NVMeVirt: GC window: seq=15 host_pages=262144 gc_pages=211395 WAF=1.806 cum_host=4194304 cum_gc=3798451
[337031.525708] NVMeVirt: GC window: seq=16 host_pages=262144 gc_pages=230157 WAF=1.877 cum_host=4456448 cum_gc=4028608
[337057.738155] NVMeVirt: GC window: seq=17 host_pages=262144 gc_pages=273829 WAF=2.044 cum_host=4718592 cum_gc=4302437
[337083.950427] NVMeVirt: GC window: seq=18 host_pages=262144 gc_pages=252360 WAF=1.962 cum_host=4980736 cum_gc=4554797
[337110.162834] NVMeVirt: GC window: seq=19 host_pages=262144 gc_pages=258026 WAF=1.984 cum_host=5242880 cum_gc=4812823
[337136.375171] NVMeVirt: GC window: seq=20 host_pages=262144 gc_pages=204084 WAF=1.778 cum_host=5505024 cum_gc=5016907
[337162.587643] NVMeVirt: GC window: seq=21 host_pages=262144 gc_pages=227735 WAF=1.868 cum_host=5767168 cum_gc=5244642
[337187.191124] NVMeVirt: Measurement: command=stop epoch=1 host_bytes=24627998720 host_pages=6012695 gc_pages=5507264
[337187.233314] EXT4-fs (nvme0n1): unmounting filesystem 282497b7-5e29-407d-8527-3c7945b5c4c8.
[337187.311275] pci_bus 0001:10: busn_res: [bus 10-ff] is released
[337187.311358] NVMeVirt: GC stats: policy=cat-fig7 age_mode=create host_pages=6012695 gc_pages=5507264 gc_count=179999 WAF=1.915 scale_pct=400 age_ratio=16
[337187.311363] NVMeVirt: GC victim hist: level=0 count=5
[337187.311364] NVMeVirt: GC victim hist: level=1 count=303
[337187.311365] NVMeVirt: GC victim hist: level=2 count=70354
[337187.311366] NVMeVirt: GC victim hist: level=3 count=34025
[337187.311368] NVMeVirt: GC victim hist: level=4 count=40054
[337187.311369] NVMeVirt: GC victim hist: level=5 count=32829
[337187.311370] NVMeVirt: GC victim hist: level=6 count=2429
[337187.311371] NVMeVirt: GC victim mean: victims=179999 vpc=30.59 age_ms=102198
[337187.392584] NVMeVirt: Virtual NVMe device closed
