[1377687.488201] NVMeVirt: Version 1.10 for >> Samsung 970 Pro SSD <<
[1377687.488209] NVMeVirt: Storage: 0x100100000-0x300000000 (8191 MiB)
[1377687.499403] NVMeVirt: Total Capacity(GiB,MiB)=2,2048 chs=2 luns=4 lines=8192 blk-size(MiB,KiB)=0,64 line-size(MiB,KiB)=0,256
[1377687.511999] NVMeVirt: [chmodel_init] bandwidth 800 max_credits 26 tx_time 152
[1377687.523039] NVMeVirt: [chmodel_init] bandwidth 800 max_credits 26 tx_time 152
[1377687.523053] NVMeVirt: [chmodel_init] bandwidth 3360 max_credits 110 tx_time 36
[1377687.523056] NVMeVirt: Fixed CAT init ns=0 part=0 arm=37 k=7 scale_pct=100 age_ratio=7
[1377687.524406] NVMeVirt: pqueue: Copyright (c) 2014, Volkan Yazıcı <volkan.yazici@gmail.com>. All rights reserved.
[1377687.524444] NVMeVirt: Init FTL instance with 2 channels (524288 pages)
[1377687.524446] NVMeVirt: GC victim policy: cat-fig7-fixed ns=0 part=0 initial_k=7 initial_scale_pct=100 initial_age_ratio=7 warmup_gc=100
[1377687.535817] NVMeVirt: [chmodel_init] bandwidth 800 max_credits 26 tx_time 152
[1377687.547360] NVMeVirt: [chmodel_init] bandwidth 800 max_credits 26 tx_time 152
[1377687.547375] NVMeVirt: [chmodel_init] bandwidth 3360 max_credits 110 tx_time 36
[1377687.547377] NVMeVirt: Fixed CAT init ns=0 part=1 arm=37 k=7 scale_pct=100 age_ratio=7
[1377687.548640] NVMeVirt: Init FTL instance with 2 channels (524288 pages)
[1377687.548643] NVMeVirt: GC victim policy: cat-fig7-fixed ns=0 part=1 initial_k=7 initial_scale_pct=100 initial_age_ratio=7 warmup_gc=100
[1377687.559682] NVMeVirt: [chmodel_init] bandwidth 800 max_credits 26 tx_time 152
[1377687.570639] NVMeVirt: [chmodel_init] bandwidth 800 max_credits 26 tx_time 152
[1377687.570662] NVMeVirt: [chmodel_init] bandwidth 3360 max_credits 110 tx_time 36
[1377687.570664] NVMeVirt: Fixed CAT init ns=0 part=2 arm=37 k=7 scale_pct=100 age_ratio=7
[1377687.572484] NVMeVirt: Init FTL instance with 2 channels (524288 pages)
[1377687.572494] NVMeVirt: GC victim policy: cat-fig7-fixed ns=0 part=2 initial_k=7 initial_scale_pct=100 initial_age_ratio=7 warmup_gc=100
[1377687.583637] NVMeVirt: [chmodel_init] bandwidth 800 max_credits 26 tx_time 152
[1377687.594491] NVMeVirt: [chmodel_init] bandwidth 800 max_credits 26 tx_time 152
[1377687.594506] NVMeVirt: [chmodel_init] bandwidth 3360 max_credits 110 tx_time 36
[1377687.594508] NVMeVirt: Fixed CAT init ns=0 part=3 arm=37 k=7 scale_pct=100 age_ratio=7
[1377687.595863] NVMeVirt: Init FTL instance with 2 channels (524288 pages)
[1377687.595866] NVMeVirt: GC victim policy: cat-fig7-fixed ns=0 part=3 initial_k=7 initial_scale_pct=100 initial_age_ratio=7 warmup_gc=100
[1377687.595872] NVMeVirt: FTL physical space: 8588886016, logical space: 8026996276 (physical/logical * 100 = 107)
[1377687.595874] NVMeVirt: ns 0/1: size 7655 MiB
[1377687.595921] PCI host bridge to bus 0001:10
[1377687.595924] pci_bus 0001:10: root bus resource [io  0x0000-0xffff]
[1377687.595926] pci_bus 0001:10: root bus resource [mem 0x00000000-0x7fffffffff]
[1377687.595929] pci_bus 0001:10: root bus resource [bus 00-ff]
[1377687.595936] pci 0001:10:00.0: [0c51:0110] type 00 class 0x010802 PCIe Endpoint
[1377687.595940] pci 0001:10:00.0: BAR 0 [mem 0x100000000-0x100003fff 64bit]
[1377687.595943] pci 0001:10:00.0: enabling Extended Tags
[1377687.596065] NVMeVirt: Virtual PCI bus created (node 0)
[1377687.596610] NVMeVirt: nvmev_dispatcher started on cpu 1 (node 0)
[1377687.596640] NVMeVirt: Virtual NVMe device created
[1377687.597566] nvme nvme0: pci function 0001:10:00.0
[1377687.597827] NVMeVirt: nvmev_io_worker_0 started on cpu 2 (node 0)
[1377687.599528] nvme nvme0: 8/0/0 default/read/poll queues
[1377687.686876] EXT4-fs (nvme0n1): mounted filesystem 69233076-f518-4741-852a-a493fdd87b25 r/w with ordered data mode. Quota mode: none.
[1378891.205304] EXT4-fs (nvme0n1): unmounting filesystem 69233076-f518-4741-852a-a493fdd87b25.
[1378891.263702] pci_bus 0001:10: busn_res: [bus 10-ff] is released
[1378891.263833] NVMeVirt: GC stats: ns=0 policy=cat-fig7-fixed host_pages=2501032 gc_pages=1452667 gc_count=61767 WAF=1.580 warmup_gc=100-per-part
[1378891.344081] NVMeVirt: Virtual NVMe device closed
