[304181.078335] NVMeVirt: Version 1.10 for >> Samsung 970 Pro SSD <<
[304181.078341] NVMeVirt: Storage: 0x100100000-0x300000000 (8191 MiB)
[304181.089661] NVMeVirt: Total Capacity(GiB,MiB)=2,2048 chs=2 luns=4 lines=8192 blk-size(MiB,KiB)=0,64 line-size(MiB,KiB)=0,256
[304181.100458] NVMeVirt: [chmodel_init] bandwidth 800 max_credits 26 tx_time 152
[304181.110962] NVMeVirt: [chmodel_init] bandwidth 800 max_credits 26 tx_time 152
[304181.110979] NVMeVirt: [chmodel_init] bandwidth 3360 max_credits 110 tx_time 36
[304181.112060] NVMeVirt: pqueue: Copyright (c) 2014, Volkan Yazıcı <volkan.yazici@gmail.com>. All rights reserved.
[304181.112099] NVMeVirt: Init FTL instance with 2 channels (524288 pages)
[304181.112101] NVMeVirt: GC victim policy: greedy ns=0 part=0 initial_k=7 initial_scale_pct=100 initial_age_ratio=7 warmup_gc=100
[304181.122518] NVMeVirt: [chmodel_init] bandwidth 800 max_credits 26 tx_time 152
[304181.132823] NVMeVirt: [chmodel_init] bandwidth 800 max_credits 26 tx_time 152
[304181.132838] NVMeVirt: [chmodel_init] bandwidth 3360 max_credits 110 tx_time 36
[304181.133855] NVMeVirt: Init FTL instance with 2 channels (524288 pages)
[304181.133859] NVMeVirt: GC victim policy: greedy ns=0 part=1 initial_k=7 initial_scale_pct=100 initial_age_ratio=7 warmup_gc=100
[304181.144316] NVMeVirt: [chmodel_init] bandwidth 800 max_credits 26 tx_time 152
[304181.154846] NVMeVirt: [chmodel_init] bandwidth 800 max_credits 26 tx_time 152
[304181.154861] NVMeVirt: [chmodel_init] bandwidth 3360 max_credits 110 tx_time 36
[304181.155875] NVMeVirt: Init FTL instance with 2 channels (524288 pages)
[304181.155878] NVMeVirt: GC victim policy: greedy ns=0 part=2 initial_k=7 initial_scale_pct=100 initial_age_ratio=7 warmup_gc=100
[304181.166279] NVMeVirt: [chmodel_init] bandwidth 800 max_credits 26 tx_time 152
[304181.176713] NVMeVirt: [chmodel_init] bandwidth 800 max_credits 26 tx_time 152
[304181.176727] NVMeVirt: [chmodel_init] bandwidth 3360 max_credits 110 tx_time 36
[304181.177844] NVMeVirt: Init FTL instance with 2 channels (524288 pages)
[304181.177847] NVMeVirt: GC victim policy: greedy ns=0 part=3 initial_k=7 initial_scale_pct=100 initial_age_ratio=7 warmup_gc=100
[304181.177853] NVMeVirt: FTL physical space: 8588886016, logical space: 8026996276 (physical/logical * 100 = 107)
[304181.177855] NVMeVirt: ns 0/1: size 7655 MiB
[304181.177906] PCI host bridge to bus 0001:10
[304181.177909] pci_bus 0001:10: root bus resource [io  0x0000-0xffff]
[304181.177912] pci_bus 0001:10: root bus resource [mem 0x00000000-0x7fffffffff]
[304181.177914] pci_bus 0001:10: root bus resource [bus 00-ff]
[304181.177922] pci 0001:10:00.0: [0c51:0110] type 00 class 0x010802 PCIe Endpoint
[304181.177926] pci 0001:10:00.0: BAR 0 [mem 0x100000000-0x100003fff 64bit]
[304181.177928] pci 0001:10:00.0: enabling Extended Tags
[304181.178049] NVMeVirt: Virtual PCI bus created (node 0)
[304181.178386] NVMeVirt: Virtual NVMe device created
[304181.179005] NVMeVirt: nvmev_dispatcher started on cpu 1 (node 0)
[304181.179167] NVMeVirt: nvmev_io_worker_0 started on cpu 2 (node 0)
[304181.180268] nvme nvme0: pci function 0001:10:00.0
[304181.182746] nvme nvme0: 8/0/0 default/read/poll queues
[304181.257119] EXT4-fs (nvme0n1): mounted filesystem b6756ab3-360d-4521-842c-115a78896b40 r/w with ordered data mode. Quota mode: none.
[304784.876273] EXT4-fs (nvme0n1): unmounting filesystem b6756ab3-360d-4521-842c-115a78896b40.
[304784.940232] pci_bus 0001:10: busn_res: [bus 10-ff] is released
[304784.940353] NVMeVirt: GC stats: ns=0 policy=greedy host_pages=5500696 gc_pages=5684639 gc_count=174761 WAF=2.033 warmup_gc=100-per-part
[304785.013435] NVMeVirt: Virtual NVMe device closed
