[1371667.758401] NVMeVirt: Version 1.10 for >> Samsung 970 Pro SSD <<
[1371667.758407] NVMeVirt: Storage: 0x100100000-0x300000000 (8191 MiB)
[1371667.769377] NVMeVirt: Total Capacity(GiB,MiB)=2,2048 chs=2 luns=4 lines=8192 blk-size(MiB,KiB)=0,64 line-size(MiB,KiB)=0,256
[1371667.781853] NVMeVirt: [chmodel_init] bandwidth 800 max_credits 26 tx_time 152
[1371667.793233] NVMeVirt: [chmodel_init] bandwidth 800 max_credits 26 tx_time 152
[1371667.793247] NVMeVirt: [chmodel_init] bandwidth 3360 max_credits 110 tx_time 36
[1371667.793250] NVMeVirt: Fixed CAT init ns=0 part=0 arm=23 k=4 scale_pct=100 age_ratio=16
[1371667.794520] NVMeVirt: pqueue: Copyright (c) 2014, Volkan Yazıcı <volkan.yazici@gmail.com>. All rights reserved.
[1371667.794555] NVMeVirt: Init FTL instance with 2 channels (524288 pages)
[1371667.794557] NVMeVirt: GC victim policy: cat-fig7-fixed ns=0 part=0 initial_k=4 initial_scale_pct=100 initial_age_ratio=16 warmup_gc=100
[1371667.805835] NVMeVirt: [chmodel_init] bandwidth 800 max_credits 26 tx_time 152
[1371667.816750] NVMeVirt: [chmodel_init] bandwidth 800 max_credits 26 tx_time 152
[1371667.816766] NVMeVirt: [chmodel_init] bandwidth 3360 max_credits 110 tx_time 36
[1371667.816768] NVMeVirt: Fixed CAT init ns=0 part=1 arm=23 k=4 scale_pct=100 age_ratio=16
[1371667.818149] NVMeVirt: Init FTL instance with 2 channels (524288 pages)
[1371667.818153] NVMeVirt: GC victim policy: cat-fig7-fixed ns=0 part=1 initial_k=4 initial_scale_pct=100 initial_age_ratio=16 warmup_gc=100
[1371667.829027] NVMeVirt: [chmodel_init] bandwidth 800 max_credits 26 tx_time 152
[1371667.840211] NVMeVirt: [chmodel_init] bandwidth 800 max_credits 26 tx_time 152
[1371667.840228] NVMeVirt: [chmodel_init] bandwidth 3360 max_credits 110 tx_time 36
[1371667.840231] NVMeVirt: Fixed CAT init ns=0 part=2 arm=23 k=4 scale_pct=100 age_ratio=16
[1371667.841703] NVMeVirt: Init FTL instance with 2 channels (524288 pages)
[1371667.841707] NVMeVirt: GC victim policy: cat-fig7-fixed ns=0 part=2 initial_k=4 initial_scale_pct=100 initial_age_ratio=16 warmup_gc=100
[1371667.852501] NVMeVirt: [chmodel_init] bandwidth 800 max_credits 26 tx_time 152
[1371667.863210] NVMeVirt: [chmodel_init] bandwidth 800 max_credits 26 tx_time 152
[1371667.863226] NVMeVirt: [chmodel_init] bandwidth 3360 max_credits 110 tx_time 36
[1371667.863228] NVMeVirt: Fixed CAT init ns=0 part=3 arm=23 k=4 scale_pct=100 age_ratio=16
[1371667.864547] NVMeVirt: Init FTL instance with 2 channels (524288 pages)
[1371667.864550] NVMeVirt: GC victim policy: cat-fig7-fixed ns=0 part=3 initial_k=4 initial_scale_pct=100 initial_age_ratio=16 warmup_gc=100
[1371667.864558] NVMeVirt: FTL physical space: 8588886016, logical space: 8026996276 (physical/logical * 100 = 107)
[1371667.864559] NVMeVirt: ns 0/1: size 7655 MiB
[1371667.864613] PCI host bridge to bus 0001:10
[1371667.864616] pci_bus 0001:10: root bus resource [io  0x0000-0xffff]
[1371667.864619] pci_bus 0001:10: root bus resource [mem 0x00000000-0x7fffffffff]
[1371667.864621] pci_bus 0001:10: root bus resource [bus 00-ff]
[1371667.864629] pci 0001:10:00.0: [0c51:0110] type 00 class 0x010802 PCIe Endpoint
[1371667.864633] pci 0001:10:00.0: BAR 0 [mem 0x100000000-0x100003fff 64bit]
[1371667.864635] pci 0001:10:00.0: enabling Extended Tags
[1371667.864758] NVMeVirt: Virtual PCI bus created (node 0)
[1371667.865035] NVMeVirt: nvmev_io_worker_0 started on cpu 2 (node 0)
[1371667.865134] NVMeVirt: nvmev_dispatcher started on cpu 1 (node 0)
[1371667.865174] NVMeVirt: Virtual NVMe device created
[1371667.865364] nvme nvme0: pci function 0001:10:00.0
[1371667.869742] nvme nvme0: 8/0/0 default/read/poll queues
[1371667.950011] EXT4-fs (nvme0n1): mounted filesystem 245ff439-6270-4e97-9afc-af9a1693af5f r/w with ordered data mode. Quota mode: none.
[1372871.383971] EXT4-fs (nvme0n1): unmounting filesystem 245ff439-6270-4e97-9afc-af9a1693af5f.
[1372871.453702] pci_bus 0001:10: busn_res: [bus 10-ff] is released
[1372871.453881] NVMeVirt: GC stats: ns=0 policy=cat-fig7-fixed host_pages=2501096 gc_pages=1542757 gc_count=63176 WAF=1.616 warmup_gc=100-per-part
[1372871.535675] NVMeVirt: Virtual NVMe device closed
