[304785.084168] NVMeVirt: Version 1.10 for >> Samsung 970 Pro SSD <<
[304785.084175] NVMeVirt: Storage: 0x100100000-0x300000000 (8191 MiB)
[304785.095377] NVMeVirt: Total Capacity(GiB,MiB)=2,2048 chs=2 luns=4 lines=8192 blk-size(MiB,KiB)=0,64 line-size(MiB,KiB)=0,256
[304785.106504] NVMeVirt: [chmodel_init] bandwidth 800 max_credits 26 tx_time 152
[304785.117590] NVMeVirt: [chmodel_init] bandwidth 800 max_credits 26 tx_time 152
[304785.117605] NVMeVirt: [chmodel_init] bandwidth 3360 max_credits 110 tx_time 36
[304785.117607] NVMeVirt: Fixed CAT init ns=0 part=0 arm=10 k=2 scale_pct=200 age_ratio=7
[304785.118857] NVMeVirt: pqueue: Copyright (c) 2014, Volkan Yazıcı <volkan.yazici@gmail.com>. All rights reserved.
[304785.118896] NVMeVirt: Init FTL instance with 2 channels (524288 pages)
[304785.118898] NVMeVirt: GC victim policy: cat-fig7-fixed ns=0 part=0 initial_k=2 initial_scale_pct=200 initial_age_ratio=7 warmup_gc=100
[304785.129652] NVMeVirt: [chmodel_init] bandwidth 800 max_credits 26 tx_time 152
[304785.140956] NVMeVirt: [chmodel_init] bandwidth 800 max_credits 26 tx_time 152
[304785.140971] NVMeVirt: [chmodel_init] bandwidth 3360 max_credits 110 tx_time 36
[304785.140973] NVMeVirt: Fixed CAT init ns=0 part=1 arm=10 k=2 scale_pct=200 age_ratio=7
[304785.142296] NVMeVirt: Init FTL instance with 2 channels (524288 pages)
[304785.142299] NVMeVirt: GC victim policy: cat-fig7-fixed ns=0 part=1 initial_k=2 initial_scale_pct=200 initial_age_ratio=7 warmup_gc=100
[304785.152894] NVMeVirt: [chmodel_init] bandwidth 800 max_credits 26 tx_time 152
[304785.163772] NVMeVirt: [chmodel_init] bandwidth 800 max_credits 26 tx_time 152
[304785.163787] NVMeVirt: [chmodel_init] bandwidth 3360 max_credits 110 tx_time 36
[304785.163789] NVMeVirt: Fixed CAT init ns=0 part=2 arm=10 k=2 scale_pct=200 age_ratio=7
[304785.165142] NVMeVirt: Init FTL instance with 2 channels (524288 pages)
[304785.165146] NVMeVirt: GC victim policy: cat-fig7-fixed ns=0 part=2 initial_k=2 initial_scale_pct=200 initial_age_ratio=7 warmup_gc=100
[304785.175969] NVMeVirt: [chmodel_init] bandwidth 800 max_credits 26 tx_time 152
[304785.186691] NVMeVirt: [chmodel_init] bandwidth 800 max_credits 26 tx_time 152
[304785.186706] NVMeVirt: [chmodel_init] bandwidth 3360 max_credits 110 tx_time 36
[304785.186708] NVMeVirt: Fixed CAT init ns=0 part=3 arm=10 k=2 scale_pct=200 age_ratio=7
[304785.187943] NVMeVirt: Init FTL instance with 2 channels (524288 pages)
[304785.187946] NVMeVirt: GC victim policy: cat-fig7-fixed ns=0 part=3 initial_k=2 initial_scale_pct=200 initial_age_ratio=7 warmup_gc=100
[304785.187952] NVMeVirt: FTL physical space: 8588886016, logical space: 8026996276 (physical/logical * 100 = 107)
[304785.187954] NVMeVirt: ns 0/1: size 7655 MiB
[304785.188001] PCI host bridge to bus 0001:10
[304785.188004] pci_bus 0001:10: root bus resource [io  0x0000-0xffff]
[304785.188007] pci_bus 0001:10: root bus resource [mem 0x00000000-0x7fffffffff]
[304785.188010] pci_bus 0001:10: root bus resource [bus 00-ff]
[304785.188018] pci 0001:10:00.0: [0c51:0110] type 00 class 0x010802 PCIe Endpoint
[304785.188023] pci 0001:10:00.0: BAR 0 [mem 0x100000000-0x100003fff 64bit]
[304785.188027] pci 0001:10:00.0: enabling Extended Tags
[304785.188611] NVMeVirt: Virtual PCI bus created (node 0)
[304785.188859] NVMeVirt: nvmev_io_worker_0 started on cpu 2 (node 0)
[304785.188904] NVMeVirt: Virtual NVMe device created
[304785.188932] NVMeVirt: nvmev_dispatcher started on cpu 1 (node 0)
[304785.189022] nvme nvme0: pci function 0001:10:00.0
[304785.192577] nvme nvme0: 8/0/0 default/read/poll queues
[304785.271138] EXT4-fs (nvme0n1): mounted filesystem 7e31f72a-f78f-4300-b022-421ea02dd1f3 r/w with ordered data mode. Quota mode: none.
[305388.913707] EXT4-fs (nvme0n1): unmounting filesystem 7e31f72a-f78f-4300-b022-421ea02dd1f3.
[305388.978855] pci_bus 0001:10: busn_res: [bus 10-ff] is released
[305388.978972] NVMeVirt: GC stats: ns=0 policy=cat-fig7-fixed host_pages=5500734 gc_pages=5680728 gc_count=174701 WAF=2.032 warmup_gc=100-per-part
[305389.053463] NVMeVirt: Virtual NVMe device closed
