[313847.207890] NVMeVirt: Version 1.10 for >> Samsung 970 Pro SSD <<
[313847.207904] NVMeVirt: Storage: 0x100100000-0x300000000 (8191 MiB)
[313847.219586] NVMeVirt: Total Capacity(GiB,MiB)=2,2048 chs=2 luns=4 lines=8192 blk-size(MiB,KiB)=0,64 line-size(MiB,KiB)=0,256
[313847.231083] NVMeVirt: [chmodel_init] bandwidth 800 max_credits 26 tx_time 152
[313847.242196] NVMeVirt: [chmodel_init] bandwidth 800 max_credits 26 tx_time 152
[313847.242211] NVMeVirt: [chmodel_init] bandwidth 3360 max_credits 110 tx_time 36
[313847.242213] NVMeVirt: Fixed CAT init ns=0 part=0 arm=50 k=10 scale_pct=50 age_ratio=16
[313847.243142] NVMeVirt: pqueue: Copyright (c) 2014, Volkan Yazıcı <volkan.yazici@gmail.com>. All rights reserved.
[313847.243180] NVMeVirt: Init FTL instance with 2 channels (524288 pages)
[313847.243182] NVMeVirt: GC victim policy: cat-fig7-fixed ns=0 part=0 initial_k=10 initial_scale_pct=50 initial_age_ratio=16 warmup_gc=100
[313847.256382] NVMeVirt: [chmodel_init] bandwidth 800 max_credits 26 tx_time 152
[313847.268662] NVMeVirt: [chmodel_init] bandwidth 800 max_credits 26 tx_time 152
[313847.268678] NVMeVirt: [chmodel_init] bandwidth 3360 max_credits 110 tx_time 36
[313847.268681] NVMeVirt: Fixed CAT init ns=0 part=1 arm=50 k=10 scale_pct=50 age_ratio=16
[313847.270609] NVMeVirt: Init FTL instance with 2 channels (524288 pages)
[313847.270613] NVMeVirt: GC victim policy: cat-fig7-fixed ns=0 part=1 initial_k=10 initial_scale_pct=50 initial_age_ratio=16 warmup_gc=100
[313847.281381] NVMeVirt: [chmodel_init] bandwidth 800 max_credits 26 tx_time 152
[313847.293140] NVMeVirt: [chmodel_init] bandwidth 800 max_credits 26 tx_time 152
[313847.293173] NVMeVirt: [chmodel_init] bandwidth 3360 max_credits 110 tx_time 36
[313847.293177] NVMeVirt: Fixed CAT init ns=0 part=2 arm=50 k=10 scale_pct=50 age_ratio=16
[313847.295211] NVMeVirt: Init FTL instance with 2 channels (524288 pages)
[313847.295216] NVMeVirt: GC victim policy: cat-fig7-fixed ns=0 part=2 initial_k=10 initial_scale_pct=50 initial_age_ratio=16 warmup_gc=100
[313847.307179] NVMeVirt: [chmodel_init] bandwidth 800 max_credits 26 tx_time 152
[313847.319004] NVMeVirt: [chmodel_init] bandwidth 800 max_credits 26 tx_time 152
[313847.319022] NVMeVirt: [chmodel_init] bandwidth 3360 max_credits 110 tx_time 36
[313847.319024] NVMeVirt: Fixed CAT init ns=0 part=3 arm=50 k=10 scale_pct=50 age_ratio=16
[313847.320098] NVMeVirt: Init FTL instance with 2 channels (524288 pages)
[313847.320101] NVMeVirt: GC victim policy: cat-fig7-fixed ns=0 part=3 initial_k=10 initial_scale_pct=50 initial_age_ratio=16 warmup_gc=100
[313847.320107] NVMeVirt: FTL physical space: 8588886016, logical space: 8026996276 (physical/logical * 100 = 107)
[313847.320109] NVMeVirt: ns 0/1: size 7655 MiB
[313847.320158] PCI host bridge to bus 0001:10
[313847.320160] pci_bus 0001:10: root bus resource [io  0x0000-0xffff]
[313847.320163] pci_bus 0001:10: root bus resource [mem 0x00000000-0x7fffffffff]
[313847.320165] pci_bus 0001:10: root bus resource [bus 00-ff]
[313847.320172] pci 0001:10:00.0: [0c51:0110] type 00 class 0x010802 PCIe Endpoint
[313847.320176] pci 0001:10:00.0: BAR 0 [mem 0x100000000-0x100003fff 64bit]
[313847.320178] pci 0001:10:00.0: enabling Extended Tags
[313847.320313] NVMeVirt: Virtual PCI bus created (node 0)
[313847.320641] NVMeVirt: Virtual NVMe device created
[313847.320707] NVMeVirt: nvmev_dispatcher started on cpu 1 (node 0)
[313847.320841] nvme nvme0: pci function 0001:10:00.0
[313847.322724] NVMeVirt: nvmev_io_worker_0 started on cpu 2 (node 0)
[313847.325207] nvme nvme0: 8/0/0 default/read/poll queues
[313847.413302] EXT4-fs (nvme0n1): mounted filesystem 5fc1fdae-a99a-4247-929c-6c91abe05c06 r/w with ordered data mode. Quota mode: none.
[314450.998505] EXT4-fs (nvme0n1): unmounting filesystem 5fc1fdae-a99a-4247-929c-6c91abe05c06.
[314451.055513] pci_bus 0001:10: busn_res: [bus 10-ff] is released
[314451.055597] NVMeVirt: GC stats: ns=0 policy=cat-fig7-fixed host_pages=23500677 gc_pages=18501639 gc_count=656278 WAF=1.787 warmup_gc=100-per-part
[314451.141383] NVMeVirt: Virtual NVMe device closed
