[353072.970038] NVMeVirt: Version 1.10 for >> Samsung 970 Pro SSD <<
[353072.970045] NVMeVirt: Storage: 0x100100000-0x300000000 (8191 MiB)
[353072.981374] NVMeVirt: Total Capacity(GiB,MiB)=2,2048 chs=2 luns=4 lines=8192 blk-size(MiB,KiB)=0,64 line-size(MiB,KiB)=0,256
[353072.992407] NVMeVirt: [chmodel_init] bandwidth 800 max_credits 26 tx_time 152
[353073.002832] NVMeVirt: [chmodel_init] bandwidth 800 max_credits 26 tx_time 152
[353073.002847] NVMeVirt: [chmodel_init] bandwidth 3360 max_credits 110 tx_time 36
[353073.002850] NVMeVirt: Fixed CAT init ns=0 part=0 arm=0 k=2 scale_pct=25 age_ratio=4
[353073.003840] NVMeVirt: pqueue: Copyright (c) 2014, Volkan Yazıcı <volkan.yazici@gmail.com>. All rights reserved.
[353073.003877] NVMeVirt: Init FTL instance with 2 channels (524288 pages)
[353073.003879] NVMeVirt: GC victim policy: cat-fig7-fixed ns=0 part=0 initial_k=2 initial_scale_pct=25 initial_age_ratio=4 warmup_gc=100
[353073.015296] NVMeVirt: [chmodel_init] bandwidth 800 max_credits 26 tx_time 152
[353073.025364] NVMeVirt: [chmodel_init] bandwidth 800 max_credits 26 tx_time 152
[353073.025378] NVMeVirt: [chmodel_init] bandwidth 3360 max_credits 110 tx_time 36
[353073.025380] NVMeVirt: Fixed CAT init ns=0 part=1 arm=0 k=2 scale_pct=25 age_ratio=4
[353073.026333] NVMeVirt: Init FTL instance with 2 channels (524288 pages)
[353073.026336] NVMeVirt: GC victim policy: cat-fig7-fixed ns=0 part=1 initial_k=2 initial_scale_pct=25 initial_age_ratio=4 warmup_gc=100
[353073.036509] NVMeVirt: [chmodel_init] bandwidth 800 max_credits 26 tx_time 152
[353073.046985] NVMeVirt: [chmodel_init] bandwidth 800 max_credits 26 tx_time 152
[353073.047001] NVMeVirt: [chmodel_init] bandwidth 3360 max_credits 110 tx_time 36
[353073.047003] NVMeVirt: Fixed CAT init ns=0 part=2 arm=0 k=2 scale_pct=25 age_ratio=4
[353073.048023] NVMeVirt: Init FTL instance with 2 channels (524288 pages)
[353073.048029] NVMeVirt: GC victim policy: cat-fig7-fixed ns=0 part=2 initial_k=2 initial_scale_pct=25 initial_age_ratio=4 warmup_gc=100
[353073.058101] NVMeVirt: [chmodel_init] bandwidth 800 max_credits 26 tx_time 152
[353073.068114] NVMeVirt: [chmodel_init] bandwidth 800 max_credits 26 tx_time 152
[353073.068128] NVMeVirt: [chmodel_init] bandwidth 3360 max_credits 110 tx_time 36
[353073.068130] NVMeVirt: Fixed CAT init ns=0 part=3 arm=0 k=2 scale_pct=25 age_ratio=4
[353073.069113] NVMeVirt: Init FTL instance with 2 channels (524288 pages)
[353073.069116] NVMeVirt: GC victim policy: cat-fig7-fixed ns=0 part=3 initial_k=2 initial_scale_pct=25 initial_age_ratio=4 warmup_gc=100
[353073.069122] NVMeVirt: FTL physical space: 8588886016, logical space: 8026996276 (physical/logical * 100 = 107)
[353073.069124] NVMeVirt: ns 0/1: size 7655 MiB
[353073.069176] PCI host bridge to bus 0001:10
[353073.069178] pci_bus 0001:10: root bus resource [io  0x0000-0xffff]
[353073.069181] pci_bus 0001:10: root bus resource [mem 0x00000000-0x7fffffffff]
[353073.069183] pci_bus 0001:10: root bus resource [bus 00-ff]
[353073.069190] pci 0001:10:00.0: [0c51:0110] type 00 class 0x010802 PCIe Endpoint
[353073.069194] pci 0001:10:00.0: BAR 0 [mem 0x100000000-0x100003fff 64bit]
[353073.069197] pci 0001:10:00.0: enabling Extended Tags
[353073.069328] NVMeVirt: Virtual PCI bus created (node 0)
[353073.069657] NVMeVirt: Virtual NVMe device created
[353073.069672] NVMeVirt: nvmev_dispatcher started on cpu 1 (node 0)
[353073.069797] nvme nvme0: pci function 0001:10:00.0
[353073.072137] NVMeVirt: nvmev_io_worker_0 started on cpu 2 (node 0)
[353073.073801] nvme nvme0: 8/0/0 default/read/poll queues
[353073.776747] EXT4-fs (nvme0n1): mounted filesystem 14f92957-83f1-4183-b46a-3aa4fbc7433a r/w with ordered data mode. Quota mode: none.
[353680.264972] EXT4-fs (nvme0n1): unmounting filesystem 14f92957-83f1-4183-b46a-3aa4fbc7433a.
[353680.327111] pci_bus 0001:10: busn_res: [bus 10-ff] is released
[353680.327210] NVMeVirt: GC stats: ns=0 policy=cat-fig7-fixed host_pages=23500671 gc_pages=27726728 gc_count=800419 WAF=2.179 warmup_gc=100-per-part
[353680.407172] NVMeVirt: Virtual NVMe device closed
