[270534.680765] NVMeVirt: Version 1.10 for >> Samsung 970 Pro SSD <<
[270534.680771] NVMeVirt: Storage: 0x100100000-0x300000000 (8191 MiB)
[270534.692055] NVMeVirt: Total Capacity(GiB,MiB)=2,2048 chs=2 luns=4 lines=8192 blk-size(MiB,KiB)=0,64 line-size(MiB,KiB)=0,256
[270534.702422] NVMeVirt: [chmodel_init] bandwidth 800 max_credits 26 tx_time 152
[270534.712824] NVMeVirt: [chmodel_init] bandwidth 800 max_credits 26 tx_time 152
[270534.712840] NVMeVirt: [chmodel_init] bandwidth 3360 max_credits 110 tx_time 36
[270534.712843] NVMeVirt: Fixed CAT init ns=0 part=0 arm=10 k=2 scale_pct=200 age_ratio=7
[270534.714083] NVMeVirt: pqueue: Copyright (c) 2014, Volkan Yazıcı <volkan.yazici@gmail.com>. All rights reserved.
[270534.714119] NVMeVirt: Init FTL instance with 2 channels (524288 pages)
[270534.714122] NVMeVirt: GC victim policy: cat-fig7-fixed ns=0 part=0 initial_k=2 initial_scale_pct=200 initial_age_ratio=7 warmup_gc=100
[270534.724917] NVMeVirt: [chmodel_init] bandwidth 800 max_credits 26 tx_time 152
[270534.735295] NVMeVirt: [chmodel_init] bandwidth 800 max_credits 26 tx_time 152
[270534.735309] NVMeVirt: [chmodel_init] bandwidth 3360 max_credits 110 tx_time 36
[270534.735311] NVMeVirt: Fixed CAT init ns=0 part=1 arm=10 k=2 scale_pct=200 age_ratio=7
[270534.736674] NVMeVirt: Init FTL instance with 2 channels (524288 pages)
[270534.736677] NVMeVirt: GC victim policy: cat-fig7-fixed ns=0 part=1 initial_k=2 initial_scale_pct=200 initial_age_ratio=7 warmup_gc=100
[270534.746966] NVMeVirt: [chmodel_init] bandwidth 800 max_credits 26 tx_time 152
[270534.757701] NVMeVirt: [chmodel_init] bandwidth 800 max_credits 26 tx_time 152
[270534.757717] NVMeVirt: [chmodel_init] bandwidth 3360 max_credits 110 tx_time 36
[270534.757720] NVMeVirt: Fixed CAT init ns=0 part=2 arm=10 k=2 scale_pct=200 age_ratio=7
[270534.759306] NVMeVirt: Init FTL instance with 2 channels (524288 pages)
[270534.759310] NVMeVirt: GC victim policy: cat-fig7-fixed ns=0 part=2 initial_k=2 initial_scale_pct=200 initial_age_ratio=7 warmup_gc=100
[270534.769358] NVMeVirt: [chmodel_init] bandwidth 800 max_credits 26 tx_time 152
[270534.779630] NVMeVirt: [chmodel_init] bandwidth 800 max_credits 26 tx_time 152
[270534.779645] NVMeVirt: [chmodel_init] bandwidth 3360 max_credits 110 tx_time 36
[270534.779647] NVMeVirt: Fixed CAT init ns=0 part=3 arm=10 k=2 scale_pct=200 age_ratio=7
[270534.780881] NVMeVirt: Init FTL instance with 2 channels (524288 pages)
[270534.780884] NVMeVirt: GC victim policy: cat-fig7-fixed ns=0 part=3 initial_k=2 initial_scale_pct=200 initial_age_ratio=7 warmup_gc=100
[270534.780890] NVMeVirt: FTL physical space: 8588886016, logical space: 8026996276 (physical/logical * 100 = 107)
[270534.780892] NVMeVirt: ns 0/1: size 7655 MiB
[270534.780940] PCI host bridge to bus 0001:10
[270534.780947] pci_bus 0001:10: root bus resource [io  0x0000-0xffff]
[270534.780950] pci_bus 0001:10: root bus resource [mem 0x00000000-0x7fffffffff]
[270534.780953] pci_bus 0001:10: root bus resource [bus 00-ff]
[270534.780975] pci 0001:10:00.0: [0c51:0110] type 00 class 0x010802 PCIe Endpoint
[270534.780996] pci 0001:10:00.0: BAR 0 [mem 0x100000000-0x100003fff 64bit]
[270534.780998] pci 0001:10:00.0: enabling Extended Tags
[270534.781170] NVMeVirt: Virtual PCI bus created (node 0)
[270534.781417] NVMeVirt: nvmev_io_worker_0 started on cpu 2 (node 0)
[270534.781522] NVMeVirt: Virtual NVMe device created
[270534.781643] NVMeVirt: nvmev_dispatcher started on cpu 1 (node 0)
[270534.781714] nvme nvme0: pci function 0001:10:00.0
[270534.783929] nvme nvme0: 8/0/0 default/read/poll queues
[270534.873537] EXT4-fs (nvme0n1): mounted filesystem d71c8a11-3bef-4314-9fdc-dbf341ea75c3 r/w with ordered data mode. Quota mode: none.
[271138.386878] EXT4-fs (nvme0n1): unmounting filesystem d71c8a11-3bef-4314-9fdc-dbf341ea75c3.
[271138.451969] pci_bus 0001:10: busn_res: [bus 10-ff] is released
[271138.452134] NVMeVirt: GC stats: ns=0 policy=cat-fig7-fixed host_pages=5500672 gc_pages=3260055 gc_count=136876 WAF=1.592 warmup_gc=100-per-part
[271138.528443] NVMeVirt: Virtual NVMe device closed
