[366385.395127] NVMeVirt: Version 1.10 for >> Samsung 970 Pro SSD <<
[366385.395133] NVMeVirt: Storage: 0x100100000-0x300000000 (8191 MiB)
[366385.406229] NVMeVirt: Total Capacity(GiB,MiB)=2,2048 chs=2 luns=4 lines=8192 blk-size(MiB,KiB)=0,64 line-size(MiB,KiB)=0,256
[366385.417161] NVMeVirt: [chmodel_init] bandwidth 800 max_credits 26 tx_time 152
[366385.427720] NVMeVirt: [chmodel_init] bandwidth 800 max_credits 26 tx_time 152
[366385.427734] NVMeVirt: [chmodel_init] bandwidth 3360 max_credits 110 tx_time 36
[366385.427736] NVMeVirt: Fixed CAT init ns=0 part=0 arm=22 k=4 scale_pct=100 age_ratio=7
[366385.428994] NVMeVirt: pqueue: Copyright (c) 2014, Volkan Yazıcı <volkan.yazici@gmail.com>. All rights reserved.
[366385.429067] NVMeVirt: Init FTL instance with 2 channels (524288 pages)
[366385.429069] NVMeVirt: GC victim policy: cat-fig7-fixed ns=0 part=0 initial_k=4 initial_scale_pct=100 initial_age_ratio=7 warmup_gc=100
[366385.439367] NVMeVirt: [chmodel_init] bandwidth 800 max_credits 26 tx_time 152
[366385.449677] NVMeVirt: [chmodel_init] bandwidth 800 max_credits 26 tx_time 152
[366385.449692] NVMeVirt: [chmodel_init] bandwidth 3360 max_credits 110 tx_time 36
[366385.449694] NVMeVirt: Fixed CAT init ns=0 part=1 arm=22 k=4 scale_pct=100 age_ratio=7
[366385.450906] NVMeVirt: Init FTL instance with 2 channels (524288 pages)
[366385.450909] NVMeVirt: GC victim policy: cat-fig7-fixed ns=0 part=1 initial_k=4 initial_scale_pct=100 initial_age_ratio=7 warmup_gc=100
[366385.461338] NVMeVirt: [chmodel_init] bandwidth 800 max_credits 26 tx_time 152
[366385.471394] NVMeVirt: [chmodel_init] bandwidth 800 max_credits 26 tx_time 152
[366385.471408] NVMeVirt: [chmodel_init] bandwidth 3360 max_credits 110 tx_time 36
[366385.471410] NVMeVirt: Fixed CAT init ns=0 part=2 arm=22 k=4 scale_pct=100 age_ratio=7
[366385.472736] NVMeVirt: Init FTL instance with 2 channels (524288 pages)
[366385.472738] NVMeVirt: GC victim policy: cat-fig7-fixed ns=0 part=2 initial_k=4 initial_scale_pct=100 initial_age_ratio=7 warmup_gc=100
[366385.483264] NVMeVirt: [chmodel_init] bandwidth 800 max_credits 26 tx_time 152
[366385.493746] NVMeVirt: [chmodel_init] bandwidth 800 max_credits 26 tx_time 152
[366385.493760] NVMeVirt: [chmodel_init] bandwidth 3360 max_credits 110 tx_time 36
[366385.493762] NVMeVirt: Fixed CAT init ns=0 part=3 arm=22 k=4 scale_pct=100 age_ratio=7
[366385.494996] NVMeVirt: Init FTL instance with 2 channels (524288 pages)
[366385.494999] NVMeVirt: GC victim policy: cat-fig7-fixed ns=0 part=3 initial_k=4 initial_scale_pct=100 initial_age_ratio=7 warmup_gc=100
[366385.495005] NVMeVirt: FTL physical space: 8588886016, logical space: 8026996276 (physical/logical * 100 = 107)
[366385.495006] NVMeVirt: ns 0/1: size 7655 MiB
[366385.495054] PCI host bridge to bus 0001:10
[366385.495056] pci_bus 0001:10: root bus resource [io  0x0000-0xffff]
[366385.495058] pci_bus 0001:10: root bus resource [mem 0x00000000-0x7fffffffff]
[366385.495061] pci_bus 0001:10: root bus resource [bus 00-ff]
[366385.495068] pci 0001:10:00.0: [0c51:0110] type 00 class 0x010802 PCIe Endpoint
[366385.495086] pci 0001:10:00.0: BAR 0 [mem 0x100000000-0x100003fff 64bit]
[366385.495089] pci 0001:10:00.0: enabling Extended Tags
[366385.495214] NVMeVirt: Virtual PCI bus created (node 0)
[366385.495494] NVMeVirt: nvmev_io_worker_0 started on cpu 2 (node 0)
[366385.495594] NVMeVirt: Virtual NVMe device created
[366385.495615] NVMeVirt: nvmev_dispatcher started on cpu 1 (node 0)
[366385.496464] nvme nvme0: pci function 0001:10:00.0
[366385.498764] nvme nvme0: 8/0/0 default/read/poll queues
[366385.571402] EXT4-fs (nvme0n1): mounted filesystem a3c84bc4-415b-4d1f-98f1-b33cf4b9a590 r/w with ordered data mode. Quota mode: none.
[366989.064608] EXT4-fs (nvme0n1): unmounting filesystem a3c84bc4-415b-4d1f-98f1-b33cf4b9a590.
[366989.147590] pci_bus 0001:10: busn_res: [bus 10-ff] is released
[366989.147695] NVMeVirt: GC stats: ns=0 policy=cat-fig7-fixed host_pages=23500667 gc_pages=24810580 gc_count=754853 WAF=2.055 warmup_gc=100-per-part
[366989.223566] NVMeVirt: Virtual NVMe device closed
