[1308769.618343] NVMeVirt: Version 1.10 for >> Samsung 970 Pro SSD <<
[1308769.618349] NVMeVirt: Storage: 0x100100000-0x300000000 (8191 MiB)
[1308769.629216] NVMeVirt: Total Capacity(GiB,MiB)=2,2048 chs=2 luns=4 lines=8192 blk-size(MiB,KiB)=0,64 line-size(MiB,KiB)=0,256
[1308769.641116] NVMeVirt: [chmodel_init] bandwidth 800 max_credits 26 tx_time 152
[1308769.651950] NVMeVirt: [chmodel_init] bandwidth 800 max_credits 26 tx_time 152
[1308769.651964] NVMeVirt: [chmodel_init] bandwidth 3360 max_credits 110 tx_time 36
[1308769.651966] NVMeVirt: Fixed CAT init ns=0 part=0 arm=2 k=2 scale_pct=25 age_ratio=16
[1308769.653234] NVMeVirt: pqueue: Copyright (c) 2014, Volkan Yazıcı <volkan.yazici@gmail.com>. All rights reserved.
[1308769.653269] NVMeVirt: Init FTL instance with 2 channels (524288 pages)
[1308769.653271] NVMeVirt: GC victim policy: cat-fig7-fixed ns=0 part=0 initial_k=2 initial_scale_pct=25 initial_age_ratio=16 warmup_gc=100
[1308769.664004] NVMeVirt: [chmodel_init] bandwidth 800 max_credits 26 tx_time 152
[1308769.675049] NVMeVirt: [chmodel_init] bandwidth 800 max_credits 26 tx_time 152
[1308769.675063] NVMeVirt: [chmodel_init] bandwidth 3360 max_credits 110 tx_time 36
[1308769.675065] NVMeVirt: Fixed CAT init ns=0 part=1 arm=2 k=2 scale_pct=25 age_ratio=16
[1308769.676411] NVMeVirt: Init FTL instance with 2 channels (524288 pages)
[1308769.676414] NVMeVirt: GC victim policy: cat-fig7-fixed ns=0 part=1 initial_k=2 initial_scale_pct=25 initial_age_ratio=16 warmup_gc=100
[1308769.687001] NVMeVirt: [chmodel_init] bandwidth 800 max_credits 26 tx_time 152
[1308769.697419] NVMeVirt: [chmodel_init] bandwidth 800 max_credits 26 tx_time 152
[1308769.697434] NVMeVirt: [chmodel_init] bandwidth 3360 max_credits 110 tx_time 36
[1308769.697437] NVMeVirt: Fixed CAT init ns=0 part=2 arm=2 k=2 scale_pct=25 age_ratio=16
[1308769.698752] NVMeVirt: Init FTL instance with 2 channels (524288 pages)
[1308769.698756] NVMeVirt: GC victim policy: cat-fig7-fixed ns=0 part=2 initial_k=2 initial_scale_pct=25 initial_age_ratio=16 warmup_gc=100
[1308769.709902] NVMeVirt: [chmodel_init] bandwidth 800 max_credits 26 tx_time 152
[1308769.720960] NVMeVirt: [chmodel_init] bandwidth 800 max_credits 26 tx_time 152
[1308769.720975] NVMeVirt: [chmodel_init] bandwidth 3360 max_credits 110 tx_time 36
[1308769.720977] NVMeVirt: Fixed CAT init ns=0 part=3 arm=2 k=2 scale_pct=25 age_ratio=16
[1308769.722294] NVMeVirt: Init FTL instance with 2 channels (524288 pages)
[1308769.722297] NVMeVirt: GC victim policy: cat-fig7-fixed ns=0 part=3 initial_k=2 initial_scale_pct=25 initial_age_ratio=16 warmup_gc=100
[1308769.722303] NVMeVirt: FTL physical space: 8588886016, logical space: 8026996276 (physical/logical * 100 = 107)
[1308769.722305] NVMeVirt: ns 0/1: size 7655 MiB
[1308769.722355] PCI host bridge to bus 0001:10
[1308769.722358] pci_bus 0001:10: root bus resource [io  0x0000-0xffff]
[1308769.722361] pci_bus 0001:10: root bus resource [mem 0x00000000-0x7fffffffff]
[1308769.722364] pci_bus 0001:10: root bus resource [bus 00-ff]
[1308769.722374] pci 0001:10:00.0: [0c51:0110] type 00 class 0x010802 PCIe Endpoint
[1308769.722379] pci 0001:10:00.0: BAR 0 [mem 0x100000000-0x100003fff 64bit]
[1308769.722382] pci 0001:10:00.0: enabling Extended Tags
[1308769.722521] NVMeVirt: Virtual PCI bus created (node 0)
[1308769.722741] NVMeVirt: nvmev_io_worker_0 started on cpu 2 (node 0)
[1308769.722822] NVMeVirt: Virtual NVMe device created
[1308769.722967] nvme nvme0: pci function 0001:10:00.0
[1308769.723750] NVMeVirt: nvmev_dispatcher started on cpu 1 (node 0)
[1308769.725304] nvme nvme0: 8/0/0 default/read/poll queues
[1308769.806283] EXT4-fs (nvme0n1): mounted filesystem 6f54476a-f9aa-44c8-a373-c98a28d0885e r/w with ordered data mode. Quota mode: none.
[1309973.293268] EXT4-fs (nvme0n1): unmounting filesystem 6f54476a-f9aa-44c8-a373-c98a28d0885e.
[1309973.364281] pci_bus 0001:10: busn_res: [bus 10-ff] is released
[1309973.364334] NVMeVirt: GC stats: ns=0 policy=cat-fig7-fixed host_pages=2501042 gc_pages=2231862 gc_count=73944 WAF=1.892 warmup_gc=100-per-part
[1309973.438722] NVMeVirt: Virtual NVMe device closed
