[359742.567227] NVMeVirt: Version 1.10 for >> Samsung 970 Pro SSD <<
[359742.567233] NVMeVirt: Storage: 0x100100000-0x300000000 (8191 MiB)
[359742.578517] NVMeVirt: Total Capacity(GiB,MiB)=2,2048 chs=2 luns=4 lines=8192 blk-size(MiB,KiB)=0,64 line-size(MiB,KiB)=0,256
[359742.589320] NVMeVirt: [chmodel_init] bandwidth 800 max_credits 26 tx_time 152
[359742.599587] NVMeVirt: [chmodel_init] bandwidth 800 max_credits 26 tx_time 152
[359742.599602] NVMeVirt: [chmodel_init] bandwidth 3360 max_credits 110 tx_time 36
[359742.599605] NVMeVirt: Fixed CAT init ns=0 part=0 arm=11 k=2 scale_pct=200 age_ratio=16
[359742.600782] NVMeVirt: pqueue: Copyright (c) 2014, Volkan Yazıcı <volkan.yazici@gmail.com>. All rights reserved.
[359742.600821] NVMeVirt: Init FTL instance with 2 channels (524288 pages)
[359742.600823] NVMeVirt: GC victim policy: cat-fig7-fixed ns=0 part=0 initial_k=2 initial_scale_pct=200 initial_age_ratio=16 warmup_gc=100
[359742.611033] NVMeVirt: [chmodel_init] bandwidth 800 max_credits 26 tx_time 152
[359742.621649] NVMeVirt: [chmodel_init] bandwidth 800 max_credits 26 tx_time 152
[359742.621664] NVMeVirt: [chmodel_init] bandwidth 3360 max_credits 110 tx_time 36
[359742.621666] NVMeVirt: Fixed CAT init ns=0 part=1 arm=11 k=2 scale_pct=200 age_ratio=16
[359742.623002] NVMeVirt: Init FTL instance with 2 channels (524288 pages)
[359742.623005] NVMeVirt: GC victim policy: cat-fig7-fixed ns=0 part=1 initial_k=2 initial_scale_pct=200 initial_age_ratio=16 warmup_gc=100
[359742.633698] NVMeVirt: [chmodel_init] bandwidth 800 max_credits 26 tx_time 152
[359742.644480] NVMeVirt: [chmodel_init] bandwidth 800 max_credits 26 tx_time 152
[359742.644495] NVMeVirt: [chmodel_init] bandwidth 3360 max_credits 110 tx_time 36
[359742.644497] NVMeVirt: Fixed CAT init ns=0 part=2 arm=11 k=2 scale_pct=200 age_ratio=16
[359742.645774] NVMeVirt: Init FTL instance with 2 channels (524288 pages)
[359742.645777] NVMeVirt: GC victim policy: cat-fig7-fixed ns=0 part=2 initial_k=2 initial_scale_pct=200 initial_age_ratio=16 warmup_gc=100
[359742.656321] NVMeVirt: [chmodel_init] bandwidth 800 max_credits 26 tx_time 152
[359742.666827] NVMeVirt: [chmodel_init] bandwidth 800 max_credits 26 tx_time 152
[359742.666857] NVMeVirt: [chmodel_init] bandwidth 3360 max_credits 110 tx_time 36
[359742.666859] NVMeVirt: Fixed CAT init ns=0 part=3 arm=11 k=2 scale_pct=200 age_ratio=16
[359742.668217] NVMeVirt: Init FTL instance with 2 channels (524288 pages)
[359742.668220] NVMeVirt: GC victim policy: cat-fig7-fixed ns=0 part=3 initial_k=2 initial_scale_pct=200 initial_age_ratio=16 warmup_gc=100
[359742.668225] NVMeVirt: FTL physical space: 8588886016, logical space: 8026996276 (physical/logical * 100 = 107)
[359742.668227] NVMeVirt: ns 0/1: size 7655 MiB
[359742.668279] PCI host bridge to bus 0001:10
[359742.668282] pci_bus 0001:10: root bus resource [io  0x0000-0xffff]
[359742.668362] pci_bus 0001:10: root bus resource [mem 0x00000000-0x7fffffffff]
[359742.668365] pci_bus 0001:10: root bus resource [bus 00-ff]
[359742.668374] pci 0001:10:00.0: [0c51:0110] type 00 class 0x010802 PCIe Endpoint
[359742.668378] pci 0001:10:00.0: BAR 0 [mem 0x100000000-0x100003fff 64bit]
[359742.668381] pci 0001:10:00.0: enabling Extended Tags
[359742.668527] NVMeVirt: Virtual PCI bus created (node 0)
[359742.668737] NVMeVirt: nvmev_io_worker_0 started on cpu 2 (node 0)
[359742.668782] NVMeVirt: nvmev_dispatcher started on cpu 1 (node 0)
[359742.668810] NVMeVirt: Virtual NVMe device created
[359742.668975] nvme nvme0: pci function 0001:10:00.0
[359742.671494] nvme nvme0: 8/0/0 default/read/poll queues
[359742.747031] EXT4-fs (nvme0n1): mounted filesystem b3400aaf-716c-4db4-8680-bddd916cf19e r/w with ordered data mode. Quota mode: none.
[360346.378779] EXT4-fs (nvme0n1): unmounting filesystem b3400aaf-716c-4db4-8680-bddd916cf19e.
[360346.435809] pci_bus 0001:10: busn_res: [bus 10-ff] is released
[360346.435876] NVMeVirt: GC stats: ns=0 policy=cat-fig7-fixed host_pages=23500729 gc_pages=28449196 gc_count=811709 WAF=2.210 warmup_gc=100-per-part
[360346.518751] NVMeVirt: Virtual NVMe device closed
