[388140.371803] NVMeVirt: Version 1.10 for >> Samsung 970 Pro SSD <<
[388140.371822] NVMeVirt: Storage: 0x100100000-0x300000000 (8191 MiB)
[388140.382948] NVMeVirt: Total Capacity(GiB,MiB)=2,2048 chs=2 luns=4 lines=8192 blk-size(MiB,KiB)=0,64 line-size(MiB,KiB)=0,256
[388140.394290] NVMeVirt: [chmodel_init] bandwidth 800 max_credits 26 tx_time 152
[388140.405364] NVMeVirt: [chmodel_init] bandwidth 800 max_credits 26 tx_time 152
[388140.405379] NVMeVirt: [chmodel_init] bandwidth 3360 max_credits 110 tx_time 36
[388140.405381] NVMeVirt: Fixed CAT init ns=0 part=0 arm=58 k=10 scale_pct=400 age_ratio=7
[388140.406419] NVMeVirt: pqueue: Copyright (c) 2014, Volkan Yazıcı <volkan.yazici@gmail.com>. All rights reserved.
[388140.406455] NVMeVirt: Init FTL instance with 2 channels (524288 pages)
[388140.406457] NVMeVirt: GC victim policy: cat-fig7-fixed ns=0 part=0 initial_k=10 initial_scale_pct=400 initial_age_ratio=7 warmup_gc=100
[388140.417392] NVMeVirt: [chmodel_init] bandwidth 800 max_credits 26 tx_time 152
[388140.428067] NVMeVirt: [chmodel_init] bandwidth 800 max_credits 26 tx_time 152
[388140.428080] NVMeVirt: [chmodel_init] bandwidth 3360 max_credits 110 tx_time 36
[388140.428083] NVMeVirt: Fixed CAT init ns=0 part=1 arm=58 k=10 scale_pct=400 age_ratio=7
[388140.429140] NVMeVirt: Init FTL instance with 2 channels (524288 pages)
[388140.429143] NVMeVirt: GC victim policy: cat-fig7-fixed ns=0 part=1 initial_k=10 initial_scale_pct=400 initial_age_ratio=7 warmup_gc=100
[388140.439926] NVMeVirt: [chmodel_init] bandwidth 800 max_credits 26 tx_time 152
[388140.450783] NVMeVirt: [chmodel_init] bandwidth 800 max_credits 26 tx_time 152
[388140.450799] NVMeVirt: [chmodel_init] bandwidth 3360 max_credits 110 tx_time 36
[388140.450801] NVMeVirt: Fixed CAT init ns=0 part=2 arm=58 k=10 scale_pct=400 age_ratio=7
[388140.451761] NVMeVirt: Init FTL instance with 2 channels (524288 pages)
[388140.451764] NVMeVirt: GC victim policy: cat-fig7-fixed ns=0 part=2 initial_k=10 initial_scale_pct=400 initial_age_ratio=7 warmup_gc=100
[388140.462411] NVMeVirt: [chmodel_init] bandwidth 800 max_credits 26 tx_time 152
[388140.473268] NVMeVirt: [chmodel_init] bandwidth 800 max_credits 26 tx_time 152
[388140.473282] NVMeVirt: [chmodel_init] bandwidth 3360 max_credits 110 tx_time 36
[388140.473284] NVMeVirt: Fixed CAT init ns=0 part=3 arm=58 k=10 scale_pct=400 age_ratio=7
[388140.474358] NVMeVirt: Init FTL instance with 2 channels (524288 pages)
[388140.474360] NVMeVirt: GC victim policy: cat-fig7-fixed ns=0 part=3 initial_k=10 initial_scale_pct=400 initial_age_ratio=7 warmup_gc=100
[388140.474366] NVMeVirt: FTL physical space: 8588886016, logical space: 8026996276 (physical/logical * 100 = 107)
[388140.474368] NVMeVirt: ns 0/1: size 7655 MiB
[388140.474417] PCI host bridge to bus 0001:10
[388140.474419] pci_bus 0001:10: root bus resource [io  0x0000-0xffff]
[388140.474422] pci_bus 0001:10: root bus resource [mem 0x00000000-0x7fffffffff]
[388140.474424] pci_bus 0001:10: root bus resource [bus 00-ff]
[388140.474445] pci 0001:10:00.0: [0c51:0110] type 00 class 0x010802 PCIe Endpoint
[388140.474450] pci 0001:10:00.0: BAR 0 [mem 0x100000000-0x100003fff 64bit]
[388140.474452] pci 0001:10:00.0: enabling Extended Tags
[388140.474573] NVMeVirt: Virtual PCI bus created (node 0)
[388140.474863] NVMeVirt: nvmev_io_worker_0 started on cpu 2 (node 0)
[388140.474900] NVMeVirt: nvmev_dispatcher started on cpu 1 (node 0)
[388140.474938] NVMeVirt: Virtual NVMe device created
[388140.475185] nvme nvme0: pci function 0001:10:00.0
[388140.479357] nvme nvme0: 8/0/0 default/read/poll queues
[388140.555381] EXT4-fs (nvme0n1): mounted filesystem c9b37b80-4824-4c90-8aa4-44513db3976b r/w with ordered data mode. Quota mode: none.
[388744.154220] EXT4-fs (nvme0n1): unmounting filesystem c9b37b80-4824-4c90-8aa4-44513db3976b.
[388744.226353] pci_bus 0001:10: busn_res: [bus 10-ff] is released
[388744.226475] NVMeVirt: GC stats: ns=0 policy=cat-fig7-fixed host_pages=23500675 gc_pages=26596016 gc_count=782752 WAF=2.131 warmup_gc=100-per-part
[388744.306235] NVMeVirt: Virtual NVMe device closed
