[263277.297442] NVMeVirt: Version 1.10 for >> Samsung 970 Pro SSD <<
[263277.297449] NVMeVirt: Storage: 0x100100000-0x300000000 (8191 MiB)
[263277.308789] NVMeVirt: Total Capacity(GiB,MiB)=2,2048 chs=2 luns=4 lines=8192 blk-size(MiB,KiB)=0,64 line-size(MiB,KiB)=0,256
[263277.319511] NVMeVirt: [chmodel_init] bandwidth 800 max_credits 26 tx_time 152
[263277.330265] NVMeVirt: [chmodel_init] bandwidth 800 max_credits 26 tx_time 152
[263277.330279] NVMeVirt: [chmodel_init] bandwidth 3360 max_credits 110 tx_time 36
[263277.330281] NVMeVirt: Fixed CAT init ns=0 part=0 arm=10 k=2 scale_pct=200 age_ratio=7
[263277.331608] NVMeVirt: pqueue: Copyright (c) 2014, Volkan Yazıcı <volkan.yazici@gmail.com>. All rights reserved.
[263277.331663] NVMeVirt: Init FTL instance with 2 channels (524288 pages)
[263277.331666] NVMeVirt: GC victim policy: cat-fig7-fixed ns=0 part=0 initial_k=2 initial_scale_pct=200 initial_age_ratio=7 warmup_gc=100
[263277.343421] NVMeVirt: [chmodel_init] bandwidth 800 max_credits 26 tx_time 152
[263277.355082] NVMeVirt: [chmodel_init] bandwidth 800 max_credits 26 tx_time 152
[263277.355096] NVMeVirt: [chmodel_init] bandwidth 3360 max_credits 110 tx_time 36
[263277.355099] NVMeVirt: Fixed CAT init ns=0 part=1 arm=10 k=2 scale_pct=200 age_ratio=7
[263277.356414] NVMeVirt: Init FTL instance with 2 channels (524288 pages)
[263277.356417] NVMeVirt: GC victim policy: cat-fig7-fixed ns=0 part=1 initial_k=2 initial_scale_pct=200 initial_age_ratio=7 warmup_gc=100
[263277.367302] NVMeVirt: [chmodel_init] bandwidth 800 max_credits 26 tx_time 152
[263277.378320] NVMeVirt: [chmodel_init] bandwidth 800 max_credits 26 tx_time 152
[263277.378334] NVMeVirt: [chmodel_init] bandwidth 3360 max_credits 110 tx_time 36
[263277.378336] NVMeVirt: Fixed CAT init ns=0 part=2 arm=10 k=2 scale_pct=200 age_ratio=7
[263277.379579] NVMeVirt: Init FTL instance with 2 channels (524288 pages)
[263277.379582] NVMeVirt: GC victim policy: cat-fig7-fixed ns=0 part=2 initial_k=2 initial_scale_pct=200 initial_age_ratio=7 warmup_gc=100
[263277.390973] NVMeVirt: [chmodel_init] bandwidth 800 max_credits 26 tx_time 152
[263277.401800] NVMeVirt: [chmodel_init] bandwidth 800 max_credits 26 tx_time 152
[263277.401816] NVMeVirt: [chmodel_init] bandwidth 3360 max_credits 110 tx_time 36
[263277.401819] NVMeVirt: Fixed CAT init ns=0 part=3 arm=10 k=2 scale_pct=200 age_ratio=7
[263277.403671] NVMeVirt: Init FTL instance with 2 channels (524288 pages)
[263277.403676] NVMeVirt: GC victim policy: cat-fig7-fixed ns=0 part=3 initial_k=2 initial_scale_pct=200 initial_age_ratio=7 warmup_gc=100
[263277.403685] NVMeVirt: FTL physical space: 8588886016, logical space: 8026996276 (physical/logical * 100 = 107)
[263277.403687] NVMeVirt: ns 0/1: size 7655 MiB
[263277.403820] PCI host bridge to bus 0001:10
[263277.403824] pci_bus 0001:10: root bus resource [io  0x0000-0xffff]
[263277.403828] pci_bus 0001:10: root bus resource [mem 0x00000000-0x7fffffffff]
[263277.403830] pci_bus 0001:10: root bus resource [bus 00-ff]
[263277.403842] pci 0001:10:00.0: [0c51:0110] type 00 class 0x010802 PCIe Endpoint
[263277.403847] pci 0001:10:00.0: BAR 0 [mem 0x100000000-0x100003fff 64bit]
[263277.403850] pci 0001:10:00.0: enabling Extended Tags
[263277.404012] NVMeVirt: Virtual PCI bus created (node 0)
[263277.404482] NVMeVirt: Virtual NVMe device created
[263277.404524] NVMeVirt: nvmev_io_worker_0 started on cpu 2 (node 0)
[263277.404715] NVMeVirt: nvmev_dispatcher started on cpu 1 (node 0)
[263277.405764] nvme nvme0: pci function 0001:10:00.0
[263277.408266] nvme nvme0: 8/0/0 default/read/poll queues
[263277.483864] EXT4-fs (nvme0n1): mounted filesystem 9cd0bb24-0d01-4086-b56f-e28421b37bc8 r/w with ordered data mode. Quota mode: none.
[263881.056982] EXT4-fs (nvme0n1): unmounting filesystem 9cd0bb24-0d01-4086-b56f-e28421b37bc8.
[263881.119988] pci_bus 0001:10: busn_res: [bus 10-ff] is released
[263881.120096] NVMeVirt: GC stats: ns=0 policy=cat-fig7-fixed host_pages=23500690 gc_pages=28909227 gc_count=818896 WAF=2.230 warmup_gc=100-per-part
[263881.195042] NVMeVirt: Virtual NVMe device closed
