[386932.277331] NVMeVirt: Version 1.10 for >> Samsung 970 Pro SSD <<
[386932.277337] NVMeVirt: Storage: 0x100100000-0x300000000 (8191 MiB)
[386932.288391] NVMeVirt: Total Capacity(GiB,MiB)=2,2048 chs=2 luns=4 lines=8192 blk-size(MiB,KiB)=0,64 line-size(MiB,KiB)=0,256
[386932.300027] NVMeVirt: [chmodel_init] bandwidth 800 max_credits 26 tx_time 152
[386932.311217] NVMeVirt: [chmodel_init] bandwidth 800 max_credits 26 tx_time 152
[386932.311232] NVMeVirt: [chmodel_init] bandwidth 3360 max_credits 110 tx_time 36
[386932.311234] NVMeVirt: Fixed CAT init ns=0 part=0 arm=56 k=10 scale_pct=200 age_ratio=16
[386932.312217] NVMeVirt: pqueue: Copyright (c) 2014, Volkan Yazıcı <volkan.yazici@gmail.com>. All rights reserved.
[386932.312254] NVMeVirt: Init FTL instance with 2 channels (524288 pages)
[386932.312256] NVMeVirt: GC victim policy: cat-fig7-fixed ns=0 part=0 initial_k=10 initial_scale_pct=200 initial_age_ratio=16 warmup_gc=100
[386932.323487] NVMeVirt: [chmodel_init] bandwidth 800 max_credits 26 tx_time 152
[386932.334297] NVMeVirt: [chmodel_init] bandwidth 800 max_credits 26 tx_time 152
[386932.334312] NVMeVirt: [chmodel_init] bandwidth 3360 max_credits 110 tx_time 36
[386932.334314] NVMeVirt: Fixed CAT init ns=0 part=1 arm=56 k=10 scale_pct=200 age_ratio=16
[386932.335354] NVMeVirt: Init FTL instance with 2 channels (524288 pages)
[386932.335357] NVMeVirt: GC victim policy: cat-fig7-fixed ns=0 part=1 initial_k=10 initial_scale_pct=200 initial_age_ratio=16 warmup_gc=100
[386932.346619] NVMeVirt: [chmodel_init] bandwidth 800 max_credits 26 tx_time 152
[386932.357506] NVMeVirt: [chmodel_init] bandwidth 800 max_credits 26 tx_time 152
[386932.357520] NVMeVirt: [chmodel_init] bandwidth 3360 max_credits 110 tx_time 36
[386932.357522] NVMeVirt: Fixed CAT init ns=0 part=2 arm=56 k=10 scale_pct=200 age_ratio=16
[386932.358458] NVMeVirt: Init FTL instance with 2 channels (524288 pages)
[386932.358461] NVMeVirt: GC victim policy: cat-fig7-fixed ns=0 part=2 initial_k=10 initial_scale_pct=200 initial_age_ratio=16 warmup_gc=100
[386932.369403] NVMeVirt: [chmodel_init] bandwidth 800 max_credits 26 tx_time 152
[386932.380531] NVMeVirt: [chmodel_init] bandwidth 800 max_credits 26 tx_time 152
[386932.380547] NVMeVirt: [chmodel_init] bandwidth 3360 max_credits 110 tx_time 36
[386932.380549] NVMeVirt: Fixed CAT init ns=0 part=3 arm=56 k=10 scale_pct=200 age_ratio=16
[386932.381531] NVMeVirt: Init FTL instance with 2 channels (524288 pages)
[386932.381534] NVMeVirt: GC victim policy: cat-fig7-fixed ns=0 part=3 initial_k=10 initial_scale_pct=200 initial_age_ratio=16 warmup_gc=100
[386932.381540] NVMeVirt: FTL physical space: 8588886016, logical space: 8026996276 (physical/logical * 100 = 107)
[386932.381542] NVMeVirt: ns 0/1: size 7655 MiB
[386932.381590] PCI host bridge to bus 0001:10
[386932.381592] pci_bus 0001:10: root bus resource [io  0x0000-0xffff]
[386932.381595] pci_bus 0001:10: root bus resource [mem 0x00000000-0x7fffffffff]
[386932.381612] pci_bus 0001:10: root bus resource [bus 00-ff]
[386932.381620] pci 0001:10:00.0: [0c51:0110] type 00 class 0x010802 PCIe Endpoint
[386932.381624] pci 0001:10:00.0: BAR 0 [mem 0x100000000-0x100003fff 64bit]
[386932.381626] pci 0001:10:00.0: enabling Extended Tags
[386932.381787] NVMeVirt: Virtual PCI bus created (node 0)
[386932.382159] NVMeVirt: Virtual NVMe device created
[386932.382197] NVMeVirt: nvmev_dispatcher started on cpu 1 (node 0)
[386932.382763] NVMeVirt: nvmev_io_worker_0 started on cpu 2 (node 0)
[386932.382917] nvme nvme0: pci function 0001:10:00.0
[386932.385257] nvme nvme0: 8/0/0 default/read/poll queues
[386932.471651] EXT4-fs (nvme0n1): mounted filesystem 7ac6c151-ed43-4e1a-b73c-9c9b96a179a9 r/w with ordered data mode. Quota mode: none.
[387536.161437] EXT4-fs (nvme0n1): unmounting filesystem 7ac6c151-ed43-4e1a-b73c-9c9b96a179a9.
[387536.225889] pci_bus 0001:10: busn_res: [bus 10-ff] is released
[387536.226035] NVMeVirt: GC stats: ns=0 policy=cat-fig7-fixed host_pages=23500672 gc_pages=23149106 gc_count=728894 WAF=1.985 warmup_gc=100-per-part
[387536.298359] NVMeVirt: Virtual NVMe device closed
