[362158.263216] NVMeVirt: Version 1.10 for >> Samsung 970 Pro SSD <<
[362158.263223] NVMeVirt: Storage: 0x100100000-0x300000000 (8191 MiB)
[362158.274371] NVMeVirt: Total Capacity(GiB,MiB)=2,2048 chs=2 luns=4 lines=8192 blk-size(MiB,KiB)=0,64 line-size(MiB,KiB)=0,256
[362158.285212] NVMeVirt: [chmodel_init] bandwidth 800 max_credits 26 tx_time 152
[362158.295651] NVMeVirt: [chmodel_init] bandwidth 800 max_credits 26 tx_time 152
[362158.295665] NVMeVirt: [chmodel_init] bandwidth 3360 max_credits 110 tx_time 36
[362158.295668] NVMeVirt: Fixed CAT init ns=0 part=0 arm=15 k=4 scale_pct=25 age_ratio=4
[362158.296885] NVMeVirt: pqueue: Copyright (c) 2014, Volkan Yazıcı <volkan.yazici@gmail.com>. All rights reserved.
[362158.296921] NVMeVirt: Init FTL instance with 2 channels (524288 pages)
[362158.296923] NVMeVirt: GC victim policy: cat-fig7-fixed ns=0 part=0 initial_k=4 initial_scale_pct=25 initial_age_ratio=4 warmup_gc=100
[362158.307422] NVMeVirt: [chmodel_init] bandwidth 800 max_credits 26 tx_time 152
[362158.318043] NVMeVirt: [chmodel_init] bandwidth 800 max_credits 26 tx_time 152
[362158.318057] NVMeVirt: [chmodel_init] bandwidth 3360 max_credits 110 tx_time 36
[362158.318059] NVMeVirt: Fixed CAT init ns=0 part=1 arm=15 k=4 scale_pct=25 age_ratio=4
[362158.319416] NVMeVirt: Init FTL instance with 2 channels (524288 pages)
[362158.319420] NVMeVirt: GC victim policy: cat-fig7-fixed ns=0 part=1 initial_k=4 initial_scale_pct=25 initial_age_ratio=4 warmup_gc=100
[362158.330343] NVMeVirt: [chmodel_init] bandwidth 800 max_credits 26 tx_time 152
[362158.340973] NVMeVirt: [chmodel_init] bandwidth 800 max_credits 26 tx_time 152
[362158.341004] NVMeVirt: [chmodel_init] bandwidth 3360 max_credits 110 tx_time 36
[362158.341006] NVMeVirt: Fixed CAT init ns=0 part=2 arm=15 k=4 scale_pct=25 age_ratio=4
[362158.342427] NVMeVirt: Init FTL instance with 2 channels (524288 pages)
[362158.342430] NVMeVirt: GC victim policy: cat-fig7-fixed ns=0 part=2 initial_k=4 initial_scale_pct=25 initial_age_ratio=4 warmup_gc=100
[362158.353085] NVMeVirt: [chmodel_init] bandwidth 800 max_credits 26 tx_time 152
[362158.363471] NVMeVirt: [chmodel_init] bandwidth 800 max_credits 26 tx_time 152
[362158.363485] NVMeVirt: [chmodel_init] bandwidth 3360 max_credits 110 tx_time 36
[362158.363487] NVMeVirt: Fixed CAT init ns=0 part=3 arm=15 k=4 scale_pct=25 age_ratio=4
[362158.364847] NVMeVirt: Init FTL instance with 2 channels (524288 pages)
[362158.364850] NVMeVirt: GC victim policy: cat-fig7-fixed ns=0 part=3 initial_k=4 initial_scale_pct=25 initial_age_ratio=4 warmup_gc=100
[362158.364857] NVMeVirt: FTL physical space: 8588886016, logical space: 8026996276 (physical/logical * 100 = 107)
[362158.364858] NVMeVirt: ns 0/1: size 7655 MiB
[362158.364907] PCI host bridge to bus 0001:10
[362158.364909] pci_bus 0001:10: root bus resource [io  0x0000-0xffff]
[362158.364911] pci_bus 0001:10: root bus resource [mem 0x00000000-0x7fffffffff]
[362158.364914] pci_bus 0001:10: root bus resource [bus 00-ff]
[362158.364938] pci 0001:10:00.0: [0c51:0110] type 00 class 0x010802 PCIe Endpoint
[362158.364942] pci 0001:10:00.0: BAR 0 [mem 0x100000000-0x100003fff 64bit]
[362158.364944] pci 0001:10:00.0: enabling Extended Tags
[362158.365066] NVMeVirt: Virtual PCI bus created (node 0)
[362158.365465] NVMeVirt: nvmev_io_worker_0 started on cpu 2 (node 0)
[362158.365499] NVMeVirt: Virtual NVMe device created
[362158.365976] nvme nvme0: pci function 0001:10:00.0
[362158.366461] NVMeVirt: nvmev_dispatcher started on cpu 1 (node 0)
[362158.368334] nvme nvme0: 8/0/0 default/read/poll queues
[362158.448451] EXT4-fs (nvme0n1): mounted filesystem 3fa71c35-ecb3-4927-98b1-5253be7c122b r/w with ordered data mode. Quota mode: none.
[362761.909025] EXT4-fs (nvme0n1): unmounting filesystem 3fa71c35-ecb3-4927-98b1-5253be7c122b.
[362761.969939] pci_bus 0001:10: busn_res: [bus 10-ff] is released
[362761.970032] NVMeVirt: GC stats: ns=0 policy=cat-fig7-fixed host_pages=23500672 gc_pages=19879795 gc_count=677811 WAF=1.845 warmup_gc=100-per-part
[362762.042357] NVMeVirt: Virtual NVMe device closed
