[385721.966213] NVMeVirt: Version 1.10 for >> Samsung 970 Pro SSD <<
[385721.966219] NVMeVirt: Storage: 0x100100000-0x300000000 (8191 MiB)
[385721.977335] NVMeVirt: Total Capacity(GiB,MiB)=2,2048 chs=2 luns=4 lines=8192 blk-size(MiB,KiB)=0,64 line-size(MiB,KiB)=0,256
[385721.989060] NVMeVirt: [chmodel_init] bandwidth 800 max_credits 26 tx_time 152
[385722.000294] NVMeVirt: [chmodel_init] bandwidth 800 max_credits 26 tx_time 152
[385722.000309] NVMeVirt: [chmodel_init] bandwidth 3360 max_credits 110 tx_time 36
[385722.000311] NVMeVirt: Fixed CAT init ns=0 part=0 arm=54 k=10 scale_pct=200 age_ratio=4
[385722.001257] NVMeVirt: pqueue: Copyright (c) 2014, Volkan Yazıcı <volkan.yazici@gmail.com>. All rights reserved.
[385722.001306] NVMeVirt: Init FTL instance with 2 channels (524288 pages)
[385722.001308] NVMeVirt: GC victim policy: cat-fig7-fixed ns=0 part=0 initial_k=10 initial_scale_pct=200 initial_age_ratio=4 warmup_gc=100
[385722.012116] NVMeVirt: [chmodel_init] bandwidth 800 max_credits 26 tx_time 152
[385722.023237] NVMeVirt: [chmodel_init] bandwidth 800 max_credits 26 tx_time 152
[385722.023252] NVMeVirt: [chmodel_init] bandwidth 3360 max_credits 110 tx_time 36
[385722.023254] NVMeVirt: Fixed CAT init ns=0 part=1 arm=54 k=10 scale_pct=200 age_ratio=4
[385722.024128] NVMeVirt: Init FTL instance with 2 channels (524288 pages)
[385722.024131] NVMeVirt: GC victim policy: cat-fig7-fixed ns=0 part=1 initial_k=10 initial_scale_pct=200 initial_age_ratio=4 warmup_gc=100
[385722.034913] NVMeVirt: [chmodel_init] bandwidth 800 max_credits 26 tx_time 152
[385722.045569] NVMeVirt: [chmodel_init] bandwidth 800 max_credits 26 tx_time 152
[385722.045586] NVMeVirt: [chmodel_init] bandwidth 3360 max_credits 110 tx_time 36
[385722.045588] NVMeVirt: Fixed CAT init ns=0 part=2 arm=54 k=10 scale_pct=200 age_ratio=4
[385722.046685] NVMeVirt: Init FTL instance with 2 channels (524288 pages)
[385722.046688] NVMeVirt: GC victim policy: cat-fig7-fixed ns=0 part=2 initial_k=10 initial_scale_pct=200 initial_age_ratio=4 warmup_gc=100
[385722.057567] NVMeVirt: [chmodel_init] bandwidth 800 max_credits 26 tx_time 152
[385722.068682] NVMeVirt: [chmodel_init] bandwidth 800 max_credits 26 tx_time 152
[385722.068697] NVMeVirt: [chmodel_init] bandwidth 3360 max_credits 110 tx_time 36
[385722.068699] NVMeVirt: Fixed CAT init ns=0 part=3 arm=54 k=10 scale_pct=200 age_ratio=4
[385722.069800] NVMeVirt: Init FTL instance with 2 channels (524288 pages)
[385722.069803] NVMeVirt: GC victim policy: cat-fig7-fixed ns=0 part=3 initial_k=10 initial_scale_pct=200 initial_age_ratio=4 warmup_gc=100
[385722.069809] NVMeVirt: FTL physical space: 8588886016, logical space: 8026996276 (physical/logical * 100 = 107)
[385722.069811] NVMeVirt: ns 0/1: size 7655 MiB
[385722.069858] PCI host bridge to bus 0001:10
[385722.069860] pci_bus 0001:10: root bus resource [io  0x0000-0xffff]
[385722.069863] pci_bus 0001:10: root bus resource [mem 0x00000000-0x7fffffffff]
[385722.069865] pci_bus 0001:10: root bus resource [bus 00-ff]
[385722.069887] pci 0001:10:00.0: [0c51:0110] type 00 class 0x010802 PCIe Endpoint
[385722.069891] pci 0001:10:00.0: BAR 0 [mem 0x100000000-0x100003fff 64bit]
[385722.069894] pci 0001:10:00.0: enabling Extended Tags
[385722.070015] NVMeVirt: Virtual PCI bus created (node 0)
[385722.070323] NVMeVirt: nvmev_dispatcher started on cpu 1 (node 0)
[385722.070367] NVMeVirt: Virtual NVMe device created
[385722.070466] NVMeVirt: nvmev_io_worker_0 started on cpu 2 (node 0)
[385722.070628] nvme nvme0: pci function 0001:10:00.0
[385722.074139] nvme nvme0: 8/0/0 default/read/poll queues
[385722.162720] EXT4-fs (nvme0n1): mounted filesystem d665f30d-08f7-4fd0-8490-60f9c7ded9d6 r/w with ordered data mode. Quota mode: none.
[386328.220918] EXT4-fs (nvme0n1): unmounting filesystem d665f30d-08f7-4fd0-8490-60f9c7ded9d6.
[386328.282006] pci_bus 0001:10: busn_res: [bus 10-ff] is released
[386328.282177] NVMeVirt: GC stats: ns=0 policy=cat-fig7-fixed host_pages=23500672 gc_pages=25691295 gc_count=768615 WAF=2.093 warmup_gc=100-per-part
[386328.361266] NVMeVirt: Virtual NVMe device closed
