[316263.250018] NVMeVirt: Version 1.10 for >> Samsung 970 Pro SSD <<
[316263.250037] NVMeVirt: Storage: 0x100100000-0x300000000 (8191 MiB)
[316263.261445] NVMeVirt: Total Capacity(GiB,MiB)=2,2048 chs=2 luns=4 lines=8192 blk-size(MiB,KiB)=0,64 line-size(MiB,KiB)=0,256
[316263.272420] NVMeVirt: [chmodel_init] bandwidth 800 max_credits 26 tx_time 152
[316263.283158] NVMeVirt: [chmodel_init] bandwidth 800 max_credits 26 tx_time 152
[316263.283173] NVMeVirt: [chmodel_init] bandwidth 3360 max_credits 110 tx_time 36
[316263.284124] NVMeVirt: pqueue: Copyright (c) 2014, Volkan Yazıcı <volkan.yazici@gmail.com>. All rights reserved.
[316263.284199] NVMeVirt: Init FTL instance with 2 channels (524288 pages)
[316263.284201] NVMeVirt: GC victim policy: cat-fig7-fixed ns=0 part=0 initial_k=7 initial_scale_pct=100 initial_age_ratio=7 warmup_gc=100
[316263.295358] NVMeVirt: [chmodel_init] bandwidth 800 max_credits 26 tx_time 152
[316263.305713] NVMeVirt: [chmodel_init] bandwidth 800 max_credits 26 tx_time 152
[316263.305727] NVMeVirt: [chmodel_init] bandwidth 3360 max_credits 110 tx_time 36
[316263.306719] NVMeVirt: Init FTL instance with 2 channels (524288 pages)
[316263.306721] NVMeVirt: GC victim policy: cat-fig7-fixed ns=0 part=1 initial_k=7 initial_scale_pct=100 initial_age_ratio=7 warmup_gc=100
[316263.317388] NVMeVirt: [chmodel_init] bandwidth 800 max_credits 26 tx_time 152
[316263.328623] NVMeVirt: [chmodel_init] bandwidth 800 max_credits 26 tx_time 152
[316263.328637] NVMeVirt: [chmodel_init] bandwidth 3360 max_credits 110 tx_time 36
[316263.329625] NVMeVirt: Init FTL instance with 2 channels (524288 pages)
[316263.329627] NVMeVirt: GC victim policy: cat-fig7-fixed ns=0 part=2 initial_k=7 initial_scale_pct=100 initial_age_ratio=7 warmup_gc=100
[316263.340149] NVMeVirt: [chmodel_init] bandwidth 800 max_credits 26 tx_time 152
[316263.351132] NVMeVirt: [chmodel_init] bandwidth 800 max_credits 26 tx_time 152
[316263.351153] NVMeVirt: [chmodel_init] bandwidth 3360 max_credits 110 tx_time 36
[316263.352455] NVMeVirt: Init FTL instance with 2 channels (524288 pages)
[316263.352459] NVMeVirt: GC victim policy: cat-fig7-fixed ns=0 part=3 initial_k=7 initial_scale_pct=100 initial_age_ratio=7 warmup_gc=100
[316263.352467] NVMeVirt: FTL physical space: 8588886016, logical space: 8026996276 (physical/logical * 100 = 107)
[316263.352469] NVMeVirt: ns 0/1: size 7655 MiB
[316263.352534] PCI host bridge to bus 0001:10
[316263.352537] pci_bus 0001:10: root bus resource [io  0x0000-0xffff]
[316263.352540] pci_bus 0001:10: root bus resource [mem 0x00000000-0x7fffffffff]
[316263.352543] pci_bus 0001:10: root bus resource [bus 00-ff]
[316263.352553] pci 0001:10:00.0: [0c51:0110] type 00 class 0x010802 PCIe Endpoint
[316263.352558] pci 0001:10:00.0: BAR 0 [mem 0x100000000-0x100003fff 64bit]
[316263.352561] pci 0001:10:00.0: enabling Extended Tags
[316263.352735] NVMeVirt: Virtual PCI bus created (node 0)
[316263.353222] NVMeVirt: Virtual NVMe device created
[316263.353379] NVMeVirt: nvmev_dispatcher started on cpu 1 (node 0)
[316263.353455] nvme nvme0: pci function 0001:10:00.0
[316263.356044] NVMeVirt: nvmev_io_worker_0 started on cpu 2 (node 0)
[316263.358354] nvme nvme0: 8/0/0 default/read/poll queues
[316263.434896] EXT4-fs (nvme0n1): mounted filesystem 02677f38-9fb5-406d-b135-48a26777852d r/w with ordered data mode. Quota mode: none.
[316867.021539] EXT4-fs (nvme0n1): unmounting filesystem 02677f38-9fb5-406d-b135-48a26777852d.
[316867.087458] pci_bus 0001:10: busn_res: [bus 10-ff] is released
[316867.087519] NVMeVirt: GC stats: ns=0 policy=cat-fig7-fixed host_pages=5500672 gc_pages=4042257 gc_count=149100 WAF=1.734 warmup_gc=100-per-part
[316867.165154] NVMeVirt: Virtual NVMe device closed
