[374241.958781] NVMeVirt: Version 1.10 for >> Samsung 970 Pro SSD <<
[374241.958787] NVMeVirt: Storage: 0x100100000-0x300000000 (8191 MiB)
[374241.970878] NVMeVirt: Total Capacity(GiB,MiB)=2,2048 chs=2 luns=4 lines=8192 blk-size(MiB,KiB)=0,64 line-size(MiB,KiB)=0,256
[374241.982575] NVMeVirt: [chmodel_init] bandwidth 800 max_credits 26 tx_time 152
[374241.993686] NVMeVirt: [chmodel_init] bandwidth 800 max_credits 26 tx_time 152
[374241.993702] NVMeVirt: [chmodel_init] bandwidth 3360 max_credits 110 tx_time 36
[374241.993704] NVMeVirt: Fixed CAT init ns=0 part=0 arm=35 k=7 scale_pct=50 age_ratio=16
[374241.994941] NVMeVirt: pqueue: Copyright (c) 2014, Volkan Yazıcı <volkan.yazici@gmail.com>. All rights reserved.
[374241.994978] NVMeVirt: Init FTL instance with 2 channels (524288 pages)
[374241.994980] NVMeVirt: GC victim policy: cat-fig7-fixed ns=0 part=0 initial_k=7 initial_scale_pct=50 initial_age_ratio=16 warmup_gc=100
[374242.005930] NVMeVirt: [chmodel_init] bandwidth 800 max_credits 26 tx_time 152
[374242.017144] NVMeVirt: [chmodel_init] bandwidth 800 max_credits 26 tx_time 152
[374242.017159] NVMeVirt: [chmodel_init] bandwidth 3360 max_credits 110 tx_time 36
[374242.017162] NVMeVirt: Fixed CAT init ns=0 part=1 arm=35 k=7 scale_pct=50 age_ratio=16
[374242.018381] NVMeVirt: Init FTL instance with 2 channels (524288 pages)
[374242.018383] NVMeVirt: GC victim policy: cat-fig7-fixed ns=0 part=1 initial_k=7 initial_scale_pct=50 initial_age_ratio=16 warmup_gc=100
[374242.029537] NVMeVirt: [chmodel_init] bandwidth 800 max_credits 26 tx_time 152
[374242.040275] NVMeVirt: [chmodel_init] bandwidth 800 max_credits 26 tx_time 152
[374242.040289] NVMeVirt: [chmodel_init] bandwidth 3360 max_credits 110 tx_time 36
[374242.040291] NVMeVirt: Fixed CAT init ns=0 part=2 arm=35 k=7 scale_pct=50 age_ratio=16
[374242.041575] NVMeVirt: Init FTL instance with 2 channels (524288 pages)
[374242.041578] NVMeVirt: GC victim policy: cat-fig7-fixed ns=0 part=2 initial_k=7 initial_scale_pct=50 initial_age_ratio=16 warmup_gc=100
[374242.052508] NVMeVirt: [chmodel_init] bandwidth 800 max_credits 26 tx_time 152
[374242.063702] NVMeVirt: [chmodel_init] bandwidth 800 max_credits 26 tx_time 152
[374242.063717] NVMeVirt: [chmodel_init] bandwidth 3360 max_credits 110 tx_time 36
[374242.063719] NVMeVirt: Fixed CAT init ns=0 part=3 arm=35 k=7 scale_pct=50 age_ratio=16
[374242.065072] NVMeVirt: Init FTL instance with 2 channels (524288 pages)
[374242.065075] NVMeVirt: GC victim policy: cat-fig7-fixed ns=0 part=3 initial_k=7 initial_scale_pct=50 initial_age_ratio=16 warmup_gc=100
[374242.065082] NVMeVirt: FTL physical space: 8588886016, logical space: 8026996276 (physical/logical * 100 = 107)
[374242.065083] NVMeVirt: ns 0/1: size 7655 MiB
[374242.065131] PCI host bridge to bus 0001:10
[374242.065133] pci_bus 0001:10: root bus resource [io  0x0000-0xffff]
[374242.065137] pci_bus 0001:10: root bus resource [mem 0x00000000-0x7fffffffff]
[374242.065139] pci_bus 0001:10: root bus resource [bus 00-ff]
[374242.065148] pci 0001:10:00.0: [0c51:0110] type 00 class 0x010802 PCIe Endpoint
[374242.065153] pci 0001:10:00.0: BAR 0 [mem 0x100000000-0x100003fff 64bit]
[374242.065156] pci 0001:10:00.0: enabling Extended Tags
[374242.065308] NVMeVirt: Virtual PCI bus created (node 0)
[374242.065712] NVMeVirt: Virtual NVMe device created
[374242.065718] NVMeVirt: nvmev_dispatcher started on cpu 1 (node 0)
[374242.065798] NVMeVirt: nvmev_io_worker_0 started on cpu 2 (node 0)
[374242.065877] nvme nvme0: pci function 0001:10:00.0
[374242.069218] nvme nvme0: 8/0/0 default/read/poll queues
[374242.146205] EXT4-fs (nvme0n1): mounted filesystem 99303cc5-32d3-4253-9a73-a64982f66d76 r/w with ordered data mode. Quota mode: none.
[374845.597097] EXT4-fs (nvme0n1): unmounting filesystem 99303cc5-32d3-4253-9a73-a64982f66d76.
[374845.652006] pci_bus 0001:10: busn_res: [bus 10-ff] is released
[374845.652117] NVMeVirt: GC stats: ns=0 policy=cat-fig7-fixed host_pages=23500672 gc_pages=19266160 gc_count=668225 WAF=1.819 warmup_gc=100-per-part
[374845.728225] NVMeVirt: Virtual NVMe device closed
