[353703.092706] NVMeVirt: Version 1.10 for >> Samsung 970 Pro SSD <<
[353703.092714] NVMeVirt: Storage: 0x100100000-0x300000000 (8191 MiB)
[353703.104924] NVMeVirt: Total Capacity(GiB,MiB)=2,2048 chs=2 luns=4 lines=8192 blk-size(MiB,KiB)=0,64 line-size(MiB,KiB)=0,256
[353703.115523] NVMeVirt: [chmodel_init] bandwidth 800 max_credits 26 tx_time 152
[353703.127921] NVMeVirt: [chmodel_init] bandwidth 800 max_credits 26 tx_time 152
[353703.127940] NVMeVirt: [chmodel_init] bandwidth 3360 max_credits 110 tx_time 36
[353703.127944] NVMeVirt: Fixed CAT init ns=0 part=0 arm=1 k=2 scale_pct=25 age_ratio=7
[353703.129637] NVMeVirt: pqueue: Copyright (c) 2014, Volkan Yazıcı <volkan.yazici@gmail.com>. All rights reserved.
[353703.129691] NVMeVirt: Init FTL instance with 2 channels (524288 pages)
[353703.129693] NVMeVirt: GC victim policy: cat-fig7-fixed ns=0 part=0 initial_k=2 initial_scale_pct=25 initial_age_ratio=7 warmup_gc=100
[353703.141214] NVMeVirt: [chmodel_init] bandwidth 800 max_credits 26 tx_time 152
[353703.151376] NVMeVirt: [chmodel_init] bandwidth 800 max_credits 26 tx_time 152
[353703.151390] NVMeVirt: [chmodel_init] bandwidth 3360 max_credits 110 tx_time 36
[353703.151392] NVMeVirt: Fixed CAT init ns=0 part=1 arm=1 k=2 scale_pct=25 age_ratio=7
[353703.152641] NVMeVirt: Init FTL instance with 2 channels (524288 pages)
[353703.152644] NVMeVirt: GC victim policy: cat-fig7-fixed ns=0 part=1 initial_k=2 initial_scale_pct=25 initial_age_ratio=7 warmup_gc=100
[353703.166466] NVMeVirt: [chmodel_init] bandwidth 800 max_credits 26 tx_time 152
[353703.176720] NVMeVirt: [chmodel_init] bandwidth 800 max_credits 26 tx_time 152
[353703.176733] NVMeVirt: [chmodel_init] bandwidth 3360 max_credits 110 tx_time 36
[353703.176735] NVMeVirt: Fixed CAT init ns=0 part=2 arm=1 k=2 scale_pct=25 age_ratio=7
[353703.178047] NVMeVirt: Init FTL instance with 2 channels (524288 pages)
[353703.178050] NVMeVirt: GC victim policy: cat-fig7-fixed ns=0 part=2 initial_k=2 initial_scale_pct=25 initial_age_ratio=7 warmup_gc=100
[353703.188214] NVMeVirt: [chmodel_init] bandwidth 800 max_credits 26 tx_time 152
[353703.201507] NVMeVirt: [chmodel_init] bandwidth 800 max_credits 26 tx_time 152
[353703.201521] NVMeVirt: [chmodel_init] bandwidth 3360 max_credits 110 tx_time 36
[353703.201523] NVMeVirt: Fixed CAT init ns=0 part=3 arm=1 k=2 scale_pct=25 age_ratio=7
[353703.202778] NVMeVirt: Init FTL instance with 2 channels (524288 pages)
[353703.202781] NVMeVirt: GC victim policy: cat-fig7-fixed ns=0 part=3 initial_k=2 initial_scale_pct=25 initial_age_ratio=7 warmup_gc=100
[353703.202787] NVMeVirt: FTL physical space: 8588886016, logical space: 8026996276 (physical/logical * 100 = 107)
[353703.202789] NVMeVirt: ns 0/1: size 7655 MiB
[353703.202837] PCI host bridge to bus 0001:10
[353703.202839] pci_bus 0001:10: root bus resource [io  0x0000-0xffff]
[353703.202842] pci_bus 0001:10: root bus resource [mem 0x00000000-0x7fffffffff]
[353703.202844] pci_bus 0001:10: root bus resource [bus 00-ff]
[353703.202866] pci 0001:10:00.0: [0c51:0110] type 00 class 0x010802 PCIe Endpoint
[353703.202870] pci 0001:10:00.0: BAR 0 [mem 0x100000000-0x100003fff 64bit]
[353703.202873] pci 0001:10:00.0: enabling Extended Tags
[353703.202992] NVMeVirt: Virtual PCI bus created (node 0)
[353703.203212] NVMeVirt: nvmev_io_worker_0 started on cpu 2 (node 0)
[353703.203309] NVMeVirt: Virtual NVMe device created
[353703.203452] nvme nvme0: pci function 0001:10:00.0
[353703.205899] NVMeVirt: nvmev_dispatcher started on cpu 1 (node 0)
[353703.206769] nvme nvme0: 8/0/0 default/read/poll queues
[353703.290201] EXT4-fs (nvme0n1): mounted filesystem 75f922d2-8a2c-43b4-b998-6f986b846c52 r/w with ordered data mode. Quota mode: none.
[354306.781872] EXT4-fs (nvme0n1): unmounting filesystem 75f922d2-8a2c-43b4-b998-6f986b846c52.
[354306.843790] pci_bus 0001:10: busn_res: [bus 10-ff] is released
[354306.843879] NVMeVirt: GC stats: ns=0 policy=cat-fig7-fixed host_pages=23500678 gc_pages=28088974 gc_count=806080 WAF=2.195 warmup_gc=100-per-part
[354306.918351] NVMeVirt: Virtual NVMe device closed
