[363365.992662] NVMeVirt: Version 1.10 for >> Samsung 970 Pro SSD <<
[363365.992668] NVMeVirt: Storage: 0x100100000-0x300000000 (8191 MiB)
[363366.003742] NVMeVirt: Total Capacity(GiB,MiB)=2,2048 chs=2 luns=4 lines=8192 blk-size(MiB,KiB)=0,64 line-size(MiB,KiB)=0,256
[363366.014552] NVMeVirt: [chmodel_init] bandwidth 800 max_credits 26 tx_time 152
[363366.024919] NVMeVirt: [chmodel_init] bandwidth 800 max_credits 26 tx_time 152
[363366.024933] NVMeVirt: [chmodel_init] bandwidth 3360 max_credits 110 tx_time 36
[363366.024935] NVMeVirt: Fixed CAT init ns=0 part=0 arm=17 k=4 scale_pct=25 age_ratio=16
[363366.026219] NVMeVirt: pqueue: Copyright (c) 2014, Volkan Yazıcı <volkan.yazici@gmail.com>. All rights reserved.
[363366.026254] NVMeVirt: Init FTL instance with 2 channels (524288 pages)
[363366.026256] NVMeVirt: GC victim policy: cat-fig7-fixed ns=0 part=0 initial_k=4 initial_scale_pct=25 initial_age_ratio=16 warmup_gc=100
[363366.036551] NVMeVirt: [chmodel_init] bandwidth 800 max_credits 26 tx_time 152
[363366.046828] NVMeVirt: [chmodel_init] bandwidth 800 max_credits 26 tx_time 152
[363366.046842] NVMeVirt: [chmodel_init] bandwidth 3360 max_credits 110 tx_time 36
[363366.046844] NVMeVirt: Fixed CAT init ns=0 part=1 arm=17 k=4 scale_pct=25 age_ratio=16
[363366.048052] NVMeVirt: Init FTL instance with 2 channels (524288 pages)
[363366.048054] NVMeVirt: GC victim policy: cat-fig7-fixed ns=0 part=1 initial_k=4 initial_scale_pct=25 initial_age_ratio=16 warmup_gc=100
[363366.058514] NVMeVirt: [chmodel_init] bandwidth 800 max_credits 26 tx_time 152
[363366.068503] NVMeVirt: [chmodel_init] bandwidth 800 max_credits 26 tx_time 152
[363366.068517] NVMeVirt: [chmodel_init] bandwidth 3360 max_credits 110 tx_time 36
[363366.068519] NVMeVirt: Fixed CAT init ns=0 part=2 arm=17 k=4 scale_pct=25 age_ratio=16
[363366.069971] NVMeVirt: Init FTL instance with 2 channels (524288 pages)
[363366.069975] NVMeVirt: GC victim policy: cat-fig7-fixed ns=0 part=2 initial_k=4 initial_scale_pct=25 initial_age_ratio=16 warmup_gc=100
[363366.080453] NVMeVirt: [chmodel_init] bandwidth 800 max_credits 26 tx_time 152
[363366.091156] NVMeVirt: [chmodel_init] bandwidth 800 max_credits 26 tx_time 152
[363366.091171] NVMeVirt: [chmodel_init] bandwidth 3360 max_credits 110 tx_time 36
[363366.091173] NVMeVirt: Fixed CAT init ns=0 part=3 arm=17 k=4 scale_pct=25 age_ratio=16
[363366.092440] NVMeVirt: Init FTL instance with 2 channels (524288 pages)
[363366.092443] NVMeVirt: GC victim policy: cat-fig7-fixed ns=0 part=3 initial_k=4 initial_scale_pct=25 initial_age_ratio=16 warmup_gc=100
[363366.092450] NVMeVirt: FTL physical space: 8588886016, logical space: 8026996276 (physical/logical * 100 = 107)
[363366.092451] NVMeVirt: ns 0/1: size 7655 MiB
[363366.092500] PCI host bridge to bus 0001:10
[363366.092502] pci_bus 0001:10: root bus resource [io  0x0000-0xffff]
[363366.092504] pci_bus 0001:10: root bus resource [mem 0x00000000-0x7fffffffff]
[363366.092507] pci_bus 0001:10: root bus resource [bus 00-ff]
[363366.092528] pci 0001:10:00.0: [0c51:0110] type 00 class 0x010802 PCIe Endpoint
[363366.092532] pci 0001:10:00.0: BAR 0 [mem 0x100000000-0x100003fff 64bit]
[363366.092535] pci 0001:10:00.0: enabling Extended Tags
[363366.092658] NVMeVirt: Virtual PCI bus created (node 0)
[363366.092919] NVMeVirt: nvmev_io_worker_0 started on cpu 2 (node 0)
[363366.092949] NVMeVirt: nvmev_dispatcher started on cpu 1 (node 0)
[363366.092985] NVMeVirt: Virtual NVMe device created
[363366.093193] nvme nvme0: pci function 0001:10:00.0
[363366.095612] nvme nvme0: 8/0/0 default/read/poll queues
[363366.171910] EXT4-fs (nvme0n1): mounted filesystem 31d40863-b07d-4616-97d6-0f7d66e45afa r/w with ordered data mode. Quota mode: none.
[363969.621685] EXT4-fs (nvme0n1): unmounting filesystem 31d40863-b07d-4616-97d6-0f7d66e45afa.
[363969.675681] pci_bus 0001:10: busn_res: [bus 10-ff] is released
[363969.675734] NVMeVirt: GC stats: ns=0 policy=cat-fig7-fixed host_pages=23500674 gc_pages=19819818 gc_count=676875 WAF=1.843 warmup_gc=100-per-part
[363969.751107] NVMeVirt: Virtual NVMe device closed
