[252767.712422] NVMeVirt: Version 1.10 for >> Samsung 970 Pro SSD <<
[252767.712428] NVMeVirt: Storage: 0x100100000-0x300000000 (8191 MiB)
[252767.722890] NVMeVirt: Total Capacity(GiB,MiB)=2,2048 chs=2 luns=4 lines=8192 blk-size(MiB,KiB)=0,64 line-size(MiB,KiB)=0,256
[252767.733348] NVMeVirt: [chmodel_init] bandwidth 800 max_credits 26 tx_time 152
[252767.743743] NVMeVirt: [chmodel_init] bandwidth 800 max_credits 26 tx_time 152
[252767.743757] NVMeVirt: [chmodel_init] bandwidth 3360 max_credits 110 tx_time 36
[252767.744652] NVMeVirt: pqueue: Copyright (c) 2014, Volkan Yazıcı <volkan.yazici@gmail.com>. All rights reserved.
[252767.744689] NVMeVirt: Init FTL instance with 2 channels (524288 pages)
[252767.744691] NVMeVirt: GC victim policy: cat-fig7-fixed ns=0 part=0 initial_k=7 initial_scale_pct=100 initial_age_ratio=7 warmup_gc=100
[252767.754787] NVMeVirt: [chmodel_init] bandwidth 800 max_credits 26 tx_time 152
[252767.764796] NVMeVirt: [chmodel_init] bandwidth 800 max_credits 26 tx_time 152
[252767.764810] NVMeVirt: [chmodel_init] bandwidth 3360 max_credits 110 tx_time 36
[252767.765725] NVMeVirt: Init FTL instance with 2 channels (524288 pages)
[252767.765728] NVMeVirt: GC victim policy: cat-fig7-fixed ns=0 part=1 initial_k=7 initial_scale_pct=100 initial_age_ratio=7 warmup_gc=100
[252767.775754] NVMeVirt: [chmodel_init] bandwidth 800 max_credits 26 tx_time 152
[252767.785796] NVMeVirt: [chmodel_init] bandwidth 800 max_credits 26 tx_time 152
[252767.785809] NVMeVirt: [chmodel_init] bandwidth 3360 max_credits 110 tx_time 36
[252767.786730] NVMeVirt: Init FTL instance with 2 channels (524288 pages)
[252767.786733] NVMeVirt: GC victim policy: cat-fig7-fixed ns=0 part=2 initial_k=7 initial_scale_pct=100 initial_age_ratio=7 warmup_gc=100
[252767.796946] NVMeVirt: [chmodel_init] bandwidth 800 max_credits 26 tx_time 152
[252767.806728] NVMeVirt: [chmodel_init] bandwidth 800 max_credits 26 tx_time 152
[252767.806741] NVMeVirt: [chmodel_init] bandwidth 3360 max_credits 110 tx_time 36
[252767.807712] NVMeVirt: Init FTL instance with 2 channels (524288 pages)
[252767.807715] NVMeVirt: GC victim policy: cat-fig7-fixed ns=0 part=3 initial_k=7 initial_scale_pct=100 initial_age_ratio=7 warmup_gc=100
[252767.807720] NVMeVirt: FTL physical space: 8588886016, logical space: 8026996276 (physical/logical * 100 = 107)
[252767.807722] NVMeVirt: ns 0/1: size 7655 MiB
[252767.807771] PCI host bridge to bus 0001:10
[252767.807773] pci_bus 0001:10: root bus resource [io  0x0000-0xffff]
[252767.807776] pci_bus 0001:10: root bus resource [mem 0x00000000-0x7fffffffff]
[252767.807778] pci_bus 0001:10: root bus resource [bus 00-ff]
[252767.807799] pci 0001:10:00.0: [0c51:0110] type 00 class 0x010802 PCIe Endpoint
[252767.807803] pci 0001:10:00.0: BAR 0 [mem 0x100000000-0x100003fff 64bit]
[252767.807806] pci 0001:10:00.0: enabling Extended Tags
[252767.807928] NVMeVirt: Virtual PCI bus created (node 0)
[252767.808246] NVMeVirt: nvmev_io_worker_0 started on cpu 2 (node 0)
[252767.808348] NVMeVirt: nvmev_dispatcher started on cpu 1 (node 0)
[252767.808393] NVMeVirt: Virtual NVMe device created
[252767.808614] nvme nvme0: pci function 0001:10:00.0
[252767.812893] nvme nvme0: 8/0/0 default/read/poll queues
[252768.542204] EXT4-fs (nvme0n1): mounted filesystem 78ae997f-8457-4cbe-a9bd-21da72770987 r/w with ordered data mode. Quota mode: none.
[253374.083826] EXT4-fs (nvme0n1): unmounting filesystem 78ae997f-8457-4cbe-a9bd-21da72770987.
[253374.140104] pci_bus 0001:10: busn_res: [bus 10-ff] is released
[253374.140234] NVMeVirt: GC stats: ns=0 policy=cat-fig7-fixed host_pages=23500685 gc_pages=22048296 gc_count=711694 WAF=1.938 warmup_gc=100-per-part
[253374.214907] NVMeVirt: Virtual NVMe device closed
