[370012.489613] NVMeVirt: Version 1.10 for >> Samsung 970 Pro SSD <<
[370012.489619] NVMeVirt: Storage: 0x100100000-0x300000000 (8191 MiB)
[370012.501011] NVMeVirt: Total Capacity(GiB,MiB)=2,2048 chs=2 luns=4 lines=8192 blk-size(MiB,KiB)=0,64 line-size(MiB,KiB)=0,256
[370012.512357] NVMeVirt: [chmodel_init] bandwidth 800 max_credits 26 tx_time 152
[370012.523240] NVMeVirt: [chmodel_init] bandwidth 800 max_credits 26 tx_time 152
[370012.523256] NVMeVirt: [chmodel_init] bandwidth 3360 max_credits 110 tx_time 36
[370012.523258] NVMeVirt: Fixed CAT init ns=0 part=0 arm=28 k=4 scale_pct=400 age_ratio=7
[370012.524230] NVMeVirt: pqueue: Copyright (c) 2014, Volkan Yazıcı <volkan.yazici@gmail.com>. All rights reserved.
[370012.524269] NVMeVirt: Init FTL instance with 2 channels (524288 pages)
[370012.524271] NVMeVirt: GC victim policy: cat-fig7-fixed ns=0 part=0 initial_k=4 initial_scale_pct=400 initial_age_ratio=7 warmup_gc=100
[370012.535420] NVMeVirt: [chmodel_init] bandwidth 800 max_credits 26 tx_time 152
[370012.546444] NVMeVirt: [chmodel_init] bandwidth 800 max_credits 26 tx_time 152
[370012.546459] NVMeVirt: [chmodel_init] bandwidth 3360 max_credits 110 tx_time 36
[370012.546461] NVMeVirt: Fixed CAT init ns=0 part=1 arm=28 k=4 scale_pct=400 age_ratio=7
[370012.547489] NVMeVirt: Init FTL instance with 2 channels (524288 pages)
[370012.547493] NVMeVirt: GC victim policy: cat-fig7-fixed ns=0 part=1 initial_k=4 initial_scale_pct=400 initial_age_ratio=7 warmup_gc=100
[370012.558280] NVMeVirt: [chmodel_init] bandwidth 800 max_credits 26 tx_time 152
[370012.569321] NVMeVirt: [chmodel_init] bandwidth 800 max_credits 26 tx_time 152
[370012.569336] NVMeVirt: [chmodel_init] bandwidth 3360 max_credits 110 tx_time 36
[370012.569339] NVMeVirt: Fixed CAT init ns=0 part=2 arm=28 k=4 scale_pct=400 age_ratio=7
[370012.570260] NVMeVirt: Init FTL instance with 2 channels (524288 pages)
[370012.570263] NVMeVirt: GC victim policy: cat-fig7-fixed ns=0 part=2 initial_k=4 initial_scale_pct=400 initial_age_ratio=7 warmup_gc=100
[370012.581158] NVMeVirt: [chmodel_init] bandwidth 800 max_credits 26 tx_time 152
[370012.592079] NVMeVirt: [chmodel_init] bandwidth 800 max_credits 26 tx_time 152
[370012.592094] NVMeVirt: [chmodel_init] bandwidth 3360 max_credits 110 tx_time 36
[370012.592096] NVMeVirt: Fixed CAT init ns=0 part=3 arm=28 k=4 scale_pct=400 age_ratio=7
[370012.593090] NVMeVirt: Init FTL instance with 2 channels (524288 pages)
[370012.593093] NVMeVirt: GC victim policy: cat-fig7-fixed ns=0 part=3 initial_k=4 initial_scale_pct=400 initial_age_ratio=7 warmup_gc=100
[370012.593099] NVMeVirt: FTL physical space: 8588886016, logical space: 8026996276 (physical/logical * 100 = 107)
[370012.593101] NVMeVirt: ns 0/1: size 7655 MiB
[370012.593149] PCI host bridge to bus 0001:10
[370012.593151] pci_bus 0001:10: root bus resource [io  0x0000-0xffff]
[370012.593153] pci_bus 0001:10: root bus resource [mem 0x00000000-0x7fffffffff]
[370012.593173] pci_bus 0001:10: root bus resource [bus 00-ff]
[370012.593180] pci 0001:10:00.0: [0c51:0110] type 00 class 0x010802 PCIe Endpoint
[370012.593184] pci 0001:10:00.0: BAR 0 [mem 0x100000000-0x100003fff 64bit]
[370012.593187] pci 0001:10:00.0: enabling Extended Tags
[370012.593307] NVMeVirt: Virtual PCI bus created (node 0)
[370012.593522] NVMeVirt: nvmev_io_worker_0 started on cpu 2 (node 0)
[370012.593592] NVMeVirt: Virtual NVMe device created
[370012.593805] nvme nvme0: pci function 0001:10:00.0
[370012.593818] NVMeVirt: nvmev_dispatcher started on cpu 1 (node 0)
[370012.596027] nvme nvme0: 8/0/0 default/read/poll queues
[370012.672815] EXT4-fs (nvme0n1): mounted filesystem 55743dd4-1722-475c-91b8-7e2fd153218e r/w with ordered data mode. Quota mode: none.
[370616.161813] EXT4-fs (nvme0n1): unmounting filesystem 55743dd4-1722-475c-91b8-7e2fd153218e.
[370616.227565] pci_bus 0001:10: busn_res: [bus 10-ff] is released
[370616.227616] NVMeVirt: GC stats: ns=0 policy=cat-fig7-fixed host_pages=23500736 gc_pages=27006078 gc_count=789160 WAF=2.149 warmup_gc=100-per-part
[370616.302001] NVMeVirt: Virtual NVMe device closed
