[1384911.260204] NVMeVirt: Version 1.10 for >> Samsung 970 Pro SSD <<
[1384911.260211] NVMeVirt: Storage: 0x100100000-0x300000000 (8191 MiB)
[1384911.271405] NVMeVirt: Total Capacity(GiB,MiB)=2,2048 chs=2 luns=4 lines=8192 blk-size(MiB,KiB)=0,64 line-size(MiB,KiB)=0,256
[1384911.285086] NVMeVirt: [chmodel_init] bandwidth 800 max_credits 26 tx_time 152
[1384911.297529] NVMeVirt: [chmodel_init] bandwidth 800 max_credits 26 tx_time 152
[1384911.297544] NVMeVirt: [chmodel_init] bandwidth 3360 max_credits 110 tx_time 36
[1384911.297546] NVMeVirt: Fixed CAT init ns=0 part=0 arm=56 k=10 scale_pct=200 age_ratio=16
[1384911.298403] NVMeVirt: pqueue: Copyright (c) 2014, Volkan Yazıcı <volkan.yazici@gmail.com>. All rights reserved.
[1384911.298455] NVMeVirt: Init FTL instance with 2 channels (524288 pages)
[1384911.298457] NVMeVirt: GC victim policy: cat-fig7-fixed ns=0 part=0 initial_k=10 initial_scale_pct=200 initial_age_ratio=16 warmup_gc=100
[1384911.309281] NVMeVirt: [chmodel_init] bandwidth 800 max_credits 26 tx_time 152
[1384911.321024] NVMeVirt: [chmodel_init] bandwidth 800 max_credits 26 tx_time 152
[1384911.321050] NVMeVirt: [chmodel_init] bandwidth 3360 max_credits 110 tx_time 36
[1384911.321052] NVMeVirt: Fixed CAT init ns=0 part=1 arm=56 k=10 scale_pct=200 age_ratio=16
[1384911.322057] NVMeVirt: Init FTL instance with 2 channels (524288 pages)
[1384911.322060] NVMeVirt: GC victim policy: cat-fig7-fixed ns=0 part=1 initial_k=10 initial_scale_pct=200 initial_age_ratio=16 warmup_gc=100
[1384911.332990] NVMeVirt: [chmodel_init] bandwidth 800 max_credits 26 tx_time 152
[1384911.343934] NVMeVirt: [chmodel_init] bandwidth 800 max_credits 26 tx_time 152
[1384911.343959] NVMeVirt: [chmodel_init] bandwidth 3360 max_credits 110 tx_time 36
[1384911.343962] NVMeVirt: Fixed CAT init ns=0 part=2 arm=56 k=10 scale_pct=200 age_ratio=16
[1384911.345431] NVMeVirt: Init FTL instance with 2 channels (524288 pages)
[1384911.345437] NVMeVirt: GC victim policy: cat-fig7-fixed ns=0 part=2 initial_k=10 initial_scale_pct=200 initial_age_ratio=16 warmup_gc=100
[1384911.357142] NVMeVirt: [chmodel_init] bandwidth 800 max_credits 26 tx_time 152
[1384911.367984] NVMeVirt: [chmodel_init] bandwidth 800 max_credits 26 tx_time 152
[1384911.367999] NVMeVirt: [chmodel_init] bandwidth 3360 max_credits 110 tx_time 36
[1384911.368001] NVMeVirt: Fixed CAT init ns=0 part=3 arm=56 k=10 scale_pct=200 age_ratio=16
[1384911.368966] NVMeVirt: Init FTL instance with 2 channels (524288 pages)
[1384911.368969] NVMeVirt: GC victim policy: cat-fig7-fixed ns=0 part=3 initial_k=10 initial_scale_pct=200 initial_age_ratio=16 warmup_gc=100
[1384911.368975] NVMeVirt: FTL physical space: 8588886016, logical space: 8026996276 (physical/logical * 100 = 107)
[1384911.368977] NVMeVirt: ns 0/1: size 7655 MiB
[1384911.369024] PCI host bridge to bus 0001:10
[1384911.369027] pci_bus 0001:10: root bus resource [io  0x0000-0xffff]
[1384911.369030] pci_bus 0001:10: root bus resource [mem 0x00000000-0x7fffffffff]
[1384911.369032] pci_bus 0001:10: root bus resource [bus 00-ff]
[1384911.369039] pci 0001:10:00.0: [0c51:0110] type 00 class 0x010802 PCIe Endpoint
[1384911.369043] pci 0001:10:00.0: BAR 0 [mem 0x100000000-0x100003fff 64bit]
[1384911.369046] pci 0001:10:00.0: enabling Extended Tags
[1384911.369166] NVMeVirt: Virtual PCI bus created (node 0)
[1384911.369391] NVMeVirt: nvmev_io_worker_0 started on cpu 2 (node 0)
[1384911.369504] NVMeVirt: Virtual NVMe device created
[1384911.369631] NVMeVirt: nvmev_dispatcher started on cpu 1 (node 0)
[1384911.369762] nvme nvme0: pci function 0001:10:00.0
[1384911.373288] nvme nvme0: 8/0/0 default/read/poll queues
[1384911.453289] EXT4-fs (nvme0n1): mounted filesystem 46aa7270-e7bd-4772-9967-bc58a35cd91f r/w with ordered data mode. Quota mode: none.
[1386115.006218] EXT4-fs (nvme0n1): unmounting filesystem 46aa7270-e7bd-4772-9967-bc58a35cd91f.
[1386115.066218] pci_bus 0001:10: busn_res: [bus 10-ff] is released
[1386115.066277] NVMeVirt: GC stats: ns=0 policy=cat-fig7-fixed host_pages=2501032 gc_pages=1443318 gc_count=61621 WAF=1.577 warmup_gc=100-per-part
[1386115.143359] NVMeVirt: Virtual NVMe device closed
