[302369.163517] NVMeVirt: Version 1.10 for >> Samsung 970 Pro SSD <<
[302369.163523] NVMeVirt: Storage: 0x100100000-0x300000000 (8191 MiB)
[302369.174476] NVMeVirt: Total Capacity(GiB,MiB)=2,2048 chs=2 luns=4 lines=8192 blk-size(MiB,KiB)=0,64 line-size(MiB,KiB)=0,256
[302369.185783] NVMeVirt: [chmodel_init] bandwidth 800 max_credits 26 tx_time 152
[302369.196977] NVMeVirt: [chmodel_init] bandwidth 800 max_credits 26 tx_time 152
[302369.196991] NVMeVirt: [chmodel_init] bandwidth 3360 max_credits 110 tx_time 36
[302369.196994] NVMeVirt: Fixed CAT init ns=0 part=0 arm=47 k=10 scale_pct=25 age_ratio=16
[302369.197943] NVMeVirt: pqueue: Copyright (c) 2014, Volkan Yazıcı <volkan.yazici@gmail.com>. All rights reserved.
[302369.197981] NVMeVirt: Init FTL instance with 2 channels (524288 pages)
[302369.197983] NVMeVirt: GC victim policy: cat-fig7-fixed ns=0 part=0 initial_k=10 initial_scale_pct=25 initial_age_ratio=16 warmup_gc=100
[302369.209280] NVMeVirt: [chmodel_init] bandwidth 800 max_credits 26 tx_time 152
[302369.220156] NVMeVirt: [chmodel_init] bandwidth 800 max_credits 26 tx_time 152
[302369.220187] NVMeVirt: [chmodel_init] bandwidth 3360 max_credits 110 tx_time 36
[302369.220189] NVMeVirt: Fixed CAT init ns=0 part=1 arm=47 k=10 scale_pct=25 age_ratio=16
[302369.221090] NVMeVirt: Init FTL instance with 2 channels (524288 pages)
[302369.221103] NVMeVirt: GC victim policy: cat-fig7-fixed ns=0 part=1 initial_k=10 initial_scale_pct=25 initial_age_ratio=16 warmup_gc=100
[302369.232235] NVMeVirt: [chmodel_init] bandwidth 800 max_credits 26 tx_time 152
[302369.243872] NVMeVirt: [chmodel_init] bandwidth 800 max_credits 26 tx_time 152
[302369.243887] NVMeVirt: [chmodel_init] bandwidth 3360 max_credits 110 tx_time 36
[302369.243889] NVMeVirt: Fixed CAT init ns=0 part=2 arm=47 k=10 scale_pct=25 age_ratio=16
[302369.244834] NVMeVirt: Init FTL instance with 2 channels (524288 pages)
[302369.244837] NVMeVirt: GC victim policy: cat-fig7-fixed ns=0 part=2 initial_k=10 initial_scale_pct=25 initial_age_ratio=16 warmup_gc=100
[302369.255515] NVMeVirt: [chmodel_init] bandwidth 800 max_credits 26 tx_time 152
[302369.266248] NVMeVirt: [chmodel_init] bandwidth 800 max_credits 26 tx_time 152
[302369.266264] NVMeVirt: [chmodel_init] bandwidth 3360 max_credits 110 tx_time 36
[302369.266266] NVMeVirt: Fixed CAT init ns=0 part=3 arm=47 k=10 scale_pct=25 age_ratio=16
[302369.267431] NVMeVirt: Init FTL instance with 2 channels (524288 pages)
[302369.267435] NVMeVirt: GC victim policy: cat-fig7-fixed ns=0 part=3 initial_k=10 initial_scale_pct=25 initial_age_ratio=16 warmup_gc=100
[302369.267442] NVMeVirt: FTL physical space: 8588886016, logical space: 8026996276 (physical/logical * 100 = 107)
[302369.267444] NVMeVirt: ns 0/1: size 7655 MiB
[302369.267495] PCI host bridge to bus 0001:10
[302369.267498] pci_bus 0001:10: root bus resource [io  0x0000-0xffff]
[302369.267501] pci_bus 0001:10: root bus resource [mem 0x00000000-0x7fffffffff]
[302369.267503] pci_bus 0001:10: root bus resource [bus 00-ff]
[302369.267511] pci 0001:10:00.0: [0c51:0110] type 00 class 0x010802 PCIe Endpoint
[302369.267515] pci 0001:10:00.0: BAR 0 [mem 0x100000000-0x100003fff 64bit]
[302369.267517] pci 0001:10:00.0: enabling Extended Tags
[302369.267643] NVMeVirt: Virtual PCI bus created (node 0)
[302369.267966] NVMeVirt: nvmev_dispatcher started on cpu 1 (node 0)
[302369.268002] NVMeVirt: nvmev_io_worker_0 started on cpu 2 (node 0)
[302369.268012] NVMeVirt: Virtual NVMe device created
[302369.269776] nvme nvme0: pci function 0001:10:00.0
[302369.273919] nvme nvme0: 8/0/0 default/read/poll queues
[302369.356553] EXT4-fs (nvme0n1): mounted filesystem 4d2701cd-e465-4fa9-a259-33b7c2ed46cd r/w with ordered data mode. Quota mode: none.
[302972.931478] EXT4-fs (nvme0n1): unmounting filesystem 4d2701cd-e465-4fa9-a259-33b7c2ed46cd.
[302973.001903] pci_bus 0001:10: busn_res: [bus 10-ff] is released
[302973.002029] NVMeVirt: GC stats: ns=0 policy=cat-fig7-fixed host_pages=23500738 gc_pages=17091185 gc_count=634241 WAF=1.727 warmup_gc=100-per-part
[302973.079185] NVMeVirt: Virtual NVMe device closed
