[315055.405391] NVMeVirt: Version 1.10 for >> Samsung 970 Pro SSD <<
[315055.405397] NVMeVirt: Storage: 0x100100000-0x300000000 (8191 MiB)
[315055.416578] NVMeVirt: Total Capacity(GiB,MiB)=2,2048 chs=2 luns=4 lines=8192 blk-size(MiB,KiB)=0,64 line-size(MiB,KiB)=0,256
[315055.427630] NVMeVirt: [chmodel_init] bandwidth 800 max_credits 26 tx_time 152
[315055.438653] NVMeVirt: [chmodel_init] bandwidth 800 max_credits 26 tx_time 152
[315055.438668] NVMeVirt: [chmodel_init] bandwidth 3360 max_credits 110 tx_time 36
[315055.439566] NVMeVirt: pqueue: Copyright (c) 2014, Volkan Yazıcı <volkan.yazici@gmail.com>. All rights reserved.
[315055.439606] NVMeVirt: Init FTL instance with 2 channels (524288 pages)
[315055.439608] NVMeVirt: GC victim policy: greedy ns=0 part=0 initial_k=7 initial_scale_pct=100 initial_age_ratio=7 warmup_gc=100
[315055.450061] NVMeVirt: [chmodel_init] bandwidth 800 max_credits 26 tx_time 152
[315055.460870] NVMeVirt: [chmodel_init] bandwidth 800 max_credits 26 tx_time 152
[315055.460890] NVMeVirt: [chmodel_init] bandwidth 3360 max_credits 110 tx_time 36
[315055.462395] NVMeVirt: Init FTL instance with 2 channels (524288 pages)
[315055.462404] NVMeVirt: GC victim policy: greedy ns=0 part=1 initial_k=7 initial_scale_pct=100 initial_age_ratio=7 warmup_gc=100
[315055.473367] NVMeVirt: [chmodel_init] bandwidth 800 max_credits 26 tx_time 152
[315055.483776] NVMeVirt: [chmodel_init] bandwidth 800 max_credits 26 tx_time 152
[315055.483789] NVMeVirt: [chmodel_init] bandwidth 3360 max_credits 110 tx_time 36
[315055.484882] NVMeVirt: Init FTL instance with 2 channels (524288 pages)
[315055.484885] NVMeVirt: GC victim policy: greedy ns=0 part=2 initial_k=7 initial_scale_pct=100 initial_age_ratio=7 warmup_gc=100
[315055.495567] NVMeVirt: [chmodel_init] bandwidth 800 max_credits 26 tx_time 152
[315055.506281] NVMeVirt: [chmodel_init] bandwidth 800 max_credits 26 tx_time 152
[315055.506294] NVMeVirt: [chmodel_init] bandwidth 3360 max_credits 110 tx_time 36
[315055.507287] NVMeVirt: Init FTL instance with 2 channels (524288 pages)
[315055.507290] NVMeVirt: GC victim policy: greedy ns=0 part=3 initial_k=7 initial_scale_pct=100 initial_age_ratio=7 warmup_gc=100
[315055.507297] NVMeVirt: FTL physical space: 8588886016, logical space: 8026996276 (physical/logical * 100 = 107)
[315055.507298] NVMeVirt: ns 0/1: size 7655 MiB
[315055.507346] PCI host bridge to bus 0001:10
[315055.507348] pci_bus 0001:10: root bus resource [io  0x0000-0xffff]
[315055.507351] pci_bus 0001:10: root bus resource [mem 0x00000000-0x7fffffffff]
[315055.507353] pci_bus 0001:10: root bus resource [bus 00-ff]
[315055.507360] pci 0001:10:00.0: [0c51:0110] type 00 class 0x010802 PCIe Endpoint
[315055.507364] pci 0001:10:00.0: BAR 0 [mem 0x100000000-0x100003fff 64bit]
[315055.507367] pci 0001:10:00.0: enabling Extended Tags
[315055.507489] NVMeVirt: Virtual PCI bus created (node 0)
[315055.507751] NVMeVirt: nvmev_io_worker_0 started on cpu 2 (node 0)
[315055.507875] NVMeVirt: nvmev_dispatcher started on cpu 1 (node 0)
[315055.507895] NVMeVirt: Virtual NVMe device created
[315055.508882] nvme nvme0: pci function 0001:10:00.0
[315055.510587] nvme nvme0: 8/0/0 default/read/poll queues
[315055.606051] EXT4-fs (nvme0n1): mounted filesystem cc32a9e6-b96a-4716-b43d-7647a60124a7 r/w with ordered data mode. Quota mode: none.
[315659.119617] EXT4-fs (nvme0n1): unmounting filesystem cc32a9e6-b96a-4716-b43d-7647a60124a7.
[315659.192331] pci_bus 0001:10: busn_res: [bus 10-ff] is released
[315659.192464] NVMeVirt: GC stats: ns=0 policy=greedy host_pages=5500680 gc_pages=5687739 gc_count=174810 WAF=2.034 warmup_gc=100-per-part
[315659.272355] NVMeVirt: Virtual NVMe device closed
