[1307565.729118] NVMeVirt: Version 1.10 for >> Samsung 970 Pro SSD <<
[1307565.729126] NVMeVirt: Storage: 0x100100000-0x300000000 (8191 MiB)
[1307565.739977] NVMeVirt: Total Capacity(GiB,MiB)=2,2048 chs=2 luns=4 lines=8192 blk-size(MiB,KiB)=0,64 line-size(MiB,KiB)=0,256
[1307565.751610] NVMeVirt: [chmodel_init] bandwidth 800 max_credits 26 tx_time 152
[1307565.762823] NVMeVirt: [chmodel_init] bandwidth 800 max_credits 26 tx_time 152
[1307565.762837] NVMeVirt: [chmodel_init] bandwidth 3360 max_credits 110 tx_time 36
[1307565.762840] NVMeVirt: Fixed CAT init ns=0 part=0 arm=1 k=2 scale_pct=25 age_ratio=7
[1307565.764073] NVMeVirt: pqueue: Copyright (c) 2014, Volkan Yazıcı <volkan.yazici@gmail.com>. All rights reserved.
[1307565.764111] NVMeVirt: Init FTL instance with 2 channels (524288 pages)
[1307565.764113] NVMeVirt: GC victim policy: cat-fig7-fixed ns=0 part=0 initial_k=2 initial_scale_pct=25 initial_age_ratio=7 warmup_gc=100
[1307565.775097] NVMeVirt: [chmodel_init] bandwidth 800 max_credits 26 tx_time 152
[1307565.785784] NVMeVirt: [chmodel_init] bandwidth 800 max_credits 26 tx_time 152
[1307565.785799] NVMeVirt: [chmodel_init] bandwidth 3360 max_credits 110 tx_time 36
[1307565.785801] NVMeVirt: Fixed CAT init ns=0 part=1 arm=1 k=2 scale_pct=25 age_ratio=7
[1307565.787049] NVMeVirt: Init FTL instance with 2 channels (524288 pages)
[1307565.787052] NVMeVirt: GC victim policy: cat-fig7-fixed ns=0 part=1 initial_k=2 initial_scale_pct=25 initial_age_ratio=7 warmup_gc=100
[1307565.797564] NVMeVirt: [chmodel_init] bandwidth 800 max_credits 26 tx_time 152
[1307565.808239] NVMeVirt: [chmodel_init] bandwidth 800 max_credits 26 tx_time 152
[1307565.808254] NVMeVirt: [chmodel_init] bandwidth 3360 max_credits 110 tx_time 36
[1307565.808256] NVMeVirt: Fixed CAT init ns=0 part=2 arm=1 k=2 scale_pct=25 age_ratio=7
[1307565.809521] NVMeVirt: Init FTL instance with 2 channels (524288 pages)
[1307565.809523] NVMeVirt: GC victim policy: cat-fig7-fixed ns=0 part=2 initial_k=2 initial_scale_pct=25 initial_age_ratio=7 warmup_gc=100
[1307565.820112] NVMeVirt: [chmodel_init] bandwidth 800 max_credits 26 tx_time 152
[1307565.830363] NVMeVirt: [chmodel_init] bandwidth 800 max_credits 26 tx_time 152
[1307565.830377] NVMeVirt: [chmodel_init] bandwidth 3360 max_credits 110 tx_time 36
[1307565.830380] NVMeVirt: Fixed CAT init ns=0 part=3 arm=1 k=2 scale_pct=25 age_ratio=7
[1307565.831686] NVMeVirt: Init FTL instance with 2 channels (524288 pages)
[1307565.831689] NVMeVirt: GC victim policy: cat-fig7-fixed ns=0 part=3 initial_k=2 initial_scale_pct=25 initial_age_ratio=7 warmup_gc=100
[1307565.831696] NVMeVirt: FTL physical space: 8588886016, logical space: 8026996276 (physical/logical * 100 = 107)
[1307565.831697] NVMeVirt: ns 0/1: size 7655 MiB
[1307565.831747] PCI host bridge to bus 0001:10
[1307565.831749] pci_bus 0001:10: root bus resource [io  0x0000-0xffff]
[1307565.831752] pci_bus 0001:10: root bus resource [mem 0x00000000-0x7fffffffff]
[1307565.831754] pci_bus 0001:10: root bus resource [bus 00-ff]
[1307565.831761] pci 0001:10:00.0: [0c51:0110] type 00 class 0x010802 PCIe Endpoint
[1307565.831782] pci 0001:10:00.0: BAR 0 [mem 0x100000000-0x100003fff 64bit]
[1307565.831785] pci 0001:10:00.0: enabling Extended Tags
[1307565.831906] NVMeVirt: Virtual PCI bus created (node 0)
[1307565.832206] NVMeVirt: nvmev_io_worker_0 started on cpu 2 (node 0)
[1307565.832295] NVMeVirt: nvmev_dispatcher started on cpu 1 (node 0)
[1307565.832361] NVMeVirt: Virtual NVMe device created
[1307565.833501] nvme nvme0: pci function 0001:10:00.0
[1307565.835527] nvme nvme0: 8/0/0 default/read/poll queues
[1307565.911680] EXT4-fs (nvme0n1): mounted filesystem 78bebdda-06d3-47af-aa40-a69cacd22015 r/w with ordered data mode. Quota mode: none.
[1308769.374766] EXT4-fs (nvme0n1): unmounting filesystem 78bebdda-06d3-47af-aa40-a69cacd22015.
[1308769.438944] pci_bus 0001:10: busn_res: [bus 10-ff] is released
[1308769.439011] NVMeVirt: GC stats: ns=0 policy=cat-fig7-fixed host_pages=2501059 gc_pages=1793557 gc_count=67095 WAF=1.717 warmup_gc=100-per-part
[1308769.512391] NVMeVirt: Virtual NVMe device closed
