[990281.278771] NVMeVirt: Version 1.10 for >> Samsung 970 Pro SSD <<
[990281.278777] NVMeVirt: Storage: 0x100100000-0x300000000 (8191 MiB)
[990281.289504] NVMeVirt: Total Capacity(GiB,MiB)=2,2048 chs=2 luns=4 lines=8192 blk-size(MiB,KiB)=0,64 line-size(MiB,KiB)=0,256
[990281.300209] NVMeVirt: [chmodel_init] bandwidth 800 max_credits 26 tx_time 152
[990281.311098] NVMeVirt: [chmodel_init] bandwidth 800 max_credits 26 tx_time 152
[990281.311113] NVMeVirt: [chmodel_init] bandwidth 3360 max_credits 110 tx_time 36
[990281.311984] NVMeVirt: pqueue: Copyright (c) 2014, Volkan Yazıcı <volkan.yazici@gmail.com>. All rights reserved.
[990281.312020] NVMeVirt: Init FTL instance with 2 channels (524288 pages)
[990281.312022] NVMeVirt: GC victim policy: cat-fig7-fixed ns=0 part=0 initial_k=7 initial_scale_pct=100 initial_age_ratio=7 warmup_gc=100
[990281.322552] NVMeVirt: [chmodel_init] bandwidth 800 max_credits 26 tx_time 152
[990281.333235] NVMeVirt: [chmodel_init] bandwidth 800 max_credits 26 tx_time 152
[990281.333249] NVMeVirt: [chmodel_init] bandwidth 3360 max_credits 110 tx_time 36
[990281.334200] NVMeVirt: Init FTL instance with 2 channels (524288 pages)
[990281.334218] NVMeVirt: GC victim policy: cat-fig7-fixed ns=0 part=1 initial_k=7 initial_scale_pct=100 initial_age_ratio=7 warmup_gc=100
[990281.345161] NVMeVirt: [chmodel_init] bandwidth 800 max_credits 26 tx_time 152
[990281.355727] NVMeVirt: [chmodel_init] bandwidth 800 max_credits 26 tx_time 152
[990281.355741] NVMeVirt: [chmodel_init] bandwidth 3360 max_credits 110 tx_time 36
[990281.356770] NVMeVirt: Init FTL instance with 2 channels (524288 pages)
[990281.356773] NVMeVirt: GC victim policy: cat-fig7-fixed ns=0 part=2 initial_k=7 initial_scale_pct=100 initial_age_ratio=7 warmup_gc=100
[990281.367379] NVMeVirt: [chmodel_init] bandwidth 800 max_credits 26 tx_time 152
[990281.378147] NVMeVirt: [chmodel_init] bandwidth 800 max_credits 26 tx_time 152
[990281.378161] NVMeVirt: [chmodel_init] bandwidth 3360 max_credits 110 tx_time 36
[990281.379037] NVMeVirt: Init FTL instance with 2 channels (524288 pages)
[990281.379041] NVMeVirt: GC victim policy: cat-fig7-fixed ns=0 part=3 initial_k=7 initial_scale_pct=100 initial_age_ratio=7 warmup_gc=100
[990281.379047] NVMeVirt: FTL physical space: 8588886016, logical space: 8026996276 (physical/logical * 100 = 107)
[990281.379049] NVMeVirt: ns 0/1: size 7655 MiB
[990281.379137] PCI host bridge to bus 0001:10
[990281.379141] pci_bus 0001:10: root bus resource [io  0x0000-0xffff]
[990281.379144] pci_bus 0001:10: root bus resource [mem 0x00000000-0x7fffffffff]
[990281.379147] pci_bus 0001:10: root bus resource [bus 00-ff]
[990281.379158] pci 0001:10:00.0: [0c51:0110] type 00 class 0x010802 PCIe Endpoint
[990281.379163] pci 0001:10:00.0: BAR 0 [mem 0x100000000-0x100003fff 64bit]
[990281.379167] pci 0001:10:00.0: enabling Extended Tags
[990281.379334] NVMeVirt: Virtual PCI bus created (node 0)
[990281.379694] NVMeVirt: nvmev_io_worker_0 started on cpu 2 (node 0)
[990281.379799] NVMeVirt: Virtual NVMe device created
[990281.379925] NVMeVirt: nvmev_dispatcher started on cpu 1 (node 0)
[990281.380003] nvme nvme0: pci function 0001:10:00.0
[990281.383598] nvme nvme0: 8/0/0 default/read/poll queues
[990281.455148] EXT4-fs (nvme0n1): mounted filesystem bf555187-5821-4789-be48-587eddd30d88 r/w with ordered data mode. Quota mode: none.
[990885.711556] EXT4-fs (nvme0n1): unmounting filesystem bf555187-5821-4789-be48-587eddd30d88.
[990885.787597] pci_bus 0001:10: busn_res: [bus 10-ff] is released
[990885.787717] NVMeVirt: GC stats: ns=0 policy=cat-fig7-fixed host_pages=23502616 gc_pages=14020437 gc_count=586296 WAF=1.596 warmup_gc=100-per-part
[990885.861644] NVMeVirt: Virtual NVMe device closed
