[87812.829861] NVMeVirt: Version 1.10 for >> Samsung 970 Pro SSD <<
[87812.829872] NVMeVirt: Storage: 0x100100000-0x300000000 (8191 MiB)
[87812.848698] NVMeVirt: Total Capacity(GiB,MiB)=2,2048 chs=2 luns=4 lines=8192 blk-size(MiB,KiB)=0,64 line-size(MiB,KiB)=0,256
[87812.865773] NVMeVirt: [chmodel_init] bandwidth 800 max_credits 26 tx_time 152
[87812.880738] NVMeVirt: [chmodel_init] bandwidth 800 max_credits 26 tx_time 152
[87812.880758] NVMeVirt: [chmodel_init] bandwidth 3360 max_credits 110 tx_time 36
[87812.880762] NVMeVirt: Fixed CAT init ns=0 part=0 arm=47 k=10 scale_pct=25 age_ratio=16
[87812.882463] NVMeVirt: pqueue: Copyright (c) 2014, Volkan Yazıcı <volkan.yazici@gmail.com>. All rights reserved.
[87812.882502] NVMeVirt: Init FTL instance with 2 channels (524288 pages)
[87812.882504] NVMeVirt: GC victim policy: cat-fig7-fixed ns=0 part=0 initial_k=10 initial_scale_pct=25 initial_age_ratio=16 warmup_gc=100
[87812.898876] NVMeVirt: [chmodel_init] bandwidth 800 max_credits 26 tx_time 152
[87812.913216] NVMeVirt: [chmodel_init] bandwidth 800 max_credits 26 tx_time 152
[87812.913241] NVMeVirt: [chmodel_init] bandwidth 3360 max_credits 110 tx_time 36
[87812.913245] NVMeVirt: Fixed CAT init ns=0 part=1 arm=47 k=10 scale_pct=25 age_ratio=16
[87812.915105] NVMeVirt: Init FTL instance with 2 channels (524288 pages)
[87812.915108] NVMeVirt: GC victim policy: cat-fig7-fixed ns=0 part=1 initial_k=10 initial_scale_pct=25 initial_age_ratio=16 warmup_gc=100
[87812.929709] NVMeVirt: [chmodel_init] bandwidth 800 max_credits 26 tx_time 152
[87812.944418] NVMeVirt: [chmodel_init] bandwidth 800 max_credits 26 tx_time 152
[87812.944442] NVMeVirt: [chmodel_init] bandwidth 3360 max_credits 110 tx_time 36
[87812.944446] NVMeVirt: Fixed CAT init ns=0 part=2 arm=47 k=10 scale_pct=25 age_ratio=16
[87812.946616] NVMeVirt: Init FTL instance with 2 channels (524288 pages)
[87812.946619] NVMeVirt: GC victim policy: cat-fig7-fixed ns=0 part=2 initial_k=10 initial_scale_pct=25 initial_age_ratio=16 warmup_gc=100
[87812.963925] NVMeVirt: [chmodel_init] bandwidth 800 max_credits 26 tx_time 152
[87812.981052] NVMeVirt: [chmodel_init] bandwidth 800 max_credits 26 tx_time 152
[87812.981076] NVMeVirt: [chmodel_init] bandwidth 3360 max_credits 110 tx_time 36
[87812.981079] NVMeVirt: Fixed CAT init ns=0 part=3 arm=47 k=10 scale_pct=25 age_ratio=16
[87812.982857] NVMeVirt: Init FTL instance with 2 channels (524288 pages)
[87812.982861] NVMeVirt: GC victim policy: cat-fig7-fixed ns=0 part=3 initial_k=10 initial_scale_pct=25 initial_age_ratio=16 warmup_gc=100
[87812.982872] NVMeVirt: FTL physical space: 8588886016, logical space: 8026996276 (physical/logical * 100 = 107)
[87812.982874] NVMeVirt: ns 0/1: size 7655 MiB
[87812.983002] PCI host bridge to bus 0001:10
[87812.983007] pci_bus 0001:10: root bus resource [io  0x0000-0xffff]
[87812.983013] pci_bus 0001:10: root bus resource [mem 0x00000000-0x7ffffffffff]
[87812.983017] pci_bus 0001:10: root bus resource [bus 00-ff]
[87812.983036] pci 0001:10:00.0: [0c51:0110] type 00 class 0x010802 PCIe Endpoint
[87812.983042] pci 0001:10:00.0: BAR 0 [mem 0x100000000-0x100003fff 64bit]
[87812.983047] pci 0001:10:00.0: enabling Extended Tags
[87812.983520] NVMeVirt: Virtual PCI bus created (node 0)
[87812.984065] NVMeVirt: nvmev_io_worker_0 started on cpu 2 (node 0)
[87812.984185] NVMeVirt: Virtual NVMe device created
[87812.984653] nvme nvme1: pci function 0001:10:00.0
[87812.985650] NVMeVirt: nvmev_dispatcher started on cpu 1 (node 0)
[87812.987860] nvme nvme1: 12/0/0 default/read/poll queues
[87813.100672] EXT4-fs (nvme1n1): mounted filesystem ba99e7fc-c59c-4c70-a4b1-c8a6a144ba1a r/w with ordered data mode. Quota mode: none.
[88416.595029] EXT4-fs (nvme1n1): unmounting filesystem ba99e7fc-c59c-4c70-a4b1-c8a6a144ba1a.
[88416.690848] pci_bus 0001:10: busn_res: [bus 10-ff] is released
[88416.690959] NVMeVirt: GC stats: ns=0 policy=cat-fig7-fixed host_pages=23500672 gc_pages=17589830 gc_count=642031 WAF=1.748 warmup_gc=100-per-part
[88416.808034] NVMeVirt: Virtual NVMe device closed
