[89020.793434] NVMeVirt: Version 1.10 for >> Samsung 970 Pro SSD <<
[89020.793442] NVMeVirt: Storage: 0x100100000-0x300000000 (8191 MiB)
[89020.811947] NVMeVirt: Total Capacity(GiB,MiB)=2,2048 chs=2 luns=4 lines=8192 blk-size(MiB,KiB)=0,64 line-size(MiB,KiB)=0,256
[89020.826669] NVMeVirt: [chmodel_init] bandwidth 800 max_credits 26 tx_time 152
[89020.840820] NVMeVirt: [chmodel_init] bandwidth 800 max_credits 26 tx_time 152
[89020.840836] NVMeVirt: [chmodel_init] bandwidth 3360 max_credits 110 tx_time 36
[89020.842157] NVMeVirt: pqueue: Copyright (c) 2014, Volkan Yazıcı <volkan.yazici@gmail.com>. All rights reserved.
[89020.842189] NVMeVirt: Init FTL instance with 2 channels (524288 pages)
[89020.842191] NVMeVirt: GC victim policy: greedy ns=0 part=0 initial_k=7 initial_scale_pct=100 initial_age_ratio=7 warmup_gc=100
[89020.856413] NVMeVirt: [chmodel_init] bandwidth 800 max_credits 26 tx_time 152
[89020.870429] NVMeVirt: [chmodel_init] bandwidth 800 max_credits 26 tx_time 152
[89020.870445] NVMeVirt: [chmodel_init] bandwidth 3360 max_credits 110 tx_time 36
[89020.871811] NVMeVirt: Init FTL instance with 2 channels (524288 pages)
[89020.871814] NVMeVirt: GC victim policy: greedy ns=0 part=1 initial_k=7 initial_scale_pct=100 initial_age_ratio=7 warmup_gc=100
[89020.885845] NVMeVirt: [chmodel_init] bandwidth 800 max_credits 26 tx_time 152
[89020.900014] NVMeVirt: [chmodel_init] bandwidth 800 max_credits 26 tx_time 152
[89020.900030] NVMeVirt: [chmodel_init] bandwidth 3360 max_credits 110 tx_time 36
[89020.901420] NVMeVirt: Init FTL instance with 2 channels (524288 pages)
[89020.901422] NVMeVirt: GC victim policy: greedy ns=0 part=2 initial_k=7 initial_scale_pct=100 initial_age_ratio=7 warmup_gc=100
[89020.915409] NVMeVirt: [chmodel_init] bandwidth 800 max_credits 26 tx_time 152
[89020.929653] NVMeVirt: [chmodel_init] bandwidth 800 max_credits 26 tx_time 152
[89020.929669] NVMeVirt: [chmodel_init] bandwidth 3360 max_credits 110 tx_time 36
[89020.931057] NVMeVirt: Init FTL instance with 2 channels (524288 pages)
[89020.931059] NVMeVirt: GC victim policy: greedy ns=0 part=3 initial_k=7 initial_scale_pct=100 initial_age_ratio=7 warmup_gc=100
[89020.931067] NVMeVirt: FTL physical space: 8588886016, logical space: 8026996276 (physical/logical * 100 = 107)
[89020.931069] NVMeVirt: ns 0/1: size 7655 MiB
[89020.931141] PCI host bridge to bus 0001:10
[89020.931144] pci_bus 0001:10: root bus resource [io  0x0000-0xffff]
[89020.931148] pci_bus 0001:10: root bus resource [mem 0x00000000-0x7ffffffffff]
[89020.931152] pci_bus 0001:10: root bus resource [bus 00-ff]
[89020.931163] pci 0001:10:00.0: [0c51:0110] type 00 class 0x010802 PCIe Endpoint
[89020.931170] pci 0001:10:00.0: BAR 0 [mem 0x100000000-0x100003fff 64bit]
[89020.931174] pci 0001:10:00.0: enabling Extended Tags
[89020.931440] NVMeVirt: Virtual PCI bus created (node 0)
[89020.931735] NVMeVirt: nvmev_io_worker_0 started on cpu 2 (node 0)
[89020.931753] NVMeVirt: nvmev_dispatcher started on cpu 1 (node 0)
[89020.931784] NVMeVirt: Virtual NVMe device created
[89020.932117] nvme nvme1: pci function 0001:10:00.0
[89020.935094] nvme nvme1: 12/0/0 default/read/poll queues
[89021.024123] EXT4-fs (nvme1n1): mounted filesystem c5baa71e-b599-4c82-8c69-2a1b175cccdb r/w with ordered data mode. Quota mode: none.
[89624.450238] EXT4-fs (nvme1n1): unmounting filesystem c5baa71e-b599-4c82-8c69-2a1b175cccdb.
[89624.528465] pci_bus 0001:10: busn_res: [bus 10-ff] is released
[89624.528607] NVMeVirt: GC stats: ns=0 policy=greedy host_pages=23500672 gc_pages=28748786 gc_count=816389 WAF=2.223 warmup_gc=100-per-part
[89624.643018] NVMeVirt: Virtual NVMe device closed
