[312639.370167] NVMeVirt: Version 1.10 for >> Samsung 970 Pro SSD <<
[312639.370173] NVMeVirt: Storage: 0x100100000-0x300000000 (8191 MiB)
[312639.381244] NVMeVirt: Total Capacity(GiB,MiB)=2,2048 chs=2 luns=4 lines=8192 blk-size(MiB,KiB)=0,64 line-size(MiB,KiB)=0,256
[312639.392121] NVMeVirt: [chmodel_init] bandwidth 800 max_credits 26 tx_time 152
[312639.402782] NVMeVirt: [chmodel_init] bandwidth 800 max_credits 26 tx_time 152
[312639.402797] NVMeVirt: [chmodel_init] bandwidth 3360 max_credits 110 tx_time 36
[312639.403742] NVMeVirt: pqueue: Copyright (c) 2014, Volkan Yazıcı <volkan.yazici@gmail.com>. All rights reserved.
[312639.403778] NVMeVirt: Init FTL instance with 2 channels (524288 pages)
[312639.403780] NVMeVirt: GC victim policy: cat-fig7-fixed ns=0 part=0 initial_k=7 initial_scale_pct=100 initial_age_ratio=7 warmup_gc=100
[312639.414088] NVMeVirt: [chmodel_init] bandwidth 800 max_credits 26 tx_time 152
[312639.424551] NVMeVirt: [chmodel_init] bandwidth 800 max_credits 26 tx_time 152
[312639.424566] NVMeVirt: [chmodel_init] bandwidth 3360 max_credits 110 tx_time 36
[312639.425447] NVMeVirt: Init FTL instance with 2 channels (524288 pages)
[312639.425451] NVMeVirt: GC victim policy: cat-fig7-fixed ns=0 part=1 initial_k=7 initial_scale_pct=100 initial_age_ratio=7 warmup_gc=100
[312639.435902] NVMeVirt: [chmodel_init] bandwidth 800 max_credits 26 tx_time 152
[312639.446613] NVMeVirt: [chmodel_init] bandwidth 800 max_credits 26 tx_time 152
[312639.446629] NVMeVirt: [chmodel_init] bandwidth 3360 max_credits 110 tx_time 36
[312639.447639] NVMeVirt: Init FTL instance with 2 channels (524288 pages)
[312639.447642] NVMeVirt: GC victim policy: cat-fig7-fixed ns=0 part=2 initial_k=7 initial_scale_pct=100 initial_age_ratio=7 warmup_gc=100
[312639.458282] NVMeVirt: [chmodel_init] bandwidth 800 max_credits 26 tx_time 152
[312639.468670] NVMeVirt: [chmodel_init] bandwidth 800 max_credits 26 tx_time 152
[312639.468683] NVMeVirt: [chmodel_init] bandwidth 3360 max_credits 110 tx_time 36
[312639.469850] NVMeVirt: Init FTL instance with 2 channels (524288 pages)
[312639.469853] NVMeVirt: GC victim policy: cat-fig7-fixed ns=0 part=3 initial_k=7 initial_scale_pct=100 initial_age_ratio=7 warmup_gc=100
[312639.469859] NVMeVirt: FTL physical space: 8588886016, logical space: 8026996276 (physical/logical * 100 = 107)
[312639.469860] NVMeVirt: ns 0/1: size 7655 MiB
[312639.469908] PCI host bridge to bus 0001:10
[312639.469927] pci_bus 0001:10: root bus resource [io  0x0000-0xffff]
[312639.469930] pci_bus 0001:10: root bus resource [mem 0x00000000-0x7fffffffff]
[312639.469932] pci_bus 0001:10: root bus resource [bus 00-ff]
[312639.469939] pci 0001:10:00.0: [0c51:0110] type 00 class 0x010802 PCIe Endpoint
[312639.469943] pci 0001:10:00.0: BAR 0 [mem 0x100000000-0x100003fff 64bit]
[312639.469946] pci 0001:10:00.0: enabling Extended Tags
[312639.470084] NVMeVirt: Virtual PCI bus created (node 0)
[312639.470370] NVMeVirt: nvmev_io_worker_0 started on cpu 2 (node 0)
[312639.470399] NVMeVirt: nvmev_dispatcher started on cpu 1 (node 0)
[312639.470426] NVMeVirt: Virtual NVMe device created
[312639.470618] nvme nvme0: pci function 0001:10:00.0
[312639.473169] nvme nvme0: 8/0/0 default/read/poll queues
[312639.552657] EXT4-fs (nvme0n1): mounted filesystem 53d16ff0-5e7b-436d-ba17-b925a7442f87 r/w with ordered data mode. Quota mode: none.
[313243.044437] EXT4-fs (nvme0n1): unmounting filesystem 53d16ff0-5e7b-436d-ba17-b925a7442f87.
[313243.106406] pci_bus 0001:10: busn_res: [bus 10-ff] is released
[313243.106542] NVMeVirt: GC stats: ns=0 policy=cat-fig7-fixed host_pages=23500687 gc_pages=22030954 gc_count=711424 WAF=1.937 warmup_gc=100-per-part
[313243.186204] NVMeVirt: Virtual NVMe device closed
