[307804.931248] NVMeVirt: Version 1.10 for >> Samsung 970 Pro SSD <<
[307804.931268] NVMeVirt: Storage: 0x100100000-0x300000000 (8191 MiB)
[307804.942458] NVMeVirt: Total Capacity(GiB,MiB)=2,2048 chs=2 luns=4 lines=8192 blk-size(MiB,KiB)=0,64 line-size(MiB,KiB)=0,256
[307804.954704] NVMeVirt: [chmodel_init] bandwidth 800 max_credits 26 tx_time 152
[307804.964993] NVMeVirt: [chmodel_init] bandwidth 800 max_credits 26 tx_time 152
[307804.965008] NVMeVirt: [chmodel_init] bandwidth 3360 max_credits 110 tx_time 36
[307804.966179] NVMeVirt: pqueue: Copyright (c) 2014, Volkan Yazıcı <volkan.yazici@gmail.com>. All rights reserved.
[307804.966258] NVMeVirt: Init FTL instance with 2 channels (524288 pages)
[307804.966261] NVMeVirt: GC victim policy: greedy ns=0 part=0 initial_k=7 initial_scale_pct=100 initial_age_ratio=7 warmup_gc=100
[307804.978423] NVMeVirt: [chmodel_init] bandwidth 800 max_credits 26 tx_time 152
[307804.991146] NVMeVirt: [chmodel_init] bandwidth 800 max_credits 26 tx_time 152
[307804.991161] NVMeVirt: [chmodel_init] bandwidth 3360 max_credits 110 tx_time 36
[307804.992121] NVMeVirt: Init FTL instance with 2 channels (524288 pages)
[307804.992125] NVMeVirt: GC victim policy: greedy ns=0 part=1 initial_k=7 initial_scale_pct=100 initial_age_ratio=7 warmup_gc=100
[307805.004076] NVMeVirt: [chmodel_init] bandwidth 800 max_credits 26 tx_time 152
[307805.014655] NVMeVirt: [chmodel_init] bandwidth 800 max_credits 26 tx_time 152
[307805.014671] NVMeVirt: [chmodel_init] bandwidth 3360 max_credits 110 tx_time 36
[307805.015966] NVMeVirt: Init FTL instance with 2 channels (524288 pages)
[307805.015970] NVMeVirt: GC victim policy: greedy ns=0 part=2 initial_k=7 initial_scale_pct=100 initial_age_ratio=7 warmup_gc=100
[307805.027967] NVMeVirt: [chmodel_init] bandwidth 800 max_credits 26 tx_time 152
[307805.039779] NVMeVirt: [chmodel_init] bandwidth 800 max_credits 26 tx_time 152
[307805.039794] NVMeVirt: [chmodel_init] bandwidth 3360 max_credits 110 tx_time 36
[307805.040812] NVMeVirt: Init FTL instance with 2 channels (524288 pages)
[307805.040816] NVMeVirt: GC victim policy: greedy ns=0 part=3 initial_k=7 initial_scale_pct=100 initial_age_ratio=7 warmup_gc=100
[307805.040823] NVMeVirt: FTL physical space: 8588886016, logical space: 8026996276 (physical/logical * 100 = 107)
[307805.040824] NVMeVirt: ns 0/1: size 7655 MiB
[307805.040872] PCI host bridge to bus 0001:10
[307805.040891] pci_bus 0001:10: root bus resource [io  0x0000-0xffff]
[307805.040894] pci_bus 0001:10: root bus resource [mem 0x00000000-0x7fffffffff]
[307805.040897] pci_bus 0001:10: root bus resource [bus 00-ff]
[307805.040904] pci 0001:10:00.0: [0c51:0110] type 00 class 0x010802 PCIe Endpoint
[307805.040909] pci 0001:10:00.0: BAR 0 [mem 0x100000000-0x100003fff 64bit]
[307805.040911] pci 0001:10:00.0: enabling Extended Tags
[307805.041034] NVMeVirt: Virtual PCI bus created (node 0)
[307805.041300] NVMeVirt: nvmev_io_worker_0 started on cpu 2 (node 0)
[307805.041435] NVMeVirt: Virtual NVMe device created
[307805.041566] NVMeVirt: nvmev_dispatcher started on cpu 1 (node 0)
[307805.041630] nvme nvme0: pci function 0001:10:00.0
[307805.043867] nvme nvme0: 8/0/0 default/read/poll queues
[307805.124387] EXT4-fs (nvme0n1): mounted filesystem ca077842-8bec-4df3-abb8-bdd6f03b2200 r/w with ordered data mode. Quota mode: none.
[308408.816786] EXT4-fs (nvme0n1): unmounting filesystem ca077842-8bec-4df3-abb8-bdd6f03b2200.
[308408.881386] pci_bus 0001:10: busn_res: [bus 10-ff] is released
[308408.881508] NVMeVirt: GC stats: ns=0 policy=greedy host_pages=23502311 gc_pages=14743157 gc_count=597583 WAF=1.627 warmup_gc=100-per-part
[308408.959124] NVMeVirt: Virtual NVMe device closed
