[362762.111159] NVMeVirt: Version 1.10 for >> Samsung 970 Pro SSD <<
[362762.111165] NVMeVirt: Storage: 0x100100000-0x300000000 (8191 MiB)
[362762.122296] NVMeVirt: Total Capacity(GiB,MiB)=2,2048 chs=2 luns=4 lines=8192 blk-size(MiB,KiB)=0,64 line-size(MiB,KiB)=0,256
[362762.133304] NVMeVirt: [chmodel_init] bandwidth 800 max_credits 26 tx_time 152
[362762.143794] NVMeVirt: [chmodel_init] bandwidth 800 max_credits 26 tx_time 152
[362762.143809] NVMeVirt: [chmodel_init] bandwidth 3360 max_credits 110 tx_time 36
[362762.143811] NVMeVirt: Fixed CAT init ns=0 part=0 arm=16 k=4 scale_pct=25 age_ratio=7
[362762.145095] NVMeVirt: pqueue: Copyright (c) 2014, Volkan Yazıcı <volkan.yazici@gmail.com>. All rights reserved.
[362762.145133] NVMeVirt: Init FTL instance with 2 channels (524288 pages)
[362762.145135] NVMeVirt: GC victim policy: cat-fig7-fixed ns=0 part=0 initial_k=4 initial_scale_pct=25 initial_age_ratio=7 warmup_gc=100
[362762.155773] NVMeVirt: [chmodel_init] bandwidth 800 max_credits 26 tx_time 152
[362762.166340] NVMeVirt: [chmodel_init] bandwidth 800 max_credits 26 tx_time 152
[362762.166353] NVMeVirt: [chmodel_init] bandwidth 3360 max_credits 110 tx_time 36
[362762.166355] NVMeVirt: Fixed CAT init ns=0 part=1 arm=16 k=4 scale_pct=25 age_ratio=7
[362762.167648] NVMeVirt: Init FTL instance with 2 channels (524288 pages)
[362762.167651] NVMeVirt: GC victim policy: cat-fig7-fixed ns=0 part=1 initial_k=4 initial_scale_pct=25 initial_age_ratio=7 warmup_gc=100
[362762.177942] NVMeVirt: [chmodel_init] bandwidth 800 max_credits 26 tx_time 152
[362762.188652] NVMeVirt: [chmodel_init] bandwidth 800 max_credits 26 tx_time 152
[362762.188666] NVMeVirt: [chmodel_init] bandwidth 3360 max_credits 110 tx_time 36
[362762.188668] NVMeVirt: Fixed CAT init ns=0 part=2 arm=16 k=4 scale_pct=25 age_ratio=7
[362762.189994] NVMeVirt: Init FTL instance with 2 channels (524288 pages)
[362762.189997] NVMeVirt: GC victim policy: cat-fig7-fixed ns=0 part=2 initial_k=4 initial_scale_pct=25 initial_age_ratio=7 warmup_gc=100
[362762.200303] NVMeVirt: [chmodel_init] bandwidth 800 max_credits 26 tx_time 152
[362762.210553] NVMeVirt: [chmodel_init] bandwidth 800 max_credits 26 tx_time 152
[362762.210566] NVMeVirt: [chmodel_init] bandwidth 3360 max_credits 110 tx_time 36
[362762.210568] NVMeVirt: Fixed CAT init ns=0 part=3 arm=16 k=4 scale_pct=25 age_ratio=7
[362762.211809] NVMeVirt: Init FTL instance with 2 channels (524288 pages)
[362762.211812] NVMeVirt: GC victim policy: cat-fig7-fixed ns=0 part=3 initial_k=4 initial_scale_pct=25 initial_age_ratio=7 warmup_gc=100
[362762.211818] NVMeVirt: FTL physical space: 8588886016, logical space: 8026996276 (physical/logical * 100 = 107)
[362762.211819] NVMeVirt: ns 0/1: size 7655 MiB
[362762.211867] PCI host bridge to bus 0001:10
[362762.211869] pci_bus 0001:10: root bus resource [io  0x0000-0xffff]
[362762.211872] pci_bus 0001:10: root bus resource [mem 0x00000000-0x7fffffffff]
[362762.211894] pci_bus 0001:10: root bus resource [bus 00-ff]
[362762.211902] pci 0001:10:00.0: [0c51:0110] type 00 class 0x010802 PCIe Endpoint
[362762.211906] pci 0001:10:00.0: BAR 0 [mem 0x100000000-0x100003fff 64bit]
[362762.211909] pci 0001:10:00.0: enabling Extended Tags
[362762.212066] NVMeVirt: Virtual PCI bus created (node 0)
[362762.212378] NVMeVirt: nvmev_dispatcher started on cpu 1 (node 0)
[362762.212425] NVMeVirt: Virtual NVMe device created
[362762.212670] nvme nvme0: pci function 0001:10:00.0
[362762.213307] NVMeVirt: nvmev_io_worker_0 started on cpu 2 (node 0)
[362762.216420] nvme nvme0: 8/0/0 default/read/poll queues
[362762.292013] EXT4-fs (nvme0n1): mounted filesystem 1a455e14-eef2-44bc-8ce9-5dcde584ba7c r/w with ordered data mode. Quota mode: none.
[363365.785116] EXT4-fs (nvme0n1): unmounting filesystem 1a455e14-eef2-44bc-8ce9-5dcde584ba7c.
[363365.848219] pci_bus 0001:10: busn_res: [bus 10-ff] is released
[363365.848272] NVMeVirt: GC stats: ns=0 policy=cat-fig7-fixed host_pages=23500711 gc_pages=18722430 gc_count=659728 WAF=1.796 warmup_gc=100-per-part
[363365.924381] NVMeVirt: Virtual NVMe device closed
