[970417.868635] mix-mixP-fixed50-284782 BEGIN
[970417.889863] NVMeVirt: Version 1.10 for >> Samsung 970 Pro SSD <<
[970417.889869] NVMeVirt: Storage: 0x100100000-0x300000000 (8191 MiB)
[970417.900934] NVMeVirt: Total Capacity(GiB,MiB)=2,2048 chs=2 luns=4 lines=8192 blk-size(MiB,KiB)=0,64 line-size(MiB,KiB)=0,256
[970417.912506] NVMeVirt: [chmodel_init] bandwidth 800 max_credits 26 tx_time 152
[970417.923280] NVMeVirt: [chmodel_init] bandwidth 800 max_credits 26 tx_time 152
[970417.923295] NVMeVirt: [chmodel_init] bandwidth 3360 max_credits 110 tx_time 36
[970417.923297] NVMeVirt: Fixed CAT init ns=0 part=0 arm=50 k=10 scale_pct=50 age_ratio=16
[970417.924304] NVMeVirt: pqueue: Copyright (c) 2014, Volkan Yazıcı <volkan.yazici@gmail.com>. All rights reserved.
[970417.924340] NVMeVirt: Init FTL instance with 2 channels (524288 pages)
[970417.924342] NVMeVirt: GC victim policy: cat-fig7-fixed ns=0 part=0 initial_k=10 initial_scale_pct=50 initial_age_ratio=16 warmup_gc=100
[970417.934801] NVMeVirt: [chmodel_init] bandwidth 800 max_credits 26 tx_time 152
[970417.944885] NVMeVirt: [chmodel_init] bandwidth 800 max_credits 26 tx_time 152
[970417.944899] NVMeVirt: [chmodel_init] bandwidth 3360 max_credits 110 tx_time 36
[970417.944901] NVMeVirt: Fixed CAT init ns=0 part=1 arm=50 k=10 scale_pct=50 age_ratio=16
[970417.945801] NVMeVirt: Init FTL instance with 2 channels (524288 pages)
[970417.945818] NVMeVirt: GC victim policy: cat-fig7-fixed ns=0 part=1 initial_k=10 initial_scale_pct=50 initial_age_ratio=16 warmup_gc=100
[970417.955941] NVMeVirt: [chmodel_init] bandwidth 800 max_credits 26 tx_time 152
[970417.966037] NVMeVirt: [chmodel_init] bandwidth 800 max_credits 26 tx_time 152
[970417.966050] NVMeVirt: [chmodel_init] bandwidth 3360 max_credits 110 tx_time 36
[970417.966052] NVMeVirt: Fixed CAT init ns=0 part=2 arm=50 k=10 scale_pct=50 age_ratio=16
[970417.967026] NVMeVirt: Init FTL instance with 2 channels (524288 pages)
[970417.967028] NVMeVirt: GC victim policy: cat-fig7-fixed ns=0 part=2 initial_k=10 initial_scale_pct=50 initial_age_ratio=16 warmup_gc=100
[970417.977265] NVMeVirt: [chmodel_init] bandwidth 800 max_credits 26 tx_time 152
[970417.987384] NVMeVirt: [chmodel_init] bandwidth 800 max_credits 26 tx_time 152
[970417.987398] NVMeVirt: [chmodel_init] bandwidth 3360 max_credits 110 tx_time 36
[970417.987400] NVMeVirt: Fixed CAT init ns=0 part=3 arm=50 k=10 scale_pct=50 age_ratio=16
[970417.988418] NVMeVirt: Init FTL instance with 2 channels (524288 pages)
[970417.988421] NVMeVirt: GC victim policy: cat-fig7-fixed ns=0 part=3 initial_k=10 initial_scale_pct=50 initial_age_ratio=16 warmup_gc=100
[970417.988427] NVMeVirt: FTL physical space: 8588886016, logical space: 8026996276 (physical/logical * 100 = 107)
[970417.988429] NVMeVirt: ns 0/1: size 7655 MiB
[970417.988479] PCI host bridge to bus 0001:10
[970417.988481] pci_bus 0001:10: root bus resource [io  0x0000-0xffff]
[970417.988483] pci_bus 0001:10: root bus resource [mem 0x00000000-0x7fffffffff]
[970417.988500] pci_bus 0001:10: root bus resource [bus 00-ff]
[970417.988508] pci 0001:10:00.0: [0c51:0110] type 00 class 0x010802 PCIe Endpoint
[970417.988512] pci 0001:10:00.0: BAR 0 [mem 0x100000000-0x100003fff 64bit]
[970417.988515] pci 0001:10:00.0: enabling Extended Tags
[970417.988640] NVMeVirt: Virtual PCI bus created (node 0)
[970417.989003] NVMeVirt: nvmev_io_worker_0 started on cpu 2 (node 0)
[970417.989128] NVMeVirt: Virtual NVMe device created
[970417.989183] NVMeVirt: nvmev_dispatcher started on cpu 1 (node 0)
[970417.989365] nvme nvme0: pci function 0001:10:00.0
[970417.992040] nvme nvme0: 8/0/0 default/read/poll queues
[970418.385178] EXT4-fs (nvme0n1): mounted filesystem 6a83e289-6251-43f1-942b-83dcd1a4a669 r/w with ordered data mode. Quota mode: none.
[970500.613955] NVMeVirt: Fixed CAT init ns=0 part=0 arm=50 k=10 scale_pct=50 age_ratio=16
[970500.613961] NVMeVirt: Fixed CAT init ns=0 part=1 arm=50 k=10 scale_pct=50 age_ratio=16
[970500.613963] NVMeVirt: Fixed CAT init ns=0 part=2 arm=50 k=10 scale_pct=50 age_ratio=16
[970500.613964] NVMeVirt: Fixed CAT init ns=0 part=3 arm=50 k=10 scale_pct=50 age_ratio=16
[970500.613966] NVMeVirt: Measurement: command=start epoch=1 host_bytes=0 learner_active=1
[970500.622806] mix-mixP-fixed50-284782 phase=A START
[970500.633854] mix-mixP-fixed50-284782 phase=A LOAD
[970510.788727] mix-mixP-fixed50-284782 phase=A RUN
[970514.939732] tee (285193): drop_caches: 3
[970520.326408] tee (285197): drop_caches: 3
[970525.515773] tee (285202): drop_caches: 3
[970530.770937] tee (285213): drop_caches: 3
[970535.934226] tee (285217): drop_caches: 3
[970540.287615] tee (285229): drop_caches: 3
[970545.417176] tee (285233): drop_caches: 3
[970550.481811] tee (285237): drop_caches: 3
[970555.590807] tee (285241): drop_caches: 3
[970560.750419] tee (285252): drop_caches: 3
[970565.903355] tee (285256): drop_caches: 3
[970570.267315] tee (285268): drop_caches: 3
[970575.465497] tee (285272): drop_caches: 3
[970580.699227] tee (285279): drop_caches: 3
[970582.312240] mix-mixP-fixed50-284782 phase=A END
[970582.623046] mix-mixP-fixed50-284782 phase=B START
[970886.927596] mix-mixP-fixed50-284782 phase=B END
[970887.138768] NVMeVirt: Measurement: command=stop epoch=1 host_bytes=40626040832 learner_active=0
[970887.444581] EXT4-fs (nvme0n1): unmounting filesystem 6a83e289-6251-43f1-942b-83dcd1a4a669.
[970887.703500] pci_bus 0001:10: busn_res: [bus 10-ff] is released
[970887.703545] NVMeVirt: GC stats: ns=0 policy=cat-fig7-fixed host_pages=9918467 gc_pages=1545290 gc_count=179122 WAF=1.155 warmup_gc=100-per-part
[970887.773604] NVMeVirt: Virtual NVMe device closed
