[327923.820703] mix-mixA-fixed50-730611 BEGIN
[327923.853838] NVMeVirt: Version 1.10 for >> Samsung 970 Pro SSD <<
[327923.853843] NVMeVirt: Storage: 0x100100000-0x300000000 (8191 MiB)
[327923.864776] NVMeVirt: Total Capacity(GiB,MiB)=2,2048 chs=2 luns=4 lines=8192 blk-size(MiB,KiB)=0,64 line-size(MiB,KiB)=0,256
[327923.876102] NVMeVirt: [chmodel_init] bandwidth 800 max_credits 26 tx_time 152
[327923.886797] NVMeVirt: [chmodel_init] bandwidth 800 max_credits 26 tx_time 152
[327923.886810] NVMeVirt: [chmodel_init] bandwidth 3360 max_credits 110 tx_time 36
[327923.886813] NVMeVirt: Fixed CAT init ns=0 part=0 arm=50 k=10 scale_pct=50 age_ratio=16
[327923.887667] NVMeVirt: pqueue: Copyright (c) 2014, Volkan Yazıcı <volkan.yazici@gmail.com>. All rights reserved.
[327923.887704] NVMeVirt: Init FTL instance with 2 channels (524288 pages)
[327923.887706] NVMeVirt: GC victim policy: cat-fig7-fixed ns=0 part=0 initial_k=10 initial_scale_pct=50 initial_age_ratio=16 warmup_gc=100
[327923.899026] NVMeVirt: [chmodel_init] bandwidth 800 max_credits 26 tx_time 152
[327923.910073] NVMeVirt: [chmodel_init] bandwidth 800 max_credits 26 tx_time 152
[327923.910088] NVMeVirt: [chmodel_init] bandwidth 3360 max_credits 110 tx_time 36
[327923.910090] NVMeVirt: Fixed CAT init ns=0 part=1 arm=50 k=10 scale_pct=50 age_ratio=16
[327923.911101] NVMeVirt: Init FTL instance with 2 channels (524288 pages)
[327923.911104] NVMeVirt: GC victim policy: cat-fig7-fixed ns=0 part=1 initial_k=10 initial_scale_pct=50 initial_age_ratio=16 warmup_gc=100
[327923.921858] NVMeVirt: [chmodel_init] bandwidth 800 max_credits 26 tx_time 152
[327923.932992] NVMeVirt: [chmodel_init] bandwidth 800 max_credits 26 tx_time 152
[327923.933007] NVMeVirt: [chmodel_init] bandwidth 3360 max_credits 110 tx_time 36
[327923.933010] NVMeVirt: Fixed CAT init ns=0 part=2 arm=50 k=10 scale_pct=50 age_ratio=16
[327923.934067] NVMeVirt: Init FTL instance with 2 channels (524288 pages)
[327923.934070] NVMeVirt: GC victim policy: cat-fig7-fixed ns=0 part=2 initial_k=10 initial_scale_pct=50 initial_age_ratio=16 warmup_gc=100
[327923.945023] NVMeVirt: [chmodel_init] bandwidth 800 max_credits 26 tx_time 152
[327923.955898] NVMeVirt: [chmodel_init] bandwidth 800 max_credits 26 tx_time 152
[327923.955912] NVMeVirt: [chmodel_init] bandwidth 3360 max_credits 110 tx_time 36
[327923.955914] NVMeVirt: Fixed CAT init ns=0 part=3 arm=50 k=10 scale_pct=50 age_ratio=16
[327923.957132] NVMeVirt: Init FTL instance with 2 channels (524288 pages)
[327923.957136] NVMeVirt: GC victim policy: cat-fig7-fixed ns=0 part=3 initial_k=10 initial_scale_pct=50 initial_age_ratio=16 warmup_gc=100
[327923.957145] NVMeVirt: FTL physical space: 8588886016, logical space: 8026996276 (physical/logical * 100 = 107)
[327923.957147] NVMeVirt: ns 0/1: size 7655 MiB
[327923.957221] PCI host bridge to bus 0001:10
[327923.957225] pci_bus 0001:10: root bus resource [io  0x0000-0xffff]
[327923.957229] pci_bus 0001:10: root bus resource [mem 0x00000000-0x7fffffffff]
[327923.957232] pci_bus 0001:10: root bus resource [bus 00-ff]
[327923.957243] pci 0001:10:00.0: [0c51:0110] type 00 class 0x010802 PCIe Endpoint
[327923.957249] pci 0001:10:00.0: BAR 0 [mem 0x100000000-0x100003fff 64bit]
[327923.957253] pci 0001:10:00.0: enabling Extended Tags
[327923.957435] NVMeVirt: Virtual PCI bus created (node 0)
[327923.957821] NVMeVirt: nvmev_io_worker_0 started on cpu 2 (node 0)
[327923.957909] NVMeVirt: nvmev_dispatcher started on cpu 1 (node 0)
[327923.957969] NVMeVirt: Virtual NVMe device created
[327923.958222] nvme nvme0: pci function 0001:10:00.0
[327923.962472] nvme nvme0: 8/0/0 default/read/poll queues
[327924.607464] EXT4-fs (nvme0n1): mounted filesystem 92e7fbbb-ae92-42d3-a57c-7448a3af28d6 r/w with ordered data mode. Quota mode: none.
[328006.778890] NVMeVirt: Fixed CAT init ns=0 part=0 arm=50 k=10 scale_pct=50 age_ratio=16
[328006.778895] NVMeVirt: Fixed CAT init ns=0 part=1 arm=50 k=10 scale_pct=50 age_ratio=16
[328006.778897] NVMeVirt: Fixed CAT init ns=0 part=2 arm=50 k=10 scale_pct=50 age_ratio=16
[328006.778899] NVMeVirt: Fixed CAT init ns=0 part=3 arm=50 k=10 scale_pct=50 age_ratio=16
[328006.778901] NVMeVirt: Measurement: command=start epoch=1 host_bytes=0 learner_active=1
[328006.786691] mix-mixA-fixed50-730611 phase=A START
[328607.116801] mix-mixA-fixed50-730611 phase=A END
[328607.125521] mix-mixA-fixed50-730611 phase=B START
[328607.136386] mix-mixA-fixed50-730611 phase=B LOAD
[328636.642914] mix-mixA-fixed50-730611 phase=B RUN
[328641.015830] tee (731460): drop_caches: 3
[328645.813306] tee (731467): drop_caches: 3
[328650.955252] tee (731471): drop_caches: 3
[328656.047796] tee (731475): drop_caches: 3
[328661.157533] tee (731481): drop_caches: 3
[328666.302974] tee (731486): drop_caches: 3
[328671.509792] tee (731490): drop_caches: 3
[328676.923562] tee (731497): drop_caches: 3
[328682.337094] tee (731502): drop_caches: 3
[328687.554798] tee (731507): drop_caches: 3
[328692.673674] tee (731511): drop_caches: 3
[328697.793501] tee (731515): drop_caches: 3
[328704.971740] tee (731533): drop_caches: 3
[328710.475533] tee (731541): drop_caches: 3
[328715.676364] tee (731545): drop_caches: 3
[328720.866821] tee (731549): drop_caches: 3
[328726.012999] tee (731555): drop_caches: 3
[328731.253702] tee (731559): drop_caches: 3
[328736.888885] tee (731566): drop_caches: 3
[328742.499051] tee (731575): drop_caches: 3
[328747.792369] tee (731579): drop_caches: 3
[328753.791652] tee (731583): drop_caches: 3
[328759.105969] tee (731598): drop_caches: 3
[328764.454452] tee (731602): drop_caches: 3
[328769.730146] tee (731606): drop_caches: 3
[328774.382869] tee (731616): drop_caches: 3
[328779.727964] tee (731629): drop_caches: 3
[328787.361560] tee (731662): drop_caches: 3
[328793.410574] tee (731666): drop_caches: 3
[328798.674131] tee (731670): drop_caches: 3
[328803.154295] tee (731678): drop_caches: 3
[328808.579960] tee (731682): drop_caches: 3
[328813.691699] tee (731686): drop_caches: 3
[328819.960896] tee (731691): drop_caches: 3
[328825.248830] tee (731705): drop_caches: 3
[328830.697438] tee (731713): drop_caches: 3
[328835.210904] tee (731721): drop_caches: 3
[328841.963730] tee (731736): drop_caches: 3
[328847.293576] tee (731741): drop_caches: 3
[328852.738750] tee (731745): drop_caches: 3
[328858.064428] tee (731751): drop_caches: 3
[328863.392764] tee (731755): drop_caches: 3
[328868.136013] tee (731762): drop_caches: 3
[328873.623320] tee (731767): drop_caches: 3
[328878.932560] tee (731771): drop_caches: 3
[328884.097109] tee (731775): drop_caches: 3
[328889.246684] tee (731779): drop_caches: 3
[328894.435986] tee (731783): drop_caches: 3
[328898.881983] tee (731790): drop_caches: 3
[328904.160019] tee (731807): drop_caches: 3
[328909.465198] tee (731815): drop_caches: 3
[328914.600626] tee (731819): drop_caches: 3
[328919.942901] tee (731823): drop_caches: 3
[328925.001415] tee (731827): drop_caches: 3
[328929.404316] tee (731834): drop_caches: 3
[328934.614156] tee (731838): drop_caches: 3
[328939.738208] tee (731842): drop_caches: 3
[328945.256606] tee (731849): drop_caches: 3
[328950.494384] tee (731853): drop_caches: 3
[328956.006877] tee (731858): drop_caches: 3
[328960.456850] tee (731865): drop_caches: 3
[328968.216571] tee (731873): drop_caches: 3
[328972.362362] mix-mixA-fixed50-730611 phase=B END
[328972.753476] NVMeVirt: Measurement: command=stop epoch=1 host_bytes=131587219456 learner_active=0
[328974.433027] EXT4-fs (nvme0n1): unmounting filesystem 92e7fbbb-ae92-42d3-a57c-7448a3af28d6.
[328974.930013] pci_bus 0001:10: busn_res: [bus 10-ff] is released
[328974.930071] NVMeVirt: GC stats: ns=0 policy=cat-fig7-fixed host_pages=32125786 gc_pages=23558002 gc_count=870059 WAF=1.733 warmup_gc=100-per-part
[328975.002837] NVMeVirt: Virtual NVMe device closed
