[611248.976578] mix-mixC-fixed47-3856911 BEGIN
[611248.987868] NVMeVirt: Version 1.10 for >> Samsung 970 Pro SSD <<
[611248.987874] NVMeVirt: Storage: 0x100100000-0x300000000 (8191 MiB)
[611248.998998] NVMeVirt: Total Capacity(GiB,MiB)=2,2048 chs=2 luns=4 lines=8192 blk-size(MiB,KiB)=0,64 line-size(MiB,KiB)=0,256
[611249.010331] NVMeVirt: [chmodel_init] bandwidth 800 max_credits 26 tx_time 152
[611249.021383] NVMeVirt: [chmodel_init] bandwidth 800 max_credits 26 tx_time 152
[611249.021398] NVMeVirt: [chmodel_init] bandwidth 3360 max_credits 110 tx_time 36
[611249.021401] NVMeVirt: Fixed CAT init ns=0 part=0 arm=47 k=10 scale_pct=25 age_ratio=16
[611249.022396] NVMeVirt: pqueue: Copyright (c) 2014, Volkan Yazıcı <volkan.yazici@gmail.com>. All rights reserved.
[611249.022460] NVMeVirt: Init FTL instance with 2 channels (524288 pages)
[611249.022463] NVMeVirt: GC victim policy: cat-fig7-fixed ns=0 part=0 initial_k=10 initial_scale_pct=25 initial_age_ratio=16 warmup_gc=100
[611249.033243] NVMeVirt: [chmodel_init] bandwidth 800 max_credits 26 tx_time 152
[611249.043955] NVMeVirt: [chmodel_init] bandwidth 800 max_credits 26 tx_time 152
[611249.043969] NVMeVirt: [chmodel_init] bandwidth 3360 max_credits 110 tx_time 36
[611249.043971] NVMeVirt: Fixed CAT init ns=0 part=1 arm=47 k=10 scale_pct=25 age_ratio=16
[611249.044970] NVMeVirt: Init FTL instance with 2 channels (524288 pages)
[611249.044972] NVMeVirt: GC victim policy: cat-fig7-fixed ns=0 part=1 initial_k=10 initial_scale_pct=25 initial_age_ratio=16 warmup_gc=100
[611249.055547] NVMeVirt: [chmodel_init] bandwidth 800 max_credits 26 tx_time 152
[611249.066116] NVMeVirt: [chmodel_init] bandwidth 800 max_credits 26 tx_time 152
[611249.066130] NVMeVirt: [chmodel_init] bandwidth 3360 max_credits 110 tx_time 36
[611249.066132] NVMeVirt: Fixed CAT init ns=0 part=2 arm=47 k=10 scale_pct=25 age_ratio=16
[611249.067100] NVMeVirt: Init FTL instance with 2 channels (524288 pages)
[611249.067103] NVMeVirt: GC victim policy: cat-fig7-fixed ns=0 part=2 initial_k=10 initial_scale_pct=25 initial_age_ratio=16 warmup_gc=100
[611249.077802] NVMeVirt: [chmodel_init] bandwidth 800 max_credits 26 tx_time 152
[611249.088240] NVMeVirt: [chmodel_init] bandwidth 800 max_credits 26 tx_time 152
[611249.088254] NVMeVirt: [chmodel_init] bandwidth 3360 max_credits 110 tx_time 36
[611249.088256] NVMeVirt: Fixed CAT init ns=0 part=3 arm=47 k=10 scale_pct=25 age_ratio=16
[611249.089201] NVMeVirt: Init FTL instance with 2 channels (524288 pages)
[611249.089204] NVMeVirt: GC victim policy: cat-fig7-fixed ns=0 part=3 initial_k=10 initial_scale_pct=25 initial_age_ratio=16 warmup_gc=100
[611249.089210] NVMeVirt: FTL physical space: 8588886016, logical space: 8026996276 (physical/logical * 100 = 107)
[611249.089212] NVMeVirt: ns 0/1: size 7655 MiB
[611249.089261] PCI host bridge to bus 0001:10
[611249.089263] pci_bus 0001:10: root bus resource [io  0x0000-0xffff]
[611249.089266] pci_bus 0001:10: root bus resource [mem 0x00000000-0x7fffffffff]
[611249.089268] pci_bus 0001:10: root bus resource [bus 00-ff]
[611249.089289] pci 0001:10:00.0: [0c51:0110] type 00 class 0x010802 PCIe Endpoint
[611249.089293] pci 0001:10:00.0: BAR 0 [mem 0x100000000-0x100003fff 64bit]
[611249.089296] pci 0001:10:00.0: enabling Extended Tags
[611249.089428] NVMeVirt: Virtual PCI bus created (node 0)
[611249.089752] NVMeVirt: nvmev_io_worker_0 started on cpu 2 (node 0)
[611249.089815] NVMeVirt: nvmev_dispatcher started on cpu 1 (node 0)
[611249.089862] NVMeVirt: Virtual NVMe device created
[611249.090542] nvme nvme0: pci function 0001:10:00.0
[611249.095021] nvme nvme0: 8/0/0 default/read/poll queues
[611249.169284] EXT4-fs (nvme0n1): mounted filesystem 6a0c296a-e2c6-4bc0-881c-6ffad9466020 r/w with ordered data mode. Quota mode: none.
[611331.178554] NVMeVirt: Fixed CAT init ns=0 part=0 arm=47 k=10 scale_pct=25 age_ratio=16
[611331.178561] NVMeVirt: Fixed CAT init ns=0 part=1 arm=47 k=10 scale_pct=25 age_ratio=16
[611331.178564] NVMeVirt: Fixed CAT init ns=0 part=2 arm=47 k=10 scale_pct=25 age_ratio=16
[611331.178566] NVMeVirt: Fixed CAT init ns=0 part=3 arm=47 k=10 scale_pct=25 age_ratio=16
[611331.178568] NVMeVirt: Measurement: command=start epoch=1 host_bytes=0 learner_active=1
[611331.187169] mix-mixC-fixed47-3856911 phase=A START
[614931.545589] mix-mixC-fixed47-3856911 phase=A END
[614931.552813] mix-mixC-fixed47-3856911 phase=B START
[618531.922640] mix-mixC-fixed47-3856911 phase=B END
[618531.925738] NVMeVirt: Measurement: command=stop epoch=1 host_bytes=737306472448 learner_active=0
[618531.975336] EXT4-fs (nvme0n1): unmounting filesystem 6a0c296a-e2c6-4bc0-881c-6ffad9466020.
[618532.034696] pci_bus 0001:10: busn_res: [bus 10-ff] is released
[618532.034823] NVMeVirt: GC stats: ns=0 policy=cat-fig7-fixed host_pages=180006463 gc_pages=138673362 gc_count=4979372 WAF=1.770 warmup_gc=100-per-part
[618532.106557] NVMeVirt: Virtual NVMe device closed
