[811115.752128] mix-mixH-fixed37-4090954 BEGIN
[811115.785742] NVMeVirt: Version 1.10 for >> Samsung 970 Pro SSD <<
[811115.785748] NVMeVirt: Storage: 0x100100000-0x300000000 (8191 MiB)
[811115.796777] NVMeVirt: Total Capacity(GiB,MiB)=2,2048 chs=2 luns=4 lines=8192 blk-size(MiB,KiB)=0,64 line-size(MiB,KiB)=0,256
[811115.809328] NVMeVirt: [chmodel_init] bandwidth 800 max_credits 26 tx_time 152
[811115.820149] NVMeVirt: [chmodel_init] bandwidth 800 max_credits 26 tx_time 152
[811115.820164] NVMeVirt: [chmodel_init] bandwidth 3360 max_credits 110 tx_time 36
[811115.820166] NVMeVirt: Fixed CAT init ns=0 part=0 arm=37 k=7 scale_pct=100 age_ratio=7
[811115.821491] NVMeVirt: pqueue: Copyright (c) 2014, Volkan Yazıcı <volkan.yazici@gmail.com>. All rights reserved.
[811115.821529] NVMeVirt: Init FTL instance with 2 channels (524288 pages)
[811115.821531] NVMeVirt: GC victim policy: cat-fig7-fixed ns=0 part=0 initial_k=7 initial_scale_pct=100 initial_age_ratio=7 warmup_gc=100
[811115.831964] NVMeVirt: [chmodel_init] bandwidth 800 max_credits 26 tx_time 152
[811115.842938] NVMeVirt: [chmodel_init] bandwidth 800 max_credits 26 tx_time 152
[811115.842954] NVMeVirt: [chmodel_init] bandwidth 3360 max_credits 110 tx_time 36
[811115.842956] NVMeVirt: Fixed CAT init ns=0 part=1 arm=37 k=7 scale_pct=100 age_ratio=7
[811115.844291] NVMeVirt: Init FTL instance with 2 channels (524288 pages)
[811115.844294] NVMeVirt: GC victim policy: cat-fig7-fixed ns=0 part=1 initial_k=7 initial_scale_pct=100 initial_age_ratio=7 warmup_gc=100
[811115.854934] NVMeVirt: [chmodel_init] bandwidth 800 max_credits 26 tx_time 152
[811115.865403] NVMeVirt: [chmodel_init] bandwidth 800 max_credits 26 tx_time 152
[811115.865418] NVMeVirt: [chmodel_init] bandwidth 3360 max_credits 110 tx_time 36
[811115.865421] NVMeVirt: Fixed CAT init ns=0 part=2 arm=37 k=7 scale_pct=100 age_ratio=7
[811115.866708] NVMeVirt: Init FTL instance with 2 channels (524288 pages)
[811115.866711] NVMeVirt: GC victim policy: cat-fig7-fixed ns=0 part=2 initial_k=7 initial_scale_pct=100 initial_age_ratio=7 warmup_gc=100
[811115.877609] NVMeVirt: [chmodel_init] bandwidth 800 max_credits 26 tx_time 152
[811115.887808] NVMeVirt: [chmodel_init] bandwidth 800 max_credits 26 tx_time 152
[811115.887823] NVMeVirt: [chmodel_init] bandwidth 3360 max_credits 110 tx_time 36
[811115.887826] NVMeVirt: Fixed CAT init ns=0 part=3 arm=37 k=7 scale_pct=100 age_ratio=7
[811115.889090] NVMeVirt: Init FTL instance with 2 channels (524288 pages)
[811115.889093] NVMeVirt: GC victim policy: cat-fig7-fixed ns=0 part=3 initial_k=7 initial_scale_pct=100 initial_age_ratio=7 warmup_gc=100
[811115.889100] NVMeVirt: FTL physical space: 8588886016, logical space: 8026996276 (physical/logical * 100 = 107)
[811115.889102] NVMeVirt: ns 0/1: size 7655 MiB
[811115.889153] PCI host bridge to bus 0001:10
[811115.889155] pci_bus 0001:10: root bus resource [io  0x0000-0xffff]
[811115.889158] pci_bus 0001:10: root bus resource [mem 0x00000000-0x7fffffffff]
[811115.889160] pci_bus 0001:10: root bus resource [bus 00-ff]
[811115.889168] pci 0001:10:00.0: [0c51:0110] type 00 class 0x010802 PCIe Endpoint
[811115.889172] pci 0001:10:00.0: BAR 0 [mem 0x100000000-0x100003fff 64bit]
[811115.889174] pci 0001:10:00.0: enabling Extended Tags
[811115.889344] NVMeVirt: Virtual PCI bus created (node 0)
[811115.889625] NVMeVirt: nvmev_io_worker_0 started on cpu 2 (node 0)
[811115.889690] NVMeVirt: Virtual NVMe device created
[811115.889827] nvme nvme0: pci function 0001:10:00.0
[811115.890216] NVMeVirt: nvmev_dispatcher started on cpu 1 (node 0)
[811115.891761] nvme nvme0: 8/0/0 default/read/poll queues
[811116.796977] EXT4-fs (nvme0n1): mounted filesystem 1422ba80-39f2-4d18-b049-4725cd2ffc2f r/w with ordered data mode. Quota mode: none.
[811198.944500] NVMeVirt: Fixed CAT init ns=0 part=0 arm=37 k=7 scale_pct=100 age_ratio=7
[811198.944505] NVMeVirt: Fixed CAT init ns=0 part=1 arm=37 k=7 scale_pct=100 age_ratio=7
[811198.944507] NVMeVirt: Fixed CAT init ns=0 part=2 arm=37 k=7 scale_pct=100 age_ratio=7
[811198.944509] NVMeVirt: Fixed CAT init ns=0 part=3 arm=37 k=7 scale_pct=100 age_ratio=7
[811198.944510] NVMeVirt: Measurement: command=start epoch=1 host_bytes=0 learner_active=1
[811198.952396] mix-mixH-fixed37-4090954 phase=A START
[811799.281864] mix-mixH-fixed37-4090954 phase=A END
[811799.289771] mix-mixH-fixed37-4090954 phase=B START
[812399.630540] mix-mixH-fixed37-4090954 phase=B END
[812399.638581] mix-mixH-fixed37-4090954 phase=C START
[812399.652767] mix-mixH-fixed37-4090954 phase=C LOAD
[812427.932574] mix-mixH-fixed37-4090954 phase=C RUN
[812432.268004] tee (4091895): drop_caches: 3
[812437.637146] tee (4091900): drop_caches: 3
[812443.239498] tee (4091907): drop_caches: 3
[812448.360781] tee (4091911): drop_caches: 3
[812453.484794] tee (4091916): drop_caches: 3
[812458.746652] tee (4091920): drop_caches: 3
[812464.619148] tee (4091924): drop_caches: 3
[812469.277530] tee (4091930): drop_caches: 3
[812474.543854] tee (4091936): drop_caches: 3
[812479.630831] tee (4091940): drop_caches: 3
[812484.716070] tee (4091944): drop_caches: 3
[812489.802594] tee (4091948): drop_caches: 3
[812495.023887] tee (4091952): drop_caches: 3
[812500.524827] tee (4091961): drop_caches: 3
[812506.013896] tee (4091966): drop_caches: 3
[812511.254999] tee (4091970): drop_caches: 3
[812516.324982] tee (4091974): drop_caches: 3
[812521.528153] tee (4091981): drop_caches: 3
[812526.830541] tee (4091985): drop_caches: 3
[812532.131314] tee (4091991): drop_caches: 3
[812537.403761] tee (4091996): drop_caches: 3
[812542.477558] tee (4092001): drop_caches: 3
[812547.814015] tee (4092005): drop_caches: 3
[812553.225152] tee (4092009): drop_caches: 3
[812558.349917] tee (4092013): drop_caches: 3
[812563.740557] tee (4092019): drop_caches: 3
[812569.277547] tee (4092024): drop_caches: 3
[812574.367522] tee (4092028): drop_caches: 3
[812579.534319] tee (4092032): drop_caches: 3
[812584.840509] tee (4092037): drop_caches: 3
[812590.067039] tee (4092042): drop_caches: 3
[812596.124445] tee (4092047): drop_caches: 3
[812601.529095] tee (4092053): drop_caches: 3
[812606.827291] tee (4092063): drop_caches: 3
[812612.118238] tee (4092067): drop_caches: 3
[812617.292911] tee (4092071): drop_caches: 3
[812622.454621] tee (4092075): drop_caches: 3
[812627.931819] tee (4092080): drop_caches: 3
[812633.451566] tee (4092086): drop_caches: 3
[812638.551630] tee (4092091): drop_caches: 3
[812643.832214] tee (4092097): drop_caches: 3
[812649.044574] tee (4092101): drop_caches: 3
[812654.177284] tee (4092106): drop_caches: 3
[812659.588924] tee (4092112): drop_caches: 3
[812665.029601] tee (4092117): drop_caches: 3
[812670.151757] tee (4092121): drop_caches: 3
[812675.331329] tee (4092126): drop_caches: 3
[812680.450800] tee (4092152): drop_caches: 3
[812688.272447] tee (4092212): drop_caches: 3
[812694.034290] tee (4092231): drop_caches: 3
[812703.310593] tee (4092268): drop_caches: 3
[812715.000657] tee (4092339): drop_caches: 3
[812722.313672] tee (4092361): drop_caches: 3
[812729.505718] tee (4092370): drop_caches: 3
[812734.863701] tee (4092374): drop_caches: 3
[812739.872576] tee (4092378): drop_caches: 3
[812745.220048] tee (4092382): drop_caches: 3
[812754.535896] tee (4092389): drop_caches: 3
[812758.592375] mix-mixH-fixed37-4090954 phase=C END
[812759.057266] NVMeVirt: Measurement: command=stop epoch=1 host_bytes=156093227008 learner_active=0
[812762.038633] EXT4-fs (nvme0n1): unmounting filesystem 1422ba80-39f2-4d18-b049-4725cd2ffc2f.
[812762.449737] pci_bus 0001:10: busn_res: [bus 10-ff] is released
[812762.449782] NVMeVirt: GC stats: ns=0 policy=cat-fig7-fixed host_pages=38108698 gc_pages=32474680 gc_count=1102866 WAF=1.852 warmup_gc=100-per-part
[812762.522905] NVMeVirt: Virtual NVMe device closed
