[1571295.866985] mix-mixJ-arm46-1753686 BEGIN
[1571296.062670] NVMeVirt: Version 1.10 for >> Samsung 970 Pro SSD <<
[1571296.062677] NVMeVirt: Storage: 0x100100000-0x300000000 (8191 MiB)
[1571296.073362] NVMeVirt: Total Capacity(GiB,MiB)=2,2048 chs=2 luns=4 lines=8192 blk-size(MiB,KiB)=0,64 line-size(MiB,KiB)=0,256
[1571296.084829] NVMeVirt: [chmodel_init] bandwidth 800 max_credits 26 tx_time 152
[1571296.096278] NVMeVirt: [chmodel_init] bandwidth 800 max_credits 26 tx_time 152
[1571296.096294] NVMeVirt: [chmodel_init] bandwidth 3360 max_credits 110 tx_time 36
[1571296.096296] NVMeVirt: Fixed CAT init ns=0 part=0 arm=46 k=10 scale_pct=25 age_ratio=7
[1571296.097367] NVMeVirt: pqueue: Copyright (c) 2014, Volkan Yazıcı <volkan.yazici@gmail.com>. All rights reserved.
[1571296.097408] NVMeVirt: Init FTL instance with 2 channels (524288 pages)
[1571296.097410] NVMeVirt: GC victim policy: cat-fig7-fixed ns=0 part=0 initial_k=10 initial_scale_pct=25 initial_age_ratio=7 warmup_gc=100
[1571296.108461] NVMeVirt: [chmodel_init] bandwidth 800 max_credits 26 tx_time 152
[1571296.119232] NVMeVirt: [chmodel_init] bandwidth 800 max_credits 26 tx_time 152
[1571296.119247] NVMeVirt: [chmodel_init] bandwidth 3360 max_credits 110 tx_time 36
[1571296.119249] NVMeVirt: Fixed CAT init ns=0 part=1 arm=46 k=10 scale_pct=25 age_ratio=7
[1571296.120182] NVMeVirt: Init FTL instance with 2 channels (524288 pages)
[1571296.120184] NVMeVirt: GC victim policy: cat-fig7-fixed ns=0 part=1 initial_k=10 initial_scale_pct=25 initial_age_ratio=7 warmup_gc=100
[1571296.131389] NVMeVirt: [chmodel_init] bandwidth 800 max_credits 26 tx_time 152
[1571296.142111] NVMeVirt: [chmodel_init] bandwidth 800 max_credits 26 tx_time 152
[1571296.142124] NVMeVirt: [chmodel_init] bandwidth 3360 max_credits 110 tx_time 36
[1571296.142126] NVMeVirt: Fixed CAT init ns=0 part=2 arm=46 k=10 scale_pct=25 age_ratio=7
[1571296.143141] NVMeVirt: Init FTL instance with 2 channels (524288 pages)
[1571296.143144] NVMeVirt: GC victim policy: cat-fig7-fixed ns=0 part=2 initial_k=10 initial_scale_pct=25 initial_age_ratio=7 warmup_gc=100
[1571296.153854] NVMeVirt: [chmodel_init] bandwidth 800 max_credits 26 tx_time 152
[1571296.164817] NVMeVirt: [chmodel_init] bandwidth 800 max_credits 26 tx_time 152
[1571296.164833] NVMeVirt: [chmodel_init] bandwidth 3360 max_credits 110 tx_time 36
[1571296.164835] NVMeVirt: Fixed CAT init ns=0 part=3 arm=46 k=10 scale_pct=25 age_ratio=7
[1571296.165865] NVMeVirt: Init FTL instance with 2 channels (524288 pages)
[1571296.165868] NVMeVirt: GC victim policy: cat-fig7-fixed ns=0 part=3 initial_k=10 initial_scale_pct=25 initial_age_ratio=7 warmup_gc=100
[1571296.165876] NVMeVirt: FTL physical space: 8588886016, logical space: 8026996276 (physical/logical * 100 = 107)
[1571296.165878] NVMeVirt: ns 0/1: size 7655 MiB
[1571296.165934] PCI host bridge to bus 0001:10
[1571296.165937] pci_bus 0001:10: root bus resource [io  0x0000-0xffff]
[1571296.165941] pci_bus 0001:10: root bus resource [mem 0x00000000-0x7fffffffff]
[1571296.165943] pci_bus 0001:10: root bus resource [bus 00-ff]
[1571296.165953] pci 0001:10:00.0: [0c51:0110] type 00 class 0x010802 PCIe Endpoint
[1571296.165959] pci 0001:10:00.0: BAR 0 [mem 0x100000000-0x100003fff 64bit]
[1571296.165962] pci 0001:10:00.0: enabling Extended Tags
[1571296.166113] NVMeVirt: Virtual PCI bus created (node 0)
[1571296.166420] NVMeVirt: nvmev_io_worker_0 started on cpu 2 (node 0)
[1571296.166510] NVMeVirt: nvmev_dispatcher started on cpu 1 (node 0)
[1571296.166540] NVMeVirt: Virtual NVMe device created
[1571296.166699] nvme nvme0: pci function 0001:10:00.0
[1571296.169432] nvme nvme0: 8/0/0 default/read/poll queues
[1571296.581291] EXT4-fs (nvme0n1): mounted filesystem 0a090d79-676c-4d37-8fc3-6bcc2ea1e2aa r/w with ordered data mode. Quota mode: none.
[1571379.103756] NVMeVirt: Fixed CAT init ns=0 part=0 arm=46 k=10 scale_pct=25 age_ratio=7
[1571379.103762] NVMeVirt: Fixed CAT init ns=0 part=1 arm=46 k=10 scale_pct=25 age_ratio=7
[1571379.103765] NVMeVirt: Fixed CAT init ns=0 part=2 arm=46 k=10 scale_pct=25 age_ratio=7
[1571379.103768] NVMeVirt: Fixed CAT init ns=0 part=3 arm=46 k=10 scale_pct=25 age_ratio=7
[1571379.103770] NVMeVirt: Measurement: command=start epoch=1 host_bytes=0 learner_active=1
[1571379.113197] mix-mixJ-arm46-1753686 phase=A START
[1571379.125450] mix-mixJ-arm46-1753686 phase=A LOAD
[1571405.078770] mix-mixJ-arm46-1753686 phase=A RUN
[1571409.288125] tee (1754012): drop_caches: 3
[1571414.814368] tee (1754017): drop_caches: 3
[1571419.250256] tee (1754029): drop_caches: 3
[1571424.433222] tee (1754033): drop_caches: 3
[1571429.402946] tee (1754039): drop_caches: 3
[1571434.436363] tee (1754043): drop_caches: 3
[1571439.488724] tee (1754047): drop_caches: 3
[1571444.554402] tee (1754051): drop_caches: 3
[1571448.933222] tee (1754063): drop_caches: 3
[1571453.946218] tee (1754069): drop_caches: 3
[1571459.016156] tee (1754073): drop_caches: 3
[1571464.003090] tee (1754080): drop_caches: 3
[1571469.055400] tee (1754084): drop_caches: 3
[1571474.103011] tee (1754088): drop_caches: 3
[1571478.816946] tee (1754098): drop_caches: 3
[1571484.023834] tee (1754104): drop_caches: 3
[1571488.977888] tee (1754117): drop_caches: 3
[1571493.969629] tee (1754121): drop_caches: 3
[1571498.992527] tee (1754125): drop_caches: 3
[1571504.163839] tee (1754129): drop_caches: 3
[1571509.181900] tee (1754149): drop_caches: 3
[1571514.203469] tee (1754162): drop_caches: 3
[1571520.589657] tee (1754173): drop_caches: 3
[1571526.681187] tee (1754177): drop_caches: 3
[1571532.998147] tee (1754181): drop_caches: 3
[1571539.143297] tee (1754190): drop_caches: 3
[1571544.216010] tee (1754197): drop_caches: 3
[1571550.915190] tee (1754208): drop_caches: 3
[1571556.993827] tee (1754212): drop_caches: 3
[1571563.327631] tee (1754216): drop_caches: 3
[1571569.724871] tee (1754229): drop_caches: 3
[1571576.221309] tee (1754237): drop_caches: 3
[1571582.248980] tee (1754249): drop_caches: 3
[1571588.196408] tee (1754253): drop_caches: 3
[1571594.192448] tee (1754257): drop_caches: 3
[1571600.540360] tee (1754271): drop_caches: 3
[1571606.826479] tee (1754283): drop_caches: 3
[1571612.090969] tee (1754297): drop_caches: 3
[1571618.309896] tee (1754307): drop_caches: 3
[1571624.104236] tee (1754312): drop_caches: 3
[1571629.225117] tee (1754316): drop_caches: 3
[1571634.280071] tee (1754325): drop_caches: 3
[1571638.652634] tee (1754339): drop_caches: 3
[1571643.690116] tee (1754343): drop_caches: 3
[1571648.668294] tee (1754347): drop_caches: 3
[1571653.738112] tee (1754351): drop_caches: 3
[1571658.775635] tee (1754355): drop_caches: 3
[1571663.756665] tee (1754364): drop_caches: 3
[1571668.791664] tee (1754377): drop_caches: 3
[1571673.352383] tee (1754384): drop_caches: 3
[1571678.549622] tee (1754388): drop_caches: 3
[1571683.955587] tee (1754392): drop_caches: 3
[1571689.446723] tee (1754415): drop_caches: 3
[1571695.370343] tee (1754466): drop_caches: 3
[1571701.976221] tee (1754484): drop_caches: 3
[1571708.688909] tee (1754489): drop_caches: 3
[1571716.060948] tee (1754493): drop_caches: 3
[1571722.911071] tee (1754517): drop_caches: 3
[1571728.445120] tee (1754545): drop_caches: 3
[1571733.768810] tee (1754551): drop_caches: 3
[1571738.890444] tee (1754556): drop_caches: 3
[1571744.311027] tee (1754560): drop_caches: 3
[1571749.297724] tee (1754564): drop_caches: 3
[1571754.316227] tee (1754573): drop_caches: 3
[1571759.364247] tee (1754584): drop_caches: 3
[1571764.797483] tee (1754592): drop_caches: 3
[1571770.201406] tee (1754597): drop_caches: 3
[1571775.531993] tee (1754601): drop_caches: 3
[1571780.628410] tee (1754605): drop_caches: 3
[1571785.678769] tee (1754614): drop_caches: 3
[1571790.646600] tee (1754625): drop_caches: 3
[1571795.933409] tee (1754630): drop_caches: 3
[1571801.204717] tee (1754637): drop_caches: 3
[1571806.333867] tee (1754641): drop_caches: 3
[1571811.427789] tee (1754647): drop_caches: 3
[1571816.380262] tee (1754656): drop_caches: 3
[1571821.319370] tee (1754667): drop_caches: 3
[1571826.392392] tee (1754671): drop_caches: 3
[1571831.010663] tee (1754678): drop_caches: 3
[1571836.192249] tee (1754682): drop_caches: 3
[1571841.230314] tee (1754687): drop_caches: 3
[1571846.265615] tee (1754696): drop_caches: 3
[1571851.289326] tee (1754709): drop_caches: 3
[1571856.286202] tee (1754713): drop_caches: 3
[1571860.660651] tee (1754720): drop_caches: 3
[1571866.118137] tee (1754725): drop_caches: 3
[1571871.288404] tee (1754729): drop_caches: 3
[1571876.284352] tee (1754738): drop_caches: 3
[1571881.279545] tee (1754742): drop_caches: 3
[1571886.251624] tee (1754746): drop_caches: 3
[1571890.750774] tee (1754753): drop_caches: 3
[1571895.864061] tee (1754757): drop_caches: 3
[1571901.163113] tee (1754761): drop_caches: 3
[1571906.274970] tee (1754770): drop_caches: 3
[1571911.250956] tee (1754781): drop_caches: 3
[1571916.206132] tee (1754785): drop_caches: 3
[1571920.555658] tee (1754797): drop_caches: 3
[1571925.694553] tee (1754801): drop_caches: 3
[1571930.603387] tee (1754810): drop_caches: 3
[1571935.656082] tee (1754821): drop_caches: 3
[1571940.723294] tee (1754834): drop_caches: 3
[1571945.671324] tee (1754838): drop_caches: 3
[1571950.789216] tee (1754844): drop_caches: 3
[1571955.880182] tee (1754849): drop_caches: 3
[1571960.912652] tee (1754853): drop_caches: 3
[1571965.892156] tee (1754864): drop_caches: 3
[1571970.805535] tee (1754877): drop_caches: 3
[1571975.736818] tee (1754881): drop_caches: 3
[1571980.764039] tee (1754885): drop_caches: 3
[1571985.116215] tee (1754892): drop_caches: 3
[1571990.000012] tee (1754899): drop_caches: 3
[1571994.842467] tee (1754903): drop_caches: 3
[1571999.964495] tee (1754912): drop_caches: 3
[1572005.013812] tee (1754916): drop_caches: 3
[1572009.997907] tee (1754920): drop_caches: 3
[1572014.344877] tee (1754927): drop_caches: 3
[1572019.512677] tee (1754931): drop_caches: 3
[1572024.420610] tee (1754935): drop_caches: 3
[1572029.345137] tee (1754951): drop_caches: 3
[1572034.241415] tee (1754955): drop_caches: 3
[1572039.177266] tee (1754959): drop_caches: 3
[1572044.013394] tee (1754966): drop_caches: 3
[1572049.111338] tee (1754971): drop_caches: 3
[1572054.314655] tee (1754977): drop_caches: 3
[1572059.341437] tee (1754993): drop_caches: 3
[1572064.280613] tee (1754998): drop_caches: 3
[1572069.484210] tee (1755004): drop_caches: 3
[1572074.788158] tee (1755009): drop_caches: 3
[1572079.881449] tee (1755015): drop_caches: 3
[1572085.003780] tee (1755019): drop_caches: 3
[1572089.967760] tee (1755030): drop_caches: 3
[1572094.898592] tee (1755034): drop_caches: 3
[1572099.960186] tee (1755038): drop_caches: 3
[1572105.034125] tee (1755042): drop_caches: 3
[1572109.368559] tee (1755049): drop_caches: 3
[1572114.726632] tee (1755053): drop_caches: 3
[1572119.706860] tee (1755069): drop_caches: 3
[1572124.755831] tee (1755073): drop_caches: 3
[1572129.769135] tee (1755077): drop_caches: 3
[1572134.833268] tee (1755081): drop_caches: 3
[1572139.234704] tee (1755088): drop_caches: 3
[1572144.519329] tee (1755092): drop_caches: 3
[1572149.586189] tee (1755108): drop_caches: 3
[1572154.543218] tee (1755112): drop_caches: 3
[1572159.642285] tee (1755116): drop_caches: 3
[1572164.623450] tee (1755120): drop_caches: 3
[1572168.989385] tee (1755127): drop_caches: 3
[1572174.200763] tee (1755134): drop_caches: 3
[1572179.208318] tee (1755150): drop_caches: 3
[1572184.194890] tee (1755154): drop_caches: 3
[1572189.155269] tee (1755158): drop_caches: 3
[1572194.081966] tee (1755162): drop_caches: 3
[1572198.774049] tee (1755167): drop_caches: 3
[1572203.967183] tee (1755173): drop_caches: 3
[1572209.119349] tee (1755191): drop_caches: 3
[1572214.123736] tee (1755195): drop_caches: 3
[1572219.166660] tee (1755205): drop_caches: 3
[1572224.301284] tee (1755209): drop_caches: 3
[1572229.272414] tee (1755213): drop_caches: 3
[1572233.672109] tee (1755220): drop_caches: 3
[1572238.725552] tee (1755229): drop_caches: 3
[1572243.793244] tee (1755240): drop_caches: 3
[1572248.835069] tee (1755244): drop_caches: 3
[1572253.803059] tee (1755248): drop_caches: 3
[1572258.718534] tee (1755252): drop_caches: 3
[1572263.079869] tee (1755259): drop_caches: 3
[1572268.538287] tee (1755270): drop_caches: 3
[1572273.715922] tee (1755281): drop_caches: 3
[1572278.791962] tee (1755285): drop_caches: 3
[1572283.851505] tee (1755289): drop_caches: 3
[1572289.174138] tee (1755316): drop_caches: 3
[1572294.584487] tee (1755338): drop_caches: 3
[1572301.569521] tee (1755376): drop_caches: 3
[1572309.651509] tee (1755417): drop_caches: 3
[1572320.673094] tee (1755477): drop_caches: 3
[1572327.944775] tee (1755527): drop_caches: 3
[1572337.060667] tee (1755555): drop_caches: 3
[1572342.582311] tee (1755559): drop_caches: 3
[1572347.659673] tee (1755563): drop_caches: 3
[1572352.740116] tee (1755567): drop_caches: 3
[1572357.954909] tee (1755572): drop_caches: 3
[1572362.662390] tee (1755589): drop_caches: 3
[1572367.861206] tee (1755595): drop_caches: 3
[1572373.028078] tee (1755601): drop_caches: 3
[1572379.785020] tee (1755613): drop_caches: 3
[1572386.020737] tee (1755622): drop_caches: 3
[1572391.088347] tee (1755633): drop_caches: 3
[1572395.418741] tee (1755645): drop_caches: 3
[1572400.392754] tee (1755650): drop_caches: 3
[1572405.308159] tee (1755654): drop_caches: 3
[1572410.256435] tee (1755658): drop_caches: 3
[1572415.356113] tee (1755666): drop_caches: 3
[1572420.488333] tee (1755670): drop_caches: 3
[1572424.916536] tee (1755682): drop_caches: 3
[1572429.922550] tee (1755686): drop_caches: 3
[1572434.906218] tee (1755690): drop_caches: 3
[1572439.941722] tee (1755694): drop_caches: 3
[1572444.926272] tee (1755698): drop_caches: 3
[1572450.073450] tee (1755705): drop_caches: 3
[1572455.420232] tee (1755715): drop_caches: 3
[1572460.776522] tee (1755721): drop_caches: 3
[1572465.837114] tee (1755725): drop_caches: 3
[1572470.844958] tee (1755730): drop_caches: 3
[1572475.860760] tee (1755741): drop_caches: 3
[1572480.937614] tee (1755746): drop_caches: 3
[1572486.011063] tee (1755755): drop_caches: 3
[1572490.562749] tee (1755762): drop_caches: 3
[1572495.686971] tee (1755766): drop_caches: 3
[1572500.756278] tee (1755771): drop_caches: 3
[1572505.760816] tee (1755782): drop_caches: 3
[1572510.831033] tee (1755786): drop_caches: 3
[1572515.851553] tee (1755795): drop_caches: 3
[1572520.313283] tee (1755807): drop_caches: 3
[1572525.513468] tee (1755811): drop_caches: 3
[1572530.518241] tee (1755815): drop_caches: 3
[1572535.588865] tee (1755821): drop_caches: 3
[1572540.687680] tee (1755825): drop_caches: 3
[1572545.697340] tee (1755834): drop_caches: 3
[1572550.054969] tee (1755841): drop_caches: 3
[1572555.175506] tee (1755845): drop_caches: 3
[1572560.217291] tee (1755849): drop_caches: 3
[1572565.314199] tee (1755862): drop_caches: 3
[1572570.588741] tee (1755868): drop_caches: 3
[1572575.698592] tee (1755877): drop_caches: 3
[1572580.069860] tee (1755884): drop_caches: 3
[1572585.269936] tee (1755888): drop_caches: 3
[1572590.127121] tee (1755895): drop_caches: 3
[1572595.113108] tee (1755899): drop_caches: 3
[1572600.186342] tee (1755903): drop_caches: 3
[1572605.612791] tee (1755912): drop_caches: 3
[1572610.697960] tee (1755918): drop_caches: 3
[1572615.890518] tee (1755923): drop_caches: 3
[1572620.927793] tee (1755927): drop_caches: 3
[1572625.968430] tee (1755938): drop_caches: 3
[1572631.134865] tee (1755942): drop_caches: 3
[1572636.324026] tee (1755951): drop_caches: 3
[1572641.369594] tee (1755956): drop_caches: 3
[1572646.291008] tee (1755962): drop_caches: 3
[1572651.217363] tee (1755966): drop_caches: 3
[1572656.197764] tee (1755979): drop_caches: 3
[1572661.318575] tee (1755984): drop_caches: 3
[1572666.475545] tee (1755993): drop_caches: 3
[1572671.541110] tee (1755997): drop_caches: 3
[1572675.932275] tee (1756006): drop_caches: 3
[1572680.993397] tee (1756010): drop_caches: 3
[1572685.940919] tee (1756021): drop_caches: 3
[1572690.956859] tee (1756027): drop_caches: 3
[1572696.530053] tee (1756036): drop_caches: 3
[1572701.830224] tee (1756040): drop_caches: 3
[1572706.249253] tee (1756047): drop_caches: 3
[1572711.314309] tee (1756051): drop_caches: 3
[1572716.525125] tee (1756062): drop_caches: 3
[1572721.705254] tee (1756066): drop_caches: 3
[1572727.252295] tee (1756075): drop_caches: 3
[1572732.335069] tee (1756080): drop_caches: 3
[1572736.734713] tee (1756087): drop_caches: 3
[1572741.877779] tee (1756091): drop_caches: 3
[1572746.923012] tee (1756102): drop_caches: 3
[1572752.024880] tee (1756106): drop_caches: 3
[1572757.238019] tee (1756114): drop_caches: 3
[1572762.553069] tee (1756119): drop_caches: 3
[1572766.904077] tee (1756126): drop_caches: 3
[1572772.128864] tee (1756132): drop_caches: 3
[1572777.127982] tee (1756136): drop_caches: 3
[1572782.045796] tee (1756140): drop_caches: 3
[1572787.085545] tee (1756144): drop_caches: 3
[1572792.038136] tee (1756153): drop_caches: 3
[1572796.448566] tee (1756161): drop_caches: 3
[1572798.706478] mix-mixJ-arm46-1753686 phase=A END
[1572798.714681] mix-mixJ-arm46-1753686 phase=B START
[1572798.757295] mix-mixJ-arm46-1753686 phase=B RUN
[1572802.815333] tee (1756243): drop_caches: 3
[1572808.112658] tee (1756256): drop_caches: 3
[1572813.197303] tee (1756261): drop_caches: 3
[1572818.360766] tee (1756275): drop_caches: 3
[1572823.532699] tee (1756280): drop_caches: 3
[1572828.206760] tee (1756285): drop_caches: 3
[1572833.453909] tee (1756291): drop_caches: 3
[1572838.430391] tee (1756302): drop_caches: 3
[1572843.371923] tee (1756306): drop_caches: 3
[1572848.528762] tee (1756312): drop_caches: 3
[1572853.536009] tee (1756321): drop_caches: 3
[1572858.560846] tee (1756325): drop_caches: 3
[1572862.936090] tee (1756332): drop_caches: 3
[1572867.997726] tee (1756344): drop_caches: 3
[1572872.966110] tee (1756349): drop_caches: 3
[1572878.056392] tee (1756353): drop_caches: 3
[1572883.116170] tee (1756362): drop_caches: 3
[1572888.758803] tee (1756372): drop_caches: 3
[1572894.385351] tee (1756429): drop_caches: 3
[1572901.970146] tee (1756449): drop_caches: 3
[1572909.111663] tee (1756453): drop_caches: 3
[1572915.807853] tee (1756462): drop_caches: 3
[1572922.917571] tee (1756472): drop_caches: 3
[1572928.513742] tee (1756511): drop_caches: 3
[1572934.103632] tee (1756515): drop_caches: 3
[1572939.695312] tee (1756519): drop_caches: 3
[1572944.943640] tee (1756528): drop_caches: 3
[1572949.918239] tee (1756532): drop_caches: 3
[1572954.574617] tee (1756539): drop_caches: 3
[1572959.715683] tee (1756550): drop_caches: 3
[1572964.842215] tee (1756554): drop_caches: 3
[1572969.985537] tee (1756558): drop_caches: 3
[1572975.014941] tee (1756567): drop_caches: 3
[1572980.032998] tee (1756573): drop_caches: 3
[1572985.516209] tee (1756586): drop_caches: 3
[1572990.756845] tee (1756591): drop_caches: 3
[1573012.598877] tee (1756605): drop_caches: 3
[1573023.331520] mix-mixJ-arm46-1753686 phase=B END
[1573023.751164] NVMeVirt: Measurement: command=stop epoch=1 host_bytes=97166807040 learner_active=0
[1573041.016122] EXT4-fs (nvme0n1): unmounting filesystem 0a090d79-676c-4d37-8fc3-6bcc2ea1e2aa.
[1573041.356103] pci_bus 0001:10: busn_res: [bus 10-ff] is released
[1573041.356164] NVMeVirt: GC stats: ns=0 policy=cat-fig7-fixed host_pages=23722365 gc_pages=12213879 gc_count=561504 WAF=1.514 warmup_gc=100-per-part
[1573041.428871] NVMeVirt: Virtual NVMe device closed
