[2143489.253320] mix-mixV-onlinev4-169887 BEGIN
[2143489.342106] NVMeVirt: Version 1.10 for >> Samsung 970 Pro SSD <<
[2143489.342131] NVMeVirt: Storage: 0x100100000-0x300000000 (8191 MiB)
[2143489.353014] NVMeVirt: Total Capacity(GiB,MiB)=2,2048 chs=2 luns=4 lines=8192 blk-size(MiB,KiB)=0,64 line-size(MiB,KiB)=0,256
[2143489.363435] NVMeVirt: [chmodel_init] bandwidth 800 max_credits 26 tx_time 152
[2143489.374055] NVMeVirt: [chmodel_init] bandwidth 800 max_credits 26 tx_time 152
[2143489.374069] NVMeVirt: [chmodel_init] bandwidth 3360 max_credits 110 tx_time 36
[2143489.374071] NVMeVirt: WATGC_V2 init ns=0 part=0 arms=60 initial=37 prior=none gamma_q16=65503 exploration_q16=16384
[2143489.375066] NVMeVirt: pqueue: Copyright (c) 2014, Volkan Yazıcı <volkan.yazici@gmail.com>. All rights reserved.
[2143489.375117] NVMeVirt: Init FTL instance with 2 channels (524288 pages)
[2143489.375119] NVMeVirt: GC victim policy: watgc-v2 ns=0 part=0 initial_k=7 initial_scale_pct=100 initial_age_ratio=7 warmup_gc=100
[2143489.385711] NVMeVirt: [chmodel_init] bandwidth 800 max_credits 26 tx_time 152
[2143489.395844] NVMeVirt: [chmodel_init] bandwidth 800 max_credits 26 tx_time 152
[2143489.395859] NVMeVirt: [chmodel_init] bandwidth 3360 max_credits 110 tx_time 36
[2143489.395861] NVMeVirt: WATGC_V2 init ns=0 part=1 arms=60 initial=37 prior=none gamma_q16=65503 exploration_q16=16384
[2143489.396773] NVMeVirt: Init FTL instance with 2 channels (524288 pages)
[2143489.396776] NVMeVirt: GC victim policy: watgc-v2 ns=0 part=1 initial_k=7 initial_scale_pct=100 initial_age_ratio=7 warmup_gc=100
[2143489.407809] NVMeVirt: [chmodel_init] bandwidth 800 max_credits 26 tx_time 152
[2143489.419953] NVMeVirt: [chmodel_init] bandwidth 800 max_credits 26 tx_time 152
[2143489.419968] NVMeVirt: [chmodel_init] bandwidth 3360 max_credits 110 tx_time 36
[2143489.419970] NVMeVirt: WATGC_V2 init ns=0 part=2 arms=60 initial=37 prior=none gamma_q16=65503 exploration_q16=16384
[2143489.420910] NVMeVirt: Init FTL instance with 2 channels (524288 pages)
[2143489.420913] NVMeVirt: GC victim policy: watgc-v2 ns=0 part=2 initial_k=7 initial_scale_pct=100 initial_age_ratio=7 warmup_gc=100
[2143489.431280] NVMeVirt: [chmodel_init] bandwidth 800 max_credits 26 tx_time 152
[2143489.441638] NVMeVirt: [chmodel_init] bandwidth 800 max_credits 26 tx_time 152
[2143489.441652] NVMeVirt: [chmodel_init] bandwidth 3360 max_credits 110 tx_time 36
[2143489.441654] NVMeVirt: WATGC_V2 init ns=0 part=3 arms=60 initial=37 prior=none gamma_q16=65503 exploration_q16=16384
[2143489.442543] NVMeVirt: Init FTL instance with 2 channels (524288 pages)
[2143489.442548] NVMeVirt: GC victim policy: watgc-v2 ns=0 part=3 initial_k=7 initial_scale_pct=100 initial_age_ratio=7 warmup_gc=100
[2143489.442555] NVMeVirt: FTL physical space: 8588886016, logical space: 8026996276 (physical/logical * 100 = 107)
[2143489.442557] NVMeVirt: ns 0/1: size 7655 MiB
[2143489.442639] PCI host bridge to bus 0001:10
[2143489.442642] pci_bus 0001:10: root bus resource [io  0x0000-0xffff]
[2143489.442646] pci_bus 0001:10: root bus resource [mem 0x00000000-0x7fffffffff]
[2143489.442648] pci_bus 0001:10: root bus resource [bus 00-ff]
[2143489.442658] pci 0001:10:00.0: [0c51:0110] type 00 class 0x010802 PCIe Endpoint
[2143489.442662] pci 0001:10:00.0: BAR 0 [mem 0x100000000-0x100003fff 64bit]
[2143489.442665] pci 0001:10:00.0: enabling Extended Tags
[2143489.442805] NVMeVirt: Virtual PCI bus created (node 0)
[2143489.443067] NVMeVirt: nvmev_io_worker_0 started on cpu 2 (node 0)
[2143489.443155] NVMeVirt: Virtual NVMe device created
[2143489.443256] NVMeVirt: nvmev_dispatcher started on cpu 1 (node 0)
[2143489.443391] nvme nvme0: pci function 0001:10:00.0
[2143489.447220] nvme nvme0: 8/0/0 default/read/poll queues
[2143489.812286] EXT4-fs (nvme0n1): mounted filesystem ec7fc37e-c65e-4846-97f6-5f0d70dba734 r/w with ordered data mode. Quota mode: none.
[2143571.924440] NVMeVirt: WATGC_V2 init ns=0 part=0 arms=60 initial=37 prior=none gamma_q16=65503 exploration_q16=16384
[2143571.924446] NVMeVirt: WATGC_V2 init ns=0 part=1 arms=60 initial=37 prior=none gamma_q16=65503 exploration_q16=16384
[2143571.924448] NVMeVirt: WATGC_V2 init ns=0 part=2 arms=60 initial=37 prior=none gamma_q16=65503 exploration_q16=16384
[2143571.924449] NVMeVirt: WATGC_V2 init ns=0 part=3 arms=60 initial=37 prior=none gamma_q16=65503 exploration_q16=16384
[2143571.924451] NVMeVirt: Measurement: command=start epoch=1 host_bytes=0 learner_active=1
[2143571.934556] mix-mixV-onlinev4-169887 phase=A START
[2143571.946169] mix-mixV-onlinev4-169887 phase=A LOAD
[2143573.806721] NVMeVirt: WATGC_V2 warmup-done ns=0 part=0 gc_count=2838
[2143573.808964] NVMeVirt: WATGC_V2 warmup-done ns=0 part=1 gc_count=2813
[2143573.825409] NVMeVirt: WATGC_V2 warmup-done ns=0 part=2 gc_count=2818
[2143573.825787] NVMeVirt: WATGC_V2 warmup-done ns=0 part=3 gc_count=2824
[2143583.290279] NVMeVirt: WATGC_V2 sample ns=0 part=0 epoch=1 window=1 phase=measure evaluated=37 k=7 scale_pct=100 age_ratio=7 host=131120 gc_pages=56949 gc_count=2939 waf_q16=94000 best=37 next=15 settled=0 active=45
[2143583.360961] NVMeVirt: WATGC_V2 sample ns=0 part=1 epoch=1 window=1 phase=measure evaluated=37 k=7 scale_pct=100 age_ratio=7 host=131096 gc_pages=56103 gc_count=2925 waf_q16=93582 best=37 next=15 settled=0 active=45
[2143583.452882] NVMeVirt: WATGC_V2 sample ns=0 part=2 epoch=1 window=1 phase=measure evaluated=37 k=7 scale_pct=100 age_ratio=7 host=131080 gc_pages=58026 gc_count=2955 waf_q16=94547 best=37 next=15 settled=0 active=45
[2143583.602832] NVMeVirt: WATGC_V2 sample ns=0 part=3 epoch=1 window=1 phase=measure evaluated=37 k=7 scale_pct=100 age_ratio=7 host=131083 gc_pages=57786 gc_count=2951 waf_q16=94426 best=37 next=15 settled=0 active=45
[2143592.999994] NVMeVirt: WATGC_V2 sample ns=0 part=0 epoch=1 window=2 phase=measure evaluated=15 k=4 scale_pct=25 age_ratio=4 host=131096 gc_pages=60515 gc_count=2994 waf_q16=95787 best=37 next=16 settled=0 active=45
[2143593.113160] NVMeVirt: WATGC_V2 sample ns=0 part=1 epoch=1 window=2 phase=measure evaluated=15 k=4 scale_pct=25 age_ratio=4 host=131092 gc_pages=62190 gc_count=3020 waf_q16=96626 best=37 next=16 settled=0 active=45
[2143593.187992] NVMeVirt: WATGC_V2 sample ns=0 part=2 epoch=1 window=2 phase=measure evaluated=15 k=4 scale_pct=25 age_ratio=4 host=131086 gc_pages=61379 gc_count=3007 waf_q16=96222 best=37 next=16 settled=0 active=45
[2143593.558970] NVMeVirt: WATGC_V2 sample ns=0 part=3 epoch=1 window=2 phase=measure evaluated=15 k=4 scale_pct=25 age_ratio=4 host=131098 gc_pages=59494 gc_count=2978 waf_q16=95277 best=37 next=16 settled=0 active=45
[2143595.007804] mix-mixV-onlinev4-169887 phase=A RUN
[2143599.237388] tee (170423): drop_caches: 3
[2143605.042316] tee (170430): drop_caches: 3
[2143610.721019] tee (170443): drop_caches: 3
[2143616.001394] tee (170450): drop_caches: 3
[2143620.246685] NVMeVirt: WATGC_V2 sample ns=0 part=0 epoch=1 window=3 phase=measure evaluated=16 k=4 scale_pct=25 age_ratio=7 host=131127 gc_pages=84154 gc_count=3364 waf_q16=107595 best=37 next=17 settled=0 active=45
[2143620.640599] NVMeVirt: WATGC_V2 sample ns=0 part=1 epoch=1 window=3 phase=measure evaluated=16 k=4 scale_pct=25 age_ratio=7 host=131114 gc_pages=86925 gc_count=3407 waf_q16=108984 best=37 next=17 settled=0 active=45
[2143620.787701] NVMeVirt: WATGC_V2 sample ns=0 part=2 epoch=1 window=3 phase=measure evaluated=16 k=4 scale_pct=25 age_ratio=7 host=131109 gc_pages=83202 gc_count=3349 waf_q16=107125 best=37 next=17 settled=0 active=45
[2143621.458379] tee (170465): drop_caches: 3
[2143622.204997] NVMeVirt: WATGC_V2 sample ns=0 part=3 epoch=1 window=3 phase=measure evaluated=16 k=4 scale_pct=25 age_ratio=7 host=131100 gc_pages=85867 gc_count=3390 waf_q16=108460 best=37 next=17 settled=0 active=45
[2143626.834207] tee (170470): drop_caches: 3
[2143631.954683] tee (170481): drop_caches: 3
[2143637.528774] tee (170485): drop_caches: 3
[2143642.713958] tee (170499): drop_caches: 3
[2143649.449133] tee (170523): drop_caches: 3
[2143650.778838] NVMeVirt: WATGC_V2 sample ns=0 part=0 epoch=1 window=4 phase=measure evaluated=17 k=4 scale_pct=25 age_ratio=16 host=131075 gc_pages=57792 gc_count=2951 waf_q16=94431 best=37 next=18 settled=0 active=45
[2143651.159546] NVMeVirt: WATGC_V2 sample ns=0 part=1 epoch=1 window=4 phase=measure evaluated=17 k=4 scale_pct=25 age_ratio=16 host=131086 gc_pages=58100 gc_count=2956 waf_q16=94582 best=37 next=18 settled=0 active=45
[2143651.187431] NVMeVirt: WATGC_V2 sample ns=0 part=2 epoch=1 window=4 phase=measure evaluated=17 k=4 scale_pct=25 age_ratio=16 host=131103 gc_pages=58262 gc_count=2959 waf_q16=94660 best=37 next=18 settled=0 active=45
[2143652.358773] NVMeVirt: WATGC_V2 sample ns=0 part=3 epoch=1 window=4 phase=measure evaluated=17 k=4 scale_pct=25 age_ratio=16 host=131109 gc_pages=57629 gc_count=2949 waf_q16=94342 best=37 next=18 settled=0 active=45
[2143654.989542] tee (170527): drop_caches: 3
[2143660.452405] tee (170543): drop_caches: 3
[2143663.325555] mix-mixV-onlinev4-169887 phase=A END
[2143669.166418] mix-mixV-onlinev4-169887 phase=B START
[2143687.657808] mix-mixV-onlinev4-169887 phase=B chunk=1/4 done
[2143690.169394] NVMeVirt: WATGC_V2 sample ns=0 part=2 epoch=1 window=5 phase=measure evaluated=18 k=4 scale_pct=50 age_ratio=4 host=131113 gc_pages=52510 gc_count=2869 waf_q16=91782 best=18 next=19 settled=0 active=45
[2143690.622718] NVMeVirt: WATGC_V2 sample ns=0 part=1 epoch=1 window=5 phase=measure evaluated=18 k=4 scale_pct=50 age_ratio=4 host=131075 gc_pages=54401 gc_count=2898 waf_q16=92735 best=18 next=19 settled=0 active=45
[2143690.817462] NVMeVirt: WATGC_V2 sample ns=0 part=0 epoch=1 window=5 phase=measure evaluated=18 k=4 scale_pct=50 age_ratio=4 host=131098 gc_pages=52449 gc_count=2868 waf_q16=91755 best=18 next=19 settled=0 active=45
[2143691.825703] NVMeVirt: WATGC_V2 sample ns=0 part=3 epoch=1 window=5 phase=measure evaluated=18 k=4 scale_pct=50 age_ratio=4 host=131092 gc_pages=54514 gc_count=2900 waf_q16=92788 best=18 next=19 settled=0 active=45
[2143705.892071] mix-mixV-onlinev4-169887 phase=B chunk=2/4 done
[2143716.827805] NVMeVirt: WATGC_V2 sample ns=0 part=2 epoch=1 window=6 phase=measure evaluated=19 k=4 scale_pct=50 age_ratio=7 host=131115 gc_pages=40144 gc_count=2676 waf_q16=85601 best=19 next=20 settled=0 active=45
[2143717.545344] NVMeVirt: WATGC_V2 sample ns=0 part=1 epoch=1 window=6 phase=measure evaluated=19 k=4 scale_pct=50 age_ratio=7 host=131104 gc_pages=40349 gc_count=2679 waf_q16=85705 best=19 next=20 settled=0 active=45
[2143717.957259] NVMeVirt: WATGC_V2 sample ns=0 part=0 epoch=1 window=6 phase=measure evaluated=19 k=4 scale_pct=50 age_ratio=7 host=131099 gc_pages=40034 gc_count=2674 waf_q16=85548 best=19 next=20 settled=0 active=45
[2143717.988593] NVMeVirt: WATGC_V2 sample ns=0 part=3 epoch=1 window=6 phase=measure evaluated=19 k=4 scale_pct=50 age_ratio=7 host=131105 gc_pages=40096 gc_count=2675 waf_q16=85578 best=19 next=20 settled=0 active=45
[2143724.145410] mix-mixV-onlinev4-169887 phase=B chunk=3/4 done
[2143742.415385] mix-mixV-onlinev4-169887 phase=B chunk=4/4 done
[2143742.792848] mix-mixV-onlinev4-169887 phase=B END
[2143742.823187] mix-mixV-onlinev4-169887 phase=C START
[2143744.704301] NVMeVirt: WATGC_V2 sample ns=0 part=2 epoch=1 window=7 phase=measure evaluated=20 k=4 scale_pct=50 age_ratio=16 host=131086 gc_pages=29425 gc_count=2508 waf_q16=80246 best=20 next=21 settled=0 active=45
[2143744.844442] NVMeVirt: WATGC_V2 sample ns=0 part=1 epoch=1 window=7 phase=measure evaluated=20 k=4 scale_pct=50 age_ratio=16 host=131114 gc_pages=27769 gc_count=2483 waf_q16=79416 best=20 next=21 settled=0 active=45
[2143744.846429] NVMeVirt: WATGC_V2 sample ns=0 part=3 epoch=1 window=7 phase=measure evaluated=20 k=4 scale_pct=50 age_ratio=16 host=131118 gc_pages=28878 gc_count=2500 waf_q16=79969 best=20 next=21 settled=0 active=45
[2143744.932843] NVMeVirt: WATGC_V2 sample ns=0 part=0 epoch=1 window=7 phase=measure evaluated=20 k=4 scale_pct=50 age_ratio=16 host=131073 gc_pages=27900 gc_count=2484 waf_q16=79485 best=20 next=21 settled=0 active=45
[2143748.328708] NVMeVirt: WATGC_V2 sample ns=0 part=2 epoch=1 window=8 phase=measure evaluated=21 k=4 scale_pct=100 age_ratio=4 host=131095 gc_pages=57912 gc_count=2953 waf_q16=94486 best=20 next=22 settled=0 active=45
[2143748.409621] NVMeVirt: WATGC_V2 sample ns=0 part=0 epoch=1 window=8 phase=measure evaluated=21 k=4 scale_pct=100 age_ratio=4 host=131116 gc_pages=59290 gc_count=2975 waf_q16=95171 best=20 next=22 settled=0 active=45
[2143748.493976] NVMeVirt: WATGC_V2 sample ns=0 part=3 epoch=1 window=8 phase=measure evaluated=21 k=4 scale_pct=100 age_ratio=4 host=131089 gc_pages=61304 gc_count=3006 waf_q16=96184 best=20 next=22 settled=0 active=45
[2143748.496340] NVMeVirt: WATGC_V2 sample ns=0 part=1 epoch=1 window=8 phase=measure evaluated=21 k=4 scale_pct=100 age_ratio=4 host=131105 gc_pages=62058 gc_count=3018 waf_q16=96557 best=20 next=22 settled=0 active=45
[2143752.231739] NVMeVirt: WATGC_V2 sample ns=0 part=0 epoch=1 window=9 phase=measure evaluated=22 k=4 scale_pct=100 age_ratio=7 host=131102 gc_pages=127347 gc_count=4038 waf_q16=129194 best=20 next=23 settled=0 active=45
[2143752.474861] NVMeVirt: WATGC_V2 sample ns=0 part=2 epoch=1 window=9 phase=measure evaluated=22 k=4 scale_pct=100 age_ratio=7 host=131108 gc_pages=126315 gc_count=4022 waf_q16=128676 best=20 next=23 settled=0 active=45
[2143752.745107] NVMeVirt: WATGC_V2 sample ns=0 part=3 epoch=1 window=9 phase=measure evaluated=22 k=4 scale_pct=100 age_ratio=7 host=131092 gc_pages=134074 gc_count=4143 waf_q16=132562 best=20 next=23 settled=0 active=45
[2143752.757602] NVMeVirt: WATGC_V2 sample ns=0 part=1 epoch=1 window=9 phase=measure evaluated=22 k=4 scale_pct=100 age_ratio=7 host=131111 gc_pages=134629 gc_count=4152 waf_q16=132830 best=20 next=23 settled=0 active=45
[2143756.544907] NVMeVirt: WATGC_V2 sample ns=0 part=0 epoch=1 window=10 phase=measure evaluated=23 k=4 scale_pct=100 age_ratio=16 host=131089 gc_pages=192689 gc_count=5059 waf_q16=161868 best=20 next=24 settled=0 active=45
[2143756.918413] NVMeVirt: WATGC_V2 sample ns=0 part=2 epoch=1 window=10 phase=measure evaluated=23 k=4 scale_pct=100 age_ratio=16 host=131086 gc_pages=182896 gc_count=4906 waf_q16=156974 best=20 next=24 settled=0 active=45
[2143757.070525] NVMeVirt: WATGC_V2 sample ns=0 part=3 epoch=1 window=10 phase=measure evaluated=23 k=4 scale_pct=100 age_ratio=16 host=131082 gc_pages=187065 gc_count=4971 waf_q16=159061 best=20 next=24 settled=0 active=45
[2143757.094698] NVMeVirt: WATGC_V2 sample ns=0 part=1 epoch=1 window=10 phase=measure evaluated=23 k=4 scale_pct=100 age_ratio=16 host=131088 gc_pages=184368 gc_count=4929 waf_q16=157708 best=20 next=24 settled=0 active=45
[2143760.398839] NVMeVirt: WATGC_V2 sample ns=0 part=0 epoch=1 window=11 phase=measure evaluated=24 k=4 scale_pct=200 age_ratio=4 host=131091 gc_pages=202221 gc_count=5208 waf_q16=166631 best=20 next=25 settled=0 active=45
[2143761.025374] NVMeVirt: WATGC_V2 sample ns=0 part=2 epoch=1 window=11 phase=measure evaluated=24 k=4 scale_pct=200 age_ratio=4 host=131087 gc_pages=187252 gc_count=4974 waf_q16=159151 best=20 next=25 settled=0 active=45
[2143761.157226] NVMeVirt: WATGC_V2 sample ns=0 part=3 epoch=1 window=11 phase=measure evaluated=24 k=4 scale_pct=200 age_ratio=4 host=131076 gc_pages=193277 gc_count=5068 waf_q16=162171 best=20 next=25 settled=0 active=45
[2143761.201465] NVMeVirt: WATGC_V2 sample ns=0 part=1 epoch=1 window=11 phase=measure evaluated=24 k=4 scale_pct=200 age_ratio=4 host=131088 gc_pages=190701 gc_count=5028 waf_q16=160874 best=20 next=25 settled=0 active=45
[2143764.388586] NVMeVirt: WATGC_V2 sample ns=0 part=0 epoch=1 window=12 phase=measure evaluated=25 k=4 scale_pct=200 age_ratio=7 host=131100 gc_pages=210979 gc_count=5345 waf_q16=171002 best=20 next=26 settled=0 active=45
[2143765.259295] NVMeVirt: WATGC_V2 sample ns=0 part=2 epoch=1 window=12 phase=measure evaluated=25 k=4 scale_pct=200 age_ratio=7 host=131072 gc_pages=198327 gc_count=5147 waf_q16=164699 best=20 next=26 settled=0 active=45
[2143765.370900] NVMeVirt: WATGC_V2 sample ns=0 part=3 epoch=1 window=12 phase=measure evaluated=25 k=4 scale_pct=200 age_ratio=7 host=131091 gc_pages=201709 gc_count=5200 waf_q16=166375 best=20 next=26 settled=0 active=45
[2143765.422904] NVMeVirt: WATGC_V2 sample ns=0 part=1 epoch=1 window=12 phase=measure evaluated=25 k=4 scale_pct=200 age_ratio=7 host=131082 gc_pages=200555 gc_count=5182 waf_q16=165805 best=20 next=26 settled=0 active=45
[2143768.401367] NVMeVirt: WATGC_V2 sample ns=0 part=0 epoch=1 window=13 phase=measure evaluated=26 k=4 scale_pct=200 age_ratio=16 host=131073 gc_pages=213298 gc_count=5381 waf_q16=172184 best=20 next=27 settled=0 active=45
[2143769.530220] NVMeVirt: WATGC_V2 sample ns=0 part=2 epoch=1 window=13 phase=measure evaluated=26 k=4 scale_pct=200 age_ratio=16 host=131072 gc_pages=201929 gc_count=5203 waf_q16=166500 best=20 next=27 settled=0 active=45
[2143769.624462] NVMeVirt: WATGC_V2 sample ns=0 part=3 epoch=1 window=13 phase=measure evaluated=26 k=4 scale_pct=200 age_ratio=16 host=131075 gc_pages=204738 gc_count=5247 waf_q16=167902 best=20 next=27 settled=0 active=45
[2143769.674988] NVMeVirt: WATGC_V2 sample ns=0 part=1 epoch=1 window=13 phase=measure evaluated=26 k=4 scale_pct=200 age_ratio=16 host=131078 gc_pages=203065 gc_count=5221 waf_q16=167063 best=20 next=27 settled=0 active=45
[2143772.389191] NVMeVirt: WATGC_V2 sample ns=0 part=0 epoch=1 window=14 phase=measure evaluated=27 k=4 scale_pct=400 age_ratio=4 host=131073 gc_pages=210812 gc_count=5342 waf_q16=170941 best=20 next=28 settled=0 active=45
[2143773.764056] NVMeVirt: WATGC_V2 sample ns=0 part=2 epoch=1 window=14 phase=measure evaluated=27 k=4 scale_pct=400 age_ratio=4 host=131103 gc_pages=202273 gc_count=5209 waf_q16=166648 best=20 next=28 settled=0 active=45
[2143773.837239] NVMeVirt: WATGC_V2 sample ns=0 part=3 epoch=1 window=14 phase=measure evaluated=27 k=4 scale_pct=400 age_ratio=4 host=131087 gc_pages=207855 gc_count=5296 waf_q16=169451 best=20 next=28 settled=0 active=45
[2143773.895217] NVMeVirt: WATGC_V2 sample ns=0 part=1 epoch=1 window=14 phase=measure evaluated=27 k=4 scale_pct=400 age_ratio=4 host=131074 gc_pages=203070 gc_count=5221 waf_q16=167069 best=20 next=28 settled=0 active=45
[2143776.401355] NVMeVirt: WATGC_V2 sample ns=0 part=0 epoch=1 window=15 phase=measure evaluated=28 k=4 scale_pct=400 age_ratio=7 host=131086 gc_pages=213543 gc_count=5385 waf_q16=172296 best=20 next=29 settled=0 active=45
[2143778.026343] NVMeVirt: WATGC_V2 sample ns=0 part=2 epoch=1 window=15 phase=measure evaluated=28 k=4 scale_pct=400 age_ratio=7 host=131089 gc_pages=206139 gc_count=5269 waf_q16=168592 best=20 next=29 settled=0 active=45
[2143778.070706] NVMeVirt: WATGC_V2 sample ns=0 part=3 epoch=1 window=15 phase=measure evaluated=28 k=4 scale_pct=400 age_ratio=7 host=131085 gc_pages=207996 gc_count=5298 waf_q16=169523 best=20 next=29 settled=0 active=45
[2143778.137845] NVMeVirt: WATGC_V2 sample ns=0 part=1 epoch=1 window=15 phase=measure evaluated=28 k=4 scale_pct=400 age_ratio=7 host=131088 gc_pages=205108 gc_count=5253 waf_q16=168077 best=20 next=29 settled=0 active=45
[2143780.486131] NVMeVirt: WATGC_V2 sample ns=0 part=0 epoch=1 window=16 phase=measure evaluated=29 k=4 scale_pct=400 age_ratio=16 host=131103 gc_pages=211809 gc_count=5358 waf_q16=171415 best=20 next=30 settled=0 active=45
[2143782.309654] NVMeVirt: WATGC_V2 sample ns=0 part=2 epoch=1 window=16 phase=measure evaluated=29 k=4 scale_pct=400 age_ratio=16 host=131081 gc_pages=203510 gc_count=5228 waf_q16=167284 best=20 next=30 settled=0 active=45
[2143782.333810] NVMeVirt: WATGC_V2 sample ns=0 part=3 epoch=1 window=16 phase=measure evaluated=29 k=4 scale_pct=400 age_ratio=16 host=131077 gc_pages=208198 gc_count=5301 waf_q16=169631 best=20 next=30 settled=0 active=45
[2143782.395954] NVMeVirt: WATGC_V2 sample ns=0 part=1 epoch=1 window=16 phase=measure evaluated=29 k=4 scale_pct=400 age_ratio=16 host=131107 gc_pages=204444 gc_count=5243 waf_q16=167730 best=20 next=30 settled=0 active=45
[2143784.375932] NVMeVirt: WATGC_V2 sample ns=0 part=0 epoch=1 window=17 phase=measure evaluated=30 k=7 scale_pct=25 age_ratio=4 host=131083 gc_pages=189179 gc_count=5004 waf_q16=160117 best=20 next=31 settled=0 active=45
[2143786.472787] NVMeVirt: WATGC_V2 sample ns=0 part=2 epoch=1 window=17 phase=measure evaluated=30 k=7 scale_pct=25 age_ratio=4 host=131094 gc_pages=177955 gc_count=4829 waf_q16=154498 best=20 next=31 settled=0 active=45
[2143786.475136] NVMeVirt: WATGC_V2 sample ns=0 part=3 epoch=1 window=17 phase=measure evaluated=30 k=7 scale_pct=25 age_ratio=4 host=131108 gc_pages=182235 gc_count=4896 waf_q16=156628 best=20 next=31 settled=0 active=45
[2143786.543014] NVMeVirt: WATGC_V2 sample ns=0 part=1 epoch=1 window=17 phase=measure evaluated=30 k=7 scale_pct=25 age_ratio=4 host=131078 gc_pages=179837 gc_count=4858 waf_q16=155450 best=20 next=31 settled=0 active=45
[2143788.259240] NVMeVirt: WATGC_V2 sample ns=0 part=0 epoch=1 window=18 phase=measure evaluated=31 k=7 scale_pct=25 age_ratio=7 host=131080 gc_pages=182569 gc_count=4901 waf_q16=156814 best=20 next=32 settled=0 active=45
[2143790.545643] NVMeVirt: WATGC_V2 sample ns=0 part=3 epoch=1 window=18 phase=measure evaluated=31 k=7 scale_pct=25 age_ratio=7 host=131091 gc_pages=176121 gc_count=4800 waf_q16=153583 best=20 next=32 settled=0 active=45
[2143790.558124] NVMeVirt: WATGC_V2 sample ns=0 part=2 epoch=1 window=18 phase=measure evaluated=31 k=7 scale_pct=25 age_ratio=7 host=131084 gc_pages=173996 gc_count=4767 waf_q16=152526 best=20 next=32 settled=0 active=45
[2143790.622165] NVMeVirt: WATGC_V2 sample ns=0 part=1 epoch=1 window=18 phase=measure evaluated=31 k=7 scale_pct=25 age_ratio=7 host=131084 gc_pages=174510 gc_count=4775 waf_q16=152783 best=20 next=32 settled=0 active=45
[2143792.106100] NVMeVirt: WATGC_V2 sample ns=0 part=0 epoch=1 window=19 phase=measure evaluated=32 k=7 scale_pct=25 age_ratio=16 host=131089 gc_pages=177313 gc_count=4819 waf_q16=154181 best=20 next=33 settled=0 active=45
[2143794.585320] NVMeVirt: WATGC_V2 sample ns=0 part=3 epoch=1 window=19 phase=measure evaluated=32 k=7 scale_pct=25 age_ratio=16 host=131072 gc_pages=173444 gc_count=4758 waf_q16=152258 best=20 next=33 settled=0 active=45
[2143794.619622] NVMeVirt: WATGC_V2 sample ns=0 part=2 epoch=1 window=19 phase=measure evaluated=32 k=7 scale_pct=25 age_ratio=16 host=131083 gc_pages=170541 gc_count=4713 waf_q16=150799 best=20 next=33 settled=0 active=45
[2143794.637994] NVMeVirt: WATGC_V2 sample ns=0 part=1 epoch=1 window=19 phase=measure evaluated=32 k=7 scale_pct=25 age_ratio=16 host=131075 gc_pages=172413 gc_count=4742 waf_q16=151740 best=20 next=33 settled=0 active=45
[2143795.854326] NVMeVirt: WATGC_V2 sample ns=0 part=0 epoch=1 window=20 phase=measure evaluated=33 k=7 scale_pct=50 age_ratio=4 host=131095 gc_pages=184171 gc_count=4926 waf_q16=157605 best=20 next=34 settled=0 active=45
[2143798.556140] NVMeVirt: WATGC_V2 sample ns=0 part=3 epoch=1 window=20 phase=measure evaluated=33 k=7 scale_pct=50 age_ratio=4 host=131076 gc_pages=177981 gc_count=4829 waf_q16=154523 best=20 next=34 settled=0 active=45
[2143798.611123] NVMeVirt: WATGC_V2 sample ns=0 part=2 epoch=1 window=20 phase=measure evaluated=33 k=7 scale_pct=50 age_ratio=4 host=131095 gc_pages=178542 gc_count=4838 waf_q16=154791 best=20 next=34 settled=0 active=45
[2143798.616870] NVMeVirt: WATGC_V2 sample ns=0 part=1 epoch=1 window=20 phase=measure evaluated=33 k=7 scale_pct=50 age_ratio=4 host=131100 gc_pages=179815 gc_count=4858 waf_q16=155424 best=20 next=34 settled=0 active=45
[2143799.613816] NVMeVirt: WATGC_V2 sample ns=0 part=0 epoch=1 window=21 phase=measure evaluated=34 k=7 scale_pct=50 age_ratio=7 host=131091 gc_pages=187888 gc_count=4984 waf_q16=159466 best=20 next=35 settled=0 active=45
[2143802.549212] NVMeVirt: WATGC_V2 sample ns=0 part=3 epoch=1 window=21 phase=measure evaluated=34 k=7 scale_pct=50 age_ratio=7 host=131087 gc_pages=181626 gc_count=4886 waf_q16=156338 best=20 next=35 settled=0 active=45
[2143802.599458] NVMeVirt: WATGC_V2 sample ns=0 part=1 epoch=1 window=21 phase=measure evaluated=34 k=7 scale_pct=50 age_ratio=7 host=131083 gc_pages=181745 gc_count=4888 waf_q16=156400 best=20 next=35 settled=0 active=45
[2143802.622689] NVMeVirt: WATGC_V2 sample ns=0 part=2 epoch=1 window=21 phase=measure evaluated=34 k=7 scale_pct=50 age_ratio=7 host=131083 gc_pages=180912 gc_count=4875 waf_q16=155984 best=20 next=35 settled=0 active=45
[2143803.391010] NVMeVirt: WATGC_V2 sample ns=0 part=0 epoch=1 window=22 phase=measure evaluated=35 k=7 scale_pct=50 age_ratio=16 host=131083 gc_pages=191669 gc_count=5043 waf_q16=161362 best=20 next=36 settled=0 active=45
[2143805.529619] mix-mixV-onlinev4-169887 phase=C chunk=1/1 done
[2143806.476376] mix-mixV-onlinev4-169887 phase=C END
[2143806.485660] mix-mixV-onlinev4-169887 phase=D START
[2143806.554598] mix-mixV-onlinev4-169887 phase=D LOAD
[2143814.144585] NVMeVirt: WATGC_V2 sample ns=0 part=3 epoch=1 window=22 phase=measure evaluated=35 k=7 scale_pct=50 age_ratio=16 host=131073 gc_pages=146684 gc_count=4340 waf_q16=138877 best=20 next=36 settled=0 active=45
[2143814.181875] NVMeVirt: WATGC_V2 sample ns=0 part=1 epoch=1 window=22 phase=measure evaluated=35 k=7 scale_pct=50 age_ratio=16 host=131075 gc_pages=145459 gc_count=4321 waf_q16=138263 best=20 next=36 settled=0 active=45
[2143814.208894] NVMeVirt: WATGC_V2 sample ns=0 part=2 epoch=1 window=22 phase=measure evaluated=35 k=7 scale_pct=50 age_ratio=16 host=131109 gc_pages=142643 gc_count=4278 waf_q16=136837 best=20 next=36 settled=0 active=45
[2143815.799097] NVMeVirt: WATGC_V2 sample ns=0 part=0 epoch=1 window=23 phase=measure evaluated=36 k=7 scale_pct=100 age_ratio=4 host=131092 gc_pages=141673 gc_count=4262 waf_q16=136361 best=20 next=38 settled=0 active=45
[2143823.262131] NVMeVirt: WATGC_V2 sample ns=0 part=1 epoch=1 window=23 phase=measure evaluated=36 k=7 scale_pct=100 age_ratio=4 host=131083 gc_pages=118608 gc_count=3902 waf_q16=124835 best=20 next=38 settled=0 active=45
[2143823.344375] NVMeVirt: WATGC_V2 sample ns=0 part=2 epoch=1 window=23 phase=measure evaluated=36 k=7 scale_pct=100 age_ratio=4 host=131072 gc_pages=118025 gc_count=3892 waf_q16=124548 best=20 next=38 settled=0 active=45
[2143823.416660] NVMeVirt: WATGC_V2 sample ns=0 part=3 epoch=1 window=23 phase=measure evaluated=36 k=7 scale_pct=100 age_ratio=4 host=131095 gc_pages=113596 gc_count=3823 waf_q16=122324 best=20 next=38 settled=0 active=45
[2143824.657452] NVMeVirt: WATGC_V2 sample ns=0 part=0 epoch=1 window=24 phase=measure evaluated=38 k=7 scale_pct=100 age_ratio=16 host=131098 gc_pages=127219 gc_count=4036 waf_q16=129132 best=20 next=39 settled=0 active=45
[2143828.895010] mix-mixV-onlinev4-169887 phase=D RUN
[2143833.103371] tee (178375): drop_caches: 3
[2143838.417770] tee (178388): drop_caches: 3
[2143842.376592] NVMeVirt: WATGC_V2 sample ns=0 part=1 epoch=1 window=24 phase=measure evaluated=38 k=7 scale_pct=100 age_ratio=16 host=131114 gc_pages=119665 gc_count=3918 waf_q16=125349 best=20 next=39 settled=0 active=45
[2143842.731713] NVMeVirt: WATGC_V2 sample ns=0 part=2 epoch=1 window=24 phase=measure evaluated=38 k=7 scale_pct=100 age_ratio=16 host=131079 gc_pages=121530 gc_count=3947 waf_q16=126297 best=20 next=39 settled=0 active=45
[2143843.280910] NVMeVirt: WATGC_V2 sample ns=0 part=3 epoch=1 window=24 phase=measure evaluated=38 k=7 scale_pct=100 age_ratio=16 host=131078 gc_pages=118371 gc_count=3897 waf_q16=124718 best=20 next=39 settled=0 active=45
[2143843.605216] tee (178392): drop_caches: 3
[2143848.829427] tee (178403): drop_caches: 3
[2143849.658617] NVMeVirt: WATGC_V2 sample ns=0 part=0 epoch=1 window=25 phase=measure evaluated=39 k=7 scale_pct=200 age_ratio=4 host=131106 gc_pages=134163 gc_count=4145 waf_q16=132600 best=20 next=40 settled=0 active=45
[2143854.524042] tee (178420): drop_caches: 3
[2143860.054455] tee (178427): drop_caches: 3
[2143865.631663] tee (178432): drop_caches: 3
[2143870.832776] tee (178443): drop_caches: 3
[2143875.989669] tee (178454): drop_caches: 3
[2143881.194130] tee (178459): drop_caches: 3
[2143885.801823] tee (178472): drop_caches: 3
[2143887.069431] NVMeVirt: WATGC_V2 sample ns=0 part=1 epoch=1 window=25 phase=measure evaluated=39 k=7 scale_pct=200 age_ratio=4 host=131084 gc_pages=115316 gc_count=3850 waf_q16=123188 best=20 next=40 settled=0 active=45
[2143887.504533] NVMeVirt: WATGC_V2 sample ns=0 part=2 epoch=1 window=25 phase=measure evaluated=39 k=7 scale_pct=200 age_ratio=4 host=131076 gc_pages=115198 gc_count=3848 waf_q16=123133 best=20 next=40 settled=0 active=45
[2143888.186958] NVMeVirt: WATGC_V2 sample ns=0 part=3 epoch=1 window=25 phase=measure evaluated=39 k=7 scale_pct=200 age_ratio=4 host=131093 gc_pages=114410 gc_count=3836 waf_q16=122731 best=20 next=40 settled=0 active=45
[2143891.318970] tee (178482): drop_caches: 3
[2143893.043341] mix-mixV-onlinev4-169887 phase=D END
[2143893.307356] mix-mixV-onlinev4-169887 phase=E START
[2143893.368922] mix-mixV-onlinev4-169887 phase=E RUN
[2143897.424914] tee (178572): drop_caches: 3
[2143902.931976] tee (178578): drop_caches: 3
[2143908.114278] tee (178591): drop_caches: 3
[2143913.447123] tee (178595): drop_caches: 3
[2143917.862502] tee (178621): drop_caches: 3
[2143924.963615] tee (178634): drop_caches: 3
[2143931.581923] tee (178646): drop_caches: 3
[2143937.997439] tee (178657): drop_caches: 3
[2143944.241387] tee (178664): drop_caches: 3
[2143945.644035] NVMeVirt: WATGC_V2 sample ns=0 part=0 epoch=1 window=26 phase=measure evaluated=40 k=7 scale_pct=200 age_ratio=7 host=131091 gc_pages=109168 gc_count=3754 waf_q16=120112 best=20 next=41 settled=0 active=45
[2143949.059086] tee (178679): drop_caches: 3
[2143957.785172] tee (178695): drop_caches: 3
[2143964.060229] tee (178701): drop_caches: 3
[2143968.020603] mix-mixV-onlinev4-169887 phase=E END
[2143974.101943] mix-mixV-onlinev4-169887 phase=F START
[2143986.995313] NVMeVirt: WATGC_V2 sample ns=0 part=1 epoch=1 window=26 phase=measure evaluated=40 k=7 scale_pct=200 age_ratio=7 host=131079 gc_pages=380123 gc_count=7987 waf_q16=255587 best=20 next=41 settled=0 active=45
[2143987.101573] NVMeVirt: WATGC_V2 sample ns=0 part=2 epoch=1 window=26 phase=measure evaluated=40 k=7 scale_pct=200 age_ratio=7 host=131075 gc_pages=383322 gc_count=8037 waf_q16=257192 best=20 next=41 settled=0 active=45
[2143987.321033] NVMeVirt: WATGC_V2 sample ns=0 part=3 epoch=1 window=26 phase=measure evaluated=40 k=7 scale_pct=200 age_ratio=7 host=131077 gc_pages=391639 gc_count=8167 waf_q16=261348 best=20 next=41 settled=0 active=45
[2143988.112929] NVMeVirt: WATGC_V2 discard ns=0 part=0 epoch=1 phase=2 arm=41 host=114687 gc_pages=409628 gc_count=8192 reason=undersized
[2143999.252840] NVMeVirt: WATGC_V2 discard ns=0 part=1 epoch=1 phase=2 arm=41 host=89854 gc_pages=434435 gc_count=8192 reason=undersized
[2143999.352848] NVMeVirt: WATGC_V2 discard ns=0 part=2 epoch=1 phase=2 arm=41 host=89740 gc_pages=434549 gc_count=8192 reason=undersized
[2143999.557902] NVMeVirt: WATGC_V2 discard ns=0 part=3 epoch=1 phase=2 arm=41 host=89638 gc_pages=434651 gc_count=8192 reason=undersized
[2144000.187613] NVMeVirt: WATGC_V2 discard ns=0 part=0 epoch=1 phase=2 arm=41 host=88085 gc_pages=436204 gc_count=8192 reason=undersized
[2144011.011847] NVMeVirt: WATGC_V2 discard ns=0 part=1 epoch=1 phase=2 arm=41 host=84699 gc_pages=439588 gc_count=8192 reason=undersized
[2144011.129449] NVMeVirt: WATGC_V2 discard ns=0 part=2 epoch=1 phase=2 arm=41 host=85029 gc_pages=439259 gc_count=8192 reason=undersized
[2144011.287100] NVMeVirt: WATGC_V2 discard ns=0 part=3 epoch=1 phase=2 arm=41 host=84460 gc_pages=439829 gc_count=8192 reason=undersized
[2144011.908463] NVMeVirt: WATGC_V2 discard ns=0 part=0 epoch=1 phase=2 arm=41 host=84474 gc_pages=439814 gc_count=8192 reason=undersized
[2144022.683576] NVMeVirt: WATGC_V2 discard ns=0 part=1 epoch=1 phase=2 arm=41 host=83885 gc_pages=440403 gc_count=8192 reason=undersized
[2144022.857567] NVMeVirt: WATGC_V2 discard ns=0 part=2 epoch=1 phase=2 arm=41 host=84556 gc_pages=439732 gc_count=8192 reason=undersized
[2144022.944335] NVMeVirt: WATGC_V2 discard ns=0 part=3 epoch=1 phase=2 arm=41 host=83863 gc_pages=440425 gc_count=8192 reason=undersized
[2144023.585989] NVMeVirt: WATGC_V2 discard ns=0 part=0 epoch=1 phase=2 arm=41 host=83875 gc_pages=440412 gc_count=8192 reason=undersized
[2144034.437665] NVMeVirt: WATGC_V2 discard ns=0 part=1 epoch=1 phase=2 arm=41 host=84777 gc_pages=439510 gc_count=8192 reason=undersized
[2144034.652622] NVMeVirt: WATGC_V2 discard ns=0 part=2 epoch=1 phase=2 arm=41 host=85086 gc_pages=439202 gc_count=8192 reason=undersized
[2144034.732620] NVMeVirt: WATGC_V2 discard ns=0 part=3 epoch=1 phase=2 arm=41 host=85166 gc_pages=439122 gc_count=8192 reason=undersized
[2144035.374138] NVMeVirt: WATGC_V2 discard ns=0 part=0 epoch=1 phase=2 arm=41 host=85192 gc_pages=439095 gc_count=8192 reason=undersized
[2144036.700919] mix-mixV-onlinev4-169887 phase=F END
[2144036.842903] mix-mixV-onlinev4-169887 phase=G START
[2144044.632007] NVMeVirt: WATGC_V2 discard ns=0 part=1 epoch=1 phase=2 arm=41 host=95064 gc_pages=429224 gc_count=8192 reason=undersized
[2144044.790421] NVMeVirt: WATGC_V2 discard ns=0 part=2 epoch=1 phase=2 arm=41 host=95591 gc_pages=428697 gc_count=8192 reason=undersized
[2144044.853834] NVMeVirt: WATGC_V2 discard ns=0 part=3 epoch=1 phase=2 arm=41 host=95435 gc_pages=428856 gc_count=8192 reason=undersized
[2144044.899510] NVMeVirt: WATGC_V2 discard ns=0 part=0 epoch=1 phase=2 arm=41 host=94322 gc_pages=429967 gc_count=8192 reason=undersized
[2144051.860471] NVMeVirt: WATGC_V2 discard ns=0 part=0 epoch=1 phase=2 arm=41 host=93357 gc_pages=430931 gc_count=8192 reason=undersized
[2144051.954060] NVMeVirt: WATGC_V2 discard ns=0 part=1 epoch=1 phase=2 arm=41 host=93797 gc_pages=430498 gc_count=8192 reason=undersized
[2144052.234409] NVMeVirt: WATGC_V2 discard ns=0 part=3 epoch=1 phase=2 arm=41 host=93922 gc_pages=430367 gc_count=8192 reason=undersized
[2144052.257215] NVMeVirt: WATGC_V2 discard ns=0 part=2 epoch=1 phase=2 arm=41 host=95525 gc_pages=428762 gc_count=8192 reason=undersized
[2144058.784932] NVMeVirt: WATGC_V2 discard ns=0 part=0 epoch=1 phase=2 arm=41 host=109887 gc_pages=414400 gc_count=8192 reason=undersized
[2144059.323866] NVMeVirt: WATGC_V2 discard ns=0 part=1 epoch=1 phase=2 arm=41 host=113055 gc_pages=411228 gc_count=8192 reason=undersized
[2144059.545142] NVMeVirt: WATGC_V2 discard ns=0 part=3 epoch=1 phase=2 arm=41 host=114003 gc_pages=410271 gc_count=8192 reason=undersized
[2144059.679970] NVMeVirt: WATGC_V2 discard ns=0 part=2 epoch=1 phase=2 arm=41 host=116026 gc_pages=408261 gc_count=8192 reason=undersized
[2144065.342394] NVMeVirt: WATGC_V2 discard ns=0 part=0 epoch=1 phase=2 arm=41 host=115241 gc_pages=409048 gc_count=8192 reason=undersized
[2144066.367398] NVMeVirt: WATGC_V2 discard ns=0 part=1 epoch=1 phase=2 arm=41 host=117246 gc_pages=407045 gc_count=8192 reason=undersized
[2144066.542934] NVMeVirt: WATGC_V2 discard ns=0 part=3 epoch=1 phase=2 arm=41 host=117097 gc_pages=407194 gc_count=8192 reason=undersized
[2144066.868044] NVMeVirt: WATGC_V2 discard ns=0 part=2 epoch=1 phase=2 arm=41 host=119761 gc_pages=404520 gc_count=8192 reason=undersized
[2144071.970053] NVMeVirt: WATGC_V2 discard ns=0 part=0 epoch=1 phase=2 arm=41 host=112893 gc_pages=411396 gc_count=8192 reason=undersized
[2144073.476505] NVMeVirt: WATGC_V2 discard ns=0 part=1 epoch=1 phase=2 arm=41 host=115717 gc_pages=408571 gc_count=8192 reason=undersized
[2144073.679074] NVMeVirt: WATGC_V2 discard ns=0 part=3 epoch=1 phase=2 arm=41 host=116600 gc_pages=407680 gc_count=8192 reason=undersized
[2144074.095989] NVMeVirt: WATGC_V2 discard ns=0 part=2 epoch=1 phase=2 arm=41 host=117846 gc_pages=406451 gc_count=8192 reason=undersized
[2144078.643004] NVMeVirt: WATGC_V2 discard ns=0 part=0 epoch=1 phase=2 arm=41 host=113467 gc_pages=410832 gc_count=8192 reason=undersized
[2144080.556211] NVMeVirt: WATGC_V2 discard ns=0 part=1 epoch=1 phase=2 arm=41 host=115184 gc_pages=409105 gc_count=8192 reason=undersized
[2144080.826142] NVMeVirt: WATGC_V2 discard ns=0 part=3 epoch=1 phase=2 arm=41 host=117127 gc_pages=407157 gc_count=8192 reason=undersized
[2144081.385709] NVMeVirt: WATGC_V2 discard ns=0 part=2 epoch=1 phase=2 arm=41 host=118940 gc_pages=405357 gc_count=8192 reason=undersized
[2144085.251741] NVMeVirt: WATGC_V2 discard ns=0 part=0 epoch=1 phase=2 arm=41 host=113342 gc_pages=410946 gc_count=8192 reason=undersized
[2144087.666722] NVMeVirt: WATGC_V2 discard ns=0 part=1 epoch=1 phase=2 arm=41 host=116203 gc_pages=408085 gc_count=8192 reason=undersized
[2144087.947136] NVMeVirt: WATGC_V2 discard ns=0 part=3 epoch=1 phase=2 arm=41 host=116247 gc_pages=408041 gc_count=8192 reason=undersized
[2144088.654516] NVMeVirt: WATGC_V2 discard ns=0 part=2 epoch=1 phase=2 arm=41 host=117662 gc_pages=406629 gc_count=8192 reason=undersized
[2144091.858946] NVMeVirt: WATGC_V2 discard ns=0 part=0 epoch=1 phase=2 arm=41 host=111092 gc_pages=413202 gc_count=8192 reason=undersized
[2144094.836218] NVMeVirt: WATGC_V2 discard ns=0 part=1 epoch=1 phase=2 arm=41 host=115465 gc_pages=408833 gc_count=8192 reason=undersized
[2144095.116284] NVMeVirt: WATGC_V2 discard ns=0 part=3 epoch=1 phase=2 arm=41 host=115362 gc_pages=408922 gc_count=8192 reason=undersized
[2144095.956747] NVMeVirt: WATGC_V2 discard ns=0 part=2 epoch=1 phase=2 arm=41 host=117771 gc_pages=406515 gc_count=8192 reason=undersized
[2144098.498024] NVMeVirt: WATGC_V2 discard ns=0 part=0 epoch=1 phase=2 arm=41 host=112447 gc_pages=411845 gc_count=8192 reason=undersized
[2144099.729798] mix-mixV-onlinev4-169887 phase=G chunk=1/1 done
[2144101.004580] mix-mixV-onlinev4-169887 phase=G END
[2144101.014078] mix-mixV-onlinev4-169887 phase=H START
[2144101.150033] mix-mixV-onlinev4-169887 phase=H LOAD
[2144112.687274] NVMeVirt: WATGC_V2 sample ns=0 part=1 epoch=1 window=27 phase=measure evaluated=41 k=7 scale_pct=200 age_ratio=16 host=131084 gc_pages=364984 gc_count=7751 waf_q16=248011 best=20 next=42 settled=0 active=45
[2144113.300663] NVMeVirt: WATGC_V2 sample ns=0 part=3 epoch=1 window=27 phase=measure evaluated=41 k=7 scale_pct=200 age_ratio=16 host=131080 gc_pages=361581 gc_count=7698 waf_q16=246315 best=20 next=42 settled=0 active=45
[2144114.476395] NVMeVirt: WATGC_V2 sample ns=0 part=2 epoch=1 window=27 phase=measure evaluated=41 k=7 scale_pct=200 age_ratio=16 host=131087 gc_pages=334576 gc_count=7276 waf_q16=232804 best=20 next=42 settled=0 active=45
[2144117.871440] NVMeVirt: WATGC_V2 sample ns=0 part=0 epoch=1 window=27 phase=measure evaluated=41 k=7 scale_pct=200 age_ratio=16 host=131100 gc_pages=309607 gc_count=6886 waf_q16=220306 best=20 next=42 settled=0 active=45
[2144123.557778] NVMeVirt: WATGC_V2 sample ns=0 part=1 epoch=1 window=28 phase=measure evaluated=42 k=7 scale_pct=400 age_ratio=4 host=131080 gc_pages=303097 gc_count=6784 waf_q16=217075 best=20 next=43 settled=0 active=45
[2144124.239883] NVMeVirt: WATGC_V2 sample ns=0 part=3 epoch=1 window=28 phase=measure evaluated=42 k=7 scale_pct=400 age_ratio=4 host=131101 gc_pages=303073 gc_count=6784 waf_q16=217038 best=20 next=43 settled=0 active=45
[2144125.072579] NVMeVirt: WATGC_V2 sample ns=0 part=2 epoch=1 window=28 phase=measure evaluated=42 k=7 scale_pct=400 age_ratio=4 host=131076 gc_pages=293378 gc_count=6632 waf_q16=212220 best=20 next=43 settled=0 active=45
[2144128.230706] NVMeVirt: WATGC_V2 sample ns=0 part=0 epoch=1 window=28 phase=measure evaluated=42 k=7 scale_pct=400 age_ratio=4 host=131099 gc_pages=299562 gc_count=6729 waf_q16=215286 best=20 next=43 settled=0 active=45
[2144130.606814] mix-mixV-onlinev4-169887 phase=H RUN
[2144134.871437] tee (179250): drop_caches: 3
[2144140.250122] tee (179262): drop_caches: 3
[2144141.969718] NVMeVirt: WATGC_V2 sample ns=0 part=1 epoch=1 window=29 phase=measure evaluated=43 k=7 scale_pct=400 age_ratio=7 host=131076 gc_pages=327030 gc_count=7158 waf_q16=229046 best=20 next=44 settled=0 active=45
[2144144.505172] NVMeVirt: WATGC_V2 sample ns=0 part=3 epoch=1 window=29 phase=measure evaluated=43 k=7 scale_pct=400 age_ratio=7 host=131077 gc_pages=327742 gc_count=7169 waf_q16=229400 best=20 next=44 settled=0 active=45
[2144145.343461] tee (179266): drop_caches: 3
[2144147.188818] NVMeVirt: WATGC_V2 sample ns=0 part=2 epoch=1 window=29 phase=measure evaluated=43 k=7 scale_pct=400 age_ratio=7 host=131074 gc_pages=317620 gc_count=7011 waf_q16=224343 best=20 next=44 settled=0 active=45
[2144150.996765] tee (179281): drop_caches: 3
[2144156.083258] tee (179285): drop_caches: 3
[2144158.098117] NVMeVirt: WATGC_V2 sample ns=0 part=0 epoch=1 window=29 phase=measure evaluated=43 k=7 scale_pct=400 age_ratio=7 host=131090 gc_pages=324769 gc_count=7123 waf_q16=227898 best=20 next=44 settled=0 active=45
[2144160.440194] tee (179302): drop_caches: 3
[2144165.816122] tee (179308): drop_caches: 3
[2144171.039311] tee (179320): drop_caches: 3
[2144176.191268] tee (179331): drop_caches: 3
[2144176.820581] NVMeVirt: WATGC_V2 sample ns=0 part=1 epoch=1 window=30 phase=measure evaluated=44 k=7 scale_pct=400 age_ratio=16 host=131087 gc_pages=312433 gc_count=6930 waf_q16=221734 best=20 next=45 settled=0 active=45
[2144179.344435] NVMeVirt: WATGC_V2 sample ns=0 part=3 epoch=1 window=30 phase=measure evaluated=44 k=7 scale_pct=400 age_ratio=16 host=131074 gc_pages=311415 gc_count=6914 waf_q16=221241 best=20 next=45 settled=0 active=45
[2144181.573033] NVMeVirt: WATGC_V2 sample ns=0 part=2 epoch=1 window=30 phase=measure evaluated=44 k=7 scale_pct=400 age_ratio=16 host=131094 gc_pages=300330 gc_count=6741 waf_q16=215675 best=20 next=45 settled=0 active=45
[2144181.834968] tee (179336): drop_caches: 3
[2144186.974361] tee (179340): drop_caches: 3
[2144191.872642] tee (179356): drop_caches: 3
[2144197.247317] tee (179371): drop_caches: 3
[2144199.613436] mix-mixV-onlinev4-169887 phase=H END
[2144205.349048] mix-mixV-onlinev4-169887 phase=I START
[2144207.068948] NVMeVirt: WATGC_V2 sample ns=0 part=0 epoch=1 window=30 phase=measure evaluated=44 k=7 scale_pct=400 age_ratio=16 host=131084 gc_pages=274341 gc_count=6335 waf_q16=202693 best=20 next=45 settled=0 active=45
[2144217.902356] NVMeVirt: WATGC_V2 sample ns=0 part=1 epoch=1 window=31 phase=measure evaluated=45 k=10 scale_pct=25 age_ratio=4 host=131098 gc_pages=205103 gc_count=5253 waf_q16=168067 best=20 next=46 settled=0 active=45
[2144219.442834] NVMeVirt: WATGC_V2 sample ns=0 part=3 epoch=1 window=31 phase=measure evaluated=45 k=10 scale_pct=25 age_ratio=4 host=131077 gc_pages=198841 gc_count=5155 waf_q16=164952 best=20 next=46 settled=0 active=45
[2144220.964576] NVMeVirt: WATGC_V2 sample ns=0 part=2 epoch=1 window=31 phase=measure evaluated=45 k=10 scale_pct=25 age_ratio=4 host=131091 gc_pages=192492 gc_count=5056 waf_q16=161768 best=20 next=46 settled=0 active=45
[2144223.948956] mix-mixV-onlinev4-169887 phase=I chunk=1/4 done
[2144233.962444] NVMeVirt: WATGC_V2 sample ns=0 part=0 epoch=1 window=31 phase=measure evaluated=45 k=10 scale_pct=25 age_ratio=4 host=131079 gc_pages=156287 gc_count=4490 waf_q16=143675 best=20 next=46 settled=0 active=45
[2144242.176799] mix-mixV-onlinev4-169887 phase=I chunk=2/4 done
[2144250.141255] NVMeVirt: WATGC_V2 sample ns=0 part=1 epoch=1 window=32 phase=measure evaluated=46 k=10 scale_pct=25 age_ratio=7 host=131100 gc_pages=110234 gc_count=3771 waf_q16=120641 best=20 next=47 settled=0 active=45
[2144251.184364] NVMeVirt: WATGC_V2 sample ns=0 part=3 epoch=1 window=32 phase=measure evaluated=46 k=10 scale_pct=25 age_ratio=7 host=131088 gc_pages=109290 gc_count=3756 waf_q16=120174 best=20 next=47 settled=0 active=45
[2144252.813635] NVMeVirt: WATGC_V2 sample ns=0 part=2 epoch=1 window=32 phase=measure evaluated=46 k=10 scale_pct=25 age_ratio=7 host=131092 gc_pages=105963 gc_count=3704 waf_q16=118509 best=20 next=47 settled=0 active=45
[2144260.411046] mix-mixV-onlinev4-169887 phase=I chunk=3/4 done
[2144265.544412] NVMeVirt: WATGC_V2 sample ns=0 part=0 epoch=1 window=32 phase=measure evaluated=46 k=10 scale_pct=25 age_ratio=7 host=131076 gc_pages=95291 gc_count=3537 waf_q16=113180 best=20 next=47 settled=0 active=45
[2144276.845337] NVMeVirt: WATGC_V2 sample ns=0 part=1 epoch=1 window=33 phase=measure evaluated=47 k=10 scale_pct=25 age_ratio=16 host=131104 gc_pages=84385 gc_count=3367 waf_q16=107718 best=20 next=48 settled=0 active=45
[2144278.659213] mix-mixV-onlinev4-169887 phase=I chunk=4/4 done
[2144278.934460] mix-mixV-onlinev4-169887 phase=I END
[2144278.955753] NVMeVirt: Measurement: command=stop epoch=1 host_bytes=116020330496 learner_active=0
[2144281.057516] EXT4-fs (nvme0n1): unmounting filesystem ec7fc37e-c65e-4846-97f6-5f0d70dba734.
[2144281.265552] pci_bus 0001:10: busn_res: [bus 10-ff] is released
[2144281.265667] NVMeVirt: WATGC_V2 summary ns=0 part=0 epoch=1 windows=32 epoch_windows=32 discarded=14 visited=32 covered=0 settled=0 phase=2 current=47 best=20 k=4 scale_pct=50 age_ratio=16 best_waf_valid=1 best_waf_q16=79485
[2144281.265672] NVMeVirt: WATGC_V2 summary ns=0 part=1 epoch=1 windows=33 epoch_windows=33 discarded=12 visited=33 covered=0 settled=0 phase=1 current=48 best=20 k=4 scale_pct=50 age_ratio=16 best_waf_valid=1 best_waf_q16=79416
[2144281.265675] NVMeVirt: WATGC_V2 summary ns=0 part=2 epoch=1 windows=32 epoch_windows=32 discarded=12 visited=32 covered=0 settled=0 phase=2 current=47 best=20 k=4 scale_pct=50 age_ratio=16 best_waf_valid=1 best_waf_q16=80246
[2144281.265678] NVMeVirt: WATGC_V2 summary ns=0 part=3 epoch=1 windows=32 epoch_windows=32 discarded=12 visited=32 covered=0 settled=0 phase=2 current=47 best=20 k=4 scale_pct=50 age_ratio=16 best_waf_valid=1 best_waf_q16=79969
[2144281.265681] NVMeVirt: GC stats: ns=0 policy=watgc-v2 host_pages=28325276 gc_pages=54910021 gc_count=1300551 WAF=2.938 warmup_gc=100-per-part
[2144281.337130] NVMeVirt: Virtual NVMe device closed
