[893627.797592] mix-mixH-fixed37-130984 BEGIN
[893627.830744] NVMeVirt: Version 1.10 for >> Samsung 970 Pro SSD <<
[893627.830750] NVMeVirt: Storage: 0x100100000-0x300000000 (8191 MiB)
[893627.841759] NVMeVirt: Total Capacity(GiB,MiB)=2,2048 chs=2 luns=4 lines=8192 blk-size(MiB,KiB)=0,64 line-size(MiB,KiB)=0,256
[893627.853441] NVMeVirt: [chmodel_init] bandwidth 800 max_credits 26 tx_time 152
[893627.864325] NVMeVirt: [chmodel_init] bandwidth 800 max_credits 26 tx_time 152
[893627.864339] NVMeVirt: [chmodel_init] bandwidth 3360 max_credits 110 tx_time 36
[893627.864342] NVMeVirt: Fixed CAT init ns=0 part=0 arm=37 k=7 scale_pct=100 age_ratio=7
[893627.865659] NVMeVirt: pqueue: Copyright (c) 2014, Volkan Yazıcı <volkan.yazici@gmail.com>. All rights reserved.
[893627.865700] NVMeVirt: Init FTL instance with 2 channels (524288 pages)
[893627.865701] NVMeVirt: GC victim policy: cat-fig7-fixed ns=0 part=0 initial_k=7 initial_scale_pct=100 initial_age_ratio=7 warmup_gc=100
[893627.876447] NVMeVirt: [chmodel_init] bandwidth 800 max_credits 26 tx_time 152
[893627.887074] NVMeVirt: [chmodel_init] bandwidth 800 max_credits 26 tx_time 152
[893627.887089] NVMeVirt: [chmodel_init] bandwidth 3360 max_credits 110 tx_time 36
[893627.887091] NVMeVirt: Fixed CAT init ns=0 part=1 arm=37 k=7 scale_pct=100 age_ratio=7
[893627.888369] NVMeVirt: Init FTL instance with 2 channels (524288 pages)
[893627.888372] NVMeVirt: GC victim policy: cat-fig7-fixed ns=0 part=1 initial_k=7 initial_scale_pct=100 initial_age_ratio=7 warmup_gc=100
[893627.899510] NVMeVirt: [chmodel_init] bandwidth 800 max_credits 26 tx_time 152
[893627.910123] NVMeVirt: [chmodel_init] bandwidth 800 max_credits 26 tx_time 152
[893627.910137] NVMeVirt: [chmodel_init] bandwidth 3360 max_credits 110 tx_time 36
[893627.910140] NVMeVirt: Fixed CAT init ns=0 part=2 arm=37 k=7 scale_pct=100 age_ratio=7
[893627.911426] NVMeVirt: Init FTL instance with 2 channels (524288 pages)
[893627.911429] NVMeVirt: GC victim policy: cat-fig7-fixed ns=0 part=2 initial_k=7 initial_scale_pct=100 initial_age_ratio=7 warmup_gc=100
[893627.921955] NVMeVirt: [chmodel_init] bandwidth 800 max_credits 26 tx_time 152
[893627.932496] NVMeVirt: [chmodel_init] bandwidth 800 max_credits 26 tx_time 152
[893627.932510] NVMeVirt: [chmodel_init] bandwidth 3360 max_credits 110 tx_time 36
[893627.932513] NVMeVirt: Fixed CAT init ns=0 part=3 arm=37 k=7 scale_pct=100 age_ratio=7
[893627.933789] NVMeVirt: Init FTL instance with 2 channels (524288 pages)
[893627.933792] NVMeVirt: GC victim policy: cat-fig7-fixed ns=0 part=3 initial_k=7 initial_scale_pct=100 initial_age_ratio=7 warmup_gc=100
[893627.933798] NVMeVirt: FTL physical space: 8588886016, logical space: 8026996276 (physical/logical * 100 = 107)
[893627.933800] NVMeVirt: ns 0/1: size 7655 MiB
[893627.933850] PCI host bridge to bus 0001:10
[893627.933852] pci_bus 0001:10: root bus resource [io  0x0000-0xffff]
[893627.933855] pci_bus 0001:10: root bus resource [mem 0x00000000-0x7fffffffff]
[893627.933857] pci_bus 0001:10: root bus resource [bus 00-ff]
[893627.933865] pci 0001:10:00.0: [0c51:0110] type 00 class 0x010802 PCIe Endpoint
[893627.933869] pci 0001:10:00.0: BAR 0 [mem 0x100000000-0x100003fff 64bit]
[893627.933871] pci 0001:10:00.0: enabling Extended Tags
[893627.933998] NVMeVirt: Virtual PCI bus created (node 0)
[893627.934334] NVMeVirt: nvmev_io_worker_0 started on cpu 2 (node 0)
[893627.934391] NVMeVirt: Virtual NVMe device created
[893627.934972] NVMeVirt: nvmev_dispatcher started on cpu 1 (node 0)
[893627.936436] nvme nvme0: pci function 0001:10:00.0
[893627.938600] nvme nvme0: 8/0/0 default/read/poll queues
[893628.567596] EXT4-fs (nvme0n1): mounted filesystem 9e7da198-08ee-480c-ae85-c73cb9c8928f r/w with ordered data mode. Quota mode: none.
[893710.779811] NVMeVirt: Fixed CAT init ns=0 part=0 arm=37 k=7 scale_pct=100 age_ratio=7
[893710.779818] NVMeVirt: Fixed CAT init ns=0 part=1 arm=37 k=7 scale_pct=100 age_ratio=7
[893710.779821] NVMeVirt: Fixed CAT init ns=0 part=2 arm=37 k=7 scale_pct=100 age_ratio=7
[893710.779823] NVMeVirt: Fixed CAT init ns=0 part=3 arm=37 k=7 scale_pct=100 age_ratio=7
[893710.779825] NVMeVirt: Measurement: command=start epoch=1 host_bytes=0 learner_active=1
[893710.788301] mix-mixH-fixed37-130984 phase=A START
[894311.142907] mix-mixH-fixed37-130984 phase=A END
[894311.149982] mix-mixH-fixed37-130984 phase=B START
[894911.456806] mix-mixH-fixed37-130984 phase=B END
[894911.464723] mix-mixH-fixed37-130984 phase=C START
[894911.475572] mix-mixH-fixed37-130984 phase=C LOAD
[894938.809926] mix-mixH-fixed37-130984 phase=C RUN
[894943.161569] tee (132265): drop_caches: 3
[894949.303055] tee (132277): drop_caches: 3
[894954.697992] tee (132283): drop_caches: 3
[894959.820072] tee (132288): drop_caches: 3
[894964.879346] tee (132293): drop_caches: 3
[894970.137749] tee (132297): drop_caches: 3
[894975.631161] tee (132301): drop_caches: 3
[894980.562539] tee (132311): drop_caches: 3
[894985.781183] tee (132319): drop_caches: 3
[894990.838097] tee (132323): drop_caches: 3
[894995.878644] tee (132327): drop_caches: 3
[895001.071329] tee (132333): drop_caches: 3
[895006.283538] tee (132337): drop_caches: 3
[895011.437042] tee (132347): drop_caches: 3
[895016.640617] tee (132353): drop_caches: 3
[895021.681429] tee (132357): drop_caches: 3
[895026.823364] tee (132361): drop_caches: 3
[895031.855365] tee (132366): drop_caches: 3
[895036.913934] tee (132370): drop_caches: 3
[895042.081440] tee (132380): drop_caches: 3
[895046.613355] tee (132387): drop_caches: 3
[895051.826248] tee (132391): drop_caches: 3
[895057.097572] tee (132395): drop_caches: 3
[895062.302471] tee (132399): drop_caches: 3
[895067.353301] tee (132406): drop_caches: 3
[895072.508971] tee (132415): drop_caches: 3
[895076.865580] tee (132422): drop_caches: 3
[895082.109548] tee (132426): drop_caches: 3
[895087.275259] tee (132430): drop_caches: 3
[895092.443183] tee (132434): drop_caches: 3
[895097.630371] tee (132438): drop_caches: 3
[895102.815289] tee (132447): drop_caches: 3
[895107.224697] tee (132459): drop_caches: 3
[895112.378404] tee (132463): drop_caches: 3
[895117.584070] tee (132469): drop_caches: 3
[895122.718418] tee (132473): drop_caches: 3
[895127.793959] tee (132477): drop_caches: 3
[895132.905904] tee (132486): drop_caches: 3
[895137.275532] tee (132493): drop_caches: 3
[895142.503797] tee (132497): drop_caches: 3
[895147.778911] tee (132501): drop_caches: 3
[895152.882863] tee (132505): drop_caches: 3
[895158.674503] tee (132523): drop_caches: 3
[895164.827771] tee (132533): drop_caches: 3
[895169.208203] tee (132540): drop_caches: 3
[895174.394983] tee (132544): drop_caches: 3
[895179.214299] tee (132552): drop_caches: 3
[895184.065677] tee (132556): drop_caches: 3
[895189.431844] tee (132560): drop_caches: 3
[895194.600598] tee (132571): drop_caches: 3
[895199.210540] tee (132578): drop_caches: 3
[895204.444622] tee (132582): drop_caches: 3
[895209.560954] tee (132586): drop_caches: 3
[895214.719182] tee (132590): drop_caches: 3
[895220.466483] tee (132596): drop_caches: 3
[895225.670473] tee (132605): drop_caches: 3
[895230.032151] tee (132612): drop_caches: 3
[895235.124903] tee (132616): drop_caches: 3
[895240.321412] tee (132622): drop_caches: 3
[895245.488334] tee (132626): drop_caches: 3
[895250.785758] tee (132631): drop_caches: 3
[895256.211383] tee (132641): drop_caches: 3
[895263.766687] tee (132649): drop_caches: 3
[895268.062922] mix-mixH-fixed37-130984 phase=C END
[895268.494297] NVMeVirt: Measurement: command=stop epoch=1 host_bytes=156090208256 learner_active=0
[895271.652286] EXT4-fs (nvme0n1): unmounting filesystem 9e7da198-08ee-480c-ae85-c73cb9c8928f.
[895272.136305] pci_bus 0001:10: busn_res: [bus 10-ff] is released
[895272.136351] NVMeVirt: GC stats: ns=0 policy=cat-fig7-fixed host_pages=38107961 gc_pages=32400523 gc_count=1101695 WAF=1.850 warmup_gc=100-per-part
[895272.205760] NVMeVirt: Virtual NVMe device closed
