[918318.591655] mix-mixB-online-159823 BEGIN
[918318.612866] NVMeVirt: Version 1.10 for >> Samsung 970 Pro SSD <<
[918318.612872] NVMeVirt: Storage: 0x100100000-0x300000000 (8191 MiB)
[918318.623975] NVMeVirt: Total Capacity(GiB,MiB)=2,2048 chs=2 luns=4 lines=8192 blk-size(MiB,KiB)=0,64 line-size(MiB,KiB)=0,256
[918318.635627] NVMeVirt: [chmodel_init] bandwidth 800 max_credits 26 tx_time 152
[918318.648755] NVMeVirt: [chmodel_init] bandwidth 800 max_credits 26 tx_time 152
[918318.648774] NVMeVirt: [chmodel_init] bandwidth 3360 max_credits 110 tx_time 36
[918318.648777] NVMeVirt: WATGC_V2 init ns=0 part=0 arms=60 initial=37 prior=none gamma_q16=65503 exploration_q16=16384
[918318.650423] NVMeVirt: pqueue: Copyright (c) 2014, Volkan Yazıcı <volkan.yazici@gmail.com>. All rights reserved.
[918318.650477] NVMeVirt: Init FTL instance with 2 channels (524288 pages)
[918318.650479] NVMeVirt: GC victim policy: watgc-v2 ns=0 part=0 initial_k=7 initial_scale_pct=100 initial_age_ratio=7 warmup_gc=100
[918318.667412] NVMeVirt: [chmodel_init] bandwidth 800 max_credits 26 tx_time 152
[918318.678928] NVMeVirt: [chmodel_init] bandwidth 800 max_credits 26 tx_time 152
[918318.678943] NVMeVirt: [chmodel_init] bandwidth 3360 max_credits 110 tx_time 36
[918318.678945] NVMeVirt: WATGC_V2 init ns=0 part=1 arms=60 initial=37 prior=none gamma_q16=65503 exploration_q16=16384
[918318.680294] NVMeVirt: Init FTL instance with 2 channels (524288 pages)
[918318.680296] NVMeVirt: GC victim policy: watgc-v2 ns=0 part=1 initial_k=7 initial_scale_pct=100 initial_age_ratio=7 warmup_gc=100
[918318.690899] NVMeVirt: [chmodel_init] bandwidth 800 max_credits 26 tx_time 152
[918318.701492] NVMeVirt: [chmodel_init] bandwidth 800 max_credits 26 tx_time 152
[918318.701505] NVMeVirt: [chmodel_init] bandwidth 3360 max_credits 110 tx_time 36
[918318.701507] NVMeVirt: WATGC_V2 init ns=0 part=2 arms=60 initial=37 prior=none gamma_q16=65503 exploration_q16=16384
[918318.702755] NVMeVirt: Init FTL instance with 2 channels (524288 pages)
[918318.702757] NVMeVirt: GC victim policy: watgc-v2 ns=0 part=2 initial_k=7 initial_scale_pct=100 initial_age_ratio=7 warmup_gc=100
[918318.713325] NVMeVirt: [chmodel_init] bandwidth 800 max_credits 26 tx_time 152
[918318.723632] NVMeVirt: [chmodel_init] bandwidth 800 max_credits 26 tx_time 152
[918318.723646] NVMeVirt: [chmodel_init] bandwidth 3360 max_credits 110 tx_time 36
[918318.723648] NVMeVirt: WATGC_V2 init ns=0 part=3 arms=60 initial=37 prior=none gamma_q16=65503 exploration_q16=16384
[918318.724872] NVMeVirt: Init FTL instance with 2 channels (524288 pages)
[918318.724875] NVMeVirt: GC victim policy: watgc-v2 ns=0 part=3 initial_k=7 initial_scale_pct=100 initial_age_ratio=7 warmup_gc=100
[918318.724881] NVMeVirt: FTL physical space: 8588886016, logical space: 8026996276 (physical/logical * 100 = 107)
[918318.724883] NVMeVirt: ns 0/1: size 7655 MiB
[918318.724932] PCI host bridge to bus 0001:10
[918318.724934] pci_bus 0001:10: root bus resource [io  0x0000-0xffff]
[918318.724937] pci_bus 0001:10: root bus resource [mem 0x00000000-0x7fffffffff]
[918318.724939] pci_bus 0001:10: root bus resource [bus 00-ff]
[918318.724960] pci 0001:10:00.0: [0c51:0110] type 00 class 0x010802 PCIe Endpoint
[918318.724964] pci 0001:10:00.0: BAR 0 [mem 0x100000000-0x100003fff 64bit]
[918318.724967] pci 0001:10:00.0: enabling Extended Tags
[918318.725183] NVMeVirt: Virtual PCI bus created (node 0)
[918318.725616] NVMeVirt: nvmev_dispatcher started on cpu 1 (node 0)
[918318.725620] NVMeVirt: Virtual NVMe device created
[918318.725809] nvme nvme0: pci function 0001:10:00.0
[918318.727206] NVMeVirt: nvmev_io_worker_0 started on cpu 2 (node 0)
[918318.729712] nvme nvme0: 8/0/0 default/read/poll queues
[918319.082874] EXT4-fs (nvme0n1): mounted filesystem df6e7efe-6801-4698-822f-aa0825763fc9 r/w with ordered data mode. Quota mode: none.
[918401.429659] NVMeVirt: WATGC_V2 init ns=0 part=0 arms=60 initial=37 prior=none gamma_q16=65503 exploration_q16=16384
[918401.429665] NVMeVirt: WATGC_V2 init ns=0 part=1 arms=60 initial=37 prior=none gamma_q16=65503 exploration_q16=16384
[918401.429667] NVMeVirt: WATGC_V2 init ns=0 part=2 arms=60 initial=37 prior=none gamma_q16=65503 exploration_q16=16384
[918401.429669] NVMeVirt: WATGC_V2 init ns=0 part=3 arms=60 initial=37 prior=none gamma_q16=65503 exploration_q16=16384
[918401.429671] NVMeVirt: Measurement: command=start epoch=1 host_bytes=0 learner_active=1
[918401.438549] mix-mixB-online-159823 phase=A START
[918401.449760] mix-mixB-online-159823 phase=A LOAD
[918403.428552] NVMeVirt: WATGC_V2 warmup-done ns=0 part=1 gc_count=2503
[918403.428774] NVMeVirt: WATGC_V2 warmup-done ns=0 part=0 gc_count=2520
[918403.429573] NVMeVirt: WATGC_V2 warmup-done ns=0 part=2 gc_count=2499
[918403.456377] NVMeVirt: WATGC_V2 warmup-done ns=0 part=3 gc_count=2504
[918411.336290] NVMeVirt: WATGC_V2 sample ns=0 part=0 epoch=1 window=1 phase=measure evaluated=37 k=7 scale_pct=100 age_ratio=7 host=65578 gc_pages=26100 gc_count=1432 waf_q16=91619 best=37 next=0 settled=0
[918411.430432] NVMeVirt: WATGC_V2 sample ns=0 part=1 epoch=1 window=1 phase=measure evaluated=37 k=7 scale_pct=100 age_ratio=7 host=65559 gc_pages=25819 gc_count=1428 waf_q16=91345 best=37 next=0 settled=0
[918411.438293] NVMeVirt: WATGC_V2 sample ns=0 part=2 epoch=1 window=1 phase=measure evaluated=37 k=7 scale_pct=100 age_ratio=7 host=65578 gc_pages=27145 gc_count=1449 waf_q16=92663 best=37 next=0 settled=0
[918411.672698] NVMeVirt: WATGC_V2 sample ns=0 part=3 epoch=1 window=1 phase=measure evaluated=37 k=7 scale_pct=100 age_ratio=7 host=65565 gc_pages=26272 gc_count=1435 waf_q16=91796 best=37 next=0 settled=0
[918417.702203] NVMeVirt: WATGC_V2 sample ns=0 part=0 epoch=1 window=2 phase=measure evaluated=0 k=2 scale_pct=25 age_ratio=4 host=65565 gc_pages=42277 gc_count=1685 waf_q16=107794 best=37 next=1 settled=0
[918417.775338] NVMeVirt: WATGC_V2 sample ns=0 part=1 epoch=1 window=2 phase=measure evaluated=0 k=2 scale_pct=25 age_ratio=4 host=65544 gc_pages=42646 gc_count=1690 waf_q16=108176 best=37 next=1 settled=0
[918417.885427] NVMeVirt: WATGC_V2 sample ns=0 part=2 epoch=1 window=2 phase=measure evaluated=0 k=2 scale_pct=25 age_ratio=4 host=65549 gc_pages=44083 gc_count=1713 waf_q16=109610 best=37 next=1 settled=0
[918418.105611] NVMeVirt: WATGC_V2 sample ns=0 part=3 epoch=1 window=2 phase=measure evaluated=0 k=2 scale_pct=25 age_ratio=4 host=65553 gc_pages=42231 gc_count=1684 waf_q16=107756 best=37 next=1 settled=0
[918423.079075] NVMeVirt: WATGC_V2 sample ns=0 part=0 epoch=1 window=3 phase=measure evaluated=1 k=2 scale_pct=25 age_ratio=7 host=65587 gc_pages=49848 gc_count=1804 waf_q16=115345 best=37 next=2 settled=0
[918423.163705] NVMeVirt: WATGC_V2 sample ns=0 part=1 epoch=1 window=3 phase=measure evaluated=1 k=2 scale_pct=25 age_ratio=7 host=65564 gc_pages=49499 gc_count=1798 waf_q16=115013 best=37 next=2 settled=0
[918423.269285] NVMeVirt: WATGC_V2 sample ns=0 part=2 epoch=1 window=3 phase=measure evaluated=1 k=2 scale_pct=25 age_ratio=7 host=65560 gc_pages=49571 gc_count=1799 waf_q16=115088 best=37 next=2 settled=0
[918423.605026] NVMeVirt: WATGC_V2 sample ns=0 part=3 epoch=1 window=3 phase=measure evaluated=1 k=2 scale_pct=25 age_ratio=7 host=65577 gc_pages=49239 gc_count=1794 waf_q16=114744 best=37 next=2 settled=0
[918426.719584] mix-mixB-online-159823 phase=A RUN
[918430.951686] tee (160117): drop_caches: 3
[918434.318929] NVMeVirt: WATGC_V2 sample ns=0 part=0 epoch=1 window=4 phase=measure evaluated=2 k=2 scale_pct=25 age_ratio=16 host=65542 gc_pages=63550 gc_count=2017 waf_q16=129080 best=37 next=3 settled=0
[918434.652465] NVMeVirt: WATGC_V2 sample ns=0 part=1 epoch=1 window=4 phase=measure evaluated=2 k=2 scale_pct=25 age_ratio=16 host=65541 gc_pages=65668 gc_count=2050 waf_q16=131198 best=37 next=3 settled=0
[918434.924649] NVMeVirt: WATGC_V2 sample ns=0 part=2 epoch=1 window=4 phase=measure evaluated=2 k=2 scale_pct=25 age_ratio=16 host=65551 gc_pages=65836 gc_count=2053 waf_q16=131356 best=37 next=3 settled=0
[918436.057081] NVMeVirt: WATGC_V2 sample ns=0 part=3 epoch=1 window=4 phase=measure evaluated=2 k=2 scale_pct=25 age_ratio=16 host=65541 gc_pages=65149 gc_count=2042 waf_q16=130680 best=37 next=3 settled=0
[918436.531765] tee (160121): drop_caches: 3
[918440.905750] tee (160133): drop_caches: 3
[918446.049711] tee (160137): drop_caches: 3
[918451.091385] tee (160142): drop_caches: 3
[918453.341037] NVMeVirt: WATGC_V2 sample ns=0 part=0 epoch=1 window=5 phase=measure evaluated=3 k=2 scale_pct=50 age_ratio=4 host=65543 gc_pages=66307 gc_count=2060 waf_q16=131835 best=37 next=4 settled=0
[918453.661138] NVMeVirt: WATGC_V2 sample ns=0 part=1 epoch=1 window=5 phase=measure evaluated=3 k=2 scale_pct=50 age_ratio=4 host=65542 gc_pages=65027 gc_count=2040 waf_q16=130557 best=37 next=4 settled=0
[918453.908805] NVMeVirt: WATGC_V2 sample ns=0 part=2 epoch=1 window=5 phase=measure evaluated=3 k=2 scale_pct=50 age_ratio=4 host=65547 gc_pages=64699 gc_count=2035 waf_q16=130224 best=37 next=4 settled=0
[918455.035991] NVMeVirt: WATGC_V2 sample ns=0 part=3 epoch=1 window=5 phase=measure evaluated=3 k=2 scale_pct=50 age_ratio=4 host=65549 gc_pages=64484 gc_count=2032 waf_q16=130007 best=37 next=4 settled=0
[918456.166304] tee (160146): drop_caches: 3
[918461.430983] tee (160150): drop_caches: 3
[918466.687845] tee (160154): drop_caches: 3
[918471.053835] tee (160169): drop_caches: 3
[918472.118892] NVMeVirt: WATGC_V2 sample ns=0 part=0 epoch=1 window=6 phase=measure evaluated=4 k=2 scale_pct=50 age_ratio=7 host=65581 gc_pages=65223 gc_count=2044 waf_q16=130714 best=37 next=5 settled=0
[918472.336933] NVMeVirt: WATGC_V2 sample ns=0 part=1 epoch=1 window=6 phase=measure evaluated=4 k=2 scale_pct=50 age_ratio=7 host=65570 gc_pages=64409 gc_count=2031 waf_q16=129911 best=37 next=5 settled=0
[918472.566882] NVMeVirt: WATGC_V2 sample ns=0 part=2 epoch=1 window=6 phase=measure evaluated=4 k=2 scale_pct=50 age_ratio=7 host=65564 gc_pages=65763 gc_count=2052 waf_q16=131270 best=37 next=5 settled=0
[918473.673145] NVMeVirt: WATGC_V2 sample ns=0 part=3 epoch=1 window=6 phase=measure evaluated=4 k=2 scale_pct=50 age_ratio=7 host=65559 gc_pages=64170 gc_count=2027 waf_q16=129683 best=37 next=5 settled=0
[918476.236773] tee (160174): drop_caches: 3
[918481.238912] tee (160178): drop_caches: 3
[918486.368326] tee (160182): drop_caches: 3
[918490.572029] NVMeVirt: WATGC_V2 sample ns=0 part=0 epoch=1 window=7 phase=measure evaluated=5 k=2 scale_pct=50 age_ratio=16 host=65563 gc_pages=67290 gc_count=2076 waf_q16=132798 best=37 next=6 settled=0
[918490.703742] NVMeVirt: WATGC_V2 sample ns=0 part=1 epoch=1 window=7 phase=measure evaluated=5 k=2 scale_pct=50 age_ratio=16 host=65562 gc_pages=63898 gc_count=2023 waf_q16=129408 best=37 next=6 settled=0
[918490.894855] NVMeVirt: WATGC_V2 sample ns=0 part=2 epoch=1 window=7 phase=measure evaluated=5 k=2 scale_pct=50 age_ratio=16 host=65544 gc_pages=67322 gc_count=2076 waf_q16=132849 best=37 next=6 settled=0
[918491.432815] tee (160186): drop_caches: 3
[918492.162994] NVMeVirt: WATGC_V2 sample ns=0 part=3 epoch=1 window=7 phase=measure evaluated=5 k=2 scale_pct=50 age_ratio=16 host=65539 gc_pages=66830 gc_count=2068 waf_q16=132362 best=37 next=6 settled=0
[918496.538269] tee (160190): drop_caches: 3
[918501.739011] tee (160200): drop_caches: 3
[918507.189583] tee (160206): drop_caches: 3
[918509.411574] NVMeVirt: WATGC_V2 sample ns=0 part=0 epoch=1 window=8 phase=measure evaluated=6 k=2 scale_pct=100 age_ratio=4 host=65540 gc_pages=67133 gc_count=2073 waf_q16=132664 best=37 next=7 settled=0
[918509.561488] NVMeVirt: WATGC_V2 sample ns=0 part=1 epoch=1 window=8 phase=measure evaluated=6 k=2 scale_pct=100 age_ratio=4 host=65581 gc_pages=67086 gc_count=2073 waf_q16=132575 best=37 next=7 settled=0
[918509.707400] NVMeVirt: WATGC_V2 sample ns=0 part=2 epoch=1 window=8 phase=measure evaluated=6 k=2 scale_pct=100 age_ratio=4 host=65545 gc_pages=67193 gc_count=2074 waf_q16=132719 best=37 next=7 settled=0
[918510.687805] NVMeVirt: WATGC_V2 sample ns=0 part=3 epoch=1 window=8 phase=measure evaluated=6 k=2 scale_pct=100 age_ratio=4 host=65550 gc_pages=66857 gc_count=2069 waf_q16=132378 best=37 next=7 settled=0
[918512.270688] tee (160210): drop_caches: 3
[918517.287044] tee (160214): drop_caches: 3
[918522.291203] tee (160218): drop_caches: 3
[918527.272827] tee (160225): drop_caches: 3
[918528.029544] NVMeVirt: WATGC_V2 sample ns=0 part=0 epoch=1 window=9 phase=measure evaluated=7 k=2 scale_pct=100 age_ratio=7 host=65539 gc_pages=68779 gc_count=2099 waf_q16=134311 best=37 next=8 settled=0
[918528.268667] NVMeVirt: WATGC_V2 sample ns=0 part=1 epoch=1 window=9 phase=measure evaluated=7 k=2 scale_pct=100 age_ratio=7 host=65546 gc_pages=66865 gc_count=2069 waf_q16=132390 best=37 next=8 settled=0
[918528.282937] NVMeVirt: WATGC_V2 sample ns=0 part=2 epoch=1 window=9 phase=measure evaluated=7 k=2 scale_pct=100 age_ratio=7 host=65572 gc_pages=67546 gc_count=2080 waf_q16=133044 best=37 next=8 settled=0
[918529.471700] NVMeVirt: WATGC_V2 sample ns=0 part=3 epoch=1 window=9 phase=measure evaluated=7 k=2 scale_pct=100 age_ratio=7 host=65536 gc_pages=66630 gc_count=2065 waf_q16=132166 best=37 next=8 settled=0
[918532.359905] tee (160234): drop_caches: 3
[918536.744815] tee (160241): drop_caches: 3
[918541.981840] tee (160245): drop_caches: 3
[918546.691671] NVMeVirt: WATGC_V2 sample ns=0 part=0 epoch=1 window=10 phase=measure evaluated=8 k=2 scale_pct=100 age_ratio=16 host=65550 gc_pages=67693 gc_count=2082 waf_q16=133214 best=37 next=9 settled=0
[918546.731541] NVMeVirt: WATGC_V2 sample ns=0 part=2 epoch=1 window=10 phase=measure evaluated=8 k=2 scale_pct=100 age_ratio=16 host=65568 gc_pages=68003 gc_count=2087 waf_q16=133505 best=37 next=9 settled=0
[918546.803731] NVMeVirt: WATGC_V2 sample ns=0 part=1 epoch=1 window=10 phase=measure evaluated=8 k=2 scale_pct=100 age_ratio=16 host=65548 gc_pages=68211 gc_count=2090 waf_q16=133734 best=37 next=9 settled=0
[918547.014746] tee (160249): drop_caches: 3
[918548.253966] NVMeVirt: WATGC_V2 sample ns=0 part=3 epoch=1 window=10 phase=measure evaluated=8 k=2 scale_pct=100 age_ratio=16 host=65538 gc_pages=67447 gc_count=2078 waf_q16=132980 best=37 next=9 settled=0
[918552.247764] tee (160253): drop_caches: 3
[918557.303394] tee (160257): drop_caches: 3
[918562.765692] tee (160280): drop_caches: 3
[918565.633068] NVMeVirt: WATGC_V2 sample ns=0 part=2 epoch=1 window=11 phase=measure evaluated=9 k=2 scale_pct=200 age_ratio=4 host=65553 gc_pages=65971 gc_count=2055 waf_q16=131489 best=37 next=10 settled=0
[918565.732821] NVMeVirt: WATGC_V2 sample ns=0 part=0 epoch=1 window=11 phase=measure evaluated=9 k=2 scale_pct=200 age_ratio=4 host=65561 gc_pages=67557 gc_count=2080 waf_q16=133067 best=37 next=10 settled=0
[918565.823511] NVMeVirt: WATGC_V2 sample ns=0 part=1 epoch=1 window=11 phase=measure evaluated=9 k=2 scale_pct=200 age_ratio=4 host=65544 gc_pages=68781 gc_count=2099 waf_q16=134308 best=37 next=10 settled=0
[918566.871550] NVMeVirt: WATGC_V2 sample ns=0 part=3 epoch=1 window=11 phase=measure evaluated=9 k=2 scale_pct=200 age_ratio=4 host=65543 gc_pages=68545 gc_count=2095 waf_q16=134073 best=37 next=10 settled=0
[918567.821701] tee (160287): drop_caches: 3
[918573.204992] tee (160291): drop_caches: 3
[918578.461628] tee (160296): drop_caches: 3
[918583.657136] tee (160303): drop_caches: 3
[918584.516150] NVMeVirt: WATGC_V2 sample ns=0 part=2 epoch=1 window=12 phase=measure evaluated=10 k=2 scale_pct=200 age_ratio=7 host=65545 gc_pages=68587 gc_count=2096 waf_q16=134113 best=37 next=11 settled=0
[918584.700866] NVMeVirt: WATGC_V2 sample ns=0 part=0 epoch=1 window=12 phase=measure evaluated=10 k=2 scale_pct=200 age_ratio=7 host=65536 gc_pages=69181 gc_count=2105 waf_q16=134717 best=37 next=11 settled=0
[918584.739443] NVMeVirt: WATGC_V2 sample ns=0 part=1 epoch=1 window=12 phase=measure evaluated=10 k=2 scale_pct=200 age_ratio=7 host=65541 gc_pages=68210 gc_count=2090 waf_q16=133740 best=37 next=11 settled=0
[918585.853138] NVMeVirt: WATGC_V2 sample ns=0 part=3 epoch=1 window=12 phase=measure evaluated=10 k=2 scale_pct=200 age_ratio=7 host=65563 gc_pages=68581 gc_count=2096 waf_q16=134088 best=37 next=11 settled=0
[918588.789880] tee (160307): drop_caches: 3
[918593.965515] tee (160318): drop_caches: 3
[918598.345364] tee (160325): drop_caches: 3
[918603.004778] NVMeVirt: WATGC_V2 sample ns=0 part=2 epoch=1 window=13 phase=measure evaluated=11 k=2 scale_pct=200 age_ratio=16 host=65549 gc_pages=70150 gc_count=2120 waf_q16=135672 best=37 next=12 settled=0
[918603.213689] NVMeVirt: WATGC_V2 sample ns=0 part=0 epoch=1 window=13 phase=measure evaluated=11 k=2 scale_pct=200 age_ratio=16 host=65542 gc_pages=68550 gc_count=2095 waf_q16=134079 best=37 next=12 settled=0
[918603.276651] NVMeVirt: WATGC_V2 sample ns=0 part=1 epoch=1 window=13 phase=measure evaluated=11 k=2 scale_pct=200 age_ratio=16 host=65563 gc_pages=68962 gc_count=2102 waf_q16=134469 best=37 next=12 settled=0
[918603.681687] tee (160330): drop_caches: 3
[918604.412465] NVMeVirt: WATGC_V2 sample ns=0 part=3 epoch=1 window=13 phase=measure evaluated=11 k=2 scale_pct=200 age_ratio=16 host=65546 gc_pages=68784 gc_count=2099 waf_q16=134309 best=37 next=12 settled=0
[918608.887731] tee (160334): drop_caches: 3
[918614.298204] tee (160338): drop_caches: 3
[918619.428949] tee (160342): drop_caches: 3
[918621.867385] NVMeVirt: WATGC_V2 sample ns=0 part=2 epoch=1 window=14 phase=measure evaluated=12 k=2 scale_pct=400 age_ratio=4 host=65568 gc_pages=65950 gc_count=2055 waf_q16=131453 best=37 next=13 settled=0
[918622.183542] NVMeVirt: WATGC_V2 sample ns=0 part=0 epoch=1 window=14 phase=measure evaluated=12 k=2 scale_pct=400 age_ratio=4 host=65568 gc_pages=68702 gc_count=2098 waf_q16=134204 best=37 next=13 settled=0
[918622.220161] NVMeVirt: WATGC_V2 sample ns=0 part=1 epoch=1 window=14 phase=measure evaluated=12 k=2 scale_pct=400 age_ratio=4 host=65560 gc_pages=68783 gc_count=2099 waf_q16=134293 best=37 next=13 settled=0
[918623.085307] NVMeVirt: WATGC_V2 sample ns=0 part=3 epoch=1 window=14 phase=measure evaluated=12 k=2 scale_pct=400 age_ratio=4 host=65538 gc_pages=68738 gc_count=2098 waf_q16=134271 best=37 next=13 settled=0
[918624.648388] tee (160362): drop_caches: 3
[918629.032224] tee (160369): drop_caches: 3
[918634.221239] tee (160373): drop_caches: 3
[918639.310590] tee (160377): drop_caches: 3
[918640.325454] NVMeVirt: WATGC_V2 sample ns=0 part=2 epoch=1 window=15 phase=measure evaluated=13 k=2 scale_pct=400 age_ratio=7 host=65558 gc_pages=69151 gc_count=2105 waf_q16=134663 best=37 next=14 settled=0
[918640.801109] NVMeVirt: WATGC_V2 sample ns=0 part=0 epoch=1 window=15 phase=measure evaluated=13 k=2 scale_pct=400 age_ratio=7 host=65564 gc_pages=68524 gc_count=2095 waf_q16=134030 best=37 next=14 settled=0
[918640.833245] NVMeVirt: WATGC_V2 sample ns=0 part=1 epoch=1 window=15 phase=measure evaluated=13 k=2 scale_pct=400 age_ratio=7 host=65565 gc_pages=69606 gc_count=2112 waf_q16=135111 best=37 next=14 settled=0
[918641.781270] NVMeVirt: WATGC_V2 sample ns=0 part=3 epoch=1 window=15 phase=measure evaluated=13 k=2 scale_pct=400 age_ratio=7 host=65557 gc_pages=70377 gc_count=2124 waf_q16=135890 best=37 next=14 settled=0
[918644.602448] tee (160383): drop_caches: 3
[918649.755209] tee (160388): drop_caches: 3
[918654.914630] tee (160398): drop_caches: 3
[918659.028285] NVMeVirt: WATGC_V2 sample ns=0 part=2 epoch=1 window=16 phase=measure evaluated=14 k=2 scale_pct=400 age_ratio=16 host=65554 gc_pages=69038 gc_count=2103 waf_q16=134555 best=37 next=15 settled=0
[918659.321481] tee (160405): drop_caches: 3
[918659.711313] NVMeVirt: WATGC_V2 sample ns=0 part=0 epoch=1 window=16 phase=measure evaluated=14 k=2 scale_pct=400 age_ratio=16 host=65551 gc_pages=70191 gc_count=2121 waf_q16=135710 best=37 next=15 settled=0
[918659.759265] NVMeVirt: WATGC_V2 sample ns=0 part=1 epoch=1 window=16 phase=measure evaluated=14 k=2 scale_pct=400 age_ratio=16 host=65551 gc_pages=68530 gc_count=2095 waf_q16=134050 best=37 next=15 settled=0
[918660.630195] NVMeVirt: WATGC_V2 sample ns=0 part=3 epoch=1 window=16 phase=measure evaluated=14 k=2 scale_pct=400 age_ratio=16 host=65557 gc_pages=68011 gc_count=2087 waf_q16=133525 best=37 next=15 settled=0
[918664.477566] tee (160410): drop_caches: 3
[918669.570647] tee (160414): drop_caches: 3
[918674.694725] tee (160418): drop_caches: 3
[918677.796341] NVMeVirt: WATGC_V2 sample ns=0 part=2 epoch=1 window=17 phase=measure evaluated=15 k=4 scale_pct=25 age_ratio=4 host=65542 gc_pages=46121 gc_count=1745 waf_q16=111652 best=37 next=16 settled=0
[918678.399980] NVMeVirt: WATGC_V2 sample ns=0 part=0 epoch=1 window=17 phase=measure evaluated=15 k=4 scale_pct=25 age_ratio=4 host=65572 gc_pages=48541 gc_count=1783 waf_q16=114050 best=37 next=16 settled=0
[918678.409685] NVMeVirt: WATGC_V2 sample ns=0 part=1 epoch=1 window=17 phase=measure evaluated=15 k=4 scale_pct=25 age_ratio=4 host=65569 gc_pages=47950 gc_count=1774 waf_q16=113461 best=37 next=16 settled=0
[918679.089821] NVMeVirt: WATGC_V2 sample ns=0 part=3 epoch=1 window=17 phase=measure evaluated=15 k=4 scale_pct=25 age_ratio=4 host=65581 gc_pages=47826 gc_count=1772 waf_q16=113329 best=37 next=16 settled=0
[918679.972099] tee (160422): drop_caches: 3
[918685.256184] tee (160431): drop_caches: 3
[918689.666355] tee (160438): drop_caches: 3
[918694.850859] tee (160442): drop_caches: 3
[918696.106127] NVMeVirt: WATGC_V2 sample ns=0 part=2 epoch=1 window=18 phase=measure evaluated=16 k=4 scale_pct=25 age_ratio=7 host=65578 gc_pages=32915 gc_count=1539 waf_q16=98429 best=37 next=17 settled=0
[918696.868485] NVMeVirt: WATGC_V2 sample ns=0 part=0 epoch=1 window=18 phase=measure evaluated=16 k=4 scale_pct=25 age_ratio=7 host=65551 gc_pages=35249 gc_count=1575 waf_q16=100776 best=37 next=17 settled=0
[918696.906049] NVMeVirt: WATGC_V2 sample ns=0 part=1 epoch=1 window=18 phase=measure evaluated=16 k=4 scale_pct=25 age_ratio=7 host=65574 gc_pages=31451 gc_count=1516 waf_q16=96968 best=37 next=17 settled=0
[918697.557090] NVMeVirt: WATGC_V2 sample ns=0 part=3 epoch=1 window=18 phase=measure evaluated=16 k=4 scale_pct=25 age_ratio=7 host=65569 gc_pages=31968 gc_count=1524 waf_q16=97487 best=37 next=17 settled=0
[918699.974090] tee (160446): drop_caches: 3
[918705.089234] tee (160450): drop_caches: 3
[918710.269485] tee (160454): drop_caches: 3
[918714.264243] NVMeVirt: WATGC_V2 sample ns=0 part=2 epoch=1 window=19 phase=measure evaluated=17 k=4 scale_pct=25 age_ratio=16 host=65547 gc_pages=23094 gc_count=1385 waf_q16=88626 best=17 next=18 settled=0
[918714.929255] NVMeVirt: WATGC_V2 sample ns=0 part=1 epoch=1 window=19 phase=measure evaluated=17 k=4 scale_pct=25 age_ratio=16 host=65572 gc_pages=25502 gc_count=1423 waf_q16=91023 best=37 next=18 settled=0
[918714.933806] NVMeVirt: WATGC_V2 sample ns=0 part=0 epoch=1 window=19 phase=measure evaluated=17 k=4 scale_pct=25 age_ratio=16 host=65585 gc_pages=22474 gc_count=1376 waf_q16=87993 best=17 next=18 settled=0
[918715.423993] NVMeVirt: WATGC_V2 sample ns=0 part=3 epoch=1 window=19 phase=measure evaluated=17 k=4 scale_pct=25 age_ratio=16 host=65578 gc_pages=23387 gc_count=1390 waf_q16=88908 best=17 next=18 settled=0
[918715.448405] tee (160463): drop_caches: 3
[918720.052093] tee (160469): drop_caches: 3
[918725.336639] tee (160474): drop_caches: 3
[918730.478482] tee (160479): drop_caches: 3
[918732.131683] NVMeVirt: WATGC_V2 sample ns=0 part=2 epoch=1 window=20 phase=measure evaluated=18 k=4 scale_pct=50 age_ratio=4 host=65561 gc_pages=20131 gc_count=1339 waf_q16=85659 best=18 next=19 settled=0
[918732.888865] NVMeVirt: WATGC_V2 sample ns=0 part=1 epoch=1 window=20 phase=measure evaluated=18 k=4 scale_pct=50 age_ratio=4 host=65546 gc_pages=19637 gc_count=1331 waf_q16=85170 best=18 next=19 settled=0
[918732.921515] NVMeVirt: WATGC_V2 sample ns=0 part=0 epoch=1 window=20 phase=measure evaluated=18 k=4 scale_pct=50 age_ratio=4 host=65575 gc_pages=20308 gc_count=1342 waf_q16=85831 best=18 next=19 settled=0
[918733.329511] NVMeVirt: WATGC_V2 sample ns=0 part=3 epoch=1 window=20 phase=measure evaluated=18 k=4 scale_pct=50 age_ratio=4 host=65578 gc_pages=19474 gc_count=1329 waf_q16=84997 best=18 next=19 settled=0
[918735.568148] tee (160483): drop_caches: 3
[918740.586691] tee (160487): drop_caches: 3
[918748.942685] tee (160499): drop_caches: 3
[918752.872848] mix-mixB-online-159823 phase=A END
[918752.879926] mix-mixB-online-159823 phase=B START
[918759.062472] NVMeVirt: WATGC_V2 sample ns=0 part=2 epoch=1 window=21 phase=measure evaluated=19 k=4 scale_pct=50 age_ratio=7 host=65571 gc_pages=39523 gc_count=1642 waf_q16=105037 best=18 next=20 settled=0
[918759.549520] NVMeVirt: WATGC_V2 sample ns=0 part=1 epoch=1 window=21 phase=measure evaluated=19 k=4 scale_pct=50 age_ratio=7 host=65538 gc_pages=42643 gc_count=1690 waf_q16=108177 best=18 next=20 settled=0
[918759.551758] NVMeVirt: WATGC_V2 sample ns=0 part=0 epoch=1 window=21 phase=measure evaluated=19 k=4 scale_pct=50 age_ratio=7 host=65573 gc_pages=43422 gc_count=1703 waf_q16=108933 best=18 next=20 settled=0
[918759.790828] NVMeVirt: WATGC_V2 sample ns=0 part=3 epoch=1 window=21 phase=measure evaluated=19 k=4 scale_pct=50 age_ratio=7 host=65539 gc_pages=45344 gc_count=1732 waf_q16=110877 best=18 next=20 settled=0
[918768.870524] NVMeVirt: WATGC_V2 sample ns=0 part=2 epoch=1 window=22 phase=measure evaluated=20 k=4 scale_pct=50 age_ratio=16 host=65552 gc_pages=144611 gc_count=3284 waf_q16=210111 best=18 next=21 settled=0
[918769.382988] NVMeVirt: WATGC_V2 sample ns=0 part=0 epoch=1 window=22 phase=measure evaluated=20 k=4 scale_pct=50 age_ratio=16 host=65551 gc_pages=147123 gc_count=3323 waf_q16=212625 best=18 next=21 settled=0
[918769.398854] NVMeVirt: WATGC_V2 sample ns=0 part=1 epoch=1 window=22 phase=measure evaluated=20 k=4 scale_pct=50 age_ratio=16 host=65540 gc_pages=146687 gc_count=3316 waf_q16=212214 best=18 next=21 settled=0
[918769.575096] NVMeVirt: WATGC_V2 sample ns=0 part=3 epoch=1 window=22 phase=measure evaluated=20 k=4 scale_pct=50 age_ratio=16 host=65537 gc_pages=149632 gc_count=3362 waf_q16=215165 best=18 next=21 settled=0
[918778.694402] NVMeVirt: WATGC_V2 sample ns=0 part=2 epoch=1 window=23 phase=measure evaluated=21 k=4 scale_pct=100 age_ratio=4 host=65553 gc_pages=155758 gc_count=3458 waf_q16=221253 best=18 next=22 settled=0
[918779.174449] NVMeVirt: WATGC_V2 sample ns=0 part=0 epoch=1 window=23 phase=measure evaluated=21 k=4 scale_pct=100 age_ratio=4 host=65544 gc_pages=154424 gc_count=3437 waf_q16=219941 best=18 next=22 settled=0
[918779.215707] NVMeVirt: WATGC_V2 sample ns=0 part=1 epoch=1 window=23 phase=measure evaluated=21 k=4 scale_pct=100 age_ratio=4 host=65544 gc_pages=154551 gc_count=3439 waf_q16=220068 best=18 next=22 settled=0
[918779.423132] NVMeVirt: WATGC_V2 sample ns=0 part=3 epoch=1 window=23 phase=measure evaluated=21 k=4 scale_pct=100 age_ratio=4 host=65542 gc_pages=153913 gc_count=3429 waf_q16=219434 best=18 next=22 settled=0
[918788.516672] NVMeVirt: WATGC_V2 sample ns=0 part=2 epoch=1 window=24 phase=measure evaluated=22 k=4 scale_pct=100 age_ratio=7 host=65546 gc_pages=151608 gc_count=3393 waf_q16=217120 best=18 next=23 settled=0
[918789.035731] NVMeVirt: WATGC_V2 sample ns=0 part=0 epoch=1 window=24 phase=measure evaluated=22 k=4 scale_pct=100 age_ratio=7 host=65553 gc_pages=152753 gc_count=3411 waf_q16=218249 best=18 next=23 settled=0
[918789.044288] NVMeVirt: WATGC_V2 sample ns=0 part=1 epoch=1 window=24 phase=measure evaluated=22 k=4 scale_pct=100 age_ratio=7 host=65536 gc_pages=153410 gc_count=3421 waf_q16=218946 best=18 next=23 settled=0
[918789.234166] NVMeVirt: WATGC_V2 sample ns=0 part=3 epoch=1 window=24 phase=measure evaluated=22 k=4 scale_pct=100 age_ratio=7 host=65545 gc_pages=153914 gc_count=3429 waf_q16=219428 best=18 next=23 settled=0
[918798.341543] NVMeVirt: WATGC_V2 sample ns=0 part=2 epoch=1 window=25 phase=measure evaluated=23 k=4 scale_pct=100 age_ratio=16 host=65537 gc_pages=170111 gc_count=3682 waf_q16=235644 best=18 next=24 settled=0
[918798.843950] NVMeVirt: WATGC_V2 sample ns=0 part=0 epoch=1 window=25 phase=measure evaluated=23 k=4 scale_pct=100 age_ratio=16 host=65545 gc_pages=167735 gc_count=3645 waf_q16=233247 best=18 next=24 settled=0
[918798.870538] NVMeVirt: WATGC_V2 sample ns=0 part=1 epoch=1 window=25 phase=measure evaluated=23 k=4 scale_pct=100 age_ratio=16 host=65550 gc_pages=169458 gc_count=3672 waf_q16=234957 best=18 next=24 settled=0
[918799.052839] NVMeVirt: WATGC_V2 sample ns=0 part=3 epoch=1 window=25 phase=measure evaluated=23 k=4 scale_pct=100 age_ratio=16 host=65544 gc_pages=168890 gc_count=3663 waf_q16=234405 best=18 next=24 settled=0
[918808.165248] NVMeVirt: WATGC_V2 sample ns=0 part=2 epoch=1 window=26 phase=measure evaluated=24 k=4 scale_pct=200 age_ratio=4 host=65538 gc_pages=175488 gc_count=3766 waf_q16=241018 best=18 next=25 settled=0
[918808.679498] NVMeVirt: WATGC_V2 sample ns=0 part=1 epoch=1 window=26 phase=measure evaluated=24 k=4 scale_pct=200 age_ratio=4 host=65544 gc_pages=177080 gc_count=3791 waf_q16=242594 best=18 next=25 settled=0
[918808.683939] NVMeVirt: WATGC_V2 sample ns=0 part=0 epoch=1 window=26 phase=measure evaluated=24 k=4 scale_pct=200 age_ratio=4 host=65537 gc_pages=175936 gc_count=3773 waf_q16=241469 best=18 next=25 settled=0
[918808.898745] NVMeVirt: WATGC_V2 sample ns=0 part=3 epoch=1 window=26 phase=measure evaluated=24 k=4 scale_pct=200 age_ratio=4 host=65539 gc_pages=176509 gc_count=3782 waf_q16=242036 best=18 next=25 settled=0
[918817.980204] NVMeVirt: WATGC_V2 sample ns=0 part=2 epoch=1 window=27 phase=measure evaluated=25 k=4 scale_pct=200 age_ratio=7 host=65542 gc_pages=179064 gc_count=3822 waf_q16=244583 best=18 next=26 settled=0
[918818.496353] NVMeVirt: WATGC_V2 sample ns=0 part=0 epoch=1 window=27 phase=measure evaluated=25 k=4 scale_pct=200 age_ratio=7 host=65550 gc_pages=175792 gc_count=3771 waf_q16=241290 best=18 next=26 settled=0
[918818.499984] NVMeVirt: WATGC_V2 sample ns=0 part=1 epoch=1 window=27 phase=measure evaluated=25 k=4 scale_pct=200 age_ratio=7 host=65544 gc_pages=176951 gc_count=3789 waf_q16=242465 best=18 next=26 settled=0
[918818.738005] NVMeVirt: WATGC_V2 sample ns=0 part=3 epoch=1 window=27 phase=measure evaluated=25 k=4 scale_pct=200 age_ratio=7 host=65544 gc_pages=176503 gc_count=3782 waf_q16=242017 best=18 next=26 settled=0
[918827.800953] NVMeVirt: WATGC_V2 sample ns=0 part=2 epoch=1 window=28 phase=measure evaluated=26 k=4 scale_pct=200 age_ratio=16 host=65542 gc_pages=179323 gc_count=3826 waf_q16=244842 best=18 next=27 settled=0
[918828.316933] NVMeVirt: WATGC_V2 sample ns=0 part=1 epoch=1 window=28 phase=measure evaluated=26 k=4 scale_pct=200 age_ratio=16 host=65536 gc_pages=177792 gc_count=3802 waf_q16=243328 best=18 next=27 settled=0
[918828.335739] NVMeVirt: WATGC_V2 sample ns=0 part=0 epoch=1 window=28 phase=measure evaluated=26 k=4 scale_pct=200 age_ratio=16 host=65539 gc_pages=177789 gc_count=3802 waf_q16=243316 best=18 next=27 settled=0
[918828.566707] NVMeVirt: WATGC_V2 sample ns=0 part=3 epoch=1 window=28 phase=measure evaluated=26 k=4 scale_pct=200 age_ratio=16 host=65540 gc_pages=177083 gc_count=3791 waf_q16=242608 best=18 next=27 settled=0
[918837.631723] NVMeVirt: WATGC_V2 sample ns=0 part=2 epoch=1 window=29 phase=measure evaluated=27 k=4 scale_pct=400 age_ratio=4 host=65540 gc_pages=175421 gc_count=3765 waf_q16=240946 best=18 next=28 settled=0
[918838.136685] NVMeVirt: WATGC_V2 sample ns=0 part=1 epoch=1 window=29 phase=measure evaluated=27 k=4 scale_pct=400 age_ratio=4 host=65551 gc_pages=177203 gc_count=3793 waf_q16=242698 best=18 next=28 settled=0
[918838.151042] NVMeVirt: WATGC_V2 sample ns=0 part=0 epoch=1 window=29 phase=measure evaluated=27 k=4 scale_pct=400 age_ratio=4 host=65539 gc_pages=176382 gc_count=3780 waf_q16=241909 best=18 next=28 settled=0
[918838.383971] NVMeVirt: WATGC_V2 sample ns=0 part=3 epoch=1 window=29 phase=measure evaluated=27 k=4 scale_pct=400 age_ratio=4 host=65541 gc_pages=176123 gc_count=3776 waf_q16=241645 best=18 next=28 settled=0
[918847.462637] NVMeVirt: WATGC_V2 sample ns=0 part=2 epoch=1 window=30 phase=measure evaluated=28 k=4 scale_pct=400 age_ratio=7 host=65543 gc_pages=176248 gc_count=3778 waf_q16=241765 best=18 next=29 settled=0
[918847.953140] NVMeVirt: WATGC_V2 sample ns=0 part=0 epoch=1 window=30 phase=measure evaluated=28 k=4 scale_pct=400 age_ratio=7 host=65550 gc_pages=175794 gc_count=3771 waf_q16=241292 best=18 next=29 settled=0
[918847.955583] NVMeVirt: WATGC_V2 sample ns=0 part=1 epoch=1 window=30 phase=measure evaluated=28 k=4 scale_pct=400 age_ratio=7 host=65548 gc_pages=176628 gc_count=3784 waf_q16=242131 best=18 next=29 settled=0
[918848.215940] NVMeVirt: WATGC_V2 sample ns=0 part=3 epoch=1 window=30 phase=measure evaluated=28 k=4 scale_pct=400 age_ratio=7 host=65542 gc_pages=174395 gc_count=3749 waf_q16=239915 best=18 next=29 settled=0
[918857.281865] NVMeVirt: WATGC_V2 sample ns=0 part=2 epoch=1 window=31 phase=measure evaluated=29 k=4 scale_pct=400 age_ratio=16 host=65551 gc_pages=174962 gc_count=3758 waf_q16=240457 best=18 next=30 settled=0
[918857.779974] NVMeVirt: WATGC_V2 sample ns=0 part=1 epoch=1 window=31 phase=measure evaluated=29 k=4 scale_pct=400 age_ratio=16 host=65550 gc_pages=176242 gc_count=3778 waf_q16=241740 best=18 next=30 settled=0
[918857.808649] NVMeVirt: WATGC_V2 sample ns=0 part=0 epoch=1 window=31 phase=measure evaluated=29 k=4 scale_pct=400 age_ratio=16 host=65549 gc_pages=176819 gc_count=3787 waf_q16=242319 best=18 next=30 settled=0
[918858.047879] NVMeVirt: WATGC_V2 sample ns=0 part=3 epoch=1 window=31 phase=measure evaluated=29 k=4 scale_pct=400 age_ratio=16 host=65543 gc_pages=174008 gc_count=3743 waf_q16=239525 best=18 next=30 settled=0
[918867.089738] NVMeVirt: WATGC_V2 sample ns=0 part=2 epoch=1 window=32 phase=measure evaluated=30 k=7 scale_pct=25 age_ratio=4 host=65543 gc_pages=147319 gc_count=3326 waf_q16=212839 best=18 next=31 settled=0
[918867.612540] NVMeVirt: WATGC_V2 sample ns=0 part=0 epoch=1 window=32 phase=measure evaluated=30 k=7 scale_pct=25 age_ratio=4 host=65550 gc_pages=144428 gc_count=3281 waf_q16=209933 best=18 next=31 settled=0
[918867.612793] NVMeVirt: WATGC_V2 sample ns=0 part=1 epoch=1 window=32 phase=measure evaluated=30 k=7 scale_pct=25 age_ratio=4 host=65557 gc_pages=144484 gc_count=3282 waf_q16=209973 best=18 next=31 settled=0
[918867.872286] NVMeVirt: WATGC_V2 sample ns=0 part=3 epoch=1 window=32 phase=measure evaluated=30 k=7 scale_pct=25 age_ratio=4 host=65559 gc_pages=142564 gc_count=3252 waf_q16=208049 best=18 next=31 settled=0
[918876.925113] NVMeVirt: WATGC_V2 sample ns=0 part=2 epoch=1 window=33 phase=measure evaluated=31 k=7 scale_pct=25 age_ratio=7 host=65556 gc_pages=132259 gc_count=3091 waf_q16=197754 best=18 next=32 settled=0
[918877.442365] NVMeVirt: WATGC_V2 sample ns=0 part=0 epoch=1 window=33 phase=measure evaluated=31 k=7 scale_pct=25 age_ratio=7 host=65540 gc_pages=133640 gc_count=3112 waf_q16=199167 best=18 next=32 settled=0
[918877.451937] NVMeVirt: WATGC_V2 sample ns=0 part=1 epoch=1 window=33 phase=measure evaluated=31 k=7 scale_pct=25 age_ratio=7 host=65557 gc_pages=134179 gc_count=3121 waf_q16=199672 best=18 next=32 settled=0
[918877.707861] NVMeVirt: WATGC_V2 sample ns=0 part=3 epoch=1 window=33 phase=measure evaluated=31 k=7 scale_pct=25 age_ratio=7 host=65540 gc_pages=133056 gc_count=3103 waf_q16=198583 best=18 next=32 settled=0
[918886.741428] NVMeVirt: WATGC_V2 sample ns=0 part=2 epoch=1 window=34 phase=measure evaluated=32 k=7 scale_pct=25 age_ratio=16 host=65537 gc_pages=105790 gc_count=2677 waf_q16=171324 best=18 next=33 settled=0
[918887.261731] NVMeVirt: WATGC_V2 sample ns=0 part=1 epoch=1 window=34 phase=measure evaluated=32 k=7 scale_pct=25 age_ratio=16 host=65568 gc_pages=113505 gc_count=2798 waf_q16=178985 best=18 next=33 settled=0
[918887.269815] NVMeVirt: WATGC_V2 sample ns=0 part=0 epoch=1 window=34 phase=measure evaluated=32 k=7 scale_pct=25 age_ratio=16 host=65548 gc_pages=107463 gc_count=2703 waf_q16=172979 best=18 next=33 settled=0
[918887.531661] NVMeVirt: WATGC_V2 sample ns=0 part=3 epoch=1 window=34 phase=measure evaluated=32 k=7 scale_pct=25 age_ratio=16 host=65542 gc_pages=117206 gc_count=2855 waf_q16=182731 best=18 next=33 settled=0
[918896.564856] NVMeVirt: WATGC_V2 sample ns=0 part=2 epoch=1 window=35 phase=measure evaluated=33 k=7 scale_pct=50 age_ratio=4 host=65538 gc_pages=131334 gc_count=3076 waf_q16=196865 best=18 next=34 settled=0
[918897.103852] NVMeVirt: WATGC_V2 sample ns=0 part=1 epoch=1 window=35 phase=measure evaluated=33 k=7 scale_pct=50 age_ratio=4 host=65553 gc_pages=134711 gc_count=3129 waf_q16=200212 best=18 next=34 settled=0
[918897.112721] NVMeVirt: WATGC_V2 sample ns=0 part=0 epoch=1 window=35 phase=measure evaluated=33 k=7 scale_pct=50 age_ratio=4 host=65554 gc_pages=132343 gc_count=3092 waf_q16=197842 best=18 next=34 settled=0
[918897.307952] NVMeVirt: WATGC_V2 sample ns=0 part=3 epoch=1 window=35 phase=measure evaluated=33 k=7 scale_pct=50 age_ratio=4 host=65550 gc_pages=132348 gc_count=3092 waf_q16=197855 best=18 next=34 settled=0
[918906.418410] NVMeVirt: WATGC_V2 sample ns=0 part=2 epoch=1 window=36 phase=measure evaluated=34 k=7 scale_pct=50 age_ratio=7 host=65553 gc_pages=145260 gc_count=3294 waf_q16=210758 best=18 next=35 settled=0
[918906.922506] NVMeVirt: WATGC_V2 sample ns=0 part=1 epoch=1 window=36 phase=measure evaluated=34 k=7 scale_pct=50 age_ratio=7 host=65536 gc_pages=143608 gc_count=3268 waf_q16=209144 best=18 next=35 settled=0
[918906.927608] NVMeVirt: WATGC_V2 sample ns=0 part=0 epoch=1 window=36 phase=measure evaluated=34 k=7 scale_pct=50 age_ratio=7 host=65548 gc_pages=145533 gc_count=3298 waf_q16=211042 best=18 next=35 settled=0
[918907.152965] NVMeVirt: WATGC_V2 sample ns=0 part=3 epoch=1 window=36 phase=measure evaluated=34 k=7 scale_pct=50 age_ratio=7 host=65542 gc_pages=146619 gc_count=3315 waf_q16=212141 best=18 next=35 settled=0
[918916.209239] NVMeVirt: WATGC_V2 sample ns=0 part=2 epoch=1 window=37 phase=measure evaluated=35 k=7 scale_pct=50 age_ratio=16 host=65545 gc_pages=140470 gc_count=3219 waf_q16=205986 best=18 next=36 settled=0
[918916.742940] NVMeVirt: WATGC_V2 sample ns=0 part=1 epoch=1 window=37 phase=measure evaluated=35 k=7 scale_pct=50 age_ratio=16 host=65558 gc_pages=140184 gc_count=3215 waf_q16=205672 best=18 next=36 settled=0
[918916.761935] NVMeVirt: WATGC_V2 sample ns=0 part=0 epoch=1 window=37 phase=measure evaluated=35 k=7 scale_pct=50 age_ratio=16 host=65542 gc_pages=138219 gc_count=3184 waf_q16=203742 best=18 next=36 settled=0
[918916.965866] NVMeVirt: WATGC_V2 sample ns=0 part=3 epoch=1 window=37 phase=measure evaluated=35 k=7 scale_pct=50 age_ratio=16 host=65553 gc_pages=138284 gc_count=3185 waf_q16=203784 best=18 next=36 settled=0
[918926.024642] NVMeVirt: WATGC_V2 sample ns=0 part=2 epoch=1 window=38 phase=measure evaluated=36 k=7 scale_pct=100 age_ratio=4 host=65553 gc_pages=135155 gc_count=3136 waf_q16=200655 best=18 next=38 settled=0
[918926.579112] NVMeVirt: WATGC_V2 sample ns=0 part=1 epoch=1 window=38 phase=measure evaluated=36 k=7 scale_pct=100 age_ratio=4 host=65543 gc_pages=136125 gc_count=3151 waf_q16=201646 best=18 next=38 settled=0
[918926.584617] NVMeVirt: WATGC_V2 sample ns=0 part=0 epoch=1 window=38 phase=measure evaluated=36 k=7 scale_pct=100 age_ratio=4 host=65541 gc_pages=136831 gc_count=3162 waf_q16=202356 best=18 next=38 settled=0
[918926.830943] NVMeVirt: WATGC_V2 sample ns=0 part=3 epoch=1 window=38 phase=measure evaluated=36 k=7 scale_pct=100 age_ratio=4 host=65536 gc_pages=138244 gc_count=3184 waf_q16=203780 best=18 next=38 settled=0
[918935.857906] NVMeVirt: WATGC_V2 sample ns=0 part=2 epoch=1 window=39 phase=measure evaluated=38 k=7 scale_pct=100 age_ratio=16 host=65554 gc_pages=157231 gc_count=3481 waf_q16=222723 best=18 next=39 settled=0
[918936.394497] NVMeVirt: WATGC_V2 sample ns=0 part=1 epoch=1 window=39 phase=measure evaluated=38 k=7 scale_pct=100 age_ratio=16 host=65547 gc_pages=159479 gc_count=3516 waf_q16=224988 best=18 next=39 settled=0
[918936.412420] NVMeVirt: WATGC_V2 sample ns=0 part=0 epoch=1 window=39 phase=measure evaluated=38 k=7 scale_pct=100 age_ratio=16 host=65552 gc_pages=160306 gc_count=3529 waf_q16=225802 best=18 next=39 settled=0
[918936.627429] NVMeVirt: WATGC_V2 sample ns=0 part=3 epoch=1 window=39 phase=measure evaluated=38 k=7 scale_pct=100 age_ratio=16 host=65550 gc_pages=161139 gc_count=3542 waf_q16=226640 best=18 next=39 settled=0
[918945.712213] NVMeVirt: WATGC_V2 sample ns=0 part=2 epoch=1 window=40 phase=measure evaluated=39 k=7 scale_pct=200 age_ratio=4 host=65550 gc_pages=160626 gc_count=3534 waf_q16=226127 best=18 next=40 settled=0
[918946.225798] NVMeVirt: WATGC_V2 sample ns=0 part=1 epoch=1 window=40 phase=measure evaluated=39 k=7 scale_pct=200 age_ratio=4 host=65553 gc_pages=159793 gc_count=3521 waf_q16=225287 best=18 next=40 settled=0
[918946.232145] NVMeVirt: WATGC_V2 sample ns=0 part=0 epoch=1 window=40 phase=measure evaluated=39 k=7 scale_pct=200 age_ratio=4 host=65543 gc_pages=162936 gc_count=3570 waf_q16=228454 best=18 next=40 settled=0
[918946.455072] NVMeVirt: WATGC_V2 sample ns=0 part=3 epoch=1 window=40 phase=measure evaluated=39 k=7 scale_pct=200 age_ratio=4 host=65548 gc_pages=162100 gc_count=3557 waf_q16=227606 best=18 next=40 settled=0
[918955.501053] NVMeVirt: WATGC_V2 sample ns=0 part=2 epoch=1 window=41 phase=measure evaluated=40 k=7 scale_pct=200 age_ratio=7 host=65546 gc_pages=167863 gc_count=3647 waf_q16=233373 best=18 next=41 settled=0
[918956.044421] NVMeVirt: WATGC_V2 sample ns=0 part=1 epoch=1 window=41 phase=measure evaluated=40 k=7 scale_pct=200 age_ratio=7 host=65536 gc_pages=167873 gc_count=3647 waf_q16=233409 best=18 next=41 settled=0
[918956.073065] NVMeVirt: WATGC_V2 sample ns=0 part=0 epoch=1 window=41 phase=measure evaluated=40 k=7 scale_pct=200 age_ratio=7 host=65536 gc_pages=167042 gc_count=3634 waf_q16=232578 best=18 next=41 settled=0
[918956.283157] NVMeVirt: WATGC_V2 sample ns=0 part=3 epoch=1 window=41 phase=measure evaluated=40 k=7 scale_pct=200 age_ratio=7 host=65546 gc_pages=168247 gc_count=3653 waf_q16=233757 best=18 next=41 settled=0
[918965.318614] NVMeVirt: WATGC_V2 sample ns=0 part=2 epoch=1 window=42 phase=measure evaluated=41 k=7 scale_pct=200 age_ratio=16 host=65545 gc_pages=176245 gc_count=3778 waf_q16=241756 best=18 next=42 settled=0
[918965.862956] NVMeVirt: WATGC_V2 sample ns=0 part=0 epoch=1 window=42 phase=measure evaluated=41 k=7 scale_pct=200 age_ratio=16 host=65538 gc_pages=173630 gc_count=3737 waf_q16=239160 best=18 next=42 settled=0
[918965.878760] NVMeVirt: WATGC_V2 sample ns=0 part=1 epoch=1 window=42 phase=measure evaluated=41 k=7 scale_pct=200 age_ratio=16 host=65537 gc_pages=173439 gc_count=3734 waf_q16=238972 best=18 next=42 settled=0
[918966.107641] NVMeVirt: WATGC_V2 sample ns=0 part=3 epoch=1 window=42 phase=measure evaluated=41 k=7 scale_pct=200 age_ratio=16 host=65548 gc_pages=173492 gc_count=3735 waf_q16=238996 best=18 next=42 settled=0
[918975.164349] NVMeVirt: WATGC_V2 sample ns=0 part=2 epoch=1 window=43 phase=measure evaluated=42 k=7 scale_pct=400 age_ratio=4 host=65547 gc_pages=179765 gc_count=3833 waf_q16=245270 best=18 next=43 settled=0
[918975.682994] NVMeVirt: WATGC_V2 sample ns=0 part=1 epoch=1 window=43 phase=measure evaluated=42 k=7 scale_pct=400 age_ratio=4 host=65552 gc_pages=180401 gc_count=3843 waf_q16=245892 best=18 next=43 settled=0
[918975.692527] NVMeVirt: WATGC_V2 sample ns=0 part=0 epoch=1 window=43 phase=measure evaluated=42 k=7 scale_pct=400 age_ratio=4 host=65549 gc_pages=180019 gc_count=3837 waf_q16=245519 best=18 next=43 settled=0
[918975.961810] NVMeVirt: WATGC_V2 sample ns=0 part=3 epoch=1 window=43 phase=measure evaluated=42 k=7 scale_pct=400 age_ratio=4 host=65540 gc_pages=180347 gc_count=3842 waf_q16=245871 best=18 next=43 settled=0
[918984.991329] NVMeVirt: WATGC_V2 sample ns=0 part=2 epoch=1 window=44 phase=measure evaluated=43 k=7 scale_pct=400 age_ratio=7 host=65540 gc_pages=180540 gc_count=3845 waf_q16=246064 best=18 next=44 settled=0
[918985.508395] NVMeVirt: WATGC_V2 sample ns=0 part=1 epoch=1 window=44 phase=measure evaluated=43 k=7 scale_pct=400 age_ratio=7 host=65543 gc_pages=181883 gc_count=3866 waf_q16=247399 best=18 next=44 settled=0
[918985.518902] NVMeVirt: WATGC_V2 sample ns=0 part=0 epoch=1 window=44 phase=measure evaluated=43 k=7 scale_pct=400 age_ratio=7 host=65543 gc_pages=179067 gc_count=3822 waf_q16=244583 best=18 next=44 settled=0
[918985.753722] NVMeVirt: WATGC_V2 sample ns=0 part=3 epoch=1 window=44 phase=measure evaluated=43 k=7 scale_pct=400 age_ratio=7 host=65538 gc_pages=181183 gc_count=3855 waf_q16=246713 best=18 next=44 settled=0
[918994.835009] NVMeVirt: WATGC_V2 sample ns=0 part=2 epoch=1 window=45 phase=measure evaluated=44 k=7 scale_pct=400 age_ratio=16 host=65544 gc_pages=178553 gc_count=3814 waf_q16=244067 best=18 next=45 settled=0
[918995.338259] NVMeVirt: WATGC_V2 sample ns=0 part=0 epoch=1 window=45 phase=measure evaluated=44 k=7 scale_pct=400 age_ratio=16 host=65545 gc_pages=178423 gc_count=3812 waf_q16=243934 best=18 next=45 settled=0
[918995.349203] NVMeVirt: WATGC_V2 sample ns=0 part=1 epoch=1 window=45 phase=measure evaluated=44 k=7 scale_pct=400 age_ratio=16 host=65542 gc_pages=180794 gc_count=3849 waf_q16=246313 best=18 next=45 settled=0
[918995.582275] NVMeVirt: WATGC_V2 sample ns=0 part=3 epoch=1 window=45 phase=measure evaluated=44 k=7 scale_pct=400 age_ratio=16 host=65546 gc_pages=178295 gc_count=3810 waf_q16=243803 best=18 next=45 settled=0
[919004.673474] NVMeVirt: WATGC_V2 sample ns=0 part=2 epoch=1 window=46 phase=measure evaluated=45 k=10 scale_pct=25 age_ratio=4 host=65546 gc_pages=135730 gc_count=3145 waf_q16=201245 best=18 next=46 settled=0
[919005.154401] NVMeVirt: WATGC_V2 sample ns=0 part=1 epoch=1 window=46 phase=measure evaluated=45 k=10 scale_pct=25 age_ratio=4 host=65549 gc_pages=135024 gc_count=3134 waf_q16=200533 best=18 next=46 settled=0
[919005.162732] NVMeVirt: WATGC_V2 sample ns=0 part=0 epoch=1 window=46 phase=measure evaluated=45 k=10 scale_pct=25 age_ratio=4 host=65541 gc_pages=133303 gc_count=3107 waf_q16=198828 best=18 next=46 settled=0
[919005.397461] NVMeVirt: WATGC_V2 sample ns=0 part=3 epoch=1 window=46 phase=measure evaluated=45 k=10 scale_pct=25 age_ratio=4 host=65553 gc_pages=136116 gc_count=3151 waf_q16=201616 best=18 next=46 settled=0
[919014.472098] NVMeVirt: WATGC_V2 sample ns=0 part=2 epoch=1 window=47 phase=measure evaluated=46 k=10 scale_pct=25 age_ratio=7 host=65544 gc_pages=122539 gc_count=2939 waf_q16=188060 best=18 next=47 settled=0
[919014.991267] NVMeVirt: WATGC_V2 sample ns=0 part=1 epoch=1 window=47 phase=measure evaluated=46 k=10 scale_pct=25 age_ratio=7 host=65537 gc_pages=120252 gc_count=2903 waf_q16=185786 best=18 next=47 settled=0
[919014.992625] NVMeVirt: WATGC_V2 sample ns=0 part=0 epoch=1 window=47 phase=measure evaluated=46 k=10 scale_pct=25 age_ratio=7 host=65545 gc_pages=118576 gc_count=2877 waf_q16=184095 best=18 next=47 settled=0
[919015.192974] NVMeVirt: WATGC_V2 sample ns=0 part=3 epoch=1 window=47 phase=measure evaluated=46 k=10 scale_pct=25 age_ratio=7 host=65541 gc_pages=117316 gc_count=2857 waf_q16=182843 best=18 next=47 settled=0
[919024.301073] NVMeVirt: WATGC_V2 sample ns=0 part=2 epoch=1 window=48 phase=measure evaluated=47 k=10 scale_pct=25 age_ratio=16 host=65561 gc_pages=89253 gc_count=2419 waf_q16=154754 best=18 next=48 settled=0
[919024.816053] NVMeVirt: WATGC_V2 sample ns=0 part=1 epoch=1 window=48 phase=measure evaluated=47 k=10 scale_pct=25 age_ratio=16 host=65548 gc_pages=98365 gc_count=2561 waf_q16=163882 best=18 next=48 settled=0
[919024.818067] NVMeVirt: WATGC_V2 sample ns=0 part=0 epoch=1 window=48 phase=measure evaluated=47 k=10 scale_pct=25 age_ratio=16 host=65549 gc_pages=99711 gc_count=2582 waf_q16=165227 best=18 next=48 settled=0
[919025.065502] NVMeVirt: WATGC_V2 sample ns=0 part=3 epoch=1 window=48 phase=measure evaluated=47 k=10 scale_pct=25 age_ratio=16 host=65539 gc_pages=105214 gc_count=2668 waf_q16=170745 best=18 next=48 settled=0
[919034.131185] NVMeVirt: WATGC_V2 sample ns=0 part=2 epoch=1 window=49 phase=measure evaluated=48 k=10 scale_pct=50 age_ratio=4 host=65541 gc_pages=137724 gc_count=3176 waf_q16=203249 best=18 next=49 settled=0
[919034.637018] NVMeVirt: WATGC_V2 sample ns=0 part=1 epoch=1 window=49 phase=measure evaluated=48 k=10 scale_pct=50 age_ratio=4 host=65547 gc_pages=135991 gc_count=3149 waf_q16=201504 best=18 next=49 settled=0
[919034.642877] NVMeVirt: WATGC_V2 sample ns=0 part=0 epoch=1 window=49 phase=measure evaluated=48 k=10 scale_pct=50 age_ratio=4 host=65549 gc_pages=135349 gc_count=3139 waf_q16=200858 best=18 next=49 settled=0
[919034.859032] NVMeVirt: WATGC_V2 sample ns=0 part=3 epoch=1 window=49 phase=measure evaluated=48 k=10 scale_pct=50 age_ratio=4 host=65542 gc_pages=131838 gc_count=3084 waf_q16=197361 best=18 next=49 settled=0
[919043.970040] NVMeVirt: WATGC_V2 sample ns=0 part=2 epoch=1 window=50 phase=measure evaluated=49 k=10 scale_pct=50 age_ratio=7 host=65554 gc_pages=136558 gc_count=3158 waf_q16=202056 best=18 next=50 settled=0
[919044.466276] NVMeVirt: WATGC_V2 sample ns=0 part=1 epoch=1 window=50 phase=measure evaluated=49 k=10 scale_pct=50 age_ratio=7 host=65557 gc_pages=136230 gc_count=3153 waf_q16=201722 best=18 next=50 settled=0
[919044.480493] NVMeVirt: WATGC_V2 sample ns=0 part=0 epoch=1 window=50 phase=measure evaluated=49 k=10 scale_pct=50 age_ratio=7 host=65544 gc_pages=134074 gc_count=3119 waf_q16=199593 best=18 next=50 settled=0
[919044.681582] NVMeVirt: WATGC_V2 sample ns=0 part=3 epoch=1 window=50 phase=measure evaluated=49 k=10 scale_pct=50 age_ratio=7 host=65545 gc_pages=137208 gc_count=3168 waf_q16=202725 best=18 next=50 settled=0
[919053.791272] NVMeVirt: WATGC_V2 sample ns=0 part=2 epoch=1 window=51 phase=measure evaluated=50 k=10 scale_pct=50 age_ratio=16 host=65547 gc_pages=125788 gc_count=2990 waf_q16=191302 best=18 next=51 settled=0
[919054.266476] NVMeVirt: WATGC_V2 sample ns=0 part=1 epoch=1 window=51 phase=measure evaluated=50 k=10 scale_pct=50 age_ratio=16 host=65542 gc_pages=122931 gc_count=2945 waf_q16=188455 best=18 next=51 settled=0
[919054.311042] NVMeVirt: WATGC_V2 sample ns=0 part=0 epoch=1 window=51 phase=measure evaluated=50 k=10 scale_pct=50 age_ratio=16 host=65568 gc_pages=121699 gc_count=2926 waf_q16=187175 best=18 next=51 settled=0
[919054.513890] NVMeVirt: WATGC_V2 sample ns=0 part=3 epoch=1 window=51 phase=measure evaluated=50 k=10 scale_pct=50 age_ratio=16 host=65560 gc_pages=119962 gc_count=2899 waf_q16=185454 best=18 next=51 settled=0
[919063.614410] NVMeVirt: WATGC_V2 sample ns=0 part=2 epoch=1 window=52 phase=measure evaluated=51 k=10 scale_pct=100 age_ratio=4 host=65549 gc_pages=140661 gc_count=3222 waf_q16=206169 best=18 next=52 settled=0
[919064.102924] NVMeVirt: WATGC_V2 sample ns=0 part=1 epoch=1 window=52 phase=measure evaluated=51 k=10 scale_pct=100 age_ratio=4 host=65540 gc_pages=140669 gc_count=3222 waf_q16=206196 best=18 next=52 settled=0
[919064.153530] NVMeVirt: WATGC_V2 sample ns=0 part=0 epoch=1 window=52 phase=measure evaluated=51 k=10 scale_pct=100 age_ratio=4 host=65547 gc_pages=138229 gc_count=3184 waf_q16=203741 best=18 next=52 settled=0
[919064.333980] NVMeVirt: WATGC_V2 sample ns=0 part=3 epoch=1 window=52 phase=measure evaluated=51 k=10 scale_pct=100 age_ratio=4 host=65544 gc_pages=139703 gc_count=3207 waf_q16=205221 best=18 next=52 settled=0
[919073.401450] NVMeVirt: WATGC_V2 sample ns=0 part=2 epoch=1 window=53 phase=measure evaluated=52 k=10 scale_pct=100 age_ratio=7 host=65539 gc_pages=162756 gc_count=3567 waf_q16=228284 best=18 next=53 settled=0
[919073.949161] NVMeVirt: WATGC_V2 sample ns=0 part=0 epoch=1 window=53 phase=measure evaluated=52 k=10 scale_pct=100 age_ratio=7 host=65536 gc_pages=165631 gc_count=3612 waf_q16=231167 best=18 next=53 settled=0
[919073.953908] NVMeVirt: WATGC_V2 sample ns=0 part=1 epoch=1 window=53 phase=measure evaluated=52 k=10 scale_pct=100 age_ratio=7 host=65548 gc_pages=162996 gc_count=3571 waf_q16=228502 best=18 next=53 settled=0
[919074.186837] NVMeVirt: WATGC_V2 sample ns=0 part=3 epoch=1 window=53 phase=measure evaluated=52 k=10 scale_pct=100 age_ratio=7 host=65542 gc_pages=164857 gc_count=3600 waf_q16=230377 best=18 next=53 settled=0
[919083.248257] NVMeVirt: WATGC_V2 sample ns=0 part=2 epoch=1 window=54 phase=measure evaluated=53 k=10 scale_pct=100 age_ratio=16 host=65550 gc_pages=157436 gc_count=3484 waf_q16=222938 best=18 next=54 settled=0
[919083.748737] NVMeVirt: WATGC_V2 sample ns=0 part=0 epoch=1 window=54 phase=measure evaluated=53 k=10 scale_pct=100 age_ratio=16 host=65540 gc_pages=160136 gc_count=3526 waf_q16=225662 best=18 next=54 settled=0
[919083.770591] NVMeVirt: WATGC_V2 sample ns=0 part=1 epoch=1 window=54 phase=measure evaluated=53 k=10 scale_pct=100 age_ratio=16 host=65546 gc_pages=159416 gc_count=3515 waf_q16=224927 best=18 next=54 settled=0
[919083.988014] NVMeVirt: WATGC_V2 sample ns=0 part=3 epoch=1 window=54 phase=measure evaluated=53 k=10 scale_pct=100 age_ratio=16 host=65546 gc_pages=161848 gc_count=3553 waf_q16=227359 best=18 next=54 settled=0
[919093.093314] NVMeVirt: WATGC_V2 sample ns=0 part=2 epoch=1 window=55 phase=measure evaluated=54 k=10 scale_pct=200 age_ratio=4 host=65536 gc_pages=168897 gc_count=3663 waf_q16=234433 best=18 next=55 settled=0
[919093.571411] NVMeVirt: WATGC_V2 sample ns=0 part=0 epoch=1 window=55 phase=measure evaluated=54 k=10 scale_pct=200 age_ratio=4 host=65542 gc_pages=168251 gc_count=3653 waf_q16=233771 best=18 next=55 settled=0
[919093.612169] NVMeVirt: WATGC_V2 sample ns=0 part=1 epoch=1 window=55 phase=measure evaluated=54 k=10 scale_pct=200 age_ratio=4 host=65542 gc_pages=166843 gc_count=3631 waf_q16=232363 best=18 next=55 settled=0
[919093.815662] NVMeVirt: WATGC_V2 sample ns=0 part=3 epoch=1 window=55 phase=measure evaluated=54 k=10 scale_pct=200 age_ratio=4 host=65552 gc_pages=166705 gc_count=3629 waf_q16=232200 best=18 next=55 settled=0
[919102.918528] NVMeVirt: WATGC_V2 sample ns=0 part=2 epoch=1 window=56 phase=measure evaluated=55 k=10 scale_pct=200 age_ratio=7 host=65548 gc_pages=178677 gc_count=3816 waf_q16=244180 best=18 next=56 settled=0
[919103.390164] NVMeVirt: WATGC_V2 sample ns=0 part=0 epoch=1 window=56 phase=measure evaluated=55 k=10 scale_pct=200 age_ratio=7 host=65549 gc_pages=178229 gc_count=3809 waf_q16=243729 best=18 next=56 settled=0
[919103.417424] NVMeVirt: WATGC_V2 sample ns=0 part=1 epoch=1 window=56 phase=measure evaluated=55 k=10 scale_pct=200 age_ratio=7 host=65536 gc_pages=178178 gc_count=3808 waf_q16=243714 best=18 next=56 settled=0
[919103.645328] NVMeVirt: WATGC_V2 sample ns=0 part=3 epoch=1 window=56 phase=measure evaluated=55 k=10 scale_pct=200 age_ratio=7 host=65537 gc_pages=177154 gc_count=3792 waf_q16=242687 best=18 next=56 settled=0
[919112.753281] NVMeVirt: WATGC_V2 sample ns=0 part=2 epoch=1 window=57 phase=measure evaluated=56 k=10 scale_pct=200 age_ratio=16 host=65554 gc_pages=183019 gc_count=3884 waf_q16=248504 best=18 next=57 settled=0
[919113.222543] NVMeVirt: WATGC_V2 sample ns=0 part=0 epoch=1 window=57 phase=measure evaluated=56 k=10 scale_pct=200 age_ratio=16 host=65545 gc_pages=179828 gc_count=3834 waf_q16=245339 best=18 next=57 settled=0
[919113.248206] NVMeVirt: WATGC_V2 sample ns=0 part=1 epoch=1 window=57 phase=measure evaluated=56 k=10 scale_pct=200 age_ratio=16 host=65539 gc_pages=180794 gc_count=3849 waf_q16=246321 best=18 next=57 settled=0
[919113.482174] NVMeVirt: WATGC_V2 sample ns=0 part=3 epoch=1 window=57 phase=measure evaluated=56 k=10 scale_pct=200 age_ratio=16 host=65550 gc_pages=178479 gc_count=3813 waf_q16=243976 best=18 next=57 settled=0
[919122.576066] NVMeVirt: WATGC_V2 sample ns=0 part=2 epoch=1 window=58 phase=measure evaluated=57 k=10 scale_pct=400 age_ratio=4 host=65538 gc_pages=180991 gc_count=3852 waf_q16=246521 best=18 next=58 settled=0
[919123.038372] NVMeVirt: WATGC_V2 sample ns=0 part=1 epoch=1 window=58 phase=measure evaluated=57 k=10 scale_pct=400 age_ratio=4 host=65547 gc_pages=181620 gc_count=3862 waf_q16=247125 best=18 next=58 settled=0
[919123.056172] NVMeVirt: WATGC_V2 sample ns=0 part=0 epoch=1 window=58 phase=measure evaluated=57 k=10 scale_pct=400 age_ratio=4 host=65537 gc_pages=180864 gc_count=3850 waf_q16=246397 best=18 next=58 settled=0
[919123.304123] NVMeVirt: WATGC_V2 sample ns=0 part=3 epoch=1 window=58 phase=measure evaluated=57 k=10 scale_pct=400 age_ratio=4 host=65549 gc_pages=182066 gc_count=3869 waf_q16=247565 best=18 next=58 settled=0
[919132.401154] NVMeVirt: WATGC_V2 sample ns=0 part=2 epoch=1 window=59 phase=measure evaluated=58 k=10 scale_pct=400 age_ratio=7 host=65541 gc_pages=183740 gc_count=3895 waf_q16=249261 best=18 next=59 settled=0
[919132.888491] NVMeVirt: WATGC_V2 sample ns=0 part=1 epoch=1 window=59 phase=measure evaluated=58 k=10 scale_pct=400 age_ratio=7 host=65550 gc_pages=183476 gc_count=3891 waf_q16=248972 best=18 next=59 settled=0
[919132.894910] NVMeVirt: WATGC_V2 sample ns=0 part=0 epoch=1 window=59 phase=measure evaluated=58 k=10 scale_pct=400 age_ratio=7 host=65544 gc_pages=183865 gc_count=3897 waf_q16=249378 best=18 next=59 settled=0
[919133.106184] NVMeVirt: WATGC_V2 sample ns=0 part=3 epoch=1 window=59 phase=measure evaluated=58 k=10 scale_pct=400 age_ratio=7 host=65544 gc_pages=184569 gc_count=3908 waf_q16=250082 best=18 next=59 settled=0
[919142.214703] NVMeVirt: WATGC_V2 sample ns=0 part=2 epoch=1 window=60 phase=measure evaluated=59 k=10 scale_pct=400 age_ratio=16 host=65539 gc_pages=184316 gc_count=3904 waf_q16=249843 best=18 next=0 settled=0
[919142.710371] NVMeVirt: WATGC_V2 sample ns=0 part=0 epoch=1 window=60 phase=measure evaluated=59 k=10 scale_pct=400 age_ratio=16 host=65538 gc_pages=185149 gc_count=3917 waf_q16=250679 best=18 next=0 settled=0
[919142.710514] NVMeVirt: WATGC_V2 sample ns=0 part=1 epoch=1 window=60 phase=measure evaluated=59 k=10 scale_pct=400 age_ratio=16 host=65550 gc_pages=183922 gc_count=3898 waf_q16=249418 best=18 next=0 settled=0
[919142.939240] NVMeVirt: WATGC_V2 sample ns=0 part=3 epoch=1 window=60 phase=measure evaluated=59 k=10 scale_pct=400 age_ratio=16 host=65548 gc_pages=183604 gc_count=3893 waf_q16=249106 best=18 next=0 settled=0
[919152.042500] NVMeVirt: WATGC_V2 sample ns=0 part=2 epoch=1 window=61 phase=measure evaluated=0 k=2 scale_pct=25 age_ratio=4 host=65552 gc_pages=183985 gc_count=3899 waf_q16=249476 best=18 next=1 settled=0
[919152.528507] NVMeVirt: WATGC_V2 sample ns=0 part=0 epoch=1 window=61 phase=measure evaluated=0 k=2 scale_pct=25 age_ratio=4 host=65540 gc_pages=184957 gc_count=3914 waf_q16=250481 best=18 next=1 settled=0
[919152.539593] NVMeVirt: WATGC_V2 sample ns=0 part=1 epoch=1 window=61 phase=measure evaluated=0 k=2 scale_pct=25 age_ratio=4 host=65550 gc_pages=182899 gc_count=3882 waf_q16=248395 best=18 next=1 settled=0
[919152.753515] NVMeVirt: WATGC_V2 sample ns=0 part=3 epoch=1 window=61 phase=measure evaluated=0 k=2 scale_pct=25 age_ratio=4 host=65543 gc_pages=182456 gc_count=3875 waf_q16=247972 best=18 next=1 settled=0
[919161.896946] NVMeVirt: WATGC_V2 sample ns=0 part=2 epoch=1 window=62 phase=measure evaluated=1 k=2 scale_pct=25 age_ratio=7 host=65552 gc_pages=188143 gc_count=3964 waf_q16=253633 best=18 next=2 settled=0
[919162.343446] NVMeVirt: WATGC_V2 sample ns=0 part=1 epoch=1 window=62 phase=measure evaluated=1 k=2 scale_pct=25 age_ratio=7 host=65546 gc_pages=184309 gc_count=3904 waf_q16=249816 best=18 next=2 settled=0
[919162.360727] NVMeVirt: WATGC_V2 sample ns=0 part=0 epoch=1 window=62 phase=measure evaluated=1 k=2 scale_pct=25 age_ratio=7 host=65547 gc_pages=187508 gc_count=3954 waf_q16=253012 best=18 next=2 settled=0
[919162.583986] NVMeVirt: WATGC_V2 sample ns=0 part=3 epoch=1 window=62 phase=measure evaluated=1 k=2 scale_pct=25 age_ratio=7 host=65552 gc_pages=183472 gc_count=3891 waf_q16=248963 best=18 next=2 settled=0
[919171.695531] NVMeVirt: WATGC_V2 sample ns=0 part=2 epoch=1 window=63 phase=measure evaluated=2 k=2 scale_pct=25 age_ratio=16 host=65540 gc_pages=190525 gc_count=4001 waf_q16=256049 best=18 next=3 settled=0
[919172.192573] NVMeVirt: WATGC_V2 sample ns=0 part=1 epoch=1 window=63 phase=measure evaluated=2 k=2 scale_pct=25 age_ratio=16 host=65545 gc_pages=187575 gc_count=3955 waf_q16=253085 best=18 next=3 settled=0
[919172.195041] NVMeVirt: WATGC_V2 sample ns=0 part=0 epoch=1 window=63 phase=measure evaluated=2 k=2 scale_pct=25 age_ratio=16 host=65542 gc_pages=192058 gc_count=4025 waf_q16=257576 best=18 next=3 settled=0
[919172.371626] NVMeVirt: WATGC_V2 sample ns=0 part=3 epoch=1 window=63 phase=measure evaluated=2 k=2 scale_pct=25 age_ratio=16 host=65545 gc_pages=189814 gc_count=3990 waf_q16=255323 best=18 next=3 settled=0
[919181.518960] NVMeVirt: WATGC_V2 sample ns=0 part=2 epoch=1 window=64 phase=measure evaluated=3 k=2 scale_pct=50 age_ratio=4 host=65546 gc_pages=186871 gc_count=3944 waf_q16=252378 best=18 next=4 settled=0
[919182.013045] NVMeVirt: WATGC_V2 sample ns=0 part=0 epoch=1 window=64 phase=measure evaluated=3 k=2 scale_pct=50 age_ratio=4 host=65548 gc_pages=187124 gc_count=3948 waf_q16=252625 best=18 next=4 settled=0
[919182.016386] NVMeVirt: WATGC_V2 sample ns=0 part=1 epoch=1 window=64 phase=measure evaluated=3 k=2 scale_pct=50 age_ratio=4 host=65540 gc_pages=187389 gc_count=3952 waf_q16=252913 best=18 next=4 settled=0
[919182.231053] NVMeVirt: WATGC_V2 sample ns=0 part=3 epoch=1 window=64 phase=measure evaluated=3 k=2 scale_pct=50 age_ratio=4 host=65543 gc_pages=188794 gc_count=3974 waf_q16=254309 best=18 next=4 settled=0
[919191.335932] NVMeVirt: WATGC_V2 sample ns=0 part=2 epoch=1 window=65 phase=measure evaluated=4 k=2 scale_pct=50 age_ratio=7 host=65537 gc_pages=188414 gc_count=3968 waf_q16=253947 best=18 next=5 settled=0
[919191.831319] NVMeVirt: WATGC_V2 sample ns=0 part=0 epoch=1 window=65 phase=measure evaluated=4 k=2 scale_pct=50 age_ratio=7 host=65540 gc_pages=186557 gc_count=3939 waf_q16=252081 best=18 next=5 settled=0
[919191.832177] NVMeVirt: WATGC_V2 sample ns=0 part=1 epoch=1 window=65 phase=measure evaluated=4 k=2 scale_pct=50 age_ratio=7 host=65545 gc_pages=187959 gc_count=3961 waf_q16=253469 best=18 next=5 settled=0
[919192.068315] NVMeVirt: WATGC_V2 sample ns=0 part=3 epoch=1 window=65 phase=measure evaluated=4 k=2 scale_pct=50 age_ratio=7 host=65550 gc_pages=187314 gc_count=3951 waf_q16=252809 best=18 next=5 settled=0
[919201.145947] NVMeVirt: WATGC_V2 sample ns=0 part=2 epoch=1 window=66 phase=measure evaluated=5 k=2 scale_pct=50 age_ratio=16 host=65542 gc_pages=187067 gc_count=3947 waf_q16=252585 best=18 next=6 settled=0
[919201.653733] NVMeVirt: WATGC_V2 sample ns=0 part=0 epoch=1 window=66 phase=measure evaluated=5 k=2 scale_pct=50 age_ratio=16 host=65542 gc_pages=188155 gc_count=3964 waf_q16=253673 best=18 next=6 settled=0
[919201.672979] NVMeVirt: WATGC_V2 sample ns=0 part=1 epoch=1 window=66 phase=measure evaluated=5 k=2 scale_pct=50 age_ratio=16 host=65549 gc_pages=187637 gc_count=3956 waf_q16=253135 best=18 next=6 settled=0
[919201.857389] NVMeVirt: WATGC_V2 sample ns=0 part=3 epoch=1 window=66 phase=measure evaluated=5 k=2 scale_pct=50 age_ratio=16 host=65552 gc_pages=187184 gc_count=3949 waf_q16=252674 best=18 next=6 settled=0
[919210.990963] NVMeVirt: WATGC_V2 sample ns=0 part=2 epoch=1 window=67 phase=measure evaluated=6 k=2 scale_pct=100 age_ratio=4 host=65552 gc_pages=189677 gc_count=3988 waf_q16=255166 best=18 next=7 settled=0
[919211.492475] NVMeVirt: WATGC_V2 sample ns=0 part=0 epoch=1 window=67 phase=measure evaluated=6 k=2 scale_pct=100 age_ratio=4 host=65538 gc_pages=187645 gc_count=3956 waf_q16=253175 best=18 next=7 settled=0
[919211.498333] NVMeVirt: WATGC_V2 sample ns=0 part=1 epoch=1 window=67 phase=measure evaluated=6 k=2 scale_pct=100 age_ratio=4 host=65547 gc_pages=189428 gc_count=3984 waf_q16=254932 best=18 next=7 settled=0
[919211.692953] NVMeVirt: WATGC_V2 sample ns=0 part=3 epoch=1 window=67 phase=measure evaluated=6 k=2 scale_pct=100 age_ratio=4 host=65541 gc_pages=187194 gc_count=3949 waf_q16=252715 best=18 next=7 settled=0
[919220.792069] NVMeVirt: WATGC_V2 sample ns=0 part=2 epoch=1 window=68 phase=measure evaluated=7 k=2 scale_pct=100 age_ratio=7 host=65536 gc_pages=189249 gc_count=3981 waf_q16=254785 best=18 next=8 settled=0
[919221.287525] NVMeVirt: WATGC_V2 sample ns=0 part=0 epoch=1 window=68 phase=measure evaluated=7 k=2 scale_pct=100 age_ratio=7 host=65551 gc_pages=191665 gc_count=4019 waf_q16=257157 best=18 next=8 settled=0
[919221.332828] NVMeVirt: WATGC_V2 sample ns=0 part=1 epoch=1 window=68 phase=measure evaluated=7 k=2 scale_pct=100 age_ratio=7 host=65538 gc_pages=189373 gc_count=3983 waf_q16=254903 best=18 next=8 settled=0
[919221.520485] NVMeVirt: WATGC_V2 sample ns=0 part=3 epoch=1 window=68 phase=measure evaluated=7 k=2 scale_pct=100 age_ratio=7 host=65546 gc_pages=190325 gc_count=3998 waf_q16=255831 best=18 next=8 settled=0
[919230.623785] NVMeVirt: WATGC_V2 sample ns=0 part=2 epoch=1 window=69 phase=measure evaluated=8 k=2 scale_pct=100 age_ratio=16 host=65536 gc_pages=189888 gc_count=3991 waf_q16=255424 best=18 next=9 settled=0
[919231.160108] NVMeVirt: WATGC_V2 sample ns=0 part=1 epoch=1 window=69 phase=measure evaluated=8 k=2 scale_pct=100 age_ratio=16 host=65539 gc_pages=190974 gc_count=4008 waf_q16=256501 best=18 next=9 settled=0
[919231.163716] NVMeVirt: WATGC_V2 sample ns=0 part=0 epoch=1 window=69 phase=measure evaluated=8 k=2 scale_pct=100 age_ratio=16 host=65540 gc_pages=189244 gc_count=3981 waf_q16=254768 best=18 next=9 settled=0
[919231.316856] NVMeVirt: WATGC_V2 sample ns=0 part=3 epoch=1 window=69 phase=measure evaluated=8 k=2 scale_pct=100 age_ratio=16 host=65544 gc_pages=190329 gc_count=3998 waf_q16=255841 best=18 next=9 settled=0
[919240.440839] NVMeVirt: WATGC_V2 sample ns=0 part=2 epoch=1 window=70 phase=measure evaluated=9 k=2 scale_pct=200 age_ratio=4 host=65540 gc_pages=191163 gc_count=4011 waf_q16=256687 best=18 next=10 settled=0
[919240.960243] NVMeVirt: WATGC_V2 sample ns=0 part=0 epoch=1 window=70 phase=measure evaluated=9 k=2 scale_pct=200 age_ratio=4 host=65544 gc_pages=188345 gc_count=3967 waf_q16=253858 best=18 next=10 settled=0
[919240.982520] NVMeVirt: WATGC_V2 sample ns=0 part=1 epoch=1 window=70 phase=measure evaluated=9 k=2 scale_pct=200 age_ratio=4 host=65543 gc_pages=189626 gc_count=3987 waf_q16=255141 best=18 next=10 settled=0
[919241.156728] NVMeVirt: WATGC_V2 sample ns=0 part=3 epoch=1 window=70 phase=measure evaluated=9 k=2 scale_pct=200 age_ratio=4 host=65537 gc_pages=188991 gc_count=3977 waf_q16=254524 best=18 next=10 settled=0
[919250.264241] NVMeVirt: WATGC_V2 sample ns=0 part=2 epoch=1 window=71 phase=measure evaluated=10 k=2 scale_pct=200 age_ratio=7 host=65547 gc_pages=187638 gc_count=3956 waf_q16=253142 best=18 next=11 settled=0
[919250.796778] NVMeVirt: WATGC_V2 sample ns=0 part=0 epoch=1 window=71 phase=measure evaluated=10 k=2 scale_pct=200 age_ratio=7 host=65541 gc_pages=188028 gc_count=3962 waf_q16=253549 best=18 next=11 settled=0
[919250.807735] NVMeVirt: WATGC_V2 sample ns=0 part=1 epoch=1 window=71 phase=measure evaluated=10 k=2 scale_pct=200 age_ratio=7 host=65540 gc_pages=188348 gc_count=3967 waf_q16=253872 best=18 next=11 settled=0
[919250.994990] NVMeVirt: WATGC_V2 sample ns=0 part=3 epoch=1 window=71 phase=measure evaluated=10 k=2 scale_pct=200 age_ratio=7 host=65543 gc_pages=188729 gc_count=3973 waf_q16=254244 best=18 next=11 settled=0
[919260.103086] NVMeVirt: WATGC_V2 sample ns=0 part=2 epoch=1 window=72 phase=measure evaluated=11 k=2 scale_pct=200 age_ratio=16 host=65551 gc_pages=192943 gc_count=4039 waf_q16=258434 best=18 next=12 settled=0
[919260.599713] NVMeVirt: WATGC_V2 sample ns=0 part=1 epoch=1 window=72 phase=measure evaluated=11 k=2 scale_pct=200 age_ratio=16 host=65538 gc_pages=191229 gc_count=4012 waf_q16=256759 best=18 next=12 settled=0
[919260.613917] NVMeVirt: WATGC_V2 sample ns=0 part=0 epoch=1 window=72 phase=measure evaluated=11 k=2 scale_pct=200 age_ratio=16 host=65536 gc_pages=189759 gc_count=3989 waf_q16=255295 best=18 next=12 settled=0
[919260.835622] NVMeVirt: WATGC_V2 sample ns=0 part=3 epoch=1 window=72 phase=measure evaluated=11 k=2 scale_pct=200 age_ratio=16 host=65548 gc_pages=191219 gc_count=4012 waf_q16=256719 best=18 next=12 settled=0
[919269.904228] NVMeVirt: WATGC_V2 sample ns=0 part=2 epoch=1 window=73 phase=measure evaluated=12 k=2 scale_pct=400 age_ratio=4 host=65538 gc_pages=193151 gc_count=4042 waf_q16=258681 best=18 next=13 settled=0
[919270.419347] NVMeVirt: WATGC_V2 sample ns=0 part=1 epoch=1 window=73 phase=measure evaluated=12 k=2 scale_pct=400 age_ratio=4 host=65546 gc_pages=193974 gc_count=4055 waf_q16=259480 best=18 next=13 settled=0
[919270.435552] NVMeVirt: WATGC_V2 sample ns=0 part=0 epoch=1 window=73 phase=measure evaluated=12 k=2 scale_pct=400 age_ratio=4 host=65548 gc_pages=193588 gc_count=4049 waf_q16=259088 best=18 next=13 settled=0
[919270.653796] NVMeVirt: WATGC_V2 sample ns=0 part=3 epoch=1 window=73 phase=measure evaluated=12 k=2 scale_pct=400 age_ratio=4 host=65549 gc_pages=193714 gc_count=4051 waf_q16=259211 best=18 next=13 settled=0
[919279.751567] NVMeVirt: WATGC_V2 sample ns=0 part=2 epoch=1 window=74 phase=measure evaluated=13 k=2 scale_pct=400 age_ratio=7 host=65547 gc_pages=192117 gc_count=4026 waf_q16=257620 best=18 next=14 settled=0
[919280.250033] NVMeVirt: WATGC_V2 sample ns=0 part=1 epoch=1 window=74 phase=measure evaluated=13 k=2 scale_pct=400 age_ratio=7 host=65538 gc_pages=190463 gc_count=4000 waf_q16=255993 best=18 next=14 settled=0
[919280.259283] NVMeVirt: WATGC_V2 sample ns=0 part=0 epoch=1 window=74 phase=measure evaluated=13 k=2 scale_pct=400 age_ratio=7 host=65541 gc_pages=191804 gc_count=4021 waf_q16=257325 best=18 next=14 settled=0
[919280.474667] NVMeVirt: WATGC_V2 sample ns=0 part=3 epoch=1 window=74 phase=measure evaluated=13 k=2 scale_pct=400 age_ratio=7 host=65546 gc_pages=190647 gc_count=4003 waf_q16=256153 best=18 next=14 settled=0
[919289.572303] NVMeVirt: WATGC_V2 sample ns=0 part=2 epoch=1 window=75 phase=measure evaluated=14 k=2 scale_pct=400 age_ratio=16 host=65539 gc_pages=191550 gc_count=4017 waf_q16=257077 best=18 next=15 settled=0
[919290.068286] NVMeVirt: WATGC_V2 sample ns=0 part=0 epoch=1 window=75 phase=measure evaluated=14 k=2 scale_pct=400 age_ratio=16 host=65538 gc_pages=191678 gc_count=4019 waf_q16=257208 best=18 next=15 settled=0
[919290.071634] NVMeVirt: WATGC_V2 sample ns=0 part=1 epoch=1 window=75 phase=measure evaluated=14 k=2 scale_pct=400 age_ratio=16 host=65546 gc_pages=191094 gc_count=4010 waf_q16=256600 best=18 next=15 settled=0
[919290.307989] NVMeVirt: WATGC_V2 sample ns=0 part=3 epoch=1 window=75 phase=measure evaluated=14 k=2 scale_pct=400 age_ratio=16 host=65537 gc_pages=189695 gc_count=3988 waf_q16=255228 best=18 next=15 settled=0
[919299.424315] NVMeVirt: WATGC_V2 sample ns=0 part=2 epoch=1 window=76 phase=measure evaluated=15 k=4 scale_pct=25 age_ratio=4 host=65536 gc_pages=159229 gc_count=3512 waf_q16=224765 best=18 next=16 settled=0
[919299.902463] NVMeVirt: WATGC_V2 sample ns=0 part=1 epoch=1 window=76 phase=measure evaluated=15 k=4 scale_pct=25 age_ratio=4 host=65540 gc_pages=157371 gc_count=3483 waf_q16=222897 best=18 next=16 settled=0
[919299.912800] NVMeVirt: WATGC_V2 sample ns=0 part=0 epoch=1 window=76 phase=measure evaluated=15 k=4 scale_pct=25 age_ratio=4 host=65550 gc_pages=158064 gc_count=3494 waf_q16=223566 best=18 next=16 settled=0
[919300.114240] NVMeVirt: WATGC_V2 sample ns=0 part=3 epoch=1 window=76 phase=measure evaluated=15 k=4 scale_pct=25 age_ratio=4 host=65538 gc_pages=159933 gc_count=3523 waf_q16=225464 best=18 next=16 settled=0
[919309.241425] NVMeVirt: WATGC_V2 sample ns=0 part=2 epoch=1 window=77 phase=measure evaluated=16 k=4 scale_pct=25 age_ratio=7 host=65551 gc_pages=144624 gc_count=3284 waf_q16=210126 best=18 next=17 settled=0
[919309.715751] NVMeVirt: WATGC_V2 sample ns=0 part=0 epoch=1 window=77 phase=measure evaluated=16 k=4 scale_pct=25 age_ratio=7 host=65546 gc_pages=144308 gc_count=3279 waf_q16=209821 best=18 next=17 settled=0
[919309.735019] NVMeVirt: WATGC_V2 sample ns=0 part=1 epoch=1 window=77 phase=measure evaluated=16 k=4 scale_pct=25 age_ratio=7 host=65545 gc_pages=141174 gc_count=3230 waf_q16=206690 best=18 next=17 settled=0
[919309.941435] NVMeVirt: WATGC_V2 sample ns=0 part=3 epoch=1 window=77 phase=measure evaluated=16 k=4 scale_pct=25 age_ratio=7 host=65537 gc_pages=144061 gc_count=3275 waf_q16=209594 best=18 next=17 settled=0
[919319.047971] NVMeVirt: WATGC_V2 sample ns=0 part=2 epoch=1 window=78 phase=measure evaluated=17 k=4 scale_pct=25 age_ratio=16 host=65546 gc_pages=149447 gc_count=3359 waf_q16=214960 best=18 next=18 settled=0
[919319.536857] NVMeVirt: WATGC_V2 sample ns=0 part=1 epoch=1 window=78 phase=measure evaluated=17 k=4 scale_pct=25 age_ratio=16 host=65555 gc_pages=151599 gc_count=3393 waf_q16=217091 best=18 next=18 settled=0
[919319.545242] NVMeVirt: WATGC_V2 sample ns=0 part=0 epoch=1 window=78 phase=measure evaluated=17 k=4 scale_pct=25 age_ratio=16 host=65545 gc_pages=151558 gc_count=3392 waf_q16=217073 best=18 next=18 settled=0
[919319.783746] NVMeVirt: WATGC_V2 sample ns=0 part=3 epoch=1 window=78 phase=measure evaluated=17 k=4 scale_pct=25 age_ratio=16 host=65556 gc_pages=154482 gc_count=3438 waf_q16=219970 best=18 next=18 settled=0
[919328.881800] NVMeVirt: WATGC_V2 sample ns=0 part=2 epoch=1 window=79 phase=measure evaluated=18 k=4 scale_pct=50 age_ratio=4 host=65554 gc_pages=147952 gc_count=3336 waf_q16=213447 best=37 next=19 settled=0
[919329.361869] NVMeVirt: WATGC_V2 sample ns=0 part=0 epoch=1 window=79 phase=measure evaluated=18 k=4 scale_pct=50 age_ratio=4 host=65543 gc_pages=145787 gc_count=3302 waf_q16=211307 best=37 next=19 settled=0
[919329.362828] NVMeVirt: WATGC_V2 sample ns=0 part=1 epoch=1 window=79 phase=measure evaluated=18 k=4 scale_pct=50 age_ratio=4 host=65536 gc_pages=145923 gc_count=3304 waf_q16=211459 best=37 next=19 settled=0
[919329.619708] NVMeVirt: WATGC_V2 sample ns=0 part=3 epoch=1 window=79 phase=measure evaluated=18 k=4 scale_pct=50 age_ratio=4 host=65540 gc_pages=145477 gc_count=3297 waf_q16=211004 best=37 next=19 settled=0
[919338.741759] NVMeVirt: WATGC_V2 sample ns=0 part=2 epoch=1 window=80 phase=measure evaluated=19 k=4 scale_pct=50 age_ratio=7 host=65542 gc_pages=170052 gc_count=3681 waf_q16=235572 best=37 next=20 settled=0
[919339.196225] NVMeVirt: WATGC_V2 sample ns=0 part=1 epoch=1 window=80 phase=measure evaluated=19 k=4 scale_pct=50 age_ratio=7 host=65552 gc_pages=168752 gc_count=3661 waf_q16=234246 best=37 next=20 settled=0
[919339.204181] NVMeVirt: WATGC_V2 sample ns=0 part=0 epoch=1 window=80 phase=measure evaluated=19 k=4 scale_pct=50 age_ratio=7 host=65547 gc_pages=169012 gc_count=3665 waf_q16=234519 best=37 next=20 settled=0
[919339.426999] NVMeVirt: WATGC_V2 sample ns=0 part=3 epoch=1 window=80 phase=measure evaluated=19 k=4 scale_pct=50 age_ratio=7 host=65543 gc_pages=167161 gc_count=3636 waf_q16=232679 best=37 next=20 settled=0
[919348.540248] NVMeVirt: WATGC_V2 sample ns=0 part=2 epoch=1 window=81 phase=measure evaluated=20 k=4 scale_pct=50 age_ratio=16 host=65543 gc_pages=175418 gc_count=3765 waf_q16=240935 best=37 next=21 settled=0
[919349.050544] NVMeVirt: WATGC_V2 sample ns=0 part=0 epoch=1 window=81 phase=measure evaluated=20 k=4 scale_pct=50 age_ratio=16 host=65540 gc_pages=176244 gc_count=3778 waf_q16=241769 best=37 next=21 settled=0
[919349.059645] NVMeVirt: WATGC_V2 sample ns=0 part=1 epoch=1 window=81 phase=measure evaluated=20 k=4 scale_pct=50 age_ratio=16 host=65541 gc_pages=177276 gc_count=3794 waf_q16=242798 best=37 next=21 settled=0
[919349.242485] NVMeVirt: WATGC_V2 sample ns=0 part=3 epoch=1 window=81 phase=measure evaluated=20 k=4 scale_pct=50 age_ratio=16 host=65548 gc_pages=174454 gc_count=3750 waf_q16=239958 best=37 next=21 settled=0
[919355.422998] mix-mixB-online-159823 phase=B END
[919355.544555] NVMeVirt: Measurement: command=stop epoch=1 host_bytes=131588337664 learner_active=0
[919358.807902] EXT4-fs (nvme0n1): unmounting filesystem df6e7efe-6801-4698-822f-aa0825763fc9.
[919358.960903] pci_bus 0001:10: busn_res: [bus 10-ff] is released
[919358.960994] NVMeVirt: WATGC_V2 summary ns=0 part=0 epoch=1 windows=81 epoch_windows=81 discarded=0 visited=60 covered=0 settled=0 phase=2 current=21 best=37 k=7 scale_pct=100 age_ratio=7 best_waf_valid=1 best_waf_q16=91619
[919358.960998] NVMeVirt: WATGC_V2 summary ns=0 part=1 epoch=1 windows=81 epoch_windows=81 discarded=0 visited=60 covered=0 settled=0 phase=2 current=21 best=37 k=7 scale_pct=100 age_ratio=7 best_waf_valid=1 best_waf_q16=91345
[919358.961002] NVMeVirt: WATGC_V2 summary ns=0 part=2 epoch=1 windows=81 epoch_windows=81 discarded=0 visited=60 covered=0 settled=0 phase=2 current=21 best=37 k=7 scale_pct=100 age_ratio=7 best_waf_valid=1 best_waf_q16=92663
[919358.961005] NVMeVirt: WATGC_V2 summary ns=0 part=3 epoch=1 windows=81 epoch_windows=81 discarded=0 visited=60 covered=0 settled=0 phase=2 current=21 best=37 k=7 scale_pct=100 age_ratio=7 best_waf_valid=1 best_waf_q16=91796
[919358.961007] NVMeVirt: GC stats: ns=0 policy=watgc-v2 host_pages=32126059 gc_pages=67466850 gc_count=1556139 WAF=3.100 warmup_gc=100-per-part
[919359.032353] NVMeVirt: Virtual NVMe device closed
