[1751994.427332] mix-mixJ-arm53-2390083 BEGIN
[1751994.514461] NVMeVirt: Version 1.10 for >> Samsung 970 Pro SSD <<
[1751994.514467] NVMeVirt: Storage: 0x100100000-0x300000000 (8191 MiB)
[1751994.524880] NVMeVirt: Total Capacity(GiB,MiB)=2,2048 chs=2 luns=4 lines=8192 blk-size(MiB,KiB)=0,64 line-size(MiB,KiB)=0,256
[1751994.536070] NVMeVirt: [chmodel_init] bandwidth 800 max_credits 26 tx_time 152
[1751994.547171] NVMeVirt: [chmodel_init] bandwidth 800 max_credits 26 tx_time 152
[1751994.547185] NVMeVirt: [chmodel_init] bandwidth 3360 max_credits 110 tx_time 36
[1751994.547188] NVMeVirt: Fixed CAT init ns=0 part=0 arm=53 k=10 scale_pct=100 age_ratio=16
[1751994.548084] NVMeVirt: pqueue: Copyright (c) 2014, Volkan Yazıcı <volkan.yazici@gmail.com>. All rights reserved.
[1751994.548121] NVMeVirt: Init FTL instance with 2 channels (524288 pages)
[1751994.548123] NVMeVirt: GC victim policy: cat-fig7-fixed ns=0 part=0 initial_k=10 initial_scale_pct=100 initial_age_ratio=16 warmup_gc=100
[1751994.559391] NVMeVirt: [chmodel_init] bandwidth 800 max_credits 26 tx_time 152
[1751994.569857] NVMeVirt: [chmodel_init] bandwidth 800 max_credits 26 tx_time 152
[1751994.569872] NVMeVirt: [chmodel_init] bandwidth 3360 max_credits 110 tx_time 36
[1751994.569874] NVMeVirt: Fixed CAT init ns=0 part=1 arm=53 k=10 scale_pct=100 age_ratio=16
[1751994.570885] NVMeVirt: Init FTL instance with 2 channels (524288 pages)
[1751994.570888] NVMeVirt: GC victim policy: cat-fig7-fixed ns=0 part=1 initial_k=10 initial_scale_pct=100 initial_age_ratio=16 warmup_gc=100
[1751994.581294] NVMeVirt: [chmodel_init] bandwidth 800 max_credits 26 tx_time 152
[1751994.591676] NVMeVirt: [chmodel_init] bandwidth 800 max_credits 26 tx_time 152
[1751994.591690] NVMeVirt: [chmodel_init] bandwidth 3360 max_credits 110 tx_time 36
[1751994.591693] NVMeVirt: Fixed CAT init ns=0 part=2 arm=53 k=10 scale_pct=100 age_ratio=16
[1751994.592642] NVMeVirt: Init FTL instance with 2 channels (524288 pages)
[1751994.592645] NVMeVirt: GC victim policy: cat-fig7-fixed ns=0 part=2 initial_k=10 initial_scale_pct=100 initial_age_ratio=16 warmup_gc=100
[1751994.602949] NVMeVirt: [chmodel_init] bandwidth 800 max_credits 26 tx_time 152
[1751994.613250] NVMeVirt: [chmodel_init] bandwidth 800 max_credits 26 tx_time 152
[1751994.613269] NVMeVirt: [chmodel_init] bandwidth 3360 max_credits 110 tx_time 36
[1751994.613271] NVMeVirt: Fixed CAT init ns=0 part=3 arm=53 k=10 scale_pct=100 age_ratio=16
[1751994.614240] NVMeVirt: Init FTL instance with 2 channels (524288 pages)
[1751994.614243] NVMeVirt: GC victim policy: cat-fig7-fixed ns=0 part=3 initial_k=10 initial_scale_pct=100 initial_age_ratio=16 warmup_gc=100
[1751994.614250] NVMeVirt: FTL physical space: 8588886016, logical space: 8026996276 (physical/logical * 100 = 107)
[1751994.614251] NVMeVirt: ns 0/1: size 7655 MiB
[1751994.614303] PCI host bridge to bus 0001:10
[1751994.614305] pci_bus 0001:10: root bus resource [io  0x0000-0xffff]
[1751994.614308] pci_bus 0001:10: root bus resource [mem 0x00000000-0x7fffffffff]
[1751994.614310] pci_bus 0001:10: root bus resource [bus 00-ff]
[1751994.614331] pci 0001:10:00.0: [0c51:0110] type 00 class 0x010802 PCIe Endpoint
[1751994.614335] pci 0001:10:00.0: BAR 0 [mem 0x100000000-0x100003fff 64bit]
[1751994.614338] pci 0001:10:00.0: enabling Extended Tags
[1751994.614536] NVMeVirt: Virtual PCI bus created (node 0)
[1751994.614832] NVMeVirt: nvmev_io_worker_0 started on cpu 2 (node 0)
[1751994.614909] NVMeVirt: Virtual NVMe device created
[1751994.615047] nvme nvme0: pci function 0001:10:00.0
[1751994.615897] NVMeVirt: nvmev_dispatcher started on cpu 1 (node 0)
[1751994.617056] nvme nvme0: 8/0/0 default/read/poll queues
[1751995.035752] EXT4-fs (nvme0n1): mounted filesystem 07362e28-feeb-42d5-a330-d30f3b5935c1 r/w with ordered data mode. Quota mode: none.
[1752077.405802] NVMeVirt: Fixed CAT init ns=0 part=0 arm=53 k=10 scale_pct=100 age_ratio=16
[1752077.405809] NVMeVirt: Fixed CAT init ns=0 part=1 arm=53 k=10 scale_pct=100 age_ratio=16
[1752077.405812] NVMeVirt: Fixed CAT init ns=0 part=2 arm=53 k=10 scale_pct=100 age_ratio=16
[1752077.405814] NVMeVirt: Fixed CAT init ns=0 part=3 arm=53 k=10 scale_pct=100 age_ratio=16
[1752077.405816] NVMeVirt: Measurement: command=start epoch=1 host_bytes=0 learner_active=1
[1752077.415776] mix-mixJ-arm53-2390083 phase=A START
[1752077.427928] mix-mixJ-arm53-2390083 phase=A LOAD
[1752102.372914] mix-mixJ-arm53-2390083 phase=A RUN
[1752106.574728] tee (2390522): drop_caches: 3
[1752112.292000] tee (2390539): drop_caches: 3
[1752117.038432] tee (2390557): drop_caches: 3
[1752122.267804] tee (2390566): drop_caches: 3
[1752127.809954] tee (2390575): drop_caches: 3
[1752132.958527] tee (2390584): drop_caches: 3
[1752138.592219] tee (2390593): drop_caches: 3
[1752143.744112] tee (2390602): drop_caches: 3
[1752148.344952] tee (2390619): drop_caches: 3
[1752153.478066] tee (2390628): drop_caches: 3
[1752158.579098] tee (2390637): drop_caches: 3
[1752163.661767] tee (2390646): drop_caches: 3
[1752168.771047] tee (2390655): drop_caches: 3
[1752173.852330] tee (2390664): drop_caches: 3
[1752178.287633] tee (2390681): drop_caches: 3
[1752183.397431] tee (2390690): drop_caches: 3
[1752188.798506] tee (2390699): drop_caches: 3
[1752193.884728] tee (2390708): drop_caches: 3
[1752199.032395] tee (2390717): drop_caches: 3
[1752204.107579] tee (2390726): drop_caches: 3
[1752208.865638] tee (2390742): drop_caches: 3
[1752214.181830] tee (2390752): drop_caches: 3
[1752219.269829] tee (2390761): drop_caches: 3
[1752224.416502] tee (2390771): drop_caches: 3
[1752229.523570] tee (2390781): drop_caches: 3
[1752234.710496] tee (2390790): drop_caches: 3
[1752239.912044] tee (2390806): drop_caches: 3
[1752245.407199] tee (2390817): drop_caches: 3
[1752250.571132] tee (2390826): drop_caches: 3
[1752255.735669] tee (2390835): drop_caches: 3
[1752261.257760] tee (2390844): drop_caches: 3
[1752266.525111] tee (2390858): drop_caches: 3
[1752271.761745] tee (2390874): drop_caches: 3
[1752277.222770] tee (2390885): drop_caches: 3
[1752282.353846] tee (2390894): drop_caches: 3
[1752287.575142] tee (2390903): drop_caches: 3
[1752293.125715] tee (2390957): drop_caches: 3
[1752300.696566] tee (2390999): drop_caches: 3
[1752306.073961] tee (2391025): drop_caches: 3
[1752314.923533] tee (2391073): drop_caches: 3
[1752324.477565] tee (2391139): drop_caches: 3
[1752334.875029] tee (2391194): drop_caches: 3
[1752343.808930] tee (2391261): drop_caches: 3
[1752351.044642] tee (2391272): drop_caches: 3
[1752356.275463] tee (2391283): drop_caches: 3
[1752361.555569] tee (2391297): drop_caches: 3
[1752367.044411] tee (2391311): drop_caches: 3
[1752372.878221] tee (2391320): drop_caches: 3
[1752377.781640] tee (2391332): drop_caches: 3
[1752382.959656] tee (2391341): drop_caches: 3
[1752388.082594] tee (2391350): drop_caches: 3
[1752394.270545] tee (2391376): drop_caches: 3
[1752400.148380] tee (2391386): drop_caches: 3
[1752405.374260] tee (2391398): drop_caches: 3
[1752410.663173] tee (2391409): drop_caches: 3
[1752415.751967] tee (2391419): drop_caches: 3
[1752420.884484] tee (2391428): drop_caches: 3
[1752426.420974] tee (2391444): drop_caches: 3
[1752431.935731] tee (2391458): drop_caches: 3
[1752437.081721] tee (2391469): drop_caches: 3
[1752442.446040] tee (2391479): drop_caches: 3
[1752447.777661] tee (2391488): drop_caches: 3
[1752452.903370] tee (2391502): drop_caches: 3
[1752458.087577] tee (2391511): drop_caches: 3
[1752463.225586] tee (2391520): drop_caches: 3
[1752468.641800] tee (2391531): drop_caches: 3
[1752473.862394] tee (2391541): drop_caches: 3
[1752478.976587] tee (2391550): drop_caches: 3
[1752484.101203] tee (2391564): drop_caches: 3
[1752489.207524] tee (2391573): drop_caches: 3
[1752494.585272] tee (2391582): drop_caches: 3
[1752499.931827] tee (2391592): drop_caches: 3
[1752505.183596] tee (2391603): drop_caches: 3
[1752510.448861] tee (2391613): drop_caches: 3
[1752515.658949] tee (2391627): drop_caches: 3
[1752520.792142] tee (2391636): drop_caches: 3
[1752525.980445] tee (2391645): drop_caches: 3
[1752531.194395] tee (2391660): drop_caches: 3
[1752536.340741] tee (2391671): drop_caches: 3
[1752541.576829] tee (2391680): drop_caches: 3
[1752546.966822] tee (2391699): drop_caches: 3
[1752552.819066] tee (2391708): drop_caches: 3
[1752557.969308] tee (2391717): drop_caches: 3
[1752562.851684] tee (2391727): drop_caches: 3
[1752568.095932] tee (2391739): drop_caches: 3
[1752573.291490] tee (2391753): drop_caches: 3
[1752578.455986] tee (2391762): drop_caches: 3
[1752583.542934] tee (2391771): drop_caches: 3
[1752588.692713] tee (2391797): drop_caches: 3
[1752593.455358] tee (2391809): drop_caches: 3
[1752597.929747] tee (2391821): drop_caches: 3
[1752603.239500] tee (2391835): drop_caches: 3
[1752608.469255] tee (2391844): drop_caches: 3
[1752613.596470] tee (2391853): drop_caches: 3
[1752618.758547] tee (2391863): drop_caches: 3
[1752624.046048] tee (2391872): drop_caches: 3
[1752628.541230] tee (2391884): drop_caches: 3
[1752633.911158] tee (2391898): drop_caches: 3
[1752639.064806] tee (2391907): drop_caches: 3
[1752644.160294] tee (2391916): drop_caches: 3
[1752649.253409] tee (2391925): drop_caches: 3
[1752654.560357] tee (2391936): drop_caches: 3
[1752658.996796] tee (2391948): drop_caches: 3
[1752664.179015] tee (2391963): drop_caches: 3
[1752669.219106] tee (2391972): drop_caches: 3
[1752674.320257] tee (2391981): drop_caches: 3
[1752679.401402] tee (2391990): drop_caches: 3
[1752684.568224] tee (2391999): drop_caches: 3
[1752688.972149] tee (2392011): drop_caches: 3
[1752694.290014] tee (2392025): drop_caches: 3
[1752699.445219] tee (2392034): drop_caches: 3
[1752704.721891] tee (2392043): drop_caches: 3
[1752710.028642] tee (2392054): drop_caches: 3
[1752715.276136] tee (2392064): drop_caches: 3
[1752719.836247] tee (2392076): drop_caches: 3
[1752725.037914] tee (2392090): drop_caches: 3
[1752730.210145] tee (2392099): drop_caches: 3
[1752735.349062] tee (2392108): drop_caches: 3
[1752740.659748] tee (2392117): drop_caches: 3
[1752745.908095] tee (2392126): drop_caches: 3
[1752750.373229] tee (2392138): drop_caches: 3
[1752755.542436] tee (2392152): drop_caches: 3
[1752760.698208] tee (2392161): drop_caches: 3
[1752765.820917] tee (2392170): drop_caches: 3
[1752770.947498] tee (2392179): drop_caches: 3
[1752776.057797] tee (2392188): drop_caches: 3
[1752780.493888] tee (2392199): drop_caches: 3
[1752785.652570] tee (2392214): drop_caches: 3
[1752790.820338] tee (2392223): drop_caches: 3
[1752795.911527] tee (2392232): drop_caches: 3
[1752801.430278] tee (2392242): drop_caches: 3
[1752806.988188] tee (2392256): drop_caches: 3
[1752811.490702] tee (2392263): drop_caches: 3
[1752817.039123] tee (2392282): drop_caches: 3
[1752822.741447] tee (2392291): drop_caches: 3
[1752828.032993] tee (2392300): drop_caches: 3
[1752833.040900] tee (2392315): drop_caches: 3
[1752838.250026] tee (2392324): drop_caches: 3
[1752842.779275] tee (2392335): drop_caches: 3
[1752848.017061] tee (2392350): drop_caches: 3
[1752853.175780] tee (2392359): drop_caches: 3
[1752858.385869] tee (2392386): drop_caches: 3
[1752863.783183] tee (2392395): drop_caches: 3
[1752868.965987] tee (2392405): drop_caches: 3
[1752874.121044] tee (2392420): drop_caches: 3
[1752879.334089] tee (2392431): drop_caches: 3
[1752884.517724] tee (2392440): drop_caches: 3
[1752889.394386] tee (2392457): drop_caches: 3
[1752895.984855] tee (2392529): drop_caches: 3
[1752902.220187] tee (2392555): drop_caches: 3
[1752907.497705] tee (2392592): drop_caches: 3
[1752912.916433] tee (2392601): drop_caches: 3
[1752918.033243] tee (2392611): drop_caches: 3
[1752923.392817] tee (2392620): drop_caches: 3
[1752928.575611] tee (2392629): drop_caches: 3
[1752933.796659] tee (2392638): drop_caches: 3
[1752938.398366] tee (2392655): drop_caches: 3
[1752943.493741] tee (2392664): drop_caches: 3
[1752948.626039] tee (2392673): drop_caches: 3
[1752954.129950] tee (2392684): drop_caches: 3
[1752959.368145] tee (2392693): drop_caches: 3
[1752964.566670] tee (2392702): drop_caches: 3
[1752969.011052] tee (2392719): drop_caches: 3
[1752974.258930] tee (2392728): drop_caches: 3
[1752979.364382] tee (2392737): drop_caches: 3
[1752984.564000] tee (2392746): drop_caches: 3
[1752989.776137] tee (2392755): drop_caches: 3
[1752995.092224] tee (2392764): drop_caches: 3
[1752999.740556] tee (2392781): drop_caches: 3
[1753005.485904] tee (2392790): drop_caches: 3
[1753011.160829] tee (2392801): drop_caches: 3
[1753026.121711] tee (2392829): drop_caches: 3
[1753033.869465] mix-mixJ-arm53-2390083 phase=A END
[1753033.879301] mix-mixJ-arm53-2390083 phase=B START
[1753033.942626] mix-mixJ-arm53-2390083 phase=B RUN
[1753038.010731] tee (2392919): drop_caches: 3
[1753043.625158] tee (2392929): drop_caches: 3
[1753049.164088] tee (2392943): drop_caches: 3
[1753054.691281] tee (2392952): drop_caches: 3
[1753059.919934] tee (2392963): drop_caches: 3
[1753064.752661] tee (2392978): drop_caches: 3
[1753070.608757] tee (2392989): drop_caches: 3
[1753075.962851] tee (2392998): drop_caches: 3
[1753081.226047] tee (2393009): drop_caches: 3
[1753086.355009] tee (2393018): drop_caches: 3
[1753091.636390] tee (2393028): drop_caches: 3
[1753096.693869] tee (2393044): drop_caches: 3
[1753102.203372] tee (2393054): drop_caches: 3
[1753107.286051] tee (2393063): drop_caches: 3
[1753112.733051] tee (2393072): drop_caches: 3
[1753118.276645] tee (2393081): drop_caches: 3
[1753123.923714] tee (2393100): drop_caches: 3
[1753128.343225] tee (2393122): drop_caches: 3
[1753133.911109] tee (2393143): drop_caches: 3
[1753140.576912] tee (2393152): drop_caches: 3
[1753145.821945] tee (2393161): drop_caches: 3
[1753151.253634] tee (2393170): drop_caches: 3
[1753156.895676] tee (2393185): drop_caches: 3
[1753161.601555] tee (2393197): drop_caches: 3
[1753166.657353] tee (2393206): drop_caches: 3
[1753171.722338] tee (2393216): drop_caches: 3
[1753176.879485] tee (2393225): drop_caches: 3
[1753181.941212] tee (2393234): drop_caches: 3
[1753187.005772] tee (2393248): drop_caches: 3
[1753191.399012] tee (2393263): drop_caches: 3
[1753196.976403] tee (2393272): drop_caches: 3
[1753202.036340] tee (2393281): drop_caches: 3
[1753208.166580] tee (2393290): drop_caches: 3
[1753213.255271] tee (2393299): drop_caches: 3
[1753218.932308] tee (2393318): drop_caches: 3
[1753223.776662] tee (2393330): drop_caches: 3
[1753246.114510] tee (2393352): drop_caches: 3
[1753257.842423] mix-mixJ-arm53-2390083 phase=B END
[1753258.152308] NVMeVirt: Measurement: command=stop epoch=1 host_bytes=97068986368 learner_active=0
[1753280.190223] EXT4-fs (nvme0n1): unmounting filesystem 07362e28-feeb-42d5-a330-d30f3b5935c1.
[1753280.560849] pci_bus 0001:10: busn_res: [bus 10-ff] is released
[1753280.560891] NVMeVirt: GC stats: ns=0 policy=cat-fig7-fixed host_pages=23698483 gc_pages=9156617 gc_count=513362 WAF=1.386 warmup_gc=100-per-part
[1753280.631743] NVMeVirt: Virtual NVMe device closed
