[1633120.727133] mix-mixJ-arm16-2029249 BEGIN
[1633120.814228] NVMeVirt: Version 1.10 for >> Samsung 970 Pro SSD <<
[1633120.814235] NVMeVirt: Storage: 0x100100000-0x300000000 (8191 MiB)
[1633120.824898] NVMeVirt: Total Capacity(GiB,MiB)=2,2048 chs=2 luns=4 lines=8192 blk-size(MiB,KiB)=0,64 line-size(MiB,KiB)=0,256
[1633120.837116] NVMeVirt: [chmodel_init] bandwidth 800 max_credits 26 tx_time 152
[1633120.848324] NVMeVirt: [chmodel_init] bandwidth 800 max_credits 26 tx_time 152
[1633120.848340] NVMeVirt: [chmodel_init] bandwidth 3360 max_credits 110 tx_time 36
[1633120.848343] NVMeVirt: Fixed CAT init ns=0 part=0 arm=16 k=4 scale_pct=25 age_ratio=7
[1633120.849575] NVMeVirt: pqueue: Copyright (c) 2014, Volkan Yazıcı <volkan.yazici@gmail.com>. All rights reserved.
[1633120.849637] NVMeVirt: Init FTL instance with 2 channels (524288 pages)
[1633120.849640] NVMeVirt: GC victim policy: cat-fig7-fixed ns=0 part=0 initial_k=4 initial_scale_pct=25 initial_age_ratio=7 warmup_gc=100
[1633120.860042] NVMeVirt: [chmodel_init] bandwidth 800 max_credits 26 tx_time 152
[1633120.870664] NVMeVirt: [chmodel_init] bandwidth 800 max_credits 26 tx_time 152
[1633120.870709] NVMeVirt: [chmodel_init] bandwidth 3360 max_credits 110 tx_time 36
[1633120.870711] NVMeVirt: Fixed CAT init ns=0 part=1 arm=16 k=4 scale_pct=25 age_ratio=7
[1633120.872073] NVMeVirt: Init FTL instance with 2 channels (524288 pages)
[1633120.872077] NVMeVirt: GC victim policy: cat-fig7-fixed ns=0 part=1 initial_k=4 initial_scale_pct=25 initial_age_ratio=7 warmup_gc=100
[1633120.882746] NVMeVirt: [chmodel_init] bandwidth 800 max_credits 26 tx_time 152
[1633120.893747] NVMeVirt: [chmodel_init] bandwidth 800 max_credits 26 tx_time 152
[1633120.893760] NVMeVirt: [chmodel_init] bandwidth 3360 max_credits 110 tx_time 36
[1633120.893762] NVMeVirt: Fixed CAT init ns=0 part=2 arm=16 k=4 scale_pct=25 age_ratio=7
[1633120.895024] NVMeVirt: Init FTL instance with 2 channels (524288 pages)
[1633120.895027] NVMeVirt: GC victim policy: cat-fig7-fixed ns=0 part=2 initial_k=4 initial_scale_pct=25 initial_age_ratio=7 warmup_gc=100
[1633120.906032] NVMeVirt: [chmodel_init] bandwidth 800 max_credits 26 tx_time 152
[1633120.916813] NVMeVirt: [chmodel_init] bandwidth 800 max_credits 26 tx_time 152
[1633120.916827] NVMeVirt: [chmodel_init] bandwidth 3360 max_credits 110 tx_time 36
[1633120.916829] NVMeVirt: Fixed CAT init ns=0 part=3 arm=16 k=4 scale_pct=25 age_ratio=7
[1633120.918057] NVMeVirt: Init FTL instance with 2 channels (524288 pages)
[1633120.918060] NVMeVirt: GC victim policy: cat-fig7-fixed ns=0 part=3 initial_k=4 initial_scale_pct=25 initial_age_ratio=7 warmup_gc=100
[1633120.918066] NVMeVirt: FTL physical space: 8588886016, logical space: 8026996276 (physical/logical * 100 = 107)
[1633120.918067] NVMeVirt: ns 0/1: size 7655 MiB
[1633120.918117] PCI host bridge to bus 0001:10
[1633120.918120] pci_bus 0001:10: root bus resource [io  0x0000-0xffff]
[1633120.918123] pci_bus 0001:10: root bus resource [mem 0x00000000-0x7fffffffff]
[1633120.918125] pci_bus 0001:10: root bus resource [bus 00-ff]
[1633120.918134] pci 0001:10:00.0: [0c51:0110] type 00 class 0x010802 PCIe Endpoint
[1633120.918139] pci 0001:10:00.0: BAR 0 [mem 0x100000000-0x100003fff 64bit]
[1633120.918142] pci 0001:10:00.0: enabling Extended Tags
[1633120.918278] NVMeVirt: Virtual PCI bus created (node 0)
[1633120.918533] NVMeVirt: nvmev_io_worker_0 started on cpu 2 (node 0)
[1633120.918569] NVMeVirt: nvmev_dispatcher started on cpu 1 (node 0)
[1633120.918595] NVMeVirt: Virtual NVMe device created
[1633120.918786] nvme nvme0: pci function 0001:10:00.0
[1633120.921489] nvme nvme0: 8/0/0 default/read/poll queues
[1633121.319117] EXT4-fs (nvme0n1): mounted filesystem 9a65696a-c1c0-4e37-80ea-57b8b8aa96c6 r/w with ordered data mode. Quota mode: none.
[1633203.940431] NVMeVirt: Fixed CAT init ns=0 part=0 arm=16 k=4 scale_pct=25 age_ratio=7
[1633203.940438] NVMeVirt: Fixed CAT init ns=0 part=1 arm=16 k=4 scale_pct=25 age_ratio=7
[1633203.940441] NVMeVirt: Fixed CAT init ns=0 part=2 arm=16 k=4 scale_pct=25 age_ratio=7
[1633203.940443] NVMeVirt: Fixed CAT init ns=0 part=3 arm=16 k=4 scale_pct=25 age_ratio=7
[1633203.940445] NVMeVirt: Measurement: command=start epoch=1 host_bytes=0 learner_active=1
[1633203.950284] mix-mixJ-arm16-2029249 phase=A START
[1633203.961827] mix-mixJ-arm16-2029249 phase=A LOAD
[1633229.597342] mix-mixJ-arm16-2029249 phase=A RUN
[1633233.797083] tee (2029565): drop_caches: 3
[1633239.389899] tee (2029569): drop_caches: 3
[1633243.823386] tee (2029581): drop_caches: 3
[1633249.025653] tee (2029585): drop_caches: 3
[1633254.370925] tee (2029590): drop_caches: 3
[1633259.480526] tee (2029594): drop_caches: 3
[1633264.665797] tee (2029599): drop_caches: 3
[1633269.843165] tee (2029603): drop_caches: 3
[1633274.244900] tee (2029615): drop_caches: 3
[1633279.441003] tee (2029620): drop_caches: 3
[1633284.693299] tee (2029624): drop_caches: 3
[1633289.814875] tee (2029635): drop_caches: 3
[1633294.971187] tee (2029639): drop_caches: 3
[1633300.326809] tee (2029643): drop_caches: 3
[1633304.811165] tee (2029655): drop_caches: 3
[1633310.008593] tee (2029659): drop_caches: 3
[1633315.120220] tee (2029663): drop_caches: 3
[1633320.289527] tee (2029667): drop_caches: 3
[1633325.339937] tee (2029671): drop_caches: 3
[1633330.385678] tee (2029675): drop_caches: 3
[1633335.423605] tee (2029686): drop_caches: 3
[1633340.597826] tee (2029691): drop_caches: 3
[1633345.723179] tee (2029695): drop_caches: 3
[1633350.842186] tee (2029706): drop_caches: 3
[1633355.985030] tee (2029710): drop_caches: 3
[1633361.089755] tee (2029714): drop_caches: 3
[1633366.420123] tee (2029725): drop_caches: 3
[1633371.523985] tee (2029730): drop_caches: 3
[1633376.547091] tee (2029741): drop_caches: 3
[1633381.614483] tee (2029745): drop_caches: 3
[1633386.707761] tee (2029749): drop_caches: 3
[1633391.739342] tee (2029753): drop_caches: 3
[1633396.984089] tee (2029764): drop_caches: 3
[1633402.275677] tee (2029769): drop_caches: 3
[1633407.351063] tee (2029780): drop_caches: 3
[1633412.495169] tee (2029784): drop_caches: 3
[1633417.533598] tee (2029788): drop_caches: 3
[1633422.532468] tee (2029792): drop_caches: 3
[1633427.832006] tee (2029813): drop_caches: 3
[1633432.867433] tee (2029825): drop_caches: 3
[1633438.070661] tee (2029836): drop_caches: 3
[1633443.108439] tee (2029840): drop_caches: 3
[1633448.206405] tee (2029844): drop_caches: 3
[1633453.360458] tee (2029850): drop_caches: 3
[1633458.717646] tee (2029859): drop_caches: 3
[1633463.346956] tee (2029866): drop_caches: 3
[1633468.834757] tee (2029878): drop_caches: 3
[1633474.102467] tee (2029882): drop_caches: 3
[1633479.257562] tee (2029886): drop_caches: 3
[1633484.367493] tee (2029890): drop_caches: 3
[1633490.367361] tee (2029926): drop_caches: 3
[1633497.432228] tee (2029959): drop_caches: 3
[1633504.252953] tee (2029986): drop_caches: 3
[1633512.420397] tee (2030016): drop_caches: 3
[1633524.441015] tee (2030082): drop_caches: 3
[1633534.160963] tee (2030146): drop_caches: 3
[1633540.777360] tee (2030152): drop_caches: 3
[1633546.054695] tee (2030156): drop_caches: 3
[1633551.256094] tee (2030165): drop_caches: 3
[1633555.732491] tee (2030172): drop_caches: 3
[1633560.877914] tee (2030183): drop_caches: 3
[1633566.005093] tee (2030187): drop_caches: 3
[1633571.146615] tee (2030191): drop_caches: 3
[1633576.262513] tee (2030195): drop_caches: 3
[1633581.459787] tee (2030204): drop_caches: 3
[1633587.014570] tee (2030235): drop_caches: 3
[1633593.189350] tee (2030256): drop_caches: 3
[1633599.995902] tee (2030270): drop_caches: 3
[1633606.038295] tee (2030278): drop_caches: 3
[1633611.188129] tee (2030287): drop_caches: 3
[1633616.616669] tee (2030293): drop_caches: 3
[1633621.052267] tee (2030300): drop_caches: 3
[1633626.293604] tee (2030304): drop_caches: 3
[1633631.410643] tee (2030308): drop_caches: 3
[1633636.644457] tee (2030312): drop_caches: 3
[1633642.513869] tee (2030321): drop_caches: 3
[1633647.417771] tee (2030327): drop_caches: 3
[1633652.075973] tee (2030334): drop_caches: 3
[1633657.423160] tee (2030338): drop_caches: 3
[1633662.558276] tee (2030342): drop_caches: 3
[1633667.578576] tee (2030346): drop_caches: 3
[1633672.709227] tee (2030358): drop_caches: 3
[1633674.849209] mix-mixJ-arm16-2029249 phase=A END
[1633674.859150] mix-mixJ-arm16-2029249 phase=B START
[1633674.916625] mix-mixJ-arm16-2029249 phase=B RUN
[1633679.127541] tee (2030446): drop_caches: 3
[1633683.882785] tee (2030453): drop_caches: 3
[1633689.074461] tee (2030457): drop_caches: 3
[1633694.218725] tee (2030461): drop_caches: 3
[1633699.830223] tee (2030470): drop_caches: 3
[1633705.135399] tee (2030474): drop_caches: 3
[1633710.456788] tee (2030485): drop_caches: 3
[1633714.821323] tee (2030493): drop_caches: 3
[1633720.100444] tee (2030497): drop_caches: 3
[1633725.260790] tee (2030503): drop_caches: 3
[1633731.020687] tee (2030517): drop_caches: 3
[1633736.651378] tee (2030521): drop_caches: 3
[1633742.189780] tee (2030532): drop_caches: 3
[1633747.665646] tee (2030539): drop_caches: 3
[1633752.458923] tee (2030543): drop_caches: 3
[1633757.970781] tee (2030549): drop_caches: 3
[1633763.598256] tee (2030558): drop_caches: 3
[1633773.797288] tee (2030567): drop_caches: 3
[1633778.480269] mix-mixJ-arm16-2029249 phase=B END
[1633778.712634] NVMeVirt: Measurement: command=stop epoch=1 host_bytes=35553828864 learner_active=0
[1633784.035042] EXT4-fs (nvme0n1): unmounting filesystem 9a65696a-c1c0-4e37-80ea-57b8b8aa96c6.
[1633784.502080] pci_bus 0001:10: busn_res: [bus 10-ff] is released
[1633784.502127] NVMeVirt: GC stats: ns=0 policy=cat-fig7-fixed host_pages=8680134 gc_pages=3481048 gc_count=190019 WAF=1.401 warmup_gc=100-per-part
[1633784.573733] NVMeVirt: Virtual NVMe device closed
