[321959.935186] mix-mixP-online-722663 BEGIN
[321959.948508] NVMeVirt: Version 1.10 for >> Samsung 970 Pro SSD <<
[321959.948516] NVMeVirt: Storage: 0x100100000-0x300000000 (8191 MiB)
[321959.960958] NVMeVirt: Total Capacity(GiB,MiB)=2,2048 chs=2 luns=4 lines=8192 blk-size(MiB,KiB)=0,64 line-size(MiB,KiB)=0,256
[321959.973566] NVMeVirt: [chmodel_init] bandwidth 800 max_credits 26 tx_time 152
[321959.985125] NVMeVirt: [chmodel_init] bandwidth 800 max_credits 26 tx_time 152
[321959.985141] NVMeVirt: [chmodel_init] bandwidth 3360 max_credits 110 tx_time 36
[321959.985143] NVMeVirt: WATGC_V2 init ns=0 part=0 arms=60 initial=37 prior=none gamma_q16=65503 exploration_q16=16384
[321959.986853] NVMeVirt: pqueue: Copyright (c) 2014, Volkan Yazıcı <volkan.yazici@gmail.com>. All rights reserved.
[321959.986907] NVMeVirt: Init FTL instance with 2 channels (524288 pages)
[321959.986911] NVMeVirt: GC victim policy: watgc-v2 ns=0 part=0 initial_k=7 initial_scale_pct=100 initial_age_ratio=7 warmup_gc=100
[321959.998800] NVMeVirt: [chmodel_init] bandwidth 800 max_credits 26 tx_time 152
[321960.009735] NVMeVirt: [chmodel_init] bandwidth 800 max_credits 26 tx_time 152
[321960.009756] NVMeVirt: [chmodel_init] bandwidth 3360 max_credits 110 tx_time 36
[321960.009759] NVMeVirt: WATGC_V2 init ns=0 part=1 arms=60 initial=37 prior=none gamma_q16=65503 exploration_q16=16384
[321960.011456] NVMeVirt: Init FTL instance with 2 channels (524288 pages)
[321960.011461] NVMeVirt: GC victim policy: watgc-v2 ns=0 part=1 initial_k=7 initial_scale_pct=100 initial_age_ratio=7 warmup_gc=100
[321960.022564] NVMeVirt: [chmodel_init] bandwidth 800 max_credits 26 tx_time 152
[321960.033217] NVMeVirt: [chmodel_init] bandwidth 800 max_credits 26 tx_time 152
[321960.033229] NVMeVirt: [chmodel_init] bandwidth 3360 max_credits 110 tx_time 36
[321960.033232] NVMeVirt: WATGC_V2 init ns=0 part=2 arms=60 initial=37 prior=none gamma_q16=65503 exploration_q16=16384
[321960.034497] NVMeVirt: Init FTL instance with 2 channels (524288 pages)
[321960.034499] NVMeVirt: GC victim policy: watgc-v2 ns=0 part=2 initial_k=7 initial_scale_pct=100 initial_age_ratio=7 warmup_gc=100
[321960.045824] NVMeVirt: [chmodel_init] bandwidth 800 max_credits 26 tx_time 152
[321960.056772] NVMeVirt: [chmodel_init] bandwidth 800 max_credits 26 tx_time 152
[321960.056787] NVMeVirt: [chmodel_init] bandwidth 3360 max_credits 110 tx_time 36
[321960.056789] NVMeVirt: WATGC_V2 init ns=0 part=3 arms=60 initial=37 prior=none gamma_q16=65503 exploration_q16=16384
[321960.058051] NVMeVirt: Init FTL instance with 2 channels (524288 pages)
[321960.058054] NVMeVirt: GC victim policy: watgc-v2 ns=0 part=3 initial_k=7 initial_scale_pct=100 initial_age_ratio=7 warmup_gc=100
[321960.058061] NVMeVirt: FTL physical space: 8588886016, logical space: 8026996276 (physical/logical * 100 = 107)
[321960.058062] NVMeVirt: ns 0/1: size 7655 MiB
[321960.058112] PCI host bridge to bus 0001:10
[321960.058114] pci_bus 0001:10: root bus resource [io  0x0000-0xffff]
[321960.058117] pci_bus 0001:10: root bus resource [mem 0x00000000-0x7fffffffff]
[321960.058120] pci_bus 0001:10: root bus resource [bus 00-ff]
[321960.058127] pci 0001:10:00.0: [0c51:0110] type 00 class 0x010802 PCIe Endpoint
[321960.058132] pci 0001:10:00.0: BAR 0 [mem 0x100000000-0x100003fff 64bit]
[321960.058134] pci 0001:10:00.0: enabling Extended Tags
[321960.058255] NVMeVirt: Virtual PCI bus created (node 0)
[321960.058559] NVMeVirt: nvmev_io_worker_0 started on cpu 2 (node 0)
[321960.058592] NVMeVirt: Virtual NVMe device created
[321960.058650] NVMeVirt: nvmev_dispatcher started on cpu 1 (node 0)
[321960.058727] nvme nvme0: pci function 0001:10:00.0
[321960.063070] nvme nvme0: 8/0/0 default/read/poll queues
[321960.134779] EXT4-fs (nvme0n1): mounted filesystem f10c250e-cd4e-459c-bc63-fc4907288fab r/w with ordered data mode. Quota mode: none.
[322042.150528] NVMeVirt: WATGC_V2 init ns=0 part=0 arms=60 initial=37 prior=none gamma_q16=65503 exploration_q16=16384
[322042.150535] NVMeVirt: WATGC_V2 init ns=0 part=1 arms=60 initial=37 prior=none gamma_q16=65503 exploration_q16=16384
[322042.150538] NVMeVirt: WATGC_V2 init ns=0 part=2 arms=60 initial=37 prior=none gamma_q16=65503 exploration_q16=16384
[322042.150540] NVMeVirt: WATGC_V2 init ns=0 part=3 arms=60 initial=37 prior=none gamma_q16=65503 exploration_q16=16384
[322042.150541] NVMeVirt: Measurement: command=start epoch=1 host_bytes=0 learner_active=1
[322042.159398] mix-mixP-online-722663 phase=A START
[322042.170221] mix-mixP-online-722663 phase=A LOAD
[322044.170151] NVMeVirt: WATGC_V2 warmup-done ns=0 part=1 gc_count=2599
[322044.170221] NVMeVirt: WATGC_V2 warmup-done ns=0 part=2 gc_count=2594
[322044.170591] NVMeVirt: WATGC_V2 warmup-done ns=0 part=0 gc_count=2612
[322044.170983] NVMeVirt: WATGC_V2 warmup-done ns=0 part=3 gc_count=2594
[322044.698705] mix-mixP-online-722663 phase=A RUN
[322048.971695] tee (722959): drop_caches: 3
[322051.006483] mix-mixP-online-722663 phase=A END
[322051.507010] mix-mixP-online-722663 phase=B START
[322065.030386] NVMeVirt: WATGC_V2 sample ns=0 part=2 epoch=1 window=1 phase=measure evaluated=37 k=7 scale_pct=100 age_ratio=7 host=65551 gc_pages=42670 gc_count=1691 waf_q16=108196 best=37 next=0 settled=0
[322065.150392] NVMeVirt: WATGC_V2 sample ns=0 part=1 epoch=1 window=1 phase=measure evaluated=37 k=7 scale_pct=100 age_ratio=7 host=65540 gc_pages=41709 gc_count=1676 waf_q16=107242 best=37 next=0 settled=0
[322065.150962] NVMeVirt: WATGC_V2 sample ns=0 part=3 epoch=1 window=1 phase=measure evaluated=37 k=7 scale_pct=100 age_ratio=7 host=65560 gc_pages=42133 gc_count=1683 waf_q16=107653 best=37 next=0 settled=0
[322065.371470] NVMeVirt: WATGC_V2 sample ns=0 part=0 epoch=1 window=1 phase=measure evaluated=37 k=7 scale_pct=100 age_ratio=7 host=65559 gc_pages=41110 gc_count=1667 waf_q16=106631 best=37 next=0 settled=0
[322075.450417] mix-mixP-online-722663 phase=B END
[322075.687559] NVMeVirt: Measurement: command=stop epoch=1 host_bytes=2654924800 learner_active=0
[322075.880383] EXT4-fs (nvme0n1): unmounting filesystem f10c250e-cd4e-459c-bc63-fc4907288fab.
[322076.289443] pci_bus 0001:10: busn_res: [bus 10-ff] is released
[322076.289498] NVMeVirt: WATGC_V2 summary ns=0 part=0 epoch=1 windows=1 epoch_windows=1 discarded=0 visited=1 covered=0 settled=0 phase=2 current=0 best=37 k=7 scale_pct=100 age_ratio=7 best_waf_valid=1 best_waf_q16=106631
[322076.289504] NVMeVirt: WATGC_V2 summary ns=0 part=1 epoch=1 windows=1 epoch_windows=1 discarded=0 visited=1 covered=0 settled=0 phase=2 current=0 best=37 k=7 scale_pct=100 age_ratio=7 best_waf_valid=1 best_waf_q16=107242
[322076.289508] NVMeVirt: WATGC_V2 summary ns=0 part=2 epoch=1 windows=1 epoch_windows=1 discarded=0 visited=1 covered=0 settled=0 phase=2 current=0 best=37 k=7 scale_pct=100 age_ratio=7 best_waf_valid=1 best_waf_q16=108196
[322076.289511] NVMeVirt: WATGC_V2 summary ns=0 part=3 epoch=1 windows=1 epoch_windows=1 discarded=0 visited=1 covered=0 settled=0 phase=2 current=0 best=37 k=7 scale_pct=100 age_ratio=7 best_waf_valid=1 best_waf_q16=107653
[322076.289514] NVMeVirt: GC stats: ns=0 policy=watgc-v2 host_pages=648175 gc_pages=362205 gc_count=15788 WAF=1.558 warmup_gc=100-per-part
[322076.361559] NVMeVirt: Virtual NVMe device closed
