[945094.990320] mix-mixK-fixed37-194466 BEGIN
[945095.001604] NVMeVirt: Version 1.10 for >> Samsung 970 Pro SSD <<
[945095.001610] NVMeVirt: Storage: 0x100100000-0x300000000 (8191 MiB)
[945095.013227] NVMeVirt: Total Capacity(GiB,MiB)=2,2048 chs=2 luns=4 lines=8192 blk-size(MiB,KiB)=0,64 line-size(MiB,KiB)=0,256
[945095.025052] NVMeVirt: [chmodel_init] bandwidth 800 max_credits 26 tx_time 152
[945095.035928] NVMeVirt: [chmodel_init] bandwidth 800 max_credits 26 tx_time 152
[945095.035952] NVMeVirt: [chmodel_init] bandwidth 3360 max_credits 110 tx_time 36
[945095.035955] NVMeVirt: Fixed CAT init ns=0 part=0 arm=37 k=7 scale_pct=100 age_ratio=7
[945095.037582] NVMeVirt: pqueue: Copyright (c) 2014, Volkan Yazıcı <volkan.yazici@gmail.com>. All rights reserved.
[945095.037629] NVMeVirt: Init FTL instance with 2 channels (524288 pages)
[945095.037631] NVMeVirt: GC victim policy: cat-fig7-fixed ns=0 part=0 initial_k=7 initial_scale_pct=100 initial_age_ratio=7 warmup_gc=100
[945095.048788] NVMeVirt: [chmodel_init] bandwidth 800 max_credits 26 tx_time 152
[945095.059317] NVMeVirt: [chmodel_init] bandwidth 800 max_credits 26 tx_time 152
[945095.059331] NVMeVirt: [chmodel_init] bandwidth 3360 max_credits 110 tx_time 36
[945095.059333] NVMeVirt: Fixed CAT init ns=0 part=1 arm=37 k=7 scale_pct=100 age_ratio=7
[945095.060550] NVMeVirt: Init FTL instance with 2 channels (524288 pages)
[945095.060554] NVMeVirt: GC victim policy: cat-fig7-fixed ns=0 part=1 initial_k=7 initial_scale_pct=100 initial_age_ratio=7 warmup_gc=100
[945095.071222] NVMeVirt: [chmodel_init] bandwidth 800 max_credits 26 tx_time 152
[945095.081859] NVMeVirt: [chmodel_init] bandwidth 800 max_credits 26 tx_time 152
[945095.081873] NVMeVirt: [chmodel_init] bandwidth 3360 max_credits 110 tx_time 36
[945095.081875] NVMeVirt: Fixed CAT init ns=0 part=2 arm=37 k=7 scale_pct=100 age_ratio=7
[945095.083103] NVMeVirt: Init FTL instance with 2 channels (524288 pages)
[945095.083106] NVMeVirt: GC victim policy: cat-fig7-fixed ns=0 part=2 initial_k=7 initial_scale_pct=100 initial_age_ratio=7 warmup_gc=100
[945095.093535] NVMeVirt: [chmodel_init] bandwidth 800 max_credits 26 tx_time 152
[945095.104653] NVMeVirt: [chmodel_init] bandwidth 800 max_credits 26 tx_time 152
[945095.104683] NVMeVirt: [chmodel_init] bandwidth 3360 max_credits 110 tx_time 36
[945095.104686] NVMeVirt: Fixed CAT init ns=0 part=3 arm=37 k=7 scale_pct=100 age_ratio=7
[945095.106693] NVMeVirt: Init FTL instance with 2 channels (524288 pages)
[945095.106701] NVMeVirt: GC victim policy: cat-fig7-fixed ns=0 part=3 initial_k=7 initial_scale_pct=100 initial_age_ratio=7 warmup_gc=100
[945095.106711] NVMeVirt: FTL physical space: 8588886016, logical space: 8026996276 (physical/logical * 100 = 107)
[945095.106713] NVMeVirt: ns 0/1: size 7655 MiB
[945095.106783] PCI host bridge to bus 0001:10
[945095.106786] pci_bus 0001:10: root bus resource [io  0x0000-0xffff]
[945095.106791] pci_bus 0001:10: root bus resource [mem 0x00000000-0x7fffffffff]
[945095.106793] pci_bus 0001:10: root bus resource [bus 00-ff]
[945095.106803] pci 0001:10:00.0: [0c51:0110] type 00 class 0x010802 PCIe Endpoint
[945095.106808] pci 0001:10:00.0: BAR 0 [mem 0x100000000-0x100003fff 64bit]
[945095.106811] pci 0001:10:00.0: enabling Extended Tags
[945095.106976] NVMeVirt: Virtual PCI bus created (node 0)
[945095.107389] NVMeVirt: nvmev_io_worker_0 started on cpu 2 (node 0)
[945095.107471] NVMeVirt: Virtual NVMe device created
[945095.107516] NVMeVirt: nvmev_dispatcher started on cpu 1 (node 0)
[945095.107747] nvme nvme0: pci function 0001:10:00.0
[945095.111447] nvme nvme0: 8/0/0 default/read/poll queues
[945095.187541] EXT4-fs (nvme0n1): mounted filesystem ea1674e7-6a6c-47a2-bb5e-e0719040461a r/w with ordered data mode. Quota mode: none.
[945177.194362] NVMeVirt: Fixed CAT init ns=0 part=0 arm=37 k=7 scale_pct=100 age_ratio=7
[945177.194370] NVMeVirt: Fixed CAT init ns=0 part=1 arm=37 k=7 scale_pct=100 age_ratio=7
[945177.194373] NVMeVirt: Fixed CAT init ns=0 part=2 arm=37 k=7 scale_pct=100 age_ratio=7
[945177.194376] NVMeVirt: Fixed CAT init ns=0 part=3 arm=37 k=7 scale_pct=100 age_ratio=7
[945177.194378] NVMeVirt: Measurement: command=start epoch=1 host_bytes=0 learner_active=1
[945177.204520] mix-mixK-fixed37-194466 phase=A START
[945777.529332] mix-mixK-fixed37-194466 phase=A END
[945777.537905] mix-mixK-fixed37-194466 phase=B START
[946377.851232] mix-mixK-fixed37-194466 phase=B END
[946377.854507] NVMeVirt: Measurement: command=stop epoch=1 host_bytes=196616155136 learner_active=0
[946377.909091] EXT4-fs (nvme0n1): unmounting filesystem ea1674e7-6a6c-47a2-bb5e-e0719040461a.
[946377.962193] pci_bus 0001:10: busn_res: [bus 10-ff] is released
[946377.962315] NVMeVirt: GC stats: ns=0 policy=cat-fig7-fixed host_pages=48001991 gc_pages=45997358 gc_count=1468741 WAF=1.958 warmup_gc=100-per-part
[946378.040947] NVMeVirt: Virtual NVMe device closed
