[1715186.848886] mix-mixG-arm46-2269960 BEGIN
[1715187.044219] NVMeVirt: Version 1.10 for >> Samsung 970 Pro SSD <<
[1715187.044226] NVMeVirt: Storage: 0x100100000-0x300000000 (8191 MiB)
[1715187.054701] NVMeVirt: Total Capacity(GiB,MiB)=2,2048 chs=2 luns=4 lines=8192 blk-size(MiB,KiB)=0,64 line-size(MiB,KiB)=0,256
[1715187.067351] NVMeVirt: [chmodel_init] bandwidth 800 max_credits 26 tx_time 152
[1715187.078573] NVMeVirt: [chmodel_init] bandwidth 800 max_credits 26 tx_time 152
[1715187.078588] NVMeVirt: [chmodel_init] bandwidth 3360 max_credits 110 tx_time 36
[1715187.078590] NVMeVirt: Fixed CAT init ns=0 part=0 arm=46 k=10 scale_pct=25 age_ratio=7
[1715187.079525] NVMeVirt: pqueue: Copyright (c) 2014, Volkan Yazıcı <volkan.yazici@gmail.com>. All rights reserved.
[1715187.079561] NVMeVirt: Init FTL instance with 2 channels (524288 pages)
[1715187.079563] NVMeVirt: GC victim policy: cat-fig7-fixed ns=0 part=0 initial_k=10 initial_scale_pct=25 initial_age_ratio=7 warmup_gc=100
[1715187.091201] NVMeVirt: [chmodel_init] bandwidth 800 max_credits 26 tx_time 152
[1715187.101997] NVMeVirt: [chmodel_init] bandwidth 800 max_credits 26 tx_time 152
[1715187.102011] NVMeVirt: [chmodel_init] bandwidth 3360 max_credits 110 tx_time 36
[1715187.102013] NVMeVirt: Fixed CAT init ns=0 part=1 arm=46 k=10 scale_pct=25 age_ratio=7
[1715187.102999] NVMeVirt: Init FTL instance with 2 channels (524288 pages)
[1715187.103001] NVMeVirt: GC victim policy: cat-fig7-fixed ns=0 part=1 initial_k=10 initial_scale_pct=25 initial_age_ratio=7 warmup_gc=100
[1715187.113657] NVMeVirt: [chmodel_init] bandwidth 800 max_credits 26 tx_time 152
[1715187.125147] NVMeVirt: [chmodel_init] bandwidth 800 max_credits 26 tx_time 152
[1715187.125168] NVMeVirt: [chmodel_init] bandwidth 3360 max_credits 110 tx_time 36
[1715187.125172] NVMeVirt: Fixed CAT init ns=0 part=2 arm=46 k=10 scale_pct=25 age_ratio=7
[1715187.126511] NVMeVirt: Init FTL instance with 2 channels (524288 pages)
[1715187.126515] NVMeVirt: GC victim policy: cat-fig7-fixed ns=0 part=2 initial_k=10 initial_scale_pct=25 initial_age_ratio=7 warmup_gc=100
[1715187.137504] NVMeVirt: [chmodel_init] bandwidth 800 max_credits 26 tx_time 152
[1715187.148207] NVMeVirt: [chmodel_init] bandwidth 800 max_credits 26 tx_time 152
[1715187.148221] NVMeVirt: [chmodel_init] bandwidth 3360 max_credits 110 tx_time 36
[1715187.148223] NVMeVirt: Fixed CAT init ns=0 part=3 arm=46 k=10 scale_pct=25 age_ratio=7
[1715187.149209] NVMeVirt: Init FTL instance with 2 channels (524288 pages)
[1715187.149211] NVMeVirt: GC victim policy: cat-fig7-fixed ns=0 part=3 initial_k=10 initial_scale_pct=25 initial_age_ratio=7 warmup_gc=100
[1715187.149218] NVMeVirt: FTL physical space: 8588886016, logical space: 8026996276 (physical/logical * 100 = 107)
[1715187.149220] NVMeVirt: ns 0/1: size 7655 MiB
[1715187.149269] PCI host bridge to bus 0001:10
[1715187.149271] pci_bus 0001:10: root bus resource [io  0x0000-0xffff]
[1715187.149274] pci_bus 0001:10: root bus resource [mem 0x00000000-0x7fffffffff]
[1715187.149276] pci_bus 0001:10: root bus resource [bus 00-ff]
[1715187.149298] pci 0001:10:00.0: [0c51:0110] type 00 class 0x010802 PCIe Endpoint
[1715187.149302] pci 0001:10:00.0: BAR 0 [mem 0x100000000-0x100003fff 64bit]
[1715187.149304] pci 0001:10:00.0: enabling Extended Tags
[1715187.149428] NVMeVirt: Virtual PCI bus created (node 0)
[1715187.149682] NVMeVirt: nvmev_io_worker_0 started on cpu 2 (node 0)
[1715187.149806] NVMeVirt: Virtual NVMe device created
[1715187.149822] NVMeVirt: nvmev_dispatcher started on cpu 1 (node 0)
[1715187.150869] nvme nvme0: pci function 0001:10:00.0
[1715187.153503] nvme nvme0: 8/0/0 default/read/poll queues
[1715187.699249] EXT4-fs (nvme0n1): mounted filesystem 23bbede4-38eb-4b56-b443-96684880564d r/w with ordered data mode. Quota mode: none.
[1715269.987637] NVMeVirt: Fixed CAT init ns=0 part=0 arm=46 k=10 scale_pct=25 age_ratio=7
[1715269.987644] NVMeVirt: Fixed CAT init ns=0 part=1 arm=46 k=10 scale_pct=25 age_ratio=7
[1715269.987647] NVMeVirt: Fixed CAT init ns=0 part=2 arm=46 k=10 scale_pct=25 age_ratio=7
[1715269.987649] NVMeVirt: Fixed CAT init ns=0 part=3 arm=46 k=10 scale_pct=25 age_ratio=7
[1715269.987652] NVMeVirt: Measurement: command=start epoch=1 host_bytes=0 learner_active=1
[1715269.998401] mix-mixG-arm46-2269960 phase=A START
[1715306.369895] tee (2270403): drop_caches: 3
[1715311.032063] tee (2270420): drop_caches: 3
[1715316.269408] tee (2270429): drop_caches: 3
[1715321.394089] tee (2270438): drop_caches: 3
[1715326.536468] tee (2270447): drop_caches: 3
[1715331.880260] tee (2270456): drop_caches: 3
[1715337.227495] tee (2270465): drop_caches: 3
[1715341.843571] tee (2270482): drop_caches: 3
[1715347.068303] tee (2270491): drop_caches: 3
[1715351.859676] workqueue: i915_hotplug_work_func [i915] hogged CPU for >10000us 7 times, consider switching to WQ_UNBOUND
[1715352.171936] tee (2270500): drop_caches: 3
[1715358.081992] tee (2270509): drop_caches: 3
[1715364.700123] tee (2270521): drop_caches: 3
[1715370.410667] tee (2270540): drop_caches: 3
[1715375.720825] tee (2270550): drop_caches: 3
[1715380.851701] tee (2270559): drop_caches: 3
[1715385.951176] tee (2270568): drop_caches: 3
[1715390.736240] tee (2270580): drop_caches: 3
[1715395.927156] tee (2270589): drop_caches: 3
[1715401.121460] tee (2270603): drop_caches: 3
[1715405.949305] tee (2270615): drop_caches: 3
[1715411.192059] tee (2270624): drop_caches: 3
[1715416.312698] tee (2270633): drop_caches: 3
[1715421.499681] tee (2270642): drop_caches: 3
[1715426.812997] tee (2270651): drop_caches: 3
[1715431.957281] tee (2270665): drop_caches: 3
[1715436.490413] tee (2270677): drop_caches: 3
[1715441.658395] tee (2270686): drop_caches: 3
[1715446.708114] tee (2270697): drop_caches: 3
[1715451.774115] tee (2270707): drop_caches: 3
[1715456.941540] tee (2270716): drop_caches: 3
[1715462.163800] tee (2270730): drop_caches: 3
[1715466.832597] tee (2270743): drop_caches: 3
[1715472.030335] tee (2270769): drop_caches: 3
[1715477.163888] tee (2270779): drop_caches: 3
[1715482.286721] tee (2270788): drop_caches: 3
[1715487.526639] tee (2270798): drop_caches: 3
[1715492.667085] tee (2270817): drop_caches: 3
[1715497.076736] tee (2270835): drop_caches: 3
[1715502.212908] tee (2270844): drop_caches: 3
[1715507.411775] tee (2270853): drop_caches: 3
[1715512.449233] tee (2270873): drop_caches: 3
[1715517.900150] tee (2270882): drop_caches: 3
[1715523.136734] tee (2270896): drop_caches: 3
[1715527.569049] tee (2270908): drop_caches: 3
[1715533.268795] tee (2270923): drop_caches: 3
[1715539.033902] tee (2270932): drop_caches: 3
[1715545.400012] tee (2270946): drop_caches: 3
[1715551.534191] tee (2270962): drop_caches: 3
[1715558.422197] tee (2270974): drop_caches: 3
[1715564.258642] tee (2270984): drop_caches: 3
[1715570.862858] tee (2270998): drop_caches: 3
[1715577.882797] tee (2271008): drop_caches: 3
[1715584.466205] tee (2271022): drop_caches: 3
[1715590.632879] tee (2271037): drop_caches: 3
[1715596.459361] tee (2271048): drop_caches: 3
[1715602.930250] tee (2271057): drop_caches: 3
[1715610.035662] tee (2271071): drop_caches: 3
[1715616.706810] tee (2271085): drop_caches: 3
[1715623.156444] tee (2271095): drop_caches: 3
[1715629.429046] tee (2271108): drop_caches: 3
[1715636.252913] tee (2271126): drop_caches: 3
[1715642.978014] tee (2271140): drop_caches: 3
[1715649.767202] tee (2271153): drop_caches: 3
[1715656.186666] tee (2271165): drop_caches: 3
[1715662.018924] tee (2271176): drop_caches: 3
[1715668.346734] tee (2271190): drop_caches: 3
[1715674.558770] tee (2271204): drop_caches: 3
[1715681.323783] tee (2271218): drop_caches: 3
[1715688.296327] tee (2271231): drop_caches: 3
[1715694.442423] tee (2271281): drop_caches: 3
[1715702.333397] tee (2271323): drop_caches: 3
[1715710.667483] tee (2271372): drop_caches: 3
[1715717.167669] tee (2271382): drop_caches: 3
[1715722.385931] tee (2271393): drop_caches: 3
[1715729.026272] tee (2271403): drop_caches: 3
[1715735.623801] tee (2271422): drop_caches: 3
[1715742.229745] tee (2271448): drop_caches: 3
[1715749.481747] tee (2271459): drop_caches: 3
[1715755.035533] tee (2271475): drop_caches: 3
[1715761.543494] tee (2271485): drop_caches: 3
[1715767.831290] tee (2271499): drop_caches: 3
[1715774.400642] tee (2271508): drop_caches: 3
[1715780.785293] tee (2271523): drop_caches: 3
[1715787.097347] tee (2271534): drop_caches: 3
[1715793.503806] tee (2271544): drop_caches: 3
[1715800.889561] tee (2271565): drop_caches: 3
[1715806.272297] mix-mixG-arm46-2269960 phase=A END
[1715807.059863] NVMeVirt: Measurement: command=stop epoch=1 host_bytes=84385259520 learner_active=0
[1715807.506685] EXT4-fs (nvme0n1): unmounting filesystem 23bbede4-38eb-4b56-b443-96684880564d.
[1715807.880764] pci_bus 0001:10: busn_res: [bus 10-ff] is released
[1715807.880881] NVMeVirt: GC stats: ns=0 policy=cat-fig7-fixed host_pages=20601870 gc_pages=40449399 gc_count=953928 WAF=2.963 warmup_gc=100-per-part
[1715807.954924] NVMeVirt: Virtual NVMe device closed
