[666608.157846] mix-mixA-arm36-3912522 BEGIN
[666608.191255] NVMeVirt: Version 1.10 for >> Samsung 970 Pro SSD <<
[666608.191261] NVMeVirt: Storage: 0x100100000-0x300000000 (8191 MiB)
[666608.202133] NVMeVirt: Total Capacity(GiB,MiB)=2,2048 chs=2 luns=4 lines=8192 blk-size(MiB,KiB)=0,64 line-size(MiB,KiB)=0,256
[666608.213370] NVMeVirt: [chmodel_init] bandwidth 800 max_credits 26 tx_time 152
[666608.224232] NVMeVirt: [chmodel_init] bandwidth 800 max_credits 26 tx_time 152
[666608.224263] NVMeVirt: [chmodel_init] bandwidth 3360 max_credits 110 tx_time 36
[666608.224265] NVMeVirt: Fixed CAT init ns=0 part=0 arm=36 k=7 scale_pct=100 age_ratio=4
[666608.225529] NVMeVirt: pqueue: Copyright (c) 2014, Volkan Yazıcı <volkan.yazici@gmail.com>. All rights reserved.
[666608.225564] NVMeVirt: Init FTL instance with 2 channels (524288 pages)
[666608.225566] NVMeVirt: GC victim policy: cat-fig7-fixed ns=0 part=0 initial_k=7 initial_scale_pct=100 initial_age_ratio=4 warmup_gc=100
[666608.236363] NVMeVirt: [chmodel_init] bandwidth 800 max_credits 26 tx_time 152
[666608.246916] NVMeVirt: [chmodel_init] bandwidth 800 max_credits 26 tx_time 152
[666608.246930] NVMeVirt: [chmodel_init] bandwidth 3360 max_credits 110 tx_time 36
[666608.246932] NVMeVirt: Fixed CAT init ns=0 part=1 arm=36 k=7 scale_pct=100 age_ratio=4
[666608.248210] NVMeVirt: Init FTL instance with 2 channels (524288 pages)
[666608.248213] NVMeVirt: GC victim policy: cat-fig7-fixed ns=0 part=1 initial_k=7 initial_scale_pct=100 initial_age_ratio=4 warmup_gc=100
[666608.258966] NVMeVirt: [chmodel_init] bandwidth 800 max_credits 26 tx_time 152
[666608.269684] NVMeVirt: [chmodel_init] bandwidth 800 max_credits 26 tx_time 152
[666608.269698] NVMeVirt: [chmodel_init] bandwidth 3360 max_credits 110 tx_time 36
[666608.269700] NVMeVirt: Fixed CAT init ns=0 part=2 arm=36 k=7 scale_pct=100 age_ratio=4
[666608.271006] NVMeVirt: Init FTL instance with 2 channels (524288 pages)
[666608.271010] NVMeVirt: GC victim policy: cat-fig7-fixed ns=0 part=2 initial_k=7 initial_scale_pct=100 initial_age_ratio=4 warmup_gc=100
[666608.281306] NVMeVirt: [chmodel_init] bandwidth 800 max_credits 26 tx_time 152
[666608.291945] NVMeVirt: [chmodel_init] bandwidth 800 max_credits 26 tx_time 152
[666608.291959] NVMeVirt: [chmodel_init] bandwidth 3360 max_credits 110 tx_time 36
[666608.291962] NVMeVirt: Fixed CAT init ns=0 part=3 arm=36 k=7 scale_pct=100 age_ratio=4
[666608.293255] NVMeVirt: Init FTL instance with 2 channels (524288 pages)
[666608.293258] NVMeVirt: GC victim policy: cat-fig7-fixed ns=0 part=3 initial_k=7 initial_scale_pct=100 initial_age_ratio=4 warmup_gc=100
[666608.293265] NVMeVirt: FTL physical space: 8588886016, logical space: 8026996276 (physical/logical * 100 = 107)
[666608.293267] NVMeVirt: ns 0/1: size 7655 MiB
[666608.293329] PCI host bridge to bus 0001:10
[666608.293331] pci_bus 0001:10: root bus resource [io  0x0000-0xffff]
[666608.293334] pci_bus 0001:10: root bus resource [mem 0x00000000-0x7fffffffff]
[666608.293336] pci_bus 0001:10: root bus resource [bus 00-ff]
[666608.293356] pci 0001:10:00.0: [0c51:0110] type 00 class 0x010802 PCIe Endpoint
[666608.293360] pci 0001:10:00.0: BAR 0 [mem 0x100000000-0x100003fff 64bit]
[666608.293363] pci 0001:10:00.0: enabling Extended Tags
[666608.293486] NVMeVirt: Virtual PCI bus created (node 0)
[666608.293747] NVMeVirt: nvmev_io_worker_0 started on cpu 2 (node 0)
[666608.293854] NVMeVirt: Virtual NVMe device created
[666608.293910] NVMeVirt: nvmev_dispatcher started on cpu 1 (node 0)
[666608.295918] nvme nvme0: pci function 0001:10:00.0
[666608.297944] nvme nvme0: 8/0/0 default/read/poll queues
[666608.927994] EXT4-fs (nvme0n1): mounted filesystem fd52e5ae-0b6b-4735-ba4e-2c52fb78b987 r/w with ordered data mode. Quota mode: none.
[666691.115381] NVMeVirt: Fixed CAT init ns=0 part=0 arm=36 k=7 scale_pct=100 age_ratio=4
[666691.115386] NVMeVirt: Fixed CAT init ns=0 part=1 arm=36 k=7 scale_pct=100 age_ratio=4
[666691.115388] NVMeVirt: Fixed CAT init ns=0 part=2 arm=36 k=7 scale_pct=100 age_ratio=4
[666691.115390] NVMeVirt: Fixed CAT init ns=0 part=3 arm=36 k=7 scale_pct=100 age_ratio=4
[666691.115391] NVMeVirt: Measurement: command=start epoch=1 host_bytes=0 learner_active=1
[666691.123162] mix-mixA-arm36-3912522 phase=A START
[667291.432526] mix-mixA-arm36-3912522 phase=A END
[667291.440307] mix-mixA-arm36-3912522 phase=B START
[667291.451101] mix-mixA-arm36-3912522 phase=B LOAD
[667320.380078] mix-mixA-arm36-3912522 phase=B RUN
[667324.705049] tee (3913182): drop_caches: 3
[667329.704674] tee (3913188): drop_caches: 3
[667334.870569] tee (3913194): drop_caches: 3
[667340.152509] tee (3913198): drop_caches: 3
[667345.338848] tee (3913203): drop_caches: 3
[667350.522436] tee (3913207): drop_caches: 3
[667355.670706] tee (3913213): drop_caches: 3
[667361.005102] tee (3913219): drop_caches: 3
[667366.289981] tee (3913224): drop_caches: 3
[667371.236393] tee (3913228): drop_caches: 3
[667376.260611] tee (3913232): drop_caches: 3
[667381.294704] tee (3913236): drop_caches: 3
[667386.337618] tee (3913240): drop_caches: 3
[667391.500460] tee (3913244): drop_caches: 3
[667395.972389] tee (3913251): drop_caches: 3
[667401.274479] tee (3913258): drop_caches: 3
[667406.389229] tee (3913268): drop_caches: 3
[667411.529323] tee (3913272): drop_caches: 3
[667416.702127] tee (3913276): drop_caches: 3
[667421.871170] tee (3913280): drop_caches: 3
[667426.311967] tee (3913287): drop_caches: 3
[667431.472999] tee (3913291): drop_caches: 3
[667436.631871] tee (3913296): drop_caches: 3
[667441.753231] tee (3913300): drop_caches: 3
[667446.853915] tee (3913304): drop_caches: 3
[667451.970344] tee (3913311): drop_caches: 3
[667456.385715] tee (3913318): drop_caches: 3
[667461.560032] tee (3913322): drop_caches: 3
[667466.670890] tee (3913326): drop_caches: 3
[667471.767341] tee (3913330): drop_caches: 3
[667477.322615] tee (3913351): drop_caches: 3
[667483.467565] tee (3913404): drop_caches: 3
[667488.429759] tee (3913411): drop_caches: 3
[667495.539013] tee (3913419): drop_caches: 3
[667501.312554] tee (3913450): drop_caches: 3
[667506.536438] tee (3913455): drop_caches: 3
[667511.755697] tee (3913459): drop_caches: 3
[667516.947826] tee (3913463): drop_caches: 3
[667521.371379] tee (3913470): drop_caches: 3
[667526.627198] tee (3913474): drop_caches: 3
[667531.735560] tee (3913478): drop_caches: 3
[667536.792454] tee (3913482): drop_caches: 3
[667542.053045] tee (3913486): drop_caches: 3
[667547.316051] tee (3913490): drop_caches: 3
[667551.781207] tee (3913498): drop_caches: 3
[667557.015285] tee (3913502): drop_caches: 3
[667562.154200] tee (3913506): drop_caches: 3
[667567.269216] tee (3913510): drop_caches: 3
[667572.367457] tee (3913514): drop_caches: 3
[667577.551659] tee (3913518): drop_caches: 3
[667581.984333] tee (3913525): drop_caches: 3
[667587.419952] tee (3913529): drop_caches: 3
[667592.585357] tee (3913533): drop_caches: 3
[667597.723159] tee (3913538): drop_caches: 3
[667602.994744] tee (3913542): drop_caches: 3
[667608.160558] tee (3913546): drop_caches: 3
[667612.639917] tee (3913553): drop_caches: 3
[667618.053792] tee (3913557): drop_caches: 3
[667623.152739] tee (3913561): drop_caches: 3
[667628.343741] tee (3913566): drop_caches: 3
[667633.543736] tee (3913570): drop_caches: 3
[667638.694485] tee (3913574): drop_caches: 3
[667643.138533] tee (3913581): drop_caches: 3
[667648.394668] tee (3913585): drop_caches: 3
[667653.513441] tee (3913589): drop_caches: 3
[667658.557516] tee (3913593): drop_caches: 3
[667663.691404] tee (3913597): drop_caches: 3
[667668.859506] tee (3913601): drop_caches: 3
[667673.441489] tee (3913608): drop_caches: 3
[667678.649884] tee (3913612): drop_caches: 3
[667683.800757] tee (3913616): drop_caches: 3
[667688.933986] tee (3913620): drop_caches: 3
[667694.025805] tee (3913625): drop_caches: 3
[667699.193088] tee (3913629): drop_caches: 3
[667704.065533] tee (3913634): drop_caches: 3
[667709.377134] tee (3913645): drop_caches: 3
[667714.615726] tee (3913649): drop_caches: 3
[667719.807252] tee (3913653): drop_caches: 3
[667725.025975] tee (3913657): drop_caches: 3
[667730.101379] tee (3913661): drop_caches: 3
[667735.344556] tee (3913667): drop_caches: 3
[667740.734866] tee (3913672): drop_caches: 3
[667745.841807] tee (3913676): drop_caches: 3
[667751.131589] tee (3913680): drop_caches: 3
[667756.405160] tee (3913686): drop_caches: 3
[667761.489167] tee (3913691): drop_caches: 3
[667766.817823] tee (3913696): drop_caches: 3
[667773.478235] tee (3913705): drop_caches: 3
[667775.648329] mix-mixA-arm36-3912522 phase=B END
[667776.130330] NVMeVirt: Measurement: command=stop epoch=1 host_bytes=131291660288 learner_active=0
[667776.652099] EXT4-fs (nvme0n1): unmounting filesystem fd52e5ae-0b6b-4735-ba4e-2c52fb78b987.
[667777.137228] pci_bus 0001:10: busn_res: [bus 10-ff] is released
[667777.137340] NVMeVirt: GC stats: ns=0 policy=cat-fig7-fixed host_pages=32053628 gc_pages=31887471 gc_count=999080 WAF=1.994 warmup_gc=100-per-part
[667777.208401] NVMeVirt: Virtual NVMe device closed
