[1620685.619189] mix-mixF-arm17-2013618 BEGIN
[1620685.806258] NVMeVirt: Version 1.10 for >> Samsung 970 Pro SSD <<
[1620685.806263] NVMeVirt: Storage: 0x100100000-0x300000000 (8191 MiB)
[1620685.816619] NVMeVirt: Total Capacity(GiB,MiB)=2,2048 chs=2 luns=4 lines=8192 blk-size(MiB,KiB)=0,64 line-size(MiB,KiB)=0,256
[1620685.827772] NVMeVirt: [chmodel_init] bandwidth 800 max_credits 26 tx_time 152
[1620685.838915] NVMeVirt: [chmodel_init] bandwidth 800 max_credits 26 tx_time 152
[1620685.838928] NVMeVirt: [chmodel_init] bandwidth 3360 max_credits 110 tx_time 36
[1620685.838930] NVMeVirt: Fixed CAT init ns=0 part=0 arm=17 k=4 scale_pct=25 age_ratio=16
[1620685.840223] NVMeVirt: pqueue: Copyright (c) 2014, Volkan Yazıcı <volkan.yazici@gmail.com>. All rights reserved.
[1620685.840259] NVMeVirt: Init FTL instance with 2 channels (524288 pages)
[1620685.840261] NVMeVirt: GC victim policy: cat-fig7-fixed ns=0 part=0 initial_k=4 initial_scale_pct=25 initial_age_ratio=16 warmup_gc=100
[1620685.851065] NVMeVirt: [chmodel_init] bandwidth 800 max_credits 26 tx_time 152
[1620685.861748] NVMeVirt: [chmodel_init] bandwidth 800 max_credits 26 tx_time 152
[1620685.861761] NVMeVirt: [chmodel_init] bandwidth 3360 max_credits 110 tx_time 36
[1620685.861763] NVMeVirt: Fixed CAT init ns=0 part=1 arm=17 k=4 scale_pct=25 age_ratio=16
[1620685.863117] NVMeVirt: Init FTL instance with 2 channels (524288 pages)
[1620685.863119] NVMeVirt: GC victim policy: cat-fig7-fixed ns=0 part=1 initial_k=4 initial_scale_pct=25 initial_age_ratio=16 warmup_gc=100
[1620685.873941] NVMeVirt: [chmodel_init] bandwidth 800 max_credits 26 tx_time 152
[1620685.885048] NVMeVirt: [chmodel_init] bandwidth 800 max_credits 26 tx_time 152
[1620685.885061] NVMeVirt: [chmodel_init] bandwidth 3360 max_credits 110 tx_time 36
[1620685.885063] NVMeVirt: Fixed CAT init ns=0 part=2 arm=17 k=4 scale_pct=25 age_ratio=16
[1620685.886346] NVMeVirt: Init FTL instance with 2 channels (524288 pages)
[1620685.886348] NVMeVirt: GC victim policy: cat-fig7-fixed ns=0 part=2 initial_k=4 initial_scale_pct=25 initial_age_ratio=16 warmup_gc=100
[1620685.897369] NVMeVirt: [chmodel_init] bandwidth 800 max_credits 26 tx_time 152
[1620685.908282] NVMeVirt: [chmodel_init] bandwidth 800 max_credits 26 tx_time 152
[1620685.908294] NVMeVirt: [chmodel_init] bandwidth 3360 max_credits 110 tx_time 36
[1620685.908296] NVMeVirt: Fixed CAT init ns=0 part=3 arm=17 k=4 scale_pct=25 age_ratio=16
[1620685.909636] NVMeVirt: Init FTL instance with 2 channels (524288 pages)
[1620685.909638] NVMeVirt: GC victim policy: cat-fig7-fixed ns=0 part=3 initial_k=4 initial_scale_pct=25 initial_age_ratio=16 warmup_gc=100
[1620685.909644] NVMeVirt: FTL physical space: 8588886016, logical space: 8026996276 (physical/logical * 100 = 107)
[1620685.909646] NVMeVirt: ns 0/1: size 7655 MiB
[1620685.909695] PCI host bridge to bus 0001:10
[1620685.909697] pci_bus 0001:10: root bus resource [io  0x0000-0xffff]
[1620685.909699] pci_bus 0001:10: root bus resource [mem 0x00000000-0x7fffffffff]
[1620685.909702] pci_bus 0001:10: root bus resource [bus 00-ff]
[1620685.909723] pci 0001:10:00.0: [0c51:0110] type 00 class 0x010802 PCIe Endpoint
[1620685.909727] pci 0001:10:00.0: BAR 0 [mem 0x100000000-0x100003fff 64bit]
[1620685.909730] pci 0001:10:00.0: enabling Extended Tags
[1620685.909856] NVMeVirt: Virtual PCI bus created (node 0)
[1620685.910241] NVMeVirt: Virtual NVMe device created
[1620685.910245] NVMeVirt: nvmev_dispatcher started on cpu 1 (node 0)
[1620685.910338] NVMeVirt: nvmev_io_worker_0 started on cpu 2 (node 0)
[1620685.910462] nvme nvme0: pci function 0001:10:00.0
[1620685.913367] nvme nvme0: 8/0/0 default/read/poll queues
[1620686.335622] EXT4-fs (nvme0n1): mounted filesystem 36346a24-1b2b-4b02-bae8-81e5babdc1d4 r/w with ordered data mode. Quota mode: none.
[1620768.780640] NVMeVirt: Fixed CAT init ns=0 part=0 arm=17 k=4 scale_pct=25 age_ratio=16
[1620768.780645] NVMeVirt: Fixed CAT init ns=0 part=1 arm=17 k=4 scale_pct=25 age_ratio=16
[1620768.780647] NVMeVirt: Fixed CAT init ns=0 part=2 arm=17 k=4 scale_pct=25 age_ratio=16
[1620768.780649] NVMeVirt: Fixed CAT init ns=0 part=3 arm=17 k=4 scale_pct=25 age_ratio=16
[1620768.780650] NVMeVirt: Measurement: command=start epoch=1 host_bytes=0 learner_active=1
[1620768.788362] mix-mixF-arm17-2013618 phase=A START
[1621369.110703] mix-mixF-arm17-2013618 phase=A END
[1621369.181639] mix-mixF-arm17-2013618 phase=B START
[1621672.667380] mix-mixF-arm17-2013618 phase=B END
[1621672.670447] NVMeVirt: Measurement: command=stop epoch=1 host_bytes=253153210368 learner_active=0
[1621672.779659] EXT4-fs (nvme0n1): unmounting filesystem 36346a24-1b2b-4b02-bae8-81e5babdc1d4.
[1621672.870714] pci_bus 0001:10: busn_res: [bus 10-ff] is released
[1621672.870870] NVMeVirt: GC stats: ns=0 policy=cat-fig7-fixed host_pages=61804983 gc_pages=99705370 gc_count=2523599 WAF=2.613 warmup_gc=100-per-part
[1621672.952653] NVMeVirt: Virtual NVMe device closed
