[626900.324360] mix-mixA-arm01-3868687 BEGIN
[626900.357362] NVMeVirt: Version 1.10 for >> Samsung 970 Pro SSD <<
[626900.357369] NVMeVirt: Storage: 0x100100000-0x300000000 (8191 MiB)
[626900.368491] NVMeVirt: Total Capacity(GiB,MiB)=2,2048 chs=2 luns=4 lines=8192 blk-size(MiB,KiB)=0,64 line-size(MiB,KiB)=0,256
[626900.380136] NVMeVirt: [chmodel_init] bandwidth 800 max_credits 26 tx_time 152
[626900.390911] NVMeVirt: [chmodel_init] bandwidth 800 max_credits 26 tx_time 152
[626900.390925] NVMeVirt: [chmodel_init] bandwidth 3360 max_credits 110 tx_time 36
[626900.390928] NVMeVirt: Fixed CAT init ns=0 part=0 arm=1 k=2 scale_pct=25 age_ratio=7
[626900.392136] NVMeVirt: pqueue: Copyright (c) 2014, Volkan Yazıcı <volkan.yazici@gmail.com>. All rights reserved.
[626900.392172] NVMeVirt: Init FTL instance with 2 channels (524288 pages)
[626900.392173] NVMeVirt: GC victim policy: cat-fig7-fixed ns=0 part=0 initial_k=2 initial_scale_pct=25 initial_age_ratio=7 warmup_gc=100
[626900.402714] NVMeVirt: [chmodel_init] bandwidth 800 max_credits 26 tx_time 152
[626900.413319] NVMeVirt: [chmodel_init] bandwidth 800 max_credits 26 tx_time 152
[626900.413332] NVMeVirt: [chmodel_init] bandwidth 3360 max_credits 110 tx_time 36
[626900.413334] NVMeVirt: Fixed CAT init ns=0 part=1 arm=1 k=2 scale_pct=25 age_ratio=7
[626900.414547] NVMeVirt: Init FTL instance with 2 channels (524288 pages)
[626900.414550] NVMeVirt: GC victim policy: cat-fig7-fixed ns=0 part=1 initial_k=2 initial_scale_pct=25 initial_age_ratio=7 warmup_gc=100
[626900.425081] NVMeVirt: [chmodel_init] bandwidth 800 max_credits 26 tx_time 152
[626900.435646] NVMeVirt: [chmodel_init] bandwidth 800 max_credits 26 tx_time 152
[626900.435660] NVMeVirt: [chmodel_init] bandwidth 3360 max_credits 110 tx_time 36
[626900.435662] NVMeVirt: Fixed CAT init ns=0 part=2 arm=1 k=2 scale_pct=25 age_ratio=7
[626900.436966] NVMeVirt: Init FTL instance with 2 channels (524288 pages)
[626900.436969] NVMeVirt: GC victim policy: cat-fig7-fixed ns=0 part=2 initial_k=2 initial_scale_pct=25 initial_age_ratio=7 warmup_gc=100
[626900.447338] NVMeVirt: [chmodel_init] bandwidth 800 max_credits 26 tx_time 152
[626900.457748] NVMeVirt: [chmodel_init] bandwidth 800 max_credits 26 tx_time 152
[626900.457762] NVMeVirt: [chmodel_init] bandwidth 3360 max_credits 110 tx_time 36
[626900.457764] NVMeVirt: Fixed CAT init ns=0 part=3 arm=1 k=2 scale_pct=25 age_ratio=7
[626900.459028] NVMeVirt: Init FTL instance with 2 channels (524288 pages)
[626900.459035] NVMeVirt: GC victim policy: cat-fig7-fixed ns=0 part=3 initial_k=2 initial_scale_pct=25 initial_age_ratio=7 warmup_gc=100
[626900.459041] NVMeVirt: FTL physical space: 8588886016, logical space: 8026996276 (physical/logical * 100 = 107)
[626900.459043] NVMeVirt: ns 0/1: size 7655 MiB
[626900.459091] PCI host bridge to bus 0001:10
[626900.459094] pci_bus 0001:10: root bus resource [io  0x0000-0xffff]
[626900.459097] pci_bus 0001:10: root bus resource [mem 0x00000000-0x7fffffffff]
[626900.459113] pci_bus 0001:10: root bus resource [bus 00-ff]
[626900.459120] pci 0001:10:00.0: [0c51:0110] type 00 class 0x010802 PCIe Endpoint
[626900.459124] pci 0001:10:00.0: BAR 0 [mem 0x100000000-0x100003fff 64bit]
[626900.459127] pci 0001:10:00.0: enabling Extended Tags
[626900.459248] NVMeVirt: Virtual PCI bus created (node 0)
[626900.459497] NVMeVirt: nvmev_io_worker_0 started on cpu 2 (node 0)
[626900.459598] NVMeVirt: nvmev_dispatcher started on cpu 1 (node 0)
[626900.459623] NVMeVirt: Virtual NVMe device created
[626900.459791] nvme nvme0: pci function 0001:10:00.0
[626900.463077] nvme nvme0: 8/0/0 default/read/poll queues
[626901.085934] EXT4-fs (nvme0n1): mounted filesystem 20405f89-60cf-43a7-b2d1-b135aca629df r/w with ordered data mode. Quota mode: none.
[626983.240042] NVMeVirt: Fixed CAT init ns=0 part=0 arm=1 k=2 scale_pct=25 age_ratio=7
[626983.240046] NVMeVirt: Fixed CAT init ns=0 part=1 arm=1 k=2 scale_pct=25 age_ratio=7
[626983.240048] NVMeVirt: Fixed CAT init ns=0 part=2 arm=1 k=2 scale_pct=25 age_ratio=7
[626983.240050] NVMeVirt: Fixed CAT init ns=0 part=3 arm=1 k=2 scale_pct=25 age_ratio=7
[626983.240051] NVMeVirt: Measurement: command=start epoch=1 host_bytes=0 learner_active=1
[626983.247807] mix-mixA-arm01-3868687 phase=A START
[627583.565177] mix-mixA-arm01-3868687 phase=A END
[627583.573138] mix-mixA-arm01-3868687 phase=B START
[627583.584147] mix-mixA-arm01-3868687 phase=B LOAD
[627610.454607] mix-mixA-arm01-3868687 phase=B RUN
[627614.790827] tee (3869426): drop_caches: 3
[627620.261933] tee (3869430): drop_caches: 3
[627624.626578] tee (3869441): drop_caches: 3
[627629.862207] tee (3869445): drop_caches: 3
[627635.287081] tee (3869453): drop_caches: 3
[627640.493574] tee (3869457): drop_caches: 3
[627645.569581] tee (3869461): drop_caches: 3
[627650.550371] tee (3869466): drop_caches: 3
[627654.943888] tee (3869473): drop_caches: 3
[627660.521301] tee (3869477): drop_caches: 3
[627665.764917] tee (3869482): drop_caches: 3
[627670.806952] tee (3869486): drop_caches: 3
[627675.859847] tee (3869490): drop_caches: 3
[627680.964665] tee (3869494): drop_caches: 3
[627685.337905] tee (3869502): drop_caches: 3
[627690.501581] tee (3869506): drop_caches: 3
[627695.652304] tee (3869510): drop_caches: 3
[627700.887009] tee (3869514): drop_caches: 3
[627706.011680] tee (3869518): drop_caches: 3
[627711.024767] tee (3869522): drop_caches: 3
[627715.525516] tee (3869530): drop_caches: 3
[627720.634940] tee (3869534): drop_caches: 3
[627725.922558] tee (3869538): drop_caches: 3
[627730.990090] tee (3869542): drop_caches: 3
[627736.144262] tee (3869546): drop_caches: 3
[627741.202415] tee (3869550): drop_caches: 3
[627746.604587] tee (3869557): drop_caches: 3
[627751.918225] tee (3869562): drop_caches: 3
[627757.000832] tee (3869566): drop_caches: 3
[627762.092346] tee (3869570): drop_caches: 3
[627767.403427] tee (3869574): drop_caches: 3
[627772.466101] tee (3869578): drop_caches: 3
[627777.741217] tee (3869583): drop_caches: 3
[627783.359720] tee (3869589): drop_caches: 3
[627788.503129] tee (3869594): drop_caches: 3
[627793.637720] tee (3869599): drop_caches: 3
[627798.769077] tee (3869604): drop_caches: 3
[627804.291561] tee (3869614): drop_caches: 3
[627809.618217] tee (3869619): drop_caches: 3
[627815.308270] tee (3869626): drop_caches: 3
[627820.791259] tee (3869633): drop_caches: 3
[627825.912074] tee (3869651): drop_caches: 3
[627831.274366] tee (3869655): drop_caches: 3
[627836.248715] tee (3869660): drop_caches: 3
[627841.702344] tee (3869665): drop_caches: 3
[627846.988559] tee (3869671): drop_caches: 3
[627852.131975] tee (3869675): drop_caches: 3
[627857.231899] tee (3869680): drop_caches: 3
[627862.347675] tee (3869684): drop_caches: 3
[627867.488410] tee (3869689): drop_caches: 3
[627872.704748] tee (3869694): drop_caches: 3
[627878.516462] tee (3869744): drop_caches: 3
[627885.511758] tee (3869773): drop_caches: 3
[627892.711571] tee (3869781): drop_caches: 3
[627898.796227] tee (3869815): drop_caches: 3
[627904.143505] tee (3869821): drop_caches: 3
[627909.742631] tee (3869826): drop_caches: 3
[627914.969446] tee (3869831): drop_caches: 3
[627920.058630] tee (3869835): drop_caches: 3
[627925.290624] tee (3869841): drop_caches: 3
[627930.488720] tee (3869845): drop_caches: 3
[627935.740052] tee (3869851): drop_caches: 3
[627943.084858] tee (3869859): drop_caches: 3
[627947.643878] mix-mixA-arm01-3868687 phase=B END
[627948.156426] NVMeVirt: Measurement: command=stop epoch=1 host_bytes=131605438464 learner_active=0
[627951.244453] EXT4-fs (nvme0n1): unmounting filesystem 20405f89-60cf-43a7-b2d1-b135aca629df.
[627951.720523] pci_bus 0001:10: busn_res: [bus 10-ff] is released
[627951.720623] NVMeVirt: GC stats: ns=0 policy=cat-fig7-fixed host_pages=32130234 gc_pages=39467550 gc_count=1118716 WAF=2.228 warmup_gc=100-per-part
[627951.791952] NVMeVirt: Virtual NVMe device closed
