[720472.356269] mix-mixC-arm21-3961755 BEGIN
[720472.368101] NVMeVirt: Version 1.10 for >> Samsung 970 Pro SSD <<
[720472.368107] NVMeVirt: Storage: 0x100100000-0x300000000 (8191 MiB)
[720472.379481] NVMeVirt: Total Capacity(GiB,MiB)=2,2048 chs=2 luns=4 lines=8192 blk-size(MiB,KiB)=0,64 line-size(MiB,KiB)=0,256
[720472.390989] NVMeVirt: [chmodel_init] bandwidth 800 max_credits 26 tx_time 152
[720472.401969] NVMeVirt: [chmodel_init] bandwidth 800 max_credits 26 tx_time 152
[720472.401983] NVMeVirt: [chmodel_init] bandwidth 3360 max_credits 110 tx_time 36
[720472.401986] NVMeVirt: Fixed CAT init ns=0 part=0 arm=21 k=4 scale_pct=100 age_ratio=4
[720472.403194] NVMeVirt: pqueue: Copyright (c) 2014, Volkan Yazıcı <volkan.yazici@gmail.com>. All rights reserved.
[720472.403238] NVMeVirt: Init FTL instance with 2 channels (524288 pages)
[720472.403240] NVMeVirt: GC victim policy: cat-fig7-fixed ns=0 part=0 initial_k=4 initial_scale_pct=100 initial_age_ratio=4 warmup_gc=100
[720472.414027] NVMeVirt: [chmodel_init] bandwidth 800 max_credits 26 tx_time 152
[720472.424658] NVMeVirt: [chmodel_init] bandwidth 800 max_credits 26 tx_time 152
[720472.424673] NVMeVirt: [chmodel_init] bandwidth 3360 max_credits 110 tx_time 36
[720472.424675] NVMeVirt: Fixed CAT init ns=0 part=1 arm=21 k=4 scale_pct=100 age_ratio=4
[720472.425966] NVMeVirt: Init FTL instance with 2 channels (524288 pages)
[720472.425968] NVMeVirt: GC victim policy: cat-fig7-fixed ns=0 part=1 initial_k=4 initial_scale_pct=100 initial_age_ratio=4 warmup_gc=100
[720472.436781] NVMeVirt: [chmodel_init] bandwidth 800 max_credits 26 tx_time 152
[720472.447413] NVMeVirt: [chmodel_init] bandwidth 800 max_credits 26 tx_time 152
[720472.447426] NVMeVirt: [chmodel_init] bandwidth 3360 max_credits 110 tx_time 36
[720472.447428] NVMeVirt: Fixed CAT init ns=0 part=2 arm=21 k=4 scale_pct=100 age_ratio=4
[720472.448675] NVMeVirt: Init FTL instance with 2 channels (524288 pages)
[720472.448677] NVMeVirt: GC victim policy: cat-fig7-fixed ns=0 part=2 initial_k=4 initial_scale_pct=100 initial_age_ratio=4 warmup_gc=100
[720472.459182] NVMeVirt: [chmodel_init] bandwidth 800 max_credits 26 tx_time 152
[720472.469704] NVMeVirt: [chmodel_init] bandwidth 800 max_credits 26 tx_time 152
[720472.469717] NVMeVirt: [chmodel_init] bandwidth 3360 max_credits 110 tx_time 36
[720472.469719] NVMeVirt: Fixed CAT init ns=0 part=3 arm=21 k=4 scale_pct=100 age_ratio=4
[720472.471088] NVMeVirt: Init FTL instance with 2 channels (524288 pages)
[720472.471090] NVMeVirt: GC victim policy: cat-fig7-fixed ns=0 part=3 initial_k=4 initial_scale_pct=100 initial_age_ratio=4 warmup_gc=100
[720472.471097] NVMeVirt: FTL physical space: 8588886016, logical space: 8026996276 (physical/logical * 100 = 107)
[720472.471099] NVMeVirt: ns 0/1: size 7655 MiB
[720472.471147] PCI host bridge to bus 0001:10
[720472.471149] pci_bus 0001:10: root bus resource [io  0x0000-0xffff]
[720472.471152] pci_bus 0001:10: root bus resource [mem 0x00000000-0x7fffffffff]
[720472.471169] pci_bus 0001:10: root bus resource [bus 00-ff]
[720472.471177] pci 0001:10:00.0: [0c51:0110] type 00 class 0x010802 PCIe Endpoint
[720472.471181] pci 0001:10:00.0: BAR 0 [mem 0x100000000-0x100003fff 64bit]
[720472.471184] pci 0001:10:00.0: enabling Extended Tags
[720472.471371] NVMeVirt: Virtual PCI bus created (node 0)
[720472.471648] NVMeVirt: nvmev_io_worker_0 started on cpu 2 (node 0)
[720472.471716] NVMeVirt: Virtual NVMe device created
[720472.471865] NVMeVirt: nvmev_dispatcher started on cpu 1 (node 0)
[720472.471979] nvme nvme0: pci function 0001:10:00.0
[720472.473788] nvme nvme0: 8/0/0 default/read/poll queues
[720472.545013] EXT4-fs (nvme0n1): mounted filesystem 98f626dc-0ce3-4262-a613-09f3facbdf15 r/w with ordered data mode. Quota mode: none.
[720554.548792] NVMeVirt: Fixed CAT init ns=0 part=0 arm=21 k=4 scale_pct=100 age_ratio=4
[720554.548799] NVMeVirt: Fixed CAT init ns=0 part=1 arm=21 k=4 scale_pct=100 age_ratio=4
[720554.548802] NVMeVirt: Fixed CAT init ns=0 part=2 arm=21 k=4 scale_pct=100 age_ratio=4
[720554.548804] NVMeVirt: Fixed CAT init ns=0 part=3 arm=21 k=4 scale_pct=100 age_ratio=4
[720554.548806] NVMeVirt: Measurement: command=start epoch=1 host_bytes=0 learner_active=1
[720554.557552] mix-mixC-arm21-3961755 phase=A START
[721154.874354] mix-mixC-arm21-3961755 phase=A END
[721154.881272] mix-mixC-arm21-3961755 phase=B START
[721755.224000] mix-mixC-arm21-3961755 phase=B END
[721755.227091] NVMeVirt: Measurement: command=stop epoch=1 host_bytes=122966204416 learner_active=0
[721755.275798] EXT4-fs (nvme0n1): unmounting filesystem 98f626dc-0ce3-4262-a613-09f3facbdf15.
[721755.337703] pci_bus 0001:10: busn_res: [bus 10-ff] is released
[721755.337761] NVMeVirt: GC stats: ns=0 policy=cat-fig7-fixed host_pages=30021046 gc_pages=31012061 gc_count=953642 WAF=2.033 warmup_gc=100-per-part
[721755.412021] NVMeVirt: Virtual NVMe device closed
