[320321.435445] mix-mixC-online-714945 BEGIN
[320321.502120] NVMeVirt: Version 1.10 for >> Samsung 970 Pro SSD <<
[320321.502128] NVMeVirt: Storage: 0x100100000-0x300000000 (8191 MiB)
[320321.513230] NVMeVirt: Total Capacity(GiB,MiB)=2,2048 chs=2 luns=4 lines=8192 blk-size(MiB,KiB)=0,64 line-size(MiB,KiB)=0,256
[320321.523943] NVMeVirt: [chmodel_init] bandwidth 800 max_credits 26 tx_time 152
[320321.534761] NVMeVirt: [chmodel_init] bandwidth 800 max_credits 26 tx_time 152
[320321.534778] NVMeVirt: [chmodel_init] bandwidth 3360 max_credits 110 tx_time 36
[320321.534781] NVMeVirt: WATGC_V2 init ns=0 part=0 arms=60 initial=37 prior=none gamma_q16=65503 exploration_q16=16384
[320321.536279] NVMeVirt: pqueue: Copyright (c) 2014, Volkan Yazıcı <volkan.yazici@gmail.com>. All rights reserved.
[320321.536322] NVMeVirt: Init FTL instance with 2 channels (524288 pages)
[320321.536324] NVMeVirt: GC victim policy: watgc-v2 ns=0 part=0 initial_k=7 initial_scale_pct=100 initial_age_ratio=7 warmup_gc=100
[320321.547160] NVMeVirt: [chmodel_init] bandwidth 800 max_credits 26 tx_time 152
[320321.558321] NVMeVirt: [chmodel_init] bandwidth 800 max_credits 26 tx_time 152
[320321.558334] NVMeVirt: [chmodel_init] bandwidth 3360 max_credits 110 tx_time 36
[320321.558336] NVMeVirt: WATGC_V2 init ns=0 part=1 arms=60 initial=37 prior=none gamma_q16=65503 exploration_q16=16384
[320321.559595] NVMeVirt: Init FTL instance with 2 channels (524288 pages)
[320321.559598] NVMeVirt: GC victim policy: watgc-v2 ns=0 part=1 initial_k=7 initial_scale_pct=100 initial_age_ratio=7 warmup_gc=100
[320321.570883] NVMeVirt: [chmodel_init] bandwidth 800 max_credits 26 tx_time 152
[320321.581385] NVMeVirt: [chmodel_init] bandwidth 800 max_credits 26 tx_time 152
[320321.581399] NVMeVirt: [chmodel_init] bandwidth 3360 max_credits 110 tx_time 36
[320321.581401] NVMeVirt: WATGC_V2 init ns=0 part=2 arms=60 initial=37 prior=none gamma_q16=65503 exploration_q16=16384
[320321.582710] NVMeVirt: Init FTL instance with 2 channels (524288 pages)
[320321.582713] NVMeVirt: GC victim policy: watgc-v2 ns=0 part=2 initial_k=7 initial_scale_pct=100 initial_age_ratio=7 warmup_gc=100
[320321.593326] NVMeVirt: [chmodel_init] bandwidth 800 max_credits 26 tx_time 152
[320321.604908] NVMeVirt: [chmodel_init] bandwidth 800 max_credits 26 tx_time 152
[320321.604924] NVMeVirt: [chmodel_init] bandwidth 3360 max_credits 110 tx_time 36
[320321.604927] NVMeVirt: WATGC_V2 init ns=0 part=3 arms=60 initial=37 prior=none gamma_q16=65503 exploration_q16=16384
[320321.606272] NVMeVirt: Init FTL instance with 2 channels (524288 pages)
[320321.606276] NVMeVirt: GC victim policy: watgc-v2 ns=0 part=3 initial_k=7 initial_scale_pct=100 initial_age_ratio=7 warmup_gc=100
[320321.606282] NVMeVirt: FTL physical space: 8588886016, logical space: 8026996276 (physical/logical * 100 = 107)
[320321.606284] NVMeVirt: ns 0/1: size 7655 MiB
[320321.606333] PCI host bridge to bus 0001:10
[320321.606336] pci_bus 0001:10: root bus resource [io  0x0000-0xffff]
[320321.606339] pci_bus 0001:10: root bus resource [mem 0x00000000-0x7fffffffff]
[320321.606342] pci_bus 0001:10: root bus resource [bus 00-ff]
[320321.606350] pci 0001:10:00.0: [0c51:0110] type 00 class 0x010802 PCIe Endpoint
[320321.606355] pci 0001:10:00.0: BAR 0 [mem 0x100000000-0x100003fff 64bit]
[320321.606358] pci 0001:10:00.0: enabling Extended Tags
[320321.606497] NVMeVirt: Virtual PCI bus created (node 0)
[320321.606790] NVMeVirt: nvmev_io_worker_0 started on cpu 2 (node 0)
[320321.606866] NVMeVirt: Virtual NVMe device created
[320321.607094] nvme nvme0: pci function 0001:10:00.0
[320321.608086] NVMeVirt: nvmev_dispatcher started on cpu 1 (node 0)
[320321.610804] nvme nvme0: 8/0/0 default/read/poll queues
[320322.347757] EXT4-fs (nvme0n1): mounted filesystem 4c872410-1b34-4dc6-91b4-38b777161319 r/w with ordered data mode. Quota mode: none.
[320404.615475] NVMeVirt: WATGC_V2 init ns=0 part=0 arms=60 initial=37 prior=none gamma_q16=65503 exploration_q16=16384
[320404.615482] NVMeVirt: WATGC_V2 init ns=0 part=1 arms=60 initial=37 prior=none gamma_q16=65503 exploration_q16=16384
[320404.615485] NVMeVirt: WATGC_V2 init ns=0 part=2 arms=60 initial=37 prior=none gamma_q16=65503 exploration_q16=16384
[320404.615487] NVMeVirt: WATGC_V2 init ns=0 part=3 arms=60 initial=37 prior=none gamma_q16=65503 exploration_q16=16384
[320404.615490] NVMeVirt: Measurement: command=start epoch=1 host_bytes=0 learner_active=1
[320404.624034] mix-mixC-online-714945 phase=A START
[320406.190694] NVMeVirt: WATGC_V2 warmup-done ns=0 part=2 gc_count=2818
[320406.208269] NVMeVirt: WATGC_V2 warmup-done ns=0 part=1 gc_count=2815
[320406.225281] NVMeVirt: WATGC_V2 warmup-done ns=0 part=3 gc_count=2820
[320406.234483] NVMeVirt: WATGC_V2 warmup-done ns=0 part=0 gc_count=2840
[320445.479875] NVMeVirt: WATGC_V2 sample ns=0 part=3 epoch=1 window=1 phase=measure evaluated=37 k=7 scale_pct=100 age_ratio=7 host=65557 gc_pages=58202 gc_count=1934 waf_q16=123719 best=37 next=0 settled=0
[320445.522363] NVMeVirt: WATGC_V2 sample ns=0 part=2 epoch=1 window=1 phase=measure evaluated=37 k=7 scale_pct=100 age_ratio=7 host=65557 gc_pages=58852 gc_count=1944 waf_q16=124369 best=37 next=0 settled=0
[320445.594070] NVMeVirt: WATGC_V2 sample ns=0 part=1 epoch=1 window=1 phase=measure evaluated=37 k=7 scale_pct=100 age_ratio=7 host=65554 gc_pages=58660 gc_count=1941 waf_q16=124179 best=37 next=0 settled=0
[320445.602584] NVMeVirt: WATGC_V2 sample ns=0 part=0 epoch=1 window=1 phase=measure evaluated=37 k=7 scale_pct=100 age_ratio=7 host=65547 gc_pages=58167 gc_count=1933 waf_q16=123693 best=37 next=0 settled=0
[320464.979866] mix-mixC-online-714945 phase=A END
[320464.987149] mix-mixC-online-714945 phase=B START
[320470.207040] NVMeVirt: WATGC_V2 sample ns=0 part=3 epoch=1 window=2 phase=measure evaluated=0 k=2 scale_pct=25 age_ratio=4 host=65559 gc_pages=51814 gc_count=1834 waf_q16=117331 best=0 next=1 settled=0
[320470.223994] NVMeVirt: WATGC_V2 sample ns=0 part=2 epoch=1 window=2 phase=measure evaluated=0 k=2 scale_pct=25 age_ratio=4 host=65570 gc_pages=50912 gc_count=1820 waf_q16=116421 best=0 next=1 settled=0
[320470.244417] NVMeVirt: WATGC_V2 sample ns=0 part=1 epoch=1 window=2 phase=measure evaluated=0 k=2 scale_pct=25 age_ratio=4 host=65572 gc_pages=50652 gc_count=1816 waf_q16=116160 best=0 next=1 settled=0
[320470.262272] NVMeVirt: WATGC_V2 sample ns=0 part=0 epoch=1 window=2 phase=measure evaluated=0 k=2 scale_pct=25 age_ratio=4 host=65539 gc_pages=51838 gc_count=1834 waf_q16=117371 best=0 next=1 settled=0
[320480.023547] NVMeVirt: WATGC_V2 sample ns=0 part=2 epoch=1 window=3 phase=measure evaluated=1 k=2 scale_pct=25 age_ratio=7 host=65553 gc_pages=44528 gc_count=1720 waf_q16=110052 best=1 next=2 settled=0
[320480.059948] NVMeVirt: WATGC_V2 sample ns=0 part=3 epoch=1 window=3 phase=measure evaluated=1 k=2 scale_pct=25 age_ratio=7 host=65539 gc_pages=46913 gc_count=1757 waf_q16=112446 best=1 next=2 settled=0
[320480.085005] NVMeVirt: WATGC_V2 sample ns=0 part=1 epoch=1 window=3 phase=measure evaluated=1 k=2 scale_pct=25 age_ratio=7 host=65543 gc_pages=44593 gc_count=1721 waf_q16=110124 best=1 next=2 settled=0
[320480.102304] NVMeVirt: WATGC_V2 sample ns=0 part=0 epoch=1 window=3 phase=measure evaluated=1 k=2 scale_pct=25 age_ratio=7 host=65568 gc_pages=45409 gc_count=1734 waf_q16=110922 best=1 next=2 settled=0
[320489.863006] NVMeVirt: WATGC_V2 sample ns=0 part=2 epoch=1 window=4 phase=measure evaluated=2 k=2 scale_pct=25 age_ratio=16 host=65536 gc_pages=67717 gc_count=2082 waf_q16=133253 best=1 next=3 settled=0
[320489.909876] NVMeVirt: WATGC_V2 sample ns=0 part=0 epoch=1 window=4 phase=measure evaluated=2 k=2 scale_pct=25 age_ratio=16 host=65545 gc_pages=68924 gc_count=2101 waf_q16=134450 best=1 next=3 settled=0
[320489.911511] NVMeVirt: WATGC_V2 sample ns=0 part=3 epoch=1 window=4 phase=measure evaluated=2 k=2 scale_pct=25 age_ratio=16 host=65537 gc_pages=69509 gc_count=2110 waf_q16=135043 best=1 next=3 settled=0
[320489.920596] NVMeVirt: WATGC_V2 sample ns=0 part=1 epoch=1 window=4 phase=measure evaluated=2 k=2 scale_pct=25 age_ratio=16 host=65554 gc_pages=69492 gc_count=2110 waf_q16=135008 best=1 next=3 settled=0
[320499.702082] NVMeVirt: WATGC_V2 sample ns=0 part=2 epoch=1 window=5 phase=measure evaluated=3 k=2 scale_pct=50 age_ratio=4 host=65541 gc_pages=75516 gc_count=2204 waf_q16=141046 best=1 next=4 settled=0
[320499.720194] NVMeVirt: WATGC_V2 sample ns=0 part=3 epoch=1 window=5 phase=measure evaluated=3 k=2 scale_pct=50 age_ratio=4 host=65537 gc_pages=75264 gc_count=2200 waf_q16=140798 best=1 next=4 settled=0
[320499.746464] NVMeVirt: WATGC_V2 sample ns=0 part=0 epoch=1 window=5 phase=measure evaluated=3 k=2 scale_pct=50 age_ratio=4 host=65555 gc_pages=76590 gc_count=2221 waf_q16=142103 best=1 next=4 settled=0
[320499.760548] NVMeVirt: WATGC_V2 sample ns=0 part=1 epoch=1 window=5 phase=measure evaluated=3 k=2 scale_pct=50 age_ratio=4 host=65540 gc_pages=76093 gc_count=2213 waf_q16=141624 best=1 next=4 settled=0
[320509.546387] NVMeVirt: WATGC_V2 sample ns=0 part=2 epoch=1 window=6 phase=measure evaluated=4 k=2 scale_pct=50 age_ratio=7 host=65544 gc_pages=74302 gc_count=2185 waf_q16=139828 best=1 next=5 settled=0
[320509.548993] NVMeVirt: WATGC_V2 sample ns=0 part=3 epoch=1 window=6 phase=measure evaluated=4 k=2 scale_pct=50 age_ratio=7 host=65543 gc_pages=74879 gc_count=2194 waf_q16=140407 best=1 next=5 settled=0
[320509.579182] NVMeVirt: WATGC_V2 sample ns=0 part=0 epoch=1 window=6 phase=measure evaluated=4 k=2 scale_pct=50 age_ratio=7 host=65540 gc_pages=76354 gc_count=2217 waf_q16=141885 best=1 next=5 settled=0
[320509.587153] NVMeVirt: WATGC_V2 sample ns=0 part=1 epoch=1 window=6 phase=measure evaluated=4 k=2 scale_pct=50 age_ratio=7 host=65539 gc_pages=75587 gc_count=2205 waf_q16=141119 best=1 next=5 settled=0
[320519.371707] NVMeVirt: WATGC_V2 sample ns=0 part=2 epoch=1 window=7 phase=measure evaluated=5 k=2 scale_pct=50 age_ratio=16 host=65561 gc_pages=72547 gc_count=2158 waf_q16=138055 best=1 next=6 settled=0
[320519.385912] NVMeVirt: WATGC_V2 sample ns=0 part=3 epoch=1 window=7 phase=measure evaluated=5 k=2 scale_pct=50 age_ratio=16 host=65551 gc_pages=71404 gc_count=2140 waf_q16=136923 best=1 next=6 settled=0
[320519.409364] NVMeVirt: WATGC_V2 sample ns=0 part=1 epoch=1 window=7 phase=measure evaluated=5 k=2 scale_pct=50 age_ratio=16 host=65567 gc_pages=73052 gc_count=2166 waf_q16=138553 best=1 next=6 settled=0
[320519.428056] NVMeVirt: WATGC_V2 sample ns=0 part=0 epoch=1 window=7 phase=measure evaluated=5 k=2 scale_pct=50 age_ratio=16 host=65569 gc_pages=72027 gc_count=2150 waf_q16=137526 best=1 next=6 settled=0
[320525.309070] mix-mixC-online-714945 phase=B END
[320525.312364] NVMeVirt: Measurement: command=stop epoch=1 host_bytes=12288462848 learner_active=0
[320525.363995] EXT4-fs (nvme0n1): unmounting filesystem 4c872410-1b34-4dc6-91b4-38b777161319.
[320525.419022] pci_bus 0001:10: busn_res: [bus 10-ff] is released
[320525.419083] NVMeVirt: WATGC_V2 summary ns=0 part=0 epoch=1 windows=7 epoch_windows=7 discarded=0 visited=7 covered=0 settled=0 phase=2 current=6 best=1 k=2 scale_pct=25 age_ratio=7 best_waf_valid=1 best_waf_q16=110922
[320525.419088] NVMeVirt: WATGC_V2 summary ns=0 part=1 epoch=1 windows=7 epoch_windows=7 discarded=0 visited=7 covered=0 settled=0 phase=2 current=6 best=1 k=2 scale_pct=25 age_ratio=7 best_waf_valid=1 best_waf_q16=110124
[320525.419091] NVMeVirt: WATGC_V2 summary ns=0 part=2 epoch=1 windows=7 epoch_windows=7 discarded=0 visited=7 covered=0 settled=0 phase=2 current=6 best=1 k=2 scale_pct=25 age_ratio=7 best_waf_valid=1 best_waf_q16=110052
[320525.419094] NVMeVirt: WATGC_V2 summary ns=0 part=3 epoch=1 windows=7 epoch_windows=7 discarded=0 visited=7 covered=0 settled=0 phase=2 current=6 best=1 k=2 scale_pct=25 age_ratio=7 best_waf_valid=1 best_waf_q16=112446
[320525.419096] NVMeVirt: GC stats: ns=0 policy=watgc-v2 host_pages=3000113 gc_pages=2887960 gc_count=92001 WAF=1.962 warmup_gc=100-per-part
[320525.494749] NVMeVirt: Virtual NVMe device closed
