[2329703.755887] mix-mixX-fixed50-1608588 BEGIN
[2329703.893006] NVMeVirt: Version 1.10 for >> Samsung 970 Pro SSD <<
[2329703.893014] NVMeVirt: Storage: 0x100100000-0x300000000 (8191 MiB)
[2329703.903767] NVMeVirt: Total Capacity(GiB,MiB)=2,2048 chs=2 luns=4 lines=8192 blk-size(MiB,KiB)=0,64 line-size(MiB,KiB)=0,256
[2329703.915270] NVMeVirt: [chmodel_init] bandwidth 800 max_credits 26 tx_time 152
[2329703.926675] NVMeVirt: [chmodel_init] bandwidth 800 max_credits 26 tx_time 152
[2329703.926695] NVMeVirt: [chmodel_init] bandwidth 3360 max_credits 110 tx_time 36
[2329703.926698] NVMeVirt: Fixed CAT init ns=0 part=0 arm=50 k=10 scale_pct=50 age_ratio=16
[2329703.927622] NVMeVirt: pqueue: Copyright (c) 2014, Volkan Yazıcı <volkan.yazici@gmail.com>. All rights reserved.
[2329703.927660] NVMeVirt: Init FTL instance with 2 channels (524288 pages)
[2329703.927662] NVMeVirt: GC victim policy: cat-fig7-fixed ns=0 part=0 initial_k=10 initial_scale_pct=50 initial_age_ratio=16 warmup_gc=100
[2329703.938661] NVMeVirt: [chmodel_init] bandwidth 800 max_credits 26 tx_time 152
[2329703.949398] NVMeVirt: [chmodel_init] bandwidth 800 max_credits 26 tx_time 152
[2329703.949412] NVMeVirt: [chmodel_init] bandwidth 3360 max_credits 110 tx_time 36
[2329703.949415] NVMeVirt: Fixed CAT init ns=0 part=1 arm=50 k=10 scale_pct=50 age_ratio=16
[2329703.950401] NVMeVirt: Init FTL instance with 2 channels (524288 pages)
[2329703.950404] NVMeVirt: GC victim policy: cat-fig7-fixed ns=0 part=1 initial_k=10 initial_scale_pct=50 initial_age_ratio=16 warmup_gc=100
[2329703.961262] NVMeVirt: [chmodel_init] bandwidth 800 max_credits 26 tx_time 152
[2329703.971871] NVMeVirt: [chmodel_init] bandwidth 800 max_credits 26 tx_time 152
[2329703.971884] NVMeVirt: [chmodel_init] bandwidth 3360 max_credits 110 tx_time 36
[2329703.971886] NVMeVirt: Fixed CAT init ns=0 part=2 arm=50 k=10 scale_pct=50 age_ratio=16
[2329703.972767] NVMeVirt: Init FTL instance with 2 channels (524288 pages)
[2329703.972770] NVMeVirt: GC victim policy: cat-fig7-fixed ns=0 part=2 initial_k=10 initial_scale_pct=50 initial_age_ratio=16 warmup_gc=100
[2329703.983420] NVMeVirt: [chmodel_init] bandwidth 800 max_credits 26 tx_time 152
[2329703.994583] NVMeVirt: [chmodel_init] bandwidth 800 max_credits 26 tx_time 152
[2329703.994597] NVMeVirt: [chmodel_init] bandwidth 3360 max_credits 110 tx_time 36
[2329703.994599] NVMeVirt: Fixed CAT init ns=0 part=3 arm=50 k=10 scale_pct=50 age_ratio=16
[2329703.995501] NVMeVirt: Init FTL instance with 2 channels (524288 pages)
[2329703.995504] NVMeVirt: GC victim policy: cat-fig7-fixed ns=0 part=3 initial_k=10 initial_scale_pct=50 initial_age_ratio=16 warmup_gc=100
[2329703.995511] NVMeVirt: FTL physical space: 8588886016, logical space: 8026996276 (physical/logical * 100 = 107)
[2329703.995513] NVMeVirt: ns 0/1: size 7655 MiB
[2329703.995563] PCI host bridge to bus 0001:10
[2329703.995565] pci_bus 0001:10: root bus resource [io  0x0000-0xffff]
[2329703.995568] pci_bus 0001:10: root bus resource [mem 0x00000000-0x7fffffffff]
[2329703.995570] pci_bus 0001:10: root bus resource [bus 00-ff]
[2329703.995591] pci 0001:10:00.0: [0c51:0110] type 00 class 0x010802 PCIe Endpoint
[2329703.995596] pci 0001:10:00.0: BAR 0 [mem 0x100000000-0x100003fff 64bit]
[2329703.995598] pci 0001:10:00.0: enabling Extended Tags
[2329703.995741] NVMeVirt: Virtual PCI bus created (node 0)
[2329703.996096] NVMeVirt: nvmev_io_worker_0 started on cpu 2 (node 0)
[2329703.996257] NVMeVirt: nvmev_dispatcher started on cpu 1 (node 0)
[2329703.996268] NVMeVirt: Virtual NVMe device created
[2329703.996442] nvme nvme0: pci function 0001:10:00.0
[2329703.998594] nvme nvme0: 8/0/0 default/read/poll queues
[2329704.955602] EXT4-fs (nvme0n1): mounted filesystem 4435852f-c163-4cba-9698-a53f952a5f64 r/w with ordered data mode. Quota mode: none.
[2329787.485043] NVMeVirt: Fixed CAT init ns=0 part=0 arm=50 k=10 scale_pct=50 age_ratio=16
[2329787.485050] NVMeVirt: Fixed CAT init ns=0 part=1 arm=50 k=10 scale_pct=50 age_ratio=16
[2329787.485053] NVMeVirt: Fixed CAT init ns=0 part=2 arm=50 k=10 scale_pct=50 age_ratio=16
[2329787.485056] NVMeVirt: Fixed CAT init ns=0 part=3 arm=50 k=10 scale_pct=50 age_ratio=16
[2329787.485058] NVMeVirt: Measurement: command=start epoch=1 host_bytes=0 learner_active=1
[2329787.495717] mix-mixX-fixed50-1608588 phase=S01 START
[2331587.826419] mix-mixX-fixed50-1608588 phase=S01 END
[2331587.908312] mix-mixX-fixed50-1608588 phase=S02 START
[2333390.839525] mix-mixX-fixed50-1608588 phase=S02 chunk=1/1 done
[2333391.795132] mix-mixX-fixed50-1608588 phase=S02 END
[2333391.837597] mix-mixX-fixed50-1608588 phase=S03 START
[2334312.325559] mix-mixX-fixed50-1608588 phase=S03 chunk=1/2 done
[2335216.967094] mix-mixX-fixed50-1608588 phase=S03 chunk=2/2 done
[2335217.620813] mix-mixX-fixed50-1608588 phase=S03 END
[2335217.647471] mix-mixX-fixed50-1608588 phase=S04 START
[2337020.103089] mix-mixX-fixed50-1608588 phase=S04 END
[2337020.162683] mix-mixX-fixed50-1608588 phase=S05 START
[2337347.268853] audit: type=1400 audit(1791460852.311:5561): apparmor="DENIED" operation="open" class="file" profile="snap.firmware-updater.firmware-notifier" name="/proc/sys/vm/max_map_count" pid=1650128 comm="firmware-notifi" requested_mask="r" denied_mask="r" fsuid=1000 ouid=0
[2337348.788237] audit: type=1400 audit(1791460853.830:5562): apparmor="DENIED" operation="open" class="file" profile="snap.firmware-updater.firmware-notifier" name="/proc/sys/vm/max_map_count" pid=1650377 comm="firmware-notifi" requested_mask="r" denied_mask="r" fsuid=1000 ouid=0
[2337349.574828] audit: type=1400 audit(1791460854.617:5563): apparmor="DENIED" operation="open" class="file" profile="snap.firmware-updater.firmware-notifier" name="/proc/sys/vm/max_map_count" pid=1650446 comm="firmware-notifi" requested_mask="r" denied_mask="r" fsuid=1000 ouid=0
[2337350.325209] audit: type=1400 audit(1791460855.367:5564): apparmor="DENIED" operation="open" class="file" profile="snap.firmware-updater.firmware-notifier" name="/proc/sys/vm/max_map_count" pid=1650521 comm="firmware-notifi" requested_mask="r" denied_mask="r" fsuid=1000 ouid=0
[2337350.999173] audit: type=1400 audit(1791460856.041:5565): apparmor="DENIED" operation="open" class="file" profile="snap.firmware-updater.firmware-notifier" name="/proc/sys/vm/max_map_count" pid=1650589 comm="firmware-notifi" requested_mask="r" denied_mask="r" fsuid=1000 ouid=0
[2337924.706909] mix-mixX-fixed50-1608588 phase=S05 chunk=1/2 done
[2338829.519210] mix-mixX-fixed50-1608588 phase=S05 chunk=2/2 done
[2338829.943594] mix-mixX-fixed50-1608588 phase=S05 END
[2338830.024360] mix-mixX-fixed50-1608588 phase=S06 START
[2340632.894548] mix-mixX-fixed50-1608588 phase=S06 chunk=1/1 done
[2340633.664965] mix-mixX-fixed50-1608588 phase=S06 END
[2340633.672718] mix-mixX-fixed50-1608588 phase=S07 START
[2342434.757514] mix-mixX-fixed50-1608588 phase=S07 END
[2342434.769703] mix-mixX-fixed50-1608588 phase=S08 START
[2344237.681760] mix-mixX-fixed50-1608588 phase=S08 chunk=1/1 done
[2344238.500262] mix-mixX-fixed50-1608588 phase=S08 END
[2344238.529666] mix-mixX-fixed50-1608588 phase=S09 START
[2345143.148937] mix-mixX-fixed50-1608588 phase=S09 chunk=1/2 done
[2346047.662032] mix-mixX-fixed50-1608588 phase=S09 chunk=2/2 done
[2346048.149534] mix-mixX-fixed50-1608588 phase=S09 END
[2346048.338425] mix-mixX-fixed50-1608588 phase=S10 START
[2347849.570420] mix-mixX-fixed50-1608588 phase=S10 END
[2347849.613047] mix-mixX-fixed50-1608588 phase=S11 START
[2348109.583966] audit: type=1400 audit(1791471614.432:5566): apparmor="DENIED" operation="capable" class="cap" profile="/usr/sbin/cupsd" pid=1734116 comm="cupsd" capability=12  capname="net_admin"
[2348138.278258] audit: type=1400 audit(1791471643.131:5567): apparmor="DENIED" operation="open" class="file" profile="snap.firmware-updater.firmware-notifier" name="/proc/sys/vm/max_map_count" pid=1734804 comm="firmware-notifi" requested_mask="r" denied_mask="r" fsuid=1000 ouid=0
[2348140.095763] audit: type=1400 audit(1791471644.949:5568): apparmor="DENIED" operation="open" class="file" profile="snap.firmware-updater.firmware-notifier" name="/proc/sys/vm/max_map_count" pid=1735179 comm="firmware-notifi" requested_mask="r" denied_mask="r" fsuid=1000 ouid=0
[2348140.960742] audit: type=1400 audit(1791471645.814:5569): apparmor="DENIED" operation="open" class="file" profile="snap.firmware-updater.firmware-notifier" name="/proc/sys/vm/max_map_count" pid=1735297 comm="firmware-notifi" requested_mask="r" denied_mask="r" fsuid=1000 ouid=0
[2348141.934202] audit: type=1400 audit(1791471646.787:5570): apparmor="DENIED" operation="open" class="file" profile="snap.firmware-updater.firmware-notifier" name="/proc/sys/vm/max_map_count" pid=1735369 comm="firmware-notifi" requested_mask="r" denied_mask="r" fsuid=1000 ouid=0
[2348142.701776] audit: type=1400 audit(1791471647.555:5571): apparmor="DENIED" operation="open" class="file" profile="snap.firmware-updater.firmware-notifier" name="/proc/sys/vm/max_map_count" pid=1735442 comm="firmware-notifi" requested_mask="r" denied_mask="r" fsuid=1000 ouid=0
[2348143.795756] audit: type=1400 audit(1791471648.648:5572): apparmor="DENIED" operation="open" class="file" profile="snap.firmware-updater.firmware-notifier" name="/proc/sys/vm/max_map_count" pid=1735517 comm="firmware-notifi" requested_mask="r" denied_mask="r" fsuid=1000 ouid=0
[2348144.692505] audit: type=1400 audit(1791471649.545:5573): apparmor="DENIED" operation="open" class="file" profile="snap.firmware-updater.firmware-notifier" name="/proc/sys/vm/max_map_count" pid=1735587 comm="firmware-notifi" requested_mask="r" denied_mask="r" fsuid=1000 ouid=0
[2348145.431646] audit: type=1400 audit(1791471650.284:5574): apparmor="DENIED" operation="open" class="file" profile="snap.firmware-updater.firmware-notifier" name="/proc/sys/vm/max_map_count" pid=1735657 comm="firmware-notifi" requested_mask="r" denied_mask="r" fsuid=1000 ouid=0
[2348146.253834] audit: type=1400 audit(1791471651.107:5575): apparmor="DENIED" operation="open" class="file" profile="snap.firmware-updater.firmware-notifier" name="/proc/sys/vm/max_map_count" pid=1735740 comm="firmware-notifi" requested_mask="r" denied_mask="r" fsuid=1000 ouid=0
[2348147.200331] audit: type=1400 audit(1791471652.052:5576): apparmor="DENIED" operation="open" class="file" profile="snap.firmware-updater.firmware-notifier" name="/proc/sys/vm/max_map_count" pid=1735820 comm="firmware-notifi" requested_mask="r" denied_mask="r" fsuid=1000 ouid=0
[2348237.602237] audit: type=1107 audit(1791471742.453:5577): pid=1434 uid=101 auid=4294967295 ses=4294967295 subj=unconfined msg='apparmor="DENIED" operation="dbus_signal"  bus="system" path="/com/redhat/PrinterSpooler" interface="com.redhat.PrinterSpooler" member="QueueChanged" mask="send" name="org.freedesktop.DBus" pid=2346525 label="snap.cups.cupsd" peer_pid=4752 peer_label="unconfined"
                  exe="/usr/bin/dbus-daemon" sauid=101 hostname=? addr=? terminal=?'
[2348240.718727] audit: type=1107 audit(1791471745.570:5578): pid=1434 uid=101 auid=4294967295 ses=4294967295 subj=unconfined msg='apparmor="DENIED" operation="dbus_signal"  bus="system" path="/com/redhat/PrinterSpooler" interface="com.redhat.PrinterSpooler" member="QueueChanged" mask="send" name="org.freedesktop.DBus" pid=2346525 label="snap.cups.cupsd" peer_pid=4752 peer_label="unconfined"
[2348273.834138] audit: type=1107 audit(1791471778.684:5579): pid=1434 uid=101 auid=4294967295 ses=4294967295 subj=unconfined msg='apparmor="DENIED" operation="dbus_signal"  bus="system" path="/com/redhat/PrinterSpooler" interface="com.redhat.PrinterSpooler" member="QueueChanged" mask="send" name="org.freedesktop.DBus" pid=2346525 label="snap.cups.cupsd" peer_pid=4752 peer_label="unconfined"
[2348376.009035] audit: type=1107 audit(1791471880.858:5580): pid=1434 uid=101 auid=4294967295 ses=4294967295 subj=unconfined msg='apparmor="DENIED" operation="dbus_signal"  bus="system" path="/com/redhat/PrinterSpooler" interface="com.redhat.PrinterSpooler" member="QueueChanged" mask="send" name="org.freedesktop.DBus" pid=2346525 label="snap.cups.cupsd" peer_pid=4752 peer_label="unconfined"
[2348415.811683] audit: type=1107 audit(1791471920.664:5581): pid=1434 uid=101 auid=4294967295 ses=4294967295 subj=unconfined msg='apparmor="DENIED" operation="dbus_signal"  bus="system" path="/com/redhat/PrinterSpooler" interface="com.redhat.PrinterSpooler" member="QueueChanged" mask="send" name="org.freedesktop.DBus" pid=2346525 label="snap.cups.cupsd" peer_pid=4752 peer_label="unconfined"
[2348428.874072] audit: type=1107 audit(1791471933.727:5582): pid=1434 uid=101 auid=4294967295 ses=4294967295 subj=unconfined msg='apparmor="DENIED" operation="dbus_signal"  bus="system" path="/com/redhat/PrinterSpooler" interface="com.redhat.PrinterSpooler" member="QueueChanged" mask="send" name="org.freedesktop.DBus" pid=2346525 label="snap.cups.cupsd" peer_pid=4752 peer_label="unconfined"
[2348754.474360] mix-mixX-fixed50-1608588 phase=S11 chunk=1/2 done
[2349659.151640] mix-mixX-fixed50-1608588 phase=S11 chunk=2/2 done
[2349659.695090] mix-mixX-fixed50-1608588 phase=S11 END
[2349659.900773] mix-mixX-fixed50-1608588 phase=S12 START
[2351462.978477] mix-mixX-fixed50-1608588 phase=S12 chunk=1/1 done
[2351463.816259] mix-mixX-fixed50-1608588 phase=S12 END
[2351463.824954] mix-mixX-fixed50-1608588 phase=S13 START
[2353265.116717] mix-mixX-fixed50-1608588 phase=S13 END
[2353265.129197] mix-mixX-fixed50-1608588 phase=S14 START
[2355067.981945] mix-mixX-fixed50-1608588 phase=S14 chunk=1/1 done
[2355068.721986] mix-mixX-fixed50-1608588 phase=S14 END
[2355068.763686] mix-mixX-fixed50-1608588 phase=S15 START
[2355973.657962] mix-mixX-fixed50-1608588 phase=S15 chunk=1/2 done
[2356892.167697] mix-mixX-fixed50-1608588 phase=S15 chunk=2/2 done
[2356892.856013] mix-mixX-fixed50-1608588 phase=S15 END
[2356892.863881] mix-mixX-fixed50-1608588 phase=S16 START
[2358694.613678] mix-mixX-fixed50-1608588 phase=S16 END
[2358694.655609] mix-mixX-fixed50-1608588 phase=S17 START
[2358947.780973] audit: type=1400 audit(1791482452.546:5583): apparmor="DENIED" operation="open" class="file" profile="snap.firmware-updater.firmware-notifier" name="/proc/sys/vm/max_map_count" pid=1864967 comm="firmware-notifi" requested_mask="r" denied_mask="r" fsuid=1000 ouid=0
[2358949.201926] audit: type=1400 audit(1791482453.967:5584): apparmor="DENIED" operation="open" class="file" profile="snap.firmware-updater.firmware-notifier" name="/proc/sys/vm/max_map_count" pid=1865211 comm="firmware-notifi" requested_mask="r" denied_mask="r" fsuid=1000 ouid=0
[2358950.132690] audit: type=1400 audit(1791482454.898:5585): apparmor="DENIED" operation="open" class="file" profile="snap.firmware-updater.firmware-notifier" name="/proc/sys/vm/max_map_count" pid=1865302 comm="firmware-notifi" requested_mask="r" denied_mask="r" fsuid=1000 ouid=0
[2358951.175076] audit: type=1400 audit(1791482455.940:5586): apparmor="DENIED" operation="open" class="file" profile="snap.firmware-updater.firmware-notifier" name="/proc/sys/vm/max_map_count" pid=1865384 comm="firmware-notifi" requested_mask="r" denied_mask="r" fsuid=1000 ouid=0
[2358952.047821] audit: type=1400 audit(1791482456.813:5587): apparmor="DENIED" operation="open" class="file" profile="snap.firmware-updater.firmware-notifier" name="/proc/sys/vm/max_map_count" pid=1865471 comm="firmware-notifi" requested_mask="r" denied_mask="r" fsuid=1000 ouid=0
[2358953.193531] audit: type=1400 audit(1791482457.959:5588): apparmor="DENIED" operation="open" class="file" profile="snap.firmware-updater.firmware-notifier" name="/proc/sys/vm/max_map_count" pid=1865563 comm="firmware-notifi" requested_mask="r" denied_mask="r" fsuid=1000 ouid=0
[2358954.084097] audit: type=1400 audit(1791482458.849:5589): apparmor="DENIED" operation="open" class="file" profile="snap.firmware-updater.firmware-notifier" name="/proc/sys/vm/max_map_count" pid=1865650 comm="firmware-notifi" requested_mask="r" denied_mask="r" fsuid=1000 ouid=0
[2358954.823201] audit: type=1400 audit(1791482459.589:5590): apparmor="DENIED" operation="open" class="file" profile="snap.firmware-updater.firmware-notifier" name="/proc/sys/vm/max_map_count" pid=1865723 comm="firmware-notifi" requested_mask="r" denied_mask="r" fsuid=1000 ouid=0
[2358955.654721] audit: type=1400 audit(1791482460.420:5591): apparmor="DENIED" operation="open" class="file" profile="snap.firmware-updater.firmware-notifier" name="/proc/sys/vm/max_map_count" pid=1865856 comm="firmware-notifi" requested_mask="r" denied_mask="r" fsuid=1000 ouid=0
[2358956.515052] audit: type=1400 audit(1791482461.280:5592): apparmor="DENIED" operation="open" class="file" profile="snap.firmware-updater.firmware-notifier" name="/proc/sys/vm/max_map_count" pid=1865930 comm="firmware-notifi" requested_mask="r" denied_mask="r" fsuid=1000 ouid=0
[2359599.468727] mix-mixX-fixed50-1608588 phase=S17 chunk=1/2 done
[2360504.735305] mix-mixX-fixed50-1608588 phase=S17 chunk=2/2 done
[2360505.266877] mix-mixX-fixed50-1608588 phase=S17 END
[2360505.376388] mix-mixX-fixed50-1608588 phase=S18 START
[2362308.373417] mix-mixX-fixed50-1608588 phase=S18 chunk=1/1 done
[2362309.156582] mix-mixX-fixed50-1608588 phase=S18 END
[2362309.165258] mix-mixX-fixed50-1608588 phase=S19 START
[2364110.492558] mix-mixX-fixed50-1608588 phase=S19 END
[2364110.531385] mix-mixX-fixed50-1608588 phase=S20 START
[2365913.338493] mix-mixX-fixed50-1608588 phase=S20 chunk=1/1 done
[2365914.143560] mix-mixX-fixed50-1608588 phase=S20 END
[2365914.304462] NVMeVirt: Measurement: command=stop epoch=1 host_bytes=9596654542848 learner_active=0
[2365914.888022] EXT4-fs (nvme0n1): unmounting filesystem 4435852f-c163-4cba-9698-a53f952a5f64.
[2365915.898719] pci_bus 0001:10: busn_res: [bus 10-ff] is released
[2365915.898814] NVMeVirt: GC stats: ns=0 policy=cat-fig7-fixed host_pages=2342933238 gc_pages=4483757018 gc_count=106667035 WAF=2.913 warmup_gc=100-per-part
[2365915.970477] NVMeVirt: Virtual NVMe device closed
