[633662.799341] mix-mixA-arm07-3876007 BEGIN
[633662.832406] NVMeVirt: Version 1.10 for >> Samsung 970 Pro SSD <<
[633662.832412] NVMeVirt: Storage: 0x100100000-0x300000000 (8191 MiB)
[633662.843206] NVMeVirt: Total Capacity(GiB,MiB)=2,2048 chs=2 luns=4 lines=8192 blk-size(MiB,KiB)=0,64 line-size(MiB,KiB)=0,256
[633662.854274] NVMeVirt: [chmodel_init] bandwidth 800 max_credits 26 tx_time 152
[633662.864949] NVMeVirt: [chmodel_init] bandwidth 800 max_credits 26 tx_time 152
[633662.864963] NVMeVirt: [chmodel_init] bandwidth 3360 max_credits 110 tx_time 36
[633662.864965] NVMeVirt: Fixed CAT init ns=0 part=0 arm=7 k=2 scale_pct=100 age_ratio=7
[633662.866151] NVMeVirt: pqueue: Copyright (c) 2014, Volkan Yazıcı <volkan.yazici@gmail.com>. All rights reserved.
[633662.866189] NVMeVirt: Init FTL instance with 2 channels (524288 pages)
[633662.866190] NVMeVirt: GC victim policy: cat-fig7-fixed ns=0 part=0 initial_k=2 initial_scale_pct=100 initial_age_ratio=7 warmup_gc=100
[633662.876840] NVMeVirt: [chmodel_init] bandwidth 800 max_credits 26 tx_time 152
[633662.887282] NVMeVirt: [chmodel_init] bandwidth 800 max_credits 26 tx_time 152
[633662.887296] NVMeVirt: [chmodel_init] bandwidth 3360 max_credits 110 tx_time 36
[633662.887298] NVMeVirt: Fixed CAT init ns=0 part=1 arm=7 k=2 scale_pct=100 age_ratio=7
[633662.888618] NVMeVirt: Init FTL instance with 2 channels (524288 pages)
[633662.888621] NVMeVirt: GC victim policy: cat-fig7-fixed ns=0 part=1 initial_k=2 initial_scale_pct=100 initial_age_ratio=7 warmup_gc=100
[633662.899104] NVMeVirt: [chmodel_init] bandwidth 800 max_credits 26 tx_time 152
[633662.909618] NVMeVirt: [chmodel_init] bandwidth 800 max_credits 26 tx_time 152
[633662.909631] NVMeVirt: [chmodel_init] bandwidth 3360 max_credits 110 tx_time 36
[633662.909633] NVMeVirt: Fixed CAT init ns=0 part=2 arm=7 k=2 scale_pct=100 age_ratio=7
[633662.910944] NVMeVirt: Init FTL instance with 2 channels (524288 pages)
[633662.910946] NVMeVirt: GC victim policy: cat-fig7-fixed ns=0 part=2 initial_k=2 initial_scale_pct=100 initial_age_ratio=7 warmup_gc=100
[633662.921438] NVMeVirt: [chmodel_init] bandwidth 800 max_credits 26 tx_time 152
[633662.931866] NVMeVirt: [chmodel_init] bandwidth 800 max_credits 26 tx_time 152
[633662.931878] NVMeVirt: [chmodel_init] bandwidth 3360 max_credits 110 tx_time 36
[633662.931880] NVMeVirt: Fixed CAT init ns=0 part=3 arm=7 k=2 scale_pct=100 age_ratio=7
[633662.933114] NVMeVirt: Init FTL instance with 2 channels (524288 pages)
[633662.933116] NVMeVirt: GC victim policy: cat-fig7-fixed ns=0 part=3 initial_k=2 initial_scale_pct=100 initial_age_ratio=7 warmup_gc=100
[633662.933122] NVMeVirt: FTL physical space: 8588886016, logical space: 8026996276 (physical/logical * 100 = 107)
[633662.933124] NVMeVirt: ns 0/1: size 7655 MiB
[633662.933173] PCI host bridge to bus 0001:10
[633662.933175] pci_bus 0001:10: root bus resource [io  0x0000-0xffff]
[633662.933178] pci_bus 0001:10: root bus resource [mem 0x00000000-0x7fffffffff]
[633662.933180] pci_bus 0001:10: root bus resource [bus 00-ff]
[633662.933201] pci 0001:10:00.0: [0c51:0110] type 00 class 0x010802 PCIe Endpoint
[633662.933205] pci 0001:10:00.0: BAR 0 [mem 0x100000000-0x100003fff 64bit]
[633662.933208] pci 0001:10:00.0: enabling Extended Tags
[633662.933330] NVMeVirt: Virtual PCI bus created (node 0)
[633662.933671] NVMeVirt: nvmev_io_worker_0 started on cpu 2 (node 0)
[633662.933768] NVMeVirt: nvmev_dispatcher started on cpu 1 (node 0)
[633662.933807] NVMeVirt: Virtual NVMe device created
[633662.933945] nvme nvme0: pci function 0001:10:00.0
[633662.938236] nvme nvme0: 8/0/0 default/read/poll queues
[633663.544758] EXT4-fs (nvme0n1): mounted filesystem ec64f726-20a7-46a0-a20b-f72352f2574a r/w with ordered data mode. Quota mode: none.
[633745.806798] NVMeVirt: Fixed CAT init ns=0 part=0 arm=7 k=2 scale_pct=100 age_ratio=7
[633745.806804] NVMeVirt: Fixed CAT init ns=0 part=1 arm=7 k=2 scale_pct=100 age_ratio=7
[633745.806806] NVMeVirt: Fixed CAT init ns=0 part=2 arm=7 k=2 scale_pct=100 age_ratio=7
[633745.806808] NVMeVirt: Fixed CAT init ns=0 part=3 arm=7 k=2 scale_pct=100 age_ratio=7
[633745.806809] NVMeVirt: Measurement: command=start epoch=1 host_bytes=0 learner_active=1
[633745.814374] mix-mixA-arm07-3876007 phase=A START
[634346.118933] mix-mixA-arm07-3876007 phase=A END
[634346.127038] mix-mixA-arm07-3876007 phase=B START
[634346.137561] mix-mixA-arm07-3876007 phase=B LOAD
[634371.813234] mix-mixA-arm07-3876007 phase=B RUN
[634376.067603] tee (3876588): drop_caches: 3
[634381.497573] tee (3876592): drop_caches: 3
[634385.837744] tee (3876600): drop_caches: 3
[634390.982460] tee (3876604): drop_caches: 3
[634395.972461] tee (3876608): drop_caches: 3
[634400.918931] tee (3876613): drop_caches: 3
[634405.937826] tee (3876624): drop_caches: 3
[634411.081849] tee (3876628): drop_caches: 3
[634415.436921] tee (3876635): drop_caches: 3
[634420.543284] tee (3876639): drop_caches: 3
[634425.562336] tee (3876643): drop_caches: 3
[634430.521438] tee (3876647): drop_caches: 3
[634435.626499] tee (3876652): drop_caches: 3
[634440.694892] tee (3876656): drop_caches: 3
[634445.711345] tee (3876660): drop_caches: 3
[634450.250912] tee (3876668): drop_caches: 3
[634455.388110] tee (3876672): drop_caches: 3
[634460.310854] tee (3876676): drop_caches: 3
[634465.443631] tee (3876680): drop_caches: 3
[634470.660700] tee (3876684): drop_caches: 3
[634475.725644] tee (3876698): drop_caches: 3
[634482.045066] tee (3876725): drop_caches: 3
[634489.312536] tee (3876766): drop_caches: 3
[634497.462583] tee (3876806): drop_caches: 3
[634508.344277] tee (3876866): drop_caches: 3
[634516.012124] tee (3876918): drop_caches: 3
[634522.856931] tee (3876929): drop_caches: 3
[634528.622178] tee (3876935): drop_caches: 3
[634533.721683] tee (3876939): drop_caches: 3
[634538.847728] tee (3876943): drop_caches: 3
[634543.927319] tee (3876947): drop_caches: 3
[634549.002919] tee (3876952): drop_caches: 3
[634554.336746] tee (3876958): drop_caches: 3
[634559.367561] tee (3876962): drop_caches: 3
[634564.359107] tee (3876966): drop_caches: 3
[634569.342834] tee (3876970): drop_caches: 3
[634574.389350] tee (3876974): drop_caches: 3
[634579.403673] tee (3876978): drop_caches: 3
[634583.753886] tee (3876985): drop_caches: 3
[634588.867437] tee (3876989): drop_caches: 3
[634594.333731] tee (3876995): drop_caches: 3
[634599.426416] tee (3877000): drop_caches: 3
[634604.416568] tee (3877004): drop_caches: 3
[634609.302532] tee (3877009): drop_caches: 3
[634613.637941] tee (3877016): drop_caches: 3
[634618.765179] tee (3877020): drop_caches: 3
[634623.789746] tee (3877024): drop_caches: 3
[634628.780624] tee (3877028): drop_caches: 3
[634633.834161] tee (3877032): drop_caches: 3
[634638.841527] tee (3877036): drop_caches: 3
[634643.163861] tee (3877043): drop_caches: 3
[634648.434569] tee (3877047): drop_caches: 3
[634653.471666] tee (3877051): drop_caches: 3
[634658.526680] tee (3877055): drop_caches: 3
[634663.615755] tee (3877059): drop_caches: 3
[634668.591212] tee (3877063): drop_caches: 3
[634672.938039] tee (3877070): drop_caches: 3
[634678.248740] tee (3877074): drop_caches: 3
[634683.357644] tee (3877079): drop_caches: 3
[634688.372547] tee (3877083): drop_caches: 3
[634693.413840] tee (3877087): drop_caches: 3
[634700.060921] tee (3877096): drop_caches: 3
[634704.517024] tee (3877118): drop_caches: 3
[634709.925786] tee (3877126): drop_caches: 3
[634714.953357] tee (3877131): drop_caches: 3
[634720.107315] tee (3877135): drop_caches: 3
[634725.079674] tee (3877139): drop_caches: 3
[634730.025068] tee (3877144): drop_caches: 3
[634734.532835] tee (3877149): drop_caches: 3
[634739.791847] tee (3877156): drop_caches: 3
[634744.831938] tee (3877160): drop_caches: 3
[634749.820176] tee (3877164): drop_caches: 3
[634754.883846] tee (3877168): drop_caches: 3
[634762.237996] tee (3877201): drop_caches: 3
[634767.096631] tee (3877221): drop_caches: 3
[634772.678831] tee (3877235): drop_caches: 3
[634777.790798] tee (3877243): drop_caches: 3
[634783.267399] tee (3877247): drop_caches: 3
[634788.736757] tee (3877251): drop_caches: 3
[634794.350068] tee (3877257): drop_caches: 3
[634798.717950] tee (3877264): drop_caches: 3
[634803.749707] tee (3877268): drop_caches: 3
[634808.683853] tee (3877272): drop_caches: 3
[634813.639992] tee (3877277): drop_caches: 3
[634818.638767] tee (3877281): drop_caches: 3
[634823.776069] tee (3877285): drop_caches: 3
[634828.195681] tee (3877292): drop_caches: 3
[634833.566124] tee (3877296): drop_caches: 3
[634838.667672] tee (3877309): drop_caches: 3
[634844.004455] tee (3877314): drop_caches: 3
[634849.068831] tee (3877318): drop_caches: 3
[634854.065202] tee (3877322): drop_caches: 3
[634858.937156] tee (3877331): drop_caches: 3
[634861.683558] mix-mixA-arm07-3876007 phase=B END
[634861.886535] NVMeVirt: Measurement: command=stop epoch=1 host_bytes=131664695296 learner_active=0
[634862.401057] EXT4-fs (nvme0n1): unmounting filesystem ec64f726-20a7-46a0-a20b-f72352f2574a.
[634862.870409] pci_bus 0001:10: busn_res: [bus 10-ff] is released
[634862.870457] NVMeVirt: GC stats: ns=0 policy=cat-fig7-fixed host_pages=32144701 gc_pages=43252820 gc_count=1178086 WAF=2.345 warmup_gc=100-per-part
[634862.941211] NVMeVirt: Virtual NVMe device closed
