[800085.379541] mix-mixO-greedy-4030443 BEGIN
[800085.392844] NVMeVirt: Version 1.10 for >> Samsung 970 Pro SSD <<
[800085.392849] NVMeVirt: Storage: 0x100100000-0x300000000 (8191 MiB)
[800085.403884] NVMeVirt: Total Capacity(GiB,MiB)=2,2048 chs=2 luns=4 lines=8192 blk-size(MiB,KiB)=0,64 line-size(MiB,KiB)=0,256
[800085.415935] NVMeVirt: [chmodel_init] bandwidth 800 max_credits 26 tx_time 152
[800085.427183] NVMeVirt: [chmodel_init] bandwidth 800 max_credits 26 tx_time 152
[800085.427198] NVMeVirt: [chmodel_init] bandwidth 3360 max_credits 110 tx_time 36
[800085.427200] NVMeVirt: Fixed CAT init ns=0 part=0 arm=37 k=7 scale_pct=100 age_ratio=7
[800085.428116] NVMeVirt: pqueue: Copyright (c) 2014, Volkan Yazıcı <volkan.yazici@gmail.com>. All rights reserved.
[800085.428154] NVMeVirt: Init FTL instance with 2 channels (524288 pages)
[800085.428156] NVMeVirt: GC victim policy: greedy ns=0 part=0 initial_k=7 initial_scale_pct=100 initial_age_ratio=7 warmup_gc=100
[800085.438751] NVMeVirt: [chmodel_init] bandwidth 800 max_credits 26 tx_time 152
[800085.449697] NVMeVirt: [chmodel_init] bandwidth 800 max_credits 26 tx_time 152
[800085.449715] NVMeVirt: [chmodel_init] bandwidth 3360 max_credits 110 tx_time 36
[800085.449718] NVMeVirt: Fixed CAT init ns=0 part=1 arm=37 k=7 scale_pct=100 age_ratio=7
[800085.451100] NVMeVirt: Init FTL instance with 2 channels (524288 pages)
[800085.451104] NVMeVirt: GC victim policy: greedy ns=0 part=1 initial_k=7 initial_scale_pct=100 initial_age_ratio=7 warmup_gc=100
[800085.461862] NVMeVirt: [chmodel_init] bandwidth 800 max_credits 26 tx_time 152
[800085.472847] NVMeVirt: [chmodel_init] bandwidth 800 max_credits 26 tx_time 152
[800085.472861] NVMeVirt: [chmodel_init] bandwidth 3360 max_credits 110 tx_time 36
[800085.472863] NVMeVirt: Fixed CAT init ns=0 part=2 arm=37 k=7 scale_pct=100 age_ratio=7
[800085.473881] NVMeVirt: Init FTL instance with 2 channels (524288 pages)
[800085.473884] NVMeVirt: GC victim policy: greedy ns=0 part=2 initial_k=7 initial_scale_pct=100 initial_age_ratio=7 warmup_gc=100
[800085.484942] NVMeVirt: [chmodel_init] bandwidth 800 max_credits 26 tx_time 152
[800085.495744] NVMeVirt: [chmodel_init] bandwidth 800 max_credits 26 tx_time 152
[800085.495757] NVMeVirt: [chmodel_init] bandwidth 3360 max_credits 110 tx_time 36
[800085.495759] NVMeVirt: Fixed CAT init ns=0 part=3 arm=37 k=7 scale_pct=100 age_ratio=7
[800085.496748] NVMeVirt: Init FTL instance with 2 channels (524288 pages)
[800085.496751] NVMeVirt: GC victim policy: greedy ns=0 part=3 initial_k=7 initial_scale_pct=100 initial_age_ratio=7 warmup_gc=100
[800085.496757] NVMeVirt: FTL physical space: 8588886016, logical space: 8026996276 (physical/logical * 100 = 107)
[800085.496759] NVMeVirt: ns 0/1: size 7655 MiB
[800085.496809] PCI host bridge to bus 0001:10
[800085.496812] pci_bus 0001:10: root bus resource [io  0x0000-0xffff]
[800085.496815] pci_bus 0001:10: root bus resource [mem 0x00000000-0x7fffffffff]
[800085.496818] pci_bus 0001:10: root bus resource [bus 00-ff]
[800085.496827] pci 0001:10:00.0: [0c51:0110] type 00 class 0x010802 PCIe Endpoint
[800085.496832] pci 0001:10:00.0: BAR 0 [mem 0x100000000-0x100003fff 64bit]
[800085.496835] pci 0001:10:00.0: enabling Extended Tags
[800085.496988] NVMeVirt: Virtual PCI bus created (node 0)
[800085.497304] NVMeVirt: nvmev_dispatcher started on cpu 1 (node 0)
[800085.497344] NVMeVirt: Virtual NVMe device created
[800085.497377] NVMeVirt: nvmev_io_worker_0 started on cpu 2 (node 0)
[800085.497556] nvme nvme0: pci function 0001:10:00.0
[800085.501236] nvme nvme0: 8/0/0 default/read/poll queues
[800085.577721] EXT4-fs (nvme0n1): mounted filesystem 7c60f8a1-2d29-45d3-8765-598d5701a669 r/w with ordered data mode. Quota mode: none.
[800167.590816] NVMeVirt: Fixed CAT init ns=0 part=0 arm=37 k=7 scale_pct=100 age_ratio=7
[800167.590824] NVMeVirt: Fixed CAT init ns=0 part=1 arm=37 k=7 scale_pct=100 age_ratio=7
[800167.590827] NVMeVirt: Fixed CAT init ns=0 part=2 arm=37 k=7 scale_pct=100 age_ratio=7
[800167.590829] NVMeVirt: Fixed CAT init ns=0 part=3 arm=37 k=7 scale_pct=100 age_ratio=7
[800167.590831] NVMeVirt: Measurement: command=start epoch=1 host_bytes=0 learner_active=1
[800167.621566] mix-mixO-greedy-4030443 phase=A START
[800473.475299] mix-mixO-greedy-4030443 phase=A END
[800473.790846] mix-mixO-greedy-4030443 phase=B START
[800777.982762] mix-mixO-greedy-4030443 phase=B END
[800778.164961] NVMeVirt: Measurement: command=stop epoch=1 host_bytes=178009899008 learner_active=0
[800778.311722] EXT4-fs (nvme0n1): unmounting filesystem 7c60f8a1-2d29-45d3-8765-598d5701a669.
[800778.683018] pci_bus 0001:10: busn_res: [bus 10-ff] is released
[800778.683066] NVMeVirt: GC stats: ns=0 policy=greedy host_pages=43459448 gc_pages=93630643 gc_count=2142032 WAF=3.154 warmup_gc=100-per-part
[800778.758778] NVMeVirt: Virtual NVMe device closed
