[2278857.863126] mix-mixX-fixed47-1196513 BEGIN
[2278858.125096] NVMeVirt: Version 1.10 for >> Samsung 970 Pro SSD <<
[2278858.125101] NVMeVirt: Storage: 0x100100000-0x300000000 (8191 MiB)
[2278858.135590] NVMeVirt: Total Capacity(GiB,MiB)=2,2048 chs=2 luns=4 lines=8192 blk-size(MiB,KiB)=0,64 line-size(MiB,KiB)=0,256
[2278858.147091] NVMeVirt: [chmodel_init] bandwidth 800 max_credits 26 tx_time 152
[2278858.158289] NVMeVirt: [chmodel_init] bandwidth 800 max_credits 26 tx_time 152
[2278858.158304] NVMeVirt: [chmodel_init] bandwidth 3360 max_credits 110 tx_time 36
[2278858.158306] NVMeVirt: Fixed CAT init ns=0 part=0 arm=47 k=10 scale_pct=25 age_ratio=16
[2278858.159236] NVMeVirt: pqueue: Copyright (c) 2014, Volkan Yazıcı <volkan.yazici@gmail.com>. All rights reserved.
[2278858.159273] NVMeVirt: Init FTL instance with 2 channels (524288 pages)
[2278858.159274] NVMeVirt: GC victim policy: cat-fig7-fixed ns=0 part=0 initial_k=10 initial_scale_pct=25 initial_age_ratio=16 warmup_gc=100
[2278858.169966] NVMeVirt: [chmodel_init] bandwidth 800 max_credits 26 tx_time 152
[2278858.180935] NVMeVirt: [chmodel_init] bandwidth 800 max_credits 26 tx_time 152
[2278858.180948] NVMeVirt: [chmodel_init] bandwidth 3360 max_credits 110 tx_time 36
[2278858.180950] NVMeVirt: Fixed CAT init ns=0 part=1 arm=47 k=10 scale_pct=25 age_ratio=16
[2278858.181957] NVMeVirt: Init FTL instance with 2 channels (524288 pages)
[2278858.181959] NVMeVirt: GC victim policy: cat-fig7-fixed ns=0 part=1 initial_k=10 initial_scale_pct=25 initial_age_ratio=16 warmup_gc=100
[2278858.192614] NVMeVirt: [chmodel_init] bandwidth 800 max_credits 26 tx_time 152
[2278858.203443] NVMeVirt: [chmodel_init] bandwidth 800 max_credits 26 tx_time 152
[2278858.203457] NVMeVirt: [chmodel_init] bandwidth 3360 max_credits 110 tx_time 36
[2278858.203471] NVMeVirt: Fixed CAT init ns=0 part=2 arm=47 k=10 scale_pct=25 age_ratio=16
[2278858.204342] NVMeVirt: Init FTL instance with 2 channels (524288 pages)
[2278858.204346] NVMeVirt: GC victim policy: cat-fig7-fixed ns=0 part=2 initial_k=10 initial_scale_pct=25 initial_age_ratio=16 warmup_gc=100
[2278858.215088] NVMeVirt: [chmodel_init] bandwidth 800 max_credits 26 tx_time 152
[2278858.225783] NVMeVirt: [chmodel_init] bandwidth 800 max_credits 26 tx_time 152
[2278858.225797] NVMeVirt: [chmodel_init] bandwidth 3360 max_credits 110 tx_time 36
[2278858.225799] NVMeVirt: Fixed CAT init ns=0 part=3 arm=47 k=10 scale_pct=25 age_ratio=16
[2278858.226716] NVMeVirt: Init FTL instance with 2 channels (524288 pages)
[2278858.226718] NVMeVirt: GC victim policy: cat-fig7-fixed ns=0 part=3 initial_k=10 initial_scale_pct=25 initial_age_ratio=16 warmup_gc=100
[2278858.226725] NVMeVirt: FTL physical space: 8588886016, logical space: 8026996276 (physical/logical * 100 = 107)
[2278858.226727] NVMeVirt: ns 0/1: size 7655 MiB
[2278858.226775] PCI host bridge to bus 0001:10
[2278858.226778] pci_bus 0001:10: root bus resource [io  0x0000-0xffff]
[2278858.226781] pci_bus 0001:10: root bus resource [mem 0x00000000-0x7fffffffff]
[2278858.226784] pci_bus 0001:10: root bus resource [bus 00-ff]
[2278858.226792] pci 0001:10:00.0: [0c51:0110] type 00 class 0x010802 PCIe Endpoint
[2278858.226797] pci 0001:10:00.0: BAR 0 [mem 0x100000000-0x100003fff 64bit]
[2278858.226800] pci 0001:10:00.0: enabling Extended Tags
[2278858.226961] NVMeVirt: Virtual PCI bus created (node 0)
[2278858.227298] NVMeVirt: nvmev_io_worker_0 started on cpu 2 (node 0)
[2278858.227367] NVMeVirt: Virtual NVMe device created
[2278858.227381] NVMeVirt: nvmev_dispatcher started on cpu 1 (node 0)
[2278858.227596] nvme nvme0: pci function 0001:10:00.0
[2278858.230074] nvme nvme0: 8/0/0 default/read/poll queues
[2278858.857942] EXT4-fs (nvme0n1): mounted filesystem d3fafe60-37ff-4050-be85-a182db0c1694 r/w with ordered data mode. Quota mode: none.
[2278941.175346] NVMeVirt: Fixed CAT init ns=0 part=0 arm=47 k=10 scale_pct=25 age_ratio=16
[2278941.175353] NVMeVirt: Fixed CAT init ns=0 part=1 arm=47 k=10 scale_pct=25 age_ratio=16
[2278941.175356] NVMeVirt: Fixed CAT init ns=0 part=2 arm=47 k=10 scale_pct=25 age_ratio=16
[2278941.175359] NVMeVirt: Fixed CAT init ns=0 part=3 arm=47 k=10 scale_pct=25 age_ratio=16
[2278941.175361] NVMeVirt: Measurement: command=start epoch=1 host_bytes=0 learner_active=1
[2278941.184155] mix-mixX-fixed47-1196513 phase=S01 START
[2280741.540575] mix-mixX-fixed47-1196513 phase=S01 END
[2280741.590157] mix-mixX-fixed47-1196513 phase=S02 START
[2282544.849686] mix-mixX-fixed47-1196513 phase=S02 chunk=1/1 done
[2282545.602952] mix-mixX-fixed47-1196513 phase=S02 END
[2282545.644325] mix-mixX-fixed47-1196513 phase=S03 START
[2283346.849197] audit: type=1400 audit(1791406852.607:5519): apparmor="DENIED" operation="open" class="file" profile="snap.firmware-updater.firmware-notifier" name="/proc/sys/vm/max_map_count" pid=1214511 comm="firmware-notifi" requested_mask="r" denied_mask="r" fsuid=1000 ouid=0
[2283348.498217] audit: type=1400 audit(1791406854.256:5520): apparmor="DENIED" operation="open" class="file" profile="snap.firmware-updater.firmware-notifier" name="/proc/sys/vm/max_map_count" pid=1214874 comm="firmware-notifi" requested_mask="r" denied_mask="r" fsuid=1000 ouid=0
[2283349.324256] audit: type=1400 audit(1791406855.083:5521): apparmor="DENIED" operation="open" class="file" profile="snap.firmware-updater.firmware-notifier" name="/proc/sys/vm/max_map_count" pid=1214944 comm="firmware-notifi" requested_mask="r" denied_mask="r" fsuid=1000 ouid=0
[2283350.146337] audit: type=1400 audit(1791406855.905:5522): apparmor="DENIED" operation="open" class="file" profile="snap.firmware-updater.firmware-notifier" name="/proc/sys/vm/max_map_count" pid=1215013 comm="firmware-notifi" requested_mask="r" denied_mask="r" fsuid=1000 ouid=0
[2283351.082275] audit: type=1400 audit(1791406856.841:5523): apparmor="DENIED" operation="open" class="file" profile="snap.firmware-updater.firmware-notifier" name="/proc/sys/vm/max_map_count" pid=1215083 comm="firmware-notifi" requested_mask="r" denied_mask="r" fsuid=1000 ouid=0
[2283351.898062] audit: type=1400 audit(1791406857.656:5524): apparmor="DENIED" operation="open" class="file" profile="snap.firmware-updater.firmware-notifier" name="/proc/sys/vm/max_map_count" pid=1215152 comm="firmware-notifi" requested_mask="r" denied_mask="r" fsuid=1000 ouid=0
[2283352.834585] audit: type=1400 audit(1791406858.593:5525): apparmor="DENIED" operation="open" class="file" profile="snap.firmware-updater.firmware-notifier" name="/proc/sys/vm/max_map_count" pid=1215222 comm="firmware-notifi" requested_mask="r" denied_mask="r" fsuid=1000 ouid=0
[2283353.519286] audit: type=1400 audit(1791406859.277:5526): apparmor="DENIED" operation="open" class="file" profile="snap.firmware-updater.firmware-notifier" name="/proc/sys/vm/max_map_count" pid=1215294 comm="firmware-notifi" requested_mask="r" denied_mask="r" fsuid=1000 ouid=0
[2283354.343872] audit: type=1400 audit(1791406860.102:5527): apparmor="DENIED" operation="open" class="file" profile="snap.firmware-updater.firmware-notifier" name="/proc/sys/vm/max_map_count" pid=1215368 comm="firmware-notifi" requested_mask="r" denied_mask="r" fsuid=1000 ouid=0
[2283355.312330] audit: type=1400 audit(1791406861.070:5528): apparmor="DENIED" operation="open" class="file" profile="snap.firmware-updater.firmware-notifier" name="/proc/sys/vm/max_map_count" pid=1215436 comm="firmware-notifi" requested_mask="r" denied_mask="r" fsuid=1000 ouid=0
[2283451.269869] mix-mixX-fixed47-1196513 phase=S03 chunk=1/2 done
[2284357.471174] mix-mixX-fixed47-1196513 phase=S03 chunk=2/2 done
[2284358.038904] mix-mixX-fixed47-1196513 phase=S03 END
[2284358.122964] mix-mixX-fixed47-1196513 phase=S04 START
[2285189.933832] loop8: detected capacity change from 0 to 446336
[2285202.267587] audit: type=1400 audit(1791408708.001:5529): apparmor="STATUS" operation="profile_replace" info="same as current profile, skipping" profile="unconfined" name="/snap/snapd/28254/usr/lib/snapd/snap-confine" pid=1232875 comm="apparmor_parser"
[2285202.670341] audit: type=1400 audit(1791408708.404:5530): apparmor="STATUS" operation="profile_replace" profile="unconfined" name="snap.brave.hook.configure" pid=1232879 comm="apparmor_parser"
[2285202.792679] audit: type=1400 audit(1791408708.526:5531): apparmor="STATUS" operation="profile_replace" profile="unconfined" name="snap-update-ns.brave" pid=1232877 comm="apparmor_parser"
[2285203.125043] audit: type=1400 audit(1791408708.858:5532): apparmor="STATUS" operation="profile_replace" profile="unconfined" name="snap.brave.brave" pid=1232878 comm="apparmor_parser"
[2286159.628945] mix-mixX-fixed47-1196513 phase=S04 END
[2286159.753366] mix-mixX-fixed47-1196513 phase=S05 START
[2287077.981472] mix-mixX-fixed47-1196513 phase=S05 chunk=1/2 done
[2287982.767288] mix-mixX-fixed47-1196513 phase=S05 chunk=2/2 done
[2287983.363870] mix-mixX-fixed47-1196513 phase=S05 END
[2287983.615881] mix-mixX-fixed47-1196513 phase=S06 START
[2289786.555430] mix-mixX-fixed47-1196513 phase=S06 chunk=1/1 done
[2289787.397239] mix-mixX-fixed47-1196513 phase=S06 END
[2289787.405172] mix-mixX-fixed47-1196513 phase=S07 START
[2291588.531931] mix-mixX-fixed47-1196513 phase=S07 END
[2291588.544555] mix-mixX-fixed47-1196513 phase=S08 START
[2293391.437100] mix-mixX-fixed47-1196513 phase=S08 chunk=1/1 done
[2293392.177617] mix-mixX-fixed47-1196513 phase=S08 END
[2293392.211966] mix-mixX-fixed47-1196513 phase=S09 START
[2294147.392568] audit: type=1400 audit(1791417652.995:5533): apparmor="DENIED" operation="open" class="file" profile="snap.firmware-updater.firmware-notifier" name="/proc/sys/vm/max_map_count" pid=1338657 comm="firmware-notifi" requested_mask="r" denied_mask="r" fsuid=1000 ouid=0
[2294149.161014] audit: type=1400 audit(1791417654.764:5534): apparmor="DENIED" operation="open" class="file" profile="snap.firmware-updater.firmware-notifier" name="/proc/sys/vm/max_map_count" pid=1338943 comm="firmware-notifi" requested_mask="r" denied_mask="r" fsuid=1000 ouid=0
[2294150.007618] audit: type=1400 audit(1791417655.610:5535): apparmor="DENIED" operation="open" class="file" profile="snap.firmware-updater.firmware-notifier" name="/proc/sys/vm/max_map_count" pid=1339015 comm="firmware-notifi" requested_mask="r" denied_mask="r" fsuid=1000 ouid=0
[2294150.751533] audit: type=1400 audit(1791417656.354:5536): apparmor="DENIED" operation="open" class="file" profile="snap.firmware-updater.firmware-notifier" name="/proc/sys/vm/max_map_count" pid=1339092 comm="firmware-notifi" requested_mask="r" denied_mask="r" fsuid=1000 ouid=0
[2294151.782080] audit: type=1400 audit(1791417657.385:5537): apparmor="DENIED" operation="open" class="file" profile="snap.firmware-updater.firmware-notifier" name="/proc/sys/vm/max_map_count" pid=1339181 comm="firmware-notifi" requested_mask="r" denied_mask="r" fsuid=1000 ouid=0
[2294152.892172] audit: type=1400 audit(1791417658.495:5538): apparmor="DENIED" operation="open" class="file" profile="snap.firmware-updater.firmware-notifier" name="/proc/sys/vm/max_map_count" pid=1339263 comm="firmware-notifi" requested_mask="r" denied_mask="r" fsuid=1000 ouid=0
[2294153.741842] audit: type=1400 audit(1791417659.345:5539): apparmor="DENIED" operation="open" class="file" profile="snap.firmware-updater.firmware-notifier" name="/proc/sys/vm/max_map_count" pid=1339339 comm="firmware-notifi" requested_mask="r" denied_mask="r" fsuid=1000 ouid=0
[2294154.465174] audit: type=1400 audit(1791417660.068:5540): apparmor="DENIED" operation="open" class="file" profile="snap.firmware-updater.firmware-notifier" name="/proc/sys/vm/max_map_count" pid=1339411 comm="firmware-notifi" requested_mask="r" denied_mask="r" fsuid=1000 ouid=0
[2294155.230599] audit: type=1400 audit(1791417660.833:5541): apparmor="DENIED" operation="open" class="file" profile="snap.firmware-updater.firmware-notifier" name="/proc/sys/vm/max_map_count" pid=1339501 comm="firmware-notifi" requested_mask="r" denied_mask="r" fsuid=1000 ouid=0
[2294155.989787] audit: type=1400 audit(1791417661.593:5542): apparmor="DENIED" operation="open" class="file" profile="snap.firmware-updater.firmware-notifier" name="/proc/sys/vm/max_map_count" pid=1339590 comm="firmware-notifi" requested_mask="r" denied_mask="r" fsuid=1000 ouid=0
[2294299.472431] mix-mixX-fixed47-1196513 phase=S09 chunk=1/2 done
[2295117.904043] systemd-journald[2668730]: Under memory pressure, flushing caches.
[2295220.352805] mix-mixX-fixed47-1196513 phase=S09 chunk=2/2 done
[2295223.440721] mix-mixX-fixed47-1196513 phase=S09 END
[2295223.756978] mix-mixX-fixed47-1196513 phase=S10 START
[2297028.553418] mix-mixX-fixed47-1196513 phase=S10 END
[2297028.670811] mix-mixX-fixed47-1196513 phase=S11 START
[2297933.132270] mix-mixX-fixed47-1196513 phase=S11 chunk=1/2 done
[2298837.739488] mix-mixX-fixed47-1196513 phase=S11 chunk=2/2 done
[2298838.202677] mix-mixX-fixed47-1196513 phase=S11 END
[2298838.375132] mix-mixX-fixed47-1196513 phase=S12 START
[2300641.322976] mix-mixX-fixed47-1196513 phase=S12 chunk=1/1 done
[2300642.098840] mix-mixX-fixed47-1196513 phase=S12 END
[2300642.107601] mix-mixX-fixed47-1196513 phase=S13 START
[2302443.233396] mix-mixX-fixed47-1196513 phase=S13 END
[2302443.245728] mix-mixX-fixed47-1196513 phase=S14 START
[2304246.925466] mix-mixX-fixed47-1196513 phase=S14 chunk=1/1 done
[2304248.702167] mix-mixX-fixed47-1196513 phase=S14 END
[2304248.826040] mix-mixX-fixed47-1196513 phase=S15 START
[2304948.557375] audit: type=1400 audit(1791428453.975:5543): apparmor="DENIED" operation="open" class="file" profile="snap.firmware-updater.firmware-notifier" name="/proc/sys/vm/max_map_count" pid=1455093 comm="firmware-notifi" requested_mask="r" denied_mask="r" fsuid=1000 ouid=0
[2304950.502654] audit: type=1400 audit(1791428455.921:5544): apparmor="DENIED" operation="open" class="file" profile="snap.firmware-updater.firmware-notifier" name="/proc/sys/vm/max_map_count" pid=1455509 comm="firmware-notifi" requested_mask="r" denied_mask="r" fsuid=1000 ouid=0
[2304951.766883] audit: type=1400 audit(1791428457.185:5545): apparmor="DENIED" operation="open" class="file" profile="snap.firmware-updater.firmware-notifier" name="/proc/sys/vm/max_map_count" pid=1455619 comm="firmware-notifi" requested_mask="r" denied_mask="r" fsuid=1000 ouid=0
[2304952.768937] audit: type=1400 audit(1791428458.187:5546): apparmor="DENIED" operation="open" class="file" profile="snap.firmware-updater.firmware-notifier" name="/proc/sys/vm/max_map_count" pid=1455711 comm="firmware-notifi" requested_mask="r" denied_mask="r" fsuid=1000 ouid=0
[2304953.658867] audit: type=1400 audit(1791428459.077:5547): apparmor="DENIED" operation="open" class="file" profile="snap.firmware-updater.firmware-notifier" name="/proc/sys/vm/max_map_count" pid=1455782 comm="firmware-notifi" requested_mask="r" denied_mask="r" fsuid=1000 ouid=0
[2304954.554250] audit: type=1400 audit(1791428459.972:5548): apparmor="DENIED" operation="open" class="file" profile="snap.firmware-updater.firmware-notifier" name="/proc/sys/vm/max_map_count" pid=1455858 comm="firmware-notifi" requested_mask="r" denied_mask="r" fsuid=1000 ouid=0
[2304955.665384] audit: type=1400 audit(1791428461.083:5549): apparmor="DENIED" operation="open" class="file" profile="snap.firmware-updater.firmware-notifier" name="/proc/sys/vm/max_map_count" pid=1455939 comm="firmware-notifi" requested_mask="r" denied_mask="r" fsuid=1000 ouid=0
[2304956.421355] audit: type=1400 audit(1791428461.839:5550): apparmor="DENIED" operation="open" class="file" profile="snap.firmware-updater.firmware-notifier" name="/proc/sys/vm/max_map_count" pid=1456028 comm="firmware-notifi" requested_mask="r" denied_mask="r" fsuid=1000 ouid=0
[2305156.875137] mix-mixX-fixed47-1196513 phase=S15 chunk=1/2 done
[2306061.967730] mix-mixX-fixed47-1196513 phase=S15 chunk=2/2 done
[2306062.770406] mix-mixX-fixed47-1196513 phase=S15 END
[2306062.902948] mix-mixX-fixed47-1196513 phase=S16 START
[2307865.830863] mix-mixX-fixed47-1196513 phase=S16 END
[2307865.948614] mix-mixX-fixed47-1196513 phase=S17 START
[2308771.798753] mix-mixX-fixed47-1196513 phase=S17 chunk=1/2 done
[2309676.437128] mix-mixX-fixed47-1196513 phase=S17 chunk=2/2 done
[2309676.904272] mix-mixX-fixed47-1196513 phase=S17 END
[2309677.119781] mix-mixX-fixed47-1196513 phase=S18 START
[2311480.073028] mix-mixX-fixed47-1196513 phase=S18 chunk=1/1 done
[2311480.860754] mix-mixX-fixed47-1196513 phase=S18 END
[2311480.868788] mix-mixX-fixed47-1196513 phase=S19 START
[2313282.052663] mix-mixX-fixed47-1196513 phase=S19 END
[2313282.119918] mix-mixX-fixed47-1196513 phase=S20 START
[2314517.792421] workqueue: i915_hpd_poll_init_work [i915] hogged CPU for >10000us 16387 times, consider switching to WQ_UNBOUND
[2315084.966275] mix-mixX-fixed47-1196513 phase=S20 chunk=1/1 done
[2315085.716598] mix-mixX-fixed47-1196513 phase=S20 END
[2315085.888035] NVMeVirt: Measurement: command=stop epoch=1 host_bytes=9878517649408 learner_active=0
[2315086.454586] EXT4-fs (nvme0n1): unmounting filesystem d3fafe60-37ff-4050-be85-a182db0c1694.
[2315087.458525] pci_bus 0001:10: busn_res: [bus 10-ff] is released
[2315087.458573] NVMeVirt: GC stats: ns=0 policy=cat-fig7-fixed host_pages=2411747473 gc_pages=4575172440 gc_count=109170623 WAF=2.897 warmup_gc=100-per-part
[2315087.530728] NVMeVirt: Virtual NVMe device closed
