[707635.556092] mix-mixC-arm11-3952199 BEGIN
[707635.567605] NVMeVirt: Version 1.10 for >> Samsung 970 Pro SSD <<
[707635.567610] NVMeVirt: Storage: 0x100100000-0x300000000 (8191 MiB)
[707635.578626] NVMeVirt: Total Capacity(GiB,MiB)=2,2048 chs=2 luns=4 lines=8192 blk-size(MiB,KiB)=0,64 line-size(MiB,KiB)=0,256
[707635.590422] NVMeVirt: [chmodel_init] bandwidth 800 max_credits 26 tx_time 152
[707635.601512] NVMeVirt: [chmodel_init] bandwidth 800 max_credits 26 tx_time 152
[707635.601526] NVMeVirt: [chmodel_init] bandwidth 3360 max_credits 110 tx_time 36
[707635.601528] NVMeVirt: Fixed CAT init ns=0 part=0 arm=11 k=2 scale_pct=200 age_ratio=16
[707635.602696] NVMeVirt: pqueue: Copyright (c) 2014, Volkan Yazıcı <volkan.yazici@gmail.com>. All rights reserved.
[707635.602735] NVMeVirt: Init FTL instance with 2 channels (524288 pages)
[707635.602737] NVMeVirt: GC victim policy: cat-fig7-fixed ns=0 part=0 initial_k=2 initial_scale_pct=200 initial_age_ratio=16 warmup_gc=100
[707635.613842] NVMeVirt: [chmodel_init] bandwidth 800 max_credits 26 tx_time 152
[707635.624559] NVMeVirt: [chmodel_init] bandwidth 800 max_credits 26 tx_time 152
[707635.624573] NVMeVirt: [chmodel_init] bandwidth 3360 max_credits 110 tx_time 36
[707635.624575] NVMeVirt: Fixed CAT init ns=0 part=1 arm=11 k=2 scale_pct=200 age_ratio=16
[707635.625784] NVMeVirt: Init FTL instance with 2 channels (524288 pages)
[707635.625786] NVMeVirt: GC victim policy: cat-fig7-fixed ns=0 part=1 initial_k=2 initial_scale_pct=200 initial_age_ratio=16 warmup_gc=100
[707635.636239] NVMeVirt: [chmodel_init] bandwidth 800 max_credits 26 tx_time 152
[707635.646645] NVMeVirt: [chmodel_init] bandwidth 800 max_credits 26 tx_time 152
[707635.646659] NVMeVirt: [chmodel_init] bandwidth 3360 max_credits 110 tx_time 36
[707635.646661] NVMeVirt: Fixed CAT init ns=0 part=2 arm=11 k=2 scale_pct=200 age_ratio=16
[707635.647898] NVMeVirt: Init FTL instance with 2 channels (524288 pages)
[707635.647901] NVMeVirt: GC victim policy: cat-fig7-fixed ns=0 part=2 initial_k=2 initial_scale_pct=200 initial_age_ratio=16 warmup_gc=100
[707635.658507] NVMeVirt: [chmodel_init] bandwidth 800 max_credits 26 tx_time 152
[707635.669071] NVMeVirt: [chmodel_init] bandwidth 800 max_credits 26 tx_time 152
[707635.669084] NVMeVirt: [chmodel_init] bandwidth 3360 max_credits 110 tx_time 36
[707635.669086] NVMeVirt: Fixed CAT init ns=0 part=3 arm=11 k=2 scale_pct=200 age_ratio=16
[707635.670301] NVMeVirt: Init FTL instance with 2 channels (524288 pages)
[707635.670303] NVMeVirt: GC victim policy: cat-fig7-fixed ns=0 part=3 initial_k=2 initial_scale_pct=200 initial_age_ratio=16 warmup_gc=100
[707635.670311] NVMeVirt: FTL physical space: 8588886016, logical space: 8026996276 (physical/logical * 100 = 107)
[707635.670312] NVMeVirt: ns 0/1: size 7655 MiB
[707635.670360] PCI host bridge to bus 0001:10
[707635.670362] pci_bus 0001:10: root bus resource [io  0x0000-0xffff]
[707635.670365] pci_bus 0001:10: root bus resource [mem 0x00000000-0x7fffffffff]
[707635.670367] pci_bus 0001:10: root bus resource [bus 00-ff]
[707635.670389] pci 0001:10:00.0: [0c51:0110] type 00 class 0x010802 PCIe Endpoint
[707635.670393] pci 0001:10:00.0: BAR 0 [mem 0x100000000-0x100003fff 64bit]
[707635.670396] pci 0001:10:00.0: enabling Extended Tags
[707635.670518] NVMeVirt: Virtual PCI bus created (node 0)
[707635.670789] NVMeVirt: nvmev_io_worker_0 started on cpu 2 (node 0)
[707635.670813] NVMeVirt: nvmev_dispatcher started on cpu 1 (node 0)
[707635.670845] NVMeVirt: Virtual NVMe device created
[707635.671012] nvme nvme0: pci function 0001:10:00.0
[707635.674634] nvme nvme0: 8/0/0 default/read/poll queues
[707635.742066] EXT4-fs (nvme0n1): mounted filesystem d5db069a-1612-4ffc-85ea-428bcca11ec5 r/w with ordered data mode. Quota mode: none.
[707717.763251] NVMeVirt: Fixed CAT init ns=0 part=0 arm=11 k=2 scale_pct=200 age_ratio=16
[707717.763256] NVMeVirt: Fixed CAT init ns=0 part=1 arm=11 k=2 scale_pct=200 age_ratio=16
[707717.763258] NVMeVirt: Fixed CAT init ns=0 part=2 arm=11 k=2 scale_pct=200 age_ratio=16
[707717.763260] NVMeVirt: Fixed CAT init ns=0 part=3 arm=11 k=2 scale_pct=200 age_ratio=16
[707717.763262] NVMeVirt: Measurement: command=start epoch=1 host_bytes=0 learner_active=1
[707717.770896] mix-mixC-arm11-3952199 phase=A START
[708318.089303] mix-mixC-arm11-3952199 phase=A END
[708318.096218] mix-mixC-arm11-3952199 phase=B START
[708918.406977] mix-mixC-arm11-3952199 phase=B END
[708918.410028] NVMeVirt: Measurement: command=stop epoch=1 host_bytes=122884481024 learner_active=0
[708918.461695] EXT4-fs (nvme0n1): unmounting filesystem d5db069a-1612-4ffc-85ea-428bcca11ec5.
[708918.522325] pci_bus 0001:10: busn_res: [bus 10-ff] is released
[708918.522380] NVMeVirt: GC stats: ns=0 policy=cat-fig7-fixed host_pages=30001094 gc_pages=37780230 gc_count=1059083 WAF=2.259 warmup_gc=100-per-part
[708918.595013] NVMeVirt: Virtual NVMe device closed
