[714051.846847] mix-mixC-arm16-3956659 BEGIN
[714051.858539] NVMeVirt: Version 1.10 for >> Samsung 970 Pro SSD <<
[714051.858545] NVMeVirt: Storage: 0x100100000-0x300000000 (8191 MiB)
[714051.869558] NVMeVirt: Total Capacity(GiB,MiB)=2,2048 chs=2 luns=4 lines=8192 blk-size(MiB,KiB)=0,64 line-size(MiB,KiB)=0,256
[714051.881610] NVMeVirt: [chmodel_init] bandwidth 800 max_credits 26 tx_time 152
[714051.892771] NVMeVirt: [chmodel_init] bandwidth 800 max_credits 26 tx_time 152
[714051.892785] NVMeVirt: [chmodel_init] bandwidth 3360 max_credits 110 tx_time 36
[714051.892787] NVMeVirt: Fixed CAT init ns=0 part=0 arm=16 k=4 scale_pct=25 age_ratio=7
[714051.894036] NVMeVirt: pqueue: Copyright (c) 2014, Volkan Yazıcı <volkan.yazici@gmail.com>. All rights reserved.
[714051.894071] NVMeVirt: Init FTL instance with 2 channels (524288 pages)
[714051.894073] NVMeVirt: GC victim policy: cat-fig7-fixed ns=0 part=0 initial_k=4 initial_scale_pct=25 initial_age_ratio=7 warmup_gc=100
[714051.904815] NVMeVirt: [chmodel_init] bandwidth 800 max_credits 26 tx_time 152
[714051.915548] NVMeVirt: [chmodel_init] bandwidth 800 max_credits 26 tx_time 152
[714051.915563] NVMeVirt: [chmodel_init] bandwidth 3360 max_credits 110 tx_time 36
[714051.915565] NVMeVirt: Fixed CAT init ns=0 part=1 arm=16 k=4 scale_pct=25 age_ratio=7
[714051.916882] NVMeVirt: Init FTL instance with 2 channels (524288 pages)
[714051.916885] NVMeVirt: GC victim policy: cat-fig7-fixed ns=0 part=1 initial_k=4 initial_scale_pct=25 initial_age_ratio=7 warmup_gc=100
[714051.927504] NVMeVirt: [chmodel_init] bandwidth 800 max_credits 26 tx_time 152
[714051.938030] NVMeVirt: [chmodel_init] bandwidth 800 max_credits 26 tx_time 152
[714051.938044] NVMeVirt: [chmodel_init] bandwidth 3360 max_credits 110 tx_time 36
[714051.938046] NVMeVirt: Fixed CAT init ns=0 part=2 arm=16 k=4 scale_pct=25 age_ratio=7
[714051.939380] NVMeVirt: Init FTL instance with 2 channels (524288 pages)
[714051.939382] NVMeVirt: GC victim policy: cat-fig7-fixed ns=0 part=2 initial_k=4 initial_scale_pct=25 initial_age_ratio=7 warmup_gc=100
[714051.950086] NVMeVirt: [chmodel_init] bandwidth 800 max_credits 26 tx_time 152
[714051.960716] NVMeVirt: [chmodel_init] bandwidth 800 max_credits 26 tx_time 152
[714051.960730] NVMeVirt: [chmodel_init] bandwidth 3360 max_credits 110 tx_time 36
[714051.960732] NVMeVirt: Fixed CAT init ns=0 part=3 arm=16 k=4 scale_pct=25 age_ratio=7
[714051.961985] NVMeVirt: Init FTL instance with 2 channels (524288 pages)
[714051.961988] NVMeVirt: GC victim policy: cat-fig7-fixed ns=0 part=3 initial_k=4 initial_scale_pct=25 initial_age_ratio=7 warmup_gc=100
[714051.961994] NVMeVirt: FTL physical space: 8588886016, logical space: 8026996276 (physical/logical * 100 = 107)
[714051.961996] NVMeVirt: ns 0/1: size 7655 MiB
[714051.962045] PCI host bridge to bus 0001:10
[714051.962047] pci_bus 0001:10: root bus resource [io  0x0000-0xffff]
[714051.962050] pci_bus 0001:10: root bus resource [mem 0x00000000-0x7fffffffff]
[714051.962052] pci_bus 0001:10: root bus resource [bus 00-ff]
[714051.962073] pci 0001:10:00.0: [0c51:0110] type 00 class 0x010802 PCIe Endpoint
[714051.962077] pci 0001:10:00.0: BAR 0 [mem 0x100000000-0x100003fff 64bit]
[714051.962079] pci 0001:10:00.0: enabling Extended Tags
[714051.962217] NVMeVirt: Virtual PCI bus created (node 0)
[714051.962638] NVMeVirt: nvmev_dispatcher started on cpu 1 (node 0)
[714051.962676] NVMeVirt: Virtual NVMe device created
[714051.962786] NVMeVirt: nvmev_io_worker_0 started on cpu 2 (node 0)
[714051.963055] nvme nvme0: pci function 0001:10:00.0
[714051.965343] nvme nvme0: 8/0/0 default/read/poll queues
[714052.038473] EXT4-fs (nvme0n1): mounted filesystem f5696985-03bb-48c2-9ce4-b08a49c55d28 r/w with ordered data mode. Quota mode: none.
[714134.033888] NVMeVirt: Fixed CAT init ns=0 part=0 arm=16 k=4 scale_pct=25 age_ratio=7
[714134.033893] NVMeVirt: Fixed CAT init ns=0 part=1 arm=16 k=4 scale_pct=25 age_ratio=7
[714134.033895] NVMeVirt: Fixed CAT init ns=0 part=2 arm=16 k=4 scale_pct=25 age_ratio=7
[714134.033897] NVMeVirt: Fixed CAT init ns=0 part=3 arm=16 k=4 scale_pct=25 age_ratio=7
[714134.033898] NVMeVirt: Measurement: command=start epoch=1 host_bytes=0 learner_active=1
[714134.042512] mix-mixC-arm16-3956659 phase=A START
[714734.360315] mix-mixC-arm16-3956659 phase=A END
[714734.367487] mix-mixC-arm16-3956659 phase=B START
[715334.705222] mix-mixC-arm16-3956659 phase=B END
[715334.708326] NVMeVirt: Measurement: command=stop epoch=1 host_bytes=122884419584 learner_active=0
[715334.757229] EXT4-fs (nvme0n1): unmounting filesystem f5696985-03bb-48c2-9ce4-b08a49c55d28.
[715334.819822] pci_bus 0001:10: busn_res: [bus 10-ff] is released
[715334.819920] NVMeVirt: GC stats: ns=0 policy=cat-fig7-fixed host_pages=30001079 gc_pages=24198019 gc_count=846862 WAF=1.806 warmup_gc=100-per-part
[715334.892933] NVMeVirt: Virtual NVMe device closed
