[1641054.260881] mix-mixP-arm16-2078658 BEGIN
[1641054.348013] NVMeVirt: Version 1.10 for >> Samsung 970 Pro SSD <<
[1641054.348019] NVMeVirt: Storage: 0x100100000-0x300000000 (8191 MiB)
[1641054.358781] NVMeVirt: Total Capacity(GiB,MiB)=2,2048 chs=2 luns=4 lines=8192 blk-size(MiB,KiB)=0,64 line-size(MiB,KiB)=0,256
[1641054.371853] NVMeVirt: [chmodel_init] bandwidth 800 max_credits 26 tx_time 152
[1641054.382944] NVMeVirt: [chmodel_init] bandwidth 800 max_credits 26 tx_time 152
[1641054.382959] NVMeVirt: [chmodel_init] bandwidth 3360 max_credits 110 tx_time 36
[1641054.382961] NVMeVirt: Fixed CAT init ns=0 part=0 arm=16 k=4 scale_pct=25 age_ratio=7
[1641054.384164] NVMeVirt: pqueue: Copyright (c) 2014, Volkan Yazıcı <volkan.yazici@gmail.com>. All rights reserved.
[1641054.384200] NVMeVirt: Init FTL instance with 2 channels (524288 pages)
[1641054.384202] NVMeVirt: GC victim policy: cat-fig7-fixed ns=0 part=0 initial_k=4 initial_scale_pct=25 initial_age_ratio=7 warmup_gc=100
[1641054.395386] NVMeVirt: [chmodel_init] bandwidth 800 max_credits 26 tx_time 152
[1641054.407659] NVMeVirt: [chmodel_init] bandwidth 800 max_credits 26 tx_time 152
[1641054.407698] NVMeVirt: [chmodel_init] bandwidth 3360 max_credits 110 tx_time 36
[1641054.407700] NVMeVirt: Fixed CAT init ns=0 part=1 arm=16 k=4 scale_pct=25 age_ratio=7
[1641054.409324] NVMeVirt: Init FTL instance with 2 channels (524288 pages)
[1641054.409329] NVMeVirt: GC victim policy: cat-fig7-fixed ns=0 part=1 initial_k=4 initial_scale_pct=25 initial_age_ratio=7 warmup_gc=100
[1641054.420757] NVMeVirt: [chmodel_init] bandwidth 800 max_credits 26 tx_time 152
[1641054.431660] NVMeVirt: [chmodel_init] bandwidth 800 max_credits 26 tx_time 152
[1641054.431697] NVMeVirt: [chmodel_init] bandwidth 3360 max_credits 110 tx_time 36
[1641054.431701] NVMeVirt: Fixed CAT init ns=0 part=2 arm=16 k=4 scale_pct=25 age_ratio=7
[1641054.433974] NVMeVirt: Init FTL instance with 2 channels (524288 pages)
[1641054.433979] NVMeVirt: GC victim policy: cat-fig7-fixed ns=0 part=2 initial_k=4 initial_scale_pct=25 initial_age_ratio=7 warmup_gc=100
[1641054.445516] NVMeVirt: [chmodel_init] bandwidth 800 max_credits 26 tx_time 152
[1641054.456112] NVMeVirt: [chmodel_init] bandwidth 800 max_credits 26 tx_time 152
[1641054.456126] NVMeVirt: [chmodel_init] bandwidth 3360 max_credits 110 tx_time 36
[1641054.456128] NVMeVirt: Fixed CAT init ns=0 part=3 arm=16 k=4 scale_pct=25 age_ratio=7
[1641054.457410] NVMeVirt: Init FTL instance with 2 channels (524288 pages)
[1641054.457413] NVMeVirt: GC victim policy: cat-fig7-fixed ns=0 part=3 initial_k=4 initial_scale_pct=25 initial_age_ratio=7 warmup_gc=100
[1641054.457419] NVMeVirt: FTL physical space: 8588886016, logical space: 8026996276 (physical/logical * 100 = 107)
[1641054.457421] NVMeVirt: ns 0/1: size 7655 MiB
[1641054.457470] PCI host bridge to bus 0001:10
[1641054.457472] pci_bus 0001:10: root bus resource [io  0x0000-0xffff]
[1641054.457474] pci_bus 0001:10: root bus resource [mem 0x00000000-0x7fffffffff]
[1641054.457477] pci_bus 0001:10: root bus resource [bus 00-ff]
[1641054.457500] pci 0001:10:00.0: [0c51:0110] type 00 class 0x010802 PCIe Endpoint
[1641054.457504] pci 0001:10:00.0: BAR 0 [mem 0x100000000-0x100003fff 64bit]
[1641054.457507] pci 0001:10:00.0: enabling Extended Tags
[1641054.457630] NVMeVirt: Virtual PCI bus created (node 0)
[1641054.457997] NVMeVirt: nvmev_io_worker_0 started on cpu 2 (node 0)
[1641054.458126] NVMeVirt: Virtual NVMe device created
[1641054.458131] NVMeVirt: nvmev_dispatcher started on cpu 1 (node 0)
[1641054.458341] nvme nvme0: pci function 0001:10:00.0
[1641054.462466] nvme nvme0: 8/0/0 default/read/poll queues
[1641054.952421] EXT4-fs (nvme0n1): mounted filesystem 4fd025ab-dc8b-4b7b-b1f0-d01b1b54189a r/w with ordered data mode. Quota mode: none.
[1641137.381224] NVMeVirt: Fixed CAT init ns=0 part=0 arm=16 k=4 scale_pct=25 age_ratio=7
[1641137.381230] NVMeVirt: Fixed CAT init ns=0 part=1 arm=16 k=4 scale_pct=25 age_ratio=7
[1641137.381232] NVMeVirt: Fixed CAT init ns=0 part=2 arm=16 k=4 scale_pct=25 age_ratio=7
[1641137.381233] NVMeVirt: Fixed CAT init ns=0 part=3 arm=16 k=4 scale_pct=25 age_ratio=7
[1641137.381235] NVMeVirt: Measurement: command=start epoch=1 host_bytes=0 learner_active=1
[1641137.390076] mix-mixP-arm16-2078658 phase=A START
[1641137.402247] mix-mixP-arm16-2078658 phase=A LOAD
[1641149.264749] mix-mixP-arm16-2078658 phase=A RUN
[1641153.386342] tee (2078988): drop_caches: 3
[1641158.786308] tee (2078992): drop_caches: 3
[1641163.975995] tee (2078997): drop_caches: 3
[1641169.097729] tee (2079001): drop_caches: 3
[1641174.142178] tee (2079005): drop_caches: 3
[1641178.589697] tee (2079017): drop_caches: 3
[1641184.063437] tee (2079028): drop_caches: 3
[1641189.211827] tee (2079032): drop_caches: 3
[1641194.589578] tee (2079036): drop_caches: 3
[1641199.797337] tee (2079040): drop_caches: 3
[1641204.960695] tee (2079044): drop_caches: 3
[1641209.571272] tee (2079056): drop_caches: 3
[1641214.637880] tee (2079067): drop_caches: 3
[1641219.787282] tee (2079071): drop_caches: 3
[1641224.974150] tee (2079075): drop_caches: 3
[1641230.092641] tee (2079084): drop_caches: 3
[1641235.783310] tee (2079091): drop_caches: 3
[1641238.007987] mix-mixP-arm16-2078658 phase=A END
[1641238.402674] mix-mixP-arm16-2078658 phase=B START
[1641542.461615] mix-mixP-arm16-2078658 phase=B END
[1641542.756057] NVMeVirt: Measurement: command=stop epoch=1 host_bytes=37030920192 learner_active=0
[1641543.031209] EXT4-fs (nvme0n1): unmounting filesystem 4fd025ab-dc8b-4b7b-b1f0-d01b1b54189a.
[1641543.328340] pci_bus 0001:10: busn_res: [bus 10-ff] is released
[1641543.328436] NVMeVirt: GC stats: ns=0 policy=cat-fig7-fixed host_pages=9040752 gc_pages=1794643 gc_count=169304 WAF=1.198 warmup_gc=100-per-part
[1641543.403099] NVMeVirt: Virtual NVMe device closed
