[1611413.784593] mix-mixO-arm16-1935800 BEGIN
[1611414.163255] NVMeVirt: Version 1.10 for >> Samsung 970 Pro SSD <<
[1611414.163261] NVMeVirt: Storage: 0x100100000-0x300000000 (8191 MiB)
[1611414.174045] NVMeVirt: Total Capacity(GiB,MiB)=2,2048 chs=2 luns=4 lines=8192 blk-size(MiB,KiB)=0,64 line-size(MiB,KiB)=0,256
[1611414.185666] NVMeVirt: [chmodel_init] bandwidth 800 max_credits 26 tx_time 152
[1611414.196512] NVMeVirt: [chmodel_init] bandwidth 800 max_credits 26 tx_time 152
[1611414.196526] NVMeVirt: [chmodel_init] bandwidth 3360 max_credits 110 tx_time 36
[1611414.196528] NVMeVirt: Fixed CAT init ns=0 part=0 arm=16 k=4 scale_pct=25 age_ratio=7
[1611414.197869] NVMeVirt: pqueue: Copyright (c) 2014, Volkan Yazıcı <volkan.yazici@gmail.com>. All rights reserved.
[1611414.197925] NVMeVirt: Init FTL instance with 2 channels (524288 pages)
[1611414.197927] NVMeVirt: GC victim policy: cat-fig7-fixed ns=0 part=0 initial_k=4 initial_scale_pct=25 initial_age_ratio=7 warmup_gc=100
[1611414.208835] NVMeVirt: [chmodel_init] bandwidth 800 max_credits 26 tx_time 152
[1611414.219093] NVMeVirt: [chmodel_init] bandwidth 800 max_credits 26 tx_time 152
[1611414.219108] NVMeVirt: [chmodel_init] bandwidth 3360 max_credits 110 tx_time 36
[1611414.219110] NVMeVirt: Fixed CAT init ns=0 part=1 arm=16 k=4 scale_pct=25 age_ratio=7
[1611414.220322] NVMeVirt: Init FTL instance with 2 channels (524288 pages)
[1611414.220324] NVMeVirt: GC victim policy: cat-fig7-fixed ns=0 part=1 initial_k=4 initial_scale_pct=25 initial_age_ratio=7 warmup_gc=100
[1611414.230292] NVMeVirt: [chmodel_init] bandwidth 800 max_credits 26 tx_time 152
[1611414.240556] NVMeVirt: [chmodel_init] bandwidth 800 max_credits 26 tx_time 152
[1611414.240569] NVMeVirt: [chmodel_init] bandwidth 3360 max_credits 110 tx_time 36
[1611414.240571] NVMeVirt: Fixed CAT init ns=0 part=2 arm=16 k=4 scale_pct=25 age_ratio=7
[1611414.241792] NVMeVirt: Init FTL instance with 2 channels (524288 pages)
[1611414.241794] NVMeVirt: GC victim policy: cat-fig7-fixed ns=0 part=2 initial_k=4 initial_scale_pct=25 initial_age_ratio=7 warmup_gc=100
[1611414.251950] NVMeVirt: [chmodel_init] bandwidth 800 max_credits 26 tx_time 152
[1611414.262496] NVMeVirt: [chmodel_init] bandwidth 800 max_credits 26 tx_time 152
[1611414.262511] NVMeVirt: [chmodel_init] bandwidth 3360 max_credits 110 tx_time 36
[1611414.262527] NVMeVirt: Fixed CAT init ns=0 part=3 arm=16 k=4 scale_pct=25 age_ratio=7
[1611414.263802] NVMeVirt: Init FTL instance with 2 channels (524288 pages)
[1611414.263805] NVMeVirt: GC victim policy: cat-fig7-fixed ns=0 part=3 initial_k=4 initial_scale_pct=25 initial_age_ratio=7 warmup_gc=100
[1611414.263823] NVMeVirt: FTL physical space: 8588886016, logical space: 8026996276 (physical/logical * 100 = 107)
[1611414.263825] NVMeVirt: ns 0/1: size 7655 MiB
[1611414.263874] PCI host bridge to bus 0001:10
[1611414.263876] pci_bus 0001:10: root bus resource [io  0x0000-0xffff]
[1611414.263879] pci_bus 0001:10: root bus resource [mem 0x00000000-0x7fffffffff]
[1611414.263881] pci_bus 0001:10: root bus resource [bus 00-ff]
[1611414.263903] pci 0001:10:00.0: [0c51:0110] type 00 class 0x010802 PCIe Endpoint
[1611414.263907] pci 0001:10:00.0: BAR 0 [mem 0x100000000-0x100003fff 64bit]
[1611414.263910] pci 0001:10:00.0: enabling Extended Tags
[1611414.264036] NVMeVirt: Virtual PCI bus created (node 0)
[1611414.264293] NVMeVirt: nvmev_io_worker_0 started on cpu 2 (node 0)
[1611414.264300] NVMeVirt: nvmev_dispatcher started on cpu 1 (node 0)
[1611414.264323] NVMeVirt: Virtual NVMe device created
[1611414.264458] nvme nvme0: pci function 0001:10:00.0
[1611414.267130] nvme nvme0: 8/0/0 default/read/poll queues
[1611415.101633] EXT4-fs (nvme0n1): mounted filesystem e6de3d34-4440-4572-86d1-2868cc9c55c7 r/w with ordered data mode. Quota mode: none.
[1611497.412705] NVMeVirt: Fixed CAT init ns=0 part=0 arm=16 k=4 scale_pct=25 age_ratio=7
[1611497.412711] NVMeVirt: Fixed CAT init ns=0 part=1 arm=16 k=4 scale_pct=25 age_ratio=7
[1611497.412713] NVMeVirt: Fixed CAT init ns=0 part=2 arm=16 k=4 scale_pct=25 age_ratio=7
[1611497.412714] NVMeVirt: Fixed CAT init ns=0 part=3 arm=16 k=4 scale_pct=25 age_ratio=7
[1611497.412716] NVMeVirt: Measurement: command=start epoch=1 host_bytes=0 learner_active=1
[1611497.473548] mix-mixO-arm16-1935800 phase=A START
[1611801.670285] mix-mixO-arm16-1935800 phase=A END
[1611801.785230] mix-mixO-arm16-1935800 phase=B START
[1612105.146239] mix-mixO-arm16-1935800 phase=B END
[1612105.149391] NVMeVirt: Measurement: command=stop epoch=1 host_bytes=243462565888 learner_active=0
[1612105.314291] EXT4-fs (nvme0n1): unmounting filesystem e6de3d34-4440-4572-86d1-2868cc9c55c7.
[1612105.397651] pci_bus 0001:10: busn_res: [bus 10-ff] is released
[1612105.397884] NVMeVirt: GC stats: ns=0 policy=cat-fig7-fixed host_pages=59439103 gc_pages=57134115 gc_count=1821456 WAF=1.961 warmup_gc=100-per-part
[1612105.474731] NVMeVirt: Virtual NVMe device closed
