[985888.861228] mix-mixF-fixed50-323205 BEGIN
[985888.872842] NVMeVirt: Version 1.10 for >> Samsung 970 Pro SSD <<
[985888.872848] NVMeVirt: Storage: 0x100100000-0x300000000 (8191 MiB)
[985888.884202] NVMeVirt: Total Capacity(GiB,MiB)=2,2048 chs=2 luns=4 lines=8192 blk-size(MiB,KiB)=0,64 line-size(MiB,KiB)=0,256
[985888.895803] NVMeVirt: [chmodel_init] bandwidth 800 max_credits 26 tx_time 152
[985888.906517] NVMeVirt: [chmodel_init] bandwidth 800 max_credits 26 tx_time 152
[985888.906531] NVMeVirt: [chmodel_init] bandwidth 3360 max_credits 110 tx_time 36
[985888.906534] NVMeVirt: Fixed CAT init ns=0 part=0 arm=50 k=10 scale_pct=50 age_ratio=16
[985888.907528] NVMeVirt: pqueue: Copyright (c) 2014, Volkan Yazıcı <volkan.yazici@gmail.com>. All rights reserved.
[985888.907567] NVMeVirt: Init FTL instance with 2 channels (524288 pages)
[985888.907569] NVMeVirt: GC victim policy: cat-fig7-fixed ns=0 part=0 initial_k=10 initial_scale_pct=50 initial_age_ratio=16 warmup_gc=100
[985888.918018] NVMeVirt: [chmodel_init] bandwidth 800 max_credits 26 tx_time 152
[985888.928407] NVMeVirt: [chmodel_init] bandwidth 800 max_credits 26 tx_time 152
[985888.928421] NVMeVirt: [chmodel_init] bandwidth 3360 max_credits 110 tx_time 36
[985888.928423] NVMeVirt: Fixed CAT init ns=0 part=1 arm=50 k=10 scale_pct=50 age_ratio=16
[985888.929417] NVMeVirt: Init FTL instance with 2 channels (524288 pages)
[985888.929420] NVMeVirt: GC victim policy: cat-fig7-fixed ns=0 part=1 initial_k=10 initial_scale_pct=50 initial_age_ratio=16 warmup_gc=100
[985888.939569] NVMeVirt: [chmodel_init] bandwidth 800 max_credits 26 tx_time 152
[985888.949633] NVMeVirt: [chmodel_init] bandwidth 800 max_credits 26 tx_time 152
[985888.949646] NVMeVirt: [chmodel_init] bandwidth 3360 max_credits 110 tx_time 36
[985888.949649] NVMeVirt: Fixed CAT init ns=0 part=2 arm=50 k=10 scale_pct=50 age_ratio=16
[985888.950555] NVMeVirt: Init FTL instance with 2 channels (524288 pages)
[985888.950558] NVMeVirt: GC victim policy: cat-fig7-fixed ns=0 part=2 initial_k=10 initial_scale_pct=50 initial_age_ratio=16 warmup_gc=100
[985888.960833] NVMeVirt: [chmodel_init] bandwidth 800 max_credits 26 tx_time 152
[985888.971021] NVMeVirt: [chmodel_init] bandwidth 800 max_credits 26 tx_time 152
[985888.971036] NVMeVirt: [chmodel_init] bandwidth 3360 max_credits 110 tx_time 36
[985888.971038] NVMeVirt: Fixed CAT init ns=0 part=3 arm=50 k=10 scale_pct=50 age_ratio=16
[985888.972009] NVMeVirt: Init FTL instance with 2 channels (524288 pages)
[985888.972011] NVMeVirt: GC victim policy: cat-fig7-fixed ns=0 part=3 initial_k=10 initial_scale_pct=50 initial_age_ratio=16 warmup_gc=100
[985888.972018] NVMeVirt: FTL physical space: 8588886016, logical space: 8026996276 (physical/logical * 100 = 107)
[985888.972020] NVMeVirt: ns 0/1: size 7655 MiB
[985888.972069] PCI host bridge to bus 0001:10
[985888.972071] pci_bus 0001:10: root bus resource [io  0x0000-0xffff]
[985888.972074] pci_bus 0001:10: root bus resource [mem 0x00000000-0x7fffffffff]
[985888.972076] pci_bus 0001:10: root bus resource [bus 00-ff]
[985888.972097] pci 0001:10:00.0: [0c51:0110] type 00 class 0x010802 PCIe Endpoint
[985888.972101] pci 0001:10:00.0: BAR 0 [mem 0x100000000-0x100003fff 64bit]
[985888.972103] pci 0001:10:00.0: enabling Extended Tags
[985888.972225] NVMeVirt: Virtual PCI bus created (node 0)
[985888.972572] NVMeVirt: nvmev_dispatcher started on cpu 1 (node 0)
[985888.972595] NVMeVirt: Virtual NVMe device created
[985888.972676] NVMeVirt: nvmev_io_worker_0 started on cpu 2 (node 0)
[985888.973603] nvme nvme0: pci function 0001:10:00.0
[985888.978293] nvme nvme0: 8/0/0 default/read/poll queues
[985889.049067] EXT4-fs (nvme0n1): mounted filesystem 05199049-4211-43bf-be7c-484f9c5a87ac r/w with ordered data mode. Quota mode: none.
[985971.063244] NVMeVirt: Fixed CAT init ns=0 part=0 arm=50 k=10 scale_pct=50 age_ratio=16
[985971.063251] NVMeVirt: Fixed CAT init ns=0 part=1 arm=50 k=10 scale_pct=50 age_ratio=16
[985971.063254] NVMeVirt: Fixed CAT init ns=0 part=2 arm=50 k=10 scale_pct=50 age_ratio=16
[985971.063257] NVMeVirt: Fixed CAT init ns=0 part=3 arm=50 k=10 scale_pct=50 age_ratio=16
[985971.063259] NVMeVirt: Measurement: command=start epoch=1 host_bytes=0 learner_active=1
[985971.071898] mix-mixF-fixed50-323205 phase=A START
[986571.395109] mix-mixF-fixed50-323205 phase=A END
[986571.406475] mix-mixF-fixed50-323205 phase=B START
[986874.758775] mix-mixF-fixed50-323205 phase=B END
[986874.761855] NVMeVirt: Measurement: command=stop epoch=1 host_bytes=251351572480 learner_active=0
[986874.812583] EXT4-fs (nvme0n1): unmounting filesystem 05199049-4211-43bf-be7c-484f9c5a87ac.
[986874.923504] pci_bus 0001:10: busn_res: [bus 10-ff] is released
[986874.923570] NVMeVirt: GC stats: ns=0 policy=cat-fig7-fixed host_pages=61365130 gc_pages=97859626 gc_count=2487886 WAF=2.594 warmup_gc=100-per-part
[986874.997810] NVMeVirt: Virtual NVMe device closed
