[326261.559932] measured-cat-03-379073
[326261.571979] NVMeVirt: Version 1.10 for >> Samsung 970 Pro SSD <<
[326261.571988] NVMeVirt: Storage: 0x100100000-0x300000000 (8191 MiB)
[326261.583164] NVMeVirt: Total Capacity(GiB,MiB)=2,2048 chs=2 luns=4 lines=8192 blk-size(MiB,KiB)=0,64 line-size(MiB,KiB)=0,256
[326261.593486] NVMeVirt: [chmodel_init] bandwidth 800 max_credits 26 tx_time 152
[326261.603601] NVMeVirt: [chmodel_init] bandwidth 800 max_credits 26 tx_time 152
[326261.603621] NVMeVirt: [chmodel_init] bandwidth 3360 max_credits 110 tx_time 36
[326261.604957] NVMeVirt: pqueue: Copyright (c) 2014, Volkan Yazıcı <volkan.yazici@gmail.com>. All rights reserved.
[326261.605006] NVMeVirt: Init FTL instance with 2 channels (524288 pages)
[326261.605008] NVMeVirt: GC victim policy: cat-fig7 scale_pct=400 age_ratio=16
[326261.615320] NVMeVirt: [chmodel_init] bandwidth 800 max_credits 26 tx_time 152
[326261.625201] NVMeVirt: [chmodel_init] bandwidth 800 max_credits 26 tx_time 152
[326261.625215] NVMeVirt: [chmodel_init] bandwidth 3360 max_credits 110 tx_time 36
[326261.626280] NVMeVirt: Init FTL instance with 2 channels (524288 pages)
[326261.626291] NVMeVirt: GC victim policy: cat-fig7 scale_pct=400 age_ratio=16
[326261.636439] NVMeVirt: [chmodel_init] bandwidth 800 max_credits 26 tx_time 152
[326261.646556] NVMeVirt: [chmodel_init] bandwidth 800 max_credits 26 tx_time 152
[326261.646571] NVMeVirt: [chmodel_init] bandwidth 3360 max_credits 110 tx_time 36
[326261.647562] NVMeVirt: Init FTL instance with 2 channels (524288 pages)
[326261.647565] NVMeVirt: GC victim policy: cat-fig7 scale_pct=400 age_ratio=16
[326261.657209] NVMeVirt: [chmodel_init] bandwidth 800 max_credits 26 tx_time 152
[326261.666879] NVMeVirt: [chmodel_init] bandwidth 800 max_credits 26 tx_time 152
[326261.666893] NVMeVirt: [chmodel_init] bandwidth 3360 max_credits 110 tx_time 36
[326261.668058] NVMeVirt: Init FTL instance with 2 channels (524288 pages)
[326261.668061] NVMeVirt: GC victim policy: cat-fig7 scale_pct=400 age_ratio=16
[326261.668069] NVMeVirt: FTL physical space: 8588886016, logical space: 8026996276 (physical/logical * 100 = 107)
[326261.668071] NVMeVirt: ns 0/1: size 7655 MiB
[326261.668137] PCI host bridge to bus 0001:10
[326261.668140] pci_bus 0001:10: root bus resource [io  0x0000-0xffff]
[326261.668146] pci_bus 0001:10: root bus resource [mem 0x00000000-0x7fffffffff]
[326261.668148] pci_bus 0001:10: root bus resource [bus 00-ff]
[326261.668157] pci 0001:10:00.0: [0c51:0110] type 00 class 0x010802 PCIe Endpoint
[326261.668162] pci 0001:10:00.0: BAR 0 [mem 0x100000000-0x100003fff 64bit]
[326261.668165] pci 0001:10:00.0: enabling Extended Tags
[326261.668355] NVMeVirt: Virtual PCI bus created (node 0)
[326261.668871] NVMeVirt: Virtual NVMe device created
[326261.668915] NVMeVirt: nvmev_dispatcher started on cpu 1 (node 0)
[326261.668918] NVMeVirt: nvmev_io_worker_0 started on cpu 2 (node 0)
[326261.669090] nvme nvme0: pci function 0001:10:00.0
[326261.670830] nvme nvme0: 8/0/0 default/read/poll queues
[326261.752615] EXT4-fs (nvme0n1): mounted filesystem c8c774e5-e5b8-441a-bf6f-28a9829e5a56 r/w with ordered data mode. Quota mode: none.
[326343.800645] NVMeVirt: Measurement: command=start epoch=1 host_bytes=0 host_pages=0 gc_pages=0
[326370.275965] NVMeVirt: GC window: seq=0 host_pages=262144 gc_pages=232697 WAF=1.887 cum_host=262144 cum_gc=232697
[326396.489115] NVMeVirt: GC window: seq=1 host_pages=262144 gc_pages=220381 WAF=1.840 cum_host=524288 cum_gc=453078
[326422.702012] NVMeVirt: GC window: seq=2 host_pages=262144 gc_pages=120688 WAF=1.460 cum_host=786432 cum_gc=573766
[326448.914913] NVMeVirt: GC window: seq=3 host_pages=262144 gc_pages=170667 WAF=1.651 cum_host=1048576 cum_gc=744433
[326475.128059] NVMeVirt: GC window: seq=4 host_pages=262144 gc_pages=256508 WAF=1.978 cum_host=1310720 cum_gc=1000941
[326501.340949] NVMeVirt: GC window: seq=5 host_pages=262144 gc_pages=247882 WAF=1.945 cum_host=1572864 cum_gc=1248823
[326527.554098] NVMeVirt: GC window: seq=6 host_pages=262144 gc_pages=182180 WAF=1.694 cum_host=1835008 cum_gc=1431003
[326553.766992] NVMeVirt: GC window: seq=7 host_pages=262144 gc_pages=123215 WAF=1.470 cum_host=2097152 cum_gc=1554218
[326579.979888] NVMeVirt: GC window: seq=8 host_pages=262144 gc_pages=182209 WAF=1.695 cum_host=2359296 cum_gc=1736427
[326606.193045] NVMeVirt: GC window: seq=9 host_pages=262144 gc_pages=196250 WAF=1.748 cum_host=2621440 cum_gc=1932677
[326632.405934] NVMeVirt: GC window: seq=10 host_pages=262144 gc_pages=193200 WAF=1.736 cum_host=2883584 cum_gc=2125877
[326658.619079] NVMeVirt: GC window: seq=11 host_pages=262144 gc_pages=157106 WAF=1.599 cum_host=3145728 cum_gc=2282983
[326684.831978] NVMeVirt: GC window: seq=12 host_pages=262144 gc_pages=116412 WAF=1.444 cum_host=3407872 cum_gc=2399395
[326711.044860] NVMeVirt: GC window: seq=13 host_pages=262144 gc_pages=170087 WAF=1.648 cum_host=3670016 cum_gc=2569482
[326737.258028] NVMeVirt: GC window: seq=14 host_pages=262144 gc_pages=169894 WAF=1.648 cum_host=3932160 cum_gc=2739376
[326763.470883] NVMeVirt: GC window: seq=15 host_pages=262144 gc_pages=152754 WAF=1.582 cum_host=4194304 cum_gc=2892130
[326789.684075] NVMeVirt: GC window: seq=16 host_pages=262144 gc_pages=114503 WAF=1.436 cum_host=4456448 cum_gc=3006633
[326815.896923] NVMeVirt: GC window: seq=17 host_pages=262144 gc_pages=111639 WAF=1.425 cum_host=4718592 cum_gc=3118272
[326842.109749] NVMeVirt: GC window: seq=18 host_pages=262144 gc_pages=134492 WAF=1.513 cum_host=4980736 cum_gc=3252764
[326868.322972] NVMeVirt: GC window: seq=19 host_pages=262144 gc_pages=137328 WAF=1.523 cum_host=5242880 cum_gc=3390092
[326894.535780] NVMeVirt: GC window: seq=20 host_pages=262144 gc_pages=119512 WAF=1.455 cum_host=5505024 cum_gc=3509604
[326920.749016] NVMeVirt: GC window: seq=21 host_pages=262144 gc_pages=87879 WAF=1.335 cum_host=5767168 cum_gc=3597483
[326944.113143] NVMeVirt: Measurement: command=stop epoch=1 host_bytes=24577589248 host_pages=6000388 gc_pages=3683874
[326944.146038] EXT4-fs (nvme0n1): unmounting filesystem c8c774e5-e5b8-441a-bf6f-28a9829e5a56.
[326944.207752] pci_bus 0001:10: busn_res: [bus 10-ff] is released
[326944.207816] NVMeVirt: GC stats: policy=cat-fig7 age_mode=create host_pages=6000388 gc_pages=3683874 gc_count=151317 WAF=1.613 scale_pct=400 age_ratio=16
[326944.207820] NVMeVirt: GC victim hist: level=0 count=35
[326944.207822] NVMeVirt: GC victim hist: level=1 count=32
[326944.207823] NVMeVirt: GC victim hist: level=2 count=39672
[326944.207825] NVMeVirt: GC victim hist: level=3 count=54335
[326944.207826] NVMeVirt: GC victim hist: level=4 count=21753
[326944.207828] NVMeVirt: GC victim hist: level=5 count=34975
[326944.207829] NVMeVirt: GC victim hist: level=6 count=515
[326944.207830] NVMeVirt: GC victim mean: victims=151317 vpc=24.34 age_ms=101805
[326944.268377] NVMeVirt: Virtual NVMe device closed
