[865286.421402] mix-mixK-fixed47-4149021 BEGIN
[865286.435998] NVMeVirt: Version 1.10 for >> Samsung 970 Pro SSD <<
[865286.436004] NVMeVirt: Storage: 0x100100000-0x300000000 (8191 MiB)
[865286.447663] NVMeVirt: Total Capacity(GiB,MiB)=2,2048 chs=2 luns=4 lines=8192 blk-size(MiB,KiB)=0,64 line-size(MiB,KiB)=0,256
[865286.459509] NVMeVirt: [chmodel_init] bandwidth 800 max_credits 26 tx_time 152
[865286.470780] NVMeVirt: [chmodel_init] bandwidth 800 max_credits 26 tx_time 152
[865286.470796] NVMeVirt: [chmodel_init] bandwidth 3360 max_credits 110 tx_time 36
[865286.470798] NVMeVirt: Fixed CAT init ns=0 part=0 arm=47 k=10 scale_pct=25 age_ratio=16
[865286.471772] NVMeVirt: pqueue: Copyright (c) 2014, Volkan Yazıcı <volkan.yazici@gmail.com>. All rights reserved.
[865286.471815] NVMeVirt: Init FTL instance with 2 channels (524288 pages)
[865286.471817] NVMeVirt: GC victim policy: cat-fig7-fixed ns=0 part=0 initial_k=10 initial_scale_pct=25 initial_age_ratio=16 warmup_gc=100
[865286.482474] NVMeVirt: [chmodel_init] bandwidth 800 max_credits 26 tx_time 152
[865286.492954] NVMeVirt: [chmodel_init] bandwidth 800 max_credits 26 tx_time 152
[865286.493000] NVMeVirt: [chmodel_init] bandwidth 3360 max_credits 110 tx_time 36
[865286.493005] NVMeVirt: Fixed CAT init ns=0 part=1 arm=47 k=10 scale_pct=25 age_ratio=16
[865286.494400] NVMeVirt: Init FTL instance with 2 channels (524288 pages)
[865286.494405] NVMeVirt: GC victim policy: cat-fig7-fixed ns=0 part=1 initial_k=10 initial_scale_pct=25 initial_age_ratio=16 warmup_gc=100
[865286.504913] NVMeVirt: [chmodel_init] bandwidth 800 max_credits 26 tx_time 152
[865286.514984] NVMeVirt: [chmodel_init] bandwidth 800 max_credits 26 tx_time 152
[865286.514998] NVMeVirt: [chmodel_init] bandwidth 3360 max_credits 110 tx_time 36
[865286.515000] NVMeVirt: Fixed CAT init ns=0 part=2 arm=47 k=10 scale_pct=25 age_ratio=16
[865286.515904] NVMeVirt: Init FTL instance with 2 channels (524288 pages)
[865286.515907] NVMeVirt: GC victim policy: cat-fig7-fixed ns=0 part=2 initial_k=10 initial_scale_pct=25 initial_age_ratio=16 warmup_gc=100
[865286.526191] NVMeVirt: [chmodel_init] bandwidth 800 max_credits 26 tx_time 152
[865286.536658] NVMeVirt: [chmodel_init] bandwidth 800 max_credits 26 tx_time 152
[865286.536672] NVMeVirt: [chmodel_init] bandwidth 3360 max_credits 110 tx_time 36
[865286.536675] NVMeVirt: Fixed CAT init ns=0 part=3 arm=47 k=10 scale_pct=25 age_ratio=16
[865286.537621] NVMeVirt: Init FTL instance with 2 channels (524288 pages)
[865286.537624] NVMeVirt: GC victim policy: cat-fig7-fixed ns=0 part=3 initial_k=10 initial_scale_pct=25 initial_age_ratio=16 warmup_gc=100
[865286.537631] NVMeVirt: FTL physical space: 8588886016, logical space: 8026996276 (physical/logical * 100 = 107)
[865286.537632] NVMeVirt: ns 0/1: size 7655 MiB
[865286.537695] PCI host bridge to bus 0001:10
[865286.537697] pci_bus 0001:10: root bus resource [io  0x0000-0xffff]
[865286.537700] pci_bus 0001:10: root bus resource [mem 0x00000000-0x7fffffffff]
[865286.537702] pci_bus 0001:10: root bus resource [bus 00-ff]
[865286.537710] pci 0001:10:00.0: [0c51:0110] type 00 class 0x010802 PCIe Endpoint
[865286.537714] pci 0001:10:00.0: BAR 0 [mem 0x100000000-0x100003fff 64bit]
[865286.537717] pci 0001:10:00.0: enabling Extended Tags
[865286.537839] NVMeVirt: Virtual PCI bus created (node 0)
[865286.538143] NVMeVirt: Virtual NVMe device created
[865286.538224] NVMeVirt: nvmev_io_worker_0 started on cpu 2 (node 0)
[865286.538360] nvme nvme0: pci function 0001:10:00.0
[865286.539488] NVMeVirt: nvmev_dispatcher started on cpu 1 (node 0)
[865286.540695] nvme nvme0: 8/0/0 default/read/poll queues
[865286.616355] EXT4-fs (nvme0n1): mounted filesystem cc35498a-48e3-4f88-b815-efb76c071347 r/w with ordered data mode. Quota mode: none.
[865368.659218] NVMeVirt: Fixed CAT init ns=0 part=0 arm=47 k=10 scale_pct=25 age_ratio=16
[865368.659223] NVMeVirt: Fixed CAT init ns=0 part=1 arm=47 k=10 scale_pct=25 age_ratio=16
[865368.659225] NVMeVirt: Fixed CAT init ns=0 part=2 arm=47 k=10 scale_pct=25 age_ratio=16
[865368.659227] NVMeVirt: Fixed CAT init ns=0 part=3 arm=47 k=10 scale_pct=25 age_ratio=16
[865368.659228] NVMeVirt: Measurement: command=start epoch=1 host_bytes=0 learner_active=1
[865368.666981] mix-mixK-fixed47-4149021 phase=A START
[865968.982508] mix-mixK-fixed47-4149021 phase=A END
[865968.989519] mix-mixK-fixed47-4149021 phase=B START
[866569.302317] mix-mixK-fixed47-4149021 phase=B END
[866569.306042] NVMeVirt: Measurement: command=stop epoch=1 host_bytes=196622405632 learner_active=0
[866569.358768] EXT4-fs (nvme0n1): unmounting filesystem cc35498a-48e3-4f88-b815-efb76c071347.
[866569.425382] pci_bus 0001:10: busn_res: [bus 10-ff] is released
[866569.425503] NVMeVirt: GC stats: ns=0 policy=cat-fig7-fixed host_pages=48003517 gc_pages=37312853 gc_count=1333069 WAF=1.777 warmup_gc=100-per-part
[866569.504139] NVMeVirt: Virtual NVMe device closed
