[1552127.827853] mix-mixO-arm17-1706322 BEGIN
[1552128.064878] NVMeVirt: Version 1.10 for >> Samsung 970 Pro SSD <<
[1552128.064883] NVMeVirt: Storage: 0x100100000-0x300000000 (8191 MiB)
[1552128.075523] NVMeVirt: Total Capacity(GiB,MiB)=2,2048 chs=2 luns=4 lines=8192 blk-size(MiB,KiB)=0,64 line-size(MiB,KiB)=0,256
[1552128.087093] NVMeVirt: [chmodel_init] bandwidth 800 max_credits 26 tx_time 152
[1552128.098536] NVMeVirt: [chmodel_init] bandwidth 800 max_credits 26 tx_time 152
[1552128.098550] NVMeVirt: [chmodel_init] bandwidth 3360 max_credits 110 tx_time 36
[1552128.098552] NVMeVirt: Fixed CAT init ns=0 part=0 arm=17 k=4 scale_pct=25 age_ratio=16
[1552128.099809] NVMeVirt: pqueue: Copyright (c) 2014, Volkan Yazıcı <volkan.yazici@gmail.com>. All rights reserved.
[1552128.099844] NVMeVirt: Init FTL instance with 2 channels (524288 pages)
[1552128.099846] NVMeVirt: GC victim policy: cat-fig7-fixed ns=0 part=0 initial_k=4 initial_scale_pct=25 initial_age_ratio=16 warmup_gc=100
[1552128.110990] NVMeVirt: [chmodel_init] bandwidth 800 max_credits 26 tx_time 152
[1552128.121985] NVMeVirt: [chmodel_init] bandwidth 800 max_credits 26 tx_time 152
[1552128.121998] NVMeVirt: [chmodel_init] bandwidth 3360 max_credits 110 tx_time 36
[1552128.122000] NVMeVirt: Fixed CAT init ns=0 part=1 arm=17 k=4 scale_pct=25 age_ratio=16
[1552128.123233] NVMeVirt: Init FTL instance with 2 channels (524288 pages)
[1552128.123235] NVMeVirt: GC victim policy: cat-fig7-fixed ns=0 part=1 initial_k=4 initial_scale_pct=25 initial_age_ratio=16 warmup_gc=100
[1552128.134186] NVMeVirt: [chmodel_init] bandwidth 800 max_credits 26 tx_time 152
[1552128.144856] NVMeVirt: [chmodel_init] bandwidth 800 max_credits 26 tx_time 152
[1552128.144869] NVMeVirt: [chmodel_init] bandwidth 3360 max_credits 110 tx_time 36
[1552128.144870] NVMeVirt: Fixed CAT init ns=0 part=2 arm=17 k=4 scale_pct=25 age_ratio=16
[1552128.146087] NVMeVirt: Init FTL instance with 2 channels (524288 pages)
[1552128.146089] NVMeVirt: GC victim policy: cat-fig7-fixed ns=0 part=2 initial_k=4 initial_scale_pct=25 initial_age_ratio=16 warmup_gc=100
[1552128.157505] NVMeVirt: [chmodel_init] bandwidth 800 max_credits 26 tx_time 152
[1552128.168327] NVMeVirt: [chmodel_init] bandwidth 800 max_credits 26 tx_time 152
[1552128.168340] NVMeVirt: [chmodel_init] bandwidth 3360 max_credits 110 tx_time 36
[1552128.168342] NVMeVirt: Fixed CAT init ns=0 part=3 arm=17 k=4 scale_pct=25 age_ratio=16
[1552128.169574] NVMeVirt: Init FTL instance with 2 channels (524288 pages)
[1552128.169577] NVMeVirt: GC victim policy: cat-fig7-fixed ns=0 part=3 initial_k=4 initial_scale_pct=25 initial_age_ratio=16 warmup_gc=100
[1552128.169583] NVMeVirt: FTL physical space: 8588886016, logical space: 8026996276 (physical/logical * 100 = 107)
[1552128.169584] NVMeVirt: ns 0/1: size 7655 MiB
[1552128.169636] PCI host bridge to bus 0001:10
[1552128.169638] pci_bus 0001:10: root bus resource [io  0x0000-0xffff]
[1552128.169641] pci_bus 0001:10: root bus resource [mem 0x00000000-0x7fffffffff]
[1552128.169643] pci_bus 0001:10: root bus resource [bus 00-ff]
[1552128.169658] pci 0001:10:00.0: [0c51:0110] type 00 class 0x010802 PCIe Endpoint
[1552128.169663] pci 0001:10:00.0: BAR 0 [mem 0x100000000-0x100003fff 64bit]
[1552128.169665] pci 0001:10:00.0: enabling Extended Tags
[1552128.169791] NVMeVirt: Virtual PCI bus created (node 0)
[1552128.170083] NVMeVirt: nvmev_io_worker_0 started on cpu 2 (node 0)
[1552128.170165] NVMeVirt: nvmev_dispatcher started on cpu 1 (node 0)
[1552128.170177] NVMeVirt: Virtual NVMe device created
[1552128.170432] nvme nvme0: pci function 0001:10:00.0
[1552128.173255] nvme nvme0: 8/0/0 default/read/poll queues
[1552128.636234] EXT4-fs (nvme0n1): mounted filesystem fba532c0-e3e4-4f96-ac41-501272925447 r/w with ordered data mode. Quota mode: none.
[1552210.955979] NVMeVirt: Fixed CAT init ns=0 part=0 arm=17 k=4 scale_pct=25 age_ratio=16
[1552210.955985] NVMeVirt: Fixed CAT init ns=0 part=1 arm=17 k=4 scale_pct=25 age_ratio=16
[1552210.955987] NVMeVirt: Fixed CAT init ns=0 part=2 arm=17 k=4 scale_pct=25 age_ratio=16
[1552210.955988] NVMeVirt: Fixed CAT init ns=0 part=3 arm=17 k=4 scale_pct=25 age_ratio=16
[1552210.955990] NVMeVirt: Measurement: command=start epoch=1 host_bytes=0 learner_active=1
[1552211.066769] mix-mixO-arm17-1706322 phase=A START
[1552728.099610] systemd-journald[426]: Under memory pressure, flushing caches.
[1553131.648053] mix-mixO-arm17-1706322 phase=A END
[1553131.712151] mix-mixO-arm17-1706322 phase=B START
[1554035.331517] mix-mixO-arm17-1706322 phase=B END
[1554035.428721] NVMeVirt: Measurement: command=stop epoch=1 host_bytes=709806206976 learner_active=0
[1554035.615429] EXT4-fs (nvme0n1): unmounting filesystem fba532c0-e3e4-4f96-ac41-501272925447.
[1554035.938083] pci_bus 0001:10: busn_res: [bus 10-ff] is released
[1554035.938141] NVMeVirt: GC stats: ns=0 policy=cat-fig7-fixed host_pages=173292531 gc_pages=161976252 gc_count=5238575 WAF=1.934 warmup_gc=100-per-part
[1554036.012064] NVMeVirt: Virtual NVMe device closed
