[1741993.562485] mix-mixQ-arm45-2337089 BEGIN
[1741993.649488] NVMeVirt: Version 1.10 for >> Samsung 970 Pro SSD <<
[1741993.649494] NVMeVirt: Storage: 0x100100000-0x300000000 (8191 MiB)
[1741993.659982] NVMeVirt: Total Capacity(GiB,MiB)=2,2048 chs=2 luns=4 lines=8192 blk-size(MiB,KiB)=0,64 line-size(MiB,KiB)=0,256
[1741993.671332] NVMeVirt: [chmodel_init] bandwidth 800 max_credits 26 tx_time 152
[1741993.682427] NVMeVirt: [chmodel_init] bandwidth 800 max_credits 26 tx_time 152
[1741993.682440] NVMeVirt: [chmodel_init] bandwidth 3360 max_credits 110 tx_time 36
[1741993.682443] NVMeVirt: Fixed CAT init ns=0 part=0 arm=45 k=10 scale_pct=25 age_ratio=4
[1741993.683410] NVMeVirt: pqueue: Copyright (c) 2014, Volkan Yazıcı <volkan.yazici@gmail.com>. All rights reserved.
[1741993.683445] NVMeVirt: Init FTL instance with 2 channels (524288 pages)
[1741993.683447] NVMeVirt: GC victim policy: cat-fig7-fixed ns=0 part=0 initial_k=10 initial_scale_pct=25 initial_age_ratio=4 warmup_gc=100
[1741993.693530] NVMeVirt: [chmodel_init] bandwidth 800 max_credits 26 tx_time 152
[1741993.703778] NVMeVirt: [chmodel_init] bandwidth 800 max_credits 26 tx_time 152
[1741993.703792] NVMeVirt: [chmodel_init] bandwidth 3360 max_credits 110 tx_time 36
[1741993.703794] NVMeVirt: Fixed CAT init ns=0 part=1 arm=45 k=10 scale_pct=25 age_ratio=4
[1741993.704797] NVMeVirt: Init FTL instance with 2 channels (524288 pages)
[1741993.704799] NVMeVirt: GC victim policy: cat-fig7-fixed ns=0 part=1 initial_k=10 initial_scale_pct=25 initial_age_ratio=4 warmup_gc=100
[1741993.714672] NVMeVirt: [chmodel_init] bandwidth 800 max_credits 26 tx_time 152
[1741993.724675] NVMeVirt: [chmodel_init] bandwidth 800 max_credits 26 tx_time 152
[1741993.724689] NVMeVirt: [chmodel_init] bandwidth 3360 max_credits 110 tx_time 36
[1741993.724691] NVMeVirt: Fixed CAT init ns=0 part=2 arm=45 k=10 scale_pct=25 age_ratio=4
[1741993.725606] NVMeVirt: Init FTL instance with 2 channels (524288 pages)
[1741993.725609] NVMeVirt: GC victim policy: cat-fig7-fixed ns=0 part=2 initial_k=10 initial_scale_pct=25 initial_age_ratio=4 warmup_gc=100
[1741993.735705] NVMeVirt: [chmodel_init] bandwidth 800 max_credits 26 tx_time 152
[1741993.745999] NVMeVirt: [chmodel_init] bandwidth 800 max_credits 26 tx_time 152
[1741993.746012] NVMeVirt: [chmodel_init] bandwidth 3360 max_credits 110 tx_time 36
[1741993.746014] NVMeVirt: Fixed CAT init ns=0 part=3 arm=45 k=10 scale_pct=25 age_ratio=4
[1741993.746920] NVMeVirt: Init FTL instance with 2 channels (524288 pages)
[1741993.746923] NVMeVirt: GC victim policy: cat-fig7-fixed ns=0 part=3 initial_k=10 initial_scale_pct=25 initial_age_ratio=4 warmup_gc=100
[1741993.746932] NVMeVirt: FTL physical space: 8588886016, logical space: 8026996276 (physical/logical * 100 = 107)
[1741993.746934] NVMeVirt: ns 0/1: size 7655 MiB
[1741993.747002] PCI host bridge to bus 0001:10
[1741993.747004] pci_bus 0001:10: root bus resource [io  0x0000-0xffff]
[1741993.747007] pci_bus 0001:10: root bus resource [mem 0x00000000-0x7fffffffff]
[1741993.747010] pci_bus 0001:10: root bus resource [bus 00-ff]
[1741993.747018] pci 0001:10:00.0: [0c51:0110] type 00 class 0x010802 PCIe Endpoint
[1741993.747041] pci 0001:10:00.0: BAR 0 [mem 0x100000000-0x100003fff 64bit]
[1741993.747044] pci 0001:10:00.0: enabling Extended Tags
[1741993.747183] NVMeVirt: Virtual PCI bus created (node 0)
[1741993.747474] NVMeVirt: nvmev_io_worker_0 started on cpu 2 (node 0)
[1741993.747567] NVMeVirt: Virtual NVMe device created
[1741993.747583] NVMeVirt: nvmev_dispatcher started on cpu 1 (node 0)
[1741993.747769] nvme nvme0: pci function 0001:10:00.0
[1741993.750668] nvme nvme0: 8/0/0 default/read/poll queues
[1741994.093553] EXT4-fs (nvme0n1): mounted filesystem f5afbbfa-f755-46c7-b7b2-8f765aa7fdb5 r/w with ordered data mode. Quota mode: none.
[1742076.490817] NVMeVirt: Fixed CAT init ns=0 part=0 arm=45 k=10 scale_pct=25 age_ratio=4
[1742076.490822] NVMeVirt: Fixed CAT init ns=0 part=1 arm=45 k=10 scale_pct=25 age_ratio=4
[1742076.490824] NVMeVirt: Fixed CAT init ns=0 part=2 arm=45 k=10 scale_pct=25 age_ratio=4
[1742076.490826] NVMeVirt: Fixed CAT init ns=0 part=3 arm=45 k=10 scale_pct=25 age_ratio=4
[1742076.490827] NVMeVirt: Measurement: command=start epoch=1 host_bytes=0 learner_active=1
[1742076.499316] mix-mixQ-arm45-2337089 phase=A START
[1742376.834645] mix-mixQ-arm45-2337089 phase=A END
[1742376.843220] mix-mixQ-arm45-2337089 phase=B START idle=300
[1742676.858935] mix-mixQ-arm45-2337089 phase=B END
[1742676.867012] mix-mixQ-arm45-2337089 phase=C START
[1742977.172198] mix-mixQ-arm45-2337089 phase=C END
[1742977.175320] NVMeVirt: Measurement: command=stop epoch=1 host_bytes=98306760704 learner_active=0
[1742977.354311] EXT4-fs (nvme0n1): unmounting filesystem f5afbbfa-f755-46c7-b7b2-8f765aa7fdb5.
[1742977.421535] pci_bus 0001:10: busn_res: [bus 10-ff] is released
[1742977.421595] NVMeVirt: GC stats: ns=0 policy=cat-fig7-fixed host_pages=24000674 gc_pages=18775675 gc_count=668381 WAF=1.782 warmup_gc=100-per-part
[1742977.496489] NVMeVirt: Virtual NVMe device closed
