[1576526.343232] mix-mixJ-fixed37-1762700 BEGIN
[1576526.571853] NVMeVirt: Version 1.10 for >> Samsung 970 Pro SSD <<
[1576526.571862] NVMeVirt: Storage: 0x100100000-0x300000000 (8191 MiB)
[1576526.582780] NVMeVirt: Total Capacity(GiB,MiB)=2,2048 chs=2 luns=4 lines=8192 blk-size(MiB,KiB)=0,64 line-size(MiB,KiB)=0,256
[1576526.594179] NVMeVirt: [chmodel_init] bandwidth 800 max_credits 26 tx_time 152
[1576526.605402] NVMeVirt: [chmodel_init] bandwidth 800 max_credits 26 tx_time 152
[1576526.605422] NVMeVirt: [chmodel_init] bandwidth 3360 max_credits 110 tx_time 36
[1576526.605425] NVMeVirt: Fixed CAT init ns=0 part=0 arm=37 k=7 scale_pct=100 age_ratio=7
[1576526.607038] NVMeVirt: pqueue: Copyright (c) 2014, Volkan Yazıcı <volkan.yazici@gmail.com>. All rights reserved.
[1576526.607085] NVMeVirt: Init FTL instance with 2 channels (524288 pages)
[1576526.607087] NVMeVirt: GC victim policy: cat-fig7-fixed ns=0 part=0 initial_k=7 initial_scale_pct=100 initial_age_ratio=7 warmup_gc=100
[1576526.618268] NVMeVirt: [chmodel_init] bandwidth 800 max_credits 26 tx_time 152
[1576526.629162] NVMeVirt: [chmodel_init] bandwidth 800 max_credits 26 tx_time 152
[1576526.629177] NVMeVirt: [chmodel_init] bandwidth 3360 max_credits 110 tx_time 36
[1576526.629179] NVMeVirt: Fixed CAT init ns=0 part=1 arm=37 k=7 scale_pct=100 age_ratio=7
[1576526.630452] NVMeVirt: Init FTL instance with 2 channels (524288 pages)
[1576526.630455] NVMeVirt: GC victim policy: cat-fig7-fixed ns=0 part=1 initial_k=7 initial_scale_pct=100 initial_age_ratio=7 warmup_gc=100
[1576526.641272] NVMeVirt: [chmodel_init] bandwidth 800 max_credits 26 tx_time 152
[1576526.652221] NVMeVirt: [chmodel_init] bandwidth 800 max_credits 26 tx_time 152
[1576526.652235] NVMeVirt: [chmodel_init] bandwidth 3360 max_credits 110 tx_time 36
[1576526.652237] NVMeVirt: Fixed CAT init ns=0 part=2 arm=37 k=7 scale_pct=100 age_ratio=7
[1576526.653509] NVMeVirt: Init FTL instance with 2 channels (524288 pages)
[1576526.653511] NVMeVirt: GC victim policy: cat-fig7-fixed ns=0 part=2 initial_k=7 initial_scale_pct=100 initial_age_ratio=7 warmup_gc=100
[1576526.664071] NVMeVirt: [chmodel_init] bandwidth 800 max_credits 26 tx_time 152
[1576526.674739] NVMeVirt: [chmodel_init] bandwidth 800 max_credits 26 tx_time 152
[1576526.674759] NVMeVirt: [chmodel_init] bandwidth 3360 max_credits 110 tx_time 36
[1576526.674762] NVMeVirt: Fixed CAT init ns=0 part=3 arm=37 k=7 scale_pct=100 age_ratio=7
[1576526.676387] NVMeVirt: Init FTL instance with 2 channels (524288 pages)
[1576526.676394] NVMeVirt: GC victim policy: cat-fig7-fixed ns=0 part=3 initial_k=7 initial_scale_pct=100 initial_age_ratio=7 warmup_gc=100
[1576526.676403] NVMeVirt: FTL physical space: 8588886016, logical space: 8026996276 (physical/logical * 100 = 107)
[1576526.676405] NVMeVirt: ns 0/1: size 7655 MiB
[1576526.676479] PCI host bridge to bus 0001:10
[1576526.676482] pci_bus 0001:10: root bus resource [io  0x0000-0xffff]
[1576526.676485] pci_bus 0001:10: root bus resource [mem 0x00000000-0x7fffffffff]
[1576526.676487] pci_bus 0001:10: root bus resource [bus 00-ff]
[1576526.676496] pci 0001:10:00.0: [0c51:0110] type 00 class 0x010802 PCIe Endpoint
[1576526.676500] pci 0001:10:00.0: BAR 0 [mem 0x100000000-0x100003fff 64bit]
[1576526.676503] pci 0001:10:00.0: enabling Extended Tags
[1576526.676665] NVMeVirt: Virtual PCI bus created (node 0)
[1576526.677071] NVMeVirt: nvmev_dispatcher started on cpu 1 (node 0)
[1576526.677151] NVMeVirt: Virtual NVMe device created
[1576526.677336] nvme nvme0: pci function 0001:10:00.0
[1576526.678908] NVMeVirt: nvmev_io_worker_0 started on cpu 2 (node 0)
[1576526.681447] nvme nvme0: 8/0/0 default/read/poll queues
[1576527.434782] EXT4-fs (nvme0n1): mounted filesystem 56a2fd27-377a-472a-96ac-72e77e49244f r/w with ordered data mode. Quota mode: none.
[1576609.763534] NVMeVirt: Fixed CAT init ns=0 part=0 arm=37 k=7 scale_pct=100 age_ratio=7
[1576609.763544] NVMeVirt: Fixed CAT init ns=0 part=1 arm=37 k=7 scale_pct=100 age_ratio=7
[1576609.763547] NVMeVirt: Fixed CAT init ns=0 part=2 arm=37 k=7 scale_pct=100 age_ratio=7
[1576609.763549] NVMeVirt: Fixed CAT init ns=0 part=3 arm=37 k=7 scale_pct=100 age_ratio=7
[1576609.763551] NVMeVirt: Measurement: command=start epoch=1 host_bytes=0 learner_active=1
[1576609.774293] mix-mixJ-fixed37-1762700 phase=A START
[1576609.785894] mix-mixJ-fixed37-1762700 phase=A LOAD
[1576636.188311] mix-mixJ-fixed37-1762700 phase=A RUN
[1576640.430318] tee (1763056): drop_caches: 3
[1576646.144750] tee (1763067): drop_caches: 3
[1576650.705128] tee (1763081): drop_caches: 3
[1576655.976148] tee (1763085): drop_caches: 3
[1576661.397475] tee (1763090): drop_caches: 3
[1576666.584149] tee (1763094): drop_caches: 3
[1576672.329214] tee (1763099): drop_caches: 3
[1576677.494655] tee (1763110): drop_caches: 3
[1576682.034060] tee (1763122): drop_caches: 3
[1576687.194199] tee (1763126): drop_caches: 3
[1576692.465728] tee (1763130): drop_caches: 3
[1576697.729540] tee (1763134): drop_caches: 3
[1576703.065780] tee (1763138): drop_caches: 3
[1576708.297922] tee (1763149): drop_caches: 3
[1576712.853821] tee (1763161): drop_caches: 3
[1576717.935239] tee (1763165): drop_caches: 3
[1576722.946303] tee (1763169): drop_caches: 3
[1576727.985547] tee (1763173): drop_caches: 3
[1576733.207722] tee (1763177): drop_caches: 3
[1576738.328667] tee (1763190): drop_caches: 3
[1576742.752722] tee (1763202): drop_caches: 3
[1576747.829692] tee (1763206): drop_caches: 3
[1576752.851061] tee (1763210): drop_caches: 3
[1576757.953466] tee (1763214): drop_caches: 3
[1576763.150238] tee (1763218): drop_caches: 3
[1576768.293225] tee (1763230): drop_caches: 3
[1576772.841418] tee (1763244): drop_caches: 3
[1576777.939313] tee (1763248): drop_caches: 3
[1576783.070083] tee (1763252): drop_caches: 3
[1576787.960972] tee (1763259): drop_caches: 3
[1576793.179599] tee (1763263): drop_caches: 3
[1576798.228912] tee (1763267): drop_caches: 3
[1576802.889213] tee (1763277): drop_caches: 3
[1576808.381830] tee (1763283): drop_caches: 3
[1576813.605413] tee (1763287): drop_caches: 3
[1576818.840514] tee (1763291): drop_caches: 3
[1576824.158867] tee (1763295): drop_caches: 3
[1576829.284743] tee (1763306): drop_caches: 3
[1576834.606308] tee (1763322): drop_caches: 3
[1576839.972521] tee (1763333): drop_caches: 3
[1576845.111967] tee (1763337): drop_caches: 3
[1576850.306854] tee (1763341): drop_caches: 3
[1576855.625017] tee (1763352): drop_caches: 3
[1576860.712167] tee (1763358): drop_caches: 3
[1576866.112892] tee (1763369): drop_caches: 3
[1576871.525730] tee (1763375): drop_caches: 3
[1576876.674301] tee (1763379): drop_caches: 3
[1576881.812072] tee (1763383): drop_caches: 3
[1576887.171924] tee (1763394): drop_caches: 3
[1576892.737780] tee (1763405): drop_caches: 3
[1576897.596340] tee (1763410): drop_caches: 3
[1576902.928857] tee (1763416): drop_caches: 3
[1576908.123252] tee (1763421): drop_caches: 3
[1576913.263223] tee (1763425): drop_caches: 3
[1576918.558398] tee (1763438): drop_caches: 3
[1576923.851860] tee (1763447): drop_caches: 3
[1576929.102069] tee (1763452): drop_caches: 3
[1576934.398927] tee (1763458): drop_caches: 3
[1576939.552326] tee (1763462): drop_caches: 3
[1576944.723372] tee (1763466): drop_caches: 3
[1576949.900921] tee (1763477): drop_caches: 3
[1576955.128045] tee (1763486): drop_caches: 3
[1576960.382742] tee (1763491): drop_caches: 3
[1576965.863909] tee (1763497): drop_caches: 3
[1576971.212513] tee (1763501): drop_caches: 3
[1576976.867934] tee (1763514): drop_caches: 3
[1576982.044648] tee (1763518): drop_caches: 3
[1576987.142699] tee (1763527): drop_caches: 3
[1576991.952823] tee (1763533): drop_caches: 3
[1576997.219924] tee (1763539): drop_caches: 3
[1577002.379400] tee (1763543): drop_caches: 3
[1577008.068960] tee (1763554): drop_caches: 3
[1577013.285493] tee (1763560): drop_caches: 3
[1577018.545899] tee (1763575): drop_caches: 3
[1577023.365734] tee (1763581): drop_caches: 3
[1577028.897364] tee (1763586): drop_caches: 3
[1577034.113786] tee (1763590): drop_caches: 3
[1577039.399249] tee (1763601): drop_caches: 3
[1577045.040538] tee (1763610): drop_caches: 3
[1577050.141259] tee (1763614): drop_caches: 3
[1577055.042614] tee (1763619): drop_caches: 3
[1577060.367560] tee (1763625): drop_caches: 3
[1577065.622832] tee (1763637): drop_caches: 3
[1577070.859680] tee (1763641): drop_caches: 3
[1577076.063484] tee (1763650): drop_caches: 3
[1577081.188654] tee (1763654): drop_caches: 3
[1577086.305620] tee (1763660): drop_caches: 3
[1577091.010307] tee (1763691): drop_caches: 3
[1577096.255956] tee (1763744): drop_caches: 3
[1577102.073332] tee (1763750): drop_caches: 3
[1577107.210778] tee (1763759): drop_caches: 3
[1577112.274771] tee (1763763): drop_caches: 3
[1577117.564269] tee (1763768): drop_caches: 3
[1577122.819220] tee (1763774): drop_caches: 3
[1577127.889382] tee (1763778): drop_caches: 3
[1577133.051008] tee (1763784): drop_caches: 3
[1577138.211947] tee (1763793): drop_caches: 3
[1577143.277928] tee (1763797): drop_caches: 3
[1577148.459644] tee (1763802): drop_caches: 3
[1577153.671920] tee (1763815): drop_caches: 3
[1577158.659534] tee (1763819): drop_caches: 3
[1577164.234771] tee (1763823): drop_caches: 3
[1577170.006965] tee (1763839): drop_caches: 3
[1577175.644408] tee (1763844): drop_caches: 3
[1577180.144724] tee (1763851): drop_caches: 3
[1577185.230431] tee (1763862): drop_caches: 3
[1577191.505343] tee (1763868): drop_caches: 3
[1577196.904715] tee (1763872): drop_caches: 3
[1577202.384895] tee (1763881): drop_caches: 3
[1577207.538954] tee (1763885): drop_caches: 3
[1577211.939158] tee (1763892): drop_caches: 3
[1577217.277350] tee (1763903): drop_caches: 3
[1577222.526040] tee (1763911): drop_caches: 3
[1577227.605216] tee (1763915): drop_caches: 3
[1577232.883694] tee (1763924): drop_caches: 3
[1577238.004696] tee (1763928): drop_caches: 3
[1577242.448180] tee (1763942): drop_caches: 3
[1577247.617996] tee (1763946): drop_caches: 3
[1577252.784304] tee (1763952): drop_caches: 3
[1577258.002302] tee (1763956): drop_caches: 3
[1577263.256598] tee (1763965): drop_caches: 3
[1577268.284950] tee (1763969): drop_caches: 3
[1577272.797223] tee (1763983): drop_caches: 3
[1577278.021473] tee (1763987): drop_caches: 3
[1577283.195873] tee (1763991): drop_caches: 3
[1577288.245433] tee (1763995): drop_caches: 3
[1577293.446746] tee (1764004): drop_caches: 3
[1577298.502286] tee (1764008): drop_caches: 3
[1577303.688621] tee (1764020): drop_caches: 3
[1577309.027140] tee (1764026): drop_caches: 3
[1577314.345684] tee (1764030): drop_caches: 3
[1577319.638790] tee (1764043): drop_caches: 3
[1577324.909212] tee (1764048): drop_caches: 3
[1577330.206170] tee (1764052): drop_caches: 3
[1577335.421050] tee (1764065): drop_caches: 3
[1577340.654463] tee (1764073): drop_caches: 3
[1577345.952563] tee (1764077): drop_caches: 3
[1577351.318685] tee (1764086): drop_caches: 3
[1577356.415826] tee (1764090): drop_caches: 3
[1577361.623646] tee (1764094): drop_caches: 3
[1577366.656499] tee (1764108): drop_caches: 3
[1577371.794525] tee (1764115): drop_caches: 3
[1577377.064400] tee (1764119): drop_caches: 3
[1577382.246157] tee (1764128): drop_caches: 3
[1577387.413059] tee (1764135): drop_caches: 3
[1577392.595143] tee (1764146): drop_caches: 3
[1577397.940795] tee (1764151): drop_caches: 3
[1577403.195476] tee (1764157): drop_caches: 3
[1577408.613761] tee (1764161): drop_caches: 3
[1577413.830805] tee (1764170): drop_caches: 3
[1577418.943319] tee (1764174): drop_caches: 3
[1577424.042766] tee (1764178): drop_caches: 3
[1577429.219428] tee (1764184): drop_caches: 3
[1577434.522691] tee (1764189): drop_caches: 3
[1577439.797451] tee (1764193): drop_caches: 3
[1577445.060298] tee (1764202): drop_caches: 3
[1577450.381320] tee (1764206): drop_caches: 3
[1577455.572813] tee (1764217): drop_caches: 3
[1577460.618252] tee (1764224): drop_caches: 3
[1577466.139052] tee (1764231): drop_caches: 3
[1577471.633325] tee (1764235): drop_caches: 3
[1577476.924196] tee (1764244): drop_caches: 3
[1577482.058763] tee (1764248): drop_caches: 3
[1577487.181781] tee (1764259): drop_caches: 3
[1577492.355955] tee (1764266): drop_caches: 3
[1577497.990693] tee (1764272): drop_caches: 3
[1577503.521227] tee (1764281): drop_caches: 3
[1577508.679558] tee (1764285): drop_caches: 3
[1577513.875089] tee (1764296): drop_caches: 3
[1577519.175369] tee (1764300): drop_caches: 3
[1577523.897869] tee (1764308): drop_caches: 3
[1577529.291433] tee (1764313): drop_caches: 3
[1577534.464873] tee (1764322): drop_caches: 3
[1577539.657923] tee (1764326): drop_caches: 3
[1577544.873703] tee (1764337): drop_caches: 3
[1577550.110961] tee (1764341): drop_caches: 3
[1577555.556135] tee (1764346): drop_caches: 3
[1577560.918502] tee (1764352): drop_caches: 3
[1577566.084294] tee (1764361): drop_caches: 3
[1577571.117616] tee (1764365): drop_caches: 3
[1577576.221365] tee (1764376): drop_caches: 3
[1577581.352181] tee (1764382): drop_caches: 3
[1577586.641674] tee (1764387): drop_caches: 3
[1577592.207702] tee (1764393): drop_caches: 3
[1577605.283005] tee (1764412): drop_caches: 3
[1577611.989167] mix-mixJ-fixed37-1762700 phase=A END
[1577611.997953] mix-mixJ-fixed37-1762700 phase=B START
[1577612.056478] mix-mixJ-fixed37-1762700 phase=B RUN
[1577616.264396] tee (1764499): drop_caches: 3
[1577621.100107] tee (1764506): drop_caches: 3
[1577626.285819] tee (1764511): drop_caches: 3
[1577631.283030] tee (1764518): drop_caches: 3
[1577636.472352] tee (1764534): drop_caches: 3
[1577641.576454] tee (1764538): drop_caches: 3
[1577646.688449] tee (1764542): drop_caches: 3
[1577651.066360] tee (1764549): drop_caches: 3
[1577656.344602] tee (1764553): drop_caches: 3
[1577661.594538] tee (1764559): drop_caches: 3
[1577666.795765] tee (1764577): drop_caches: 3
[1577671.872821] tee (1764581): drop_caches: 3
[1577676.942585] tee (1764585): drop_caches: 3
[1577681.373510] tee (1764592): drop_caches: 3
[1577686.908401] tee (1764599): drop_caches: 3
[1577693.198499] tee (1764636): drop_caches: 3
[1577701.095095] tee (1764690): drop_caches: 3
[1577710.431949] tee (1764719): drop_caches: 3
[1577716.803394] tee (1764729): drop_caches: 3
[1577729.100466] tee (1764792): drop_caches: 3
[1577738.395823] tee (1764846): drop_caches: 3
[1577746.892456] tee (1764860): drop_caches: 3
[1577754.904677] tee (1764874): drop_caches: 3
[1577760.195478] tee (1764882): drop_caches: 3
[1577765.566214] tee (1764886): drop_caches: 3
[1577771.066658] tee (1764890): drop_caches: 3
[1577776.653173] tee (1764899): drop_caches: 3
[1577782.485300] tee (1764923): drop_caches: 3
[1577788.166822] tee (1764930): drop_caches: 3
[1577793.650608] tee (1764934): drop_caches: 3
[1577798.882557] tee (1764939): drop_caches: 3
[1577823.861726] tee (1764956): drop_caches: 3
[1577835.210825] mix-mixJ-fixed37-1762700 phase=B END
[1577835.468361] NVMeVirt: Measurement: command=stop epoch=1 host_bytes=97476857856 learner_active=0
[1577857.339682] EXT4-fs (nvme0n1): unmounting filesystem 56a2fd27-377a-472a-96ac-72e77e49244f.
[1577858.027631] pci_bus 0001:10: busn_res: [bus 10-ff] is released
[1577858.027678] NVMeVirt: GC stats: ns=0 policy=cat-fig7-fixed host_pages=23798061 gc_pages=11183404 gc_count=546585 WAF=1.469 warmup_gc=100-per-part
[1577858.105933] NVMeVirt: Virtual NVMe device closed
