[656731.381764] mix-mixA-arm27-3901829 BEGIN
[656731.414896] NVMeVirt: Version 1.10 for >> Samsung 970 Pro SSD <<
[656731.414902] NVMeVirt: Storage: 0x100100000-0x300000000 (8191 MiB)
[656731.425909] NVMeVirt: Total Capacity(GiB,MiB)=2,2048 chs=2 luns=4 lines=8192 blk-size(MiB,KiB)=0,64 line-size(MiB,KiB)=0,256
[656731.437270] NVMeVirt: [chmodel_init] bandwidth 800 max_credits 26 tx_time 152
[656731.448030] NVMeVirt: [chmodel_init] bandwidth 800 max_credits 26 tx_time 152
[656731.448043] NVMeVirt: [chmodel_init] bandwidth 3360 max_credits 110 tx_time 36
[656731.448045] NVMeVirt: Fixed CAT init ns=0 part=0 arm=27 k=4 scale_pct=400 age_ratio=4
[656731.448899] NVMeVirt: pqueue: Copyright (c) 2014, Volkan Yazıcı <volkan.yazici@gmail.com>. All rights reserved.
[656731.448947] NVMeVirt: Init FTL instance with 2 channels (524288 pages)
[656731.448950] NVMeVirt: GC victim policy: cat-fig7-fixed ns=0 part=0 initial_k=4 initial_scale_pct=400 initial_age_ratio=4 warmup_gc=100
[656731.459798] NVMeVirt: [chmodel_init] bandwidth 800 max_credits 26 tx_time 152
[656731.470913] NVMeVirt: [chmodel_init] bandwidth 800 max_credits 26 tx_time 152
[656731.470928] NVMeVirt: [chmodel_init] bandwidth 3360 max_credits 110 tx_time 36
[656731.470930] NVMeVirt: Fixed CAT init ns=0 part=1 arm=27 k=4 scale_pct=400 age_ratio=4
[656731.471890] NVMeVirt: Init FTL instance with 2 channels (524288 pages)
[656731.471893] NVMeVirt: GC victim policy: cat-fig7-fixed ns=0 part=1 initial_k=4 initial_scale_pct=400 initial_age_ratio=4 warmup_gc=100
[656731.482503] NVMeVirt: [chmodel_init] bandwidth 800 max_credits 26 tx_time 152
[656731.492995] NVMeVirt: [chmodel_init] bandwidth 800 max_credits 26 tx_time 152
[656731.493008] NVMeVirt: [chmodel_init] bandwidth 3360 max_credits 110 tx_time 36
[656731.493010] NVMeVirt: Fixed CAT init ns=0 part=2 arm=27 k=4 scale_pct=400 age_ratio=4
[656731.493897] NVMeVirt: Init FTL instance with 2 channels (524288 pages)
[656731.493900] NVMeVirt: GC victim policy: cat-fig7-fixed ns=0 part=2 initial_k=4 initial_scale_pct=400 initial_age_ratio=4 warmup_gc=100
[656731.504495] NVMeVirt: [chmodel_init] bandwidth 800 max_credits 26 tx_time 152
[656731.515253] NVMeVirt: [chmodel_init] bandwidth 800 max_credits 26 tx_time 152
[656731.515280] NVMeVirt: [chmodel_init] bandwidth 3360 max_credits 110 tx_time 36
[656731.515282] NVMeVirt: Fixed CAT init ns=0 part=3 arm=27 k=4 scale_pct=400 age_ratio=4
[656731.516242] NVMeVirt: Init FTL instance with 2 channels (524288 pages)
[656731.516244] NVMeVirt: GC victim policy: cat-fig7-fixed ns=0 part=3 initial_k=4 initial_scale_pct=400 initial_age_ratio=4 warmup_gc=100
[656731.516250] NVMeVirt: FTL physical space: 8588886016, logical space: 8026996276 (physical/logical * 100 = 107)
[656731.516252] NVMeVirt: ns 0/1: size 7655 MiB
[656731.516301] PCI host bridge to bus 0001:10
[656731.516303] pci_bus 0001:10: root bus resource [io  0x0000-0xffff]
[656731.516306] pci_bus 0001:10: root bus resource [mem 0x00000000-0x7fffffffff]
[656731.516308] pci_bus 0001:10: root bus resource [bus 00-ff]
[656731.516329] pci 0001:10:00.0: [0c51:0110] type 00 class 0x010802 PCIe Endpoint
[656731.516333] pci 0001:10:00.0: BAR 0 [mem 0x100000000-0x100003fff 64bit]
[656731.516336] pci 0001:10:00.0: enabling Extended Tags
[656731.516455] NVMeVirt: Virtual PCI bus created (node 0)
[656731.516714] NVMeVirt: nvmev_io_worker_0 started on cpu 2 (node 0)
[656731.516842] NVMeVirt: Virtual NVMe device created
[656731.516847] NVMeVirt: nvmev_dispatcher started on cpu 1 (node 0)
[656731.516962] nvme nvme0: pci function 0001:10:00.0
[656731.521142] nvme nvme0: 8/0/0 default/read/poll queues
[656731.885659] EXT4-fs (nvme0n1): mounted filesystem 7d8d4c01-150a-4a0c-b85b-d5a98f3a831b r/w with ordered data mode. Quota mode: none.
[656814.072590] NVMeVirt: Fixed CAT init ns=0 part=0 arm=27 k=4 scale_pct=400 age_ratio=4
[656814.072596] NVMeVirt: Fixed CAT init ns=0 part=1 arm=27 k=4 scale_pct=400 age_ratio=4
[656814.072598] NVMeVirt: Fixed CAT init ns=0 part=2 arm=27 k=4 scale_pct=400 age_ratio=4
[656814.072600] NVMeVirt: Fixed CAT init ns=0 part=3 arm=27 k=4 scale_pct=400 age_ratio=4
[656814.072601] NVMeVirt: Measurement: command=start epoch=1 host_bytes=0 learner_active=1
[656814.080243] mix-mixA-arm27-3901829 phase=A START
[657414.387652] mix-mixA-arm27-3901829 phase=A END
[657414.395426] mix-mixA-arm27-3901829 phase=B START
[657414.406067] mix-mixA-arm27-3901829 phase=B LOAD
[657442.737419] mix-mixA-arm27-3901829 phase=B RUN
[657447.028365] tee (3902440): drop_caches: 3
[657452.542242] tee (3902446): drop_caches: 3
[657458.118681] tee (3902452): drop_caches: 3
[657463.201634] tee (3902457): drop_caches: 3
[657468.377035] tee (3902463): drop_caches: 3
[657473.476875] tee (3902467): drop_caches: 3
[657478.758235] tee (3902471): drop_caches: 3
[657484.019843] tee (3902477): drop_caches: 3
[657489.486183] tee (3902483): drop_caches: 3
[657494.595567] tee (3902488): drop_caches: 3
[657499.709409] tee (3902492): drop_caches: 3
[657504.936869] tee (3902504): drop_caches: 3
[657510.155156] tee (3902508): drop_caches: 3
[657515.339369] tee (3902515): drop_caches: 3
[657520.812894] tee (3902521): drop_caches: 3
[657526.015749] tee (3902525): drop_caches: 3
[657533.172749] tee (3902536): drop_caches: 3
[657538.940226] tee (3902540): drop_caches: 3
[657544.001835] tee (3902544): drop_caches: 3
[657548.634748] tee (3902551): drop_caches: 3
[657554.008272] tee (3902557): drop_caches: 3
[657559.154149] tee (3902561): drop_caches: 3
[657564.294295] tee (3902565): drop_caches: 3
[657569.479268] tee (3902569): drop_caches: 3
[657574.698294] tee (3902573): drop_caches: 3
[657579.260792] tee (3902583): drop_caches: 3
[657584.615666] tee (3902587): drop_caches: 3
[657589.692167] tee (3902591): drop_caches: 3
[657594.811753] tee (3902595): drop_caches: 3
[657599.946438] tee (3902600): drop_caches: 3
[657605.062079] tee (3902604): drop_caches: 3
[657609.491317] tee (3902611): drop_caches: 3
[657614.905722] tee (3902615): drop_caches: 3
[657620.021254] tee (3902619): drop_caches: 3
[657625.300618] tee (3902623): drop_caches: 3
[657630.475636] tee (3902627): drop_caches: 3
[657635.589966] tee (3902632): drop_caches: 3
[657640.160260] tee (3902639): drop_caches: 3
[657646.232258] tee (3902644): drop_caches: 3
[657651.964063] tee (3902656): drop_caches: 3
[657657.153444] tee (3902660): drop_caches: 3
[657662.210413] tee (3902665): drop_caches: 3
[657667.352024] tee (3902669): drop_caches: 3
[657671.813959] tee (3902676): drop_caches: 3
[657676.991374] tee (3902680): drop_caches: 3
[657682.052759] tee (3902684): drop_caches: 3
[657687.134526] tee (3902688): drop_caches: 3
[657692.569229] tee (3902694): drop_caches: 3
[657697.743317] tee (3902698): drop_caches: 3
[657702.400744] tee (3902703): drop_caches: 3
[657707.657397] tee (3902709): drop_caches: 3
[657712.736375] tee (3902713): drop_caches: 3
[657718.673505] tee (3902751): drop_caches: 3
[657723.913272] tee (3902815): drop_caches: 3
[657728.993248] tee (3902820): drop_caches: 3
[657733.792487] tee (3902825): drop_caches: 3
[657739.157572] tee (3902831): drop_caches: 3
[657744.312308] tee (3902835): drop_caches: 3
[657749.433166] tee (3902839): drop_caches: 3
[657754.628047] tee (3902843): drop_caches: 3
[657759.795078] tee (3902847): drop_caches: 3
[657765.082319] tee (3902853): drop_caches: 3
[657770.506209] tee (3902858): drop_caches: 3
[657775.633586] tee (3902863): drop_caches: 3
[657780.789695] tee (3902867): drop_caches: 3
[657785.929261] tee (3902871): drop_caches: 3
[657791.065629] tee (3902875): drop_caches: 3
[657796.205609] tee (3902881): drop_caches: 3
[657801.654770] tee (3902886): drop_caches: 3
[657806.707918] tee (3902896): drop_caches: 3
[657811.795077] tee (3902900): drop_caches: 3
[657816.960761] tee (3902904): drop_caches: 3
[657822.163145] tee (3902908): drop_caches: 3
[657827.359305] tee (3902915): drop_caches: 3
[657832.907799] tee (3902920): drop_caches: 3
[657838.021368] tee (3902925): drop_caches: 3
[657843.255384] tee (3902929): drop_caches: 3
[657848.403011] tee (3902933): drop_caches: 3
[657853.621727] tee (3902937): drop_caches: 3
[657858.892784] tee (3902942): drop_caches: 3
[657864.256275] tee (3902948): drop_caches: 3
[657869.336838] tee (3902953): drop_caches: 3
[657874.594921] tee (3902960): drop_caches: 3
[657880.494394] tee (3902991): drop_caches: 3
[657887.780309] tee (3903040): drop_caches: 3
[657893.035232] tee (3903062): drop_caches: 3
[657900.618561] tee (3903098): drop_caches: 3
[657912.411770] tee (3903161): drop_caches: 3
[657920.959570] tee (3903195): drop_caches: 3
[657928.891066] mix-mixA-arm27-3901829 phase=B END
[657929.327473] NVMeVirt: Measurement: command=stop epoch=1 host_bytes=131510542336 learner_active=0
[657929.991361] EXT4-fs (nvme0n1): unmounting filesystem 7d8d4c01-150a-4a0c-b85b-d5a98f3a831b.
[657930.448437] pci_bus 0001:10: busn_res: [bus 10-ff] is released
[657930.448481] NVMeVirt: GC stats: ns=0 policy=cat-fig7-fixed host_pages=32107066 gc_pages=38704633 gc_count=1106433 WAF=2.205 warmup_gc=100-per-part
[657930.518959] NVMeVirt: Virtual NVMe device closed
