[1656012.993909] mix-mixB-arm49-2173854 BEGIN
[1656013.126035] NVMeVirt: Version 1.10 for >> Samsung 970 Pro SSD <<
[1656013.126041] NVMeVirt: Storage: 0x100100000-0x300000000 (8191 MiB)
[1656013.136636] NVMeVirt: Total Capacity(GiB,MiB)=2,2048 chs=2 luns=4 lines=8192 blk-size(MiB,KiB)=0,64 line-size(MiB,KiB)=0,256
[1656013.147975] NVMeVirt: [chmodel_init] bandwidth 800 max_credits 26 tx_time 152
[1656013.159039] NVMeVirt: [chmodel_init] bandwidth 800 max_credits 26 tx_time 152
[1656013.159051] NVMeVirt: [chmodel_init] bandwidth 3360 max_credits 110 tx_time 36
[1656013.159054] NVMeVirt: Fixed CAT init ns=0 part=0 arm=49 k=10 scale_pct=50 age_ratio=7
[1656013.159907] NVMeVirt: pqueue: Copyright (c) 2014, Volkan Yazıcı <volkan.yazici@gmail.com>. All rights reserved.
[1656013.159942] NVMeVirt: Init FTL instance with 2 channels (524288 pages)
[1656013.159945] NVMeVirt: GC victim policy: cat-fig7-fixed ns=0 part=0 initial_k=10 initial_scale_pct=50 initial_age_ratio=7 warmup_gc=100
[1656013.170890] NVMeVirt: [chmodel_init] bandwidth 800 max_credits 26 tx_time 152
[1656013.181447] NVMeVirt: [chmodel_init] bandwidth 800 max_credits 26 tx_time 152
[1656013.181460] NVMeVirt: [chmodel_init] bandwidth 3360 max_credits 110 tx_time 36
[1656013.181463] NVMeVirt: Fixed CAT init ns=0 part=1 arm=49 k=10 scale_pct=50 age_ratio=7
[1656013.182513] NVMeVirt: Init FTL instance with 2 channels (524288 pages)
[1656013.182515] NVMeVirt: GC victim policy: cat-fig7-fixed ns=0 part=1 initial_k=10 initial_scale_pct=50 initial_age_ratio=7 warmup_gc=100
[1656013.192990] NVMeVirt: [chmodel_init] bandwidth 800 max_credits 26 tx_time 152
[1656013.203443] NVMeVirt: [chmodel_init] bandwidth 800 max_credits 26 tx_time 152
[1656013.203456] NVMeVirt: [chmodel_init] bandwidth 3360 max_credits 110 tx_time 36
[1656013.203458] NVMeVirt: Fixed CAT init ns=0 part=2 arm=49 k=10 scale_pct=50 age_ratio=7
[1656013.204528] NVMeVirt: Init FTL instance with 2 channels (524288 pages)
[1656013.204530] NVMeVirt: GC victim policy: cat-fig7-fixed ns=0 part=2 initial_k=10 initial_scale_pct=50 initial_age_ratio=7 warmup_gc=100
[1656013.215185] NVMeVirt: [chmodel_init] bandwidth 800 max_credits 26 tx_time 152
[1656013.225829] NVMeVirt: [chmodel_init] bandwidth 800 max_credits 26 tx_time 152
[1656013.225843] NVMeVirt: [chmodel_init] bandwidth 3360 max_credits 110 tx_time 36
[1656013.225845] NVMeVirt: Fixed CAT init ns=0 part=3 arm=49 k=10 scale_pct=50 age_ratio=7
[1656013.226818] NVMeVirt: Init FTL instance with 2 channels (524288 pages)
[1656013.226821] NVMeVirt: GC victim policy: cat-fig7-fixed ns=0 part=3 initial_k=10 initial_scale_pct=50 initial_age_ratio=7 warmup_gc=100
[1656013.226827] NVMeVirt: FTL physical space: 8588886016, logical space: 8026996276 (physical/logical * 100 = 107)
[1656013.226829] NVMeVirt: ns 0/1: size 7655 MiB
[1656013.226877] PCI host bridge to bus 0001:10
[1656013.226879] pci_bus 0001:10: root bus resource [io  0x0000-0xffff]
[1656013.226882] pci_bus 0001:10: root bus resource [mem 0x00000000-0x7fffffffff]
[1656013.226884] pci_bus 0001:10: root bus resource [bus 00-ff]
[1656013.226905] pci 0001:10:00.0: [0c51:0110] type 00 class 0x010802 PCIe Endpoint
[1656013.226910] pci 0001:10:00.0: BAR 0 [mem 0x100000000-0x100003fff 64bit]
[1656013.226912] pci 0001:10:00.0: enabling Extended Tags
[1656013.227099] NVMeVirt: Virtual PCI bus created (node 0)
[1656013.227354] NVMeVirt: nvmev_io_worker_0 started on cpu 2 (node 0)
[1656013.227499] NVMeVirt: Virtual NVMe device created
[1656013.227504] NVMeVirt: nvmev_dispatcher started on cpu 1 (node 0)
[1656013.227659] nvme nvme0: pci function 0001:10:00.0
[1656013.232857] nvme nvme0: 8/0/0 default/read/poll queues
[1656013.573210] EXT4-fs (nvme0n1): mounted filesystem f07934d2-257c-4777-9f60-64f6d1e38ce2 r/w with ordered data mode. Quota mode: none.
[1656096.100530] NVMeVirt: Fixed CAT init ns=0 part=0 arm=49 k=10 scale_pct=50 age_ratio=7
[1656096.100536] NVMeVirt: Fixed CAT init ns=0 part=1 arm=49 k=10 scale_pct=50 age_ratio=7
[1656096.100538] NVMeVirt: Fixed CAT init ns=0 part=2 arm=49 k=10 scale_pct=50 age_ratio=7
[1656096.100540] NVMeVirt: Fixed CAT init ns=0 part=3 arm=49 k=10 scale_pct=50 age_ratio=7
[1656096.100541] NVMeVirt: Measurement: command=start epoch=1 host_bytes=0 learner_active=1
[1656096.109095] mix-mixB-arm49-2173854 phase=A START
[1656096.120066] mix-mixB-arm49-2173854 phase=A LOAD
[1656119.000815] mix-mixB-arm49-2173854 phase=A RUN
[1656123.205333] tee (2174182): drop_caches: 3
[1656128.540419] tee (2174186): drop_caches: 3
[1656134.161055] tee (2174205): drop_caches: 3
[1656139.606167] tee (2174211): drop_caches: 3
[1656144.657247] tee (2174215): drop_caches: 3
[1656149.695535] tee (2174219): drop_caches: 3
[1656155.360047] tee (2174224): drop_caches: 3
[1656160.543310] tee (2174235): drop_caches: 3
[1656165.560624] tee (2174246): drop_caches: 3
[1656170.772479] tee (2174251): drop_caches: 3
[1656175.814869] tee (2174255): drop_caches: 3
[1656180.956433] tee (2174259): drop_caches: 3
[1656186.484472] tee (2174263): drop_caches: 3
[1656191.622649] tee (2174274): drop_caches: 3
[1656196.783150] tee (2174285): drop_caches: 3
[1656201.942835] tee (2174290): drop_caches: 3
[1656207.023533] tee (2174294): drop_caches: 3
[1656212.408566] tee (2174298): drop_caches: 3
[1656217.557336] tee (2174302): drop_caches: 3
[1656222.698516] tee (2174313): drop_caches: 3
[1656227.928292] tee (2174323): drop_caches: 3
[1656233.192249] tee (2174329): drop_caches: 3
[1656238.389480] tee (2174333): drop_caches: 3
[1656243.754913] tee (2174337): drop_caches: 3
[1656249.346297] tee (2174341): drop_caches: 3
[1656254.478370] tee (2174352): drop_caches: 3
[1656259.437187] tee (2174363): drop_caches: 3
[1656264.703594] tee (2174368): drop_caches: 3
[1656269.821241] tee (2174373): drop_caches: 3
[1656275.014570] tee (2174377): drop_caches: 3
[1656280.134771] tee (2174388): drop_caches: 3
[1656285.307599] tee (2174392): drop_caches: 3
[1656290.169734] tee (2174427): drop_caches: 3
[1656296.279567] tee (2174485): drop_caches: 3
[1656302.194141] tee (2174499): drop_caches: 3
[1656307.495769] tee (2174503): drop_caches: 3
[1656312.656750] tee (2174507): drop_caches: 3
[1656317.745835] tee (2174516): drop_caches: 3
[1656322.167689] tee (2174528): drop_caches: 3
[1656327.396608] tee (2174533): drop_caches: 3
[1656332.487068] tee (2174537): drop_caches: 3
[1656337.647439] tee (2174541): drop_caches: 3
[1656342.754856] tee (2174552): drop_caches: 3
[1656347.842624] tee (2174561): drop_caches: 3
[1656352.963117] tee (2174567): drop_caches: 3
[1656358.084934] tee (2174572): drop_caches: 3
[1656363.159679] tee (2174576): drop_caches: 3
[1656368.371547] tee (2174580): drop_caches: 3
[1656373.519115] tee (2174591): drop_caches: 3
[1656378.660777] tee (2174600): drop_caches: 3
[1656383.949453] tee (2174606): drop_caches: 3
[1656389.077530] tee (2174611): drop_caches: 3
[1656394.160272] tee (2174615): drop_caches: 3
[1656399.278487] tee (2174619): drop_caches: 3
[1656404.651039] tee (2174632): drop_caches: 3
[1656409.968881] tee (2174641): drop_caches: 3
[1656415.232525] tee (2174647): drop_caches: 3
[1656420.494030] tee (2174652): drop_caches: 3
[1656425.535191] tee (2174656): drop_caches: 3
[1656430.916551] tee (2174669): drop_caches: 3
[1656435.966539] tee (2174673): drop_caches: 3
[1656441.170831] tee (2174682): drop_caches: 3
[1656446.467537] tee (2174688): drop_caches: 3
[1656451.641545] tee (2174693): drop_caches: 3
[1656456.700943] tee (2174697): drop_caches: 3
[1656462.050530] tee (2174708): drop_caches: 3
[1656467.068242] tee (2174712): drop_caches: 3
[1656472.227853] tee (2174721): drop_caches: 3
[1656477.502473] tee (2174727): drop_caches: 3
[1656482.709157] tee (2174732): drop_caches: 3
[1656488.175155] tee (2174736): drop_caches: 3
[1656493.297335] tee (2174747): drop_caches: 3
[1656498.325804] tee (2174751): drop_caches: 3
[1656503.585386] tee (2174760): drop_caches: 3
[1656508.944800] tee (2174766): drop_caches: 3
[1656514.269027] tee (2174771): drop_caches: 3
[1656519.542521] tee (2174782): drop_caches: 3
[1656524.675317] tee (2174786): drop_caches: 3
[1656530.400111] tee (2174800): drop_caches: 3
[1656535.652546] tee (2174804): drop_caches: 3
[1656540.593674] tee (2174810): drop_caches: 3
[1656545.946147] tee (2174815): drop_caches: 3
[1656551.141930] tee (2174826): drop_caches: 3
[1656556.301523] tee (2174830): drop_caches: 3
[1656561.443134] tee (2174839): drop_caches: 3
[1656566.692079] tee (2174844): drop_caches: 3
[1656572.053305] tee (2174853): drop_caches: 3
[1656574.343170] mix-mixB-arm49-2173854 phase=A END
[1656574.350284] mix-mixB-arm49-2173854 phase=B START
[1656902.937732] audit: type=1400 audit(1790780416.920:688): apparmor="DENIED" operation="capable" class="cap" profile="/usr/sbin/cupsd" pid=2175176 comm="cupsd" capability=12  capname="net_admin"
[1656993.793391] audit: type=1107 audit(1790780507.775:689): pid=1434 uid=101 auid=4294967295 ses=4294967295 subj=unconfined msg='apparmor="DENIED" operation="dbus_signal"  bus="system" path="/com/redhat/PrinterSpooler" interface="com.redhat.PrinterSpooler" member="QueueChanged" mask="send" name="org.freedesktop.DBus" pid=2073 label="snap.cups.cupsd" peer_pid=4752 peer_label="unconfined"
                  exe="/usr/bin/dbus-daemon" sauid=101 hostname=? addr=? terminal=?'
[1656994.861673] audit: type=1107 audit(1790780508.843:690): pid=1434 uid=101 auid=4294967295 ses=4294967295 subj=unconfined msg='apparmor="DENIED" operation="dbus_signal"  bus="system" path="/com/redhat/PrinterSpooler" interface="com.redhat.PrinterSpooler" member="QueueChanged" mask="send" name="org.freedesktop.DBus" pid=2073 label="snap.cups.cupsd" peer_pid=4752 peer_label="unconfined"
[1657056.336611] audit: type=1107 audit(1790780570.317:691): pid=1434 uid=101 auid=4294967295 ses=4294967295 subj=unconfined msg='apparmor="DENIED" operation="dbus_signal"  bus="system" path="/com/redhat/PrinterSpooler" interface="com.redhat.PrinterSpooler" member="QueueChanged" mask="send" name="org.freedesktop.DBus" pid=2073 label="snap.cups.cupsd" peer_pid=4752 peer_label="unconfined"
[1657146.635681] audit: type=1107 audit(1790780660.615:692): pid=1434 uid=101 auid=4294967295 ses=4294967295 subj=unconfined msg='apparmor="DENIED" operation="dbus_signal"  bus="system" path="/com/redhat/PrinterSpooler" interface="com.redhat.PrinterSpooler" member="QueueChanged" mask="send" name="org.freedesktop.DBus" pid=2073 label="snap.cups.cupsd" peer_pid=4752 peer_label="unconfined"
[1657176.568420] mix-mixB-arm49-2173854 phase=B END
[1657176.706575] NVMeVirt: Measurement: command=stop epoch=1 host_bytes=131276619776 learner_active=0
[1657177.171446] EXT4-fs (nvme0n1): unmounting filesystem f07934d2-257c-4777-9f60-64f6d1e38ce2.
[1657177.323443] pci_bus 0001:10: busn_res: [bus 10-ff] is released
[1657177.323490] NVMeVirt: GC stats: ns=0 policy=cat-fig7-fixed host_pages=32049956 gc_pages=57905554 gc_count=1405554 WAF=2.806 warmup_gc=100-per-part
[1657177.394553] NVMeVirt: Virtual NVMe device closed
