[787326.523555] mix-mixL-fixed37-4018323 BEGIN
[787326.536039] NVMeVirt: Version 1.10 for >> Samsung 970 Pro SSD <<
[787326.536046] NVMeVirt: Storage: 0x100100000-0x300000000 (8191 MiB)
[787326.547340] NVMeVirt: Total Capacity(GiB,MiB)=2,2048 chs=2 luns=4 lines=8192 blk-size(MiB,KiB)=0,64 line-size(MiB,KiB)=0,256
[787326.559130] NVMeVirt: [chmodel_init] bandwidth 800 max_credits 26 tx_time 152
[787326.570715] NVMeVirt: [chmodel_init] bandwidth 800 max_credits 26 tx_time 152
[787326.570732] NVMeVirt: [chmodel_init] bandwidth 3360 max_credits 110 tx_time 36
[787326.570734] NVMeVirt: Fixed CAT init ns=0 part=0 arm=37 k=7 scale_pct=100 age_ratio=7
[787326.572109] NVMeVirt: pqueue: Copyright (c) 2014, Volkan Yazıcı <volkan.yazici@gmail.com>. All rights reserved.
[787326.572149] NVMeVirt: Init FTL instance with 2 channels (524288 pages)
[787326.572151] NVMeVirt: GC victim policy: cat-fig7-fixed ns=0 part=0 initial_k=7 initial_scale_pct=100 initial_age_ratio=7 warmup_gc=100
[787326.583311] NVMeVirt: [chmodel_init] bandwidth 800 max_credits 26 tx_time 152
[787326.594301] NVMeVirt: [chmodel_init] bandwidth 800 max_credits 26 tx_time 152
[787326.594315] NVMeVirt: [chmodel_init] bandwidth 3360 max_credits 110 tx_time 36
[787326.594318] NVMeVirt: Fixed CAT init ns=0 part=1 arm=37 k=7 scale_pct=100 age_ratio=7
[787326.595941] NVMeVirt: Init FTL instance with 2 channels (524288 pages)
[787326.595945] NVMeVirt: GC victim policy: cat-fig7-fixed ns=0 part=1 initial_k=7 initial_scale_pct=100 initial_age_ratio=7 warmup_gc=100
[787326.607221] NVMeVirt: [chmodel_init] bandwidth 800 max_credits 26 tx_time 152
[787326.617860] NVMeVirt: [chmodel_init] bandwidth 800 max_credits 26 tx_time 152
[787326.617874] NVMeVirt: [chmodel_init] bandwidth 3360 max_credits 110 tx_time 36
[787326.617876] NVMeVirt: Fixed CAT init ns=0 part=2 arm=37 k=7 scale_pct=100 age_ratio=7
[787326.619122] NVMeVirt: Init FTL instance with 2 channels (524288 pages)
[787326.619125] NVMeVirt: GC victim policy: cat-fig7-fixed ns=0 part=2 initial_k=7 initial_scale_pct=100 initial_age_ratio=7 warmup_gc=100
[787326.630302] NVMeVirt: [chmodel_init] bandwidth 800 max_credits 26 tx_time 152
[787326.641297] NVMeVirt: [chmodel_init] bandwidth 800 max_credits 26 tx_time 152
[787326.641312] NVMeVirt: [chmodel_init] bandwidth 3360 max_credits 110 tx_time 36
[787326.641314] NVMeVirt: Fixed CAT init ns=0 part=3 arm=37 k=7 scale_pct=100 age_ratio=7
[787326.642562] NVMeVirt: Init FTL instance with 2 channels (524288 pages)
[787326.642565] NVMeVirt: GC victim policy: cat-fig7-fixed ns=0 part=3 initial_k=7 initial_scale_pct=100 initial_age_ratio=7 warmup_gc=100
[787326.642571] NVMeVirt: FTL physical space: 8588886016, logical space: 8026996276 (physical/logical * 100 = 107)
[787326.642573] NVMeVirt: ns 0/1: size 7655 MiB
[787326.642624] PCI host bridge to bus 0001:10
[787326.642626] pci_bus 0001:10: root bus resource [io  0x0000-0xffff]
[787326.642629] pci_bus 0001:10: root bus resource [mem 0x00000000-0x7fffffffff]
[787326.642631] pci_bus 0001:10: root bus resource [bus 00-ff]
[787326.642638] pci 0001:10:00.0: [0c51:0110] type 00 class 0x010802 PCIe Endpoint
[787326.642642] pci 0001:10:00.0: BAR 0 [mem 0x100000000-0x100003fff 64bit]
[787326.642644] pci 0001:10:00.0: enabling Extended Tags
[787326.642767] NVMeVirt: Virtual PCI bus created (node 0)
[787326.643024] NVMeVirt: nvmev_io_worker_0 started on cpu 2 (node 0)
[787326.643054] NVMeVirt: nvmev_dispatcher started on cpu 1 (node 0)
[787326.643078] NVMeVirt: Virtual NVMe device created
[787326.643230] nvme nvme0: pci function 0001:10:00.0
[787326.645811] nvme nvme0: 8/0/0 default/read/poll queues
[787326.726262] EXT4-fs (nvme0n1): mounted filesystem 9b0db3d9-77c1-4005-9744-368aee9ba107 r/w with ordered data mode. Quota mode: none.
[787408.719753] NVMeVirt: Fixed CAT init ns=0 part=0 arm=37 k=7 scale_pct=100 age_ratio=7
[787408.719758] NVMeVirt: Fixed CAT init ns=0 part=1 arm=37 k=7 scale_pct=100 age_ratio=7
[787408.719760] NVMeVirt: Fixed CAT init ns=0 part=2 arm=37 k=7 scale_pct=100 age_ratio=7
[787408.719762] NVMeVirt: Fixed CAT init ns=0 part=3 arm=37 k=7 scale_pct=100 age_ratio=7
[787408.719764] NVMeVirt: Measurement: command=start epoch=1 host_bytes=0 learner_active=1
[787408.729509] mix-mixL-fixed37-4018323 phase=A START
[787408.738229] mix-mixL-fixed37-4018323 phase=A cycle=1 fast
[787469.046734] mix-mixL-fixed37-4018323 phase=A cycle=1 slow
[787529.357570] mix-mixL-fixed37-4018323 phase=A cycle=2 fast
[787589.661889] mix-mixL-fixed37-4018323 phase=A cycle=2 slow
[787649.952779] mix-mixL-fixed37-4018323 phase=A cycle=3 fast
[787710.252165] mix-mixL-fixed37-4018323 phase=A cycle=3 slow
[787770.551908] mix-mixL-fixed37-4018323 phase=A cycle=4 fast
[787830.858350] mix-mixL-fixed37-4018323 phase=A cycle=4 slow
[787891.161624] mix-mixL-fixed37-4018323 phase=A cycle=5 fast
[787951.464507] mix-mixL-fixed37-4018323 phase=A cycle=5 slow
[788011.782796] mix-mixL-fixed37-4018323 phase=A END
[788011.789377] NVMeVirt: Measurement: command=stop epoch=1 host_bytes=61442289664 learner_active=0
[788011.868309] EXT4-fs (nvme0n1): unmounting filesystem 9b0db3d9-77c1-4005-9744-368aee9ba107.
[788011.948427] pci_bus 0001:10: busn_res: [bus 10-ff] is released
[788011.948568] NVMeVirt: GC stats: ns=0 policy=cat-fig7-fixed host_pages=15000559 gc_pages=10016932 gc_count=390898 WAF=1.667 warmup_gc=100-per-part
[788012.030240] NVMeVirt: Virtual NVMe device closed
