[642170.238959] mix-mixA-arm14-3885315 BEGIN
[642170.272168] NVMeVirt: Version 1.10 for >> Samsung 970 Pro SSD <<
[642170.272174] NVMeVirt: Storage: 0x100100000-0x300000000 (8191 MiB)
[642170.283167] NVMeVirt: Total Capacity(GiB,MiB)=2,2048 chs=2 luns=4 lines=8192 blk-size(MiB,KiB)=0,64 line-size(MiB,KiB)=0,256
[642170.294487] NVMeVirt: [chmodel_init] bandwidth 800 max_credits 26 tx_time 152
[642170.305137] NVMeVirt: [chmodel_init] bandwidth 800 max_credits 26 tx_time 152
[642170.305151] NVMeVirt: [chmodel_init] bandwidth 3360 max_credits 110 tx_time 36
[642170.305153] NVMeVirt: Fixed CAT init ns=0 part=0 arm=14 k=2 scale_pct=400 age_ratio=16
[642170.306434] NVMeVirt: pqueue: Copyright (c) 2014, Volkan Yazıcı <volkan.yazici@gmail.com>. All rights reserved.
[642170.306470] NVMeVirt: Init FTL instance with 2 channels (524288 pages)
[642170.306472] NVMeVirt: GC victim policy: cat-fig7-fixed ns=0 part=0 initial_k=2 initial_scale_pct=400 initial_age_ratio=16 warmup_gc=100
[642170.317100] NVMeVirt: [chmodel_init] bandwidth 800 max_credits 26 tx_time 152
[642170.327670] NVMeVirt: [chmodel_init] bandwidth 800 max_credits 26 tx_time 152
[642170.327683] NVMeVirt: [chmodel_init] bandwidth 3360 max_credits 110 tx_time 36
[642170.327685] NVMeVirt: Fixed CAT init ns=0 part=1 arm=14 k=2 scale_pct=400 age_ratio=16
[642170.328955] NVMeVirt: Init FTL instance with 2 channels (524288 pages)
[642170.328958] NVMeVirt: GC victim policy: cat-fig7-fixed ns=0 part=1 initial_k=2 initial_scale_pct=400 initial_age_ratio=16 warmup_gc=100
[642170.339507] NVMeVirt: [chmodel_init] bandwidth 800 max_credits 26 tx_time 152
[642170.350087] NVMeVirt: [chmodel_init] bandwidth 800 max_credits 26 tx_time 152
[642170.350100] NVMeVirt: [chmodel_init] bandwidth 3360 max_credits 110 tx_time 36
[642170.350102] NVMeVirt: Fixed CAT init ns=0 part=2 arm=14 k=2 scale_pct=400 age_ratio=16
[642170.351360] NVMeVirt: Init FTL instance with 2 channels (524288 pages)
[642170.351363] NVMeVirt: GC victim policy: cat-fig7-fixed ns=0 part=2 initial_k=2 initial_scale_pct=400 initial_age_ratio=16 warmup_gc=100
[642170.361746] NVMeVirt: [chmodel_init] bandwidth 800 max_credits 26 tx_time 152
[642170.372156] NVMeVirt: [chmodel_init] bandwidth 800 max_credits 26 tx_time 152
[642170.372169] NVMeVirt: [chmodel_init] bandwidth 3360 max_credits 110 tx_time 36
[642170.372171] NVMeVirt: Fixed CAT init ns=0 part=3 arm=14 k=2 scale_pct=400 age_ratio=16
[642170.373526] NVMeVirt: Init FTL instance with 2 channels (524288 pages)
[642170.373528] NVMeVirt: GC victim policy: cat-fig7-fixed ns=0 part=3 initial_k=2 initial_scale_pct=400 initial_age_ratio=16 warmup_gc=100
[642170.373534] NVMeVirt: FTL physical space: 8588886016, logical space: 8026996276 (physical/logical * 100 = 107)
[642170.373536] NVMeVirt: ns 0/1: size 7655 MiB
[642170.373585] PCI host bridge to bus 0001:10
[642170.373588] pci_bus 0001:10: root bus resource [io  0x0000-0xffff]
[642170.373591] pci_bus 0001:10: root bus resource [mem 0x00000000-0x7fffffffff]
[642170.373593] pci_bus 0001:10: root bus resource [bus 00-ff]
[642170.373602] pci 0001:10:00.0: [0c51:0110] type 00 class 0x010802 PCIe Endpoint
[642170.373607] pci 0001:10:00.0: BAR 0 [mem 0x100000000-0x100003fff 64bit]
[642170.373611] pci 0001:10:00.0: enabling Extended Tags
[642170.373751] NVMeVirt: Virtual PCI bus created (node 0)
[642170.374055] NVMeVirt: nvmev_io_worker_0 started on cpu 2 (node 0)
[642170.374154] NVMeVirt: Virtual NVMe device created
[642170.374374] nvme nvme0: pci function 0001:10:00.0
[642170.376282] NVMeVirt: nvmev_dispatcher started on cpu 1 (node 0)
[642170.377070] nvme nvme0: 8/0/0 default/read/poll queues
[642170.743224] EXT4-fs (nvme0n1): mounted filesystem 3a11d0e8-e2db-43d5-80d5-d7866a5441ac r/w with ordered data mode. Quota mode: none.
[642252.887764] NVMeVirt: Fixed CAT init ns=0 part=0 arm=14 k=2 scale_pct=400 age_ratio=16
[642252.887769] NVMeVirt: Fixed CAT init ns=0 part=1 arm=14 k=2 scale_pct=400 age_ratio=16
[642252.887771] NVMeVirt: Fixed CAT init ns=0 part=2 arm=14 k=2 scale_pct=400 age_ratio=16
[642252.887773] NVMeVirt: Fixed CAT init ns=0 part=3 arm=14 k=2 scale_pct=400 age_ratio=16
[642252.887774] NVMeVirt: Measurement: command=start epoch=1 host_bytes=0 learner_active=1
[642252.895639] mix-mixA-arm14-3885315 phase=A START
[642853.213532] mix-mixA-arm14-3885315 phase=A END
[642853.221367] mix-mixA-arm14-3885315 phase=B START
[642853.232527] mix-mixA-arm14-3885315 phase=B LOAD
[642879.827643] mix-mixA-arm14-3885315 phase=B RUN
[642884.068597] tee (3885968): drop_caches: 3
[642889.736512] tee (3885973): drop_caches: 3
[642894.159548] tee (3885982): drop_caches: 3
[642899.304556] tee (3885986): drop_caches: 3
[642904.559840] tee (3885992): drop_caches: 3
[642909.768434] tee (3885996): drop_caches: 3
[642915.019723] tee (3886000): drop_caches: 3
[642920.310304] tee (3886004): drop_caches: 3
[642924.739338] tee (3886011): drop_caches: 3
[642930.176901] tee (3886015): drop_caches: 3
[642935.348720] tee (3886019): drop_caches: 3
[642941.009890] tee (3886025): drop_caches: 3
[642946.334471] tee (3886029): drop_caches: 3
[642951.527117] tee (3886033): drop_caches: 3
[642956.015298] tee (3886040): drop_caches: 3
[642961.214658] tee (3886044): drop_caches: 3
[642966.291115] tee (3886049): drop_caches: 3
[642971.308493] tee (3886053): drop_caches: 3
[642976.349422] tee (3886057): drop_caches: 3
[642981.418045] tee (3886061): drop_caches: 3
[642985.787219] tee (3886068): drop_caches: 3
[642991.025119] tee (3886073): drop_caches: 3
[642996.129642] tee (3886077): drop_caches: 3
[643001.267519] tee (3886081): drop_caches: 3
[643006.424968] tee (3886085): drop_caches: 3
[643011.532095] tee (3886090): drop_caches: 3
[643016.009698] tee (3886097): drop_caches: 3
[643021.116170] tee (3886101): drop_caches: 3
[643026.321685] tee (3886106): drop_caches: 3
[643032.103150] tee (3886121): drop_caches: 3
[643038.042596] tee (3886128): drop_caches: 3
[643043.242242] tee (3886133): drop_caches: 3
[643047.722913] tee (3886140): drop_caches: 3
[643052.868850] tee (3886145): drop_caches: 3
[643058.160632] tee (3886150): drop_caches: 3
[643063.260035] tee (3886154): drop_caches: 3
[643068.485734] tee (3886160): drop_caches: 3
[643073.738533] tee (3886164): drop_caches: 3
[643078.600353] tee (3886170): drop_caches: 3
[643084.075112] tee (3886175): drop_caches: 3
[643089.111636] tee (3886179): drop_caches: 3
[643094.149238] tee (3886183): drop_caches: 3
[643099.545084] tee (3886189): drop_caches: 3
[643105.779610] tee (3886201): drop_caches: 3
[643110.268994] tee (3886206): drop_caches: 3
[643115.503101] tee (3886212): drop_caches: 3
[643120.695215] tee (3886217): drop_caches: 3
[643125.891214] tee (3886221): drop_caches: 3
[643131.611115] tee (3886239): drop_caches: 3
[643137.818151] tee (3886244): drop_caches: 3
[643142.246915] tee (3886251): drop_caches: 3
[643147.566224] tee (3886255): drop_caches: 3
[643152.666932] tee (3886260): drop_caches: 3
[643157.790443] tee (3886264): drop_caches: 3
[643162.972859] tee (3886270): drop_caches: 3
[643168.088109] tee (3886274): drop_caches: 3
[643173.563814] tee (3886279): drop_caches: 3
[643178.748229] tee (3886290): drop_caches: 3
[643184.428042] tee (3886296): drop_caches: 3
[643189.793973] tee (3886300): drop_caches: 3
[643195.109829] tee (3886304): drop_caches: 3
[643200.358631] tee (3886309): drop_caches: 3
[643205.498137] tee (3886315): drop_caches: 3
[643211.206529] tee (3886321): drop_caches: 3
[643216.437819] tee (3886325): drop_caches: 3
[643221.564464] tee (3886329): drop_caches: 3
[643226.771242] tee (3886333): drop_caches: 3
[643231.888379] tee (3886337): drop_caches: 3
[643237.462684] tee (3886344): drop_caches: 3
[643243.018117] tee (3886349): drop_caches: 3
[643248.256279] tee (3886353): drop_caches: 3
[643253.664946] tee (3886358): drop_caches: 3
[643258.836806] tee (3886363): drop_caches: 3
[643263.932191] tee (3886367): drop_caches: 3
[643269.203004] tee (3886373): drop_caches: 3
[643274.831441] tee (3886378): drop_caches: 3
[643280.138902] tee (3886383): drop_caches: 3
[643285.389627] tee (3886387): drop_caches: 3
[643290.547737] tee (3886391): drop_caches: 3
[643295.612315] tee (3886396): drop_caches: 3
[643301.113043] tee (3886401): drop_caches: 3
[643306.748136] tee (3886407): drop_caches: 3
[643311.887757] tee (3886411): drop_caches: 3
[643317.060239] tee (3886415): drop_caches: 3
[643322.195127] tee (3886419): drop_caches: 3
[643327.310461] tee (3886423): drop_caches: 3
[643332.589560] tee (3886428): drop_caches: 3
[643338.105384] tee (3886435): drop_caches: 3
[643344.039347] tee (3886440): drop_caches: 3
[643349.917589] tee (3886444): drop_caches: 3
[643354.975947] tee (3886448): drop_caches: 3
[643360.164067] tee (3886453): drop_caches: 3
[643364.551640] tee (3886460): drop_caches: 3
[643369.737405] tee (3886464): drop_caches: 3
[643374.949914] tee (3886469): drop_caches: 3
[643380.901091] tee (3886474): drop_caches: 3
[643386.393957] tee (3886481): drop_caches: 3
[643388.469274] mix-mixA-arm14-3885315 phase=B END
[643388.910112] NVMeVirt: Measurement: command=stop epoch=1 host_bytes=131878068224 learner_active=0
[643389.576548] EXT4-fs (nvme0n1): unmounting filesystem 3a11d0e8-e2db-43d5-80d5-d7866a5441ac.
[643390.147578] pci_bus 0001:10: busn_res: [bus 10-ff] is released
[643390.147621] NVMeVirt: GC stats: ns=0 policy=cat-fig7-fixed host_pages=32196794 gc_pages=44946885 gc_count=1205370 WAF=2.396 warmup_gc=100-per-part
[643390.217240] NVMeVirt: Virtual NVMe device closed
