[956400.807992] mix-mixM-fixed47-208008 BEGIN
[956400.819331] NVMeVirt: Version 1.10 for >> Samsung 970 Pro SSD <<
[956400.819337] NVMeVirt: Storage: 0x100100000-0x300000000 (8191 MiB)
[956400.830388] NVMeVirt: Total Capacity(GiB,MiB)=2,2048 chs=2 luns=4 lines=8192 blk-size(MiB,KiB)=0,64 line-size(MiB,KiB)=0,256
[956400.842268] NVMeVirt: [chmodel_init] bandwidth 800 max_credits 26 tx_time 152
[956400.852939] NVMeVirt: [chmodel_init] bandwidth 800 max_credits 26 tx_time 152
[956400.852954] NVMeVirt: [chmodel_init] bandwidth 3360 max_credits 110 tx_time 36
[956400.852956] NVMeVirt: Fixed CAT init ns=0 part=0 arm=47 k=10 scale_pct=25 age_ratio=16
[956400.853910] NVMeVirt: pqueue: Copyright (c) 2014, Volkan Yazıcı <volkan.yazici@gmail.com>. All rights reserved.
[956400.853951] NVMeVirt: Init FTL instance with 2 channels (524288 pages)
[956400.853953] NVMeVirt: GC victim policy: cat-fig7-fixed ns=0 part=0 initial_k=10 initial_scale_pct=25 initial_age_ratio=16 warmup_gc=100
[956400.864359] NVMeVirt: [chmodel_init] bandwidth 800 max_credits 26 tx_time 152
[956400.874671] NVMeVirt: [chmodel_init] bandwidth 800 max_credits 26 tx_time 152
[956400.874685] NVMeVirt: [chmodel_init] bandwidth 3360 max_credits 110 tx_time 36
[956400.874688] NVMeVirt: Fixed CAT init ns=0 part=1 arm=47 k=10 scale_pct=25 age_ratio=16
[956400.875648] NVMeVirt: Init FTL instance with 2 channels (524288 pages)
[956400.875651] NVMeVirt: GC victim policy: cat-fig7-fixed ns=0 part=1 initial_k=10 initial_scale_pct=25 initial_age_ratio=16 warmup_gc=100
[956400.885853] NVMeVirt: [chmodel_init] bandwidth 800 max_credits 26 tx_time 152
[956400.896470] NVMeVirt: [chmodel_init] bandwidth 800 max_credits 26 tx_time 152
[956400.896484] NVMeVirt: [chmodel_init] bandwidth 3360 max_credits 110 tx_time 36
[956400.896486] NVMeVirt: Fixed CAT init ns=0 part=2 arm=47 k=10 scale_pct=25 age_ratio=16
[956400.897414] NVMeVirt: Init FTL instance with 2 channels (524288 pages)
[956400.897417] NVMeVirt: GC victim policy: cat-fig7-fixed ns=0 part=2 initial_k=10 initial_scale_pct=25 initial_age_ratio=16 warmup_gc=100
[956400.907943] NVMeVirt: [chmodel_init] bandwidth 800 max_credits 26 tx_time 152
[956400.918251] NVMeVirt: [chmodel_init] bandwidth 800 max_credits 26 tx_time 152
[956400.918280] NVMeVirt: [chmodel_init] bandwidth 3360 max_credits 110 tx_time 36
[956400.918282] NVMeVirt: Fixed CAT init ns=0 part=3 arm=47 k=10 scale_pct=25 age_ratio=16
[956400.919339] NVMeVirt: Init FTL instance with 2 channels (524288 pages)
[956400.919342] NVMeVirt: GC victim policy: cat-fig7-fixed ns=0 part=3 initial_k=10 initial_scale_pct=25 initial_age_ratio=16 warmup_gc=100
[956400.919348] NVMeVirt: FTL physical space: 8588886016, logical space: 8026996276 (physical/logical * 100 = 107)
[956400.919350] NVMeVirt: ns 0/1: size 7655 MiB
[956400.919399] PCI host bridge to bus 0001:10
[956400.919418] pci_bus 0001:10: root bus resource [io  0x0000-0xffff]
[956400.919421] pci_bus 0001:10: root bus resource [mem 0x00000000-0x7fffffffff]
[956400.919423] pci_bus 0001:10: root bus resource [bus 00-ff]
[956400.919431] pci 0001:10:00.0: [0c51:0110] type 00 class 0x010802 PCIe Endpoint
[956400.919435] pci 0001:10:00.0: BAR 0 [mem 0x100000000-0x100003fff 64bit]
[956400.919438] pci 0001:10:00.0: enabling Extended Tags
[956400.919560] NVMeVirt: Virtual PCI bus created (node 0)
[956400.919814] NVMeVirt: nvmev_io_worker_0 started on cpu 2 (node 0)
[956400.919925] NVMeVirt: Virtual NVMe device created
[956400.920080] nvme nvme0: pci function 0001:10:00.0
[956400.920623] NVMeVirt: nvmev_dispatcher started on cpu 1 (node 0)
[956400.923429] nvme nvme0: 8/0/0 default/read/poll queues
[956400.995625] EXT4-fs (nvme0n1): mounted filesystem f05ebd6e-02cb-4d14-a42a-494450643f0f r/w with ordered data mode. Quota mode: none.
[956483.004604] NVMeVirt: Fixed CAT init ns=0 part=0 arm=47 k=10 scale_pct=25 age_ratio=16
[956483.004610] NVMeVirt: Fixed CAT init ns=0 part=1 arm=47 k=10 scale_pct=25 age_ratio=16
[956483.004612] NVMeVirt: Fixed CAT init ns=0 part=2 arm=47 k=10 scale_pct=25 age_ratio=16
[956483.004614] NVMeVirt: Fixed CAT init ns=0 part=3 arm=47 k=10 scale_pct=25 age_ratio=16
[956483.004615] NVMeVirt: Measurement: command=start epoch=1 host_bytes=0 learner_active=1
[956483.013247] mix-mixM-fixed47-208008 phase=A START
[956483.021294] mix-mixM-fixed47-208008 phase=A step=1
[956603.327093] mix-mixM-fixed47-208008 phase=A step=2
[956723.625080] mix-mixM-fixed47-208008 phase=A step=3
[956843.925194] mix-mixM-fixed47-208008 phase=A step=4
[956964.223117] mix-mixM-fixed47-208008 phase=A step=5
[957084.523509] mix-mixM-fixed47-208008 phase=A END
[957084.529867] NVMeVirt: Measurement: command=stop epoch=1 host_bytes=73828646912 learner_active=0
[957084.599717] EXT4-fs (nvme0n1): unmounting filesystem f05ebd6e-02cb-4d14-a42a-494450643f0f.
[957084.668604] pci_bus 0001:10: busn_res: [bus 10-ff] is released
[957084.668689] NVMeVirt: GC stats: ns=0 policy=cat-fig7-fixed host_pages=18024572 gc_pages=12639379 gc_count=479125 WAF=1.701 warmup_gc=100-per-part
[957084.742290] NVMeVirt: Virtual NVMe device closed
