[976615.299418] mix-mixH-fixed47-312648 BEGIN
[976615.332569] NVMeVirt: Version 1.10 for >> Samsung 970 Pro SSD <<
[976615.332575] NVMeVirt: Storage: 0x100100000-0x300000000 (8191 MiB)
[976615.343612] NVMeVirt: Total Capacity(GiB,MiB)=2,2048 chs=2 luns=4 lines=8192 blk-size(MiB,KiB)=0,64 line-size(MiB,KiB)=0,256
[976615.355022] NVMeVirt: [chmodel_init] bandwidth 800 max_credits 26 tx_time 152
[976615.365720] NVMeVirt: [chmodel_init] bandwidth 800 max_credits 26 tx_time 152
[976615.365736] NVMeVirt: [chmodel_init] bandwidth 3360 max_credits 110 tx_time 36
[976615.365738] NVMeVirt: Fixed CAT init ns=0 part=0 arm=47 k=10 scale_pct=25 age_ratio=16
[976615.366611] NVMeVirt: pqueue: Copyright (c) 2014, Volkan Yazıcı <volkan.yazici@gmail.com>. All rights reserved.
[976615.366649] NVMeVirt: Init FTL instance with 2 channels (524288 pages)
[976615.366651] NVMeVirt: GC victim policy: cat-fig7-fixed ns=0 part=0 initial_k=10 initial_scale_pct=25 initial_age_ratio=16 warmup_gc=100
[976615.376646] NVMeVirt: [chmodel_init] bandwidth 800 max_credits 26 tx_time 152
[976615.386875] NVMeVirt: [chmodel_init] bandwidth 800 max_credits 26 tx_time 152
[976615.386889] NVMeVirt: [chmodel_init] bandwidth 3360 max_credits 110 tx_time 36
[976615.386891] NVMeVirt: Fixed CAT init ns=0 part=1 arm=47 k=10 scale_pct=25 age_ratio=16
[976615.387843] NVMeVirt: Init FTL instance with 2 channels (524288 pages)
[976615.387846] NVMeVirt: GC victim policy: cat-fig7-fixed ns=0 part=1 initial_k=10 initial_scale_pct=25 initial_age_ratio=16 warmup_gc=100
[976615.397832] NVMeVirt: [chmodel_init] bandwidth 800 max_credits 26 tx_time 152
[976615.407835] NVMeVirt: [chmodel_init] bandwidth 800 max_credits 26 tx_time 152
[976615.407849] NVMeVirt: [chmodel_init] bandwidth 3360 max_credits 110 tx_time 36
[976615.407852] NVMeVirt: Fixed CAT init ns=0 part=2 arm=47 k=10 scale_pct=25 age_ratio=16
[976615.408802] NVMeVirt: Init FTL instance with 2 channels (524288 pages)
[976615.408805] NVMeVirt: GC victim policy: cat-fig7-fixed ns=0 part=2 initial_k=10 initial_scale_pct=25 initial_age_ratio=16 warmup_gc=100
[976615.418757] NVMeVirt: [chmodel_init] bandwidth 800 max_credits 26 tx_time 152
[976615.429208] NVMeVirt: [chmodel_init] bandwidth 800 max_credits 26 tx_time 152
[976615.429222] NVMeVirt: [chmodel_init] bandwidth 3360 max_credits 110 tx_time 36
[976615.429224] NVMeVirt: Fixed CAT init ns=0 part=3 arm=47 k=10 scale_pct=25 age_ratio=16
[976615.430237] NVMeVirt: Init FTL instance with 2 channels (524288 pages)
[976615.430239] NVMeVirt: GC victim policy: cat-fig7-fixed ns=0 part=3 initial_k=10 initial_scale_pct=25 initial_age_ratio=16 warmup_gc=100
[976615.430246] NVMeVirt: FTL physical space: 8588886016, logical space: 8026996276 (physical/logical * 100 = 107)
[976615.430248] NVMeVirt: ns 0/1: size 7655 MiB
[976615.430298] PCI host bridge to bus 0001:10
[976615.430301] pci_bus 0001:10: root bus resource [io  0x0000-0xffff]
[976615.430303] pci_bus 0001:10: root bus resource [mem 0x00000000-0x7fffffffff]
[976615.430320] pci_bus 0001:10: root bus resource [bus 00-ff]
[976615.430328] pci 0001:10:00.0: [0c51:0110] type 00 class 0x010802 PCIe Endpoint
[976615.430332] pci 0001:10:00.0: BAR 0 [mem 0x100000000-0x100003fff 64bit]
[976615.430334] pci 0001:10:00.0: enabling Extended Tags
[976615.430456] NVMeVirt: Virtual PCI bus created (node 0)
[976615.430704] NVMeVirt: nvmev_io_worker_0 started on cpu 2 (node 0)
[976615.430813] NVMeVirt: nvmev_dispatcher started on cpu 1 (node 0)
[976615.430850] NVMeVirt: Virtual NVMe device created
[976615.431103] nvme nvme0: pci function 0001:10:00.0
[976615.435317] nvme nvme0: 8/0/0 default/read/poll queues
[976616.052610] EXT4-fs (nvme0n1): mounted filesystem 35bbc148-3c03-4178-8595-8449e7acc178 r/w with ordered data mode. Quota mode: none.
[976698.173535] NVMeVirt: Fixed CAT init ns=0 part=0 arm=47 k=10 scale_pct=25 age_ratio=16
[976698.173540] NVMeVirt: Fixed CAT init ns=0 part=1 arm=47 k=10 scale_pct=25 age_ratio=16
[976698.173542] NVMeVirt: Fixed CAT init ns=0 part=2 arm=47 k=10 scale_pct=25 age_ratio=16
[976698.173544] NVMeVirt: Fixed CAT init ns=0 part=3 arm=47 k=10 scale_pct=25 age_ratio=16
[976698.173545] NVMeVirt: Measurement: command=start epoch=1 host_bytes=0 learner_active=1
[976698.181382] mix-mixH-fixed47-312648 phase=A START
[977298.519821] mix-mixH-fixed47-312648 phase=A END
[977298.526736] mix-mixH-fixed47-312648 phase=B START
[977898.843498] mix-mixH-fixed47-312648 phase=B END
[977898.851435] mix-mixH-fixed47-312648 phase=C START
[977898.862017] mix-mixH-fixed47-312648 phase=C LOAD
[977922.428571] mix-mixH-fixed47-312648 phase=C RUN
[977926.717158] tee (313889): drop_caches: 3
[977932.057747] tee (313893): drop_caches: 3
[977937.484447] tee (313905): drop_caches: 3
[977942.707661] tee (313911): drop_caches: 3
[977948.594957] tee (313924): drop_caches: 3
[977955.045529] tee (313932): drop_caches: 3
[977960.316886] tee (313936): drop_caches: 3
[977967.234035] tee (313953): drop_caches: 3
[977972.221247] tee (313964): drop_caches: 3
[977977.557774] tee (313968): drop_caches: 3
[977982.428833] tee (313982): drop_caches: 3
[977987.785532] tee (313986): drop_caches: 3
[977993.072356] tee (313990): drop_caches: 3
[977998.286611] tee (313999): drop_caches: 3
[978002.732737] tee (314006): drop_caches: 3
[978007.901508] tee (314012): drop_caches: 3
[978012.927282] tee (314023): drop_caches: 3
[978018.110260] tee (314027): drop_caches: 3
[978023.185103] tee (314032): drop_caches: 3
[978028.930194] tee (314044): drop_caches: 3
[978033.400451] tee (314051): drop_caches: 3
[978038.808440] tee (314057): drop_caches: 3
[978044.001524] tee (314062): drop_caches: 3
[978049.254292] tee (314066): drop_caches: 3
[978054.470506] tee (314072): drop_caches: 3
[978060.609986] tee (314087): drop_caches: 3
[978065.502938] tee (314101): drop_caches: 3
[978070.608732] tee (314105): drop_caches: 3
[978075.668700] tee (314109): drop_caches: 3
[978080.921509] tee (314113): drop_caches: 3
[978086.041740] tee (314117): drop_caches: 3
[978091.160594] tee (314126): drop_caches: 3
[978095.542163] tee (314133): drop_caches: 3
[978100.897500] tee (314145): drop_caches: 3
[978105.968008] tee (314149): drop_caches: 3
[978111.248971] tee (314153): drop_caches: 3
[978116.644182] tee (314158): drop_caches: 3
[978121.901482] tee (314167): drop_caches: 3
[978126.391035] tee (314174): drop_caches: 3
[978131.567223] tee (314186): drop_caches: 3
[978136.701204] tee (314190): drop_caches: 3
[978142.061683] tee (314194): drop_caches: 3
[978147.173896] tee (314199): drop_caches: 3
[978152.456566] tee (314208): drop_caches: 3
[978156.948705] tee (314215): drop_caches: 3
[978162.100244] tee (314226): drop_caches: 3
[978167.214980] tee (314230): drop_caches: 3
[978172.451069] tee (314234): drop_caches: 3
[978177.752187] tee (314243): drop_caches: 3
[978183.039141] tee (314252): drop_caches: 3
[978187.553447] tee (314257): drop_caches: 3
[978193.670104] tee (314274): drop_caches: 3
[978198.850941] tee (314278): drop_caches: 3
[978204.033526] tee (314282): drop_caches: 3
[978209.365151] tee (314293): drop_caches: 3
[978214.632131] tee (314302): drop_caches: 3
[978219.662606] tee (314314): drop_caches: 3
[978225.033322] tee (314321): drop_caches: 3
[978230.182688] tee (314325): drop_caches: 3
[978235.272913] tee (314329): drop_caches: 3
[978240.883819] tee (314339): drop_caches: 3
[978246.180743] tee (314343): drop_caches: 3
[978251.467439] tee (314348): drop_caches: 3
[978256.882218] tee (314354): drop_caches: 3
[978262.025847] tee (314358): drop_caches: 3
[978267.131923] tee (314362): drop_caches: 3
[978272.303793] tee (314372): drop_caches: 3
[978277.718324] tee (314378): drop_caches: 3
[978282.961240] tee (314417): drop_caches: 3
[978290.416100] tee (314463): drop_caches: 3
[978300.072906] tee (314502): drop_caches: 3
[978311.409203] tee (314566): drop_caches: 3
[978319.426566] tee (314616): drop_caches: 3
[978327.357473] tee (314629): drop_caches: 3
[978335.112103] tee (314640): drop_caches: 3
[978340.241904] tee (314651): drop_caches: 3
[978345.448689] tee (314655): drop_caches: 3
[978350.952583] tee (314659): drop_caches: 3
[978355.453369] tee (314667): drop_caches: 3
[978360.764660] tee (314673): drop_caches: 3
[978365.956833] tee (314682): drop_caches: 3
[978371.066676] tee (314693): drop_caches: 3
[978376.224634] tee (314697): drop_caches: 3
[978381.560762] tee (314704): drop_caches: 3
[978383.479523] mix-mixH-fixed47-312648 phase=C END
[978383.885721] NVMeVirt: Measurement: command=stop epoch=1 host_bytes=155884933120 learner_active=0
[978384.451772] EXT4-fs (nvme0n1): unmounting filesystem 35bbc148-3c03-4178-8595-8449e7acc178.
[978384.867296] pci_bus 0001:10: busn_res: [bus 10-ff] is released
[978384.867340] NVMeVirt: GC stats: ns=0 policy=cat-fig7-fixed host_pages=38057845 gc_pages=27341200 gc_count=1021861 WAF=1.718 warmup_gc=100-per-part
[978384.937905] NVMeVirt: Virtual NVMe device closed
