[1782808.019642] mix-mixK-arm46-2474886 BEGIN
[1782808.115081] NVMeVirt: Version 1.10 for >> Samsung 970 Pro SSD <<
[1782808.115087] NVMeVirt: Storage: 0x100100000-0x300000000 (8191 MiB)
[1782808.125775] NVMeVirt: Total Capacity(GiB,MiB)=2,2048 chs=2 luns=4 lines=8192 blk-size(MiB,KiB)=0,64 line-size(MiB,KiB)=0,256
[1782808.137372] NVMeVirt: [chmodel_init] bandwidth 800 max_credits 26 tx_time 152
[1782808.149014] NVMeVirt: [chmodel_init] bandwidth 800 max_credits 26 tx_time 152
[1782808.149029] NVMeVirt: [chmodel_init] bandwidth 3360 max_credits 110 tx_time 36
[1782808.149031] NVMeVirt: Fixed CAT init ns=0 part=0 arm=46 k=10 scale_pct=25 age_ratio=7
[1782808.150249] NVMeVirt: pqueue: Copyright (c) 2014, Volkan Yazıcı <volkan.yazici@gmail.com>. All rights reserved.
[1782808.150333] NVMeVirt: Init FTL instance with 2 channels (524288 pages)
[1782808.150337] NVMeVirt: GC victim policy: cat-fig7-fixed ns=0 part=0 initial_k=10 initial_scale_pct=25 initial_age_ratio=7 warmup_gc=100
[1782808.161477] NVMeVirt: [chmodel_init] bandwidth 800 max_credits 26 tx_time 152
[1782808.172146] NVMeVirt: [chmodel_init] bandwidth 800 max_credits 26 tx_time 152
[1782808.172160] NVMeVirt: [chmodel_init] bandwidth 3360 max_credits 110 tx_time 36
[1782808.172162] NVMeVirt: Fixed CAT init ns=0 part=1 arm=46 k=10 scale_pct=25 age_ratio=7
[1782808.173144] NVMeVirt: Init FTL instance with 2 channels (524288 pages)
[1782808.173147] NVMeVirt: GC victim policy: cat-fig7-fixed ns=0 part=1 initial_k=10 initial_scale_pct=25 initial_age_ratio=7 warmup_gc=100
[1782808.183788] NVMeVirt: [chmodel_init] bandwidth 800 max_credits 26 tx_time 152
[1782808.194844] NVMeVirt: [chmodel_init] bandwidth 800 max_credits 26 tx_time 152
[1782808.194859] NVMeVirt: [chmodel_init] bandwidth 3360 max_credits 110 tx_time 36
[1782808.194861] NVMeVirt: Fixed CAT init ns=0 part=2 arm=46 k=10 scale_pct=25 age_ratio=7
[1782808.195865] NVMeVirt: Init FTL instance with 2 channels (524288 pages)
[1782808.195868] NVMeVirt: GC victim policy: cat-fig7-fixed ns=0 part=2 initial_k=10 initial_scale_pct=25 initial_age_ratio=7 warmup_gc=100
[1782808.206422] NVMeVirt: [chmodel_init] bandwidth 800 max_credits 26 tx_time 152
[1782808.216564] NVMeVirt: [chmodel_init] bandwidth 800 max_credits 26 tx_time 152
[1782808.216578] NVMeVirt: [chmodel_init] bandwidth 3360 max_credits 110 tx_time 36
[1782808.216580] NVMeVirt: Fixed CAT init ns=0 part=3 arm=46 k=10 scale_pct=25 age_ratio=7
[1782808.217576] NVMeVirt: Init FTL instance with 2 channels (524288 pages)
[1782808.217579] NVMeVirt: GC victim policy: cat-fig7-fixed ns=0 part=3 initial_k=10 initial_scale_pct=25 initial_age_ratio=7 warmup_gc=100
[1782808.217585] NVMeVirt: FTL physical space: 8588886016, logical space: 8026996276 (physical/logical * 100 = 107)
[1782808.217587] NVMeVirt: ns 0/1: size 7655 MiB
[1782808.217637] PCI host bridge to bus 0001:10
[1782808.217639] pci_bus 0001:10: root bus resource [io  0x0000-0xffff]
[1782808.217642] pci_bus 0001:10: root bus resource [mem 0x00000000-0x7fffffffff]
[1782808.217659] pci_bus 0001:10: root bus resource [bus 00-ff]
[1782808.217666] pci 0001:10:00.0: [0c51:0110] type 00 class 0x010802 PCIe Endpoint
[1782808.217670] pci 0001:10:00.0: BAR 0 [mem 0x100000000-0x100003fff 64bit]
[1782808.217673] pci 0001:10:00.0: enabling Extended Tags
[1782808.217795] NVMeVirt: Virtual PCI bus created (node 0)
[1782808.218128] NVMeVirt: nvmev_io_worker_0 started on cpu 2 (node 0)
[1782808.218208] NVMeVirt: nvmev_dispatcher started on cpu 1 (node 0)
[1782808.218223] NVMeVirt: Virtual NVMe device created
[1782808.218454] nvme nvme0: pci function 0001:10:00.0
[1782808.221129] nvme nvme0: 8/0/0 default/read/poll queues
[1782808.761166] EXT4-fs (nvme0n1): mounted filesystem 1dc616b8-a246-429f-ba1b-c292d8ce456d r/w with ordered data mode. Quota mode: none.
[1782891.765307] NVMeVirt: Fixed CAT init ns=0 part=0 arm=46 k=10 scale_pct=25 age_ratio=7
[1782891.765315] NVMeVirt: Fixed CAT init ns=0 part=1 arm=46 k=10 scale_pct=25 age_ratio=7
[1782891.765318] NVMeVirt: Fixed CAT init ns=0 part=2 arm=46 k=10 scale_pct=25 age_ratio=7
[1782891.765320] NVMeVirt: Fixed CAT init ns=0 part=3 arm=46 k=10 scale_pct=25 age_ratio=7
[1782891.765322] NVMeVirt: Measurement: command=start epoch=1 host_bytes=0 learner_active=1
[1782891.774132] mix-mixK-arm46-2474886 phase=A START
[1783709.375973] loop12: detected capacity change from 0 to 454216
[1783723.199002] audit: type=1400 audit(1790907235.500:899): apparmor="STATUS" operation="profile_replace" info="same as current profile, skipping" profile="unconfined" name="/snap/snapd/28254/usr/lib/snapd/snap-confine" pid=2476957 comm="apparmor_parser"
[1783723.566971] audit: type=1400 audit(1790907235.868:900): apparmor="STATUS" operation="profile_replace" profile="unconfined" name="snap-update-ns.slack" pid=2476959 comm="apparmor_parser"
[1783723.682310] audit: type=1400 audit(1790907235.983:901): apparmor="STATUS" operation="profile_replace" profile="unconfined" name="snap.slack.slack" pid=2476960 comm="apparmor_parser"
[1784692.117738] mix-mixK-arm46-2474886 phase=A END
[1784692.125783] mix-mixK-arm46-2474886 phase=B START
[1786492.506587] mix-mixK-arm46-2474886 phase=B END
[1786492.509811] NVMeVirt: Measurement: command=stop epoch=1 host_bytes=589936570368 learner_active=0
[1786492.620881] EXT4-fs (nvme0n1): unmounting filesystem 1dc616b8-a246-429f-ba1b-c292d8ce456d.
[1786492.687089] pci_bus 0001:10: busn_res: [bus 10-ff] is released
[1786492.687137] NVMeVirt: GC stats: ns=0 policy=cat-fig7-fixed host_pages=144027483 gc_pages=112818004 gc_count=4013211 WAF=1.783 warmup_gc=100-per-part
[1786492.760663] NVMeVirt: Virtual NVMe device closed
