[870511.654151] mix-mixL-fixed37-4154731 BEGIN
[870511.666082] NVMeVirt: Version 1.10 for >> Samsung 970 Pro SSD <<
[870511.666088] NVMeVirt: Storage: 0x100100000-0x300000000 (8191 MiB)
[870511.678627] NVMeVirt: Total Capacity(GiB,MiB)=2,2048 chs=2 luns=4 lines=8192 blk-size(MiB,KiB)=0,64 line-size(MiB,KiB)=0,256
[870511.691985] NVMeVirt: [chmodel_init] bandwidth 800 max_credits 26 tx_time 152
[870511.704466] NVMeVirt: [chmodel_init] bandwidth 800 max_credits 26 tx_time 152
[870511.704492] NVMeVirt: [chmodel_init] bandwidth 3360 max_credits 110 tx_time 36
[870511.704496] NVMeVirt: Fixed CAT init ns=0 part=0 arm=37 k=7 scale_pct=100 age_ratio=7
[870511.706423] NVMeVirt: pqueue: Copyright (c) 2014, Volkan Yazıcı <volkan.yazici@gmail.com>. All rights reserved.
[870511.706490] NVMeVirt: Init FTL instance with 2 channels (524288 pages)
[870511.706494] NVMeVirt: GC victim policy: cat-fig7-fixed ns=0 part=0 initial_k=7 initial_scale_pct=100 initial_age_ratio=7 warmup_gc=100
[870511.717852] NVMeVirt: [chmodel_init] bandwidth 800 max_credits 26 tx_time 152
[870511.728500] NVMeVirt: [chmodel_init] bandwidth 800 max_credits 26 tx_time 152
[870511.728515] NVMeVirt: [chmodel_init] bandwidth 3360 max_credits 110 tx_time 36
[870511.728517] NVMeVirt: Fixed CAT init ns=0 part=1 arm=37 k=7 scale_pct=100 age_ratio=7
[870511.729742] NVMeVirt: Init FTL instance with 2 channels (524288 pages)
[870511.729748] NVMeVirt: GC victim policy: cat-fig7-fixed ns=0 part=1 initial_k=7 initial_scale_pct=100 initial_age_ratio=7 warmup_gc=100
[870511.740062] NVMeVirt: [chmodel_init] bandwidth 800 max_credits 26 tx_time 152
[870511.750760] NVMeVirt: [chmodel_init] bandwidth 800 max_credits 26 tx_time 152
[870511.750775] NVMeVirt: [chmodel_init] bandwidth 3360 max_credits 110 tx_time 36
[870511.750777] NVMeVirt: Fixed CAT init ns=0 part=2 arm=37 k=7 scale_pct=100 age_ratio=7
[870511.752005] NVMeVirt: Init FTL instance with 2 channels (524288 pages)
[870511.752008] NVMeVirt: GC victim policy: cat-fig7-fixed ns=0 part=2 initial_k=7 initial_scale_pct=100 initial_age_ratio=7 warmup_gc=100
[870511.762038] NVMeVirt: [chmodel_init] bandwidth 800 max_credits 26 tx_time 152
[870511.772342] NVMeVirt: [chmodel_init] bandwidth 800 max_credits 26 tx_time 152
[870511.772361] NVMeVirt: [chmodel_init] bandwidth 3360 max_credits 110 tx_time 36
[870511.772364] NVMeVirt: Fixed CAT init ns=0 part=3 arm=37 k=7 scale_pct=100 age_ratio=7
[870511.773993] NVMeVirt: Init FTL instance with 2 channels (524288 pages)
[870511.773997] NVMeVirt: GC victim policy: cat-fig7-fixed ns=0 part=3 initial_k=7 initial_scale_pct=100 initial_age_ratio=7 warmup_gc=100
[870511.774006] NVMeVirt: FTL physical space: 8588886016, logical space: 8026996276 (physical/logical * 100 = 107)
[870511.774008] NVMeVirt: ns 0/1: size 7655 MiB
[870511.774076] PCI host bridge to bus 0001:10
[870511.774079] pci_bus 0001:10: root bus resource [io  0x0000-0xffff]
[870511.774082] pci_bus 0001:10: root bus resource [mem 0x00000000-0x7fffffffff]
[870511.774085] pci_bus 0001:10: root bus resource [bus 00-ff]
[870511.774094] pci 0001:10:00.0: [0c51:0110] type 00 class 0x010802 PCIe Endpoint
[870511.774099] pci 0001:10:00.0: BAR 0 [mem 0x100000000-0x100003fff 64bit]
[870511.774101] pci 0001:10:00.0: enabling Extended Tags
[870511.774274] NVMeVirt: Virtual PCI bus created (node 0)
[870511.774760] NVMeVirt: Virtual NVMe device created
[870511.774787] NVMeVirt: nvmev_dispatcher started on cpu 1 (node 0)
[870511.774999] nvme nvme0: pci function 0001:10:00.0
[870511.777583] nvme nvme0: 8/0/0 default/read/poll queues
[870511.777986] NVMeVirt: nvmev_io_worker_0 started on cpu 2 (node 0)
[870511.862007] EXT4-fs (nvme0n1): mounted filesystem 276655c8-8aa8-4a96-9a92-8de9ea59ccca r/w with ordered data mode. Quota mode: none.
[870593.888828] NVMeVirt: Fixed CAT init ns=0 part=0 arm=37 k=7 scale_pct=100 age_ratio=7
[870593.888833] NVMeVirt: Fixed CAT init ns=0 part=1 arm=37 k=7 scale_pct=100 age_ratio=7
[870593.888835] NVMeVirt: Fixed CAT init ns=0 part=2 arm=37 k=7 scale_pct=100 age_ratio=7
[870593.888837] NVMeVirt: Fixed CAT init ns=0 part=3 arm=37 k=7 scale_pct=100 age_ratio=7
[870593.888838] NVMeVirt: Measurement: command=start epoch=1 host_bytes=0 learner_active=1
[870593.897449] mix-mixL-fixed37-4154731 phase=A START
[870593.906138] mix-mixL-fixed37-4154731 phase=A cycle=1 fast
[870654.206323] mix-mixL-fixed37-4154731 phase=A cycle=1 slow
[870714.522560] mix-mixL-fixed37-4154731 phase=A cycle=2 fast
[870774.825357] mix-mixL-fixed37-4154731 phase=A cycle=2 slow
[870835.132153] mix-mixL-fixed37-4154731 phase=A cycle=3 fast
[870895.428807] mix-mixL-fixed37-4154731 phase=A cycle=3 slow
[870955.722596] mix-mixL-fixed37-4154731 phase=A cycle=4 fast
[871016.024714] mix-mixL-fixed37-4154731 phase=A cycle=4 slow
[871076.329863] mix-mixL-fixed37-4154731 phase=A cycle=5 fast
[871136.625508] mix-mixL-fixed37-4154731 phase=A cycle=5 slow
[871196.931102] mix-mixL-fixed37-4154731 phase=A END
[871196.937598] NVMeVirt: Measurement: command=stop epoch=1 host_bytes=61442252800 learner_active=0
[871197.015868] EXT4-fs (nvme0n1): unmounting filesystem 276655c8-8aa8-4a96-9a92-8de9ea59ccca.
[871197.092985] pci_bus 0001:10: busn_res: [bus 10-ff] is released
[871197.093052] NVMeVirt: GC stats: ns=0 policy=cat-fig7-fixed host_pages=15000550 gc_pages=10013118 gc_count=390839 WAF=1.667 warmup_gc=100-per-part
[871197.178664] NVMeVirt: Virtual NVMe device closed
