[823796.417573] mix-mixA-greedy-4102020 BEGIN
[823796.428672] NVMeVirt: Version 1.10 for >> Samsung 970 Pro SSD <<
[823796.428678] NVMeVirt: Storage: 0x100100000-0x300000000 (8191 MiB)
[823796.440133] NVMeVirt: Total Capacity(GiB,MiB)=2,2048 chs=2 luns=4 lines=8192 blk-size(MiB,KiB)=0,64 line-size(MiB,KiB)=0,256
[823796.452629] NVMeVirt: [chmodel_init] bandwidth 800 max_credits 26 tx_time 152
[823796.463782] NVMeVirt: [chmodel_init] bandwidth 800 max_credits 26 tx_time 152
[823796.463797] NVMeVirt: [chmodel_init] bandwidth 3360 max_credits 110 tx_time 36
[823796.463799] NVMeVirt: Fixed CAT init ns=0 part=0 arm=37 k=7 scale_pct=100 age_ratio=7
[823796.464754] NVMeVirt: pqueue: Copyright (c) 2014, Volkan Yazıcı <volkan.yazici@gmail.com>. All rights reserved.
[823796.464792] NVMeVirt: Init FTL instance with 2 channels (524288 pages)
[823796.464794] NVMeVirt: GC victim policy: greedy ns=0 part=0 initial_k=7 initial_scale_pct=100 initial_age_ratio=7 warmup_gc=100
[823796.476956] NVMeVirt: [chmodel_init] bandwidth 800 max_credits 26 tx_time 152
[823796.487945] NVMeVirt: [chmodel_init] bandwidth 800 max_credits 26 tx_time 152
[823796.487964] NVMeVirt: [chmodel_init] bandwidth 3360 max_credits 110 tx_time 36
[823796.487967] NVMeVirt: Fixed CAT init ns=0 part=1 arm=37 k=7 scale_pct=100 age_ratio=7
[823796.488939] NVMeVirt: Init FTL instance with 2 channels (524288 pages)
[823796.488942] NVMeVirt: GC victim policy: greedy ns=0 part=1 initial_k=7 initial_scale_pct=100 initial_age_ratio=7 warmup_gc=100
[823796.499653] NVMeVirt: [chmodel_init] bandwidth 800 max_credits 26 tx_time 152
[823796.511755] NVMeVirt: [chmodel_init] bandwidth 800 max_credits 26 tx_time 152
[823796.511772] NVMeVirt: [chmodel_init] bandwidth 3360 max_credits 110 tx_time 36
[823796.511774] NVMeVirt: Fixed CAT init ns=0 part=2 arm=37 k=7 scale_pct=100 age_ratio=7
[823796.512853] NVMeVirt: Init FTL instance with 2 channels (524288 pages)
[823796.512856] NVMeVirt: GC victim policy: greedy ns=0 part=2 initial_k=7 initial_scale_pct=100 initial_age_ratio=7 warmup_gc=100
[823796.523588] NVMeVirt: [chmodel_init] bandwidth 800 max_credits 26 tx_time 152
[823796.534451] NVMeVirt: [chmodel_init] bandwidth 800 max_credits 26 tx_time 152
[823796.534472] NVMeVirt: [chmodel_init] bandwidth 3360 max_credits 110 tx_time 36
[823796.534475] NVMeVirt: Fixed CAT init ns=0 part=3 arm=37 k=7 scale_pct=100 age_ratio=7
[823796.536400] NVMeVirt: Init FTL instance with 2 channels (524288 pages)
[823796.536405] NVMeVirt: GC victim policy: greedy ns=0 part=3 initial_k=7 initial_scale_pct=100 initial_age_ratio=7 warmup_gc=100
[823796.536411] NVMeVirt: FTL physical space: 8588886016, logical space: 8026996276 (physical/logical * 100 = 107)
[823796.536412] NVMeVirt: ns 0/1: size 7655 MiB
[823796.536464] PCI host bridge to bus 0001:10
[823796.536466] pci_bus 0001:10: root bus resource [io  0x0000-0xffff]
[823796.536470] pci_bus 0001:10: root bus resource [mem 0x00000000-0x7fffffffff]
[823796.536472] pci_bus 0001:10: root bus resource [bus 00-ff]
[823796.536480] pci 0001:10:00.0: [0c51:0110] type 00 class 0x010802 PCIe Endpoint
[823796.536484] pci 0001:10:00.0: BAR 0 [mem 0x100000000-0x100003fff 64bit]
[823796.536487] pci 0001:10:00.0: enabling Extended Tags
[823796.536686] NVMeVirt: Virtual PCI bus created (node 0)
[823796.537231] NVMeVirt: nvmev_dispatcher started on cpu 1 (node 0)
[823796.537260] NVMeVirt: Virtual NVMe device created
[823796.537417] nvme nvme0: pci function 0001:10:00.0
[823796.539725] nvme nvme0: 8/0/0 default/read/poll queues
[823796.540151] NVMeVirt: nvmev_io_worker_0 started on cpu 2 (node 0)
[823796.625600] EXT4-fs (nvme0n1): mounted filesystem db3bf776-8c71-4bed-87c9-2e9c335bb61d r/w with ordered data mode. Quota mode: none.
[823878.646153] NVMeVirt: Fixed CAT init ns=0 part=0 arm=37 k=7 scale_pct=100 age_ratio=7
[823878.646160] NVMeVirt: Fixed CAT init ns=0 part=1 arm=37 k=7 scale_pct=100 age_ratio=7
[823878.646163] NVMeVirt: Fixed CAT init ns=0 part=2 arm=37 k=7 scale_pct=100 age_ratio=7
[823878.646165] NVMeVirt: Fixed CAT init ns=0 part=3 arm=37 k=7 scale_pct=100 age_ratio=7
[823878.646167] NVMeVirt: Measurement: command=start epoch=1 host_bytes=0 learner_active=1
[823878.654128] mix-mixA-greedy-4102020 phase=A START
[824478.980164] mix-mixA-greedy-4102020 phase=A END
[824478.988296] mix-mixA-greedy-4102020 phase=B START
[824479.000392] mix-mixA-greedy-4102020 phase=B LOAD
[824504.688373] mix-mixA-greedy-4102020 phase=B RUN
[824509.162546] tee (4102559): drop_caches: 3
[824514.412476] tee (4102563): drop_caches: 3
[824518.769060] tee (4102570): drop_caches: 3
[824524.024567] tee (4102575): drop_caches: 3
[824529.337010] tee (4102582): drop_caches: 3
[824534.427513] tee (4102587): drop_caches: 3
[824539.717264] tee (4102591): drop_caches: 3
[824544.860662] tee (4102595): drop_caches: 3
[824549.282678] tee (4102602): drop_caches: 3
[824554.590770] tee (4102606): drop_caches: 3
[824559.869745] tee (4102610): drop_caches: 3
[824565.059964] tee (4102614): drop_caches: 3
[824570.167012] tee (4102618): drop_caches: 3
[824575.245676] tee (4102623): drop_caches: 3
[824579.847837] tee (4102628): drop_caches: 3
[824585.201086] tee (4102634): drop_caches: 3
[824590.434609] tee (4102638): drop_caches: 3
[824595.523314] tee (4102643): drop_caches: 3
[824600.664691] tee (4102647): drop_caches: 3
[824605.996668] tee (4102653): drop_caches: 3
[824611.334053] tee (4102663): drop_caches: 3
[824616.659692] tee (4102668): drop_caches: 3
[824621.793327] tee (4102673): drop_caches: 3
[824627.480326] tee (4102678): drop_caches: 3
[824632.581871] tee (4102682): drop_caches: 3
[824637.995746] tee (4102686): drop_caches: 3
[824642.817250] tee (4102692): drop_caches: 3
[824647.998115] tee (4102700): drop_caches: 3
[824653.164585] tee (4102704): drop_caches: 3
[824658.459397] tee (4102709): drop_caches: 3
[824663.562345] tee (4102713): drop_caches: 3
[824668.630356] tee (4102717): drop_caches: 3
[824674.005752] tee (4102723): drop_caches: 3
[824679.204307] tee (4102749): drop_caches: 3
[824685.097668] tee (4102809): drop_caches: 3
[824690.289003] tee (4102813): drop_caches: 3
[824695.497433] tee (4102817): drop_caches: 3
[824700.719638] tee (4102823): drop_caches: 3
[824705.366392] tee (4102830): drop_caches: 3
[824711.090809] tee (4102836): drop_caches: 3
[824716.382374] tee (4102840): drop_caches: 3
[824721.583352] tee (4102844): drop_caches: 3
[824726.784415] tee (4102848): drop_caches: 3
[824731.958573] tee (4102853): drop_caches: 3
[824737.096329] tee (4102859): drop_caches: 3
[824742.317959] tee (4102864): drop_caches: 3
[824747.508215] tee (4102868): drop_caches: 3
[824752.662610] tee (4102872): drop_caches: 3
[824757.848021] tee (4102876): drop_caches: 3
[824763.073424] tee (4102881): drop_caches: 3
[824768.245043] tee (4102889): drop_caches: 3
[824774.124461] tee (4102896): drop_caches: 3
[824779.352159] tee (4102900): drop_caches: 3
[824784.492068] tee (4102904): drop_caches: 3
[824789.663721] tee (4102908): drop_caches: 3
[824794.810237] tee (4102913): drop_caches: 3
[824800.128615] tee (4102919): drop_caches: 3
[824805.358097] tee (4102924): drop_caches: 3
[824810.516454] tee (4102928): drop_caches: 3
[824815.575979] tee (4102933): drop_caches: 3
[824820.748587] tee (4102938): drop_caches: 3
[824826.066472] tee (4102942): drop_caches: 3
[824831.516128] tee (4102948): drop_caches: 3
[824836.832041] tee (4102953): drop_caches: 3
[824841.953477] tee (4102957): drop_caches: 3
[824849.287667] tee (4102969): drop_caches: 3
[824855.179135] tee (4102976): drop_caches: 3
[824860.186697] tee (4102981): drop_caches: 3
[824864.518814] tee (4102988): drop_caches: 3
[824870.457897] tee (4102993): drop_caches: 3
[824875.548328] tee (4102997): drop_caches: 3
[824880.857029] tee (4103003): drop_caches: 3
[824886.158048] tee (4103009): drop_caches: 3
[824891.394528] tee (4103013): drop_caches: 3
[824895.884532] tee (4103020): drop_caches: 3
[824901.301161] tee (4103024): drop_caches: 3
[824906.410425] tee (4103028): drop_caches: 3
[824911.538827] tee (4103037): drop_caches: 3
[824916.609182] tee (4103041): drop_caches: 3
[824921.695293] tee (4103045): drop_caches: 3
[824926.063169] tee (4103052): drop_caches: 3
[824931.347513] tee (4103056): drop_caches: 3
[824936.397774] tee (4103061): drop_caches: 3
[824941.488396] tee (4103065): drop_caches: 3
[824947.031161] tee (4103069): drop_caches: 3
[824953.301372] tee (4103101): drop_caches: 3
[824959.320264] tee (4103114): drop_caches: 3
[824965.153399] tee (4103131): drop_caches: 3
[824970.591027] tee (4103139): drop_caches: 3
[824975.750508] tee (4103143): drop_caches: 3
[824980.633302] tee (4103152): drop_caches: 3
[824985.363692] tee (4103156): drop_caches: 3
[824990.564571] tee (4103160): drop_caches: 3
[824995.865686] tee (4103170): drop_caches: 3
[824998.641647] mix-mixA-greedy-4102020 phase=B END
[824999.670938] NVMeVirt: Measurement: command=stop epoch=1 host_bytes=131594080256 learner_active=0
[825000.494810] EXT4-fs (nvme0n1): unmounting filesystem db3bf776-8c71-4bed-87c9-2e9c335bb61d.
[825000.951578] pci_bus 0001:10: busn_res: [bus 10-ff] is released
[825000.951630] NVMeVirt: GC stats: ns=0 policy=greedy host_pages=32127461 gc_pages=45582955 gc_count=1214225 WAF=2.418 warmup_gc=100-per-part
[825001.023786] NVMeVirt: Virtual NVMe device closed
