작업 트리 준비 중 (새 브랜치 'icat-2')
The following paths and/or pathspecs matched paths that exist
outside of your sparse-checkout definition, so will not be
updated in the index:
result/handoff-f299c51e-20261002/continue.py
result/handoff-f299c51e-20261002/environment.txt
result/handoff-f299c51e-20261002/issues.md
result/handoff-f299c51e-20261002/journal.md
result/handoff-f299c51e-20261002/publish.log
result/handoff-f299c51e-20261002/reference/CODEX_HANDOFF.md
result/handoff-f299c51e-20261002/reference/DUAL_BOOT_GUIDE.md
result/handoff-f299c51e-20261002/reference/script/gh-queue33-fullsweep.sh
result/handoff-f299c51e-20261002/reference/script/validate-new-machine.sh
result/handoff-f299c51e-20261002/service.console.txt
result/handoff-f299c51e-20261002/source-status.txt
result/handoff-f299c51e-20261002/status.txt
result/handoff-f299c51e-20261002/transition.json
result/handoff-f299c51e-20261002/validation-path.txt
result/handoff-f299c51e-20261002/validation.console.txt
result/handoff-f299c51e-20261002/validation.exit
result/queue33-icat2-20261002/gap-plan.tsv
result/queue33-icat2-20261002/journal.md
result/queue33-icat2-20261002/metadata.json
result/queue33-icat2-20261002/module-sha256.txt
result/queue33-icat2-20261002/publish.py
result/queue33-icat2-20261002/queue.py
result/queue33-icat2-20261002/reference-QUEUE33.txt
result/queue33-icat2-20261002/report.md
result/queue33-icat2-20261002/runner.sh
result/queue33-icat2-20261002/source-status.txt
result/queue33-icat2-20261002/validate-application.py
result/validate-oy-B550M-DS3H-20261002-143600-59888/arm47.console.txt
result/validate-oy-B550M-DS3H-20261002-143600-59888/arm47.exit-code.txt
result/validate-oy-B550M-DS3H-20261002-143600-59888/arm50.console.txt
result/validate-oy-B550M-DS3H-20261002-143600-59888/arm50.exit-code.txt
result/validate-oy-B550M-DS3H-20261002-143600-59888/gh-greedy.console.txt
result/validate-oy-B550M-DS3H-20261002-143600-59888/gh-greedy.exit-code.txt
result/validate-oy-B550M-DS3H-20261002-143600-59888/summary.txt
힌트: If you intend to update such entries, try one of the following:
힌트: * Use the --sparse option.
힌트: * Disable or modify the sparsity rules.
힌트: Disable this message with "git config advice.updateSparsePath false"
