[1699780.577608] mix-mixH-arm16-2229734 BEGIN
[1699780.682263] NVMeVirt: Version 1.10 for >> Samsung 970 Pro SSD <<
[1699780.682269] NVMeVirt: Storage: 0x100100000-0x300000000 (8191 MiB)
[1699780.693206] NVMeVirt: Total Capacity(GiB,MiB)=2,2048 chs=2 luns=4 lines=8192 blk-size(MiB,KiB)=0,64 line-size(MiB,KiB)=0,256
[1699780.707877] NVMeVirt: [chmodel_init] bandwidth 800 max_credits 26 tx_time 152
[1699780.723095] NVMeVirt: [chmodel_init] bandwidth 800 max_credits 26 tx_time 152
[1699780.723112] NVMeVirt: [chmodel_init] bandwidth 3360 max_credits 110 tx_time 36
[1699780.723115] NVMeVirt: Fixed CAT init ns=0 part=0 arm=16 k=4 scale_pct=25 age_ratio=7
[1699780.724429] NVMeVirt: pqueue: Copyright (c) 2014, Volkan Yazıcı <volkan.yazici@gmail.com>. All rights reserved.
[1699780.724469] NVMeVirt: Init FTL instance with 2 channels (524288 pages)
[1699780.724471] NVMeVirt: GC victim policy: cat-fig7-fixed ns=0 part=0 initial_k=4 initial_scale_pct=25 initial_age_ratio=7 warmup_gc=100
[1699780.737801] NVMeVirt: [chmodel_init] bandwidth 800 max_credits 26 tx_time 152
[1699780.749423] NVMeVirt: [chmodel_init] bandwidth 800 max_credits 26 tx_time 152
[1699780.749444] NVMeVirt: [chmodel_init] bandwidth 3360 max_credits 110 tx_time 36
[1699780.749448] NVMeVirt: Fixed CAT init ns=0 part=1 arm=16 k=4 scale_pct=25 age_ratio=7
[1699780.752009] NVMeVirt: Init FTL instance with 2 channels (524288 pages)
[1699780.752015] NVMeVirt: GC victim policy: cat-fig7-fixed ns=0 part=1 initial_k=4 initial_scale_pct=25 initial_age_ratio=7 warmup_gc=100
[1699780.764356] NVMeVirt: [chmodel_init] bandwidth 800 max_credits 26 tx_time 152
[1699780.777745] NVMeVirt: [chmodel_init] bandwidth 800 max_credits 26 tx_time 152
[1699780.777760] NVMeVirt: [chmodel_init] bandwidth 3360 max_credits 110 tx_time 36
[1699780.777762] NVMeVirt: Fixed CAT init ns=0 part=2 arm=16 k=4 scale_pct=25 age_ratio=7
[1699780.779011] NVMeVirt: Init FTL instance with 2 channels (524288 pages)
[1699780.779014] NVMeVirt: GC victim policy: cat-fig7-fixed ns=0 part=2 initial_k=4 initial_scale_pct=25 initial_age_ratio=7 warmup_gc=100
[1699780.791750] NVMeVirt: [chmodel_init] bandwidth 800 max_credits 26 tx_time 152
[1699780.805335] NVMeVirt: [chmodel_init] bandwidth 800 max_credits 26 tx_time 152
[1699780.805354] NVMeVirt: [chmodel_init] bandwidth 3360 max_credits 110 tx_time 36
[1699780.805357] NVMeVirt: Fixed CAT init ns=0 part=3 arm=16 k=4 scale_pct=25 age_ratio=7
[1699780.806952] NVMeVirt: Init FTL instance with 2 channels (524288 pages)
[1699780.806956] NVMeVirt: GC victim policy: cat-fig7-fixed ns=0 part=3 initial_k=4 initial_scale_pct=25 initial_age_ratio=7 warmup_gc=100
[1699780.806964] NVMeVirt: FTL physical space: 8588886016, logical space: 8026996276 (physical/logical * 100 = 107)
[1699780.806966] NVMeVirt: ns 0/1: size 7655 MiB
[1699780.807033] PCI host bridge to bus 0001:10
[1699780.807036] pci_bus 0001:10: root bus resource [io  0x0000-0xffff]
[1699780.807054] pci_bus 0001:10: root bus resource [mem 0x00000000-0x7fffffffff]
[1699780.807057] pci_bus 0001:10: root bus resource [bus 00-ff]
[1699780.807068] pci 0001:10:00.0: [0c51:0110] type 00 class 0x010802 PCIe Endpoint
[1699780.807073] pci 0001:10:00.0: BAR 0 [mem 0x100000000-0x100003fff 64bit]
[1699780.807076] pci 0001:10:00.0: enabling Extended Tags
[1699780.807227] NVMeVirt: Virtual PCI bus created (node 0)
[1699780.807542] NVMeVirt: nvmev_io_worker_0 started on cpu 2 (node 0)
[1699780.807632] NVMeVirt: Virtual NVMe device created
[1699780.807655] NVMeVirt: nvmev_dispatcher started on cpu 1 (node 0)
[1699780.807828] nvme nvme0: pci function 0001:10:00.0
[1699780.812427] nvme nvme0: 8/0/0 default/read/poll queues
[1699781.231145] EXT4-fs (nvme0n1): mounted filesystem 3664cee5-6afc-49eb-a6a5-0594ab662bbe r/w with ordered data mode. Quota mode: none.
[1699863.923191] NVMeVirt: Fixed CAT init ns=0 part=0 arm=16 k=4 scale_pct=25 age_ratio=7
[1699863.923198] NVMeVirt: Fixed CAT init ns=0 part=1 arm=16 k=4 scale_pct=25 age_ratio=7
[1699863.923200] NVMeVirt: Fixed CAT init ns=0 part=2 arm=16 k=4 scale_pct=25 age_ratio=7
[1699863.923202] NVMeVirt: Fixed CAT init ns=0 part=3 arm=16 k=4 scale_pct=25 age_ratio=7
[1699863.923203] NVMeVirt: Measurement: command=start epoch=1 host_bytes=0 learner_active=1
[1699863.934109] mix-mixH-arm16-2229734 phase=A START
[1700464.300108] mix-mixH-arm16-2229734 phase=A END
[1700464.311339] mix-mixH-arm16-2229734 phase=B START
[1701064.633460] mix-mixH-arm16-2229734 phase=B END
[1701064.643453] mix-mixH-arm16-2229734 phase=C START
[1701064.657911] mix-mixH-arm16-2229734 phase=C LOAD
[1701095.363652] mix-mixH-arm16-2229734 phase=C RUN
[1701099.746543] tee (2232480): drop_caches: 3
[1701104.439988] tee (2232497): drop_caches: 3
[1701110.779039] tee (2232516): drop_caches: 3
[1701116.967367] tee (2232539): drop_caches: 3
[1701123.303346] tee (2232567): drop_caches: 3
[1701130.372509] tee (2232581): drop_caches: 3
[1701135.047078] tee (2232607): drop_caches: 3
[1701140.310327] tee (2232616): drop_caches: 3
[1701145.653934] tee (2232625): drop_caches: 3
[1701153.395713] tee (2232640): drop_caches: 3
[1701160.321251] tee (2232654): drop_caches: 3
[1701166.092078] tee (2232670): drop_caches: 3
[1701172.392067] tee (2232690): drop_caches: 3
[1701179.397998] tee (2232712): drop_caches: 3
[1701186.246322] tee (2232723): drop_caches: 3
[1701193.420571] tee (2232737): drop_caches: 3
[1701199.744801] tee (2232752): drop_caches: 3
[1701206.490049] tee (2232765): drop_caches: 3
[1701213.265299] tee (2232776): drop_caches: 3
[1701221.324619] tee (2232797): drop_caches: 3
[1701228.555424] tee (2232812): drop_caches: 3
[1701235.835977] tee (2232845): drop_caches: 3
[1701242.625203] tee (2232854): drop_caches: 3
[1701249.546479] tee (2232868): drop_caches: 3
[1701256.440086] tee (2232882): drop_caches: 3
[1701263.569506] tee (2232891): drop_caches: 3
[1701270.037485] tee (2232920): drop_caches: 3
[1701280.209726] tee (2232959): drop_caches: 3
[1701290.879844] tee (2233083): drop_caches: 3
[1701303.164036] tee (2233166): drop_caches: 3
[1701311.695774] tee (2233214): drop_caches: 3
[1701319.699662] tee (2233251): drop_caches: 3
[1701328.375666] tee (2233285): drop_caches: 3
[1701334.858820] tee (2233301): drop_caches: 3
[1701341.198055] tee (2233318): drop_caches: 3
[1701347.952035] tee (2233334): drop_caches: 3
[1701354.554920] tee (2233353): drop_caches: 3
[1701360.829825] tee (2233362): drop_caches: 3
[1701367.539891] tee (2233381): drop_caches: 3
[1701373.960483] tee (2233393): drop_caches: 3
[1701381.472548] tee (2233415): drop_caches: 3
[1701387.409647] tee (2233424): drop_caches: 3
[1701393.708498] tee (2233450): drop_caches: 3
[1701400.240022] tee (2233475): drop_caches: 3
[1701407.289053] tee (2233490): drop_caches: 3
[1701413.495375] tee (2233509): drop_caches: 3
[1701419.525243] tee (2233523): drop_caches: 3
[1701425.366604] tee (2233533): drop_caches: 3
[1701431.437382] tee (2233550): drop_caches: 3
[1701437.585989] tee (2233562): drop_caches: 3
[1701443.789065] tee (2233576): drop_caches: 3
[1701449.633078] tee (2233590): drop_caches: 3
[1701455.399370] tee (2233599): drop_caches: 3
[1701461.744646] tee (2233615): drop_caches: 3
[1701466.725117] tee (2233627): drop_caches: 3
[1701473.044084] tee (2233641): drop_caches: 3
[1701479.623756] tee (2233655): drop_caches: 3
[1701485.749911] tee (2233665): drop_caches: 3
[1701490.898787] tee (2233681): drop_caches: 3
[1701495.393814] tee (2233693): drop_caches: 3
[1701500.419174] tee (2233708): drop_caches: 3
[1701505.539302] tee (2233717): drop_caches: 3
[1701510.682581] tee (2233726): drop_caches: 3
[1701515.779751] tee (2233735): drop_caches: 3
[1701521.488171] tee (2233751): drop_caches: 3
[1701526.258026] tee (2233762): drop_caches: 3
[1701531.533839] tee (2233777): drop_caches: 3
[1701536.505462] tee (2233791): drop_caches: 3
[1701541.520934] tee (2233800): drop_caches: 3
[1701546.547657] tee (2233816): drop_caches: 3
[1701552.443974] tee (2233825): drop_caches: 3
[1701557.949842] tee (2233836): drop_caches: 3
[1701563.307380] tee (2233851): drop_caches: 3
[1701569.276154] tee (2233869): drop_caches: 3
[1701571.122103] mix-mixH-arm16-2229734 phase=C END
[1701571.488005] NVMeVirt: Measurement: command=stop epoch=1 host_bytes=155998478336 learner_active=0
[1701572.160450] EXT4-fs (nvme0n1): unmounting filesystem 3664cee5-6afc-49eb-a6a5-0594ab662bbe.
[1701572.455616] pci_bus 0001:10: busn_res: [bus 10-ff] is released
[1701572.455663] NVMeVirt: GC stats: ns=0 policy=cat-fig7-fixed host_pages=38085566 gc_pages=29112894 gc_count=1049976 WAF=1.764 warmup_gc=100-per-part
[1701572.535222] NVMeVirt: Virtual NVMe device closed
