[708918.815294] mix-mixC-arm12-3953233 BEGIN
[708918.827041] NVMeVirt: Version 1.10 for >> Samsung 970 Pro SSD <<
[708918.827047] NVMeVirt: Storage: 0x100100000-0x300000000 (8191 MiB)
[708918.838135] NVMeVirt: Total Capacity(GiB,MiB)=2,2048 chs=2 luns=4 lines=8192 blk-size(MiB,KiB)=0,64 line-size(MiB,KiB)=0,256
[708918.849691] NVMeVirt: [chmodel_init] bandwidth 800 max_credits 26 tx_time 152
[708918.860772] NVMeVirt: [chmodel_init] bandwidth 800 max_credits 26 tx_time 152
[708918.860787] NVMeVirt: [chmodel_init] bandwidth 3360 max_credits 110 tx_time 36
[708918.860790] NVMeVirt: Fixed CAT init ns=0 part=0 arm=12 k=2 scale_pct=400 age_ratio=4
[708918.861994] NVMeVirt: pqueue: Copyright (c) 2014, Volkan Yazıcı <volkan.yazici@gmail.com>. All rights reserved.
[708918.862032] NVMeVirt: Init FTL instance with 2 channels (524288 pages)
[708918.862034] NVMeVirt: GC victim policy: cat-fig7-fixed ns=0 part=0 initial_k=2 initial_scale_pct=400 initial_age_ratio=4 warmup_gc=100
[708918.873268] NVMeVirt: [chmodel_init] bandwidth 800 max_credits 26 tx_time 152
[708918.883922] NVMeVirt: [chmodel_init] bandwidth 800 max_credits 26 tx_time 152
[708918.883937] NVMeVirt: [chmodel_init] bandwidth 3360 max_credits 110 tx_time 36
[708918.883939] NVMeVirt: Fixed CAT init ns=0 part=1 arm=12 k=2 scale_pct=400 age_ratio=4
[708918.885160] NVMeVirt: Init FTL instance with 2 channels (524288 pages)
[708918.885163] NVMeVirt: GC victim policy: cat-fig7-fixed ns=0 part=1 initial_k=2 initial_scale_pct=400 initial_age_ratio=4 warmup_gc=100
[708918.895603] NVMeVirt: [chmodel_init] bandwidth 800 max_credits 26 tx_time 152
[708918.906187] NVMeVirt: [chmodel_init] bandwidth 800 max_credits 26 tx_time 152
[708918.906202] NVMeVirt: [chmodel_init] bandwidth 3360 max_credits 110 tx_time 36
[708918.906204] NVMeVirt: Fixed CAT init ns=0 part=2 arm=12 k=2 scale_pct=400 age_ratio=4
[708918.907417] NVMeVirt: Init FTL instance with 2 channels (524288 pages)
[708918.907420] NVMeVirt: GC victim policy: cat-fig7-fixed ns=0 part=2 initial_k=2 initial_scale_pct=400 initial_age_ratio=4 warmup_gc=100
[708918.917931] NVMeVirt: [chmodel_init] bandwidth 800 max_credits 26 tx_time 152
[708918.928353] NVMeVirt: [chmodel_init] bandwidth 800 max_credits 26 tx_time 152
[708918.928367] NVMeVirt: [chmodel_init] bandwidth 3360 max_credits 110 tx_time 36
[708918.928369] NVMeVirt: Fixed CAT init ns=0 part=3 arm=12 k=2 scale_pct=400 age_ratio=4
[708918.929600] NVMeVirt: Init FTL instance with 2 channels (524288 pages)
[708918.929603] NVMeVirt: GC victim policy: cat-fig7-fixed ns=0 part=3 initial_k=2 initial_scale_pct=400 initial_age_ratio=4 warmup_gc=100
[708918.929609] NVMeVirt: FTL physical space: 8588886016, logical space: 8026996276 (physical/logical * 100 = 107)
[708918.929611] NVMeVirt: ns 0/1: size 7655 MiB
[708918.929659] PCI host bridge to bus 0001:10
[708918.929661] pci_bus 0001:10: root bus resource [io  0x0000-0xffff]
[708918.929664] pci_bus 0001:10: root bus resource [mem 0x00000000-0x7fffffffff]
[708918.929666] pci_bus 0001:10: root bus resource [bus 00-ff]
[708918.929687] pci 0001:10:00.0: [0c51:0110] type 00 class 0x010802 PCIe Endpoint
[708918.929692] pci 0001:10:00.0: BAR 0 [mem 0x100000000-0x100003fff 64bit]
[708918.929694] pci 0001:10:00.0: enabling Extended Tags
[708918.929820] NVMeVirt: Virtual PCI bus created (node 0)
[708918.930092] NVMeVirt: nvmev_io_worker_0 started on cpu 2 (node 0)
[708918.930173] NVMeVirt: nvmev_dispatcher started on cpu 1 (node 0)
[708918.930204] NVMeVirt: Virtual NVMe device created
[708918.930749] nvme nvme0: pci function 0001:10:00.0
[708918.934663] nvme nvme0: 8/0/0 default/read/poll queues
[708919.002620] EXT4-fs (nvme0n1): mounted filesystem 6c7b45c7-0583-4215-b3ae-c48430a6e541 r/w with ordered data mode. Quota mode: none.
[709001.026322] NVMeVirt: Fixed CAT init ns=0 part=0 arm=12 k=2 scale_pct=400 age_ratio=4
[709001.026327] NVMeVirt: Fixed CAT init ns=0 part=1 arm=12 k=2 scale_pct=400 age_ratio=4
[709001.026329] NVMeVirt: Fixed CAT init ns=0 part=2 arm=12 k=2 scale_pct=400 age_ratio=4
[709001.026331] NVMeVirt: Fixed CAT init ns=0 part=3 arm=12 k=2 scale_pct=400 age_ratio=4
[709001.026332] NVMeVirt: Measurement: command=start epoch=1 host_bytes=0 learner_active=1
[709001.034112] mix-mixC-arm12-3953233 phase=A START
[709601.347485] mix-mixC-arm12-3953233 phase=A END
[709601.354488] mix-mixC-arm12-3953233 phase=B START
[710201.660860] mix-mixC-arm12-3953233 phase=B END
[710201.664087] NVMeVirt: Measurement: command=stop epoch=1 host_bytes=122884407296 learner_active=0
[710201.712356] EXT4-fs (nvme0n1): unmounting filesystem 6c7b45c7-0583-4215-b3ae-c48430a6e541.
[710201.773825] pci_bus 0001:10: busn_res: [bus 10-ff] is released
[710201.773882] NVMeVirt: GC stats: ns=0 policy=cat-fig7-fixed host_pages=30001076 gc_pages=37886694 gc_count=1060746 WAF=2.262 warmup_gc=100-per-part
[710201.848410] NVMeVirt: Virtual NVMe device closed
