[1742983.304879] mix-mixQ-arm49-2338978 BEGIN
[1742983.392035] NVMeVirt: Version 1.10 for >> Samsung 970 Pro SSD <<
[1742983.392041] NVMeVirt: Storage: 0x100100000-0x300000000 (8191 MiB)
[1742983.402657] NVMeVirt: Total Capacity(GiB,MiB)=2,2048 chs=2 luns=4 lines=8192 blk-size(MiB,KiB)=0,64 line-size(MiB,KiB)=0,256
[1742983.414059] NVMeVirt: [chmodel_init] bandwidth 800 max_credits 26 tx_time 152
[1742983.424961] NVMeVirt: [chmodel_init] bandwidth 800 max_credits 26 tx_time 152
[1742983.424975] NVMeVirt: [chmodel_init] bandwidth 3360 max_credits 110 tx_time 36
[1742983.424977] NVMeVirt: Fixed CAT init ns=0 part=0 arm=49 k=10 scale_pct=50 age_ratio=7
[1742983.425972] NVMeVirt: pqueue: Copyright (c) 2014, Volkan Yazıcı <volkan.yazici@gmail.com>. All rights reserved.
[1742983.426007] NVMeVirt: Init FTL instance with 2 channels (524288 pages)
[1742983.426009] NVMeVirt: GC victim policy: cat-fig7-fixed ns=0 part=0 initial_k=10 initial_scale_pct=50 initial_age_ratio=7 warmup_gc=100
[1742983.436199] NVMeVirt: [chmodel_init] bandwidth 800 max_credits 26 tx_time 152
[1742983.446479] NVMeVirt: [chmodel_init] bandwidth 800 max_credits 26 tx_time 152
[1742983.446493] NVMeVirt: [chmodel_init] bandwidth 3360 max_credits 110 tx_time 36
[1742983.446496] NVMeVirt: Fixed CAT init ns=0 part=1 arm=49 k=10 scale_pct=50 age_ratio=7
[1742983.447409] NVMeVirt: Init FTL instance with 2 channels (524288 pages)
[1742983.447412] NVMeVirt: GC victim policy: cat-fig7-fixed ns=0 part=1 initial_k=10 initial_scale_pct=50 initial_age_ratio=7 warmup_gc=100
[1742983.457355] NVMeVirt: [chmodel_init] bandwidth 800 max_credits 26 tx_time 152
[1742983.467364] NVMeVirt: [chmodel_init] bandwidth 800 max_credits 26 tx_time 152
[1742983.467377] NVMeVirt: [chmodel_init] bandwidth 3360 max_credits 110 tx_time 36
[1742983.467379] NVMeVirt: Fixed CAT init ns=0 part=2 arm=49 k=10 scale_pct=50 age_ratio=7
[1742983.468367] NVMeVirt: Init FTL instance with 2 channels (524288 pages)
[1742983.468370] NVMeVirt: GC victim policy: cat-fig7-fixed ns=0 part=2 initial_k=10 initial_scale_pct=50 initial_age_ratio=7 warmup_gc=100
[1742983.478449] NVMeVirt: [chmodel_init] bandwidth 800 max_credits 26 tx_time 152
[1742983.488654] NVMeVirt: [chmodel_init] bandwidth 800 max_credits 26 tx_time 152
[1742983.488668] NVMeVirt: [chmodel_init] bandwidth 3360 max_credits 110 tx_time 36
[1742983.488670] NVMeVirt: Fixed CAT init ns=0 part=3 arm=49 k=10 scale_pct=50 age_ratio=7
[1742983.489607] NVMeVirt: Init FTL instance with 2 channels (524288 pages)
[1742983.489610] NVMeVirt: GC victim policy: cat-fig7-fixed ns=0 part=3 initial_k=10 initial_scale_pct=50 initial_age_ratio=7 warmup_gc=100
[1742983.489628] NVMeVirt: FTL physical space: 8588886016, logical space: 8026996276 (physical/logical * 100 = 107)
[1742983.489630] NVMeVirt: ns 0/1: size 7655 MiB
[1742983.489678] PCI host bridge to bus 0001:10
[1742983.489681] pci_bus 0001:10: root bus resource [io  0x0000-0xffff]
[1742983.489683] pci_bus 0001:10: root bus resource [mem 0x00000000-0x7fffffffff]
[1742983.489700] pci_bus 0001:10: root bus resource [bus 00-ff]
[1742983.489707] pci 0001:10:00.0: [0c51:0110] type 00 class 0x010802 PCIe Endpoint
[1742983.489711] pci 0001:10:00.0: BAR 0 [mem 0x100000000-0x100003fff 64bit]
[1742983.489713] pci 0001:10:00.0: enabling Extended Tags
[1742983.489841] NVMeVirt: Virtual PCI bus created (node 0)
[1742983.490153] NVMeVirt: nvmev_io_worker_0 started on cpu 2 (node 0)
[1742983.490320] NVMeVirt: nvmev_dispatcher started on cpu 1 (node 0)
[1742983.490334] NVMeVirt: Virtual NVMe device created
[1742983.490545] nvme nvme0: pci function 0001:10:00.0
[1742983.495308] nvme nvme0: 8/0/0 default/read/poll queues
[1742983.830396] EXT4-fs (nvme0n1): mounted filesystem 06bf1afe-159a-4fcf-a4dd-c84685334f05 r/w with ordered data mode. Quota mode: none.
[1743066.166720] NVMeVirt: Fixed CAT init ns=0 part=0 arm=49 k=10 scale_pct=50 age_ratio=7
[1743066.166725] NVMeVirt: Fixed CAT init ns=0 part=1 arm=49 k=10 scale_pct=50 age_ratio=7
[1743066.166727] NVMeVirt: Fixed CAT init ns=0 part=2 arm=49 k=10 scale_pct=50 age_ratio=7
[1743066.166729] NVMeVirt: Fixed CAT init ns=0 part=3 arm=49 k=10 scale_pct=50 age_ratio=7
[1743066.166730] NVMeVirt: Measurement: command=start epoch=1 host_bytes=0 learner_active=1
[1743066.174876] mix-mixQ-arm49-2338978 phase=A START
[1743293.270496] kauditd_printk_skb: 59 callbacks suppressed
[1743293.270499] audit: type=1400 audit(1790866806.108:849): apparmor="DENIED" operation="capable" class="cap" profile="/usr/sbin/cupsd" pid=2339692 comm="cupsd" capability=12  capname="net_admin"
[1743366.493820] mix-mixQ-arm49-2338978 phase=A END
[1743366.502694] mix-mixQ-arm49-2338978 phase=B START idle=300
[1743414.816517] audit: type=1107 audit(1790866927.654:850): pid=1434 uid=101 auid=4294967295 ses=4294967295 subj=unconfined msg='apparmor="DENIED" operation="dbus_signal"  bus="system" path="/com/redhat/PrinterSpooler" interface="com.redhat.PrinterSpooler" member="QueueChanged" mask="send" name="org.freedesktop.DBus" pid=2073 label="snap.cups.cupsd" peer_pid=4752 peer_label="unconfined"
                  exe="/usr/bin/dbus-daemon" sauid=101 hostname=? addr=? terminal=?'
[1743476.003487] audit: type=1107 audit(1790866988.840:851): pid=1434 uid=101 auid=4294967295 ses=4294967295 subj=unconfined msg='apparmor="DENIED" operation="dbus_signal"  bus="system" path="/com/redhat/PrinterSpooler" interface="com.redhat.PrinterSpooler" member="QueueChanged" mask="send" name="org.freedesktop.DBus" pid=2073 label="snap.cups.cupsd" peer_pid=4752 peer_label="unconfined"
[1743566.393520] audit: type=1107 audit(1790867079.229:852): pid=1434 uid=101 auid=4294967295 ses=4294967295 subj=unconfined msg='apparmor="DENIED" operation="dbus_signal"  bus="system" path="/com/redhat/PrinterSpooler" interface="com.redhat.PrinterSpooler" member="QueueChanged" mask="send" name="org.freedesktop.DBus" pid=2073 label="snap.cups.cupsd" peer_pid=4752 peer_label="unconfined"
[1743598.594715] audit: type=1107 audit(1790867111.429:853): pid=1434 uid=101 auid=4294967295 ses=4294967295 subj=unconfined msg='apparmor="DENIED" operation="dbus_signal"  bus="system" path="/com/redhat/PrinterSpooler" interface="com.redhat.PrinterSpooler" member="QueueChanged" mask="send" name="org.freedesktop.DBus" pid=2073 label="snap.cups.cupsd" peer_pid=4752 peer_label="unconfined"
[1743603.719239] audit: type=1107 audit(1790867116.554:854): pid=1434 uid=101 auid=4294967295 ses=4294967295 subj=unconfined msg='apparmor="DENIED" operation="dbus_signal"  bus="system" path="/com/redhat/PrinterSpooler" interface="com.redhat.PrinterSpooler" member="QueueChanged" mask="send" name="org.freedesktop.DBus" pid=2073 label="snap.cups.cupsd" peer_pid=4752 peer_label="unconfined"
[1743666.518599] mix-mixQ-arm49-2338978 phase=B END
[1743666.526071] mix-mixQ-arm49-2338978 phase=C START
[1743966.845552] mix-mixQ-arm49-2338978 phase=C END
[1743966.848767] NVMeVirt: Measurement: command=stop epoch=1 host_bytes=98306785280 learner_active=0
[1743966.923496] EXT4-fs (nvme0n1): unmounting filesystem 06bf1afe-159a-4fcf-a4dd-c84685334f05.
[1743966.986518] pci_bus 0001:10: busn_res: [bus 10-ff] is released
[1743966.986681] NVMeVirt: GC stats: ns=0 policy=cat-fig7-fixed host_pages=24000680 gc_pages=19044749 gc_count=672585 WAF=1.793 warmup_gc=100-per-part
[1743967.063599] NVMeVirt: Virtual NVMe device closed
