[1584668.346524] mix-t4-arm16-1833219 BEGIN
[1584668.558737] NVMeVirt: Version 1.10 for >> Samsung 970 Pro SSD <<
[1584668.558744] NVMeVirt: Storage: 0x100100000-0x300000000 (8191 MiB)
[1584668.569675] NVMeVirt: Total Capacity(GiB,MiB)=2,2048 chs=2 luns=4 lines=8192 blk-size(MiB,KiB)=0,64 line-size(MiB,KiB)=0,256
[1584668.582074] NVMeVirt: [chmodel_init] bandwidth 800 max_credits 26 tx_time 152
[1584668.594248] NVMeVirt: [chmodel_init] bandwidth 800 max_credits 26 tx_time 152
[1584668.594263] NVMeVirt: [chmodel_init] bandwidth 3360 max_credits 110 tx_time 36
[1584668.594265] NVMeVirt: Fixed CAT init ns=0 part=0 arm=16 k=4 scale_pct=25 age_ratio=7
[1584668.595435] NVMeVirt: pqueue: Copyright (c) 2014, Volkan Yazıcı <volkan.yazici@gmail.com>. All rights reserved.
[1584668.595487] NVMeVirt: Init FTL instance with 2 channels (524288 pages)
[1584668.595489] NVMeVirt: GC victim policy: cat-fig7-fixed ns=0 part=0 initial_k=4 initial_scale_pct=25 initial_age_ratio=7 warmup_gc=100
[1584668.606404] NVMeVirt: [chmodel_init] bandwidth 800 max_credits 26 tx_time 152
[1584668.617406] NVMeVirt: [chmodel_init] bandwidth 800 max_credits 26 tx_time 152
[1584668.617427] NVMeVirt: [chmodel_init] bandwidth 3360 max_credits 110 tx_time 36
[1584668.617430] NVMeVirt: Fixed CAT init ns=0 part=1 arm=16 k=4 scale_pct=25 age_ratio=7
[1584668.619054] NVMeVirt: Init FTL instance with 2 channels (524288 pages)
[1584668.619060] NVMeVirt: GC victim policy: cat-fig7-fixed ns=0 part=1 initial_k=4 initial_scale_pct=25 initial_age_ratio=7 warmup_gc=100
[1584668.630302] NVMeVirt: [chmodel_init] bandwidth 800 max_credits 26 tx_time 152
[1584668.640968] NVMeVirt: [chmodel_init] bandwidth 800 max_credits 26 tx_time 152
[1584668.640982] NVMeVirt: [chmodel_init] bandwidth 3360 max_credits 110 tx_time 36
[1584668.640984] NVMeVirt: Fixed CAT init ns=0 part=2 arm=16 k=4 scale_pct=25 age_ratio=7
[1584668.642241] NVMeVirt: Init FTL instance with 2 channels (524288 pages)
[1584668.642247] NVMeVirt: GC victim policy: cat-fig7-fixed ns=0 part=2 initial_k=4 initial_scale_pct=25 initial_age_ratio=7 warmup_gc=100
[1584668.653167] NVMeVirt: [chmodel_init] bandwidth 800 max_credits 26 tx_time 152
[1584668.664047] NVMeVirt: [chmodel_init] bandwidth 800 max_credits 26 tx_time 152
[1584668.664062] NVMeVirt: [chmodel_init] bandwidth 3360 max_credits 110 tx_time 36
[1584668.664064] NVMeVirt: Fixed CAT init ns=0 part=3 arm=16 k=4 scale_pct=25 age_ratio=7
[1584668.665289] NVMeVirt: Init FTL instance with 2 channels (524288 pages)
[1584668.665292] NVMeVirt: GC victim policy: cat-fig7-fixed ns=0 part=3 initial_k=4 initial_scale_pct=25 initial_age_ratio=7 warmup_gc=100
[1584668.665298] NVMeVirt: FTL physical space: 8588886016, logical space: 8026996276 (physical/logical * 100 = 107)
[1584668.665300] NVMeVirt: ns 0/1: size 7655 MiB
[1584668.665351] PCI host bridge to bus 0001:10
[1584668.665354] pci_bus 0001:10: root bus resource [io  0x0000-0xffff]
[1584668.665357] pci_bus 0001:10: root bus resource [mem 0x00000000-0x7fffffffff]
[1584668.665360] pci_bus 0001:10: root bus resource [bus 00-ff]
[1584668.665368] pci 0001:10:00.0: [0c51:0110] type 00 class 0x010802 PCIe Endpoint
[1584668.665373] pci 0001:10:00.0: BAR 0 [mem 0x100000000-0x100003fff 64bit]
[1584668.665377] pci 0001:10:00.0: enabling Extended Tags
[1584668.665527] NVMeVirt: Virtual PCI bus created (node 0)
[1584668.665791] NVMeVirt: nvmev_io_worker_0 started on cpu 2 (node 0)
[1584668.665931] NVMeVirt: Virtual NVMe device created
[1584668.665937] NVMeVirt: nvmev_dispatcher started on cpu 1 (node 0)
[1584668.666115] nvme nvme0: pci function 0001:10:00.0
[1584668.670265] nvme nvme0: 8/0/0 default/read/poll queues
[1584669.169215] EXT4-fs (nvme0n1): mounted filesystem ac87cc38-cfd1-4b8a-b25c-63c13aea4c6f r/w with ordered data mode. Quota mode: none.
[1584751.467269] NVMeVirt: Fixed CAT init ns=0 part=0 arm=16 k=4 scale_pct=25 age_ratio=7
[1584751.467274] NVMeVirt: Fixed CAT init ns=0 part=1 arm=16 k=4 scale_pct=25 age_ratio=7
[1584751.467276] NVMeVirt: Fixed CAT init ns=0 part=2 arm=16 k=4 scale_pct=25 age_ratio=7
[1584751.467278] NVMeVirt: Fixed CAT init ns=0 part=3 arm=16 k=4 scale_pct=25 age_ratio=7
[1584751.467279] NVMeVirt: Measurement: command=start epoch=1 host_bytes=0 learner_active=1
[1584751.475782] mix-t4-arm16-1833219 phase=A START
[1585351.804542] mix-t4-arm16-1833219 phase=A END
[1585351.901790] NVMeVirt: Measurement: command=stop epoch=1 host_bytes=98306695168 learner_active=0
[1585352.021099] EXT4-fs (nvme0n1): unmounting filesystem ac87cc38-cfd1-4b8a-b25c-63c13aea4c6f.
[1585352.088125] pci_bus 0001:10: busn_res: [bus 10-ff] is released
[1585352.088256] NVMeVirt: GC stats: ns=0 policy=cat-fig7-fixed host_pages=24000658 gc_pages=20001612 gc_count=687536 WAF=1.833 warmup_gc=100-per-part
[1585352.167028] NVMeVirt: Virtual NVMe device closed
