[1670896.666024] mix-mixD-arm45-2189898 BEGIN
[1670896.753125] NVMeVirt: Version 1.10 for >> Samsung 970 Pro SSD <<
[1670896.753132] NVMeVirt: Storage: 0x100100000-0x300000000 (8191 MiB)
[1670896.763891] NVMeVirt: Total Capacity(GiB,MiB)=2,2048 chs=2 luns=4 lines=8192 blk-size(MiB,KiB)=0,64 line-size(MiB,KiB)=0,256
[1670896.778352] NVMeVirt: [chmodel_init] bandwidth 800 max_credits 26 tx_time 152
[1670896.790747] NVMeVirt: [chmodel_init] bandwidth 800 max_credits 26 tx_time 152
[1670896.790762] NVMeVirt: [chmodel_init] bandwidth 3360 max_credits 110 tx_time 36
[1670896.790764] NVMeVirt: Fixed CAT init ns=0 part=0 arm=45 k=10 scale_pct=25 age_ratio=4
[1670896.791645] NVMeVirt: pqueue: Copyright (c) 2014, Volkan Yazıcı <volkan.yazici@gmail.com>. All rights reserved.
[1670896.791680] NVMeVirt: Init FTL instance with 2 channels (524288 pages)
[1670896.791682] NVMeVirt: GC victim policy: cat-fig7-fixed ns=0 part=0 initial_k=10 initial_scale_pct=25 initial_age_ratio=4 warmup_gc=100
[1670896.805458] NVMeVirt: [chmodel_init] bandwidth 800 max_credits 26 tx_time 152
[1670896.816203] NVMeVirt: [chmodel_init] bandwidth 800 max_credits 26 tx_time 152
[1670896.816217] NVMeVirt: [chmodel_init] bandwidth 3360 max_credits 110 tx_time 36
[1670896.816219] NVMeVirt: Fixed CAT init ns=0 part=1 arm=45 k=10 scale_pct=25 age_ratio=4
[1670896.817157] NVMeVirt: Init FTL instance with 2 channels (524288 pages)
[1670896.817159] NVMeVirt: GC victim policy: cat-fig7-fixed ns=0 part=1 initial_k=10 initial_scale_pct=25 initial_age_ratio=4 warmup_gc=100
[1670896.827752] NVMeVirt: [chmodel_init] bandwidth 800 max_credits 26 tx_time 152
[1670896.841391] NVMeVirt: [chmodel_init] bandwidth 800 max_credits 26 tx_time 152
[1670896.841405] NVMeVirt: [chmodel_init] bandwidth 3360 max_credits 110 tx_time 36
[1670896.841407] NVMeVirt: Fixed CAT init ns=0 part=2 arm=45 k=10 scale_pct=25 age_ratio=4
[1670896.842269] NVMeVirt: Init FTL instance with 2 channels (524288 pages)
[1670896.842272] NVMeVirt: GC victim policy: cat-fig7-fixed ns=0 part=2 initial_k=10 initial_scale_pct=25 initial_age_ratio=4 warmup_gc=100
[1670896.852914] NVMeVirt: [chmodel_init] bandwidth 800 max_credits 26 tx_time 152
[1670896.863547] NVMeVirt: [chmodel_init] bandwidth 800 max_credits 26 tx_time 152
[1670896.863576] NVMeVirt: [chmodel_init] bandwidth 3360 max_credits 110 tx_time 36
[1670896.863579] NVMeVirt: Fixed CAT init ns=0 part=3 arm=45 k=10 scale_pct=25 age_ratio=4
[1670896.866012] NVMeVirt: Init FTL instance with 2 channels (524288 pages)
[1670896.866021] NVMeVirt: GC victim policy: cat-fig7-fixed ns=0 part=3 initial_k=10 initial_scale_pct=25 initial_age_ratio=4 warmup_gc=100
[1670896.866034] NVMeVirt: FTL physical space: 8588886016, logical space: 8026996276 (physical/logical * 100 = 107)
[1670896.866036] NVMeVirt: ns 0/1: size 7655 MiB
[1670896.866136] PCI host bridge to bus 0001:10
[1670896.866139] pci_bus 0001:10: root bus resource [io  0x0000-0xffff]
[1670896.866145] pci_bus 0001:10: root bus resource [mem 0x00000000-0x7fffffffff]
[1670896.866162] pci_bus 0001:10: root bus resource [bus 00-ff]
[1670896.866175] pci 0001:10:00.0: [0c51:0110] type 00 class 0x010802 PCIe Endpoint
[1670896.866181] pci 0001:10:00.0: BAR 0 [mem 0x100000000-0x100003fff 64bit]
[1670896.866186] pci 0001:10:00.0: enabling Extended Tags
[1670896.866398] NVMeVirt: Virtual PCI bus created (node 0)
[1670896.866947] NVMeVirt: nvmev_io_worker_0 started on cpu 2 (node 0)
[1670896.867116] NVMeVirt: Virtual NVMe device created
[1670896.867358] NVMeVirt: nvmev_dispatcher started on cpu 1 (node 0)
[1670896.867376] nvme nvme0: pci function 0001:10:00.0
[1670896.870110] nvme nvme0: 8/0/0 default/read/poll queues
[1670897.266068] EXT4-fs (nvme0n1): mounted filesystem 983194fa-e1c2-4bc2-b77f-c1fc80f70edd r/w with ordered data mode. Quota mode: none.
[1670979.653099] NVMeVirt: Fixed CAT init ns=0 part=0 arm=45 k=10 scale_pct=25 age_ratio=4
[1670979.653106] NVMeVirt: Fixed CAT init ns=0 part=1 arm=45 k=10 scale_pct=25 age_ratio=4
[1670979.653108] NVMeVirt: Fixed CAT init ns=0 part=2 arm=45 k=10 scale_pct=25 age_ratio=4
[1670979.653109] NVMeVirt: Fixed CAT init ns=0 part=3 arm=45 k=10 scale_pct=25 age_ratio=4
[1670979.653111] NVMeVirt: Measurement: command=start epoch=1 host_bytes=0 learner_active=1
[1670979.662186] mix-mixD-arm45-2189898 phase=A START
[1671579.973316] mix-mixD-arm45-2189898 phase=A END
[1671579.981042] mix-mixD-arm45-2189898 phase=B START
[1672180.461484] mix-mixD-arm45-2189898 phase=B END
[1672180.464845] NVMeVirt: Measurement: command=stop epoch=1 host_bytes=122884431872 learner_active=0
[1672180.554880] EXT4-fs (nvme0n1): unmounting filesystem 983194fa-e1c2-4bc2-b77f-c1fc80f70edd.
[1672180.611933] pci_bus 0001:10: busn_res: [bus 10-ff] is released
[1672180.612195] NVMeVirt: GC stats: ns=0 policy=cat-fig7-fixed host_pages=30001082 gc_pages=24795260 gc_count=856193 WAF=1.826 warmup_gc=100-per-part
[1672180.694355] NVMeVirt: Virtual NVMe device closed
