[957084.882752] mix-mixM-fixed50-208870 BEGIN
[957084.894724] NVMeVirt: Version 1.10 for >> Samsung 970 Pro SSD <<
[957084.894729] NVMeVirt: Storage: 0x100100000-0x300000000 (8191 MiB)
[957084.905875] NVMeVirt: Total Capacity(GiB,MiB)=2,2048 chs=2 luns=4 lines=8192 blk-size(MiB,KiB)=0,64 line-size(MiB,KiB)=0,256
[957084.917754] NVMeVirt: [chmodel_init] bandwidth 800 max_credits 26 tx_time 152
[957084.928472] NVMeVirt: [chmodel_init] bandwidth 800 max_credits 26 tx_time 152
[957084.928487] NVMeVirt: [chmodel_init] bandwidth 3360 max_credits 110 tx_time 36
[957084.928489] NVMeVirt: Fixed CAT init ns=0 part=0 arm=50 k=10 scale_pct=50 age_ratio=16
[957084.929361] NVMeVirt: pqueue: Copyright (c) 2014, Volkan Yazıcı <volkan.yazici@gmail.com>. All rights reserved.
[957084.929398] NVMeVirt: Init FTL instance with 2 channels (524288 pages)
[957084.929400] NVMeVirt: GC victim policy: cat-fig7-fixed ns=0 part=0 initial_k=10 initial_scale_pct=50 initial_age_ratio=16 warmup_gc=100
[957084.939787] NVMeVirt: [chmodel_init] bandwidth 800 max_credits 26 tx_time 152
[957084.949998] NVMeVirt: [chmodel_init] bandwidth 800 max_credits 26 tx_time 152
[957084.950013] NVMeVirt: [chmodel_init] bandwidth 3360 max_credits 110 tx_time 36
[957084.950015] NVMeVirt: Fixed CAT init ns=0 part=1 arm=50 k=10 scale_pct=50 age_ratio=16
[957084.951159] NVMeVirt: Init FTL instance with 2 channels (524288 pages)
[957084.951163] NVMeVirt: GC victim policy: cat-fig7-fixed ns=0 part=1 initial_k=10 initial_scale_pct=50 initial_age_ratio=16 warmup_gc=100
[957084.961672] NVMeVirt: [chmodel_init] bandwidth 800 max_credits 26 tx_time 152
[957084.972035] NVMeVirt: [chmodel_init] bandwidth 800 max_credits 26 tx_time 152
[957084.972049] NVMeVirt: [chmodel_init] bandwidth 3360 max_credits 110 tx_time 36
[957084.972052] NVMeVirt: Fixed CAT init ns=0 part=2 arm=50 k=10 scale_pct=50 age_ratio=16
[957084.973072] NVMeVirt: Init FTL instance with 2 channels (524288 pages)
[957084.973075] NVMeVirt: GC victim policy: cat-fig7-fixed ns=0 part=2 initial_k=10 initial_scale_pct=50 initial_age_ratio=16 warmup_gc=100
[957084.983557] NVMeVirt: [chmodel_init] bandwidth 800 max_credits 26 tx_time 152
[957084.994176] NVMeVirt: [chmodel_init] bandwidth 800 max_credits 26 tx_time 152
[957084.994191] NVMeVirt: [chmodel_init] bandwidth 3360 max_credits 110 tx_time 36
[957084.994193] NVMeVirt: Fixed CAT init ns=0 part=3 arm=50 k=10 scale_pct=50 age_ratio=16
[957084.995117] NVMeVirt: Init FTL instance with 2 channels (524288 pages)
[957084.995121] NVMeVirt: GC victim policy: cat-fig7-fixed ns=0 part=3 initial_k=10 initial_scale_pct=50 initial_age_ratio=16 warmup_gc=100
[957084.995127] NVMeVirt: FTL physical space: 8588886016, logical space: 8026996276 (physical/logical * 100 = 107)
[957084.995129] NVMeVirt: ns 0/1: size 7655 MiB
[957084.995179] PCI host bridge to bus 0001:10
[957084.995182] pci_bus 0001:10: root bus resource [io  0x0000-0xffff]
[957084.995185] pci_bus 0001:10: root bus resource [mem 0x00000000-0x7fffffffff]
[957084.995187] pci_bus 0001:10: root bus resource [bus 00-ff]
[957084.995194] pci 0001:10:00.0: [0c51:0110] type 00 class 0x010802 PCIe Endpoint
[957084.995198] pci 0001:10:00.0: BAR 0 [mem 0x100000000-0x100003fff 64bit]
[957084.995201] pci 0001:10:00.0: enabling Extended Tags
[957084.995323] NVMeVirt: Virtual PCI bus created (node 0)
[957084.995610] NVMeVirt: nvmev_io_worker_0 started on cpu 2 (node 0)
[957084.995628] NVMeVirt: nvmev_dispatcher started on cpu 1 (node 0)
[957084.995670] NVMeVirt: Virtual NVMe device created
[957084.996544] nvme nvme0: pci function 0001:10:00.0
[957084.999045] nvme nvme0: 8/0/0 default/read/poll queues
[957085.070159] EXT4-fs (nvme0n1): mounted filesystem 7cc65bf1-c4e1-456b-80b6-80de69aa5431 r/w with ordered data mode. Quota mode: none.
[957167.086964] NVMeVirt: Fixed CAT init ns=0 part=0 arm=50 k=10 scale_pct=50 age_ratio=16
[957167.086970] NVMeVirt: Fixed CAT init ns=0 part=1 arm=50 k=10 scale_pct=50 age_ratio=16
[957167.086972] NVMeVirt: Fixed CAT init ns=0 part=2 arm=50 k=10 scale_pct=50 age_ratio=16
[957167.086973] NVMeVirt: Fixed CAT init ns=0 part=3 arm=50 k=10 scale_pct=50 age_ratio=16
[957167.086975] NVMeVirt: Measurement: command=start epoch=1 host_bytes=0 learner_active=1
[957167.095715] mix-mixM-fixed50-208870 phase=A START
[957167.103753] mix-mixM-fixed50-208870 phase=A step=1
[957287.404997] mix-mixM-fixed50-208870 phase=A step=2
[957407.710002] mix-mixM-fixed50-208870 phase=A step=3
[957528.005573] mix-mixM-fixed50-208870 phase=A step=4
[957648.304366] mix-mixM-fixed50-208870 phase=A step=5
[957768.608736] mix-mixM-fixed50-208870 phase=A END
[957768.615264] NVMeVirt: Measurement: command=stop epoch=1 host_bytes=73822351360 learner_active=0
[957768.685760] EXT4-fs (nvme0n1): unmounting filesystem 7cc65bf1-c4e1-456b-80b6-80de69aa5431.
[957768.746935] pci_bus 0001:10: busn_res: [bus 10-ff] is released
[957768.747109] NVMeVirt: GC stats: ns=0 policy=cat-fig7-fixed host_pages=18023035 gc_pages=13070989 gc_count=485844 WAF=1.725 warmup_gc=100-per-part
[957768.824374] NVMeVirt: Virtual NVMe device closed
