[978390.004411] mix-mixH-fixed50-314811 BEGIN
[978390.037659] NVMeVirt: Version 1.10 for >> Samsung 970 Pro SSD <<
[978390.037665] NVMeVirt: Storage: 0x100100000-0x300000000 (8191 MiB)
[978390.048725] NVMeVirt: Total Capacity(GiB,MiB)=2,2048 chs=2 luns=4 lines=8192 blk-size(MiB,KiB)=0,64 line-size(MiB,KiB)=0,256
[978390.060350] NVMeVirt: [chmodel_init] bandwidth 800 max_credits 26 tx_time 152
[978390.070907] NVMeVirt: [chmodel_init] bandwidth 800 max_credits 26 tx_time 152
[978390.070921] NVMeVirt: [chmodel_init] bandwidth 3360 max_credits 110 tx_time 36
[978390.070924] NVMeVirt: Fixed CAT init ns=0 part=0 arm=50 k=10 scale_pct=50 age_ratio=16
[978390.071892] NVMeVirt: pqueue: Copyright (c) 2014, Volkan Yazıcı <volkan.yazici@gmail.com>. All rights reserved.
[978390.071930] NVMeVirt: Init FTL instance with 2 channels (524288 pages)
[978390.071931] NVMeVirt: GC victim policy: cat-fig7-fixed ns=0 part=0 initial_k=10 initial_scale_pct=50 initial_age_ratio=16 warmup_gc=100
[978390.082039] NVMeVirt: [chmodel_init] bandwidth 800 max_credits 26 tx_time 152
[978390.092024] NVMeVirt: [chmodel_init] bandwidth 800 max_credits 26 tx_time 152
[978390.092038] NVMeVirt: [chmodel_init] bandwidth 3360 max_credits 110 tx_time 36
[978390.092040] NVMeVirt: Fixed CAT init ns=0 part=1 arm=50 k=10 scale_pct=50 age_ratio=16
[978390.093050] NVMeVirt: Init FTL instance with 2 channels (524288 pages)
[978390.093053] NVMeVirt: GC victim policy: cat-fig7-fixed ns=0 part=1 initial_k=10 initial_scale_pct=50 initial_age_ratio=16 warmup_gc=100
[978390.103122] NVMeVirt: [chmodel_init] bandwidth 800 max_credits 26 tx_time 152
[978390.112964] NVMeVirt: [chmodel_init] bandwidth 800 max_credits 26 tx_time 152
[978390.112978] NVMeVirt: [chmodel_init] bandwidth 3360 max_credits 110 tx_time 36
[978390.112980] NVMeVirt: Fixed CAT init ns=0 part=2 arm=50 k=10 scale_pct=50 age_ratio=16
[978390.113943] NVMeVirt: Init FTL instance with 2 channels (524288 pages)
[978390.113945] NVMeVirt: GC victim policy: cat-fig7-fixed ns=0 part=2 initial_k=10 initial_scale_pct=50 initial_age_ratio=16 warmup_gc=100
[978390.123962] NVMeVirt: [chmodel_init] bandwidth 800 max_credits 26 tx_time 152
[978390.133793] NVMeVirt: [chmodel_init] bandwidth 800 max_credits 26 tx_time 152
[978390.133806] NVMeVirt: [chmodel_init] bandwidth 3360 max_credits 110 tx_time 36
[978390.133808] NVMeVirt: Fixed CAT init ns=0 part=3 arm=50 k=10 scale_pct=50 age_ratio=16
[978390.134784] NVMeVirt: Init FTL instance with 2 channels (524288 pages)
[978390.134786] NVMeVirt: GC victim policy: cat-fig7-fixed ns=0 part=3 initial_k=10 initial_scale_pct=50 initial_age_ratio=16 warmup_gc=100
[978390.134793] NVMeVirt: FTL physical space: 8588886016, logical space: 8026996276 (physical/logical * 100 = 107)
[978390.134794] NVMeVirt: ns 0/1: size 7655 MiB
[978390.134845] PCI host bridge to bus 0001:10
[978390.134847] pci_bus 0001:10: root bus resource [io  0x0000-0xffff]
[978390.134850] pci_bus 0001:10: root bus resource [mem 0x00000000-0x7fffffffff]
[978390.134852] pci_bus 0001:10: root bus resource [bus 00-ff]
[978390.134873] pci 0001:10:00.0: [0c51:0110] type 00 class 0x010802 PCIe Endpoint
[978390.134878] pci 0001:10:00.0: BAR 0 [mem 0x100000000-0x100003fff 64bit]
[978390.134880] pci 0001:10:00.0: enabling Extended Tags
[978390.135002] NVMeVirt: Virtual PCI bus created (node 0)
[978390.135235] NVMeVirt: nvmev_io_worker_0 started on cpu 2 (node 0)
[978390.135315] NVMeVirt: Virtual NVMe device created
[978390.135425] NVMeVirt: nvmev_dispatcher started on cpu 1 (node 0)
[978390.135593] nvme nvme0: pci function 0001:10:00.0
[978390.138750] nvme nvme0: 8/0/0 default/read/poll queues
[978390.782590] EXT4-fs (nvme0n1): mounted filesystem b9c521f1-e9ee-49e6-9f4c-aaef29d644e8 r/w with ordered data mode. Quota mode: none.
[978472.853439] NVMeVirt: Fixed CAT init ns=0 part=0 arm=50 k=10 scale_pct=50 age_ratio=16
[978472.853444] NVMeVirt: Fixed CAT init ns=0 part=1 arm=50 k=10 scale_pct=50 age_ratio=16
[978472.853446] NVMeVirt: Fixed CAT init ns=0 part=2 arm=50 k=10 scale_pct=50 age_ratio=16
[978472.853448] NVMeVirt: Fixed CAT init ns=0 part=3 arm=50 k=10 scale_pct=50 age_ratio=16
[978472.853450] NVMeVirt: Measurement: command=start epoch=1 host_bytes=0 learner_active=1
[978472.861167] mix-mixH-fixed50-314811 phase=A START
[979073.195655] mix-mixH-fixed50-314811 phase=A END
[979073.202616] mix-mixH-fixed50-314811 phase=B START
[979673.530756] mix-mixH-fixed50-314811 phase=B END
[979673.538693] mix-mixH-fixed50-314811 phase=C START
[979673.549692] mix-mixH-fixed50-314811 phase=C LOAD
[979698.342047] mix-mixH-fixed50-314811 phase=C RUN
[979702.610517] tee (316053): drop_caches: 3
[979708.005328] tee (316062): drop_caches: 3
[979712.482015] tee (316075): drop_caches: 3
[979717.702524] tee (316079): drop_caches: 3
[979722.639402] tee (316089): drop_caches: 3
[979727.697142] tee (316093): drop_caches: 3
[979732.889583] tee (316099): drop_caches: 3
[979738.053196] tee (316105): drop_caches: 3
[979742.896361] tee (316116): drop_caches: 3
[979748.131783] tee (316128): drop_caches: 3
[979753.221220] tee (316132): drop_caches: 3
[979758.346236] tee (316137): drop_caches: 3
[979763.582643] tee (316141): drop_caches: 3
[979769.892061] tee (316159): drop_caches: 3
[979775.736847] tee (316185): drop_caches: 3
[979781.758152] tee (316209): drop_caches: 3
[979787.578691] tee (316225): drop_caches: 3
[979793.202606] tee (316229): drop_caches: 3
[979798.457790] tee (316235): drop_caches: 3
[979804.158854] tee (316244): drop_caches: 3
[979808.678286] tee (316253): drop_caches: 3
[979814.075009] tee (316257): drop_caches: 3
[979819.258156] tee (316261): drop_caches: 3
[979824.429527] tee (316266): drop_caches: 3
[979829.600106] tee (316270): drop_caches: 3
[979835.274934] tee (316279): drop_caches: 3
[979839.654983] tee (316288): drop_caches: 3
[979844.856152] tee (316292): drop_caches: 3
[979849.926237] tee (316296): drop_caches: 3
[979855.047022] tee (316301): drop_caches: 3
[979860.131775] tee (316307): drop_caches: 3
[979865.334743] tee (316316): drop_caches: 3
[979869.784917] tee (316323): drop_caches: 3
[979874.970030] tee (316327): drop_caches: 3
[979879.964590] tee (316331): drop_caches: 3
[979885.044194] tee (316335): drop_caches: 3
[979890.024667] tee (316339): drop_caches: 3
[979895.093738] tee (316350): drop_caches: 3
[979899.481925] tee (316357): drop_caches: 3
[979904.750426] tee (316368): drop_caches: 3
[979909.915483] tee (316373): drop_caches: 3
[979915.107104] tee (316377): drop_caches: 3
[979920.317785] tee (316381): drop_caches: 3
[979925.535774] tee (316390): drop_caches: 3
[979930.042730] tee (316403): drop_caches: 3
[979935.405462] tee (316408): drop_caches: 3
[979940.394245] tee (316412): drop_caches: 3
[979945.612933] tee (316416): drop_caches: 3
[979950.755609] tee (316420): drop_caches: 3
[979955.944361] tee (316429): drop_caches: 3
[979961.207779] tee (316441): drop_caches: 3
[979966.558391] tee (316447): drop_caches: 3
[979971.592637] tee (316451): drop_caches: 3
[979976.693708] tee (316457): drop_caches: 3
[979981.785718] tee (316463): drop_caches: 3
[979986.945149] tee (316472): drop_caches: 3
[979992.195244] tee (316478): drop_caches: 3
[979997.408547] tee (316483): drop_caches: 3
[980002.506959] tee (316487): drop_caches: 3
[980008.088486] tee (316493): drop_caches: 3
[980013.369102] tee (316501): drop_caches: 3
[980018.508325] tee (316510): drop_caches: 3
[980023.562821] tee (316523): drop_caches: 3
[980028.807928] tee (316528): drop_caches: 3
[980034.009859] tee (316532): drop_caches: 3
[980039.124404] tee (316536): drop_caches: 3
[980044.183993] tee (316540): drop_caches: 3
[980049.302629] tee (316549): drop_caches: 3
[980054.726198] tee (316562): drop_caches: 3
[980060.001655] tee (316567): drop_caches: 3
[980065.275154] tee (316571): drop_caches: 3
[980070.566295] tee (316575): drop_caches: 3
[980076.067502] tee (316584): drop_caches: 3
[980081.927737] tee (316616): drop_caches: 3
[980087.287443] tee (316631): drop_caches: 3
[980094.570424] tee (316669): drop_caches: 3
[980101.754970] tee (316702): drop_caches: 3
[980110.096236] tee (316750): drop_caches: 3
[980122.348281] tee (316814): drop_caches: 3
[980133.109335] tee (316850): drop_caches: 3
[980140.324522] tee (316868): drop_caches: 3
[980146.186589] tee (316875): drop_caches: 3
[980148.568017] mix-mixH-fixed50-314811 phase=C END
[980149.000501] NVMeVirt: Measurement: command=stop epoch=1 host_bytes=155782836224 learner_active=0
[980149.637728] EXT4-fs (nvme0n1): unmounting filesystem b9c521f1-e9ee-49e6-9f4c-aaef29d644e8.
[980150.150972] pci_bus 0001:10: busn_res: [bus 10-ff] is released
[980150.151017] NVMeVirt: GC stats: ns=0 policy=cat-fig7-fixed host_pages=38032919 gc_pages=28041656 gc_count=1032416 WAF=1.737 warmup_gc=100-per-part
[980150.224162] NVMeVirt: Virtual NVMe device closed
