[798116.227881] mix-mixQ-fixed50-4028653 BEGIN
[798116.239911] NVMeVirt: Version 1.10 for >> Samsung 970 Pro SSD <<
[798116.239918] NVMeVirt: Storage: 0x100100000-0x300000000 (8191 MiB)
[798116.251664] NVMeVirt: Total Capacity(GiB,MiB)=2,2048 chs=2 luns=4 lines=8192 blk-size(MiB,KiB)=0,64 line-size(MiB,KiB)=0,256
[798116.265154] NVMeVirt: [chmodel_init] bandwidth 800 max_credits 26 tx_time 152
[798116.276528] NVMeVirt: [chmodel_init] bandwidth 800 max_credits 26 tx_time 152
[798116.276547] NVMeVirt: [chmodel_init] bandwidth 3360 max_credits 110 tx_time 36
[798116.276549] NVMeVirt: Fixed CAT init ns=0 part=0 arm=50 k=10 scale_pct=50 age_ratio=16
[798116.277412] NVMeVirt: pqueue: Copyright (c) 2014, Volkan Yazıcı <volkan.yazici@gmail.com>. All rights reserved.
[798116.277449] NVMeVirt: Init FTL instance with 2 channels (524288 pages)
[798116.277451] NVMeVirt: GC victim policy: cat-fig7-fixed ns=0 part=0 initial_k=10 initial_scale_pct=50 initial_age_ratio=16 warmup_gc=100
[798116.291522] NVMeVirt: [chmodel_init] bandwidth 800 max_credits 26 tx_time 152
[798116.302225] NVMeVirt: [chmodel_init] bandwidth 800 max_credits 26 tx_time 152
[798116.302240] NVMeVirt: [chmodel_init] bandwidth 3360 max_credits 110 tx_time 36
[798116.302242] NVMeVirt: Fixed CAT init ns=0 part=1 arm=50 k=10 scale_pct=50 age_ratio=16
[798116.303187] NVMeVirt: Init FTL instance with 2 channels (524288 pages)
[798116.303190] NVMeVirt: GC victim policy: cat-fig7-fixed ns=0 part=1 initial_k=10 initial_scale_pct=50 initial_age_ratio=16 warmup_gc=100
[798116.314435] NVMeVirt: [chmodel_init] bandwidth 800 max_credits 26 tx_time 152
[798116.328630] NVMeVirt: [chmodel_init] bandwidth 800 max_credits 26 tx_time 152
[798116.328645] NVMeVirt: [chmodel_init] bandwidth 3360 max_credits 110 tx_time 36
[798116.328647] NVMeVirt: Fixed CAT init ns=0 part=2 arm=50 k=10 scale_pct=50 age_ratio=16
[798116.329572] NVMeVirt: Init FTL instance with 2 channels (524288 pages)
[798116.329576] NVMeVirt: GC victim policy: cat-fig7-fixed ns=0 part=2 initial_k=10 initial_scale_pct=50 initial_age_ratio=16 warmup_gc=100
[798116.340629] NVMeVirt: [chmodel_init] bandwidth 800 max_credits 26 tx_time 152
[798116.353482] NVMeVirt: [chmodel_init] bandwidth 800 max_credits 26 tx_time 152
[798116.353502] NVMeVirt: [chmodel_init] bandwidth 3360 max_credits 110 tx_time 36
[798116.353504] NVMeVirt: Fixed CAT init ns=0 part=3 arm=50 k=10 scale_pct=50 age_ratio=16
[798116.354993] NVMeVirt: Init FTL instance with 2 channels (524288 pages)
[798116.354997] NVMeVirt: GC victim policy: cat-fig7-fixed ns=0 part=3 initial_k=10 initial_scale_pct=50 initial_age_ratio=16 warmup_gc=100
[798116.355006] NVMeVirt: FTL physical space: 8588886016, logical space: 8026996276 (physical/logical * 100 = 107)
[798116.355008] NVMeVirt: ns 0/1: size 7655 MiB
[798116.355070] PCI host bridge to bus 0001:10
[798116.355073] pci_bus 0001:10: root bus resource [io  0x0000-0xffff]
[798116.355091] pci_bus 0001:10: root bus resource [mem 0x00000000-0x7fffffffff]
[798116.355094] pci_bus 0001:10: root bus resource [bus 00-ff]
[798116.355103] pci 0001:10:00.0: [0c51:0110] type 00 class 0x010802 PCIe Endpoint
[798116.355108] pci 0001:10:00.0: BAR 0 [mem 0x100000000-0x100003fff 64bit]
[798116.355111] pci 0001:10:00.0: enabling Extended Tags
[798116.355260] NVMeVirt: Virtual PCI bus created (node 0)
[798116.355595] NVMeVirt: nvmev_dispatcher started on cpu 1 (node 0)
[798116.355641] NVMeVirt: Virtual NVMe device created
[798116.355814] nvme nvme0: pci function 0001:10:00.0
[798116.356703] NVMeVirt: nvmev_io_worker_0 started on cpu 2 (node 0)
[798116.358073] nvme nvme0: 8/0/0 default/read/poll queues
[798116.435071] EXT4-fs (nvme0n1): mounted filesystem 780f5617-9175-4f2a-b1fa-22d35b2da1ff r/w with ordered data mode. Quota mode: none.
[798198.464549] NVMeVirt: Fixed CAT init ns=0 part=0 arm=50 k=10 scale_pct=50 age_ratio=16
[798198.464555] NVMeVirt: Fixed CAT init ns=0 part=1 arm=50 k=10 scale_pct=50 age_ratio=16
[798198.464557] NVMeVirt: Fixed CAT init ns=0 part=2 arm=50 k=10 scale_pct=50 age_ratio=16
[798198.464559] NVMeVirt: Fixed CAT init ns=0 part=3 arm=50 k=10 scale_pct=50 age_ratio=16
[798198.464560] NVMeVirt: Measurement: command=start epoch=1 host_bytes=0 learner_active=1
[798198.472467] mix-mixQ-fixed50-4028653 phase=A START
[798498.790974] mix-mixQ-fixed50-4028653 phase=A END
[798498.798946] mix-mixQ-fixed50-4028653 phase=B START idle=300
[798798.814691] mix-mixQ-fixed50-4028653 phase=B END
[798798.821899] mix-mixQ-fixed50-4028653 phase=C START
[799099.135512] mix-mixQ-fixed50-4028653 phase=C END
[799099.139230] NVMeVirt: Measurement: command=stop epoch=1 host_bytes=98306723840 learner_active=0
[799099.206751] EXT4-fs (nvme0n1): unmounting filesystem 780f5617-9175-4f2a-b1fa-22d35b2da1ff.
[799099.286975] pci_bus 0001:10: busn_res: [bus 10-ff] is released
[799099.287036] NVMeVirt: GC stats: ns=0 policy=cat-fig7-fixed host_pages=24000665 gc_pages=18771039 gc_count=668308 WAF=1.782 warmup_gc=100-per-part
[799099.368853] NVMeVirt: Virtual NVMe device closed
