[246141.810122] NVMeVirt: Version 1.10 for >> Samsung 970 Pro SSD <<
[246141.810131] NVMeVirt: Storage: 0x100100000-0x300000000 (8191 MiB)
[246141.818022] NVMeVirt: Total Capacity(GiB,MiB)=2,2048 chs=2 luns=4 lines=8192 blk-size(MiB,KiB)=0,64 line-size(MiB,KiB)=0,256
[246141.833650] NVMeVirt: [chmodel_init] bandwidth 800 max_credits 26 tx_time 152
[246141.841186] NVMeVirt: [chmodel_init] bandwidth 800 max_credits 26 tx_time 152
[246141.841202] NVMeVirt: [chmodel_init] bandwidth 3360 max_credits 110 tx_time 36
[246141.842447] NVMeVirt: pqueue: Copyright (c) 2014, Volkan Yazıcı <volkan.yazici@gmail.com>. All rights reserved.
[246141.842484] NVMeVirt: Init FTL instance with 2 channels (524288 pages)
[246141.842485] NVMeVirt: GC victim policy: cat-fig7 scale_pct=100 age_ratio=4
[246141.849069] NVMeVirt: [chmodel_init] bandwidth 800 max_credits 26 tx_time 152
[246141.855553] NVMeVirt: [chmodel_init] bandwidth 800 max_credits 26 tx_time 152
[246141.855569] NVMeVirt: [chmodel_init] bandwidth 3360 max_credits 110 tx_time 36
[246141.857007] NVMeVirt: Init FTL instance with 2 channels (524288 pages)
[246141.857008] NVMeVirt: GC victim policy: cat-fig7 scale_pct=100 age_ratio=4
[246141.863408] NVMeVirt: [chmodel_init] bandwidth 800 max_credits 26 tx_time 152
[246141.869843] NVMeVirt: [chmodel_init] bandwidth 800 max_credits 26 tx_time 152
[246141.869857] NVMeVirt: [chmodel_init] bandwidth 3360 max_credits 110 tx_time 36
[246141.871096] NVMeVirt: Init FTL instance with 2 channels (524288 pages)
[246141.871097] NVMeVirt: GC victim policy: cat-fig7 scale_pct=100 age_ratio=4
[246141.877552] NVMeVirt: [chmodel_init] bandwidth 800 max_credits 26 tx_time 152
[246141.884015] NVMeVirt: [chmodel_init] bandwidth 800 max_credits 26 tx_time 152
[246141.884030] NVMeVirt: [chmodel_init] bandwidth 3360 max_credits 110 tx_time 36
[246141.885278] NVMeVirt: Init FTL instance with 2 channels (524288 pages)
[246141.885279] NVMeVirt: GC victim policy: cat-fig7 scale_pct=100 age_ratio=4
[246141.885283] NVMeVirt: FTL physical space: 8588886016, logical space: 8026996276 (physical/logical * 100 = 107)
[246141.885284] NVMeVirt: ns 0/1: size 7655 MiB
[246141.885325] PCI host bridge to bus 0001:10
[246141.885327] pci_bus 0001:10: root bus resource [io  0x0000-0xffff]
[246141.885329] pci_bus 0001:10: root bus resource [mem 0x00000000-0x3fffffffffff]
[246141.885331] pci_bus 0001:10: root bus resource [bus 00-ff]
[246141.885337] pci 0001:10:00.0: [0c51:0110] type 00 class 0x010802 PCIe Endpoint
[246141.885339] pci 0001:10:00.0: BAR 0 [mem 0x100000000-0x100003fff 64bit]
[246141.885341] pci 0001:10:00.0: enabling Extended Tags
[246141.885448] NVMeVirt: Virtual PCI bus created (node 0)
[246141.886002] NVMeVirt: nvmev_io_worker_0 started on cpu 2 (node 0)
[246141.886040] NVMeVirt: nvmev_dispatcher started on cpu 1 (node 0)
[246141.887838] nvme nvme1: pci function 0001:10:00.0
[246141.891832] nvme nvme1: 20/0/0 default/read/poll queues
[246141.895069] NVMeVirt: Virtual NVMe device created
[246142.949954] EXT4-fs (nvme1n1): mounted filesystem e83263f2-f557-45b9-8afb-9bc130278f8e r/w with ordered data mode. Quota mode: none.
[246746.311612] EXT4-fs (nvme1n1): unmounting filesystem e83263f2-f557-45b9-8afb-9bc130278f8e.
[246746.381766] pci_bus 0001:10: busn_res: [bus 10-ff] is released
[246746.381818] NVMeVirt: GC stats: policy=cat-fig7 host_pages=5526037 gc_pages=4569878 gc_count=157740 WAF=1.826 scale_pct=100 age_ratio=4
[246746.451890] NVMeVirt: Virtual NVMe device closed
