[63119.014164] NVMeVirt: Version 1.10 for >> Samsung 970 Pro SSD <<
[63119.014170] NVMeVirt: Storage: 0x100100000-0x300000000 (8191 MiB)
[63119.025379] NVMeVirt: Total Capacity(GiB,MiB)=2,2048 chs=2 luns=4 lines=8192 blk-size(MiB,KiB)=0,64 line-size(MiB,KiB)=0,256
[63119.039330] NVMeVirt: [chmodel_init] bandwidth 800 max_credits 26 tx_time 152
[63119.050007] NVMeVirt: [chmodel_init] bandwidth 800 max_credits 26 tx_time 152
[63119.050022] NVMeVirt: [chmodel_init] bandwidth 3360 max_credits 110 tx_time 36
[63119.050903] NVMeVirt: pqueue: Copyright (c) 2014, Volkan Yazıcı <volkan.yazici@gmail.com>. All rights reserved.
[63119.050968] NVMeVirt: Init FTL instance with 2 channels (524288 pages)
[63119.050970] NVMeVirt: GC victim policy: cat-fig7 scale_pct=100 age_ratio=7
[63119.063924] NVMeVirt: [chmodel_init] bandwidth 800 max_credits 26 tx_time 152
[63119.076265] NVMeVirt: [chmodel_init] bandwidth 800 max_credits 26 tx_time 152
[63119.076279] NVMeVirt: [chmodel_init] bandwidth 3360 max_credits 110 tx_time 36
[63119.077256] NVMeVirt: Init FTL instance with 2 channels (524288 pages)
[63119.077259] NVMeVirt: GC victim policy: cat-fig7 scale_pct=100 age_ratio=7
[63119.087063] NVMeVirt: [chmodel_init] bandwidth 800 max_credits 26 tx_time 152
[63119.098625] NVMeVirt: [chmodel_init] bandwidth 800 max_credits 26 tx_time 152
[63119.098644] NVMeVirt: [chmodel_init] bandwidth 3360 max_credits 110 tx_time 36
[63119.099899] NVMeVirt: Init FTL instance with 2 channels (524288 pages)
[63119.099904] NVMeVirt: GC victim policy: cat-fig7 scale_pct=100 age_ratio=7
[63119.111177] NVMeVirt: [chmodel_init] bandwidth 800 max_credits 26 tx_time 152
[63119.120791] NVMeVirt: [chmodel_init] bandwidth 800 max_credits 26 tx_time 152
[63119.120807] NVMeVirt: [chmodel_init] bandwidth 3360 max_credits 110 tx_time 36
[63119.121615] NVMeVirt: Init FTL instance with 2 channels (524288 pages)
[63119.121619] NVMeVirt: GC victim policy: cat-fig7 scale_pct=100 age_ratio=7
[63119.121624] NVMeVirt: FTL physical space: 8588886016, logical space: 8026996276 (physical/logical * 100 = 107)
[63119.121626] NVMeVirt: ns 0/1: size 7655 MiB
[63119.121701] PCI host bridge to bus 0001:10
[63119.121704] pci_bus 0001:10: root bus resource [io  0x0000-0xffff]
[63119.121730] pci_bus 0001:10: root bus resource [mem 0x00000000-0x7fffffffff]
[63119.121732] pci_bus 0001:10: root bus resource [bus 00-ff]
[63119.121744] pci 0001:10:00.0: [0c51:0110] type 00 class 0x010802 PCIe Endpoint
[63119.121749] pci 0001:10:00.0: BAR 0 [mem 0x100000000-0x100003fff 64bit]
[63119.121752] pci 0001:10:00.0: enabling Extended Tags
[63119.121916] NVMeVirt: Virtual PCI bus created (node 0)
[63119.122185] NVMeVirt: nvmev_io_worker_0 started on cpu 2 (node 0)
[63119.122313] NVMeVirt: Virtual NVMe device created
[63119.122332] NVMeVirt: nvmev_dispatcher started on cpu 1 (node 0)
[63119.122527] nvme nvme0: pci function 0001:10:00.0
[63119.124579] nvme nvme0: 8/0/0 default/read/poll queues
[63119.205179] EXT4-fs (nvme0n1): mounted filesystem 9673a04b-f5be-4d2d-9f98-7a5857e44e9c r/w with ordered data mode. Quota mode: none.
[63214.585121] NVMeVirt: GC window: seq=0 host_pages=262144 gc_pages=0 WAF=1.000 cum_host=262144 cum_gc=0
[63247.350793] NVMeVirt: GC window: seq=1 host_pages=262144 gc_pages=0 WAF=1.000 cum_host=524288 cum_gc=0
[63280.116090] NVMeVirt: GC window: seq=2 host_pages=262144 gc_pages=0 WAF=1.000 cum_host=786432 cum_gc=0
[63312.881424] NVMeVirt: GC window: seq=3 host_pages=262144 gc_pages=0 WAF=1.000 cum_host=1048576 cum_gc=0
[63345.647046] NVMeVirt: GC window: seq=4 host_pages=262144 gc_pages=0 WAF=1.000 cum_host=1310720 cum_gc=0
[63378.412337] NVMeVirt: GC window: seq=5 host_pages=262144 gc_pages=0 WAF=1.000 cum_host=1572864 cum_gc=0
[63411.178013] NVMeVirt: GC window: seq=6 host_pages=262144 gc_pages=0 WAF=1.000 cum_host=1835008 cum_gc=0
[63431.425899] audit: type=1107 audit(1788505941.923:333): pid=1429 uid=101 auid=4294967295 ses=4294967295 subj=unconfined msg='apparmor="DENIED" operation="dbus_signal"  bus="system" path="/com/redhat/PrinterSpooler" interface="com.redhat.PrinterSpooler" member="QueueChanged" mask="send" name="org.freedesktop.DBus" pid=2071 label="snap.cups.cupsd" peer_pid=21522 peer_label="unconfined"
                exe="/usr/bin/dbus-daemon" sauid=101 hostname=? addr=? terminal=?'
[63431.435565] audit: type=1107 audit(1788505941.933:334): pid=1429 uid=101 auid=4294967295 ses=4294967295 subj=unconfined msg='apparmor="DENIED" operation="dbus_signal"  bus="system" path="/com/redhat/PrinterSpooler" interface="com.redhat.PrinterSpooler" member="QueueChanged" mask="send" name="org.freedesktop.DBus" pid=2071 label="snap.cups.cupsd" peer_pid=21522 peer_label="unconfined"
                exe="/usr/bin/dbus-daemon" sauid=101 hostname=? addr=? terminal=?'
[63431.838886] audit: type=1107 audit(1788505942.336:335): pid=1429 uid=101 auid=4294967295 ses=4294967295 subj=unconfined msg='apparmor="DENIED" operation="dbus_signal"  bus="system" path="/com/redhat/PrinterSpooler" interface="com.redhat.PrinterSpooler" member="QueueChanged" mask="send" name="org.freedesktop.DBus" pid=2071 label="snap.cups.cupsd" peer_pid=21522 peer_label="unconfined"
                exe="/usr/bin/dbus-daemon" sauid=101 hostname=? addr=? terminal=?'
[63443.943299] NVMeVirt: GC window: seq=7 host_pages=262144 gc_pages=0 WAF=1.000 cum_host=2097152 cum_gc=0
[63476.708969] NVMeVirt: GC window: seq=8 host_pages=262144 gc_pages=0 WAF=1.000 cum_host=2359296 cum_gc=0
[63509.474259] NVMeVirt: GC window: seq=9 host_pages=262144 gc_pages=0 WAF=1.000 cum_host=2621440 cum_gc=0
[63522.368634] audit: type=1107 audit(1788506032.865:336): pid=1429 uid=101 auid=4294967295 ses=4294967295 subj=unconfined msg='apparmor="DENIED" operation="dbus_signal"  bus="system" path="/com/redhat/PrinterSpooler" interface="com.redhat.PrinterSpooler" member="QueueChanged" mask="send" name="org.freedesktop.DBus" pid=2071 label="snap.cups.cupsd" peer_pid=21522 peer_label="unconfined"
                exe="/usr/bin/dbus-daemon" sauid=101 hostname=? addr=? terminal=?'
[63522.494756] audit: type=1107 audit(1788506032.991:337): pid=1429 uid=101 auid=4294967295 ses=4294967295 subj=unconfined msg='apparmor="DENIED" operation="dbus_signal"  bus="system" path="/com/redhat/PrinterSpooler" interface="com.redhat.PrinterSpooler" member="QueueChanged" mask="send" name="org.freedesktop.DBus" pid=2071 label="snap.cups.cupsd" peer_pid=21522 peer_label="unconfined"
                exe="/usr/bin/dbus-daemon" sauid=101 hostname=? addr=? terminal=?'
[63522.608106] audit: type=1107 audit(1788506033.105:338): pid=1429 uid=101 auid=4294967295 ses=4294967295 subj=unconfined msg='apparmor="DENIED" operation="dbus_signal"  bus="system" path="/com/redhat/PrinterSpooler" interface="com.redhat.PrinterSpooler" member="QueueChanged" mask="send" name="org.freedesktop.DBus" pid=2071 label="snap.cups.cupsd" peer_pid=21522 peer_label="unconfined"
                exe="/usr/bin/dbus-daemon" sauid=101 hostname=? addr=? terminal=?'
[63523.784868] audit: type=1107 audit(1788506034.281:339): pid=1429 uid=101 auid=4294967295 ses=4294967295 subj=unconfined msg='apparmor="DENIED" operation="dbus_signal"  bus="system" path="/com/redhat/PrinterSpooler" interface="com.redhat.PrinterSpooler" member="QueueChanged" mask="send" name="org.freedesktop.DBus" pid=2071 label="snap.cups.cupsd" peer_pid=21522 peer_label="unconfined"
                exe="/usr/bin/dbus-daemon" sauid=101 hostname=? addr=? terminal=?'
[63529.006315] audit: type=1107 audit(1788506039.503:340): pid=1429 uid=101 auid=4294967295 ses=4294967295 subj=unconfined msg='apparmor="DENIED" operation="dbus_signal"  bus="system" path="/com/redhat/PrinterSpooler" interface="com.redhat.PrinterSpooler" member="QueueChanged" mask="send" name="org.freedesktop.DBus" pid=2071 label="snap.cups.cupsd" peer_pid=21522 peer_label="unconfined"
                exe="/usr/bin/dbus-daemon" sauid=101 hostname=? addr=? terminal=?'
[63542.239939] NVMeVirt: GC window: seq=10 host_pages=262144 gc_pages=0 WAF=1.000 cum_host=2883584 cum_gc=0
[63575.005225] NVMeVirt: GC window: seq=11 host_pages=262144 gc_pages=0 WAF=1.000 cum_host=3145728 cum_gc=0
[63607.770516] NVMeVirt: GC window: seq=12 host_pages=262144 gc_pages=0 WAF=1.000 cum_host=3407872 cum_gc=0
[63640.536188] NVMeVirt: GC window: seq=13 host_pages=262144 gc_pages=0 WAF=1.000 cum_host=3670016 cum_gc=0
[63673.301478] NVMeVirt: GC window: seq=14 host_pages=262144 gc_pages=0 WAF=1.000 cum_host=3932160 cum_gc=0
[63706.067152] NVMeVirt: GC window: seq=15 host_pages=262144 gc_pages=0 WAF=1.000 cum_host=4194304 cum_gc=0
[63709.111014] audit: type=1107 audit(1788506219.606:341): pid=1429 uid=101 auid=4294967295 ses=4294967295 subj=unconfined msg='apparmor="DENIED" operation="dbus_signal"  bus="system" path="/com/redhat/PrinterSpooler" interface="com.redhat.PrinterSpooler" member="QueueChanged" mask="send" name="org.freedesktop.DBus" pid=2071 label="snap.cups.cupsd" peer_pid=21522 peer_label="unconfined"
                exe="/usr/bin/dbus-daemon" sauid=101 hostname=? addr=? terminal=?'
[63709.118527] audit: type=1107 audit(1788506219.613:342): pid=1429 uid=101 auid=4294967295 ses=4294967295 subj=unconfined msg='apparmor="DENIED" operation="dbus_signal"  bus="system" path="/com/redhat/PrinterSpooler" interface="com.redhat.PrinterSpooler" member="QueueChanged" mask="send" name="org.freedesktop.DBus" pid=2071 label="snap.cups.cupsd" peer_pid=21522 peer_label="unconfined"
                exe="/usr/bin/dbus-daemon" sauid=101 hostname=? addr=? terminal=?'
[63709.244274] audit: type=1107 audit(1788506219.739:343): pid=1429 uid=101 auid=4294967295 ses=4294967295 subj=unconfined msg='apparmor="DENIED" operation="dbus_signal"  bus="system" path="/com/redhat/PrinterSpooler" interface="com.redhat.PrinterSpooler" member="QueueChanged" mask="send" name="org.freedesktop.DBus" pid=2071 label="snap.cups.cupsd" peer_pid=21522 peer_label="unconfined"
                exe="/usr/bin/dbus-daemon" sauid=101 hostname=? addr=? terminal=?'
[63735.868338] NVMeVirt: GC window: seq=16 host_pages=262144 gc_pages=0 WAF=1.000 cum_host=4456448 cum_gc=0
[63762.081159] NVMeVirt: GC window: seq=17 host_pages=262144 gc_pages=0 WAF=1.000 cum_host=4718592 cum_gc=0
[63788.293706] NVMeVirt: GC window: seq=18 host_pages=262144 gc_pages=0 WAF=1.000 cum_host=4980736 cum_gc=0
[63799.765710] audit: type=1107 audit(1788506310.259:344): pid=1429 uid=101 auid=4294967295 ses=4294967295 subj=unconfined msg='apparmor="DENIED" operation="dbus_signal"  bus="system" path="/com/redhat/PrinterSpooler" interface="com.redhat.PrinterSpooler" member="QueueChanged" mask="send" name="org.freedesktop.DBus" pid=2071 label="snap.cups.cupsd" peer_pid=21522 peer_label="unconfined"
                exe="/usr/bin/dbus-daemon" sauid=101 hostname=? addr=? terminal=?'
[63799.901402] audit: type=1107 audit(1788506310.395:345): pid=1429 uid=101 auid=4294967295 ses=4294967295 subj=unconfined msg='apparmor="DENIED" operation="dbus_signal"  bus="system" path="/com/redhat/PrinterSpooler" interface="com.redhat.PrinterSpooler" member="QueueChanged" mask="send" name="org.freedesktop.DBus" pid=2071 label="snap.cups.cupsd" peer_pid=21522 peer_label="unconfined"
                exe="/usr/bin/dbus-daemon" sauid=101 hostname=? addr=? terminal=?'
[63800.027905] audit: type=1107 audit(1788506310.521:346): pid=1429 uid=101 auid=4294967295 ses=4294967295 subj=unconfined msg='apparmor="DENIED" operation="dbus_signal"  bus="system" path="/com/redhat/PrinterSpooler" interface="com.redhat.PrinterSpooler" member="QueueChanged" mask="send" name="org.freedesktop.DBus" pid=2071 label="snap.cups.cupsd" peer_pid=21522 peer_label="unconfined"
                exe="/usr/bin/dbus-daemon" sauid=101 hostname=? addr=? terminal=?'
[63800.169581] audit: type=1107 audit(1788506310.663:347): pid=1429 uid=101 auid=4294967295 ses=4294967295 subj=unconfined msg='apparmor="DENIED" operation="dbus_signal"  bus="system" path="/com/redhat/PrinterSpooler" interface="com.redhat.PrinterSpooler" member="QueueChanged" mask="send" name="org.freedesktop.DBus" pid=2071 label="snap.cups.cupsd" peer_pid=21522 peer_label="unconfined"
                exe="/usr/bin/dbus-daemon" sauid=101 hostname=? addr=? terminal=?'
[63805.400670] audit: type=1107 audit(1788506315.894:348): pid=1429 uid=101 auid=4294967295 ses=4294967295 subj=unconfined msg='apparmor="DENIED" operation="dbus_signal"  bus="system" path="/com/redhat/PrinterSpooler" interface="com.redhat.PrinterSpooler" member="QueueChanged" mask="send" name="org.freedesktop.DBus" pid=2071 label="snap.cups.cupsd" peer_pid=21522 peer_label="unconfined"
                exe="/usr/bin/dbus-daemon" sauid=101 hostname=? addr=? terminal=?'
[63814.506515] NVMeVirt: GC window: seq=19 host_pages=262144 gc_pages=40199 WAF=1.153 cum_host=5242880 cum_gc=40199
[63837.072559] audit: type=1107 audit(1788506347.566:349): pid=1429 uid=101 auid=4294967295 ses=4294967295 subj=unconfined msg='apparmor="DENIED" operation="dbus_signal"  bus="system" path="/com/redhat/PrinterSpooler" interface="com.redhat.PrinterSpooler" member="QueueChanged" mask="send" name="org.freedesktop.DBus" pid=2071 label="snap.cups.cupsd" peer_pid=21522 peer_label="unconfined"
                exe="/usr/bin/dbus-daemon" sauid=101 hostname=? addr=? terminal=?'
[63837.082312] audit: type=1107 audit(1788506347.575:350): pid=1429 uid=101 auid=4294967295 ses=4294967295 subj=unconfined msg='apparmor="DENIED" operation="dbus_signal"  bus="system" path="/com/redhat/PrinterSpooler" interface="com.redhat.PrinterSpooler" member="QueueChanged" mask="send" name="org.freedesktop.DBus" pid=2071 label="snap.cups.cupsd" peer_pid=21522 peer_label="unconfined"
                exe="/usr/bin/dbus-daemon" sauid=101 hostname=? addr=? terminal=?'
[63837.208091] audit: type=1107 audit(1788506347.701:351): pid=1429 uid=101 auid=4294967295 ses=4294967295 subj=unconfined msg='apparmor="DENIED" operation="dbus_signal"  bus="system" path="/com/redhat/PrinterSpooler" interface="com.redhat.PrinterSpooler" member="QueueChanged" mask="send" name="org.freedesktop.DBus" pid=2071 label="snap.cups.cupsd" peer_pid=21522 peer_label="unconfined"
                exe="/usr/bin/dbus-daemon" sauid=101 hostname=? addr=? terminal=?'
[63840.719329] NVMeVirt: GC window: seq=20 host_pages=262144 gc_pages=66989 WAF=1.255 cum_host=5505024 cum_gc=107188
[63866.932174] NVMeVirt: GC window: seq=21 host_pages=262144 gc_pages=72455 WAF=1.276 cum_host=5767168 cum_gc=179643
[63893.144703] NVMeVirt: GC window: seq=22 host_pages=262144 gc_pages=99896 WAF=1.381 cum_host=6029312 cum_gc=279539
[63919.357509] NVMeVirt: GC window: seq=23 host_pages=262144 gc_pages=200117 WAF=1.763 cum_host=6291456 cum_gc=479656
[63927.736001] audit: type=1107 audit(1788506438.228:352): pid=1429 uid=101 auid=4294967295 ses=4294967295 subj=unconfined msg='apparmor="DENIED" operation="dbus_signal"  bus="system" path="/com/redhat/PrinterSpooler" interface="com.redhat.PrinterSpooler" member="QueueChanged" mask="send" name="org.freedesktop.DBus" pid=2071 label="snap.cups.cupsd" peer_pid=21522 peer_label="unconfined"
                exe="/usr/bin/dbus-daemon" sauid=101 hostname=? addr=? terminal=?'
[63927.957847] audit: type=1107 audit(1788506438.450:353): pid=1429 uid=101 auid=4294967295 ses=4294967295 subj=unconfined msg='apparmor="DENIED" operation="dbus_signal"  bus="system" path="/com/redhat/PrinterSpooler" interface="com.redhat.PrinterSpooler" member="QueueChanged" mask="send" name="org.freedesktop.DBus" pid=2071 label="snap.cups.cupsd" peer_pid=21522 peer_label="unconfined"
                exe="/usr/bin/dbus-daemon" sauid=101 hostname=? addr=? terminal=?'
[63928.133767] audit: type=1107 audit(1788506438.626:354): pid=1429 uid=101 auid=4294967295 ses=4294967295 subj=unconfined msg='apparmor="DENIED" operation="dbus_signal"  bus="system" path="/com/redhat/PrinterSpooler" interface="com.redhat.PrinterSpooler" member="QueueChanged" mask="send" name="org.freedesktop.DBus" pid=2071 label="snap.cups.cupsd" peer_pid=21522 peer_label="unconfined"
                exe="/usr/bin/dbus-daemon" sauid=101 hostname=? addr=? terminal=?'
[63940.297351] audit: type=1107 audit(1788506450.790:355): pid=1429 uid=101 auid=4294967295 ses=4294967295 subj=unconfined msg='apparmor="DENIED" operation="dbus_signal"  bus="system" path="/com/redhat/PrinterSpooler" interface="com.redhat.PrinterSpooler" member="QueueChanged" mask="send" name="org.freedesktop.DBus" pid=2071 label="snap.cups.cupsd" peer_pid=21522 peer_label="unconfined"
                exe="/usr/bin/dbus-daemon" sauid=101 hostname=? addr=? terminal=?'
[63945.570439] NVMeVirt: GC window: seq=24 host_pages=262144 gc_pages=249370 WAF=1.951 cum_host=6553600 cum_gc=729026
[63971.783249] NVMeVirt: GC window: seq=25 host_pages=262144 gc_pages=211093 WAF=1.805 cum_host=6815744 cum_gc=940119
[63997.995818] NVMeVirt: GC window: seq=26 host_pages=262144 gc_pages=144234 WAF=1.550 cum_host=7077888 cum_gc=1084353
[64024.208712] NVMeVirt: GC window: seq=27 host_pages=262144 gc_pages=166846 WAF=1.636 cum_host=7340032 cum_gc=1251199
[64050.421428] NVMeVirt: GC window: seq=28 host_pages=262144 gc_pages=189692 WAF=1.723 cum_host=7602176 cum_gc=1440891
[64065.609006] audit: type=1107 audit(1788506576.099:356): pid=1429 uid=101 auid=4294967295 ses=4294967295 subj=unconfined msg='apparmor="DENIED" operation="dbus_signal"  bus="system" path="/com/redhat/PrinterSpooler" interface="com.redhat.PrinterSpooler" member="QueueChanged" mask="send" name="org.freedesktop.DBus" pid=2071 label="snap.cups.cupsd" peer_pid=21522 peer_label="unconfined"
                exe="/usr/bin/dbus-daemon" sauid=101 hostname=? addr=? terminal=?'
[64065.619872] audit: type=1107 audit(1788506576.110:357): pid=1429 uid=101 auid=4294967295 ses=4294967295 subj=unconfined msg='apparmor="DENIED" operation="dbus_signal"  bus="system" path="/com/redhat/PrinterSpooler" interface="com.redhat.PrinterSpooler" member="QueueChanged" mask="send" name="org.freedesktop.DBus" pid=2071 label="snap.cups.cupsd" peer_pid=21522 peer_label="unconfined"
                exe="/usr/bin/dbus-daemon" sauid=101 hostname=? addr=? terminal=?'
[64065.645045] audit: type=1107 audit(1788506576.135:358): pid=1429 uid=101 auid=4294967295 ses=4294967295 subj=unconfined msg='apparmor="DENIED" operation="dbus_signal"  bus="system" path="/com/redhat/PrinterSpooler" interface="com.redhat.PrinterSpooler" member="QueueChanged" mask="send" name="org.freedesktop.DBus" pid=2071 label="snap.cups.cupsd" peer_pid=21522 peer_label="unconfined"
                exe="/usr/bin/dbus-daemon" sauid=101 hostname=? addr=? terminal=?'
[64076.634236] NVMeVirt: GC window: seq=29 host_pages=262144 gc_pages=169362 WAF=1.646 cum_host=7864320 cum_gc=1610253
[64102.847054] NVMeVirt: GC window: seq=30 host_pages=262144 gc_pages=140518 WAF=1.536 cum_host=8126464 cum_gc=1750771
[64129.059608] NVMeVirt: GC window: seq=31 host_pages=262144 gc_pages=119873 WAF=1.457 cum_host=8388608 cum_gc=1870644
[64155.272553] NVMeVirt: GC window: seq=32 host_pages=262144 gc_pages=147978 WAF=1.564 cum_host=8650752 cum_gc=2018622
[64156.011307] audit: type=1107 audit(1788506666.500:359): pid=1429 uid=101 auid=4294967295 ses=4294967295 subj=unconfined msg='apparmor="DENIED" operation="dbus_signal"  bus="system" path="/com/redhat/PrinterSpooler" interface="com.redhat.PrinterSpooler" member="QueueChanged" mask="send" name="org.freedesktop.DBus" pid=2071 label="snap.cups.cupsd" peer_pid=21522 peer_label="unconfined"
                exe="/usr/bin/dbus-daemon" sauid=101 hostname=? addr=? terminal=?'
[64156.141120] audit: type=1107 audit(1788506666.630:360): pid=1429 uid=101 auid=4294967295 ses=4294967295 subj=unconfined msg='apparmor="DENIED" operation="dbus_signal"  bus="system" path="/com/redhat/PrinterSpooler" interface="com.redhat.PrinterSpooler" member="QueueChanged" mask="send" name="org.freedesktop.DBus" pid=2071 label="snap.cups.cupsd" peer_pid=21522 peer_label="unconfined"
                exe="/usr/bin/dbus-daemon" sauid=101 hostname=? addr=? terminal=?'
[64156.271149] audit: type=1107 audit(1788506666.760:361): pid=1429 uid=101 auid=4294967295 ses=4294967295 subj=unconfined msg='apparmor="DENIED" operation="dbus_signal"  bus="system" path="/com/redhat/PrinterSpooler" interface="com.redhat.PrinterSpooler" member="QueueChanged" mask="send" name="org.freedesktop.DBus" pid=2071 label="snap.cups.cupsd" peer_pid=21522 peer_label="unconfined"
                exe="/usr/bin/dbus-daemon" sauid=101 hostname=? addr=? terminal=?'
[64156.407271] audit: type=1107 audit(1788506666.896:362): pid=1429 uid=101 auid=4294967295 ses=4294967295 subj=unconfined msg='apparmor="DENIED" operation="dbus_signal"  bus="system" path="/com/redhat/PrinterSpooler" interface="com.redhat.PrinterSpooler" member="QueueChanged" mask="send" name="org.freedesktop.DBus" pid=2071 label="snap.cups.cupsd" peer_pid=21522 peer_label="unconfined"
                exe="/usr/bin/dbus-daemon" sauid=101 hostname=? addr=? terminal=?'
[64161.535515] audit: type=1107 audit(1788506672.024:363): pid=1429 uid=101 auid=4294967295 ses=4294967295 subj=unconfined msg='apparmor="DENIED" operation="dbus_signal"  bus="system" path="/com/redhat/PrinterSpooler" interface="com.redhat.PrinterSpooler" member="QueueChanged" mask="send" name="org.freedesktop.DBus" pid=2071 label="snap.cups.cupsd" peer_pid=21522 peer_label="unconfined"
                exe="/usr/bin/dbus-daemon" sauid=101 hostname=? addr=? terminal=?'
[64181.485350] NVMeVirt: GC window: seq=33 host_pages=262144 gc_pages=165131 WAF=1.629 cum_host=8912896 cum_gc=2183753
[64207.698158] NVMeVirt: GC window: seq=34 host_pages=262144 gc_pages=151083 WAF=1.576 cum_host=9175040 cum_gc=2334836
[64233.910722] NVMeVirt: GC window: seq=35 host_pages=262144 gc_pages=122080 WAF=1.465 cum_host=9437184 cum_gc=2456916
[64260.123533] NVMeVirt: GC window: seq=36 host_pages=262144 gc_pages=105114 WAF=1.400 cum_host=9699328 cum_gc=2562030
[64286.336342] NVMeVirt: GC window: seq=37 host_pages=262144 gc_pages=128473 WAF=1.490 cum_host=9961472 cum_gc=2690503
[64312.549150] NVMeVirt: GC window: seq=38 host_pages=262144 gc_pages=125608 WAF=1.479 cum_host=10223616 cum_gc=2816111
[64343.032238] NVMeVirt: GC window: seq=39 host_pages=262144 gc_pages=124809 WAF=1.476 cum_host=10485760 cum_gc=2940920
[64375.797531] NVMeVirt: GC window: seq=40 host_pages=262144 gc_pages=82963 WAF=1.316 cum_host=10747904 cum_gc=3023883
[64408.562823] NVMeVirt: GC window: seq=41 host_pages=262144 gc_pages=17264 WAF=1.065 cum_host=11010048 cum_gc=3041147
[64441.328500] NVMeVirt: GC window: seq=42 host_pages=262144 gc_pages=16442 WAF=1.062 cum_host=11272192 cum_gc=3057589
[64461.164705] audit: type=1107 audit(1788506971.649:364): pid=1429 uid=101 auid=4294967295 ses=4294967295 subj=unconfined msg='apparmor="DENIED" operation="dbus_signal"  bus="system" path="/com/redhat/PrinterSpooler" interface="com.redhat.PrinterSpooler" member="QueueChanged" mask="send" name="org.freedesktop.DBus" pid=2071 label="snap.cups.cupsd" peer_pid=21522 peer_label="unconfined"
                exe="/usr/bin/dbus-daemon" sauid=101 hostname=? addr=? terminal=?'
[64461.173199] audit: type=1107 audit(1788506971.657:365): pid=1429 uid=101 auid=4294967295 ses=4294967295 subj=unconfined msg='apparmor="DENIED" operation="dbus_signal"  bus="system" path="/com/redhat/PrinterSpooler" interface="com.redhat.PrinterSpooler" member="QueueChanged" mask="send" name="org.freedesktop.DBus" pid=2071 label="snap.cups.cupsd" peer_pid=21522 peer_label="unconfined"
                exe="/usr/bin/dbus-daemon" sauid=101 hostname=? addr=? terminal=?'
[64461.300967] audit: type=1107 audit(1788506971.785:366): pid=1429 uid=101 auid=4294967295 ses=4294967295 subj=unconfined msg='apparmor="DENIED" operation="dbus_signal"  bus="system" path="/com/redhat/PrinterSpooler" interface="com.redhat.PrinterSpooler" member="QueueChanged" mask="send" name="org.freedesktop.DBus" pid=2071 label="snap.cups.cupsd" peer_pid=21522 peer_label="unconfined"
                exe="/usr/bin/dbus-daemon" sauid=101 hostname=? addr=? terminal=?'
[64474.093790] NVMeVirt: GC window: seq=43 host_pages=262144 gc_pages=14679 WAF=1.055 cum_host=11534336 cum_gc=3072268
[64506.859459] NVMeVirt: GC window: seq=44 host_pages=262144 gc_pages=14696 WAF=1.056 cum_host=11796480 cum_gc=3086964
[64539.624790] NVMeVirt: GC window: seq=45 host_pages=262144 gc_pages=14381 WAF=1.054 cum_host=12058624 cum_gc=3101345
[64551.872915] audit: type=1107 audit(1788507062.355:367): pid=1429 uid=101 auid=4294967295 ses=4294967295 subj=unconfined msg='apparmor="DENIED" operation="dbus_signal"  bus="system" path="/com/redhat/PrinterSpooler" interface="com.redhat.PrinterSpooler" member="QueueChanged" mask="send" name="org.freedesktop.DBus" pid=2071 label="snap.cups.cupsd" peer_pid=21522 peer_label="unconfined"
                exe="/usr/bin/dbus-daemon" sauid=101 hostname=? addr=? terminal=?'
[64552.001961] audit: type=1107 audit(1788507062.485:368): pid=1429 uid=101 auid=4294967295 ses=4294967295 subj=unconfined msg='apparmor="DENIED" operation="dbus_signal"  bus="system" path="/com/redhat/PrinterSpooler" interface="com.redhat.PrinterSpooler" member="QueueChanged" mask="send" name="org.freedesktop.DBus" pid=2071 label="snap.cups.cupsd" peer_pid=21522 peer_label="unconfined"
                exe="/usr/bin/dbus-daemon" sauid=101 hostname=? addr=? terminal=?'
[64552.131713] audit: type=1107 audit(1788507062.614:369): pid=1429 uid=101 auid=4294967295 ses=4294967295 subj=unconfined msg='apparmor="DENIED" operation="dbus_signal"  bus="system" path="/com/redhat/PrinterSpooler" interface="com.redhat.PrinterSpooler" member="QueueChanged" mask="send" name="org.freedesktop.DBus" pid=2071 label="snap.cups.cupsd" peer_pid=21522 peer_label="unconfined"
                exe="/usr/bin/dbus-daemon" sauid=101 hostname=? addr=? terminal=?'
[64552.249375] audit: type=1107 audit(1788507062.732:370): pid=1429 uid=101 auid=4294967295 ses=4294967295 subj=unconfined msg='apparmor="DENIED" operation="dbus_signal"  bus="system" path="/com/redhat/PrinterSpooler" interface="com.redhat.PrinterSpooler" member="QueueChanged" mask="send" name="org.freedesktop.DBus" pid=2071 label="snap.cups.cupsd" peer_pid=21522 peer_label="unconfined"
                exe="/usr/bin/dbus-daemon" sauid=101 hostname=? addr=? terminal=?'
[64557.377804] audit: type=1107 audit(1788507067.860:371): pid=1429 uid=101 auid=4294967295 ses=4294967295 subj=unconfined msg='apparmor="DENIED" operation="dbus_signal"  bus="system" path="/com/redhat/PrinterSpooler" interface="com.redhat.PrinterSpooler" member="QueueChanged" mask="send" name="org.freedesktop.DBus" pid=2071 label="snap.cups.cupsd" peer_pid=21522 peer_label="unconfined"
                exe="/usr/bin/dbus-daemon" sauid=101 hostname=? addr=? terminal=?'
[64572.390418] NVMeVirt: GC window: seq=46 host_pages=262144 gc_pages=13665 WAF=1.052 cum_host=12320768 cum_gc=3115010
[64598.496528] audit: type=1107 audit(1788507108.979:372): pid=1429 uid=101 auid=4294967295 ses=4294967295 subj=unconfined msg='apparmor="DENIED" operation="dbus_signal"  bus="system" path="/com/redhat/PrinterSpooler" interface="com.redhat.PrinterSpooler" member="QueueChanged" mask="send" name="org.freedesktop.DBus" pid=2071 label="snap.cups.cupsd" peer_pid=21522 peer_label="unconfined"
                exe="/usr/bin/dbus-daemon" sauid=101 hostname=? addr=? terminal=?'
[64598.507493] audit: type=1107 audit(1788507108.990:373): pid=1429 uid=101 auid=4294967295 ses=4294967295 subj=unconfined msg='apparmor="DENIED" operation="dbus_signal"  bus="system" path="/com/redhat/PrinterSpooler" interface="com.redhat.PrinterSpooler" member="QueueChanged" mask="send" name="org.freedesktop.DBus" pid=2071 label="snap.cups.cupsd" peer_pid=21522 peer_label="unconfined"
                exe="/usr/bin/dbus-daemon" sauid=101 hostname=? addr=? terminal=?'
[64598.994932] audit: type=1107 audit(1788507109.478:374): pid=1429 uid=101 auid=4294967295 ses=4294967295 subj=unconfined msg='apparmor="DENIED" operation="dbus_signal"  bus="system" path="/com/redhat/PrinterSpooler" interface="com.redhat.PrinterSpooler" member="QueueChanged" mask="send" name="org.freedesktop.DBus" pid=2071 label="snap.cups.cupsd" peer_pid=21522 peer_label="unconfined"
                exe="/usr/bin/dbus-daemon" sauid=101 hostname=? addr=? terminal=?'
[64605.155713] NVMeVirt: GC window: seq=47 host_pages=262144 gc_pages=13364 WAF=1.050 cum_host=12582912 cum_gc=3128374
[64637.921377] NVMeVirt: GC window: seq=48 host_pages=262144 gc_pages=13350 WAF=1.050 cum_host=12845056 cum_gc=3141724
[64670.686669] NVMeVirt: GC window: seq=49 host_pages=262144 gc_pages=13250 WAF=1.050 cum_host=13107200 cum_gc=3154974
[64689.597646] audit: type=1107 audit(1788507200.079:375): pid=1429 uid=101 auid=4294967295 ses=4294967295 subj=unconfined msg='apparmor="DENIED" operation="dbus_signal"  bus="system" path="/com/redhat/PrinterSpooler" interface="com.redhat.PrinterSpooler" member="QueueChanged" mask="send" name="org.freedesktop.DBus" pid=2071 label="snap.cups.cupsd" peer_pid=21522 peer_label="unconfined"
                exe="/usr/bin/dbus-daemon" sauid=101 hostname=? addr=? terminal=?'
[64689.719954] audit: type=1107 audit(1788507200.202:376): pid=1429 uid=101 auid=4294967295 ses=4294967295 subj=unconfined msg='apparmor="DENIED" operation="dbus_signal"  bus="system" path="/com/redhat/PrinterSpooler" interface="com.redhat.PrinterSpooler" member="QueueChanged" mask="send" name="org.freedesktop.DBus" pid=2071 label="snap.cups.cupsd" peer_pid=21522 peer_label="unconfined"
                exe="/usr/bin/dbus-daemon" sauid=101 hostname=? addr=? terminal=?'
[64689.850370] audit: type=1107 audit(1788507200.332:377): pid=1429 uid=101 auid=4294967295 ses=4294967295 subj=unconfined msg='apparmor="DENIED" operation="dbus_signal"  bus="system" path="/com/redhat/PrinterSpooler" interface="com.redhat.PrinterSpooler" member="QueueChanged" mask="send" name="org.freedesktop.DBus" pid=2071 label="snap.cups.cupsd" peer_pid=21522 peer_label="unconfined"
                exe="/usr/bin/dbus-daemon" sauid=101 hostname=? addr=? terminal=?'
[64689.991786] audit: type=1107 audit(1788507200.473:378): pid=1429 uid=101 auid=4294967295 ses=4294967295 subj=unconfined msg='apparmor="DENIED" operation="dbus_signal"  bus="system" path="/com/redhat/PrinterSpooler" interface="com.redhat.PrinterSpooler" member="QueueChanged" mask="send" name="org.freedesktop.DBus" pid=2071 label="snap.cups.cupsd" peer_pid=21522 peer_label="unconfined"
                exe="/usr/bin/dbus-daemon" sauid=101 hostname=? addr=? terminal=?'
[64695.120300] audit: type=1107 audit(1788507205.602:379): pid=1429 uid=101 auid=4294967295 ses=4294967295 subj=unconfined msg='apparmor="DENIED" operation="dbus_signal"  bus="system" path="/com/redhat/PrinterSpooler" interface="com.redhat.PrinterSpooler" member="QueueChanged" mask="send" name="org.freedesktop.DBus" pid=2071 label="snap.cups.cupsd" peer_pid=21522 peer_label="unconfined"
                exe="/usr/bin/dbus-daemon" sauid=101 hostname=? addr=? terminal=?'
[64696.153525] audit: type=1107 audit(1788507206.635:380): pid=1429 uid=101 auid=4294967295 ses=4294967295 subj=unconfined msg='apparmor="DENIED" operation="dbus_signal"  bus="system" path="/com/redhat/PrinterSpooler" interface="com.redhat.PrinterSpooler" member="QueueChanged" mask="send" name="org.freedesktop.DBus" pid=2071 label="snap.cups.cupsd" peer_pid=21522 peer_label="unconfined"
                exe="/usr/bin/dbus-daemon" sauid=101 hostname=? addr=? terminal=?'
[64696.161710] audit: type=1107 audit(1788507206.643:381): pid=1429 uid=101 auid=4294967295 ses=4294967295 subj=unconfined msg='apparmor="DENIED" operation="dbus_signal"  bus="system" path="/com/redhat/PrinterSpooler" interface="com.redhat.PrinterSpooler" member="QueueChanged" mask="send" name="org.freedesktop.DBus" pid=2071 label="snap.cups.cupsd" peer_pid=21522 peer_label="unconfined"
                exe="/usr/bin/dbus-daemon" sauid=101 hostname=? addr=? terminal=?'
[64696.183532] audit: type=1107 audit(1788507206.665:382): pid=1429 uid=101 auid=4294967295 ses=4294967295 subj=unconfined msg='apparmor="DENIED" operation="dbus_signal"  bus="system" path="/com/redhat/PrinterSpooler" interface="com.redhat.PrinterSpooler" member="QueueChanged" mask="send" name="org.freedesktop.DBus" pid=2071 label="snap.cups.cupsd" peer_pid=21522 peer_label="unconfined"
                exe="/usr/bin/dbus-daemon" sauid=101 hostname=? addr=? terminal=?'
[64703.451967] NVMeVirt: GC window: seq=50 host_pages=262144 gc_pages=13373 WAF=1.051 cum_host=13369344 cum_gc=3168347
[64736.217640] NVMeVirt: GC window: seq=51 host_pages=262144 gc_pages=13160 WAF=1.050 cum_host=13631488 cum_gc=3181507
[64768.982926] NVMeVirt: GC window: seq=52 host_pages=262144 gc_pages=13200 WAF=1.050 cum_host=13893632 cum_gc=3194707
[64787.438241] audit: type=1107 audit(1788507297.922:383): pid=1429 uid=101 auid=4294967295 ses=4294967295 subj=unconfined msg='apparmor="DENIED" operation="dbus_signal"  bus="system" path="/com/redhat/PrinterSpooler" interface="com.redhat.PrinterSpooler" member="QueueChanged" mask="send" name="org.freedesktop.DBus" pid=2071 label="snap.cups.cupsd" peer_pid=21522 peer_label="unconfined"
                exe="/usr/bin/dbus-daemon" sauid=101 hostname=? addr=? terminal=?'
[64787.448915] audit: type=1107 audit(1788507297.933:384): pid=1429 uid=101 auid=4294967295 ses=4294967295 subj=unconfined msg='apparmor="DENIED" operation="dbus_signal"  bus="system" path="/com/redhat/PrinterSpooler" interface="com.redhat.PrinterSpooler" member="QueueChanged" mask="send" name="org.freedesktop.DBus" pid=2071 label="snap.cups.cupsd" peer_pid=21522 peer_label="unconfined"
                exe="/usr/bin/dbus-daemon" sauid=101 hostname=? addr=? terminal=?'
[64787.625064] audit: type=1107 audit(1788507298.109:385): pid=1429 uid=101 auid=4294967295 ses=4294967295 subj=unconfined msg='apparmor="DENIED" operation="dbus_signal"  bus="system" path="/com/redhat/PrinterSpooler" interface="com.redhat.PrinterSpooler" member="QueueChanged" mask="send" name="org.freedesktop.DBus" pid=2071 label="snap.cups.cupsd" peer_pid=21522 peer_label="unconfined"
                exe="/usr/bin/dbus-daemon" sauid=101 hostname=? addr=? terminal=?'
[64801.748658] NVMeVirt: GC window: seq=53 host_pages=262144 gc_pages=12981 WAF=1.049 cum_host=14155776 cum_gc=3207688
[64834.513889] NVMeVirt: GC window: seq=54 host_pages=262144 gc_pages=13122 WAF=1.050 cum_host=14417920 cum_gc=3220810
[64867.279555] NVMeVirt: GC window: seq=55 host_pages=262144 gc_pages=13041 WAF=1.049 cum_host=14680064 cum_gc=3233851
[64877.966227] audit: type=1107 audit(1788507388.450:386): pid=1429 uid=101 auid=4294967295 ses=4294967295 subj=unconfined msg='apparmor="DENIED" operation="dbus_signal"  bus="system" path="/com/redhat/PrinterSpooler" interface="com.redhat.PrinterSpooler" member="QueueChanged" mask="send" name="org.freedesktop.DBus" pid=2071 label="snap.cups.cupsd" peer_pid=21522 peer_label="unconfined"
                exe="/usr/bin/dbus-daemon" sauid=101 hostname=? addr=? terminal=?'
[64877.992822] audit: type=1107 audit(1788507388.476:387): pid=1429 uid=101 auid=4294967295 ses=4294967295 subj=unconfined msg='apparmor="DENIED" operation="dbus_signal"  bus="system" path="/com/redhat/PrinterSpooler" interface="com.redhat.PrinterSpooler" member="QueueChanged" mask="send" name="org.freedesktop.DBus" pid=2071 label="snap.cups.cupsd" peer_pid=21522 peer_label="unconfined"
                exe="/usr/bin/dbus-daemon" sauid=101 hostname=? addr=? terminal=?'
[64878.018459] audit: type=1107 audit(1788507388.502:388): pid=1429 uid=101 auid=4294967295 ses=4294967295 subj=unconfined msg='apparmor="DENIED" operation="dbus_signal"  bus="system" path="/com/redhat/PrinterSpooler" interface="com.redhat.PrinterSpooler" member="QueueChanged" mask="send" name="org.freedesktop.DBus" pid=2071 label="snap.cups.cupsd" peer_pid=21522 peer_label="unconfined"
                exe="/usr/bin/dbus-daemon" sauid=101 hostname=? addr=? terminal=?'
[64878.042897] audit: type=1107 audit(1788507388.526:389): pid=1429 uid=101 auid=4294967295 ses=4294967295 subj=unconfined msg='apparmor="DENIED" operation="dbus_signal"  bus="system" path="/com/redhat/PrinterSpooler" interface="com.redhat.PrinterSpooler" member="QueueChanged" mask="send" name="org.freedesktop.DBus" pid=2071 label="snap.cups.cupsd" peer_pid=21522 peer_label="unconfined"
                exe="/usr/bin/dbus-daemon" sauid=101 hostname=? addr=? terminal=?'
[64883.070737] audit: type=1107 audit(1788507393.554:390): pid=1429 uid=101 auid=4294967295 ses=4294967295 subj=unconfined msg='apparmor="DENIED" operation="dbus_signal"  bus="system" path="/com/redhat/PrinterSpooler" interface="com.redhat.PrinterSpooler" member="QueueChanged" mask="send" name="org.freedesktop.DBus" pid=2071 label="snap.cups.cupsd" peer_pid=21522 peer_label="unconfined"
                exe="/usr/bin/dbus-daemon" sauid=101 hostname=? addr=? terminal=?'
[64900.044849] NVMeVirt: GC window: seq=56 host_pages=262144 gc_pages=12982 WAF=1.049 cum_host=14942208 cum_gc=3246833
[64923.157834] EXT4-fs (nvme0n1): unmounting filesystem 9673a04b-f5be-4d2d-9f98-7a5857e44e9c.
[64923.227822] pci_bus 0001:10: busn_res: [bus 10-ff] is released
[64923.227961] NVMeVirt: GC stats: policy=cat-fig7 age_mode=create host_pages=15126736 gc_pages=3259951 gc_count=287286 WAF=1.215 scale_pct=100 age_ratio=7
[64923.227965] NVMeVirt: GC victim hist: level=0 count=403
[64923.227966] NVMeVirt: GC victim hist: level=1 count=1929
[64923.227967] NVMeVirt: GC victim hist: level=2 count=46667
[64923.227968] NVMeVirt: GC victim hist: level=3 count=188138
[64923.227969] NVMeVirt: GC victim hist: level=4 count=14908
[64923.227970] NVMeVirt: GC victim hist: level=5 count=10926
[64923.227971] NVMeVirt: GC victim hist: level=6 count=24319
[64923.227972] NVMeVirt: GC victim mean: victims=287290 vpc=11.34 age_ms=128682
[64923.290880] NVMeVirt: Virtual NVMe device closed
