[68531.978216] NVMeVirt: Version 1.10 for >> Samsung 970 Pro SSD <<
[68531.978221] NVMeVirt: Storage: 0x100100000-0x300000000 (8191 MiB)
[68531.989437] NVMeVirt: Total Capacity(GiB,MiB)=2,2048 chs=2 luns=4 lines=8192 blk-size(MiB,KiB)=0,64 line-size(MiB,KiB)=0,256
[68531.999123] NVMeVirt: [chmodel_init] bandwidth 800 max_credits 26 tx_time 152
[68532.009562] NVMeVirt: [chmodel_init] bandwidth 800 max_credits 26 tx_time 152
[68532.009577] NVMeVirt: [chmodel_init] bandwidth 3360 max_credits 110 tx_time 36
[68532.010413] NVMeVirt: pqueue: Copyright (c) 2014, Volkan Yazıcı <volkan.yazici@gmail.com>. All rights reserved.
[68532.010468] NVMeVirt: Init FTL instance with 2 channels (524288 pages)
[68532.010470] NVMeVirt: GC victim policy: cat-fig7 scale_pct=100 age_ratio=7
[68532.020264] NVMeVirt: [chmodel_init] bandwidth 800 max_credits 26 tx_time 152
[68532.030059] NVMeVirt: [chmodel_init] bandwidth 800 max_credits 26 tx_time 152
[68532.030073] NVMeVirt: [chmodel_init] bandwidth 3360 max_credits 110 tx_time 36
[68532.030927] NVMeVirt: Init FTL instance with 2 channels (524288 pages)
[68532.030930] NVMeVirt: GC victim policy: cat-fig7 scale_pct=100 age_ratio=7
[68532.040953] NVMeVirt: [chmodel_init] bandwidth 800 max_credits 26 tx_time 152
[68532.050472] NVMeVirt: [chmodel_init] bandwidth 800 max_credits 26 tx_time 152
[68532.050486] NVMeVirt: [chmodel_init] bandwidth 3360 max_credits 110 tx_time 36
[68532.051414] NVMeVirt: Init FTL instance with 2 channels (524288 pages)
[68532.051419] NVMeVirt: GC victim policy: cat-fig7 scale_pct=100 age_ratio=7
[68532.061515] NVMeVirt: [chmodel_init] bandwidth 800 max_credits 26 tx_time 152
[68532.071177] NVMeVirt: [chmodel_init] bandwidth 800 max_credits 26 tx_time 152
[68532.071191] NVMeVirt: [chmodel_init] bandwidth 3360 max_credits 110 tx_time 36
[68532.072200] NVMeVirt: Init FTL instance with 2 channels (524288 pages)
[68532.072203] NVMeVirt: GC victim policy: cat-fig7 scale_pct=100 age_ratio=7
[68532.072209] NVMeVirt: FTL physical space: 8588886016, logical space: 8026996276 (physical/logical * 100 = 107)
[68532.072210] NVMeVirt: ns 0/1: size 7655 MiB
[68532.072257] PCI host bridge to bus 0001:10
[68532.072276] pci_bus 0001:10: root bus resource [io  0x0000-0xffff]
[68532.072279] pci_bus 0001:10: root bus resource [mem 0x00000000-0x7fffffffff]
[68532.072281] pci_bus 0001:10: root bus resource [bus 00-ff]
[68532.072288] pci 0001:10:00.0: [0c51:0110] type 00 class 0x010802 PCIe Endpoint
[68532.072292] pci 0001:10:00.0: BAR 0 [mem 0x100000000-0x100003fff 64bit]
[68532.072295] pci 0001:10:00.0: enabling Extended Tags
[68532.072518] NVMeVirt: Virtual PCI bus created (node 0)
[68532.072911] NVMeVirt: Virtual NVMe device created
[68532.072914] NVMeVirt: nvmev_io_worker_0 started on cpu 2 (node 0)
[68532.072951] NVMeVirt: nvmev_dispatcher started on cpu 1 (node 0)
[68532.073134] nvme nvme0: pci function 0001:10:00.0
[68532.074763] nvme nvme0: 8/0/0 default/read/poll queues
[68532.151862] EXT4-fs (nvme0n1): mounted filesystem d7c16cfa-a30b-4363-a2af-9646c5084737 r/w with ordered data mode. Quota mode: none.
[68629.663146] NVMeVirt: GC window: seq=0 host_pages=262144 gc_pages=0 WAF=1.000 cum_host=262144 cum_gc=0
[68661.917009] NVMeVirt: GC window: seq=1 host_pages=262144 gc_pages=0 WAF=1.000 cum_host=524288 cum_gc=0
[68694.107372] NVMeVirt: GC window: seq=2 host_pages=262144 gc_pages=0 WAF=1.000 cum_host=786432 cum_gc=0
[68726.297230] NVMeVirt: GC window: seq=3 host_pages=262144 gc_pages=0 WAF=1.000 cum_host=1048576 cum_gc=0
[68758.615466] NVMeVirt: GC window: seq=4 host_pages=262144 gc_pages=0 WAF=1.000 cum_host=1310720 cum_gc=0
[68791.381089] NVMeVirt: GC window: seq=5 host_pages=262144 gc_pages=0 WAF=1.000 cum_host=1572864 cum_gc=0
[68824.147211] NVMeVirt: GC window: seq=6 host_pages=262144 gc_pages=0 WAF=1.000 cum_host=1835008 cum_gc=0
[68856.912952] NVMeVirt: GC window: seq=7 host_pages=262144 gc_pages=0 WAF=1.000 cum_host=2097152 cum_gc=0
[68889.679072] NVMeVirt: GC window: seq=8 host_pages=262144 gc_pages=0 WAF=1.000 cum_host=2359296 cum_gc=0
[68922.444807] NVMeVirt: GC window: seq=9 host_pages=262144 gc_pages=0 WAF=1.000 cum_host=2621440 cum_gc=0
[68955.210926] NVMeVirt: GC window: seq=10 host_pages=262144 gc_pages=0 WAF=1.000 cum_host=2883584 cum_gc=0
[68987.976676] NVMeVirt: GC window: seq=11 host_pages=262144 gc_pages=0 WAF=1.000 cum_host=3145728 cum_gc=0
[69020.742412] NVMeVirt: GC window: seq=12 host_pages=262144 gc_pages=0 WAF=1.000 cum_host=3407872 cum_gc=0
[69053.508536] NVMeVirt: GC window: seq=13 host_pages=262144 gc_pages=0 WAF=1.000 cum_host=3670016 cum_gc=0
[69086.274280] NVMeVirt: GC window: seq=14 host_pages=262144 gc_pages=0 WAF=1.000 cum_host=3932160 cum_gc=0
[69119.040398] NVMeVirt: GC window: seq=15 host_pages=262144 gc_pages=0 WAF=1.000 cum_host=4194304 cum_gc=0
[69148.794649] NVMeVirt: GC window: seq=16 host_pages=262144 gc_pages=0 WAF=1.000 cum_host=4456448 cum_gc=0
[69175.007822] NVMeVirt: GC window: seq=17 host_pages=262144 gc_pages=0 WAF=1.000 cum_host=4718592 cum_gc=0
[69201.220743] NVMeVirt: GC window: seq=18 host_pages=262144 gc_pages=0 WAF=1.000 cum_host=4980736 cum_gc=0
[69227.433909] NVMeVirt: GC window: seq=19 host_pages=262144 gc_pages=42785 WAF=1.163 cum_host=5242880 cum_gc=42785
[69253.647077] NVMeVirt: GC window: seq=20 host_pages=262144 gc_pages=67458 WAF=1.257 cum_host=5505024 cum_gc=110243
[69279.860254] NVMeVirt: GC window: seq=21 host_pages=262144 gc_pages=72980 WAF=1.278 cum_host=5767168 cum_gc=183223
[69306.073173] NVMeVirt: GC window: seq=22 host_pages=262144 gc_pages=100907 WAF=1.384 cum_host=6029312 cum_gc=284130
[69332.286341] NVMeVirt: GC window: seq=23 host_pages=262144 gc_pages=199937 WAF=1.762 cum_host=6291456 cum_gc=484067
[69358.499588] NVMeVirt: GC window: seq=24 host_pages=262144 gc_pages=248219 WAF=1.946 cum_host=6553600 cum_gc=732286
[69384.712800] NVMeVirt: GC window: seq=25 host_pages=262144 gc_pages=211942 WAF=1.808 cum_host=6815744 cum_gc=944228
[69410.925676] NVMeVirt: GC window: seq=26 host_pages=262144 gc_pages=143379 WAF=1.546 cum_host=7077888 cum_gc=1087607
[69437.138889] NVMeVirt: GC window: seq=27 host_pages=262144 gc_pages=166531 WAF=1.635 cum_host=7340032 cum_gc=1254138
[69463.352059] NVMeVirt: GC window: seq=28 host_pages=262144 gc_pages=190444 WAF=1.726 cum_host=7602176 cum_gc=1444582
[69489.565228] NVMeVirt: GC window: seq=29 host_pages=262144 gc_pages=168633 WAF=1.643 cum_host=7864320 cum_gc=1613215
[69515.778412] NVMeVirt: GC window: seq=30 host_pages=262144 gc_pages=139526 WAF=1.532 cum_host=8126464 cum_gc=1752741
[69541.991327] NVMeVirt: GC window: seq=31 host_pages=262144 gc_pages=118684 WAF=1.452 cum_host=8388608 cum_gc=1871425
[69568.204491] NVMeVirt: GC window: seq=32 host_pages=262144 gc_pages=147991 WAF=1.564 cum_host=8650752 cum_gc=2019416
[69594.417762] NVMeVirt: GC window: seq=33 host_pages=262144 gc_pages=164341 WAF=1.626 cum_host=8912896 cum_gc=2183757
[69620.630951] NVMeVirt: GC window: seq=34 host_pages=262144 gc_pages=150822 WAF=1.575 cum_host=9175040 cum_gc=2334579
[69646.843826] NVMeVirt: GC window: seq=35 host_pages=262144 gc_pages=121144 WAF=1.462 cum_host=9437184 cum_gc=2455723
[69673.057042] NVMeVirt: GC window: seq=36 host_pages=262144 gc_pages=105123 WAF=1.401 cum_host=9699328 cum_gc=2560846
[69699.270212] NVMeVirt: GC window: seq=37 host_pages=262144 gc_pages=127701 WAF=1.487 cum_host=9961472 cum_gc=2688547
[69725.483379] NVMeVirt: GC window: seq=38 host_pages=262144 gc_pages=124825 WAF=1.476 cum_host=10223616 cum_gc=2813372
[69755.923598] NVMeVirt: GC window: seq=39 host_pages=262144 gc_pages=125264 WAF=1.477 cum_host=10485760 cum_gc=2938636
[69788.689341] NVMeVirt: GC window: seq=40 host_pages=262144 gc_pages=82935 WAF=1.316 cum_host=10747904 cum_gc=3021571
[69821.455084] NVMeVirt: GC window: seq=41 host_pages=262144 gc_pages=17191 WAF=1.065 cum_host=11010048 cum_gc=3038762
[69854.221205] NVMeVirt: GC window: seq=42 host_pages=262144 gc_pages=16494 WAF=1.062 cum_host=11272192 cum_gc=3055256
[69886.986945] NVMeVirt: GC window: seq=43 host_pages=262144 gc_pages=14233 WAF=1.054 cum_host=11534336 cum_gc=3069489
[69919.753067] NVMeVirt: GC window: seq=44 host_pages=262144 gc_pages=14341 WAF=1.054 cum_host=11796480 cum_gc=3083830
[69952.518807] NVMeVirt: GC window: seq=45 host_pages=262144 gc_pages=13803 WAF=1.052 cum_host=12058624 cum_gc=3097633
[69985.284934] NVMeVirt: GC window: seq=46 host_pages=262144 gc_pages=13481 WAF=1.051 cum_host=12320768 cum_gc=3111114
[70018.050676] NVMeVirt: GC window: seq=47 host_pages=262144 gc_pages=13210 WAF=1.050 cum_host=12582912 cum_gc=3124324
[70050.816785] NVMeVirt: GC window: seq=48 host_pages=262144 gc_pages=13250 WAF=1.050 cum_host=12845056 cum_gc=3137574
[70083.582530] NVMeVirt: GC window: seq=49 host_pages=262144 gc_pages=13362 WAF=1.050 cum_host=13107200 cum_gc=3150936
[70116.348277] NVMeVirt: GC window: seq=50 host_pages=262144 gc_pages=13324 WAF=1.050 cum_host=13369344 cum_gc=3164260
[70149.114391] NVMeVirt: GC window: seq=51 host_pages=262144 gc_pages=13101 WAF=1.049 cum_host=13631488 cum_gc=3177361
[70181.880141] NVMeVirt: GC window: seq=52 host_pages=262144 gc_pages=13039 WAF=1.049 cum_host=13893632 cum_gc=3190400
[70214.646253] NVMeVirt: GC window: seq=53 host_pages=262144 gc_pages=12990 WAF=1.049 cum_host=14155776 cum_gc=3203390
[70247.411996] NVMeVirt: GC window: seq=54 host_pages=262144 gc_pages=13104 WAF=1.049 cum_host=14417920 cum_gc=3216494
[70280.178117] NVMeVirt: GC window: seq=55 host_pages=262144 gc_pages=12974 WAF=1.049 cum_host=14680064 cum_gc=3229468
[70312.943958] NVMeVirt: GC window: seq=56 host_pages=262144 gc_pages=13127 WAF=1.050 cum_host=14942208 cum_gc=3242595
[70336.080728] EXT4-fs (nvme0n1): unmounting filesystem d7c16cfa-a30b-4363-a2af-9646c5084737.
[70336.139712] pci_bus 0001:10: busn_res: [bus 10-ff] is released
[70336.139820] NVMeVirt: GC stats: policy=cat-fig7 age_mode=create host_pages=15126781 gc_pages=3255814 gc_count=287222 WAF=1.215 scale_pct=100 age_ratio=7
[70336.139825] NVMeVirt: GC victim hist: level=0 count=406
[70336.139827] NVMeVirt: GC victim hist: level=1 count=1913
[70336.139828] NVMeVirt: GC victim hist: level=2 count=46455
[70336.139830] NVMeVirt: GC victim hist: level=3 count=187487
[70336.139831] NVMeVirt: GC victim hist: level=4 count=15437
[70336.139833] NVMeVirt: GC victim hist: level=5 count=11058
[70336.139834] NVMeVirt: GC victim hist: level=6 count=24470
[70336.139836] NVMeVirt: GC victim mean: victims=287226 vpc=11.33 age_ms=129107
[70336.194703] NVMeVirt: Virtual NVMe device closed
