[59510.172531] NVMeVirt: Version 1.10 for >> Samsung 970 Pro SSD <<
[59510.172537] NVMeVirt: Storage: 0x100100000-0x300000000 (8191 MiB)
[59510.183662] NVMeVirt: Total Capacity(GiB,MiB)=2,2048 chs=2 luns=4 lines=8192 blk-size(MiB,KiB)=0,64 line-size(MiB,KiB)=0,256
[59510.194549] NVMeVirt: [chmodel_init] bandwidth 800 max_credits 26 tx_time 152
[59510.205164] NVMeVirt: [chmodel_init] bandwidth 800 max_credits 26 tx_time 152
[59510.205179] NVMeVirt: [chmodel_init] bandwidth 3360 max_credits 110 tx_time 36
[59510.206202] NVMeVirt: pqueue: Copyright (c) 2014, Volkan Yazıcı <volkan.yazici@gmail.com>. All rights reserved.
[59510.206244] NVMeVirt: Init FTL instance with 2 channels (524288 pages)
[59510.206246] NVMeVirt: GC victim policy: greedy scale_pct=0 age_ratio=0
[59510.216248] NVMeVirt: [chmodel_init] bandwidth 800 max_credits 26 tx_time 152
[59510.226979] NVMeVirt: [chmodel_init] bandwidth 800 max_credits 26 tx_time 152
[59510.227008] NVMeVirt: [chmodel_init] bandwidth 3360 max_credits 110 tx_time 36
[59510.229239] NVMeVirt: Init FTL instance with 2 channels (524288 pages)
[59510.229243] NVMeVirt: GC victim policy: greedy scale_pct=0 age_ratio=0
[59510.239444] NVMeVirt: [chmodel_init] bandwidth 800 max_credits 26 tx_time 152
[59510.249219] NVMeVirt: [chmodel_init] bandwidth 800 max_credits 26 tx_time 152
[59510.249233] NVMeVirt: [chmodel_init] bandwidth 3360 max_credits 110 tx_time 36
[59510.250177] NVMeVirt: Init FTL instance with 2 channels (524288 pages)
[59510.250180] NVMeVirt: GC victim policy: greedy scale_pct=0 age_ratio=0
[59510.261321] NVMeVirt: [chmodel_init] bandwidth 800 max_credits 26 tx_time 152
[59510.271722] NVMeVirt: [chmodel_init] bandwidth 800 max_credits 26 tx_time 152
[59510.271736] NVMeVirt: [chmodel_init] bandwidth 3360 max_credits 110 tx_time 36
[59510.272802] NVMeVirt: Init FTL instance with 2 channels (524288 pages)
[59510.272805] NVMeVirt: GC victim policy: greedy scale_pct=0 age_ratio=0
[59510.272810] NVMeVirt: FTL physical space: 8588886016, logical space: 8026996276 (physical/logical * 100 = 107)
[59510.272812] NVMeVirt: ns 0/1: size 7655 MiB
[59510.272858] PCI host bridge to bus 0001:10
[59510.272860] pci_bus 0001:10: root bus resource [io  0x0000-0xffff]
[59510.272862] pci_bus 0001:10: root bus resource [mem 0x00000000-0x7fffffffff]
[59510.272864] pci_bus 0001:10: root bus resource [bus 00-ff]
[59510.272871] pci 0001:10:00.0: [0c51:0110] type 00 class 0x010802 PCIe Endpoint
[59510.272875] pci 0001:10:00.0: BAR 0 [mem 0x100000000-0x100003fff 64bit]
[59510.272877] pci 0001:10:00.0: enabling Extended Tags
[59510.273072] NVMeVirt: Virtual PCI bus created (node 0)
[59510.273371] NVMeVirt: nvmev_io_worker_0 started on cpu 2 (node 0)
[59510.273458] NVMeVirt: Virtual NVMe device created
[59510.274256] nvme nvme0: pci function 0001:10:00.0
[59510.274468] NVMeVirt: nvmev_dispatcher started on cpu 1 (node 0)
[59510.276414] nvme nvme0: 8/0/0 default/read/poll queues
[59510.363814] EXT4-fs (nvme0n1): mounted filesystem e8168bb0-9c7d-4d42-83f0-c77f47355fbd r/w with ordered data mode. Quota mode: none.
[59607.530197] NVMeVirt: GC window: seq=0 host_pages=262144 gc_pages=0 WAF=1.000 cum_host=262144 cum_gc=0
[59639.656300] NVMeVirt: GC window: seq=1 host_pages=262144 gc_pages=0 WAF=1.000 cum_host=524288 cum_gc=0
[59671.718985] NVMeVirt: GC window: seq=2 host_pages=262144 gc_pages=0 WAF=1.000 cum_host=786432 cum_gc=0
[59704.036829] NVMeVirt: GC window: seq=3 host_pages=262144 gc_pages=0 WAF=1.000 cum_host=1048576 cum_gc=0
[59736.802785] NVMeVirt: GC window: seq=4 host_pages=262144 gc_pages=0 WAF=1.000 cum_host=1310720 cum_gc=0
[59769.568507] NVMeVirt: GC window: seq=5 host_pages=262144 gc_pages=0 WAF=1.000 cum_host=1572864 cum_gc=0
[59802.334592] NVMeVirt: GC window: seq=6 host_pages=262144 gc_pages=0 WAF=1.000 cum_host=1835008 cum_gc=0
[59835.100307] NVMeVirt: GC window: seq=7 host_pages=262144 gc_pages=0 WAF=1.000 cum_host=2097152 cum_gc=0
[59867.866397] NVMeVirt: GC window: seq=8 host_pages=262144 gc_pages=0 WAF=1.000 cum_host=2359296 cum_gc=0
[59900.632111] NVMeVirt: GC window: seq=9 host_pages=262144 gc_pages=0 WAF=1.000 cum_host=2621440 cum_gc=0
[59933.398205] NVMeVirt: GC window: seq=10 host_pages=262144 gc_pages=0 WAF=1.000 cum_host=2883584 cum_gc=0
[59966.163917] NVMeVirt: GC window: seq=11 host_pages=262144 gc_pages=0 WAF=1.000 cum_host=3145728 cum_gc=0
[59998.929637] NVMeVirt: GC window: seq=12 host_pages=262144 gc_pages=0 WAF=1.000 cum_host=3407872 cum_gc=0
[60031.695734] NVMeVirt: GC window: seq=13 host_pages=262144 gc_pages=0 WAF=1.000 cum_host=3670016 cum_gc=0
[60064.461437] NVMeVirt: GC window: seq=14 host_pages=262144 gc_pages=0 WAF=1.000 cum_host=3932160 cum_gc=0
[60097.227526] NVMeVirt: GC window: seq=15 host_pages=262144 gc_pages=0 WAF=1.000 cum_host=4194304 cum_gc=0
[60127.028695] NVMeVirt: GC window: seq=16 host_pages=262144 gc_pages=0 WAF=1.000 cum_host=4456448 cum_gc=0
[60153.241837] NVMeVirt: GC window: seq=17 host_pages=262144 gc_pages=0 WAF=1.000 cum_host=4718592 cum_gc=0
[60179.454733] NVMeVirt: GC window: seq=18 host_pages=262144 gc_pages=0 WAF=1.000 cum_host=4980736 cum_gc=0
[60205.667878] NVMeVirt: GC window: seq=19 host_pages=262144 gc_pages=42362 WAF=1.161 cum_host=5242880 cum_gc=42362
[60231.881064] NVMeVirt: GC window: seq=20 host_pages=262144 gc_pages=67980 WAF=1.259 cum_host=5505024 cum_gc=110342
[60258.094299] NVMeVirt: GC window: seq=21 host_pages=262144 gc_pages=75045 WAF=1.286 cum_host=5767168 cum_gc=185387
[60284.307080] NVMeVirt: GC window: seq=22 host_pages=262144 gc_pages=101812 WAF=1.388 cum_host=6029312 cum_gc=287199
[60310.520342] NVMeVirt: GC window: seq=23 host_pages=262144 gc_pages=200811 WAF=1.766 cum_host=6291456 cum_gc=488010
[60336.733526] NVMeVirt: GC window: seq=24 host_pages=262144 gc_pages=287475 WAF=2.096 cum_host=6553600 cum_gc=775485
[60362.946645] NVMeVirt: GC window: seq=25 host_pages=262144 gc_pages=281403 WAF=2.073 cum_host=6815744 cum_gc=1056888
[60389.159544] NVMeVirt: GC window: seq=26 host_pages=262144 gc_pages=228735 WAF=1.872 cum_host=7077888 cum_gc=1285623
[60415.372682] NVMeVirt: GC window: seq=27 host_pages=262144 gc_pages=203424 WAF=1.776 cum_host=7340032 cum_gc=1489047
[60441.585841] NVMeVirt: GC window: seq=28 host_pages=262144 gc_pages=214771 WAF=1.819 cum_host=7602176 cum_gc=1703818
[60467.798980] NVMeVirt: GC window: seq=29 host_pages=262144 gc_pages=207844 WAF=1.792 cum_host=7864320 cum_gc=1911662
[60494.012253] NVMeVirt: GC window: seq=30 host_pages=262144 gc_pages=168753 WAF=1.643 cum_host=8126464 cum_gc=2080415
[60520.225054] NVMeVirt: GC window: seq=31 host_pages=262144 gc_pages=142570 WAF=1.543 cum_host=8388608 cum_gc=2222985
[60546.438305] NVMeVirt: GC window: seq=32 host_pages=262144 gc_pages=145453 WAF=1.554 cum_host=8650752 cum_gc=2368438
[60572.651436] NVMeVirt: GC window: seq=33 host_pages=262144 gc_pages=169820 WAF=1.647 cum_host=8912896 cum_gc=2538258
[60598.864586] NVMeVirt: GC window: seq=34 host_pages=262144 gc_pages=163100 WAF=1.622 cum_host=9175040 cum_gc=2701358
[60625.077483] NVMeVirt: GC window: seq=35 host_pages=262144 gc_pages=139694 WAF=1.532 cum_host=9437184 cum_gc=2841052
[60651.290634] NVMeVirt: GC window: seq=36 host_pages=262144 gc_pages=125373 WAF=1.478 cum_host=9699328 cum_gc=2966425
[60677.503788] NVMeVirt: GC window: seq=37 host_pages=262144 gc_pages=134438 WAF=1.512 cum_host=9961472 cum_gc=3100863
[60703.716927] NVMeVirt: GC window: seq=38 host_pages=262144 gc_pages=147949 WAF=1.564 cum_host=10223616 cum_gc=3248812
[60734.208359] NVMeVirt: GC window: seq=39 host_pages=262144 gc_pages=151348 WAF=1.577 cum_host=10485760 cum_gc=3400160
[60766.974070] NVMeVirt: GC window: seq=40 host_pages=262144 gc_pages=102389 WAF=1.390 cum_host=10747904 cum_gc=3502549
[60799.739789] NVMeVirt: GC window: seq=41 host_pages=262144 gc_pages=40728 WAF=1.155 cum_host=11010048 cum_gc=3543277
[60832.505879] NVMeVirt: GC window: seq=42 host_pages=262144 gc_pages=40226 WAF=1.153 cum_host=11272192 cum_gc=3583503
[60865.271589] NVMeVirt: GC window: seq=43 host_pages=262144 gc_pages=40095 WAF=1.152 cum_host=11534336 cum_gc=3623598
[60898.037683] NVMeVirt: GC window: seq=44 host_pages=262144 gc_pages=40147 WAF=1.153 cum_host=11796480 cum_gc=3663745
[60930.803400] NVMeVirt: GC window: seq=45 host_pages=262144 gc_pages=40109 WAF=1.153 cum_host=12058624 cum_gc=3703854
[60963.569485] NVMeVirt: GC window: seq=46 host_pages=262144 gc_pages=40193 WAF=1.153 cum_host=12320768 cum_gc=3744047
[60996.335204] NVMeVirt: GC window: seq=47 host_pages=262144 gc_pages=40197 WAF=1.153 cum_host=12582912 cum_gc=3784244
[61029.101290] NVMeVirt: GC window: seq=48 host_pages=262144 gc_pages=40107 WAF=1.152 cum_host=12845056 cum_gc=3824351
[61061.867010] NVMeVirt: GC window: seq=49 host_pages=262144 gc_pages=40073 WAF=1.152 cum_host=13107200 cum_gc=3864424
[61094.632735] NVMeVirt: GC window: seq=50 host_pages=262144 gc_pages=39947 WAF=1.152 cum_host=13369344 cum_gc=3904371
[61127.398816] NVMeVirt: GC window: seq=51 host_pages=262144 gc_pages=39934 WAF=1.152 cum_host=13631488 cum_gc=3944305
[61160.164524] NVMeVirt: GC window: seq=52 host_pages=262144 gc_pages=40015 WAF=1.152 cum_host=13893632 cum_gc=3984320
[61192.930615] NVMeVirt: GC window: seq=53 host_pages=262144 gc_pages=40110 WAF=1.153 cum_host=14155776 cum_gc=4024430
[61225.696330] NVMeVirt: GC window: seq=54 host_pages=262144 gc_pages=40126 WAF=1.153 cum_host=14417920 cum_gc=4064556
[61258.462428] NVMeVirt: GC window: seq=55 host_pages=262144 gc_pages=40199 WAF=1.153 cum_host=14680064 cum_gc=4104755
[61291.228138] NVMeVirt: GC window: seq=56 host_pages=262144 gc_pages=40070 WAF=1.152 cum_host=14942208 cum_gc=4144825
[61314.347350] EXT4-fs (nvme0n1): unmounting filesystem e8168bb0-9c7d-4d42-83f0-c77f47355fbd.
[61314.414566] pci_bus 0001:10: busn_res: [bus 10-ff] is released
[61314.414645] NVMeVirt: GC stats: policy=greedy age_mode=create host_pages=15126772 gc_pages=4165464 gc_count=301435 WAF=1.275 scale_pct=0 age_ratio=0
[61314.414650] NVMeVirt: GC victim hist: level=0 count=1052
[61314.414652] NVMeVirt: GC victim hist: level=1 count=18752
[61314.414654] NVMeVirt: GC victim hist: level=2 count=93197
[61314.414655] NVMeVirt: GC victim hist: level=3 count=147003
[61314.414657] NVMeVirt: GC victim hist: level=4 count=10034
[61314.414658] NVMeVirt: GC victim hist: level=5 count=7134
[61314.414660] NVMeVirt: GC victim hist: level=6 count=24267
[61314.414661] NVMeVirt: GC victim mean: victims=301439 vpc=13.81 age_ms=120470
[61314.482801] NVMeVirt: Virtual NVMe device closed
