[61314.571768] NVMeVirt: Version 1.10 for >> Samsung 970 Pro SSD <<
[61314.571775] NVMeVirt: Storage: 0x100100000-0x300000000 (8191 MiB)
[61314.583053] NVMeVirt: Total Capacity(GiB,MiB)=2,2048 chs=2 luns=4 lines=8192 blk-size(MiB,KiB)=0,64 line-size(MiB,KiB)=0,256
[61314.593678] NVMeVirt: [chmodel_init] bandwidth 800 max_credits 26 tx_time 152
[61314.603569] NVMeVirt: [chmodel_init] bandwidth 800 max_credits 26 tx_time 152
[61314.603584] NVMeVirt: [chmodel_init] bandwidth 3360 max_credits 110 tx_time 36
[61314.604567] NVMeVirt: pqueue: Copyright (c) 2014, Volkan Yazıcı <volkan.yazici@gmail.com>. All rights reserved.
[61314.604633] NVMeVirt: Init FTL instance with 2 channels (524288 pages)
[61314.604635] NVMeVirt: GC victim policy: cat-fig7 scale_pct=100 age_ratio=7
[61314.614855] NVMeVirt: [chmodel_init] bandwidth 800 max_credits 26 tx_time 152
[61314.628607] NVMeVirt: [chmodel_init] bandwidth 800 max_credits 26 tx_time 152
[61314.628622] NVMeVirt: [chmodel_init] bandwidth 3360 max_credits 110 tx_time 36
[61314.629548] NVMeVirt: Init FTL instance with 2 channels (524288 pages)
[61314.629551] NVMeVirt: GC victim policy: cat-fig7 scale_pct=100 age_ratio=7
[61314.639520] NVMeVirt: [chmodel_init] bandwidth 800 max_credits 26 tx_time 152
[61314.650854] NVMeVirt: [chmodel_init] bandwidth 800 max_credits 26 tx_time 152
[61314.650886] NVMeVirt: [chmodel_init] bandwidth 3360 max_credits 110 tx_time 36
[61314.652843] NVMeVirt: Init FTL instance with 2 channels (524288 pages)
[61314.652849] NVMeVirt: GC victim policy: cat-fig7 scale_pct=100 age_ratio=7
[61314.665103] NVMeVirt: [chmodel_init] bandwidth 800 max_credits 26 tx_time 152
[61314.674960] NVMeVirt: [chmodel_init] bandwidth 800 max_credits 26 tx_time 152
[61314.674974] NVMeVirt: [chmodel_init] bandwidth 3360 max_credits 110 tx_time 36
[61314.676019] NVMeVirt: Init FTL instance with 2 channels (524288 pages)
[61314.676022] NVMeVirt: GC victim policy: cat-fig7 scale_pct=100 age_ratio=7
[61314.676027] NVMeVirt: FTL physical space: 8588886016, logical space: 8026996276 (physical/logical * 100 = 107)
[61314.676029] NVMeVirt: ns 0/1: size 7655 MiB
[61314.676080] PCI host bridge to bus 0001:10
[61314.676082] pci_bus 0001:10: root bus resource [io  0x0000-0xffff]
[61314.676085] pci_bus 0001:10: root bus resource [mem 0x00000000-0x7fffffffff]
[61314.676087] pci_bus 0001:10: root bus resource [bus 00-ff]
[61314.676094] pci 0001:10:00.0: [0c51:0110] type 00 class 0x010802 PCIe Endpoint
[61314.676098] pci 0001:10:00.0: BAR 0 [mem 0x100000000-0x100003fff 64bit]
[61314.676101] pci 0001:10:00.0: enabling Extended Tags
[61314.676220] NVMeVirt: Virtual PCI bus created (node 0)
[61314.676551] NVMeVirt: Virtual NVMe device created
[61314.676572] NVMeVirt: nvmev_dispatcher started on cpu 1 (node 0)
[61314.677287] NVMeVirt: nvmev_io_worker_0 started on cpu 2 (node 0)
[61314.677811] nvme nvme0: pci function 0001:10:00.0
[61314.679981] nvme nvme0: 8/0/0 default/read/poll queues
[61314.760353] EXT4-fs (nvme0n1): mounted filesystem 8a1e63ba-be88-455f-96df-05053df875a8 r/w with ordered data mode. Quota mode: none.
[61410.165696] NVMeVirt: GC window: seq=0 host_pages=262144 gc_pages=0 WAF=1.000 cum_host=262144 cum_gc=0
[61442.932898] NVMeVirt: GC window: seq=1 host_pages=262144 gc_pages=0 WAF=1.000 cum_host=524288 cum_gc=0
[61475.699854] NVMeVirt: GC window: seq=2 host_pages=262144 gc_pages=0 WAF=1.000 cum_host=786432 cum_gc=0
[61508.466798] NVMeVirt: GC window: seq=3 host_pages=262144 gc_pages=0 WAF=1.000 cum_host=1048576 cum_gc=0
[61541.234131] NVMeVirt: GC window: seq=4 host_pages=262144 gc_pages=0 WAF=1.000 cum_host=1310720 cum_gc=0
[61574.001081] NVMeVirt: GC window: seq=5 host_pages=262144 gc_pages=0 WAF=1.000 cum_host=1572864 cum_gc=0
[61606.768412] NVMeVirt: GC window: seq=6 host_pages=262144 gc_pages=0 WAF=1.000 cum_host=1835008 cum_gc=0
[61639.535360] NVMeVirt: GC window: seq=7 host_pages=262144 gc_pages=0 WAF=1.000 cum_host=2097152 cum_gc=0
[61672.302687] NVMeVirt: GC window: seq=8 host_pages=262144 gc_pages=0 WAF=1.000 cum_host=2359296 cum_gc=0
[61705.069638] NVMeVirt: GC window: seq=9 host_pages=262144 gc_pages=0 WAF=1.000 cum_host=2621440 cum_gc=0
[61737.836968] NVMeVirt: GC window: seq=10 host_pages=262144 gc_pages=0 WAF=1.000 cum_host=2883584 cum_gc=0
[61770.603920] NVMeVirt: GC window: seq=11 host_pages=262144 gc_pages=0 WAF=1.000 cum_host=3145728 cum_gc=0
[61803.370874] NVMeVirt: GC window: seq=12 host_pages=262144 gc_pages=0 WAF=1.000 cum_host=3407872 cum_gc=0
[61836.138206] NVMeVirt: GC window: seq=13 host_pages=262144 gc_pages=0 WAF=1.000 cum_host=3670016 cum_gc=0
[61868.905160] NVMeVirt: GC window: seq=14 host_pages=262144 gc_pages=0 WAF=1.000 cum_host=3932160 cum_gc=0
[61901.672483] NVMeVirt: GC window: seq=15 host_pages=262144 gc_pages=0 WAF=1.000 cum_host=4194304 cum_gc=0
[61931.479621] NVMeVirt: GC window: seq=16 host_pages=262144 gc_pages=0 WAF=1.000 cum_host=4456448 cum_gc=0
[61957.693720] NVMeVirt: GC window: seq=17 host_pages=262144 gc_pages=0 WAF=1.000 cum_host=4718592 cum_gc=0
[61983.907607] NVMeVirt: GC window: seq=18 host_pages=262144 gc_pages=0 WAF=1.000 cum_host=4980736 cum_gc=0
[62010.121743] NVMeVirt: GC window: seq=19 host_pages=262144 gc_pages=43013 WAF=1.164 cum_host=5242880 cum_gc=43013
[62036.335885] NVMeVirt: GC window: seq=20 host_pages=262144 gc_pages=67269 WAF=1.256 cum_host=5505024 cum_gc=110282
[62062.550020] NVMeVirt: GC window: seq=21 host_pages=262144 gc_pages=72973 WAF=1.278 cum_host=5767168 cum_gc=183255
[62088.763904] NVMeVirt: GC window: seq=22 host_pages=262144 gc_pages=101431 WAF=1.386 cum_host=6029312 cum_gc=284686
[62114.978043] NVMeVirt: GC window: seq=23 host_pages=262144 gc_pages=199445 WAF=1.760 cum_host=6291456 cum_gc=484131
[62141.192273] NVMeVirt: GC window: seq=24 host_pages=262144 gc_pages=248625 WAF=1.948 cum_host=6553600 cum_gc=732756
[62167.406440] NVMeVirt: GC window: seq=25 host_pages=262144 gc_pages=211740 WAF=1.807 cum_host=6815744 cum_gc=944496
[62193.620286] NVMeVirt: GC window: seq=26 host_pages=262144 gc_pages=144517 WAF=1.551 cum_host=7077888 cum_gc=1089013
[62219.834467] NVMeVirt: GC window: seq=27 host_pages=262144 gc_pages=166877 WAF=1.636 cum_host=7340032 cum_gc=1255890
[62246.048607] NVMeVirt: GC window: seq=28 host_pages=262144 gc_pages=189239 WAF=1.721 cum_host=7602176 cum_gc=1445129
[62272.262751] NVMeVirt: GC window: seq=29 host_pages=262144 gc_pages=169125 WAF=1.645 cum_host=7864320 cum_gc=1614254
[62290.940320] audit: type=1107 audit(1788504801.437:317): pid=1429 uid=101 auid=4294967295 ses=4294967295 subj=unconfined msg='apparmor="DENIED" operation="dbus_signal"  bus="system" path="/com/redhat/PrinterSpooler" interface="com.redhat.PrinterSpooler" member="QueueChanged" mask="send" name="org.freedesktop.DBus" pid=2071 label="snap.cups.cupsd" peer_pid=21522 peer_label="unconfined"
                exe="/usr/bin/dbus-daemon" sauid=101 hostname=? addr=? terminal=?'
[62290.947490] audit: type=1107 audit(1788504801.444:318): pid=1429 uid=101 auid=4294967295 ses=4294967295 subj=unconfined msg='apparmor="DENIED" operation="dbus_signal"  bus="system" path="/com/redhat/PrinterSpooler" interface="com.redhat.PrinterSpooler" member="QueueChanged" mask="send" name="org.freedesktop.DBus" pid=2071 label="snap.cups.cupsd" peer_pid=21522 peer_label="unconfined"
                exe="/usr/bin/dbus-daemon" sauid=101 hostname=? addr=? terminal=?'
[62291.496021] audit: type=1107 audit(1788504801.993:319): pid=1429 uid=101 auid=4294967295 ses=4294967295 subj=unconfined msg='apparmor="DENIED" operation="dbus_signal"  bus="system" path="/com/redhat/PrinterSpooler" interface="com.redhat.PrinterSpooler" member="QueueChanged" mask="send" name="org.freedesktop.DBus" pid=2071 label="snap.cups.cupsd" peer_pid=21522 peer_label="unconfined"
                exe="/usr/bin/dbus-daemon" sauid=101 hostname=? addr=? terminal=?'
[62298.476880] NVMeVirt: GC window: seq=30 host_pages=262144 gc_pages=140523 WAF=1.536 cum_host=8126464 cum_gc=1754777
[62324.690764] NVMeVirt: GC window: seq=31 host_pages=262144 gc_pages=119337 WAF=1.455 cum_host=8388608 cum_gc=1874114
[62350.904903] NVMeVirt: GC window: seq=32 host_pages=262144 gc_pages=147740 WAF=1.563 cum_host=8650752 cum_gc=2021854
[62377.119121] NVMeVirt: GC window: seq=33 host_pages=262144 gc_pages=166110 WAF=1.633 cum_host=8912896 cum_gc=2187964
[62382.025305] audit: type=1107 audit(1788504892.520:320): pid=1429 uid=101 auid=4294967295 ses=4294967295 subj=unconfined msg='apparmor="DENIED" operation="dbus_signal"  bus="system" path="/com/redhat/PrinterSpooler" interface="com.redhat.PrinterSpooler" member="QueueChanged" mask="send" name="org.freedesktop.DBus" pid=2071 label="snap.cups.cupsd" peer_pid=21522 peer_label="unconfined"
                exe="/usr/bin/dbus-daemon" sauid=101 hostname=? addr=? terminal=?'
[62382.342565] audit: type=1107 audit(1788504892.837:321): pid=1429 uid=101 auid=4294967295 ses=4294967295 subj=unconfined msg='apparmor="DENIED" operation="dbus_signal"  bus="system" path="/com/redhat/PrinterSpooler" interface="com.redhat.PrinterSpooler" member="QueueChanged" mask="send" name="org.freedesktop.DBus" pid=2071 label="snap.cups.cupsd" peer_pid=21522 peer_label="unconfined"
                exe="/usr/bin/dbus-daemon" sauid=101 hostname=? addr=? terminal=?'
[62382.456283] audit: type=1107 audit(1788504892.951:322): pid=1429 uid=101 auid=4294967295 ses=4294967295 subj=unconfined msg='apparmor="DENIED" operation="dbus_signal"  bus="system" path="/com/redhat/PrinterSpooler" interface="com.redhat.PrinterSpooler" member="QueueChanged" mask="send" name="org.freedesktop.DBus" pid=2071 label="snap.cups.cupsd" peer_pid=21522 peer_label="unconfined"
                exe="/usr/bin/dbus-daemon" sauid=101 hostname=? addr=? terminal=?'
[62382.600621] audit: type=1107 audit(1788504893.095:323): pid=1429 uid=101 auid=4294967295 ses=4294967295 subj=unconfined msg='apparmor="DENIED" operation="dbus_signal"  bus="system" path="/com/redhat/PrinterSpooler" interface="com.redhat.PrinterSpooler" member="QueueChanged" mask="send" name="org.freedesktop.DBus" pid=2071 label="snap.cups.cupsd" peer_pid=21522 peer_label="unconfined"
                exe="/usr/bin/dbus-daemon" sauid=101 hostname=? addr=? terminal=?'
[62387.850724] audit: type=1107 audit(1788504898.345:324): pid=1429 uid=101 auid=4294967295 ses=4294967295 subj=unconfined msg='apparmor="DENIED" operation="dbus_signal"  bus="system" path="/com/redhat/PrinterSpooler" interface="com.redhat.PrinterSpooler" member="QueueChanged" mask="send" name="org.freedesktop.DBus" pid=2071 label="snap.cups.cupsd" peer_pid=21522 peer_label="unconfined"
                exe="/usr/bin/dbus-daemon" sauid=101 hostname=? addr=? terminal=?'
[62388.883252] audit: type=1107 audit(1788504899.377:325): pid=1429 uid=101 auid=4294967295 ses=4294967295 subj=unconfined msg='apparmor="DENIED" operation="dbus_signal"  bus="system" path="/com/redhat/PrinterSpooler" interface="com.redhat.PrinterSpooler" member="QueueChanged" mask="send" name="org.freedesktop.DBus" pid=2071 label="snap.cups.cupsd" peer_pid=21522 peer_label="unconfined"
                exe="/usr/bin/dbus-daemon" sauid=101 hostname=? addr=? terminal=?'
[62388.891460] audit: type=1107 audit(1788504899.386:326): pid=1429 uid=101 auid=4294967295 ses=4294967295 subj=unconfined msg='apparmor="DENIED" operation="dbus_signal"  bus="system" path="/com/redhat/PrinterSpooler" interface="com.redhat.PrinterSpooler" member="QueueChanged" mask="send" name="org.freedesktop.DBus" pid=2071 label="snap.cups.cupsd" peer_pid=21522 peer_label="unconfined"
                exe="/usr/bin/dbus-daemon" sauid=101 hostname=? addr=? terminal=?'
[62388.914127] audit: type=1107 audit(1788504899.408:327): pid=1429 uid=101 auid=4294967295 ses=4294967295 subj=unconfined msg='apparmor="DENIED" operation="dbus_signal"  bus="system" path="/com/redhat/PrinterSpooler" interface="com.redhat.PrinterSpooler" member="QueueChanged" mask="send" name="org.freedesktop.DBus" pid=2071 label="snap.cups.cupsd" peer_pid=21522 peer_label="unconfined"
                exe="/usr/bin/dbus-daemon" sauid=101 hostname=? addr=? terminal=?'
[62403.333299] NVMeVirt: GC window: seq=34 host_pages=262144 gc_pages=151710 WAF=1.578 cum_host=9175040 cum_gc=2339674
[62429.547165] NVMeVirt: GC window: seq=35 host_pages=262144 gc_pages=121491 WAF=1.463 cum_host=9437184 cum_gc=2461165
[62455.761322] NVMeVirt: GC window: seq=36 host_pages=262144 gc_pages=104673 WAF=1.399 cum_host=9699328 cum_gc=2565838
[62479.113597] audit: type=1107 audit(1788504989.606:328): pid=1429 uid=101 auid=4294967295 ses=4294967295 subj=unconfined msg='apparmor="DENIED" operation="dbus_signal"  bus="system" path="/com/redhat/PrinterSpooler" interface="com.redhat.PrinterSpooler" member="QueueChanged" mask="send" name="org.freedesktop.DBus" pid=2071 label="snap.cups.cupsd" peer_pid=21522 peer_label="unconfined"
                exe="/usr/bin/dbus-daemon" sauid=101 hostname=? addr=? terminal=?'
[62479.138927] audit: type=1107 audit(1788504989.632:329): pid=1429 uid=101 auid=4294967295 ses=4294967295 subj=unconfined msg='apparmor="DENIED" operation="dbus_signal"  bus="system" path="/com/redhat/PrinterSpooler" interface="com.redhat.PrinterSpooler" member="QueueChanged" mask="send" name="org.freedesktop.DBus" pid=2071 label="snap.cups.cupsd" peer_pid=21522 peer_label="unconfined"
                exe="/usr/bin/dbus-daemon" sauid=101 hostname=? addr=? terminal=?'
[62479.165365] audit: type=1107 audit(1788504989.658:330): pid=1429 uid=101 auid=4294967295 ses=4294967295 subj=unconfined msg='apparmor="DENIED" operation="dbus_signal"  bus="system" path="/com/redhat/PrinterSpooler" interface="com.redhat.PrinterSpooler" member="QueueChanged" mask="send" name="org.freedesktop.DBus" pid=2071 label="snap.cups.cupsd" peer_pid=21522 peer_label="unconfined"
                exe="/usr/bin/dbus-daemon" sauid=101 hostname=? addr=? terminal=?'
[62479.193165] audit: type=1107 audit(1788504989.686:331): pid=1429 uid=101 auid=4294967295 ses=4294967295 subj=unconfined msg='apparmor="DENIED" operation="dbus_signal"  bus="system" path="/com/redhat/PrinterSpooler" interface="com.redhat.PrinterSpooler" member="QueueChanged" mask="send" name="org.freedesktop.DBus" pid=2071 label="snap.cups.cupsd" peer_pid=21522 peer_label="unconfined"
                exe="/usr/bin/dbus-daemon" sauid=101 hostname=? addr=? terminal=?'
[62481.975465] NVMeVirt: GC window: seq=37 host_pages=262144 gc_pages=127754 WAF=1.487 cum_host=9961472 cum_gc=2693592
[62484.219511] audit: type=1107 audit(1788504994.711:332): pid=1429 uid=101 auid=4294967295 ses=4294967295 subj=unconfined msg='apparmor="DENIED" operation="dbus_signal"  bus="system" path="/com/redhat/PrinterSpooler" interface="com.redhat.PrinterSpooler" member="QueueChanged" mask="send" name="org.freedesktop.DBus" pid=2071 label="snap.cups.cupsd" peer_pid=21522 peer_label="unconfined"
                exe="/usr/bin/dbus-daemon" sauid=101 hostname=? addr=? terminal=?'
[62508.189617] NVMeVirt: GC window: seq=38 host_pages=262144 gc_pages=125685 WAF=1.479 cum_host=10223616 cum_gc=2819277
[62538.650118] NVMeVirt: GC window: seq=39 host_pages=262144 gc_pages=124804 WAF=1.476 cum_host=10485760 cum_gc=2944081
[62571.417070] NVMeVirt: GC window: seq=40 host_pages=262144 gc_pages=82549 WAF=1.314 cum_host=10747904 cum_gc=3026630
[62604.184030] NVMeVirt: GC window: seq=41 host_pages=262144 gc_pages=17164 WAF=1.065 cum_host=11010048 cum_gc=3043794
[62636.951360] NVMeVirt: GC window: seq=42 host_pages=262144 gc_pages=16100 WAF=1.061 cum_host=11272192 cum_gc=3059894
[62669.718311] NVMeVirt: GC window: seq=43 host_pages=262144 gc_pages=13903 WAF=1.053 cum_host=11534336 cum_gc=3073797
[62702.485636] NVMeVirt: GC window: seq=44 host_pages=262144 gc_pages=13813 WAF=1.052 cum_host=11796480 cum_gc=3087610
[62735.252583] NVMeVirt: GC window: seq=45 host_pages=262144 gc_pages=13477 WAF=1.051 cum_host=12058624 cum_gc=3101087
[62768.019914] NVMeVirt: GC window: seq=46 host_pages=262144 gc_pages=12695 WAF=1.048 cum_host=12320768 cum_gc=3113782
[62800.786869] NVMeVirt: GC window: seq=47 host_pages=262144 gc_pages=12655 WAF=1.048 cum_host=12582912 cum_gc=3126437
[62833.554197] NVMeVirt: GC window: seq=48 host_pages=262144 gc_pages=12540 WAF=1.047 cum_host=12845056 cum_gc=3138977
[62866.321147] NVMeVirt: GC window: seq=49 host_pages=262144 gc_pages=12553 WAF=1.047 cum_host=13107200 cum_gc=3151530
[62899.088095] NVMeVirt: GC window: seq=50 host_pages=262144 gc_pages=12556 WAF=1.047 cum_host=13369344 cum_gc=3164086
[62931.855434] NVMeVirt: GC window: seq=51 host_pages=262144 gc_pages=12318 WAF=1.046 cum_host=13631488 cum_gc=3176404
[62964.622382] NVMeVirt: GC window: seq=52 host_pages=262144 gc_pages=12437 WAF=1.047 cum_host=13893632 cum_gc=3188841
[62997.389709] NVMeVirt: GC window: seq=53 host_pages=262144 gc_pages=12289 WAF=1.046 cum_host=14155776 cum_gc=3201130
[63030.156661] NVMeVirt: GC window: seq=54 host_pages=262144 gc_pages=12520 WAF=1.047 cum_host=14417920 cum_gc=3213650
[63062.923993] NVMeVirt: GC window: seq=55 host_pages=262144 gc_pages=12327 WAF=1.047 cum_host=14680064 cum_gc=3225977
[63095.690942] NVMeVirt: GC window: seq=56 host_pages=262144 gc_pages=12318 WAF=1.046 cum_host=14942208 cum_gc=3238295
[63118.809952] EXT4-fs (nvme0n1): unmounting filesystem 8a1e63ba-be88-455f-96df-05053df875a8.
[63118.867826] pci_bus 0001:10: busn_res: [bus 10-ff] is released
[63118.867940] NVMeVirt: GC stats: policy=cat-fig7 age_mode=last-inval host_pages=15126751 gc_pages=3250820 gc_count=287143 WAF=1.214 scale_pct=100 age_ratio=7
[63118.867944] NVMeVirt: GC victim hist: level=0 count=390
[63118.867946] NVMeVirt: GC victim hist: level=1 count=1793
[63118.867947] NVMeVirt: GC victim hist: level=2 count=46417
[63118.867948] NVMeVirt: GC victim hist: level=3 count=188125
[63118.867949] NVMeVirt: GC victim hist: level=4 count=15027
[63118.867950] NVMeVirt: GC victim hist: level=5 count=10970
[63118.867951] NVMeVirt: GC victim hist: level=6 count=24425
[63118.867952] NVMeVirt: GC victim mean: victims=287147 vpc=11.32 age_ms=129116
[63118.923732] NVMeVirt: Virtual NVMe device closed
