[1652878.297446] mix-mixB-arm34-2169487 BEGIN
[1652878.401169] NVMeVirt: Version 1.10 for >> Samsung 970 Pro SSD <<
[1652878.401175] NVMeVirt: Storage: 0x100100000-0x300000000 (8191 MiB)
[1652878.411668] NVMeVirt: Total Capacity(GiB,MiB)=2,2048 chs=2 luns=4 lines=8192 blk-size(MiB,KiB)=0,64 line-size(MiB,KiB)=0,256
[1652878.422944] NVMeVirt: [chmodel_init] bandwidth 800 max_credits 26 tx_time 152
[1652878.433920] NVMeVirt: [chmodel_init] bandwidth 800 max_credits 26 tx_time 152
[1652878.433934] NVMeVirt: [chmodel_init] bandwidth 3360 max_credits 110 tx_time 36
[1652878.433936] NVMeVirt: Fixed CAT init ns=0 part=0 arm=34 k=7 scale_pct=50 age_ratio=7
[1652878.435139] NVMeVirt: pqueue: Copyright (c) 2014, Volkan Yazıcı <volkan.yazici@gmail.com>. All rights reserved.
[1652878.435176] NVMeVirt: Init FTL instance with 2 channels (524288 pages)
[1652878.435178] NVMeVirt: GC victim policy: cat-fig7-fixed ns=0 part=0 initial_k=7 initial_scale_pct=50 initial_age_ratio=7 warmup_gc=100
[1652878.445815] NVMeVirt: [chmodel_init] bandwidth 800 max_credits 26 tx_time 152
[1652878.456169] NVMeVirt: [chmodel_init] bandwidth 800 max_credits 26 tx_time 152
[1652878.456184] NVMeVirt: [chmodel_init] bandwidth 3360 max_credits 110 tx_time 36
[1652878.456186] NVMeVirt: Fixed CAT init ns=0 part=1 arm=34 k=7 scale_pct=50 age_ratio=7
[1652878.457532] NVMeVirt: Init FTL instance with 2 channels (524288 pages)
[1652878.457535] NVMeVirt: GC victim policy: cat-fig7-fixed ns=0 part=1 initial_k=7 initial_scale_pct=50 initial_age_ratio=7 warmup_gc=100
[1652878.468181] NVMeVirt: [chmodel_init] bandwidth 800 max_credits 26 tx_time 152
[1652878.478638] NVMeVirt: [chmodel_init] bandwidth 800 max_credits 26 tx_time 152
[1652878.478653] NVMeVirt: [chmodel_init] bandwidth 3360 max_credits 110 tx_time 36
[1652878.478655] NVMeVirt: Fixed CAT init ns=0 part=2 arm=34 k=7 scale_pct=50 age_ratio=7
[1652878.479971] NVMeVirt: Init FTL instance with 2 channels (524288 pages)
[1652878.479974] NVMeVirt: GC victim policy: cat-fig7-fixed ns=0 part=2 initial_k=7 initial_scale_pct=50 initial_age_ratio=7 warmup_gc=100
[1652878.490272] NVMeVirt: [chmodel_init] bandwidth 800 max_credits 26 tx_time 152
[1652878.500656] NVMeVirt: [chmodel_init] bandwidth 800 max_credits 26 tx_time 152
[1652878.500671] NVMeVirt: [chmodel_init] bandwidth 3360 max_credits 110 tx_time 36
[1652878.500673] NVMeVirt: Fixed CAT init ns=0 part=3 arm=34 k=7 scale_pct=50 age_ratio=7
[1652878.502004] NVMeVirt: Init FTL instance with 2 channels (524288 pages)
[1652878.502007] NVMeVirt: GC victim policy: cat-fig7-fixed ns=0 part=3 initial_k=7 initial_scale_pct=50 initial_age_ratio=7 warmup_gc=100
[1652878.502014] NVMeVirt: FTL physical space: 8588886016, logical space: 8026996276 (physical/logical * 100 = 107)
[1652878.502016] NVMeVirt: ns 0/1: size 7655 MiB
[1652878.502065] PCI host bridge to bus 0001:10
[1652878.502067] pci_bus 0001:10: root bus resource [io  0x0000-0xffff]
[1652878.502069] pci_bus 0001:10: root bus resource [mem 0x00000000-0x7fffffffff]
[1652878.502072] pci_bus 0001:10: root bus resource [bus 00-ff]
[1652878.502093] pci 0001:10:00.0: [0c51:0110] type 00 class 0x010802 PCIe Endpoint
[1652878.502097] pci 0001:10:00.0: BAR 0 [mem 0x100000000-0x100003fff 64bit]
[1652878.502100] pci 0001:10:00.0: enabling Extended Tags
[1652878.502220] NVMeVirt: Virtual PCI bus created (node 0)
[1652878.502613] NVMeVirt: nvmev_io_worker_0 started on cpu 2 (node 0)
[1652878.502721] NVMeVirt: nvmev_dispatcher started on cpu 1 (node 0)
[1652878.502750] NVMeVirt: Virtual NVMe device created
[1652878.502899] nvme nvme0: pci function 0001:10:00.0
[1652878.505199] nvme nvme0: 8/0/0 default/read/poll queues
[1652878.947239] EXT4-fs (nvme0n1): mounted filesystem 4e0b211b-00ee-4eef-859a-f8a041d1753e r/w with ordered data mode. Quota mode: none.
[1652961.208919] NVMeVirt: Fixed CAT init ns=0 part=0 arm=34 k=7 scale_pct=50 age_ratio=7
[1652961.208924] NVMeVirt: Fixed CAT init ns=0 part=1 arm=34 k=7 scale_pct=50 age_ratio=7
[1652961.208926] NVMeVirt: Fixed CAT init ns=0 part=2 arm=34 k=7 scale_pct=50 age_ratio=7
[1652961.208928] NVMeVirt: Fixed CAT init ns=0 part=3 arm=34 k=7 scale_pct=50 age_ratio=7
[1652961.208929] NVMeVirt: Measurement: command=start epoch=1 host_bytes=0 learner_active=1
[1652961.217790] mix-mixB-arm34-2169487 phase=A START
[1652961.228845] mix-mixB-arm34-2169487 phase=A LOAD
[1652987.542361] mix-mixB-arm34-2169487 phase=A RUN
[1652991.733947] tee (2169814): drop_caches: 3
[1652997.046783] tee (2169825): drop_caches: 3
[1653001.302313] tee (2169837): drop_caches: 3
[1653006.759242] tee (2169841): drop_caches: 3
[1653011.903958] tee (2169845): drop_caches: 3
[1653017.141261] tee (2169849): drop_caches: 3
[1653023.110350] tee (2169857): drop_caches: 3
[1653028.381825] tee (2169861): drop_caches: 3
[1653032.825383] tee (2169873): drop_caches: 3
[1653038.161927] tee (2169877): drop_caches: 3
[1653043.287758] tee (2169881): drop_caches: 3
[1653048.487653] tee (2169885): drop_caches: 3
[1653053.567715] tee (2169889): drop_caches: 3
[1653058.724171] tee (2169900): drop_caches: 3
[1653063.105971] tee (2169913): drop_caches: 3
[1653068.358692] tee (2169917): drop_caches: 3
[1653073.534284] tee (2169921): drop_caches: 3
[1653078.701519] tee (2169925): drop_caches: 3
[1653083.927365] tee (2169929): drop_caches: 3
[1653089.084045] tee (2169940): drop_caches: 3
[1653093.501985] tee (2169952): drop_caches: 3
[1653098.989927] tee (2169956): drop_caches: 3
[1653104.157388] tee (2169960): drop_caches: 3
[1653109.261711] tee (2169964): drop_caches: 3
[1653114.415489] tee (2169975): drop_caches: 3
[1653119.498104] tee (2169979): drop_caches: 3
[1653123.876338] tee (2169991): drop_caches: 3
[1653129.178553] tee (2169995): drop_caches: 3
[1653134.308119] tee (2169999): drop_caches: 3
[1653139.565254] tee (2170003): drop_caches: 3
[1653144.767222] tee (2170015): drop_caches: 3
[1653149.912483] tee (2170019): drop_caches: 3
[1653154.507841] tee (2170030): drop_caches: 3
[1653160.073746] tee (2170035): drop_caches: 3
[1653165.121124] tee (2170039): drop_caches: 3
[1653170.387407] tee (2170043): drop_caches: 3
[1653175.511354] tee (2170047): drop_caches: 3
[1653180.552730] tee (2170051): drop_caches: 3
[1653185.933176] tee (2170073): drop_caches: 3
[1653191.608449] tee (2170078): drop_caches: 3
[1653196.672848] tee (2170082): drop_caches: 3
[1653201.797567] tee (2170086): drop_caches: 3
[1653206.940114] tee (2170097): drop_caches: 3
[1653212.049911] tee (2170101): drop_caches: 3
[1653217.496069] tee (2170112): drop_caches: 3
[1653223.391545] tee (2170117): drop_caches: 3
[1653229.196289] tee (2170127): drop_caches: 3
[1653234.507277] tee (2170138): drop_caches: 3
[1653239.725804] tee (2170142): drop_caches: 3
[1653244.964166] tee (2170151): drop_caches: 3
[1653249.787645] tee (2170157): drop_caches: 3
[1653255.348231] tee (2170162): drop_caches: 3
[1653260.745821] tee (2170166): drop_caches: 3
[1653265.787122] tee (2170177): drop_caches: 3
[1653270.823096] tee (2170183): drop_caches: 3
[1653275.971115] tee (2170192): drop_caches: 3
[1653281.579696] tee (2170198): drop_caches: 3
[1653287.625208] tee (2170206): drop_caches: 3
[1653293.204829] tee (2170235): drop_caches: 3
[1653305.060735] tee (2170289): drop_caches: 3
[1653312.873745] mix-mixB-arm34-2169487 phase=A END
[1653312.880960] mix-mixB-arm34-2169487 phase=B START
[1653917.428693] mix-mixB-arm34-2169487 phase=B END
[1653917.575347] NVMeVirt: Measurement: command=stop epoch=1 host_bytes=131415719936 learner_active=0
[1653920.779138] EXT4-fs (nvme0n1): unmounting filesystem 4e0b211b-00ee-4eef-859a-f8a041d1753e.
[1653921.002599] pci_bus 0001:10: busn_res: [bus 10-ff] is released
[1653921.002644] NVMeVirt: GC stats: ns=0 policy=cat-fig7-fixed host_pages=32083916 gc_pages=61565980 gc_count=1463279 WAF=2.918 warmup_gc=100-per-part
[1653921.073417] NVMeVirt: Virtual NVMe device closed
