[1726825.373416] mix-mixL-arm16-2305023 BEGIN
[1726825.543715] NVMeVirt: Version 1.10 for >> Samsung 970 Pro SSD <<
[1726825.543722] NVMeVirt: Storage: 0x100100000-0x300000000 (8191 MiB)
[1726825.556107] NVMeVirt: Total Capacity(GiB,MiB)=2,2048 chs=2 luns=4 lines=8192 blk-size(MiB,KiB)=0,64 line-size(MiB,KiB)=0,256
[1726825.567770] NVMeVirt: [chmodel_init] bandwidth 800 max_credits 26 tx_time 152
[1726825.579047] NVMeVirt: [chmodel_init] bandwidth 800 max_credits 26 tx_time 152
[1726825.579067] NVMeVirt: [chmodel_init] bandwidth 3360 max_credits 110 tx_time 36
[1726825.579070] NVMeVirt: Fixed CAT init ns=0 part=0 arm=16 k=4 scale_pct=25 age_ratio=7
[1726825.580673] NVMeVirt: pqueue: Copyright (c) 2014, Volkan Yazıcı <volkan.yazici@gmail.com>. All rights reserved.
[1726825.580722] NVMeVirt: Init FTL instance with 2 channels (524288 pages)
[1726825.580724] NVMeVirt: GC victim policy: cat-fig7-fixed ns=0 part=0 initial_k=4 initial_scale_pct=25 initial_age_ratio=7 warmup_gc=100
[1726825.594325] NVMeVirt: [chmodel_init] bandwidth 800 max_credits 26 tx_time 152
[1726825.604728] NVMeVirt: [chmodel_init] bandwidth 800 max_credits 26 tx_time 152
[1726825.604757] NVMeVirt: [chmodel_init] bandwidth 3360 max_credits 110 tx_time 36
[1726825.604759] NVMeVirt: Fixed CAT init ns=0 part=1 arm=16 k=4 scale_pct=25 age_ratio=7
[1726825.606045] NVMeVirt: Init FTL instance with 2 channels (524288 pages)
[1726825.606048] NVMeVirt: GC victim policy: cat-fig7-fixed ns=0 part=1 initial_k=4 initial_scale_pct=25 initial_age_ratio=7 warmup_gc=100
[1726825.617512] NVMeVirt: [chmodel_init] bandwidth 800 max_credits 26 tx_time 152
[1726825.629555] NVMeVirt: [chmodel_init] bandwidth 800 max_credits 26 tx_time 152
[1726825.629570] NVMeVirt: [chmodel_init] bandwidth 3360 max_credits 110 tx_time 36
[1726825.629572] NVMeVirt: Fixed CAT init ns=0 part=2 arm=16 k=4 scale_pct=25 age_ratio=7
[1726825.630793] NVMeVirt: Init FTL instance with 2 channels (524288 pages)
[1726825.630795] NVMeVirt: GC victim policy: cat-fig7-fixed ns=0 part=2 initial_k=4 initial_scale_pct=25 initial_age_ratio=7 warmup_gc=100
[1726825.640947] NVMeVirt: [chmodel_init] bandwidth 800 max_credits 26 tx_time 152
[1726825.652248] NVMeVirt: [chmodel_init] bandwidth 800 max_credits 26 tx_time 152
[1726825.652264] NVMeVirt: [chmodel_init] bandwidth 3360 max_credits 110 tx_time 36
[1726825.652266] NVMeVirt: Fixed CAT init ns=0 part=3 arm=16 k=4 scale_pct=25 age_ratio=7
[1726825.653687] NVMeVirt: Init FTL instance with 2 channels (524288 pages)
[1726825.653692] NVMeVirt: GC victim policy: cat-fig7-fixed ns=0 part=3 initial_k=4 initial_scale_pct=25 initial_age_ratio=7 warmup_gc=100
[1726825.653699] NVMeVirt: FTL physical space: 8588886016, logical space: 8026996276 (physical/logical * 100 = 107)
[1726825.653701] NVMeVirt: ns 0/1: size 7655 MiB
[1726825.653759] PCI host bridge to bus 0001:10
[1726825.653761] pci_bus 0001:10: root bus resource [io  0x0000-0xffff]
[1726825.653764] pci_bus 0001:10: root bus resource [mem 0x00000000-0x7fffffffff]
[1726825.653766] pci_bus 0001:10: root bus resource [bus 00-ff]
[1726825.653774] pci 0001:10:00.0: [0c51:0110] type 00 class 0x010802 PCIe Endpoint
[1726825.653778] pci 0001:10:00.0: BAR 0 [mem 0x100000000-0x100003fff 64bit]
[1726825.653781] pci 0001:10:00.0: enabling Extended Tags
[1726825.653918] NVMeVirt: Virtual PCI bus created (node 0)
[1726825.654181] NVMeVirt: nvmev_io_worker_0 started on cpu 2 (node 0)
[1726825.654203] NVMeVirt: nvmev_dispatcher started on cpu 1 (node 0)
[1726825.654232] NVMeVirt: Virtual NVMe device created
[1726825.654361] nvme nvme0: pci function 0001:10:00.0
[1726825.659107] nvme nvme0: 8/0/0 default/read/poll queues
[1726826.341889] EXT4-fs (nvme0n1): mounted filesystem 989521ef-2d1c-41ed-b260-99df45b25b80 r/w with ordered data mode. Quota mode: none.
[1726908.687953] NVMeVirt: Fixed CAT init ns=0 part=0 arm=16 k=4 scale_pct=25 age_ratio=7
[1726908.687960] NVMeVirt: Fixed CAT init ns=0 part=1 arm=16 k=4 scale_pct=25 age_ratio=7
[1726908.687963] NVMeVirt: Fixed CAT init ns=0 part=2 arm=16 k=4 scale_pct=25 age_ratio=7
[1726908.687965] NVMeVirt: Fixed CAT init ns=0 part=3 arm=16 k=4 scale_pct=25 age_ratio=7
[1726908.687968] NVMeVirt: Measurement: command=start epoch=1 host_bytes=0 learner_active=1
[1726908.698043] mix-mixL-arm16-2305023 phase=A START
[1726908.706518] mix-mixL-arm16-2305023 phase=A cycle=1 fast
[1726969.018655] mix-mixL-arm16-2305023 phase=A cycle=1 slow
[1727029.359641] mix-mixL-arm16-2305023 phase=A cycle=2 fast
[1727089.657658] mix-mixL-arm16-2305023 phase=A cycle=2 slow
[1727149.960401] mix-mixL-arm16-2305023 phase=A cycle=3 fast
[1727210.263338] mix-mixL-arm16-2305023 phase=A cycle=3 slow
[1727270.581352] mix-mixL-arm16-2305023 phase=A cycle=4 fast
[1727330.896431] mix-mixL-arm16-2305023 phase=A cycle=4 slow
[1727391.199094] mix-mixL-arm16-2305023 phase=A cycle=5 fast
[1727451.499726] mix-mixL-arm16-2305023 phase=A cycle=5 slow
[1727511.822486] mix-mixL-arm16-2305023 phase=A END
[1727511.853705] NVMeVirt: Measurement: command=stop epoch=1 host_bytes=61442277376 learner_active=0
[1727511.971638] EXT4-fs (nvme0n1): unmounting filesystem 989521ef-2d1c-41ed-b260-99df45b25b80.
[1727512.037154] pci_bus 0001:10: busn_res: [bus 10-ff] is released
[1727512.037265] NVMeVirt: GC stats: ns=0 policy=cat-fig7-fixed host_pages=15000556 gc_pages=8992339 gc_count=374889 WAF=1.599 warmup_gc=100-per-part
[1727512.112464] NVMeVirt: Virtual NVMe device closed
