[802168.201791] mix-mixO-fixed47-4056398 BEGIN
[802168.213571] NVMeVirt: Version 1.10 for >> Samsung 970 Pro SSD <<
[802168.213577] NVMeVirt: Storage: 0x100100000-0x300000000 (8191 MiB)
[802168.224936] NVMeVirt: Total Capacity(GiB,MiB)=2,2048 chs=2 luns=4 lines=8192 blk-size(MiB,KiB)=0,64 line-size(MiB,KiB)=0,256
[802168.237060] NVMeVirt: [chmodel_init] bandwidth 800 max_credits 26 tx_time 152
[802168.248195] NVMeVirt: [chmodel_init] bandwidth 800 max_credits 26 tx_time 152
[802168.248210] NVMeVirt: [chmodel_init] bandwidth 3360 max_credits 110 tx_time 36
[802168.248212] NVMeVirt: Fixed CAT init ns=0 part=0 arm=47 k=10 scale_pct=25 age_ratio=16
[802168.249128] NVMeVirt: pqueue: Copyright (c) 2014, Volkan Yazıcı <volkan.yazici@gmail.com>. All rights reserved.
[802168.249165] NVMeVirt: Init FTL instance with 2 channels (524288 pages)
[802168.249166] NVMeVirt: GC victim policy: cat-fig7-fixed ns=0 part=0 initial_k=10 initial_scale_pct=25 initial_age_ratio=16 warmup_gc=100
[802168.260361] NVMeVirt: [chmodel_init] bandwidth 800 max_credits 26 tx_time 152
[802168.271087] NVMeVirt: [chmodel_init] bandwidth 800 max_credits 26 tx_time 152
[802168.271101] NVMeVirt: [chmodel_init] bandwidth 3360 max_credits 110 tx_time 36
[802168.271103] NVMeVirt: Fixed CAT init ns=0 part=1 arm=47 k=10 scale_pct=25 age_ratio=16
[802168.272065] NVMeVirt: Init FTL instance with 2 channels (524288 pages)
[802168.272068] NVMeVirt: GC victim policy: cat-fig7-fixed ns=0 part=1 initial_k=10 initial_scale_pct=25 initial_age_ratio=16 warmup_gc=100
[802168.282750] NVMeVirt: [chmodel_init] bandwidth 800 max_credits 26 tx_time 152
[802168.293825] NVMeVirt: [chmodel_init] bandwidth 800 max_credits 26 tx_time 152
[802168.293841] NVMeVirt: [chmodel_init] bandwidth 3360 max_credits 110 tx_time 36
[802168.293843] NVMeVirt: Fixed CAT init ns=0 part=2 arm=47 k=10 scale_pct=25 age_ratio=16
[802168.294949] NVMeVirt: Init FTL instance with 2 channels (524288 pages)
[802168.294952] NVMeVirt: GC victim policy: cat-fig7-fixed ns=0 part=2 initial_k=10 initial_scale_pct=25 initial_age_ratio=16 warmup_gc=100
[802168.305690] NVMeVirt: [chmodel_init] bandwidth 800 max_credits 26 tx_time 152
[802168.316303] NVMeVirt: [chmodel_init] bandwidth 800 max_credits 26 tx_time 152
[802168.316318] NVMeVirt: [chmodel_init] bandwidth 3360 max_credits 110 tx_time 36
[802168.316320] NVMeVirt: Fixed CAT init ns=0 part=3 arm=47 k=10 scale_pct=25 age_ratio=16
[802168.317291] NVMeVirt: Init FTL instance with 2 channels (524288 pages)
[802168.317294] NVMeVirt: GC victim policy: cat-fig7-fixed ns=0 part=3 initial_k=10 initial_scale_pct=25 initial_age_ratio=16 warmup_gc=100
[802168.317300] NVMeVirt: FTL physical space: 8588886016, logical space: 8026996276 (physical/logical * 100 = 107)
[802168.317302] NVMeVirt: ns 0/1: size 7655 MiB
[802168.317352] PCI host bridge to bus 0001:10
[802168.317354] pci_bus 0001:10: root bus resource [io  0x0000-0xffff]
[802168.317357] pci_bus 0001:10: root bus resource [mem 0x00000000-0x7fffffffff]
[802168.317359] pci_bus 0001:10: root bus resource [bus 00-ff]
[802168.317380] pci 0001:10:00.0: [0c51:0110] type 00 class 0x010802 PCIe Endpoint
[802168.317385] pci 0001:10:00.0: BAR 0 [mem 0x100000000-0x100003fff 64bit]
[802168.317388] pci 0001:10:00.0: enabling Extended Tags
[802168.317537] NVMeVirt: Virtual PCI bus created (node 0)
[802168.317916] NVMeVirt: Virtual NVMe device created
[802168.317950] NVMeVirt: nvmev_dispatcher started on cpu 1 (node 0)
[802168.318284] NVMeVirt: nvmev_io_worker_0 started on cpu 2 (node 0)
[802168.321680] nvme nvme0: pci function 0001:10:00.0
[802168.326012] nvme nvme0: 8/0/0 default/read/poll queues
[802168.401951] EXT4-fs (nvme0n1): mounted filesystem cc782329-e471-4461-b5d8-067d0545bdb2 r/w with ordered data mode. Quota mode: none.
[802250.434447] NVMeVirt: Fixed CAT init ns=0 part=0 arm=47 k=10 scale_pct=25 age_ratio=16
[802250.434454] NVMeVirt: Fixed CAT init ns=0 part=1 arm=47 k=10 scale_pct=25 age_ratio=16
[802250.434457] NVMeVirt: Fixed CAT init ns=0 part=2 arm=47 k=10 scale_pct=25 age_ratio=16
[802250.434459] NVMeVirt: Fixed CAT init ns=0 part=3 arm=47 k=10 scale_pct=25 age_ratio=16
[802250.434461] NVMeVirt: Measurement: command=start epoch=1 host_bytes=0 learner_active=1
[802250.462413] mix-mixO-fixed47-4056398 phase=A START
[802554.531373] mix-mixO-fixed47-4056398 phase=A END
[802554.565689] mix-mixO-fixed47-4056398 phase=B START
[802857.882946] mix-mixO-fixed47-4056398 phase=B END
[802857.886490] NVMeVirt: Measurement: command=stop epoch=1 host_bytes=235933261824 learner_active=0
[802857.958779] EXT4-fs (nvme0n1): unmounting filesystem cc782329-e471-4461-b5d8-067d0545bdb2.
[802858.055566] pci_bus 0001:10: busn_res: [bus 10-ff] is released
[802858.055633] NVMeVirt: GC stats: ns=0 policy=cat-fig7-fixed host_pages=57600894 gc_pages=52539010 gc_count=1720936 WAF=1.912 warmup_gc=100-per-part
[802858.142120] NVMeVirt: Virtual NVMe device closed
