[1729608.120177] mix-mixL-arm35-2311586 BEGIN
[1729608.265633] NVMeVirt: Version 1.10 for >> Samsung 970 Pro SSD <<
[1729608.265640] NVMeVirt: Storage: 0x100100000-0x300000000 (8191 MiB)
[1729608.277068] NVMeVirt: Total Capacity(GiB,MiB)=2,2048 chs=2 luns=4 lines=8192 blk-size(MiB,KiB)=0,64 line-size(MiB,KiB)=0,256
[1729608.289285] NVMeVirt: [chmodel_init] bandwidth 800 max_credits 26 tx_time 152
[1729608.300480] NVMeVirt: [chmodel_init] bandwidth 800 max_credits 26 tx_time 152
[1729608.300493] NVMeVirt: [chmodel_init] bandwidth 3360 max_credits 110 tx_time 36
[1729608.300495] NVMeVirt: Fixed CAT init ns=0 part=0 arm=35 k=7 scale_pct=50 age_ratio=16
[1729608.301728] NVMeVirt: pqueue: Copyright (c) 2014, Volkan Yazıcı <volkan.yazici@gmail.com>. All rights reserved.
[1729608.301765] NVMeVirt: Init FTL instance with 2 channels (524288 pages)
[1729608.301767] NVMeVirt: GC victim policy: cat-fig7-fixed ns=0 part=0 initial_k=7 initial_scale_pct=50 initial_age_ratio=16 warmup_gc=100
[1729608.314677] NVMeVirt: [chmodel_init] bandwidth 800 max_credits 26 tx_time 152
[1729608.325481] NVMeVirt: [chmodel_init] bandwidth 800 max_credits 26 tx_time 152
[1729608.325495] NVMeVirt: [chmodel_init] bandwidth 3360 max_credits 110 tx_time 36
[1729608.325497] NVMeVirt: Fixed CAT init ns=0 part=1 arm=35 k=7 scale_pct=50 age_ratio=16
[1729608.326814] NVMeVirt: Init FTL instance with 2 channels (524288 pages)
[1729608.326817] NVMeVirt: GC victim policy: cat-fig7-fixed ns=0 part=1 initial_k=7 initial_scale_pct=50 initial_age_ratio=16 warmup_gc=100
[1729608.337615] NVMeVirt: [chmodel_init] bandwidth 800 max_credits 26 tx_time 152
[1729608.350315] NVMeVirt: [chmodel_init] bandwidth 800 max_credits 26 tx_time 152
[1729608.350329] NVMeVirt: [chmodel_init] bandwidth 3360 max_credits 110 tx_time 36
[1729608.350331] NVMeVirt: Fixed CAT init ns=0 part=2 arm=35 k=7 scale_pct=50 age_ratio=16
[1729608.351650] NVMeVirt: Init FTL instance with 2 channels (524288 pages)
[1729608.351653] NVMeVirt: GC victim policy: cat-fig7-fixed ns=0 part=2 initial_k=7 initial_scale_pct=50 initial_age_ratio=16 warmup_gc=100
[1729608.362230] NVMeVirt: [chmodel_init] bandwidth 800 max_credits 26 tx_time 152
[1729608.372899] NVMeVirt: [chmodel_init] bandwidth 800 max_credits 26 tx_time 152
[1729608.372919] NVMeVirt: [chmodel_init] bandwidth 3360 max_credits 110 tx_time 36
[1729608.372921] NVMeVirt: Fixed CAT init ns=0 part=3 arm=35 k=7 scale_pct=50 age_ratio=16
[1729608.375134] NVMeVirt: Init FTL instance with 2 channels (524288 pages)
[1729608.375144] NVMeVirt: GC victim policy: cat-fig7-fixed ns=0 part=3 initial_k=7 initial_scale_pct=50 initial_age_ratio=16 warmup_gc=100
[1729608.375155] NVMeVirt: FTL physical space: 8588886016, logical space: 8026996276 (physical/logical * 100 = 107)
[1729608.375157] NVMeVirt: ns 0/1: size 7655 MiB
[1729608.375266] PCI host bridge to bus 0001:10
[1729608.375271] pci_bus 0001:10: root bus resource [io  0x0000-0xffff]
[1729608.375277] pci_bus 0001:10: root bus resource [mem 0x00000000-0x7fffffffff]
[1729608.375280] pci_bus 0001:10: root bus resource [bus 00-ff]
[1729608.375293] pci 0001:10:00.0: [0c51:0110] type 00 class 0x010802 PCIe Endpoint
[1729608.375299] pci 0001:10:00.0: BAR 0 [mem 0x100000000-0x100003fff 64bit]
[1729608.375303] pci 0001:10:00.0: enabling Extended Tags
[1729608.375503] NVMeVirt: Virtual PCI bus created (node 0)
[1729608.375946] NVMeVirt: nvmev_io_worker_0 started on cpu 2 (node 0)
[1729608.376073] NVMeVirt: Virtual NVMe device created
[1729608.376924] NVMeVirt: nvmev_dispatcher started on cpu 1 (node 0)
[1729608.378039] nvme nvme0: pci function 0001:10:00.0
[1729608.380754] nvme nvme0: 8/0/0 default/read/poll queues
[1729608.870547] EXT4-fs (nvme0n1): mounted filesystem 94c17f1b-2f9e-4376-afc3-4f35c0bb171f r/w with ordered data mode. Quota mode: none.
[1729691.308047] NVMeVirt: Fixed CAT init ns=0 part=0 arm=35 k=7 scale_pct=50 age_ratio=16
[1729691.308053] NVMeVirt: Fixed CAT init ns=0 part=1 arm=35 k=7 scale_pct=50 age_ratio=16
[1729691.308056] NVMeVirt: Fixed CAT init ns=0 part=2 arm=35 k=7 scale_pct=50 age_ratio=16
[1729691.308059] NVMeVirt: Fixed CAT init ns=0 part=3 arm=35 k=7 scale_pct=50 age_ratio=16
[1729691.308061] NVMeVirt: Measurement: command=start epoch=1 host_bytes=0 learner_active=1
[1729691.318059] mix-mixL-arm35-2311586 phase=A START
[1729691.326833] mix-mixL-arm35-2311586 phase=A cycle=1 fast
[1729751.634751] mix-mixL-arm35-2311586 phase=A cycle=1 slow
[1729812.015197] mix-mixL-arm35-2311586 phase=A cycle=2 fast
[1729872.319719] mix-mixL-arm35-2311586 phase=A cycle=2 slow
[1729932.627112] mix-mixL-arm35-2311586 phase=A cycle=3 fast
[1729992.927685] mix-mixL-arm35-2311586 phase=A cycle=3 slow
[1730053.232570] mix-mixL-arm35-2311586 phase=A cycle=4 fast
[1730113.546919] mix-mixL-arm35-2311586 phase=A cycle=4 slow
[1730173.852517] mix-mixL-arm35-2311586 phase=A cycle=5 fast
[1730234.163068] mix-mixL-arm35-2311586 phase=A cycle=5 slow
[1730294.474436] mix-mixL-arm35-2311586 phase=A END
[1730294.517614] NVMeVirt: Measurement: command=stop epoch=1 host_bytes=61442228224 learner_active=0
[1730294.634915] EXT4-fs (nvme0n1): unmounting filesystem 94c17f1b-2f9e-4376-afc3-4f35c0bb171f.
[1730294.709060] pci_bus 0001:10: busn_res: [bus 10-ff] is released
[1730294.709121] NVMeVirt: GC stats: ns=0 policy=cat-fig7-fixed host_pages=15000544 gc_pages=8826409 gc_count=372297 WAF=1.588 warmup_gc=100-per-part
[1730294.786480] NVMeVirt: Virtual NVMe device closed
