[2478910.095973] mix-mixY-fixed47-2448674 BEGIN
[2478910.217078] NVMeVirt: Version 1.10 for >> Samsung 970 Pro SSD <<
[2478910.217085] NVMeVirt: Storage: 0x100100000-0x300000000 (8191 MiB)
[2478910.227827] NVMeVirt: Total Capacity(GiB,MiB)=2,2048 chs=2 luns=4 lines=8192 blk-size(MiB,KiB)=0,64 line-size(MiB,KiB)=0,256
[2478910.239390] NVMeVirt: [chmodel_init] bandwidth 800 max_credits 26 tx_time 152
[2478910.250585] NVMeVirt: [chmodel_init] bandwidth 800 max_credits 26 tx_time 152
[2478910.250599] NVMeVirt: [chmodel_init] bandwidth 3360 max_credits 110 tx_time 36
[2478910.250601] NVMeVirt: Fixed CAT init ns=0 part=0 arm=47 k=10 scale_pct=25 age_ratio=16
[2478910.251499] NVMeVirt: pqueue: Copyright (c) 2014, Volkan Yazıcı <volkan.yazici@gmail.com>. All rights reserved.
[2478910.251538] NVMeVirt: Init FTL instance with 2 channels (524288 pages)
[2478910.251540] NVMeVirt: GC victim policy: cat-fig7-fixed ns=0 part=0 initial_k=10 initial_scale_pct=25 initial_age_ratio=16 warmup_gc=100
[2478910.262092] NVMeVirt: [chmodel_init] bandwidth 800 max_credits 26 tx_time 152
[2478910.272339] NVMeVirt: [chmodel_init] bandwidth 800 max_credits 26 tx_time 152
[2478910.272353] NVMeVirt: [chmodel_init] bandwidth 3360 max_credits 110 tx_time 36
[2478910.272355] NVMeVirt: Fixed CAT init ns=0 part=1 arm=47 k=10 scale_pct=25 age_ratio=16
[2478910.273227] NVMeVirt: Init FTL instance with 2 channels (524288 pages)
[2478910.273230] NVMeVirt: GC victim policy: cat-fig7-fixed ns=0 part=1 initial_k=10 initial_scale_pct=25 initial_age_ratio=16 warmup_gc=100
[2478910.283639] NVMeVirt: [chmodel_init] bandwidth 800 max_credits 26 tx_time 152
[2478910.294058] NVMeVirt: [chmodel_init] bandwidth 800 max_credits 26 tx_time 152
[2478910.294072] NVMeVirt: [chmodel_init] bandwidth 3360 max_credits 110 tx_time 36
[2478910.294074] NVMeVirt: Fixed CAT init ns=0 part=2 arm=47 k=10 scale_pct=25 age_ratio=16
[2478910.294984] NVMeVirt: Init FTL instance with 2 channels (524288 pages)
[2478910.294987] NVMeVirt: GC victim policy: cat-fig7-fixed ns=0 part=2 initial_k=10 initial_scale_pct=25 initial_age_ratio=16 warmup_gc=100
[2478910.305268] NVMeVirt: [chmodel_init] bandwidth 800 max_credits 26 tx_time 152
[2478910.315547] NVMeVirt: [chmodel_init] bandwidth 800 max_credits 26 tx_time 152
[2478910.315561] NVMeVirt: [chmodel_init] bandwidth 3360 max_credits 110 tx_time 36
[2478910.315563] NVMeVirt: Fixed CAT init ns=0 part=3 arm=47 k=10 scale_pct=25 age_ratio=16
[2478910.316527] NVMeVirt: Init FTL instance with 2 channels (524288 pages)
[2478910.316530] NVMeVirt: GC victim policy: cat-fig7-fixed ns=0 part=3 initial_k=10 initial_scale_pct=25 initial_age_ratio=16 warmup_gc=100
[2478910.316536] NVMeVirt: FTL physical space: 8588886016, logical space: 8026996276 (physical/logical * 100 = 107)
[2478910.316538] NVMeVirt: ns 0/1: size 7655 MiB
[2478910.316587] PCI host bridge to bus 0001:10
[2478910.316589] pci_bus 0001:10: root bus resource [io  0x0000-0xffff]
[2478910.316592] pci_bus 0001:10: root bus resource [mem 0x00000000-0x7fffffffff]
[2478910.316594] pci_bus 0001:10: root bus resource [bus 00-ff]
[2478910.316616] pci 0001:10:00.0: [0c51:0110] type 00 class 0x010802 PCIe Endpoint
[2478910.316620] pci 0001:10:00.0: BAR 0 [mem 0x100000000-0x100003fff 64bit]
[2478910.316623] pci 0001:10:00.0: enabling Extended Tags
[2478910.316746] NVMeVirt: Virtual PCI bus created (node 0)
[2478910.317061] NVMeVirt: nvmev_io_worker_0 started on cpu 2 (node 0)
[2478910.317212] NVMeVirt: Virtual NVMe device created
[2478910.317215] NVMeVirt: nvmev_dispatcher started on cpu 1 (node 0)
[2478910.317421] nvme nvme0: pci function 0001:10:00.0
[2478910.322230] nvme nvme0: 8/0/0 default/read/poll queues
[2478910.771074] EXT4-fs (nvme0n1): mounted filesystem b89ef227-3f85-44eb-8544-8f8fbe5ca6a7 r/w with ordered data mode. Quota mode: none.
[2478993.050260] NVMeVirt: Fixed CAT init ns=0 part=0 arm=47 k=10 scale_pct=25 age_ratio=16
[2478993.050265] NVMeVirt: Fixed CAT init ns=0 part=1 arm=47 k=10 scale_pct=25 age_ratio=16
[2478993.050267] NVMeVirt: Fixed CAT init ns=0 part=2 arm=47 k=10 scale_pct=25 age_ratio=16
[2478993.050269] NVMeVirt: Fixed CAT init ns=0 part=3 arm=47 k=10 scale_pct=25 age_ratio=16
[2478993.050270] NVMeVirt: Measurement: command=start epoch=1 host_bytes=0 learner_active=1
[2478993.085427] mix-mixY-fixed47-2448674 phase=S01 START
[2480793.414567] mix-mixY-fixed47-2448674 phase=S01 END
[2480793.422932] mix-mixY-fixed47-2448674 phase=S02 START
[2482542.960102] workqueue: output_poll_execute hogged CPU for >10000us 16387 times, consider switching to WQ_UNBOUND
[2482593.806096] mix-mixY-fixed47-2448674 phase=S02 END
[2482593.878327] mix-mixY-fixed47-2448674 phase=S03 START
[2484396.808616] mix-mixY-fixed47-2448674 phase=S03 chunk=1/1 done
[2484397.543931] mix-mixY-fixed47-2448674 phase=S03 END
[2484397.552234] mix-mixY-fixed47-2448674 phase=S04 START
[2486197.841706] mix-mixY-fixed47-2448674 phase=S04 END
[2486197.854734] mix-mixY-fixed47-2448674 phase=S05 START
[2488000.727848] mix-mixY-fixed47-2448674 phase=S05 chunk=1/1 done
[2488001.394658] mix-mixY-fixed47-2448674 phase=S05 END
[2488001.402547] mix-mixY-fixed47-2448674 phase=S06 START
[2488547.709890] audit: type=1400 audit(1791612050.751:5661): apparmor="DENIED" operation="open" class="file" profile="snap.firmware-updater.firmware-notifier" name="/proc/sys/vm/max_map_count" pid=2458671 comm="firmware-notifi" requested_mask="r" denied_mask="r" fsuid=1000 ouid=0
[2488548.385829] audit: type=1400 audit(1791612051.427:5662): apparmor="DENIED" operation="open" class="file" profile="snap.firmware-updater.firmware-notifier" name="/proc/sys/vm/max_map_count" pid=2458927 comm="firmware-notifi" requested_mask="r" denied_mask="r" fsuid=1000 ouid=0
[2488549.132573] audit: type=1400 audit(1791612052.174:5663): apparmor="DENIED" operation="open" class="file" profile="snap.firmware-updater.firmware-notifier" name="/proc/sys/vm/max_map_count" pid=2459000 comm="firmware-notifi" requested_mask="r" denied_mask="r" fsuid=1000 ouid=0
[2488549.684638] audit: type=1400 audit(1791612052.726:5664): apparmor="DENIED" operation="open" class="file" profile="snap.firmware-updater.firmware-notifier" name="/proc/sys/vm/max_map_count" pid=2459072 comm="firmware-notifi" requested_mask="r" denied_mask="r" fsuid=1000 ouid=0
[2488550.129439] audit: type=1400 audit(1791612053.171:5665): apparmor="DENIED" operation="open" class="file" profile="snap.firmware-updater.firmware-notifier" name="/proc/sys/vm/max_map_count" pid=2459144 comm="firmware-notifi" requested_mask="r" denied_mask="r" fsuid=1000 ouid=0
[2489801.621652] mix-mixY-fixed47-2448674 phase=S06 END
[2489801.629638] mix-mixY-fixed47-2448674 phase=S07 START
[2491602.112930] mix-mixY-fixed47-2448674 phase=S07 END
[2491602.120858] mix-mixY-fixed47-2448674 phase=S08 START
[2493402.471553] mix-mixY-fixed47-2448674 phase=S08 END
[2493402.484546] mix-mixY-fixed47-2448674 phase=S09 START
[2495205.293286] mix-mixY-fixed47-2448674 phase=S09 chunk=1/1 done
[2495205.927332] mix-mixY-fixed47-2448674 phase=S09 END
[2495205.935525] mix-mixY-fixed47-2448674 phase=S10 START
[2497006.233712] mix-mixY-fixed47-2448674 phase=S10 END
[2497006.246076] mix-mixY-fixed47-2448674 phase=S11 START
[2498809.334460] mix-mixY-fixed47-2448674 phase=S11 chunk=1/1 done
[2498810.030812] mix-mixY-fixed47-2448674 phase=S11 END
[2498810.039596] mix-mixY-fixed47-2448674 phase=S12 START
[2499344.155789] audit: type=1400 audit(1791622847.057:5666): apparmor="DENIED" operation="open" class="file" profile="snap.firmware-updater.firmware-notifier" name="/proc/sys/vm/max_map_count" pid=2470286 comm="firmware-notifi" requested_mask="r" denied_mask="r" fsuid=1000 ouid=0
[2499345.020016] audit: type=1400 audit(1791622847.921:5667): apparmor="DENIED" operation="open" class="file" profile="snap.firmware-updater.firmware-notifier" name="/proc/sys/vm/max_map_count" pid=2470468 comm="firmware-notifi" requested_mask="r" denied_mask="r" fsuid=1000 ouid=0
[2499345.526534] audit: type=1400 audit(1791622848.428:5668): apparmor="DENIED" operation="open" class="file" profile="snap.firmware-updater.firmware-notifier" name="/proc/sys/vm/max_map_count" pid=2470576 comm="firmware-notifi" requested_mask="r" denied_mask="r" fsuid=1000 ouid=0
[2499346.028879] audit: type=1400 audit(1791622848.930:5669): apparmor="DENIED" operation="open" class="file" profile="snap.firmware-updater.firmware-notifier" name="/proc/sys/vm/max_map_count" pid=2470685 comm="firmware-notifi" requested_mask="r" denied_mask="r" fsuid=1000 ouid=0
[2499346.544985] audit: type=1400 audit(1791622849.446:5670): apparmor="DENIED" operation="open" class="file" profile="snap.firmware-updater.firmware-notifier" name="/proc/sys/vm/max_map_count" pid=2470765 comm="firmware-notifi" requested_mask="r" denied_mask="r" fsuid=1000 ouid=0
[2500610.324430] mix-mixY-fixed47-2448674 phase=S12 END
[2500610.332206] mix-mixY-fixed47-2448674 phase=S13 START
[2502410.719241] mix-mixY-fixed47-2448674 phase=S13 END
[2502410.726932] mix-mixY-fixed47-2448674 phase=S14 START
[2504210.943644] mix-mixY-fixed47-2448674 phase=S14 END
[2504210.955947] mix-mixY-fixed47-2448674 phase=S15 START
[2506014.082287] mix-mixY-fixed47-2448674 phase=S15 chunk=1/1 done
[2506014.739462] mix-mixY-fixed47-2448674 phase=S15 END
[2506014.747450] mix-mixY-fixed47-2448674 phase=S16 START
[2507815.067884] mix-mixY-fixed47-2448674 phase=S16 END
[2507815.081145] mix-mixY-fixed47-2448674 phase=S17 START
[2509618.264216] mix-mixY-fixed47-2448674 phase=S17 chunk=1/1 done
[2509618.957259] mix-mixY-fixed47-2448674 phase=S17 END
[2509618.965024] mix-mixY-fixed47-2448674 phase=S18 START
[2510144.333747] audit: type=1400 audit(1791633647.028:5671): apparmor="DENIED" operation="open" class="file" profile="snap.firmware-updater.firmware-notifier" name="/proc/sys/vm/max_map_count" pid=2481881 comm="firmware-notifi" requested_mask="r" denied_mask="r" fsuid=1000 ouid=0
[2510145.017251] audit: type=1400 audit(1791633647.712:5672): apparmor="DENIED" operation="open" class="file" profile="snap.firmware-updater.firmware-notifier" name="/proc/sys/vm/max_map_count" pid=2482026 comm="firmware-notifi" requested_mask="r" denied_mask="r" fsuid=1000 ouid=0
[2510145.732279] audit: type=1400 audit(1791633648.427:5673): apparmor="DENIED" operation="open" class="file" profile="snap.firmware-updater.firmware-notifier" name="/proc/sys/vm/max_map_count" pid=2482171 comm="firmware-notifi" requested_mask="r" denied_mask="r" fsuid=1000 ouid=0
[2510146.506673] audit: type=1400 audit(1791633649.201:5674): apparmor="DENIED" operation="open" class="file" profile="snap.firmware-updater.firmware-notifier" name="/proc/sys/vm/max_map_count" pid=2482281 comm="firmware-notifi" requested_mask="r" denied_mask="r" fsuid=1000 ouid=0
[2510146.976419] audit: type=1400 audit(1791633649.671:5675): apparmor="DENIED" operation="open" class="file" profile="snap.firmware-updater.firmware-notifier" name="/proc/sys/vm/max_map_count" pid=2482352 comm="firmware-notifi" requested_mask="r" denied_mask="r" fsuid=1000 ouid=0
[2511419.326125] mix-mixY-fixed47-2448674 phase=S18 END
[2511419.333871] mix-mixY-fixed47-2448674 phase=S19 START
[2513219.654291] mix-mixY-fixed47-2448674 phase=S19 END
[2513219.662204] mix-mixY-fixed47-2448674 phase=S20 START
[2515020.035753] mix-mixY-fixed47-2448674 phase=S20 END
[2515020.073554] NVMeVirt: Measurement: command=stop epoch=1 host_bytes=8255758450688 learner_active=0
[2515020.390933] EXT4-fs (nvme0n1): unmounting filesystem b89ef227-3f85-44eb-8544-8f8fbe5ca6a7.
[2515020.489529] pci_bus 0001:10: busn_res: [bus 10-ff] is released
[2515020.489583] NVMeVirt: GC stats: ns=0 policy=cat-fig7-fixed host_pages=2015566028 gc_pages=3757181146 gc_count=90199174 WAF=2.864 warmup_gc=100-per-part
[2515020.567093] NVMeVirt: Virtual NVMe device closed
