[1648724.663301] mix-mixB-arm17-2163822 BEGIN
[1648724.842240] NVMeVirt: Version 1.10 for >> Samsung 970 Pro SSD <<
[1648724.842247] NVMeVirt: Storage: 0x100100000-0x300000000 (8191 MiB)
[1648724.852765] NVMeVirt: Total Capacity(GiB,MiB)=2,2048 chs=2 luns=4 lines=8192 blk-size(MiB,KiB)=0,64 line-size(MiB,KiB)=0,256
[1648724.864194] NVMeVirt: [chmodel_init] bandwidth 800 max_credits 26 tx_time 152
[1648724.875248] NVMeVirt: [chmodel_init] bandwidth 800 max_credits 26 tx_time 152
[1648724.875262] NVMeVirt: [chmodel_init] bandwidth 3360 max_credits 110 tx_time 36
[1648724.875264] NVMeVirt: Fixed CAT init ns=0 part=0 arm=17 k=4 scale_pct=25 age_ratio=16
[1648724.876504] NVMeVirt: pqueue: Copyright (c) 2014, Volkan Yazıcı <volkan.yazici@gmail.com>. All rights reserved.
[1648724.876543] NVMeVirt: Init FTL instance with 2 channels (524288 pages)
[1648724.876545] NVMeVirt: GC victim policy: cat-fig7-fixed ns=0 part=0 initial_k=4 initial_scale_pct=25 initial_age_ratio=16 warmup_gc=100
[1648724.887177] NVMeVirt: [chmodel_init] bandwidth 800 max_credits 26 tx_time 152
[1648724.897711] NVMeVirt: [chmodel_init] bandwidth 800 max_credits 26 tx_time 152
[1648724.897726] NVMeVirt: [chmodel_init] bandwidth 3360 max_credits 110 tx_time 36
[1648724.897728] NVMeVirt: Fixed CAT init ns=0 part=1 arm=17 k=4 scale_pct=25 age_ratio=16
[1648724.899066] NVMeVirt: Init FTL instance with 2 channels (524288 pages)
[1648724.899072] NVMeVirt: GC victim policy: cat-fig7-fixed ns=0 part=1 initial_k=4 initial_scale_pct=25 initial_age_ratio=16 warmup_gc=100
[1648724.909626] NVMeVirt: [chmodel_init] bandwidth 800 max_credits 26 tx_time 152
[1648724.920235] NVMeVirt: [chmodel_init] bandwidth 800 max_credits 26 tx_time 152
[1648724.920249] NVMeVirt: [chmodel_init] bandwidth 3360 max_credits 110 tx_time 36
[1648724.920251] NVMeVirt: Fixed CAT init ns=0 part=2 arm=17 k=4 scale_pct=25 age_ratio=16
[1648724.921537] NVMeVirt: Init FTL instance with 2 channels (524288 pages)
[1648724.921541] NVMeVirt: GC victim policy: cat-fig7-fixed ns=0 part=2 initial_k=4 initial_scale_pct=25 initial_age_ratio=16 warmup_gc=100
[1648724.931785] NVMeVirt: [chmodel_init] bandwidth 800 max_credits 26 tx_time 152
[1648724.942312] NVMeVirt: [chmodel_init] bandwidth 800 max_credits 26 tx_time 152
[1648724.942332] NVMeVirt: [chmodel_init] bandwidth 3360 max_credits 110 tx_time 36
[1648724.942334] NVMeVirt: Fixed CAT init ns=0 part=3 arm=17 k=4 scale_pct=25 age_ratio=16
[1648724.943609] NVMeVirt: Init FTL instance with 2 channels (524288 pages)
[1648724.943612] NVMeVirt: GC victim policy: cat-fig7-fixed ns=0 part=3 initial_k=4 initial_scale_pct=25 initial_age_ratio=16 warmup_gc=100
[1648724.943618] NVMeVirt: FTL physical space: 8588886016, logical space: 8026996276 (physical/logical * 100 = 107)
[1648724.943619] NVMeVirt: ns 0/1: size 7655 MiB
[1648724.943670] PCI host bridge to bus 0001:10
[1648724.943686] pci_bus 0001:10: root bus resource [io  0x0000-0xffff]
[1648724.943689] pci_bus 0001:10: root bus resource [mem 0x00000000-0x7fffffffff]
[1648724.943691] pci_bus 0001:10: root bus resource [bus 00-ff]
[1648724.943699] pci 0001:10:00.0: [0c51:0110] type 00 class 0x010802 PCIe Endpoint
[1648724.943703] pci 0001:10:00.0: BAR 0 [mem 0x100000000-0x100003fff 64bit]
[1648724.943705] pci 0001:10:00.0: enabling Extended Tags
[1648724.943827] NVMeVirt: Virtual PCI bus created (node 0)
[1648724.944129] NVMeVirt: nvmev_io_worker_0 started on cpu 2 (node 0)
[1648724.944185] NVMeVirt: Virtual NVMe device created
[1648724.944200] NVMeVirt: nvmev_dispatcher started on cpu 1 (node 0)
[1648724.944345] nvme nvme0: pci function 0001:10:00.0
[1648724.947069] nvme nvme0: 8/0/0 default/read/poll queues
[1648725.404995] EXT4-fs (nvme0n1): mounted filesystem d3498a81-0539-49dd-a1f9-fe62eab118cd r/w with ordered data mode. Quota mode: none.
[1648807.675007] NVMeVirt: Fixed CAT init ns=0 part=0 arm=17 k=4 scale_pct=25 age_ratio=16
[1648807.675013] NVMeVirt: Fixed CAT init ns=0 part=1 arm=17 k=4 scale_pct=25 age_ratio=16
[1648807.675015] NVMeVirt: Fixed CAT init ns=0 part=2 arm=17 k=4 scale_pct=25 age_ratio=16
[1648807.675017] NVMeVirt: Fixed CAT init ns=0 part=3 arm=17 k=4 scale_pct=25 age_ratio=16
[1648807.675018] NVMeVirt: Measurement: command=start epoch=1 host_bytes=0 learner_active=1
[1648807.683789] mix-mixB-arm17-2163822 phase=A START
[1648807.694871] mix-mixB-arm17-2163822 phase=A LOAD
[1648833.249945] mix-mixB-arm17-2163822 phase=A RUN
[1648837.448396] tee (2164145): drop_caches: 3
[1648843.164818] tee (2164149): drop_caches: 3
[1648847.606503] tee (2164161): drop_caches: 3
[1648852.890092] tee (2164165): drop_caches: 3
[1648858.144974] tee (2164169): drop_caches: 3
[1648863.482252] tee (2164174): drop_caches: 3
[1648868.850374] tee (2164185): drop_caches: 3
[1648874.030978] tee (2164189): drop_caches: 3
[1648878.418851] tee (2164201): drop_caches: 3
[1648883.570598] tee (2164205): drop_caches: 3
[1648888.584314] tee (2164209): drop_caches: 3
[1648893.671352] tee (2164213): drop_caches: 3
[1648898.831249] tee (2164217): drop_caches: 3
[1648903.997025] tee (2164221): drop_caches: 3
[1648908.380564] tee (2164233): drop_caches: 3
[1648913.811006] tee (2164238): drop_caches: 3
[1648918.968797] tee (2164242): drop_caches: 3
[1648924.036701] tee (2164246): drop_caches: 3
[1648929.157046] tee (2164258): drop_caches: 3
[1648934.310476] tee (2164262): drop_caches: 3
[1648938.978023] tee (2164272): drop_caches: 3
[1648944.397432] tee (2164278): drop_caches: 3
[1648949.621491] tee (2164282): drop_caches: 3
[1648954.754853] tee (2164286): drop_caches: 3
[1648960.074957] tee (2164291): drop_caches: 3
[1648965.346265] tee (2164295): drop_caches: 3
[1648970.437043] tee (2164305): drop_caches: 3
[1648975.901417] tee (2164311): drop_caches: 3
[1648981.121949] tee (2164315): drop_caches: 3
[1648986.253272] tee (2164319): drop_caches: 3
[1648991.447465] tee (2164323): drop_caches: 3
[1648996.679174] tee (2164327): drop_caches: 3
[1649001.837078] tee (2164338): drop_caches: 3
[1649007.136069] tee (2164344): drop_caches: 3
[1649012.192660] tee (2164348): drop_caches: 3
[1649017.236877] tee (2164352): drop_caches: 3
[1649022.405967] tee (2164363): drop_caches: 3
[1649027.501930] tee (2164367): drop_caches: 3
[1649032.760149] tee (2164384): drop_caches: 3
[1649038.610678] tee (2164390): drop_caches: 3
[1649043.859177] tee (2164394): drop_caches: 3
[1649049.085650] tee (2164398): drop_caches: 3
[1649054.474272] tee (2164409): drop_caches: 3
[1649059.779406] tee (2164420): drop_caches: 3
[1649064.636209] tee (2164426): drop_caches: 3
[1649070.221256] tee (2164433): drop_caches: 3
[1649075.325431] tee (2164437): drop_caches: 3
[1649080.636861] tee (2164441): drop_caches: 3
[1649085.892753] tee (2164446): drop_caches: 3
[1649090.653694] tee (2164481): drop_caches: 3
[1649096.107730] tee (2164535): drop_caches: 3
[1649101.417447] tee (2164541): drop_caches: 3
[1649106.510744] tee (2164545): drop_caches: 3
[1649111.616602] tee (2164549): drop_caches: 3
[1649116.859884] tee (2164553): drop_caches: 3
[1649122.017422] tee (2164563): drop_caches: 3
[1649127.286679] tee (2164568): drop_caches: 3
[1649132.450804] tee (2164574): drop_caches: 3
[1649140.407849] tee (2164581): drop_caches: 3
[1649143.936505] mix-mixB-arm17-2163822 phase=A END
[1649143.943531] mix-mixB-arm17-2163822 phase=B START
[1649746.353296] mix-mixB-arm17-2163822 phase=B END
[1649746.533293] NVMeVirt: Measurement: command=stop epoch=1 host_bytes=131302551552 learner_active=0
[1649750.045757] EXT4-fs (nvme0n1): unmounting filesystem d3498a81-0539-49dd-a1f9-fe62eab118cd.
[1649750.278280] pci_bus 0001:10: busn_res: [bus 10-ff] is released
[1649750.278355] NVMeVirt: GC stats: ns=0 policy=cat-fig7-fixed host_pages=32056287 gc_pages=58200780 gc_count=1410267 WAF=2.815 warmup_gc=100-per-part
[1649750.349441] NVMeVirt: Virtual NVMe device closed
