[634868.288416] mix-mixA-arm08-3877427 BEGIN
[634868.321916] NVMeVirt: Version 1.10 for >> Samsung 970 Pro SSD <<
[634868.321922] NVMeVirt: Storage: 0x100100000-0x300000000 (8191 MiB)
[634868.332874] NVMeVirt: Total Capacity(GiB,MiB)=2,2048 chs=2 luns=4 lines=8192 blk-size(MiB,KiB)=0,64 line-size(MiB,KiB)=0,256
[634868.344063] NVMeVirt: [chmodel_init] bandwidth 800 max_credits 26 tx_time 152
[634868.354590] NVMeVirt: [chmodel_init] bandwidth 800 max_credits 26 tx_time 152
[634868.354604] NVMeVirt: [chmodel_init] bandwidth 3360 max_credits 110 tx_time 36
[634868.354606] NVMeVirt: Fixed CAT init ns=0 part=0 arm=8 k=2 scale_pct=100 age_ratio=16
[634868.355856] NVMeVirt: pqueue: Copyright (c) 2014, Volkan Yazıcı <volkan.yazici@gmail.com>. All rights reserved.
[634868.355895] NVMeVirt: Init FTL instance with 2 channels (524288 pages)
[634868.355896] NVMeVirt: GC victim policy: cat-fig7-fixed ns=0 part=0 initial_k=2 initial_scale_pct=100 initial_age_ratio=16 warmup_gc=100
[634868.366472] NVMeVirt: [chmodel_init] bandwidth 800 max_credits 26 tx_time 152
[634868.376959] NVMeVirt: [chmodel_init] bandwidth 800 max_credits 26 tx_time 152
[634868.376973] NVMeVirt: [chmodel_init] bandwidth 3360 max_credits 110 tx_time 36
[634868.376975] NVMeVirt: Fixed CAT init ns=0 part=1 arm=8 k=2 scale_pct=100 age_ratio=16
[634868.378188] NVMeVirt: Init FTL instance with 2 channels (524288 pages)
[634868.378191] NVMeVirt: GC victim policy: cat-fig7-fixed ns=0 part=1 initial_k=2 initial_scale_pct=100 initial_age_ratio=16 warmup_gc=100
[634868.388618] NVMeVirt: [chmodel_init] bandwidth 800 max_credits 26 tx_time 152
[634868.399073] NVMeVirt: [chmodel_init] bandwidth 800 max_credits 26 tx_time 152
[634868.399087] NVMeVirt: [chmodel_init] bandwidth 3360 max_credits 110 tx_time 36
[634868.399089] NVMeVirt: Fixed CAT init ns=0 part=2 arm=8 k=2 scale_pct=100 age_ratio=16
[634868.400353] NVMeVirt: Init FTL instance with 2 channels (524288 pages)
[634868.400357] NVMeVirt: GC victim policy: cat-fig7-fixed ns=0 part=2 initial_k=2 initial_scale_pct=100 initial_age_ratio=16 warmup_gc=100
[634868.410715] NVMeVirt: [chmodel_init] bandwidth 800 max_credits 26 tx_time 152
[634868.421052] NVMeVirt: [chmodel_init] bandwidth 800 max_credits 26 tx_time 152
[634868.421077] NVMeVirt: [chmodel_init] bandwidth 3360 max_credits 110 tx_time 36
[634868.421079] NVMeVirt: Fixed CAT init ns=0 part=3 arm=8 k=2 scale_pct=100 age_ratio=16
[634868.422302] NVMeVirt: Init FTL instance with 2 channels (524288 pages)
[634868.422305] NVMeVirt: GC victim policy: cat-fig7-fixed ns=0 part=3 initial_k=2 initial_scale_pct=100 initial_age_ratio=16 warmup_gc=100
[634868.422311] NVMeVirt: FTL physical space: 8588886016, logical space: 8026996276 (physical/logical * 100 = 107)
[634868.422313] NVMeVirt: ns 0/1: size 7655 MiB
[634868.422362] PCI host bridge to bus 0001:10
[634868.422365] pci_bus 0001:10: root bus resource [io  0x0000-0xffff]
[634868.422368] pci_bus 0001:10: root bus resource [mem 0x00000000-0x7fffffffff]
[634868.422371] pci_bus 0001:10: root bus resource [bus 00-ff]
[634868.422379] pci 0001:10:00.0: [0c51:0110] type 00 class 0x010802 PCIe Endpoint
[634868.422385] pci 0001:10:00.0: BAR 0 [mem 0x100000000-0x100003fff 64bit]
[634868.422388] pci 0001:10:00.0: enabling Extended Tags
[634868.422525] NVMeVirt: Virtual PCI bus created (node 0)
[634868.422813] NVMeVirt: nvmev_io_worker_0 started on cpu 2 (node 0)
[634868.422913] NVMeVirt: Virtual NVMe device created
[634868.423076] nvme nvme0: pci function 0001:10:00.0
[634868.425090] NVMeVirt: nvmev_dispatcher started on cpu 1 (node 0)
[634868.427820] nvme nvme0: 8/0/0 default/read/poll queues
[634869.000050] EXT4-fs (nvme0n1): mounted filesystem a46aee74-ab0f-421d-b7ce-f8dbd65e2f78 r/w with ordered data mode. Quota mode: none.
[634951.229059] NVMeVirt: Fixed CAT init ns=0 part=0 arm=8 k=2 scale_pct=100 age_ratio=16
[634951.229065] NVMeVirt: Fixed CAT init ns=0 part=1 arm=8 k=2 scale_pct=100 age_ratio=16
[634951.229068] NVMeVirt: Fixed CAT init ns=0 part=2 arm=8 k=2 scale_pct=100 age_ratio=16
[634951.229071] NVMeVirt: Fixed CAT init ns=0 part=3 arm=8 k=2 scale_pct=100 age_ratio=16
[634951.229073] NVMeVirt: Measurement: command=start epoch=1 host_bytes=0 learner_active=1
[634951.237521] mix-mixA-arm08-3877427 phase=A START
[635551.555990] mix-mixA-arm08-3877427 phase=A END
[635551.564019] mix-mixA-arm08-3877427 phase=B START
[635551.574991] mix-mixA-arm08-3877427 phase=B LOAD
[635575.002354] mix-mixA-arm08-3877427 phase=B RUN
[635579.241441] tee (3877965): drop_caches: 3
[635584.741974] tee (3877970): drop_caches: 3
[635589.689558] tee (3877975): drop_caches: 3
[635595.885652] tee (3877984): drop_caches: 3
[635601.360161] tee (3877988): drop_caches: 3
[635606.732403] tee (3878004): drop_caches: 3
[635612.290468] tee (3878008): drop_caches: 3
[635617.319444] tee (3878012): drop_caches: 3
[635621.738151] tee (3878020): drop_caches: 3
[635626.879594] tee (3878024): drop_caches: 3
[635631.892601] tee (3878028): drop_caches: 3
[635637.111925] tee (3878033): drop_caches: 3
[635642.440391] tee (3878037): drop_caches: 3
[635647.487754] tee (3878041): drop_caches: 3
[635652.185852] tee (3878047): drop_caches: 3
[635657.412405] tee (3878052): drop_caches: 3
[635662.666123] tee (3878056): drop_caches: 3
[635667.746637] tee (3878061): drop_caches: 3
[635672.905395] tee (3878065): drop_caches: 3
[635677.844509] tee (3878087): drop_caches: 3
[635683.608920] tee (3878140): drop_caches: 3
[635691.187102] tee (3878149): drop_caches: 3
[635697.126197] tee (3878182): drop_caches: 3
[635702.451561] tee (3878187): drop_caches: 3
[635707.517370] tee (3878191): drop_caches: 3
[635712.589566] tee (3878195): drop_caches: 3
[635717.026493] tee (3878202): drop_caches: 3
[635722.174910] tee (3878206): drop_caches: 3
[635727.465626] tee (3878210): drop_caches: 3
[635732.555780] tee (3878214): drop_caches: 3
[635737.795895] tee (3878219): drop_caches: 3
[635742.810368] tee (3878223): drop_caches: 3
[635747.214644] tee (3878229): drop_caches: 3
[635752.349710] tee (3878235): drop_caches: 3
[635758.029574] tee (3878239): drop_caches: 3
[635763.943372] tee (3878248): drop_caches: 3
[635769.037168] tee (3878252): drop_caches: 3
[635774.113233] tee (3878256): drop_caches: 3
[635778.593718] tee (3878262): drop_caches: 3
[635783.913860] tee (3878268): drop_caches: 3
[635789.042505] tee (3878273): drop_caches: 3
[635794.316854] tee (3878278): drop_caches: 3
[635799.864800] tee (3878284): drop_caches: 3
[635804.942202] tee (3878288): drop_caches: 3
[635809.900960] tee (3878294): drop_caches: 3
[635815.267667] tee (3878299): drop_caches: 3
[635820.428100] tee (3878303): drop_caches: 3
[635825.638654] tee (3878308): drop_caches: 3
[635831.548229] tee (3878323): drop_caches: 3
[635838.289330] tee (3878330): drop_caches: 3
[635842.753370] tee (3878337): drop_caches: 3
[635848.184746] tee (3878342): drop_caches: 3
[635853.486212] tee (3878346): drop_caches: 3
[635858.519650] tee (3878350): drop_caches: 3
[635863.684434] tee (3878356): drop_caches: 3
[635868.725435] tee (3878360): drop_caches: 3
[635873.156677] tee (3878367): drop_caches: 3
[635878.669382] tee (3878371): drop_caches: 3
[635883.916282] tee (3878375): drop_caches: 3
[635889.058570] tee (3878379): drop_caches: 3
[635894.115239] tee (3878383): drop_caches: 3
[635899.192482] tee (3878387): drop_caches: 3
[635903.638095] tee (3878393): drop_caches: 3
[635909.127076] tee (3878403): drop_caches: 3
[635914.320153] tee (3878407): drop_caches: 3
[635919.433280] tee (3878411): drop_caches: 3
[635924.557105] tee (3878416): drop_caches: 3
[635930.833700] tee (3878431): drop_caches: 3
[635936.535016] tee (3878438): drop_caches: 3
[635941.699412] tee (3878442): drop_caches: 3
[635946.768023] tee (3878446): drop_caches: 3
[635952.306458] tee (3878451): drop_caches: 3
[635957.719713] tee (3878455): drop_caches: 3
[635962.894787] tee (3878459): drop_caches: 3
[635967.229860] tee (3878466): drop_caches: 3
[635972.554849] tee (3878470): drop_caches: 3
[635977.504025] tee (3878477): drop_caches: 3
[635982.278985] tee (3878481): drop_caches: 3
[635987.392555] tee (3878485): drop_caches: 3
[635992.603317] tee (3878489): drop_caches: 3
[635997.257356] tee (3878495): drop_caches: 3
[636003.659695] tee (3878505): drop_caches: 3
[636009.053151] tee (3878509): drop_caches: 3
[636014.153539] tee (3878513): drop_caches: 3
[636019.251511] tee (3878518): drop_caches: 3
[636024.400087] tee (3878522): drop_caches: 3
[636028.808594] tee (3878529): drop_caches: 3
[636033.985858] tee (3878534): drop_caches: 3
[636039.037186] tee (3878538): drop_caches: 3
[636044.055979] tee (3878542): drop_caches: 3
[636049.156744] tee (3878547): drop_caches: 3
[636054.215141] tee (3878551): drop_caches: 3
[636059.469320] tee (3878557): drop_caches: 3
[636064.737458] tee (3878566): drop_caches: 3
[636066.927591] mix-mixA-arm08-3877427 phase=B END
[636067.343414] NVMeVirt: Measurement: command=stop epoch=1 host_bytes=131634823168 learner_active=0
[636067.946580] EXT4-fs (nvme0n1): unmounting filesystem a46aee74-ab0f-421d-b7ce-f8dbd65e2f78.
[636068.350884] pci_bus 0001:10: busn_res: [bus 10-ff] is released
[636068.350983] NVMeVirt: GC stats: ns=0 policy=cat-fig7-fixed host_pages=32137408 gc_pages=43272191 gc_count=1178276 WAF=2.346 warmup_gc=100-per-part
[636068.421740] NVMeVirt: Virtual NVMe device closed
