[321013.373456] mix-mixH-online-716374 BEGIN
[321013.415849] NVMeVirt: Version 1.10 for >> Samsung 970 Pro SSD <<
[321013.415855] NVMeVirt: Storage: 0x100100000-0x300000000 (8191 MiB)
[321013.426955] NVMeVirt: Total Capacity(GiB,MiB)=2,2048 chs=2 luns=4 lines=8192 blk-size(MiB,KiB)=0,64 line-size(MiB,KiB)=0,256
[321013.438508] NVMeVirt: [chmodel_init] bandwidth 800 max_credits 26 tx_time 152
[321013.450039] NVMeVirt: [chmodel_init] bandwidth 800 max_credits 26 tx_time 152
[321013.450054] NVMeVirt: [chmodel_init] bandwidth 3360 max_credits 110 tx_time 36
[321013.450056] NVMeVirt: WATGC_V2 init ns=0 part=0 arms=60 initial=37 prior=none gamma_q16=65503 exploration_q16=16384
[321013.451261] NVMeVirt: pqueue: Copyright (c) 2014, Volkan Yazıcı <volkan.yazici@gmail.com>. All rights reserved.
[321013.451296] NVMeVirt: Init FTL instance with 2 channels (524288 pages)
[321013.451298] NVMeVirt: GC victim policy: watgc-v2 ns=0 part=0 initial_k=7 initial_scale_pct=100 initial_age_ratio=7 warmup_gc=100
[321013.461901] NVMeVirt: [chmodel_init] bandwidth 800 max_credits 26 tx_time 152
[321013.474070] NVMeVirt: [chmodel_init] bandwidth 800 max_credits 26 tx_time 152
[321013.474089] NVMeVirt: [chmodel_init] bandwidth 3360 max_credits 110 tx_time 36
[321013.474092] NVMeVirt: WATGC_V2 init ns=0 part=1 arms=60 initial=37 prior=none gamma_q16=65503 exploration_q16=16384
[321013.475691] NVMeVirt: Init FTL instance with 2 channels (524288 pages)
[321013.475697] NVMeVirt: GC victim policy: watgc-v2 ns=0 part=1 initial_k=7 initial_scale_pct=100 initial_age_ratio=7 warmup_gc=100
[321013.486453] NVMeVirt: [chmodel_init] bandwidth 800 max_credits 26 tx_time 152
[321013.497293] NVMeVirt: [chmodel_init] bandwidth 800 max_credits 26 tx_time 152
[321013.497308] NVMeVirt: [chmodel_init] bandwidth 3360 max_credits 110 tx_time 36
[321013.497310] NVMeVirt: WATGC_V2 init ns=0 part=2 arms=60 initial=37 prior=none gamma_q16=65503 exploration_q16=16384
[321013.498594] NVMeVirt: Init FTL instance with 2 channels (524288 pages)
[321013.498597] NVMeVirt: GC victim policy: watgc-v2 ns=0 part=2 initial_k=7 initial_scale_pct=100 initial_age_ratio=7 warmup_gc=100
[321013.510625] NVMeVirt: [chmodel_init] bandwidth 800 max_credits 26 tx_time 152
[321013.521471] NVMeVirt: [chmodel_init] bandwidth 800 max_credits 26 tx_time 152
[321013.521501] NVMeVirt: [chmodel_init] bandwidth 3360 max_credits 110 tx_time 36
[321013.521503] NVMeVirt: WATGC_V2 init ns=0 part=3 arms=60 initial=37 prior=none gamma_q16=65503 exploration_q16=16384
[321013.522830] NVMeVirt: Init FTL instance with 2 channels (524288 pages)
[321013.522832] NVMeVirt: GC victim policy: watgc-v2 ns=0 part=3 initial_k=7 initial_scale_pct=100 initial_age_ratio=7 warmup_gc=100
[321013.522838] NVMeVirt: FTL physical space: 8588886016, logical space: 8026996276 (physical/logical * 100 = 107)
[321013.522840] NVMeVirt: ns 0/1: size 7655 MiB
[321013.522890] PCI host bridge to bus 0001:10
[321013.522893] pci_bus 0001:10: root bus resource [io  0x0000-0xffff]
[321013.522896] pci_bus 0001:10: root bus resource [mem 0x00000000-0x7fffffffff]
[321013.522899] pci_bus 0001:10: root bus resource [bus 00-ff]
[321013.522907] pci 0001:10:00.0: [0c51:0110] type 00 class 0x010802 PCIe Endpoint
[321013.522913] pci 0001:10:00.0: BAR 0 [mem 0x100000000-0x100003fff 64bit]
[321013.522916] pci 0001:10:00.0: enabling Extended Tags
[321013.523056] NVMeVirt: Virtual PCI bus created (node 0)
[321013.523354] NVMeVirt: nvmev_io_worker_0 started on cpu 2 (node 0)
[321013.523403] NVMeVirt: nvmev_dispatcher started on cpu 1 (node 0)
[321013.523444] NVMeVirt: Virtual NVMe device created
[321013.523662] nvme nvme0: pci function 0001:10:00.0
[321013.526233] nvme nvme0: 8/0/0 default/read/poll queues
[321014.177431] EXT4-fs (nvme0n1): mounted filesystem 40728825-e55d-45de-8b9d-2d82edd57a2a r/w with ordered data mode. Quota mode: none.
[321096.417274] NVMeVirt: WATGC_V2 init ns=0 part=0 arms=60 initial=37 prior=none gamma_q16=65503 exploration_q16=16384
[321096.417280] NVMeVirt: WATGC_V2 init ns=0 part=1 arms=60 initial=37 prior=none gamma_q16=65503 exploration_q16=16384
[321096.417282] NVMeVirt: WATGC_V2 init ns=0 part=2 arms=60 initial=37 prior=none gamma_q16=65503 exploration_q16=16384
[321096.417283] NVMeVirt: WATGC_V2 init ns=0 part=3 arms=60 initial=37 prior=none gamma_q16=65503 exploration_q16=16384
[321096.417285] NVMeVirt: Measurement: command=start epoch=1 host_bytes=0 learner_active=1
[321096.425219] mix-mixH-online-716374 phase=A START
[321097.969032] NVMeVirt: WATGC_V2 warmup-done ns=0 part=1 gc_count=2815
[321097.977544] NVMeVirt: WATGC_V2 warmup-done ns=0 part=2 gc_count=2809
[321098.000167] NVMeVirt: WATGC_V2 warmup-done ns=0 part=3 gc_count=2816
[321098.016388] NVMeVirt: WATGC_V2 warmup-done ns=0 part=0 gc_count=2830
[321137.233714] NVMeVirt: WATGC_V2 sample ns=0 part=3 epoch=1 window=1 phase=measure evaluated=37 k=7 scale_pct=100 age_ratio=7 host=65546 gc_pages=58732 gc_count=1942 waf_q16=124259 best=37 next=0 settled=0
[321137.308574] NVMeVirt: WATGC_V2 sample ns=0 part=2 epoch=1 window=1 phase=measure evaluated=37 k=7 scale_pct=100 age_ratio=7 host=65546 gc_pages=58223 gc_count=1934 waf_q16=123750 best=37 next=0 settled=0
[321137.342953] NVMeVirt: WATGC_V2 sample ns=0 part=1 epoch=1 window=1 phase=measure evaluated=37 k=7 scale_pct=100 age_ratio=7 host=65542 gc_pages=58747 gc_count=1942 waf_q16=124277 best=37 next=0 settled=0
[321137.395285] NVMeVirt: WATGC_V2 sample ns=0 part=0 epoch=1 window=1 phase=measure evaluated=37 k=7 scale_pct=100 age_ratio=7 host=65546 gc_pages=58744 gc_count=1942 waf_q16=124271 best=37 next=0 settled=0
[321156.766181] mix-mixH-online-716374 phase=A END
[321156.776055] mix-mixH-online-716374 phase=B START
[321161.985395] NVMeVirt: WATGC_V2 sample ns=0 part=3 epoch=1 window=2 phase=measure evaluated=0 k=2 scale_pct=25 age_ratio=4 host=65539 gc_pages=51577 gc_count=1830 waf_q16=117110 best=0 next=1 settled=0
[321162.013432] NVMeVirt: WATGC_V2 sample ns=0 part=2 epoch=1 window=2 phase=measure evaluated=0 k=2 scale_pct=25 age_ratio=4 host=65567 gc_pages=50786 gc_count=1818 waf_q16=116297 best=0 next=1 settled=0
[321162.018083] NVMeVirt: WATGC_V2 sample ns=0 part=1 epoch=1 window=2 phase=measure evaluated=0 k=2 scale_pct=25 age_ratio=4 host=65548 gc_pages=51636 gc_count=1831 waf_q16=117162 best=0 next=1 settled=0
[321162.053652] NVMeVirt: WATGC_V2 sample ns=0 part=0 epoch=1 window=2 phase=measure evaluated=0 k=2 scale_pct=25 age_ratio=4 host=65556 gc_pages=51562 gc_count=1830 waf_q16=117082 best=0 next=1 settled=0
[321171.813623] NVMeVirt: WATGC_V2 sample ns=0 part=2 epoch=1 window=3 phase=measure evaluated=1 k=2 scale_pct=25 age_ratio=7 host=65555 gc_pages=44415 gc_count=1718 waf_q16=109938 best=1 next=2 settled=0
[321171.843191] NVMeVirt: WATGC_V2 sample ns=0 part=3 epoch=1 window=3 phase=measure evaluated=1 k=2 scale_pct=25 age_ratio=7 host=65563 gc_pages=46456 gc_count=1750 waf_q16=111972 best=1 next=2 settled=0
[321171.862789] NVMeVirt: WATGC_V2 sample ns=0 part=1 epoch=1 window=3 phase=measure evaluated=1 k=2 scale_pct=25 age_ratio=7 host=65559 gc_pages=45611 gc_count=1737 waf_q16=111130 best=1 next=2 settled=0
[321171.888961] NVMeVirt: WATGC_V2 sample ns=0 part=0 epoch=1 window=3 phase=measure evaluated=1 k=2 scale_pct=25 age_ratio=7 host=65550 gc_pages=44987 gc_count=1727 waf_q16=110513 best=1 next=2 settled=0
[321181.654249] NVMeVirt: WATGC_V2 sample ns=0 part=2 epoch=1 window=4 phase=measure evaluated=2 k=2 scale_pct=25 age_ratio=16 host=65540 gc_pages=66945 gc_count=2070 waf_q16=132476 best=1 next=3 settled=0
[321181.694134] NVMeVirt: WATGC_V2 sample ns=0 part=1 epoch=1 window=4 phase=measure evaluated=2 k=2 scale_pct=25 age_ratio=16 host=65558 gc_pages=69296 gc_count=2107 waf_q16=134808 best=1 next=3 settled=0
[321181.695885] NVMeVirt: WATGC_V2 sample ns=0 part=3 epoch=1 window=4 phase=measure evaluated=2 k=2 scale_pct=25 age_ratio=16 host=65558 gc_pages=68720 gc_count=2098 waf_q16=134232 best=1 next=3 settled=0
[321181.698947] NVMeVirt: WATGC_V2 sample ns=0 part=0 epoch=1 window=4 phase=measure evaluated=2 k=2 scale_pct=25 age_ratio=16 host=65536 gc_pages=68742 gc_count=2098 waf_q16=134278 best=1 next=3 settled=0
[321191.494733] NVMeVirt: WATGC_V2 sample ns=0 part=2 epoch=1 window=5 phase=measure evaluated=3 k=2 scale_pct=50 age_ratio=4 host=65542 gc_pages=75131 gc_count=2198 waf_q16=140660 best=1 next=4 settled=0
[321191.504732] NVMeVirt: WATGC_V2 sample ns=0 part=3 epoch=1 window=5 phase=measure evaluated=3 k=2 scale_pct=50 age_ratio=4 host=65552 gc_pages=75185 gc_count=2199 waf_q16=140702 best=1 next=4 settled=0
[321191.534733] NVMeVirt: WATGC_V2 sample ns=0 part=0 epoch=1 window=5 phase=measure evaluated=3 k=2 scale_pct=50 age_ratio=4 host=65539 gc_pages=76478 gc_count=2219 waf_q16=142010 best=1 next=4 settled=0
[321191.538247] NVMeVirt: WATGC_V2 sample ns=0 part=1 epoch=1 window=5 phase=measure evaluated=3 k=2 scale_pct=50 age_ratio=4 host=65549 gc_pages=76852 gc_count=2225 waf_q16=142372 best=1 next=4 settled=0
[321201.330771] NVMeVirt: WATGC_V2 sample ns=0 part=3 epoch=1 window=6 phase=measure evaluated=4 k=2 scale_pct=50 age_ratio=7 host=65544 gc_pages=74942 gc_count=2195 waf_q16=140468 best=1 next=5 settled=0
[321201.336985] NVMeVirt: WATGC_V2 sample ns=0 part=2 epoch=1 window=6 phase=measure evaluated=4 k=2 scale_pct=50 age_ratio=7 host=65536 gc_pages=74567 gc_count=2189 waf_q16=140103 best=1 next=5 settled=0
[321201.364792] NVMeVirt: WATGC_V2 sample ns=0 part=1 epoch=1 window=6 phase=measure evaluated=4 k=2 scale_pct=50 age_ratio=7 host=65543 gc_pages=75967 gc_count=2211 waf_q16=141494 best=1 next=5 settled=0
[321201.368448] NVMeVirt: WATGC_V2 sample ns=0 part=0 epoch=1 window=6 phase=measure evaluated=4 k=2 scale_pct=50 age_ratio=7 host=65565 gc_pages=75816 gc_count=2209 waf_q16=141318 best=1 next=5 settled=0
[321211.162342] NVMeVirt: WATGC_V2 sample ns=0 part=2 epoch=1 window=7 phase=measure evaluated=5 k=2 scale_pct=50 age_ratio=16 host=65549 gc_pages=73070 gc_count=2166 waf_q16=138591 best=1 next=6 settled=0
[321211.171486] NVMeVirt: WATGC_V2 sample ns=0 part=3 epoch=1 window=7 phase=measure evaluated=5 k=2 scale_pct=50 age_ratio=16 host=65559 gc_pages=71140 gc_count=2136 waf_q16=136651 best=1 next=6 settled=0
[321211.186639] NVMeVirt: WATGC_V2 sample ns=0 part=1 epoch=1 window=7 phase=measure evaluated=5 k=2 scale_pct=50 age_ratio=16 host=65558 gc_pages=72678 gc_count=2160 waf_q16=138189 best=1 next=6 settled=0
[321211.215415] NVMeVirt: WATGC_V2 sample ns=0 part=0 epoch=1 window=7 phase=measure evaluated=5 k=2 scale_pct=50 age_ratio=16 host=65558 gc_pages=71142 gc_count=2136 waf_q16=136654 best=1 next=6 settled=0
[321217.083570] mix-mixH-online-716374 phase=B END
[321217.091822] mix-mixH-online-716374 phase=C START
[321217.103154] mix-mixH-online-716374 phase=C LOAD
[321219.603193] mix-mixH-online-716374 phase=C RUN
[321223.704760] tee (716731): drop_caches: 3
[321225.869982] mix-mixH-online-716374 phase=C END
[321226.285713] NVMeVirt: Measurement: command=stop epoch=1 host_bytes=12392329216 learner_active=0
[321226.458820] EXT4-fs (nvme0n1): unmounting filesystem 40728825-e55d-45de-8b9d-2d82edd57a2a.
[321226.914609] pci_bus 0001:10: busn_res: [bus 10-ff] is released
[321226.914658] NVMeVirt: WATGC_V2 summary ns=0 part=0 epoch=1 windows=7 epoch_windows=7 discarded=0 visited=7 covered=0 settled=0 phase=2 current=6 best=1 k=2 scale_pct=25 age_ratio=7 best_waf_valid=1 best_waf_q16=110513
[321226.914663] NVMeVirt: WATGC_V2 summary ns=0 part=1 epoch=1 windows=7 epoch_windows=7 discarded=0 visited=7 covered=0 settled=0 phase=2 current=6 best=1 k=2 scale_pct=25 age_ratio=7 best_waf_valid=1 best_waf_q16=111130
[321226.914666] NVMeVirt: WATGC_V2 summary ns=0 part=2 epoch=1 windows=7 epoch_windows=7 discarded=0 visited=7 covered=0 settled=0 phase=2 current=6 best=1 k=2 scale_pct=25 age_ratio=7 best_waf_valid=1 best_waf_q16=109938
[321226.914669] NVMeVirt: WATGC_V2 summary ns=0 part=3 epoch=1 windows=7 epoch_windows=7 discarded=0 visited=7 covered=0 settled=0 phase=2 current=6 best=1 k=2 scale_pct=25 age_ratio=7 best_waf_valid=1 best_waf_q16=111972
[321226.914671] NVMeVirt: GC stats: ns=0 policy=watgc-v2 host_pages=3025471 gc_pages=2903206 gc_count=92636 WAF=1.959 warmup_gc=100-per-part
[321226.991478] NVMeVirt: Virtual NVMe device closed
