[859071.312371] mix-mixG-fixed47-4140926 BEGIN
[859071.345302] NVMeVirt: Version 1.10 for >> Samsung 970 Pro SSD <<
[859071.345307] NVMeVirt: Storage: 0x100100000-0x300000000 (8191 MiB)
[859071.356462] NVMeVirt: Total Capacity(GiB,MiB)=2,2048 chs=2 luns=4 lines=8192 blk-size(MiB,KiB)=0,64 line-size(MiB,KiB)=0,256
[859071.369112] NVMeVirt: [chmodel_init] bandwidth 800 max_credits 26 tx_time 152
[859071.379448] NVMeVirt: [chmodel_init] bandwidth 800 max_credits 26 tx_time 152
[859071.379463] NVMeVirt: [chmodel_init] bandwidth 3360 max_credits 110 tx_time 36
[859071.379465] NVMeVirt: Fixed CAT init ns=0 part=0 arm=47 k=10 scale_pct=25 age_ratio=16
[859071.380380] NVMeVirt: pqueue: Copyright (c) 2014, Volkan Yazıcı <volkan.yazici@gmail.com>. All rights reserved.
[859071.380435] NVMeVirt: Init FTL instance with 2 channels (524288 pages)
[859071.380437] NVMeVirt: GC victim policy: cat-fig7-fixed ns=0 part=0 initial_k=10 initial_scale_pct=25 initial_age_ratio=16 warmup_gc=100
[859071.390719] NVMeVirt: [chmodel_init] bandwidth 800 max_credits 26 tx_time 152
[859071.401330] NVMeVirt: [chmodel_init] bandwidth 800 max_credits 26 tx_time 152
[859071.401345] NVMeVirt: [chmodel_init] bandwidth 3360 max_credits 110 tx_time 36
[859071.401347] NVMeVirt: Fixed CAT init ns=0 part=1 arm=47 k=10 scale_pct=25 age_ratio=16
[859071.402219] NVMeVirt: Init FTL instance with 2 channels (524288 pages)
[859071.402222] NVMeVirt: GC victim policy: cat-fig7-fixed ns=0 part=1 initial_k=10 initial_scale_pct=25 initial_age_ratio=16 warmup_gc=100
[859071.412398] NVMeVirt: [chmodel_init] bandwidth 800 max_credits 26 tx_time 152
[859071.422510] NVMeVirt: [chmodel_init] bandwidth 800 max_credits 26 tx_time 152
[859071.422530] NVMeVirt: [chmodel_init] bandwidth 3360 max_credits 110 tx_time 36
[859071.422532] NVMeVirt: Fixed CAT init ns=0 part=2 arm=47 k=10 scale_pct=25 age_ratio=16
[859071.423925] NVMeVirt: Init FTL instance with 2 channels (524288 pages)
[859071.423929] NVMeVirt: GC victim policy: cat-fig7-fixed ns=0 part=2 initial_k=10 initial_scale_pct=25 initial_age_ratio=16 warmup_gc=100
[859071.434512] NVMeVirt: [chmodel_init] bandwidth 800 max_credits 26 tx_time 152
[859071.444464] NVMeVirt: [chmodel_init] bandwidth 800 max_credits 26 tx_time 152
[859071.444478] NVMeVirt: [chmodel_init] bandwidth 3360 max_credits 110 tx_time 36
[859071.444481] NVMeVirt: Fixed CAT init ns=0 part=3 arm=47 k=10 scale_pct=25 age_ratio=16
[859071.445414] NVMeVirt: Init FTL instance with 2 channels (524288 pages)
[859071.445416] NVMeVirt: GC victim policy: cat-fig7-fixed ns=0 part=3 initial_k=10 initial_scale_pct=25 initial_age_ratio=16 warmup_gc=100
[859071.445423] NVMeVirt: FTL physical space: 8588886016, logical space: 8026996276 (physical/logical * 100 = 107)
[859071.445437] NVMeVirt: ns 0/1: size 7655 MiB
[859071.445487] PCI host bridge to bus 0001:10
[859071.445489] pci_bus 0001:10: root bus resource [io  0x0000-0xffff]
[859071.445492] pci_bus 0001:10: root bus resource [mem 0x00000000-0x7fffffffff]
[859071.445494] pci_bus 0001:10: root bus resource [bus 00-ff]
[859071.445515] pci 0001:10:00.0: [0c51:0110] type 00 class 0x010802 PCIe Endpoint
[859071.445519] pci 0001:10:00.0: BAR 0 [mem 0x100000000-0x100003fff 64bit]
[859071.445521] pci 0001:10:00.0: enabling Extended Tags
[859071.445644] NVMeVirt: Virtual PCI bus created (node 0)
[859071.445930] NVMeVirt: nvmev_io_worker_0 started on cpu 2 (node 0)
[859071.446043] NVMeVirt: Virtual NVMe device created
[859071.446043] NVMeVirt: nvmev_dispatcher started on cpu 1 (node 0)
[859071.446170] nvme nvme0: pci function 0001:10:00.0
[859071.449719] nvme nvme0: 8/0/0 default/read/poll queues
[859071.990940] EXT4-fs (nvme0n1): mounted filesystem 8bc3f2a0-cb95-4e99-be92-d957fbcf5a83 r/w with ordered data mode. Quota mode: none.
[859154.081111] NVMeVirt: Fixed CAT init ns=0 part=0 arm=47 k=10 scale_pct=25 age_ratio=16
[859154.081120] NVMeVirt: Fixed CAT init ns=0 part=1 arm=47 k=10 scale_pct=25 age_ratio=16
[859154.081123] NVMeVirt: Fixed CAT init ns=0 part=2 arm=47 k=10 scale_pct=25 age_ratio=16
[859154.081125] NVMeVirt: Fixed CAT init ns=0 part=3 arm=47 k=10 scale_pct=25 age_ratio=16
[859154.081128] NVMeVirt: Measurement: command=start epoch=1 host_bytes=0 learner_active=1
[859154.091703] mix-mixG-fixed47-4140926 phase=A START
[859192.253011] tee (4141291): drop_caches: 3
[859197.331889] tee (4141295): drop_caches: 3
[859202.216918] tee (4141300): drop_caches: 3
[859207.097275] tee (4141304): drop_caches: 3
[859212.047193] tee (4141308): drop_caches: 3
[859216.981185] tee (4141312): drop_caches: 3
[859222.375735] tee (4141323): drop_caches: 3
[859227.497913] tee (4141328): drop_caches: 3
[859232.443766] tee (4141334): drop_caches: 3
[859237.502535] tee (4141338): drop_caches: 3
[859242.441360] tee (4141342): drop_caches: 3
[859247.418724] tee (4141346): drop_caches: 3
[859252.582187] tee (4141355): drop_caches: 3
[859257.188802] tee (4141363): drop_caches: 3
[859262.246320] tee (4141367): drop_caches: 3
[859267.270935] tee (4141371): drop_caches: 3
[859272.282573] tee (4141375): drop_caches: 3
[859277.280218] tee (4141382): drop_caches: 3
[859282.245038] tee (4141386): drop_caches: 3
[859286.660431] tee (4141398): drop_caches: 3
[859291.722956] tee (4141402): drop_caches: 3
[859296.717783] tee (4141406): drop_caches: 3
[859301.869941] tee (4141410): drop_caches: 3
[859306.868739] tee (4141414): drop_caches: 3
[859311.858260] tee (4141418): drop_caches: 3
[859316.192677] tee (4141430): drop_caches: 3
[859321.178531] tee (4141434): drop_caches: 3
[859326.190362] tee (4141438): drop_caches: 3
[859331.200502] tee (4141442): drop_caches: 3
[859336.242470] tee (4141446): drop_caches: 3
[859341.200259] tee (4141450): drop_caches: 3
[859346.280319] tee (4141461): drop_caches: 3
[859351.399225] tee (4141468): drop_caches: 3
[859356.384940] tee (4141472): drop_caches: 3
[859361.395436] tee (4141476): drop_caches: 3
[859366.374996] tee (4141480): drop_caches: 3
[859371.389005] tee (4141484): drop_caches: 3
[859376.438214] tee (4141504): drop_caches: 3
[859380.831572] tee (4141511): drop_caches: 3
[859385.855014] tee (4141515): drop_caches: 3
[859390.797407] tee (4141519): drop_caches: 3
[859395.824283] tee (4141523): drop_caches: 3
[859400.731521] tee (4141527): drop_caches: 3
[859405.733115] tee (4141536): drop_caches: 3
[859410.200656] tee (4141549): drop_caches: 3
[859415.281836] tee (4141553): drop_caches: 3
[859420.227792] tee (4141557): drop_caches: 3
[859425.205601] tee (4141561): drop_caches: 3
[859430.286981] tee (4141566): drop_caches: 3
[859435.615359] tee (4141575): drop_caches: 3
[859440.030219] tee (4141582): drop_caches: 3
[859445.198664] tee (4141586): drop_caches: 3
[859450.131851] tee (4141590): drop_caches: 3
[859455.669446] tee (4141595): drop_caches: 3
[859460.681877] tee (4141600): drop_caches: 3
[859465.982614] tee (4141609): drop_caches: 3
[859470.425540] tee (4141616): drop_caches: 3
[859475.544584] tee (4141622): drop_caches: 3
[859480.374908] tee (4141655): drop_caches: 3
[859487.765036] tee (4141690): drop_caches: 3
[859495.710551] tee (4141735): drop_caches: 3
[859504.677773] tee (4141773): drop_caches: 3
[859514.277092] tee (4141854): drop_caches: 3
[859523.287179] tee (4141868): drop_caches: 3
[859528.795697] tee (4141872): drop_caches: 3
[859533.880922] tee (4141881): drop_caches: 3
[859538.314928] tee (4141887): drop_caches: 3
[859543.496923] tee (4141892): drop_caches: 3
[859548.484734] tee (4141896): drop_caches: 3
[859553.413379] tee (4141900): drop_caches: 3
[859558.402405] tee (4141904): drop_caches: 3
[859563.479404] tee (4141913): drop_caches: 3
[859568.472977] tee (4141917): drop_caches: 3
[859572.881064] tee (4141924): drop_caches: 3
[859578.296999] tee (4141930): drop_caches: 3
[859583.358840] tee (4141934): drop_caches: 3
[859588.505014] tee (4141938): drop_caches: 3
[859593.596382] tee (4141949): drop_caches: 3
[859598.656367] tee (4141953): drop_caches: 3
[859603.119156] tee (4141963): drop_caches: 3
[859610.155392] tee (4141977): drop_caches: 3
[859616.584526] tee (4141994): drop_caches: 3
[859621.770583] tee (4142003): drop_caches: 3
[859626.841188] tee (4142007): drop_caches: 3
[859631.372642] tee (4142013): drop_caches: 3
[859636.608976] tee (4142018): drop_caches: 3
[859641.653686] tee (4142022): drop_caches: 3
[859646.621783] tee (4142026): drop_caches: 3
[859651.610950] tee (4142035): drop_caches: 3
[859656.604206] tee (4142039): drop_caches: 3
[859661.562746] tee (4142043): drop_caches: 3
[859665.879076] tee (4142052): drop_caches: 3
[859670.944650] tee (4142056): drop_caches: 3
[859675.939562] tee (4142071): drop_caches: 3
[859681.349700] tee (4142083): drop_caches: 3
[859686.518771] tee (4142088): drop_caches: 3
[859691.911415] tee (4142092): drop_caches: 3
[859696.288976] tee (4142100): drop_caches: 3
[859701.282189] tee (4142104): drop_caches: 3
[859707.307336] tee (4142114): drop_caches: 3
[859712.632217] tee (4142127): drop_caches: 3
[859717.586927] tee (4142131): drop_caches: 3
[859722.636707] tee (4142135): drop_caches: 3
[859727.045269] tee (4142142): drop_caches: 3
[859732.192640] tee (4142146): drop_caches: 3
[859737.129068] tee (4142150): drop_caches: 3
[859742.199921] tee (4142154): drop_caches: 3
[859747.302257] tee (4142163): drop_caches: 3
[859752.340987] tee (4142167): drop_caches: 3
[859756.746725] tee (4142175): drop_caches: 3
[859761.836354] tee (4142179): drop_caches: 3
[859766.874369] tee (4142183): drop_caches: 3
[859771.893630] tee (4142187): drop_caches: 3
[859776.969386] tee (4142198): drop_caches: 3
[859781.703360] tee (4142205): drop_caches: 3
[859788.517682] tee (4142218): drop_caches: 3
[859794.345632] tee (4142227): drop_caches: 3
[859800.139458] tee (4142231): drop_caches: 3
[859806.418743] tee (4142261): drop_caches: 3
[859811.607964] tee (4142265): drop_caches: 3
[859817.124285] tee (4142270): drop_caches: 3
[859821.867248] tee (4142279): drop_caches: 3
[859826.529457] mix-mixG-fixed47-4140926 phase=A END
[859827.134326] NVMeVirt: Measurement: command=stop epoch=1 host_bytes=83630948352 learner_active=0
[859827.356582] EXT4-fs (nvme0n1): unmounting filesystem 8bc3f2a0-cb95-4e99-be92-d957fbcf5a83.
[859827.692718] pci_bus 0001:10: busn_res: [bus 10-ff] is released
[859827.692765] NVMeVirt: GC stats: ns=0 policy=cat-fig7-fixed host_pages=20417712 gc_pages=34799046 gc_count=862763 WAF=2.704 warmup_gc=100-per-part
[859827.769073] NVMeVirt: Virtual NVMe device closed
