[344511.239970] mix-mixD-greedy-747890 BEGIN
[344511.252657] NVMeVirt: Version 1.10 for >> Samsung 970 Pro SSD <<
[344511.252662] NVMeVirt: Storage: 0x100100000-0x300000000 (8191 MiB)
[344511.264039] NVMeVirt: Total Capacity(GiB,MiB)=2,2048 chs=2 luns=4 lines=8192 blk-size(MiB,KiB)=0,64 line-size(MiB,KiB)=0,256
[344511.275107] NVMeVirt: [chmodel_init] bandwidth 800 max_credits 26 tx_time 152
[344511.285791] NVMeVirt: [chmodel_init] bandwidth 800 max_credits 26 tx_time 152
[344511.285806] NVMeVirt: [chmodel_init] bandwidth 3360 max_credits 110 tx_time 36
[344511.285808] NVMeVirt: Fixed CAT init ns=0 part=0 arm=37 k=7 scale_pct=100 age_ratio=7
[344511.286722] NVMeVirt: pqueue: Copyright (c) 2014, Volkan Yazıcı <volkan.yazici@gmail.com>. All rights reserved.
[344511.286759] NVMeVirt: Init FTL instance with 2 channels (524288 pages)
[344511.286761] NVMeVirt: GC victim policy: greedy ns=0 part=0 initial_k=7 initial_scale_pct=100 initial_age_ratio=7 warmup_gc=100
[344511.296961] NVMeVirt: [chmodel_init] bandwidth 800 max_credits 26 tx_time 152
[344511.307227] NVMeVirt: [chmodel_init] bandwidth 800 max_credits 26 tx_time 152
[344511.307245] NVMeVirt: [chmodel_init] bandwidth 3360 max_credits 110 tx_time 36
[344511.307247] NVMeVirt: Fixed CAT init ns=0 part=1 arm=37 k=7 scale_pct=100 age_ratio=7
[344511.308702] NVMeVirt: Init FTL instance with 2 channels (524288 pages)
[344511.308707] NVMeVirt: GC victim policy: greedy ns=0 part=1 initial_k=7 initial_scale_pct=100 initial_age_ratio=7 warmup_gc=100
[344511.319115] NVMeVirt: [chmodel_init] bandwidth 800 max_credits 26 tx_time 152
[344511.329205] NVMeVirt: [chmodel_init] bandwidth 800 max_credits 26 tx_time 152
[344511.329218] NVMeVirt: [chmodel_init] bandwidth 3360 max_credits 110 tx_time 36
[344511.329221] NVMeVirt: Fixed CAT init ns=0 part=2 arm=37 k=7 scale_pct=100 age_ratio=7
[344511.330201] NVMeVirt: Init FTL instance with 2 channels (524288 pages)
[344511.330203] NVMeVirt: GC victim policy: greedy ns=0 part=2 initial_k=7 initial_scale_pct=100 initial_age_ratio=7 warmup_gc=100
[344511.340505] NVMeVirt: [chmodel_init] bandwidth 800 max_credits 26 tx_time 152
[344511.350979] NVMeVirt: [chmodel_init] bandwidth 800 max_credits 26 tx_time 152
[344511.350994] NVMeVirt: [chmodel_init] bandwidth 3360 max_credits 110 tx_time 36
[344511.350996] NVMeVirt: Fixed CAT init ns=0 part=3 arm=37 k=7 scale_pct=100 age_ratio=7
[344511.352007] NVMeVirt: Init FTL instance with 2 channels (524288 pages)
[344511.352009] NVMeVirt: GC victim policy: greedy ns=0 part=3 initial_k=7 initial_scale_pct=100 initial_age_ratio=7 warmup_gc=100
[344511.352016] NVMeVirt: FTL physical space: 8588886016, logical space: 8026996276 (physical/logical * 100 = 107)
[344511.352017] NVMeVirt: ns 0/1: size 7655 MiB
[344511.352065] PCI host bridge to bus 0001:10
[344511.352067] pci_bus 0001:10: root bus resource [io  0x0000-0xffff]
[344511.352070] pci_bus 0001:10: root bus resource [mem 0x00000000-0x7fffffffff]
[344511.352072] pci_bus 0001:10: root bus resource [bus 00-ff]
[344511.352094] pci 0001:10:00.0: [0c51:0110] type 00 class 0x010802 PCIe Endpoint
[344511.352098] pci 0001:10:00.0: BAR 0 [mem 0x100000000-0x100003fff 64bit]
[344511.352101] pci 0001:10:00.0: enabling Extended Tags
[344511.352223] NVMeVirt: Virtual PCI bus created (node 0)
[344511.352511] NVMeVirt: nvmev_io_worker_0 started on cpu 2 (node 0)
[344511.352589] NVMeVirt: Virtual NVMe device created
[344511.352617] NVMeVirt: nvmev_dispatcher started on cpu 1 (node 0)
[344511.353635] nvme nvme0: pci function 0001:10:00.0
[344511.356028] nvme nvme0: 8/0/0 default/read/poll queues
[344511.432205] EXT4-fs (nvme0n1): mounted filesystem 6bcbd0d1-6683-4f82-b1e5-30172c271121 r/w with ordered data mode. Quota mode: none.
[344593.446338] NVMeVirt: Fixed CAT init ns=0 part=0 arm=37 k=7 scale_pct=100 age_ratio=7
[344593.446343] NVMeVirt: Fixed CAT init ns=0 part=1 arm=37 k=7 scale_pct=100 age_ratio=7
[344593.446345] NVMeVirt: Fixed CAT init ns=0 part=2 arm=37 k=7 scale_pct=100 age_ratio=7
[344593.446347] NVMeVirt: Fixed CAT init ns=0 part=3 arm=37 k=7 scale_pct=100 age_ratio=7
[344593.446348] NVMeVirt: Measurement: command=start epoch=1 host_bytes=0 learner_active=1
[344593.454040] mix-mixD-greedy-747890 phase=A START
[345193.773010] mix-mixD-greedy-747890 phase=A END
[345193.780046] mix-mixD-greedy-747890 phase=B START
[345794.102096] mix-mixD-greedy-747890 phase=B END
[345794.105306] NVMeVirt: Measurement: command=stop epoch=1 host_bytes=122964094976 learner_active=0
[345794.161365] EXT4-fs (nvme0n1): unmounting filesystem 6bcbd0d1-6683-4f82-b1e5-30172c271121.
[345794.218391] pci_bus 0001:10: busn_res: [bus 10-ff] is released
[345794.218493] NVMeVirt: GC stats: ns=0 policy=greedy host_pages=30020531 gc_pages=37481592 gc_count=1054720 WAF=2.248 warmup_gc=100-per-part
[345794.301560] NVMeVirt: Virtual NVMe device closed
