[1649758.405246] mix-mixB-arm16-2165276 BEGIN
[1649758.534065] NVMeVirt: Version 1.10 for >> Samsung 970 Pro SSD <<
[1649758.534071] NVMeVirt: Storage: 0x100100000-0x300000000 (8191 MiB)
[1649758.544495] NVMeVirt: Total Capacity(GiB,MiB)=2,2048 chs=2 luns=4 lines=8192 blk-size(MiB,KiB)=0,64 line-size(MiB,KiB)=0,256
[1649758.556111] NVMeVirt: [chmodel_init] bandwidth 800 max_credits 26 tx_time 152
[1649758.567315] NVMeVirt: [chmodel_init] bandwidth 800 max_credits 26 tx_time 152
[1649758.567329] NVMeVirt: [chmodel_init] bandwidth 3360 max_credits 110 tx_time 36
[1649758.567331] NVMeVirt: Fixed CAT init ns=0 part=0 arm=16 k=4 scale_pct=25 age_ratio=7
[1649758.568558] NVMeVirt: pqueue: Copyright (c) 2014, Volkan Yazıcı <volkan.yazici@gmail.com>. All rights reserved.
[1649758.568595] NVMeVirt: Init FTL instance with 2 channels (524288 pages)
[1649758.568597] NVMeVirt: GC victim policy: cat-fig7-fixed ns=0 part=0 initial_k=4 initial_scale_pct=25 initial_age_ratio=7 warmup_gc=100
[1649758.579133] NVMeVirt: [chmodel_init] bandwidth 800 max_credits 26 tx_time 152
[1649758.589715] NVMeVirt: [chmodel_init] bandwidth 800 max_credits 26 tx_time 152
[1649758.589730] NVMeVirt: [chmodel_init] bandwidth 3360 max_credits 110 tx_time 36
[1649758.589732] NVMeVirt: Fixed CAT init ns=0 part=1 arm=16 k=4 scale_pct=25 age_ratio=7
[1649758.590985] NVMeVirt: Init FTL instance with 2 channels (524288 pages)
[1649758.590987] NVMeVirt: GC victim policy: cat-fig7-fixed ns=0 part=1 initial_k=4 initial_scale_pct=25 initial_age_ratio=7 warmup_gc=100
[1649758.601667] NVMeVirt: [chmodel_init] bandwidth 800 max_credits 26 tx_time 152
[1649758.612078] NVMeVirt: [chmodel_init] bandwidth 800 max_credits 26 tx_time 152
[1649758.612091] NVMeVirt: [chmodel_init] bandwidth 3360 max_credits 110 tx_time 36
[1649758.612093] NVMeVirt: Fixed CAT init ns=0 part=2 arm=16 k=4 scale_pct=25 age_ratio=7
[1649758.613486] NVMeVirt: Init FTL instance with 2 channels (524288 pages)
[1649758.613489] NVMeVirt: GC victim policy: cat-fig7-fixed ns=0 part=2 initial_k=4 initial_scale_pct=25 initial_age_ratio=7 warmup_gc=100
[1649758.624252] NVMeVirt: [chmodel_init] bandwidth 800 max_credits 26 tx_time 152
[1649758.635054] NVMeVirt: [chmodel_init] bandwidth 800 max_credits 26 tx_time 152
[1649758.635068] NVMeVirt: [chmodel_init] bandwidth 3360 max_credits 110 tx_time 36
[1649758.635070] NVMeVirt: Fixed CAT init ns=0 part=3 arm=16 k=4 scale_pct=25 age_ratio=7
[1649758.636337] NVMeVirt: Init FTL instance with 2 channels (524288 pages)
[1649758.636340] NVMeVirt: GC victim policy: cat-fig7-fixed ns=0 part=3 initial_k=4 initial_scale_pct=25 initial_age_ratio=7 warmup_gc=100
[1649758.636346] NVMeVirt: FTL physical space: 8588886016, logical space: 8026996276 (physical/logical * 100 = 107)
[1649758.636347] NVMeVirt: ns 0/1: size 7655 MiB
[1649758.636396] PCI host bridge to bus 0001:10
[1649758.636412] pci_bus 0001:10: root bus resource [io  0x0000-0xffff]
[1649758.636415] pci_bus 0001:10: root bus resource [mem 0x00000000-0x7fffffffff]
[1649758.636418] pci_bus 0001:10: root bus resource [bus 00-ff]
[1649758.636425] pci 0001:10:00.0: [0c51:0110] type 00 class 0x010802 PCIe Endpoint
[1649758.636429] pci 0001:10:00.0: BAR 0 [mem 0x100000000-0x100003fff 64bit]
[1649758.636431] pci 0001:10:00.0: enabling Extended Tags
[1649758.636553] NVMeVirt: Virtual PCI bus created (node 0)
[1649758.636865] NVMeVirt: nvmev_io_worker_0 started on cpu 2 (node 0)
[1649758.637001] NVMeVirt: nvmev_dispatcher started on cpu 1 (node 0)
[1649758.637013] NVMeVirt: Virtual NVMe device created
[1649758.637152] nvme nvme0: pci function 0001:10:00.0
[1649758.641017] nvme nvme0: 8/0/0 default/read/poll queues
[1649759.188685] EXT4-fs (nvme0n1): mounted filesystem ea907977-e555-453e-8163-c498157e2461 r/w with ordered data mode. Quota mode: none.
[1649841.433617] NVMeVirt: Fixed CAT init ns=0 part=0 arm=16 k=4 scale_pct=25 age_ratio=7
[1649841.433623] NVMeVirt: Fixed CAT init ns=0 part=1 arm=16 k=4 scale_pct=25 age_ratio=7
[1649841.433625] NVMeVirt: Fixed CAT init ns=0 part=2 arm=16 k=4 scale_pct=25 age_ratio=7
[1649841.433627] NVMeVirt: Fixed CAT init ns=0 part=3 arm=16 k=4 scale_pct=25 age_ratio=7
[1649841.433628] NVMeVirt: Measurement: command=start epoch=1 host_bytes=0 learner_active=1
[1649841.442039] mix-mixB-arm16-2165276 phase=A START
[1649841.452763] mix-mixB-arm16-2165276 phase=A LOAD
[1649868.508479] mix-mixB-arm16-2165276 phase=A RUN
[1649872.746485] tee (2165637): drop_caches: 3
[1649878.107059] tee (2165641): drop_caches: 3
[1649882.595635] tee (2165660): drop_caches: 3
[1649887.674936] tee (2165664): drop_caches: 3
[1649892.735181] tee (2165669): drop_caches: 3
[1649898.042652] tee (2165674): drop_caches: 3
[1649903.195073] tee (2165679): drop_caches: 3
[1649908.309183] tee (2165683): drop_caches: 3
[1649912.746786] tee (2165702): drop_caches: 3
[1649918.036377] tee (2165706): drop_caches: 3
[1649923.236271] tee (2165710): drop_caches: 3
[1649928.422085] tee (2165714): drop_caches: 3
[1649933.703636] tee (2165718): drop_caches: 3
[1649938.943863] tee (2165722): drop_caches: 3
[1649943.398786] tee (2165734): drop_caches: 3
[1649948.540802] tee (2165739): drop_caches: 3
[1649953.740268] tee (2165743): drop_caches: 3
[1649959.300839] tee (2165747): drop_caches: 3
[1649964.449420] tee (2165751): drop_caches: 3
[1649969.758775] tee (2165759): drop_caches: 3
[1649974.173138] tee (2165778): drop_caches: 3
[1649979.324181] tee (2165783): drop_caches: 3
[1649984.543149] tee (2165787): drop_caches: 3
[1649989.554764] tee (2165794): drop_caches: 3
[1649994.558425] tee (2165798): drop_caches: 3
[1649999.734209] tee (2165803): drop_caches: 3
[1650004.203968] tee (2165815): drop_caches: 3
[1650009.363008] tee (2165819): drop_caches: 3
[1650014.504174] tee (2165823): drop_caches: 3
[1650019.778834] tee (2165827): drop_caches: 3
[1650025.055541] tee (2165831): drop_caches: 3
[1650030.313048] tee (2165835): drop_caches: 3
[1650034.672611] tee (2165847): drop_caches: 3
[1650039.846986] tee (2165851): drop_caches: 3
[1650044.981536] tee (2165855): drop_caches: 3
[1650050.419967] tee (2165859): drop_caches: 3
[1650055.810526] tee (2165863): drop_caches: 3
[1650061.104159] tee (2165874): drop_caches: 3
[1650065.681444] tee (2165892): drop_caches: 3
[1650070.769118] tee (2165902): drop_caches: 3
[1650075.780863] tee (2165906): drop_caches: 3
[1650080.909571] tee (2165910): drop_caches: 3
[1650085.956753] tee (2165914): drop_caches: 3
[1650091.101447] tee (2165925): drop_caches: 3
[1650095.774528] tee (2165935): drop_caches: 3
[1650101.014142] tee (2165941): drop_caches: 3
[1650106.129305] tee (2165945): drop_caches: 3
[1650111.470690] tee (2165949): drop_caches: 3
[1650116.579383] tee (2165953): drop_caches: 3
[1650121.725156] tee (2165964): drop_caches: 3
[1650126.864868] tee (2165974): drop_caches: 3
[1650132.170934] tee (2165980): drop_caches: 3
[1650137.238778] tee (2165984): drop_caches: 3
[1650142.423446] tee (2165988): drop_caches: 3
[1650147.502365] tee (2165992): drop_caches: 3
[1650152.570953] tee (2166003): drop_caches: 3
[1650157.719317] tee (2166014): drop_caches: 3
[1650162.954989] tee (2166019): drop_caches: 3
[1650168.054765] tee (2166023): drop_caches: 3
[1650173.280840] tee (2166027): drop_caches: 3
[1650178.453558] tee (2166038): drop_caches: 3
[1650184.788903] tee (2166050): drop_caches: 3
[1650188.674227] mix-mixB-arm16-2165276 phase=A END
[1650188.681669] mix-mixB-arm16-2165276 phase=B START
[1650791.220117] mix-mixB-arm16-2165276 phase=B END
[1650791.383327] NVMeVirt: Measurement: command=stop epoch=1 host_bytes=131440467968 learner_active=0
[1650794.390348] EXT4-fs (nvme0n1): unmounting filesystem ea907977-e555-453e-8163-c498157e2461.
[1650794.643641] pci_bus 0001:10: busn_res: [bus 10-ff] is released
[1650794.643689] NVMeVirt: GC stats: ns=0 policy=cat-fig7-fixed host_pages=32089958 gc_pages=58588071 gc_count=1416844 WAF=2.825 warmup_gc=100-per-part
[1650794.713521] NVMeVirt: Virtual NVMe device closed
