[825006.188386] mix-mixA-fixed10-4103265 BEGIN
[825006.221890] NVMeVirt: Version 1.10 for >> Samsung 970 Pro SSD <<
[825006.221896] NVMeVirt: Storage: 0x100100000-0x300000000 (8191 MiB)
[825006.232946] NVMeVirt: Total Capacity(GiB,MiB)=2,2048 chs=2 luns=4 lines=8192 blk-size(MiB,KiB)=0,64 line-size(MiB,KiB)=0,256
[825006.245222] NVMeVirt: [chmodel_init] bandwidth 800 max_credits 26 tx_time 152
[825006.256448] NVMeVirt: [chmodel_init] bandwidth 800 max_credits 26 tx_time 152
[825006.256463] NVMeVirt: [chmodel_init] bandwidth 3360 max_credits 110 tx_time 36
[825006.256465] NVMeVirt: Fixed CAT init ns=0 part=0 arm=10 k=2 scale_pct=200 age_ratio=7
[825006.257687] NVMeVirt: pqueue: Copyright (c) 2014, Volkan Yazıcı <volkan.yazici@gmail.com>. All rights reserved.
[825006.257723] NVMeVirt: Init FTL instance with 2 channels (524288 pages)
[825006.257725] NVMeVirt: GC victim policy: cat-fig7-fixed ns=0 part=0 initial_k=2 initial_scale_pct=200 initial_age_ratio=7 warmup_gc=100
[825006.268888] NVMeVirt: [chmodel_init] bandwidth 800 max_credits 26 tx_time 152
[825006.279798] NVMeVirt: [chmodel_init] bandwidth 800 max_credits 26 tx_time 152
[825006.279816] NVMeVirt: [chmodel_init] bandwidth 3360 max_credits 110 tx_time 36
[825006.279818] NVMeVirt: Fixed CAT init ns=0 part=1 arm=10 k=2 scale_pct=200 age_ratio=7
[825006.281183] NVMeVirt: Init FTL instance with 2 channels (524288 pages)
[825006.281186] NVMeVirt: GC victim policy: cat-fig7-fixed ns=0 part=1 initial_k=2 initial_scale_pct=200 initial_age_ratio=7 warmup_gc=100
[825006.292104] NVMeVirt: [chmodel_init] bandwidth 800 max_credits 26 tx_time 152
[825006.302810] NVMeVirt: [chmodel_init] bandwidth 800 max_credits 26 tx_time 152
[825006.302824] NVMeVirt: [chmodel_init] bandwidth 3360 max_credits 110 tx_time 36
[825006.302826] NVMeVirt: Fixed CAT init ns=0 part=2 arm=10 k=2 scale_pct=200 age_ratio=7
[825006.304060] NVMeVirt: Init FTL instance with 2 channels (524288 pages)
[825006.304063] NVMeVirt: GC victim policy: cat-fig7-fixed ns=0 part=2 initial_k=2 initial_scale_pct=200 initial_age_ratio=7 warmup_gc=100
[825006.315173] NVMeVirt: [chmodel_init] bandwidth 800 max_credits 26 tx_time 152
[825006.325790] NVMeVirt: [chmodel_init] bandwidth 800 max_credits 26 tx_time 152
[825006.325804] NVMeVirt: [chmodel_init] bandwidth 3360 max_credits 110 tx_time 36
[825006.325807] NVMeVirt: Fixed CAT init ns=0 part=3 arm=10 k=2 scale_pct=200 age_ratio=7
[825006.327064] NVMeVirt: Init FTL instance with 2 channels (524288 pages)
[825006.327067] NVMeVirt: GC victim policy: cat-fig7-fixed ns=0 part=3 initial_k=2 initial_scale_pct=200 initial_age_ratio=7 warmup_gc=100
[825006.327074] NVMeVirt: FTL physical space: 8588886016, logical space: 8026996276 (physical/logical * 100 = 107)
[825006.327075] NVMeVirt: ns 0/1: size 7655 MiB
[825006.327125] PCI host bridge to bus 0001:10
[825006.327127] pci_bus 0001:10: root bus resource [io  0x0000-0xffff]
[825006.327130] pci_bus 0001:10: root bus resource [mem 0x00000000-0x7fffffffff]
[825006.327132] pci_bus 0001:10: root bus resource [bus 00-ff]
[825006.327154] pci 0001:10:00.0: [0c51:0110] type 00 class 0x010802 PCIe Endpoint
[825006.327158] pci 0001:10:00.0: BAR 0 [mem 0x100000000-0x100003fff 64bit]
[825006.327161] pci 0001:10:00.0: enabling Extended Tags
[825006.327285] NVMeVirt: Virtual PCI bus created (node 0)
[825006.327552] NVMeVirt: nvmev_io_worker_0 started on cpu 2 (node 0)
[825006.327617] NVMeVirt: nvmev_dispatcher started on cpu 1 (node 0)
[825006.327643] NVMeVirt: Virtual NVMe device created
[825006.327744] nvme nvme0: pci function 0001:10:00.0
[825006.330250] nvme nvme0: 8/0/0 default/read/poll queues
[825006.943982] EXT4-fs (nvme0n1): mounted filesystem 171e383f-dd5c-4b1c-80be-615c541ab75a r/w with ordered data mode. Quota mode: none.
[825089.116144] NVMeVirt: Fixed CAT init ns=0 part=0 arm=10 k=2 scale_pct=200 age_ratio=7
[825089.116149] NVMeVirt: Fixed CAT init ns=0 part=1 arm=10 k=2 scale_pct=200 age_ratio=7
[825089.116151] NVMeVirt: Fixed CAT init ns=0 part=2 arm=10 k=2 scale_pct=200 age_ratio=7
[825089.116153] NVMeVirt: Fixed CAT init ns=0 part=3 arm=10 k=2 scale_pct=200 age_ratio=7
[825089.116154] NVMeVirt: Measurement: command=start epoch=1 host_bytes=0 learner_active=1
[825089.124401] mix-mixA-fixed10-4103265 phase=A START
[825689.430168] mix-mixA-fixed10-4103265 phase=A END
[825689.438582] mix-mixA-fixed10-4103265 phase=B START
[825689.449346] mix-mixA-fixed10-4103265 phase=B LOAD
[825719.113491] mix-mixA-fixed10-4103265 phase=B RUN
[825723.465505] tee (4103962): drop_caches: 3
[825728.226335] tee (4103971): drop_caches: 3
[825733.438356] tee (4103975): drop_caches: 3
[825738.727859] tee (4103979): drop_caches: 3
[825743.941027] tee (4103985): drop_caches: 3
[825749.082718] tee (4103989): drop_caches: 3
[825754.219744] tee (4103993): drop_caches: 3
[825758.682389] tee (4103999): drop_caches: 3
[825764.127820] tee (4104005): drop_caches: 3
[825769.338024] tee (4104009): drop_caches: 3
[825774.526840] tee (4104013): drop_caches: 3
[825779.636362] tee (4104017): drop_caches: 3
[825784.842184] tee (4104021): drop_caches: 3
[825790.208660] tee (4104026): drop_caches: 3
[825795.601431] tee (4104033): drop_caches: 3
[825800.668515] tee (4104037): drop_caches: 3
[825806.076620] tee (4104045): drop_caches: 3
[825811.263345] tee (4104051): drop_caches: 3
[825816.298244] tee (4104055): drop_caches: 3
[825821.558045] tee (4104061): drop_caches: 3
[825826.867820] tee (4104067): drop_caches: 3
[825832.072160] tee (4104072): drop_caches: 3
[825837.292240] tee (4104076): drop_caches: 3
[825842.492586] tee (4104080): drop_caches: 3
[825848.395620] tee (4104087): drop_caches: 3
[825852.971531] tee (4104093): drop_caches: 3
[825858.140280] tee (4104098): drop_caches: 3
[825863.295569] tee (4104102): drop_caches: 3
[825868.401567] tee (4104106): drop_caches: 3
[825873.563726] tee (4104110): drop_caches: 3
[825878.576433] tee (4104123): drop_caches: 3
[825885.060441] tee (4104185): drop_caches: 3
[825892.028951] tee (4104192): drop_caches: 3
[825899.103529] tee (4104201): drop_caches: 3
[825904.569568] tee (4104230): drop_caches: 3
[825909.924374] tee (4104236): drop_caches: 3
[825915.235965] tee (4104241): drop_caches: 3
[825919.704538] tee (4104248): drop_caches: 3
[825925.035804] tee (4104252): drop_caches: 3
[825930.356987] tee (4104257): drop_caches: 3
[825935.673472] tee (4104261): drop_caches: 3
[825940.881984] tee (4104265): drop_caches: 3
[825946.209103] tee (4104269): drop_caches: 3
[825950.653819] tee (4104277): drop_caches: 3
[825956.081296] tee (4104281): drop_caches: 3
[825961.147799] tee (4104285): drop_caches: 3
[825966.274740] tee (4104291): drop_caches: 3
[825971.530279] tee (4104296): drop_caches: 3
[825976.701991] tee (4104300): drop_caches: 3
[825981.213358] tee (4104307): drop_caches: 3
[825986.427086] tee (4104311): drop_caches: 3
[825991.599524] tee (4104315): drop_caches: 3
[825996.741590] tee (4104319): drop_caches: 3
[826001.905626] tee (4104323): drop_caches: 3
[826007.132667] tee (4104328): drop_caches: 3
[826011.667553] tee (4104335): drop_caches: 3
[826016.805695] tee (4104339): drop_caches: 3
[826021.941601] tee (4104343): drop_caches: 3
[826027.028602] tee (4104347): drop_caches: 3
[826032.077094] tee (4104351): drop_caches: 3
[826037.208950] tee (4104355): drop_caches: 3
[826041.650294] tee (4104362): drop_caches: 3
[826046.915447] tee (4104366): drop_caches: 3
[826052.048941] tee (4104370): drop_caches: 3
[826057.115100] tee (4104374): drop_caches: 3
[826062.192031] tee (4104378): drop_caches: 3
[826067.385746] tee (4104382): drop_caches: 3
[826071.831034] tee (4104388): drop_caches: 3
[826077.217409] tee (4104393): drop_caches: 3
[826082.415240] tee (4104398): drop_caches: 3
[826087.533372] tee (4104404): drop_caches: 3
[826092.823270] tee (4104408): drop_caches: 3
[826097.975847] tee (4104412): drop_caches: 3
[826103.192766] tee (4104418): drop_caches: 3
[826108.465996] tee (4104428): drop_caches: 3
[826113.576947] tee (4104432): drop_caches: 3
[826118.706025] tee (4104437): drop_caches: 3
[826123.877507] tee (4104441): drop_caches: 3
[826129.020224] tee (4104445): drop_caches: 3
[826134.341325] tee (4104452): drop_caches: 3
[826139.688016] tee (4104457): drop_caches: 3
[826144.779726] tee (4104461): drop_caches: 3
[826149.844888] tee (4104465): drop_caches: 3
[826154.916606] tee (4104469): drop_caches: 3
[826160.039171] tee (4104473): drop_caches: 3
[826165.264329] tee (4104478): drop_caches: 3
[826170.804147] tee (4104485): drop_caches: 3
[826175.930147] tee (4104489): drop_caches: 3
[826180.776320] tee (4104496): drop_caches: 3
[826185.532801] tee (4104500): drop_caches: 3
[826190.890054] tee (4104504): drop_caches: 3
[826195.938896] tee (4104508): drop_caches: 3
[826200.730367] tee (4104515): drop_caches: 3
[826205.970468] tee (4104521): drop_caches: 3
[826211.156513] tee (4104528): drop_caches: 3
[826216.538001] tee (4104532): drop_caches: 3
[826221.827359] tee (4104536): drop_caches: 3
[826226.950038] tee (4104540): drop_caches: 3
[826231.468302] tee (4104550): drop_caches: 3
[826233.668925] mix-mixA-fixed10-4103265 phase=B END
[826234.059631] NVMeVirt: Measurement: command=stop epoch=1 host_bytes=131904544768 learner_active=0
[826234.694979] EXT4-fs (nvme0n1): unmounting filesystem 171e383f-dd5c-4b1c-80be-615c541ab75a.
[826235.181337] pci_bus 0001:10: busn_res: [bus 10-ff] is released
[826235.181473] NVMeVirt: GC stats: ns=0 policy=cat-fig7-fixed host_pages=32203258 gc_pages=46131359 gc_count=1223978 WAF=2.432 warmup_gc=100-per-part
[826235.257707] NVMeVirt: Virtual NVMe device closed
