[732021.808829] mix-mixC-arm30-3969782 BEGIN
[732021.820583] NVMeVirt: Version 1.10 for >> Samsung 970 Pro SSD <<
[732021.820589] NVMeVirt: Storage: 0x100100000-0x300000000 (8191 MiB)
[732021.831744] NVMeVirt: Total Capacity(GiB,MiB)=2,2048 chs=2 luns=4 lines=8192 blk-size(MiB,KiB)=0,64 line-size(MiB,KiB)=0,256
[732021.843103] NVMeVirt: [chmodel_init] bandwidth 800 max_credits 26 tx_time 152
[732021.853436] NVMeVirt: [chmodel_init] bandwidth 800 max_credits 26 tx_time 152
[732021.853451] NVMeVirt: [chmodel_init] bandwidth 3360 max_credits 110 tx_time 36
[732021.853453] NVMeVirt: Fixed CAT init ns=0 part=0 arm=30 k=7 scale_pct=25 age_ratio=4
[732021.854696] NVMeVirt: pqueue: Copyright (c) 2014, Volkan Yazıcı <volkan.yazici@gmail.com>. All rights reserved.
[732021.854732] NVMeVirt: Init FTL instance with 2 channels (524288 pages)
[732021.854734] NVMeVirt: GC victim policy: cat-fig7-fixed ns=0 part=0 initial_k=7 initial_scale_pct=25 initial_age_ratio=4 warmup_gc=100
[732021.864995] NVMeVirt: [chmodel_init] bandwidth 800 max_credits 26 tx_time 152
[732021.875181] NVMeVirt: [chmodel_init] bandwidth 800 max_credits 26 tx_time 152
[732021.875195] NVMeVirt: [chmodel_init] bandwidth 3360 max_credits 110 tx_time 36
[732021.875197] NVMeVirt: Fixed CAT init ns=0 part=1 arm=30 k=7 scale_pct=25 age_ratio=4
[732021.876458] NVMeVirt: Init FTL instance with 2 channels (524288 pages)
[732021.876461] NVMeVirt: GC victim policy: cat-fig7-fixed ns=0 part=1 initial_k=7 initial_scale_pct=25 initial_age_ratio=4 warmup_gc=100
[732021.886871] NVMeVirt: [chmodel_init] bandwidth 800 max_credits 26 tx_time 152
[732021.897164] NVMeVirt: [chmodel_init] bandwidth 800 max_credits 26 tx_time 152
[732021.897178] NVMeVirt: [chmodel_init] bandwidth 3360 max_credits 110 tx_time 36
[732021.897180] NVMeVirt: Fixed CAT init ns=0 part=2 arm=30 k=7 scale_pct=25 age_ratio=4
[732021.898434] NVMeVirt: Init FTL instance with 2 channels (524288 pages)
[732021.898438] NVMeVirt: GC victim policy: cat-fig7-fixed ns=0 part=2 initial_k=7 initial_scale_pct=25 initial_age_ratio=4 warmup_gc=100
[732021.908656] NVMeVirt: [chmodel_init] bandwidth 800 max_credits 26 tx_time 152
[732021.918472] NVMeVirt: [chmodel_init] bandwidth 800 max_credits 26 tx_time 152
[732021.918486] NVMeVirt: [chmodel_init] bandwidth 3360 max_credits 110 tx_time 36
[732021.918488] NVMeVirt: Fixed CAT init ns=0 part=3 arm=30 k=7 scale_pct=25 age_ratio=4
[732021.919777] NVMeVirt: Init FTL instance with 2 channels (524288 pages)
[732021.919780] NVMeVirt: GC victim policy: cat-fig7-fixed ns=0 part=3 initial_k=7 initial_scale_pct=25 initial_age_ratio=4 warmup_gc=100
[732021.919787] NVMeVirt: FTL physical space: 8588886016, logical space: 8026996276 (physical/logical * 100 = 107)
[732021.919788] NVMeVirt: ns 0/1: size 7655 MiB
[732021.919837] PCI host bridge to bus 0001:10
[732021.919840] pci_bus 0001:10: root bus resource [io  0x0000-0xffff]
[732021.919842] pci_bus 0001:10: root bus resource [mem 0x00000000-0x7fffffffff]
[732021.919845] pci_bus 0001:10: root bus resource [bus 00-ff]
[732021.919866] pci 0001:10:00.0: [0c51:0110] type 00 class 0x010802 PCIe Endpoint
[732021.919870] pci 0001:10:00.0: BAR 0 [mem 0x100000000-0x100003fff 64bit]
[732021.919873] pci 0001:10:00.0: enabling Extended Tags
[732021.919996] NVMeVirt: Virtual PCI bus created (node 0)
[732021.920327] NVMeVirt: Virtual NVMe device created
[732021.920365] NVMeVirt: nvmev_dispatcher started on cpu 1 (node 0)
[732021.920758] NVMeVirt: nvmev_io_worker_0 started on cpu 2 (node 0)
[732021.921016] nvme nvme0: pci function 0001:10:00.0
[732021.923103] nvme nvme0: 8/0/0 default/read/poll queues
[732021.995672] EXT4-fs (nvme0n1): mounted filesystem f23ac4fa-c229-47c2-9957-3ed2314fd39c r/w with ordered data mode. Quota mode: none.
[732104.012200] NVMeVirt: Fixed CAT init ns=0 part=0 arm=30 k=7 scale_pct=25 age_ratio=4
[732104.012205] NVMeVirt: Fixed CAT init ns=0 part=1 arm=30 k=7 scale_pct=25 age_ratio=4
[732104.012207] NVMeVirt: Fixed CAT init ns=0 part=2 arm=30 k=7 scale_pct=25 age_ratio=4
[732104.012208] NVMeVirt: Fixed CAT init ns=0 part=3 arm=30 k=7 scale_pct=25 age_ratio=4
[732104.012210] NVMeVirt: Measurement: command=start epoch=1 host_bytes=0 learner_active=1
[732104.020080] mix-mixC-arm30-3969782 phase=A START
[732704.329407] mix-mixC-arm30-3969782 phase=A END
[732704.336626] mix-mixC-arm30-3969782 phase=B START
[733304.653246] mix-mixC-arm30-3969782 phase=B END
[733304.656324] NVMeVirt: Measurement: command=stop epoch=1 host_bytes=122884407296 learner_active=0
[733304.708960] EXT4-fs (nvme0n1): unmounting filesystem f23ac4fa-c229-47c2-9957-3ed2314fd39c.
[733304.785841] pci_bus 0001:10: busn_res: [bus 10-ff] is released
[733304.785914] NVMeVirt: GC stats: ns=0 policy=cat-fig7-fixed host_pages=30001076 gc_pages=24030870 gc_count=844250 WAF=1.801 warmup_gc=100-per-part
[733304.861845] NVMeVirt: Virtual NVMe device closed
