[1001129.798710] mix-t4-onlinev2-346410 BEGIN
[1001129.810057] NVMeVirt: Version 1.10 for >> Samsung 970 Pro SSD <<
[1001129.810062] NVMeVirt: Storage: 0x100100000-0x300000000 (8191 MiB)
[1001129.821424] NVMeVirt: Total Capacity(GiB,MiB)=2,2048 chs=2 luns=4 lines=8192 blk-size(MiB,KiB)=0,64 line-size(MiB,KiB)=0,256
[1001129.833539] NVMeVirt: [chmodel_init] bandwidth 800 max_credits 26 tx_time 152
[1001129.844516] NVMeVirt: [chmodel_init] bandwidth 800 max_credits 26 tx_time 152
[1001129.844532] NVMeVirt: [chmodel_init] bandwidth 3360 max_credits 110 tx_time 36
[1001129.844534] NVMeVirt: WATGC_V2 init ns=0 part=0 arms=60 initial=37 prior=none gamma_q16=65503 exploration_q16=16384
[1001129.845755] NVMeVirt: pqueue: Copyright (c) 2014, Volkan Yazıcı <volkan.yazici@gmail.com>. All rights reserved.
[1001129.845793] NVMeVirt: Init FTL instance with 2 channels (524288 pages)
[1001129.845795] NVMeVirt: GC victim policy: watgc-v2 ns=0 part=0 initial_k=7 initial_scale_pct=100 initial_age_ratio=7 warmup_gc=100
[1001129.856147] NVMeVirt: [chmodel_init] bandwidth 800 max_credits 26 tx_time 152
[1001129.866605] NVMeVirt: [chmodel_init] bandwidth 800 max_credits 26 tx_time 152
[1001129.866619] NVMeVirt: [chmodel_init] bandwidth 3360 max_credits 110 tx_time 36
[1001129.866621] NVMeVirt: WATGC_V2 init ns=0 part=1 arms=60 initial=37 prior=none gamma_q16=65503 exploration_q16=16384
[1001129.867906] NVMeVirt: Init FTL instance with 2 channels (524288 pages)
[1001129.867909] NVMeVirt: GC victim policy: watgc-v2 ns=0 part=1 initial_k=7 initial_scale_pct=100 initial_age_ratio=7 warmup_gc=100
[1001129.878381] NVMeVirt: [chmodel_init] bandwidth 800 max_credits 26 tx_time 152
[1001129.888927] NVMeVirt: [chmodel_init] bandwidth 800 max_credits 26 tx_time 152
[1001129.888941] NVMeVirt: [chmodel_init] bandwidth 3360 max_credits 110 tx_time 36
[1001129.888943] NVMeVirt: WATGC_V2 init ns=0 part=2 arms=60 initial=37 prior=none gamma_q16=65503 exploration_q16=16384
[1001129.890294] NVMeVirt: Init FTL instance with 2 channels (524288 pages)
[1001129.890298] NVMeVirt: GC victim policy: watgc-v2 ns=0 part=2 initial_k=7 initial_scale_pct=100 initial_age_ratio=7 warmup_gc=100
[1001129.900465] NVMeVirt: [chmodel_init] bandwidth 800 max_credits 26 tx_time 152
[1001129.911114] NVMeVirt: [chmodel_init] bandwidth 800 max_credits 26 tx_time 152
[1001129.911128] NVMeVirt: [chmodel_init] bandwidth 3360 max_credits 110 tx_time 36
[1001129.911131] NVMeVirt: WATGC_V2 init ns=0 part=3 arms=60 initial=37 prior=none gamma_q16=65503 exploration_q16=16384
[1001129.912362] NVMeVirt: Init FTL instance with 2 channels (524288 pages)
[1001129.912364] NVMeVirt: GC victim policy: watgc-v2 ns=0 part=3 initial_k=7 initial_scale_pct=100 initial_age_ratio=7 warmup_gc=100
[1001129.912370] NVMeVirt: FTL physical space: 8588886016, logical space: 8026996276 (physical/logical * 100 = 107)
[1001129.912372] NVMeVirt: ns 0/1: size 7655 MiB
[1001129.912421] PCI host bridge to bus 0001:10
[1001129.912423] pci_bus 0001:10: root bus resource [io  0x0000-0xffff]
[1001129.912426] pci_bus 0001:10: root bus resource [mem 0x00000000-0x7fffffffff]
[1001129.912428] pci_bus 0001:10: root bus resource [bus 00-ff]
[1001129.912450] pci 0001:10:00.0: [0c51:0110] type 00 class 0x010802 PCIe Endpoint
[1001129.912454] pci 0001:10:00.0: BAR 0 [mem 0x100000000-0x100003fff 64bit]
[1001129.912457] pci 0001:10:00.0: enabling Extended Tags
[1001129.912580] NVMeVirt: Virtual PCI bus created (node 0)
[1001129.912847] NVMeVirt: nvmev_io_worker_0 started on cpu 2 (node 0)
[1001129.912900] NVMeVirt: Virtual NVMe device created
[1001129.913010] NVMeVirt: nvmev_dispatcher started on cpu 1 (node 0)
[1001129.913087] nvme nvme0: pci function 0001:10:00.0
[1001129.917738] nvme nvme0: 8/0/0 default/read/poll queues
[1001129.987497] EXT4-fs (nvme0n1): mounted filesystem 8e6d77d3-b512-450a-aced-48f7a4981e4e r/w with ordered data mode. Quota mode: none.
[1001211.994077] NVMeVirt: WATGC_V2 init ns=0 part=0 arms=60 initial=37 prior=none gamma_q16=65503 exploration_q16=16384
[1001211.994083] NVMeVirt: WATGC_V2 init ns=0 part=1 arms=60 initial=37 prior=none gamma_q16=65503 exploration_q16=16384
[1001211.994086] NVMeVirt: WATGC_V2 init ns=0 part=2 arms=60 initial=37 prior=none gamma_q16=65503 exploration_q16=16384
[1001211.994089] NVMeVirt: WATGC_V2 init ns=0 part=3 arms=60 initial=37 prior=none gamma_q16=65503 exploration_q16=16384
[1001211.994091] NVMeVirt: Measurement: command=start epoch=1 host_bytes=0 learner_active=1
[1001212.002498] mix-t4-onlinev2-346410 phase=A START
[1001212.591522] NVMeVirt: WATGC_V2 warmup-done ns=0 part=1 gc_count=2651
[1001212.594170] NVMeVirt: WATGC_V2 warmup-done ns=0 part=2 gc_count=2644
[1001212.602711] NVMeVirt: WATGC_V2 warmup-done ns=0 part=3 gc_count=2645
[1001212.602826] NVMeVirt: WATGC_V2 warmup-done ns=0 part=0 gc_count=2658
[1001235.415050] NVMeVirt: WATGC_V2 sample ns=0 part=3 epoch=1 window=1 phase=measure evaluated=37 k=7 scale_pct=100 age_ratio=7 host=196630 gc_pages=172074 gc_count=5761 waf_q16=122887 best=37 next=0 settled=0
[1001235.419757] NVMeVirt: WATGC_V2 sample ns=0 part=2 epoch=1 window=1 phase=measure evaluated=37 k=7 scale_pct=100 age_ratio=7 host=196629 gc_pages=171628 gc_count=5754 waf_q16=122739 best=37 next=0 settled=0
[1001235.428519] NVMeVirt: WATGC_V2 sample ns=0 part=1 epoch=1 window=1 phase=measure evaluated=37 k=7 scale_pct=100 age_ratio=7 host=196637 gc_pages=171427 gc_count=5751 waf_q16=122669 best=37 next=0 settled=0
[1001235.433769] NVMeVirt: WATGC_V2 sample ns=0 part=0 epoch=1 window=1 phase=measure evaluated=37 k=7 scale_pct=100 age_ratio=7 host=196639 gc_pages=171941 gc_count=5759 waf_q16=122840 best=37 next=0 settled=0
[1001258.230207] NVMeVirt: WATGC_V2 sample ns=0 part=3 epoch=1 window=2 phase=measure evaluated=0 k=2 scale_pct=25 age_ratio=4 host=196612 gc_pages=209153 gc_count=6340 waf_q16=135252 best=37 next=1 settled=0
[1001258.242667] NVMeVirt: WATGC_V2 sample ns=0 part=2 epoch=1 window=2 phase=measure evaluated=0 k=2 scale_pct=25 age_ratio=4 host=196625 gc_pages=210484 gc_count=6361 waf_q16=135691 best=37 next=1 settled=0
[1001258.256608] NVMeVirt: WATGC_V2 sample ns=0 part=0 epoch=1 window=2 phase=measure evaluated=0 k=2 scale_pct=25 age_ratio=4 host=196629 gc_pages=210289 gc_count=6358 waf_q16=135624 best=37 next=1 settled=0
[1001258.269569] NVMeVirt: WATGC_V2 sample ns=0 part=1 epoch=1 window=2 phase=measure evaluated=0 k=2 scale_pct=25 age_ratio=4 host=196618 gc_pages=210684 gc_count=6364 waf_q16=135760 best=37 next=1 settled=0
[1001281.062622] NVMeVirt: WATGC_V2 sample ns=0 part=1 epoch=1 window=3 phase=measure evaluated=1 k=2 scale_pct=25 age_ratio=7 host=196617 gc_pages=220924 gc_count=6524 waf_q16=139173 best=37 next=2 settled=0
[1001281.062865] NVMeVirt: WATGC_V2 sample ns=0 part=2 epoch=1 window=3 phase=measure evaluated=1 k=2 scale_pct=25 age_ratio=7 host=196625 gc_pages=219892 gc_count=6508 waf_q16=138826 best=37 next=2 settled=0
[1001281.080621] NVMeVirt: WATGC_V2 sample ns=0 part=3 epoch=1 window=3 phase=measure evaluated=1 k=2 scale_pct=25 age_ratio=7 host=196635 gc_pages=219370 gc_count=6500 waf_q16=138649 best=37 next=2 settled=0
[1001281.094665] NVMeVirt: WATGC_V2 sample ns=0 part=0 epoch=1 window=3 phase=measure evaluated=1 k=2 scale_pct=25 age_ratio=7 host=196629 gc_pages=221359 gc_count=6531 waf_q16=139314 best=37 next=2 settled=0
[1001303.971713] NVMeVirt: WATGC_V2 sample ns=0 part=2 epoch=1 window=4 phase=measure evaluated=2 k=2 scale_pct=25 age_ratio=16 host=196637 gc_pages=234720 gc_count=6740 waf_q16=143764 best=37 next=3 settled=0
[1001303.985745] NVMeVirt: WATGC_V2 sample ns=0 part=0 epoch=1 window=4 phase=measure evaluated=2 k=2 scale_pct=25 age_ratio=16 host=196628 gc_pages=232168 gc_count=6700 waf_q16=142917 best=37 next=3 settled=0
[1001304.018904] NVMeVirt: WATGC_V2 sample ns=0 part=3 epoch=1 window=4 phase=measure evaluated=2 k=2 scale_pct=25 age_ratio=16 host=196628 gc_pages=229929 gc_count=6665 waf_q16=142171 best=37 next=3 settled=0
[1001304.034806] NVMeVirt: WATGC_V2 sample ns=0 part=1 epoch=1 window=4 phase=measure evaluated=2 k=2 scale_pct=25 age_ratio=16 host=196617 gc_pages=231925 gc_count=6696 waf_q16=142840 best=37 next=3 settled=0
[1001326.895026] NVMeVirt: WATGC_V2 sample ns=0 part=2 epoch=1 window=5 phase=measure evaluated=3 k=2 scale_pct=50 age_ratio=4 host=196634 gc_pages=247650 gc_count=6942 waf_q16=148075 best=37 next=4 settled=0
[1001326.936198] NVMeVirt: WATGC_V2 sample ns=0 part=0 epoch=1 window=5 phase=measure evaluated=3 k=2 scale_pct=50 age_ratio=4 host=196617 gc_pages=247539 gc_count=6940 waf_q16=148045 best=37 next=4 settled=0
[1001326.960359] NVMeVirt: WATGC_V2 sample ns=0 part=3 epoch=1 window=5 phase=measure evaluated=3 k=2 scale_pct=50 age_ratio=4 host=196623 gc_pages=244972 gc_count=6900 waf_q16=147187 best=37 next=4 settled=0
[1001326.981027] NVMeVirt: WATGC_V2 sample ns=0 part=1 epoch=1 window=5 phase=measure evaluated=3 k=2 scale_pct=50 age_ratio=4 host=196620 gc_pages=246834 gc_count=6929 waf_q16=147808 best=37 next=4 settled=0
[1001349.842356] NVMeVirt: WATGC_V2 sample ns=0 part=2 epoch=1 window=6 phase=measure evaluated=4 k=2 scale_pct=50 age_ratio=7 host=196612 gc_pages=245115 gc_count=6902 waf_q16=147239 best=37 next=5 settled=0
[1001349.875480] NVMeVirt: WATGC_V2 sample ns=0 part=3 epoch=1 window=6 phase=measure evaluated=4 k=2 scale_pct=50 age_ratio=7 host=196610 gc_pages=245822 gc_count=6913 waf_q16=147475 best=37 next=5 settled=0
[1001349.897862] NVMeVirt: WATGC_V2 sample ns=0 part=1 epoch=1 window=6 phase=measure evaluated=4 k=2 scale_pct=50 age_ratio=7 host=196628 gc_pages=247084 gc_count=6933 waf_q16=147888 best=37 next=5 settled=0
[1001349.914883] NVMeVirt: WATGC_V2 sample ns=0 part=0 epoch=1 window=6 phase=measure evaluated=4 k=2 scale_pct=50 age_ratio=7 host=196611 gc_pages=247038 gc_count=6932 waf_q16=147880 best=37 next=5 settled=0
[1001372.806989] NVMeVirt: WATGC_V2 sample ns=0 part=2 epoch=1 window=7 phase=measure evaluated=5 k=2 scale_pct=50 age_ratio=16 host=196612 gc_pages=243264 gc_count=6873 waf_q16=146622 best=37 next=6 settled=0
[1001372.819645] NVMeVirt: WATGC_V2 sample ns=0 part=0 epoch=1 window=7 phase=measure evaluated=5 k=2 scale_pct=50 age_ratio=16 host=196628 gc_pages=246896 gc_count=6930 waf_q16=147826 best=37 next=6 settled=0
[1001372.823237] NVMeVirt: WATGC_V2 sample ns=0 part=3 epoch=1 window=7 phase=measure evaluated=5 k=2 scale_pct=50 age_ratio=16 host=196611 gc_pages=243905 gc_count=6883 waf_q16=146836 best=37 next=6 settled=0
[1001372.841549] NVMeVirt: WATGC_V2 sample ns=0 part=1 epoch=1 window=7 phase=measure evaluated=5 k=2 scale_pct=50 age_ratio=16 host=196621 gc_pages=244471 gc_count=6892 waf_q16=147020 best=37 next=6 settled=0
[1001395.739102] NVMeVirt: WATGC_V2 sample ns=0 part=2 epoch=1 window=8 phase=measure evaluated=6 k=2 scale_pct=100 age_ratio=4 host=196610 gc_pages=253188 gc_count=7028 waf_q16=149931 best=37 next=7 settled=0
[1001395.750753] NVMeVirt: WATGC_V2 sample ns=0 part=3 epoch=1 window=8 phase=measure evaluated=6 k=2 scale_pct=100 age_ratio=4 host=196610 gc_pages=255618 gc_count=7066 waf_q16=150741 best=37 next=7 settled=0
[1001395.769479] NVMeVirt: WATGC_V2 sample ns=0 part=1 epoch=1 window=8 phase=measure evaluated=6 k=2 scale_pct=100 age_ratio=4 host=196633 gc_pages=252267 gc_count=7014 waf_q16=149614 best=37 next=7 settled=0
[1001395.785758] NVMeVirt: WATGC_V2 sample ns=0 part=0 epoch=1 window=8 phase=measure evaluated=6 k=2 scale_pct=100 age_ratio=4 host=196610 gc_pages=256385 gc_count=7078 waf_q16=150996 best=37 next=7 settled=0
[1001418.674133] NVMeVirt: WATGC_V2 sample ns=0 part=2 epoch=1 window=9 phase=measure evaluated=7 k=2 scale_pct=100 age_ratio=7 host=196628 gc_pages=257768 gc_count=7100 waf_q16=151449 best=37 next=8 settled=0
[1001418.692150] NVMeVirt: WATGC_V2 sample ns=0 part=1 epoch=1 window=9 phase=measure evaluated=7 k=2 scale_pct=100 age_ratio=7 host=196614 gc_pages=256248 gc_count=7076 waf_q16=150949 best=37 next=8 settled=0
[1001418.701844] NVMeVirt: WATGC_V2 sample ns=0 part=3 epoch=1 window=9 phase=measure evaluated=7 k=2 scale_pct=100 age_ratio=7 host=196617 gc_pages=259187 gc_count=7122 waf_q16=151927 best=37 next=8 settled=0
[1001418.737936] NVMeVirt: WATGC_V2 sample ns=0 part=0 epoch=1 window=9 phase=measure evaluated=7 k=2 scale_pct=100 age_ratio=7 host=196623 gc_pages=260396 gc_count=7141 waf_q16=152328 best=37 next=8 settled=0
[1001441.625754] NVMeVirt: WATGC_V2 sample ns=0 part=3 epoch=1 window=10 phase=measure evaluated=8 k=2 scale_pct=100 age_ratio=16 host=196613 gc_pages=253751 gc_count=7037 waf_q16=150117 best=37 next=9 settled=0
[1001441.631573] NVMeVirt: WATGC_V2 sample ns=0 part=2 epoch=1 window=10 phase=measure evaluated=8 k=2 scale_pct=100 age_ratio=16 host=196634 gc_pages=252193 gc_count=7013 waf_q16=149589 best=37 next=9 settled=0
[1001441.652583] NVMeVirt: WATGC_V2 sample ns=0 part=0 epoch=1 window=10 phase=measure evaluated=8 k=2 scale_pct=100 age_ratio=16 host=196618 gc_pages=252275 gc_count=7014 waf_q16=149623 best=37 next=9 settled=0
[1001441.657919] NVMeVirt: WATGC_V2 sample ns=0 part=1 epoch=1 window=10 phase=measure evaluated=8 k=2 scale_pct=100 age_ratio=16 host=196616 gc_pages=254518 gc_count=7049 waf_q16=150371 best=37 next=9 settled=0
[1001464.571136] NVMeVirt: WATGC_V2 sample ns=0 part=0 epoch=1 window=11 phase=measure evaluated=9 k=2 scale_pct=200 age_ratio=4 host=196613 gc_pages=252796 gc_count=7022 waf_q16=149799 best=37 next=10 settled=0
[1001464.571690] NVMeVirt: WATGC_V2 sample ns=0 part=3 epoch=1 window=11 phase=measure evaluated=9 k=2 scale_pct=200 age_ratio=4 host=196611 gc_pages=250557 gc_count=6987 waf_q16=149053 best=37 next=10 settled=0
[1001464.588601] NVMeVirt: WATGC_V2 sample ns=0 part=1 epoch=1 window=11 phase=measure evaluated=9 k=2 scale_pct=200 age_ratio=4 host=196624 gc_pages=251825 gc_count=7007 waf_q16=149470 best=37 next=10 settled=0
[1001464.591030] NVMeVirt: WATGC_V2 sample ns=0 part=2 epoch=1 window=11 phase=measure evaluated=9 k=2 scale_pct=200 age_ratio=4 host=196618 gc_pages=251383 gc_count=7000 waf_q16=149326 best=37 next=10 settled=0
[1001487.491726] NVMeVirt: WATGC_V2 sample ns=0 part=3 epoch=1 window=12 phase=measure evaluated=10 k=2 scale_pct=200 age_ratio=7 host=196629 gc_pages=258030 gc_count=7104 waf_q16=151536 best=37 next=11 settled=0
[1001487.509464] NVMeVirt: WATGC_V2 sample ns=0 part=2 epoch=1 window=12 phase=measure evaluated=10 k=2 scale_pct=200 age_ratio=7 host=196632 gc_pages=257388 gc_count=7094 waf_q16=151321 best=37 next=11 settled=0
[1001487.522888] NVMeVirt: WATGC_V2 sample ns=0 part=0 epoch=1 window=12 phase=measure evaluated=10 k=2 scale_pct=200 age_ratio=7 host=196612 gc_pages=257663 gc_count=7098 waf_q16=151421 best=37 next=11 settled=0
[1001487.555972] NVMeVirt: WATGC_V2 sample ns=0 part=1 epoch=1 window=12 phase=measure evaluated=10 k=2 scale_pct=200 age_ratio=7 host=196629 gc_pages=256944 gc_count=7087 waf_q16=151174 best=37 next=11 settled=0
[1001510.414612] NVMeVirt: WATGC_V2 sample ns=0 part=0 epoch=1 window=13 phase=measure evaluated=11 k=2 scale_pct=200 age_ratio=16 host=196629 gc_pages=260205 gc_count=7138 waf_q16=152261 best=37 next=12 settled=0
[1001510.475830] NVMeVirt: WATGC_V2 sample ns=0 part=1 epoch=1 window=13 phase=measure evaluated=11 k=2 scale_pct=200 age_ratio=16 host=196627 gc_pages=261168 gc_count=7153 waf_q16=152583 best=37 next=12 settled=0
[1001510.476327] NVMeVirt: WATGC_V2 sample ns=0 part=3 epoch=1 window=13 phase=measure evaluated=11 k=2 scale_pct=200 age_ratio=16 host=196619 gc_pages=260024 gc_count=7135 waf_q16=152205 best=37 next=12 settled=0
[1001510.476893] NVMeVirt: WATGC_V2 sample ns=0 part=2 epoch=1 window=13 phase=measure evaluated=11 k=2 scale_pct=200 age_ratio=16 host=196628 gc_pages=260399 gc_count=7141 waf_q16=152326 best=37 next=12 settled=0
[1001533.368796] NVMeVirt: WATGC_V2 sample ns=0 part=0 epoch=1 window=14 phase=measure evaluated=12 k=2 scale_pct=400 age_ratio=4 host=196613 gc_pages=252920 gc_count=7024 waf_q16=149840 best=37 next=13 settled=0
[1001533.389378] NVMeVirt: WATGC_V2 sample ns=0 part=3 epoch=1 window=14 phase=measure evaluated=12 k=2 scale_pct=400 age_ratio=4 host=196615 gc_pages=251893 gc_count=7008 waf_q16=149497 best=37 next=13 settled=0
[1001533.414394] NVMeVirt: WATGC_V2 sample ns=0 part=2 epoch=1 window=14 phase=measure evaluated=12 k=2 scale_pct=400 age_ratio=4 host=196634 gc_pages=256993 gc_count=7088 waf_q16=151189 best=37 next=13 settled=0
[1001533.429928] NVMeVirt: WATGC_V2 sample ns=0 part=1 epoch=1 window=14 phase=measure evaluated=12 k=2 scale_pct=400 age_ratio=4 host=196631 gc_pages=254564 gc_count=7050 waf_q16=150380 best=37 next=13 settled=0
[1001556.314244] NVMeVirt: WATGC_V2 sample ns=0 part=0 epoch=1 window=15 phase=measure evaluated=13 k=2 scale_pct=400 age_ratio=7 host=196608 gc_pages=251897 gc_count=7008 waf_q16=149501 best=37 next=14 settled=0
[1001556.333417] NVMeVirt: WATGC_V2 sample ns=0 part=2 epoch=1 window=15 phase=measure evaluated=13 k=2 scale_pct=400 age_ratio=7 host=196625 gc_pages=250089 gc_count=6980 waf_q16=148891 best=37 next=14 settled=0
[1001556.344202] NVMeVirt: WATGC_V2 sample ns=0 part=3 epoch=1 window=15 phase=measure evaluated=13 k=2 scale_pct=400 age_ratio=7 host=196620 gc_pages=249903 gc_count=6977 waf_q16=148831 best=37 next=14 settled=0
[1001556.371250] NVMeVirt: WATGC_V2 sample ns=0 part=1 epoch=1 window=15 phase=measure evaluated=13 k=2 scale_pct=400 age_ratio=7 host=196627 gc_pages=249961 gc_count=6978 waf_q16=148848 best=37 next=14 settled=0
[1001579.240094] NVMeVirt: WATGC_V2 sample ns=0 part=0 epoch=1 window=16 phase=measure evaluated=14 k=2 scale_pct=400 age_ratio=16 host=196621 gc_pages=249332 gc_count=6968 waf_q16=148641 best=37 next=15 settled=0
[1001579.289241] NVMeVirt: WATGC_V2 sample ns=0 part=2 epoch=1 window=16 phase=measure evaluated=14 k=2 scale_pct=400 age_ratio=16 host=196633 gc_pages=248039 gc_count=6948 waf_q16=148205 best=37 next=15 settled=0
[1001579.297704] NVMeVirt: WATGC_V2 sample ns=0 part=3 epoch=1 window=16 phase=measure evaluated=14 k=2 scale_pct=400 age_ratio=16 host=196622 gc_pages=250035 gc_count=6979 waf_q16=148875 best=37 next=15 settled=0
[1001579.298980] NVMeVirt: WATGC_V2 sample ns=0 part=1 epoch=1 window=16 phase=measure evaluated=14 k=2 scale_pct=400 age_ratio=16 host=196630 gc_pages=248170 gc_count=6950 waf_q16=148250 best=37 next=15 settled=0
[1001602.197858] NVMeVirt: WATGC_V2 sample ns=0 part=0 epoch=1 window=17 phase=measure evaluated=15 k=4 scale_pct=25 age_ratio=4 host=196610 gc_pages=170885 gc_count=5742 waf_q16=122497 best=37 next=16 settled=0
[1001602.208859] NVMeVirt: WATGC_V2 sample ns=0 part=3 epoch=1 window=17 phase=measure evaluated=15 k=4 scale_pct=25 age_ratio=4 host=196625 gc_pages=172332 gc_count=5765 waf_q16=122975 best=37 next=16 settled=0
[1001602.226759] NVMeVirt: WATGC_V2 sample ns=0 part=2 epoch=1 window=17 phase=measure evaluated=15 k=4 scale_pct=25 age_ratio=4 host=196619 gc_pages=168755 gc_count=5709 waf_q16=121784 best=15 next=16 settled=0
[1001602.248344] NVMeVirt: WATGC_V2 sample ns=0 part=1 epoch=1 window=17 phase=measure evaluated=15 k=4 scale_pct=25 age_ratio=4 host=196608 gc_pages=171709 gc_count=5755 waf_q16=122772 best=37 next=16 settled=0
[1001625.136253] NVMeVirt: WATGC_V2 sample ns=0 part=0 epoch=1 window=18 phase=measure evaluated=16 k=4 scale_pct=25 age_ratio=7 host=196616 gc_pages=173312 gc_count=5780 waf_q16=123304 best=37 next=17 settled=0
[1001625.146751] NVMeVirt: WATGC_V2 sample ns=0 part=1 epoch=1 window=18 phase=measure evaluated=16 k=4 scale_pct=25 age_ratio=7 host=196620 gc_pages=173256 gc_count=5779 waf_q16=123284 best=37 next=17 settled=0
[1001625.161638] NVMeVirt: WATGC_V2 sample ns=0 part=2 epoch=1 window=18 phase=measure evaluated=16 k=4 scale_pct=25 age_ratio=7 host=196625 gc_pages=174921 gc_count=5805 waf_q16=123837 best=15 next=17 settled=0
[1001625.203163] NVMeVirt: WATGC_V2 sample ns=0 part=3 epoch=1 window=18 phase=measure evaluated=16 k=4 scale_pct=25 age_ratio=7 host=196628 gc_pages=173747 gc_count=5787 waf_q16=123445 best=37 next=17 settled=0
[1001648.087300] NVMeVirt: WATGC_V2 sample ns=0 part=0 epoch=1 window=19 phase=measure evaluated=17 k=4 scale_pct=25 age_ratio=16 host=196632 gc_pages=163044 gc_count=5620 waf_q16=119877 best=17 next=18 settled=0
[1001648.090552] NVMeVirt: WATGC_V2 sample ns=0 part=3 epoch=1 window=19 phase=measure evaluated=17 k=4 scale_pct=25 age_ratio=16 host=196615 gc_pages=163317 gc_count=5624 waf_q16=119973 best=17 next=18 settled=0
[1001648.100994] NVMeVirt: WATGC_V2 sample ns=0 part=2 epoch=1 window=19 phase=measure evaluated=17 k=4 scale_pct=25 age_ratio=16 host=196619 gc_pages=163974 gc_count=5634 waf_q16=120190 best=17 next=18 settled=0
[1001648.132085] NVMeVirt: WATGC_V2 sample ns=0 part=1 epoch=1 window=19 phase=measure evaluated=17 k=4 scale_pct=25 age_ratio=16 host=196610 gc_pages=163412 gc_count=5625 waf_q16=120006 best=17 next=18 settled=0
[1001671.024798] NVMeVirt: WATGC_V2 sample ns=0 part=3 epoch=1 window=20 phase=measure evaluated=18 k=4 scale_pct=50 age_ratio=4 host=196613 gc_pages=148987 gc_count=5400 waf_q16=115197 best=18 next=19 settled=0
[1001671.040085] NVMeVirt: WATGC_V2 sample ns=0 part=0 epoch=1 window=20 phase=measure evaluated=18 k=4 scale_pct=50 age_ratio=4 host=196643 gc_pages=149022 gc_count=5401 waf_q16=115201 best=18 next=19 settled=0
[1001671.051086] NVMeVirt: WATGC_V2 sample ns=0 part=1 epoch=1 window=20 phase=measure evaluated=18 k=4 scale_pct=50 age_ratio=4 host=196644 gc_pages=148830 gc_count=5398 waf_q16=115136 best=18 next=19 settled=0
[1001671.053867] NVMeVirt: WATGC_V2 sample ns=0 part=2 epoch=1 window=20 phase=measure evaluated=18 k=4 scale_pct=50 age_ratio=4 host=196633 gc_pages=148393 gc_count=5391 waf_q16=114994 best=18 next=19 settled=0
[1001693.963819] NVMeVirt: WATGC_V2 sample ns=0 part=1 epoch=1 window=21 phase=measure evaluated=19 k=4 scale_pct=50 age_ratio=7 host=196644 gc_pages=192921 gc_count=6087 waf_q16=129831 best=18 next=20 settled=0
[1001693.973888] NVMeVirt: WATGC_V2 sample ns=0 part=3 epoch=1 window=21 phase=measure evaluated=19 k=4 scale_pct=50 age_ratio=7 host=196630 gc_pages=191527 gc_count=6065 waf_q16=129371 best=18 next=20 settled=0
[1001693.983074] NVMeVirt: WATGC_V2 sample ns=0 part=2 epoch=1 window=21 phase=measure evaluated=19 k=4 scale_pct=50 age_ratio=7 host=196618 gc_pages=192371 gc_count=6078 waf_q16=129656 best=18 next=20 settled=0
[1001694.011683] NVMeVirt: WATGC_V2 sample ns=0 part=0 epoch=1 window=21 phase=measure evaluated=19 k=4 scale_pct=50 age_ratio=7 host=196621 gc_pages=190192 gc_count=6044 waf_q16=128929 best=18 next=20 settled=0
[1001716.906315] NVMeVirt: WATGC_V2 sample ns=0 part=0 epoch=1 window=22 phase=measure evaluated=20 k=4 scale_pct=50 age_ratio=16 host=196637 gc_pages=175567 gc_count=5816 waf_q16=124049 best=18 next=21 settled=0
[1001716.916409] NVMeVirt: WATGC_V2 sample ns=0 part=3 epoch=1 window=22 phase=measure evaluated=20 k=4 scale_pct=50 age_ratio=16 host=196638 gc_pages=174410 gc_count=5798 waf_q16=123663 best=18 next=21 settled=0
[1001716.920598] NVMeVirt: WATGC_V2 sample ns=0 part=1 epoch=1 window=22 phase=measure evaluated=20 k=4 scale_pct=50 age_ratio=16 host=196631 gc_pages=174298 gc_count=5796 waf_q16=123628 best=18 next=21 settled=0
[1001716.949545] NVMeVirt: WATGC_V2 sample ns=0 part=2 epoch=1 window=22 phase=measure evaluated=20 k=4 scale_pct=50 age_ratio=16 host=196631 gc_pages=174953 gc_count=5806 waf_q16=123846 best=18 next=21 settled=0
[1001739.851007] NVMeVirt: WATGC_V2 sample ns=0 part=3 epoch=1 window=23 phase=measure evaluated=21 k=4 scale_pct=100 age_ratio=4 host=196640 gc_pages=159077 gc_count=5558 waf_q16=118553 best=18 next=22 settled=0
[1001739.856729] NVMeVirt: WATGC_V2 sample ns=0 part=1 epoch=1 window=23 phase=measure evaluated=21 k=4 scale_pct=100 age_ratio=4 host=196614 gc_pages=158143 gc_count=5543 waf_q16=118248 best=18 next=22 settled=0
[1001739.876349] NVMeVirt: WATGC_V2 sample ns=0 part=2 epoch=1 window=23 phase=measure evaluated=21 k=4 scale_pct=100 age_ratio=4 host=196623 gc_pages=157621 gc_count=5535 waf_q16=118072 best=18 next=22 settled=0
[1001739.877263] NVMeVirt: WATGC_V2 sample ns=0 part=0 epoch=1 window=23 phase=measure evaluated=21 k=4 scale_pct=100 age_ratio=4 host=196623 gc_pages=157686 gc_count=5536 waf_q16=118093 best=18 next=22 settled=0
[1001762.796351] NVMeVirt: WATGC_V2 sample ns=0 part=3 epoch=1 window=24 phase=measure evaluated=22 k=4 scale_pct=100 age_ratio=7 host=196616 gc_pages=199354 gc_count=6187 waf_q16=131984 best=18 next=23 settled=0
[1001762.797296] NVMeVirt: WATGC_V2 sample ns=0 part=1 epoch=1 window=24 phase=measure evaluated=22 k=4 scale_pct=100 age_ratio=7 host=196609 gc_pages=198209 gc_count=6169 waf_q16=131605 best=18 next=23 settled=0
[1001762.804522] NVMeVirt: WATGC_V2 sample ns=0 part=0 epoch=1 window=24 phase=measure evaluated=22 k=4 scale_pct=100 age_ratio=7 host=196625 gc_pages=198256 gc_count=6170 waf_q16=131615 best=18 next=23 settled=0
[1001762.822924] NVMeVirt: WATGC_V2 sample ns=0 part=2 epoch=1 window=24 phase=measure evaluated=22 k=4 scale_pct=100 age_ratio=7 host=196622 gc_pages=199155 gc_count=6184 waf_q16=131916 best=18 next=23 settled=0
[1001785.735401] NVMeVirt: WATGC_V2 sample ns=0 part=0 epoch=1 window=25 phase=measure evaluated=23 k=4 scale_pct=100 age_ratio=16 host=196618 gc_pages=212275 gc_count=6389 waf_q16=136290 best=18 next=24 settled=0
[1001785.739523] NVMeVirt: WATGC_V2 sample ns=0 part=1 epoch=1 window=25 phase=measure evaluated=23 k=4 scale_pct=100 age_ratio=16 host=196612 gc_pages=213049 gc_count=6401 waf_q16=136550 best=18 next=24 settled=0
[1001785.740523] NVMeVirt: WATGC_V2 sample ns=0 part=3 epoch=1 window=25 phase=measure evaluated=23 k=4 scale_pct=100 age_ratio=16 host=196610 gc_pages=213242 gc_count=6404 waf_q16=136615 best=18 next=24 settled=0
[1001785.761345] NVMeVirt: WATGC_V2 sample ns=0 part=2 epoch=1 window=25 phase=measure evaluated=23 k=4 scale_pct=100 age_ratio=16 host=196612 gc_pages=212856 gc_count=6398 waf_q16=136486 best=18 next=24 settled=0
[1001808.667510] NVMeVirt: WATGC_V2 sample ns=0 part=0 epoch=1 window=26 phase=measure evaluated=24 k=4 scale_pct=200 age_ratio=4 host=196624 gc_pages=228913 gc_count=6649 waf_q16=141834 best=18 next=25 settled=0
[1001808.688099] NVMeVirt: WATGC_V2 sample ns=0 part=3 epoch=1 window=26 phase=measure evaluated=24 k=4 scale_pct=200 age_ratio=4 host=196623 gc_pages=225906 gc_count=6602 waf_q16=140832 best=18 next=25 settled=0
[1001808.688224] NVMeVirt: WATGC_V2 sample ns=0 part=1 epoch=1 window=26 phase=measure evaluated=24 k=4 scale_pct=200 age_ratio=4 host=196616 gc_pages=227578 gc_count=6628 waf_q16=141392 best=18 next=25 settled=0
[1001808.696105] NVMeVirt: WATGC_V2 sample ns=0 part=2 epoch=1 window=26 phase=measure evaluated=24 k=4 scale_pct=200 age_ratio=4 host=196624 gc_pages=225970 gc_count=6603 waf_q16=140853 best=18 next=25 settled=0
[1001812.312829] mix-t4-onlinev2-346410 phase=A END
[1001812.319267] NVMeVirt: Measurement: command=stop epoch=1 host_bytes=98365558784 learner_active=0
[1001812.390851] EXT4-fs (nvme0n1): unmounting filesystem 8e6d77d3-b512-450a-aced-48f7a4981e4e.
[1001812.449912] pci_bus 0001:10: busn_res: [bus 10-ff] is released
[1001812.450057] NVMeVirt: WATGC_V2 summary ns=0 part=0 epoch=1 windows=26 epoch_windows=26 discarded=0 visited=26 covered=0 settled=0 phase=2 current=25 best=18 k=4 scale_pct=50 age_ratio=4 best_waf_valid=1 best_waf_q16=115201
[1001812.450064] NVMeVirt: WATGC_V2 summary ns=0 part=1 epoch=1 windows=26 epoch_windows=26 discarded=0 visited=26 covered=0 settled=0 phase=2 current=25 best=18 k=4 scale_pct=50 age_ratio=4 best_waf_valid=1 best_waf_q16=115136
[1001812.450068] NVMeVirt: WATGC_V2 summary ns=0 part=2 epoch=1 windows=26 epoch_windows=26 discarded=0 visited=26 covered=0 settled=0 phase=2 current=25 best=18 k=4 scale_pct=50 age_ratio=4 best_waf_valid=1 best_waf_q16=114994
[1001812.450073] NVMeVirt: WATGC_V2 summary ns=0 part=3 epoch=1 windows=26 epoch_windows=26 discarded=0 visited=26 covered=0 settled=0 phase=2 current=25 best=18 k=4 scale_pct=50 age_ratio=4 best_waf_valid=1 best_waf_q16=115197
[1001812.450077] NVMeVirt: GC stats: ns=0 policy=watgc-v2 host_pages=24015029 gc_pages=26838815 gc_count=794591 WAF=2.117 warmup_gc=100-per-part
[1001812.521233] NVMeVirt: Virtual NVMe device closed
