[632576.033491] mix-mixA-arm06-3874791 BEGIN
[632576.066526] NVMeVirt: Version 1.10 for >> Samsung 970 Pro SSD <<
[632576.066532] NVMeVirt: Storage: 0x100100000-0x300000000 (8191 MiB)
[632576.077589] NVMeVirt: Total Capacity(GiB,MiB)=2,2048 chs=2 luns=4 lines=8192 blk-size(MiB,KiB)=0,64 line-size(MiB,KiB)=0,256
[632576.089042] NVMeVirt: [chmodel_init] bandwidth 800 max_credits 26 tx_time 152
[632576.099794] NVMeVirt: [chmodel_init] bandwidth 800 max_credits 26 tx_time 152
[632576.099807] NVMeVirt: [chmodel_init] bandwidth 3360 max_credits 110 tx_time 36
[632576.099809] NVMeVirt: Fixed CAT init ns=0 part=0 arm=6 k=2 scale_pct=100 age_ratio=4
[632576.101021] NVMeVirt: pqueue: Copyright (c) 2014, Volkan Yazıcı <volkan.yazici@gmail.com>. All rights reserved.
[632576.101060] NVMeVirt: Init FTL instance with 2 channels (524288 pages)
[632576.101062] NVMeVirt: GC victim policy: cat-fig7-fixed ns=0 part=0 initial_k=2 initial_scale_pct=100 initial_age_ratio=4 warmup_gc=100
[632576.111933] NVMeVirt: [chmodel_init] bandwidth 800 max_credits 26 tx_time 152
[632576.122789] NVMeVirt: [chmodel_init] bandwidth 800 max_credits 26 tx_time 152
[632576.122803] NVMeVirt: [chmodel_init] bandwidth 3360 max_credits 110 tx_time 36
[632576.122805] NVMeVirt: Fixed CAT init ns=0 part=1 arm=6 k=2 scale_pct=100 age_ratio=4
[632576.124073] NVMeVirt: Init FTL instance with 2 channels (524288 pages)
[632576.124075] NVMeVirt: GC victim policy: cat-fig7-fixed ns=0 part=1 initial_k=2 initial_scale_pct=100 initial_age_ratio=4 warmup_gc=100
[632576.135119] NVMeVirt: [chmodel_init] bandwidth 800 max_credits 26 tx_time 152
[632576.145912] NVMeVirt: [chmodel_init] bandwidth 800 max_credits 26 tx_time 152
[632576.145925] NVMeVirt: [chmodel_init] bandwidth 3360 max_credits 110 tx_time 36
[632576.145926] NVMeVirt: Fixed CAT init ns=0 part=2 arm=6 k=2 scale_pct=100 age_ratio=4
[632576.147230] NVMeVirt: Init FTL instance with 2 channels (524288 pages)
[632576.147233] NVMeVirt: GC victim policy: cat-fig7-fixed ns=0 part=2 initial_k=2 initial_scale_pct=100 initial_age_ratio=4 warmup_gc=100
[632576.157980] NVMeVirt: [chmodel_init] bandwidth 800 max_credits 26 tx_time 152
[632576.168621] NVMeVirt: [chmodel_init] bandwidth 800 max_credits 26 tx_time 152
[632576.168635] NVMeVirt: [chmodel_init] bandwidth 3360 max_credits 110 tx_time 36
[632576.168637] NVMeVirt: Fixed CAT init ns=0 part=3 arm=6 k=2 scale_pct=100 age_ratio=4
[632576.169856] NVMeVirt: Init FTL instance with 2 channels (524288 pages)
[632576.169858] NVMeVirt: GC victim policy: cat-fig7-fixed ns=0 part=3 initial_k=2 initial_scale_pct=100 initial_age_ratio=4 warmup_gc=100
[632576.169864] NVMeVirt: FTL physical space: 8588886016, logical space: 8026996276 (physical/logical * 100 = 107)
[632576.169866] NVMeVirt: ns 0/1: size 7655 MiB
[632576.169916] PCI host bridge to bus 0001:10
[632576.169918] pci_bus 0001:10: root bus resource [io  0x0000-0xffff]
[632576.169922] pci_bus 0001:10: root bus resource [mem 0x00000000-0x7fffffffff]
[632576.169924] pci_bus 0001:10: root bus resource [bus 00-ff]
[632576.169933] pci 0001:10:00.0: [0c51:0110] type 00 class 0x010802 PCIe Endpoint
[632576.169938] pci 0001:10:00.0: BAR 0 [mem 0x100000000-0x100003fff 64bit]
[632576.169942] pci 0001:10:00.0: enabling Extended Tags
[632576.170081] NVMeVirt: Virtual PCI bus created (node 0)
[632576.170541] NVMeVirt: nvmev_dispatcher started on cpu 1 (node 0)
[632576.170548] NVMeVirt: Virtual NVMe device created
[632576.171224] nvme nvme0: pci function 0001:10:00.0
[632576.172706] NVMeVirt: nvmev_io_worker_0 started on cpu 2 (node 0)
[632576.175734] nvme nvme0: 8/0/0 default/read/poll queues
[632576.986832] EXT4-fs (nvme0n1): mounted filesystem 8fd2fc8d-5750-4925-b2aa-cbfc821c1fba r/w with ordered data mode. Quota mode: none.
[632659.073964] NVMeVirt: Fixed CAT init ns=0 part=0 arm=6 k=2 scale_pct=100 age_ratio=4
[632659.073971] NVMeVirt: Fixed CAT init ns=0 part=1 arm=6 k=2 scale_pct=100 age_ratio=4
[632659.073974] NVMeVirt: Fixed CAT init ns=0 part=2 arm=6 k=2 scale_pct=100 age_ratio=4
[632659.073976] NVMeVirt: Fixed CAT init ns=0 part=3 arm=6 k=2 scale_pct=100 age_ratio=4
[632659.073978] NVMeVirt: Measurement: command=start epoch=1 host_bytes=0 learner_active=1
[632659.082486] mix-mixA-arm06-3874791 phase=A START
[633259.392409] mix-mixA-arm06-3874791 phase=A END
[633259.400265] mix-mixA-arm06-3874791 phase=B START
[633259.410934] mix-mixA-arm06-3874791 phase=B LOAD
[633285.463844] mix-mixA-arm06-3874791 phase=B RUN
[633289.815497] tee (3875567): drop_caches: 3
[633295.195431] tee (3875571): drop_caches: 3
[633299.464230] tee (3875579): drop_caches: 3
[633304.620674] tee (3875583): drop_caches: 3
[633309.681969] tee (3875589): drop_caches: 3
[633314.768719] tee (3875593): drop_caches: 3
[633320.099171] tee (3875597): drop_caches: 3
[633325.213220] tee (3875601): drop_caches: 3
[633329.698523] tee (3875608): drop_caches: 3
[633334.825171] tee (3875612): drop_caches: 3
[633339.838872] tee (3875616): drop_caches: 3
[633344.887186] tee (3875620): drop_caches: 3
[633350.434581] tee (3875625): drop_caches: 3
[633355.927623] tee (3875638): drop_caches: 3
[633360.361035] tee (3875645): drop_caches: 3
[633365.674392] tee (3875649): drop_caches: 3
[633370.821199] tee (3875653): drop_caches: 3
[633375.987017] tee (3875657): drop_caches: 3
[633381.166269] tee (3875661): drop_caches: 3
[633386.331114] tee (3875666): drop_caches: 3
[633390.800694] tee (3875675): drop_caches: 3
[633396.059231] tee (3875679): drop_caches: 3
[633401.277996] tee (3875683): drop_caches: 3
[633406.517158] tee (3875687): drop_caches: 3
[633411.738668] tee (3875692): drop_caches: 3
[633416.945763] tee (3875696): drop_caches: 3
[633422.113280] tee (3875702): drop_caches: 3
[633427.467561] tee (3875707): drop_caches: 3
[633432.534453] tee (3875712): drop_caches: 3
[633437.602008] tee (3875716): drop_caches: 3
[633442.738449] tee (3875720): drop_caches: 3
[633447.794446] tee (3875724): drop_caches: 3
[633452.958135] tee (3875730): drop_caches: 3
[633458.286755] tee (3875735): drop_caches: 3
[633463.375808] tee (3875739): drop_caches: 3
[633468.478259] tee (3875743): drop_caches: 3
[633473.665913] tee (3875747): drop_caches: 3
[633478.807756] tee (3875751): drop_caches: 3
[633484.123451] tee (3875757): drop_caches: 3
[633489.454370] tee (3875762): drop_caches: 3
[633494.516757] tee (3875766): drop_caches: 3
[633499.638884] tee (3875770): drop_caches: 3
[633504.804092] tee (3875779): drop_caches: 3
[633510.051482] tee (3875783): drop_caches: 3
[633515.223885] tee (3875789): drop_caches: 3
[633520.478590] tee (3875794): drop_caches: 3
[633525.518994] tee (3875798): drop_caches: 3
[633530.467532] tee (3875802): drop_caches: 3
[633535.622008] tee (3875806): drop_caches: 3
[633540.926436] tee (3875810): drop_caches: 3
[633546.287222] tee (3875816): drop_caches: 3
[633551.736273] tee (3875821): drop_caches: 3
[633556.855240] tee (3875825): drop_caches: 3
[633561.956360] tee (3875829): drop_caches: 3
[633567.034260] tee (3875833): drop_caches: 3
[633572.151056] tee (3875837): drop_caches: 3
[633577.014671] tee (3875846): drop_caches: 3
[633582.242240] tee (3875851): drop_caches: 3
[633587.352656] tee (3875855): drop_caches: 3
[633592.428392] tee (3875859): drop_caches: 3
[633597.546257] tee (3875863): drop_caches: 3
[633602.671082] tee (3875867): drop_caches: 3
[633607.850709] tee (3875872): drop_caches: 3
[633613.152118] tee (3875878): drop_caches: 3
[633618.251827] tee (3875882): drop_caches: 3
[633623.411296] tee (3875886): drop_caches: 3
[633628.559192] tee (3875891): drop_caches: 3
[633633.715517] tee (3875895): drop_caches: 3
[633638.853296] tee (3875900): drop_caches: 3
[633644.237404] tee (3875906): drop_caches: 3
[633649.964284] tee (3875914): drop_caches: 3
[633652.924353] mix-mixA-arm06-3874791 phase=B END
[633653.315353] NVMeVirt: Measurement: command=stop epoch=1 host_bytes=131972870144 learner_active=0
[633656.745351] EXT4-fs (nvme0n1): unmounting filesystem 8fd2fc8d-5750-4925-b2aa-cbfc821c1fba.
[633657.207491] pci_bus 0001:10: busn_res: [bus 10-ff] is released
[633657.207534] NVMeVirt: GC stats: ns=0 policy=cat-fig7-fixed host_pages=32219939 gc_pages=45347716 gc_count=1211995 WAF=2.407 warmup_gc=100-per-part
[633657.277891] NVMeVirt: Virtual NVMe device closed
