[686801.096175] mix-mixA-arm54-3934991 BEGIN
[686801.129493] NVMeVirt: Version 1.10 for >> Samsung 970 Pro SSD <<
[686801.129499] NVMeVirt: Storage: 0x100100000-0x300000000 (8191 MiB)
[686801.140561] NVMeVirt: Total Capacity(GiB,MiB)=2,2048 chs=2 luns=4 lines=8192 blk-size(MiB,KiB)=0,64 line-size(MiB,KiB)=0,256
[686801.152091] NVMeVirt: [chmodel_init] bandwidth 800 max_credits 26 tx_time 152
[686801.162991] NVMeVirt: [chmodel_init] bandwidth 800 max_credits 26 tx_time 152
[686801.163005] NVMeVirt: [chmodel_init] bandwidth 3360 max_credits 110 tx_time 36
[686801.163008] NVMeVirt: Fixed CAT init ns=0 part=0 arm=54 k=10 scale_pct=200 age_ratio=4
[686801.164007] NVMeVirt: pqueue: Copyright (c) 2014, Volkan Yazıcı <volkan.yazici@gmail.com>. All rights reserved.
[686801.164045] NVMeVirt: Init FTL instance with 2 channels (524288 pages)
[686801.164047] NVMeVirt: GC victim policy: cat-fig7-fixed ns=0 part=0 initial_k=10 initial_scale_pct=200 initial_age_ratio=4 warmup_gc=100
[686801.174842] NVMeVirt: [chmodel_init] bandwidth 800 max_credits 26 tx_time 152
[686801.185554] NVMeVirt: [chmodel_init] bandwidth 800 max_credits 26 tx_time 152
[686801.185568] NVMeVirt: [chmodel_init] bandwidth 3360 max_credits 110 tx_time 36
[686801.185570] NVMeVirt: Fixed CAT init ns=0 part=1 arm=54 k=10 scale_pct=200 age_ratio=4
[686801.186573] NVMeVirt: Init FTL instance with 2 channels (524288 pages)
[686801.186576] NVMeVirt: GC victim policy: cat-fig7-fixed ns=0 part=1 initial_k=10 initial_scale_pct=200 initial_age_ratio=4 warmup_gc=100
[686801.197250] NVMeVirt: [chmodel_init] bandwidth 800 max_credits 26 tx_time 152
[686801.208014] NVMeVirt: [chmodel_init] bandwidth 800 max_credits 26 tx_time 152
[686801.208027] NVMeVirt: [chmodel_init] bandwidth 3360 max_credits 110 tx_time 36
[686801.208030] NVMeVirt: Fixed CAT init ns=0 part=2 arm=54 k=10 scale_pct=200 age_ratio=4
[686801.209017] NVMeVirt: Init FTL instance with 2 channels (524288 pages)
[686801.209019] NVMeVirt: GC victim policy: cat-fig7-fixed ns=0 part=2 initial_k=10 initial_scale_pct=200 initial_age_ratio=4 warmup_gc=100
[686801.219713] NVMeVirt: [chmodel_init] bandwidth 800 max_credits 26 tx_time 152
[686801.230309] NVMeVirt: [chmodel_init] bandwidth 800 max_credits 26 tx_time 152
[686801.230322] NVMeVirt: [chmodel_init] bandwidth 3360 max_credits 110 tx_time 36
[686801.230324] NVMeVirt: Fixed CAT init ns=0 part=3 arm=54 k=10 scale_pct=200 age_ratio=4
[686801.231318] NVMeVirt: Init FTL instance with 2 channels (524288 pages)
[686801.231320] NVMeVirt: GC victim policy: cat-fig7-fixed ns=0 part=3 initial_k=10 initial_scale_pct=200 initial_age_ratio=4 warmup_gc=100
[686801.231327] NVMeVirt: FTL physical space: 8588886016, logical space: 8026996276 (physical/logical * 100 = 107)
[686801.231329] NVMeVirt: ns 0/1: size 7655 MiB
[686801.231381] PCI host bridge to bus 0001:10
[686801.231383] pci_bus 0001:10: root bus resource [io  0x0000-0xffff]
[686801.231386] pci_bus 0001:10: root bus resource [mem 0x00000000-0x7fffffffff]
[686801.231388] pci_bus 0001:10: root bus resource [bus 00-ff]
[686801.231395] pci 0001:10:00.0: [0c51:0110] type 00 class 0x010802 PCIe Endpoint
[686801.231399] pci 0001:10:00.0: BAR 0 [mem 0x100000000-0x100003fff 64bit]
[686801.231401] pci 0001:10:00.0: enabling Extended Tags
[686801.231525] NVMeVirt: Virtual PCI bus created (node 0)
[686801.231867] NVMeVirt: nvmev_dispatcher started on cpu 1 (node 0)
[686801.231920] NVMeVirt: Virtual NVMe device created
[686801.231979] NVMeVirt: nvmev_io_worker_0 started on cpu 2 (node 0)
[686801.232096] nvme nvme0: pci function 0001:10:00.0
[686801.236304] nvme nvme0: 8/0/0 default/read/poll queues
[686801.874572] EXT4-fs (nvme0n1): mounted filesystem 04806e93-a948-4c1d-b524-10e833cf3a46 r/w with ordered data mode. Quota mode: none.
[686884.086760] NVMeVirt: Fixed CAT init ns=0 part=0 arm=54 k=10 scale_pct=200 age_ratio=4
[686884.086767] NVMeVirt: Fixed CAT init ns=0 part=1 arm=54 k=10 scale_pct=200 age_ratio=4
[686884.086770] NVMeVirt: Fixed CAT init ns=0 part=2 arm=54 k=10 scale_pct=200 age_ratio=4
[686884.086772] NVMeVirt: Fixed CAT init ns=0 part=3 arm=54 k=10 scale_pct=200 age_ratio=4
[686884.086775] NVMeVirt: Measurement: command=start epoch=1 host_bytes=0 learner_active=1
[686884.095261] mix-mixA-arm54-3934991 phase=A START
[687484.409773] mix-mixA-arm54-3934991 phase=A END
[687484.417747] mix-mixA-arm54-3934991 phase=B START
[687484.429104] mix-mixA-arm54-3934991 phase=B LOAD
[687511.826719] mix-mixA-arm54-3934991 phase=B RUN
[687516.092658] tee (3935592): drop_caches: 3
[687521.553596] tee (3935596): drop_caches: 3
[687525.662990] tee (3935604): drop_caches: 3
[687530.793932] tee (3935608): drop_caches: 3
[687535.888006] tee (3935613): drop_caches: 3
[687540.940721] tee (3935617): drop_caches: 3
[687546.066264] tee (3935623): drop_caches: 3
[687551.109362] tee (3935627): drop_caches: 3
[687555.478857] tee (3935635): drop_caches: 3
[687560.869226] tee (3935639): drop_caches: 3
[687566.159235] tee (3935643): drop_caches: 3
[687571.205989] tee (3935647): drop_caches: 3
[687576.011891] tee (3935654): drop_caches: 3
[687581.153170] tee (3935658): drop_caches: 3
[687585.680663] tee (3935665): drop_caches: 3
[687590.771005] tee (3935669): drop_caches: 3
[687595.868164] tee (3935673): drop_caches: 3
[687600.995201] tee (3935677): drop_caches: 3
[687606.070403] tee (3935681): drop_caches: 3
[687611.153910] tee (3935685): drop_caches: 3
[687615.563262] tee (3935695): drop_caches: 3
[687621.827297] tee (3935701): drop_caches: 3
[687628.247754] tee (3935705): drop_caches: 3
[687633.286822] tee (3935709): drop_caches: 3
[687638.523546] tee (3935714): drop_caches: 3
[687643.691790] tee (3935718): drop_caches: 3
[687648.191368] tee (3935725): drop_caches: 3
[687653.439803] tee (3935731): drop_caches: 3
[687658.572640] tee (3935735): drop_caches: 3
[687663.668815] tee (3935739): drop_caches: 3
[687668.753701] tee (3935743): drop_caches: 3
[687673.832462] tee (3935747): drop_caches: 3
[687678.314447] tee (3935755): drop_caches: 3
[687683.622104] tee (3935759): drop_caches: 3
[687688.696607] tee (3935763): drop_caches: 3
[687693.834969] tee (3935767): drop_caches: 3
[687699.311518] tee (3935772): drop_caches: 3
[687704.887739] tee (3935777): drop_caches: 3
[687709.515729] tee (3935784): drop_caches: 3
[687714.714148] tee (3935788): drop_caches: 3
[687719.872578] tee (3935792): drop_caches: 3
[687725.062787] tee (3935796): drop_caches: 3
[687730.136399] tee (3935802): drop_caches: 3
[687735.410445] tee (3935806): drop_caches: 3
[687740.188048] tee (3935813): drop_caches: 3
[687745.322338] tee (3935817): drop_caches: 3
[687750.625264] tee (3935821): drop_caches: 3
[687755.708393] tee (3935825): drop_caches: 3
[687760.763471] tee (3935829): drop_caches: 3
[687765.831973] tee (3935833): drop_caches: 3
[687770.337874] tee (3935839): drop_caches: 3
[687775.743448] tee (3935845): drop_caches: 3
[687781.048560] tee (3935849): drop_caches: 3
[687786.156935] tee (3935854): drop_caches: 3
[687791.163465] tee (3935858): drop_caches: 3
[687796.180936] tee (3935862): drop_caches: 3
[687801.335382] tee (3935868): drop_caches: 3
[687806.505189] tee (3935880): drop_caches: 3
[687811.605089] tee (3935884): drop_caches: 3
[687816.642354] tee (3935888): drop_caches: 3
[687821.621280] tee (3935892): drop_caches: 3
[687826.607847] tee (3935897): drop_caches: 3
[687831.644933] tee (3935901): drop_caches: 3
[687836.128775] tee (3935908): drop_caches: 3
[687841.378740] tee (3935914): drop_caches: 3
[687848.256830] tee (3935921): drop_caches: 3
[687851.662581] mix-mixA-arm54-3934991 phase=B END
[687852.070236] NVMeVirt: Measurement: command=stop epoch=1 host_bytes=131724365824 learner_active=0
[687855.350721] EXT4-fs (nvme0n1): unmounting filesystem 04806e93-a948-4c1d-b524-10e833cf3a46.
[687855.835540] pci_bus 0001:10: busn_res: [bus 10-ff] is released
[687855.835586] NVMeVirt: GC stats: ns=0 policy=cat-fig7-fixed host_pages=32159269 gc_pages=35469726 gc_count=1056703 WAF=2.102 warmup_gc=100-per-part
[687855.905666] NVMeVirt: Virtual NVMe device closed
