[287686.364399] NVMeVirt: Version 1.10 for >> Samsung 970 Pro SSD <<
[287686.364406] NVMeVirt: Storage: 0x100100000-0x300000000 (8191 MiB)
[287686.374882] NVMeVirt: Total Capacity(GiB,MiB)=2,2048 chs=2 luns=4 lines=8192 blk-size(MiB,KiB)=0,64 line-size(MiB,KiB)=0,256
[287686.385342] NVMeVirt: [chmodel_init] bandwidth 800 max_credits 26 tx_time 152
[287686.395754] NVMeVirt: [chmodel_init] bandwidth 800 max_credits 26 tx_time 152
[287686.395768] NVMeVirt: [chmodel_init] bandwidth 3360 max_credits 110 tx_time 36
[287686.395770] NVMeVirt: Fixed CAT init ns=0 part=0 arm=50 k=10 scale_pct=50 age_ratio=16
[287686.396730] NVMeVirt: pqueue: Copyright (c) 2014, Volkan Yazıcı <volkan.yazici@gmail.com>. All rights reserved.
[287686.396824] NVMeVirt: Init FTL instance with 2 channels (524288 pages)
[287686.396826] NVMeVirt: GC victim policy: cat-fig7-fixed ns=0 part=0 initial_k=10 initial_scale_pct=50 initial_age_ratio=16 warmup_gc=100
[287686.407129] NVMeVirt: [chmodel_init] bandwidth 800 max_credits 26 tx_time 152
[287686.417387] NVMeVirt: [chmodel_init] bandwidth 800 max_credits 26 tx_time 152
[287686.417401] NVMeVirt: [chmodel_init] bandwidth 3360 max_credits 110 tx_time 36
[287686.417403] NVMeVirt: Fixed CAT init ns=0 part=1 arm=50 k=10 scale_pct=50 age_ratio=16
[287686.418382] NVMeVirt: Init FTL instance with 2 channels (524288 pages)
[287686.418385] NVMeVirt: GC victim policy: cat-fig7-fixed ns=0 part=1 initial_k=10 initial_scale_pct=50 initial_age_ratio=16 warmup_gc=100
[287686.428484] NVMeVirt: [chmodel_init] bandwidth 800 max_credits 26 tx_time 152
[287686.438620] NVMeVirt: [chmodel_init] bandwidth 800 max_credits 26 tx_time 152
[287686.438634] NVMeVirt: [chmodel_init] bandwidth 3360 max_credits 110 tx_time 36
[287686.438636] NVMeVirt: Fixed CAT init ns=0 part=2 arm=50 k=10 scale_pct=50 age_ratio=16
[287686.439666] NVMeVirt: Init FTL instance with 2 channels (524288 pages)
[287686.439668] NVMeVirt: GC victim policy: cat-fig7-fixed ns=0 part=2 initial_k=10 initial_scale_pct=50 initial_age_ratio=16 warmup_gc=100
[287686.449863] NVMeVirt: [chmodel_init] bandwidth 800 max_credits 26 tx_time 152
[287686.459897] NVMeVirt: [chmodel_init] bandwidth 800 max_credits 26 tx_time 152
[287686.459912] NVMeVirt: [chmodel_init] bandwidth 3360 max_credits 110 tx_time 36
[287686.459914] NVMeVirt: Fixed CAT init ns=0 part=3 arm=50 k=10 scale_pct=50 age_ratio=16
[287686.460913] NVMeVirt: Init FTL instance with 2 channels (524288 pages)
[287686.460915] NVMeVirt: GC victim policy: cat-fig7-fixed ns=0 part=3 initial_k=10 initial_scale_pct=50 initial_age_ratio=16 warmup_gc=100
[287686.460921] NVMeVirt: FTL physical space: 8588886016, logical space: 8026996276 (physical/logical * 100 = 107)
[287686.460923] NVMeVirt: ns 0/1: size 7655 MiB
[287686.460973] PCI host bridge to bus 0001:10
[287686.460976] pci_bus 0001:10: root bus resource [io  0x0000-0xffff]
[287686.460980] pci_bus 0001:10: root bus resource [mem 0x00000000-0x7fffffffff]
[287686.460982] pci_bus 0001:10: root bus resource [bus 00-ff]
[287686.460990] pci 0001:10:00.0: [0c51:0110] type 00 class 0x010802 PCIe Endpoint
[287686.460996] pci 0001:10:00.0: BAR 0 [mem 0x100000000-0x100003fff 64bit]
[287686.460999] pci 0001:10:00.0: enabling Extended Tags
[287686.461150] NVMeVirt: Virtual PCI bus created (node 0)
[287686.461520] NVMeVirt: Virtual NVMe device created
[287686.461536] NVMeVirt: nvmev_dispatcher started on cpu 1 (node 0)
[287686.461577] NVMeVirt: nvmev_io_worker_0 started on cpu 2 (node 0)
[287686.461664] nvme nvme0: pci function 0001:10:00.0
[287686.464269] nvme nvme0: 8/0/0 default/read/poll queues
[287687.322001] EXT4-fs (nvme0n1): mounted filesystem 810d7c1a-2883-4d99-a1d8-6bea8293298a r/w with ordered data mode. Quota mode: none.
[287687.929474] iCAT_SQLITE_LOAD_START run=20260915-034017-679267
[287694.377519] iCAT_SQLITE_LOAD_END run=20260915-034017-679267
[287694.457468] tee (679412): drop_caches: 3
[287698.163618] iCAT_SQLITE_RUN_START run=20260915-034017-679267
[287698.427155] tee (679440): drop_caches: 3
[287705.208971] tee (679495): drop_caches: 3
[287711.175135] tee (679507): drop_caches: 3
[287713.179776] iCAT_SQLITE_RUN_END run=20260915-034017-679267
[287714.090612] EXT4-fs (nvme0n1): unmounting filesystem 810d7c1a-2883-4d99-a1d8-6bea8293298a.
[287714.449229] pci_bus 0001:10: busn_res: [bus 10-ff] is released
[287714.449275] NVMeVirt: GC stats: ns=0 policy=cat-fig7-fixed host_pages=0 gc_pages=0 gc_count=0 WAF=N/A warmup_gc=100-per-part
[287714.521741] NVMeVirt: Virtual NVMe device closed
