[287630.363429] NVMeVirt: Version 1.10 for >> Samsung 970 Pro SSD <<
[287630.363435] NVMeVirt: Storage: 0x100100000-0x300000000 (8191 MiB)
[287630.374096] NVMeVirt: Total Capacity(GiB,MiB)=2,2048 chs=2 luns=4 lines=8192 blk-size(MiB,KiB)=0,64 line-size(MiB,KiB)=0,256
[287630.384273] NVMeVirt: [chmodel_init] bandwidth 800 max_credits 26 tx_time 152
[287630.394545] NVMeVirt: [chmodel_init] bandwidth 800 max_credits 26 tx_time 152
[287630.394561] NVMeVirt: [chmodel_init] bandwidth 3360 max_credits 110 tx_time 36
[287630.394565] NVMeVirt: Fixed CAT init ns=0 part=0 arm=10 k=2 scale_pct=200 age_ratio=7
[287630.395775] NVMeVirt: pqueue: Copyright (c) 2014, Volkan Yazıcı <volkan.yazici@gmail.com>. All rights reserved.
[287630.395811] NVMeVirt: Init FTL instance with 2 channels (524288 pages)
[287630.395813] NVMeVirt: GC victim policy: cat-fig7-fixed ns=0 part=0 initial_k=2 initial_scale_pct=200 initial_age_ratio=7 warmup_gc=100
[287630.406330] NVMeVirt: [chmodel_init] bandwidth 800 max_credits 26 tx_time 152
[287630.416901] NVMeVirt: [chmodel_init] bandwidth 800 max_credits 26 tx_time 152
[287630.416916] NVMeVirt: [chmodel_init] bandwidth 3360 max_credits 110 tx_time 36
[287630.416918] NVMeVirt: Fixed CAT init ns=0 part=1 arm=10 k=2 scale_pct=200 age_ratio=7
[287630.418206] NVMeVirt: Init FTL instance with 2 channels (524288 pages)
[287630.418210] NVMeVirt: GC victim policy: cat-fig7-fixed ns=0 part=1 initial_k=2 initial_scale_pct=200 initial_age_ratio=7 warmup_gc=100
[287630.428395] NVMeVirt: [chmodel_init] bandwidth 800 max_credits 26 tx_time 152
[287630.438581] NVMeVirt: [chmodel_init] bandwidth 800 max_credits 26 tx_time 152
[287630.438595] NVMeVirt: [chmodel_init] bandwidth 3360 max_credits 110 tx_time 36
[287630.438597] NVMeVirt: Fixed CAT init ns=0 part=2 arm=10 k=2 scale_pct=200 age_ratio=7
[287630.439809] NVMeVirt: Init FTL instance with 2 channels (524288 pages)
[287630.439812] NVMeVirt: GC victim policy: cat-fig7-fixed ns=0 part=2 initial_k=2 initial_scale_pct=200 initial_age_ratio=7 warmup_gc=100
[287630.449795] NVMeVirt: [chmodel_init] bandwidth 800 max_credits 26 tx_time 152
[287630.459888] NVMeVirt: [chmodel_init] bandwidth 800 max_credits 26 tx_time 152
[287630.459903] NVMeVirt: [chmodel_init] bandwidth 3360 max_credits 110 tx_time 36
[287630.459905] NVMeVirt: Fixed CAT init ns=0 part=3 arm=10 k=2 scale_pct=200 age_ratio=7
[287630.461290] NVMeVirt: Init FTL instance with 2 channels (524288 pages)
[287630.461294] NVMeVirt: GC victim policy: cat-fig7-fixed ns=0 part=3 initial_k=2 initial_scale_pct=200 initial_age_ratio=7 warmup_gc=100
[287630.461300] NVMeVirt: FTL physical space: 8588886016, logical space: 8026996276 (physical/logical * 100 = 107)
[287630.461302] NVMeVirt: ns 0/1: size 7655 MiB
[287630.461350] PCI host bridge to bus 0001:10
[287630.461352] pci_bus 0001:10: root bus resource [io  0x0000-0xffff]
[287630.461355] pci_bus 0001:10: root bus resource [mem 0x00000000-0x7fffffffff]
[287630.461371] pci_bus 0001:10: root bus resource [bus 00-ff]
[287630.461379] pci 0001:10:00.0: [0c51:0110] type 00 class 0x010802 PCIe Endpoint
[287630.461383] pci 0001:10:00.0: BAR 0 [mem 0x100000000-0x100003fff 64bit]
[287630.461385] pci 0001:10:00.0: enabling Extended Tags
[287630.461504] NVMeVirt: Virtual PCI bus created (node 0)
[287630.461769] NVMeVirt: nvmev_io_worker_0 started on cpu 2 (node 0)
[287630.461819] NVMeVirt: Virtual NVMe device created
[287630.461933] NVMeVirt: nvmev_dispatcher started on cpu 1 (node 0)
[287630.461986] nvme nvme0: pci function 0001:10:00.0
[287630.464534] nvme nvme0: 8/0/0 default/read/poll queues
[287631.164491] EXT4-fs (nvme0n1): mounted filesystem 08133f51-f1c9-40cd-92ae-2f0d35499695 r/w with ordered data mode. Quota mode: none.
[287632.347057] iCAT_SQLITE_LOAD_START run=20260915-033921-678695
[287637.606512] iCAT_SQLITE_LOAD_END run=20260915-033921-678695
[287637.706949] tee (678834): drop_caches: 3
[287640.477532] iCAT_SQLITE_RUN_START run=20260915-033921-678695
[287642.054447] tee (678864): drop_caches: 3
[287649.159793] tee (678897): drop_caches: 3
[287651.055753] iCAT_SQLITE_RUN_END run=20260915-033921-678695
[287652.045226] EXT4-fs (nvme0n1): unmounting filesystem 08133f51-f1c9-40cd-92ae-2f0d35499695.
[287652.310387] pci_bus 0001:10: busn_res: [bus 10-ff] is released
[287652.310444] NVMeVirt: GC stats: ns=0 policy=cat-fig7-fixed host_pages=0 gc_pages=0 gc_count=0 WAF=N/A warmup_gc=100-per-part
[287652.380348] NVMeVirt: Virtual NVMe device closed
