[1636993.841532] mix-mixJ-arm49-2037517 BEGIN
[1636993.937333] NVMeVirt: Version 1.10 for >> Samsung 970 Pro SSD <<
[1636993.937341] NVMeVirt: Storage: 0x100100000-0x300000000 (8191 MiB)
[1636993.948239] NVMeVirt: Total Capacity(GiB,MiB)=2,2048 chs=2 luns=4 lines=8192 blk-size(MiB,KiB)=0,64 line-size(MiB,KiB)=0,256
[1636993.959812] NVMeVirt: [chmodel_init] bandwidth 800 max_credits 26 tx_time 152
[1636993.971142] NVMeVirt: [chmodel_init] bandwidth 800 max_credits 26 tx_time 152
[1636993.971160] NVMeVirt: [chmodel_init] bandwidth 3360 max_credits 110 tx_time 36
[1636993.971162] NVMeVirt: Fixed CAT init ns=0 part=0 arm=49 k=10 scale_pct=50 age_ratio=7
[1636993.972458] NVMeVirt: pqueue: Copyright (c) 2014, Volkan Yazıcı <volkan.yazici@gmail.com>. All rights reserved.
[1636993.972501] NVMeVirt: Init FTL instance with 2 channels (524288 pages)
[1636993.972504] NVMeVirt: GC victim policy: cat-fig7-fixed ns=0 part=0 initial_k=10 initial_scale_pct=50 initial_age_ratio=7 warmup_gc=100
[1636993.983445] NVMeVirt: [chmodel_init] bandwidth 800 max_credits 26 tx_time 152
[1636993.993923] NVMeVirt: [chmodel_init] bandwidth 800 max_credits 26 tx_time 152
[1636993.993937] NVMeVirt: [chmodel_init] bandwidth 3360 max_credits 110 tx_time 36
[1636993.993940] NVMeVirt: Fixed CAT init ns=0 part=1 arm=49 k=10 scale_pct=50 age_ratio=7
[1636993.994921] NVMeVirt: Init FTL instance with 2 channels (524288 pages)
[1636993.994924] NVMeVirt: GC victim policy: cat-fig7-fixed ns=0 part=1 initial_k=10 initial_scale_pct=50 initial_age_ratio=7 warmup_gc=100
[1636994.005341] NVMeVirt: [chmodel_init] bandwidth 800 max_credits 26 tx_time 152
[1636994.016111] NVMeVirt: [chmodel_init] bandwidth 800 max_credits 26 tx_time 152
[1636994.016125] NVMeVirt: [chmodel_init] bandwidth 3360 max_credits 110 tx_time 36
[1636994.016127] NVMeVirt: Fixed CAT init ns=0 part=2 arm=49 k=10 scale_pct=50 age_ratio=7
[1636994.017110] NVMeVirt: Init FTL instance with 2 channels (524288 pages)
[1636994.017114] NVMeVirt: GC victim policy: cat-fig7-fixed ns=0 part=2 initial_k=10 initial_scale_pct=50 initial_age_ratio=7 warmup_gc=100
[1636994.027892] NVMeVirt: [chmodel_init] bandwidth 800 max_credits 26 tx_time 152
[1636994.038670] NVMeVirt: [chmodel_init] bandwidth 800 max_credits 26 tx_time 152
[1636994.038690] NVMeVirt: [chmodel_init] bandwidth 3360 max_credits 110 tx_time 36
[1636994.038692] NVMeVirt: Fixed CAT init ns=0 part=3 arm=49 k=10 scale_pct=50 age_ratio=7
[1636994.040105] NVMeVirt: Init FTL instance with 2 channels (524288 pages)
[1636994.040109] NVMeVirt: GC victim policy: cat-fig7-fixed ns=0 part=3 initial_k=10 initial_scale_pct=50 initial_age_ratio=7 warmup_gc=100
[1636994.040119] NVMeVirt: FTL physical space: 8588886016, logical space: 8026996276 (physical/logical * 100 = 107)
[1636994.040122] NVMeVirt: ns 0/1: size 7655 MiB
[1636994.040186] PCI host bridge to bus 0001:10
[1636994.040189] pci_bus 0001:10: root bus resource [io  0x0000-0xffff]
[1636994.040192] pci_bus 0001:10: root bus resource [mem 0x00000000-0x7fffffffff]
[1636994.040194] pci_bus 0001:10: root bus resource [bus 00-ff]
[1636994.040203] pci 0001:10:00.0: [0c51:0110] type 00 class 0x010802 PCIe Endpoint
[1636994.040207] pci 0001:10:00.0: BAR 0 [mem 0x100000000-0x100003fff 64bit]
[1636994.040210] pci 0001:10:00.0: enabling Extended Tags
[1636994.040367] NVMeVirt: Virtual PCI bus created (node 0)
[1636994.040859] NVMeVirt: nvmev_io_worker_0 started on cpu 2 (node 0)
[1636994.040929] NVMeVirt: nvmev_dispatcher started on cpu 1 (node 0)
[1636994.040965] NVMeVirt: Virtual NVMe device created
[1636994.042458] nvme nvme0: pci function 0001:10:00.0
[1636994.047141] nvme nvme0: 8/0/0 default/read/poll queues
[1636994.342364] EXT4-fs (nvme0n1): mounted filesystem 55dc50af-5a83-4674-a937-8e2d74fc8ece r/w with ordered data mode. Quota mode: none.
[1637076.761683] NVMeVirt: Fixed CAT init ns=0 part=0 arm=49 k=10 scale_pct=50 age_ratio=7
[1637076.761688] NVMeVirt: Fixed CAT init ns=0 part=1 arm=49 k=10 scale_pct=50 age_ratio=7
[1637076.761691] NVMeVirt: Fixed CAT init ns=0 part=2 arm=49 k=10 scale_pct=50 age_ratio=7
[1637076.761692] NVMeVirt: Fixed CAT init ns=0 part=3 arm=49 k=10 scale_pct=50 age_ratio=7
[1637076.761694] NVMeVirt: Measurement: command=start epoch=1 host_bytes=0 learner_active=1
[1637076.772347] mix-mixJ-arm49-2037517 phase=A START
[1637076.783896] mix-mixJ-arm49-2037517 phase=A LOAD
[1637107.708973] mix-mixJ-arm49-2037517 phase=A RUN
[1637111.980713] tee (2038052): drop_caches: 3
[1637117.336403] tee (2038064): drop_caches: 3
[1637122.579797] tee (2038069): drop_caches: 3
[1637127.579373] tee (2038073): drop_caches: 3
[1637132.604713] tee (2038077): drop_caches: 3
[1637137.635685] tee (2038089): drop_caches: 3
[1637142.719039] tee (2038093): drop_caches: 3
[1637147.063785] tee (2038105): drop_caches: 3
[1637152.057849] tee (2038109): drop_caches: 3
[1637157.000508] tee (2038113): drop_caches: 3
[1637161.939198] tee (2038117): drop_caches: 3
[1637166.863333] tee (2038121): drop_caches: 3
[1637171.849304] tee (2038125): drop_caches: 3
[1637176.790909] tee (2038136): drop_caches: 3
[1637181.808632] tee (2038141): drop_caches: 3
[1637187.475210] tee (2038170): drop_caches: 3
[1637193.731760] tee (2038182): drop_caches: 3
[1637198.794810] tee (2038196): drop_caches: 3
[1637203.996340] tee (2038204): drop_caches: 3
[1637208.348621] tee (2038216): drop_caches: 3
[1637213.567424] tee (2038220): drop_caches: 3
[1637218.516066] tee (2038226): drop_caches: 3
[1637223.406128] tee (2038230): drop_caches: 3
[1637228.434960] tee (2038234): drop_caches: 3
[1637233.516291] tee (2038238): drop_caches: 3
[1637238.737724] tee (2038249): drop_caches: 3
[1637244.064680] tee (2038254): drop_caches: 3
[1637249.065915] tee (2038258): drop_caches: 3
[1637254.059803] tee (2038262): drop_caches: 3
[1637259.072753] tee (2038266): drop_caches: 3
[1637264.546384] tee (2038270): drop_caches: 3
[1637270.356945] tee (2038280): drop_caches: 3
[1637275.705521] tee (2038286): drop_caches: 3
[1637280.702490] tee (2038298): drop_caches: 3
[1637285.658548] tee (2038302): drop_caches: 3
[1637290.520521] tee (2038309): drop_caches: 3
[1637295.664078] tee (2038313): drop_caches: 3
[1637300.737467] tee (2038329): drop_caches: 3
[1637305.193644] tee (2038336): drop_caches: 3
[1637310.422141] tee (2038347): drop_caches: 3
[1637315.500303] tee (2038352): drop_caches: 3
[1637320.500550] tee (2038356): drop_caches: 3
[1637325.906660] tee (2038360): drop_caches: 3
[1637331.028327] tee (2038374): drop_caches: 3
[1637335.370159] tee (2038382): drop_caches: 3
[1637340.477991] tee (2038386): drop_caches: 3
[1637345.559982] tee (2038390): drop_caches: 3
[1637350.588077] tee (2038394): drop_caches: 3
[1637356.025581] tee (2038398): drop_caches: 3
[1637361.122510] tee (2038407): drop_caches: 3
[1637365.546269] tee (2038414): drop_caches: 3
[1637370.647327] tee (2038420): drop_caches: 3
[1637375.684308] tee (2038424): drop_caches: 3
[1637380.693933] tee (2038435): drop_caches: 3
[1637386.060415] tee (2038439): drop_caches: 3
[1637390.769139] tee (2038451): drop_caches: 3
[1637395.834245] tee (2038458): drop_caches: 3
[1637401.073164] tee (2038464): drop_caches: 3
[1637406.057579] tee (2038469): drop_caches: 3
[1637411.091410] tee (2038473): drop_caches: 3
[1637416.151227] tee (2038477): drop_caches: 3
[1637421.363358] tee (2038487): drop_caches: 3
[1637426.655335] tee (2038493): drop_caches: 3
[1637432.210335] tee (2038498): drop_caches: 3
[1637437.846895] tee (2038505): drop_caches: 3
[1637441.197882] mix-mixJ-arm49-2037517 phase=A END
[1637441.206527] mix-mixJ-arm49-2037517 phase=B START
[1637441.265878] mix-mixJ-arm49-2037517 phase=B RUN
[1637445.466496] tee (2038586): drop_caches: 3
[1637450.803059] tee (2038595): drop_caches: 3
[1637455.798693] tee (2038599): drop_caches: 3
[1637460.113487] tee (2038606): drop_caches: 3
[1637465.108985] tee (2038612): drop_caches: 3
[1637470.015732] tee (2038616): drop_caches: 3
[1637474.974914] tee (2038620): drop_caches: 3
[1637480.146726] tee (2038636): drop_caches: 3
[1637485.024682] tee (2038640): drop_caches: 3
[1637489.398554] tee (2038647): drop_caches: 3
[1637494.475647] tee (2038653): drop_caches: 3
[1637499.361539] tee (2038657): drop_caches: 3
[1637504.264277] tee (2038661): drop_caches: 3
[1637509.620107] tee (2038677): drop_caches: 3
[1637514.525685] tee (2038681): drop_caches: 3
[1637519.642721] tee (2038687): drop_caches: 3
[1637524.884085] tee (2038694): drop_caches: 3
[1637530.524699] tee (2038699): drop_caches: 3
[1637541.201734] tee (2038711): drop_caches: 3
[1637545.737806] mix-mixJ-arm49-2037517 phase=B END
[1637546.054190] NVMeVirt: Measurement: command=stop epoch=1 host_bytes=35916591104 learner_active=0
[1637552.925599] EXT4-fs (nvme0n1): unmounting filesystem 55dc50af-5a83-4674-a937-8e2d74fc8ece.
[1637553.306667] pci_bus 0001:10: busn_res: [bus 10-ff] is released
[1637553.306726] NVMeVirt: GC stats: ns=0 policy=cat-fig7-fixed host_pages=8768699 gc_pages=3876410 gc_count=197580 WAF=1.442 warmup_gc=100-per-part
[1637553.379507] NVMeVirt: Virtual NVMe device closed
