[764107.413291] mix-mixC-arm55-3992469 BEGIN
[764107.424604] NVMeVirt: Version 1.10 for >> Samsung 970 Pro SSD <<
[764107.424610] NVMeVirt: Storage: 0x100100000-0x300000000 (8191 MiB)
[764107.435861] NVMeVirt: Total Capacity(GiB,MiB)=2,2048 chs=2 luns=4 lines=8192 blk-size(MiB,KiB)=0,64 line-size(MiB,KiB)=0,256
[764107.447648] NVMeVirt: [chmodel_init] bandwidth 800 max_credits 26 tx_time 152
[764107.458930] NVMeVirt: [chmodel_init] bandwidth 800 max_credits 26 tx_time 152
[764107.458946] NVMeVirt: [chmodel_init] bandwidth 3360 max_credits 110 tx_time 36
[764107.458948] NVMeVirt: Fixed CAT init ns=0 part=0 arm=55 k=10 scale_pct=200 age_ratio=7
[764107.459914] NVMeVirt: pqueue: Copyright (c) 2014, Volkan Yazıcı <volkan.yazici@gmail.com>. All rights reserved.
[764107.459951] NVMeVirt: Init FTL instance with 2 channels (524288 pages)
[764107.459953] NVMeVirt: GC victim policy: cat-fig7-fixed ns=0 part=0 initial_k=10 initial_scale_pct=200 initial_age_ratio=7 warmup_gc=100
[764107.471029] NVMeVirt: [chmodel_init] bandwidth 800 max_credits 26 tx_time 152
[764107.481919] NVMeVirt: [chmodel_init] bandwidth 800 max_credits 26 tx_time 152
[764107.481934] NVMeVirt: [chmodel_init] bandwidth 3360 max_credits 110 tx_time 36
[764107.481936] NVMeVirt: Fixed CAT init ns=0 part=1 arm=55 k=10 scale_pct=200 age_ratio=7
[764107.482930] NVMeVirt: Init FTL instance with 2 channels (524288 pages)
[764107.482932] NVMeVirt: GC victim policy: cat-fig7-fixed ns=0 part=1 initial_k=10 initial_scale_pct=200 initial_age_ratio=7 warmup_gc=100
[764107.493669] NVMeVirt: [chmodel_init] bandwidth 800 max_credits 26 tx_time 152
[764107.504299] NVMeVirt: [chmodel_init] bandwidth 800 max_credits 26 tx_time 152
[764107.504313] NVMeVirt: [chmodel_init] bandwidth 3360 max_credits 110 tx_time 36
[764107.504315] NVMeVirt: Fixed CAT init ns=0 part=2 arm=55 k=10 scale_pct=200 age_ratio=7
[764107.505329] NVMeVirt: Init FTL instance with 2 channels (524288 pages)
[764107.505332] NVMeVirt: GC victim policy: cat-fig7-fixed ns=0 part=2 initial_k=10 initial_scale_pct=200 initial_age_ratio=7 warmup_gc=100
[764107.516237] NVMeVirt: [chmodel_init] bandwidth 800 max_credits 26 tx_time 152
[764107.526802] NVMeVirt: [chmodel_init] bandwidth 800 max_credits 26 tx_time 152
[764107.526817] NVMeVirt: [chmodel_init] bandwidth 3360 max_credits 110 tx_time 36
[764107.526819] NVMeVirt: Fixed CAT init ns=0 part=3 arm=55 k=10 scale_pct=200 age_ratio=7
[764107.527730] NVMeVirt: Init FTL instance with 2 channels (524288 pages)
[764107.527733] NVMeVirt: GC victim policy: cat-fig7-fixed ns=0 part=3 initial_k=10 initial_scale_pct=200 initial_age_ratio=7 warmup_gc=100
[764107.527743] NVMeVirt: FTL physical space: 8588886016, logical space: 8026996276 (physical/logical * 100 = 107)
[764107.527759] NVMeVirt: ns 0/1: size 7655 MiB
[764107.527851] PCI host bridge to bus 0001:10
[764107.527854] pci_bus 0001:10: root bus resource [io  0x0000-0xffff]
[764107.527857] pci_bus 0001:10: root bus resource [mem 0x00000000-0x7fffffffff]
[764107.527859] pci_bus 0001:10: root bus resource [bus 00-ff]
[764107.527882] pci 0001:10:00.0: [0c51:0110] type 00 class 0x010802 PCIe Endpoint
[764107.527886] pci 0001:10:00.0: BAR 0 [mem 0x100000000-0x100003fff 64bit]
[764107.527889] pci 0001:10:00.0: enabling Extended Tags
[764107.528011] NVMeVirt: Virtual PCI bus created (node 0)
[764107.528268] NVMeVirt: nvmev_io_worker_0 started on cpu 2 (node 0)
[764107.528294] NVMeVirt: nvmev_dispatcher started on cpu 1 (node 0)
[764107.528342] NVMeVirt: Virtual NVMe device created
[764107.529004] nvme nvme0: pci function 0001:10:00.0
[764107.531225] nvme nvme0: 8/0/0 default/read/poll queues
[764107.604274] EXT4-fs (nvme0n1): mounted filesystem 6a3d37d2-b0e0-45d1-8fcf-d49d9cf792d9 r/w with ordered data mode. Quota mode: none.
[764189.602643] NVMeVirt: Fixed CAT init ns=0 part=0 arm=55 k=10 scale_pct=200 age_ratio=7
[764189.602648] NVMeVirt: Fixed CAT init ns=0 part=1 arm=55 k=10 scale_pct=200 age_ratio=7
[764189.602651] NVMeVirt: Fixed CAT init ns=0 part=2 arm=55 k=10 scale_pct=200 age_ratio=7
[764189.602652] NVMeVirt: Fixed CAT init ns=0 part=3 arm=55 k=10 scale_pct=200 age_ratio=7
[764189.602654] NVMeVirt: Measurement: command=start epoch=1 host_bytes=0 learner_active=1
[764189.610407] mix-mixC-arm55-3992469 phase=A START
[764789.911380] mix-mixC-arm55-3992469 phase=A END
[764789.918505] mix-mixC-arm55-3992469 phase=B START
[765390.226814] mix-mixC-arm55-3992469 phase=B END
[765390.229929] NVMeVirt: Measurement: command=stop epoch=1 host_bytes=122884407296 learner_active=0
[765390.281949] EXT4-fs (nvme0n1): unmounting filesystem 6a3d37d2-b0e0-45d1-8fcf-d49d9cf792d9.
[765390.355973] pci_bus 0001:10: busn_res: [bus 10-ff] is released
[765390.356134] NVMeVirt: GC stats: ns=0 policy=cat-fig7-fixed host_pages=30001076 gc_pages=29392061 gc_count=928018 WAF=1.979 warmup_gc=100-per-part
[765390.430698] NVMeVirt: Virtual NVMe device closed
