[347077.744169] mix-mixD-fixed37-749829 BEGIN
[347077.755765] NVMeVirt: Version 1.10 for >> Samsung 970 Pro SSD <<
[347077.755770] NVMeVirt: Storage: 0x100100000-0x300000000 (8191 MiB)
[347077.767078] NVMeVirt: Total Capacity(GiB,MiB)=2,2048 chs=2 luns=4 lines=8192 blk-size(MiB,KiB)=0,64 line-size(MiB,KiB)=0,256
[347077.781535] NVMeVirt: [chmodel_init] bandwidth 800 max_credits 26 tx_time 152
[347077.792075] NVMeVirt: [chmodel_init] bandwidth 800 max_credits 26 tx_time 152
[347077.792090] NVMeVirt: [chmodel_init] bandwidth 3360 max_credits 110 tx_time 36
[347077.792092] NVMeVirt: Fixed CAT init ns=0 part=0 arm=37 k=7 scale_pct=100 age_ratio=7
[347077.793299] NVMeVirt: pqueue: Copyright (c) 2014, Volkan Yazıcı <volkan.yazici@gmail.com>. All rights reserved.
[347077.793336] NVMeVirt: Init FTL instance with 2 channels (524288 pages)
[347077.793338] NVMeVirt: GC victim policy: cat-fig7-fixed ns=0 part=0 initial_k=7 initial_scale_pct=100 initial_age_ratio=7 warmup_gc=100
[347077.806643] NVMeVirt: [chmodel_init] bandwidth 800 max_credits 26 tx_time 152
[347077.817714] NVMeVirt: [chmodel_init] bandwidth 800 max_credits 26 tx_time 152
[347077.817729] NVMeVirt: [chmodel_init] bandwidth 3360 max_credits 110 tx_time 36
[347077.817731] NVMeVirt: Fixed CAT init ns=0 part=1 arm=37 k=7 scale_pct=100 age_ratio=7
[347077.818997] NVMeVirt: Init FTL instance with 2 channels (524288 pages)
[347077.819000] NVMeVirt: GC victim policy: cat-fig7-fixed ns=0 part=1 initial_k=7 initial_scale_pct=100 initial_age_ratio=7 warmup_gc=100
[347077.829470] NVMeVirt: [chmodel_init] bandwidth 800 max_credits 26 tx_time 152
[347077.842847] NVMeVirt: [chmodel_init] bandwidth 800 max_credits 26 tx_time 152
[347077.842862] NVMeVirt: [chmodel_init] bandwidth 3360 max_credits 110 tx_time 36
[347077.842864] NVMeVirt: Fixed CAT init ns=0 part=2 arm=37 k=7 scale_pct=100 age_ratio=7
[347077.844165] NVMeVirt: Init FTL instance with 2 channels (524288 pages)
[347077.844168] NVMeVirt: GC victim policy: cat-fig7-fixed ns=0 part=2 initial_k=7 initial_scale_pct=100 initial_age_ratio=7 warmup_gc=100
[347077.854357] NVMeVirt: [chmodel_init] bandwidth 800 max_credits 26 tx_time 152
[347077.864551] NVMeVirt: [chmodel_init] bandwidth 800 max_credits 26 tx_time 152
[347077.864569] NVMeVirt: [chmodel_init] bandwidth 3360 max_credits 110 tx_time 36
[347077.864571] NVMeVirt: Fixed CAT init ns=0 part=3 arm=37 k=7 scale_pct=100 age_ratio=7
[347077.866275] NVMeVirt: Init FTL instance with 2 channels (524288 pages)
[347077.866279] NVMeVirt: GC victim policy: cat-fig7-fixed ns=0 part=3 initial_k=7 initial_scale_pct=100 initial_age_ratio=7 warmup_gc=100
[347077.866288] NVMeVirt: FTL physical space: 8588886016, logical space: 8026996276 (physical/logical * 100 = 107)
[347077.866289] NVMeVirt: ns 0/1: size 7655 MiB
[347077.866359] PCI host bridge to bus 0001:10
[347077.866362] pci_bus 0001:10: root bus resource [io  0x0000-0xffff]
[347077.866365] pci_bus 0001:10: root bus resource [mem 0x00000000-0x7fffffffff]
[347077.866367] pci_bus 0001:10: root bus resource [bus 00-ff]
[347077.866377] pci 0001:10:00.0: [0c51:0110] type 00 class 0x010802 PCIe Endpoint
[347077.866382] pci 0001:10:00.0: BAR 0 [mem 0x100000000-0x100003fff 64bit]
[347077.866384] pci 0001:10:00.0: enabling Extended Tags
[347077.866563] NVMeVirt: Virtual PCI bus created (node 0)
[347077.867073] NVMeVirt: Virtual NVMe device created
[347077.867218] NVMeVirt: nvmev_dispatcher started on cpu 1 (node 0)
[347077.867231] NVMeVirt: nvmev_io_worker_0 started on cpu 2 (node 0)
[347077.867338] nvme nvme0: pci function 0001:10:00.0
[347077.869577] nvme nvme0: 8/0/0 default/read/poll queues
[347077.946193] EXT4-fs (nvme0n1): mounted filesystem c442b032-0e4b-421d-bee6-0316a1a3b32c r/w with ordered data mode. Quota mode: none.
[347159.965776] NVMeVirt: Fixed CAT init ns=0 part=0 arm=37 k=7 scale_pct=100 age_ratio=7
[347159.965782] NVMeVirt: Fixed CAT init ns=0 part=1 arm=37 k=7 scale_pct=100 age_ratio=7
[347159.965784] NVMeVirt: Fixed CAT init ns=0 part=2 arm=37 k=7 scale_pct=100 age_ratio=7
[347159.965786] NVMeVirt: Fixed CAT init ns=0 part=3 arm=37 k=7 scale_pct=100 age_ratio=7
[347159.965787] NVMeVirt: Measurement: command=start epoch=1 host_bytes=0 learner_active=1
[347159.974495] mix-mixD-fixed37-749829 phase=A START
[347760.285727] mix-mixD-fixed37-749829 phase=A END
[347760.292713] mix-mixD-fixed37-749829 phase=B START
[348360.617918] mix-mixD-fixed37-749829 phase=B END
[348360.621217] NVMeVirt: Measurement: command=stop epoch=1 host_bytes=122884431872 learner_active=0
[348360.673213] EXT4-fs (nvme0n1): unmounting filesystem c442b032-0e4b-421d-bee6-0316a1a3b32c.
[348360.735146] pci_bus 0001:10: busn_res: [bus 10-ff] is released
[348360.735196] NVMeVirt: GC stats: ns=0 policy=cat-fig7-fixed host_pages=30001082 gc_pages=28512349 gc_count=914272 WAF=1.950 warmup_gc=100-per-part
[348360.815370] NVMeVirt: Virtual NVMe device closed
