[1734071.981511] mix-mixQ-arm31-2321428 BEGIN
[1734072.068491] NVMeVirt: Version 1.10 for >> Samsung 970 Pro SSD <<
[1734072.068498] NVMeVirt: Storage: 0x100100000-0x300000000 (8191 MiB)
[1734072.078972] NVMeVirt: Total Capacity(GiB,MiB)=2,2048 chs=2 luns=4 lines=8192 blk-size(MiB,KiB)=0,64 line-size(MiB,KiB)=0,256
[1734072.091191] NVMeVirt: [chmodel_init] bandwidth 800 max_credits 26 tx_time 152
[1734072.102547] NVMeVirt: [chmodel_init] bandwidth 800 max_credits 26 tx_time 152
[1734072.102562] NVMeVirt: [chmodel_init] bandwidth 3360 max_credits 110 tx_time 36
[1734072.102564] NVMeVirt: Fixed CAT init ns=0 part=0 arm=31 k=7 scale_pct=25 age_ratio=7
[1734072.103814] NVMeVirt: pqueue: Copyright (c) 2014, Volkan Yazıcı <volkan.yazici@gmail.com>. All rights reserved.
[1734072.103849] NVMeVirt: Init FTL instance with 2 channels (524288 pages)
[1734072.103851] NVMeVirt: GC victim policy: cat-fig7-fixed ns=0 part=0 initial_k=7 initial_scale_pct=25 initial_age_ratio=7 warmup_gc=100
[1734072.114994] NVMeVirt: [chmodel_init] bandwidth 800 max_credits 26 tx_time 152
[1734072.126026] NVMeVirt: [chmodel_init] bandwidth 800 max_credits 26 tx_time 152
[1734072.126040] NVMeVirt: [chmodel_init] bandwidth 3360 max_credits 110 tx_time 36
[1734072.126042] NVMeVirt: Fixed CAT init ns=0 part=1 arm=31 k=7 scale_pct=25 age_ratio=7
[1734072.127297] NVMeVirt: Init FTL instance with 2 channels (524288 pages)
[1734072.127301] NVMeVirt: GC victim policy: cat-fig7-fixed ns=0 part=1 initial_k=7 initial_scale_pct=25 initial_age_ratio=7 warmup_gc=100
[1734072.138058] NVMeVirt: [chmodel_init] bandwidth 800 max_credits 26 tx_time 152
[1734072.148793] NVMeVirt: [chmodel_init] bandwidth 800 max_credits 26 tx_time 152
[1734072.148811] NVMeVirt: [chmodel_init] bandwidth 3360 max_credits 110 tx_time 36
[1734072.148813] NVMeVirt: Fixed CAT init ns=0 part=2 arm=31 k=7 scale_pct=25 age_ratio=7
[1734072.150249] NVMeVirt: Init FTL instance with 2 channels (524288 pages)
[1734072.150253] NVMeVirt: GC victim policy: cat-fig7-fixed ns=0 part=2 initial_k=7 initial_scale_pct=25 initial_age_ratio=7 warmup_gc=100
[1734072.160848] NVMeVirt: [chmodel_init] bandwidth 800 max_credits 26 tx_time 152
[1734072.171416] NVMeVirt: [chmodel_init] bandwidth 800 max_credits 26 tx_time 152
[1734072.171431] NVMeVirt: [chmodel_init] bandwidth 3360 max_credits 110 tx_time 36
[1734072.171433] NVMeVirt: Fixed CAT init ns=0 part=3 arm=31 k=7 scale_pct=25 age_ratio=7
[1734072.172656] NVMeVirt: Init FTL instance with 2 channels (524288 pages)
[1734072.172658] NVMeVirt: GC victim policy: cat-fig7-fixed ns=0 part=3 initial_k=7 initial_scale_pct=25 initial_age_ratio=7 warmup_gc=100
[1734072.172665] NVMeVirt: FTL physical space: 8588886016, logical space: 8026996276 (physical/logical * 100 = 107)
[1734072.172667] NVMeVirt: ns 0/1: size 7655 MiB
[1734072.172717] PCI host bridge to bus 0001:10
[1734072.172720] pci_bus 0001:10: root bus resource [io  0x0000-0xffff]
[1734072.172723] pci_bus 0001:10: root bus resource [mem 0x00000000-0x7fffffffff]
[1734072.172725] pci_bus 0001:10: root bus resource [bus 00-ff]
[1734072.172747] pci 0001:10:00.0: [0c51:0110] type 00 class 0x010802 PCIe Endpoint
[1734072.172751] pci 0001:10:00.0: BAR 0 [mem 0x100000000-0x100003fff 64bit]
[1734072.172754] pci 0001:10:00.0: enabling Extended Tags
[1734072.172875] NVMeVirt: Virtual PCI bus created (node 0)
[1734072.173117] NVMeVirt: nvmev_io_worker_0 started on cpu 2 (node 0)
[1734072.173235] NVMeVirt: nvmev_dispatcher started on cpu 1 (node 0)
[1734072.173276] NVMeVirt: Virtual NVMe device created
[1734072.173493] nvme nvme0: pci function 0001:10:00.0
[1734072.178089] nvme nvme0: 8/0/0 default/read/poll queues
[1734072.657263] EXT4-fs (nvme0n1): mounted filesystem b8c35dc0-3dcf-4a8c-a8a9-eeadc69b6200 r/w with ordered data mode. Quota mode: none.
[1734155.086955] NVMeVirt: Fixed CAT init ns=0 part=0 arm=31 k=7 scale_pct=25 age_ratio=7
[1734155.086960] NVMeVirt: Fixed CAT init ns=0 part=1 arm=31 k=7 scale_pct=25 age_ratio=7
[1734155.086962] NVMeVirt: Fixed CAT init ns=0 part=2 arm=31 k=7 scale_pct=25 age_ratio=7
[1734155.086964] NVMeVirt: Fixed CAT init ns=0 part=3 arm=31 k=7 scale_pct=25 age_ratio=7
[1734155.086965] NVMeVirt: Measurement: command=start epoch=1 host_bytes=0 learner_active=1
[1734155.095109] mix-mixQ-arm31-2321428 phase=A START
[1734455.406521] mix-mixQ-arm31-2321428 phase=A END
[1734455.416345] mix-mixQ-arm31-2321428 phase=B START idle=300
[1734755.435026] mix-mixQ-arm31-2321428 phase=B END
[1734755.442827] mix-mixQ-arm31-2321428 phase=C START
[1735055.760365] mix-mixQ-arm31-2321428 phase=C END
[1735055.763723] NVMeVirt: Measurement: command=stop epoch=1 host_bytes=98306711552 learner_active=0
[1735055.869193] EXT4-fs (nvme0n1): unmounting filesystem b8c35dc0-3dcf-4a8c-a8a9-eeadc69b6200.
[1735055.936235] pci_bus 0001:10: busn_res: [bus 10-ff] is released
[1735055.936385] NVMeVirt: GC stats: ns=0 policy=cat-fig7-fixed host_pages=24000662 gc_pages=18255816 gc_count=660258 WAF=1.760 warmup_gc=100-per-part
[1735056.015761] NVMeVirt: Virtual NVMe device closed
