[950917.329659] mix-mixL-fixed10-200595 BEGIN
[950917.341031] NVMeVirt: Version 1.10 for >> Samsung 970 Pro SSD <<
[950917.341036] NVMeVirt: Storage: 0x100100000-0x300000000 (8191 MiB)
[950917.353509] NVMeVirt: Total Capacity(GiB,MiB)=2,2048 chs=2 luns=4 lines=8192 blk-size(MiB,KiB)=0,64 line-size(MiB,KiB)=0,256
[950917.366339] NVMeVirt: [chmodel_init] bandwidth 800 max_credits 26 tx_time 152
[950917.377241] NVMeVirt: [chmodel_init] bandwidth 800 max_credits 26 tx_time 152
[950917.377262] NVMeVirt: [chmodel_init] bandwidth 3360 max_credits 110 tx_time 36
[950917.377265] NVMeVirt: Fixed CAT init ns=0 part=0 arm=10 k=2 scale_pct=200 age_ratio=7
[950917.378837] NVMeVirt: pqueue: Copyright (c) 2014, Volkan Yazıcı <volkan.yazici@gmail.com>. All rights reserved.
[950917.378901] NVMeVirt: Init FTL instance with 2 channels (524288 pages)
[950917.378905] NVMeVirt: GC victim policy: cat-fig7-fixed ns=0 part=0 initial_k=2 initial_scale_pct=200 initial_age_ratio=7 warmup_gc=100
[950917.392601] NVMeVirt: [chmodel_init] bandwidth 800 max_credits 26 tx_time 152
[950917.403244] NVMeVirt: [chmodel_init] bandwidth 800 max_credits 26 tx_time 152
[950917.403260] NVMeVirt: [chmodel_init] bandwidth 3360 max_credits 110 tx_time 36
[950917.403262] NVMeVirt: Fixed CAT init ns=0 part=1 arm=10 k=2 scale_pct=200 age_ratio=7
[950917.404545] NVMeVirt: Init FTL instance with 2 channels (524288 pages)
[950917.404549] NVMeVirt: GC victim policy: cat-fig7-fixed ns=0 part=1 initial_k=2 initial_scale_pct=200 initial_age_ratio=7 warmup_gc=100
[950917.416685] NVMeVirt: [chmodel_init] bandwidth 800 max_credits 26 tx_time 152
[950917.428922] NVMeVirt: [chmodel_init] bandwidth 800 max_credits 26 tx_time 152
[950917.428937] NVMeVirt: [chmodel_init] bandwidth 3360 max_credits 110 tx_time 36
[950917.428939] NVMeVirt: Fixed CAT init ns=0 part=2 arm=10 k=2 scale_pct=200 age_ratio=7
[950917.430267] NVMeVirt: Init FTL instance with 2 channels (524288 pages)
[950917.430269] NVMeVirt: GC victim policy: cat-fig7-fixed ns=0 part=2 initial_k=2 initial_scale_pct=200 initial_age_ratio=7 warmup_gc=100
[950917.440647] NVMeVirt: [chmodel_init] bandwidth 800 max_credits 26 tx_time 152
[950917.453499] NVMeVirt: [chmodel_init] bandwidth 800 max_credits 26 tx_time 152
[950917.453518] NVMeVirt: [chmodel_init] bandwidth 3360 max_credits 110 tx_time 36
[950917.453520] NVMeVirt: Fixed CAT init ns=0 part=3 arm=10 k=2 scale_pct=200 age_ratio=7
[950917.455246] NVMeVirt: Init FTL instance with 2 channels (524288 pages)
[950917.455250] NVMeVirt: GC victim policy: cat-fig7-fixed ns=0 part=3 initial_k=2 initial_scale_pct=200 initial_age_ratio=7 warmup_gc=100
[950917.455258] NVMeVirt: FTL physical space: 8588886016, logical space: 8026996276 (physical/logical * 100 = 107)
[950917.455260] NVMeVirt: ns 0/1: size 7655 MiB
[950917.455324] PCI host bridge to bus 0001:10
[950917.455327] pci_bus 0001:10: root bus resource [io  0x0000-0xffff]
[950917.455331] pci_bus 0001:10: root bus resource [mem 0x00000000-0x7fffffffff]
[950917.455333] pci_bus 0001:10: root bus resource [bus 00-ff]
[950917.455357] pci 0001:10:00.0: [0c51:0110] type 00 class 0x010802 PCIe Endpoint
[950917.455362] pci 0001:10:00.0: BAR 0 [mem 0x100000000-0x100003fff 64bit]
[950917.455366] pci 0001:10:00.0: enabling Extended Tags
[950917.455507] NVMeVirt: Virtual PCI bus created (node 0)
[950917.455841] NVMeVirt: nvmev_dispatcher started on cpu 1 (node 0)
[950917.455901] NVMeVirt: Virtual NVMe device created
[950917.456005] NVMeVirt: nvmev_io_worker_0 started on cpu 2 (node 0)
[950917.456092] nvme nvme0: pci function 0001:10:00.0
[950917.458395] nvme nvme0: 8/0/0 default/read/poll queues
[950917.531406] EXT4-fs (nvme0n1): mounted filesystem 271879ec-7741-4bdd-88e4-a3deae85167e r/w with ordered data mode. Quota mode: none.
[950999.552686] NVMeVirt: Fixed CAT init ns=0 part=0 arm=10 k=2 scale_pct=200 age_ratio=7
[950999.552692] NVMeVirt: Fixed CAT init ns=0 part=1 arm=10 k=2 scale_pct=200 age_ratio=7
[950999.552694] NVMeVirt: Fixed CAT init ns=0 part=2 arm=10 k=2 scale_pct=200 age_ratio=7
[950999.552696] NVMeVirt: Fixed CAT init ns=0 part=3 arm=10 k=2 scale_pct=200 age_ratio=7
[950999.552697] NVMeVirt: Measurement: command=start epoch=1 host_bytes=0 learner_active=1
[950999.561293] mix-mixL-fixed10-200595 phase=A START
[950999.569209] mix-mixL-fixed10-200595 phase=A cycle=1 fast
[951059.877983] mix-mixL-fixed10-200595 phase=A cycle=1 slow
[951120.179016] mix-mixL-fixed10-200595 phase=A cycle=2 fast
[951180.499354] mix-mixL-fixed10-200595 phase=A cycle=2 slow
[951240.797693] mix-mixL-fixed10-200595 phase=A cycle=3 fast
[951301.098850] mix-mixL-fixed10-200595 phase=A cycle=3 slow
[951361.407849] mix-mixL-fixed10-200595 phase=A cycle=4 fast
[951421.712865] mix-mixL-fixed10-200595 phase=A cycle=4 slow
[951482.015710] mix-mixL-fixed10-200595 phase=A cycle=5 fast
[951542.322924] mix-mixL-fixed10-200595 phase=A cycle=5 slow
[951602.641705] mix-mixL-fixed10-200595 phase=A END
[951602.650330] NVMeVirt: Measurement: command=stop epoch=1 host_bytes=61442301952 learner_active=0
[951602.724809] EXT4-fs (nvme0n1): unmounting filesystem 271879ec-7741-4bdd-88e4-a3deae85167e.
[951602.792799] pci_bus 0001:10: busn_res: [bus 10-ff] is released
[951602.792869] NVMeVirt: GC stats: ns=0 policy=cat-fig7-fixed host_pages=15000562 gc_pages=15561678 gc_count=477534 WAF=2.037 warmup_gc=100-per-part
[951602.871406] NVMeVirt: Virtual NVMe device closed
