[1044705.369974] mix-t4long-fixed50-432664 BEGIN
[1044705.382572] NVMeVirt: Version 1.10 for >> Samsung 970 Pro SSD <<
[1044705.382579] NVMeVirt: Storage: 0x100100000-0x300000000 (8191 MiB)
[1044705.393675] NVMeVirt: Total Capacity(GiB,MiB)=2,2048 chs=2 luns=4 lines=8192 blk-size(MiB,KiB)=0,64 line-size(MiB,KiB)=0,256
[1044705.405604] NVMeVirt: [chmodel_init] bandwidth 800 max_credits 26 tx_time 152
[1044705.417309] NVMeVirt: [chmodel_init] bandwidth 800 max_credits 26 tx_time 152
[1044705.417325] NVMeVirt: [chmodel_init] bandwidth 3360 max_credits 110 tx_time 36
[1044705.417327] NVMeVirt: Fixed CAT init ns=0 part=0 arm=50 k=10 scale_pct=50 age_ratio=16
[1044705.418365] NVMeVirt: pqueue: Copyright (c) 2014, Volkan Yazıcı <volkan.yazici@gmail.com>. All rights reserved.
[1044705.418434] NVMeVirt: Init FTL instance with 2 channels (524288 pages)
[1044705.418436] NVMeVirt: GC victim policy: cat-fig7-fixed ns=0 part=0 initial_k=10 initial_scale_pct=50 initial_age_ratio=16 warmup_gc=100
[1044705.429119] NVMeVirt: [chmodel_init] bandwidth 800 max_credits 26 tx_time 152
[1044705.439736] NVMeVirt: [chmodel_init] bandwidth 800 max_credits 26 tx_time 152
[1044705.439750] NVMeVirt: [chmodel_init] bandwidth 3360 max_credits 110 tx_time 36
[1044705.439752] NVMeVirt: Fixed CAT init ns=0 part=1 arm=50 k=10 scale_pct=50 age_ratio=16
[1044705.440733] NVMeVirt: Init FTL instance with 2 channels (524288 pages)
[1044705.440735] NVMeVirt: GC victim policy: cat-fig7-fixed ns=0 part=1 initial_k=10 initial_scale_pct=50 initial_age_ratio=16 warmup_gc=100
[1044705.451520] NVMeVirt: [chmodel_init] bandwidth 800 max_credits 26 tx_time 152
[1044705.461836] NVMeVirt: [chmodel_init] bandwidth 800 max_credits 26 tx_time 152
[1044705.461852] NVMeVirt: [chmodel_init] bandwidth 3360 max_credits 110 tx_time 36
[1044705.461854] NVMeVirt: Fixed CAT init ns=0 part=2 arm=50 k=10 scale_pct=50 age_ratio=16
[1044705.462875] NVMeVirt: Init FTL instance with 2 channels (524288 pages)
[1044705.462878] NVMeVirt: GC victim policy: cat-fig7-fixed ns=0 part=2 initial_k=10 initial_scale_pct=50 initial_age_ratio=16 warmup_gc=100
[1044705.473517] NVMeVirt: [chmodel_init] bandwidth 800 max_credits 26 tx_time 152
[1044705.484355] NVMeVirt: [chmodel_init] bandwidth 800 max_credits 26 tx_time 152
[1044705.484369] NVMeVirt: [chmodel_init] bandwidth 3360 max_credits 110 tx_time 36
[1044705.484371] NVMeVirt: Fixed CAT init ns=0 part=3 arm=50 k=10 scale_pct=50 age_ratio=16
[1044705.485426] NVMeVirt: Init FTL instance with 2 channels (524288 pages)
[1044705.485430] NVMeVirt: GC victim policy: cat-fig7-fixed ns=0 part=3 initial_k=10 initial_scale_pct=50 initial_age_ratio=16 warmup_gc=100
[1044705.485438] NVMeVirt: FTL physical space: 8588886016, logical space: 8026996276 (physical/logical * 100 = 107)
[1044705.485440] NVMeVirt: ns 0/1: size 7655 MiB
[1044705.485491] PCI host bridge to bus 0001:10
[1044705.485494] pci_bus 0001:10: root bus resource [io  0x0000-0xffff]
[1044705.485497] pci_bus 0001:10: root bus resource [mem 0x00000000-0x7fffffffff]
[1044705.485499] pci_bus 0001:10: root bus resource [bus 00-ff]
[1044705.485507] pci 0001:10:00.0: [0c51:0110] type 00 class 0x010802 PCIe Endpoint
[1044705.485511] pci 0001:10:00.0: BAR 0 [mem 0x100000000-0x100003fff 64bit]
[1044705.485513] pci 0001:10:00.0: enabling Extended Tags
[1044705.485634] NVMeVirt: Virtual PCI bus created (node 0)
[1044705.485920] NVMeVirt: nvmev_io_worker_0 started on cpu 2 (node 0)
[1044705.486019] NVMeVirt: nvmev_dispatcher started on cpu 1 (node 0)
[1044705.486043] NVMeVirt: Virtual NVMe device created
[1044705.486829] nvme nvme0: pci function 0001:10:00.0
[1044705.488931] nvme nvme0: 8/0/0 default/read/poll queues
[1044705.566623] EXT4-fs (nvme0n1): mounted filesystem eaa0295c-2413-4f77-86ea-03b0364e1aae r/w with ordered data mode. Quota mode: none.
[1044787.603007] NVMeVirt: Fixed CAT init ns=0 part=0 arm=50 k=10 scale_pct=50 age_ratio=16
[1044787.603012] NVMeVirt: Fixed CAT init ns=0 part=1 arm=50 k=10 scale_pct=50 age_ratio=16
[1044787.603014] NVMeVirt: Fixed CAT init ns=0 part=2 arm=50 k=10 scale_pct=50 age_ratio=16
[1044787.603016] NVMeVirt: Fixed CAT init ns=0 part=3 arm=50 k=10 scale_pct=50 age_ratio=16
[1044787.603017] NVMeVirt: Measurement: command=start epoch=1 host_bytes=0 learner_active=1
[1044787.610866] mix-t4long-fixed50-432664 phase=A START
[1048387.969939] mix-t4long-fixed50-432664 phase=A END
[1048387.976222] NVMeVirt: Measurement: command=stop epoch=1 host_bytes=589945233408 learner_active=0
[1048388.053378] EXT4-fs (nvme0n1): unmounting filesystem eaa0295c-2413-4f77-86ea-03b0364e1aae.
[1048388.116294] pci_bus 0001:10: busn_res: [bus 10-ff] is released
[1048388.116367] NVMeVirt: GC stats: ns=0 policy=cat-fig7-fixed host_pages=144029598 gc_pages=116895881 gc_count=4076961 WAF=1.811 warmup_gc=100-per-part
[1048388.190292] NVMeVirt: Virtual NVMe device closed
