[1275998.080600] mix-mixR-fixed50-706821 BEGIN
[1275998.177351] NVMeVirt: Version 1.10 for >> Samsung 970 Pro SSD <<
[1275998.177361] NVMeVirt: Storage: 0x100100000-0x300000000 (8191 MiB)
[1275998.188600] NVMeVirt: Total Capacity(GiB,MiB)=2,2048 chs=2 luns=4 lines=8192 blk-size(MiB,KiB)=0,64 line-size(MiB,KiB)=0,256
[1275998.200021] NVMeVirt: [chmodel_init] bandwidth 800 max_credits 26 tx_time 152
[1275998.212118] NVMeVirt: [chmodel_init] bandwidth 800 max_credits 26 tx_time 152
[1275998.212148] NVMeVirt: [chmodel_init] bandwidth 3360 max_credits 110 tx_time 36
[1275998.212151] NVMeVirt: Fixed CAT init ns=0 part=0 arm=50 k=10 scale_pct=50 age_ratio=16
[1275998.213700] NVMeVirt: pqueue: Copyright (c) 2014, Volkan Yazıcı <volkan.yazici@gmail.com>. All rights reserved.
[1275998.213751] NVMeVirt: Init FTL instance with 2 channels (524288 pages)
[1275998.213754] NVMeVirt: GC victim policy: cat-fig7-fixed ns=0 part=0 initial_k=10 initial_scale_pct=50 initial_age_ratio=16 warmup_gc=100
[1275998.224508] NVMeVirt: [chmodel_init] bandwidth 800 max_credits 26 tx_time 152
[1275998.234764] NVMeVirt: [chmodel_init] bandwidth 800 max_credits 26 tx_time 152
[1275998.234779] NVMeVirt: [chmodel_init] bandwidth 3360 max_credits 110 tx_time 36
[1275998.234781] NVMeVirt: Fixed CAT init ns=0 part=1 arm=50 k=10 scale_pct=50 age_ratio=16
[1275998.235788] NVMeVirt: Init FTL instance with 2 channels (524288 pages)
[1275998.235792] NVMeVirt: GC victim policy: cat-fig7-fixed ns=0 part=1 initial_k=10 initial_scale_pct=50 initial_age_ratio=16 warmup_gc=100
[1275998.247692] NVMeVirt: [chmodel_init] bandwidth 800 max_credits 26 tx_time 152
[1275998.258352] NVMeVirt: [chmodel_init] bandwidth 800 max_credits 26 tx_time 152
[1275998.258367] NVMeVirt: [chmodel_init] bandwidth 3360 max_credits 110 tx_time 36
[1275998.258369] NVMeVirt: Fixed CAT init ns=0 part=2 arm=50 k=10 scale_pct=50 age_ratio=16
[1275998.259353] NVMeVirt: Init FTL instance with 2 channels (524288 pages)
[1275998.259356] NVMeVirt: GC victim policy: cat-fig7-fixed ns=0 part=2 initial_k=10 initial_scale_pct=50 initial_age_ratio=16 warmup_gc=100
[1275998.269851] NVMeVirt: [chmodel_init] bandwidth 800 max_credits 26 tx_time 152
[1275998.281866] NVMeVirt: [chmodel_init] bandwidth 800 max_credits 26 tx_time 152
[1275998.281889] NVMeVirt: [chmodel_init] bandwidth 3360 max_credits 110 tx_time 36
[1275998.281892] NVMeVirt: Fixed CAT init ns=0 part=3 arm=50 k=10 scale_pct=50 age_ratio=16
[1275998.283182] NVMeVirt: Init FTL instance with 2 channels (524288 pages)
[1275998.283188] NVMeVirt: GC victim policy: cat-fig7-fixed ns=0 part=3 initial_k=10 initial_scale_pct=50 initial_age_ratio=16 warmup_gc=100
[1275998.283195] NVMeVirt: FTL physical space: 8588886016, logical space: 8026996276 (physical/logical * 100 = 107)
[1275998.283197] NVMeVirt: ns 0/1: size 7655 MiB
[1275998.283255] PCI host bridge to bus 0001:10
[1275998.283258] pci_bus 0001:10: root bus resource [io  0x0000-0xffff]
[1275998.283261] pci_bus 0001:10: root bus resource [mem 0x00000000-0x7fffffffff]
[1275998.283264] pci_bus 0001:10: root bus resource [bus 00-ff]
[1275998.283274] pci 0001:10:00.0: [0c51:0110] type 00 class 0x010802 PCIe Endpoint
[1275998.283279] pci 0001:10:00.0: BAR 0 [mem 0x100000000-0x100003fff 64bit]
[1275998.283282] pci 0001:10:00.0: enabling Extended Tags
[1275998.283440] NVMeVirt: Virtual PCI bus created (node 0)
[1275998.283745] NVMeVirt: nvmev_io_worker_0 started on cpu 2 (node 0)
[1275998.283841] NVMeVirt: nvmev_dispatcher started on cpu 1 (node 0)
[1275998.283881] NVMeVirt: Virtual NVMe device created
[1275998.284076] nvme nvme0: pci function 0001:10:00.0
[1275998.290815] nvme nvme0: 8/0/0 default/read/poll queues
[1275998.746621] EXT4-fs (nvme0n1): mounted filesystem 2a8d04ec-7ff6-4a3d-a633-92160176bf08 r/w with ordered data mode. Quota mode: none.
[1276081.068784] NVMeVirt: Fixed CAT init ns=0 part=0 arm=50 k=10 scale_pct=50 age_ratio=16
[1276081.068790] NVMeVirt: Fixed CAT init ns=0 part=1 arm=50 k=10 scale_pct=50 age_ratio=16
[1276081.068792] NVMeVirt: Fixed CAT init ns=0 part=2 arm=50 k=10 scale_pct=50 age_ratio=16
[1276081.068794] NVMeVirt: Fixed CAT init ns=0 part=3 arm=50 k=10 scale_pct=50 age_ratio=16
[1276081.068795] NVMeVirt: Measurement: command=start epoch=1 host_bytes=0 learner_active=1
[1276081.076438] mix-mixR-fixed50-706821 phase=A START
[1277881.379407] mix-mixR-fixed50-706821 phase=A END
[1277881.387867] mix-mixR-fixed50-706821 phase=B START
[1277881.398857] mix-mixR-fixed50-706821 phase=B LOAD
[1277907.523518] mix-mixR-fixed50-706821 phase=B RUN
[1277911.988575] tee (709147): drop_caches: 3
[1277918.036347] tee (709152): drop_caches: 3
[1277922.403407] tee (709164): drop_caches: 3
[1277927.761420] tee (709176): drop_caches: 3
[1277932.873826] tee (709181): drop_caches: 3
[1277937.992457] tee (709185): drop_caches: 3
[1277943.298623] tee (709189): drop_caches: 3
[1277948.920323] tee (709194): drop_caches: 3
[1277953.401698] tee (709206): drop_caches: 3
[1277958.482396] tee (709224): drop_caches: 3
[1277963.509293] tee (709230): drop_caches: 3
[1277968.524686] tee (709234): drop_caches: 3
[1277973.647448] tee (709238): drop_caches: 3
[1277978.869342] tee (709242): drop_caches: 3
[1277983.253435] tee (709259): drop_caches: 3
[1277988.423342] tee (709270): drop_caches: 3
[1277993.569324] tee (709274): drop_caches: 3
[1277998.651147] tee (709280): drop_caches: 3
[1278003.864056] tee (709285): drop_caches: 3
[1278008.968447] tee (709291): drop_caches: 3
[1278013.732812] tee (709308): drop_caches: 3
[1278019.027641] tee (709314): drop_caches: 3
[1278024.101645] tee (709325): drop_caches: 3
[1278029.158631] tee (709329): drop_caches: 3
[1278034.246954] tee (709333): drop_caches: 3
[1278039.314821] tee (709337): drop_caches: 3
[1278044.750287] tee (709354): drop_caches: 3
[1278050.026948] tee (709360): drop_caches: 3
[1278055.109070] tee (709371): drop_caches: 3
[1278060.193338] tee (709376): drop_caches: 3
[1278065.409176] tee (709380): drop_caches: 3
[1278070.935253] tee (709386): drop_caches: 3
[1278076.117681] tee (709401): drop_caches: 3
[1278081.296396] tee (709407): drop_caches: 3
[1278086.400030] tee (709415): drop_caches: 3
[1278091.453751] tee (709419): drop_caches: 3
[1278097.103026] tee (709437): drop_caches: 3
[1278102.795779] tee (709446): drop_caches: 3
[1278107.449077] tee (709460): drop_caches: 3
[1278112.563940] tee (709471): drop_caches: 3
[1278118.103624] tee (709475): drop_caches: 3
[1278123.605869] tee (709479): drop_caches: 3
[1278128.680637] tee (709483): drop_caches: 3
[1278133.897378] tee (709492): drop_caches: 3
[1278138.648362] tee (709498): drop_caches: 3
[1278143.956575] tee (709503): drop_caches: 3
[1278149.005215] tee (709507): drop_caches: 3
[1278154.391324] tee (709511): drop_caches: 3
[1278159.451372] tee (709515): drop_caches: 3
[1278164.649072] tee (709531): drop_caches: 3
[1278169.722996] tee (709537): drop_caches: 3
[1278174.954269] tee (709550): drop_caches: 3
[1278180.072853] tee (709554): drop_caches: 3
[1278185.237525] tee (709558): drop_caches: 3
[1278190.374363] tee (709563): drop_caches: 3
[1278195.648784] tee (709579): drop_caches: 3
[1278201.190194] tee (709585): drop_caches: 3
[1278206.489110] tee (709598): drop_caches: 3
[1278211.738508] tee (709602): drop_caches: 3
[1278216.944374] tee (709608): drop_caches: 3
[1278222.321091] tee (709612): drop_caches: 3
[1278227.446381] tee (709628): drop_caches: 3
[1278232.488878] tee (709634): drop_caches: 3
[1278237.715470] tee (709639): drop_caches: 3
[1278242.829877] tee (709643): drop_caches: 3
[1278247.895632] tee (709648): drop_caches: 3
[1278253.482015] tee (709659): drop_caches: 3
[1278258.948343] tee (709668): drop_caches: 3
[1278263.786220] tee (709683): drop_caches: 3
[1278268.945259] tee (709688): drop_caches: 3
[1278273.963654] tee (709692): drop_caches: 3
[1278279.077318] tee (709696): drop_caches: 3
[1278284.330804] tee (709708): drop_caches: 3
[1278290.877970] tee (709787): drop_caches: 3
[1278295.426199] tee (709794): drop_caches: 3
[1278300.558110] tee (709800): drop_caches: 3
[1278305.643418] tee (709804): drop_caches: 3
[1278310.759913] tee (709810): drop_caches: 3
[1278315.907404] tee (709823): drop_caches: 3
[1278321.014871] tee (709832): drop_caches: 3
[1278326.045885] tee (709846): drop_caches: 3
[1278331.329717] tee (709853): drop_caches: 3
[1278336.846981] tee (709857): drop_caches: 3
[1278342.047316] tee (709861): drop_caches: 3
[1278347.813584] tee (709872): drop_caches: 3
[1278352.956600] tee (709876): drop_caches: 3
[1278357.381889] tee (709889): drop_caches: 3
[1278362.715899] tee (709894): drop_caches: 3
[1278367.942597] tee (709898): drop_caches: 3
[1278373.094305] tee (709902): drop_caches: 3
[1278378.419293] tee (709911): drop_caches: 3
[1278383.608356] tee (709915): drop_caches: 3
[1278388.691957] tee (709930): drop_caches: 3
[1278393.945397] tee (709935): drop_caches: 3
[1278399.080115] tee (709939): drop_caches: 3
[1278404.138955] tee (709943): drop_caches: 3
[1278409.794724] tee (709959): drop_caches: 3
[1278414.899403] tee (709970): drop_caches: 3
[1278419.993675] tee (709975): drop_caches: 3
[1278425.176486] tee (709981): drop_caches: 3
[1278430.249259] tee (709985): drop_caches: 3
[1278435.659234] tee (709996): drop_caches: 3
[1278440.783368] tee (710005): drop_caches: 3
[1278445.758688] tee (710016): drop_caches: 3
[1278450.753113] tee (710021): drop_caches: 3
[1278455.952119] tee (710027): drop_caches: 3
[1278461.193642] tee (710031): drop_caches: 3
[1278466.658151] tee (710042): drop_caches: 3
[1278471.850468] tee (710051): drop_caches: 3
[1278476.789090] tee (710062): drop_caches: 3
[1278481.880246] tee (710068): drop_caches: 3
[1278487.107297] tee (710073): drop_caches: 3
[1278492.402251] tee (710077): drop_caches: 3
[1278497.550717] tee (710088): drop_caches: 3
[1278502.744181] tee (710097): drop_caches: 3
[1278507.953183] tee (710108): drop_caches: 3
[1278513.007088] tee (710119): drop_caches: 3
[1278518.281389] tee (710124): drop_caches: 3
[1278523.486344] tee (710128): drop_caches: 3
[1278528.711318] tee (710139): drop_caches: 3
[1278533.865842] tee (710155): drop_caches: 3
[1278538.871584] tee (710159): drop_caches: 3
[1278544.100150] tee (710165): drop_caches: 3
[1278549.484669] tee (710170): drop_caches: 3
[1278554.708589] tee (710181): drop_caches: 3
[1278559.903982] tee (710189): drop_caches: 3
[1278565.190685] tee (710203): drop_caches: 3
[1278570.211783] tee (710207): drop_caches: 3
[1278575.455923] tee (710212): drop_caches: 3
[1278580.942042] tee (710218): drop_caches: 3
[1278586.172111] tee (710234): drop_caches: 3
[1278591.813734] tee (710243): drop_caches: 3
[1278597.026448] tee (710249): drop_caches: 3
[1278602.044152] tee (710253): drop_caches: 3
[1278606.920402] tee (710258): drop_caches: 3
[1278612.171621] tee (710266): drop_caches: 3
[1278617.350352] tee (710277): drop_caches: 3
[1278622.479510] tee (710286): drop_caches: 3
[1278627.551471] tee (710297): drop_caches: 3
[1278632.539863] tee (710301): drop_caches: 3
[1278637.679506] tee (710306): drop_caches: 3
[1278643.094882] tee (710312): drop_caches: 3
[1278648.291444] tee (710324): drop_caches: 3
[1278653.361462] tee (710333): drop_caches: 3
[1278658.526830] tee (710345): drop_caches: 3
[1278663.674299] tee (710349): drop_caches: 3
[1278668.882510] tee (710355): drop_caches: 3
[1278674.115390] tee (710360): drop_caches: 3
[1278679.501842] tee (710371): drop_caches: 3
[1278684.665953] tee (710387): drop_caches: 3
[1278689.753467] tee (710393): drop_caches: 3
[1278694.857782] tee (710397): drop_caches: 3
[1278700.047525] tee (710403): drop_caches: 3
[1278705.262249] tee (710416): drop_caches: 3
[1278710.515800] tee (710420): drop_caches: 3
[1278715.672809] tee (710436): drop_caches: 3
[1278720.723750] tee (710440): drop_caches: 3
[1278725.722283] tee (710444): drop_caches: 3
[1278730.812160] tee (710450): drop_caches: 3
[1278736.182420] tee (710455): drop_caches: 3
[1278741.486247] tee (710459): drop_caches: 3
[1278746.684625] tee (710475): drop_caches: 3
[1278751.922042] tee (710479): drop_caches: 3
[1278757.073611] tee (710483): drop_caches: 3
[1278762.312591] tee (710490): drop_caches: 3
[1278767.665726] tee (710502): drop_caches: 3
[1278773.046694] tee (710510): drop_caches: 3
[1278778.287530] tee (710522): drop_caches: 3
[1278783.369992] tee (710526): drop_caches: 3
[1278788.638455] tee (710530): drop_caches: 3
[1278793.674539] tee (710536): drop_caches: 3
[1278799.060582] tee (710541): drop_caches: 3
[1278804.484721] tee (710557): drop_caches: 3
[1278809.568777] tee (710561): drop_caches: 3
[1278814.800158] tee (710571): drop_caches: 3
[1278819.861340] tee (710576): drop_caches: 3
[1278824.953804] tee (710589): drop_caches: 3
[1278830.199934] tee (710594): drop_caches: 3
[1278835.293563] tee (710610): drop_caches: 3
[1278840.278050] tee (710614): drop_caches: 3
[1278845.305539] tee (710618): drop_caches: 3
[1278850.391951] tee (710622): drop_caches: 3
[1278855.546470] tee (710627): drop_caches: 3
[1278860.503518] tee (710633): drop_caches: 3
[1278865.645040] tee (710650): drop_caches: 3
[1278870.716932] tee (710654): drop_caches: 3
[1278875.718518] tee (710659): drop_caches: 3
[1278880.668698] tee (710663): drop_caches: 3
[1278886.104691] tee (710696): drop_caches: 3
[1278892.238258] tee (710718): drop_caches: 3
[1278899.108240] tee (710757): drop_caches: 3
[1278906.806643] tee (710799): drop_caches: 3
[1278917.475616] tee (710867): drop_caches: 3
[1278924.894595] tee (710921): drop_caches: 3
[1278933.419123] tee (710940): drop_caches: 3
[1278939.111416] tee (710956): drop_caches: 3
[1278944.987180] tee (710982): drop_caches: 3
[1278950.630452] tee (710998): drop_caches: 3
[1278955.916650] tee (711013): drop_caches: 3
[1278960.352125] tee (711025): drop_caches: 3
[1278965.423981] tee (711029): drop_caches: 3
[1278970.317760] tee (711035): drop_caches: 3
[1278975.114922] tee (711044): drop_caches: 3
[1278980.189704] tee (711048): drop_caches: 3
[1278985.426980] tee (711053): drop_caches: 3
[1278990.177844] tee (711065): drop_caches: 3
[1278995.198014] tee (711071): drop_caches: 3
[1279000.292148] tee (711075): drop_caches: 3
[1279005.133171] tee (711079): drop_caches: 3
[1279010.226620] tee (711090): drop_caches: 3
[1279015.205675] tee (711094): drop_caches: 3
[1279020.379096] tee (711103): drop_caches: 3
[1279024.793106] tee (711110): drop_caches: 3
[1279029.877039] tee (711114): drop_caches: 3
[1279034.816160] tee (711125): drop_caches: 3
[1279039.817675] tee (711136): drop_caches: 3
[1279044.814067] tee (711141): drop_caches: 3
[1279049.796776] tee (711145): drop_caches: 3
[1279054.190889] tee (711157): drop_caches: 3
[1279059.138055] tee (711161): drop_caches: 3
[1279064.018490] tee (711172): drop_caches: 3
[1279068.916191] tee (711183): drop_caches: 3
[1279074.013314] tee (711187): drop_caches: 3
[1279078.929432] tee (711191): drop_caches: 3
[1279083.271385] tee (711203): drop_caches: 3
[1279088.234968] tee (711207): drop_caches: 3
[1279093.173569] tee (711211): drop_caches: 3
[1279098.162796] tee (711222): drop_caches: 3
[1279103.130232] tee (711226): drop_caches: 3
[1279108.023572] tee (711230): drop_caches: 3
[1279113.064729] tee (711247): drop_caches: 3
[1279118.140015] tee (711252): drop_caches: 3
[1279123.009107] tee (711263): drop_caches: 3
[1279127.914014] tee (711274): drop_caches: 3
[1279132.972098] tee (711278): drop_caches: 3
[1279137.921523] tee (711282): drop_caches: 3
[1279142.854784] tee (711291): drop_caches: 3
[1279147.404809] tee (711298): drop_caches: 3
[1279152.513978] tee (711302): drop_caches: 3
[1279157.467068] tee (711320): drop_caches: 3
[1279162.452931] tee (711326): drop_caches: 3
[1279167.346296] tee (711330): drop_caches: 3
[1279172.271684] tee (711339): drop_caches: 3
[1279176.610242] tee (711355): drop_caches: 3
[1279182.332781] tee (711378): drop_caches: 3
[1279187.999426] tee (711405): drop_caches: 3
[1279193.077293] tee (711419): drop_caches: 3
[1279198.771930] tee (711425): drop_caches: 3
[1279203.737988] tee (711434): drop_caches: 3
[1279208.094612] tee (711441): drop_caches: 3
[1279213.101220] tee (711449): drop_caches: 3
[1279218.033914] tee (711454): drop_caches: 3
[1279223.064330] tee (711458): drop_caches: 3
[1279228.263705] tee (711463): drop_caches: 3
[1279233.168234] tee (711472): drop_caches: 3
[1279237.536591] tee (711480): drop_caches: 3
[1279242.640472] tee (711484): drop_caches: 3
[1279247.572929] tee (711488): drop_caches: 3
[1279252.806047] tee (711492): drop_caches: 3
[1279258.334462] tee (711497): drop_caches: 3
[1279263.394324] tee (711507): drop_caches: 3
[1279268.042066] tee (711513): drop_caches: 3
[1279273.320169] tee (711518): drop_caches: 3
[1279278.304152] tee (711522): drop_caches: 3
[1279283.830201] tee (711526): drop_caches: 3
[1279288.829873] tee (711532): drop_caches: 3
[1279293.852644] tee (711548): drop_caches: 3
[1279298.972506] tee (711561): drop_caches: 3
[1279303.981227] tee (711566): drop_caches: 3
[1279308.959457] tee (711570): drop_caches: 3
[1279314.306018] tee (711574): drop_caches: 3
[1279319.410590] tee (711578): drop_caches: 3
[1279324.442933] tee (711594): drop_caches: 3
[1279329.367478] tee (711605): drop_caches: 3
[1279333.806727] tee (711612): drop_caches: 3
[1279338.942532] tee (711616): drop_caches: 3
[1279343.911328] tee (711620): drop_caches: 3
[1279349.054543] tee (711624): drop_caches: 3
[1279354.025435] tee (711640): drop_caches: 3
[1279358.951383] tee (711651): drop_caches: 3
[1279363.301960] tee (711658): drop_caches: 3
[1279368.533985] tee (711662): drop_caches: 3
[1279372.949098] tee (711667): drop_caches: 3
[1279378.202183] tee (711671): drop_caches: 3
[1279383.570724] tee (711687): drop_caches: 3
[1279388.794768] tee (711698): drop_caches: 3
[1279393.219917] tee (711706): drop_caches: 3
[1279398.420903] tee (711710): drop_caches: 3
[1279403.392863] tee (711714): drop_caches: 3
[1279408.397855] tee (711718): drop_caches: 3
[1279413.478713] tee (711735): drop_caches: 3
[1279418.731560] tee (711751): drop_caches: 3
[1279423.640036] tee (711756): drop_caches: 3
[1279428.942090] tee (711762): drop_caches: 3
[1279433.946171] tee (711766): drop_caches: 3
[1279439.025075] tee (711770): drop_caches: 3
[1279444.027360] tee (711781): drop_caches: 3
[1279449.103757] tee (711797): drop_caches: 3
[1279454.111191] tee (711802): drop_caches: 3
[1279458.629492] tee (711809): drop_caches: 3
[1279463.853858] tee (711814): drop_caches: 3
[1279468.874940] tee (711818): drop_caches: 3
[1279473.794309] tee (711822): drop_caches: 3
[1279478.797670] tee (711838): drop_caches: 3
[1279483.690641] tee (711848): drop_caches: 3
[1279489.465387] tee (711901): drop_caches: 3
[1279496.935010] tee (711925): drop_caches: 3
[1279504.122049] tee (711931): drop_caches: 3
[1279510.638167] tee (711963): drop_caches: 3
[1279516.103470] tee (711986): drop_caches: 3
[1279520.683878] tee (711993): drop_caches: 3
[1279525.676587] tee (712004): drop_caches: 3
[1279530.839714] tee (712008): drop_caches: 3
[1279535.879481] tee (712014): drop_caches: 3
[1279540.974510] tee (712028): drop_caches: 3
[1279545.852929] tee (712032): drop_caches: 3
[1279550.237072] tee (712041): drop_caches: 3
[1279555.238920] tee (712052): drop_caches: 3
[1279560.359967] tee (712056): drop_caches: 3
[1279565.318261] tee (712060): drop_caches: 3
[1279570.396783] tee (712069): drop_caches: 3
[1279575.319048] tee (712073): drop_caches: 3
[1279580.200250] tee (712079): drop_caches: 3
[1279585.241428] tee (712091): drop_caches: 3
[1279590.340433] tee (712098): drop_caches: 3
[1279595.319425] tee (712102): drop_caches: 3
[1279600.316211] tee (712111): drop_caches: 3
[1279605.331115] tee (712115): drop_caches: 3
[1279610.284889] tee (712126): drop_caches: 3
[1279614.652882] tee (712140): drop_caches: 3
[1279619.696815] tee (712144): drop_caches: 3
[1279624.694886] tee (712148): drop_caches: 3
[1279629.709463] tee (712158): drop_caches: 3
[1279634.869083] tee (712162): drop_caches: 3
[1279639.997174] tee (712173): drop_caches: 3
[1279644.446557] tee (712187): drop_caches: 3
[1279649.578531] tee (712191): drop_caches: 3
[1279654.587973] tee (712195): drop_caches: 3
[1279659.847283] tee (712204): drop_caches: 3
[1279664.850120] tee (712208): drop_caches: 3
[1279669.900501] tee (712220): drop_caches: 3
[1279674.400866] tee (712243): drop_caches: 3
[1279679.684405] tee (712257): drop_caches: 3
[1279684.891773] tee (712261): drop_caches: 3
[1279689.835780] tee (712270): drop_caches: 3
[1279694.751421] tee (712274): drop_caches: 3
[1279699.570534] tee (712286): drop_caches: 3
[1279704.047041] tee (712298): drop_caches: 3
[1279709.136631] tee (712304): drop_caches: 3
[1279714.198895] tee (712308): drop_caches: 3
[1279719.151190] tee (712317): drop_caches: 3
[1279724.013603] tee (712321): drop_caches: 3
[1279728.898703] tee (712325): drop_caches: 3
[1279733.781100] tee (712329): drop_caches: 3
[1279738.107466] tee (712336): drop_caches: 3
[1279743.264986] tee (712340): drop_caches: 3
[1279748.448841] tee (712348): drop_caches: 3
[1279753.514078] tee (712353): drop_caches: 3
[1279758.454238] tee (712364): drop_caches: 3
[1279763.399026] tee (712376): drop_caches: 3
[1279767.772340] tee (712383): drop_caches: 3
[1279772.807742] tee (712387): drop_caches: 3
[1279777.696500] tee (712391): drop_caches: 3
[1279782.651502] tee (712400): drop_caches: 3
[1279787.474477] tee (712414): drop_caches: 3
[1279792.216413] tee (712420): drop_caches: 3
[1279797.169598] tee (712426): drop_caches: 3
[1279802.316606] tee (712433): drop_caches: 3
[1279807.176769] tee (712437): drop_caches: 3
[1279812.206229] tee (712448): drop_caches: 3
[1279817.243362] tee (712452): drop_caches: 3
[1279822.130992] tee (712463): drop_caches: 3
[1279827.055428] tee (712474): drop_caches: 3
[1279831.495820] tee (712481): drop_caches: 3
[1279836.623331] tee (712485): drop_caches: 3
[1279841.536751] tee (712494): drop_caches: 3
[1279846.390896] tee (712498): drop_caches: 3
[1279851.434664] tee (712509): drop_caches: 3
[1279856.321185] tee (712520): drop_caches: 3
[1279860.724171] tee (712528): drop_caches: 3
[1279865.785676] tee (712532): drop_caches: 3
[1279870.710176] tee (712541): drop_caches: 3
[1279875.690806] tee (712545): drop_caches: 3
[1279880.617951] tee (712556): drop_caches: 3
[1279885.599308] tee (712567): drop_caches: 3
[1279890.594936] tee (712574): drop_caches: 3
[1279895.679182] tee (712580): drop_caches: 3
[1279900.791962] tee (712589): drop_caches: 3
[1279905.454911] tee (712604): drop_caches: 3
[1279910.873329] tee (712621): drop_caches: 3
[1279916.716854] tee (712632): drop_caches: 3
[1279923.039047] tee (712637): drop_caches: 3
[1279928.909110] tee (712643): drop_caches: 3
[1279934.605666] tee (712652): drop_caches: 3
[1279940.489963] tee (712663): drop_caches: 3
[1279946.172522] tee (712674): drop_caches: 3
[1279952.184461] tee (712678): drop_caches: 3
[1279957.083862] tee (712686): drop_caches: 3
[1279963.426495] tee (712695): drop_caches: 3
[1279969.554402] tee (712706): drop_caches: 3
[1279975.526881] tee (712721): drop_caches: 3
[1279981.557165] tee (712730): drop_caches: 3
[1279988.115931] tee (712736): drop_caches: 3
[1279994.131912] tee (712746): drop_caches: 3
[1279999.936107] tee (712757): drop_caches: 3
[1280005.684193] tee (712768): drop_caches: 3
[1280012.020968] tee (712775): drop_caches: 3
[1280017.488229] tee (712783): drop_caches: 3
[1280021.876556] tee (712790): drop_caches: 3
[1280026.909439] tee (712799): drop_caches: 3
[1280031.836771] tee (712810): drop_caches: 3
[1280036.715052] tee (712814): drop_caches: 3
[1280041.698210] tee (712818): drop_caches: 3
[1280046.820335] tee (712822): drop_caches: 3
[1280051.169124] tee (712829): drop_caches: 3
[1280056.181680] tee (712838): drop_caches: 3
[1280061.210402] tee (712851): drop_caches: 3
[1280066.149491] tee (712862): drop_caches: 3
[1280071.018794] tee (712866): drop_caches: 3
[1280075.975021] tee (712871): drop_caches: 3
[1280080.930179] tee (712875): drop_caches: 3
[1280085.569233] tee (712929): drop_caches: 3
[1280091.810946] tee (712969): drop_caches: 3
[1280099.885027] tee (712977): drop_caches: 3
[1280106.829352] tee (712981): drop_caches: 3
[1280112.261078] tee (713017): drop_caches: 3
[1280116.775877] tee (713032): drop_caches: 3
[1280121.845537] tee (713043): drop_caches: 3
[1280126.761581] tee (713047): drop_caches: 3
[1280131.870204] tee (713051): drop_caches: 3
[1280136.927674] tee (713063): drop_caches: 3
[1280141.832940] tee (713067): drop_caches: 3
[1280146.215593] tee (713079): drop_caches: 3
[1280151.206437] tee (713085): drop_caches: 3
[1280156.143345] tee (713089): drop_caches: 3
[1280161.096156] tee (713093): drop_caches: 3
[1280166.127883] tee (713104): drop_caches: 3
[1280171.103683] tee (713108): drop_caches: 3
[1280175.522744] tee (713119): drop_caches: 3
[1280180.650815] tee (713124): drop_caches: 3
[1280185.600330] tee (713128): drop_caches: 3
[1280190.654110] tee (713134): drop_caches: 3
[1280195.690802] tee (713145): drop_caches: 3
[1280200.831301] tee (713149): drop_caches: 3
[1280205.920399] tee (713159): drop_caches: 3
[1280211.063357] tee (713172): drop_caches: 3
[1280215.954344] tee (713176): drop_caches: 3
[1280220.929643] tee (713180): drop_caches: 3
[1280225.883891] tee (713191): drop_caches: 3
[1280230.846912] tee (713195): drop_caches: 3
[1280235.722868] tee (713204): drop_caches: 3
[1280240.155326] tee (713218): drop_caches: 3
[1280245.240603] tee (713222): drop_caches: 3
[1280250.232749] tee (713226): drop_caches: 3
[1280255.481568] tee (713237): drop_caches: 3
[1280260.616534] tee (713241): drop_caches: 3
[1280265.650649] tee (713250): drop_caches: 3
[1280270.250372] tee (713264): drop_caches: 3
[1280275.281214] tee (713268): drop_caches: 3
[1280280.266435] tee (713272): drop_caches: 3
[1280285.312399] tee (713283): drop_caches: 3
[1280290.417205] tee (713287): drop_caches: 3
[1280295.773115] tee (713296): drop_caches: 3
[1280300.090979] tee (713310): drop_caches: 3
[1280305.240549] tee (713314): drop_caches: 3
[1280310.340551] tee (713318): drop_caches: 3
[1280315.411138] tee (713334): drop_caches: 3
[1280320.597494] tee (713338): drop_caches: 3
[1280325.944848] tee (713347): drop_caches: 3
[1280330.265676] tee (713361): drop_caches: 3
[1280335.381535] tee (713365): drop_caches: 3
[1280340.379559] tee (713369): drop_caches: 3
[1280345.366638] tee (713380): drop_caches: 3
[1280350.346278] tee (713384): drop_caches: 3
[1280355.336353] tee (713388): drop_caches: 3
[1280360.324549] tee (713405): drop_caches: 3
[1280365.474734] tee (713412): drop_caches: 3
[1280370.454426] tee (713416): drop_caches: 3
[1280375.397973] tee (713427): drop_caches: 3
[1280380.380898] tee (713431): drop_caches: 3
[1280385.105842] tee (713438): drop_caches: 3
[1280390.021794] tee (713454): drop_caches: 3
[1280394.354466] tee (713461): drop_caches: 3
[1280399.319214] tee (713467): drop_caches: 3
[1280404.334079] tee (713473): drop_caches: 3
[1280409.400451] tee (713479): drop_caches: 3
[1280414.389831] tee (713483): drop_caches: 3
[1280419.321045] tee (713492): drop_caches: 3
[1280423.727962] tee (713507): drop_caches: 3
[1280428.704971] tee (713511): drop_caches: 3
[1280433.621641] tee (713515): drop_caches: 3
[1280438.771342] tee (713526): drop_caches: 3
[1280443.730846] tee (713530): drop_caches: 3
[1280448.641346] tee (713539): drop_caches: 3
[1280453.123569] tee (713552): drop_caches: 3
[1280458.140987] tee (713558): drop_caches: 3
[1280463.077764] tee (713562): drop_caches: 3
[1280468.072114] tee (713573): drop_caches: 3
[1280473.185011] tee (713577): drop_caches: 3
[1280478.180171] tee (713586): drop_caches: 3
[1280483.038746] tee (713590): drop_caches: 3
[1280487.470604] tee (713599): drop_caches: 3
[1280492.498341] tee (713603): drop_caches: 3
[1280497.339379] tee (713614): drop_caches: 3
[1280502.564994] tee (713624): drop_caches: 3
[1280508.293266] tee (713637): drop_caches: 3
[1280513.499860] tee (713652): drop_caches: 3
[1280517.867179] tee (713659): drop_caches: 3
[1280523.262117] tee (713663): drop_caches: 3
[1280528.759560] tee (713684): drop_caches: 3
[1280535.375392] tee (713718): drop_caches: 3
[1280540.453847] tee (713734): drop_caches: 3
[1280545.795305] tee (713740): drop_caches: 3
[1280551.556218] tee (713763): drop_caches: 3
[1280558.412485] tee (713839): drop_caches: 3
[1280563.963688] tee (713898): drop_caches: 3
[1280569.429391] tee (713907): drop_caches: 3
[1280574.999453] tee (713911): drop_caches: 3
[1280579.411663] tee (713918): drop_caches: 3
[1280585.012582] tee (713922): drop_caches: 3
[1280590.059777] tee (713941): drop_caches: 3
[1280595.262504] tee (713945): drop_caches: 3
[1280600.263063] tee (713961): drop_caches: 3
[1280605.321083] tee (713965): drop_caches: 3
[1280609.642590] tee (713973): drop_caches: 3
[1280614.798608] tee (713983): drop_caches: 3
[1280619.803156] tee (713987): drop_caches: 3
[1280624.837964] tee (713991): drop_caches: 3
[1280630.111188] tee (714000): drop_caches: 3
[1280634.992777] tee (714006): drop_caches: 3
[1280639.359931] tee (714012): drop_caches: 3
[1280644.653400] tee (714017): drop_caches: 3
[1280649.821739] tee (714021): drop_caches: 3
[1280654.778077] tee (714025): drop_caches: 3
[1280659.782159] tee (714032): drop_caches: 3
[1280665.033132] tee (714047): drop_caches: 3
[1280670.090525] tee (714052): drop_caches: 3
[1280675.200671] tee (714060): drop_caches: 3
[1280680.227496] tee (714064): drop_caches: 3
[1280685.173090] tee (714093): drop_caches: 3
[1280691.934447] tee (714137): drop_caches: 3
[1280700.575066] tee (714187): drop_caches: 3
[1280707.156746] tee (714218): drop_caches: 3
[1280717.625853] tee (714284): drop_caches: 3
[1280725.247805] tee (714328): drop_caches: 3
[1280731.316626] tee (714339): drop_caches: 3
[1280736.334554] tee (714357): drop_caches: 3
[1280740.826481] tee (714375): drop_caches: 3
[1280746.396971] tee (714380): drop_caches: 3
[1280751.431355] tee (714384): drop_caches: 3
[1280756.515365] tee (714393): drop_caches: 3
[1280761.434237] tee (714399): drop_caches: 3
[1280766.380850] tee (714403): drop_caches: 3
[1280770.959073] tee (714408): drop_caches: 3
[1280776.034306] tee (714415): drop_caches: 3
[1280781.104050] tee (714419): drop_caches: 3
[1280786.068848] tee (714428): drop_caches: 3
[1280790.974304] tee (714432): drop_caches: 3
[1280796.051685] tee (714439): drop_caches: 3
[1280801.275134] tee (714443): drop_caches: 3
[1280805.823572] tee (714450): drop_caches: 3
[1280810.826728] tee (714454): drop_caches: 3
[1280815.848378] tee (714470): drop_caches: 3
[1280820.912829] tee (714475): drop_caches: 3
[1280825.799650] tee (714479): drop_caches: 3
[1280830.758502] tee (714483): drop_caches: 3
[1280835.115249] tee (714490): drop_caches: 3
[1280840.213045] tee (714494): drop_caches: 3
[1280845.197305] tee (714510): drop_caches: 3
[1280850.168794] tee (714514): drop_caches: 3
[1280855.067418] tee (714521): drop_caches: 3
[1280859.929657] tee (714525): drop_caches: 3
[1280864.359786] tee (714530): drop_caches: 3
[1280869.584491] tee (714537): drop_caches: 3
[1280874.925434] tee (714553): drop_caches: 3
[1280879.850483] tee (714557): drop_caches: 3
[1280884.824918] tee (714561): drop_caches: 3
[1280889.684529] tee (714565): drop_caches: 3
[1280894.829973] tee (714570): drop_caches: 3
[1280899.314182] tee (714577): drop_caches: 3
[1280904.774880] tee (714593): drop_caches: 3
[1280909.744247] tee (714597): drop_caches: 3
[1280914.638299] tee (714608): drop_caches: 3
[1280919.592619] tee (714612): drop_caches: 3
[1280924.662404] tee (714616): drop_caches: 3
[1280929.203597] tee (714623): drop_caches: 3
[1280934.217209] tee (714634): drop_caches: 3
[1280939.292416] tee (714643): drop_caches: 3
[1280944.354261] tee (714647): drop_caches: 3
[1280949.298247] tee (714652): drop_caches: 3
[1280954.377745] tee (714656): drop_caches: 3
[1280958.763724] tee (714671): drop_caches: 3
[1280963.914448] tee (714683): drop_caches: 3
[1280968.955056] tee (714692): drop_caches: 3
[1280974.534637] tee (714704): drop_caches: 3
[1280980.831662] tee (714736): drop_caches: 3
[1280985.827925] tee (714751): drop_caches: 3
[1280990.320920] tee (714775): drop_caches: 3
[1280996.415514] tee (714795): drop_caches: 3
[1281001.402671] tee (714801): drop_caches: 3
[1281006.695312] tee (714807): drop_caches: 3
[1281011.663677] tee (714815): drop_caches: 3
[1281016.633833] tee (714819): drop_caches: 3
[1281021.092349] tee (714830): drop_caches: 3
[1281026.549596] tee (714857): drop_caches: 3
[1281031.967695] tee (714887): drop_caches: 3
[1281037.156389] tee (714903): drop_caches: 3
[1281042.253709] tee (714907): drop_caches: 3
[1281047.316219] tee (714911): drop_caches: 3
[1281051.687283] tee (714919): drop_caches: 3
[1281057.204980] tee (714929): drop_caches: 3
[1281062.399280] tee (714934): drop_caches: 3
[1281067.493869] tee (714938): drop_caches: 3
[1281072.552452] tee (714949): drop_caches: 3
[1281077.535225] tee (714953): drop_caches: 3
[1281081.933257] tee (714960): drop_caches: 3
[1281087.446757] tee (714969): drop_caches: 3
[1281092.497704] tee (714973): drop_caches: 3
[1281097.546537] tee (714979): drop_caches: 3
[1281102.449163] tee (714990): drop_caches: 3
[1281107.551219] tee (714994): drop_caches: 3
[1281112.448002] tee (715007): drop_caches: 3
[1281117.638217] tee (715018): drop_caches: 3
[1281122.649683] tee (715022): drop_caches: 3
[1281127.495004] tee (715026): drop_caches: 3
[1281132.810358] tee (715030): drop_caches: 3
[1281137.854323] tee (715034): drop_caches: 3
[1281142.796929] tee (715038): drop_caches: 3
[1281147.285206] tee (715045): drop_caches: 3
[1281152.404880] tee (715058): drop_caches: 3
[1281157.575039] tee (715062): drop_caches: 3
[1281162.674604] tee (715073): drop_caches: 3
[1281167.629911] tee (715077): drop_caches: 3
[1281172.526156] tee (715081): drop_caches: 3
[1281176.860204] tee (715095): drop_caches: 3
[1281181.820664] tee (715104): drop_caches: 3
[1281186.727153] tee (715109): drop_caches: 3
[1281191.745009] tee (715120): drop_caches: 3
[1281196.755006] tee (715124): drop_caches: 3
[1281201.643856] tee (715128): drop_caches: 3
[1281205.971642] tee (715135): drop_caches: 3
[1281210.901287] tee (715151): drop_caches: 3
[1281215.890097] tee (715161): drop_caches: 3
[1281220.945670] tee (715172): drop_caches: 3
[1281225.931139] tee (715176): drop_caches: 3
[1281230.943613] tee (715180): drop_caches: 3
[1281235.893316] tee (715185): drop_caches: 3
[1281241.133172] tee (715204): drop_caches: 3
[1281245.988560] tee (715208): drop_caches: 3
[1281251.165766] tee (715212): drop_caches: 3
[1281256.211823] tee (715216): drop_caches: 3
[1281261.159882] tee (715222): drop_caches: 3
[1281266.152816] tee (715233): drop_caches: 3
[1281270.471246] tee (715245): drop_caches: 3
[1281275.542542] tee (715251): drop_caches: 3
[1281280.773026] tee (715255): drop_caches: 3
[1281285.697557] tee (715280): drop_caches: 3
[1281292.146254] tee (715334): drop_caches: 3
[1281299.048024] tee (715354): drop_caches: 3
[1281305.538311] tee (715360): drop_caches: 3
[1281311.559127] tee (715395): drop_caches: 3
[1281316.672822] tee (715401): drop_caches: 3
[1281321.792540] tee (715407): drop_caches: 3
[1281361.709155] tee (715436): drop_caches: 3
[1281381.403129] mix-mixR-fixed50-706821 phase=B END
[1281381.410465] mix-mixR-fixed50-706821 phase=C START
[1283183.499093] mix-mixR-fixed50-706821 phase=C END
[1283183.677570] NVMeVirt: Measurement: command=stop epoch=1 host_bytes=888290013184 learner_active=0
[1283228.558598] EXT4-fs (nvme0n1): unmounting filesystem 2a8d04ec-7ff6-4a3d-a633-92160176bf08.
[1283228.857656] pci_bus 0001:10: busn_res: [bus 10-ff] is released
[1283228.857704] NVMeVirt: GC stats: ns=0 policy=cat-fig7-fixed host_pages=216867679 gc_pages=232839377 gc_count=7026672 WAF=2.073 warmup_gc=100-per-part
[1283228.929859] NVMeVirt: Virtual NVMe device closed
