[771986.878744] mix-mixJ-fixed47-3999821 BEGIN
[771986.912010] NVMeVirt: Version 1.10 for >> Samsung 970 Pro SSD <<
[771986.912017] NVMeVirt: Storage: 0x100100000-0x300000000 (8191 MiB)
[771986.922942] NVMeVirt: Total Capacity(GiB,MiB)=2,2048 chs=2 luns=4 lines=8192 blk-size(MiB,KiB)=0,64 line-size(MiB,KiB)=0,256
[771986.935790] NVMeVirt: [chmodel_init] bandwidth 800 max_credits 26 tx_time 152
[771986.946643] NVMeVirt: [chmodel_init] bandwidth 800 max_credits 26 tx_time 152
[771986.946657] NVMeVirt: [chmodel_init] bandwidth 3360 max_credits 110 tx_time 36
[771986.946660] NVMeVirt: Fixed CAT init ns=0 part=0 arm=47 k=10 scale_pct=25 age_ratio=16
[771986.947583] NVMeVirt: pqueue: Copyright (c) 2014, Volkan Yazıcı <volkan.yazici@gmail.com>. All rights reserved.
[771986.947634] NVMeVirt: Init FTL instance with 2 channels (524288 pages)
[771986.947637] NVMeVirt: GC victim policy: cat-fig7-fixed ns=0 part=0 initial_k=10 initial_scale_pct=25 initial_age_ratio=16 warmup_gc=100
[771986.957993] NVMeVirt: [chmodel_init] bandwidth 800 max_credits 26 tx_time 152
[771986.970075] NVMeVirt: [chmodel_init] bandwidth 800 max_credits 26 tx_time 152
[771986.970092] NVMeVirt: [chmodel_init] bandwidth 3360 max_credits 110 tx_time 36
[771986.970095] NVMeVirt: Fixed CAT init ns=0 part=1 arm=47 k=10 scale_pct=25 age_ratio=16
[771986.971159] NVMeVirt: Init FTL instance with 2 channels (524288 pages)
[771986.971162] NVMeVirt: GC victim policy: cat-fig7-fixed ns=0 part=1 initial_k=10 initial_scale_pct=25 initial_age_ratio=16 warmup_gc=100
[771986.981882] NVMeVirt: [chmodel_init] bandwidth 800 max_credits 26 tx_time 152
[771986.992323] NVMeVirt: [chmodel_init] bandwidth 800 max_credits 26 tx_time 152
[771986.992335] NVMeVirt: [chmodel_init] bandwidth 3360 max_credits 110 tx_time 36
[771986.992337] NVMeVirt: Fixed CAT init ns=0 part=2 arm=47 k=10 scale_pct=25 age_ratio=16
[771986.993358] NVMeVirt: Init FTL instance with 2 channels (524288 pages)
[771986.993362] NVMeVirt: GC victim policy: cat-fig7-fixed ns=0 part=2 initial_k=10 initial_scale_pct=25 initial_age_ratio=16 warmup_gc=100
[771987.005321] NVMeVirt: [chmodel_init] bandwidth 800 max_credits 26 tx_time 152
[771987.015905] NVMeVirt: [chmodel_init] bandwidth 800 max_credits 26 tx_time 152
[771987.015918] NVMeVirt: [chmodel_init] bandwidth 3360 max_credits 110 tx_time 36
[771987.015920] NVMeVirt: Fixed CAT init ns=0 part=3 arm=47 k=10 scale_pct=25 age_ratio=16
[771987.016849] NVMeVirt: Init FTL instance with 2 channels (524288 pages)
[771987.016851] NVMeVirt: GC victim policy: cat-fig7-fixed ns=0 part=3 initial_k=10 initial_scale_pct=25 initial_age_ratio=16 warmup_gc=100
[771987.016858] NVMeVirt: FTL physical space: 8588886016, logical space: 8026996276 (physical/logical * 100 = 107)
[771987.016859] NVMeVirt: ns 0/1: size 7655 MiB
[771987.016909] PCI host bridge to bus 0001:10
[771987.016911] pci_bus 0001:10: root bus resource [io  0x0000-0xffff]
[771987.016914] pci_bus 0001:10: root bus resource [mem 0x00000000-0x7fffffffff]
[771987.016916] pci_bus 0001:10: root bus resource [bus 00-ff]
[771987.016923] pci 0001:10:00.0: [0c51:0110] type 00 class 0x010802 PCIe Endpoint
[771987.016942] pci 0001:10:00.0: BAR 0 [mem 0x100000000-0x100003fff 64bit]
[771987.016944] pci 0001:10:00.0: enabling Extended Tags
[771987.017069] NVMeVirt: Virtual PCI bus created (node 0)
[771987.017324] NVMeVirt: nvmev_io_worker_0 started on cpu 2 (node 0)
[771987.017446] NVMeVirt: nvmev_dispatcher started on cpu 1 (node 0)
[771987.017484] NVMeVirt: Virtual NVMe device created
[771987.017697] nvme nvme0: pci function 0001:10:00.0
[771987.024094] nvme nvme0: 8/0/0 default/read/poll queues
[771987.732716] EXT4-fs (nvme0n1): mounted filesystem c5235871-1d8e-4540-b8d4-14b683dd7aa5 r/w with ordered data mode. Quota mode: none.
[772069.886269] NVMeVirt: Fixed CAT init ns=0 part=0 arm=47 k=10 scale_pct=25 age_ratio=16
[772069.886278] NVMeVirt: Fixed CAT init ns=0 part=1 arm=47 k=10 scale_pct=25 age_ratio=16
[772069.886281] NVMeVirt: Fixed CAT init ns=0 part=2 arm=47 k=10 scale_pct=25 age_ratio=16
[772069.886284] NVMeVirt: Fixed CAT init ns=0 part=3 arm=47 k=10 scale_pct=25 age_ratio=16
[772069.886286] NVMeVirt: Measurement: command=start epoch=1 host_bytes=0 learner_active=1
[772069.896964] mix-mixJ-fixed47-3999821 phase=A START
[772069.907965] mix-mixJ-fixed47-3999821 phase=A LOAD
[772096.543782] mix-mixJ-fixed47-3999821 phase=A RUN
[772100.756355] tee (4000098): drop_caches: 3
[772106.055793] tee (4000102): drop_caches: 3
[772110.396912] tee (4000109): drop_caches: 3
[772115.637172] tee (4000113): drop_caches: 3
[772120.827814] tee (4000120): drop_caches: 3
[772125.942719] tee (4000124): drop_caches: 3
[772131.051064] tee (4000128): drop_caches: 3
[772136.297421] tee (4000132): drop_caches: 3
[772140.726721] tee (4000139): drop_caches: 3
[772145.897569] tee (4000143): drop_caches: 3
[772150.899117] tee (4000147): drop_caches: 3
[772156.026757] tee (4000151): drop_caches: 3
[772161.079708] tee (4000155): drop_caches: 3
[772166.137107] tee (4000159): drop_caches: 3
[772170.534416] tee (4000166): drop_caches: 3
[772175.861715] tee (4000170): drop_caches: 3
[772180.776018] tee (4000177): drop_caches: 3
[772185.597523] tee (4000181): drop_caches: 3
[772190.869908] tee (4000185): drop_caches: 3
[772196.066098] tee (4000189): drop_caches: 3
[772200.831041] tee (4000194): drop_caches: 3
[772206.172513] tee (4000200): drop_caches: 3
[772211.441712] tee (4000204): drop_caches: 3
[772216.655389] tee (4000210): drop_caches: 3
[772221.848054] tee (4000214): drop_caches: 3
[772227.127315] tee (4000218): drop_caches: 3
[772232.588843] tee (4000224): drop_caches: 3
[772237.888026] tee (4000229): drop_caches: 3
[772243.002116] tee (4000233): drop_caches: 3
[772248.062396] tee (4000237): drop_caches: 3
[772253.105042] tee (4000242): drop_caches: 3
[772258.150649] tee (4000246): drop_caches: 3
[772263.206615] tee (4000250): drop_caches: 3
[772267.947791] tee (4000257): drop_caches: 3
[772273.071827] tee (4000261): drop_caches: 3
[772278.142639] tee (4000265): drop_caches: 3
[772283.213411] tee (4000269): drop_caches: 3
[772288.296237] tee (4000273): drop_caches: 3
[772293.398247] tee (4000288): drop_caches: 3
[772297.866781] tee (4000306): drop_caches: 3
[772304.791400] tee (4000319): drop_caches: 3
[772310.917169] tee (4000323): drop_caches: 3
[772318.224254] tee (4000327): drop_caches: 3
[772324.406164] tee (4000331): drop_caches: 3
[772329.391794] tee (4000338): drop_caches: 3
[772335.719581] tee (4000344): drop_caches: 3
[772342.237982] tee (4000348): drop_caches: 3
[772348.429514] tee (4000352): drop_caches: 3
[772354.961071] tee (4000356): drop_caches: 3
[772360.536206] tee (4000361): drop_caches: 3
[772367.743631] tee (4000367): drop_caches: 3
[772374.207469] tee (4000377): drop_caches: 3
[772380.276180] tee (4000381): drop_caches: 3
[772386.196447] tee (4000385): drop_caches: 3
[772392.702779] tee (4000390): drop_caches: 3
[772398.777138] tee (4000397): drop_caches: 3
[772405.400146] tee (4000404): drop_caches: 3
[772411.785957] tee (4000413): drop_caches: 3
[772418.216861] tee (4000417): drop_caches: 3
[772424.832525] tee (4000426): drop_caches: 3
[772430.315628] tee (4000432): drop_caches: 3
[772435.386870] tee (4000436): drop_caches: 3
[772440.422253] tee (4000440): drop_caches: 3
[772445.427890] tee (4000444): drop_caches: 3
[772450.519726] tee (4000448): drop_caches: 3
[772455.795123] tee (4000456): drop_caches: 3
[772461.025940] tee (4000461): drop_caches: 3
[772466.361923] tee (4000465): drop_caches: 3
[772471.344527] tee (4000469): drop_caches: 3
[772476.521210] tee (4000476): drop_caches: 3
[772481.895203] tee (4000522): drop_caches: 3
[772488.390357] tee (4000551): drop_caches: 3
[772495.818957] tee (4000556): drop_caches: 3
[772501.501135] tee (4000591): drop_caches: 3
[772506.572906] tee (4000595): drop_caches: 3
[772511.714128] tee (4000599): drop_caches: 3
[772517.068547] tee (4000603): drop_caches: 3
[772521.507242] tee (4000610): drop_caches: 3
[772526.881198] tee (4000614): drop_caches: 3
[772532.133192] tee (4000620): drop_caches: 3
[772537.180594] tee (4000624): drop_caches: 3
[772542.301692] tee (4000628): drop_caches: 3
[772547.439071] tee (4000632): drop_caches: 3
[772551.805933] tee (4000642): drop_caches: 3
[772553.844778] mix-mixJ-fixed47-3999821 phase=A END
[772553.854124] mix-mixJ-fixed47-3999821 phase=B START
[772553.911856] mix-mixJ-fixed47-3999821 phase=B RUN
[772558.175299] tee (4000721): drop_caches: 3
[772563.534935] tee (4000725): drop_caches: 3
[772568.825530] tee (4000730): drop_caches: 3
[772573.880650] tee (4000737): drop_caches: 3
[772578.873765] tee (4000741): drop_caches: 3
[772583.340828] tee (4000748): drop_caches: 3
[772588.564841] tee (4000752): drop_caches: 3
[772593.584480] tee (4000756): drop_caches: 3
[772598.755400] tee (4000760): drop_caches: 3
[772603.901571] tee (4000766): drop_caches: 3
[772608.920422] tee (4000771): drop_caches: 3
[772613.414604] tee (4000778): drop_caches: 3
[772618.701084] tee (4000782): drop_caches: 3
[772623.849379] tee (4000786): drop_caches: 3
[772629.052895] tee (4000791): drop_caches: 3
[772634.235751] tee (4000796): drop_caches: 3
[772641.860074] tee (4000808): drop_caches: 3
[772649.913260] tee (4000817): drop_caches: 3
[772656.329160] tee (4000823): drop_caches: 3
[772661.351364] mix-mixJ-fixed47-3999821 phase=B END
[772661.734073] NVMeVirt: Measurement: command=stop epoch=1 host_bytes=35593097216 learner_active=0
[772666.815156] EXT4-fs (nvme0n1): unmounting filesystem c5235871-1d8e-4540-b8d4-14b683dd7aa5.
[772667.281172] pci_bus 0001:10: busn_res: [bus 10-ff] is released
[772667.281218] NVMeVirt: GC stats: ns=0 policy=cat-fig7-fixed host_pages=8689721 gc_pages=4061859 gc_count=199244 WAF=1.467 warmup_gc=100-per-part
[772667.353505] NVMeVirt: Virtual NVMe device closed
