[1637561.924336] mix-mixJ-arm53-2038850 BEGIN
[1637562.011682] NVMeVirt: Version 1.10 for >> Samsung 970 Pro SSD <<
[1637562.011689] NVMeVirt: Storage: 0x100100000-0x300000000 (8191 MiB)
[1637562.022454] NVMeVirt: Total Capacity(GiB,MiB)=2,2048 chs=2 luns=4 lines=8192 blk-size(MiB,KiB)=0,64 line-size(MiB,KiB)=0,256
[1637562.033921] NVMeVirt: [chmodel_init] bandwidth 800 max_credits 26 tx_time 152
[1637562.045709] NVMeVirt: [chmodel_init] bandwidth 800 max_credits 26 tx_time 152
[1637562.045726] NVMeVirt: [chmodel_init] bandwidth 3360 max_credits 110 tx_time 36
[1637562.045728] NVMeVirt: Fixed CAT init ns=0 part=0 arm=53 k=10 scale_pct=100 age_ratio=16
[1637562.046866] NVMeVirt: pqueue: Copyright (c) 2014, Volkan Yazıcı <volkan.yazici@gmail.com>. All rights reserved.
[1637562.046930] NVMeVirt: Init FTL instance with 2 channels (524288 pages)
[1637562.046932] NVMeVirt: GC victim policy: cat-fig7-fixed ns=0 part=0 initial_k=10 initial_scale_pct=100 initial_age_ratio=16 warmup_gc=100
[1637562.058165] NVMeVirt: [chmodel_init] bandwidth 800 max_credits 26 tx_time 152
[1637562.068726] NVMeVirt: [chmodel_init] bandwidth 800 max_credits 26 tx_time 152
[1637562.068740] NVMeVirt: [chmodel_init] bandwidth 3360 max_credits 110 tx_time 36
[1637562.068742] NVMeVirt: Fixed CAT init ns=0 part=1 arm=53 k=10 scale_pct=100 age_ratio=16
[1637562.069620] NVMeVirt: Init FTL instance with 2 channels (524288 pages)
[1637562.069623] NVMeVirt: GC victim policy: cat-fig7-fixed ns=0 part=1 initial_k=10 initial_scale_pct=100 initial_age_ratio=16 warmup_gc=100
[1637562.080877] NVMeVirt: [chmodel_init] bandwidth 800 max_credits 26 tx_time 152
[1637562.091634] NVMeVirt: [chmodel_init] bandwidth 800 max_credits 26 tx_time 152
[1637562.091648] NVMeVirt: [chmodel_init] bandwidth 3360 max_credits 110 tx_time 36
[1637562.091650] NVMeVirt: Fixed CAT init ns=0 part=2 arm=53 k=10 scale_pct=100 age_ratio=16
[1637562.092612] NVMeVirt: Init FTL instance with 2 channels (524288 pages)
[1637562.092616] NVMeVirt: GC victim policy: cat-fig7-fixed ns=0 part=2 initial_k=10 initial_scale_pct=100 initial_age_ratio=16 warmup_gc=100
[1637562.103499] NVMeVirt: [chmodel_init] bandwidth 800 max_credits 26 tx_time 152
[1637562.114710] NVMeVirt: [chmodel_init] bandwidth 800 max_credits 26 tx_time 152
[1637562.114739] NVMeVirt: [chmodel_init] bandwidth 3360 max_credits 110 tx_time 36
[1637562.114741] NVMeVirt: Fixed CAT init ns=0 part=3 arm=53 k=10 scale_pct=100 age_ratio=16
[1637562.115746] NVMeVirt: Init FTL instance with 2 channels (524288 pages)
[1637562.115750] NVMeVirt: GC victim policy: cat-fig7-fixed ns=0 part=3 initial_k=10 initial_scale_pct=100 initial_age_ratio=16 warmup_gc=100
[1637562.115760] NVMeVirt: FTL physical space: 8588886016, logical space: 8026996276 (physical/logical * 100 = 107)
[1637562.115762] NVMeVirt: ns 0/1: size 7655 MiB
[1637562.115837] PCI host bridge to bus 0001:10
[1637562.115840] pci_bus 0001:10: root bus resource [io  0x0000-0xffff]
[1637562.115844] pci_bus 0001:10: root bus resource [mem 0x00000000-0x7fffffffff]
[1637562.115847] pci_bus 0001:10: root bus resource [bus 00-ff]
[1637562.115857] pci 0001:10:00.0: [0c51:0110] type 00 class 0x010802 PCIe Endpoint
[1637562.115863] pci 0001:10:00.0: BAR 0 [mem 0x100000000-0x100003fff 64bit]
[1637562.115866] pci 0001:10:00.0: enabling Extended Tags
[1637562.116017] NVMeVirt: Virtual PCI bus created (node 0)
[1637562.116326] NVMeVirt: nvmev_io_worker_0 started on cpu 2 (node 0)
[1637562.116397] NVMeVirt: nvmev_dispatcher started on cpu 1 (node 0)
[1637562.116400] NVMeVirt: Virtual NVMe device created
[1637562.116531] nvme nvme0: pci function 0001:10:00.0
[1637562.119529] nvme nvme0: 8/0/0 default/read/poll queues
[1637562.483230] EXT4-fs (nvme0n1): mounted filesystem c0b5a622-e337-4f07-874d-28bb7660eba9 r/w with ordered data mode. Quota mode: none.
[1637644.912830] NVMeVirt: Fixed CAT init ns=0 part=0 arm=53 k=10 scale_pct=100 age_ratio=16
[1637644.912836] NVMeVirt: Fixed CAT init ns=0 part=1 arm=53 k=10 scale_pct=100 age_ratio=16
[1637644.912839] NVMeVirt: Fixed CAT init ns=0 part=2 arm=53 k=10 scale_pct=100 age_ratio=16
[1637644.912842] NVMeVirt: Fixed CAT init ns=0 part=3 arm=53 k=10 scale_pct=100 age_ratio=16
[1637644.912844] NVMeVirt: Measurement: command=start epoch=1 host_bytes=0 learner_active=1
[1637644.922386] mix-mixJ-arm53-2038850 phase=A START
[1637644.933668] mix-mixJ-arm53-2038850 phase=A LOAD
[1637672.536109] mix-mixJ-arm53-2038850 phase=A RUN
[1637676.735789] tee (2039170): drop_caches: 3
[1637682.219142] tee (2039175): drop_caches: 3
[1637687.129808] tee (2039188): drop_caches: 3
[1637691.927437] tee (2039241): drop_caches: 3
[1637698.857039] tee (2039269): drop_caches: 3
[1637706.464697] tee (2039273): drop_caches: 3
[1637713.731394] tee (2039283): drop_caches: 3
[1637720.582910] tee (2039304): drop_caches: 3
[1637725.945415] tee (2039324): drop_caches: 3
[1637730.936285] tee (2039328): drop_caches: 3
[1637736.182823] tee (2039339): drop_caches: 3
[1637741.180391] tee (2039343): drop_caches: 3
[1637745.665018] tee (2039353): drop_caches: 3
[1637751.012150] tee (2039359): drop_caches: 3
[1637756.032227] tee (2039363): drop_caches: 3
[1637760.971012] tee (2039367): drop_caches: 3
[1637765.874933] tee (2039378): drop_caches: 3
[1637770.892935] tee (2039382): drop_caches: 3
[1637775.946476] tee (2039391): drop_caches: 3
[1637780.403193] tee (2039398): drop_caches: 3
[1637785.632866] tee (2039402): drop_caches: 3
[1637790.719284] tee (2039407): drop_caches: 3
[1637795.820653] tee (2039411): drop_caches: 3
[1637800.947711] tee (2039415): drop_caches: 3
[1637806.102454] tee (2039425): drop_caches: 3
[1637810.536068] tee (2039432): drop_caches: 3
[1637815.594032] tee (2039436): drop_caches: 3
[1637820.562649] tee (2039441): drop_caches: 3
[1637825.600264] tee (2039445): drop_caches: 3
[1637830.653490] tee (2039449): drop_caches: 3
[1637835.678495] tee (2039458): drop_caches: 3
[1637840.076583] tee (2039465): drop_caches: 3
[1637845.170840] tee (2039469): drop_caches: 3
[1637850.189541] tee (2039480): drop_caches: 3
[1637855.218827] tee (2039484): drop_caches: 3
[1637860.242793] tee (2039488): drop_caches: 3
[1637865.753635] tee (2039497): drop_caches: 3
[1637870.119946] tee (2039510): drop_caches: 3
[1637875.212220] tee (2039514): drop_caches: 3
[1637880.125206] tee (2039525): drop_caches: 3
[1637885.013037] tee (2039529): drop_caches: 3
[1637889.981670] tee (2039533): drop_caches: 3
[1637894.958408] tee (2039537): drop_caches: 3
[1637900.097069] tee (2039549): drop_caches: 3
[1637905.400909] tee (2039554): drop_caches: 3
[1637910.530081] tee (2039558): drop_caches: 3
[1637915.666424] tee (2039562): drop_caches: 3
[1637920.669351] tee (2039566): drop_caches: 3
[1637925.641316] tee (2039570): drop_caches: 3
[1637931.043142] tee (2039586): drop_caches: 3
[1637936.432992] tee (2039591): drop_caches: 3
[1637941.401957] tee (2039596): drop_caches: 3
[1637946.347546] tee (2039600): drop_caches: 3
[1637951.300734] tee (2039604): drop_caches: 3
[1637956.280762] tee (2039608): drop_caches: 3
[1637961.582077] tee (2039617): drop_caches: 3
[1637966.225586] tee (2039633): drop_caches: 3
[1637971.416233] tee (2039637): drop_caches: 3
[1637976.540756] tee (2039641): drop_caches: 3
[1637981.613728] tee (2039645): drop_caches: 3
[1637987.202156] tee (2039654): drop_caches: 3
[1637992.257798] tee (2039665): drop_caches: 3
[1637995.730842] mix-mixJ-arm53-2038850 phase=A END
[1637995.739694] mix-mixJ-arm53-2038850 phase=B START
[1637995.798176] mix-mixJ-arm53-2038850 phase=B RUN
[1638000.105506] tee (2039757): drop_caches: 3
[1638005.497426] tee (2039761): drop_caches: 3
[1638010.580842] tee (2039766): drop_caches: 3
[1638015.521300] tee (2039770): drop_caches: 3
[1638020.499797] tee (2039780): drop_caches: 3
[1638025.866676] tee (2039786): drop_caches: 3
[1638030.245929] tee (2039793): drop_caches: 3
[1638035.573030] tee (2039805): drop_caches: 3
[1638040.852520] tee (2039809): drop_caches: 3
[1638045.870031] tee (2039813): drop_caches: 3
[1638050.900835] tee (2039822): drop_caches: 3
[1638056.142525] tee (2039827): drop_caches: 3
[1638061.747234] tee (2039878): drop_caches: 3
[1638068.768289] tee (2039933): drop_caches: 3
[1638073.939408] tee (2039965): drop_caches: 3
[1638080.073825] tee (2039979): drop_caches: 3
[1638085.183500] tee (2039983): drop_caches: 3
[1638090.592915] tee (2039991): drop_caches: 3
[1638095.775480] tee (2039998): drop_caches: 3
[1638100.811054] tee (2040015): drop_caches: 3
[1638106.284619] tee (2040019): drop_caches: 3
[1638111.358309] tee (2040029): drop_caches: 3
[1638116.537793] tee (2040033): drop_caches: 3
[1638121.679180] tee (2040038): drop_caches: 3
[1638126.888646] tee (2040044): drop_caches: 3
[1638131.990493] tee (2040048): drop_caches: 3
[1638136.961207] tee (2040052): drop_caches: 3
[1638141.985563] tee (2040062): drop_caches: 3
[1638146.985198] tee (2040066): drop_caches: 3
[1638151.910191] tee (2040070): drop_caches: 3
[1638156.300559] tee (2040079): drop_caches: 3
[1638161.439976] tee (2040083): drop_caches: 3
[1638166.436240] tee (2040087): drop_caches: 3
[1638171.474851] tee (2040097): drop_caches: 3
[1638176.343795] tee (2040101): drop_caches: 3
[1638181.226152] tee (2040105): drop_caches: 3
[1638185.559086] tee (2040112): drop_caches: 3
[1638190.620886] tee (2040116): drop_caches: 3
[1638195.534226] tee (2040120): drop_caches: 3
[1638200.450744] tee (2040124): drop_caches: 3
[1638205.656491] tee (2040134): drop_caches: 3
[1638210.623730] tee (2040138): drop_caches: 3
[1638214.943420] tee (2040144): drop_caches: 3
[1638220.147554] tee (2040149): drop_caches: 3
[1638225.276614] tee (2040154): drop_caches: 3
[1638230.196307] tee (2040164): drop_caches: 3
[1638235.137661] tee (2040173): drop_caches: 3
[1638240.145071] tee (2040177): drop_caches: 3
[1638245.077646] tee (2040181): drop_caches: 3
[1638249.388407] tee (2040188): drop_caches: 3
[1638254.571144] tee (2040192): drop_caches: 3
[1638259.473812] tee (2040196): drop_caches: 3
[1638264.460754] tee (2040205): drop_caches: 3
[1638269.345918] tee (2040211): drop_caches: 3
[1638274.344774] tee (2040215): drop_caches: 3
[1638278.661840] tee (2040222): drop_caches: 3
[1638283.716918] tee (2040234): drop_caches: 3
[1638289.051920] tee (2040258): drop_caches: 3
[1638294.606992] tee (2040325): drop_caches: 3
[1638299.587033] tee (2040329): drop_caches: 3
[1638304.679795] tee (2040338): drop_caches: 3
[1638306.325856] mix-mixJ-arm53-2038850 phase=B END
[1638306.642186] NVMeVirt: Measurement: command=stop epoch=1 host_bytes=36518727680 learner_active=0
[1638308.743350] EXT4-fs (nvme0n1): unmounting filesystem c0b5a622-e337-4f07-874d-28bb7660eba9.
[1638309.121617] pci_bus 0001:10: busn_res: [bus 10-ff] is released
[1638309.121675] NVMeVirt: GC stats: ns=0 policy=cat-fig7-fixed host_pages=8915705 gc_pages=3511374 gc_count=194174 WAF=1.393 warmup_gc=100-per-part
[1638309.195479] NVMeVirt: Virtual NVMe device closed
