[645610.758857] mix-mixA-arm17-3889677 BEGIN
[645610.792040] NVMeVirt: Version 1.10 for >> Samsung 970 Pro SSD <<
[645610.792045] NVMeVirt: Storage: 0x100100000-0x300000000 (8191 MiB)
[645610.803128] NVMeVirt: Total Capacity(GiB,MiB)=2,2048 chs=2 luns=4 lines=8192 blk-size(MiB,KiB)=0,64 line-size(MiB,KiB)=0,256
[645610.814572] NVMeVirt: [chmodel_init] bandwidth 800 max_credits 26 tx_time 152
[645610.825667] NVMeVirt: [chmodel_init] bandwidth 800 max_credits 26 tx_time 152
[645610.825681] NVMeVirt: [chmodel_init] bandwidth 3360 max_credits 110 tx_time 36
[645610.825684] NVMeVirt: Fixed CAT init ns=0 part=0 arm=17 k=4 scale_pct=25 age_ratio=16
[645610.827027] NVMeVirt: pqueue: Copyright (c) 2014, Volkan Yazıcı <volkan.yazici@gmail.com>. All rights reserved.
[645610.827065] NVMeVirt: Init FTL instance with 2 channels (524288 pages)
[645610.827067] NVMeVirt: GC victim policy: cat-fig7-fixed ns=0 part=0 initial_k=4 initial_scale_pct=25 initial_age_ratio=16 warmup_gc=100
[645610.837971] NVMeVirt: [chmodel_init] bandwidth 800 max_credits 26 tx_time 152
[645610.848772] NVMeVirt: [chmodel_init] bandwidth 800 max_credits 26 tx_time 152
[645610.848787] NVMeVirt: [chmodel_init] bandwidth 3360 max_credits 110 tx_time 36
[645610.848789] NVMeVirt: Fixed CAT init ns=0 part=1 arm=17 k=4 scale_pct=25 age_ratio=16
[645610.850035] NVMeVirt: Init FTL instance with 2 channels (524288 pages)
[645610.850038] NVMeVirt: GC victim policy: cat-fig7-fixed ns=0 part=1 initial_k=4 initial_scale_pct=25 initial_age_ratio=16 warmup_gc=100
[645610.860456] NVMeVirt: [chmodel_init] bandwidth 800 max_credits 26 tx_time 152
[645610.871142] NVMeVirt: [chmodel_init] bandwidth 800 max_credits 26 tx_time 152
[645610.871158] NVMeVirt: [chmodel_init] bandwidth 3360 max_credits 110 tx_time 36
[645610.871160] NVMeVirt: Fixed CAT init ns=0 part=2 arm=17 k=4 scale_pct=25 age_ratio=16
[645610.872444] NVMeVirt: Init FTL instance with 2 channels (524288 pages)
[645610.872447] NVMeVirt: GC victim policy: cat-fig7-fixed ns=0 part=2 initial_k=4 initial_scale_pct=25 initial_age_ratio=16 warmup_gc=100
[645610.882890] NVMeVirt: [chmodel_init] bandwidth 800 max_credits 26 tx_time 152
[645610.893051] NVMeVirt: [chmodel_init] bandwidth 800 max_credits 26 tx_time 152
[645610.893065] NVMeVirt: [chmodel_init] bandwidth 3360 max_credits 110 tx_time 36
[645610.893067] NVMeVirt: Fixed CAT init ns=0 part=3 arm=17 k=4 scale_pct=25 age_ratio=16
[645610.894521] NVMeVirt: Init FTL instance with 2 channels (524288 pages)
[645610.894524] NVMeVirt: GC victim policy: cat-fig7-fixed ns=0 part=3 initial_k=4 initial_scale_pct=25 initial_age_ratio=16 warmup_gc=100
[645610.894530] NVMeVirt: FTL physical space: 8588886016, logical space: 8026996276 (physical/logical * 100 = 107)
[645610.894532] NVMeVirt: ns 0/1: size 7655 MiB
[645610.894583] PCI host bridge to bus 0001:10
[645610.894585] pci_bus 0001:10: root bus resource [io  0x0000-0xffff]
[645610.894587] pci_bus 0001:10: root bus resource [mem 0x00000000-0x7fffffffff]
[645610.894589] pci_bus 0001:10: root bus resource [bus 00-ff]
[645610.894611] pci 0001:10:00.0: [0c51:0110] type 00 class 0x010802 PCIe Endpoint
[645610.894615] pci 0001:10:00.0: BAR 0 [mem 0x100000000-0x100003fff 64bit]
[645610.894617] pci 0001:10:00.0: enabling Extended Tags
[645610.894738] NVMeVirt: Virtual PCI bus created (node 0)
[645610.895007] NVMeVirt: nvmev_io_worker_0 started on cpu 2 (node 0)
[645610.895142] NVMeVirt: nvmev_dispatcher started on cpu 1 (node 0)
[645610.895216] NVMeVirt: Virtual NVMe device created
[645610.896027] nvme nvme0: pci function 0001:10:00.0
[645610.899693] nvme nvme0: 8/0/0 default/read/poll queues
[645611.503731] EXT4-fs (nvme0n1): mounted filesystem 6e043d7d-5a03-4007-b399-681e34b25a06 r/w with ordered data mode. Quota mode: none.
[645693.741001] NVMeVirt: Fixed CAT init ns=0 part=0 arm=17 k=4 scale_pct=25 age_ratio=16
[645693.741008] NVMeVirt: Fixed CAT init ns=0 part=1 arm=17 k=4 scale_pct=25 age_ratio=16
[645693.741011] NVMeVirt: Fixed CAT init ns=0 part=2 arm=17 k=4 scale_pct=25 age_ratio=16
[645693.741014] NVMeVirt: Fixed CAT init ns=0 part=3 arm=17 k=4 scale_pct=25 age_ratio=16
[645693.741016] NVMeVirt: Measurement: command=start epoch=1 host_bytes=0 learner_active=1
[645693.748757] mix-mixA-arm17-3889677 phase=A START
[646294.076054] mix-mixA-arm17-3889677 phase=A END
[646294.084101] mix-mixA-arm17-3889677 phase=B START
[646294.095940] mix-mixA-arm17-3889677 phase=B LOAD
[646323.905963] mix-mixA-arm17-3889677 phase=B RUN
[646328.132140] tee (3890198): drop_caches: 3
[646332.871252] tee (3890205): drop_caches: 3
[646338.078869] tee (3890209): drop_caches: 3
[646343.224637] tee (3890213): drop_caches: 3
[646348.267694] tee (3890218): drop_caches: 3
[646353.368998] tee (3890222): drop_caches: 3
[646358.497666] tee (3890226): drop_caches: 3
[646363.375105] tee (3890231): drop_caches: 3
[646368.913744] tee (3890238): drop_caches: 3
[646374.024207] tee (3890242): drop_caches: 3
[646379.198888] tee (3890246): drop_caches: 3
[646384.327178] tee (3890250): drop_caches: 3
[646389.641668] tee (3890254): drop_caches: 3
[646394.869695] tee (3890260): drop_caches: 3
[646400.304602] tee (3890265): drop_caches: 3
[646405.422076] tee (3890275): drop_caches: 3
[646410.529490] tee (3890279): drop_caches: 3
[646415.534019] tee (3890283): drop_caches: 3
[646420.627796] tee (3890287): drop_caches: 3
[646425.721643] tee (3890292): drop_caches: 3
[646430.751874] tee (3890299): drop_caches: 3
[646435.578876] tee (3890303): drop_caches: 3
[646440.691396] tee (3890307): drop_caches: 3
[646445.819911] tee (3890311): drop_caches: 3
[646450.972057] tee (3890315): drop_caches: 3
[646456.129106] tee (3890319): drop_caches: 3
[646460.603551] tee (3890326): drop_caches: 3
[646465.722661] tee (3890330): drop_caches: 3
[646470.834424] tee (3890334): drop_caches: 3
[646476.270036] tee (3890344): drop_caches: 3
[646483.680725] tee (3890411): drop_caches: 3
[646490.105030] tee (3890416): drop_caches: 3
[646496.197118] tee (3890446): drop_caches: 3
[646501.649769] tee (3890455): drop_caches: 3
[646506.746841] tee (3890459): drop_caches: 3
[646511.848811] tee (3890463): drop_caches: 3
[646517.038597] tee (3890467): drop_caches: 3
[646522.118809] tee (3890473): drop_caches: 3
[646527.408870] tee (3890478): drop_caches: 3
[646532.457195] tee (3890482): drop_caches: 3
[646537.503485] tee (3890486): drop_caches: 3
[646542.655939] tee (3890491): drop_caches: 3
[646547.681594] tee (3890495): drop_caches: 3
[646552.729880] tee (3890500): drop_caches: 3
[646557.518267] tee (3890506): drop_caches: 3
[646562.729460] tee (3890510): drop_caches: 3
[646567.922938] tee (3890515): drop_caches: 3
[646572.946661] tee (3890519): drop_caches: 3
[646577.979724] tee (3890523): drop_caches: 3
[646583.090093] tee (3890527): drop_caches: 3
[646587.465221] tee (3890534): drop_caches: 3
[646592.748444] tee (3890538): drop_caches: 3
[646597.846158] tee (3890542): drop_caches: 3
[646602.988746] tee (3890546): drop_caches: 3
[646608.175157] tee (3890550): drop_caches: 3
[646613.363747] tee (3890554): drop_caches: 3
[646617.789195] tee (3890561): drop_caches: 3
[646623.080822] tee (3890565): drop_caches: 3
[646628.202828] tee (3890569): drop_caches: 3
[646634.299374] tee (3890602): drop_caches: 3
[646642.757964] tee (3890614): drop_caches: 3
[646647.500547] tee (3890629): drop_caches: 3
[646653.308413] tee (3890639): drop_caches: 3
[646658.623014] tee (3890643): drop_caches: 3
[646663.864005] tee (3890649): drop_caches: 3
[646668.931676] tee (3890653): drop_caches: 3
[646673.920607] tee (3890657): drop_caches: 3
[646679.166189] tee (3890665): drop_caches: 3
[646684.572584] tee (3890670): drop_caches: 3
[646689.734167] tee (3890674): drop_caches: 3
[646694.957130] tee (3890679): drop_caches: 3
[646700.144536] tee (3890683): drop_caches: 3
[646705.185187] tee (3890692): drop_caches: 3
[646710.448644] tee (3890698): drop_caches: 3
[646715.680873] tee (3890703): drop_caches: 3
[646720.797196] tee (3890707): drop_caches: 3
[646725.891104] tee (3890711): drop_caches: 3
[646731.968349] tee (3890728): drop_caches: 3
[646737.878554] tee (3890732): drop_caches: 3
[646742.284150] tee (3890739): drop_caches: 3
[646747.528463] tee (3890743): drop_caches: 3
[646752.692901] tee (3890749): drop_caches: 3
[646757.881117] tee (3890754): drop_caches: 3
[646763.468334] tee (3890762): drop_caches: 3
[646765.615329] mix-mixA-arm17-3889677 phase=B END
[646766.006204] NVMeVirt: Measurement: command=stop epoch=1 host_bytes=131176546304 learner_active=0
[646766.652236] EXT4-fs (nvme0n1): unmounting filesystem 6e043d7d-5a03-4007-b399-681e34b25a06.
[646767.071055] pci_bus 0001:10: busn_res: [bus 10-ff] is released
[646767.071112] NVMeVirt: GC stats: ns=0 policy=cat-fig7-fixed host_pages=32025524 gc_pages=23852586 gc_count=873096 WAF=1.744 warmup_gc=100-per-part
[646767.141528] NVMeVirt: Virtual NVMe device closed
