[647954.221595] mix-mixA-arm19-3892203 BEGIN
[647954.254693] NVMeVirt: Version 1.10 for >> Samsung 970 Pro SSD <<
[647954.254700] NVMeVirt: Storage: 0x100100000-0x300000000 (8191 MiB)
[647954.265733] NVMeVirt: Total Capacity(GiB,MiB)=2,2048 chs=2 luns=4 lines=8192 blk-size(MiB,KiB)=0,64 line-size(MiB,KiB)=0,256
[647954.276970] NVMeVirt: [chmodel_init] bandwidth 800 max_credits 26 tx_time 152
[647954.287887] NVMeVirt: [chmodel_init] bandwidth 800 max_credits 26 tx_time 152
[647954.287901] NVMeVirt: [chmodel_init] bandwidth 3360 max_credits 110 tx_time 36
[647954.287904] NVMeVirt: Fixed CAT init ns=0 part=0 arm=19 k=4 scale_pct=50 age_ratio=7
[647954.289142] NVMeVirt: pqueue: Copyright (c) 2014, Volkan Yazıcı <volkan.yazici@gmail.com>. All rights reserved.
[647954.289178] NVMeVirt: Init FTL instance with 2 channels (524288 pages)
[647954.289180] NVMeVirt: GC victim policy: cat-fig7-fixed ns=0 part=0 initial_k=4 initial_scale_pct=50 initial_age_ratio=7 warmup_gc=100
[647954.300134] NVMeVirt: [chmodel_init] bandwidth 800 max_credits 26 tx_time 152
[647954.310972] NVMeVirt: [chmodel_init] bandwidth 800 max_credits 26 tx_time 152
[647954.310986] NVMeVirt: [chmodel_init] bandwidth 3360 max_credits 110 tx_time 36
[647954.310988] NVMeVirt: Fixed CAT init ns=0 part=1 arm=19 k=4 scale_pct=50 age_ratio=7
[647954.312262] NVMeVirt: Init FTL instance with 2 channels (524288 pages)
[647954.312265] NVMeVirt: GC victim policy: cat-fig7-fixed ns=0 part=1 initial_k=4 initial_scale_pct=50 initial_age_ratio=7 warmup_gc=100
[647954.322858] NVMeVirt: [chmodel_init] bandwidth 800 max_credits 26 tx_time 152
[647954.333580] NVMeVirt: [chmodel_init] bandwidth 800 max_credits 26 tx_time 152
[647954.333594] NVMeVirt: [chmodel_init] bandwidth 3360 max_credits 110 tx_time 36
[647954.333596] NVMeVirt: Fixed CAT init ns=0 part=2 arm=19 k=4 scale_pct=50 age_ratio=7
[647954.334923] NVMeVirt: Init FTL instance with 2 channels (524288 pages)
[647954.334926] NVMeVirt: GC victim policy: cat-fig7-fixed ns=0 part=2 initial_k=4 initial_scale_pct=50 initial_age_ratio=7 warmup_gc=100
[647954.345599] NVMeVirt: [chmodel_init] bandwidth 800 max_credits 26 tx_time 152
[647954.356416] NVMeVirt: [chmodel_init] bandwidth 800 max_credits 26 tx_time 152
[647954.356430] NVMeVirt: [chmodel_init] bandwidth 3360 max_credits 110 tx_time 36
[647954.356432] NVMeVirt: Fixed CAT init ns=0 part=3 arm=19 k=4 scale_pct=50 age_ratio=7
[647954.357679] NVMeVirt: Init FTL instance with 2 channels (524288 pages)
[647954.357682] NVMeVirt: GC victim policy: cat-fig7-fixed ns=0 part=3 initial_k=4 initial_scale_pct=50 initial_age_ratio=7 warmup_gc=100
[647954.357689] NVMeVirt: FTL physical space: 8588886016, logical space: 8026996276 (physical/logical * 100 = 107)
[647954.357690] NVMeVirt: ns 0/1: size 7655 MiB
[647954.357748] PCI host bridge to bus 0001:10
[647954.357751] pci_bus 0001:10: root bus resource [io  0x0000-0xffff]
[647954.357755] pci_bus 0001:10: root bus resource [mem 0x00000000-0x7fffffffff]
[647954.357772] pci_bus 0001:10: root bus resource [bus 00-ff]
[647954.357782] pci 0001:10:00.0: [0c51:0110] type 00 class 0x010802 PCIe Endpoint
[647954.357787] pci 0001:10:00.0: BAR 0 [mem 0x100000000-0x100003fff 64bit]
[647954.357790] pci 0001:10:00.0: enabling Extended Tags
[647954.357994] NVMeVirt: Virtual PCI bus created (node 0)
[647954.358290] NVMeVirt: nvmev_io_worker_0 started on cpu 2 (node 0)
[647954.358332] NVMeVirt: nvmev_dispatcher started on cpu 1 (node 0)
[647954.358378] NVMeVirt: Virtual NVMe device created
[647954.358954] nvme nvme0: pci function 0001:10:00.0
[647954.361728] nvme nvme0: 8/0/0 default/read/poll queues
[647954.958320] EXT4-fs (nvme0n1): mounted filesystem f097d72c-f1ae-4dee-9bcb-72b5d327e38a r/w with ordered data mode. Quota mode: none.
[648037.120480] NVMeVirt: Fixed CAT init ns=0 part=0 arm=19 k=4 scale_pct=50 age_ratio=7
[648037.120487] NVMeVirt: Fixed CAT init ns=0 part=1 arm=19 k=4 scale_pct=50 age_ratio=7
[648037.120489] NVMeVirt: Fixed CAT init ns=0 part=2 arm=19 k=4 scale_pct=50 age_ratio=7
[648037.120492] NVMeVirt: Fixed CAT init ns=0 part=3 arm=19 k=4 scale_pct=50 age_ratio=7
[648037.120494] NVMeVirt: Measurement: command=start epoch=1 host_bytes=0 learner_active=1
[648037.128770] mix-mixA-arm19-3892203 phase=A START
[648637.448153] mix-mixA-arm19-3892203 phase=A END
[648637.456104] mix-mixA-arm19-3892203 phase=B START
[648637.467334] mix-mixA-arm19-3892203 phase=B LOAD
[648664.210508] mix-mixA-arm19-3892203 phase=B RUN
[648668.474238] tee (3892816): drop_caches: 3
[648674.217689] tee (3892820): drop_caches: 3
[648678.329384] tee (3892828): drop_caches: 3
[648683.551626] tee (3892834): drop_caches: 3
[648688.725494] tee (3892838): drop_caches: 3
[648694.380262] tee (3892843): drop_caches: 3
[648699.543694] tee (3892847): drop_caches: 3
[648704.698903] tee (3892851): drop_caches: 3
[648709.102833] tee (3892858): drop_caches: 3
[648714.419994] tee (3892863): drop_caches: 3
[648719.623478] tee (3892868): drop_caches: 3
[648724.792063] tee (3892872): drop_caches: 3
[648730.068613] tee (3892876): drop_caches: 3
[648735.114379] tee (3892880): drop_caches: 3
[648739.496857] tee (3892888): drop_caches: 3
[648744.742969] tee (3892892): drop_caches: 3
[648749.802698] tee (3892896): drop_caches: 3
[648754.985731] tee (3892900): drop_caches: 3
[648760.050979] tee (3892904): drop_caches: 3
[648765.215755] tee (3892908): drop_caches: 3
[648769.631247] tee (3892916): drop_caches: 3
[648774.814549] tee (3892921): drop_caches: 3
[648779.973627] tee (3892925): drop_caches: 3
[648785.023778] tee (3892930): drop_caches: 3
[648790.146121] tee (3892934): drop_caches: 3
[648795.222493] tee (3892938): drop_caches: 3
[648799.656007] tee (3892945): drop_caches: 3
[648805.225891] tee (3892956): drop_caches: 3
[648810.300512] tee (3892960): drop_caches: 3
[648815.407112] tee (3892965): drop_caches: 3
[648820.641608] tee (3892969): drop_caches: 3
[648825.729713] tee (3892973): drop_caches: 3
[648831.215575] tee (3892978): drop_caches: 3
[648836.808557] tee (3892986): drop_caches: 3
[648841.863360] tee (3892990): drop_caches: 3
[648847.386591] tee (3892995): drop_caches: 3
[648854.440668] tee (3893001): drop_caches: 3
[648859.648327] tee (3893005): drop_caches: 3
[648864.047327] tee (3893012): drop_caches: 3
[648869.630848] tee (3893016): drop_caches: 3
[648874.719714] tee (3893020): drop_caches: 3
[648879.907196] tee (3893051): drop_caches: 3
[648888.034158] tee (3893085): drop_caches: 3
[648897.327717] tee (3893135): drop_caches: 3
[648908.738758] tee (3893201): drop_caches: 3
[648918.982790] tee (3893255): drop_caches: 3
[648927.946040] tee (3893263): drop_caches: 3
[648933.090139] tee (3893270): drop_caches: 3
[648938.220751] tee (3893274): drop_caches: 3
[648943.305508] tee (3893278): drop_caches: 3
[648948.412894] tee (3893282): drop_caches: 3
[648953.497492] tee (3893287): drop_caches: 3
[648958.728977] tee (3893291): drop_caches: 3
[648963.429293] tee (3893299): drop_caches: 3
[648968.489251] tee (3893308): drop_caches: 3
[648973.595470] tee (3893312): drop_caches: 3
[648980.477850] tee (3893321): drop_caches: 3
[648984.646665] mix-mixA-arm19-3892203 phase=B END
[648985.046002] NVMeVirt: Measurement: command=stop epoch=1 host_bytes=131401834496 learner_active=0
[648988.265887] EXT4-fs (nvme0n1): unmounting filesystem f097d72c-f1ae-4dee-9bcb-72b5d327e38a.
[648988.726219] pci_bus 0001:10: busn_res: [bus 10-ff] is released
[648988.726311] NVMeVirt: GC stats: ns=0 policy=cat-fig7-fixed host_pages=32080526 gc_pages=27629903 gc_count=932977 WAF=1.861 warmup_gc=100-per-part
[648988.795984] NVMeVirt: Virtual NVMe device closed
