[1490717.835232] NVMeVirt: Version 1.10 for >> Samsung 970 Pro SSD <<
[1490717.835238] NVMeVirt: Storage: 0x100100000-0x300000000 (8191 MiB)
[1490717.846064] NVMeVirt: Total Capacity(GiB,MiB)=2,2048 chs=2 luns=4 lines=8192 blk-size(MiB,KiB)=0,64 line-size(MiB,KiB)=0,256
[1490717.856648] NVMeVirt: [chmodel_init] bandwidth 800 max_credits 26 tx_time 152
[1490717.867307] NVMeVirt: [chmodel_init] bandwidth 800 max_credits 26 tx_time 152
[1490717.867321] NVMeVirt: [chmodel_init] bandwidth 3360 max_credits 110 tx_time 36
[1490717.868291] NVMeVirt: pqueue: Copyright (c) 2014, Volkan Yazıcı <volkan.yazici@gmail.com>. All rights reserved.
[1490717.868329] NVMeVirt: Init FTL instance with 2 channels (524288 pages)
[1490717.868331] NVMeVirt: GC victim policy: greedy ns=0 part=0 initial_k=7 initial_scale_pct=100 initial_age_ratio=7 warmup_gc=100
[1490717.878595] NVMeVirt: [chmodel_init] bandwidth 800 max_credits 26 tx_time 152
[1490717.888966] NVMeVirt: [chmodel_init] bandwidth 800 max_credits 26 tx_time 152
[1490717.888983] NVMeVirt: [chmodel_init] bandwidth 3360 max_credits 110 tx_time 36
[1490717.890302] NVMeVirt: Init FTL instance with 2 channels (524288 pages)
[1490717.890307] NVMeVirt: GC victim policy: greedy ns=0 part=1 initial_k=7 initial_scale_pct=100 initial_age_ratio=7 warmup_gc=100
[1490717.900870] NVMeVirt: [chmodel_init] bandwidth 800 max_credits 26 tx_time 152
[1490717.911223] NVMeVirt: [chmodel_init] bandwidth 800 max_credits 26 tx_time 152
[1490717.911238] NVMeVirt: [chmodel_init] bandwidth 3360 max_credits 110 tx_time 36
[1490717.912189] NVMeVirt: Init FTL instance with 2 channels (524288 pages)
[1490717.912192] NVMeVirt: GC victim policy: greedy ns=0 part=2 initial_k=7 initial_scale_pct=100 initial_age_ratio=7 warmup_gc=100
[1490717.922674] NVMeVirt: [chmodel_init] bandwidth 800 max_credits 26 tx_time 152
[1490717.932977] NVMeVirt: [chmodel_init] bandwidth 800 max_credits 26 tx_time 152
[1490717.932991] NVMeVirt: [chmodel_init] bandwidth 3360 max_credits 110 tx_time 36
[1490717.933966] NVMeVirt: Init FTL instance with 2 channels (524288 pages)
[1490717.933969] NVMeVirt: GC victim policy: greedy ns=0 part=3 initial_k=7 initial_scale_pct=100 initial_age_ratio=7 warmup_gc=100
[1490717.933976] NVMeVirt: FTL physical space: 8588886016, logical space: 8026996276 (physical/logical * 100 = 107)
[1490717.933977] NVMeVirt: ns 0/1: size 7655 MiB
[1490717.934026] PCI host bridge to bus 0001:10
[1490717.934029] pci_bus 0001:10: root bus resource [io  0x0000-0xffff]
[1490717.934032] pci_bus 0001:10: root bus resource [mem 0x00000000-0x7fffffffff]
[1490717.934034] pci_bus 0001:10: root bus resource [bus 00-ff]
[1490717.934056] pci 0001:10:00.0: [0c51:0110] type 00 class 0x010802 PCIe Endpoint
[1490717.934060] pci 0001:10:00.0: BAR 0 [mem 0x100000000-0x100003fff 64bit]
[1490717.934062] pci 0001:10:00.0: enabling Extended Tags
[1490717.934187] NVMeVirt: Virtual PCI bus created (node 0)
[1490717.934476] NVMeVirt: nvmev_io_worker_0 started on cpu 2 (node 0)
[1490717.934507] NVMeVirt: nvmev_dispatcher started on cpu 1 (node 0)
[1490717.934568] NVMeVirt: Virtual NVMe device created
[1490717.934937] nvme nvme0: pci function 0001:10:00.0
[1490717.937109] nvme nvme0: 8/0/0 default/read/poll queues
[1490718.647099] EXT4-fs (nvme0n1): mounted filesystem 23196d78-a0f2-4d13-92b4-d901ffe39491 r/w with ordered data mode. Quota mode: none.
[1490725.492616] iCAT_FILEBENCH_MEASURE_START run=20260929-015033-1621677
[1490727.110015] tee (1621810): drop_caches: 3
[1490733.227091] tee (1621815): drop_caches: 3
[1490739.106008] tee (1621819): drop_caches: 3
[1490745.016842] tee (1621823): drop_caches: 3
[1490751.532265] tee (1621827): drop_caches: 3
[1490757.562566] tee (1621833): drop_caches: 3
[1490763.336127] tee (1621837): drop_caches: 3
[1490768.895301] tee (1621842): drop_caches: 3
[1490774.361326] tee (1621847): drop_caches: 3
[1490779.771429] tee (1621851): drop_caches: 3
[1490785.301432] tee (1621855): drop_caches: 3
[1490790.901323] tee (1621859): drop_caches: 3
[1490796.388147] tee (1621863): drop_caches: 3
[1490801.865083] tee (1621867): drop_caches: 3
[1490807.242443] tee (1621871): drop_caches: 3
[1490812.669697] tee (1621875): drop_caches: 3
[1490818.078038] tee (1621881): drop_caches: 3
[1490823.760347] tee (1621885): drop_caches: 3
[1490829.190818] tee (1621889): drop_caches: 3
[1490834.706975] tee (1621900): drop_caches: 3
[1490840.201581] tee (1621904): drop_caches: 3
[1490845.970331] tee (1621909): drop_caches: 3
[1490851.656072] tee (1621916): drop_caches: 3
[1490857.188808] tee (1621920): drop_caches: 3
[1490862.718551] tee (1621924): drop_caches: 3
[1490868.335429] tee (1621928): drop_caches: 3
[1490873.952823] tee (1621932): drop_caches: 3
[1490879.547533] tee (1621937): drop_caches: 3
[1490885.192651] tee (1621941): drop_caches: 3
[1490890.890625] tee (1621947): drop_caches: 3
[1490896.335428] tee (1621951): drop_caches: 3
[1490902.019866] tee (1621955): drop_caches: 3
[1490907.929389] tee (1621959): drop_caches: 3
[1490913.428855] tee (1621963): drop_caches: 3
[1490919.121084] tee (1621967): drop_caches: 3
[1490924.760263] tee (1621971): drop_caches: 3
[1490930.456835] tee (1621975): drop_caches: 3
[1490936.168911] tee (1621979): drop_caches: 3
[1490941.655320] tee (1621983): drop_caches: 3
[1490947.020143] tee (1621994): drop_caches: 3
[1490952.460634] tee (1621999): drop_caches: 3
[1490957.893511] tee (1622003): drop_caches: 3
[1490963.342331] tee (1622007): drop_caches: 3
[1490968.747205] tee (1622012): drop_caches: 3
[1490974.243710] tee (1622023): drop_caches: 3
[1490979.894104] tee (1622027): drop_caches: 3
[1490985.457797] tee (1622034): drop_caches: 3
[1490990.762999] tee (1622040): drop_caches: 3
[1490996.559383] tee (1622044): drop_caches: 3
[1491002.084911] tee (1622048): drop_caches: 3
[1491007.569747] tee (1622052): drop_caches: 3
[1491012.975256] tee (1622056): drop_caches: 3
[1491018.508919] tee (1622061): drop_caches: 3
[1491023.900872] tee (1622070): drop_caches: 3
[1491027.683832] iCAT_FILEBENCH_MEASURE_END run=20260929-015033-1621677
[1491029.185191] EXT4-fs (nvme0n1): unmounting filesystem 23196d78-a0f2-4d13-92b4-d901ffe39491.
[1491029.883449] pci_bus 0001:10: busn_res: [bus 10-ff] is released
[1491029.883494] NVMeVirt: GC stats: ns=0 policy=greedy host_pages=20155412 gc_pages=75981176 gc_count=1502127 WAF=4.769 warmup_gc=100-per-part
[1491029.959811] NVMeVirt: Virtual NVMe device closed
