[1493870.865693] NVMeVirt: Version 1.10 for >> Samsung 970 Pro SSD <<
[1493870.865701] NVMeVirt: Storage: 0x100100000-0x300000000 (8191 MiB)
[1493870.876604] NVMeVirt: Total Capacity(GiB,MiB)=2,2048 chs=2 luns=4 lines=8192 blk-size(MiB,KiB)=0,64 line-size(MiB,KiB)=0,256
[1493870.888065] NVMeVirt: [chmodel_init] bandwidth 800 max_credits 26 tx_time 152
[1493870.899267] NVMeVirt: [chmodel_init] bandwidth 800 max_credits 26 tx_time 152
[1493870.899283] NVMeVirt: [chmodel_init] bandwidth 3360 max_credits 110 tx_time 36
[1493870.899286] NVMeVirt: Fixed CAT init ns=0 part=0 arm=43 k=7 scale_pct=400 age_ratio=7
[1493870.900883] NVMeVirt: pqueue: Copyright (c) 2014, Volkan Yazıcı <volkan.yazici@gmail.com>. All rights reserved.
[1493870.900935] NVMeVirt: Init FTL instance with 2 channels (524288 pages)
[1493870.900938] NVMeVirt: GC victim policy: cat-fig7-fixed ns=0 part=0 initial_k=7 initial_scale_pct=400 initial_age_ratio=7 warmup_gc=100
[1493870.911997] NVMeVirt: [chmodel_init] bandwidth 800 max_credits 26 tx_time 152
[1493870.923046] NVMeVirt: [chmodel_init] bandwidth 800 max_credits 26 tx_time 152
[1493870.923059] NVMeVirt: [chmodel_init] bandwidth 3360 max_credits 110 tx_time 36
[1493870.923062] NVMeVirt: Fixed CAT init ns=0 part=1 arm=43 k=7 scale_pct=400 age_ratio=7
[1493870.924394] NVMeVirt: Init FTL instance with 2 channels (524288 pages)
[1493870.924396] NVMeVirt: GC victim policy: cat-fig7-fixed ns=0 part=1 initial_k=7 initial_scale_pct=400 initial_age_ratio=7 warmup_gc=100
[1493870.935640] NVMeVirt: [chmodel_init] bandwidth 800 max_credits 26 tx_time 152
[1493870.946775] NVMeVirt: [chmodel_init] bandwidth 800 max_credits 26 tx_time 152
[1493870.946789] NVMeVirt: [chmodel_init] bandwidth 3360 max_credits 110 tx_time 36
[1493870.946791] NVMeVirt: Fixed CAT init ns=0 part=2 arm=43 k=7 scale_pct=400 age_ratio=7
[1493870.948035] NVMeVirt: Init FTL instance with 2 channels (524288 pages)
[1493870.948037] NVMeVirt: GC victim policy: cat-fig7-fixed ns=0 part=2 initial_k=7 initial_scale_pct=400 initial_age_ratio=7 warmup_gc=100
[1493870.958969] NVMeVirt: [chmodel_init] bandwidth 800 max_credits 26 tx_time 152
[1493870.969979] NVMeVirt: [chmodel_init] bandwidth 800 max_credits 26 tx_time 152
[1493870.969994] NVMeVirt: [chmodel_init] bandwidth 3360 max_credits 110 tx_time 36
[1493870.969997] NVMeVirt: Fixed CAT init ns=0 part=3 arm=43 k=7 scale_pct=400 age_ratio=7
[1493870.971348] NVMeVirt: Init FTL instance with 2 channels (524288 pages)
[1493870.971351] NVMeVirt: GC victim policy: cat-fig7-fixed ns=0 part=3 initial_k=7 initial_scale_pct=400 initial_age_ratio=7 warmup_gc=100
[1493870.971357] NVMeVirt: FTL physical space: 8588886016, logical space: 8026996276 (physical/logical * 100 = 107)
[1493870.971359] NVMeVirt: ns 0/1: size 7655 MiB
[1493870.971416] PCI host bridge to bus 0001:10
[1493870.971419] pci_bus 0001:10: root bus resource [io  0x0000-0xffff]
[1493870.971421] pci_bus 0001:10: root bus resource [mem 0x00000000-0x7fffffffff]
[1493870.971424] pci_bus 0001:10: root bus resource [bus 00-ff]
[1493870.971432] pci 0001:10:00.0: [0c51:0110] type 00 class 0x010802 PCIe Endpoint
[1493870.971436] pci 0001:10:00.0: BAR 0 [mem 0x100000000-0x100003fff 64bit]
[1493870.971439] pci 0001:10:00.0: enabling Extended Tags
[1493870.971579] NVMeVirt: Virtual PCI bus created (node 0)
[1493870.971878] NVMeVirt: nvmev_io_worker_0 started on cpu 2 (node 0)
[1493870.971954] NVMeVirt: Virtual NVMe device created
[1493870.972723] NVMeVirt: nvmev_dispatcher started on cpu 1 (node 0)
[1493870.972900] nvme nvme0: pci function 0001:10:00.0
[1493870.975729] nvme nvme0: 8/0/0 default/read/poll queues
[1493871.939569] EXT4-fs (nvme0n1): mounted filesystem ae126cf9-0549-4649-8614-31f6760b3322 r/w with ordered data mode. Quota mode: none.
[1493878.364120] iCAT_FILEBENCH_MEASURE_START run=20260929-024305-1626966
[1493880.160444] tee (1627098): drop_caches: 3
[1493886.294463] tee (1627102): drop_caches: 3
[1493892.030052] tee (1627106): drop_caches: 3
[1493897.769184] tee (1627110): drop_caches: 3
[1493903.483004] tee (1627121): drop_caches: 3
[1493909.051147] tee (1627125): drop_caches: 3
[1493914.754397] tee (1627129): drop_caches: 3
[1493921.125133] tee (1627135): drop_caches: 3
[1493926.930507] tee (1627139): drop_caches: 3
[1493932.394756] tee (1627150): drop_caches: 3
[1493937.640921] tee (1627154): drop_caches: 3
[1493942.883883] tee (1627158): drop_caches: 3
[1493948.220643] tee (1627162): drop_caches: 3
[1493953.572250] tee (1627166): drop_caches: 3
[1493958.887004] tee (1627170): drop_caches: 3
[1493964.308967] tee (1627182): drop_caches: 3
[1493969.708633] tee (1627186): drop_caches: 3
[1493975.050667] tee (1627190): drop_caches: 3
[1493980.242701] tee (1627194): drop_caches: 3
[1493985.686366] tee (1627198): drop_caches: 3
[1493990.711345] tee (1627212): drop_caches: 3
[1493995.986072] tee (1627216): drop_caches: 3
[1494001.397642] tee (1627220): drop_caches: 3
[1494006.733335] tee (1627224): drop_caches: 3
[1494011.972401] tee (1627228): drop_caches: 3
[1494017.099597] tee (1627232): drop_caches: 3
[1494022.353274] tee (1627236): drop_caches: 3
[1494027.724240] tee (1627240): drop_caches: 3
[1494033.541465] tee (1627245): drop_caches: 3
[1494038.868423] tee (1627249): drop_caches: 3
[1494044.248816] tee (1627253): drop_caches: 3
[1494049.606034] tee (1627264): drop_caches: 3
[1494054.970753] tee (1627268): drop_caches: 3
[1494060.464026] tee (1627273): drop_caches: 3
[1494066.084144] tee (1627277): drop_caches: 3
[1494071.641993] tee (1627281): drop_caches: 3
[1494077.165814] tee (1627285): drop_caches: 3
[1494082.538971] tee (1627296): drop_caches: 3
[1494088.248264] tee (1627300): drop_caches: 3
[1494094.165250] tee (1627304): drop_caches: 3
[1494099.621358] tee (1627308): drop_caches: 3
[1494105.250797] tee (1627313): drop_caches: 3
[1494110.709419] tee (1627317): drop_caches: 3
[1494116.754023] tee (1627321): drop_caches: 3
[1494122.197092] tee (1627325): drop_caches: 3
[1494127.483306] tee (1627329): drop_caches: 3
[1494132.722371] tee (1627333): drop_caches: 3
[1494137.965262] tee (1627337): drop_caches: 3
[1494143.372849] tee (1627348): drop_caches: 3
[1494148.746612] tee (1627352): drop_caches: 3
[1494153.949981] tee (1627356): drop_caches: 3
[1494159.114463] tee (1627360): drop_caches: 3
[1494164.384605] tee (1627364): drop_caches: 3
[1494169.966913] tee (1627375): drop_caches: 3
[1494175.188431] tee (1627384): drop_caches: 3
[1494180.259136] iCAT_FILEBENCH_MEASURE_END run=20260929-024305-1626966
[1494180.428826] tee (1627395): drop_caches: 3
[1494182.531817] EXT4-fs (nvme0n1): unmounting filesystem ae126cf9-0549-4649-8614-31f6760b3322.
[1494182.934855] pci_bus 0001:10: busn_res: [bus 10-ff] is released
[1494182.934900] NVMeVirt: GC stats: ns=0 policy=cat-fig7-fixed host_pages=19486190 gc_pages=75029737 gc_count=1476803 WAF=4.850 warmup_gc=100-per-part
[1494183.011885] NVMeVirt: Virtual NVMe device closed
