[1493240.327716] NVMeVirt: Version 1.10 for >> Samsung 970 Pro SSD <<
[1493240.327722] NVMeVirt: Storage: 0x100100000-0x300000000 (8191 MiB)
[1493240.338421] NVMeVirt: Total Capacity(GiB,MiB)=2,2048 chs=2 luns=4 lines=8192 blk-size(MiB,KiB)=0,64 line-size(MiB,KiB)=0,256
[1493240.350878] NVMeVirt: [chmodel_init] bandwidth 800 max_credits 26 tx_time 152
[1493240.361836] NVMeVirt: [chmodel_init] bandwidth 800 max_credits 26 tx_time 152
[1493240.361851] NVMeVirt: [chmodel_init] bandwidth 3360 max_credits 110 tx_time 36
[1493240.361853] NVMeVirt: Fixed CAT init ns=0 part=0 arm=37 k=7 scale_pct=100 age_ratio=7
[1493240.363101] NVMeVirt: pqueue: Copyright (c) 2014, Volkan Yazıcı <volkan.yazici@gmail.com>. All rights reserved.
[1493240.363140] NVMeVirt: Init FTL instance with 2 channels (524288 pages)
[1493240.363141] NVMeVirt: GC victim policy: cat-fig7-fixed ns=0 part=0 initial_k=7 initial_scale_pct=100 initial_age_ratio=7 warmup_gc=100
[1493240.374021] NVMeVirt: [chmodel_init] bandwidth 800 max_credits 26 tx_time 152
[1493240.385044] NVMeVirt: [chmodel_init] bandwidth 800 max_credits 26 tx_time 152
[1493240.385059] NVMeVirt: [chmodel_init] bandwidth 3360 max_credits 110 tx_time 36
[1493240.385062] NVMeVirt: Fixed CAT init ns=0 part=1 arm=37 k=7 scale_pct=100 age_ratio=7
[1493240.386331] NVMeVirt: Init FTL instance with 2 channels (524288 pages)
[1493240.386334] NVMeVirt: GC victim policy: cat-fig7-fixed ns=0 part=1 initial_k=7 initial_scale_pct=100 initial_age_ratio=7 warmup_gc=100
[1493240.397139] NVMeVirt: [chmodel_init] bandwidth 800 max_credits 26 tx_time 152
[1493240.407945] NVMeVirt: [chmodel_init] bandwidth 800 max_credits 26 tx_time 152
[1493240.407965] NVMeVirt: [chmodel_init] bandwidth 3360 max_credits 110 tx_time 36
[1493240.407968] NVMeVirt: Fixed CAT init ns=0 part=2 arm=37 k=7 scale_pct=100 age_ratio=7
[1493240.409580] NVMeVirt: Init FTL instance with 2 channels (524288 pages)
[1493240.409584] NVMeVirt: GC victim policy: cat-fig7-fixed ns=0 part=2 initial_k=7 initial_scale_pct=100 initial_age_ratio=7 warmup_gc=100
[1493240.420373] NVMeVirt: [chmodel_init] bandwidth 800 max_credits 26 tx_time 152
[1493240.431043] NVMeVirt: [chmodel_init] bandwidth 800 max_credits 26 tx_time 152
[1493240.431057] NVMeVirt: [chmodel_init] bandwidth 3360 max_credits 110 tx_time 36
[1493240.431059] NVMeVirt: Fixed CAT init ns=0 part=3 arm=37 k=7 scale_pct=100 age_ratio=7
[1493240.432496] NVMeVirt: Init FTL instance with 2 channels (524288 pages)
[1493240.432499] NVMeVirt: GC victim policy: cat-fig7-fixed ns=0 part=3 initial_k=7 initial_scale_pct=100 initial_age_ratio=7 warmup_gc=100
[1493240.432518] NVMeVirt: FTL physical space: 8588886016, logical space: 8026996276 (physical/logical * 100 = 107)
[1493240.432519] NVMeVirt: ns 0/1: size 7655 MiB
[1493240.432583] PCI host bridge to bus 0001:10
[1493240.432585] pci_bus 0001:10: root bus resource [io  0x0000-0xffff]
[1493240.432588] pci_bus 0001:10: root bus resource [mem 0x00000000-0x7fffffffff]
[1493240.432590] pci_bus 0001:10: root bus resource [bus 00-ff]
[1493240.432597] pci 0001:10:00.0: [0c51:0110] type 00 class 0x010802 PCIe Endpoint
[1493240.432601] pci 0001:10:00.0: BAR 0 [mem 0x100000000-0x100003fff 64bit]
[1493240.432604] pci 0001:10:00.0: enabling Extended Tags
[1493240.432724] NVMeVirt: Virtual PCI bus created (node 0)
[1493240.433088] NVMeVirt: nvmev_dispatcher started on cpu 1 (node 0)
[1493240.433102] NVMeVirt: Virtual NVMe device created
[1493240.433241] NVMeVirt: nvmev_io_worker_0 started on cpu 2 (node 0)
[1493240.433333] nvme nvme0: pci function 0001:10:00.0
[1493240.435059] nvme nvme0: 8/0/0 default/read/poll queues
[1493241.298707] EXT4-fs (nvme0n1): mounted filesystem d9b4b912-98a3-42a6-86ad-7afcc0d4f521 r/w with ordered data mode. Quota mode: none.
[1493248.144538] iCAT_FILEBENCH_MEASURE_START run=20260929-023235-1625933
[1493249.460300] tee (1626056): drop_caches: 3
[1493255.490936] tee (1626060): drop_caches: 3
[1493261.227820] tee (1626065): drop_caches: 3
[1493266.954233] tee (1626069): drop_caches: 3
[1493272.690940] tee (1626080): drop_caches: 3
[1493278.320136] tee (1626084): drop_caches: 3
[1493284.146317] tee (1626088): drop_caches: 3
[1493289.948532] tee (1626092): drop_caches: 3
[1493295.518136] tee (1626096): drop_caches: 3
[1493300.809823] tee (1626108): drop_caches: 3
[1493306.270101] tee (1626112): drop_caches: 3
[1493311.732830] tee (1626118): drop_caches: 3
[1493317.112510] tee (1626122): drop_caches: 3
[1493322.624942] tee (1626126): drop_caches: 3
[1493327.932174] tee (1626130): drop_caches: 3
[1493333.207998] tee (1626134): drop_caches: 3
[1493338.552864] tee (1626138): drop_caches: 3
[1493344.035824] tee (1626142): drop_caches: 3
[1493349.375853] tee (1626146): drop_caches: 3
[1493354.935343] tee (1626150): drop_caches: 3
[1493360.318106] tee (1626161): drop_caches: 3
[1493365.693674] tee (1626166): drop_caches: 3
[1493371.012404] tee (1626170): drop_caches: 3
[1493376.319208] tee (1626174): drop_caches: 3
[1493381.905399] tee (1626178): drop_caches: 3
[1493387.606943] tee (1626185): drop_caches: 3
[1493392.681358] tee (1626196): drop_caches: 3
[1493398.168832] tee (1626200): drop_caches: 3
[1493403.609126] tee (1626204): drop_caches: 3
[1493408.981424] tee (1626208): drop_caches: 3
[1493414.432174] tee (1626212): drop_caches: 3
[1493419.667769] tee (1626216): drop_caches: 3
[1493424.948725] tee (1626220): drop_caches: 3
[1493430.228641] tee (1626224): drop_caches: 3
[1493435.675490] tee (1626228): drop_caches: 3
[1493440.995250] tee (1626232): drop_caches: 3
[1493446.362283] tee (1626236): drop_caches: 3
[1493451.607970] tee (1626247): drop_caches: 3
[1493456.896471] tee (1626251): drop_caches: 3
[1493462.117163] tee (1626256): drop_caches: 3
[1493467.529931] tee (1626260): drop_caches: 3
[1493472.800323] tee (1626264): drop_caches: 3
[1493478.165871] tee (1626268): drop_caches: 3
[1493483.370483] tee (1626279): drop_caches: 3
[1493488.609352] tee (1626283): drop_caches: 3
[1493493.897995] tee (1626287): drop_caches: 3
[1493499.205346] tee (1626291): drop_caches: 3
[1493504.943359] tee (1626295): drop_caches: 3
[1493510.387370] tee (1626306): drop_caches: 3
[1493515.778967] tee (1626310): drop_caches: 3
[1493521.016768] tee (1626314): drop_caches: 3
[1493526.296031] tee (1626318): drop_caches: 3
[1493531.643851] tee (1626322): drop_caches: 3
[1493537.423235] tee (1626326): drop_caches: 3
[1493542.703541] tee (1626337): drop_caches: 3
[1493548.057596] tee (1626352): drop_caches: 3
[1493550.035759] iCAT_FILEBENCH_MEASURE_END run=20260929-023235-1625933
[1493552.885998] EXT4-fs (nvme0n1): unmounting filesystem d9b4b912-98a3-42a6-86ad-7afcc0d4f521.
[1493553.216746] pci_bus 0001:10: busn_res: [bus 10-ff] is released
[1493553.216812] NVMeVirt: GC stats: ns=0 policy=cat-fig7-fixed host_pages=20190180 gc_pages=72442414 gc_count=1447376 WAF=4.588 warmup_gc=100-per-part
[1493553.289396] NVMeVirt: Virtual NVMe device closed
