[260651.293350] NVMeVirt: Version 1.10 for >> Samsung 970 Pro SSD <<
[260651.293356] NVMeVirt: Storage: 0x100100000-0x300000000 (8191 MiB)
[260651.303834] NVMeVirt: Total Capacity(GiB,MiB)=2,2048 chs=2 luns=4 lines=8192 blk-size(MiB,KiB)=0,64 line-size(MiB,KiB)=0,256
[260651.314431] NVMeVirt: [chmodel_init] bandwidth 800 max_credits 26 tx_time 152
[260651.324938] NVMeVirt: [chmodel_init] bandwidth 800 max_credits 26 tx_time 152
[260651.324954] NVMeVirt: [chmodel_init] bandwidth 3360 max_credits 110 tx_time 36
[260651.325958] NVMeVirt: pqueue: Copyright (c) 2014, Volkan Yazıcı <volkan.yazici@gmail.com>. All rights reserved.
[260651.325997] NVMeVirt: Init FTL instance with 2 channels (524288 pages)
[260651.325999] NVMeVirt: GC victim policy: cat-fig7-fixed ns=0 part=0 initial_k=7 initial_scale_pct=100 initial_age_ratio=7 warmup_gc=100
[260651.336942] NVMeVirt: [chmodel_init] bandwidth 800 max_credits 26 tx_time 152
[260651.347572] NVMeVirt: [chmodel_init] bandwidth 800 max_credits 26 tx_time 152
[260651.347586] NVMeVirt: [chmodel_init] bandwidth 3360 max_credits 110 tx_time 36
[260651.348640] NVMeVirt: Init FTL instance with 2 channels (524288 pages)
[260651.348642] NVMeVirt: GC victim policy: cat-fig7-fixed ns=0 part=1 initial_k=7 initial_scale_pct=100 initial_age_ratio=7 warmup_gc=100
[260651.359118] NVMeVirt: [chmodel_init] bandwidth 800 max_credits 26 tx_time 152
[260651.369510] NVMeVirt: [chmodel_init] bandwidth 800 max_credits 26 tx_time 152
[260651.369523] NVMeVirt: [chmodel_init] bandwidth 3360 max_credits 110 tx_time 36
[260651.370514] NVMeVirt: Init FTL instance with 2 channels (524288 pages)
[260651.370516] NVMeVirt: GC victim policy: cat-fig7-fixed ns=0 part=2 initial_k=7 initial_scale_pct=100 initial_age_ratio=7 warmup_gc=100
[260651.380728] NVMeVirt: [chmodel_init] bandwidth 800 max_credits 26 tx_time 152
[260651.390945] NVMeVirt: [chmodel_init] bandwidth 800 max_credits 26 tx_time 152
[260651.390958] NVMeVirt: [chmodel_init] bandwidth 3360 max_credits 110 tx_time 36
[260651.391943] NVMeVirt: Init FTL instance with 2 channels (524288 pages)
[260651.391945] NVMeVirt: GC victim policy: cat-fig7-fixed ns=0 part=3 initial_k=7 initial_scale_pct=100 initial_age_ratio=7 warmup_gc=100
[260651.391951] NVMeVirt: FTL physical space: 8588886016, logical space: 8026996276 (physical/logical * 100 = 107)
[260651.391953] NVMeVirt: ns 0/1: size 7655 MiB
[260651.392002] PCI host bridge to bus 0001:10
[260651.392004] pci_bus 0001:10: root bus resource [io  0x0000-0xffff]
[260651.392007] pci_bus 0001:10: root bus resource [mem 0x00000000-0x7fffffffff]
[260651.392009] pci_bus 0001:10: root bus resource [bus 00-ff]
[260651.392015] pci 0001:10:00.0: [0c51:0110] type 00 class 0x010802 PCIe Endpoint
[260651.392041] pci 0001:10:00.0: BAR 0 [mem 0x100000000-0x100003fff 64bit]
[260651.392044] pci 0001:10:00.0: enabling Extended Tags
[260651.392217] NVMeVirt: Virtual PCI bus created (node 0)
[260651.392552] NVMeVirt: nvmev_dispatcher started on cpu 1 (node 0)
[260651.392598] NVMeVirt: Virtual NVMe device created
[260651.392686] NVMeVirt: nvmev_io_worker_0 started on cpu 2 (node 0)
[260651.392765] nvme nvme0: pci function 0001:10:00.0
[260651.396484] nvme nvme0: 8/0/0 default/read/poll queues
[260652.331537] EXT4-fs (nvme0n1): mounted filesystem e24fb5d6-6968-4f7a-9926-b16ebe02eda7 r/w with ordered data mode. Quota mode: none.
[260658.832426] iCAT_FILEBENCH_MEASURE_START run=20260914-200942-314809
[260660.480881] tee (314936): drop_caches: 3
[260666.451515] tee (314942): drop_caches: 3
[260672.565617] tee (314963): drop_caches: 3
[260679.898266] tee (315018): drop_caches: 3
[260686.204556] tee (315060): drop_caches: 3
[260691.845846] tee (315064): drop_caches: 3
[260697.277175] tee (315069): drop_caches: 3
[260702.566665] tee (315073): drop_caches: 3
[260707.812971] tee (315079): drop_caches: 3
[260713.038192] tee (315083): drop_caches: 3
[260718.257362] tee (315087): drop_caches: 3
[260723.443968] tee (315091): drop_caches: 3
[260728.896461] tee (315097): drop_caches: 3
[260734.305857] tee (315101): drop_caches: 3
[260739.586871] tee (315105): drop_caches: 3
[260745.030118] tee (315111): drop_caches: 3
[260750.415357] tee (315119): drop_caches: 3
[260755.643706] tee (315123): drop_caches: 3
[260760.888983] tee (315127): drop_caches: 3
[260766.286674] tee (315133): drop_caches: 3
[260771.760493] tee (315139): drop_caches: 3
[260777.046529] tee (315143): drop_caches: 3
[260782.152645] tee (315147): drop_caches: 3
[260787.407231] tee (315153): drop_caches: 3
[260792.927020] tee (315157): drop_caches: 3
[260798.048117] tee (315161): drop_caches: 3
[260803.248533] tee (315165): drop_caches: 3
[260808.716917] tee (315175): drop_caches: 3
[260813.709491] tee (315179): drop_caches: 3
[260818.792736] tee (315183): drop_caches: 3
[260824.210387] tee (315187): drop_caches: 3
[260829.678629] tee (315193): drop_caches: 3
[260834.925956] tee (315197): drop_caches: 3
[260840.130592] tee (315201): drop_caches: 3
[260845.441881] tee (315205): drop_caches: 3
[260850.736533] tee (315211): drop_caches: 3
[260855.985960] tee (315215): drop_caches: 3
[260861.177456] tee (315219): drop_caches: 3
[260866.755881] tee (315229): drop_caches: 3
[260872.189566] tee (315233): drop_caches: 3
[260877.333656] tee (315237): drop_caches: 3
[260882.489480] tee (315241): drop_caches: 3
[260887.757419] tee (315247): drop_caches: 3
[260893.100924] tee (315251): drop_caches: 3
[260898.508094] tee (315255): drop_caches: 3
[260903.663012] tee (315259): drop_caches: 3
[260909.073836] tee (315265): drop_caches: 3
[260914.230111] tee (315269): drop_caches: 3
[260919.422138] tee (315273): drop_caches: 3
[260924.897885] tee (315277): drop_caches: 3
[260930.239465] tee (315287): drop_caches: 3
[260935.829946] tee (315291): drop_caches: 3
[260941.097147] tee (315295): drop_caches: 3
[260946.339720] tee (315299): drop_caches: 3
[260951.578477] tee (315305): drop_caches: 3
[260956.838316] tee (315314): drop_caches: 3
[260960.709921] iCAT_FILEBENCH_MEASURE_END run=20260914-200942-314809
[260961.907500] EXT4-fs (nvme0n1): unmounting filesystem e24fb5d6-6968-4f7a-9926-b16ebe02eda7.
[260962.279543] pci_bus 0001:10: busn_res: [bus 10-ff] is released
[260962.279589] NVMeVirt: GC stats: ns=0 policy=cat-fig7-fixed host_pages=20445771 gc_pages=73701461 gc_count=1471043 WAF=4.604 warmup_gc=100-per-part
[260962.351576] NVMeVirt: Virtual NVMe device closed
