[287221.354812] NVMeVirt: Version 1.10 for >> Samsung 970 Pro SSD <<
[287221.354818] NVMeVirt: Storage: 0x100100000-0x300000000 (8191 MiB)
[287221.365378] NVMeVirt: Total Capacity(GiB,MiB)=2,2048 chs=2 luns=4 lines=8192 blk-size(MiB,KiB)=0,64 line-size(MiB,KiB)=0,256
[287221.375543] NVMeVirt: [chmodel_init] bandwidth 800 max_credits 26 tx_time 152
[287221.385908] NVMeVirt: [chmodel_init] bandwidth 800 max_credits 26 tx_time 152
[287221.385923] NVMeVirt: [chmodel_init] bandwidth 3360 max_credits 110 tx_time 36
[287221.385925] NVMeVirt: Fixed CAT init ns=0 part=0 arm=50 k=10 scale_pct=50 age_ratio=16
[287221.386992] NVMeVirt: pqueue: Copyright (c) 2014, Volkan Yazıcı <volkan.yazici@gmail.com>. All rights reserved.
[287221.387028] NVMeVirt: Init FTL instance with 2 channels (524288 pages)
[287221.387030] NVMeVirt: GC victim policy: cat-fig7-fixed ns=0 part=0 initial_k=10 initial_scale_pct=50 initial_age_ratio=16 warmup_gc=100
[287221.397270] NVMeVirt: [chmodel_init] bandwidth 800 max_credits 26 tx_time 152
[287221.407761] NVMeVirt: [chmodel_init] bandwidth 800 max_credits 26 tx_time 152
[287221.407776] NVMeVirt: [chmodel_init] bandwidth 3360 max_credits 110 tx_time 36
[287221.407778] NVMeVirt: Fixed CAT init ns=0 part=1 arm=50 k=10 scale_pct=50 age_ratio=16
[287221.408742] NVMeVirt: Init FTL instance with 2 channels (524288 pages)
[287221.408745] NVMeVirt: GC victim policy: cat-fig7-fixed ns=0 part=1 initial_k=10 initial_scale_pct=50 initial_age_ratio=16 warmup_gc=100
[287221.418944] NVMeVirt: [chmodel_init] bandwidth 800 max_credits 26 tx_time 152
[287221.429387] NVMeVirt: [chmodel_init] bandwidth 800 max_credits 26 tx_time 152
[287221.429402] NVMeVirt: [chmodel_init] bandwidth 3360 max_credits 110 tx_time 36
[287221.429404] NVMeVirt: Fixed CAT init ns=0 part=2 arm=50 k=10 scale_pct=50 age_ratio=16
[287221.430308] NVMeVirt: Init FTL instance with 2 channels (524288 pages)
[287221.430311] NVMeVirt: GC victim policy: cat-fig7-fixed ns=0 part=2 initial_k=10 initial_scale_pct=50 initial_age_ratio=16 warmup_gc=100
[287221.440500] NVMeVirt: [chmodel_init] bandwidth 800 max_credits 26 tx_time 152
[287221.450552] NVMeVirt: [chmodel_init] bandwidth 800 max_credits 26 tx_time 152
[287221.450566] NVMeVirt: [chmodel_init] bandwidth 3360 max_credits 110 tx_time 36
[287221.450568] NVMeVirt: Fixed CAT init ns=0 part=3 arm=50 k=10 scale_pct=50 age_ratio=16
[287221.451493] NVMeVirt: Init FTL instance with 2 channels (524288 pages)
[287221.451495] NVMeVirt: GC victim policy: cat-fig7-fixed ns=0 part=3 initial_k=10 initial_scale_pct=50 initial_age_ratio=16 warmup_gc=100
[287221.451502] NVMeVirt: FTL physical space: 8588886016, logical space: 8026996276 (physical/logical * 100 = 107)
[287221.451503] NVMeVirt: ns 0/1: size 7655 MiB
[287221.451552] PCI host bridge to bus 0001:10
[287221.451554] pci_bus 0001:10: root bus resource [io  0x0000-0xffff]
[287221.451557] pci_bus 0001:10: root bus resource [mem 0x00000000-0x7fffffffff]
[287221.451560] pci_bus 0001:10: root bus resource [bus 00-ff]
[287221.451567] pci 0001:10:00.0: [0c51:0110] type 00 class 0x010802 PCIe Endpoint
[287221.451571] pci 0001:10:00.0: BAR 0 [mem 0x100000000-0x100003fff 64bit]
[287221.451573] pci 0001:10:00.0: enabling Extended Tags
[287221.451727] NVMeVirt: Virtual PCI bus created (node 0)
[287221.452000] NVMeVirt: nvmev_io_worker_0 started on cpu 2 (node 0)
[287221.452064] NVMeVirt: Virtual NVMe device created
[287221.452087] NVMeVirt: nvmev_dispatcher started on cpu 1 (node 0)
[287221.452281] nvme nvme0: pci function 0001:10:00.0
[287221.454929] nvme nvme0: 8/0/0 default/read/poll queues
[287222.295881] EXT4-fs (nvme0n1): mounted filesystem 6b748702-9b5a-4084-8471-a218e5d7d5bc r/w with ordered data mode. Quota mode: none.
[287228.709141] iCAT_FILEBENCH_MEASURE_START run=20260915-033232-677333
[287230.408390] tee (677459): drop_caches: 3
[287236.778562] tee (677465): drop_caches: 3
[287242.658465] tee (677469): drop_caches: 3
[287249.089115] tee (677477): drop_caches: 3
[287255.794158] tee (677495): drop_caches: 3
[287262.241552] tee (677504): drop_caches: 3
[287268.633104] tee (677511): drop_caches: 3
[287274.260728] tee (677516): drop_caches: 3
[287280.777119] tee (677521): drop_caches: 3
[287286.706963] tee (677525): drop_caches: 3
[287292.436349] tee (677531): drop_caches: 3
[287299.481972] tee (677551): drop_caches: 3
[287304.988481] tee (677555): drop_caches: 3
[287310.625333] tee (677561): drop_caches: 3
[287316.608980] tee (677566): drop_caches: 3
[287322.278255] tee (677572): drop_caches: 3
[287328.292291] tee (677576): drop_caches: 3
[287333.871914] tee (677582): drop_caches: 3
[287339.318005] tee (677586): drop_caches: 3
[287344.982320] tee (677590): drop_caches: 3
[287350.769928] tee (677596): drop_caches: 3
[287356.226385] tee (677602): drop_caches: 3
[287361.810360] tee (677607): drop_caches: 3
[287367.468263] tee (677612): drop_caches: 3
[287372.678656] tee (677622): drop_caches: 3
[287378.588736] tee (677628): drop_caches: 3
[287384.450822] tee (677632): drop_caches: 3
[287390.283317] tee (677637): drop_caches: 3
[287395.900835] tee (677643): drop_caches: 3
[287401.745585] tee (677647): drop_caches: 3
[287407.268417] tee (677651): drop_caches: 3
[287413.013877] tee (677657): drop_caches: 3
[287418.543803] tee (677663): drop_caches: 3
[287424.159321] tee (677667): drop_caches: 3
[287429.685099] tee (677671): drop_caches: 3
[287435.271308] tee (677677): drop_caches: 3
[287440.875522] tee (677683): drop_caches: 3
[287446.554494] tee (677689): drop_caches: 3
[287453.380609] tee (677696): drop_caches: 3
[287458.979972] tee (677700): drop_caches: 3
[287464.556336] tee (677704): drop_caches: 3
[287470.223368] tee (677708): drop_caches: 3
[287475.831497] tee (677717): drop_caches: 3
[287481.474448] tee (677721): drop_caches: 3
[287487.411686] tee (677734): drop_caches: 3
[287493.851172] tee (677749): drop_caches: 3
[287499.265398] tee (677760): drop_caches: 3
[287505.059072] tee (677764): drop_caches: 3
[287510.668365] tee (677768): drop_caches: 3
[287516.356852] tee (677774): drop_caches: 3
[287521.781202] tee (677778): drop_caches: 3
[287527.250653] tee (677787): drop_caches: 3
[287530.749188] iCAT_FILEBENCH_MEASURE_END run=20260915-033232-677333
[287532.205301] EXT4-fs (nvme0n1): unmounting filesystem 6b748702-9b5a-4084-8471-a218e5d7d5bc.
[287532.608851] pci_bus 0001:10: busn_res: [bus 10-ff] is released
[287532.608897] NVMeVirt: GC stats: ns=0 policy=cat-fig7-fixed host_pages=22978890 gc_pages=67891995 gc_count=1419849 WAF=3.954 warmup_gc=100-per-part
[287532.679345] NVMeVirt: Virtual NVMe device closed
