[261922.198576] NVMeVirt: Version 1.10 for >> Samsung 970 Pro SSD <<
[261922.198584] NVMeVirt: Storage: 0x100100000-0x300000000 (8191 MiB)
[261922.209486] NVMeVirt: Total Capacity(GiB,MiB)=2,2048 chs=2 luns=4 lines=8192 blk-size(MiB,KiB)=0,64 line-size(MiB,KiB)=0,256
[261922.219924] NVMeVirt: [chmodel_init] bandwidth 800 max_credits 26 tx_time 152
[261922.230378] NVMeVirt: [chmodel_init] bandwidth 800 max_credits 26 tx_time 152
[261922.230393] NVMeVirt: [chmodel_init] bandwidth 3360 max_credits 110 tx_time 36
[261922.231400] NVMeVirt: pqueue: Copyright (c) 2014, Volkan Yazıcı <volkan.yazici@gmail.com>. All rights reserved.
[261922.231439] NVMeVirt: Init FTL instance with 2 channels (524288 pages)
[261922.231441] NVMeVirt: GC victim policy: cat-fig7-fixed ns=0 part=0 initial_k=7 initial_scale_pct=100 initial_age_ratio=7 warmup_gc=100
[261922.241873] NVMeVirt: [chmodel_init] bandwidth 800 max_credits 26 tx_time 152
[261922.251859] NVMeVirt: [chmodel_init] bandwidth 800 max_credits 26 tx_time 152
[261922.251872] NVMeVirt: [chmodel_init] bandwidth 3360 max_credits 110 tx_time 36
[261922.252843] NVMeVirt: Init FTL instance with 2 channels (524288 pages)
[261922.252845] NVMeVirt: GC victim policy: cat-fig7-fixed ns=0 part=1 initial_k=7 initial_scale_pct=100 initial_age_ratio=7 warmup_gc=100
[261922.263043] NVMeVirt: [chmodel_init] bandwidth 800 max_credits 26 tx_time 152
[261922.273157] NVMeVirt: [chmodel_init] bandwidth 800 max_credits 26 tx_time 152
[261922.273171] NVMeVirt: [chmodel_init] bandwidth 3360 max_credits 110 tx_time 36
[261922.274186] NVMeVirt: Init FTL instance with 2 channels (524288 pages)
[261922.274188] NVMeVirt: GC victim policy: cat-fig7-fixed ns=0 part=2 initial_k=7 initial_scale_pct=100 initial_age_ratio=7 warmup_gc=100
[261922.284280] NVMeVirt: [chmodel_init] bandwidth 800 max_credits 26 tx_time 152
[261922.294263] NVMeVirt: [chmodel_init] bandwidth 800 max_credits 26 tx_time 152
[261922.294277] NVMeVirt: [chmodel_init] bandwidth 3360 max_credits 110 tx_time 36
[261922.295208] NVMeVirt: Init FTL instance with 2 channels (524288 pages)
[261922.295211] NVMeVirt: GC victim policy: cat-fig7-fixed ns=0 part=3 initial_k=7 initial_scale_pct=100 initial_age_ratio=7 warmup_gc=100
[261922.295217] NVMeVirt: FTL physical space: 8588886016, logical space: 8026996276 (physical/logical * 100 = 107)
[261922.295219] NVMeVirt: ns 0/1: size 7655 MiB
[261922.295267] PCI host bridge to bus 0001:10
[261922.295269] pci_bus 0001:10: root bus resource [io  0x0000-0xffff]
[261922.295272] pci_bus 0001:10: root bus resource [mem 0x00000000-0x7fffffffff]
[261922.295274] pci_bus 0001:10: root bus resource [bus 00-ff]
[261922.295295] pci 0001:10:00.0: [0c51:0110] type 00 class 0x010802 PCIe Endpoint
[261922.295299] pci 0001:10:00.0: BAR 0 [mem 0x100000000-0x100003fff 64bit]
[261922.295301] pci 0001:10:00.0: enabling Extended Tags
[261922.295421] NVMeVirt: Virtual PCI bus created (node 0)
[261922.295805] NVMeVirt: nvmev_dispatcher started on cpu 1 (node 0)
[261922.295848] NVMeVirt: Virtual NVMe device created
[261922.296035] NVMeVirt: nvmev_io_worker_0 started on cpu 2 (node 0)
[261922.296110] nvme nvme0: pci function 0001:10:00.0
[261922.300002] nvme nvme0: 8/0/0 default/read/poll queues
[261923.103416] EXT4-fs (nvme0n1): mounted filesystem cc32374b-7f95-49a5-ad8f-30d268e7307f r/w with ordered data mode. Quota mode: none.
[261929.388528] iCAT_FILEBENCH_MEASURE_START run=20260914-203053-421469
[261930.275937] tee (421594): drop_caches: 3
[261936.163034] tee (421600): drop_caches: 3
[261941.876564] tee (421604): drop_caches: 3
[261947.427463] tee (421608): drop_caches: 3
[261953.048391] tee (421618): drop_caches: 3
[261958.670787] tee (421622): drop_caches: 3
[261964.236184] tee (421626): drop_caches: 3
[261970.018766] tee (421630): drop_caches: 3
[261975.274398] tee (421636): drop_caches: 3
[261981.007612] tee (421642): drop_caches: 3
[261986.476829] tee (421646): drop_caches: 3
[261991.657652] tee (421650): drop_caches: 3
[261996.956690] tee (421656): drop_caches: 3
[262002.142608] tee (421660): drop_caches: 3
[262007.338405] tee (421664): drop_caches: 3
[262012.841047] tee (421673): drop_caches: 3
[262018.095841] tee (421678): drop_caches: 3
[262023.280322] tee (421682): drop_caches: 3
[262028.430275] tee (421686): drop_caches: 3
[262033.783901] tee (421692): drop_caches: 3
[262039.030951] tee (421696): drop_caches: 3
[262044.131580] tee (421700): drop_caches: 3
[262049.395279] tee (421704): drop_caches: 3
[262054.646847] tee (421710): drop_caches: 3
[262059.818088] tee (421714): drop_caches: 3
[262065.110430] tee (421718): drop_caches: 3
[262070.383933] tee (421726): drop_caches: 3
[262075.713579] tee (421733): drop_caches: 3
[262081.076003] tee (421737): drop_caches: 3
[262087.528487] tee (421752): drop_caches: 3
[262093.732882] tee (421759): drop_caches: 3
[262099.046635] tee (421766): drop_caches: 3
[262104.273214] tee (421770): drop_caches: 3
[262109.394932] tee (421775): drop_caches: 3
[262114.979078] tee (421781): drop_caches: 3
[262120.353645] tee (421787): drop_caches: 3
[262125.470094] tee (421791): drop_caches: 3
[262130.595464] tee (421799): drop_caches: 3
[262135.798066] tee (421805): drop_caches: 3
[262140.942824] tee (421809): drop_caches: 3
[262146.629469] tee (421814): drop_caches: 3
[262151.868071] tee (421818): drop_caches: 3
[262156.902537] tee (421826): drop_caches: 3
[262162.175455] tee (421830): drop_caches: 3
[262167.408768] tee (421835): drop_caches: 3
[262172.310158] tee (421843): drop_caches: 3
[262177.960206] tee (421849): drop_caches: 3
[262183.229544] tee (421853): drop_caches: 3
[262188.408061] tee (421861): drop_caches: 3
[262193.598224] tee (421865): drop_caches: 3
[262198.792376] tee (421871): drop_caches: 3
[262204.037495] tee (421875): drop_caches: 3
[262209.548956] tee (421879): drop_caches: 3
[262214.835811] tee (421883): drop_caches: 3
[262220.015261] tee (421889): drop_caches: 3
[262225.257102] tee (421893): drop_caches: 3
[262230.382724] tee (421908): drop_caches: 3
[262231.381622] iCAT_FILEBENCH_MEASURE_END run=20260914-203053-421469
[262235.282652] EXT4-fs (nvme0n1): unmounting filesystem cc32374b-7f95-49a5-ad8f-30d268e7307f.
[262235.672263] pci_bus 0001:10: busn_res: [bus 10-ff] is released
[262235.672307] NVMeVirt: GC stats: ns=0 policy=cat-fig7-fixed host_pages=20382690 gc_pages=74266926 gc_count=1478892 WAF=4.643 warmup_gc=100-per-part
[262235.745015] NVMeVirt: Virtual NVMe device closed
