[1493554.988925] NVMeVirt: Version 1.10 for >> Samsung 970 Pro SSD <<
[1493554.988934] NVMeVirt: Storage: 0x100100000-0x300000000 (8191 MiB)
[1493555.001280] NVMeVirt: Total Capacity(GiB,MiB)=2,2048 chs=2 luns=4 lines=8192 blk-size(MiB,KiB)=0,64 line-size(MiB,KiB)=0,256
[1493555.012765] NVMeVirt: [chmodel_init] bandwidth 800 max_credits 26 tx_time 152
[1493555.025143] NVMeVirt: [chmodel_init] bandwidth 800 max_credits 26 tx_time 152
[1493555.025163] NVMeVirt: [chmodel_init] bandwidth 3360 max_credits 110 tx_time 36
[1493555.025166] NVMeVirt: Fixed CAT init ns=0 part=0 arm=40 k=7 scale_pct=200 age_ratio=7
[1493555.026795] NVMeVirt: pqueue: Copyright (c) 2014, Volkan Yazıcı <volkan.yazici@gmail.com>. All rights reserved.
[1493555.026848] NVMeVirt: Init FTL instance with 2 channels (524288 pages)
[1493555.026850] NVMeVirt: GC victim policy: cat-fig7-fixed ns=0 part=0 initial_k=7 initial_scale_pct=200 initial_age_ratio=7 warmup_gc=100
[1493555.039186] NVMeVirt: [chmodel_init] bandwidth 800 max_credits 26 tx_time 152
[1493555.050195] NVMeVirt: [chmodel_init] bandwidth 800 max_credits 26 tx_time 152
[1493555.050210] NVMeVirt: [chmodel_init] bandwidth 3360 max_credits 110 tx_time 36
[1493555.050212] NVMeVirt: Fixed CAT init ns=0 part=1 arm=40 k=7 scale_pct=200 age_ratio=7
[1493555.051422] NVMeVirt: Init FTL instance with 2 channels (524288 pages)
[1493555.051424] NVMeVirt: GC victim policy: cat-fig7-fixed ns=0 part=1 initial_k=7 initial_scale_pct=200 initial_age_ratio=7 warmup_gc=100
[1493555.065323] NVMeVirt: [chmodel_init] bandwidth 800 max_credits 26 tx_time 152
[1493555.075829] NVMeVirt: [chmodel_init] bandwidth 800 max_credits 26 tx_time 152
[1493555.075842] NVMeVirt: [chmodel_init] bandwidth 3360 max_credits 110 tx_time 36
[1493555.075844] NVMeVirt: Fixed CAT init ns=0 part=2 arm=40 k=7 scale_pct=200 age_ratio=7
[1493555.077133] NVMeVirt: Init FTL instance with 2 channels (524288 pages)
[1493555.077135] NVMeVirt: GC victim policy: cat-fig7-fixed ns=0 part=2 initial_k=7 initial_scale_pct=200 initial_age_ratio=7 warmup_gc=100
[1493555.088075] NVMeVirt: [chmodel_init] bandwidth 800 max_credits 26 tx_time 152
[1493555.102023] NVMeVirt: [chmodel_init] bandwidth 800 max_credits 26 tx_time 152
[1493555.102037] NVMeVirt: [chmodel_init] bandwidth 3360 max_credits 110 tx_time 36
[1493555.102039] NVMeVirt: Fixed CAT init ns=0 part=3 arm=40 k=7 scale_pct=200 age_ratio=7
[1493555.103283] NVMeVirt: Init FTL instance with 2 channels (524288 pages)
[1493555.103286] NVMeVirt: GC victim policy: cat-fig7-fixed ns=0 part=3 initial_k=7 initial_scale_pct=200 initial_age_ratio=7 warmup_gc=100
[1493555.103292] NVMeVirt: FTL physical space: 8588886016, logical space: 8026996276 (physical/logical * 100 = 107)
[1493555.103294] NVMeVirt: ns 0/1: size 7655 MiB
[1493555.103345] PCI host bridge to bus 0001:10
[1493555.103348] pci_bus 0001:10: root bus resource [io  0x0000-0xffff]
[1493555.103351] pci_bus 0001:10: root bus resource [mem 0x00000000-0x7fffffffff]
[1493555.103353] pci_bus 0001:10: root bus resource [bus 00-ff]
[1493555.103362] pci 0001:10:00.0: [0c51:0110] type 00 class 0x010802 PCIe Endpoint
[1493555.103367] pci 0001:10:00.0: BAR 0 [mem 0x100000000-0x100003fff 64bit]
[1493555.103370] pci 0001:10:00.0: enabling Extended Tags
[1493555.103532] NVMeVirt: Virtual PCI bus created (node 0)
[1493555.103897] NVMeVirt: nvmev_io_worker_0 started on cpu 2 (node 0)
[1493555.103966] NVMeVirt: Virtual NVMe device created
[1493555.104054] NVMeVirt: nvmev_dispatcher started on cpu 1 (node 0)
[1493555.104155] nvme nvme0: pci function 0001:10:00.0
[1493555.108018] nvme nvme0: 8/0/0 default/read/poll queues
[1493555.834056] EXT4-fs (nvme0n1): mounted filesystem e958eddd-b70a-466c-b673-4c7acf1ffb54 r/w with ordered data mode. Quota mode: none.
[1493562.663570] iCAT_FILEBENCH_MEASURE_START run=20260929-023750-1626397
[1493563.927048] tee (1626529): drop_caches: 3
[1493570.053511] tee (1626540): drop_caches: 3
[1493575.780712] tee (1626544): drop_caches: 3
[1493581.463393] tee (1626548): drop_caches: 3
[1493587.144364] tee (1626552): drop_caches: 3
[1493592.848881] tee (1626556): drop_caches: 3
[1493598.631930] tee (1626560): drop_caches: 3
[1493604.198800] tee (1626571): drop_caches: 3
[1493609.733360] tee (1626575): drop_caches: 3
[1493615.391655] tee (1626581): drop_caches: 3
[1493620.793322] tee (1626585): drop_caches: 3
[1493626.086478] tee (1626589): drop_caches: 3
[1493631.391214] tee (1626600): drop_caches: 3
[1493636.911217] tee (1626604): drop_caches: 3
[1493642.313678] tee (1626608): drop_caches: 3
[1493647.692555] tee (1626612): drop_caches: 3
[1493653.011384] tee (1626616): drop_caches: 3
[1493658.472016] tee (1626620): drop_caches: 3
[1493663.752164] tee (1626631): drop_caches: 3
[1493669.265780] tee (1626636): drop_caches: 3
[1493674.587907] tee (1626640): drop_caches: 3
[1493679.904337] tee (1626644): drop_caches: 3
[1493685.364710] tee (1626649): drop_caches: 3
[1493691.266208] tee (1626728): drop_caches: 3
[1493698.554251] tee (1626734): drop_caches: 3
[1493706.173031] tee (1626738): drop_caches: 3
[1493713.326328] tee (1626747): drop_caches: 3
[1493719.405064] tee (1626778): drop_caches: 3
[1493724.867125] tee (1626782): drop_caches: 3
[1493730.142788] tee (1626786): drop_caches: 3
[1493735.438435] tee (1626790): drop_caches: 3
[1493740.733320] tee (1626794): drop_caches: 3
[1493746.218426] tee (1626798): drop_caches: 3
[1493751.505443] tee (1626809): drop_caches: 3
[1493756.833325] tee (1626813): drop_caches: 3
[1493762.183699] tee (1626817): drop_caches: 3
[1493767.614026] tee (1626821): drop_caches: 3
[1493772.851769] tee (1626825): drop_caches: 3
[1493778.163751] tee (1626829): drop_caches: 3
[1493783.437623] tee (1626840): drop_caches: 3
[1493788.717411] tee (1626844): drop_caches: 3
[1493794.064972] tee (1626848): drop_caches: 3
[1493799.444508] tee (1626852): drop_caches: 3
[1493804.707606] tee (1626856): drop_caches: 3
[1493810.331075] tee (1626867): drop_caches: 3
[1493815.552714] tee (1626871): drop_caches: 3
[1493820.778262] tee (1626875): drop_caches: 3
[1493826.160423] tee (1626879): drop_caches: 3
[1493831.467330] tee (1626883): drop_caches: 3
[1493836.733625] tee (1626887): drop_caches: 3
[1493842.364925] tee (1626898): drop_caches: 3
[1493847.679412] tee (1626902): drop_caches: 3
[1493852.970171] tee (1626906): drop_caches: 3
[1493858.362664] tee (1626910): drop_caches: 3
[1493863.703765] tee (1626920): drop_caches: 3
[1493864.972394] iCAT_FILEBENCH_MEASURE_END run=20260929-023750-1626397
[1493868.601489] EXT4-fs (nvme0n1): unmounting filesystem e958eddd-b70a-466c-b673-4c7acf1ffb54.
[1493869.069958] pci_bus 0001:10: busn_res: [bus 10-ff] is released
[1493869.070089] NVMeVirt: GC stats: ns=0 policy=cat-fig7-fixed host_pages=19695737 gc_pages=74163369 gc_count=1466541 WAF=4.765 warmup_gc=100-per-part
[1493869.142647] NVMeVirt: Virtual NVMe device closed
