[1492926.743307] NVMeVirt: Version 1.10 for >> Samsung 970 Pro SSD <<
[1492926.743313] NVMeVirt: Storage: 0x100100000-0x300000000 (8191 MiB)
[1492926.753891] NVMeVirt: Total Capacity(GiB,MiB)=2,2048 chs=2 luns=4 lines=8192 blk-size(MiB,KiB)=0,64 line-size(MiB,KiB)=0,256
[1492926.765981] NVMeVirt: [chmodel_init] bandwidth 800 max_credits 26 tx_time 152
[1492926.777550] NVMeVirt: [chmodel_init] bandwidth 800 max_credits 26 tx_time 152
[1492926.777566] NVMeVirt: [chmodel_init] bandwidth 3360 max_credits 110 tx_time 36
[1492926.777568] NVMeVirt: Fixed CAT init ns=0 part=0 arm=34 k=7 scale_pct=50 age_ratio=7
[1492926.778795] NVMeVirt: pqueue: Copyright (c) 2014, Volkan Yazıcı <volkan.yazici@gmail.com>. All rights reserved.
[1492926.778833] NVMeVirt: Init FTL instance with 2 channels (524288 pages)
[1492926.778835] NVMeVirt: GC victim policy: cat-fig7-fixed ns=0 part=0 initial_k=7 initial_scale_pct=50 initial_age_ratio=7 warmup_gc=100
[1492926.789740] NVMeVirt: [chmodel_init] bandwidth 800 max_credits 26 tx_time 152
[1492926.800595] NVMeVirt: [chmodel_init] bandwidth 800 max_credits 26 tx_time 152
[1492926.800612] NVMeVirt: [chmodel_init] bandwidth 3360 max_credits 110 tx_time 36
[1492926.800614] NVMeVirt: Fixed CAT init ns=0 part=1 arm=34 k=7 scale_pct=50 age_ratio=7
[1492926.802099] NVMeVirt: Init FTL instance with 2 channels (524288 pages)
[1492926.802102] NVMeVirt: GC victim policy: cat-fig7-fixed ns=0 part=1 initial_k=7 initial_scale_pct=50 initial_age_ratio=7 warmup_gc=100
[1492926.812839] NVMeVirt: [chmodel_init] bandwidth 800 max_credits 26 tx_time 152
[1492926.823710] NVMeVirt: [chmodel_init] bandwidth 800 max_credits 26 tx_time 152
[1492926.823724] NVMeVirt: [chmodel_init] bandwidth 3360 max_credits 110 tx_time 36
[1492926.823726] NVMeVirt: Fixed CAT init ns=0 part=2 arm=34 k=7 scale_pct=50 age_ratio=7
[1492926.825040] NVMeVirt: Init FTL instance with 2 channels (524288 pages)
[1492926.825042] NVMeVirt: GC victim policy: cat-fig7-fixed ns=0 part=2 initial_k=7 initial_scale_pct=50 initial_age_ratio=7 warmup_gc=100
[1492926.836363] NVMeVirt: [chmodel_init] bandwidth 800 max_credits 26 tx_time 152
[1492926.847132] NVMeVirt: [chmodel_init] bandwidth 800 max_credits 26 tx_time 152
[1492926.847146] NVMeVirt: [chmodel_init] bandwidth 3360 max_credits 110 tx_time 36
[1492926.847148] NVMeVirt: Fixed CAT init ns=0 part=3 arm=34 k=7 scale_pct=50 age_ratio=7
[1492926.848366] NVMeVirt: Init FTL instance with 2 channels (524288 pages)
[1492926.848369] NVMeVirt: GC victim policy: cat-fig7-fixed ns=0 part=3 initial_k=7 initial_scale_pct=50 initial_age_ratio=7 warmup_gc=100
[1492926.848375] NVMeVirt: FTL physical space: 8588886016, logical space: 8026996276 (physical/logical * 100 = 107)
[1492926.848377] NVMeVirt: ns 0/1: size 7655 MiB
[1492926.848453] PCI host bridge to bus 0001:10
[1492926.848456] pci_bus 0001:10: root bus resource [io  0x0000-0xffff]
[1492926.848460] pci_bus 0001:10: root bus resource [mem 0x00000000-0x7fffffffff]
[1492926.848463] pci_bus 0001:10: root bus resource [bus 00-ff]
[1492926.848473] pci 0001:10:00.0: [0c51:0110] type 00 class 0x010802 PCIe Endpoint
[1492926.848500] pci 0001:10:00.0: BAR 0 [mem 0x100000000-0x100003fff 64bit]
[1492926.848503] pci 0001:10:00.0: enabling Extended Tags
[1492926.848651] NVMeVirt: Virtual PCI bus created (node 0)
[1492926.849032] NVMeVirt: Virtual NVMe device created
[1492926.849111] NVMeVirt: nvmev_io_worker_0 started on cpu 2 (node 0)
[1492926.849130] NVMeVirt: nvmev_dispatcher started on cpu 1 (node 0)
[1492926.849207] nvme nvme0: pci function 0001:10:00.0
[1492926.852863] nvme nvme0: 8/0/0 default/read/poll queues
[1492927.520346] EXT4-fs (nvme0n1): mounted filesystem f0ed0f6e-14e3-4b36-ae15-db642e4782ec r/w with ordered data mode. Quota mode: none.
[1492934.459172] iCAT_FILEBENCH_MEASURE_START run=20260929-022722-1625260
[1492935.849782] tee (1625387): drop_caches: 3
[1492941.816967] tee (1625391): drop_caches: 3
[1492947.427929] tee (1625402): drop_caches: 3
[1492953.146546] tee (1625406): drop_caches: 3
[1492958.907039] tee (1625410): drop_caches: 3
[1492964.563755] tee (1625414): drop_caches: 3
[1492970.120604] tee (1625418): drop_caches: 3
[1492975.653773] tee (1625429): drop_caches: 3
[1492981.190142] tee (1625433): drop_caches: 3
[1492986.693014] tee (1625437): drop_caches: 3
[1492992.120968] tee (1625441): drop_caches: 3
[1492997.781582] tee (1625445): drop_caches: 3
[1493003.311208] tee (1625449): drop_caches: 3
[1493008.876279] tee (1625462): drop_caches: 3
[1493014.355146] tee (1625466): drop_caches: 3
[1493019.817241] tee (1625470): drop_caches: 3
[1493025.194156] tee (1625474): drop_caches: 3
[1493030.607077] tee (1625478): drop_caches: 3
[1493035.865752] tee (1625489): drop_caches: 3
[1493041.171771] tee (1625493): drop_caches: 3
[1493046.651488] tee (1625497): drop_caches: 3
[1493051.957162] tee (1625501): drop_caches: 3
[1493057.317893] tee (1625505): drop_caches: 3
[1493062.786803] tee (1625509): drop_caches: 3
[1493068.100634] tee (1625522): drop_caches: 3
[1493073.405368] tee (1625526): drop_caches: 3
[1493078.818557] tee (1625530): drop_caches: 3
[1493084.224318] tee (1625534): drop_caches: 3
[1493089.828596] tee (1625560): drop_caches: 3
[1493097.710113] tee (1625616): drop_caches: 3
[1493106.178778] tee (1625648): drop_caches: 3
[1493117.694367] tee (1625712): drop_caches: 3
[1493127.589321] tee (1625763): drop_caches: 3
[1493135.221294] tee (1625776): drop_caches: 3
[1493140.807438] tee (1625780): drop_caches: 3
[1493146.183134] tee (1625784): drop_caches: 3
[1493151.560952] tee (1625788): drop_caches: 3
[1493156.783425] tee (1625792): drop_caches: 3
[1493162.175185] tee (1625803): drop_caches: 3
[1493167.520005] tee (1625807): drop_caches: 3
[1493175.168073] tee (1625819): drop_caches: 3
[1493182.294544] tee (1625829): drop_caches: 3
[1493187.760138] tee (1625833): drop_caches: 3
[1493193.216795] tee (1625847): drop_caches: 3
[1493198.994547] tee (1625851): drop_caches: 3
[1493204.186772] tee (1625855): drop_caches: 3
[1493209.363850] tee (1625861): drop_caches: 3
[1493214.619234] tee (1625865): drop_caches: 3
[1493219.783166] tee (1625869): drop_caches: 3
[1493225.054625] tee (1625873): drop_caches: 3
[1493230.602914] tee (1625877): drop_caches: 3
[1493235.674173] iCAT_FILEBENCH_MEASURE_END run=20260929-022722-1625260
[1493235.868099] tee (1625889): drop_caches: 3
[1493238.010214] EXT4-fs (nvme0n1): unmounting filesystem f0ed0f6e-14e3-4b36-ae15-db642e4782ec.
[1493238.403624] pci_bus 0001:10: busn_res: [bus 10-ff] is released
[1493238.403680] NVMeVirt: GC stats: ns=0 policy=cat-fig7-fixed host_pages=20727826 gc_pages=70126170 gc_count=1419586 WAF=4.383 warmup_gc=100-per-part
[1493238.477270] NVMeVirt: Virtual NVMe device closed
