[262237.532157] NVMeVirt: Version 1.10 for >> Samsung 970 Pro SSD <<
[262237.532163] NVMeVirt: Storage: 0x100100000-0x300000000 (8191 MiB)
[262237.542548] NVMeVirt: Total Capacity(GiB,MiB)=2,2048 chs=2 luns=4 lines=8192 blk-size(MiB,KiB)=0,64 line-size(MiB,KiB)=0,256
[262237.552636] NVMeVirt: [chmodel_init] bandwidth 800 max_credits 26 tx_time 152
[262237.562898] NVMeVirt: [chmodel_init] bandwidth 800 max_credits 26 tx_time 152
[262237.562913] NVMeVirt: [chmodel_init] bandwidth 3360 max_credits 110 tx_time 36
[262237.562915] NVMeVirt: WATGC_V2 init ns=0 part=0 arms=60 initial=37 prior=none gamma_q16=65503 exploration_q16=16384
[262237.563854] NVMeVirt: pqueue: Copyright (c) 2014, Volkan Yazıcı <volkan.yazici@gmail.com>. All rights reserved.
[262237.563891] NVMeVirt: Init FTL instance with 2 channels (524288 pages)
[262237.563907] NVMeVirt: GC victim policy: watgc-v2 ns=0 part=0 initial_k=7 initial_scale_pct=100 initial_age_ratio=7 warmup_gc=100
[262237.574688] NVMeVirt: [chmodel_init] bandwidth 800 max_credits 26 tx_time 152
[262237.584910] NVMeVirt: [chmodel_init] bandwidth 800 max_credits 26 tx_time 152
[262237.584923] NVMeVirt: [chmodel_init] bandwidth 3360 max_credits 110 tx_time 36
[262237.584925] NVMeVirt: WATGC_V2 init ns=0 part=1 arms=60 initial=37 prior=none gamma_q16=65503 exploration_q16=16384
[262237.585897] NVMeVirt: Init FTL instance with 2 channels (524288 pages)
[262237.585899] NVMeVirt: GC victim policy: watgc-v2 ns=0 part=1 initial_k=7 initial_scale_pct=100 initial_age_ratio=7 warmup_gc=100
[262237.595870] NVMeVirt: [chmodel_init] bandwidth 800 max_credits 26 tx_time 152
[262237.605959] NVMeVirt: [chmodel_init] bandwidth 800 max_credits 26 tx_time 152
[262237.605973] NVMeVirt: [chmodel_init] bandwidth 3360 max_credits 110 tx_time 36
[262237.605975] NVMeVirt: WATGC_V2 init ns=0 part=2 arms=60 initial=37 prior=none gamma_q16=65503 exploration_q16=16384
[262237.606975] NVMeVirt: Init FTL instance with 2 channels (524288 pages)
[262237.606977] NVMeVirt: GC victim policy: watgc-v2 ns=0 part=2 initial_k=7 initial_scale_pct=100 initial_age_ratio=7 warmup_gc=100
[262237.617123] NVMeVirt: [chmodel_init] bandwidth 800 max_credits 26 tx_time 152
[262237.627376] NVMeVirt: [chmodel_init] bandwidth 800 max_credits 26 tx_time 152
[262237.627390] NVMeVirt: [chmodel_init] bandwidth 3360 max_credits 110 tx_time 36
[262237.627393] NVMeVirt: WATGC_V2 init ns=0 part=3 arms=60 initial=37 prior=none gamma_q16=65503 exploration_q16=16384
[262237.628366] NVMeVirt: Init FTL instance with 2 channels (524288 pages)
[262237.628381] NVMeVirt: GC victim policy: watgc-v2 ns=0 part=3 initial_k=7 initial_scale_pct=100 initial_age_ratio=7 warmup_gc=100
[262237.628388] NVMeVirt: FTL physical space: 8588886016, logical space: 8026996276 (physical/logical * 100 = 107)
[262237.628389] NVMeVirt: ns 0/1: size 7655 MiB
[262237.628436] PCI host bridge to bus 0001:10
[262237.628438] pci_bus 0001:10: root bus resource [io  0x0000-0xffff]
[262237.628441] pci_bus 0001:10: root bus resource [mem 0x00000000-0x7fffffffff]
[262237.628443] pci_bus 0001:10: root bus resource [bus 00-ff]
[262237.628464] pci 0001:10:00.0: [0c51:0110] type 00 class 0x010802 PCIe Endpoint
[262237.628468] pci 0001:10:00.0: BAR 0 [mem 0x100000000-0x100003fff 64bit]
[262237.628471] pci 0001:10:00.0: enabling Extended Tags
[262237.628591] NVMeVirt: Virtual PCI bus created (node 0)
[262237.628982] NVMeVirt: Virtual NVMe device created
[262237.628999] NVMeVirt: nvmev_dispatcher started on cpu 1 (node 0)
[262237.629065] NVMeVirt: nvmev_io_worker_0 started on cpu 2 (node 0)
[262237.629151] nvme nvme0: pci function 0001:10:00.0
[262237.631824] nvme nvme0: 8/0/0 default/read/poll queues
[262238.489833] EXT4-fs (nvme0n1): mounted filesystem 04e27051-d4d1-44e5-83b8-8a2195149786 r/w with ordered data mode. Quota mode: none.
[262244.959995] iCAT_FILEBENCH_MEASURE_START run=20260914-203609-421961
[262246.599295] tee (422094): drop_caches: 3
[262252.029694] NVMeVirt: WATGC_V2 warmup-done ns=0 part=0 gc_count=100
[262252.463640] tee (422102): drop_caches: 3
[262253.236251] NVMeVirt: WATGC_V2 warmup-done ns=0 part=3 gc_count=100
[262253.238486] NVMeVirt: WATGC_V2 warmup-done ns=0 part=1 gc_count=100
[262253.242100] NVMeVirt: WATGC_V2 warmup-done ns=0 part=2 gc_count=100
[262254.084038] NVMeVirt: WATGC_V2 sample ns=0 part=0 epoch=1 window=1 phase=measure evaluated=37 k=7 scale_pct=100 age_ratio=7 host=65588 gc_pages=12877 gc_count=1226 waf_q16=78402 best=37 next=0 settled=0
[262255.757636] NVMeVirt: WATGC_V2 sample ns=0 part=3 epoch=1 window=1 phase=measure evaluated=37 k=7 scale_pct=100 age_ratio=7 host=65578 gc_pages=15899 gc_count=1273 waf_q16=81424 best=37 next=0 settled=0
[262255.764312] NVMeVirt: WATGC_V2 sample ns=0 part=1 epoch=1 window=1 phase=measure evaluated=37 k=7 scale_pct=100 age_ratio=7 host=65537 gc_pages=16002 gc_count=1274 waf_q16=81537 best=37 next=0 settled=0
[262255.764867] NVMeVirt: WATGC_V2 sample ns=0 part=2 epoch=1 window=1 phase=measure evaluated=37 k=7 scale_pct=100 age_ratio=7 host=65563 gc_pages=15846 gc_count=1272 waf_q16=81375 best=37 next=0 settled=0
[262256.255349] NVMeVirt: WATGC_V2 sample ns=0 part=0 epoch=1 window=2 phase=measure evaluated=0 k=2 scale_pct=25 age_ratio=4 host=65583 gc_pages=14994 gc_count=1259 waf_q16=80519 best=37 next=1 settled=0
[262258.271282] tee (422108): drop_caches: 3
[262258.299141] NVMeVirt: WATGC_V2 sample ns=0 part=3 epoch=1 window=2 phase=measure evaluated=0 k=2 scale_pct=25 age_ratio=4 host=65545 gc_pages=17911 gc_count=1304 waf_q16=83444 best=37 next=1 settled=0
[262258.308231] NVMeVirt: WATGC_V2 sample ns=0 part=1 epoch=1 window=2 phase=measure evaluated=0 k=2 scale_pct=25 age_ratio=4 host=65561 gc_pages=18023 gc_count=1306 waf_q16=83552 best=37 next=1 settled=0
[262258.308738] NVMeVirt: WATGC_V2 sample ns=0 part=2 epoch=1 window=2 phase=measure evaluated=0 k=2 scale_pct=25 age_ratio=4 host=65576 gc_pages=17944 gc_count=1305 waf_q16=83469 best=37 next=1 settled=0
[262258.492095] NVMeVirt: WATGC_V2 sample ns=0 part=0 epoch=1 window=3 phase=measure evaluated=1 k=2 scale_pct=25 age_ratio=7 host=65586 gc_pages=16270 gc_count=1279 waf_q16=81793 best=37 next=2 settled=0
[262260.752047] NVMeVirt: WATGC_V2 sample ns=0 part=0 epoch=1 window=4 phase=measure evaluated=2 k=2 scale_pct=25 age_ratio=16 host=65549 gc_pages=17140 gc_count=1292 waf_q16=82672 best=37 next=3 settled=0
[262260.911465] NVMeVirt: WATGC_V2 sample ns=0 part=3 epoch=1 window=3 phase=measure evaluated=1 k=2 scale_pct=25 age_ratio=7 host=65567 gc_pages=19489 gc_count=1329 waf_q16=85015 best=37 next=2 settled=0
[262260.926555] NVMeVirt: WATGC_V2 sample ns=0 part=1 epoch=1 window=3 phase=measure evaluated=1 k=2 scale_pct=25 age_ratio=7 host=65548 gc_pages=19443 gc_count=1328 waf_q16=84975 best=37 next=2 settled=0
[262260.930885] NVMeVirt: WATGC_V2 sample ns=0 part=2 epoch=1 window=3 phase=measure evaluated=1 k=2 scale_pct=25 age_ratio=7 host=65581 gc_pages=19476 gc_count=1329 waf_q16=84998 best=37 next=2 settled=0
[262262.948451] NVMeVirt: WATGC_V2 sample ns=0 part=0 epoch=1 window=5 phase=measure evaluated=3 k=2 scale_pct=50 age_ratio=4 host=65548 gc_pages=17781 gc_count=1302 waf_q16=83313 best=37 next=4 settled=0
[262263.439614] NVMeVirt: WATGC_V2 sample ns=0 part=3 epoch=1 window=4 phase=measure evaluated=2 k=2 scale_pct=25 age_ratio=16 host=65559 gc_pages=20266 gc_count=1341 waf_q16=85794 best=37 next=3 settled=0
[262263.462153] NVMeVirt: WATGC_V2 sample ns=0 part=1 epoch=1 window=4 phase=measure evaluated=2 k=2 scale_pct=25 age_ratio=16 host=65551 gc_pages=20209 gc_count=1340 waf_q16=85740 best=37 next=3 settled=0
[262263.466180] NVMeVirt: WATGC_V2 sample ns=0 part=2 epoch=1 window=4 phase=measure evaluated=2 k=2 scale_pct=25 age_ratio=16 host=65551 gc_pages=20209 gc_count=1340 waf_q16=85740 best=37 next=3 settled=0
[262263.904709] tee (422112): drop_caches: 3
[262265.242733] NVMeVirt: WATGC_V2 sample ns=0 part=0 epoch=1 window=6 phase=measure evaluated=4 k=2 scale_pct=50 age_ratio=7 host=65556 gc_pages=18284 gc_count=1310 waf_q16=83814 best=37 next=5 settled=0
[262266.094602] NVMeVirt: WATGC_V2 sample ns=0 part=3 epoch=1 window=5 phase=measure evaluated=3 k=2 scale_pct=50 age_ratio=4 host=65557 gc_pages=21227 gc_count=1356 waf_q16=86756 best=37 next=4 settled=0
[262266.120139] NVMeVirt: WATGC_V2 sample ns=0 part=1 epoch=1 window=5 phase=measure evaluated=3 k=2 scale_pct=50 age_ratio=4 host=65558 gc_pages=21227 gc_count=1356 waf_q16=86755 best=37 next=4 settled=0
[262266.125824] NVMeVirt: WATGC_V2 sample ns=0 part=2 epoch=1 window=5 phase=measure evaluated=3 k=2 scale_pct=50 age_ratio=4 host=65564 gc_pages=21222 gc_count=1356 waf_q16=86748 best=37 next=4 settled=0
[262267.483804] NVMeVirt: WATGC_V2 sample ns=0 part=0 epoch=1 window=7 phase=measure evaluated=5 k=2 scale_pct=50 age_ratio=16 host=65583 gc_pages=19216 gc_count=1325 waf_q16=84738 best=37 next=6 settled=0
[262268.648849] NVMeVirt: WATGC_V2 sample ns=0 part=3 epoch=1 window=6 phase=measure evaluated=4 k=2 scale_pct=50 age_ratio=7 host=65544 gc_pages=21689 gc_count=1363 waf_q16=87222 best=37 next=5 settled=0
[262268.668878] NVMeVirt: WATGC_V2 sample ns=0 part=1 epoch=1 window=6 phase=measure evaluated=4 k=2 scale_pct=50 age_ratio=7 host=65554 gc_pages=21806 gc_count=1365 waf_q16=87336 best=37 next=5 settled=0
[262268.677868] NVMeVirt: WATGC_V2 sample ns=0 part=2 epoch=1 window=6 phase=measure evaluated=4 k=2 scale_pct=50 age_ratio=7 host=65575 gc_pages=21849 gc_count=1366 waf_q16=87372 best=37 next=5 settled=0
[262269.511719] tee (422116): drop_caches: 3
[262269.740639] NVMeVirt: WATGC_V2 sample ns=0 part=0 epoch=1 window=8 phase=measure evaluated=6 k=2 scale_pct=100 age_ratio=4 host=65556 gc_pages=19692 gc_count=1332 waf_q16=85221 best=37 next=7 settled=0
[262271.304341] NVMeVirt: WATGC_V2 sample ns=0 part=3 epoch=1 window=7 phase=measure evaluated=5 k=2 scale_pct=50 age_ratio=16 host=65582 gc_pages=22930 gc_count=1383 waf_q16=88449 best=37 next=6 settled=0
[262271.324920] NVMeVirt: WATGC_V2 sample ns=0 part=1 epoch=1 window=7 phase=measure evaluated=5 k=2 scale_pct=50 age_ratio=16 host=65569 gc_pages=23007 gc_count=1384 waf_q16=88531 best=37 next=6 settled=0
[262271.336533] NVMeVirt: WATGC_V2 sample ns=0 part=2 epoch=1 window=7 phase=measure evaluated=5 k=2 scale_pct=50 age_ratio=16 host=65578 gc_pages=22997 gc_count=1384 waf_q16=88518 best=37 next=6 settled=0
[262272.021250] NVMeVirt: WATGC_V2 sample ns=0 part=0 epoch=1 window=9 phase=measure evaluated=7 k=2 scale_pct=100 age_ratio=7 host=65576 gc_pages=20120 gc_count=1339 waf_q16=85643 best=37 next=8 settled=0
[262273.867452] NVMeVirt: WATGC_V2 sample ns=0 part=3 epoch=1 window=8 phase=measure evaluated=6 k=2 scale_pct=100 age_ratio=4 host=65551 gc_pages=23409 gc_count=1390 waf_q16=88939 best=37 next=7 settled=0
[262273.886892] NVMeVirt: WATGC_V2 sample ns=0 part=1 epoch=1 window=8 phase=measure evaluated=6 k=2 scale_pct=100 age_ratio=4 host=65538 gc_pages=23422 gc_count=1390 waf_q16=88957 best=37 next=7 settled=0
[262273.901170] NVMeVirt: WATGC_V2 sample ns=0 part=2 epoch=1 window=8 phase=measure evaluated=6 k=2 scale_pct=100 age_ratio=4 host=65553 gc_pages=23471 gc_count=1391 waf_q16=89000 best=37 next=7 settled=0
[262274.212422] NVMeVirt: WATGC_V2 sample ns=0 part=0 epoch=1 window=10 phase=measure evaluated=8 k=2 scale_pct=100 age_ratio=16 host=65543 gc_pages=20986 gc_count=1352 waf_q16=86519 best=37 next=9 settled=0
[262275.053928] tee (422120): drop_caches: 3
[262276.488417] NVMeVirt: WATGC_V2 sample ns=0 part=3 epoch=1 window=9 phase=measure evaluated=7 k=2 scale_pct=100 age_ratio=7 host=65537 gc_pages=24832 gc_count=1412 waf_q16=90367 best=37 next=8 settled=0
[262276.515605] NVMeVirt: WATGC_V2 sample ns=0 part=1 epoch=1 window=9 phase=measure evaluated=7 k=2 scale_pct=100 age_ratio=7 host=65553 gc_pages=24815 gc_count=1412 waf_q16=90344 best=37 next=8 settled=0
[262276.525828] NVMeVirt: WATGC_V2 sample ns=0 part=0 epoch=1 window=11 phase=measure evaluated=9 k=2 scale_pct=200 age_ratio=4 host=65537 gc_pages=21823 gc_count=1365 waf_q16=87358 best=37 next=10 settled=0
[262276.527512] NVMeVirt: WATGC_V2 sample ns=0 part=2 epoch=1 window=9 phase=measure evaluated=7 k=2 scale_pct=100 age_ratio=7 host=65541 gc_pages=24826 gc_count=1412 waf_q16=90360 best=37 next=8 settled=0
[262278.764934] NVMeVirt: WATGC_V2 sample ns=0 part=0 epoch=1 window=12 phase=measure evaluated=10 k=2 scale_pct=200 age_ratio=7 host=65563 gc_pages=22689 gc_count=1379 waf_q16=88215 best=37 next=11 settled=0
[262279.073475] NVMeVirt: WATGC_V2 sample ns=0 part=3 epoch=1 window=10 phase=measure evaluated=8 k=2 scale_pct=100 age_ratio=16 host=65565 gc_pages=25827 gc_count=1428 waf_q16=91351 best=37 next=9 settled=0
[262279.097216] NVMeVirt: WATGC_V2 sample ns=0 part=1 epoch=1 window=10 phase=measure evaluated=8 k=2 scale_pct=100 age_ratio=16 host=65555 gc_pages=25838 gc_count=1428 waf_q16=91366 best=37 next=9 settled=0
[262279.112305] NVMeVirt: WATGC_V2 sample ns=0 part=2 epoch=1 window=10 phase=measure evaluated=8 k=2 scale_pct=100 age_ratio=16 host=65547 gc_pages=25782 gc_count=1427 waf_q16=91313 best=37 next=9 settled=0
[262280.961416] NVMeVirt: WATGC_V2 sample ns=0 part=0 epoch=1 window=13 phase=measure evaluated=11 k=2 scale_pct=200 age_ratio=16 host=65562 gc_pages=24615 gc_count=1409 waf_q16=90141 best=37 next=12 settled=0
[262281.417951] tee (422128): drop_caches: 3
[262281.653984] NVMeVirt: WATGC_V2 sample ns=0 part=3 epoch=1 window=11 phase=measure evaluated=9 k=2 scale_pct=200 age_ratio=4 host=65579 gc_pages=27990 gc_count=1462 waf_q16=93507 best=37 next=10 settled=0
[262281.684623] NVMeVirt: WATGC_V2 sample ns=0 part=1 epoch=1 window=11 phase=measure evaluated=9 k=2 scale_pct=200 age_ratio=4 host=65548 gc_pages=27957 gc_count=1461 waf_q16=93487 best=37 next=10 settled=0
[262281.700113] NVMeVirt: WATGC_V2 sample ns=0 part=2 epoch=1 window=11 phase=measure evaluated=9 k=2 scale_pct=200 age_ratio=4 host=65547 gc_pages=28086 gc_count=1463 waf_q16=93617 best=37 next=10 settled=0
[262283.370617] NVMeVirt: WATGC_V2 sample ns=0 part=0 epoch=1 window=14 phase=measure evaluated=12 k=2 scale_pct=400 age_ratio=4 host=65551 gc_pages=48265 gc_count=1778 waf_q16=113789 best=37 next=13 settled=0
[262284.811063] NVMeVirt: WATGC_V2 sample ns=0 part=3 epoch=1 window=12 phase=measure evaluated=10 k=2 scale_pct=200 age_ratio=7 host=65567 gc_pages=37175 gc_count=1605 waf_q16=102693 best=37 next=11 settled=0
[262284.857002] NVMeVirt: WATGC_V2 sample ns=0 part=1 epoch=1 window=12 phase=measure evaluated=10 k=2 scale_pct=200 age_ratio=7 host=65538 gc_pages=38805 gc_count=1630 waf_q16=104339 best=37 next=11 settled=0
[262284.893292] NVMeVirt: WATGC_V2 sample ns=0 part=2 epoch=1 window=12 phase=measure evaluated=10 k=2 scale_pct=200 age_ratio=7 host=65539 gc_pages=37771 gc_count=1614 waf_q16=103305 best=37 next=11 settled=0
[262286.743437] NVMeVirt: WATGC_V2 sample ns=0 part=0 epoch=1 window=15 phase=measure evaluated=13 k=2 scale_pct=400 age_ratio=7 host=65544 gc_pages=163834 gc_count=3584 waf_q16=229350 best=37 next=14 settled=0
[262287.058756] tee (422132): drop_caches: 3
[262289.593102] NVMeVirt: WATGC_V2 sample ns=0 part=3 epoch=1 window=13 phase=measure evaluated=11 k=2 scale_pct=200 age_ratio=16 host=65548 gc_pages=183672 gc_count=3894 waf_q16=249174 best=37 next=12 settled=0
[262289.642520] NVMeVirt: WATGC_V2 sample ns=0 part=1 epoch=1 window=13 phase=measure evaluated=11 k=2 scale_pct=200 age_ratio=16 host=65544 gc_pages=186481 gc_count=3938 waf_q16=251994 best=37 next=12 settled=0
[262289.696490] NVMeVirt: WATGC_V2 sample ns=0 part=2 epoch=1 window=13 phase=measure evaluated=11 k=2 scale_pct=200 age_ratio=16 host=65537 gc_pages=183808 gc_count=3896 waf_q16=249341 best=37 next=12 settled=0
[262290.818607] NVMeVirt: WATGC_V2 discard ns=0 part=0 epoch=1 phase=2 arm=14 host=58426 gc_pages=203721 gc_count=4096 reason=undersized
[262292.611714] tee (422136): drop_caches: 3
[262294.842349] NVMeVirt: WATGC_V2 discard ns=0 part=3 epoch=1 phase=2 arm=12 host=50109 gc_pages=212042 gc_count=4096 reason=undersized
[262294.944647] NVMeVirt: WATGC_V2 discard ns=0 part=1 epoch=1 phase=2 arm=12 host=50473 gc_pages=211680 gc_count=4096 reason=undersized
[262294.980838] NVMeVirt: WATGC_V2 discard ns=0 part=2 epoch=1 phase=2 arm=12 host=49938 gc_pages=212202 gc_count=4096 reason=undersized
[262295.178397] NVMeVirt: WATGC_V2 discard ns=0 part=0 epoch=1 phase=2 arm=14 host=47791 gc_pages=214349 gc_count=4096 reason=undersized
[262298.326905] tee (422141): drop_caches: 3
[262299.776833] NVMeVirt: WATGC_V2 discard ns=0 part=0 epoch=1 phase=2 arm=14 host=45303 gc_pages=216839 gc_count=4096 reason=undersized
[262300.414623] NVMeVirt: WATGC_V2 discard ns=0 part=3 epoch=1 phase=2 arm=12 host=44951 gc_pages=217190 gc_count=4096 reason=undersized
[262300.565582] NVMeVirt: WATGC_V2 discard ns=0 part=1 epoch=1 phase=2 arm=12 host=45399 gc_pages=216747 gc_count=4096 reason=undersized
[262300.635571] NVMeVirt: WATGC_V2 discard ns=0 part=2 epoch=1 phase=2 arm=12 host=45888 gc_pages=216255 gc_count=4096 reason=undersized
[262303.931855] tee (422146): drop_caches: 3
[262304.402226] NVMeVirt: WATGC_V2 discard ns=0 part=0 epoch=1 phase=2 arm=14 host=44543 gc_pages=217597 gc_count=4096 reason=undersized
[262305.907615] NVMeVirt: WATGC_V2 discard ns=0 part=3 epoch=1 phase=2 arm=12 host=43891 gc_pages=218252 gc_count=4096 reason=undersized
[262306.113239] NVMeVirt: WATGC_V2 discard ns=0 part=2 epoch=1 phase=2 arm=12 host=43559 gc_pages=218591 gc_count=4096 reason=undersized
[262306.126596] NVMeVirt: WATGC_V2 discard ns=0 part=1 epoch=1 phase=2 arm=12 host=44761 gc_pages=217378 gc_count=4096 reason=undersized
[262309.034759] NVMeVirt: WATGC_V2 discard ns=0 part=0 epoch=1 phase=2 arm=14 host=44159 gc_pages=217991 gc_count=4096 reason=undersized
[262309.242187] tee (422154): drop_caches: 3
[262311.475063] NVMeVirt: WATGC_V2 discard ns=0 part=3 epoch=1 phase=2 arm=12 host=42750 gc_pages=219389 gc_count=4096 reason=undersized
[262311.724324] NVMeVirt: WATGC_V2 discard ns=0 part=2 epoch=1 phase=2 arm=12 host=42826 gc_pages=219320 gc_count=4096 reason=undersized
[262311.779387] NVMeVirt: WATGC_V2 discard ns=0 part=1 epoch=1 phase=2 arm=12 host=43453 gc_pages=218691 gc_count=4096 reason=undersized
[262313.791539] NVMeVirt: WATGC_V2 discard ns=0 part=0 epoch=1 phase=2 arm=14 host=42926 gc_pages=219216 gc_count=4096 reason=undersized
[262314.556704] tee (422158): drop_caches: 3
[262317.122885] NVMeVirt: WATGC_V2 discard ns=0 part=3 epoch=1 phase=2 arm=12 host=42461 gc_pages=219681 gc_count=4096 reason=undersized
[262317.376289] NVMeVirt: WATGC_V2 discard ns=0 part=2 epoch=1 phase=2 arm=12 host=42351 gc_pages=219789 gc_count=4096 reason=undersized
[262317.466015] NVMeVirt: WATGC_V2 discard ns=0 part=1 epoch=1 phase=2 arm=12 host=42847 gc_pages=219301 gc_count=4096 reason=undersized
[262318.542874] NVMeVirt: WATGC_V2 discard ns=0 part=0 epoch=1 phase=2 arm=14 host=42417 gc_pages=219728 gc_count=4096 reason=undersized
[262319.766792] tee (422164): drop_caches: 3
[262322.759162] NVMeVirt: WATGC_V2 discard ns=0 part=3 epoch=1 phase=2 arm=12 host=41882 gc_pages=220264 gc_count=4096 reason=undersized
[262323.133359] NVMeVirt: WATGC_V2 discard ns=0 part=2 epoch=1 phase=2 arm=12 host=42872 gc_pages=219274 gc_count=4096 reason=undersized
[262323.207148] NVMeVirt: WATGC_V2 discard ns=0 part=1 epoch=1 phase=2 arm=12 host=42474 gc_pages=219669 gc_count=4096 reason=undersized
[262323.294067] NVMeVirt: WATGC_V2 discard ns=0 part=0 epoch=1 phase=2 arm=14 host=42202 gc_pages=219944 gc_count=4096 reason=undersized
[262325.040425] tee (422168): drop_caches: 3
[262328.056162] NVMeVirt: WATGC_V2 discard ns=0 part=0 epoch=1 phase=2 arm=14 host=42086 gc_pages=220061 gc_count=4096 reason=undersized
[262328.445492] NVMeVirt: WATGC_V2 discard ns=0 part=3 epoch=1 phase=2 arm=12 host=42339 gc_pages=219808 gc_count=4096 reason=undersized
[262328.836531] NVMeVirt: WATGC_V2 discard ns=0 part=2 epoch=1 phase=2 arm=12 host=42298 gc_pages=219848 gc_count=4096 reason=undersized
[262328.894743] NVMeVirt: WATGC_V2 discard ns=0 part=1 epoch=1 phase=2 arm=12 host=41877 gc_pages=220262 gc_count=4096 reason=undersized
[262330.330025] tee (422172): drop_caches: 3
[262332.798230] NVMeVirt: WATGC_V2 discard ns=0 part=0 epoch=1 phase=2 arm=14 host=42075 gc_pages=220072 gc_count=4096 reason=undersized
[262334.198099] NVMeVirt: WATGC_V2 discard ns=0 part=3 epoch=1 phase=2 arm=12 host=42745 gc_pages=219403 gc_count=4096 reason=undersized
[262334.545082] NVMeVirt: WATGC_V2 discard ns=0 part=2 epoch=1 phase=2 arm=12 host=41651 gc_pages=220494 gc_count=4096 reason=undersized
[262334.647927] NVMeVirt: WATGC_V2 discard ns=0 part=1 epoch=1 phase=2 arm=12 host=42376 gc_pages=219766 gc_count=4096 reason=undersized
[262335.582755] tee (422176): drop_caches: 3
[262337.543223] NVMeVirt: WATGC_V2 discard ns=0 part=0 epoch=1 phase=2 arm=14 host=42206 gc_pages=219938 gc_count=4096 reason=undersized
[262339.852163] NVMeVirt: WATGC_V2 discard ns=0 part=3 epoch=1 phase=2 arm=12 host=42023 gc_pages=220119 gc_count=4096 reason=undersized
[262340.143654] NVMeVirt: WATGC_V2 discard ns=0 part=2 epoch=1 phase=2 arm=12 host=41268 gc_pages=220877 gc_count=4096 reason=undersized
[262340.291285] NVMeVirt: WATGC_V2 discard ns=0 part=1 epoch=1 phase=2 arm=12 host=41889 gc_pages=220256 gc_count=4096 reason=undersized
[262340.936640] tee (422183): drop_caches: 3
[262342.309306] NVMeVirt: WATGC_V2 discard ns=0 part=0 epoch=1 phase=2 arm=14 host=41805 gc_pages=220339 gc_count=4096 reason=undersized
[262345.534516] NVMeVirt: WATGC_V2 discard ns=0 part=3 epoch=1 phase=2 arm=12 host=41897 gc_pages=220247 gc_count=4096 reason=undersized
[262345.840722] NVMeVirt: WATGC_V2 discard ns=0 part=2 epoch=1 phase=2 arm=12 host=41590 gc_pages=220554 gc_count=4096 reason=undersized
[262346.003243] NVMeVirt: WATGC_V2 discard ns=0 part=1 epoch=1 phase=2 arm=12 host=41764 gc_pages=220380 gc_count=4096 reason=undersized
[262346.305056] tee (422187): drop_caches: 3
[262347.099791] NVMeVirt: WATGC_V2 discard ns=0 part=0 epoch=1 phase=2 arm=14 host=42087 gc_pages=220057 gc_count=4096 reason=undersized
[262351.203605] NVMeVirt: WATGC_V2 discard ns=0 part=3 epoch=1 phase=2 arm=12 host=41782 gc_pages=220353 gc_count=4096 reason=undersized
[262351.507288] NVMeVirt: WATGC_V2 discard ns=0 part=2 epoch=1 phase=2 arm=12 host=41333 gc_pages=220816 gc_count=4096 reason=undersized
[262351.631879] tee (422191): drop_caches: 3
[262351.673366] NVMeVirt: WATGC_V2 discard ns=0 part=1 epoch=1 phase=2 arm=12 host=41431 gc_pages=220709 gc_count=4096 reason=undersized
[262351.879701] NVMeVirt: WATGC_V2 discard ns=0 part=0 epoch=1 phase=2 arm=14 host=41698 gc_pages=220448 gc_count=4096 reason=undersized
[262356.689706] NVMeVirt: WATGC_V2 discard ns=0 part=0 epoch=1 phase=2 arm=14 host=41530 gc_pages=220614 gc_count=4096 reason=undersized
[262356.920170] tee (422195): drop_caches: 3
[262356.986278] NVMeVirt: WATGC_V2 discard ns=0 part=3 epoch=1 phase=2 arm=12 host=42330 gc_pages=219821 gc_count=4096 reason=undersized
[262357.247192] NVMeVirt: WATGC_V2 discard ns=0 part=2 epoch=1 phase=2 arm=12 host=41391 gc_pages=220754 gc_count=4096 reason=undersized
[262357.432138] NVMeVirt: WATGC_V2 discard ns=0 part=1 epoch=1 phase=2 arm=12 host=41716 gc_pages=220428 gc_count=4096 reason=undersized
[262361.489666] NVMeVirt: WATGC_V2 discard ns=0 part=0 epoch=1 phase=2 arm=14 host=41694 gc_pages=220444 gc_count=4096 reason=undersized
[262362.259438] tee (422201): drop_caches: 3
[262362.698066] NVMeVirt: WATGC_V2 discard ns=0 part=3 epoch=1 phase=2 arm=12 host=41925 gc_pages=220218 gc_count=4096 reason=undersized
[262362.908134] NVMeVirt: WATGC_V2 discard ns=0 part=2 epoch=1 phase=2 arm=12 host=41036 gc_pages=221111 gc_count=4096 reason=undersized
[262363.195437] NVMeVirt: WATGC_V2 discard ns=0 part=1 epoch=1 phase=2 arm=12 host=42051 gc_pages=220094 gc_count=4096 reason=undersized
[262366.238416] NVMeVirt: WATGC_V2 discard ns=0 part=0 epoch=1 phase=2 arm=14 host=42119 gc_pages=220025 gc_count=4096 reason=undersized
[262367.609878] tee (422205): drop_caches: 3
[262368.323000] NVMeVirt: WATGC_V2 discard ns=0 part=3 epoch=1 phase=2 arm=12 host=41180 gc_pages=220961 gc_count=4096 reason=undersized
[262368.618647] NVMeVirt: WATGC_V2 discard ns=0 part=2 epoch=1 phase=2 arm=12 host=41718 gc_pages=220424 gc_count=4096 reason=undersized
[262368.916543] NVMeVirt: WATGC_V2 discard ns=0 part=1 epoch=1 phase=2 arm=12 host=42247 gc_pages=219897 gc_count=4096 reason=undersized
[262371.059788] NVMeVirt: WATGC_V2 discard ns=0 part=0 epoch=1 phase=2 arm=14 host=42093 gc_pages=220055 gc_count=4096 reason=undersized
[262372.830620] tee (422213): drop_caches: 3
[262373.967293] NVMeVirt: WATGC_V2 discard ns=0 part=3 epoch=1 phase=2 arm=12 host=41360 gc_pages=220787 gc_count=4096 reason=undersized
[262374.322522] NVMeVirt: WATGC_V2 discard ns=0 part=2 epoch=1 phase=2 arm=12 host=41446 gc_pages=220694 gc_count=4096 reason=undersized
[262374.579988] NVMeVirt: WATGC_V2 discard ns=0 part=1 epoch=1 phase=2 arm=12 host=41114 gc_pages=221021 gc_count=4096 reason=undersized
[262375.876051] NVMeVirt: WATGC_V2 discard ns=0 part=0 epoch=1 phase=2 arm=14 host=41403 gc_pages=220740 gc_count=4096 reason=undersized
[262378.000063] tee (422217): drop_caches: 3
[262379.720758] NVMeVirt: WATGC_V2 discard ns=0 part=3 epoch=1 phase=2 arm=12 host=41734 gc_pages=220408 gc_count=4096 reason=undersized
[262380.093462] NVMeVirt: WATGC_V2 discard ns=0 part=2 epoch=1 phase=2 arm=12 host=41380 gc_pages=220767 gc_count=4096 reason=undersized
[262380.309458] NVMeVirt: WATGC_V2 discard ns=0 part=1 epoch=1 phase=2 arm=12 host=41339 gc_pages=220809 gc_count=4096 reason=undersized
[262380.699370] NVMeVirt: WATGC_V2 discard ns=0 part=0 epoch=1 phase=2 arm=14 host=41401 gc_pages=220745 gc_count=4096 reason=undersized
[262383.204261] tee (422223): drop_caches: 3
[262385.383068] NVMeVirt: WATGC_V2 discard ns=0 part=3 epoch=1 phase=2 arm=12 host=40747 gc_pages=221392 gc_count=4096 reason=undersized
[262385.497576] NVMeVirt: WATGC_V2 discard ns=0 part=0 epoch=1 phase=2 arm=14 host=41165 gc_pages=220976 gc_count=4096 reason=undersized
[262385.800916] NVMeVirt: WATGC_V2 discard ns=0 part=2 epoch=1 phase=2 arm=12 host=41117 gc_pages=221026 gc_count=4096 reason=undersized
[262386.048995] NVMeVirt: WATGC_V2 discard ns=0 part=1 epoch=1 phase=2 arm=12 host=41545 gc_pages=220599 gc_count=4096 reason=undersized
[262388.434704] tee (422228): drop_caches: 3
[262390.300509] NVMeVirt: WATGC_V2 discard ns=0 part=0 epoch=1 phase=2 arm=14 host=41359 gc_pages=220786 gc_count=4096 reason=undersized
[262391.135854] NVMeVirt: WATGC_V2 discard ns=0 part=3 epoch=1 phase=2 arm=12 host=41663 gc_pages=220476 gc_count=4096 reason=undersized
[262391.605287] NVMeVirt: WATGC_V2 discard ns=0 part=2 epoch=1 phase=2 arm=12 host=41868 gc_pages=220275 gc_count=4096 reason=undersized
[262391.825632] NVMeVirt: WATGC_V2 discard ns=0 part=1 epoch=1 phase=2 arm=12 host=41823 gc_pages=220320 gc_count=4096 reason=undersized
[262393.656351] tee (422232): drop_caches: 3
[262395.060596] NVMeVirt: WATGC_V2 discard ns=0 part=0 epoch=1 phase=2 arm=14 host=41518 gc_pages=220625 gc_count=4096 reason=undersized
[262396.826750] NVMeVirt: WATGC_V2 discard ns=0 part=3 epoch=1 phase=2 arm=12 host=41217 gc_pages=220923 gc_count=4096 reason=undersized
[262397.320616] NVMeVirt: WATGC_V2 discard ns=0 part=2 epoch=1 phase=2 arm=12 host=41205 gc_pages=220938 gc_count=4096 reason=undersized
[262397.552964] NVMeVirt: WATGC_V2 discard ns=0 part=1 epoch=1 phase=2 arm=12 host=41426 gc_pages=220719 gc_count=4096 reason=undersized
[262399.121254] tee (422236): drop_caches: 3
[262399.823098] NVMeVirt: WATGC_V2 discard ns=0 part=0 epoch=1 phase=2 arm=14 host=41739 gc_pages=220408 gc_count=4096 reason=undersized
[262402.510147] NVMeVirt: WATGC_V2 discard ns=0 part=3 epoch=1 phase=2 arm=12 host=41203 gc_pages=220941 gc_count=4096 reason=undersized
[262403.056713] NVMeVirt: WATGC_V2 discard ns=0 part=2 epoch=1 phase=2 arm=12 host=41301 gc_pages=220842 gc_count=4096 reason=undersized
[262403.258632] NVMeVirt: WATGC_V2 discard ns=0 part=1 epoch=1 phase=2 arm=12 host=41318 gc_pages=220823 gc_count=4096 reason=undersized
[262404.537562] tee (422242): drop_caches: 3
[262404.623497] NVMeVirt: WATGC_V2 discard ns=0 part=0 epoch=1 phase=2 arm=14 host=41554 gc_pages=220590 gc_count=4096 reason=undersized
[262408.207024] NVMeVirt: WATGC_V2 discard ns=0 part=3 epoch=1 phase=2 arm=12 host=41657 gc_pages=220485 gc_count=4096 reason=undersized
[262408.735901] NVMeVirt: WATGC_V2 discard ns=0 part=2 epoch=1 phase=2 arm=12 host=41296 gc_pages=220844 gc_count=4096 reason=undersized
[262408.949817] NVMeVirt: WATGC_V2 discard ns=0 part=1 epoch=1 phase=2 arm=12 host=41548 gc_pages=220595 gc_count=4096 reason=undersized
[262409.386683] NVMeVirt: WATGC_V2 discard ns=0 part=0 epoch=1 phase=2 arm=14 host=41864 gc_pages=220281 gc_count=4096 reason=undersized
[262409.713125] tee (422246): drop_caches: 3
[262413.882211] NVMeVirt: WATGC_V2 discard ns=0 part=3 epoch=1 phase=2 arm=12 host=41537 gc_pages=220603 gc_count=4096 reason=undersized
[262414.146162] NVMeVirt: WATGC_V2 discard ns=0 part=0 epoch=1 phase=2 arm=14 host=41897 gc_pages=220248 gc_count=4096 reason=undersized
[262414.461881] NVMeVirt: WATGC_V2 discard ns=0 part=2 epoch=1 phase=2 arm=12 host=41795 gc_pages=220345 gc_count=4096 reason=undersized
[262414.612507] NVMeVirt: WATGC_V2 discard ns=0 part=1 epoch=1 phase=2 arm=12 host=41193 gc_pages=220955 gc_count=4096 reason=undersized
[262414.914822] tee (422250): drop_caches: 3
[262418.893297] NVMeVirt: WATGC_V2 discard ns=0 part=0 epoch=1 phase=2 arm=14 host=41642 gc_pages=220502 gc_count=4096 reason=undersized
[262419.578052] NVMeVirt: WATGC_V2 discard ns=0 part=3 epoch=1 phase=2 arm=12 host=41697 gc_pages=220447 gc_count=4096 reason=undersized
[262420.175801] NVMeVirt: WATGC_V2 discard ns=0 part=2 epoch=1 phase=2 arm=12 host=41304 gc_pages=220836 gc_count=4096 reason=undersized
[262420.252209] tee (422255): drop_caches: 3
[262420.294295] NVMeVirt: WATGC_V2 discard ns=0 part=1 epoch=1 phase=2 arm=12 host=41113 gc_pages=221034 gc_count=4096 reason=undersized
[262423.648368] NVMeVirt: WATGC_V2 discard ns=0 part=0 epoch=1 phase=2 arm=14 host=41911 gc_pages=220227 gc_count=4096 reason=undersized
[262425.302843] NVMeVirt: WATGC_V2 discard ns=0 part=3 epoch=1 phase=2 arm=12 host=41857 gc_pages=220287 gc_count=4096 reason=undersized
[262425.329247] tee (422260): drop_caches: 3
[262425.908909] NVMeVirt: WATGC_V2 discard ns=0 part=2 epoch=1 phase=2 arm=12 host=41361 gc_pages=220787 gc_count=4096 reason=undersized
[262426.001432] NVMeVirt: WATGC_V2 discard ns=0 part=1 epoch=1 phase=2 arm=12 host=41376 gc_pages=220769 gc_count=4096 reason=undersized
[262428.423044] NVMeVirt: WATGC_V2 discard ns=0 part=0 epoch=1 phase=2 arm=14 host=41868 gc_pages=220272 gc_count=4096 reason=undersized
[262430.418783] tee (422268): drop_caches: 3
[262430.954431] NVMeVirt: WATGC_V2 discard ns=0 part=3 epoch=1 phase=2 arm=12 host=41680 gc_pages=220463 gc_count=4096 reason=undersized
[262431.587237] NVMeVirt: WATGC_V2 discard ns=0 part=2 epoch=1 phase=2 arm=12 host=41779 gc_pages=220365 gc_count=4096 reason=undersized
[262431.674571] NVMeVirt: WATGC_V2 discard ns=0 part=1 epoch=1 phase=2 arm=12 host=41735 gc_pages=220407 gc_count=4096 reason=undersized
[262433.204617] NVMeVirt: WATGC_V2 discard ns=0 part=0 epoch=1 phase=2 arm=14 host=41217 gc_pages=220928 gc_count=4096 reason=undersized
[262435.663246] tee (422272): drop_caches: 3
[262436.641237] NVMeVirt: WATGC_V2 discard ns=0 part=3 epoch=1 phase=2 arm=12 host=41271 gc_pages=220867 gc_count=4096 reason=undersized
[262437.344735] NVMeVirt: WATGC_V2 discard ns=0 part=2 epoch=1 phase=2 arm=12 host=41690 gc_pages=220458 gc_count=4096 reason=undersized
[262437.384553] NVMeVirt: WATGC_V2 discard ns=0 part=1 epoch=1 phase=2 arm=12 host=41538 gc_pages=220605 gc_count=4096 reason=undersized
[262438.027130] NVMeVirt: WATGC_V2 discard ns=0 part=0 epoch=1 phase=2 arm=14 host=41539 gc_pages=220603 gc_count=4096 reason=undersized
[262441.227758] tee (422278): drop_caches: 3
[262442.320665] NVMeVirt: WATGC_V2 discard ns=0 part=3 epoch=1 phase=2 arm=12 host=41491 gc_pages=220660 gc_count=4096 reason=undersized
[262442.850146] NVMeVirt: WATGC_V2 discard ns=0 part=0 epoch=1 phase=2 arm=14 host=41283 gc_pages=220861 gc_count=4096 reason=undersized
[262443.059608] NVMeVirt: WATGC_V2 discard ns=0 part=2 epoch=1 phase=2 arm=12 host=41494 gc_pages=220646 gc_count=4096 reason=undersized
[262443.099655] NVMeVirt: WATGC_V2 discard ns=0 part=1 epoch=1 phase=2 arm=12 host=41656 gc_pages=220483 gc_count=4096 reason=undersized
[262446.384562] tee (422282): drop_caches: 3
[262447.699575] NVMeVirt: WATGC_V2 discard ns=0 part=0 epoch=1 phase=2 arm=14 host=41445 gc_pages=220697 gc_count=4096 reason=undersized
[262448.039500] NVMeVirt: WATGC_V2 discard ns=0 part=3 epoch=1 phase=2 arm=12 host=41643 gc_pages=220501 gc_count=4096 reason=undersized
[262448.804771] NVMeVirt: WATGC_V2 discard ns=0 part=2 epoch=1 phase=2 arm=12 host=41331 gc_pages=220805 gc_count=4096 reason=undersized
[262448.883148] NVMeVirt: WATGC_V2 discard ns=0 part=1 epoch=1 phase=2 arm=12 host=42081 gc_pages=220063 gc_count=4096 reason=undersized
[262451.577277] tee (422286): drop_caches: 3
[262452.519173] NVMeVirt: WATGC_V2 discard ns=0 part=0 epoch=1 phase=2 arm=14 host=41737 gc_pages=220402 gc_count=4096 reason=undersized
[262453.752345] NVMeVirt: WATGC_V2 discard ns=0 part=3 epoch=1 phase=2 arm=12 host=41826 gc_pages=220319 gc_count=4096 reason=undersized
[262454.559373] NVMeVirt: WATGC_V2 discard ns=0 part=2 epoch=1 phase=2 arm=12 host=41770 gc_pages=220375 gc_count=4096 reason=undersized
[262454.632138] NVMeVirt: WATGC_V2 discard ns=0 part=1 epoch=1 phase=2 arm=12 host=41774 gc_pages=220366 gc_count=4096 reason=undersized
[262456.878872] tee (422290): drop_caches: 3
[262457.289517] NVMeVirt: WATGC_V2 discard ns=0 part=0 epoch=1 phase=2 arm=14 host=41911 gc_pages=220229 gc_count=4096 reason=undersized
[262459.380407] NVMeVirt: WATGC_V2 discard ns=0 part=3 epoch=1 phase=2 arm=12 host=41555 gc_pages=220589 gc_count=4096 reason=undersized
[262460.210518] NVMeVirt: WATGC_V2 discard ns=0 part=2 epoch=1 phase=2 arm=12 host=41478 gc_pages=220669 gc_count=4096 reason=undersized
[262460.267090] NVMeVirt: WATGC_V2 discard ns=0 part=1 epoch=1 phase=2 arm=12 host=41459 gc_pages=220682 gc_count=4096 reason=undersized
[262462.084506] NVMeVirt: WATGC_V2 discard ns=0 part=0 epoch=1 phase=2 arm=14 host=42037 gc_pages=220108 gc_count=4096 reason=undersized
[262462.110842] tee (422297): drop_caches: 3
[262465.102383] NVMeVirt: WATGC_V2 discard ns=0 part=3 epoch=1 phase=2 arm=12 host=41799 gc_pages=220341 gc_count=4096 reason=undersized
[262465.960366] NVMeVirt: WATGC_V2 discard ns=0 part=2 epoch=1 phase=2 arm=12 host=41598 gc_pages=220546 gc_count=4096 reason=undersized
[262466.017810] NVMeVirt: WATGC_V2 discard ns=0 part=1 epoch=1 phase=2 arm=12 host=41929 gc_pages=220214 gc_count=4096 reason=undersized
[262466.946478] NVMeVirt: WATGC_V2 discard ns=0 part=0 epoch=1 phase=2 arm=14 host=41504 gc_pages=220641 gc_count=4096 reason=undersized
[262467.344830] tee (422301): drop_caches: 3
[262470.785410] NVMeVirt: WATGC_V2 discard ns=0 part=3 epoch=1 phase=2 arm=12 host=41739 gc_pages=220407 gc_count=4096 reason=undersized
[262471.681292] NVMeVirt: WATGC_V2 discard ns=0 part=2 epoch=1 phase=2 arm=12 host=41527 gc_pages=220617 gc_count=4096 reason=undersized
[262471.750216] NVMeVirt: WATGC_V2 discard ns=0 part=1 epoch=1 phase=2 arm=12 host=41990 gc_pages=220151 gc_count=4096 reason=undersized
[262471.769453] NVMeVirt: WATGC_V2 discard ns=0 part=0 epoch=1 phase=2 arm=14 host=41668 gc_pages=220478 gc_count=4096 reason=undersized
[262472.373337] tee (422344): drop_caches: 3
[262476.511671] NVMeVirt: WATGC_V2 discard ns=0 part=3 epoch=1 phase=2 arm=12 host=41480 gc_pages=220662 gc_count=4096 reason=undersized
[262476.651215] NVMeVirt: WATGC_V2 discard ns=0 part=0 epoch=1 phase=2 arm=14 host=41220 gc_pages=220924 gc_count=4096 reason=undersized
[262477.426521] NVMeVirt: WATGC_V2 discard ns=0 part=2 epoch=1 phase=2 arm=12 host=41368 gc_pages=220777 gc_count=4096 reason=undersized
[262477.488105] NVMeVirt: WATGC_V2 discard ns=0 part=1 epoch=1 phase=2 arm=12 host=41391 gc_pages=220750 gc_count=4096 reason=undersized
[262478.768193] tee (422381): drop_caches: 3
[262481.526260] NVMeVirt: WATGC_V2 discard ns=0 part=0 epoch=1 phase=2 arm=14 host=41487 gc_pages=220654 gc_count=4096 reason=undersized
[262482.217421] NVMeVirt: WATGC_V2 discard ns=0 part=3 epoch=1 phase=2 arm=12 host=41625 gc_pages=220524 gc_count=4096 reason=undersized
[262483.134835] NVMeVirt: WATGC_V2 discard ns=0 part=2 epoch=1 phase=2 arm=12 host=41308 gc_pages=220832 gc_count=4096 reason=undersized
[262483.207022] NVMeVirt: WATGC_V2 discard ns=0 part=1 epoch=1 phase=2 arm=12 host=41654 gc_pages=220492 gc_count=4096 reason=undersized
[262484.995558] tee (422414): drop_caches: 3
[262486.313552] NVMeVirt: WATGC_V2 discard ns=0 part=0 epoch=1 phase=2 arm=14 host=41987 gc_pages=220157 gc_count=4096 reason=undersized
[262487.919172] NVMeVirt: WATGC_V2 discard ns=0 part=3 epoch=1 phase=2 arm=12 host=41876 gc_pages=220267 gc_count=4096 reason=undersized
[262488.883122] NVMeVirt: WATGC_V2 discard ns=0 part=2 epoch=1 phase=2 arm=12 host=42225 gc_pages=219917 gc_count=4096 reason=undersized
[262488.921918] NVMeVirt: WATGC_V2 discard ns=0 part=1 epoch=1 phase=2 arm=12 host=41926 gc_pages=220220 gc_count=4096 reason=undersized
[262490.322309] tee (422422): drop_caches: 3
[262491.158226] NVMeVirt: WATGC_V2 discard ns=0 part=0 epoch=1 phase=2 arm=14 host=41851 gc_pages=220296 gc_count=4096 reason=undersized
[262493.598209] NVMeVirt: WATGC_V2 discard ns=0 part=3 epoch=1 phase=2 arm=12 host=41476 gc_pages=220668 gc_count=4096 reason=undersized
[262494.637992] NVMeVirt: WATGC_V2 discard ns=0 part=1 epoch=1 phase=2 arm=12 host=41598 gc_pages=220551 gc_count=4096 reason=undersized
[262494.651528] NVMeVirt: WATGC_V2 discard ns=0 part=2 epoch=1 phase=2 arm=12 host=41807 gc_pages=220343 gc_count=4096 reason=undersized
[262495.752325] tee (422426): drop_caches: 3
[262496.009733] NVMeVirt: WATGC_V2 discard ns=0 part=0 epoch=1 phase=2 arm=14 host=41233 gc_pages=220912 gc_count=4096 reason=undersized
[262499.317328] NVMeVirt: WATGC_V2 discard ns=0 part=3 epoch=1 phase=2 arm=12 host=41443 gc_pages=220699 gc_count=4096 reason=undersized
[262500.370761] NVMeVirt: WATGC_V2 discard ns=0 part=1 epoch=1 phase=2 arm=12 host=41621 gc_pages=220523 gc_count=4096 reason=undersized
[262500.433137] NVMeVirt: WATGC_V2 discard ns=0 part=2 epoch=1 phase=2 arm=12 host=41705 gc_pages=220435 gc_count=4096 reason=undersized
[262500.879276] NVMeVirt: WATGC_V2 discard ns=0 part=0 epoch=1 phase=2 arm=14 host=41529 gc_pages=220617 gc_count=4096 reason=undersized
[262501.024824] tee (422430): drop_caches: 3
[262505.032573] NVMeVirt: WATGC_V2 discard ns=0 part=3 epoch=1 phase=2 arm=12 host=41437 gc_pages=220709 gc_count=4096 reason=undersized
[262505.730817] NVMeVirt: WATGC_V2 discard ns=0 part=0 epoch=1 phase=2 arm=14 host=41194 gc_pages=220944 gc_count=4096 reason=undersized
[262506.115254] NVMeVirt: WATGC_V2 discard ns=0 part=1 epoch=1 phase=2 arm=12 host=41616 gc_pages=220527 gc_count=4096 reason=undersized
[262506.169040] tee (422436): drop_caches: 3
[262506.213220] NVMeVirt: WATGC_V2 discard ns=0 part=2 epoch=1 phase=2 arm=12 host=41846 gc_pages=220293 gc_count=4096 reason=undersized
[262510.596995] NVMeVirt: WATGC_V2 discard ns=0 part=0 epoch=1 phase=2 arm=14 host=41637 gc_pages=220506 gc_count=4096 reason=undersized
[262510.777107] NVMeVirt: WATGC_V2 discard ns=0 part=3 epoch=1 phase=2 arm=12 host=41962 gc_pages=220182 gc_count=4096 reason=undersized
[262511.332393] tee (422441): drop_caches: 3
[262511.835954] NVMeVirt: WATGC_V2 discard ns=0 part=1 epoch=1 phase=2 arm=12 host=41491 gc_pages=220652 gc_count=4096 reason=undersized
[262511.978044] NVMeVirt: WATGC_V2 discard ns=0 part=2 epoch=1 phase=2 arm=12 host=41817 gc_pages=220327 gc_count=4096 reason=undersized
[262515.414889] NVMeVirt: WATGC_V2 discard ns=0 part=0 epoch=1 phase=2 arm=14 host=41644 gc_pages=220503 gc_count=4096 reason=undersized
[262516.493080] tee (422445): drop_caches: 3
[262516.522580] NVMeVirt: WATGC_V2 discard ns=0 part=3 epoch=1 phase=2 arm=12 host=41681 gc_pages=220461 gc_count=4096 reason=undersized
[262517.594528] NVMeVirt: WATGC_V2 discard ns=0 part=1 epoch=1 phase=2 arm=12 host=42071 gc_pages=220073 gc_count=4096 reason=undersized
[262517.727597] NVMeVirt: WATGC_V2 discard ns=0 part=2 epoch=1 phase=2 arm=12 host=41821 gc_pages=220326 gc_count=4096 reason=undersized
[262520.194849] NVMeVirt: WATGC_V2 discard ns=0 part=0 epoch=1 phase=2 arm=14 host=41632 gc_pages=220512 gc_count=4096 reason=undersized
[262521.650880] tee (422449): drop_caches: 3
[262522.210753] NVMeVirt: WATGC_V2 discard ns=0 part=3 epoch=1 phase=2 arm=12 host=41754 gc_pages=220390 gc_count=4096 reason=undersized
[262523.319564] NVMeVirt: WATGC_V2 discard ns=0 part=1 epoch=1 phase=2 arm=12 host=42058 gc_pages=220087 gc_count=4096 reason=undersized
[262523.462333] NVMeVirt: WATGC_V2 discard ns=0 part=2 epoch=1 phase=2 arm=12 host=41628 gc_pages=220514 gc_count=4096 reason=undersized
[262525.079885] NVMeVirt: WATGC_V2 discard ns=0 part=0 epoch=1 phase=2 arm=14 host=41596 gc_pages=220548 gc_count=4096 reason=undersized
[262526.995498] tee (422455): drop_caches: 3
[262527.912814] NVMeVirt: WATGC_V2 discard ns=0 part=3 epoch=1 phase=2 arm=12 host=41783 gc_pages=220357 gc_count=4096 reason=undersized
[262529.061280] NVMeVirt: WATGC_V2 discard ns=0 part=1 epoch=1 phase=2 arm=12 host=41675 gc_pages=220473 gc_count=4096 reason=undersized
[262529.235094] NVMeVirt: WATGC_V2 discard ns=0 part=2 epoch=1 phase=2 arm=12 host=41994 gc_pages=220147 gc_count=4096 reason=undersized
[262529.942135] NVMeVirt: WATGC_V2 discard ns=0 part=0 epoch=1 phase=2 arm=14 host=41427 gc_pages=220718 gc_count=4096 reason=undersized
[262532.337755] tee (422460): drop_caches: 3
[262533.631322] NVMeVirt: WATGC_V2 discard ns=0 part=3 epoch=1 phase=2 arm=12 host=41783 gc_pages=220361 gc_count=4096 reason=undersized
[262534.809150] NVMeVirt: WATGC_V2 discard ns=0 part=1 epoch=1 phase=2 arm=12 host=41716 gc_pages=220433 gc_count=4096 reason=undersized
[262534.813383] NVMeVirt: WATGC_V2 discard ns=0 part=0 epoch=1 phase=2 arm=14 host=41263 gc_pages=220881 gc_count=4096 reason=undersized
[262534.969374] NVMeVirt: WATGC_V2 discard ns=0 part=2 epoch=1 phase=2 arm=12 host=41482 gc_pages=220664 gc_count=4096 reason=undersized
[262537.591864] tee (422464): drop_caches: 3
[262539.451681] NVMeVirt: WATGC_V2 discard ns=0 part=3 epoch=1 phase=2 arm=12 host=42012 gc_pages=220128 gc_count=4096 reason=undersized
[262539.689851] NVMeVirt: WATGC_V2 discard ns=0 part=0 epoch=1 phase=2 arm=14 host=41061 gc_pages=221082 gc_count=4096 reason=undersized
[262540.594505] NVMeVirt: WATGC_V2 discard ns=0 part=1 epoch=1 phase=2 arm=12 host=41657 gc_pages=220486 gc_count=4096 reason=undersized
[262540.779050] NVMeVirt: WATGC_V2 discard ns=0 part=2 epoch=1 phase=2 arm=12 host=41782 gc_pages=220365 gc_count=4096 reason=undersized
[262543.018592] tee (422476): drop_caches: 3
[262544.558116] NVMeVirt: WATGC_V2 discard ns=0 part=0 epoch=1 phase=2 arm=14 host=41891 gc_pages=220254 gc_count=4096 reason=undersized
[262546.701745] iCAT_FILEBENCH_MEASURE_END run=20260914-203609-421961
[262547.952383] EXT4-fs (nvme0n1): unmounting filesystem 04e27051-d4d1-44e5-83b8-8a2195149786.
[262548.329848] pci_bus 0001:10: busn_res: [bus 10-ff] is released
[262548.329892] NVMeVirt: WATGC_V2 summary ns=0 part=0 epoch=1 windows=15 epoch_windows=15 discarded=54 visited=15 covered=0 settled=0 phase=1 current=14 best=37 k=7 scale_pct=100 age_ratio=7 best_waf_valid=1 best_waf_q16=78402
[262548.329897] NVMeVirt: WATGC_V2 summary ns=0 part=1 epoch=1 windows=13 epoch_windows=13 discarded=44 visited=13 covered=0 settled=0 phase=2 current=12 best=37 k=7 scale_pct=100 age_ratio=7 best_waf_valid=1 best_waf_q16=81537
[262548.329900] NVMeVirt: WATGC_V2 summary ns=0 part=2 epoch=1 windows=13 epoch_windows=13 discarded=44 visited=13 covered=0 settled=0 phase=2 current=12 best=37 k=7 scale_pct=100 age_ratio=7 best_waf_valid=1 best_waf_q16=81375
[262548.329903] NVMeVirt: WATGC_V2 summary ns=0 part=3 epoch=1 windows=13 epoch_windows=13 discarded=44 visited=13 covered=0 settled=0 phase=2 current=12 best=37 k=7 scale_pct=100 age_ratio=7 best_waf_valid=1 best_waf_q16=81424
[262548.329906] NVMeVirt: GC stats: ns=0 policy=watgc-v2 host_pages=19433475 gc_pages=76375048 gc_count=1497001 WAF=4.930 warmup_gc=100-per-part
[262548.403385] NVMeVirt: Virtual NVMe device closed
