[1632438.687871] mix-mixJ-arm17-2027892 BEGIN
[1632438.775131] NVMeVirt: Version 1.10 for >> Samsung 970 Pro SSD <<
[1632438.775139] NVMeVirt: Storage: 0x100100000-0x300000000 (8191 MiB)
[1632438.785861] NVMeVirt: Total Capacity(GiB,MiB)=2,2048 chs=2 luns=4 lines=8192 blk-size(MiB,KiB)=0,64 line-size(MiB,KiB)=0,256
[1632438.797492] NVMeVirt: [chmodel_init] bandwidth 800 max_credits 26 tx_time 152
[1632438.809265] NVMeVirt: [chmodel_init] bandwidth 800 max_credits 26 tx_time 152
[1632438.809284] NVMeVirt: [chmodel_init] bandwidth 3360 max_credits 110 tx_time 36
[1632438.809286] NVMeVirt: Fixed CAT init ns=0 part=0 arm=17 k=4 scale_pct=25 age_ratio=16
[1632438.810970] NVMeVirt: pqueue: Copyright (c) 2014, Volkan Yazıcı <volkan.yazici@gmail.com>. All rights reserved.
[1632438.811036] NVMeVirt: Init FTL instance with 2 channels (524288 pages)
[1632438.811040] NVMeVirt: GC victim policy: cat-fig7-fixed ns=0 part=0 initial_k=4 initial_scale_pct=25 initial_age_ratio=16 warmup_gc=100
[1632438.822142] NVMeVirt: [chmodel_init] bandwidth 800 max_credits 26 tx_time 152
[1632438.832994] NVMeVirt: [chmodel_init] bandwidth 800 max_credits 26 tx_time 152
[1632438.833009] NVMeVirt: [chmodel_init] bandwidth 3360 max_credits 110 tx_time 36
[1632438.833011] NVMeVirt: Fixed CAT init ns=0 part=1 arm=17 k=4 scale_pct=25 age_ratio=16
[1632438.834383] NVMeVirt: Init FTL instance with 2 channels (524288 pages)
[1632438.834386] NVMeVirt: GC victim policy: cat-fig7-fixed ns=0 part=1 initial_k=4 initial_scale_pct=25 initial_age_ratio=16 warmup_gc=100
[1632438.845433] NVMeVirt: [chmodel_init] bandwidth 800 max_credits 26 tx_time 152
[1632438.856175] NVMeVirt: [chmodel_init] bandwidth 800 max_credits 26 tx_time 152
[1632438.856189] NVMeVirt: [chmodel_init] bandwidth 3360 max_credits 110 tx_time 36
[1632438.856191] NVMeVirt: Fixed CAT init ns=0 part=2 arm=17 k=4 scale_pct=25 age_ratio=16
[1632438.857441] NVMeVirt: Init FTL instance with 2 channels (524288 pages)
[1632438.857443] NVMeVirt: GC victim policy: cat-fig7-fixed ns=0 part=2 initial_k=4 initial_scale_pct=25 initial_age_ratio=16 warmup_gc=100
[1632438.867690] NVMeVirt: [chmodel_init] bandwidth 800 max_credits 26 tx_time 152
[1632438.878564] NVMeVirt: [chmodel_init] bandwidth 800 max_credits 26 tx_time 152
[1632438.878581] NVMeVirt: [chmodel_init] bandwidth 3360 max_credits 110 tx_time 36
[1632438.878583] NVMeVirt: Fixed CAT init ns=0 part=3 arm=17 k=4 scale_pct=25 age_ratio=16
[1632438.880080] NVMeVirt: Init FTL instance with 2 channels (524288 pages)
[1632438.880085] NVMeVirt: GC victim policy: cat-fig7-fixed ns=0 part=3 initial_k=4 initial_scale_pct=25 initial_age_ratio=16 warmup_gc=100
[1632438.880091] NVMeVirt: FTL physical space: 8588886016, logical space: 8026996276 (physical/logical * 100 = 107)
[1632438.880093] NVMeVirt: ns 0/1: size 7655 MiB
[1632438.880150] PCI host bridge to bus 0001:10
[1632438.880153] pci_bus 0001:10: root bus resource [io  0x0000-0xffff]
[1632438.880156] pci_bus 0001:10: root bus resource [mem 0x00000000-0x7fffffffff]
[1632438.880158] pci_bus 0001:10: root bus resource [bus 00-ff]
[1632438.880166] pci 0001:10:00.0: [0c51:0110] type 00 class 0x010802 PCIe Endpoint
[1632438.880170] pci 0001:10:00.0: BAR 0 [mem 0x100000000-0x100003fff 64bit]
[1632438.880173] pci 0001:10:00.0: enabling Extended Tags
[1632438.880312] NVMeVirt: Virtual PCI bus created (node 0)
[1632438.880626] NVMeVirt: nvmev_dispatcher started on cpu 1 (node 0)
[1632438.880659] NVMeVirt: nvmev_io_worker_0 started on cpu 2 (node 0)
[1632438.880665] NVMeVirt: Virtual NVMe device created
[1632438.880895] nvme nvme0: pci function 0001:10:00.0
[1632438.885548] nvme nvme0: 8/0/0 default/read/poll queues
[1632439.321632] EXT4-fs (nvme0n1): mounted filesystem f93f5ea4-f36a-426d-86dc-8acbb89141e0 r/w with ordered data mode. Quota mode: none.
[1632521.584318] NVMeVirt: Fixed CAT init ns=0 part=0 arm=17 k=4 scale_pct=25 age_ratio=16
[1632521.584324] NVMeVirt: Fixed CAT init ns=0 part=1 arm=17 k=4 scale_pct=25 age_ratio=16
[1632521.584326] NVMeVirt: Fixed CAT init ns=0 part=2 arm=17 k=4 scale_pct=25 age_ratio=16
[1632521.584328] NVMeVirt: Fixed CAT init ns=0 part=3 arm=17 k=4 scale_pct=25 age_ratio=16
[1632521.584329] NVMeVirt: Measurement: command=start epoch=1 host_bytes=0 learner_active=1
[1632521.593453] mix-mixJ-arm17-2027892 phase=A START
[1632521.604470] mix-mixJ-arm17-2027892 phase=A LOAD
[1632549.292374] mix-mixJ-arm17-2027892 phase=A RUN
[1632553.492556] tee (2028215): drop_caches: 3
[1632558.835714] tee (2028219): drop_caches: 3
[1632563.640039] tee (2028232): drop_caches: 3
[1632568.825564] tee (2028245): drop_caches: 3
[1632573.960334] tee (2028250): drop_caches: 3
[1632578.998618] tee (2028254): drop_caches: 3
[1632584.092158] tee (2028258): drop_caches: 3
[1632589.035755] tee (2028265): drop_caches: 3
[1632593.520849] tee (2028277): drop_caches: 3
[1632598.618045] tee (2028281): drop_caches: 3
[1632603.821107] tee (2028285): drop_caches: 3
[1632608.832298] tee (2028289): drop_caches: 3
[1632613.812890] tee (2028293): drop_caches: 3
[1632618.917618] tee (2028297): drop_caches: 3
[1632623.393733] tee (2028309): drop_caches: 3
[1632628.523629] tee (2028320): drop_caches: 3
[1632633.837781] tee (2028324): drop_caches: 3
[1632638.923241] tee (2028328): drop_caches: 3
[1632644.012523] tee (2028332): drop_caches: 3
[1632649.049073] tee (2028336): drop_caches: 3
[1632653.676931] tee (2028348): drop_caches: 3
[1632658.789706] tee (2028359): drop_caches: 3
[1632664.014225] tee (2028364): drop_caches: 3
[1632669.198973] tee (2028368): drop_caches: 3
[1632674.419931] tee (2028372): drop_caches: 3
[1632679.628651] tee (2028376): drop_caches: 3
[1632684.058786] tee (2028388): drop_caches: 3
[1632689.527744] tee (2028399): drop_caches: 3
[1632694.791483] tee (2028403): drop_caches: 3
[1632700.051613] tee (2028407): drop_caches: 3
[1632705.317916] tee (2028411): drop_caches: 3
[1632710.465985] tee (2028426): drop_caches: 3
[1632715.367566] tee (2028437): drop_caches: 3
[1632721.658349] tee (2028455): drop_caches: 3
[1632728.047590] tee (2028459): drop_caches: 3
[1632734.856981] tee (2028463): drop_caches: 3
[1632741.344853] tee (2028467): drop_caches: 3
[1632747.425680] tee (2028495): drop_caches: 3
[1632753.928413] tee (2028501): drop_caches: 3
[1632760.386825] tee (2028505): drop_caches: 3
[1632766.759135] tee (2028509): drop_caches: 3
[1632773.570856] tee (2028517): drop_caches: 3
[1632779.997716] tee (2028531): drop_caches: 3
[1632786.415854] tee (2028540): drop_caches: 3
[1632792.827961] tee (2028544): drop_caches: 3
[1632799.581376] tee (2028548): drop_caches: 3
[1632806.483710] tee (2028564): drop_caches: 3
[1632813.316600] tee (2028569): drop_caches: 3
[1632819.329499] tee (2028575): drop_caches: 3
[1632825.758836] tee (2028579): drop_caches: 3
[1632832.473571] tee (2028589): drop_caches: 3
[1632839.055242] tee (2028605): drop_caches: 3
[1632846.441135] tee (2028613): drop_caches: 3
[1632852.175181] tee (2028619): drop_caches: 3
[1632857.251505] tee (2028623): drop_caches: 3
[1632862.339176] tee (2028627): drop_caches: 3
[1632867.784709] tee (2028645): drop_caches: 3
[1632873.014024] tee (2028649): drop_caches: 3
[1632878.104730] tee (2028654): drop_caches: 3
[1632883.316132] tee (2028660): drop_caches: 3
[1632888.250198] tee (2028669): drop_caches: 3
[1632893.731003] tee (2028718): drop_caches: 3
[1632900.927927] tee (2028749): drop_caches: 3
[1632909.003478] tee (2028754): drop_caches: 3
[1632917.124785] tee (2028760): drop_caches: 3
[1632923.778089] tee (2028769): drop_caches: 3
[1632929.320065] tee (2028810): drop_caches: 3
[1632934.550195] tee (2028814): drop_caches: 3
[1632939.809612] tee (2028818): drop_caches: 3
[1632944.647558] tee (2028825): drop_caches: 3
[1632949.998935] tee (2028830): drop_caches: 3
[1632955.179455] tee (2028834): drop_caches: 3
[1632960.325779] tee (2028850): drop_caches: 3
[1632965.431588] tee (2028854): drop_caches: 3
[1632970.717607] tee (2028858): drop_caches: 3
[1632975.160670] tee (2028865): drop_caches: 3
[1632980.394745] tee (2028869): drop_caches: 3
[1632985.563007] tee (2028873): drop_caches: 3
[1632990.724898] tee (2028889): drop_caches: 3
[1632997.273426] tee (2028896): drop_caches: 3
[1632999.853913] mix-mixJ-arm17-2027892 phase=A END
[1632999.862418] mix-mixJ-arm17-2027892 phase=B START
[1632999.925932] mix-mixJ-arm17-2027892 phase=B RUN
[1633004.176172] tee (2028978): drop_caches: 3
[1633009.620860] tee (2028982): drop_caches: 3
[1633014.813460] tee (2028988): drop_caches: 3
[1633019.947747] tee (2029004): drop_caches: 3
[1633024.987268] tee (2029009): drop_caches: 3
[1633030.182069] tee (2029013): drop_caches: 3
[1633034.560454] tee (2029020): drop_caches: 3
[1633039.935171] tee (2029024): drop_caches: 3
[1633045.191171] tee (2029028): drop_caches: 3
[1633050.482107] tee (2029046): drop_caches: 3
[1633055.568409] tee (2029050): drop_caches: 3
[1633060.948722] tee (2029054): drop_caches: 3
[1633065.327721] tee (2029061): drop_caches: 3
[1633070.973827] tee (2029065): drop_caches: 3
[1633076.378400] tee (2029076): drop_caches: 3
[1633081.869330] tee (2029085): drop_caches: 3
[1633087.208816] tee (2029089): drop_caches: 3
[1633092.734066] tee (2029093): drop_caches: 3
[1633099.963311] tee (2029101): drop_caches: 3
[1633105.057254] mix-mixJ-arm17-2027892 phase=B END
[1633105.306238] NVMeVirt: Measurement: command=stop epoch=1 host_bytes=35513671680 learner_active=0
[1633110.483936] EXT4-fs (nvme0n1): unmounting filesystem f93f5ea4-f36a-426d-86dc-8acbb89141e0.
[1633110.960675] pci_bus 0001:10: busn_res: [bus 10-ff] is released
[1633110.960817] NVMeVirt: GC stats: ns=0 policy=cat-fig7-fixed host_pages=8670330 gc_pages=2138277 gc_count=168885 WAF=1.246 warmup_gc=100-per-part
[1633111.033844] NVMeVirt: Virtual NVMe device closed
