[676865.254029] mix-mixA-arm45-3923842 BEGIN
[676865.287170] NVMeVirt: Version 1.10 for >> Samsung 970 Pro SSD <<
[676865.287181] NVMeVirt: Storage: 0x100100000-0x300000000 (8191 MiB)
[676865.298223] NVMeVirt: Total Capacity(GiB,MiB)=2,2048 chs=2 luns=4 lines=8192 blk-size(MiB,KiB)=0,64 line-size(MiB,KiB)=0,256
[676865.309393] NVMeVirt: [chmodel_init] bandwidth 800 max_credits 26 tx_time 152
[676865.320096] NVMeVirt: [chmodel_init] bandwidth 800 max_credits 26 tx_time 152
[676865.320111] NVMeVirt: [chmodel_init] bandwidth 3360 max_credits 110 tx_time 36
[676865.320113] NVMeVirt: Fixed CAT init ns=0 part=0 arm=45 k=10 scale_pct=25 age_ratio=4
[676865.321085] NVMeVirt: pqueue: Copyright (c) 2014, Volkan Yazıcı <volkan.yazici@gmail.com>. All rights reserved.
[676865.321121] NVMeVirt: Init FTL instance with 2 channels (524288 pages)
[676865.321123] NVMeVirt: GC victim policy: cat-fig7-fixed ns=0 part=0 initial_k=10 initial_scale_pct=25 initial_age_ratio=4 warmup_gc=100
[676865.332005] NVMeVirt: [chmodel_init] bandwidth 800 max_credits 26 tx_time 152
[676865.342474] NVMeVirt: [chmodel_init] bandwidth 800 max_credits 26 tx_time 152
[676865.342488] NVMeVirt: [chmodel_init] bandwidth 3360 max_credits 110 tx_time 36
[676865.342490] NVMeVirt: Fixed CAT init ns=0 part=1 arm=45 k=10 scale_pct=25 age_ratio=4
[676865.343432] NVMeVirt: Init FTL instance with 2 channels (524288 pages)
[676865.343435] NVMeVirt: GC victim policy: cat-fig7-fixed ns=0 part=1 initial_k=10 initial_scale_pct=25 initial_age_ratio=4 warmup_gc=100
[676865.354220] NVMeVirt: [chmodel_init] bandwidth 800 max_credits 26 tx_time 152
[676865.364830] NVMeVirt: [chmodel_init] bandwidth 800 max_credits 26 tx_time 152
[676865.364844] NVMeVirt: [chmodel_init] bandwidth 3360 max_credits 110 tx_time 36
[676865.364846] NVMeVirt: Fixed CAT init ns=0 part=2 arm=45 k=10 scale_pct=25 age_ratio=4
[676865.365856] NVMeVirt: Init FTL instance with 2 channels (524288 pages)
[676865.365859] NVMeVirt: GC victim policy: cat-fig7-fixed ns=0 part=2 initial_k=10 initial_scale_pct=25 initial_age_ratio=4 warmup_gc=100
[676865.376545] NVMeVirt: [chmodel_init] bandwidth 800 max_credits 26 tx_time 152
[676865.387231] NVMeVirt: [chmodel_init] bandwidth 800 max_credits 26 tx_time 152
[676865.387244] NVMeVirt: [chmodel_init] bandwidth 3360 max_credits 110 tx_time 36
[676865.387246] NVMeVirt: Fixed CAT init ns=0 part=3 arm=45 k=10 scale_pct=25 age_ratio=4
[676865.388135] NVMeVirt: Init FTL instance with 2 channels (524288 pages)
[676865.388138] NVMeVirt: GC victim policy: cat-fig7-fixed ns=0 part=3 initial_k=10 initial_scale_pct=25 initial_age_ratio=4 warmup_gc=100
[676865.388144] NVMeVirt: FTL physical space: 8588886016, logical space: 8026996276 (physical/logical * 100 = 107)
[676865.388146] NVMeVirt: ns 0/1: size 7655 MiB
[676865.388230] PCI host bridge to bus 0001:10
[676865.388233] pci_bus 0001:10: root bus resource [io  0x0000-0xffff]
[676865.388237] pci_bus 0001:10: root bus resource [mem 0x00000000-0x7fffffffff]
[676865.388239] pci_bus 0001:10: root bus resource [bus 00-ff]
[676865.388249] pci 0001:10:00.0: [0c51:0110] type 00 class 0x010802 PCIe Endpoint
[676865.388278] pci 0001:10:00.0: BAR 0 [mem 0x100000000-0x100003fff 64bit]
[676865.388282] pci 0001:10:00.0: enabling Extended Tags
[676865.388445] NVMeVirt: Virtual PCI bus created (node 0)
[676865.388737] NVMeVirt: nvmev_io_worker_0 started on cpu 2 (node 0)
[676865.388882] NVMeVirt: nvmev_dispatcher started on cpu 1 (node 0)
[676865.388897] NVMeVirt: Virtual NVMe device created
[676865.389052] nvme nvme0: pci function 0001:10:00.0
[676865.392461] nvme nvme0: 8/0/0 default/read/poll queues
[676866.224671] EXT4-fs (nvme0n1): mounted filesystem 98a66e56-56d0-4097-aabc-1b33b17c06b0 r/w with ordered data mode. Quota mode: none.
[676948.520288] NVMeVirt: Fixed CAT init ns=0 part=0 arm=45 k=10 scale_pct=25 age_ratio=4
[676948.520294] NVMeVirt: Fixed CAT init ns=0 part=1 arm=45 k=10 scale_pct=25 age_ratio=4
[676948.520296] NVMeVirt: Fixed CAT init ns=0 part=2 arm=45 k=10 scale_pct=25 age_ratio=4
[676948.520298] NVMeVirt: Fixed CAT init ns=0 part=3 arm=45 k=10 scale_pct=25 age_ratio=4
[676948.520299] NVMeVirt: Measurement: command=start epoch=1 host_bytes=0 learner_active=1
[676948.528872] mix-mixA-arm45-3923842 phase=A START
[677548.842194] mix-mixA-arm45-3923842 phase=A END
[677548.850461] mix-mixA-arm45-3923842 phase=B START
[677548.861655] mix-mixA-arm45-3923842 phase=B LOAD
[677575.768226] mix-mixA-arm45-3923842 phase=B RUN
[677580.061418] tee (3924475): drop_caches: 3
[677585.503079] tee (3924480): drop_caches: 3
[677589.907813] tee (3924488): drop_caches: 3
[677594.975595] tee (3924492): drop_caches: 3
[677599.942282] tee (3924496): drop_caches: 3
[677604.959800] tee (3924506): drop_caches: 3
[677610.121311] tee (3924510): drop_caches: 3
[677615.165721] tee (3924514): drop_caches: 3
[677619.560934] tee (3924523): drop_caches: 3
[677624.888848] tee (3924528): drop_caches: 3
[677630.009005] tee (3924532): drop_caches: 3
[677635.211329] tee (3924537): drop_caches: 3
[677640.465730] tee (3924541): drop_caches: 3
[677645.799606] tee (3924545): drop_caches: 3
[677650.204800] tee (3924553): drop_caches: 3
[677655.620318] tee (3924557): drop_caches: 3
[677660.883444] tee (3924562): drop_caches: 3
[677666.138483] tee (3924566): drop_caches: 3
[677671.395547] tee (3924570): drop_caches: 3
[677677.180057] tee (3924595): drop_caches: 3
[677683.043737] tee (3924609): drop_caches: 3
[677690.725857] tee (3924647): drop_caches: 3
[677699.179794] tee (3924690): drop_caches: 3
[677712.095213] tee (3924775): drop_caches: 3
[677719.120527] tee (3924809): drop_caches: 3
[677727.305053] tee (3924815): drop_caches: 3
[677732.623901] tee (3924820): drop_caches: 3
[677737.838277] tee (3924825): drop_caches: 3
[677742.986263] tee (3924829): drop_caches: 3
[677748.172151] tee (3924834): drop_caches: 3
[677752.797793] tee (3924841): drop_caches: 3
[677757.999109] tee (3924845): drop_caches: 3
[677763.151422] tee (3924849): drop_caches: 3
[677768.183029] tee (3924853): drop_caches: 3
[677773.228542] tee (3924857): drop_caches: 3
[677778.356979] tee (3924861): drop_caches: 3
[677783.185203] tee (3924869): drop_caches: 3
[677788.440148] tee (3924873): drop_caches: 3
[677793.736472] tee (3924877): drop_caches: 3
[677799.063718] tee (3924885): drop_caches: 3
[677804.125816] tee (3924889): drop_caches: 3
[677809.213767] tee (3924893): drop_caches: 3
[677813.737246] tee (3924901): drop_caches: 3
[677819.146924] tee (3924905): drop_caches: 3
[677824.269330] tee (3924909): drop_caches: 3
[677829.475870] tee (3924913): drop_caches: 3
[677834.573633] tee (3924917): drop_caches: 3
[677839.696726] tee (3924921): drop_caches: 3
[677844.110594] tee (3924928): drop_caches: 3
[677849.486942] tee (3924932): drop_caches: 3
[677854.651815] tee (3924937): drop_caches: 3
[677859.755925] tee (3924941): drop_caches: 3
[677864.962775] tee (3924945): drop_caches: 3
[677870.079105] tee (3924949): drop_caches: 3
[677874.534002] tee (3924956): drop_caches: 3
[677879.963026] tee (3924960): drop_caches: 3
[677885.064418] tee (3924965): drop_caches: 3
[677890.131862] tee (3924970): drop_caches: 3
[677895.884095] tee (3924977): drop_caches: 3
[677899.604443] mix-mixA-arm45-3923842 phase=B END
[677900.011992] NVMeVirt: Measurement: command=stop epoch=1 host_bytes=131447889920 learner_active=0
[677904.625587] EXT4-fs (nvme0n1): unmounting filesystem 98a66e56-56d0-4097-aabc-1b33b17c06b0.
[677905.161843] pci_bus 0001:10: busn_res: [bus 10-ff] is released
[677905.161913] NVMeVirt: GC stats: ns=0 policy=cat-fig7-fixed host_pages=32091770 gc_pages=25646561 gc_count=902161 WAF=1.799 warmup_gc=100-per-part
[677905.232110] NVMeVirt: Virtual NVMe device closed
