[1728210.809387] mix-mixL-arm30-2308188 BEGIN
[1728210.979787] NVMeVirt: Version 1.10 for >> Samsung 970 Pro SSD <<
[1728210.979793] NVMeVirt: Storage: 0x100100000-0x300000000 (8191 MiB)
[1728210.990366] NVMeVirt: Total Capacity(GiB,MiB)=2,2048 chs=2 luns=4 lines=8192 blk-size(MiB,KiB)=0,64 line-size(MiB,KiB)=0,256
[1728211.003023] NVMeVirt: [chmodel_init] bandwidth 800 max_credits 26 tx_time 152
[1728211.014640] NVMeVirt: [chmodel_init] bandwidth 800 max_credits 26 tx_time 152
[1728211.014667] NVMeVirt: [chmodel_init] bandwidth 3360 max_credits 110 tx_time 36
[1728211.014669] NVMeVirt: Fixed CAT init ns=0 part=0 arm=30 k=7 scale_pct=25 age_ratio=4
[1728211.015972] NVMeVirt: pqueue: Copyright (c) 2014, Volkan Yazıcı <volkan.yazici@gmail.com>. All rights reserved.
[1728211.016038] NVMeVirt: Init FTL instance with 2 channels (524288 pages)
[1728211.016041] NVMeVirt: GC victim policy: cat-fig7-fixed ns=0 part=0 initial_k=7 initial_scale_pct=25 initial_age_ratio=4 warmup_gc=100
[1728211.026725] NVMeVirt: [chmodel_init] bandwidth 800 max_credits 26 tx_time 152
[1728211.037111] NVMeVirt: [chmodel_init] bandwidth 800 max_credits 26 tx_time 152
[1728211.037126] NVMeVirt: [chmodel_init] bandwidth 3360 max_credits 110 tx_time 36
[1728211.037128] NVMeVirt: Fixed CAT init ns=0 part=1 arm=30 k=7 scale_pct=25 age_ratio=4
[1728211.038505] NVMeVirt: Init FTL instance with 2 channels (524288 pages)
[1728211.038508] NVMeVirt: GC victim policy: cat-fig7-fixed ns=0 part=1 initial_k=7 initial_scale_pct=25 initial_age_ratio=4 warmup_gc=100
[1728211.048902] NVMeVirt: [chmodel_init] bandwidth 800 max_credits 26 tx_time 152
[1728211.059361] NVMeVirt: [chmodel_init] bandwidth 800 max_credits 26 tx_time 152
[1728211.059384] NVMeVirt: [chmodel_init] bandwidth 3360 max_credits 110 tx_time 36
[1728211.059387] NVMeVirt: Fixed CAT init ns=0 part=2 arm=30 k=7 scale_pct=25 age_ratio=4
[1728211.061073] NVMeVirt: Init FTL instance with 2 channels (524288 pages)
[1728211.061079] NVMeVirt: GC victim policy: cat-fig7-fixed ns=0 part=2 initial_k=7 initial_scale_pct=25 initial_age_ratio=4 warmup_gc=100
[1728211.071692] NVMeVirt: [chmodel_init] bandwidth 800 max_credits 26 tx_time 152
[1728211.082065] NVMeVirt: [chmodel_init] bandwidth 800 max_credits 26 tx_time 152
[1728211.082079] NVMeVirt: [chmodel_init] bandwidth 3360 max_credits 110 tx_time 36
[1728211.082081] NVMeVirt: Fixed CAT init ns=0 part=3 arm=30 k=7 scale_pct=25 age_ratio=4
[1728211.083332] NVMeVirt: Init FTL instance with 2 channels (524288 pages)
[1728211.083335] NVMeVirt: GC victim policy: cat-fig7-fixed ns=0 part=3 initial_k=7 initial_scale_pct=25 initial_age_ratio=4 warmup_gc=100
[1728211.083341] NVMeVirt: FTL physical space: 8588886016, logical space: 8026996276 (physical/logical * 100 = 107)
[1728211.083343] NVMeVirt: ns 0/1: size 7655 MiB
[1728211.083393] PCI host bridge to bus 0001:10
[1728211.083396] pci_bus 0001:10: root bus resource [io  0x0000-0xffff]
[1728211.083398] pci_bus 0001:10: root bus resource [mem 0x00000000-0x7fffffffff]
[1728211.083400] pci_bus 0001:10: root bus resource [bus 00-ff]
[1728211.083408] pci 0001:10:00.0: [0c51:0110] type 00 class 0x010802 PCIe Endpoint
[1728211.083412] pci 0001:10:00.0: BAR 0 [mem 0x100000000-0x100003fff 64bit]
[1728211.083414] pci 0001:10:00.0: enabling Extended Tags
[1728211.083535] NVMeVirt: Virtual PCI bus created (node 0)
[1728211.083832] NVMeVirt: nvmev_io_worker_0 started on cpu 2 (node 0)
[1728211.083949] NVMeVirt: nvmev_dispatcher started on cpu 1 (node 0)
[1728211.083976] NVMeVirt: Virtual NVMe device created
[1728211.084120] nvme nvme0: pci function 0001:10:00.0
[1728211.088265] nvme nvme0: 8/0/0 default/read/poll queues
[1728211.434357] EXT4-fs (nvme0n1): mounted filesystem 23f08176-621f-4dbf-9462-038c776dcfc7 r/w with ordered data mode. Quota mode: none.
[1728293.804563] NVMeVirt: Fixed CAT init ns=0 part=0 arm=30 k=7 scale_pct=25 age_ratio=4
[1728293.804570] NVMeVirt: Fixed CAT init ns=0 part=1 arm=30 k=7 scale_pct=25 age_ratio=4
[1728293.804573] NVMeVirt: Fixed CAT init ns=0 part=2 arm=30 k=7 scale_pct=25 age_ratio=4
[1728293.804575] NVMeVirt: Fixed CAT init ns=0 part=3 arm=30 k=7 scale_pct=25 age_ratio=4
[1728293.804577] NVMeVirt: Measurement: command=start epoch=1 host_bytes=0 learner_active=1
[1728293.814706] mix-mixL-arm30-2308188 phase=A START
[1728293.825097] mix-mixL-arm30-2308188 phase=A cycle=1 fast
[1728354.130473] mix-mixL-arm30-2308188 phase=A cycle=1 slow
[1728414.470942] mix-mixL-arm30-2308188 phase=A cycle=2 fast
[1728474.775099] mix-mixL-arm30-2308188 phase=A cycle=2 slow
[1728535.083415] mix-mixL-arm30-2308188 phase=A cycle=3 fast
[1728595.385297] mix-mixL-arm30-2308188 phase=A cycle=3 slow
[1728655.695838] mix-mixL-arm30-2308188 phase=A cycle=4 fast
[1728716.004654] mix-mixL-arm30-2308188 phase=A cycle=4 slow
[1728776.301903] mix-mixL-arm30-2308188 phase=A cycle=5 fast
[1728836.602792] mix-mixL-arm30-2308188 phase=A cycle=5 slow
[1728896.912730] mix-mixL-arm30-2308188 phase=A END
[1728897.572625] NVMeVirt: Measurement: command=stop epoch=1 host_bytes=61442265088 learner_active=0
[1728898.181689] EXT4-fs (nvme0n1): unmounting filesystem 23f08176-621f-4dbf-9462-038c776dcfc7.
[1728898.247610] pci_bus 0001:10: busn_res: [bus 10-ff] is released
[1728898.247658] NVMeVirt: GC stats: ns=0 policy=cat-fig7-fixed host_pages=15000553 gc_pages=9399398 gc_count=381250 WAF=1.626 warmup_gc=100-per-part
[1728898.337934] NVMeVirt: Virtual NVMe device closed
