[782102.268559] mix-mixK-fixed47-4014170 BEGIN
[782102.280608] NVMeVirt: Version 1.10 for >> Samsung 970 Pro SSD <<
[782102.280615] NVMeVirt: Storage: 0x100100000-0x300000000 (8191 MiB)
[782102.293769] NVMeVirt: Total Capacity(GiB,MiB)=2,2048 chs=2 luns=4 lines=8192 blk-size(MiB,KiB)=0,64 line-size(MiB,KiB)=0,256
[782102.305956] NVMeVirt: [chmodel_init] bandwidth 800 max_credits 26 tx_time 152
[782102.316608] NVMeVirt: [chmodel_init] bandwidth 800 max_credits 26 tx_time 152
[782102.316627] NVMeVirt: [chmodel_init] bandwidth 3360 max_credits 110 tx_time 36
[782102.316630] NVMeVirt: Fixed CAT init ns=0 part=0 arm=47 k=10 scale_pct=25 age_ratio=16
[782102.318004] NVMeVirt: pqueue: Copyright (c) 2014, Volkan Yazıcı <volkan.yazici@gmail.com>. All rights reserved.
[782102.318055] NVMeVirt: Init FTL instance with 2 channels (524288 pages)
[782102.318057] NVMeVirt: GC victim policy: cat-fig7-fixed ns=0 part=0 initial_k=10 initial_scale_pct=25 initial_age_ratio=16 warmup_gc=100
[782102.329157] NVMeVirt: [chmodel_init] bandwidth 800 max_credits 26 tx_time 152
[782102.339752] NVMeVirt: [chmodel_init] bandwidth 800 max_credits 26 tx_time 152
[782102.339766] NVMeVirt: [chmodel_init] bandwidth 3360 max_credits 110 tx_time 36
[782102.339768] NVMeVirt: Fixed CAT init ns=0 part=1 arm=47 k=10 scale_pct=25 age_ratio=16
[782102.340646] NVMeVirt: Init FTL instance with 2 channels (524288 pages)
[782102.340649] NVMeVirt: GC victim policy: cat-fig7-fixed ns=0 part=1 initial_k=10 initial_scale_pct=25 initial_age_ratio=16 warmup_gc=100
[782102.351566] NVMeVirt: [chmodel_init] bandwidth 800 max_credits 26 tx_time 152
[782102.362261] NVMeVirt: [chmodel_init] bandwidth 800 max_credits 26 tx_time 152
[782102.362276] NVMeVirt: [chmodel_init] bandwidth 3360 max_credits 110 tx_time 36
[782102.362278] NVMeVirt: Fixed CAT init ns=0 part=2 arm=47 k=10 scale_pct=25 age_ratio=16
[782102.363299] NVMeVirt: Init FTL instance with 2 channels (524288 pages)
[782102.363302] NVMeVirt: GC victim policy: cat-fig7-fixed ns=0 part=2 initial_k=10 initial_scale_pct=25 initial_age_ratio=16 warmup_gc=100
[782102.374153] NVMeVirt: [chmodel_init] bandwidth 800 max_credits 26 tx_time 152
[782102.384802] NVMeVirt: [chmodel_init] bandwidth 800 max_credits 26 tx_time 152
[782102.384822] NVMeVirt: [chmodel_init] bandwidth 3360 max_credits 110 tx_time 36
[782102.384825] NVMeVirt: Fixed CAT init ns=0 part=3 arm=47 k=10 scale_pct=25 age_ratio=16
[782102.386220] NVMeVirt: Init FTL instance with 2 channels (524288 pages)
[782102.386224] NVMeVirt: GC victim policy: cat-fig7-fixed ns=0 part=3 initial_k=10 initial_scale_pct=25 initial_age_ratio=16 warmup_gc=100
[782102.386234] NVMeVirt: FTL physical space: 8588886016, logical space: 8026996276 (physical/logical * 100 = 107)
[782102.386235] NVMeVirt: ns 0/1: size 7655 MiB
[782102.386302] PCI host bridge to bus 0001:10
[782102.386304] pci_bus 0001:10: root bus resource [io  0x0000-0xffff]
[782102.386307] pci_bus 0001:10: root bus resource [mem 0x00000000-0x7fffffffff]
[782102.386310] pci_bus 0001:10: root bus resource [bus 00-ff]
[782102.386319] pci 0001:10:00.0: [0c51:0110] type 00 class 0x010802 PCIe Endpoint
[782102.386323] pci 0001:10:00.0: BAR 0 [mem 0x100000000-0x100003fff 64bit]
[782102.386326] pci 0001:10:00.0: enabling Extended Tags
[782102.386488] NVMeVirt: Virtual PCI bus created (node 0)
[782102.386797] NVMeVirt: nvmev_io_worker_0 started on cpu 2 (node 0)
[782102.386882] NVMeVirt: Virtual NVMe device created
[782102.387054] NVMeVirt: nvmev_dispatcher started on cpu 1 (node 0)
[782102.387148] nvme nvme0: pci function 0001:10:00.0
[782102.391148] nvme nvme0: 8/0/0 default/read/poll queues
[782102.468017] EXT4-fs (nvme0n1): mounted filesystem edd4f702-5183-4903-affa-a52ba6be4b3b r/w with ordered data mode. Quota mode: none.
[782184.498072] NVMeVirt: Fixed CAT init ns=0 part=0 arm=47 k=10 scale_pct=25 age_ratio=16
[782184.498077] NVMeVirt: Fixed CAT init ns=0 part=1 arm=47 k=10 scale_pct=25 age_ratio=16
[782184.498079] NVMeVirt: Fixed CAT init ns=0 part=2 arm=47 k=10 scale_pct=25 age_ratio=16
[782184.498081] NVMeVirt: Fixed CAT init ns=0 part=3 arm=47 k=10 scale_pct=25 age_ratio=16
[782184.498082] NVMeVirt: Measurement: command=start epoch=1 host_bytes=0 learner_active=1
[782184.506020] mix-mixK-fixed47-4014170 phase=A START
[782784.830807] mix-mixK-fixed47-4014170 phase=A END
[782784.837809] mix-mixK-fixed47-4014170 phase=B START
[783385.170921] mix-mixK-fixed47-4014170 phase=B END
[783385.175259] NVMeVirt: Measurement: command=stop epoch=1 host_bytes=196616105984 learner_active=0
[783385.226068] EXT4-fs (nvme0n1): unmounting filesystem edd4f702-5183-4903-affa-a52ba6be4b3b.
[783385.294791] pci_bus 0001:10: busn_res: [bus 10-ff] is released
[783385.294905] NVMeVirt: GC stats: ns=0 policy=cat-fig7-fixed host_pages=48001979 gc_pages=37248470 gc_count=1332038 WAF=1.775 warmup_gc=100-per-part
[783385.376508] NVMeVirt: Virtual NVMe device closed
