[749991.619332] mix-mixC-arm44-3982168 BEGIN
[749991.631354] NVMeVirt: Version 1.10 for >> Samsung 970 Pro SSD <<
[749991.631359] NVMeVirt: Storage: 0x100100000-0x300000000 (8191 MiB)
[749991.642617] NVMeVirt: Total Capacity(GiB,MiB)=2,2048 chs=2 luns=4 lines=8192 blk-size(MiB,KiB)=0,64 line-size(MiB,KiB)=0,256
[749991.654271] NVMeVirt: [chmodel_init] bandwidth 800 max_credits 26 tx_time 152
[749991.665520] NVMeVirt: [chmodel_init] bandwidth 800 max_credits 26 tx_time 152
[749991.665534] NVMeVirt: [chmodel_init] bandwidth 3360 max_credits 110 tx_time 36
[749991.665537] NVMeVirt: Fixed CAT init ns=0 part=0 arm=44 k=7 scale_pct=400 age_ratio=16
[749991.666793] NVMeVirt: pqueue: Copyright (c) 2014, Volkan Yazıcı <volkan.yazici@gmail.com>. All rights reserved.
[749991.666831] NVMeVirt: Init FTL instance with 2 channels (524288 pages)
[749991.666833] NVMeVirt: GC victim policy: cat-fig7-fixed ns=0 part=0 initial_k=7 initial_scale_pct=400 initial_age_ratio=16 warmup_gc=100
[749991.677839] NVMeVirt: [chmodel_init] bandwidth 800 max_credits 26 tx_time 152
[749991.688597] NVMeVirt: [chmodel_init] bandwidth 800 max_credits 26 tx_time 152
[749991.688610] NVMeVirt: [chmodel_init] bandwidth 3360 max_credits 110 tx_time 36
[749991.688612] NVMeVirt: Fixed CAT init ns=0 part=1 arm=44 k=7 scale_pct=400 age_ratio=16
[749991.689884] NVMeVirt: Init FTL instance with 2 channels (524288 pages)
[749991.689887] NVMeVirt: GC victim policy: cat-fig7-fixed ns=0 part=1 initial_k=7 initial_scale_pct=400 initial_age_ratio=16 warmup_gc=100
[749991.700743] NVMeVirt: [chmodel_init] bandwidth 800 max_credits 26 tx_time 152
[749991.711278] NVMeVirt: [chmodel_init] bandwidth 800 max_credits 26 tx_time 152
[749991.711292] NVMeVirt: [chmodel_init] bandwidth 3360 max_credits 110 tx_time 36
[749991.711294] NVMeVirt: Fixed CAT init ns=0 part=2 arm=44 k=7 scale_pct=400 age_ratio=16
[749991.712595] NVMeVirt: Init FTL instance with 2 channels (524288 pages)
[749991.712598] NVMeVirt: GC victim policy: cat-fig7-fixed ns=0 part=2 initial_k=7 initial_scale_pct=400 initial_age_ratio=16 warmup_gc=100
[749991.723349] NVMeVirt: [chmodel_init] bandwidth 800 max_credits 26 tx_time 152
[749991.733789] NVMeVirt: [chmodel_init] bandwidth 800 max_credits 26 tx_time 152
[749991.733803] NVMeVirt: [chmodel_init] bandwidth 3360 max_credits 110 tx_time 36
[749991.733805] NVMeVirt: Fixed CAT init ns=0 part=3 arm=44 k=7 scale_pct=400 age_ratio=16
[749991.735148] NVMeVirt: Init FTL instance with 2 channels (524288 pages)
[749991.735151] NVMeVirt: GC victim policy: cat-fig7-fixed ns=0 part=3 initial_k=7 initial_scale_pct=400 initial_age_ratio=16 warmup_gc=100
[749991.735157] NVMeVirt: FTL physical space: 8588886016, logical space: 8026996276 (physical/logical * 100 = 107)
[749991.735159] NVMeVirt: ns 0/1: size 7655 MiB
[749991.735210] PCI host bridge to bus 0001:10
[749991.735212] pci_bus 0001:10: root bus resource [io  0x0000-0xffff]
[749991.735216] pci_bus 0001:10: root bus resource [mem 0x00000000-0x7fffffffff]
[749991.735218] pci_bus 0001:10: root bus resource [bus 00-ff]
[749991.735227] pci 0001:10:00.0: [0c51:0110] type 00 class 0x010802 PCIe Endpoint
[749991.735232] pci 0001:10:00.0: BAR 0 [mem 0x100000000-0x100003fff 64bit]
[749991.735235] pci 0001:10:00.0: enabling Extended Tags
[749991.735387] NVMeVirt: Virtual PCI bus created (node 0)
[749991.735778] NVMeVirt: nvmev_io_worker_0 started on cpu 2 (node 0)
[749991.735890] NVMeVirt: Virtual NVMe device created
[749991.736685] NVMeVirt: nvmev_dispatcher started on cpu 1 (node 0)
[749991.736807] nvme nvme0: pci function 0001:10:00.0
[749991.739353] nvme nvme0: 8/0/0 default/read/poll queues
[749991.810335] EXT4-fs (nvme0n1): mounted filesystem 6166924a-d0c2-4d6a-a82d-87419e1415ab r/w with ordered data mode. Quota mode: none.
[750073.833418] NVMeVirt: Fixed CAT init ns=0 part=0 arm=44 k=7 scale_pct=400 age_ratio=16
[750073.833423] NVMeVirt: Fixed CAT init ns=0 part=1 arm=44 k=7 scale_pct=400 age_ratio=16
[750073.833425] NVMeVirt: Fixed CAT init ns=0 part=2 arm=44 k=7 scale_pct=400 age_ratio=16
[750073.833427] NVMeVirt: Fixed CAT init ns=0 part=3 arm=44 k=7 scale_pct=400 age_ratio=16
[750073.833429] NVMeVirt: Measurement: command=start epoch=1 host_bytes=0 learner_active=1
[750073.841141] mix-mixC-arm44-3982168 phase=A START
[750674.164883] mix-mixC-arm44-3982168 phase=A END
[750674.171800] mix-mixC-arm44-3982168 phase=B START
[751274.477866] mix-mixC-arm44-3982168 phase=B END
[751274.481134] NVMeVirt: Measurement: command=stop epoch=1 host_bytes=122884431872 learner_active=0
[751274.532323] EXT4-fs (nvme0n1): unmounting filesystem 6166924a-d0c2-4d6a-a82d-87419e1415ab.
[751274.592214] pci_bus 0001:10: busn_res: [bus 10-ff] is released
[751274.592277] NVMeVirt: GC stats: ns=0 policy=cat-fig7-fixed host_pages=30001082 gc_pages=33545750 gc_count=992919 WAF=2.118 warmup_gc=100-per-part
[751274.664682] NVMeVirt: Virtual NVMe device closed
