[756407.926581] mix-mixC-arm49-3987123 BEGIN
[756407.937705] NVMeVirt: Version 1.10 for >> Samsung 970 Pro SSD <<
[756407.937710] NVMeVirt: Storage: 0x100100000-0x300000000 (8191 MiB)
[756407.949042] NVMeVirt: Total Capacity(GiB,MiB)=2,2048 chs=2 luns=4 lines=8192 blk-size(MiB,KiB)=0,64 line-size(MiB,KiB)=0,256
[756407.961181] NVMeVirt: [chmodel_init] bandwidth 800 max_credits 26 tx_time 152
[756407.971799] NVMeVirt: [chmodel_init] bandwidth 800 max_credits 26 tx_time 152
[756407.971813] NVMeVirt: [chmodel_init] bandwidth 3360 max_credits 110 tx_time 36
[756407.971816] NVMeVirt: Fixed CAT init ns=0 part=0 arm=49 k=10 scale_pct=50 age_ratio=7
[756407.972679] NVMeVirt: pqueue: Copyright (c) 2014, Volkan Yazıcı <volkan.yazici@gmail.com>. All rights reserved.
[756407.972717] NVMeVirt: Init FTL instance with 2 channels (524288 pages)
[756407.972719] NVMeVirt: GC victim policy: cat-fig7-fixed ns=0 part=0 initial_k=10 initial_scale_pct=50 initial_age_ratio=7 warmup_gc=100
[756407.983589] NVMeVirt: [chmodel_init] bandwidth 800 max_credits 26 tx_time 152
[756407.994514] NVMeVirt: [chmodel_init] bandwidth 800 max_credits 26 tx_time 152
[756407.994528] NVMeVirt: [chmodel_init] bandwidth 3360 max_credits 110 tx_time 36
[756407.994530] NVMeVirt: Fixed CAT init ns=0 part=1 arm=49 k=10 scale_pct=50 age_ratio=7
[756407.995527] NVMeVirt: Init FTL instance with 2 channels (524288 pages)
[756407.995530] NVMeVirt: GC victim policy: cat-fig7-fixed ns=0 part=1 initial_k=10 initial_scale_pct=50 initial_age_ratio=7 warmup_gc=100
[756408.006455] NVMeVirt: [chmodel_init] bandwidth 800 max_credits 26 tx_time 152
[756408.017537] NVMeVirt: [chmodel_init] bandwidth 800 max_credits 26 tx_time 152
[756408.017551] NVMeVirt: [chmodel_init] bandwidth 3360 max_credits 110 tx_time 36
[756408.017553] NVMeVirt: Fixed CAT init ns=0 part=2 arm=49 k=10 scale_pct=50 age_ratio=7
[756408.018537] NVMeVirt: Init FTL instance with 2 channels (524288 pages)
[756408.018540] NVMeVirt: GC victim policy: cat-fig7-fixed ns=0 part=2 initial_k=10 initial_scale_pct=50 initial_age_ratio=7 warmup_gc=100
[756408.029482] NVMeVirt: [chmodel_init] bandwidth 800 max_credits 26 tx_time 152
[756408.042054] NVMeVirt: [chmodel_init] bandwidth 800 max_credits 26 tx_time 152
[756408.042068] NVMeVirt: [chmodel_init] bandwidth 3360 max_credits 110 tx_time 36
[756408.042070] NVMeVirt: Fixed CAT init ns=0 part=3 arm=49 k=10 scale_pct=50 age_ratio=7
[756408.043028] NVMeVirt: Init FTL instance with 2 channels (524288 pages)
[756408.043030] NVMeVirt: GC victim policy: cat-fig7-fixed ns=0 part=3 initial_k=10 initial_scale_pct=50 initial_age_ratio=7 warmup_gc=100
[756408.043036] NVMeVirt: FTL physical space: 8588886016, logical space: 8026996276 (physical/logical * 100 = 107)
[756408.043038] NVMeVirt: ns 0/1: size 7655 MiB
[756408.043088] PCI host bridge to bus 0001:10
[756408.043090] pci_bus 0001:10: root bus resource [io  0x0000-0xffff]
[756408.043093] pci_bus 0001:10: root bus resource [mem 0x00000000-0x7fffffffff]
[756408.043096] pci_bus 0001:10: root bus resource [bus 00-ff]
[756408.043103] pci 0001:10:00.0: [0c51:0110] type 00 class 0x010802 PCIe Endpoint
[756408.043108] pci 0001:10:00.0: BAR 0 [mem 0x100000000-0x100003fff 64bit]
[756408.043110] pci 0001:10:00.0: enabling Extended Tags
[756408.043246] NVMeVirt: Virtual PCI bus created (node 0)
[756408.043523] NVMeVirt: nvmev_io_worker_0 started on cpu 2 (node 0)
[756408.043591] NVMeVirt: Virtual NVMe device created
[756408.043611] NVMeVirt: nvmev_dispatcher started on cpu 1 (node 0)
[756408.044159] nvme nvme0: pci function 0001:10:00.0
[756408.046340] nvme nvme0: 8/0/0 default/read/poll queues
[756408.119723] EXT4-fs (nvme0n1): mounted filesystem bbd8036e-cb5d-45da-99c6-ce862bb133a8 r/w with ordered data mode. Quota mode: none.
[756490.114907] NVMeVirt: Fixed CAT init ns=0 part=0 arm=49 k=10 scale_pct=50 age_ratio=7
[756490.114914] NVMeVirt: Fixed CAT init ns=0 part=1 arm=49 k=10 scale_pct=50 age_ratio=7
[756490.114917] NVMeVirt: Fixed CAT init ns=0 part=2 arm=49 k=10 scale_pct=50 age_ratio=7
[756490.114919] NVMeVirt: Fixed CAT init ns=0 part=3 arm=49 k=10 scale_pct=50 age_ratio=7
[756490.114921] NVMeVirt: Measurement: command=start epoch=1 host_bytes=0 learner_active=1
[756490.123576] mix-mixC-arm49-3987123 phase=A START
[757090.439049] mix-mixC-arm49-3987123 phase=A END
[757090.446149] mix-mixC-arm49-3987123 phase=B START
[757690.753407] mix-mixC-arm49-3987123 phase=B END
[757690.756613] NVMeVirt: Measurement: command=stop epoch=1 host_bytes=122985254912 learner_active=0
[757690.806781] EXT4-fs (nvme0n1): unmounting filesystem bbd8036e-cb5d-45da-99c6-ce862bb133a8.
[757690.869657] pci_bus 0001:10: busn_res: [bus 10-ff] is released
[757690.869775] NVMeVirt: GC stats: ns=0 policy=cat-fig7-fixed host_pages=30025697 gc_pages=23845996 gc_count=841746 WAF=1.794 warmup_gc=100-per-part
[757690.942101] NVMeVirt: Virtual NVMe device closed
