[331041.727775] measured-cat-10-387909
[331041.739936] NVMeVirt: Version 1.10 for >> Samsung 970 Pro SSD <<
[331041.739944] NVMeVirt: Storage: 0x100100000-0x300000000 (8191 MiB)
[331041.752447] NVMeVirt: Total Capacity(GiB,MiB)=2,2048 chs=2 luns=4 lines=8192 blk-size(MiB,KiB)=0,64 line-size(MiB,KiB)=0,256
[331041.762837] NVMeVirt: [chmodel_init] bandwidth 800 max_credits 26 tx_time 152
[331041.773113] NVMeVirt: [chmodel_init] bandwidth 800 max_credits 26 tx_time 152
[331041.773136] NVMeVirt: [chmodel_init] bandwidth 3360 max_credits 110 tx_time 36
[331041.774488] NVMeVirt: pqueue: Copyright (c) 2014, Volkan Yazıcı <volkan.yazici@gmail.com>. All rights reserved.
[331041.774535] NVMeVirt: Init FTL instance with 2 channels (524288 pages)
[331041.774537] NVMeVirt: GC victim policy: cat-fig7 scale_pct=200 age_ratio=7
[331041.785244] NVMeVirt: [chmodel_init] bandwidth 800 max_credits 26 tx_time 152
[331041.795241] NVMeVirt: [chmodel_init] bandwidth 800 max_credits 26 tx_time 152
[331041.795258] NVMeVirt: [chmodel_init] bandwidth 3360 max_credits 110 tx_time 36
[331041.796335] NVMeVirt: Init FTL instance with 2 channels (524288 pages)
[331041.796338] NVMeVirt: GC victim policy: cat-fig7 scale_pct=200 age_ratio=7
[331041.806736] NVMeVirt: [chmodel_init] bandwidth 800 max_credits 26 tx_time 152
[331041.817006] NVMeVirt: [chmodel_init] bandwidth 800 max_credits 26 tx_time 152
[331041.817018] NVMeVirt: [chmodel_init] bandwidth 3360 max_credits 110 tx_time 36
[331041.818000] NVMeVirt: Init FTL instance with 2 channels (524288 pages)
[331041.818003] NVMeVirt: GC victim policy: cat-fig7 scale_pct=200 age_ratio=7
[331041.827640] NVMeVirt: [chmodel_init] bandwidth 800 max_credits 26 tx_time 152
[331041.837801] NVMeVirt: [chmodel_init] bandwidth 800 max_credits 26 tx_time 152
[331041.837815] NVMeVirt: [chmodel_init] bandwidth 3360 max_credits 110 tx_time 36
[331041.838771] NVMeVirt: Init FTL instance with 2 channels (524288 pages)
[331041.838774] NVMeVirt: GC victim policy: cat-fig7 scale_pct=200 age_ratio=7
[331041.838780] NVMeVirt: FTL physical space: 8588886016, logical space: 8026996276 (physical/logical * 100 = 107)
[331041.838781] NVMeVirt: ns 0/1: size 7655 MiB
[331041.838829] PCI host bridge to bus 0001:10
[331041.838831] pci_bus 0001:10: root bus resource [io  0x0000-0xffff]
[331041.838834] pci_bus 0001:10: root bus resource [mem 0x00000000-0x7fffffffff]
[331041.838836] pci_bus 0001:10: root bus resource [bus 00-ff]
[331041.838866] pci 0001:10:00.0: [0c51:0110] type 00 class 0x010802 PCIe Endpoint
[331041.838893] pci 0001:10:00.0: BAR 0 [mem 0x100000000-0x100003fff 64bit]
[331041.838896] pci 0001:10:00.0: enabling Extended Tags
[331041.839073] NVMeVirt: Virtual PCI bus created (node 0)
[331041.839357] NVMeVirt: nvmev_io_worker_0 started on cpu 2 (node 0)
[331041.839455] NVMeVirt: nvmev_dispatcher started on cpu 1 (node 0)
[331041.839525] NVMeVirt: Virtual NVMe device created
[331041.839730] nvme nvme0: pci function 0001:10:00.0
[331041.841942] nvme nvme0: 8/0/0 default/read/poll queues
[331041.923451] EXT4-fs (nvme0n1): mounted filesystem 99a46c01-601d-4b32-9d59-a38f451f6cec r/w with ordered data mode. Quota mode: none.
[331123.935692] NVMeVirt: Measurement: command=start epoch=1 host_bytes=0 host_pages=0 gc_pages=0
[331150.408285] NVMeVirt: GC window: seq=0 host_pages=262144 gc_pages=222180 WAF=1.847 cum_host=262144 cum_gc=222180
[331176.619323] NVMeVirt: GC window: seq=1 host_pages=262144 gc_pages=232994 WAF=1.888 cum_host=524288 cum_gc=455174
[331202.830366] NVMeVirt: GC window: seq=2 host_pages=262144 gc_pages=219838 WAF=1.838 cum_host=786432 cum_gc=675012
[331229.041404] NVMeVirt: GC window: seq=3 host_pages=262144 gc_pages=245677 WAF=1.937 cum_host=1048576 cum_gc=920689
[331255.252213] NVMeVirt: GC window: seq=4 host_pages=262144 gc_pages=238287 WAF=1.908 cum_host=1310720 cum_gc=1158976
[331281.463196] NVMeVirt: GC window: seq=5 host_pages=262144 gc_pages=199367 WAF=1.760 cum_host=1572864 cum_gc=1358343
[331307.674238] NVMeVirt: GC window: seq=6 host_pages=262144 gc_pages=229238 WAF=1.874 cum_host=1835008 cum_gc=1587581
[331333.885285] NVMeVirt: GC window: seq=7 host_pages=262144 gc_pages=248450 WAF=1.947 cum_host=2097152 cum_gc=1836031
[331360.096161] NVMeVirt: GC window: seq=8 host_pages=262144 gc_pages=226485 WAF=1.863 cum_host=2359296 cum_gc=2062516
[331386.307189] NVMeVirt: GC window: seq=9 host_pages=262144 gc_pages=223940 WAF=1.854 cum_host=2621440 cum_gc=2286456
[331412.518110] NVMeVirt: GC window: seq=10 host_pages=262144 gc_pages=196890 WAF=1.751 cum_host=2883584 cum_gc=2483346
[331438.729139] NVMeVirt: GC window: seq=11 host_pages=262144 gc_pages=236309 WAF=1.901 cum_host=3145728 cum_gc=2719655
[331464.940189] NVMeVirt: GC window: seq=12 host_pages=262144 gc_pages=260119 WAF=1.992 cum_host=3407872 cum_gc=2979774
[331491.151069] NVMeVirt: GC window: seq=13 host_pages=262144 gc_pages=240463 WAF=1.917 cum_host=3670016 cum_gc=3220237
[331517.362035] NVMeVirt: GC window: seq=14 host_pages=262144 gc_pages=231595 WAF=1.883 cum_host=3932160 cum_gc=3451832
[331543.573021] NVMeVirt: GC window: seq=15 host_pages=262144 gc_pages=209798 WAF=1.800 cum_host=4194304 cum_gc=3661630
[331569.784055] NVMeVirt: GC window: seq=16 host_pages=262144 gc_pages=251480 WAF=1.959 cum_host=4456448 cum_gc=3913110
[331595.995102] NVMeVirt: GC window: seq=17 host_pages=262144 gc_pages=261330 WAF=1.996 cum_host=4718592 cum_gc=4174440
[331622.205980] NVMeVirt: GC window: seq=18 host_pages=262144 gc_pages=237624 WAF=1.906 cum_host=4980736 cum_gc=4412064
[331648.416946] NVMeVirt: GC window: seq=19 host_pages=262144 gc_pages=228875 WAF=1.873 cum_host=5242880 cum_gc=4640939
[331674.627932] NVMeVirt: GC window: seq=20 host_pages=262144 gc_pages=202901 WAF=1.774 cum_host=5505024 cum_gc=4843840
[331700.838965] NVMeVirt: GC window: seq=21 host_pages=262144 gc_pages=243806 WAF=1.930 cum_host=5767168 cum_gc=5087646
[331724.195898] NVMeVirt: Measurement: command=stop epoch=1 host_bytes=24577712128 host_pages=6000418 gc_pages=5318609
[331724.229811] EXT4-fs (nvme0n1): unmounting filesystem 99a46c01-601d-4b32-9d59-a38f451f6cec.
[331724.298599] pci_bus 0001:10: busn_res: [bus 10-ff] is released
[331724.298670] NVMeVirt: GC stats: policy=cat-fig7 age_mode=create host_pages=6000418 gc_pages=5318609 gc_count=176860 WAF=1.886 scale_pct=200 age_ratio=7
[331724.298676] NVMeVirt: GC victim hist: level=0 count=2
[331724.298678] NVMeVirt: GC victim hist: level=1 count=343
[331724.298680] NVMeVirt: GC victim hist: level=2 count=82877
[331724.298681] NVMeVirt: GC victim hist: level=3 count=15173
[331724.298683] NVMeVirt: GC victim hist: level=4 count=45991
[331724.298684] NVMeVirt: GC victim hist: level=5 count=28139
[331724.298686] NVMeVirt: GC victim hist: level=6 count=4335
[331724.298687] NVMeVirt: GC victim mean: victims=176860 vpc=30.07 age_ms=100799
[331724.358749] NVMeVirt: Virtual NVMe device closed
