[957768.963110] mix-mixM-online-209637 BEGIN
[957768.974855] NVMeVirt: Version 1.10 for >> Samsung 970 Pro SSD <<
[957768.974861] NVMeVirt: Storage: 0x100100000-0x300000000 (8191 MiB)
[957768.986045] NVMeVirt: Total Capacity(GiB,MiB)=2,2048 chs=2 luns=4 lines=8192 blk-size(MiB,KiB)=0,64 line-size(MiB,KiB)=0,256
[957768.998064] NVMeVirt: [chmodel_init] bandwidth 800 max_credits 26 tx_time 152
[957769.008829] NVMeVirt: [chmodel_init] bandwidth 800 max_credits 26 tx_time 152
[957769.008860] NVMeVirt: [chmodel_init] bandwidth 3360 max_credits 110 tx_time 36
[957769.008863] NVMeVirt: WATGC_V2 init ns=0 part=0 arms=60 initial=37 prior=none gamma_q16=65503 exploration_q16=16384
[957769.010163] NVMeVirt: pqueue: Copyright (c) 2014, Volkan Yazıcı <volkan.yazici@gmail.com>. All rights reserved.
[957769.010203] NVMeVirt: Init FTL instance with 2 channels (524288 pages)
[957769.010205] NVMeVirt: GC victim policy: watgc-v2 ns=0 part=0 initial_k=7 initial_scale_pct=100 initial_age_ratio=7 warmup_gc=100
[957769.020886] NVMeVirt: [chmodel_init] bandwidth 800 max_credits 26 tx_time 152
[957769.031475] NVMeVirt: [chmodel_init] bandwidth 800 max_credits 26 tx_time 152
[957769.031490] NVMeVirt: [chmodel_init] bandwidth 3360 max_credits 110 tx_time 36
[957769.031492] NVMeVirt: WATGC_V2 init ns=0 part=1 arms=60 initial=37 prior=none gamma_q16=65503 exploration_q16=16384
[957769.032745] NVMeVirt: Init FTL instance with 2 channels (524288 pages)
[957769.032748] NVMeVirt: GC victim policy: watgc-v2 ns=0 part=1 initial_k=7 initial_scale_pct=100 initial_age_ratio=7 warmup_gc=100
[957769.043096] NVMeVirt: [chmodel_init] bandwidth 800 max_credits 26 tx_time 152
[957769.053558] NVMeVirt: [chmodel_init] bandwidth 800 max_credits 26 tx_time 152
[957769.053573] NVMeVirt: [chmodel_init] bandwidth 3360 max_credits 110 tx_time 36
[957769.053575] NVMeVirt: WATGC_V2 init ns=0 part=2 arms=60 initial=37 prior=none gamma_q16=65503 exploration_q16=16384
[957769.054827] NVMeVirt: Init FTL instance with 2 channels (524288 pages)
[957769.054831] NVMeVirt: GC victim policy: watgc-v2 ns=0 part=2 initial_k=7 initial_scale_pct=100 initial_age_ratio=7 warmup_gc=100
[957769.065498] NVMeVirt: [chmodel_init] bandwidth 800 max_credits 26 tx_time 152
[957769.075876] NVMeVirt: [chmodel_init] bandwidth 800 max_credits 26 tx_time 152
[957769.075890] NVMeVirt: [chmodel_init] bandwidth 3360 max_credits 110 tx_time 36
[957769.075892] NVMeVirt: WATGC_V2 init ns=0 part=3 arms=60 initial=37 prior=none gamma_q16=65503 exploration_q16=16384
[957769.077404] NVMeVirt: Init FTL instance with 2 channels (524288 pages)
[957769.077407] NVMeVirt: GC victim policy: watgc-v2 ns=0 part=3 initial_k=7 initial_scale_pct=100 initial_age_ratio=7 warmup_gc=100
[957769.077413] NVMeVirt: FTL physical space: 8588886016, logical space: 8026996276 (physical/logical * 100 = 107)
[957769.077415] NVMeVirt: ns 0/1: size 7655 MiB
[957769.077464] PCI host bridge to bus 0001:10
[957769.077483] pci_bus 0001:10: root bus resource [io  0x0000-0xffff]
[957769.077486] pci_bus 0001:10: root bus resource [mem 0x00000000-0x7fffffffff]
[957769.077488] pci_bus 0001:10: root bus resource [bus 00-ff]
[957769.077495] pci 0001:10:00.0: [0c51:0110] type 00 class 0x010802 PCIe Endpoint
[957769.077499] pci 0001:10:00.0: BAR 0 [mem 0x100000000-0x100003fff 64bit]
[957769.077502] pci 0001:10:00.0: enabling Extended Tags
[957769.077622] NVMeVirt: Virtual PCI bus created (node 0)
[957769.077872] NVMeVirt: nvmev_io_worker_0 started on cpu 2 (node 0)
[957769.077937] NVMeVirt: nvmev_dispatcher started on cpu 1 (node 0)
[957769.077968] NVMeVirt: Virtual NVMe device created
[957769.078954] nvme nvme0: pci function 0001:10:00.0
[957769.083504] nvme nvme0: 8/0/0 default/read/poll queues
[957769.155380] EXT4-fs (nvme0n1): mounted filesystem 6f9d9519-cb97-45ee-a29c-7a01b8d6570b r/w with ordered data mode. Quota mode: none.
[957851.162669] NVMeVirt: WATGC_V2 init ns=0 part=0 arms=60 initial=37 prior=none gamma_q16=65503 exploration_q16=16384
[957851.162674] NVMeVirt: WATGC_V2 init ns=0 part=1 arms=60 initial=37 prior=none gamma_q16=65503 exploration_q16=16384
[957851.162676] NVMeVirt: WATGC_V2 init ns=0 part=2 arms=60 initial=37 prior=none gamma_q16=65503 exploration_q16=16384
[957851.162678] NVMeVirt: WATGC_V2 init ns=0 part=3 arms=60 initial=37 prior=none gamma_q16=65503 exploration_q16=16384
[957851.162680] NVMeVirt: Measurement: command=start epoch=1 host_bytes=0 learner_active=1
[957851.171359] mix-mixM-online-209637 phase=A START
[957851.179269] mix-mixM-online-209637 phase=A step=1
[957852.690244] NVMeVirt: WATGC_V2 warmup-done ns=0 part=3 gc_count=2822
[957852.702986] NVMeVirt: WATGC_V2 warmup-done ns=0 part=2 gc_count=2817
[957852.710454] NVMeVirt: WATGC_V2 warmup-done ns=0 part=1 gc_count=2822
[957852.748086] NVMeVirt: WATGC_V2 warmup-done ns=0 part=0 gc_count=2837
[957892.020809] NVMeVirt: WATGC_V2 sample ns=0 part=3 epoch=1 window=1 phase=measure evaluated=37 k=7 scale_pct=100 age_ratio=7 host=65542 gc_pages=58807 gc_count=1943 waf_q16=124337 best=37 next=0 settled=0
[957892.039135] NVMeVirt: WATGC_V2 sample ns=0 part=2 epoch=1 window=1 phase=measure evaluated=37 k=7 scale_pct=100 age_ratio=7 host=65545 gc_pages=58420 gc_count=1937 waf_q16=123947 best=37 next=0 settled=0
[957892.051260] NVMeVirt: WATGC_V2 sample ns=0 part=0 epoch=1 window=1 phase=measure evaluated=37 k=7 scale_pct=100 age_ratio=7 host=65547 gc_pages=59069 gc_count=1947 waf_q16=124595 best=37 next=0 settled=0
[957892.059453] NVMeVirt: WATGC_V2 sample ns=0 part=1 epoch=1 window=1 phase=measure evaluated=37 k=7 scale_pct=100 age_ratio=7 host=65555 gc_pages=58143 gc_count=1933 waf_q16=123662 best=37 next=0 settled=0
[957931.243909] NVMeVirt: WATGC_V2 sample ns=0 part=3 epoch=1 window=2 phase=measure evaluated=0 k=2 scale_pct=25 age_ratio=4 host=65538 gc_pages=52804 gc_count=1849 waf_q16=118338 best=0 next=1 settled=0
[957931.346573] NVMeVirt: WATGC_V2 sample ns=0 part=0 epoch=1 window=2 phase=measure evaluated=0 k=2 scale_pct=25 age_ratio=4 host=65539 gc_pages=52036 gc_count=1837 waf_q16=117569 best=0 next=1 settled=0
[957931.396388] NVMeVirt: WATGC_V2 sample ns=0 part=2 epoch=1 window=2 phase=measure evaluated=0 k=2 scale_pct=25 age_ratio=4 host=65548 gc_pages=52732 gc_count=1848 waf_q16=118258 best=0 next=1 settled=0
[957931.501252] NVMeVirt: WATGC_V2 sample ns=0 part=1 epoch=1 window=2 phase=measure evaluated=0 k=2 scale_pct=25 age_ratio=4 host=65551 gc_pages=52984 gc_count=1852 waf_q16=118507 best=0 next=1 settled=0
[957970.567560] NVMeVirt: WATGC_V2 sample ns=0 part=2 epoch=1 window=3 phase=measure evaluated=1 k=2 scale_pct=25 age_ratio=7 host=65554 gc_pages=73266 gc_count=2169 waf_q16=138781 best=0 next=2 settled=0
[957970.671892] NVMeVirt: WATGC_V2 sample ns=0 part=0 epoch=1 window=3 phase=measure evaluated=1 k=2 scale_pct=25 age_ratio=7 host=65549 gc_pages=73143 gc_count=2167 waf_q16=138664 best=0 next=2 settled=0
[957970.736736] NVMeVirt: WATGC_V2 sample ns=0 part=3 epoch=1 window=3 phase=measure evaluated=1 k=2 scale_pct=25 age_ratio=7 host=65550 gc_pages=73141 gc_count=2167 waf_q16=138661 best=0 next=2 settled=0
[957970.840814] NVMeVirt: WATGC_V2 sample ns=0 part=1 epoch=1 window=3 phase=measure evaluated=1 k=2 scale_pct=25 age_ratio=7 host=65544 gc_pages=74427 gc_count=2187 waf_q16=139953 best=0 next=2 settled=0
[957971.482692] mix-mixM-online-209637 phase=A step=2
[957990.984194] NVMeVirt: WATGC_V2 sample ns=0 part=2 epoch=1 window=4 phase=measure evaluated=2 k=2 scale_pct=25 age_ratio=16 host=65566 gc_pages=61926 gc_count=1992 waf_q16=127433 best=0 next=3 settled=0
[957991.016358] NVMeVirt: WATGC_V2 sample ns=0 part=0 epoch=1 window=4 phase=measure evaluated=2 k=2 scale_pct=25 age_ratio=16 host=65544 gc_pages=61807 gc_count=1990 waf_q16=127335 best=0 next=3 settled=0
[957991.024150] NVMeVirt: WATGC_V2 sample ns=0 part=3 epoch=1 window=4 phase=measure evaluated=2 k=2 scale_pct=25 age_ratio=16 host=65542 gc_pages=59384 gc_count=1952 waf_q16=124914 best=0 next=3 settled=0
[957991.112231] NVMeVirt: WATGC_V2 sample ns=0 part=1 epoch=1 window=4 phase=measure evaluated=2 k=2 scale_pct=25 age_ratio=16 host=65541 gc_pages=61433 gc_count=1984 waf_q16=126964 best=0 next=3 settled=0
[958010.639859] NVMeVirt: WATGC_V2 sample ns=0 part=3 epoch=1 window=5 phase=measure evaluated=3 k=2 scale_pct=50 age_ratio=4 host=65547 gc_pages=61704 gc_count=1988 waf_q16=127229 best=0 next=4 settled=0
[958010.658576] NVMeVirt: WATGC_V2 sample ns=0 part=0 epoch=1 window=5 phase=measure evaluated=3 k=2 scale_pct=50 age_ratio=4 host=65557 gc_pages=62514 gc_count=2001 waf_q16=128029 best=0 next=4 settled=0
[958010.659128] NVMeVirt: WATGC_V2 sample ns=0 part=2 epoch=1 window=5 phase=measure evaluated=3 k=2 scale_pct=50 age_ratio=4 host=65544 gc_pages=61954 gc_count=1992 waf_q16=127482 best=0 next=4 settled=0
[958010.842966] NVMeVirt: WATGC_V2 sample ns=0 part=1 epoch=1 window=5 phase=measure evaluated=3 k=2 scale_pct=50 age_ratio=4 host=65543 gc_pages=62587 gc_count=2002 waf_q16=128116 best=0 next=4 settled=0
[958030.250433] NVMeVirt: WATGC_V2 sample ns=0 part=2 epoch=1 window=6 phase=measure evaluated=4 k=2 scale_pct=50 age_ratio=7 host=65542 gc_pages=58041 gc_count=1931 waf_q16=123571 best=0 next=5 settled=0
[958030.322089] NVMeVirt: WATGC_V2 sample ns=0 part=0 epoch=1 window=6 phase=measure evaluated=4 k=2 scale_pct=50 age_ratio=7 host=65544 gc_pages=57338 gc_count=1920 waf_q16=122867 best=0 next=5 settled=0
[958030.395906] NVMeVirt: WATGC_V2 sample ns=0 part=3 epoch=1 window=6 phase=measure evaluated=4 k=2 scale_pct=50 age_ratio=7 host=65561 gc_pages=58219 gc_count=1934 waf_q16=123732 best=0 next=5 settled=0
[958030.500261] NVMeVirt: WATGC_V2 sample ns=0 part=1 epoch=1 window=6 phase=measure evaluated=4 k=2 scale_pct=50 age_ratio=7 host=65545 gc_pages=55931 gc_count=1898 waf_q16=121459 best=0 next=5 settled=0
[958049.935627] NVMeVirt: WATGC_V2 sample ns=0 part=2 epoch=1 window=7 phase=measure evaluated=5 k=2 scale_pct=50 age_ratio=16 host=65537 gc_pages=74757 gc_count=2192 waf_q16=140291 best=0 next=6 settled=0
[958050.000489] NVMeVirt: WATGC_V2 sample ns=0 part=3 epoch=1 window=7 phase=measure evaluated=5 k=2 scale_pct=50 age_ratio=16 host=65541 gc_pages=74434 gc_count=2187 waf_q16=139964 best=0 next=6 settled=0
[958050.008620] NVMeVirt: WATGC_V2 sample ns=0 part=0 epoch=1 window=7 phase=measure evaluated=5 k=2 scale_pct=50 age_ratio=16 host=65549 gc_pages=74362 gc_count=2186 waf_q16=139883 best=0 next=6 settled=0
[958050.183449] NVMeVirt: WATGC_V2 sample ns=0 part=1 epoch=1 window=7 phase=measure evaluated=5 k=2 scale_pct=50 age_ratio=16 host=65555 gc_pages=74420 gc_count=2187 waf_q16=139934 best=0 next=6 settled=0
[958069.638215] NVMeVirt: WATGC_V2 sample ns=0 part=2 epoch=1 window=8 phase=measure evaluated=6 k=2 scale_pct=100 age_ratio=4 host=65541 gc_pages=73846 gc_count=2178 waf_q16=139376 best=0 next=7 settled=0
[958069.659082] NVMeVirt: WATGC_V2 sample ns=0 part=3 epoch=1 window=8 phase=measure evaluated=6 k=2 scale_pct=100 age_ratio=4 host=65568 gc_pages=73883 gc_count=2179 waf_q16=139382 best=0 next=7 settled=0
[958069.675870] NVMeVirt: WATGC_V2 sample ns=0 part=0 epoch=1 window=8 phase=measure evaluated=6 k=2 scale_pct=100 age_ratio=4 host=65548 gc_pages=75376 gc_count=2202 waf_q16=140898 best=0 next=7 settled=0
[958069.811946] NVMeVirt: WATGC_V2 sample ns=0 part=1 epoch=1 window=8 phase=measure evaluated=6 k=2 scale_pct=100 age_ratio=4 host=65537 gc_pages=74172 gc_count=2183 waf_q16=139706 best=0 next=7 settled=0
[958089.307853] NVMeVirt: WATGC_V2 sample ns=0 part=0 epoch=1 window=9 phase=measure evaluated=7 k=2 scale_pct=100 age_ratio=7 host=65545 gc_pages=74356 gc_count=2186 waf_q16=139881 best=0 next=8 settled=0
[958089.311800] NVMeVirt: WATGC_V2 sample ns=0 part=2 epoch=1 window=9 phase=measure evaluated=7 k=2 scale_pct=100 age_ratio=7 host=65546 gc_pages=74227 gc_count=2184 waf_q16=139751 best=0 next=8 settled=0
[958089.399888] NVMeVirt: WATGC_V2 sample ns=0 part=3 epoch=1 window=9 phase=measure evaluated=7 k=2 scale_pct=100 age_ratio=7 host=65564 gc_pages=73889 gc_count=2179 waf_q16=139393 best=0 next=8 settled=0
[958089.436138] NVMeVirt: WATGC_V2 sample ns=0 part=1 epoch=1 window=9 phase=measure evaluated=7 k=2 scale_pct=100 age_ratio=7 host=65536 gc_pages=74492 gc_count=2188 waf_q16=140028 best=0 next=8 settled=0
[958091.780392] mix-mixM-online-209637 phase=A step=3
[958103.507808] NVMeVirt: WATGC_V2 sample ns=0 part=2 epoch=1 window=10 phase=measure evaluated=8 k=2 scale_pct=100 age_ratio=16 host=65543 gc_pages=75065 gc_count=2197 waf_q16=140592 best=0 next=9 settled=0
[958103.571948] NVMeVirt: WATGC_V2 sample ns=0 part=3 epoch=1 window=10 phase=measure evaluated=8 k=2 scale_pct=100 age_ratio=16 host=65548 gc_pages=74677 gc_count=2191 waf_q16=140199 best=0 next=9 settled=0
[958103.579857] NVMeVirt: WATGC_V2 sample ns=0 part=0 epoch=1 window=10 phase=measure evaluated=8 k=2 scale_pct=100 age_ratio=16 host=65556 gc_pages=74731 gc_count=2192 waf_q16=140244 best=0 next=9 settled=0
[958103.592847] NVMeVirt: WATGC_V2 sample ns=0 part=1 epoch=1 window=10 phase=measure evaluated=8 k=2 scale_pct=100 age_ratio=16 host=65546 gc_pages=74486 gc_count=2188 waf_q16=140010 best=0 next=9 settled=0
[958116.616746] NVMeVirt: WATGC_V2 sample ns=0 part=2 epoch=1 window=11 phase=measure evaluated=9 k=2 scale_pct=200 age_ratio=4 host=65550 gc_pages=71666 gc_count=2144 waf_q16=137186 best=0 next=10 settled=0
[958116.649899] NVMeVirt: WATGC_V2 sample ns=0 part=3 epoch=1 window=11 phase=measure evaluated=9 k=2 scale_pct=200 age_ratio=4 host=65560 gc_pages=70313 gc_count=2123 waf_q16=135823 best=0 next=10 settled=0
[958116.667010] NVMeVirt: WATGC_V2 sample ns=0 part=0 epoch=1 window=11 phase=measure evaluated=9 k=2 scale_pct=200 age_ratio=4 host=65554 gc_pages=71342 gc_count=2139 waf_q16=136858 best=0 next=10 settled=0
[958116.771603] NVMeVirt: WATGC_V2 sample ns=0 part=1 epoch=1 window=11 phase=measure evaluated=9 k=2 scale_pct=200 age_ratio=4 host=65559 gc_pages=72106 gc_count=2151 waf_q16=137616 best=0 next=10 settled=0
[958129.710868] NVMeVirt: WATGC_V2 sample ns=0 part=2 epoch=1 window=12 phase=measure evaluated=10 k=2 scale_pct=200 age_ratio=7 host=65540 gc_pages=65022 gc_count=2040 waf_q16=130554 best=0 next=11 settled=0
[958129.761777] NVMeVirt: WATGC_V2 sample ns=0 part=0 epoch=1 window=12 phase=measure evaluated=10 k=2 scale_pct=200 age_ratio=7 host=65551 gc_pages=64693 gc_count=2035 waf_q16=130214 best=0 next=11 settled=0
[958129.816709] NVMeVirt: WATGC_V2 sample ns=0 part=3 epoch=1 window=12 phase=measure evaluated=10 k=2 scale_pct=200 age_ratio=7 host=65540 gc_pages=64896 gc_count=2038 waf_q16=130428 best=0 next=11 settled=0
[958129.857535] NVMeVirt: WATGC_V2 sample ns=0 part=1 epoch=1 window=12 phase=measure evaluated=10 k=2 scale_pct=200 age_ratio=7 host=65564 gc_pages=66537 gc_count=2064 waf_q16=132044 best=0 next=11 settled=0
[958142.818600] NVMeVirt: WATGC_V2 sample ns=0 part=2 epoch=1 window=13 phase=measure evaluated=11 k=2 scale_pct=200 age_ratio=16 host=65567 gc_pages=64220 gc_count=2028 waf_q16=129725 best=0 next=12 settled=0
[958142.893710] NVMeVirt: WATGC_V2 sample ns=0 part=0 epoch=1 window=13 phase=measure evaluated=11 k=2 scale_pct=200 age_ratio=16 host=65555 gc_pages=64682 gc_count=2035 waf_q16=130199 best=0 next=12 settled=0
[958142.898142] NVMeVirt: WATGC_V2 sample ns=0 part=3 epoch=1 window=13 phase=measure evaluated=11 k=2 scale_pct=200 age_ratio=16 host=65567 gc_pages=63773 gc_count=2021 waf_q16=129278 best=0 next=12 settled=0
[958142.990821] NVMeVirt: WATGC_V2 sample ns=0 part=1 epoch=1 window=13 phase=measure evaluated=11 k=2 scale_pct=200 age_ratio=16 host=65555 gc_pages=66217 gc_count=2059 waf_q16=131733 best=0 next=12 settled=0
[958155.962218] NVMeVirt: WATGC_V2 sample ns=0 part=2 epoch=1 window=14 phase=measure evaluated=12 k=2 scale_pct=400 age_ratio=4 host=65550 gc_pages=76910 gc_count=2226 waf_q16=142429 best=0 next=13 settled=0
[958155.982322] NVMeVirt: WATGC_V2 sample ns=0 part=3 epoch=1 window=14 phase=measure evaluated=12 k=2 scale_pct=400 age_ratio=4 host=65561 gc_pages=76451 gc_count=2219 waf_q16=141957 best=0 next=13 settled=0
[958155.998866] NVMeVirt: WATGC_V2 sample ns=0 part=0 epoch=1 window=14 phase=measure evaluated=12 k=2 scale_pct=400 age_ratio=4 host=65544 gc_pages=77300 gc_count=2232 waf_q16=142826 best=0 next=13 settled=0
[958156.100891] NVMeVirt: WATGC_V2 sample ns=0 part=1 epoch=1 window=14 phase=measure evaluated=12 k=2 scale_pct=400 age_ratio=4 host=65543 gc_pages=76086 gc_count=2213 waf_q16=141613 best=0 next=13 settled=0
[958169.060350] NVMeVirt: WATGC_V2 sample ns=0 part=2 epoch=1 window=15 phase=measure evaluated=13 k=2 scale_pct=400 age_ratio=7 host=65560 gc_pages=72552 gc_count=2158 waf_q16=138061 best=0 next=14 settled=0
[958169.103228] NVMeVirt: WATGC_V2 sample ns=0 part=0 epoch=1 window=15 phase=measure evaluated=13 k=2 scale_pct=400 age_ratio=7 host=65556 gc_pages=74797 gc_count=2193 waf_q16=140310 best=0 next=14 settled=0
[958169.140288] NVMeVirt: WATGC_V2 sample ns=0 part=3 epoch=1 window=15 phase=measure evaluated=13 k=2 scale_pct=400 age_ratio=7 host=65547 gc_pages=73526 gc_count=2173 waf_q16=139049 best=0 next=14 settled=0
[958169.183675] NVMeVirt: WATGC_V2 sample ns=0 part=1 epoch=1 window=15 phase=measure evaluated=13 k=2 scale_pct=400 age_ratio=7 host=65548 gc_pages=72692 gc_count=2160 waf_q16=138214 best=0 next=14 settled=0
[958182.145074] NVMeVirt: WATGC_V2 sample ns=0 part=2 epoch=1 window=16 phase=measure evaluated=14 k=2 scale_pct=400 age_ratio=16 host=65540 gc_pages=75135 gc_count=2198 waf_q16=140666 best=0 next=15 settled=0
[958182.245337] NVMeVirt: WATGC_V2 sample ns=0 part=0 epoch=1 window=16 phase=measure evaluated=14 k=2 scale_pct=400 age_ratio=16 host=65546 gc_pages=75897 gc_count=2210 waf_q16=141421 best=0 next=15 settled=0
[958182.270243] NVMeVirt: WATGC_V2 sample ns=0 part=1 epoch=1 window=16 phase=measure evaluated=14 k=2 scale_pct=400 age_ratio=16 host=65549 gc_pages=74551 gc_count=2189 waf_q16=140072 best=0 next=15 settled=0
[958182.273624] NVMeVirt: WATGC_V2 sample ns=0 part=3 epoch=1 window=16 phase=measure evaluated=14 k=2 scale_pct=400 age_ratio=16 host=65557 gc_pages=73712 gc_count=2176 waf_q16=139224 best=0 next=15 settled=0
[958195.244326] NVMeVirt: WATGC_V2 sample ns=0 part=2 epoch=1 window=17 phase=measure evaluated=15 k=4 scale_pct=25 age_ratio=4 host=65536 gc_pages=64646 gc_count=2034 waf_q16=130182 best=0 next=16 settled=0
[958195.372344] NVMeVirt: WATGC_V2 sample ns=0 part=0 epoch=1 window=17 phase=measure evaluated=15 k=4 scale_pct=25 age_ratio=4 host=65541 gc_pages=63618 gc_count=2018 waf_q16=129149 best=0 next=16 settled=0
[958195.378381] NVMeVirt: WATGC_V2 sample ns=0 part=1 epoch=1 window=17 phase=measure evaluated=15 k=4 scale_pct=25 age_ratio=4 host=65563 gc_pages=65067 gc_count=2041 waf_q16=130576 best=0 next=16 settled=0
[958195.383105] NVMeVirt: WATGC_V2 sample ns=0 part=3 epoch=1 window=17 phase=measure evaluated=15 k=4 scale_pct=25 age_ratio=4 host=65538 gc_pages=64975 gc_count=2039 waf_q16=130509 best=0 next=16 settled=0
[958208.407382] NVMeVirt: WATGC_V2 sample ns=0 part=2 epoch=1 window=18 phase=measure evaluated=16 k=4 scale_pct=25 age_ratio=7 host=65543 gc_pages=56628 gc_count=1909 waf_q16=122157 best=0 next=17 settled=0
[958208.436941] NVMeVirt: WATGC_V2 sample ns=0 part=0 epoch=1 window=18 phase=measure evaluated=16 k=4 scale_pct=25 age_ratio=7 host=65576 gc_pages=56778 gc_count=1912 waf_q16=122279 best=0 next=17 settled=0
[958208.490926] NVMeVirt: WATGC_V2 sample ns=0 part=3 epoch=1 window=18 phase=measure evaluated=16 k=4 scale_pct=25 age_ratio=7 host=65566 gc_pages=56462 gc_count=1907 waf_q16=121972 best=0 next=17 settled=0
[958208.492662] NVMeVirt: WATGC_V2 sample ns=0 part=1 epoch=1 window=18 phase=measure evaluated=16 k=4 scale_pct=25 age_ratio=7 host=65573 gc_pages=57366 gc_count=1921 waf_q16=122869 best=0 next=17 settled=0
[958212.087731] mix-mixM-online-209637 phase=A step=4
[958219.436508] NVMeVirt: WATGC_V2 sample ns=0 part=2 epoch=1 window=19 phase=measure evaluated=17 k=4 scale_pct=25 age_ratio=16 host=65544 gc_pages=62618 gc_count=2003 waf_q16=128146 best=0 next=18 settled=0
[958219.473048] NVMeVirt: WATGC_V2 sample ns=0 part=0 epoch=1 window=19 phase=measure evaluated=17 k=4 scale_pct=25 age_ratio=16 host=65569 gc_pages=62750 gc_count=2005 waf_q16=128254 best=0 next=18 settled=0
[958219.505574] NVMeVirt: WATGC_V2 sample ns=0 part=1 epoch=1 window=19 phase=measure evaluated=17 k=4 scale_pct=25 age_ratio=16 host=65552 gc_pages=62677 gc_count=2004 waf_q16=128197 best=0 next=18 settled=0
[958219.536646] NVMeVirt: WATGC_V2 sample ns=0 part=3 epoch=1 window=19 phase=measure evaluated=17 k=4 scale_pct=25 age_ratio=16 host=65566 gc_pages=62686 gc_count=2004 waf_q16=128193 best=0 next=18 settled=0
[958229.280031] NVMeVirt: WATGC_V2 sample ns=0 part=2 epoch=1 window=20 phase=measure evaluated=18 k=4 scale_pct=50 age_ratio=4 host=65573 gc_pages=38366 gc_count=1624 waf_q16=103880 best=18 next=19 settled=0
[958229.313352] NVMeVirt: WATGC_V2 sample ns=0 part=0 epoch=1 window=20 phase=measure evaluated=18 k=4 scale_pct=50 age_ratio=4 host=65568 gc_pages=38627 gc_count=1628 waf_q16=104144 best=18 next=19 settled=0
[958229.327046] NVMeVirt: WATGC_V2 sample ns=0 part=3 epoch=1 window=20 phase=measure evaluated=18 k=4 scale_pct=50 age_ratio=4 host=65549 gc_pages=38518 gc_count=1626 waf_q16=104046 best=18 next=19 settled=0
[958229.381581] NVMeVirt: WATGC_V2 sample ns=0 part=1 epoch=1 window=20 phase=measure evaluated=18 k=4 scale_pct=50 age_ratio=4 host=65570 gc_pages=38497 gc_count=1626 waf_q16=104013 best=18 next=19 settled=0
[958239.106726] NVMeVirt: WATGC_V2 sample ns=0 part=2 epoch=1 window=21 phase=measure evaluated=19 k=4 scale_pct=50 age_ratio=7 host=65567 gc_pages=49116 gc_count=1792 waf_q16=114628 best=18 next=20 settled=0
[958239.132991] NVMeVirt: WATGC_V2 sample ns=0 part=0 epoch=1 window=21 phase=measure evaluated=19 k=4 scale_pct=50 age_ratio=7 host=65536 gc_pages=48700 gc_count=1785 waf_q16=114236 best=18 next=20 settled=0
[958239.184833] NVMeVirt: WATGC_V2 sample ns=0 part=3 epoch=1 window=21 phase=measure evaluated=19 k=4 scale_pct=50 age_ratio=7 host=65549 gc_pages=48622 gc_count=1784 waf_q16=114148 best=18 next=20 settled=0
[958239.211966] NVMeVirt: WATGC_V2 sample ns=0 part=1 epoch=1 window=21 phase=measure evaluated=19 k=4 scale_pct=50 age_ratio=7 host=65567 gc_pages=48347 gc_count=1780 waf_q16=113860 best=18 next=20 settled=0
[958248.926858] NVMeVirt: WATGC_V2 sample ns=0 part=2 epoch=1 window=22 phase=measure evaluated=20 k=4 scale_pct=50 age_ratio=16 host=65544 gc_pages=53772 gc_count=1864 waf_q16=119301 best=18 next=21 settled=0
[958248.972184] NVMeVirt: WATGC_V2 sample ns=0 part=0 epoch=1 window=22 phase=measure evaluated=20 k=4 scale_pct=50 age_ratio=16 host=65539 gc_pages=51134 gc_count=1823 waf_q16=116667 best=18 next=21 settled=0
[958249.013107] NVMeVirt: WATGC_V2 sample ns=0 part=3 epoch=1 window=22 phase=measure evaluated=20 k=4 scale_pct=50 age_ratio=16 host=65568 gc_pages=50527 gc_count=1814 waf_q16=116038 best=18 next=21 settled=0
[958249.053464] NVMeVirt: WATGC_V2 sample ns=0 part=1 epoch=1 window=22 phase=measure evaluated=20 k=4 scale_pct=50 age_ratio=16 host=65547 gc_pages=49781 gc_count=1802 waf_q16=115308 best=18 next=21 settled=0
[958258.782100] NVMeVirt: WATGC_V2 sample ns=0 part=2 epoch=1 window=23 phase=measure evaluated=21 k=4 scale_pct=100 age_ratio=4 host=65567 gc_pages=43494 gc_count=1704 waf_q16=109009 best=18 next=22 settled=0
[958258.823729] NVMeVirt: WATGC_V2 sample ns=0 part=0 epoch=1 window=23 phase=measure evaluated=21 k=4 scale_pct=100 age_ratio=4 host=65569 gc_pages=42724 gc_count=1692 waf_q16=108238 best=18 next=22 settled=0
[958258.835447] NVMeVirt: WATGC_V2 sample ns=0 part=3 epoch=1 window=23 phase=measure evaluated=21 k=4 scale_pct=100 age_ratio=4 host=65537 gc_pages=43268 gc_count=1700 waf_q16=108803 best=18 next=22 settled=0
[958258.857800] NVMeVirt: WATGC_V2 sample ns=0 part=1 epoch=1 window=23 phase=measure evaluated=21 k=4 scale_pct=100 age_ratio=4 host=65548 gc_pages=43513 gc_count=1704 waf_q16=109041 best=18 next=22 settled=0
[958268.611985] NVMeVirt: WATGC_V2 sample ns=0 part=2 epoch=1 window=24 phase=measure evaluated=22 k=4 scale_pct=100 age_ratio=7 host=65572 gc_pages=56157 gc_count=1902 waf_q16=121662 best=18 next=23 settled=0
[958268.637681] NVMeVirt: WATGC_V2 sample ns=0 part=0 epoch=1 window=24 phase=measure evaluated=22 k=4 scale_pct=100 age_ratio=7 host=65554 gc_pages=57324 gc_count=1920 waf_q16=122844 best=18 next=23 settled=0
[958268.693387] NVMeVirt: WATGC_V2 sample ns=0 part=3 epoch=1 window=24 phase=measure evaluated=22 k=4 scale_pct=100 age_ratio=7 host=65544 gc_pages=57591 gc_count=1924 waf_q16=123119 best=18 next=23 settled=0
[958268.695124] NVMeVirt: WATGC_V2 sample ns=0 part=1 epoch=1 window=24 phase=measure evaluated=22 k=4 scale_pct=100 age_ratio=7 host=65572 gc_pages=57308 gc_count=1920 waf_q16=122812 best=18 next=23 settled=0
[958278.441814] NVMeVirt: WATGC_V2 sample ns=0 part=2 epoch=1 window=25 phase=measure evaluated=23 k=4 scale_pct=100 age_ratio=16 host=65567 gc_pages=45153 gc_count=1730 waf_q16=110667 best=18 next=24 settled=0
[958278.474608] NVMeVirt: WATGC_V2 sample ns=0 part=0 epoch=1 window=25 phase=measure evaluated=23 k=4 scale_pct=100 age_ratio=16 host=65536 gc_pages=44928 gc_count=1726 waf_q16=110464 best=18 next=24 settled=0
[958278.526529] NVMeVirt: WATGC_V2 sample ns=0 part=1 epoch=1 window=25 phase=measure evaluated=23 k=4 scale_pct=100 age_ratio=16 host=65556 gc_pages=45722 gc_count=1739 waf_q16=111244 best=18 next=24 settled=0
[958278.537898] NVMeVirt: WATGC_V2 sample ns=0 part=3 epoch=1 window=25 phase=measure evaluated=23 k=4 scale_pct=100 age_ratio=16 host=65556 gc_pages=45355 gc_count=1733 waf_q16=110877 best=18 next=24 settled=0
[958288.262612] NVMeVirt: WATGC_V2 sample ns=0 part=2 epoch=1 window=26 phase=measure evaluated=24 k=4 scale_pct=200 age_ratio=4 host=65564 gc_pages=39780 gc_count=1646 waf_q16=105299 best=18 next=25 settled=0
[958288.323816] NVMeVirt: WATGC_V2 sample ns=0 part=0 epoch=1 window=26 phase=measure evaluated=24 k=4 scale_pct=200 age_ratio=4 host=65542 gc_pages=40311 gc_count=1654 waf_q16=105843 best=18 next=25 settled=0
[958288.347718] NVMeVirt: WATGC_V2 sample ns=0 part=1 epoch=1 window=26 phase=measure evaluated=24 k=4 scale_pct=200 age_ratio=4 host=65570 gc_pages=40029 gc_count=1650 waf_q16=105544 best=18 next=25 settled=0
[958288.381113] NVMeVirt: WATGC_V2 sample ns=0 part=3 epoch=1 window=26 phase=measure evaluated=24 k=4 scale_pct=200 age_ratio=4 host=65570 gc_pages=39581 gc_count=1643 waf_q16=105096 best=18 next=25 settled=0
[958298.121870] NVMeVirt: WATGC_V2 sample ns=0 part=2 epoch=1 window=27 phase=measure evaluated=25 k=4 scale_pct=200 age_ratio=7 host=65556 gc_pages=52462 gc_count=1844 waf_q16=117981 best=18 next=26 settled=0
[958298.131937] NVMeVirt: WATGC_V2 sample ns=0 part=0 epoch=1 window=27 phase=measure evaluated=25 k=4 scale_pct=200 age_ratio=7 host=65538 gc_pages=52799 gc_count=1849 waf_q16=118333 best=18 next=26 settled=0
[958298.181288] NVMeVirt: WATGC_V2 sample ns=0 part=1 epoch=1 window=27 phase=measure evaluated=25 k=4 scale_pct=200 age_ratio=7 host=65564 gc_pages=53222 gc_count=1856 waf_q16=118735 best=18 next=26 settled=0
[958298.216072] NVMeVirt: WATGC_V2 sample ns=0 part=3 epoch=1 window=27 phase=measure evaluated=25 k=4 scale_pct=200 age_ratio=7 host=65555 gc_pages=52912 gc_count=1851 waf_q16=118432 best=18 next=26 settled=0
[958307.938889] NVMeVirt: WATGC_V2 sample ns=0 part=2 epoch=1 window=28 phase=measure evaluated=26 k=4 scale_pct=200 age_ratio=16 host=65555 gc_pages=47469 gc_count=1766 waf_q16=112991 best=18 next=27 settled=0
[958307.969325] NVMeVirt: WATGC_V2 sample ns=0 part=0 epoch=1 window=28 phase=measure evaluated=26 k=4 scale_pct=200 age_ratio=16 host=65552 gc_pages=48625 gc_count=1784 waf_q16=114149 best=18 next=27 settled=0
[958308.012899] NVMeVirt: WATGC_V2 sample ns=0 part=1 epoch=1 window=28 phase=measure evaluated=26 k=4 scale_pct=200 age_ratio=16 host=65548 gc_pages=48628 gc_count=1784 waf_q16=114155 best=18 next=27 settled=0
[958308.059633] NVMeVirt: WATGC_V2 sample ns=0 part=3 epoch=1 window=28 phase=measure evaluated=26 k=4 scale_pct=200 age_ratio=16 host=65564 gc_pages=48484 gc_count=1782 waf_q16=113999 best=18 next=27 settled=0
[958317.756042] NVMeVirt: WATGC_V2 sample ns=0 part=2 epoch=1 window=29 phase=measure evaluated=27 k=4 scale_pct=400 age_ratio=4 host=65545 gc_pages=48571 gc_count=1783 waf_q16=114100 best=18 next=28 settled=0
[958317.808547] NVMeVirt: WATGC_V2 sample ns=0 part=0 epoch=1 window=29 phase=measure evaluated=27 k=4 scale_pct=400 age_ratio=4 host=65536 gc_pages=48579 gc_count=1783 waf_q16=114115 best=18 next=28 settled=0
[958317.855999] NVMeVirt: WATGC_V2 sample ns=0 part=1 epoch=1 window=29 phase=measure evaluated=27 k=4 scale_pct=400 age_ratio=4 host=65563 gc_pages=49513 gc_count=1798 waf_q16=115028 best=18 next=28 settled=0
[958317.902266] NVMeVirt: WATGC_V2 sample ns=0 part=3 epoch=1 window=29 phase=measure evaluated=27 k=4 scale_pct=400 age_ratio=4 host=65558 gc_pages=48686 gc_count=1785 waf_q16=114205 best=18 next=28 settled=0
[958327.607893] NVMeVirt: WATGC_V2 sample ns=0 part=2 epoch=1 window=30 phase=measure evaluated=28 k=4 scale_pct=400 age_ratio=7 host=65566 gc_pages=66086 gc_count=2057 waf_q16=131591 best=18 next=29 settled=0
[958327.637259] NVMeVirt: WATGC_V2 sample ns=0 part=0 epoch=1 window=30 phase=measure evaluated=28 k=4 scale_pct=400 age_ratio=7 host=65540 gc_pages=65792 gc_count=2052 waf_q16=131323 best=18 next=29 settled=0
[958327.689739] NVMeVirt: WATGC_V2 sample ns=0 part=1 epoch=1 window=30 phase=measure evaluated=28 k=4 scale_pct=400 age_ratio=7 host=65554 gc_pages=66739 gc_count=2067 waf_q16=132256 best=18 next=29 settled=0
[958327.718392] NVMeVirt: WATGC_V2 sample ns=0 part=3 epoch=1 window=30 phase=measure evaluated=28 k=4 scale_pct=400 age_ratio=7 host=65561 gc_pages=65643 gc_count=2050 waf_q16=131153 best=18 next=29 settled=0
[958332.385430] mix-mixM-online-209637 phase=A step=5
[958336.712610] NVMeVirt: WATGC_V2 sample ns=0 part=2 epoch=1 window=31 phase=measure evaluated=29 k=4 scale_pct=400 age_ratio=16 host=65570 gc_pages=66327 gc_count=2061 waf_q16=131828 best=18 next=30 settled=0
[958336.730247] NVMeVirt: WATGC_V2 sample ns=0 part=0 epoch=1 window=31 phase=measure evaluated=29 k=4 scale_pct=400 age_ratio=16 host=65538 gc_pages=66231 gc_count=2059 waf_q16=131764 best=18 next=30 settled=0
[958336.787018] NVMeVirt: WATGC_V2 sample ns=0 part=1 epoch=1 window=31 phase=measure evaluated=29 k=4 scale_pct=400 age_ratio=16 host=65539 gc_pages=66166 gc_count=2058 waf_q16=131698 best=18 next=30 settled=0
[958336.824518] NVMeVirt: WATGC_V2 sample ns=0 part=3 epoch=1 window=31 phase=measure evaluated=29 k=4 scale_pct=400 age_ratio=16 host=65556 gc_pages=65382 gc_count=2046 waf_q16=130898 best=18 next=30 settled=0
[958344.579492] NVMeVirt: WATGC_V2 sample ns=0 part=2 epoch=1 window=32 phase=measure evaluated=30 k=7 scale_pct=25 age_ratio=4 host=65565 gc_pages=64606 gc_count=2034 waf_q16=130113 best=18 next=31 settled=0
[958344.596996] NVMeVirt: WATGC_V2 sample ns=0 part=0 epoch=1 window=32 phase=measure evaluated=30 k=7 scale_pct=25 age_ratio=4 host=65568 gc_pages=65253 gc_count=2044 waf_q16=130757 best=18 next=31 settled=0
[958344.664090] NVMeVirt: WATGC_V2 sample ns=0 part=3 epoch=1 window=32 phase=measure evaluated=30 k=7 scale_pct=25 age_ratio=4 host=65567 gc_pages=64463 gc_count=2032 waf_q16=129968 best=18 next=31 settled=0
[958344.676798] NVMeVirt: WATGC_V2 sample ns=0 part=1 epoch=1 window=32 phase=measure evaluated=30 k=7 scale_pct=25 age_ratio=4 host=65539 gc_pages=65336 gc_count=2045 waf_q16=130869 best=18 next=31 settled=0
[958352.446901] NVMeVirt: WATGC_V2 sample ns=0 part=2 epoch=1 window=33 phase=measure evaluated=31 k=7 scale_pct=25 age_ratio=7 host=65568 gc_pages=56139 gc_count=1902 waf_q16=121647 best=18 next=32 settled=0
[958352.452137] NVMeVirt: WATGC_V2 sample ns=0 part=0 epoch=1 window=33 phase=measure evaluated=31 k=7 scale_pct=25 age_ratio=7 host=65569 gc_pages=56842 gc_count=1913 waf_q16=122349 best=18 next=32 settled=0
[958352.537559] NVMeVirt: WATGC_V2 sample ns=0 part=1 epoch=1 window=33 phase=measure evaluated=31 k=7 scale_pct=25 age_ratio=7 host=65549 gc_pages=54185 gc_count=1871 waf_q16=119710 best=18 next=32 settled=0
[958352.556406] NVMeVirt: WATGC_V2 sample ns=0 part=3 epoch=1 window=33 phase=measure evaluated=31 k=7 scale_pct=25 age_ratio=7 host=65572 gc_pages=54038 gc_count=1869 waf_q16=119544 best=18 next=32 settled=0
[958360.302961] NVMeVirt: WATGC_V2 sample ns=0 part=2 epoch=1 window=34 phase=measure evaluated=32 k=7 scale_pct=25 age_ratio=16 host=65557 gc_pages=52117 gc_count=1839 waf_q16=117636 best=18 next=33 settled=0
[958360.339175] NVMeVirt: WATGC_V2 sample ns=0 part=0 epoch=1 window=34 phase=measure evaluated=32 k=7 scale_pct=25 age_ratio=16 host=65538 gc_pages=55163 gc_count=1886 waf_q16=120697 best=18 next=33 settled=0
[958360.407445] NVMeVirt: WATGC_V2 sample ns=0 part=3 epoch=1 window=34 phase=measure evaluated=32 k=7 scale_pct=25 age_ratio=16 host=65542 gc_pages=53996 gc_count=1868 waf_q16=119527 best=18 next=33 settled=0
[958360.408458] NVMeVirt: WATGC_V2 sample ns=0 part=1 epoch=1 window=34 phase=measure evaluated=32 k=7 scale_pct=25 age_ratio=16 host=65568 gc_pages=53545 gc_count=1861 waf_q16=119054 best=18 next=33 settled=0
[958368.170980] NVMeVirt: WATGC_V2 sample ns=0 part=2 epoch=1 window=35 phase=measure evaluated=33 k=7 scale_pct=50 age_ratio=4 host=65536 gc_pages=35531 gc_count=1579 waf_q16=101067 best=33 next=34 settled=0
[958368.197822] NVMeVirt: WATGC_V2 sample ns=0 part=0 epoch=1 window=35 phase=measure evaluated=33 k=7 scale_pct=50 age_ratio=4 host=65549 gc_pages=35830 gc_count=1584 waf_q16=101358 best=33 next=34 settled=0
[958368.267115] NVMeVirt: WATGC_V2 sample ns=0 part=3 epoch=1 window=35 phase=measure evaluated=33 k=7 scale_pct=50 age_ratio=4 host=65542 gc_pages=35325 gc_count=1576 waf_q16=100857 best=33 next=34 settled=0
[958368.281482] NVMeVirt: WATGC_V2 sample ns=0 part=1 epoch=1 window=35 phase=measure evaluated=33 k=7 scale_pct=50 age_ratio=4 host=65572 gc_pages=35674 gc_count=1582 waf_q16=101190 best=33 next=34 settled=0
[958376.045941] NVMeVirt: WATGC_V2 sample ns=0 part=2 epoch=1 window=36 phase=measure evaluated=34 k=7 scale_pct=50 age_ratio=7 host=65541 gc_pages=48616 gc_count=1784 waf_q16=114148 best=33 next=35 settled=0
[958376.072736] NVMeVirt: WATGC_V2 sample ns=0 part=0 epoch=1 window=36 phase=measure evaluated=34 k=7 scale_pct=50 age_ratio=7 host=65541 gc_pages=48314 gc_count=1779 waf_q16=113846 best=33 next=35 settled=0
[958376.120920] NVMeVirt: WATGC_V2 sample ns=0 part=1 epoch=1 window=36 phase=measure evaluated=34 k=7 scale_pct=50 age_ratio=7 host=65559 gc_pages=48553 gc_count=1783 waf_q16=114071 best=33 next=35 settled=0
[958376.149143] NVMeVirt: WATGC_V2 sample ns=0 part=3 epoch=1 window=36 phase=measure evaluated=34 k=7 scale_pct=50 age_ratio=7 host=65546 gc_pages=49076 gc_count=1791 waf_q16=114604 best=33 next=35 settled=0
[958383.897286] NVMeVirt: WATGC_V2 sample ns=0 part=2 epoch=1 window=37 phase=measure evaluated=35 k=7 scale_pct=50 age_ratio=16 host=65542 gc_pages=44644 gc_count=1722 waf_q16=110175 best=33 next=36 settled=0
[958383.932229] NVMeVirt: WATGC_V2 sample ns=0 part=0 epoch=1 window=37 phase=measure evaluated=35 k=7 scale_pct=50 age_ratio=16 host=65547 gc_pages=44594 gc_count=1721 waf_q16=110122 best=33 next=36 settled=0
[958383.992237] NVMeVirt: WATGC_V2 sample ns=0 part=1 epoch=1 window=37 phase=measure evaluated=35 k=7 scale_pct=50 age_ratio=16 host=65544 gc_pages=46101 gc_count=1745 waf_q16=111631 best=33 next=36 settled=0
[958384.031227] NVMeVirt: WATGC_V2 sample ns=0 part=3 epoch=1 window=37 phase=measure evaluated=35 k=7 scale_pct=50 age_ratio=16 host=65565 gc_pages=44510 gc_count=1720 waf_q16=110026 best=33 next=36 settled=0
[958391.762933] NVMeVirt: WATGC_V2 sample ns=0 part=2 epoch=1 window=38 phase=measure evaluated=36 k=7 scale_pct=100 age_ratio=4 host=65567 gc_pages=35360 gc_count=1577 waf_q16=100879 best=33 next=38 settled=0
[958391.793772] NVMeVirt: WATGC_V2 sample ns=0 part=0 epoch=1 window=38 phase=measure evaluated=36 k=7 scale_pct=100 age_ratio=4 host=65543 gc_pages=35577 gc_count=1580 waf_q16=101109 best=33 next=38 settled=0
[958391.850705] NVMeVirt: WATGC_V2 sample ns=0 part=1 epoch=1 window=38 phase=measure evaluated=36 k=7 scale_pct=100 age_ratio=4 host=65562 gc_pages=35493 gc_count=1579 waf_q16=101014 best=33 next=38 settled=0
[958391.917239] NVMeVirt: WATGC_V2 sample ns=0 part=3 epoch=1 window=38 phase=measure evaluated=36 k=7 scale_pct=100 age_ratio=4 host=65572 gc_pages=35100 gc_count=1573 waf_q16=100616 best=33 next=38 settled=0
[958399.647889] NVMeVirt: WATGC_V2 sample ns=0 part=2 epoch=1 window=39 phase=measure evaluated=38 k=7 scale_pct=100 age_ratio=16 host=65553 gc_pages=49266 gc_count=1794 waf_q16=114789 best=33 next=39 settled=0
[958399.663729] NVMeVirt: WATGC_V2 sample ns=0 part=0 epoch=1 window=39 phase=measure evaluated=38 k=7 scale_pct=100 age_ratio=16 host=65560 gc_pages=49537 gc_count=1798 waf_q16=115054 best=33 next=39 settled=0
[958399.714508] NVMeVirt: WATGC_V2 sample ns=0 part=1 epoch=1 window=39 phase=measure evaluated=38 k=7 scale_pct=100 age_ratio=16 host=65573 gc_pages=49754 gc_count=1802 waf_q16=115261 best=33 next=39 settled=0
[958399.765087] NVMeVirt: WATGC_V2 sample ns=0 part=3 epoch=1 window=39 phase=measure evaluated=38 k=7 scale_pct=100 age_ratio=16 host=65545 gc_pages=49717 gc_count=1801 waf_q16=115246 best=33 next=39 settled=0
[958407.510442] NVMeVirt: WATGC_V2 sample ns=0 part=2 epoch=1 window=40 phase=measure evaluated=39 k=7 scale_pct=200 age_ratio=4 host=65548 gc_pages=44531 gc_count=1720 waf_q16=110058 best=33 next=40 settled=0
[958407.518144] NVMeVirt: WATGC_V2 sample ns=0 part=0 epoch=1 window=40 phase=measure evaluated=39 k=7 scale_pct=200 age_ratio=4 host=65550 gc_pages=44338 gc_count=1717 waf_q16=109864 best=33 next=40 settled=0
[958407.584590] NVMeVirt: WATGC_V2 sample ns=0 part=1 epoch=1 window=40 phase=measure evaluated=39 k=7 scale_pct=200 age_ratio=4 host=65571 gc_pages=44892 gc_count=1726 waf_q16=110404 best=33 next=40 settled=0
[958407.643213] NVMeVirt: WATGC_V2 sample ns=0 part=3 epoch=1 window=40 phase=measure evaluated=39 k=7 scale_pct=200 age_ratio=4 host=65541 gc_pages=44283 gc_count=1716 waf_q16=109815 best=33 next=40 settled=0
[958415.364617] NVMeVirt: WATGC_V2 sample ns=0 part=2 epoch=1 window=41 phase=measure evaluated=40 k=7 scale_pct=200 age_ratio=7 host=65544 gc_pages=44404 gc_count=1718 waf_q16=109934 best=33 next=41 settled=0
[958415.407480] NVMeVirt: WATGC_V2 sample ns=0 part=0 epoch=1 window=41 phase=measure evaluated=40 k=7 scale_pct=200 age_ratio=7 host=65570 gc_pages=43865 gc_count=1710 waf_q16=109378 best=33 next=41 settled=0
[958415.446684] NVMeVirt: WATGC_V2 sample ns=0 part=1 epoch=1 window=41 phase=measure evaluated=40 k=7 scale_pct=200 age_ratio=7 host=65542 gc_pages=43892 gc_count=1710 waf_q16=109423 best=33 next=41 settled=0
[958415.512649] NVMeVirt: WATGC_V2 sample ns=0 part=3 epoch=1 window=41 phase=measure evaluated=40 k=7 scale_pct=200 age_ratio=7 host=65574 gc_pages=43476 gc_count=1704 waf_q16=108986 best=33 next=41 settled=0
[958423.229342] NVMeVirt: WATGC_V2 sample ns=0 part=2 epoch=1 window=42 phase=measure evaluated=41 k=7 scale_pct=200 age_ratio=16 host=65555 gc_pages=52209 gc_count=1840 waf_q16=117729 best=33 next=42 settled=0
[958423.268416] NVMeVirt: WATGC_V2 sample ns=0 part=0 epoch=1 window=42 phase=measure evaluated=41 k=7 scale_pct=200 age_ratio=16 host=65550 gc_pages=49103 gc_count=1791 waf_q16=114628 best=33 next=42 settled=0
[958423.322789] NVMeVirt: WATGC_V2 sample ns=0 part=1 epoch=1 window=42 phase=measure evaluated=41 k=7 scale_pct=200 age_ratio=16 host=65540 gc_pages=51392 gc_count=1827 waf_q16=116924 best=33 next=42 settled=0
[958423.380198] NVMeVirt: WATGC_V2 sample ns=0 part=3 epoch=1 window=42 phase=measure evaluated=41 k=7 scale_pct=200 age_ratio=16 host=65567 gc_pages=51109 gc_count=1823 waf_q16=116620 best=33 next=42 settled=0
[958431.101853] NVMeVirt: WATGC_V2 sample ns=0 part=2 epoch=1 window=43 phase=measure evaluated=42 k=7 scale_pct=400 age_ratio=4 host=65563 gc_pages=51941 gc_count=1836 waf_q16=117455 best=33 next=43 settled=0
[958431.130606] NVMeVirt: WATGC_V2 sample ns=0 part=0 epoch=1 window=43 phase=measure evaluated=42 k=7 scale_pct=400 age_ratio=4 host=65550 gc_pages=51890 gc_count=1835 waf_q16=117414 best=33 next=43 settled=0
[958431.190953] NVMeVirt: WATGC_V2 sample ns=0 part=1 epoch=1 window=43 phase=measure evaluated=42 k=7 scale_pct=400 age_ratio=4 host=65549 gc_pages=51827 gc_count=1834 waf_q16=117352 best=33 next=43 settled=0
[958431.249699] NVMeVirt: WATGC_V2 sample ns=0 part=3 epoch=1 window=43 phase=measure evaluated=42 k=7 scale_pct=400 age_ratio=4 host=65567 gc_pages=51617 gc_count=1831 waf_q16=117128 best=33 next=43 settled=0
[958438.968859] NVMeVirt: WATGC_V2 sample ns=0 part=2 epoch=1 window=44 phase=measure evaluated=43 k=7 scale_pct=400 age_ratio=7 host=65559 gc_pages=49068 gc_count=1791 waf_q16=114586 best=33 next=44 settled=0
[958439.004130] NVMeVirt: WATGC_V2 sample ns=0 part=0 epoch=1 window=44 phase=measure evaluated=43 k=7 scale_pct=400 age_ratio=7 host=65549 gc_pages=49014 gc_count=1790 waf_q16=114540 best=33 next=44 settled=0
[958439.052706] NVMeVirt: WATGC_V2 sample ns=0 part=1 epoch=1 window=44 phase=measure evaluated=43 k=7 scale_pct=400 age_ratio=7 host=65542 gc_pages=49981 gc_count=1805 waf_q16=115512 best=33 next=44 settled=0
[958439.120143] NVMeVirt: WATGC_V2 sample ns=0 part=3 epoch=1 window=44 phase=measure evaluated=43 k=7 scale_pct=400 age_ratio=7 host=65555 gc_pages=49840 gc_count=1803 waf_q16=115361 best=33 next=44 settled=0
[958446.839582] NVMeVirt: WATGC_V2 sample ns=0 part=2 epoch=1 window=45 phase=measure evaluated=44 k=7 scale_pct=400 age_ratio=16 host=65549 gc_pages=57979 gc_count=1930 waf_q16=123503 best=33 next=45 settled=0
[958446.885654] NVMeVirt: WATGC_V2 sample ns=0 part=0 epoch=1 window=45 phase=measure evaluated=44 k=7 scale_pct=400 age_ratio=16 host=65565 gc_pages=57963 gc_count=1930 waf_q16=123473 best=33 next=45 settled=0
[958446.932505] NVMeVirt: WATGC_V2 sample ns=0 part=1 epoch=1 window=45 phase=measure evaluated=44 k=7 scale_pct=400 age_ratio=16 host=65558 gc_pages=59571 gc_count=1955 waf_q16=125087 best=33 next=45 settled=0
[958446.950680] NVMeVirt: WATGC_V2 sample ns=0 part=3 epoch=1 window=45 phase=measure evaluated=44 k=7 scale_pct=400 age_ratio=16 host=65551 gc_pages=59451 gc_count=1953 waf_q16=124973 best=33 next=45 settled=0
[958452.692743] mix-mixM-online-209637 phase=A END
[958452.699099] NVMeVirt: Measurement: command=stop epoch=1 host_bytes=73730056192 learner_active=0
[958452.768996] EXT4-fs (nvme0n1): unmounting filesystem 6f9d9519-cb97-45ee-a29c-7a01b8d6570b.
[958452.822842] pci_bus 0001:10: busn_res: [bus 10-ff] is released
[958452.822901] NVMeVirt: WATGC_V2 summary ns=0 part=0 epoch=1 windows=45 epoch_windows=45 discarded=0 visited=45 covered=0 settled=0 phase=2 current=45 best=33 k=7 scale_pct=50 age_ratio=4 best_waf_valid=1 best_waf_q16=101358
[958452.822908] NVMeVirt: WATGC_V2 summary ns=0 part=1 epoch=1 windows=45 epoch_windows=45 discarded=0 visited=45 covered=0 settled=0 phase=2 current=45 best=33 k=7 scale_pct=50 age_ratio=4 best_waf_valid=1 best_waf_q16=101190
[958452.822914] NVMeVirt: WATGC_V2 summary ns=0 part=2 epoch=1 windows=45 epoch_windows=45 discarded=0 visited=45 covered=0 settled=0 phase=2 current=45 best=33 k=7 scale_pct=50 age_ratio=4 best_waf_valid=1 best_waf_q16=101066
[958452.822919] NVMeVirt: WATGC_V2 summary ns=0 part=3 epoch=1 windows=45 epoch_windows=45 discarded=0 visited=45 covered=0 settled=0 phase=2 current=45 best=33 k=7 scale_pct=50 age_ratio=4 best_waf_valid=1 best_waf_q16=100857
[958452.822923] NVMeVirt: GC stats: ns=0 policy=watgc-v2 host_pages=18000502 gc_pages=16228188 gc_count=534823 WAF=1.901 warmup_gc=100-per-part
[958452.896262] NVMeVirt: Virtual NVMe device closed
