[882281.452714] mix-mixQ-online-4167251 BEGIN
[882281.464429] NVMeVirt: Version 1.10 for >> Samsung 970 Pro SSD <<
[882281.464434] NVMeVirt: Storage: 0x100100000-0x300000000 (8191 MiB)
[882281.475621] NVMeVirt: Total Capacity(GiB,MiB)=2,2048 chs=2 luns=4 lines=8192 blk-size(MiB,KiB)=0,64 line-size(MiB,KiB)=0,256
[882281.487340] NVMeVirt: [chmodel_init] bandwidth 800 max_credits 26 tx_time 152
[882281.498371] NVMeVirt: [chmodel_init] bandwidth 800 max_credits 26 tx_time 152
[882281.498388] NVMeVirt: [chmodel_init] bandwidth 3360 max_credits 110 tx_time 36
[882281.498390] NVMeVirt: WATGC_V2 init ns=0 part=0 arms=60 initial=37 prior=none gamma_q16=65503 exploration_q16=16384
[882281.499685] NVMeVirt: pqueue: Copyright (c) 2014, Volkan Yazıcı <volkan.yazici@gmail.com>. All rights reserved.
[882281.499722] NVMeVirt: Init FTL instance with 2 channels (524288 pages)
[882281.499724] NVMeVirt: GC victim policy: watgc-v2 ns=0 part=0 initial_k=7 initial_scale_pct=100 initial_age_ratio=7 warmup_gc=100
[882281.510797] NVMeVirt: [chmodel_init] bandwidth 800 max_credits 26 tx_time 152
[882281.521351] NVMeVirt: [chmodel_init] bandwidth 800 max_credits 26 tx_time 152
[882281.521367] NVMeVirt: [chmodel_init] bandwidth 3360 max_credits 110 tx_time 36
[882281.521369] NVMeVirt: WATGC_V2 init ns=0 part=1 arms=60 initial=37 prior=none gamma_q16=65503 exploration_q16=16384
[882281.522724] NVMeVirt: Init FTL instance with 2 channels (524288 pages)
[882281.522729] NVMeVirt: GC victim policy: watgc-v2 ns=0 part=1 initial_k=7 initial_scale_pct=100 initial_age_ratio=7 warmup_gc=100
[882281.533591] NVMeVirt: [chmodel_init] bandwidth 800 max_credits 26 tx_time 152
[882281.544435] NVMeVirt: [chmodel_init] bandwidth 800 max_credits 26 tx_time 152
[882281.544453] NVMeVirt: [chmodel_init] bandwidth 3360 max_credits 110 tx_time 36
[882281.544455] NVMeVirt: WATGC_V2 init ns=0 part=2 arms=60 initial=37 prior=none gamma_q16=65503 exploration_q16=16384
[882281.545751] NVMeVirt: Init FTL instance with 2 channels (524288 pages)
[882281.545769] NVMeVirt: GC victim policy: watgc-v2 ns=0 part=2 initial_k=7 initial_scale_pct=100 initial_age_ratio=7 warmup_gc=100
[882281.556328] NVMeVirt: [chmodel_init] bandwidth 800 max_credits 26 tx_time 152
[882281.567039] NVMeVirt: [chmodel_init] bandwidth 800 max_credits 26 tx_time 152
[882281.567053] NVMeVirt: [chmodel_init] bandwidth 3360 max_credits 110 tx_time 36
[882281.567055] NVMeVirt: WATGC_V2 init ns=0 part=3 arms=60 initial=37 prior=none gamma_q16=65503 exploration_q16=16384
[882281.568264] NVMeVirt: Init FTL instance with 2 channels (524288 pages)
[882281.568266] NVMeVirt: GC victim policy: watgc-v2 ns=0 part=3 initial_k=7 initial_scale_pct=100 initial_age_ratio=7 warmup_gc=100
[882281.568273] NVMeVirt: FTL physical space: 8588886016, logical space: 8026996276 (physical/logical * 100 = 107)
[882281.568274] NVMeVirt: ns 0/1: size 7655 MiB
[882281.568324] PCI host bridge to bus 0001:10
[882281.568326] pci_bus 0001:10: root bus resource [io  0x0000-0xffff]
[882281.568329] pci_bus 0001:10: root bus resource [mem 0x00000000-0x7fffffffff]
[882281.568331] pci_bus 0001:10: root bus resource [bus 00-ff]
[882281.568353] pci 0001:10:00.0: [0c51:0110] type 00 class 0x010802 PCIe Endpoint
[882281.568357] pci 0001:10:00.0: BAR 0 [mem 0x100000000-0x100003fff 64bit]
[882281.568360] pci 0001:10:00.0: enabling Extended Tags
[882281.568567] NVMeVirt: Virtual PCI bus created (node 0)
[882281.568869] NVMeVirt: nvmev_io_worker_0 started on cpu 2 (node 0)
[882281.568984] NVMeVirt: Virtual NVMe device created
[882281.569189] nvme nvme0: pci function 0001:10:00.0
[882281.569236] NVMeVirt: nvmev_dispatcher started on cpu 1 (node 0)
[882281.571209] nvme nvme0: 8/0/0 default/read/poll queues
[882281.646750] EXT4-fs (nvme0n1): mounted filesystem 77299ba0-3aa8-4ab3-8cd6-32fb6cd41d19 r/w with ordered data mode. Quota mode: none.
[882363.672415] NVMeVirt: WATGC_V2 init ns=0 part=0 arms=60 initial=37 prior=none gamma_q16=65503 exploration_q16=16384
[882363.672422] NVMeVirt: WATGC_V2 init ns=0 part=1 arms=60 initial=37 prior=none gamma_q16=65503 exploration_q16=16384
[882363.672425] NVMeVirt: WATGC_V2 init ns=0 part=2 arms=60 initial=37 prior=none gamma_q16=65503 exploration_q16=16384
[882363.672428] NVMeVirt: WATGC_V2 init ns=0 part=3 arms=60 initial=37 prior=none gamma_q16=65503 exploration_q16=16384
[882363.672430] NVMeVirt: Measurement: command=start epoch=1 host_bytes=0 learner_active=1
[882363.680947] mix-mixQ-online-4167251 phase=A START
[882364.273237] NVMeVirt: WATGC_V2 warmup-done ns=0 part=2 gc_count=2779
[882364.276813] NVMeVirt: WATGC_V2 warmup-done ns=0 part=0 gc_count=2799
[882364.277565] NVMeVirt: WATGC_V2 warmup-done ns=0 part=1 gc_count=2784
[882364.279605] NVMeVirt: WATGC_V2 warmup-done ns=0 part=3 gc_count=2785
[882374.076135] NVMeVirt: WATGC_V2 sample ns=0 part=0 epoch=1 window=1 phase=measure evaluated=37 k=7 scale_pct=100 age_ratio=7 host=65565 gc_pages=62626 gc_count=2003 waf_q16=128134 best=37 next=0 settled=0
[882374.080092] NVMeVirt: WATGC_V2 sample ns=0 part=2 epoch=1 window=1 phase=measure evaluated=37 k=7 scale_pct=100 age_ratio=7 host=65537 gc_pages=62333 gc_count=1998 waf_q16=127868 best=37 next=0 settled=0
[882374.081594] NVMeVirt: WATGC_V2 sample ns=0 part=1 epoch=1 window=1 phase=measure evaluated=37 k=7 scale_pct=100 age_ratio=7 host=65569 gc_pages=62811 gc_count=2006 waf_q16=128315 best=37 next=0 settled=0
[882374.104642] NVMeVirt: WATGC_V2 sample ns=0 part=3 epoch=1 window=1 phase=measure evaluated=37 k=7 scale_pct=100 age_ratio=7 host=65545 gc_pages=62326 gc_count=1998 waf_q16=127853 best=37 next=0 settled=0
[882383.906567] NVMeVirt: WATGC_V2 sample ns=0 part=2 epoch=1 window=2 phase=measure evaluated=0 k=2 scale_pct=25 age_ratio=4 host=65536 gc_pages=61187 gc_count=1980 waf_q16=126723 best=0 next=1 settled=0
[882383.912543] NVMeVirt: WATGC_V2 sample ns=0 part=1 epoch=1 window=2 phase=measure evaluated=0 k=2 scale_pct=25 age_ratio=4 host=65558 gc_pages=61037 gc_count=1978 waf_q16=126552 best=0 next=1 settled=0
[882383.917536] NVMeVirt: WATGC_V2 sample ns=0 part=0 epoch=1 window=2 phase=measure evaluated=0 k=2 scale_pct=25 age_ratio=4 host=65565 gc_pages=61030 gc_count=1978 waf_q16=126539 best=0 next=1 settled=0
[882383.934004] NVMeVirt: WATGC_V2 sample ns=0 part=3 epoch=1 window=2 phase=measure evaluated=0 k=2 scale_pct=25 age_ratio=4 host=65560 gc_pages=60843 gc_count=1975 waf_q16=126356 best=0 next=1 settled=0
[882393.734683] NVMeVirt: WATGC_V2 sample ns=0 part=2 epoch=1 window=3 phase=measure evaluated=1 k=2 scale_pct=25 age_ratio=7 host=65539 gc_pages=74430 gc_count=2187 waf_q16=139962 best=0 next=2 settled=0
[882393.753692] NVMeVirt: WATGC_V2 sample ns=0 part=1 epoch=1 window=3 phase=measure evaluated=1 k=2 scale_pct=25 age_ratio=7 host=65548 gc_pages=74613 gc_count=2190 waf_q16=140135 best=0 next=2 settled=0
[882393.755454] NVMeVirt: WATGC_V2 sample ns=0 part=3 epoch=1 window=3 phase=measure evaluated=1 k=2 scale_pct=25 age_ratio=7 host=65561 gc_pages=74664 gc_count=2191 waf_q16=140171 best=0 next=2 settled=0
[882393.765942] NVMeVirt: WATGC_V2 sample ns=0 part=0 epoch=1 window=3 phase=measure evaluated=1 k=2 scale_pct=25 age_ratio=7 host=65563 gc_pages=74855 gc_count=2194 waf_q16=140360 best=0 next=2 settled=0
[882403.564456] NVMeVirt: WATGC_V2 sample ns=0 part=2 epoch=1 window=4 phase=measure evaluated=2 k=2 scale_pct=25 age_ratio=16 host=65540 gc_pages=72962 gc_count=2164 waf_q16=138493 best=0 next=3 settled=0
[882403.577866] NVMeVirt: WATGC_V2 sample ns=0 part=3 epoch=1 window=4 phase=measure evaluated=2 k=2 scale_pct=25 age_ratio=16 host=65557 gc_pages=73008 gc_count=2165 waf_q16=138520 best=0 next=3 settled=0
[882403.599121] NVMeVirt: WATGC_V2 sample ns=0 part=1 epoch=1 window=4 phase=measure evaluated=2 k=2 scale_pct=25 age_ratio=16 host=65541 gc_pages=73281 gc_count=2169 waf_q16=138811 best=0 next=3 settled=0
[882403.601328] NVMeVirt: WATGC_V2 sample ns=0 part=0 epoch=1 window=4 phase=measure evaluated=2 k=2 scale_pct=25 age_ratio=16 host=65551 gc_pages=73270 gc_count=2169 waf_q16=138789 best=0 next=3 settled=0
[882413.383733] NVMeVirt: WATGC_V2 sample ns=0 part=0 epoch=1 window=5 phase=measure evaluated=3 k=2 scale_pct=50 age_ratio=4 host=65536 gc_pages=73153 gc_count=2167 waf_q16=138689 best=0 next=4 settled=0
[882413.401689] NVMeVirt: WATGC_V2 sample ns=0 part=3 epoch=1 window=5 phase=measure evaluated=3 k=2 scale_pct=50 age_ratio=4 host=65542 gc_pages=72571 gc_count=2158 waf_q16=138100 best=0 next=4 settled=0
[882413.440280] NVMeVirt: WATGC_V2 sample ns=0 part=1 epoch=1 window=5 phase=measure evaluated=3 k=2 scale_pct=50 age_ratio=4 host=65561 gc_pages=73577 gc_count=2174 waf_q16=139084 best=0 next=4 settled=0
[882413.443603] NVMeVirt: WATGC_V2 sample ns=0 part=2 epoch=1 window=5 phase=measure evaluated=3 k=2 scale_pct=50 age_ratio=4 host=65556 gc_pages=72941 gc_count=2164 waf_q16=138454 best=0 next=4 settled=0
[882423.232545] NVMeVirt: WATGC_V2 sample ns=0 part=0 epoch=1 window=6 phase=measure evaluated=4 k=2 scale_pct=50 age_ratio=7 host=65538 gc_pages=71225 gc_count=2137 waf_q16=136758 best=0 next=5 settled=0
[882423.246422] NVMeVirt: WATGC_V2 sample ns=0 part=2 epoch=1 window=6 phase=measure evaluated=4 k=2 scale_pct=50 age_ratio=7 host=65557 gc_pages=72039 gc_count=2150 waf_q16=137551 best=0 next=5 settled=0
[882423.263288] NVMeVirt: WATGC_V2 sample ns=0 part=3 epoch=1 window=6 phase=measure evaluated=4 k=2 scale_pct=50 age_ratio=7 host=65549 gc_pages=71792 gc_count=2146 waf_q16=137313 best=0 next=5 settled=0
[882423.267085] NVMeVirt: WATGC_V2 sample ns=0 part=1 epoch=1 window=6 phase=measure evaluated=4 k=2 scale_pct=50 age_ratio=7 host=65564 gc_pages=71776 gc_count=2146 waf_q16=137281 best=0 next=5 settled=0
[882433.072079] NVMeVirt: WATGC_V2 sample ns=0 part=0 epoch=1 window=7 phase=measure evaluated=5 k=2 scale_pct=50 age_ratio=16 host=65544 gc_pages=74038 gc_count=2181 waf_q16=139564 best=0 next=6 settled=0
[882433.079878] NVMeVirt: WATGC_V2 sample ns=0 part=3 epoch=1 window=7 phase=measure evaluated=5 k=2 scale_pct=50 age_ratio=16 host=65546 gc_pages=74931 gc_count=2195 waf_q16=140455 best=0 next=6 settled=0
[882433.090262] NVMeVirt: WATGC_V2 sample ns=0 part=1 epoch=1 window=7 phase=measure evaluated=5 k=2 scale_pct=50 age_ratio=16 host=65543 gc_pages=75321 gc_count=2201 waf_q16=140848 best=0 next=6 settled=0
[882433.099899] NVMeVirt: WATGC_V2 sample ns=0 part=2 epoch=1 window=7 phase=measure evaluated=5 k=2 scale_pct=50 age_ratio=16 host=65553 gc_pages=75501 gc_count=2204 waf_q16=141017 best=0 next=6 settled=0
[882442.902923] NVMeVirt: WATGC_V2 sample ns=0 part=0 epoch=1 window=8 phase=measure evaluated=6 k=2 scale_pct=100 age_ratio=4 host=65556 gc_pages=79213 gc_count=2262 waf_q16=144724 best=0 next=7 settled=0
[882442.903814] NVMeVirt: WATGC_V2 sample ns=0 part=1 epoch=1 window=8 phase=measure evaluated=6 k=2 scale_pct=100 age_ratio=4 host=65549 gc_pages=79795 gc_count=2271 waf_q16=145315 best=0 next=7 settled=0
[882442.928463] NVMeVirt: WATGC_V2 sample ns=0 part=2 epoch=1 window=8 phase=measure evaluated=6 k=2 scale_pct=100 age_ratio=4 host=65539 gc_pages=80060 gc_count=2275 waf_q16=145592 best=0 next=7 settled=0
[882442.938508] NVMeVirt: WATGC_V2 sample ns=0 part=3 epoch=1 window=8 phase=measure evaluated=6 k=2 scale_pct=100 age_ratio=4 host=65559 gc_pages=79274 gc_count=2263 waf_q16=144782 best=0 next=7 settled=0
[882452.719739] NVMeVirt: WATGC_V2 sample ns=0 part=0 epoch=1 window=9 phase=measure evaluated=7 k=2 scale_pct=100 age_ratio=7 host=65556 gc_pages=76591 gc_count=2221 waf_q16=142103 best=0 next=8 settled=0
[882452.753527] NVMeVirt: WATGC_V2 sample ns=0 part=1 epoch=1 window=9 phase=measure evaluated=7 k=2 scale_pct=100 age_ratio=7 host=65561 gc_pages=77995 gc_count=2243 waf_q16=143501 best=0 next=8 settled=0
[882452.764277] NVMeVirt: WATGC_V2 sample ns=0 part=2 epoch=1 window=9 phase=measure evaluated=7 k=2 scale_pct=100 age_ratio=7 host=65555 gc_pages=77809 gc_count=2240 waf_q16=143322 best=0 next=8 settled=0
[882452.767900] NVMeVirt: WATGC_V2 sample ns=0 part=3 epoch=1 window=9 phase=measure evaluated=7 k=2 scale_pct=100 age_ratio=7 host=65539 gc_pages=78400 gc_count=2249 waf_q16=143932 best=0 next=8 settled=0
[882462.549486] NVMeVirt: WATGC_V2 sample ns=0 part=0 epoch=1 window=10 phase=measure evaluated=8 k=2 scale_pct=100 age_ratio=16 host=65558 gc_pages=78445 gc_count=2250 waf_q16=143954 best=0 next=9 settled=0
[882462.568986] NVMeVirt: WATGC_V2 sample ns=0 part=1 epoch=1 window=10 phase=measure evaluated=8 k=2 scale_pct=100 age_ratio=16 host=65550 gc_pages=79669 gc_count=2269 waf_q16=145187 best=0 next=9 settled=0
[882462.605703] NVMeVirt: WATGC_V2 sample ns=0 part=2 epoch=1 window=10 phase=measure evaluated=8 k=2 scale_pct=100 age_ratio=16 host=65546 gc_pages=79418 gc_count=2265 waf_q16=144941 best=0 next=9 settled=0
[882462.615553] NVMeVirt: WATGC_V2 sample ns=0 part=3 epoch=1 window=10 phase=measure evaluated=8 k=2 scale_pct=100 age_ratio=16 host=65550 gc_pages=78198 gc_count=2246 waf_q16=143717 best=0 next=9 settled=0
[882472.368833] NVMeVirt: WATGC_V2 sample ns=0 part=0 epoch=1 window=11 phase=measure evaluated=9 k=2 scale_pct=200 age_ratio=4 host=65538 gc_pages=83452 gc_count=2328 waf_q16=148985 best=0 next=10 settled=0
[882472.417454] NVMeVirt: WATGC_V2 sample ns=0 part=1 epoch=1 window=11 phase=measure evaluated=9 k=2 scale_pct=200 age_ratio=4 host=65564 gc_pages=82722 gc_count=2317 waf_q16=148222 best=0 next=10 settled=0
[882472.432164] NVMeVirt: WATGC_V2 sample ns=0 part=3 epoch=1 window=11 phase=measure evaluated=9 k=2 scale_pct=200 age_ratio=4 host=65539 gc_pages=82043 gc_count=2306 waf_q16=147575 best=0 next=10 settled=0
[882472.458912] NVMeVirt: WATGC_V2 sample ns=0 part=2 epoch=1 window=11 phase=measure evaluated=9 k=2 scale_pct=200 age_ratio=4 host=65539 gc_pages=82619 gc_count=2315 waf_q16=148151 best=0 next=10 settled=0
[882482.195305] NVMeVirt: WATGC_V2 sample ns=0 part=0 epoch=1 window=12 phase=measure evaluated=10 k=2 scale_pct=200 age_ratio=7 host=65554 gc_pages=83500 gc_count=2329 waf_q16=149013 best=0 next=11 settled=0
[882482.229057] NVMeVirt: WATGC_V2 sample ns=0 part=1 epoch=1 window=12 phase=measure evaluated=10 k=2 scale_pct=200 age_ratio=7 host=65544 gc_pages=83510 gc_count=2329 waf_q16=149035 best=0 next=11 settled=0
[882482.274019] NVMeVirt: WATGC_V2 sample ns=0 part=3 epoch=1 window=12 phase=measure evaluated=10 k=2 scale_pct=200 age_ratio=7 host=65553 gc_pages=83374 gc_count=2327 waf_q16=148888 best=0 next=11 settled=0
[882482.309433] NVMeVirt: WATGC_V2 sample ns=0 part=2 epoch=1 window=12 phase=measure evaluated=10 k=2 scale_pct=200 age_ratio=7 host=65543 gc_pages=83127 gc_count=2323 waf_q16=148654 best=0 next=11 settled=0
[882492.048921] NVMeVirt: WATGC_V2 sample ns=0 part=1 epoch=1 window=13 phase=measure evaluated=11 k=2 scale_pct=200 age_ratio=16 host=65558 gc_pages=84587 gc_count=2346 waf_q16=150094 best=0 next=12 settled=0
[882492.066164] NVMeVirt: WATGC_V2 sample ns=0 part=0 epoch=1 window=13 phase=measure evaluated=11 k=2 scale_pct=200 age_ratio=16 host=65542 gc_pages=84218 gc_count=2340 waf_q16=149746 best=0 next=12 settled=0
[882492.109087] NVMeVirt: WATGC_V2 sample ns=0 part=3 epoch=1 window=13 phase=measure evaluated=11 k=2 scale_pct=200 age_ratio=16 host=65545 gc_pages=84535 gc_count=2345 waf_q16=150059 best=0 next=12 settled=0
[882492.115507] NVMeVirt: WATGC_V2 sample ns=0 part=2 epoch=1 window=13 phase=measure evaluated=11 k=2 scale_pct=200 age_ratio=16 host=65551 gc_pages=85681 gc_count=2363 waf_q16=151197 best=0 next=12 settled=0
[882501.893024] NVMeVirt: WATGC_V2 sample ns=0 part=0 epoch=1 window=14 phase=measure evaluated=12 k=2 scale_pct=400 age_ratio=4 host=65538 gc_pages=84480 gc_count=2344 waf_q16=150013 best=0 next=13 settled=0
[882501.910898] NVMeVirt: WATGC_V2 sample ns=0 part=1 epoch=1 window=14 phase=measure evaluated=12 k=2 scale_pct=400 age_ratio=4 host=65542 gc_pages=83452 gc_count=2328 waf_q16=148980 best=0 next=13 settled=0
[882501.928067] NVMeVirt: WATGC_V2 sample ns=0 part=2 epoch=1 window=14 phase=measure evaluated=12 k=2 scale_pct=400 age_ratio=4 host=65554 gc_pages=85680 gc_count=2363 waf_q16=151192 best=0 next=13 settled=0
[882501.935859] NVMeVirt: WATGC_V2 sample ns=0 part=3 epoch=1 window=14 phase=measure evaluated=12 k=2 scale_pct=400 age_ratio=4 host=65557 gc_pages=84397 gc_count=2343 waf_q16=149905 best=0 next=13 settled=0
[882511.718717] NVMeVirt: WATGC_V2 sample ns=0 part=1 epoch=1 window=15 phase=measure evaluated=13 k=2 scale_pct=400 age_ratio=7 host=65545 gc_pages=78330 gc_count=2248 waf_q16=143855 best=0 next=14 settled=0
[882511.756493] NVMeVirt: WATGC_V2 sample ns=0 part=0 epoch=1 window=15 phase=measure evaluated=13 k=2 scale_pct=400 age_ratio=7 host=65546 gc_pages=79864 gc_count=2272 waf_q16=145387 best=0 next=14 settled=0
[882511.760372] NVMeVirt: WATGC_V2 sample ns=0 part=2 epoch=1 window=15 phase=measure evaluated=13 k=2 scale_pct=400 age_ratio=7 host=65536 gc_pages=79554 gc_count=2267 waf_q16=145090 best=0 next=14 settled=0
[882511.765650] NVMeVirt: WATGC_V2 sample ns=0 part=3 epoch=1 window=15 phase=measure evaluated=13 k=2 scale_pct=400 age_ratio=7 host=65542 gc_pages=78910 gc_count=2257 waf_q16=144438 best=0 next=14 settled=0
[882521.548346] NVMeVirt: WATGC_V2 sample ns=0 part=1 epoch=1 window=16 phase=measure evaluated=14 k=2 scale_pct=400 age_ratio=16 host=65546 gc_pages=81586 gc_count=2299 waf_q16=147109 best=0 next=15 settled=0
[882521.582418] NVMeVirt: WATGC_V2 sample ns=0 part=0 epoch=1 window=16 phase=measure evaluated=14 k=2 scale_pct=400 age_ratio=16 host=65556 gc_pages=82793 gc_count=2318 waf_q16=148303 best=0 next=15 settled=0
[882521.597995] NVMeVirt: WATGC_V2 sample ns=0 part=2 epoch=1 window=16 phase=measure evaluated=14 k=2 scale_pct=400 age_ratio=16 host=65537 gc_pages=83260 gc_count=2325 waf_q16=148794 best=0 next=15 settled=0
[882521.607076] NVMeVirt: WATGC_V2 sample ns=0 part=3 epoch=1 window=16 phase=measure evaluated=14 k=2 scale_pct=400 age_ratio=16 host=65549 gc_pages=81711 gc_count=2301 waf_q16=147230 best=0 next=15 settled=0
[882531.397812] NVMeVirt: WATGC_V2 sample ns=0 part=2 epoch=1 window=17 phase=measure evaluated=15 k=4 scale_pct=25 age_ratio=4 host=65552 gc_pages=71144 gc_count=2136 waf_q16=136662 best=0 next=16 settled=0
[882531.411534] NVMeVirt: WATGC_V2 sample ns=0 part=1 epoch=1 window=17 phase=measure evaluated=15 k=4 scale_pct=25 age_ratio=4 host=65544 gc_pages=70518 gc_count=2126 waf_q16=136045 best=0 next=16 settled=0
[882531.417880] NVMeVirt: WATGC_V2 sample ns=0 part=3 epoch=1 window=17 phase=measure evaluated=15 k=4 scale_pct=25 age_ratio=4 host=65549 gc_pages=68531 gc_count=2095 waf_q16=134053 best=0 next=16 settled=0
[882531.438990] NVMeVirt: WATGC_V2 sample ns=0 part=0 epoch=1 window=17 phase=measure evaluated=15 k=4 scale_pct=25 age_ratio=4 host=65564 gc_pages=70125 gc_count=2120 waf_q16=135631 best=0 next=16 settled=0
[882541.245225] NVMeVirt: WATGC_V2 sample ns=0 part=1 epoch=1 window=18 phase=measure evaluated=16 k=4 scale_pct=25 age_ratio=7 host=65562 gc_pages=64764 gc_count=2036 waf_q16=130274 best=0 next=17 settled=0
[882541.249511] NVMeVirt: WATGC_V2 sample ns=0 part=2 epoch=1 window=18 phase=measure evaluated=16 k=4 scale_pct=25 age_ratio=7 host=65550 gc_pages=65128 gc_count=2042 waf_q16=130650 best=0 next=17 settled=0
[882541.250333] NVMeVirt: WATGC_V2 sample ns=0 part=3 epoch=1 window=18 phase=measure evaluated=16 k=4 scale_pct=25 age_ratio=7 host=65548 gc_pages=67153 gc_count=2073 waf_q16=132676 best=0 next=17 settled=0
[882541.252389] NVMeVirt: WATGC_V2 sample ns=0 part=0 epoch=1 window=18 phase=measure evaluated=16 k=4 scale_pct=25 age_ratio=7 host=65539 gc_pages=66184 gc_count=2058 waf_q16=131716 best=0 next=17 settled=0
[882551.079158] NVMeVirt: WATGC_V2 sample ns=0 part=1 epoch=1 window=19 phase=measure evaluated=17 k=4 scale_pct=25 age_ratio=16 host=65544 gc_pages=61945 gc_count=1992 waf_q16=127473 best=0 next=18 settled=0
[882551.079995] NVMeVirt: WATGC_V2 sample ns=0 part=0 epoch=1 window=19 phase=measure evaluated=17 k=4 scale_pct=25 age_ratio=16 host=65540 gc_pages=61105 gc_count=1979 waf_q16=126637 best=0 next=18 settled=0
[882551.082924] NVMeVirt: WATGC_V2 sample ns=0 part=2 epoch=1 window=19 phase=measure evaluated=17 k=4 scale_pct=25 age_ratio=16 host=65541 gc_pages=62638 gc_count=2003 waf_q16=128169 best=0 next=18 settled=0
[882551.083959] NVMeVirt: WATGC_V2 sample ns=0 part=3 epoch=1 window=19 phase=measure evaluated=17 k=4 scale_pct=25 age_ratio=16 host=65538 gc_pages=61422 gc_count=1984 waf_q16=126956 best=0 next=18 settled=0
[882560.898609] NVMeVirt: WATGC_V2 sample ns=0 part=1 epoch=1 window=20 phase=measure evaluated=18 k=4 scale_pct=50 age_ratio=4 host=65563 gc_pages=42530 gc_count=1689 waf_q16=108048 best=18 next=19 settled=0
[882560.910316] NVMeVirt: WATGC_V2 sample ns=0 part=0 epoch=1 window=20 phase=measure evaluated=18 k=4 scale_pct=50 age_ratio=4 host=65547 gc_pages=42482 gc_count=1688 waf_q16=108010 best=18 next=19 settled=0
[882560.918120] NVMeVirt: WATGC_V2 sample ns=0 part=2 epoch=1 window=20 phase=measure evaluated=18 k=4 scale_pct=50 age_ratio=4 host=65573 gc_pages=42393 gc_count=1687 waf_q16=107905 best=18 next=19 settled=0
[882560.931453] NVMeVirt: WATGC_V2 sample ns=0 part=3 epoch=1 window=20 phase=measure evaluated=18 k=4 scale_pct=50 age_ratio=4 host=65540 gc_pages=42683 gc_count=1691 waf_q16=108216 best=18 next=19 settled=0
[882570.706168] NVMeVirt: WATGC_V2 sample ns=0 part=0 epoch=1 window=21 phase=measure evaluated=19 k=4 scale_pct=50 age_ratio=7 host=65541 gc_pages=49145 gc_count=1792 waf_q16=114677 best=18 next=20 settled=0
[882570.750423] NVMeVirt: WATGC_V2 sample ns=0 part=3 epoch=1 window=21 phase=measure evaluated=19 k=4 scale_pct=50 age_ratio=7 host=65540 gc_pages=49996 gc_count=1805 waf_q16=115528 best=18 next=20 settled=0
[882570.763435] NVMeVirt: WATGC_V2 sample ns=0 part=1 epoch=1 window=21 phase=measure evaluated=19 k=4 scale_pct=50 age_ratio=7 host=65558 gc_pages=49767 gc_count=1802 waf_q16=115286 best=18 next=20 settled=0
[882570.772304] NVMeVirt: WATGC_V2 sample ns=0 part=2 epoch=1 window=21 phase=measure evaluated=19 k=4 scale_pct=50 age_ratio=7 host=65566 gc_pages=49439 gc_count=1797 waf_q16=114952 best=18 next=20 settled=0
[882580.551893] NVMeVirt: WATGC_V2 sample ns=0 part=0 epoch=1 window=22 phase=measure evaluated=20 k=4 scale_pct=50 age_ratio=16 host=65554 gc_pages=63793 gc_count=2021 waf_q16=129311 best=18 next=21 settled=0
[882580.582491] NVMeVirt: WATGC_V2 sample ns=0 part=2 epoch=1 window=22 phase=measure evaluated=20 k=4 scale_pct=50 age_ratio=16 host=65536 gc_pages=63491 gc_count=2016 waf_q16=129027 best=18 next=21 settled=0
[882580.589686] NVMeVirt: WATGC_V2 sample ns=0 part=1 epoch=1 window=22 phase=measure evaluated=20 k=4 scale_pct=50 age_ratio=16 host=65546 gc_pages=62988 gc_count=2008 waf_q16=128514 best=18 next=21 settled=0
[882580.599889] NVMeVirt: WATGC_V2 sample ns=0 part=3 epoch=1 window=22 phase=measure evaluated=20 k=4 scale_pct=50 age_ratio=16 host=65545 gc_pages=63866 gc_count=2022 waf_q16=129393 best=18 next=21 settled=0
[882590.379424] NVMeVirt: WATGC_V2 sample ns=0 part=0 epoch=1 window=23 phase=measure evaluated=21 k=4 scale_pct=100 age_ratio=4 host=65538 gc_pages=50621 gc_count=1815 waf_q16=116155 best=18 next=22 settled=0
[882590.408209] NVMeVirt: WATGC_V2 sample ns=0 part=2 epoch=1 window=23 phase=measure evaluated=21 k=4 scale_pct=100 age_ratio=4 host=65560 gc_pages=50472 gc_count=1813 waf_q16=115989 best=18 next=22 settled=0
[882590.431699] NVMeVirt: WATGC_V2 sample ns=0 part=3 epoch=1 window=23 phase=measure evaluated=21 k=4 scale_pct=100 age_ratio=4 host=65555 gc_pages=50284 gc_count=1810 waf_q16=115805 best=18 next=22 settled=0
[882590.439454] NVMeVirt: WATGC_V2 sample ns=0 part=1 epoch=1 window=23 phase=measure evaluated=21 k=4 scale_pct=100 age_ratio=4 host=65570 gc_pages=50334 gc_count=1811 waf_q16=115843 best=18 next=22 settled=0
[882600.234334] NVMeVirt: WATGC_V2 sample ns=0 part=2 epoch=1 window=24 phase=measure evaluated=22 k=4 scale_pct=100 age_ratio=7 host=65546 gc_pages=49401 gc_count=1796 waf_q16=114929 best=18 next=23 settled=0
[882600.242602] NVMeVirt: WATGC_V2 sample ns=0 part=3 epoch=1 window=24 phase=measure evaluated=22 k=4 scale_pct=100 age_ratio=7 host=65557 gc_pages=49646 gc_count=1800 waf_q16=115166 best=18 next=23 settled=0
[882600.258887] NVMeVirt: WATGC_V2 sample ns=0 part=0 epoch=1 window=24 phase=measure evaluated=22 k=4 scale_pct=100 age_ratio=7 host=65546 gc_pages=50043 gc_count=1806 waf_q16=115571 best=18 next=23 settled=0
[882600.264377] NVMeVirt: WATGC_V2 sample ns=0 part=1 epoch=1 window=24 phase=measure evaluated=22 k=4 scale_pct=100 age_ratio=7 host=65565 gc_pages=49767 gc_count=1802 waf_q16=115280 best=18 next=23 settled=0
[882610.060042] NVMeVirt: WATGC_V2 sample ns=0 part=2 epoch=1 window=25 phase=measure evaluated=23 k=4 scale_pct=100 age_ratio=16 host=65545 gc_pages=64696 gc_count=2035 waf_q16=130223 best=18 next=24 settled=0
[882610.072872] NVMeVirt: WATGC_V2 sample ns=0 part=0 epoch=1 window=25 phase=measure evaluated=23 k=4 scale_pct=100 age_ratio=16 host=65537 gc_pages=64576 gc_count=2033 waf_q16=130111 best=18 next=24 settled=0
[882610.090325] NVMeVirt: WATGC_V2 sample ns=0 part=3 epoch=1 window=25 phase=measure evaluated=23 k=4 scale_pct=100 age_ratio=16 host=65555 gc_pages=65005 gc_count=2040 waf_q16=130522 best=18 next=24 settled=0
[882610.107082] NVMeVirt: WATGC_V2 sample ns=0 part=1 epoch=1 window=25 phase=measure evaluated=23 k=4 scale_pct=100 age_ratio=16 host=65555 gc_pages=64621 gc_count=2034 waf_q16=130138 best=18 next=24 settled=0
[882619.905401] NVMeVirt: WATGC_V2 sample ns=0 part=2 epoch=1 window=26 phase=measure evaluated=24 k=4 scale_pct=200 age_ratio=4 host=65546 gc_pages=60786 gc_count=1974 waf_q16=126312 best=18 next=25 settled=0
[882619.910313] NVMeVirt: WATGC_V2 sample ns=0 part=0 epoch=1 window=26 phase=measure evaluated=24 k=4 scale_pct=200 age_ratio=4 host=65552 gc_pages=60140 gc_count=1964 waf_q16=125661 best=18 next=25 settled=0
[882619.912897] NVMeVirt: WATGC_V2 sample ns=0 part=3 epoch=1 window=26 phase=measure evaluated=24 k=4 scale_pct=200 age_ratio=4 host=65537 gc_pages=59963 gc_count=1961 waf_q16=125498 best=18 next=25 settled=0
[882619.930075] NVMeVirt: WATGC_V2 sample ns=0 part=1 epoch=1 window=26 phase=measure evaluated=24 k=4 scale_pct=200 age_ratio=4 host=65555 gc_pages=59433 gc_count=1953 waf_q16=124951 best=18 next=25 settled=0
[882629.720042] NVMeVirt: WATGC_V2 sample ns=0 part=2 epoch=1 window=27 phase=measure evaluated=25 k=4 scale_pct=200 age_ratio=7 host=65563 gc_pages=63269 gc_count=2013 waf_q16=128778 best=18 next=26 settled=0
[882629.729378] NVMeVirt: WATGC_V2 sample ns=0 part=3 epoch=1 window=27 phase=measure evaluated=25 k=4 scale_pct=200 age_ratio=7 host=65546 gc_pages=62519 gc_count=2001 waf_q16=128045 best=18 next=26 settled=0
[882629.756545] NVMeVirt: WATGC_V2 sample ns=0 part=0 epoch=1 window=27 phase=measure evaluated=25 k=4 scale_pct=200 age_ratio=7 host=65550 gc_pages=63218 gc_count=2012 waf_q16=128740 best=18 next=26 settled=0
[882629.789589] NVMeVirt: WATGC_V2 sample ns=0 part=1 epoch=1 window=27 phase=measure evaluated=25 k=4 scale_pct=200 age_ratio=7 host=65537 gc_pages=63168 gc_count=2011 waf_q16=128703 best=18 next=26 settled=0
[882639.560410] NVMeVirt: WATGC_V2 sample ns=0 part=2 epoch=1 window=28 phase=measure evaluated=26 k=4 scale_pct=200 age_ratio=16 host=65550 gc_pages=72883 gc_count=2163 waf_q16=138403 best=18 next=27 settled=0
[882639.562277] NVMeVirt: WATGC_V2 sample ns=0 part=3 epoch=1 window=28 phase=measure evaluated=26 k=4 scale_pct=200 age_ratio=16 host=65550 gc_pages=72307 gc_count=2154 waf_q16=137827 best=18 next=27 settled=0
[882639.575051] NVMeVirt: WATGC_V2 sample ns=0 part=0 epoch=1 window=28 phase=measure evaluated=26 k=4 scale_pct=200 age_ratio=16 host=65555 gc_pages=71407 gc_count=2140 waf_q16=136922 best=18 next=27 settled=0
[882639.625434] NVMeVirt: WATGC_V2 sample ns=0 part=1 epoch=1 window=28 phase=measure evaluated=26 k=4 scale_pct=200 age_ratio=16 host=65550 gc_pages=71475 gc_count=2141 waf_q16=136995 best=18 next=27 settled=0
[882649.399892] NVMeVirt: WATGC_V2 sample ns=0 part=3 epoch=1 window=29 phase=measure evaluated=27 k=4 scale_pct=400 age_ratio=4 host=65549 gc_pages=67190 gc_count=2074 waf_q16=132712 best=18 next=28 settled=0
[882649.403733] NVMeVirt: WATGC_V2 sample ns=0 part=0 epoch=1 window=29 phase=measure evaluated=27 k=4 scale_pct=400 age_ratio=4 host=65543 gc_pages=66556 gc_count=2064 waf_q16=132084 best=18 next=28 settled=0
[882649.404637] NVMeVirt: WATGC_V2 sample ns=0 part=2 epoch=1 window=29 phase=measure evaluated=27 k=4 scale_pct=400 age_ratio=4 host=65550 gc_pages=67061 gc_count=2072 waf_q16=132582 best=18 next=28 settled=0
[882649.451178] NVMeVirt: WATGC_V2 sample ns=0 part=1 epoch=1 window=29 phase=measure evaluated=27 k=4 scale_pct=400 age_ratio=4 host=65557 gc_pages=66093 gc_count=2057 waf_q16=131607 best=18 next=28 settled=0
[882659.226075] NVMeVirt: WATGC_V2 sample ns=0 part=3 epoch=1 window=30 phase=measure evaluated=28 k=4 scale_pct=400 age_ratio=7 host=65541 gc_pages=66746 gc_count=2067 waf_q16=132276 best=18 next=29 settled=0
[882659.229977] NVMeVirt: WATGC_V2 sample ns=0 part=2 epoch=1 window=30 phase=measure evaluated=28 k=4 scale_pct=400 age_ratio=7 host=65564 gc_pages=67620 gc_count=2081 waf_q16=133127 best=18 next=29 settled=0
[882659.261208] NVMeVirt: WATGC_V2 sample ns=0 part=0 epoch=1 window=30 phase=measure evaluated=28 k=4 scale_pct=400 age_ratio=7 host=65547 gc_pages=66868 gc_count=2069 waf_q16=132392 best=18 next=29 settled=0
[882659.270368] NVMeVirt: WATGC_V2 sample ns=0 part=1 epoch=1 window=30 phase=measure evaluated=28 k=4 scale_pct=400 age_ratio=7 host=65560 gc_pages=66472 gc_count=2063 waf_q16=131983 best=18 next=29 settled=0
[882663.990484] mix-mixQ-online-4167251 phase=A END
[882663.998404] mix-mixQ-online-4167251 phase=B START idle=300
[882964.014088] mix-mixQ-online-4167251 phase=B END
[882964.021192] mix-mixQ-online-4167251 phase=C START
[882964.278819] NVMeVirt: WATGC_V2 discard ns=0 part=3 epoch=1 phase=2 arm=29 host=14391 gc_pages=13571 gc_count=437 reason=undersized
[882964.278986] NVMeVirt: WATGC_V2 discard ns=0 part=2 epoch=1 phase=2 arm=29 host=14183 gc_pages=13460 gc_count=432 reason=undersized
[882964.279095] NVMeVirt: WATGC_V2 discard ns=0 part=1 epoch=1 phase=2 arm=29 host=14004 gc_pages=13063 gc_count=423 reason=undersized
[882964.279228] NVMeVirt: WATGC_V2 discard ns=0 part=0 epoch=1 phase=2 arm=29 host=14180 gc_pages=13206 gc_count=428 reason=undersized
[882974.101205] NVMeVirt: WATGC_V2 sample ns=0 part=1 epoch=1 window=31 phase=measure evaluated=29 k=4 scale_pct=400 age_ratio=16 host=65559 gc_pages=85594 gc_count=2362 waf_q16=151099 best=18 next=30 settled=0
[882974.101718] NVMeVirt: WATGC_V2 sample ns=0 part=0 epoch=1 window=31 phase=measure evaluated=29 k=4 scale_pct=400 age_ratio=16 host=65540 gc_pages=87149 gc_count=2386 waf_q16=152679 best=18 next=30 settled=0
[882974.115868] NVMeVirt: WATGC_V2 sample ns=0 part=2 epoch=1 window=31 phase=measure evaluated=29 k=4 scale_pct=400 age_ratio=16 host=65541 gc_pages=86956 gc_count=2383 waf_q16=152485 best=18 next=30 settled=0
[882974.124807] NVMeVirt: WATGC_V2 sample ns=0 part=3 epoch=1 window=31 phase=measure evaluated=29 k=4 scale_pct=400 age_ratio=16 host=65559 gc_pages=88154 gc_count=2402 waf_q16=153659 best=18 next=30 settled=0
[882983.925843] NVMeVirt: WATGC_V2 sample ns=0 part=1 epoch=1 window=32 phase=measure evaluated=30 k=7 scale_pct=25 age_ratio=4 host=65544 gc_pages=46457 gc_count=1750 waf_q16=111987 best=18 next=31 settled=0
[882983.942801] NVMeVirt: WATGC_V2 sample ns=0 part=2 epoch=1 window=32 phase=measure evaluated=30 k=7 scale_pct=25 age_ratio=4 host=65541 gc_pages=46202 gc_count=1746 waf_q16=111734 best=18 next=31 settled=0
[882983.944917] NVMeVirt: WATGC_V2 sample ns=0 part=0 epoch=1 window=32 phase=measure evaluated=30 k=7 scale_pct=25 age_ratio=4 host=65565 gc_pages=46690 gc_count=1754 waf_q16=112205 best=18 next=31 settled=0
[882983.966839] NVMeVirt: WATGC_V2 sample ns=0 part=3 epoch=1 window=32 phase=measure evaluated=30 k=7 scale_pct=25 age_ratio=4 host=65542 gc_pages=46395 gc_count=1749 waf_q16=111926 best=18 next=31 settled=0
[882993.773233] NVMeVirt: WATGC_V2 sample ns=0 part=2 epoch=1 window=33 phase=measure evaluated=31 k=7 scale_pct=25 age_ratio=7 host=65552 gc_pages=40562 gc_count=1658 waf_q16=106088 best=31 next=32 settled=0
[882993.773412] NVMeVirt: WATGC_V2 sample ns=0 part=1 epoch=1 window=33 phase=measure evaluated=31 k=7 scale_pct=25 age_ratio=7 host=65552 gc_pages=40240 gc_count=1653 waf_q16=105766 best=31 next=32 settled=0
[882993.783712] NVMeVirt: WATGC_V2 sample ns=0 part=3 epoch=1 window=33 phase=measure evaluated=31 k=7 scale_pct=25 age_ratio=7 host=65573 gc_pages=40604 gc_count=1659 waf_q16=106117 best=31 next=32 settled=0
[882993.787191] NVMeVirt: WATGC_V2 sample ns=0 part=0 epoch=1 window=33 phase=measure evaluated=31 k=7 scale_pct=25 age_ratio=7 host=65537 gc_pages=40001 gc_count=1649 waf_q16=105536 best=31 next=32 settled=0
[883003.588091] NVMeVirt: WATGC_V2 sample ns=0 part=2 epoch=1 window=34 phase=measure evaluated=32 k=7 scale_pct=25 age_ratio=16 host=65540 gc_pages=55874 gc_count=1897 waf_q16=121406 best=31 next=33 settled=0
[883003.610144] NVMeVirt: WATGC_V2 sample ns=0 part=3 epoch=1 window=34 phase=measure evaluated=32 k=7 scale_pct=25 age_ratio=16 host=65540 gc_pages=53904 gc_count=1866 waf_q16=119436 best=31 next=33 settled=0
[883003.614840] NVMeVirt: WATGC_V2 sample ns=0 part=1 epoch=1 window=34 phase=measure evaluated=32 k=7 scale_pct=25 age_ratio=16 host=65546 gc_pages=54003 gc_count=1868 waf_q16=119530 best=31 next=33 settled=0
[883003.627688] NVMeVirt: WATGC_V2 sample ns=0 part=0 epoch=1 window=34 phase=measure evaluated=32 k=7 scale_pct=25 age_ratio=16 host=65555 gc_pages=54638 gc_count=1878 waf_q16=120158 best=31 next=33 settled=0
[883013.419913] NVMeVirt: WATGC_V2 sample ns=0 part=0 epoch=1 window=35 phase=measure evaluated=33 k=7 scale_pct=50 age_ratio=4 host=65538 gc_pages=40894 gc_count=1663 waf_q16=106428 best=31 next=34 settled=0
[883013.429265] NVMeVirt: WATGC_V2 sample ns=0 part=3 epoch=1 window=35 phase=measure evaluated=33 k=7 scale_pct=50 age_ratio=4 host=65562 gc_pages=41319 gc_count=1670 waf_q16=106838 best=31 next=34 settled=0
[883013.459617] NVMeVirt: WATGC_V2 sample ns=0 part=1 epoch=1 window=35 phase=measure evaluated=33 k=7 scale_pct=50 age_ratio=4 host=65544 gc_pages=40449 gc_count=1656 waf_q16=105980 best=31 next=34 settled=0
[883013.464723] NVMeVirt: WATGC_V2 sample ns=0 part=2 epoch=1 window=35 phase=measure evaluated=33 k=7 scale_pct=50 age_ratio=4 host=65549 gc_pages=40629 gc_count=1659 waf_q16=106156 best=31 next=34 settled=0
[883023.264398] NVMeVirt: WATGC_V2 sample ns=0 part=0 epoch=1 window=36 phase=measure evaluated=34 k=7 scale_pct=50 age_ratio=7 host=65573 gc_pages=52827 gc_count=1850 waf_q16=118333 best=31 next=35 settled=0
[883023.272275] NVMeVirt: WATGC_V2 sample ns=0 part=2 epoch=1 window=36 phase=measure evaluated=34 k=7 scale_pct=50 age_ratio=7 host=65556 gc_pages=52897 gc_count=1851 waf_q16=118416 best=31 next=35 settled=0
[883023.283222] NVMeVirt: WATGC_V2 sample ns=0 part=1 epoch=1 window=36 phase=measure evaluated=34 k=7 scale_pct=50 age_ratio=7 host=65551 gc_pages=53358 gc_count=1858 waf_q16=118881 best=31 next=35 settled=0
[883023.293030] NVMeVirt: WATGC_V2 sample ns=0 part=3 epoch=1 window=36 phase=measure evaluated=34 k=7 scale_pct=50 age_ratio=7 host=65554 gc_pages=54051 gc_count=1869 waf_q16=119572 best=31 next=35 settled=0
[883033.103796] NVMeVirt: WATGC_V2 sample ns=0 part=0 epoch=1 window=37 phase=measure evaluated=35 k=7 scale_pct=50 age_ratio=16 host=65578 gc_pages=49302 gc_count=1795 waf_q16=114806 best=31 next=36 settled=0
[883033.108269] NVMeVirt: WATGC_V2 sample ns=0 part=3 epoch=1 window=37 phase=measure evaluated=35 k=7 scale_pct=50 age_ratio=16 host=65546 gc_pages=46127 gc_count=1745 waf_q16=111655 best=31 next=36 settled=0
[883033.111964] NVMeVirt: WATGC_V2 sample ns=0 part=1 epoch=1 window=37 phase=measure evaluated=35 k=7 scale_pct=50 age_ratio=16 host=65552 gc_pages=47412 gc_count=1765 waf_q16=112936 best=31 next=36 settled=0
[883033.129988] NVMeVirt: WATGC_V2 sample ns=0 part=2 epoch=1 window=37 phase=measure evaluated=35 k=7 scale_pct=50 age_ratio=16 host=65575 gc_pages=47322 gc_count=1764 waf_q16=112829 best=31 next=36 settled=0
[883042.927312] NVMeVirt: WATGC_V2 sample ns=0 part=1 epoch=1 window=38 phase=measure evaluated=36 k=7 scale_pct=100 age_ratio=4 host=65546 gc_pages=37689 gc_count=1613 waf_q16=103219 best=36 next=38 settled=0
[883042.934898] NVMeVirt: WATGC_V2 sample ns=0 part=0 epoch=1 window=38 phase=measure evaluated=36 k=7 scale_pct=100 age_ratio=4 host=65540 gc_pages=37695 gc_count=1613 waf_q16=103228 best=36 next=38 settled=0
[883042.960867] NVMeVirt: WATGC_V2 sample ns=0 part=2 epoch=1 window=38 phase=measure evaluated=36 k=7 scale_pct=100 age_ratio=4 host=65567 gc_pages=37540 gc_count=1611 waf_q16=103058 best=36 next=38 settled=0
[883042.969772] NVMeVirt: WATGC_V2 sample ns=0 part=3 epoch=1 window=38 phase=measure evaluated=36 k=7 scale_pct=100 age_ratio=4 host=65558 gc_pages=37550 gc_count=1611 waf_q16=103073 best=36 next=38 settled=0
[883052.760546] NVMeVirt: WATGC_V2 sample ns=0 part=0 epoch=1 window=39 phase=measure evaluated=38 k=7 scale_pct=100 age_ratio=16 host=65571 gc_pages=58765 gc_count=1943 waf_q16=124269 best=36 next=39 settled=0
[883052.777158] NVMeVirt: WATGC_V2 sample ns=0 part=1 epoch=1 window=39 phase=measure evaluated=38 k=7 scale_pct=100 age_ratio=16 host=65546 gc_pages=58680 gc_count=1941 waf_q16=124207 best=36 next=39 settled=0
[883052.795017] NVMeVirt: WATGC_V2 sample ns=0 part=3 epoch=1 window=39 phase=measure evaluated=38 k=7 scale_pct=100 age_ratio=16 host=65536 gc_pages=58386 gc_count=1936 waf_q16=123922 best=36 next=39 settled=0
[883052.800057] NVMeVirt: WATGC_V2 sample ns=0 part=2 epoch=1 window=39 phase=measure evaluated=38 k=7 scale_pct=100 age_ratio=16 host=65543 gc_pages=59066 gc_count=1947 waf_q16=124595 best=36 next=39 settled=0
[883062.591669] NVMeVirt: WATGC_V2 sample ns=0 part=1 epoch=1 window=40 phase=measure evaluated=39 k=7 scale_pct=200 age_ratio=4 host=65550 gc_pages=43375 gc_count=1702 waf_q16=108901 best=36 next=40 settled=0
[883062.592591] NVMeVirt: WATGC_V2 sample ns=0 part=0 epoch=1 window=40 phase=measure evaluated=39 k=7 scale_pct=200 age_ratio=4 host=65564 gc_pages=43745 gc_count=1708 waf_q16=109262 best=36 next=40 settled=0
[883062.640491] NVMeVirt: WATGC_V2 sample ns=0 part=3 epoch=1 window=40 phase=measure evaluated=39 k=7 scale_pct=200 age_ratio=4 host=65552 gc_pages=43693 gc_count=1707 waf_q16=109218 best=36 next=40 settled=0
[883062.647218] NVMeVirt: WATGC_V2 sample ns=0 part=2 epoch=1 window=40 phase=measure evaluated=39 k=7 scale_pct=200 age_ratio=4 host=65562 gc_pages=43234 gc_count=1700 waf_q16=108752 best=36 next=40 settled=0
[883072.414108] NVMeVirt: WATGC_V2 sample ns=0 part=0 epoch=1 window=41 phase=measure evaluated=40 k=7 scale_pct=200 age_ratio=7 host=65561 gc_pages=45866 gc_count=1741 waf_q16=111384 best=36 next=41 settled=0
[883072.425485] NVMeVirt: WATGC_V2 sample ns=0 part=1 epoch=1 window=41 phase=measure evaluated=40 k=7 scale_pct=200 age_ratio=7 host=65565 gc_pages=46817 gc_count=1756 waf_q16=112332 best=36 next=41 settled=0
[883072.480331] NVMeVirt: WATGC_V2 sample ns=0 part=3 epoch=1 window=41 phase=measure evaluated=40 k=7 scale_pct=200 age_ratio=7 host=65565 gc_pages=46756 gc_count=1755 waf_q16=112271 best=36 next=41 settled=0
[883072.488125] NVMeVirt: WATGC_V2 sample ns=0 part=2 epoch=1 window=41 phase=measure evaluated=40 k=7 scale_pct=200 age_ratio=7 host=65539 gc_pages=45247 gc_count=1731 waf_q16=110780 best=36 next=41 settled=0
[883082.237623] NVMeVirt: WATGC_V2 sample ns=0 part=0 epoch=1 window=42 phase=measure evaluated=41 k=7 scale_pct=200 age_ratio=16 host=65551 gc_pages=69559 gc_count=2111 waf_q16=135079 best=36 next=42 settled=0
[883082.252719] NVMeVirt: WATGC_V2 sample ns=0 part=1 epoch=1 window=42 phase=measure evaluated=41 k=7 scale_pct=200 age_ratio=16 host=65544 gc_pages=68413 gc_count=2093 waf_q16=133940 best=36 next=42 settled=0
[883082.316225] NVMeVirt: WATGC_V2 sample ns=0 part=3 epoch=1 window=42 phase=measure evaluated=41 k=7 scale_pct=200 age_ratio=16 host=65552 gc_pages=71540 gc_count=2142 waf_q16=137058 best=36 next=42 settled=0
[883082.334445] NVMeVirt: WATGC_V2 sample ns=0 part=2 epoch=1 window=42 phase=measure evaluated=41 k=7 scale_pct=200 age_ratio=16 host=65559 gc_pages=69289 gc_count=2107 waf_q16=134800 best=36 next=42 settled=0
[883092.066242] NVMeVirt: WATGC_V2 sample ns=0 part=1 epoch=1 window=43 phase=measure evaluated=42 k=7 scale_pct=400 age_ratio=4 host=65562 gc_pages=51494 gc_count=1829 waf_q16=117009 best=36 next=43 settled=0
[883092.114818] NVMeVirt: WATGC_V2 sample ns=0 part=0 epoch=1 window=43 phase=measure evaluated=42 k=7 scale_pct=400 age_ratio=4 host=65565 gc_pages=51810 gc_count=1834 waf_q16=117323 best=36 next=43 settled=0
[883092.144085] NVMeVirt: WATGC_V2 sample ns=0 part=3 epoch=1 window=43 phase=measure evaluated=42 k=7 scale_pct=400 age_ratio=4 host=65568 gc_pages=52064 gc_count=1838 waf_q16=117574 best=36 next=43 settled=0
[883092.159996] NVMeVirt: WATGC_V2 sample ns=0 part=2 epoch=1 window=43 phase=measure evaluated=42 k=7 scale_pct=400 age_ratio=4 host=65564 gc_pages=51685 gc_count=1832 waf_q16=117198 best=36 next=43 settled=0
[883101.930305] NVMeVirt: WATGC_V2 sample ns=0 part=1 epoch=1 window=44 phase=measure evaluated=43 k=7 scale_pct=400 age_ratio=7 host=65548 gc_pages=52410 gc_count=1843 waf_q16=117936 best=36 next=44 settled=0
[883101.939500] NVMeVirt: WATGC_V2 sample ns=0 part=0 epoch=1 window=44 phase=measure evaluated=43 k=7 scale_pct=400 age_ratio=7 host=65567 gc_pages=53416 gc_count=1859 waf_q16=118926 best=36 next=44 settled=0
[883101.970799] NVMeVirt: WATGC_V2 sample ns=0 part=2 epoch=1 window=44 phase=measure evaluated=43 k=7 scale_pct=400 age_ratio=7 host=65538 gc_pages=53572 gc_count=1861 waf_q16=119106 best=36 next=44 settled=0
[883101.976267] NVMeVirt: WATGC_V2 sample ns=0 part=3 epoch=1 window=44 phase=measure evaluated=43 k=7 scale_pct=400 age_ratio=7 host=65544 gc_pages=53823 gc_count=1865 waf_q16=119352 best=36 next=44 settled=0
[883111.736608] NVMeVirt: WATGC_V2 sample ns=0 part=1 epoch=1 window=45 phase=measure evaluated=44 k=7 scale_pct=400 age_ratio=16 host=65539 gc_pages=66041 gc_count=2056 waf_q16=131573 best=36 next=45 settled=0
[883111.791566] NVMeVirt: WATGC_V2 sample ns=0 part=2 epoch=1 window=45 phase=measure evaluated=44 k=7 scale_pct=400 age_ratio=16 host=65557 gc_pages=66856 gc_count=2069 waf_q16=132370 best=36 next=45 settled=0
[883111.808002] NVMeVirt: WATGC_V2 sample ns=0 part=0 epoch=1 window=45 phase=measure evaluated=44 k=7 scale_pct=400 age_ratio=16 host=65555 gc_pages=66282 gc_count=2060 waf_q16=131798 best=36 next=45 settled=0
[883111.811454] NVMeVirt: WATGC_V2 sample ns=0 part=3 epoch=1 window=45 phase=measure evaluated=44 k=7 scale_pct=400 age_ratio=16 host=65538 gc_pages=67131 gc_count=2073 waf_q16=132664 best=36 next=45 settled=0
[883121.567926] NVMeVirt: WATGC_V2 sample ns=0 part=1 epoch=1 window=46 phase=measure evaluated=45 k=10 scale_pct=25 age_ratio=4 host=65542 gc_pages=52082 gc_count=1838 waf_q16=117613 best=36 next=46 settled=0
[883121.628956] NVMeVirt: WATGC_V2 sample ns=0 part=0 epoch=1 window=46 phase=measure evaluated=45 k=10 scale_pct=25 age_ratio=4 host=65557 gc_pages=51176 gc_count=1824 waf_q16=116695 best=36 next=46 settled=0
[883121.636281] NVMeVirt: WATGC_V2 sample ns=0 part=2 epoch=1 window=46 phase=measure evaluated=45 k=10 scale_pct=25 age_ratio=4 host=65536 gc_pages=51582 gc_count=1830 waf_q16=117118 best=36 next=46 settled=0
[883121.649688] NVMeVirt: WATGC_V2 sample ns=0 part=3 epoch=1 window=46 phase=measure evaluated=45 k=10 scale_pct=25 age_ratio=4 host=65563 gc_pages=51555 gc_count=1830 waf_q16=117069 best=36 next=46 settled=0
[883131.435059] NVMeVirt: WATGC_V2 sample ns=0 part=1 epoch=1 window=47 phase=measure evaluated=46 k=10 scale_pct=25 age_ratio=7 host=65568 gc_pages=43105 gc_count=1698 waf_q16=108619 best=36 next=47 settled=0
[883131.438955] NVMeVirt: WATGC_V2 sample ns=0 part=2 epoch=1 window=47 phase=measure evaluated=46 k=10 scale_pct=25 age_ratio=7 host=65536 gc_pages=45313 gc_count=1732 waf_q16=110849 best=36 next=47 settled=0
[883131.461438] NVMeVirt: WATGC_V2 sample ns=0 part=3 epoch=1 window=47 phase=measure evaluated=46 k=10 scale_pct=25 age_ratio=7 host=65563 gc_pages=43239 gc_count=1700 waf_q16=108757 best=36 next=47 settled=0
[883131.482503] NVMeVirt: WATGC_V2 sample ns=0 part=0 epoch=1 window=47 phase=measure evaluated=46 k=10 scale_pct=25 age_ratio=7 host=65562 gc_pages=43753 gc_count=1708 waf_q16=109271 best=36 next=47 settled=0
[883141.260571] NVMeVirt: WATGC_V2 sample ns=0 part=1 epoch=1 window=48 phase=measure evaluated=47 k=10 scale_pct=25 age_ratio=16 host=65558 gc_pages=47131 gc_count=1761 waf_q16=112651 best=36 next=48 settled=0
[883141.284396] NVMeVirt: WATGC_V2 sample ns=0 part=2 epoch=1 window=48 phase=measure evaluated=47 k=10 scale_pct=25 age_ratio=16 host=65562 gc_pages=48359 gc_count=1780 waf_q16=113875 best=36 next=48 settled=0
[883141.297417] NVMeVirt: WATGC_V2 sample ns=0 part=3 epoch=1 window=48 phase=measure evaluated=47 k=10 scale_pct=25 age_ratio=16 host=65541 gc_pages=46960 gc_count=1758 waf_q16=112492 best=36 next=48 settled=0
[883141.312801] NVMeVirt: WATGC_V2 sample ns=0 part=0 epoch=1 window=48 phase=measure evaluated=47 k=10 scale_pct=25 age_ratio=16 host=65570 gc_pages=48009 gc_count=1775 waf_q16=113520 best=36 next=48 settled=0
[883151.101819] NVMeVirt: WATGC_V2 sample ns=0 part=1 epoch=1 window=49 phase=measure evaluated=48 k=10 scale_pct=50 age_ratio=4 host=65569 gc_pages=47018 gc_count=1759 waf_q16=112530 best=36 next=49 settled=0
[883151.125203] NVMeVirt: WATGC_V2 sample ns=0 part=3 epoch=1 window=49 phase=measure evaluated=48 k=10 scale_pct=50 age_ratio=4 host=65545 gc_pages=47104 gc_count=1760 waf_q16=112633 best=36 next=49 settled=0
[883151.128116] NVMeVirt: WATGC_V2 sample ns=0 part=2 epoch=1 window=49 phase=measure evaluated=48 k=10 scale_pct=50 age_ratio=4 host=65561 gc_pages=46768 gc_count=1755 waf_q16=112286 best=36 next=49 settled=0
[883151.138883] NVMeVirt: WATGC_V2 sample ns=0 part=0 epoch=1 window=49 phase=measure evaluated=48 k=10 scale_pct=50 age_ratio=4 host=65552 gc_pages=47033 gc_count=1759 waf_q16=112557 best=36 next=49 settled=0
[883160.917848] NVMeVirt: WATGC_V2 sample ns=0 part=1 epoch=1 window=50 phase=measure evaluated=49 k=10 scale_pct=50 age_ratio=7 host=65537 gc_pages=41463 gc_count=1672 waf_q16=106998 best=36 next=50 settled=0
[883160.961509] NVMeVirt: WATGC_V2 sample ns=0 part=2 epoch=1 window=50 phase=measure evaluated=49 k=10 scale_pct=50 age_ratio=7 host=65571 gc_pages=41307 gc_count=1670 waf_q16=106820 best=36 next=50 settled=0
[883160.973224] NVMeVirt: WATGC_V2 sample ns=0 part=0 epoch=1 window=50 phase=measure evaluated=49 k=10 scale_pct=50 age_ratio=7 host=65536 gc_pages=41342 gc_count=1670 waf_q16=106878 best=36 next=50 settled=0
[883160.983880] NVMeVirt: WATGC_V2 sample ns=0 part=3 epoch=1 window=50 phase=measure evaluated=49 k=10 scale_pct=50 age_ratio=7 host=65578 gc_pages=41620 gc_count=1675 waf_q16=107129 best=36 next=50 settled=0
[883170.766781] NVMeVirt: WATGC_V2 sample ns=0 part=0 epoch=1 window=51 phase=measure evaluated=50 k=10 scale_pct=50 age_ratio=16 host=65538 gc_pages=50300 gc_count=1810 waf_q16=115834 best=36 next=51 settled=0
[883170.782663] NVMeVirt: WATGC_V2 sample ns=0 part=1 epoch=1 window=51 phase=measure evaluated=50 k=10 scale_pct=50 age_ratio=16 host=65561 gc_pages=52523 gc_count=1845 waf_q16=118038 best=36 next=51 settled=0
[883170.800923] NVMeVirt: WATGC_V2 sample ns=0 part=3 epoch=1 window=51 phase=measure evaluated=50 k=10 scale_pct=50 age_ratio=16 host=65573 gc_pages=51374 gc_count=1827 waf_q16=116881 best=36 next=51 settled=0
[883170.820925] NVMeVirt: WATGC_V2 sample ns=0 part=2 epoch=1 window=51 phase=measure evaluated=50 k=10 scale_pct=50 age_ratio=16 host=65579 gc_pages=52776 gc_count=1849 waf_q16=118277 best=36 next=51 settled=0
[883180.608228] NVMeVirt: WATGC_V2 sample ns=0 part=1 epoch=1 window=52 phase=measure evaluated=51 k=10 scale_pct=100 age_ratio=4 host=65565 gc_pages=45354 gc_count=1733 waf_q16=110869 best=36 next=52 settled=0
[883180.623804] NVMeVirt: WATGC_V2 sample ns=0 part=2 epoch=1 window=52 phase=measure evaluated=51 k=10 scale_pct=100 age_ratio=4 host=65545 gc_pages=45373 gc_count=1733 waf_q16=110902 best=36 next=52 settled=0
[883180.624624] NVMeVirt: WATGC_V2 sample ns=0 part=0 epoch=1 window=52 phase=measure evaluated=51 k=10 scale_pct=100 age_ratio=4 host=65546 gc_pages=46267 gc_count=1747 waf_q16=111795 best=36 next=52 settled=0
[883180.650149] NVMeVirt: WATGC_V2 sample ns=0 part=3 epoch=1 window=52 phase=measure evaluated=51 k=10 scale_pct=100 age_ratio=4 host=65538 gc_pages=46084 gc_count=1744 waf_q16=111618 best=36 next=52 settled=0
[883190.452448] NVMeVirt: WATGC_V2 sample ns=0 part=0 epoch=1 window=53 phase=measure evaluated=52 k=10 scale_pct=100 age_ratio=7 host=65571 gc_pages=46744 gc_count=1755 waf_q16=112255 best=36 next=53 settled=0
[883190.456151] NVMeVirt: WATGC_V2 sample ns=0 part=2 epoch=1 window=53 phase=measure evaluated=52 k=10 scale_pct=100 age_ratio=7 host=65557 gc_pages=46757 gc_count=1755 waf_q16=112278 best=36 next=53 settled=0
[883190.460301] NVMeVirt: WATGC_V2 sample ns=0 part=1 epoch=1 window=53 phase=measure evaluated=52 k=10 scale_pct=100 age_ratio=7 host=65542 gc_pages=46460 gc_count=1750 waf_q16=111991 best=36 next=53 settled=0
[883190.472802] NVMeVirt: WATGC_V2 sample ns=0 part=3 epoch=1 window=53 phase=measure evaluated=52 k=10 scale_pct=100 age_ratio=7 host=65537 gc_pages=47546 gc_count=1767 waf_q16=113081 best=36 next=53 settled=0
[883200.276907] NVMeVirt: WATGC_V2 sample ns=0 part=1 epoch=1 window=54 phase=measure evaluated=53 k=10 scale_pct=100 age_ratio=16 host=65536 gc_pages=50115 gc_count=1807 waf_q16=115651 best=36 next=54 settled=0
[883200.286896] NVMeVirt: WATGC_V2 sample ns=0 part=2 epoch=1 window=54 phase=measure evaluated=53 k=10 scale_pct=100 age_ratio=16 host=65549 gc_pages=50297 gc_count=1810 waf_q16=115823 best=36 next=54 settled=0
[883200.288040] NVMeVirt: WATGC_V2 sample ns=0 part=3 epoch=1 window=54 phase=measure evaluated=53 k=10 scale_pct=100 age_ratio=16 host=65536 gc_pages=50938 gc_count=1820 waf_q16=116474 best=36 next=54 settled=0
[883200.319554] NVMeVirt: WATGC_V2 sample ns=0 part=0 epoch=1 window=54 phase=measure evaluated=53 k=10 scale_pct=100 age_ratio=16 host=65554 gc_pages=50282 gc_count=1810 waf_q16=115804 best=36 next=54 settled=0
[883210.114891] NVMeVirt: WATGC_V2 sample ns=0 part=2 epoch=1 window=55 phase=measure evaluated=54 k=10 scale_pct=200 age_ratio=4 host=65555 gc_pages=45614 gc_count=1737 waf_q16=111136 best=36 next=55 settled=0
[883210.121562] NVMeVirt: WATGC_V2 sample ns=0 part=1 epoch=1 window=55 phase=measure evaluated=54 k=10 scale_pct=200 age_ratio=4 host=65542 gc_pages=45628 gc_count=1737 waf_q16=111159 best=36 next=55 settled=0
[883210.127630] NVMeVirt: WATGC_V2 sample ns=0 part=3 epoch=1 window=55 phase=measure evaluated=54 k=10 scale_pct=200 age_ratio=4 host=65536 gc_pages=45505 gc_count=1735 waf_q16=111041 best=36 next=55 settled=0
[883210.141737] NVMeVirt: WATGC_V2 sample ns=0 part=0 epoch=1 window=55 phase=measure evaluated=54 k=10 scale_pct=200 age_ratio=4 host=65572 gc_pages=44765 gc_count=1724 waf_q16=110276 best=36 next=55 settled=0
[883219.946984] NVMeVirt: WATGC_V2 sample ns=0 part=1 epoch=1 window=56 phase=measure evaluated=55 k=10 scale_pct=200 age_ratio=7 host=65547 gc_pages=52018 gc_count=1837 waf_q16=117545 best=36 next=56 settled=0
[883219.952731] NVMeVirt: WATGC_V2 sample ns=0 part=3 epoch=1 window=56 phase=measure evaluated=55 k=10 scale_pct=200 age_ratio=7 host=65555 gc_pages=52715 gc_count=1848 waf_q16=118235 best=36 next=56 settled=0
[883219.955896] NVMeVirt: WATGC_V2 sample ns=0 part=2 epoch=1 window=56 phase=measure evaluated=55 k=10 scale_pct=200 age_ratio=7 host=65567 gc_pages=52510 gc_count=1845 waf_q16=118021 best=36 next=56 settled=0
[883219.986318] NVMeVirt: WATGC_V2 sample ns=0 part=0 epoch=1 window=56 phase=measure evaluated=55 k=10 scale_pct=200 age_ratio=7 host=65567 gc_pages=52446 gc_count=1844 waf_q16=117957 best=36 next=56 settled=0
[883229.771345] NVMeVirt: WATGC_V2 sample ns=0 part=3 epoch=1 window=57 phase=measure evaluated=56 k=10 scale_pct=200 age_ratio=16 host=65536 gc_pages=49722 gc_count=1801 waf_q16=115258 best=36 next=57 settled=0
[883229.774548] NVMeVirt: WATGC_V2 sample ns=0 part=2 epoch=1 window=57 phase=measure evaluated=56 k=10 scale_pct=200 age_ratio=16 host=65567 gc_pages=48411 gc_count=1781 waf_q16=113924 best=36 next=57 settled=0
[883229.793485] NVMeVirt: WATGC_V2 sample ns=0 part=1 epoch=1 window=57 phase=measure evaluated=56 k=10 scale_pct=200 age_ratio=16 host=65558 gc_pages=49061 gc_count=1791 waf_q16=114580 best=36 next=57 settled=0
[883229.837227] NVMeVirt: WATGC_V2 sample ns=0 part=0 epoch=1 window=57 phase=measure evaluated=56 k=10 scale_pct=200 age_ratio=16 host=65544 gc_pages=48308 gc_count=1779 waf_q16=113838 best=36 next=57 settled=0
[883239.601918] NVMeVirt: WATGC_V2 sample ns=0 part=3 epoch=1 window=58 phase=measure evaluated=57 k=10 scale_pct=400 age_ratio=4 host=65540 gc_pages=53060 gc_count=1853 waf_q16=118592 best=36 next=58 settled=0
[883239.619126] NVMeVirt: WATGC_V2 sample ns=0 part=2 epoch=1 window=58 phase=measure evaluated=57 k=10 scale_pct=400 age_ratio=4 host=65557 gc_pages=51060 gc_count=1822 waf_q16=116579 best=36 next=58 settled=0
[883239.643063] NVMeVirt: WATGC_V2 sample ns=0 part=1 epoch=1 window=58 phase=measure evaluated=57 k=10 scale_pct=400 age_ratio=4 host=65563 gc_pages=52459 gc_count=1844 waf_q16=117973 best=36 next=58 settled=0
[883239.656893] NVMeVirt: WATGC_V2 sample ns=0 part=0 epoch=1 window=58 phase=measure evaluated=57 k=10 scale_pct=400 age_ratio=4 host=65554 gc_pages=51701 gc_count=1832 waf_q16=117222 best=36 next=58 settled=0
[883249.449741] NVMeVirt: WATGC_V2 sample ns=0 part=3 epoch=1 window=59 phase=measure evaluated=58 k=10 scale_pct=400 age_ratio=7 host=65562 gc_pages=60201 gc_count=1965 waf_q16=125713 best=36 next=59 settled=0
[883249.456830] NVMeVirt: WATGC_V2 sample ns=0 part=2 epoch=1 window=59 phase=measure evaluated=58 k=10 scale_pct=400 age_ratio=7 host=65554 gc_pages=59441 gc_count=1953 waf_q16=124960 best=36 next=59 settled=0
[883249.464506] NVMeVirt: WATGC_V2 sample ns=0 part=1 epoch=1 window=59 phase=measure evaluated=58 k=10 scale_pct=400 age_ratio=7 host=65565 gc_pages=59429 gc_count=1953 waf_q16=124938 best=36 next=59 settled=0
[883249.485071] NVMeVirt: WATGC_V2 sample ns=0 part=0 epoch=1 window=59 phase=measure evaluated=58 k=10 scale_pct=400 age_ratio=7 host=65541 gc_pages=58622 gc_count=1940 waf_q16=124153 best=36 next=59 settled=0
[883259.268295] NVMeVirt: WATGC_V2 sample ns=0 part=3 epoch=1 window=60 phase=measure evaluated=59 k=10 scale_pct=400 age_ratio=16 host=65542 gc_pages=57208 gc_count=1918 waf_q16=122738 best=36 next=0 settled=0
[883259.290674] NVMeVirt: WATGC_V2 sample ns=0 part=1 epoch=1 window=60 phase=measure evaluated=59 k=10 scale_pct=400 age_ratio=16 host=65570 gc_pages=57302 gc_count=1920 waf_q16=122808 best=36 next=0 settled=0
[883259.295440] NVMeVirt: WATGC_V2 sample ns=0 part=2 epoch=1 window=60 phase=measure evaluated=59 k=10 scale_pct=400 age_ratio=16 host=65560 gc_pages=57190 gc_count=1918 waf_q16=122705 best=36 next=0 settled=0
[883259.342466] NVMeVirt: WATGC_V2 sample ns=0 part=0 epoch=1 window=60 phase=measure evaluated=59 k=10 scale_pct=400 age_ratio=16 host=65537 gc_pages=56765 gc_count=1911 waf_q16=122300 best=36 next=0 settled=0
[883264.323114] mix-mixQ-online-4167251 phase=C END
[883264.326581] NVMeVirt: Measurement: command=stop epoch=1 host_bytes=98310930432 learner_active=0
[883264.446096] EXT4-fs (nvme0n1): unmounting filesystem 77299ba0-3aa8-4ab3-8cd6-32fb6cd41d19.
[883264.511089] pci_bus 0001:10: busn_res: [bus 10-ff] is released
[883264.511226] NVMeVirt: WATGC_V2 summary ns=0 part=0 epoch=1 windows=60 epoch_windows=60 discarded=1 visited=60 covered=0 settled=0 phase=2 current=0 best=36 k=7 scale_pct=100 age_ratio=4 best_waf_valid=1 best_waf_q16=103228
[883264.511233] NVMeVirt: WATGC_V2 summary ns=0 part=1 epoch=1 windows=60 epoch_windows=60 discarded=1 visited=60 covered=0 settled=0 phase=2 current=0 best=36 k=7 scale_pct=100 age_ratio=4 best_waf_valid=1 best_waf_q16=103219
[883264.511238] NVMeVirt: WATGC_V2 summary ns=0 part=2 epoch=1 windows=60 epoch_windows=60 discarded=1 visited=60 covered=0 settled=0 phase=2 current=0 best=36 k=7 scale_pct=100 age_ratio=4 best_waf_valid=1 best_waf_q16=103058
[883264.511242] NVMeVirt: WATGC_V2 summary ns=0 part=3 epoch=1 windows=60 epoch_windows=60 discarded=1 visited=60 covered=0 settled=0 phase=2 current=0 best=36 k=7 scale_pct=100 age_ratio=4 best_waf_valid=1 best_waf_q16=103073
[883264.511246] NVMeVirt: GC stats: ns=0 policy=watgc-v2 host_pages=24001692 gc_pages=22474524 gc_count=726192 WAF=1.936 warmup_gc=100-per-part
[883264.593732] NVMeVirt: Virtual NVMe device closed
