[1672186.578618] mix-mixD-arm49-2191150 BEGIN
[1672186.698962] NVMeVirt: Version 1.10 for >> Samsung 970 Pro SSD <<
[1672186.698969] NVMeVirt: Storage: 0x100100000-0x300000000 (8191 MiB)
[1672186.709531] NVMeVirt: Total Capacity(GiB,MiB)=2,2048 chs=2 luns=4 lines=8192 blk-size(MiB,KiB)=0,64 line-size(MiB,KiB)=0,256
[1672186.722016] NVMeVirt: [chmodel_init] bandwidth 800 max_credits 26 tx_time 152
[1672186.733418] NVMeVirt: [chmodel_init] bandwidth 800 max_credits 26 tx_time 152
[1672186.733433] NVMeVirt: [chmodel_init] bandwidth 3360 max_credits 110 tx_time 36
[1672186.733436] NVMeVirt: Fixed CAT init ns=0 part=0 arm=49 k=10 scale_pct=50 age_ratio=7
[1672186.734396] NVMeVirt: pqueue: Copyright (c) 2014, Volkan Yazıcı <volkan.yazici@gmail.com>. All rights reserved.
[1672186.734434] NVMeVirt: Init FTL instance with 2 channels (524288 pages)
[1672186.734436] NVMeVirt: GC victim policy: cat-fig7-fixed ns=0 part=0 initial_k=10 initial_scale_pct=50 initial_age_ratio=7 warmup_gc=100
[1672186.745488] NVMeVirt: [chmodel_init] bandwidth 800 max_credits 26 tx_time 152
[1672186.756320] NVMeVirt: [chmodel_init] bandwidth 800 max_credits 26 tx_time 152
[1672186.756335] NVMeVirt: [chmodel_init] bandwidth 3360 max_credits 110 tx_time 36
[1672186.756337] NVMeVirt: Fixed CAT init ns=0 part=1 arm=49 k=10 scale_pct=50 age_ratio=7
[1672186.757303] NVMeVirt: Init FTL instance with 2 channels (524288 pages)
[1672186.757306] NVMeVirt: GC victim policy: cat-fig7-fixed ns=0 part=1 initial_k=10 initial_scale_pct=50 initial_age_ratio=7 warmup_gc=100
[1672186.767746] NVMeVirt: [chmodel_init] bandwidth 800 max_credits 26 tx_time 152
[1672186.778531] NVMeVirt: [chmodel_init] bandwidth 800 max_credits 26 tx_time 152
[1672186.778553] NVMeVirt: [chmodel_init] bandwidth 3360 max_credits 110 tx_time 36
[1672186.778556] NVMeVirt: Fixed CAT init ns=0 part=2 arm=49 k=10 scale_pct=50 age_ratio=7
[1672186.779948] NVMeVirt: Init FTL instance with 2 channels (524288 pages)
[1672186.779956] NVMeVirt: GC victim policy: cat-fig7-fixed ns=0 part=2 initial_k=10 initial_scale_pct=50 initial_age_ratio=7 warmup_gc=100
[1672186.790832] NVMeVirt: [chmodel_init] bandwidth 800 max_credits 26 tx_time 152
[1672186.801472] NVMeVirt: [chmodel_init] bandwidth 800 max_credits 26 tx_time 152
[1672186.801486] NVMeVirt: [chmodel_init] bandwidth 3360 max_credits 110 tx_time 36
[1672186.801488] NVMeVirt: Fixed CAT init ns=0 part=3 arm=49 k=10 scale_pct=50 age_ratio=7
[1672186.802434] NVMeVirt: Init FTL instance with 2 channels (524288 pages)
[1672186.802436] NVMeVirt: GC victim policy: cat-fig7-fixed ns=0 part=3 initial_k=10 initial_scale_pct=50 initial_age_ratio=7 warmup_gc=100
[1672186.802442] NVMeVirt: FTL physical space: 8588886016, logical space: 8026996276 (physical/logical * 100 = 107)
[1672186.802444] NVMeVirt: ns 0/1: size 7655 MiB
[1672186.802492] PCI host bridge to bus 0001:10
[1672186.802494] pci_bus 0001:10: root bus resource [io  0x0000-0xffff]
[1672186.802497] pci_bus 0001:10: root bus resource [mem 0x00000000-0x7fffffffff]
[1672186.802499] pci_bus 0001:10: root bus resource [bus 00-ff]
[1672186.802521] pci 0001:10:00.0: [0c51:0110] type 00 class 0x010802 PCIe Endpoint
[1672186.802525] pci 0001:10:00.0: BAR 0 [mem 0x100000000-0x100003fff 64bit]
[1672186.802528] pci 0001:10:00.0: enabling Extended Tags
[1672186.802652] NVMeVirt: Virtual PCI bus created (node 0)
[1672186.802998] NVMeVirt: nvmev_io_worker_0 started on cpu 2 (node 0)
[1672186.803100] NVMeVirt: nvmev_dispatcher started on cpu 1 (node 0)
[1672186.803126] NVMeVirt: Virtual NVMe device created
[1672186.803292] nvme nvme0: pci function 0001:10:00.0
[1672186.807316] nvme nvme0: 8/0/0 default/read/poll queues
[1672187.253498] EXT4-fs (nvme0n1): mounted filesystem 9b4926f2-a35e-444f-b784-cb3325fe20b1 r/w with ordered data mode. Quota mode: none.
[1672269.591107] NVMeVirt: Fixed CAT init ns=0 part=0 arm=49 k=10 scale_pct=50 age_ratio=7
[1672269.591112] NVMeVirt: Fixed CAT init ns=0 part=1 arm=49 k=10 scale_pct=50 age_ratio=7
[1672269.591114] NVMeVirt: Fixed CAT init ns=0 part=2 arm=49 k=10 scale_pct=50 age_ratio=7
[1672269.591116] NVMeVirt: Fixed CAT init ns=0 part=3 arm=49 k=10 scale_pct=50 age_ratio=7
[1672269.591117] NVMeVirt: Measurement: command=start epoch=1 host_bytes=0 learner_active=1
[1672269.599081] mix-mixD-arm49-2191150 phase=A START
[1672869.910428] mix-mixD-arm49-2191150 phase=A END
[1672869.917506] mix-mixD-arm49-2191150 phase=B START
[1673470.268558] mix-mixD-arm49-2191150 phase=B END
[1673470.271683] NVMeVirt: Measurement: command=stop epoch=1 host_bytes=122884431872 learner_active=0
[1673470.360517] EXT4-fs (nvme0n1): unmounting filesystem 9b4926f2-a35e-444f-b784-cb3325fe20b1.
[1673470.420859] pci_bus 0001:10: busn_res: [bus 10-ff] is released
[1673470.420942] NVMeVirt: GC stats: ns=0 policy=cat-fig7-fixed host_pages=30001082 gc_pages=24897549 gc_count=857791 WAF=1.829 warmup_gc=100-per-part
[1673470.505173] NVMeVirt: Virtual NVMe device closed
