[349644.251803] mix-mixD-fixed50-751693 BEGIN
[349644.264997] NVMeVirt: Version 1.10 for >> Samsung 970 Pro SSD <<
[349644.265019] NVMeVirt: Storage: 0x100100000-0x300000000 (8191 MiB)
[349644.275996] NVMeVirt: Total Capacity(GiB,MiB)=2,2048 chs=2 luns=4 lines=8192 blk-size(MiB,KiB)=0,64 line-size(MiB,KiB)=0,256
[349644.287224] NVMeVirt: [chmodel_init] bandwidth 800 max_credits 26 tx_time 152
[349644.298270] NVMeVirt: [chmodel_init] bandwidth 800 max_credits 26 tx_time 152
[349644.298285] NVMeVirt: [chmodel_init] bandwidth 3360 max_credits 110 tx_time 36
[349644.298287] NVMeVirt: Fixed CAT init ns=0 part=0 arm=50 k=10 scale_pct=50 age_ratio=16
[349644.299296] NVMeVirt: pqueue: Copyright (c) 2014, Volkan Yazıcı <volkan.yazici@gmail.com>. All rights reserved.
[349644.299332] NVMeVirt: Init FTL instance with 2 channels (524288 pages)
[349644.299334] NVMeVirt: GC victim policy: cat-fig7-fixed ns=0 part=0 initial_k=10 initial_scale_pct=50 initial_age_ratio=16 warmup_gc=100
[349644.309746] NVMeVirt: [chmodel_init] bandwidth 800 max_credits 26 tx_time 152
[349644.321536] NVMeVirt: [chmodel_init] bandwidth 800 max_credits 26 tx_time 152
[349644.321556] NVMeVirt: [chmodel_init] bandwidth 3360 max_credits 110 tx_time 36
[349644.321558] NVMeVirt: Fixed CAT init ns=0 part=1 arm=50 k=10 scale_pct=50 age_ratio=16
[349644.322957] NVMeVirt: Init FTL instance with 2 channels (524288 pages)
[349644.322962] NVMeVirt: GC victim policy: cat-fig7-fixed ns=0 part=1 initial_k=10 initial_scale_pct=50 initial_age_ratio=16 warmup_gc=100
[349644.333787] NVMeVirt: [chmodel_init] bandwidth 800 max_credits 26 tx_time 152
[349644.344007] NVMeVirt: [chmodel_init] bandwidth 800 max_credits 26 tx_time 152
[349644.344021] NVMeVirt: [chmodel_init] bandwidth 3360 max_credits 110 tx_time 36
[349644.344023] NVMeVirt: Fixed CAT init ns=0 part=2 arm=50 k=10 scale_pct=50 age_ratio=16
[349644.344965] NVMeVirt: Init FTL instance with 2 channels (524288 pages)
[349644.344968] NVMeVirt: GC victim policy: cat-fig7-fixed ns=0 part=2 initial_k=10 initial_scale_pct=50 initial_age_ratio=16 warmup_gc=100
[349644.355197] NVMeVirt: [chmodel_init] bandwidth 800 max_credits 26 tx_time 152
[349644.365893] NVMeVirt: [chmodel_init] bandwidth 800 max_credits 26 tx_time 152
[349644.365908] NVMeVirt: [chmodel_init] bandwidth 3360 max_credits 110 tx_time 36
[349644.365911] NVMeVirt: Fixed CAT init ns=0 part=3 arm=50 k=10 scale_pct=50 age_ratio=16
[349644.366845] NVMeVirt: Init FTL instance with 2 channels (524288 pages)
[349644.366848] NVMeVirt: GC victim policy: cat-fig7-fixed ns=0 part=3 initial_k=10 initial_scale_pct=50 initial_age_ratio=16 warmup_gc=100
[349644.366855] NVMeVirt: FTL physical space: 8588886016, logical space: 8026996276 (physical/logical * 100 = 107)
[349644.366857] NVMeVirt: ns 0/1: size 7655 MiB
[349644.366908] PCI host bridge to bus 0001:10
[349644.366911] pci_bus 0001:10: root bus resource [io  0x0000-0xffff]
[349644.366914] pci_bus 0001:10: root bus resource [mem 0x00000000-0x7fffffffff]
[349644.366917] pci_bus 0001:10: root bus resource [bus 00-ff]
[349644.366927] pci 0001:10:00.0: [0c51:0110] type 00 class 0x010802 PCIe Endpoint
[349644.366932] pci 0001:10:00.0: BAR 0 [mem 0x100000000-0x100003fff 64bit]
[349644.366936] pci 0001:10:00.0: enabling Extended Tags
[349644.367120] NVMeVirt: Virtual PCI bus created (node 0)
[349644.367452] NVMeVirt: nvmev_dispatcher started on cpu 1 (node 0)
[349644.367494] NVMeVirt: Virtual NVMe device created
[349644.367581] NVMeVirt: nvmev_io_worker_0 started on cpu 2 (node 0)
[349644.367653] nvme nvme0: pci function 0001:10:00.0
[349644.370288] nvme nvme0: 8/0/0 default/read/poll queues
[349644.442333] EXT4-fs (nvme0n1): mounted filesystem bf35a6c8-5b2e-4be1-b5a7-f0b458cff3bf r/w with ordered data mode. Quota mode: none.
[349726.475395] NVMeVirt: Fixed CAT init ns=0 part=0 arm=50 k=10 scale_pct=50 age_ratio=16
[349726.475401] NVMeVirt: Fixed CAT init ns=0 part=1 arm=50 k=10 scale_pct=50 age_ratio=16
[349726.475405] NVMeVirt: Fixed CAT init ns=0 part=2 arm=50 k=10 scale_pct=50 age_ratio=16
[349726.475407] NVMeVirt: Fixed CAT init ns=0 part=3 arm=50 k=10 scale_pct=50 age_ratio=16
[349726.475409] NVMeVirt: Measurement: command=start epoch=1 host_bytes=0 learner_active=1
[349726.484089] mix-mixD-fixed50-751693 phase=A START
[350326.803831] mix-mixD-fixed50-751693 phase=A END
[350326.811576] mix-mixD-fixed50-751693 phase=B START
[350927.129340] mix-mixD-fixed50-751693 phase=B END
[350927.132620] NVMeVirt: Measurement: command=stop epoch=1 host_bytes=122913775616 learner_active=0
[350927.188611] EXT4-fs (nvme0n1): unmounting filesystem bf35a6c8-5b2e-4be1-b5a7-f0b458cff3bf.
[350927.250400] pci_bus 0001:10: busn_res: [bus 10-ff] is released
[350927.250498] NVMeVirt: GC stats: ns=0 policy=cat-fig7-fixed host_pages=30008246 gc_pages=24380415 gc_count=849823 WAF=1.812 warmup_gc=100-per-part
[350927.327327] NVMeVirt: Virtual NVMe device closed
