[629134.363445] mix-mixA-arm03-3871296 BEGIN
[629134.504760] NVMeVirt: Version 1.10 for >> Samsung 970 Pro SSD <<
[629134.504767] NVMeVirt: Storage: 0x100100000-0x300000000 (8191 MiB)
[629134.515838] NVMeVirt: Total Capacity(GiB,MiB)=2,2048 chs=2 luns=4 lines=8192 blk-size(MiB,KiB)=0,64 line-size(MiB,KiB)=0,256
[629134.527260] NVMeVirt: [chmodel_init] bandwidth 800 max_credits 26 tx_time 152
[629134.538205] NVMeVirt: [chmodel_init] bandwidth 800 max_credits 26 tx_time 152
[629134.538220] NVMeVirt: [chmodel_init] bandwidth 3360 max_credits 110 tx_time 36
[629134.538223] NVMeVirt: Fixed CAT init ns=0 part=0 arm=3 k=2 scale_pct=50 age_ratio=4
[629134.539547] NVMeVirt: pqueue: Copyright (c) 2014, Volkan Yazıcı <volkan.yazici@gmail.com>. All rights reserved.
[629134.539584] NVMeVirt: Init FTL instance with 2 channels (524288 pages)
[629134.539586] NVMeVirt: GC victim policy: cat-fig7-fixed ns=0 part=0 initial_k=2 initial_scale_pct=50 initial_age_ratio=4 warmup_gc=100
[629134.550407] NVMeVirt: [chmodel_init] bandwidth 800 max_credits 26 tx_time 152
[629134.561277] NVMeVirt: [chmodel_init] bandwidth 800 max_credits 26 tx_time 152
[629134.561292] NVMeVirt: [chmodel_init] bandwidth 3360 max_credits 110 tx_time 36
[629134.561294] NVMeVirt: Fixed CAT init ns=0 part=1 arm=3 k=2 scale_pct=50 age_ratio=4
[629134.562558] NVMeVirt: Init FTL instance with 2 channels (524288 pages)
[629134.562561] NVMeVirt: GC victim policy: cat-fig7-fixed ns=0 part=1 initial_k=2 initial_scale_pct=50 initial_age_ratio=4 warmup_gc=100
[629134.573323] NVMeVirt: [chmodel_init] bandwidth 800 max_credits 26 tx_time 152
[629134.584226] NVMeVirt: [chmodel_init] bandwidth 800 max_credits 26 tx_time 152
[629134.584239] NVMeVirt: [chmodel_init] bandwidth 3360 max_credits 110 tx_time 36
[629134.584241] NVMeVirt: Fixed CAT init ns=0 part=2 arm=3 k=2 scale_pct=50 age_ratio=4
[629134.585512] NVMeVirt: Init FTL instance with 2 channels (524288 pages)
[629134.585515] NVMeVirt: GC victim policy: cat-fig7-fixed ns=0 part=2 initial_k=2 initial_scale_pct=50 initial_age_ratio=4 warmup_gc=100
[629134.596095] NVMeVirt: [chmodel_init] bandwidth 800 max_credits 26 tx_time 152
[629134.606857] NVMeVirt: [chmodel_init] bandwidth 800 max_credits 26 tx_time 152
[629134.606870] NVMeVirt: [chmodel_init] bandwidth 3360 max_credits 110 tx_time 36
[629134.606872] NVMeVirt: Fixed CAT init ns=0 part=3 arm=3 k=2 scale_pct=50 age_ratio=4
[629134.608262] NVMeVirt: Init FTL instance with 2 channels (524288 pages)
[629134.608265] NVMeVirt: GC victim policy: cat-fig7-fixed ns=0 part=3 initial_k=2 initial_scale_pct=50 initial_age_ratio=4 warmup_gc=100
[629134.608271] NVMeVirt: FTL physical space: 8588886016, logical space: 8026996276 (physical/logical * 100 = 107)
[629134.608273] NVMeVirt: ns 0/1: size 7655 MiB
[629134.608322] PCI host bridge to bus 0001:10
[629134.608324] pci_bus 0001:10: root bus resource [io  0x0000-0xffff]
[629134.608327] pci_bus 0001:10: root bus resource [mem 0x00000000-0x7fffffffff]
[629134.608344] pci_bus 0001:10: root bus resource [bus 00-ff]
[629134.608352] pci 0001:10:00.0: [0c51:0110] type 00 class 0x010802 PCIe Endpoint
[629134.608356] pci 0001:10:00.0: BAR 0 [mem 0x100000000-0x100003fff 64bit]
[629134.608358] pci 0001:10:00.0: enabling Extended Tags
[629134.608479] NVMeVirt: Virtual PCI bus created (node 0)
[629134.608831] NVMeVirt: nvmev_io_worker_0 started on cpu 2 (node 0)
[629134.608930] NVMeVirt: nvmev_dispatcher started on cpu 1 (node 0)
[629134.608958] NVMeVirt: Virtual NVMe device created
[629134.609139] nvme nvme0: pci function 0001:10:00.0
[629134.611813] nvme nvme0: 8/0/0 default/read/poll queues
[629135.216929] EXT4-fs (nvme0n1): mounted filesystem 36708174-50fc-4bc4-bdba-4e9fc2f4e30d r/w with ordered data mode. Quota mode: none.
[629217.370588] NVMeVirt: Fixed CAT init ns=0 part=0 arm=3 k=2 scale_pct=50 age_ratio=4
[629217.370594] NVMeVirt: Fixed CAT init ns=0 part=1 arm=3 k=2 scale_pct=50 age_ratio=4
[629217.370614] NVMeVirt: Fixed CAT init ns=0 part=2 arm=3 k=2 scale_pct=50 age_ratio=4
[629217.370617] NVMeVirt: Fixed CAT init ns=0 part=3 arm=3 k=2 scale_pct=50 age_ratio=4
[629217.370619] NVMeVirt: Measurement: command=start epoch=1 host_bytes=0 learner_active=1
[629217.379376] mix-mixA-arm03-3871296 phase=A START
[629817.703876] mix-mixA-arm03-3871296 phase=A END
[629817.711887] mix-mixA-arm03-3871296 phase=B START
[629817.722846] mix-mixA-arm03-3871296 phase=B LOAD
[629843.693695] mix-mixA-arm03-3871296 phase=B RUN
[629847.970919] tee (3871858): drop_caches: 3
[629853.679905] tee (3871863): drop_caches: 3
[629858.091265] tee (3871870): drop_caches: 3
[629863.376093] tee (3871874): drop_caches: 3
[629868.650447] tee (3871880): drop_caches: 3
[629874.009548] tee (3871884): drop_caches: 3
[629879.158458] tee (3871889): drop_caches: 3
[629884.316747] tee (3871893): drop_caches: 3
[629888.694932] tee (3871900): drop_caches: 3
[629894.002783] tee (3871904): drop_caches: 3
[629899.303226] tee (3871909): drop_caches: 3
[629904.476798] tee (3871918): drop_caches: 3
[629909.724041] tee (3871922): drop_caches: 3
[629914.870394] tee (3871926): drop_caches: 3
[629919.262468] tee (3871933): drop_caches: 3
[629924.609240] tee (3871937): drop_caches: 3
[629929.773106] tee (3871941): drop_caches: 3
[629934.942028] tee (3871945): drop_caches: 3
[629940.090451] tee (3871950): drop_caches: 3
[629945.611077] tee (3871954): drop_caches: 3
[629950.010367] tee (3871961): drop_caches: 3
[629955.348462] tee (3871965): drop_caches: 3
[629960.540251] tee (3871969): drop_caches: 3
[629965.671883] tee (3871973): drop_caches: 3
[629970.841455] tee (3871977): drop_caches: 3
[629975.628472] tee (3871984): drop_caches: 3
[629980.029157] tee (3871990): drop_caches: 3
[629985.472158] tee (3871995): drop_caches: 3
[629990.570873] tee (3871999): drop_caches: 3
[629995.732862] tee (3872003): drop_caches: 3
[630000.899630] tee (3872007): drop_caches: 3
[630006.141570] tee (3872011): drop_caches: 3
[630011.948856] tee (3872016): drop_caches: 3
[630017.424270] tee (3872022): drop_caches: 3
[630022.567244] tee (3872026): drop_caches: 3
[630027.600228] tee (3872030): drop_caches: 3
[630032.667034] tee (3872034): drop_caches: 3
[630037.745053] tee (3872040): drop_caches: 3
[630043.113564] tee (3872045): drop_caches: 3
[630048.463911] tee (3872051): drop_caches: 3
[630053.614246] tee (3872056): drop_caches: 3
[630058.860202] tee (3872060): drop_caches: 3
[630064.026081] tee (3872064): drop_caches: 3
[630069.025420] tee (3872073): drop_caches: 3
[630074.928233] tee (3872079): drop_caches: 3
[630080.182986] tee (3872087): drop_caches: 3
[630085.323309] tee (3872091): drop_caches: 3
[630090.481008] tee (3872096): drop_caches: 3
[630095.681483] tee (3872100): drop_caches: 3
[630100.956774] tee (3872105): drop_caches: 3
[630106.525032] tee (3872110): drop_caches: 3
[630112.025351] tee (3872116): drop_caches: 3
[630117.303753] tee (3872120): drop_caches: 3
[630122.414009] tee (3872124): drop_caches: 3
[630127.634879] tee (3872128): drop_caches: 3
[630133.002962] tee (3872133): drop_caches: 3
[630138.607592] tee (3872139): drop_caches: 3
[630144.098843] tee (3872144): drop_caches: 3
[630149.375104] tee (3872148): drop_caches: 3
[630154.476112] tee (3872152): drop_caches: 3
[630159.530207] tee (3872156): drop_caches: 3
[630164.640842] tee (3872160): drop_caches: 3
[630170.172713] tee (3872167): drop_caches: 3
[630175.764761] tee (3872172): drop_caches: 3
[630180.945919] tee (3872176): drop_caches: 3
[630186.014675] tee (3872180): drop_caches: 3
[630191.162147] tee (3872184): drop_caches: 3
[630196.314523] tee (3872188): drop_caches: 3
[630201.832630] tee (3872194): drop_caches: 3
[630207.676147] tee (3872205): drop_caches: 3
[630212.875252] tee (3872210): drop_caches: 3
[630217.969773] tee (3872214): drop_caches: 3
[630223.054273] tee (3872218): drop_caches: 3
[630228.213387] tee (3872222): drop_caches: 3
[630233.796560] tee (3872227): drop_caches: 3
[630239.120193] tee (3872233): drop_caches: 3
[630244.271736] tee (3872237): drop_caches: 3
[630249.348524] tee (3872241): drop_caches: 3
[630254.622583] tee (3872245): drop_caches: 3
[630259.725816] tee (3872249): drop_caches: 3
[630265.102484] tee (3872257): drop_caches: 3
[630270.648941] tee (3872262): drop_caches: 3
[630275.436180] tee (3872275): drop_caches: 3
[630281.841102] tee (3872343): drop_caches: 3
[630286.761233] tee (3872347): drop_caches: 3
[630291.693205] tee (3872351): drop_caches: 3
[630297.050792] tee (3872356): drop_caches: 3
[630302.904444] tee (3872362): drop_caches: 3
[630308.349772] tee (3872366): drop_caches: 3
[630314.255010] tee (3872373): drop_caches: 3
[630316.294349] mix-mixA-arm03-3871296 phase=B END
[630316.768584] NVMeVirt: Measurement: command=stop epoch=1 host_bytes=131553464320 learner_active=0
[630317.403801] EXT4-fs (nvme0n1): unmounting filesystem 36708174-50fc-4bc4-bdba-4e9fc2f4e30d.
[630317.806320] pci_bus 0001:10: busn_res: [bus 10-ff] is released
[630317.806374] NVMeVirt: GC stats: ns=0 policy=cat-fig7-fixed host_pages=32117545 gc_pages=40347865 gc_count=1132272 WAF=2.256 warmup_gc=100-per-part
[630317.876676] NVMeVirt: Virtual NVMe device closed
