[681189.060787] mix-mixA-arm49-3928612 BEGIN
[681189.094303] NVMeVirt: Version 1.10 for >> Samsung 970 Pro SSD <<
[681189.094309] NVMeVirt: Storage: 0x100100000-0x300000000 (8191 MiB)
[681189.105414] NVMeVirt: Total Capacity(GiB,MiB)=2,2048 chs=2 luns=4 lines=8192 blk-size(MiB,KiB)=0,64 line-size(MiB,KiB)=0,256
[681189.116827] NVMeVirt: [chmodel_init] bandwidth 800 max_credits 26 tx_time 152
[681189.127723] NVMeVirt: [chmodel_init] bandwidth 800 max_credits 26 tx_time 152
[681189.127738] NVMeVirt: [chmodel_init] bandwidth 3360 max_credits 110 tx_time 36
[681189.127740] NVMeVirt: Fixed CAT init ns=0 part=0 arm=49 k=10 scale_pct=50 age_ratio=7
[681189.128756] NVMeVirt: pqueue: Copyright (c) 2014, Volkan Yazıcı <volkan.yazici@gmail.com>. All rights reserved.
[681189.128791] NVMeVirt: Init FTL instance with 2 channels (524288 pages)
[681189.128793] NVMeVirt: GC victim policy: cat-fig7-fixed ns=0 part=0 initial_k=10 initial_scale_pct=50 initial_age_ratio=7 warmup_gc=100
[681189.139563] NVMeVirt: [chmodel_init] bandwidth 800 max_credits 26 tx_time 152
[681189.150130] NVMeVirt: [chmodel_init] bandwidth 800 max_credits 26 tx_time 152
[681189.150143] NVMeVirt: [chmodel_init] bandwidth 3360 max_credits 110 tx_time 36
[681189.150145] NVMeVirt: Fixed CAT init ns=0 part=1 arm=49 k=10 scale_pct=50 age_ratio=7
[681189.151174] NVMeVirt: Init FTL instance with 2 channels (524288 pages)
[681189.151177] NVMeVirt: GC victim policy: cat-fig7-fixed ns=0 part=1 initial_k=10 initial_scale_pct=50 initial_age_ratio=7 warmup_gc=100
[681189.161773] NVMeVirt: [chmodel_init] bandwidth 800 max_credits 26 tx_time 152
[681189.172579] NVMeVirt: [chmodel_init] bandwidth 800 max_credits 26 tx_time 152
[681189.172593] NVMeVirt: [chmodel_init] bandwidth 3360 max_credits 110 tx_time 36
[681189.172595] NVMeVirt: Fixed CAT init ns=0 part=2 arm=49 k=10 scale_pct=50 age_ratio=7
[681189.173590] NVMeVirt: Init FTL instance with 2 channels (524288 pages)
[681189.173592] NVMeVirt: GC victim policy: cat-fig7-fixed ns=0 part=2 initial_k=10 initial_scale_pct=50 initial_age_ratio=7 warmup_gc=100
[681189.184042] NVMeVirt: [chmodel_init] bandwidth 800 max_credits 26 tx_time 152
[681189.194176] NVMeVirt: [chmodel_init] bandwidth 800 max_credits 26 tx_time 152
[681189.194190] NVMeVirt: [chmodel_init] bandwidth 3360 max_credits 110 tx_time 36
[681189.194192] NVMeVirt: Fixed CAT init ns=0 part=3 arm=49 k=10 scale_pct=50 age_ratio=7
[681189.195213] NVMeVirt: Init FTL instance with 2 channels (524288 pages)
[681189.195215] NVMeVirt: GC victim policy: cat-fig7-fixed ns=0 part=3 initial_k=10 initial_scale_pct=50 initial_age_ratio=7 warmup_gc=100
[681189.195221] NVMeVirt: FTL physical space: 8588886016, logical space: 8026996276 (physical/logical * 100 = 107)
[681189.195223] NVMeVirt: ns 0/1: size 7655 MiB
[681189.195295] PCI host bridge to bus 0001:10
[681189.195297] pci_bus 0001:10: root bus resource [io  0x0000-0xffff]
[681189.195300] pci_bus 0001:10: root bus resource [mem 0x00000000-0x7fffffffff]
[681189.195320] pci_bus 0001:10: root bus resource [bus 00-ff]
[681189.195328] pci 0001:10:00.0: [0c51:0110] type 00 class 0x010802 PCIe Endpoint
[681189.195333] pci 0001:10:00.0: BAR 0 [mem 0x100000000-0x100003fff 64bit]
[681189.195335] pci 0001:10:00.0: enabling Extended Tags
[681189.195476] NVMeVirt: Virtual PCI bus created (node 0)
[681189.195866] NVMeVirt: nvmev_dispatcher started on cpu 1 (node 0)
[681189.195903] NVMeVirt: Virtual NVMe device created
[681189.196054] nvme nvme0: pci function 0001:10:00.0
[681189.197916] NVMeVirt: nvmev_io_worker_0 started on cpu 2 (node 0)
[681189.199716] nvme nvme0: 8/0/0 default/read/poll queues
[681189.789232] EXT4-fs (nvme0n1): mounted filesystem c5f809d0-ff0b-43d6-8ae5-4a4d9219bd9f r/w with ordered data mode. Quota mode: none.
[681271.984995] NVMeVirt: Fixed CAT init ns=0 part=0 arm=49 k=10 scale_pct=50 age_ratio=7
[681271.985000] NVMeVirt: Fixed CAT init ns=0 part=1 arm=49 k=10 scale_pct=50 age_ratio=7
[681271.985002] NVMeVirt: Fixed CAT init ns=0 part=2 arm=49 k=10 scale_pct=50 age_ratio=7
[681271.985004] NVMeVirt: Fixed CAT init ns=0 part=3 arm=49 k=10 scale_pct=50 age_ratio=7
[681271.985005] NVMeVirt: Measurement: command=start epoch=1 host_bytes=0 learner_active=1
[681271.992665] mix-mixA-arm49-3928612 phase=A START
[681872.312420] mix-mixA-arm49-3928612 phase=A END
[681872.320331] mix-mixA-arm49-3928612 phase=B START
[681872.331140] mix-mixA-arm49-3928612 phase=B LOAD
[681898.507978] mix-mixA-arm49-3928612 phase=B RUN
[681902.858616] tee (3929393): drop_caches: 3
[681908.347476] tee (3929397): drop_caches: 3
[681912.733035] tee (3929405): drop_caches: 3
[681918.049433] tee (3929409): drop_caches: 3
[681923.084199] tee (3929414): drop_caches: 3
[681928.247129] tee (3929418): drop_caches: 3
[681933.525084] tee (3929422): drop_caches: 3
[681938.571663] tee (3929426): drop_caches: 3
[681943.053083] tee (3929433): drop_caches: 3
[681948.213728] tee (3929437): drop_caches: 3
[681953.280587] tee (3929441): drop_caches: 3
[681958.516060] tee (3929445): drop_caches: 3
[681963.668838] tee (3929449): drop_caches: 3
[681968.961646] tee (3929453): drop_caches: 3
[681973.377460] tee (3929460): drop_caches: 3
[681978.714838] tee (3929464): drop_caches: 3
[681983.866135] tee (3929468): drop_caches: 3
[681989.036895] tee (3929472): drop_caches: 3
[681994.219280] tee (3929477): drop_caches: 3
[681999.468647] tee (3929481): drop_caches: 3
[682004.090647] tee (3929488): drop_caches: 3
[682009.515174] tee (3929500): drop_caches: 3
[682014.834561] tee (3929504): drop_caches: 3
[682019.920590] tee (3929508): drop_caches: 3
[682024.972908] tee (3929512): drop_caches: 3
[682029.986913] tee (3929516): drop_caches: 3
[682035.295136] tee (3929522): drop_caches: 3
[682040.598432] tee (3929527): drop_caches: 3
[682045.709830] tee (3929532): drop_caches: 3
[682050.815067] tee (3929536): drop_caches: 3
[682055.951843] tee (3929540): drop_caches: 3
[682061.179235] tee (3929545): drop_caches: 3
[682066.817716] tee (3929550): drop_caches: 3
[682072.070348] tee (3929557): drop_caches: 3
[682077.172705] tee (3929561): drop_caches: 3
[682082.300253] tee (3929565): drop_caches: 3
[682087.457569] tee (3929569): drop_caches: 3
[682092.594193] tee (3929575): drop_caches: 3
[682098.282450] tee (3929581): drop_caches: 3
[682103.487379] tee (3929586): drop_caches: 3
[682108.586564] tee (3929595): drop_caches: 3
[682113.893659] tee (3929600): drop_caches: 3
[682119.073972] tee (3929604): drop_caches: 3
[682124.272846] tee (3929608): drop_caches: 3
[682129.866776] tee (3929614): drop_caches: 3
[682135.245390] tee (3929620): drop_caches: 3
[682140.286505] tee (3929624): drop_caches: 3
[682145.299864] tee (3929628): drop_caches: 3
[682150.691045] tee (3929632): drop_caches: 3
[682155.869187] tee (3929636): drop_caches: 3
[682161.380186] tee (3929641): drop_caches: 3
[682166.643981] tee (3929647): drop_caches: 3
[682171.744339] tee (3929652): drop_caches: 3
[682176.512829] tee (3929659): drop_caches: 3
[682181.547599] tee (3929663): drop_caches: 3
[682186.689483] tee (3929667): drop_caches: 3
[682191.829723] tee (3929671): drop_caches: 3
[682196.694573] tee (3929678): drop_caches: 3
[682201.810645] tee (3929682): drop_caches: 3
[682206.871623] tee (3929686): drop_caches: 3
[682211.941015] tee (3929690): drop_caches: 3
[682218.378824] tee (3929697): drop_caches: 3
[682221.998299] mix-mixA-arm49-3928612 phase=B END
[682222.368624] NVMeVirt: Measurement: command=stop epoch=1 host_bytes=131445407744 learner_active=0
[682225.806969] EXT4-fs (nvme0n1): unmounting filesystem c5f809d0-ff0b-43d6-8ae5-4a4d9219bd9f.
[682226.275093] pci_bus 0001:10: busn_res: [bus 10-ff] is released
[682226.275226] NVMeVirt: GC stats: ns=0 policy=cat-fig7-fixed host_pages=32091164 gc_pages=24895074 gc_count=890410 WAF=1.775 warmup_gc=100-per-part
[682226.345759] NVMeVirt: Virtual NVMe device closed
