[758974.383044] mix-mixC-arm51-3989024 BEGIN
[758974.394259] NVMeVirt: Version 1.10 for >> Samsung 970 Pro SSD <<
[758974.394265] NVMeVirt: Storage: 0x100100000-0x300000000 (8191 MiB)
[758974.405554] NVMeVirt: Total Capacity(GiB,MiB)=2,2048 chs=2 luns=4 lines=8192 blk-size(MiB,KiB)=0,64 line-size(MiB,KiB)=0,256
[758974.418347] NVMeVirt: [chmodel_init] bandwidth 800 max_credits 26 tx_time 152
[758974.429916] NVMeVirt: [chmodel_init] bandwidth 800 max_credits 26 tx_time 152
[758974.429932] NVMeVirt: [chmodel_init] bandwidth 3360 max_credits 110 tx_time 36
[758974.429935] NVMeVirt: Fixed CAT init ns=0 part=0 arm=51 k=10 scale_pct=100 age_ratio=4
[758974.430873] NVMeVirt: pqueue: Copyright (c) 2014, Volkan Yazıcı <volkan.yazici@gmail.com>. All rights reserved.
[758974.430910] NVMeVirt: Init FTL instance with 2 channels (524288 pages)
[758974.430912] NVMeVirt: GC victim policy: cat-fig7-fixed ns=0 part=0 initial_k=10 initial_scale_pct=100 initial_age_ratio=4 warmup_gc=100
[758974.442157] NVMeVirt: [chmodel_init] bandwidth 800 max_credits 26 tx_time 152
[758974.452958] NVMeVirt: [chmodel_init] bandwidth 800 max_credits 26 tx_time 152
[758974.452972] NVMeVirt: [chmodel_init] bandwidth 3360 max_credits 110 tx_time 36
[758974.452974] NVMeVirt: Fixed CAT init ns=0 part=1 arm=51 k=10 scale_pct=100 age_ratio=4
[758974.453939] NVMeVirt: Init FTL instance with 2 channels (524288 pages)
[758974.453943] NVMeVirt: GC victim policy: cat-fig7-fixed ns=0 part=1 initial_k=10 initial_scale_pct=100 initial_age_ratio=4 warmup_gc=100
[758974.465022] NVMeVirt: [chmodel_init] bandwidth 800 max_credits 26 tx_time 152
[758974.475760] NVMeVirt: [chmodel_init] bandwidth 800 max_credits 26 tx_time 152
[758974.475774] NVMeVirt: [chmodel_init] bandwidth 3360 max_credits 110 tx_time 36
[758974.475777] NVMeVirt: Fixed CAT init ns=0 part=2 arm=51 k=10 scale_pct=100 age_ratio=4
[758974.476736] NVMeVirt: Init FTL instance with 2 channels (524288 pages)
[758974.476739] NVMeVirt: GC victim policy: cat-fig7-fixed ns=0 part=2 initial_k=10 initial_scale_pct=100 initial_age_ratio=4 warmup_gc=100
[758974.487523] NVMeVirt: [chmodel_init] bandwidth 800 max_credits 26 tx_time 152
[758974.498495] NVMeVirt: [chmodel_init] bandwidth 800 max_credits 26 tx_time 152
[758974.498511] NVMeVirt: [chmodel_init] bandwidth 3360 max_credits 110 tx_time 36
[758974.498513] NVMeVirt: Fixed CAT init ns=0 part=3 arm=51 k=10 scale_pct=100 age_ratio=4
[758974.499526] NVMeVirt: Init FTL instance with 2 channels (524288 pages)
[758974.499529] NVMeVirt: GC victim policy: cat-fig7-fixed ns=0 part=3 initial_k=10 initial_scale_pct=100 initial_age_ratio=4 warmup_gc=100
[758974.499536] NVMeVirt: FTL physical space: 8588886016, logical space: 8026996276 (physical/logical * 100 = 107)
[758974.499537] NVMeVirt: ns 0/1: size 7655 MiB
[758974.499586] PCI host bridge to bus 0001:10
[758974.499588] pci_bus 0001:10: root bus resource [io  0x0000-0xffff]
[758974.499591] pci_bus 0001:10: root bus resource [mem 0x00000000-0x7fffffffff]
[758974.499607] pci_bus 0001:10: root bus resource [bus 00-ff]
[758974.499615] pci 0001:10:00.0: [0c51:0110] type 00 class 0x010802 PCIe Endpoint
[758974.499619] pci 0001:10:00.0: BAR 0 [mem 0x100000000-0x100003fff 64bit]
[758974.499622] pci 0001:10:00.0: enabling Extended Tags
[758974.499743] NVMeVirt: Virtual PCI bus created (node 0)
[758974.500061] NVMeVirt: nvmev_io_worker_0 started on cpu 2 (node 0)
[758974.500167] NVMeVirt: nvmev_dispatcher started on cpu 1 (node 0)
[758974.500194] NVMeVirt: Virtual NVMe device created
[758974.500381] nvme nvme0: pci function 0001:10:00.0
[758974.502828] nvme nvme0: 8/0/0 default/read/poll queues
[758974.574855] EXT4-fs (nvme0n1): mounted filesystem 308fe8f1-3a6a-4e92-91f5-09b531c90de2 r/w with ordered data mode. Quota mode: none.
[759056.589633] NVMeVirt: Fixed CAT init ns=0 part=0 arm=51 k=10 scale_pct=100 age_ratio=4
[759056.589638] NVMeVirt: Fixed CAT init ns=0 part=1 arm=51 k=10 scale_pct=100 age_ratio=4
[759056.589640] NVMeVirt: Fixed CAT init ns=0 part=2 arm=51 k=10 scale_pct=100 age_ratio=4
[759056.589642] NVMeVirt: Fixed CAT init ns=0 part=3 arm=51 k=10 scale_pct=100 age_ratio=4
[759056.589643] NVMeVirt: Measurement: command=start epoch=1 host_bytes=0 learner_active=1
[759056.597421] mix-mixC-arm51-3989024 phase=A START
[759656.932760] mix-mixC-arm51-3989024 phase=A END
[759656.939683] mix-mixC-arm51-3989024 phase=B START
[760257.261942] mix-mixC-arm51-3989024 phase=B END
[760257.265148] NVMeVirt: Measurement: command=stop epoch=1 host_bytes=122884407296 learner_active=0
[760257.314750] EXT4-fs (nvme0n1): unmounting filesystem 308fe8f1-3a6a-4e92-91f5-09b531c90de2.
[760257.376766] pci_bus 0001:10: busn_res: [bus 10-ff] is released
[760257.376833] NVMeVirt: GC stats: ns=0 policy=cat-fig7-fixed host_pages=30001076 gc_pages=27914443 gc_count=904930 WAF=1.930 warmup_gc=100-per-part
[760257.461664] NVMeVirt: Virtual NVMe device closed
