[1450041.203076] mix-mixO-fixed50-1502964 BEGIN
[1450041.214291] NVMeVirt: Version 1.10 for >> Samsung 970 Pro SSD <<
[1450041.214296] NVMeVirt: Storage: 0x100100000-0x300000000 (8191 MiB)
[1450041.225397] NVMeVirt: Total Capacity(GiB,MiB)=2,2048 chs=2 luns=4 lines=8192 blk-size(MiB,KiB)=0,64 line-size(MiB,KiB)=0,256
[1450041.240821] NVMeVirt: [chmodel_init] bandwidth 800 max_credits 26 tx_time 152
[1450041.251868] NVMeVirt: [chmodel_init] bandwidth 800 max_credits 26 tx_time 152
[1450041.251882] NVMeVirt: [chmodel_init] bandwidth 3360 max_credits 110 tx_time 36
[1450041.251885] NVMeVirt: Fixed CAT init ns=0 part=0 arm=50 k=10 scale_pct=50 age_ratio=16
[1450041.252829] NVMeVirt: pqueue: Copyright (c) 2014, Volkan Yazıcı <volkan.yazici@gmail.com>. All rights reserved.
[1450041.252866] NVMeVirt: Init FTL instance with 2 channels (524288 pages)
[1450041.252868] NVMeVirt: GC victim policy: cat-fig7-fixed ns=0 part=0 initial_k=10 initial_scale_pct=50 initial_age_ratio=16 warmup_gc=100
[1450041.265047] NVMeVirt: [chmodel_init] bandwidth 800 max_credits 26 tx_time 152
[1450041.276827] NVMeVirt: [chmodel_init] bandwidth 800 max_credits 26 tx_time 152
[1450041.276842] NVMeVirt: [chmodel_init] bandwidth 3360 max_credits 110 tx_time 36
[1450041.276844] NVMeVirt: Fixed CAT init ns=0 part=1 arm=50 k=10 scale_pct=50 age_ratio=16
[1450041.277814] NVMeVirt: Init FTL instance with 2 channels (524288 pages)
[1450041.277817] NVMeVirt: GC victim policy: cat-fig7-fixed ns=0 part=1 initial_k=10 initial_scale_pct=50 initial_age_ratio=16 warmup_gc=100
[1450041.287937] NVMeVirt: [chmodel_init] bandwidth 800 max_credits 26 tx_time 152
[1450041.300583] NVMeVirt: [chmodel_init] bandwidth 800 max_credits 26 tx_time 152
[1450041.300615] NVMeVirt: [chmodel_init] bandwidth 3360 max_credits 110 tx_time 36
[1450041.300618] NVMeVirt: Fixed CAT init ns=0 part=2 arm=50 k=10 scale_pct=50 age_ratio=16
[1450041.302127] NVMeVirt: Init FTL instance with 2 channels (524288 pages)
[1450041.302131] NVMeVirt: GC victim policy: cat-fig7-fixed ns=0 part=2 initial_k=10 initial_scale_pct=50 initial_age_ratio=16 warmup_gc=100
[1450041.312966] NVMeVirt: [chmodel_init] bandwidth 800 max_credits 26 tx_time 152
[1450041.323337] NVMeVirt: [chmodel_init] bandwidth 800 max_credits 26 tx_time 152
[1450041.323350] NVMeVirt: [chmodel_init] bandwidth 3360 max_credits 110 tx_time 36
[1450041.323353] NVMeVirt: Fixed CAT init ns=0 part=3 arm=50 k=10 scale_pct=50 age_ratio=16
[1450041.324256] NVMeVirt: Init FTL instance with 2 channels (524288 pages)
[1450041.324259] NVMeVirt: GC victim policy: cat-fig7-fixed ns=0 part=3 initial_k=10 initial_scale_pct=50 initial_age_ratio=16 warmup_gc=100
[1450041.324267] NVMeVirt: FTL physical space: 8588886016, logical space: 8026996276 (physical/logical * 100 = 107)
[1450041.324269] NVMeVirt: ns 0/1: size 7655 MiB
[1450041.324393] PCI host bridge to bus 0001:10
[1450041.324397] pci_bus 0001:10: root bus resource [io  0x0000-0xffff]
[1450041.324401] pci_bus 0001:10: root bus resource [mem 0x00000000-0x7fffffffff]
[1450041.324404] pci_bus 0001:10: root bus resource [bus 00-ff]
[1450041.324417] pci 0001:10:00.0: [0c51:0110] type 00 class 0x010802 PCIe Endpoint
[1450041.324423] pci 0001:10:00.0: BAR 0 [mem 0x100000000-0x100003fff 64bit]
[1450041.324427] pci 0001:10:00.0: enabling Extended Tags
[1450041.324595] NVMeVirt: Virtual PCI bus created (node 0)
[1450041.324927] NVMeVirt: nvmev_io_worker_0 started on cpu 2 (node 0)
[1450041.324955] NVMeVirt: nvmev_dispatcher started on cpu 1 (node 0)
[1450041.324997] NVMeVirt: Virtual NVMe device created
[1450041.325180] nvme nvme0: pci function 0001:10:00.0
[1450041.327846] nvme nvme0: 8/0/0 default/read/poll queues
[1450041.407780] EXT4-fs (nvme0n1): mounted filesystem a989c55b-feae-4d50-b913-9fe3555c1eb8 r/w with ordered data mode. Quota mode: none.
[1450123.425192] NVMeVirt: Fixed CAT init ns=0 part=0 arm=50 k=10 scale_pct=50 age_ratio=16
[1450123.425202] NVMeVirt: Fixed CAT init ns=0 part=1 arm=50 k=10 scale_pct=50 age_ratio=16
[1450123.425206] NVMeVirt: Fixed CAT init ns=0 part=2 arm=50 k=10 scale_pct=50 age_ratio=16
[1450123.425208] NVMeVirt: Fixed CAT init ns=0 part=3 arm=50 k=10 scale_pct=50 age_ratio=16
[1450123.425210] NVMeVirt: Measurement: command=start epoch=1 host_bytes=0 learner_active=1
[1450123.451156] mix-mixO-fixed50-1502964 phase=A START
[1451048.126047] mix-mixO-fixed50-1502964 phase=A END
[1451048.346069] mix-mixO-fixed50-1502964 phase=B START
[1451952.038387] mix-mixO-fixed50-1502964 phase=B END
[1451952.133821] NVMeVirt: Measurement: command=stop epoch=1 host_bytes=710508855296 learner_active=0
[1451952.267642] EXT4-fs (nvme0n1): unmounting filesystem a989c55b-feae-4d50-b913-9fe3555c1eb8.
[1451952.717757] pci_bus 0001:10: busn_res: [bus 10-ff] is released
[1451952.717811] NVMeVirt: GC stats: ns=0 policy=cat-fig7-fixed host_pages=173464076 gc_pages=167082081 gc_count=5321033 WAF=1.963 warmup_gc=100-per-part
[1451952.790412] NVMeVirt: Virtual NVMe device closed
