[1297839.595375] mix-mixR-fixed37-739058 BEGIN
[1297839.630949] NVMeVirt: Version 1.10 for >> Samsung 970 Pro SSD <<
[1297839.630955] NVMeVirt: Storage: 0x100100000-0x300000000 (8191 MiB)
[1297839.642061] NVMeVirt: Total Capacity(GiB,MiB)=2,2048 chs=2 luns=4 lines=8192 blk-size(MiB,KiB)=0,64 line-size(MiB,KiB)=0,256
[1297839.654502] NVMeVirt: [chmodel_init] bandwidth 800 max_credits 26 tx_time 152
[1297839.665506] NVMeVirt: [chmodel_init] bandwidth 800 max_credits 26 tx_time 152
[1297839.665520] NVMeVirt: [chmodel_init] bandwidth 3360 max_credits 110 tx_time 36
[1297839.665523] NVMeVirt: Fixed CAT init ns=0 part=0 arm=37 k=7 scale_pct=100 age_ratio=7
[1297839.666816] NVMeVirt: pqueue: Copyright (c) 2014, Volkan Yazıcı <volkan.yazici@gmail.com>. All rights reserved.
[1297839.666854] NVMeVirt: Init FTL instance with 2 channels (524288 pages)
[1297839.666856] NVMeVirt: GC victim policy: cat-fig7-fixed ns=0 part=0 initial_k=7 initial_scale_pct=100 initial_age_ratio=7 warmup_gc=100
[1297839.677280] NVMeVirt: [chmodel_init] bandwidth 800 max_credits 26 tx_time 152
[1297839.688218] NVMeVirt: [chmodel_init] bandwidth 800 max_credits 26 tx_time 152
[1297839.688232] NVMeVirt: [chmodel_init] bandwidth 3360 max_credits 110 tx_time 36
[1297839.688234] NVMeVirt: Fixed CAT init ns=0 part=1 arm=37 k=7 scale_pct=100 age_ratio=7
[1297839.689538] NVMeVirt: Init FTL instance with 2 channels (524288 pages)
[1297839.689541] NVMeVirt: GC victim policy: cat-fig7-fixed ns=0 part=1 initial_k=7 initial_scale_pct=100 initial_age_ratio=7 warmup_gc=100
[1297839.700036] NVMeVirt: [chmodel_init] bandwidth 800 max_credits 26 tx_time 152
[1297839.710474] NVMeVirt: [chmodel_init] bandwidth 800 max_credits 26 tx_time 152
[1297839.710487] NVMeVirt: [chmodel_init] bandwidth 3360 max_credits 110 tx_time 36
[1297839.710489] NVMeVirt: Fixed CAT init ns=0 part=2 arm=37 k=7 scale_pct=100 age_ratio=7
[1297839.711799] NVMeVirt: Init FTL instance with 2 channels (524288 pages)
[1297839.711802] NVMeVirt: GC victim policy: cat-fig7-fixed ns=0 part=2 initial_k=7 initial_scale_pct=100 initial_age_ratio=7 warmup_gc=100
[1297839.722603] NVMeVirt: [chmodel_init] bandwidth 800 max_credits 26 tx_time 152
[1297839.733089] NVMeVirt: [chmodel_init] bandwidth 800 max_credits 26 tx_time 152
[1297839.733103] NVMeVirt: [chmodel_init] bandwidth 3360 max_credits 110 tx_time 36
[1297839.733106] NVMeVirt: Fixed CAT init ns=0 part=3 arm=37 k=7 scale_pct=100 age_ratio=7
[1297839.734484] NVMeVirt: Init FTL instance with 2 channels (524288 pages)
[1297839.734487] NVMeVirt: GC victim policy: cat-fig7-fixed ns=0 part=3 initial_k=7 initial_scale_pct=100 initial_age_ratio=7 warmup_gc=100
[1297839.734493] NVMeVirt: FTL physical space: 8588886016, logical space: 8026996276 (physical/logical * 100 = 107)
[1297839.734495] NVMeVirt: ns 0/1: size 7655 MiB
[1297839.734545] PCI host bridge to bus 0001:10
[1297839.734547] pci_bus 0001:10: root bus resource [io  0x0000-0xffff]
[1297839.734550] pci_bus 0001:10: root bus resource [mem 0x00000000-0x7fffffffff]
[1297839.734552] pci_bus 0001:10: root bus resource [bus 00-ff]
[1297839.734573] pci 0001:10:00.0: [0c51:0110] type 00 class 0x010802 PCIe Endpoint
[1297839.734577] pci 0001:10:00.0: BAR 0 [mem 0x100000000-0x100003fff 64bit]
[1297839.734580] pci 0001:10:00.0: enabling Extended Tags
[1297839.734700] NVMeVirt: Virtual PCI bus created (node 0)
[1297839.735025] NVMeVirt: nvmev_dispatcher started on cpu 1 (node 0)
[1297839.735063] NVMeVirt: Virtual NVMe device created
[1297839.735203] nvme nvme0: pci function 0001:10:00.0
[1297839.737151] NVMeVirt: nvmev_io_worker_0 started on cpu 2 (node 0)
[1297839.739484] nvme nvme0: 8/0/0 default/read/poll queues
[1297840.208921] EXT4-fs (nvme0n1): mounted filesystem 8532153a-743d-4388-b1e6-7aa95532a883 r/w with ordered data mode. Quota mode: none.
[1297922.449095] NVMeVirt: Fixed CAT init ns=0 part=0 arm=37 k=7 scale_pct=100 age_ratio=7
[1297922.449101] NVMeVirt: Fixed CAT init ns=0 part=1 arm=37 k=7 scale_pct=100 age_ratio=7
[1297922.449104] NVMeVirt: Fixed CAT init ns=0 part=2 arm=37 k=7 scale_pct=100 age_ratio=7
[1297922.449107] NVMeVirt: Fixed CAT init ns=0 part=3 arm=37 k=7 scale_pct=100 age_ratio=7
[1297922.449109] NVMeVirt: Measurement: command=start epoch=1 host_bytes=0 learner_active=1
[1297922.461450] mix-mixR-fixed37-739058 phase=A START
[1299722.808385] mix-mixR-fixed37-739058 phase=A END
[1299722.816301] mix-mixR-fixed37-739058 phase=B START
[1299722.827418] mix-mixR-fixed37-739058 phase=B LOAD
[1299747.050116] mix-mixR-fixed37-739058 phase=B RUN
[1299751.475631] tee (741195): drop_caches: 3
[1299756.820592] tee (741201): drop_caches: 3
[1299761.961088] tee (741212): drop_caches: 3
[1299767.415741] tee (741220): drop_caches: 3
[1299772.658011] tee (741241): drop_caches: 3
[1299777.744038] tee (741245): drop_caches: 3
[1299783.343182] tee (741251): drop_caches: 3
[1299788.421710] tee (741262): drop_caches: 3
[1299793.348912] tee (741275): drop_caches: 3
[1299798.776224] tee (741280): drop_caches: 3
[1299804.044267] tee (741284): drop_caches: 3
[1299809.508353] tee (741288): drop_caches: 3
[1299814.650988] tee (741311): drop_caches: 3
[1299819.782217] tee (741315): drop_caches: 3
[1299824.999161] tee (741326): drop_caches: 3
[1299830.242982] tee (741334): drop_caches: 3
[1299835.267960] tee (741345): drop_caches: 3
[1299840.517234] tee (741349): drop_caches: 3
[1299845.795220] tee (741354): drop_caches: 3
[1299850.829748] tee (741365): drop_caches: 3
[1299855.900623] tee (741377): drop_caches: 3
[1299861.141237] tee (741384): drop_caches: 3
[1299866.121306] tee (741395): drop_caches: 3
[1299871.047189] tee (741399): drop_caches: 3
[1299876.222208] tee (741403): drop_caches: 3
[1299881.236960] tee (741407): drop_caches: 3
[1299886.504308] tee (741436): drop_caches: 3
[1299892.172594] tee (741506): drop_caches: 3
[1299897.171371] tee (741510): drop_caches: 3
[1299902.264288] tee (741516): drop_caches: 3
[1299907.833324] tee (741522): drop_caches: 3
[1299913.191094] tee (741531): drop_caches: 3
[1299918.455882] tee (741537): drop_caches: 3
[1299924.174192] tee (741551): drop_caches: 3
[1299929.250002] tee (741557): drop_caches: 3
[1299934.970580] tee (741561): drop_caches: 3
[1299940.037318] tee (741565): drop_caches: 3
[1299945.101273] tee (741574): drop_caches: 3
[1299950.140633] tee (741580): drop_caches: 3
[1299955.400225] tee (741595): drop_caches: 3
[1299960.435856] tee (741599): drop_caches: 3
[1299966.420237] tee (741604): drop_caches: 3
[1299971.599382] tee (741609): drop_caches: 3
[1299976.669282] tee (741618): drop_caches: 3
[1299981.531844] tee (741624): drop_caches: 3
[1299986.737103] tee (741632): drop_caches: 3
[1299991.820184] tee (741636): drop_caches: 3
[1299997.182045] tee (741640): drop_caches: 3
[1300002.249463] tee (741644): drop_caches: 3
[1300007.342479] tee (741653): drop_caches: 3
[1300012.425183] tee (741658): drop_caches: 3
[1300017.579831] tee (741664): drop_caches: 3
[1300022.737565] tee (741668): drop_caches: 3
[1300028.123516] tee (741673): drop_caches: 3
[1300033.303841] tee (741678): drop_caches: 3
[1300038.964883] tee (741687): drop_caches: 3
[1300043.768534] tee (741700): drop_caches: 3
[1300049.151983] tee (741705): drop_caches: 3
[1300054.317998] tee (741712): drop_caches: 3
[1300059.738722] tee (741716): drop_caches: 3
[1300065.205567] tee (741725): drop_caches: 3
[1300070.821514] tee (741732): drop_caches: 3
[1300075.274773] tee (741746): drop_caches: 3
[1300080.230409] tee (741750): drop_caches: 3
[1300085.276577] tee (741755): drop_caches: 3
[1300090.516769] tee (741759): drop_caches: 3
[1300096.103142] tee (741770): drop_caches: 3
[1300101.419251] tee (741775): drop_caches: 3
[1300106.452858] tee (741788): drop_caches: 3
[1300111.809214] tee (741793): drop_caches: 3
[1300116.918426] tee (741803): drop_caches: 3
[1300122.353427] tee (741807): drop_caches: 3
[1300127.566372] tee (741816): drop_caches: 3
[1300132.666206] tee (741820): drop_caches: 3
[1300137.941196] tee (741832): drop_caches: 3
[1300143.268156] tee (741838): drop_caches: 3
[1300148.239564] tee (741842): drop_caches: 3
[1300153.502279] tee (741847): drop_caches: 3
[1300158.589714] tee (741856): drop_caches: 3
[1300163.731397] tee (741868): drop_caches: 3
[1300168.900337] tee (741874): drop_caches: 3
[1300174.143774] tee (741879): drop_caches: 3
[1300179.235987] tee (741890): drop_caches: 3
[1300184.398371] tee (741897): drop_caches: 3
[1300189.462343] tee (741906): drop_caches: 3
[1300194.541130] tee (741918): drop_caches: 3
[1300199.792518] tee (741925): drop_caches: 3
[1300205.176394] tee (741933): drop_caches: 3
[1300210.520914] tee (741937): drop_caches: 3
[1300215.881516] tee (741941): drop_caches: 3
[1300221.483471] tee (741954): drop_caches: 3
[1300226.571425] tee (741965): drop_caches: 3
[1300231.224797] tee (741971): drop_caches: 3
[1300236.601119] tee (741977): drop_caches: 3
[1300241.771994] tee (741981): drop_caches: 3
[1300247.129263] tee (741985): drop_caches: 3
[1300252.347285] tee (741994): drop_caches: 3
[1300257.357039] tee (742006): drop_caches: 3
[1300262.599850] tee (742012): drop_caches: 3
[1300267.897020] tee (742018): drop_caches: 3
[1300273.133513] tee (742022): drop_caches: 3
[1300278.723901] tee (742031): drop_caches: 3
[1300283.785199] tee (742043): drop_caches: 3
[1300288.883320] tee (742047): drop_caches: 3
[1300294.199472] tee (742052): drop_caches: 3
[1300299.348876] tee (742058): drop_caches: 3
[1300304.527999] tee (742063): drop_caches: 3
[1300309.969910] tee (742072): drop_caches: 3
[1300315.298515] tee (742085): drop_caches: 3
[1300320.314260] tee (742089): drop_caches: 3
[1300325.523951] tee (742097): drop_caches: 3
[1300330.657603] tee (742102): drop_caches: 3
[1300335.772669] tee (742106): drop_caches: 3
[1300340.918881] tee (742116): drop_caches: 3
[1300346.166136] tee (742127): drop_caches: 3
[1300351.258996] tee (742131): drop_caches: 3
[1300356.565106] tee (742138): drop_caches: 3
[1300361.904060] tee (742145): drop_caches: 3
[1300367.264999] tee (742149): drop_caches: 3
[1300372.342543] tee (742158): drop_caches: 3
[1300377.689318] tee (742169): drop_caches: 3
[1300382.797068] tee (742173): drop_caches: 3
[1300387.903420] tee (742178): drop_caches: 3
[1300393.503946] tee (742185): drop_caches: 3
[1300398.649623] tee (742191): drop_caches: 3
[1300404.579487] tee (742208): drop_caches: 3
[1300409.611999] tee (742212): drop_caches: 3
[1300414.766205] tee (742222): drop_caches: 3
[1300419.420604] tee (742229): drop_caches: 3
[1300424.466138] tee (742240): drop_caches: 3
[1300429.404409] tee (742245): drop_caches: 3
[1300434.615735] tee (742261): drop_caches: 3
[1300439.590035] tee (742265): drop_caches: 3
[1300444.539797] tee (742269): drop_caches: 3
[1300449.559381] tee (742274): drop_caches: 3
[1300454.508901] tee (742287): drop_caches: 3
[1300459.287920] tee (742291): drop_caches: 3
[1300464.451254] tee (742309): drop_caches: 3
[1300469.441828] tee (742313): drop_caches: 3
[1300474.438664] tee (742317): drop_caches: 3
[1300479.463841] tee (742321): drop_caches: 3
[1300484.009014] tee (742338): drop_caches: 3
[1300492.177713] tee (742394): drop_caches: 3
[1300499.755882] tee (742441): drop_caches: 3
[1300509.242429] tee (742479): drop_caches: 3
[1300518.643044] tee (742523): drop_caches: 3
[1300528.253954] tee (742597): drop_caches: 3
[1300535.097889] tee (742603): drop_caches: 3
[1300541.441448] tee (742615): drop_caches: 3
[1300547.619156] tee (742639): drop_caches: 3
[1300552.985606] tee (742662): drop_caches: 3
[1300557.797482] tee (742687): drop_caches: 3
[1300563.401308] tee (742695): drop_caches: 3
[1300568.434983] tee (742700): drop_caches: 3
[1300573.741423] tee (742705): drop_caches: 3
[1300578.821210] tee (742709): drop_caches: 3
[1300583.912988] tee (742713): drop_caches: 3
[1300588.481021] tee (742725): drop_caches: 3
[1300593.585491] tee (742729): drop_caches: 3
[1300598.577006] tee (742733): drop_caches: 3
[1300603.557746] tee (742737): drop_caches: 3
[1300608.776611] tee (742741): drop_caches: 3
[1300613.755235] tee (742745): drop_caches: 3
[1300618.127858] tee (742757): drop_caches: 3
[1300623.330056] tee (742761): drop_caches: 3
[1300628.270791] tee (742765): drop_caches: 3
[1300633.262378] tee (742769): drop_caches: 3
[1300638.370874] tee (742780): drop_caches: 3
[1300643.437021] tee (742785): drop_caches: 3
[1300648.218590] tee (742802): drop_caches: 3
[1300653.424950] tee (742808): drop_caches: 3
[1300658.510975] tee (742814): drop_caches: 3
[1300663.525278] tee (742818): drop_caches: 3
[1300669.021727] tee (742829): drop_caches: 3
[1300674.084991] tee (742833): drop_caches: 3
[1300679.269477] tee (742852): drop_caches: 3
[1300684.503284] tee (742857): drop_caches: 3
[1300689.318280] tee (742861): drop_caches: 3
[1300694.291619] tee (742865): drop_caches: 3
[1300699.718288] tee (742871): drop_caches: 3
[1300704.907750] tee (742882): drop_caches: 3
[1300710.310605] tee (742893): drop_caches: 3
[1300715.602398] tee (742905): drop_caches: 3
[1300720.607326] tee (742909): drop_caches: 3
[1300725.594732] tee (742913): drop_caches: 3
[1300730.888244] tee (742917): drop_caches: 3
[1300736.038989] tee (742928): drop_caches: 3
[1300741.400916] tee (742939): drop_caches: 3
[1300746.631230] tee (742944): drop_caches: 3
[1300751.649780] tee (742948): drop_caches: 3
[1300756.686570] tee (742952): drop_caches: 3
[1300761.994846] tee (742958): drop_caches: 3
[1300767.684760] tee (742974): drop_caches: 3
[1300772.747654] tee (742979): drop_caches: 3
[1300779.148085] tee (742993): drop_caches: 3
[1300785.854082] tee (743027): drop_caches: 3
[1300791.452646] tee (743043): drop_caches: 3
[1300796.663154] tee (743064): drop_caches: 3
[1300801.893621] tee (743075): drop_caches: 3
[1300806.458231] tee (743084): drop_caches: 3
[1300811.802805] tee (743090): drop_caches: 3
[1300816.897413] tee (743094): drop_caches: 3
[1300822.099653] tee (743098): drop_caches: 3
[1300827.370660] tee (743104): drop_caches: 3
[1300832.618994] tee (743113): drop_caches: 3
[1300837.104420] tee (743120): drop_caches: 3
[1300842.263592] tee (743124): drop_caches: 3
[1300847.173434] tee (743128): drop_caches: 3
[1300852.160834] tee (743139): drop_caches: 3
[1300857.108586] tee (743143): drop_caches: 3
[1300862.242642] tee (743153): drop_caches: 3
[1300866.563208] tee (743160): drop_caches: 3
[1300871.633664] tee (743164): drop_caches: 3
[1300876.500926] tee (743175): drop_caches: 3
[1300881.421890] tee (743186): drop_caches: 3
[1300886.382496] tee (743190): drop_caches: 3
[1300891.425024] tee (743199): drop_caches: 3
[1300896.335397] tee (743205): drop_caches: 3
[1300901.503682] tee (743210): drop_caches: 3
[1300906.388424] tee (743221): drop_caches: 3
[1300911.318849] tee (743225): drop_caches: 3
[1300916.324459] tee (743238): drop_caches: 3
[1300921.487048] tee (743247): drop_caches: 3
[1300926.508679] tee (743251): drop_caches: 3
[1300930.901785] tee (743258): drop_caches: 3
[1300936.004210] tee (743269): drop_caches: 3
[1300940.945200] tee (743273): drop_caches: 3
[1300946.059907] tee (743284): drop_caches: 3
[1300951.195568] tee (743293): drop_caches: 3
[1300956.220019] tee (743299): drop_caches: 3
[1300960.849044] tee (743306): drop_caches: 3
[1300965.859199] tee (743317): drop_caches: 3
[1300970.849383] tee (743321): drop_caches: 3
[1300975.895296] tee (743332): drop_caches: 3
[1300980.938017] tee (743341): drop_caches: 3
[1300985.961527] tee (743345): drop_caches: 3
[1300990.365117] tee (743352): drop_caches: 3
[1300995.629431] tee (743363): drop_caches: 3
[1301000.563274] tee (743369): drop_caches: 3
[1301005.601956] tee (743380): drop_caches: 3
[1301011.169480] tee (743389): drop_caches: 3
[1301016.267427] tee (743399): drop_caches: 3
[1301020.778550] tee (743406): drop_caches: 3
[1301025.646450] tee (743422): drop_caches: 3
[1301030.571353] tee (743426): drop_caches: 3
[1301035.566210] tee (743439): drop_caches: 3
[1301040.547480] tee (743443): drop_caches: 3
[1301045.837234] tee (743452): drop_caches: 3
[1301050.874752] tee (743458): drop_caches: 3
[1301055.864306] tee (743470): drop_caches: 3
[1301060.820138] tee (743474): drop_caches: 3
[1301066.101388] tee (743480): drop_caches: 3
[1301071.079827] tee (743484): drop_caches: 3
[1301076.571017] tee (743493): drop_caches: 3
[1301081.768769] tee (743499): drop_caches: 3
[1301086.567316] tee (743559): drop_caches: 3
[1301093.054083] tee (743586): drop_caches: 3
[1301100.011846] tee (743592): drop_caches: 3
[1301106.753774] tee (743603): drop_caches: 3
[1301112.313892] tee (743645): drop_caches: 3
[1301117.011911] tee (743652): drop_caches: 3
[1301121.935057] tee (743663): drop_caches: 3
[1301126.985397] tee (743669): drop_caches: 3
[1301132.009204] tee (743673): drop_caches: 3
[1301137.083658] tee (743682): drop_caches: 3
[1301141.995941] tee (743693): drop_caches: 3
[1301146.374981] tee (743700): drop_caches: 3
[1301151.407801] tee (743711): drop_caches: 3
[1301156.298105] tee (743717): drop_caches: 3
[1301161.267090] tee (743721): drop_caches: 3
[1301166.272521] tee (743730): drop_caches: 3
[1301171.174888] tee (743735): drop_caches: 3
[1301175.549433] tee (743749): drop_caches: 3
[1301180.516315] tee (743753): drop_caches: 3
[1301185.432562] tee (743759): drop_caches: 3
[1301190.426932] tee (743763): drop_caches: 3
[1301195.451803] tee (743772): drop_caches: 3
[1301200.375637] tee (743776): drop_caches: 3
[1301205.264156] tee (743780): drop_caches: 3
[1301209.691382] tee (743787): drop_caches: 3
[1301214.684024] tee (743791): drop_caches: 3
[1301219.617919] tee (743795): drop_caches: 3
[1301224.531046] tee (743799): drop_caches: 3
[1301229.920472] tee (743808): drop_caches: 3
[1301234.825919] tee (743812): drop_caches: 3
[1301239.061103] tee (743819): drop_caches: 3
[1301244.091042] tee (743830): drop_caches: 3
[1301249.509881] tee (743842): drop_caches: 3
[1301254.506925] tee (743848): drop_caches: 3
[1301259.499896] tee (743857): drop_caches: 3
[1301264.327946] tee (743861): drop_caches: 3
[1301268.638979] tee (743868): drop_caches: 3
[1301273.904424] tee (743879): drop_caches: 3
[1301279.148366] tee (743890): drop_caches: 3
[1301284.060272] tee (743894): drop_caches: 3
[1301289.072285] tee (743903): drop_caches: 3
[1301293.780648] tee (743907): drop_caches: 3
[1301298.748149] tee (743912): drop_caches: 3
[1301303.101851] tee (743928): drop_caches: 3
[1301308.162648] tee (743940): drop_caches: 3
[1301313.115952] tee (743949): drop_caches: 3
[1301318.117625] tee (743958): drop_caches: 3
[1301323.019675] tee (743963): drop_caches: 3
[1301327.967169] tee (743967): drop_caches: 3
[1301332.288216] tee (743974): drop_caches: 3
[1301337.279539] tee (743985): drop_caches: 3
[1301342.290360] tee (743990): drop_caches: 3
[1301347.684355] tee (743999): drop_caches: 3
[1301352.590075] tee (744003): drop_caches: 3
[1301357.482052] tee (744007): drop_caches: 3
[1301361.800487] tee (744015): drop_caches: 3
[1301366.848464] tee (744027): drop_caches: 3
[1301371.831295] tee (744031): drop_caches: 3
[1301376.770747] tee (744035): drop_caches: 3
[1301381.785927] tee (744044): drop_caches: 3
[1301386.445132] tee (744051): drop_caches: 3
[1301391.093026] tee (744055): drop_caches: 3
[1301395.406113] tee (744069): drop_caches: 3
[1301400.372596] tee (744076): drop_caches: 3
[1301405.329523] tee (744080): drop_caches: 3
[1301410.307468] tee (744091): drop_caches: 3
[1301415.180052] tee (744095): drop_caches: 3
[1301420.142061] tee (744099): drop_caches: 3
[1301424.562797] tee (744115): drop_caches: 3
[1301429.750863] tee (744126): drop_caches: 3
[1301434.815053] tee (744130): drop_caches: 3
[1301439.880277] tee (744139): drop_caches: 3
[1301444.717695] tee (744143): drop_caches: 3
[1301449.608815] tee (744147): drop_caches: 3
[1301454.768638] tee (744160): drop_caches: 3
[1301460.102773] tee (744174): drop_caches: 3
[1301465.231506] tee (744178): drop_caches: 3
[1301470.322954] tee (744187): drop_caches: 3
[1301475.220080] tee (744191): drop_caches: 3
[1301480.019565] tee (744195): drop_caches: 3
[1301484.923459] tee (744199): drop_caches: 3
[1301489.255390] tee (744206): drop_caches: 3
[1301494.314338] tee (744210): drop_caches: 3
[1301499.624973] tee (744219): drop_caches: 3
[1301505.005341] tee (744233): drop_caches: 3
[1301511.893889] tee (744252): drop_caches: 3
[1301517.675006] tee (744267): drop_caches: 3
[1301523.860646] tee (744272): drop_caches: 3
[1301530.089720] tee (744281): drop_caches: 3
[1301536.052857] tee (744285): drop_caches: 3
[1301541.786183] tee (744296): drop_caches: 3
[1301547.983112] tee (744300): drop_caches: 3
[1301552.926355] tee (744307): drop_caches: 3
[1301558.918192] tee (744313): drop_caches: 3
[1301564.996128] tee (744322): drop_caches: 3
[1301570.366219] tee (744330): drop_caches: 3
[1301577.077400] tee (744348): drop_caches: 3
[1301582.822991] tee (744353): drop_caches: 3
[1301588.648822] tee (744359): drop_caches: 3
[1301594.442183] tee (744368): drop_caches: 3
[1301600.509379] tee (744372): drop_caches: 3
[1301606.748477] tee (744393): drop_caches: 3
[1301612.535067] tee (744402): drop_caches: 3
[1301616.921577] tee (744410): drop_caches: 3
[1301622.100238] tee (744419): drop_caches: 3
[1301627.051181] tee (744423): drop_caches: 3
[1301632.026121] tee (744434): drop_caches: 3
[1301637.001593] tee (744445): drop_caches: 3
[1301641.918574] tee (744450): drop_caches: 3
[1301646.245379] tee (744457): drop_caches: 3
[1301652.024880] tee (744467): drop_caches: 3
[1301657.123445] tee (744471): drop_caches: 3
[1301662.129508] tee (744484): drop_caches: 3
[1301667.129813] tee (744495): drop_caches: 3
[1301672.152527] tee (744499): drop_caches: 3
[1301677.332394] tee (744505): drop_caches: 3
[1301682.717055] tee (744515): drop_caches: 3
[1301687.543241] tee (744566): drop_caches: 3
[1301693.672335] tee (744594): drop_caches: 3
[1301700.597684] tee (744607): drop_caches: 3
[1301707.591124] tee (744618): drop_caches: 3
[1301712.434978] tee (744654): drop_caches: 3
[1301718.019608] tee (744659): drop_caches: 3
[1301723.117616] tee (744672): drop_caches: 3
[1301728.259346] tee (744683): drop_caches: 3
[1301733.461773] tee (744687): drop_caches: 3
[1301739.004545] tee (744692): drop_caches: 3
[1301743.470307] tee (744704): drop_caches: 3
[1301748.602602] tee (744708): drop_caches: 3
[1301753.634796] tee (744721): drop_caches: 3
[1301758.682393] tee (744732): drop_caches: 3
[1301763.766910] tee (744736): drop_caches: 3
[1301768.857330] tee (744740): drop_caches: 3
[1301773.376105] tee (744753): drop_caches: 3
[1301778.376800] tee (744757): drop_caches: 3
[1301783.259438] tee (744768): drop_caches: 3
[1301788.173855] tee (744773): drop_caches: 3
[1301793.100748] tee (744777): drop_caches: 3
[1301798.114033] tee (744781): drop_caches: 3
[1301803.212304] tee (744792): drop_caches: 3
[1301808.367358] tee (744797): drop_caches: 3
[1301813.316869] tee (744801): drop_caches: 3
[1301818.225084] tee (744805): drop_caches: 3
[1301823.160558] tee (744809): drop_caches: 3
[1301828.134921] tee (744815): drop_caches: 3
[1301833.682989] tee (744824): drop_caches: 3
[1301838.533268] tee (744831): drop_caches: 3
[1301843.573662] tee (744842): drop_caches: 3
[1301848.507015] tee (744853): drop_caches: 3
[1301853.387524] tee (744857): drop_caches: 3
[1301858.565873] tee (744867): drop_caches: 3
[1301863.924515] tee (744889): drop_caches: 3
[1301868.373949] tee (744897): drop_caches: 3
[1301873.357144] tee (744902): drop_caches: 3
[1301878.441910] tee (744913): drop_caches: 3
[1301883.292867] tee (744917): drop_caches: 3
[1301888.121947] tee (744921): drop_caches: 3
[1301893.391894] tee (744927): drop_caches: 3
[1301897.718561] tee (744939): drop_caches: 3
[1301902.618370] tee (744943): drop_caches: 3
[1301907.568536] tee (744949): drop_caches: 3
[1301912.548494] tee (744953): drop_caches: 3
[1301917.493887] tee (744962): drop_caches: 3
[1301922.878091] tee (744966): drop_caches: 3
[1301928.170478] tee (744978): drop_caches: 3
[1301933.346850] tee (744983): drop_caches: 3
[1301938.317365] tee (744994): drop_caches: 3
[1301943.290156] tee (744998): drop_caches: 3
[1301948.181690] tee (745002): drop_caches: 3
[1301953.499270] tee (745013): drop_caches: 3
[1301958.575210] tee (745022): drop_caches: 3
[1301962.944560] tee (745031): drop_caches: 3
[1301968.002911] tee (745042): drop_caches: 3
[1301972.888778] tee (745046): drop_caches: 3
[1301977.793873] tee (745050): drop_caches: 3
[1301982.878226] tee (745062): drop_caches: 3
[1301988.116421] tee (745073): drop_caches: 3
[1301992.445581] tee (745080): drop_caches: 3
[1301997.513619] tee (745091): drop_caches: 3
[1302002.387935] tee (745097): drop_caches: 3
[1302007.334268] tee (745103): drop_caches: 3
[1302012.239581] tee (745107): drop_caches: 3
[1302017.332360] tee (745116): drop_caches: 3
[1302021.814052] tee (745123): drop_caches: 3
[1302026.811556] tee (745136): drop_caches: 3
[1302031.711294] tee (745140): drop_caches: 3
[1302036.579248] tee (745144): drop_caches: 3
[1302041.443436] tee (745148): drop_caches: 3
[1302046.772516] tee (745157): drop_caches: 3
[1302051.891916] tee (745163): drop_caches: 3
[1302056.961351] tee (745175): drop_caches: 3
[1302061.967057] tee (745188): drop_caches: 3
[1302066.917912] tee (745192): drop_caches: 3
[1302071.827528] tee (745196): drop_caches: 3
[1302077.137421] tee (745205): drop_caches: 3
[1302082.198583] tee (745209): drop_caches: 3
[1302086.677463] tee (745223): drop_caches: 3
[1302091.817410] tee (745234): drop_caches: 3
[1302096.779424] tee (745238): drop_caches: 3
[1302101.760201] tee (745242): drop_caches: 3
[1302107.154899] tee (745248): drop_caches: 3
[1302112.297887] tee (745255): drop_caches: 3
[1302116.633763] tee (745271): drop_caches: 3
[1302121.722651] tee (745275): drop_caches: 3
[1302126.736219] tee (745279): drop_caches: 3
[1302131.617463] tee (745283): drop_caches: 3
[1302136.599591] tee (745287): drop_caches: 3
[1302141.855101] tee (745296): drop_caches: 3
[1302146.537137] tee (745310): drop_caches: 3
[1302151.552671] tee (745321): drop_caches: 3
[1302156.451615] tee (745327): drop_caches: 3
[1302161.541293] tee (745331): drop_caches: 3
[1302166.504304] tee (745336): drop_caches: 3
[1302171.519332] tee (745345): drop_caches: 3
[1302176.177468] tee (745357): drop_caches: 3
[1302181.255277] tee (745363): drop_caches: 3
[1302186.193187] tee (745374): drop_caches: 3
[1302191.151560] tee (745378): drop_caches: 3
[1302196.083064] tee (745382): drop_caches: 3
[1302201.154374] tee (745391): drop_caches: 3
[1302206.062199] tee (745402): drop_caches: 3
[1302210.583725] tee (745412): drop_caches: 3
[1302215.654503] tee (745422): drop_caches: 3
[1302220.627657] tee (745426): drop_caches: 3
[1302225.608078] tee (745430): drop_caches: 3
[1302230.766204] tee (745439): drop_caches: 3
[1302235.943639] tee (745450): drop_caches: 3
[1302240.299656] tee (745457): drop_caches: 3
[1302245.457239] tee (745468): drop_caches: 3
[1302250.416186] tee (745472): drop_caches: 3
[1302255.374915] tee (745476): drop_caches: 3
[1302260.417076] tee (745485): drop_caches: 3
[1302265.451147] tee (745498): drop_caches: 3
[1302269.842154] tee (745505): drop_caches: 3
[1302274.924991] tee (745516): drop_caches: 3
[1302279.739456] tee (745520): drop_caches: 3
[1302284.741590] tee (745538): drop_caches: 3
[1302292.133854] tee (745590): drop_caches: 3
[1302301.319470] tee (745649): drop_caches: 3
[1302311.770900] tee (745715): drop_caches: 3
[1302321.462086] tee (745772): drop_caches: 3
[1302328.263434] tee (745789): drop_caches: 3
[1302333.737093] tee (745812): drop_caches: 3
[1302338.524498] tee (745823): drop_caches: 3
[1302344.849358] tee (745851): drop_caches: 3
[1302352.399105] tee (745869): drop_caches: 3
[1302357.742308] tee (745873): drop_caches: 3
[1302362.696522] tee (745878): drop_caches: 3
[1302367.263702] tee (745885): drop_caches: 3
[1302372.345370] tee (745891): drop_caches: 3
[1302377.304520] tee (745895): drop_caches: 3
[1302382.447488] tee (745906): drop_caches: 3
[1302387.580076] tee (745912): drop_caches: 3
[1302392.445632] tee (745916): drop_caches: 3
[1302396.762235] tee (745922): drop_caches: 3
[1302402.000079] tee (745927): drop_caches: 3
[1302406.965425] tee (745931): drop_caches: 3
[1302411.873477] tee (745935): drop_caches: 3
[1302416.787691] tee (745944): drop_caches: 3
[1302421.683606] tee (745948): drop_caches: 3
[1302426.540374] tee (745959): drop_caches: 3
[1302430.889508] tee (745967): drop_caches: 3
[1302435.857134] tee (745972): drop_caches: 3
[1302440.836142] tee (745976): drop_caches: 3
[1302445.849868] tee (745985): drop_caches: 3
[1302450.681166] tee (745996): drop_caches: 3
[1302455.800535] tee (746010): drop_caches: 3
[1302460.103139] tee (746017): drop_caches: 3
[1302465.127718] tee (746021): drop_caches: 3
[1302470.180955] tee (746025): drop_caches: 3
[1302475.204590] tee (746034): drop_caches: 3
[1302480.046395] tee (746038): drop_caches: 3
[1302484.916201] tee (746042): drop_caches: 3
[1302489.866967] tee (746049): drop_caches: 3
[1302494.930418] tee (746054): drop_caches: 3
[1302499.843122] tee (746058): drop_caches: 3
[1302504.838479] tee (746067): drop_caches: 3
[1302509.732519] tee (746078): drop_caches: 3
[1302514.692764] tee (746089): drop_caches: 3
[1302519.475036] tee (746093): drop_caches: 3
[1302523.813150] tee (746100): drop_caches: 3
[1302528.906289] tee (746104): drop_caches: 3
[1302533.814858] tee (746108): drop_caches: 3
[1302538.811948] tee (746124): drop_caches: 3
[1302543.745663] tee (746129): drop_caches: 3
[1302548.590798] tee (746133): drop_caches: 3
[1302552.927959] tee (746140): drop_caches: 3
[1302557.910661] tee (746151): drop_caches: 3
[1302562.939808] tee (746156): drop_caches: 3
[1302568.024800] tee (746172): drop_caches: 3
[1302572.954396] tee (746176): drop_caches: 3
[1302578.971541] tee (746188): drop_caches: 3
[1302584.216540] tee (746213): drop_caches: 3
[1302590.070223] tee (746240): drop_caches: 3
[1302595.616966] tee (746259): drop_caches: 3
[1302600.599448] tee (746272): drop_caches: 3
[1302605.755340] tee (746276): drop_caches: 3
[1302610.773340] tee (746282): drop_caches: 3
[1302615.719195] tee (746288): drop_caches: 3
[1302620.011550] tee (746295): drop_caches: 3
[1302625.032655] tee (746301): drop_caches: 3
[1302629.988920] tee (746310): drop_caches: 3
[1302635.110256] tee (746314): drop_caches: 3
[1302640.066036] tee (746318): drop_caches: 3
[1302644.977112] tee (746322): drop_caches: 3
[1302649.379060] tee (746329): drop_caches: 3
[1302654.436934] tee (746340): drop_caches: 3
[1302659.479838] tee (746350): drop_caches: 3
[1302664.320765] tee (746354): drop_caches: 3
[1302669.210242] tee (746358): drop_caches: 3
[1302674.155634] tee (746362): drop_caches: 3
[1302678.498528] tee (746369): drop_caches: 3
[1302683.596153] tee (746380): drop_caches: 3
[1302688.671451] tee (746396): drop_caches: 3
[1302693.951540] tee (746400): drop_caches: 3
[1302698.871321] tee (746404): drop_caches: 3
[1302703.809288] tee (746409): drop_caches: 3
[1302708.963927] tee (746416): drop_caches: 3
[1302714.154022] tee (746430): drop_caches: 3
[1302719.234285] tee (746446): drop_caches: 3
[1302724.205715] tee (746450): drop_caches: 3
[1302729.290327] tee (746455): drop_caches: 3
[1302734.268801] tee (746459): drop_caches: 3
[1302739.254468] tee (746464): drop_caches: 3
[1302743.693673] tee (746478): drop_caches: 3
[1302748.915263] tee (746494): drop_caches: 3
[1302753.798526] tee (746498): drop_caches: 3
[1302758.705114] tee (746504): drop_caches: 3
[1302763.583587] tee (746509): drop_caches: 3
[1302768.509493] tee (746513): drop_caches: 3
[1302772.997711] tee (746520): drop_caches: 3
[1302778.111032] tee (746529): drop_caches: 3
[1302783.159667] tee (746533): drop_caches: 3
[1302788.130599] tee (746537): drop_caches: 3
[1302793.091278] tee (746541): drop_caches: 3
[1302798.028178] tee (746545): drop_caches: 3
[1302802.347242] tee (746552): drop_caches: 3
[1302807.660339] tee (746569): drop_caches: 3
[1302812.910114] tee (746579): drop_caches: 3
[1302817.891409] tee (746585): drop_caches: 3
[1302823.057750] tee (746596): drop_caches: 3
[1302827.916925] tee (746600): drop_caches: 3
[1302832.914957] tee (746604): drop_caches: 3
[1302838.081797] tee (746623): drop_caches: 3
[1302843.142436] tee (746627): drop_caches: 3
[1302848.108863] tee (746631): drop_caches: 3
[1302853.097819] tee (746642): drop_caches: 3
[1302857.999219] tee (746646): drop_caches: 3
[1302862.951952] tee (746652): drop_caches: 3
[1302867.333113] tee (746659): drop_caches: 3
[1302872.426975] tee (746668): drop_caches: 3
[1302877.314400] tee (746672): drop_caches: 3
[1302882.348594] tee (746677): drop_caches: 3
[1302887.459597] tee (746746): drop_caches: 3
[1302894.052450] tee (746763): drop_caches: 3
[1302899.415448] tee (746784): drop_caches: 3
[1302906.901038] tee (746790): drop_caches: 3
[1302912.666787] tee (746826): drop_caches: 3
[1302917.755984] tee (746830): drop_caches: 3
[1302922.797084] tee (746834): drop_caches: 3
[1302928.128180] tee (746849): drop_caches: 3
[1302933.311305] tee (746859): drop_caches: 3
[1302938.322419] tee (746871): drop_caches: 3
[1302943.474674] tee (746875): drop_caches: 3
[1302948.415892] tee (746879): drop_caches: 3
[1302953.455235] tee (746883): drop_caches: 3
[1302958.633090] tee (746896): drop_caches: 3
[1302963.502647] tee (746908): drop_caches: 3
[1302968.652291] tee (746913): drop_caches: 3
[1302973.605982] tee (746918): drop_caches: 3
[1302978.587171] tee (746922): drop_caches: 3
[1302983.549467] tee (746927): drop_caches: 3
[1302988.676283] tee (746932): drop_caches: 3
[1302993.029350] tee (746944): drop_caches: 3
[1302998.236310] tee (746948): drop_caches: 3
[1303003.275960] tee (746952): drop_caches: 3
[1303008.283324] tee (746956): drop_caches: 3
[1303013.232434] tee (746960): drop_caches: 3
[1303018.294403] tee (746964): drop_caches: 3
[1303057.981043] tee (747003): drop_caches: 3
[1303076.330674] mix-mixR-fixed37-739058 phase=B END
[1303076.337902] mix-mixR-fixed37-739058 phase=C START
[1304878.603361] mix-mixR-fixed37-739058 phase=C END
[1304878.716621] NVMeVirt: Measurement: command=stop epoch=1 host_bytes=886557904896 learner_active=0
[1304923.388993] EXT4-fs (nvme0n1): unmounting filesystem 8532153a-743d-4388-b1e6-7aa95532a883.
[1304923.731058] pci_bus 0001:10: busn_res: [bus 10-ff] is released
[1304923.731101] NVMeVirt: GC stats: ns=0 policy=cat-fig7-fixed host_pages=216444801 gc_pages=305202465 gc_count=8150738 WAF=2.410 warmup_gc=100-per-part
[1304923.803604] NVMeVirt: Virtual NVMe device closed
