[562872.683568] mix-mixX-fixed37-984465 BEGIN
[562872.708513] NVMeVirt: Version 1.10 for >> Samsung 970 Pro SSD <<
[562872.708521] NVMeVirt: Storage: 0x100100000-0x300000000 (8191 MiB)
[562872.727200] NVMeVirt: Total Capacity(GiB,MiB)=2,2048 chs=2 luns=4 lines=8192 blk-size(MiB,KiB)=0,64 line-size(MiB,KiB)=0,256
[562872.741913] NVMeVirt: [chmodel_init] bandwidth 800 max_credits 26 tx_time 152
[562872.756448] NVMeVirt: [chmodel_init] bandwidth 800 max_credits 26 tx_time 152
[562872.756466] NVMeVirt: [chmodel_init] bandwidth 3360 max_credits 110 tx_time 36
[562872.756469] NVMeVirt: Fixed CAT init ns=0 part=0 arm=37 k=7 scale_pct=100 age_ratio=7
[562872.757946] NVMeVirt: pqueue: Copyright (c) 2014, Volkan Yazıcı <volkan.yazici@gmail.com>. All rights reserved.
[562872.757979] NVMeVirt: Init FTL instance with 2 channels (524288 pages)
[562872.757981] NVMeVirt: GC victim policy: cat-fig7-fixed ns=0 part=0 initial_k=7 initial_scale_pct=100 initial_age_ratio=7 warmup_gc=100
[562872.772566] NVMeVirt: [chmodel_init] bandwidth 800 max_credits 26 tx_time 152
[562872.787135] NVMeVirt: [chmodel_init] bandwidth 800 max_credits 26 tx_time 152
[562872.787152] NVMeVirt: [chmodel_init] bandwidth 3360 max_credits 110 tx_time 36
[562872.787156] NVMeVirt: Fixed CAT init ns=0 part=1 arm=37 k=7 scale_pct=100 age_ratio=7
[562872.788637] NVMeVirt: Init FTL instance with 2 channels (524288 pages)
[562872.788640] NVMeVirt: GC victim policy: cat-fig7-fixed ns=0 part=1 initial_k=7 initial_scale_pct=100 initial_age_ratio=7 warmup_gc=100
[562872.803209] NVMeVirt: [chmodel_init] bandwidth 800 max_credits 26 tx_time 152
[562872.817761] NVMeVirt: [chmodel_init] bandwidth 800 max_credits 26 tx_time 152
[562872.817778] NVMeVirt: [chmodel_init] bandwidth 3360 max_credits 110 tx_time 36
[562872.817782] NVMeVirt: Fixed CAT init ns=0 part=2 arm=37 k=7 scale_pct=100 age_ratio=7
[562872.819281] NVMeVirt: Init FTL instance with 2 channels (524288 pages)
[562872.819284] NVMeVirt: GC victim policy: cat-fig7-fixed ns=0 part=2 initial_k=7 initial_scale_pct=100 initial_age_ratio=7 warmup_gc=100
[562872.833862] NVMeVirt: [chmodel_init] bandwidth 800 max_credits 26 tx_time 152
[562872.848248] NVMeVirt: [chmodel_init] bandwidth 800 max_credits 26 tx_time 152
[562872.848265] NVMeVirt: [chmodel_init] bandwidth 3360 max_credits 110 tx_time 36
[562872.848268] NVMeVirt: Fixed CAT init ns=0 part=3 arm=37 k=7 scale_pct=100 age_ratio=7
[562872.849779] NVMeVirt: Init FTL instance with 2 channels (524288 pages)
[562872.849782] NVMeVirt: GC victim policy: cat-fig7-fixed ns=0 part=3 initial_k=7 initial_scale_pct=100 initial_age_ratio=7 warmup_gc=100
[562872.849790] NVMeVirt: FTL physical space: 8588886016, logical space: 8026996276 (physical/logical * 100 = 107)
[562872.849793] NVMeVirt: ns 0/1: size 7655 MiB
[562872.849866] PCI host bridge to bus 0001:10
[562872.849869] pci_bus 0001:10: root bus resource [io  0x0000-0xffff]
[562872.849873] pci_bus 0001:10: root bus resource [mem 0x00000000-0x7ffffffffff]
[562872.849876] pci_bus 0001:10: root bus resource [bus 00-ff]
[562872.849888] pci 0001:10:00.0: [0c51:0110] type 00 class 0x010802 PCIe Endpoint
[562872.849894] pci 0001:10:00.0: BAR 0 [mem 0x100000000-0x100003fff 64bit]
[562872.849899] pci 0001:10:00.0: enabling Extended Tags
[562872.850117] NVMeVirt: Virtual PCI bus created (node 0)
[562872.850383] NVMeVirt: nvmev_io_worker_0 started on cpu 2 (node 0)
[562872.850396] NVMeVirt: nvmev_dispatcher started on cpu 1 (node 0)
[562872.850430] NVMeVirt: Virtual NVMe device created
[562872.850661] nvme nvme1: pci function 0001:10:00.0
[562872.854849] nvme nvme1: 12/0/0 default/read/poll queues
[562872.942208] EXT4-fs (nvme1n1): mounted filesystem 220cc7a7-185f-4cca-8548-492b8082bf04 r/w with ordered data mode. Quota mode: none.
[562954.978874] NVMeVirt: Fixed CAT init ns=0 part=0 arm=37 k=7 scale_pct=100 age_ratio=7
[562954.978881] NVMeVirt: Fixed CAT init ns=0 part=1 arm=37 k=7 scale_pct=100 age_ratio=7
[562954.978884] NVMeVirt: Fixed CAT init ns=0 part=2 arm=37 k=7 scale_pct=100 age_ratio=7
[562954.978887] NVMeVirt: Fixed CAT init ns=0 part=3 arm=37 k=7 scale_pct=100 age_ratio=7
[562954.978889] NVMeVirt: Measurement: command=start epoch=1 host_bytes=0 learner_active=1
[562954.987623] mix-mixX-fixed37-984465 phase=S01 START
[563015.304889] mix-mixX-fixed37-984465 phase=S01 END
[563015.318271] mix-mixX-fixed37-984465 phase=S02 START
[563078.272939] mix-mixX-fixed37-984465 phase=S02 chunk=1/1 done
[563078.896821] mix-mixX-fixed37-984465 phase=S02 END
[563078.910286] mix-mixX-fixed37-984465 phase=S03 START
[563112.255747] mix-mixX-fixed37-984465 phase=S03 chunk=1/2 done
[563145.515105] mix-mixX-fixed37-984465 phase=S03 chunk=2/2 done
[563145.556143] mix-mixX-fixed37-984465 phase=S03 END
[563145.563852] mix-mixX-fixed37-984465 phase=S04 START
[563205.891141] mix-mixX-fixed37-984465 phase=S04 END
[563205.910267] mix-mixX-fixed37-984465 phase=S05 START
[563239.218567] mix-mixX-fixed37-984465 phase=S05 chunk=1/2 done
[563271.601092] mix-mixX-fixed37-984465 phase=S05 chunk=2/2 done
[563271.642528] mix-mixX-fixed37-984465 phase=S05 END
[563271.655981] mix-mixX-fixed37-984465 phase=S06 START
[563334.622238] mix-mixX-fixed37-984465 phase=S06 chunk=1/1 done
[563335.240122] mix-mixX-fixed37-984465 phase=S06 END
[563335.247823] mix-mixX-fixed37-984465 phase=S07 START
[563395.569903] mix-mixX-fixed37-984465 phase=S07 END
[563395.583193] mix-mixX-fixed37-984465 phase=S08 START
[563458.539155] mix-mixX-fixed37-984465 phase=S08 chunk=1/1 done
[563459.162599] mix-mixX-fixed37-984465 phase=S08 END
[563459.176063] mix-mixX-fixed37-984465 phase=S09 START
[563492.602197] mix-mixX-fixed37-984465 phase=S09 chunk=1/2 done
[563525.852846] mix-mixX-fixed37-984465 phase=S09 chunk=2/2 done
[563525.893537] mix-mixX-fixed37-984465 phase=S09 END
[563525.901375] mix-mixX-fixed37-984465 phase=S10 START
[563586.221221] mix-mixX-fixed37-984465 phase=S10 END
[563586.240378] mix-mixX-fixed37-984465 phase=S11 START
[563619.572165] mix-mixX-fixed37-984465 phase=S11 chunk=1/2 done
[563652.820184] mix-mixX-fixed37-984465 phase=S11 chunk=2/2 done
[563652.864908] mix-mixX-fixed37-984465 phase=S11 END
[563652.878047] mix-mixX-fixed37-984465 phase=S12 START
[563715.839521] mix-mixX-fixed37-984465 phase=S12 chunk=1/1 done
[563716.457496] mix-mixX-fixed37-984465 phase=S12 END
[563716.465188] mix-mixX-fixed37-984465 phase=S13 START
[563776.780483] mix-mixX-fixed37-984465 phase=S13 END
[563776.793521] mix-mixX-fixed37-984465 phase=S14 START
[563839.729301] mix-mixX-fixed37-984465 phase=S14 chunk=1/1 done
[563840.349082] mix-mixX-fixed37-984465 phase=S14 END
[563840.362552] mix-mixX-fixed37-984465 phase=S15 START
[563873.684344] mix-mixX-fixed37-984465 phase=S15 chunk=1/2 done
[563906.922471] mix-mixX-fixed37-984465 phase=S15 chunk=2/2 done
[563906.965987] mix-mixX-fixed37-984465 phase=S15 END
[563906.973671] mix-mixX-fixed37-984465 phase=S16 START
[563967.288499] mix-mixX-fixed37-984465 phase=S16 END
[563967.307226] mix-mixX-fixed37-984465 phase=S17 START
[564000.624223] mix-mixX-fixed37-984465 phase=S17 chunk=1/2 done
[564033.873886] mix-mixX-fixed37-984465 phase=S17 chunk=2/2 done
[564033.916595] mix-mixX-fixed37-984465 phase=S17 END
[564033.930011] mix-mixX-fixed37-984465 phase=S18 START
[564096.872313] mix-mixX-fixed37-984465 phase=S18 chunk=1/1 done
[564097.491954] mix-mixX-fixed37-984465 phase=S18 END
[564097.500341] mix-mixX-fixed37-984465 phase=S19 START
[564157.826256] mix-mixX-fixed37-984465 phase=S19 END
[564157.845494] mix-mixX-fixed37-984465 phase=S20 START
[564220.799632] mix-mixX-fixed37-984465 phase=S20 chunk=1/1 done
[564221.434241] mix-mixX-fixed37-984465 phase=S20 END
[564221.447594] mix-mixX-fixed37-984465 phase=S21 START
[564254.922452] mix-mixX-fixed37-984465 phase=S21 chunk=1/2 done
[564288.190965] mix-mixX-fixed37-984465 phase=S21 chunk=2/2 done
[564288.226213] mix-mixX-fixed37-984465 phase=S21 END
[564288.233905] mix-mixX-fixed37-984465 phase=S22 START
[564348.556744] mix-mixX-fixed37-984465 phase=S22 END
[564348.575557] mix-mixX-fixed37-984465 phase=S23 START
[564381.879957] mix-mixX-fixed37-984465 phase=S23 chunk=1/2 done
[564415.300702] mix-mixX-fixed37-984465 phase=S23 chunk=2/2 done
[564415.342003] mix-mixX-fixed37-984465 phase=S23 END
[564415.355407] mix-mixX-fixed37-984465 phase=S24 START
[564478.310645] mix-mixX-fixed37-984465 phase=S24 chunk=1/1 done
[564478.923508] mix-mixX-fixed37-984465 phase=S24 END
[564478.931423] mix-mixX-fixed37-984465 phase=S25 START
[564539.242781] mix-mixX-fixed37-984465 phase=S25 END
[564539.261506] mix-mixX-fixed37-984465 phase=S26 START
[564602.215020] mix-mixX-fixed37-984465 phase=S26 chunk=1/1 done
[564602.840003] mix-mixX-fixed37-984465 phase=S26 END
[564602.853430] mix-mixX-fixed37-984465 phase=S27 START
[564636.273532] mix-mixX-fixed37-984465 phase=S27 chunk=1/2 done
[564668.625268] mix-mixX-fixed37-984465 phase=S27 chunk=2/2 done
[564668.666199] mix-mixX-fixed37-984465 phase=S27 END
[564668.674204] mix-mixX-fixed37-984465 phase=S28 START
[564729.006124] mix-mixX-fixed37-984465 phase=S28 END
[564729.019322] mix-mixX-fixed37-984465 phase=S29 START
[564762.358552] mix-mixX-fixed37-984465 phase=S29 chunk=1/2 done
[564795.750615] mix-mixX-fixed37-984465 phase=S29 chunk=2/2 done
[564795.791451] mix-mixX-fixed37-984465 phase=S29 END
[564795.804760] mix-mixX-fixed37-984465 phase=S30 START
[564858.761736] mix-mixX-fixed37-984465 phase=S30 chunk=1/1 done
[564859.374089] mix-mixX-fixed37-984465 phase=S30 END
[564859.381037] NVMeVirt: Measurement: command=stop epoch=1 host_bytes=403431591936 learner_active=0
[564859.634718] EXT4-fs (nvme1n1): unmounting filesystem 220cc7a7-185f-4cca-8548-492b8082bf04.
[564859.745381] pci_bus 0001:10: busn_res: [bus 10-ff] is released
[564859.745504] NVMeVirt: GC stats: ns=0 policy=cat-fig7-fixed host_pages=98494041 gc_pages=333221247 gc_count=6745551 WAF=4.383 warmup_gc=100-per-part
[564859.861035] NVMeVirt: Virtual NVMe device closed
