[328993.066075] measured-cat-07-383985
[328993.077330] NVMeVirt: Version 1.10 for >> Samsung 970 Pro SSD <<
[328993.077336] NVMeVirt: Storage: 0x100100000-0x300000000 (8191 MiB)
[328993.088468] NVMeVirt: Total Capacity(GiB,MiB)=2,2048 chs=2 luns=4 lines=8192 blk-size(MiB,KiB)=0,64 line-size(MiB,KiB)=0,256
[328993.100524] NVMeVirt: [chmodel_init] bandwidth 800 max_credits 26 tx_time 152
[328993.110560] NVMeVirt: [chmodel_init] bandwidth 800 max_credits 26 tx_time 152
[328993.110575] NVMeVirt: [chmodel_init] bandwidth 3360 max_credits 110 tx_time 36
[328993.111531] NVMeVirt: pqueue: Copyright (c) 2014, Volkan Yazıcı <volkan.yazici@gmail.com>. All rights reserved.
[328993.111602] NVMeVirt: Init FTL instance with 2 channels (524288 pages)
[328993.111605] NVMeVirt: GC victim policy: cat-fig7 scale_pct=400 age_ratio=16
[328993.121605] NVMeVirt: [chmodel_init] bandwidth 800 max_credits 26 tx_time 152
[328993.133493] NVMeVirt: [chmodel_init] bandwidth 800 max_credits 26 tx_time 152
[328993.133510] NVMeVirt: [chmodel_init] bandwidth 3360 max_credits 110 tx_time 36
[328993.134468] NVMeVirt: Init FTL instance with 2 channels (524288 pages)
[328993.134471] NVMeVirt: GC victim policy: cat-fig7 scale_pct=400 age_ratio=16
[328993.144851] NVMeVirt: [chmodel_init] bandwidth 800 max_credits 26 tx_time 152
[328993.155432] NVMeVirt: [chmodel_init] bandwidth 800 max_credits 26 tx_time 152
[328993.155447] NVMeVirt: [chmodel_init] bandwidth 3360 max_credits 110 tx_time 36
[328993.156594] NVMeVirt: Init FTL instance with 2 channels (524288 pages)
[328993.156600] NVMeVirt: GC victim policy: cat-fig7 scale_pct=400 age_ratio=16
[328993.168951] NVMeVirt: [chmodel_init] bandwidth 800 max_credits 26 tx_time 152
[328993.179083] NVMeVirt: [chmodel_init] bandwidth 800 max_credits 26 tx_time 152
[328993.179096] NVMeVirt: [chmodel_init] bandwidth 3360 max_credits 110 tx_time 36
[328993.180114] NVMeVirt: Init FTL instance with 2 channels (524288 pages)
[328993.180116] NVMeVirt: GC victim policy: cat-fig7 scale_pct=400 age_ratio=16
[328993.180122] NVMeVirt: FTL physical space: 8588886016, logical space: 8026996276 (physical/logical * 100 = 107)
[328993.180124] NVMeVirt: ns 0/1: size 7655 MiB
[328993.180171] PCI host bridge to bus 0001:10
[328993.180174] pci_bus 0001:10: root bus resource [io  0x0000-0xffff]
[328993.180176] pci_bus 0001:10: root bus resource [mem 0x00000000-0x7fffffffff]
[328993.180178] pci_bus 0001:10: root bus resource [bus 00-ff]
[328993.180186] pci 0001:10:00.0: [0c51:0110] type 00 class 0x010802 PCIe Endpoint
[328993.180190] pci 0001:10:00.0: BAR 0 [mem 0x100000000-0x100003fff 64bit]
[328993.180192] pci 0001:10:00.0: enabling Extended Tags
[328993.180312] NVMeVirt: Virtual PCI bus created (node 0)
[328993.180538] NVMeVirt: nvmev_io_worker_0 started on cpu 2 (node 0)
[328993.180567] NVMeVirt: nvmev_dispatcher started on cpu 1 (node 0)
[328993.180609] NVMeVirt: Virtual NVMe device created
[328993.180792] nvme nvme0: pci function 0001:10:00.0
[328993.183241] nvme nvme0: 8/0/0 default/read/poll queues
[328993.266426] EXT4-fs (nvme0n1): mounted filesystem 2cfccac9-89fb-4893-bb88-59088ab40071 r/w with ordered data mode. Quota mode: none.
[329075.295933] NVMeVirt: Measurement: command=start epoch=1 host_bytes=0 host_pages=0 gc_pages=0
[329101.768026] NVMeVirt: GC window: seq=0 host_pages=262144 gc_pages=233813 WAF=1.891 cum_host=262144 cum_gc=233813
[329127.981105] NVMeVirt: GC window: seq=1 host_pages=262144 gc_pages=221969 WAF=1.846 cum_host=524288 cum_gc=455782
[329154.193931] NVMeVirt: GC window: seq=2 host_pages=262144 gc_pages=121941 WAF=1.465 cum_host=786432 cum_gc=577723
[329180.406764] NVMeVirt: GC window: seq=3 host_pages=262144 gc_pages=170715 WAF=1.651 cum_host=1048576 cum_gc=748438
[329206.619844] NVMeVirt: GC window: seq=4 host_pages=262144 gc_pages=256651 WAF=1.979 cum_host=1310720 cum_gc=1005089
[329232.832671] NVMeVirt: GC window: seq=5 host_pages=262144 gc_pages=250507 WAF=1.955 cum_host=1572864 cum_gc=1255596
[329259.045750] NVMeVirt: GC window: seq=6 host_pages=262144 gc_pages=183395 WAF=1.699 cum_host=1835008 cum_gc=1438991
[329285.258582] NVMeVirt: GC window: seq=7 host_pages=262144 gc_pages=122182 WAF=1.466 cum_host=2097152 cum_gc=1561173
[329311.471410] NVMeVirt: GC window: seq=8 host_pages=262144 gc_pages=182359 WAF=1.695 cum_host=2359296 cum_gc=1743532
[329337.684488] NVMeVirt: GC window: seq=9 host_pages=262144 gc_pages=199147 WAF=1.759 cum_host=2621440 cum_gc=1942679
[329363.897318] NVMeVirt: GC window: seq=10 host_pages=262144 gc_pages=189512 WAF=1.722 cum_host=2883584 cum_gc=2132191
[329390.110400] NVMeVirt: GC window: seq=11 host_pages=262144 gc_pages=155499 WAF=1.593 cum_host=3145728 cum_gc=2287690
[329416.323231] NVMeVirt: GC window: seq=12 host_pages=262144 gc_pages=116111 WAF=1.442 cum_host=3407872 cum_gc=2403801
[329442.536020] NVMeVirt: GC window: seq=13 host_pages=262144 gc_pages=169765 WAF=1.647 cum_host=3670016 cum_gc=2573566
[329468.749136] NVMeVirt: GC window: seq=14 host_pages=262144 gc_pages=170375 WAF=1.649 cum_host=3932160 cum_gc=2743941
[329494.961927] NVMeVirt: GC window: seq=15 host_pages=262144 gc_pages=152231 WAF=1.580 cum_host=4194304 cum_gc=2896172
[329521.175045] NVMeVirt: GC window: seq=16 host_pages=262144 gc_pages=113191 WAF=1.431 cum_host=4456448 cum_gc=3009363
[329547.387837] NVMeVirt: GC window: seq=17 host_pages=262144 gc_pages=109421 WAF=1.417 cum_host=4718592 cum_gc=3118784
[329573.600718] NVMeVirt: GC window: seq=18 host_pages=262144 gc_pages=133281 WAF=1.508 cum_host=4980736 cum_gc=3252065
[329599.813748] NVMeVirt: GC window: seq=19 host_pages=262144 gc_pages=136022 WAF=1.518 cum_host=5242880 cum_gc=3388087
[329626.026489] NVMeVirt: GC window: seq=20 host_pages=262144 gc_pages=119457 WAF=1.455 cum_host=5505024 cum_gc=3507544
[329652.239659] NVMeVirt: GC window: seq=21 host_pages=262144 gc_pages=87507 WAF=1.333 cum_host=5767168 cum_gc=3595051
[329675.603474] NVMeVirt: Measurement: command=stop epoch=1 host_bytes=24577589248 host_pages=6000388 gc_pages=3679634
[329675.632088] EXT4-fs (nvme0n1): unmounting filesystem 2cfccac9-89fb-4893-bb88-59088ab40071.
[329675.695881] pci_bus 0001:10: busn_res: [bus 10-ff] is released
[329675.695964] NVMeVirt: GC stats: policy=cat-fig7 age_mode=create host_pages=6000388 gc_pages=3679634 gc_count=151251 WAF=1.613 scale_pct=400 age_ratio=16
[329675.695969] NVMeVirt: GC victim hist: level=0 count=43
[329675.695971] NVMeVirt: GC victim hist: level=1 count=28
[329675.695972] NVMeVirt: GC victim hist: level=2 count=39405
[329675.695974] NVMeVirt: GC victim hist: level=3 count=54452
[329675.695975] NVMeVirt: GC victim hist: level=4 count=21820
[329675.695976] NVMeVirt: GC victim hist: level=5 count=34984
[329675.695977] NVMeVirt: GC victim hist: level=6 count=519
[329675.695978] NVMeVirt: GC victim mean: victims=151251 vpc=24.32 age_ms=101976
[329675.754450] NVMeVirt: Virtual NVMe device closed
