[767957.222430] mix-mixC-arm58-3995027 BEGIN
[767957.235663] NVMeVirt: Version 1.10 for >> Samsung 970 Pro SSD <<
[767957.235669] NVMeVirt: Storage: 0x100100000-0x300000000 (8191 MiB)
[767957.246955] NVMeVirt: Total Capacity(GiB,MiB)=2,2048 chs=2 luns=4 lines=8192 blk-size(MiB,KiB)=0,64 line-size(MiB,KiB)=0,256
[767957.259008] NVMeVirt: [chmodel_init] bandwidth 800 max_credits 26 tx_time 152
[767957.270605] NVMeVirt: [chmodel_init] bandwidth 800 max_credits 26 tx_time 152
[767957.270619] NVMeVirt: [chmodel_init] bandwidth 3360 max_credits 110 tx_time 36
[767957.270621] NVMeVirt: Fixed CAT init ns=0 part=0 arm=58 k=10 scale_pct=400 age_ratio=7
[767957.271528] NVMeVirt: pqueue: Copyright (c) 2014, Volkan Yazıcı <volkan.yazici@gmail.com>. All rights reserved.
[767957.271567] NVMeVirt: Init FTL instance with 2 channels (524288 pages)
[767957.271569] NVMeVirt: GC victim policy: cat-fig7-fixed ns=0 part=0 initial_k=10 initial_scale_pct=400 initial_age_ratio=7 warmup_gc=100
[767957.282507] NVMeVirt: [chmodel_init] bandwidth 800 max_credits 26 tx_time 152
[767957.293563] NVMeVirt: [chmodel_init] bandwidth 800 max_credits 26 tx_time 152
[767957.293583] NVMeVirt: [chmodel_init] bandwidth 3360 max_credits 110 tx_time 36
[767957.293586] NVMeVirt: Fixed CAT init ns=0 part=1 arm=58 k=10 scale_pct=400 age_ratio=7
[767957.294967] NVMeVirt: Init FTL instance with 2 channels (524288 pages)
[767957.294972] NVMeVirt: GC victim policy: cat-fig7-fixed ns=0 part=1 initial_k=10 initial_scale_pct=400 initial_age_ratio=7 warmup_gc=100
[767957.306024] NVMeVirt: [chmodel_init] bandwidth 800 max_credits 26 tx_time 152
[767957.316603] NVMeVirt: [chmodel_init] bandwidth 800 max_credits 26 tx_time 152
[767957.316618] NVMeVirt: [chmodel_init] bandwidth 3360 max_credits 110 tx_time 36
[767957.316620] NVMeVirt: Fixed CAT init ns=0 part=2 arm=58 k=10 scale_pct=400 age_ratio=7
[767957.317565] NVMeVirt: Init FTL instance with 2 channels (524288 pages)
[767957.317567] NVMeVirt: GC victim policy: cat-fig7-fixed ns=0 part=2 initial_k=10 initial_scale_pct=400 initial_age_ratio=7 warmup_gc=100
[767957.328309] NVMeVirt: [chmodel_init] bandwidth 800 max_credits 26 tx_time 152
[767957.339234] NVMeVirt: [chmodel_init] bandwidth 800 max_credits 26 tx_time 152
[767957.339248] NVMeVirt: [chmodel_init] bandwidth 3360 max_credits 110 tx_time 36
[767957.339250] NVMeVirt: Fixed CAT init ns=0 part=3 arm=58 k=10 scale_pct=400 age_ratio=7
[767957.340256] NVMeVirt: Init FTL instance with 2 channels (524288 pages)
[767957.340259] NVMeVirt: GC victim policy: cat-fig7-fixed ns=0 part=3 initial_k=10 initial_scale_pct=400 initial_age_ratio=7 warmup_gc=100
[767957.340265] NVMeVirt: FTL physical space: 8588886016, logical space: 8026996276 (physical/logical * 100 = 107)
[767957.340267] NVMeVirt: ns 0/1: size 7655 MiB
[767957.340344] PCI host bridge to bus 0001:10
[767957.340346] pci_bus 0001:10: root bus resource [io  0x0000-0xffff]
[767957.340349] pci_bus 0001:10: root bus resource [mem 0x00000000-0x7fffffffff]
[767957.340351] pci_bus 0001:10: root bus resource [bus 00-ff]
[767957.340360] pci 0001:10:00.0: [0c51:0110] type 00 class 0x010802 PCIe Endpoint
[767957.340364] pci 0001:10:00.0: BAR 0 [mem 0x100000000-0x100003fff 64bit]
[767957.340367] pci 0001:10:00.0: enabling Extended Tags
[767957.340525] NVMeVirt: Virtual PCI bus created (node 0)
[767957.340913] NVMeVirt: nvmev_dispatcher started on cpu 1 (node 0)
[767957.340947] NVMeVirt: Virtual NVMe device created
[767957.341208] nvme nvme0: pci function 0001:10:00.0
[767957.342006] NVMeVirt: nvmev_io_worker_0 started on cpu 2 (node 0)
[767957.344829] nvme nvme0: 8/0/0 default/read/poll queues
[767957.417964] EXT4-fs (nvme0n1): mounted filesystem 8dcce276-25d2-44dc-8d99-26e47b81f02a r/w with ordered data mode. Quota mode: none.
[768039.435111] NVMeVirt: Fixed CAT init ns=0 part=0 arm=58 k=10 scale_pct=400 age_ratio=7
[768039.435118] NVMeVirt: Fixed CAT init ns=0 part=1 arm=58 k=10 scale_pct=400 age_ratio=7
[768039.435119] NVMeVirt: Fixed CAT init ns=0 part=2 arm=58 k=10 scale_pct=400 age_ratio=7
[768039.435121] NVMeVirt: Fixed CAT init ns=0 part=3 arm=58 k=10 scale_pct=400 age_ratio=7
[768039.435123] NVMeVirt: Measurement: command=start epoch=1 host_bytes=0 learner_active=1
[768039.442873] mix-mixC-arm58-3995027 phase=A START
[768639.762227] mix-mixC-arm58-3995027 phase=A END
[768639.769718] mix-mixC-arm58-3995027 phase=B START
[769240.088951] mix-mixC-arm58-3995027 phase=B END
[769240.092012] NVMeVirt: Measurement: command=stop epoch=1 host_bytes=122932600832 learner_active=0
[769240.145060] EXT4-fs (nvme0n1): unmounting filesystem 8dcce276-25d2-44dc-8d99-26e47b81f02a.
[769240.197133] pci_bus 0001:10: busn_res: [bus 10-ff] is released
[769240.197219] NVMeVirt: GC stats: ns=0 policy=cat-fig7-fixed host_pages=30012842 gc_pages=32810247 gc_count=981611 WAF=2.093 warmup_gc=100-per-part
[769240.283687] NVMeVirt: Virtual NVMe device closed
