[554803.009391] mix-mixA-fixed50-3814612 BEGIN
[554803.042541] NVMeVirt: Version 1.10 for >> Samsung 970 Pro SSD <<
[554803.042548] NVMeVirt: Storage: 0x100100000-0x300000000 (8191 MiB)
[554803.053670] NVMeVirt: Total Capacity(GiB,MiB)=2,2048 chs=2 luns=4 lines=8192 blk-size(MiB,KiB)=0,64 line-size(MiB,KiB)=0,256
[554803.064875] NVMeVirt: [chmodel_init] bandwidth 800 max_credits 26 tx_time 152
[554803.075703] NVMeVirt: [chmodel_init] bandwidth 800 max_credits 26 tx_time 152
[554803.075716] NVMeVirt: [chmodel_init] bandwidth 3360 max_credits 110 tx_time 36
[554803.075719] NVMeVirt: Fixed CAT init ns=0 part=0 arm=50 k=10 scale_pct=50 age_ratio=16
[554803.076564] NVMeVirt: pqueue: Copyright (c) 2014, Volkan Yazıcı <volkan.yazici@gmail.com>. All rights reserved.
[554803.076611] NVMeVirt: Init FTL instance with 2 channels (524288 pages)
[554803.076612] NVMeVirt: GC victim policy: cat-fig7-fixed ns=0 part=0 initial_k=10 initial_scale_pct=50 initial_age_ratio=16 warmup_gc=100
[554803.087019] NVMeVirt: [chmodel_init] bandwidth 800 max_credits 26 tx_time 152
[554803.097493] NVMeVirt: [chmodel_init] bandwidth 800 max_credits 26 tx_time 152
[554803.097506] NVMeVirt: [chmodel_init] bandwidth 3360 max_credits 110 tx_time 36
[554803.097509] NVMeVirt: Fixed CAT init ns=0 part=1 arm=50 k=10 scale_pct=50 age_ratio=16
[554803.098544] NVMeVirt: Init FTL instance with 2 channels (524288 pages)
[554803.098547] NVMeVirt: GC victim policy: cat-fig7-fixed ns=0 part=1 initial_k=10 initial_scale_pct=50 initial_age_ratio=16 warmup_gc=100
[554803.109136] NVMeVirt: [chmodel_init] bandwidth 800 max_credits 26 tx_time 152
[554803.119625] NVMeVirt: [chmodel_init] bandwidth 800 max_credits 26 tx_time 152
[554803.119641] NVMeVirt: [chmodel_init] bandwidth 3360 max_credits 110 tx_time 36
[554803.119644] NVMeVirt: Fixed CAT init ns=0 part=2 arm=50 k=10 scale_pct=50 age_ratio=16
[554803.120759] NVMeVirt: Init FTL instance with 2 channels (524288 pages)
[554803.120762] NVMeVirt: GC victim policy: cat-fig7-fixed ns=0 part=2 initial_k=10 initial_scale_pct=50 initial_age_ratio=16 warmup_gc=100
[554803.131219] NVMeVirt: [chmodel_init] bandwidth 800 max_credits 26 tx_time 152
[554803.141786] NVMeVirt: [chmodel_init] bandwidth 800 max_credits 26 tx_time 152
[554803.141799] NVMeVirt: [chmodel_init] bandwidth 3360 max_credits 110 tx_time 36
[554803.141801] NVMeVirt: Fixed CAT init ns=0 part=3 arm=50 k=10 scale_pct=50 age_ratio=16
[554803.142838] NVMeVirt: Init FTL instance with 2 channels (524288 pages)
[554803.142841] NVMeVirt: GC victim policy: cat-fig7-fixed ns=0 part=3 initial_k=10 initial_scale_pct=50 initial_age_ratio=16 warmup_gc=100
[554803.142847] NVMeVirt: FTL physical space: 8588886016, logical space: 8026996276 (physical/logical * 100 = 107)
[554803.142849] NVMeVirt: ns 0/1: size 7655 MiB
[554803.142910] PCI host bridge to bus 0001:10
[554803.142913] pci_bus 0001:10: root bus resource [io  0x0000-0xffff]
[554803.142915] pci_bus 0001:10: root bus resource [mem 0x00000000-0x7fffffffff]
[554803.142918] pci_bus 0001:10: root bus resource [bus 00-ff]
[554803.142939] pci 0001:10:00.0: [0c51:0110] type 00 class 0x010802 PCIe Endpoint
[554803.142944] pci 0001:10:00.0: BAR 0 [mem 0x100000000-0x100003fff 64bit]
[554803.142946] pci 0001:10:00.0: enabling Extended Tags
[554803.143068] NVMeVirt: Virtual PCI bus created (node 0)
[554803.143320] NVMeVirt: nvmev_io_worker_0 started on cpu 2 (node 0)
[554803.143426] NVMeVirt: nvmev_dispatcher started on cpu 1 (node 0)
[554803.143452] NVMeVirt: Virtual NVMe device created
[554803.143583] nvme nvme0: pci function 0001:10:00.0
[554803.146259] nvme nvme0: 8/0/0 default/read/poll queues
[554803.838232] EXT4-fs (nvme0n1): mounted filesystem ea32434f-4067-4cbd-bb0a-2e362212f868 r/w with ordered data mode. Quota mode: none.
[554885.966497] NVMeVirt: Fixed CAT init ns=0 part=0 arm=50 k=10 scale_pct=50 age_ratio=16
[554885.966502] NVMeVirt: Fixed CAT init ns=0 part=1 arm=50 k=10 scale_pct=50 age_ratio=16
[554885.966504] NVMeVirt: Fixed CAT init ns=0 part=2 arm=50 k=10 scale_pct=50 age_ratio=16
[554885.966505] NVMeVirt: Fixed CAT init ns=0 part=3 arm=50 k=10 scale_pct=50 age_ratio=16
[554885.966507] NVMeVirt: Measurement: command=start epoch=1 host_bytes=0 learner_active=1
[554885.974277] mix-mixA-fixed50-3814612 phase=A START
[556686.308523] mix-mixA-fixed50-3814612 phase=A END
[556686.316424] mix-mixA-fixed50-3814612 phase=B START
[556686.327353] mix-mixA-fixed50-3814612 phase=B LOAD
[556717.508841] mix-mixA-fixed50-3814612 phase=B RUN
[556721.984271] tee (3816543): drop_caches: 3
[556728.866110] tee (3816564): drop_caches: 3
[556734.006318] tee (3816578): drop_caches: 3
[556739.033251] tee (3816584): drop_caches: 3
[556744.303455] tee (3816588): drop_caches: 3
[556749.518760] tee (3816592): drop_caches: 3
[556754.700907] tee (3816600): drop_caches: 3
[556759.173527] tee (3816607): drop_caches: 3
[556764.559109] tee (3816611): drop_caches: 3
[556769.674180] tee (3816615): drop_caches: 3
[556774.612179] tee (3816624): drop_caches: 3
[556779.724220] tee (3816628): drop_caches: 3
[556784.868307] tee (3816633): drop_caches: 3
[556789.266540] tee (3816640): drop_caches: 3
[556794.444280] tee (3816644): drop_caches: 3
[556799.508776] tee (3816648): drop_caches: 3
[556804.566677] tee (3816653): drop_caches: 3
[556809.643540] tee (3816657): drop_caches: 3
[556814.627593] tee (3816663): drop_caches: 3
[556820.017090] tee (3816671): drop_caches: 3
[556825.551995] tee (3816676): drop_caches: 3
[556830.743158] tee (3816680): drop_caches: 3
[556835.787234] tee (3816684): drop_caches: 3
[556840.940449] tee (3816688): drop_caches: 3
[556846.088758] tee (3816693): drop_caches: 3
[556851.637359] tee (3816700): drop_caches: 3
[556857.256411] tee (3816705): drop_caches: 3
[556862.501868] tee (3816709): drop_caches: 3
[556867.633587] tee (3816715): drop_caches: 3
[556872.679351] tee (3816721): drop_caches: 3
[556877.765846] tee (3816725): drop_caches: 3
[556883.038168] tee (3816730): drop_caches: 3
[556888.662437] tee (3816737): drop_caches: 3
[556893.819859] tee (3816741): drop_caches: 3
[556898.998174] tee (3816745): drop_caches: 3
[556904.343560] tee (3816750): drop_caches: 3
[556909.752047] tee (3816754): drop_caches: 3
[556914.967292] tee (3816760): drop_caches: 3
[556920.862349] tee (3816766): drop_caches: 3
[556925.967181] tee (3816770): drop_caches: 3
[556931.271870] tee (3816774): drop_caches: 3
[556936.564878] tee (3816781): drop_caches: 3
[556941.699736] tee (3816785): drop_caches: 3
[556946.907073] tee (3816790): drop_caches: 3
[556952.054913] tee (3816796): drop_caches: 3
[556957.128769] tee (3816800): drop_caches: 3
[556962.264056] tee (3816805): drop_caches: 3
[556967.372137] tee (3816809): drop_caches: 3
[556972.461229] tee (3816813): drop_caches: 3
[556977.702880] tee (3816818): drop_caches: 3
[556983.192844] tee (3816824): drop_caches: 3
[556988.301206] tee (3816828): drop_caches: 3
[556993.378047] tee (3816834): drop_caches: 3
[556998.469965] tee (3816838): drop_caches: 3
[557003.648026] tee (3816848): drop_caches: 3
[557008.931692] tee (3816853): drop_caches: 3
[557014.339375] tee (3816859): drop_caches: 3
[557019.355577] tee (3816863): drop_caches: 3
[557024.406794] tee (3816867): drop_caches: 3
[557029.397381] tee (3816871): drop_caches: 3
[557034.465823] tee (3816876): drop_caches: 3
[557039.585939] tee (3816881): drop_caches: 3
[557044.251162] tee (3816889): drop_caches: 3
[557049.612243] tee (3816893): drop_caches: 3
[557054.772451] tee (3816899): drop_caches: 3
[557060.307667] tee (3816903): drop_caches: 3
[557065.503220] tee (3816907): drop_caches: 3
[557070.699204] tee (3816911): drop_caches: 3
[557075.138180] tee (3816939): drop_caches: 3
[557083.541630] tee (3816961): drop_caches: 3
[557090.692651] tee (3816990): drop_caches: 3
[557100.379755] tee (3817024): drop_caches: 3
[557106.185114] tee (3817040): drop_caches: 3
[557119.699486] tee (3817136): drop_caches: 3
[557128.147855] tee (3817160): drop_caches: 3
[557135.047470] tee (3817166): drop_caches: 3
[557139.753329] tee (3817171): drop_caches: 3
[557145.137742] tee (3817177): drop_caches: 3
[557150.707210] tee (3817181): drop_caches: 3
[557155.917184] tee (3817186): drop_caches: 3
[557161.069618] tee (3817190): drop_caches: 3
[557166.235503] tee (3817194): drop_caches: 3
[557171.493820] tee (3817200): drop_caches: 3
[557177.107035] tee (3817208): drop_caches: 3
[557182.394630] tee (3817213): drop_caches: 3
[557187.600685] tee (3817218): drop_caches: 3
[557192.822302] tee (3817222): drop_caches: 3
[557197.927878] tee (3817226): drop_caches: 3
[557203.097958] tee (3817231): drop_caches: 3
[557208.433021] tee (3817237): drop_caches: 3
[557214.037042] tee (3817243): drop_caches: 3
[557219.146478] tee (3817247): drop_caches: 3
[557224.259947] tee (3817251): drop_caches: 3
[557229.373606] tee (3817255): drop_caches: 3
[557234.528396] tee (3817264): drop_caches: 3
[557239.755083] tee (3817271): drop_caches: 3
[557244.876387] tee (3817276): drop_caches: 3
[557250.178751] tee (3817280): drop_caches: 3
[557255.379905] tee (3817284): drop_caches: 3
[557260.577138] tee (3817289): drop_caches: 3
[557265.789585] tee (3817295): drop_caches: 3
[557271.002894] tee (3817301): drop_caches: 3
[557276.327900] tee (3817305): drop_caches: 3
[557281.733226] tee (3817311): drop_caches: 3
[557286.767166] tee (3817315): drop_caches: 3
[557291.907555] tee (3817319): drop_caches: 3
[557297.038352] tee (3817326): drop_caches: 3
[557302.308325] tee (3817332): drop_caches: 3
[557307.599023] tee (3817341): drop_caches: 3
[557312.782814] tee (3817345): drop_caches: 3
[557317.865379] tee (3817349): drop_caches: 3
[557323.043163] tee (3817353): drop_caches: 3
[557328.463215] tee (3817359): drop_caches: 3
[557334.285382] tee (3817365): drop_caches: 3
[557341.206010] tee (3817372): drop_caches: 3
[557346.382752] tee (3817376): drop_caches: 3
[557352.020532] tee (3817393): drop_caches: 3
[557358.011260] tee (3817400): drop_caches: 3
[557362.632096] tee (3817407): drop_caches: 3
[557368.382417] tee (3817413): drop_caches: 3
[557373.586810] tee (3817419): drop_caches: 3
[557379.367553] tee (3817424): drop_caches: 3
[557384.700860] tee (3817429): drop_caches: 3
[557390.146284] tee (3817434): drop_caches: 3
[557395.167096] tee (3817440): drop_caches: 3
[557400.317723] tee (3817444): drop_caches: 3
[557405.490404] tee (3817449): drop_caches: 3
[557410.750501] tee (3817455): drop_caches: 3
[557416.416043] tee (3817462): drop_caches: 3
[557421.850674] tee (3817467): drop_caches: 3
[557427.067433] tee (3817473): drop_caches: 3
[557432.454254] tee (3817479): drop_caches: 3
[557437.604776] tee (3817483): drop_caches: 3
[557442.790596] tee (3817489): drop_caches: 3
[557448.057216] tee (3817495): drop_caches: 3
[557453.290605] tee (3817500): drop_caches: 3
[557458.615206] tee (3817506): drop_caches: 3
[557463.633748] tee (3817511): drop_caches: 3
[557468.897220] tee (3817515): drop_caches: 3
[557474.148876] tee (3817521): drop_caches: 3
[557479.415170] tee (3817525): drop_caches: 3
[557484.728877] tee (3817531): drop_caches: 3
[557489.895098] tee (3817536): drop_caches: 3
[557494.922046] tee (3817540): drop_caches: 3
[557500.183055] tee (3817544): drop_caches: 3
[557505.549793] tee (3817548): drop_caches: 3
[557510.730008] tee (3817552): drop_caches: 3
[557516.206507] tee (3817559): drop_caches: 3
[557521.490186] tee (3817564): drop_caches: 3
[557526.629701] tee (3817568): drop_caches: 3
[557531.789529] tee (3817572): drop_caches: 3
[557536.930463] tee (3817578): drop_caches: 3
[557542.171073] tee (3817582): drop_caches: 3
[557547.688302] tee (3817588): drop_caches: 3
[557552.967572] tee (3817593): drop_caches: 3
[557558.086628] tee (3817597): drop_caches: 3
[557563.472116] tee (3817602): drop_caches: 3
[557568.553436] tee (3817606): drop_caches: 3
[557574.535059] tee (3817611): drop_caches: 3
[557580.458914] tee (3817618): drop_caches: 3
[557585.981405] tee (3817624): drop_caches: 3
[557591.057466] tee (3817628): drop_caches: 3
[557596.247000] tee (3817635): drop_caches: 3
[557601.345071] tee (3817639): drop_caches: 3
[557606.524786] tee (3817649): drop_caches: 3
[557612.085294] tee (3817656): drop_caches: 3
[557617.283319] tee (3817666): drop_caches: 3
[557622.283264] tee (3817670): drop_caches: 3
[557627.538081] tee (3817677): drop_caches: 3
[557632.697412] tee (3817682): drop_caches: 3
[557637.747188] tee (3817686): drop_caches: 3
[557642.834252] tee (3817691): drop_caches: 3
[557648.334552] tee (3817699): drop_caches: 3
[557662.216674] tee (3817709): drop_caches: 3
[557670.296691] mix-mixA-fixed50-3814612 phase=B END
[557670.770910] NVMeVirt: Measurement: command=stop epoch=1 host_bytes=383446188032 learner_active=0
[557680.691734] EXT4-fs (nvme0n1): unmounting filesystem ea32434f-4067-4cbd-bb0a-2e362212f868.
[557680.987108] pci_bus 0001:10: busn_res: [bus 10-ff] is released
[557680.987153] NVMeVirt: GC stats: ns=0 policy=cat-fig7-fixed host_pages=93614792 gc_pages=67668600 gc_count=2520054 WAF=1.722 warmup_gc=100-per-part
[557681.060105] NVMeVirt: Virtual NVMe device closed
