[799099.533577] mix-mixQ-online-4029478 BEGIN
[799099.546831] NVMeVirt: Version 1.10 for >> Samsung 970 Pro SSD <<
[799099.546836] NVMeVirt: Storage: 0x100100000-0x300000000 (8191 MiB)
[799099.558130] NVMeVirt: Total Capacity(GiB,MiB)=2,2048 chs=2 luns=4 lines=8192 blk-size(MiB,KiB)=0,64 line-size(MiB,KiB)=0,256
[799099.570703] NVMeVirt: [chmodel_init] bandwidth 800 max_credits 26 tx_time 152
[799099.581968] NVMeVirt: [chmodel_init] bandwidth 800 max_credits 26 tx_time 152
[799099.581983] NVMeVirt: [chmodel_init] bandwidth 3360 max_credits 110 tx_time 36
[799099.581985] NVMeVirt: WATGC_V2 init ns=0 part=0 arms=60 initial=37 prior=none gamma_q16=65503 exploration_q16=16384
[799099.583199] NVMeVirt: pqueue: Copyright (c) 2014, Volkan Yazıcı <volkan.yazici@gmail.com>. All rights reserved.
[799099.583235] NVMeVirt: Init FTL instance with 2 channels (524288 pages)
[799099.583237] NVMeVirt: GC victim policy: watgc-v2 ns=0 part=0 initial_k=7 initial_scale_pct=100 initial_age_ratio=7 warmup_gc=100
[799099.594115] NVMeVirt: [chmodel_init] bandwidth 800 max_credits 26 tx_time 152
[799099.605292] NVMeVirt: [chmodel_init] bandwidth 800 max_credits 26 tx_time 152
[799099.605308] NVMeVirt: [chmodel_init] bandwidth 3360 max_credits 110 tx_time 36
[799099.605310] NVMeVirt: WATGC_V2 init ns=0 part=1 arms=60 initial=37 prior=none gamma_q16=65503 exploration_q16=16384
[799099.606664] NVMeVirt: Init FTL instance with 2 channels (524288 pages)
[799099.606668] NVMeVirt: GC victim policy: watgc-v2 ns=0 part=1 initial_k=7 initial_scale_pct=100 initial_age_ratio=7 warmup_gc=100
[799099.617363] NVMeVirt: [chmodel_init] bandwidth 800 max_credits 26 tx_time 152
[799099.628193] NVMeVirt: [chmodel_init] bandwidth 800 max_credits 26 tx_time 152
[799099.628208] NVMeVirt: [chmodel_init] bandwidth 3360 max_credits 110 tx_time 36
[799099.628210] NVMeVirt: WATGC_V2 init ns=0 part=2 arms=60 initial=37 prior=none gamma_q16=65503 exploration_q16=16384
[799099.629482] NVMeVirt: Init FTL instance with 2 channels (524288 pages)
[799099.629484] NVMeVirt: GC victim policy: watgc-v2 ns=0 part=2 initial_k=7 initial_scale_pct=100 initial_age_ratio=7 warmup_gc=100
[799099.640953] NVMeVirt: [chmodel_init] bandwidth 800 max_credits 26 tx_time 152
[799099.651727] NVMeVirt: [chmodel_init] bandwidth 800 max_credits 26 tx_time 152
[799099.651742] NVMeVirt: [chmodel_init] bandwidth 3360 max_credits 110 tx_time 36
[799099.651744] NVMeVirt: WATGC_V2 init ns=0 part=3 arms=60 initial=37 prior=none gamma_q16=65503 exploration_q16=16384
[799099.653030] NVMeVirt: Init FTL instance with 2 channels (524288 pages)
[799099.653033] NVMeVirt: GC victim policy: watgc-v2 ns=0 part=3 initial_k=7 initial_scale_pct=100 initial_age_ratio=7 warmup_gc=100
[799099.653040] NVMeVirt: FTL physical space: 8588886016, logical space: 8026996276 (physical/logical * 100 = 107)
[799099.653041] NVMeVirt: ns 0/1: size 7655 MiB
[799099.653091] PCI host bridge to bus 0001:10
[799099.653094] pci_bus 0001:10: root bus resource [io  0x0000-0xffff]
[799099.653096] pci_bus 0001:10: root bus resource [mem 0x00000000-0x7fffffffff]
[799099.653098] pci_bus 0001:10: root bus resource [bus 00-ff]
[799099.653105] pci 0001:10:00.0: [0c51:0110] type 00 class 0x010802 PCIe Endpoint
[799099.653109] pci 0001:10:00.0: BAR 0 [mem 0x100000000-0x100003fff 64bit]
[799099.653112] pci 0001:10:00.0: enabling Extended Tags
[799099.653233] NVMeVirt: Virtual PCI bus created (node 0)
[799099.653601] NVMeVirt: Virtual NVMe device created
[799099.653631] NVMeVirt: nvmev_dispatcher started on cpu 1 (node 0)
[799099.653647] NVMeVirt: nvmev_io_worker_0 started on cpu 2 (node 0)
[799099.653801] nvme nvme0: pci function 0001:10:00.0
[799099.656435] nvme nvme0: 8/0/0 default/read/poll queues
[799099.728090] EXT4-fs (nvme0n1): mounted filesystem 87be0e81-aac8-41d6-848b-c5e0c6994dba r/w with ordered data mode. Quota mode: none.
[799181.749544] NVMeVirt: WATGC_V2 init ns=0 part=0 arms=60 initial=37 prior=none gamma_q16=65503 exploration_q16=16384
[799181.749549] NVMeVirt: WATGC_V2 init ns=0 part=1 arms=60 initial=37 prior=none gamma_q16=65503 exploration_q16=16384
[799181.749551] NVMeVirt: WATGC_V2 init ns=0 part=2 arms=60 initial=37 prior=none gamma_q16=65503 exploration_q16=16384
[799181.749553] NVMeVirt: WATGC_V2 init ns=0 part=3 arms=60 initial=37 prior=none gamma_q16=65503 exploration_q16=16384
[799181.749554] NVMeVirt: Measurement: command=start epoch=1 host_bytes=0 learner_active=1
[799181.758351] mix-mixQ-online-4029478 phase=A START
[799182.349120] NVMeVirt: WATGC_V2 warmup-done ns=0 part=2 gc_count=2818
[799182.350372] NVMeVirt: WATGC_V2 warmup-done ns=0 part=1 gc_count=2816
[799182.359381] NVMeVirt: WATGC_V2 warmup-done ns=0 part=0 gc_count=2836
[799182.360574] NVMeVirt: WATGC_V2 warmup-done ns=0 part=3 gc_count=2827
[799192.173139] NVMeVirt: WATGC_V2 sample ns=0 part=3 epoch=1 window=1 phase=measure evaluated=37 k=7 scale_pct=100 age_ratio=7 host=65552 gc_pages=62381 gc_count=1999 waf_q16=127901 best=37 next=0 settled=0
[799192.185082] NVMeVirt: WATGC_V2 sample ns=0 part=2 epoch=1 window=1 phase=measure evaluated=37 k=7 scale_pct=100 age_ratio=7 host=65559 gc_pages=62375 gc_count=1999 waf_q16=127889 best=37 next=0 settled=0
[799192.192091] NVMeVirt: WATGC_V2 sample ns=0 part=1 epoch=1 window=1 phase=measure evaluated=37 k=7 scale_pct=100 age_ratio=7 host=65537 gc_pages=62848 gc_count=2006 waf_q16=128383 best=37 next=0 settled=0
[799192.200777] NVMeVirt: WATGC_V2 sample ns=0 part=0 epoch=1 window=1 phase=measure evaluated=37 k=7 scale_pct=100 age_ratio=7 host=65549 gc_pages=62641 gc_count=2003 waf_q16=128164 best=37 next=0 settled=0
[799202.010576] NVMeVirt: WATGC_V2 sample ns=0 part=3 epoch=1 window=2 phase=measure evaluated=0 k=2 scale_pct=25 age_ratio=4 host=65560 gc_pages=61227 gc_count=1981 waf_q16=126740 best=0 next=1 settled=0
[799202.018292] NVMeVirt: WATGC_V2 sample ns=0 part=1 epoch=1 window=2 phase=measure evaluated=0 k=2 scale_pct=25 age_ratio=4 host=65552 gc_pages=61042 gc_count=1978 waf_q16=126563 best=0 next=1 settled=0
[799202.028751] NVMeVirt: WATGC_V2 sample ns=0 part=2 epoch=1 window=2 phase=measure evaluated=0 k=2 scale_pct=25 age_ratio=4 host=65543 gc_pages=60860 gc_count=1975 waf_q16=126389 best=0 next=1 settled=0
[799202.029657] NVMeVirt: WATGC_V2 sample ns=0 part=0 epoch=1 window=2 phase=measure evaluated=0 k=2 scale_pct=25 age_ratio=4 host=65552 gc_pages=61170 gc_count=1980 waf_q16=126691 best=0 next=1 settled=0
[799211.847142] NVMeVirt: WATGC_V2 sample ns=0 part=2 epoch=1 window=3 phase=measure evaluated=1 k=2 scale_pct=25 age_ratio=7 host=65542 gc_pages=74621 gc_count=2190 waf_q16=140150 best=0 next=2 settled=0
[799211.851694] NVMeVirt: WATGC_V2 sample ns=0 part=1 epoch=1 window=3 phase=measure evaluated=1 k=2 scale_pct=25 age_ratio=7 host=65560 gc_pages=74858 gc_count=2194 waf_q16=140366 best=0 next=2 settled=0
[799211.853429] NVMeVirt: WATGC_V2 sample ns=0 part=0 epoch=1 window=3 phase=measure evaluated=1 k=2 scale_pct=25 age_ratio=7 host=65546 gc_pages=74615 gc_count=2190 waf_q16=140139 best=0 next=2 settled=0
[799211.868312] NVMeVirt: WATGC_V2 sample ns=0 part=3 epoch=1 window=3 phase=measure evaluated=1 k=2 scale_pct=25 age_ratio=7 host=65544 gc_pages=74489 gc_count=2188 waf_q16=140015 best=0 next=2 settled=0
[799221.680366] NVMeVirt: WATGC_V2 sample ns=0 part=0 epoch=1 window=4 phase=measure evaluated=2 k=2 scale_pct=25 age_ratio=16 host=65547 gc_pages=72890 gc_count=2163 waf_q16=138413 best=0 next=3 settled=0
[799221.686788] NVMeVirt: WATGC_V2 sample ns=0 part=2 epoch=1 window=4 phase=measure evaluated=2 k=2 scale_pct=25 age_ratio=16 host=65547 gc_pages=72889 gc_count=2163 waf_q16=138412 best=0 next=3 settled=0
[799221.687692] NVMeVirt: WATGC_V2 sample ns=0 part=3 epoch=1 window=4 phase=measure evaluated=2 k=2 scale_pct=25 age_ratio=16 host=65540 gc_pages=73025 gc_count=2165 waf_q16=138556 best=0 next=3 settled=0
[799221.697194] NVMeVirt: WATGC_V2 sample ns=0 part=1 epoch=1 window=4 phase=measure evaluated=2 k=2 scale_pct=25 age_ratio=16 host=65560 gc_pages=73581 gc_count=2174 waf_q16=139090 best=0 next=3 settled=0
[799231.511287] NVMeVirt: WATGC_V2 sample ns=0 part=1 epoch=1 window=5 phase=measure evaluated=3 k=2 scale_pct=50 age_ratio=4 host=65551 gc_pages=72948 gc_count=2164 waf_q16=138467 best=0 next=4 settled=0
[799231.517916] NVMeVirt: WATGC_V2 sample ns=0 part=2 epoch=1 window=5 phase=measure evaluated=3 k=2 scale_pct=50 age_ratio=4 host=65546 gc_pages=72823 gc_count=2162 waf_q16=138347 best=0 next=4 settled=0
[799231.525139] NVMeVirt: WATGC_V2 sample ns=0 part=3 epoch=1 window=5 phase=measure evaluated=3 k=2 scale_pct=50 age_ratio=4 host=65552 gc_pages=72688 gc_count=2160 waf_q16=138206 best=0 next=4 settled=0
[799231.532256] NVMeVirt: WATGC_V2 sample ns=0 part=0 epoch=1 window=5 phase=measure evaluated=3 k=2 scale_pct=50 age_ratio=4 host=65565 gc_pages=73445 gc_count=2172 waf_q16=138948 best=0 next=4 settled=0
[799241.350182] NVMeVirt: WATGC_V2 sample ns=0 part=0 epoch=1 window=6 phase=measure evaluated=4 k=2 scale_pct=50 age_ratio=7 host=65545 gc_pages=72371 gc_count=2155 waf_q16=137897 best=0 next=5 settled=0
[799241.352218] NVMeVirt: WATGC_V2 sample ns=0 part=2 epoch=1 window=6 phase=measure evaluated=4 k=2 scale_pct=50 age_ratio=7 host=65566 gc_pages=71901 gc_count=2148 waf_q16=137404 best=0 next=5 settled=0
[799241.352470] NVMeVirt: WATGC_V2 sample ns=0 part=3 epoch=1 window=6 phase=measure evaluated=4 k=2 scale_pct=50 age_ratio=7 host=65568 gc_pages=71069 gc_count=2135 waf_q16=136570 best=0 next=5 settled=0
[799241.366098] NVMeVirt: WATGC_V2 sample ns=0 part=1 epoch=1 window=6 phase=measure evaluated=4 k=2 scale_pct=50 age_ratio=7 host=65567 gc_pages=71388 gc_count=2140 waf_q16=136890 best=0 next=5 settled=0
[799251.164887] NVMeVirt: WATGC_V2 sample ns=0 part=2 epoch=1 window=7 phase=measure evaluated=5 k=2 scale_pct=50 age_ratio=16 host=65546 gc_pages=74740 gc_count=2192 waf_q16=140264 best=0 next=6 settled=0
[799251.175923] NVMeVirt: WATGC_V2 sample ns=0 part=1 epoch=1 window=7 phase=measure evaluated=5 k=2 scale_pct=50 age_ratio=16 host=65536 gc_pages=74750 gc_count=2192 waf_q16=140286 best=0 next=6 settled=0
[799251.205404] NVMeVirt: WATGC_V2 sample ns=0 part=0 epoch=1 window=7 phase=measure evaluated=5 k=2 scale_pct=50 age_ratio=16 host=65549 gc_pages=75057 gc_count=2197 waf_q16=140578 best=0 next=6 settled=0
[799251.206377] NVMeVirt: WATGC_V2 sample ns=0 part=3 epoch=1 window=7 phase=measure evaluated=5 k=2 scale_pct=50 age_ratio=16 host=65563 gc_pages=74274 gc_count=2185 waf_q16=139779 best=0 next=6 settled=0
[799260.993689] NVMeVirt: WATGC_V2 sample ns=0 part=2 epoch=1 window=8 phase=measure evaluated=6 k=2 scale_pct=100 age_ratio=4 host=65553 gc_pages=79727 gc_count=2270 waf_q16=145242 best=0 next=7 settled=0
[799261.005984] NVMeVirt: WATGC_V2 sample ns=0 part=0 epoch=1 window=8 phase=measure evaluated=6 k=2 scale_pct=100 age_ratio=4 host=65556 gc_pages=79467 gc_count=2266 waf_q16=144978 best=0 next=7 settled=0
[799261.035911] NVMeVirt: WATGC_V2 sample ns=0 part=1 epoch=1 window=8 phase=measure evaluated=6 k=2 scale_pct=100 age_ratio=4 host=65552 gc_pages=78961 gc_count=2258 waf_q16=144477 best=0 next=7 settled=0
[799261.051224] NVMeVirt: WATGC_V2 sample ns=0 part=3 epoch=1 window=8 phase=measure evaluated=6 k=2 scale_pct=100 age_ratio=4 host=65539 gc_pages=78526 gc_count=2251 waf_q16=144058 best=0 next=7 settled=0
[799270.813383] NVMeVirt: WATGC_V2 sample ns=0 part=2 epoch=1 window=9 phase=measure evaluated=7 k=2 scale_pct=100 age_ratio=7 host=65538 gc_pages=78017 gc_count=2243 waf_q16=143550 best=0 next=8 settled=0
[799270.823944] NVMeVirt: WATGC_V2 sample ns=0 part=0 epoch=1 window=9 phase=measure evaluated=7 k=2 scale_pct=100 age_ratio=7 host=65552 gc_pages=77426 gc_count=2234 waf_q16=142943 best=0 next=8 settled=0
[799270.880683] NVMeVirt: WATGC_V2 sample ns=0 part=3 epoch=1 window=9 phase=measure evaluated=7 k=2 scale_pct=100 age_ratio=7 host=65549 gc_pages=76983 gc_count=2227 waf_q16=142503 best=0 next=8 settled=0
[799270.896518] NVMeVirt: WATGC_V2 sample ns=0 part=1 epoch=1 window=9 phase=measure evaluated=7 k=2 scale_pct=100 age_ratio=7 host=65555 gc_pages=78063 gc_count=2244 waf_q16=143576 best=0 next=8 settled=0
[799280.646041] NVMeVirt: WATGC_V2 sample ns=0 part=2 epoch=1 window=10 phase=measure evaluated=8 k=2 scale_pct=100 age_ratio=16 host=65542 gc_pages=78525 gc_count=2251 waf_q16=144053 best=0 next=9 settled=0
[799280.679107] NVMeVirt: WATGC_V2 sample ns=0 part=0 epoch=1 window=10 phase=measure evaluated=8 k=2 scale_pct=100 age_ratio=16 host=65550 gc_pages=77622 gc_count=2237 waf_q16=143141 best=0 next=9 settled=0
[799280.712557] NVMeVirt: WATGC_V2 sample ns=0 part=1 epoch=1 window=10 phase=measure evaluated=8 k=2 scale_pct=100 age_ratio=16 host=65554 gc_pages=78513 gc_count=2251 waf_q16=144027 best=0 next=9 settled=0
[799280.718933] NVMeVirt: WATGC_V2 sample ns=0 part=3 epoch=1 window=10 phase=measure evaluated=8 k=2 scale_pct=100 age_ratio=16 host=65559 gc_pages=77933 gc_count=2242 waf_q16=143441 best=0 next=9 settled=0
[799290.469035] NVMeVirt: WATGC_V2 sample ns=0 part=2 epoch=1 window=11 phase=measure evaluated=9 k=2 scale_pct=200 age_ratio=4 host=65566 gc_pages=83615 gc_count=2331 waf_q16=149112 best=0 next=10 settled=0
[799290.514218] NVMeVirt: WATGC_V2 sample ns=0 part=0 epoch=1 window=11 phase=measure evaluated=9 k=2 scale_pct=200 age_ratio=4 host=65557 gc_pages=82793 gc_count=2318 waf_q16=148302 best=0 next=10 settled=0
[799290.552009] NVMeVirt: WATGC_V2 sample ns=0 part=1 epoch=1 window=11 phase=measure evaluated=9 k=2 scale_pct=200 age_ratio=4 host=65545 gc_pages=83317 gc_count=2326 waf_q16=148841 best=0 next=10 settled=0
[799290.555615] NVMeVirt: WATGC_V2 sample ns=0 part=3 epoch=1 window=11 phase=measure evaluated=9 k=2 scale_pct=200 age_ratio=4 host=65566 gc_pages=83167 gc_count=2324 waf_q16=148664 best=0 next=10 settled=0
[799300.284128] NVMeVirt: WATGC_V2 sample ns=0 part=2 epoch=1 window=12 phase=measure evaluated=10 k=2 scale_pct=200 age_ratio=7 host=65545 gc_pages=83639 gc_count=2331 waf_q16=149163 best=0 next=11 settled=0
[799300.364549] NVMeVirt: WATGC_V2 sample ns=0 part=0 epoch=1 window=12 phase=measure evaluated=10 k=2 scale_pct=200 age_ratio=7 host=65543 gc_pages=83063 gc_count=2322 waf_q16=148590 best=0 next=11 settled=0
[799300.378865] NVMeVirt: WATGC_V2 sample ns=0 part=3 epoch=1 window=12 phase=measure evaluated=10 k=2 scale_pct=200 age_ratio=7 host=65561 gc_pages=82853 gc_count=2319 waf_q16=148357 best=0 next=11 settled=0
[799300.391409] NVMeVirt: WATGC_V2 sample ns=0 part=1 epoch=1 window=12 phase=measure evaluated=10 k=2 scale_pct=200 age_ratio=7 host=65556 gc_pages=83049 gc_count=2322 waf_q16=148559 best=0 next=11 settled=0
[799310.147088] NVMeVirt: WATGC_V2 sample ns=0 part=2 epoch=1 window=13 phase=measure evaluated=11 k=2 scale_pct=200 age_ratio=16 host=65550 gc_pages=84849 gc_count=2350 waf_q16=150366 best=0 next=12 settled=0
[799310.198840] NVMeVirt: WATGC_V2 sample ns=0 part=0 epoch=1 window=13 phase=measure evaluated=11 k=2 scale_pct=200 age_ratio=16 host=65544 gc_pages=84217 gc_count=2340 waf_q16=149742 best=0 next=12 settled=0
[799310.201018] NVMeVirt: WATGC_V2 sample ns=0 part=1 epoch=1 window=13 phase=measure evaluated=11 k=2 scale_pct=200 age_ratio=16 host=65541 gc_pages=84411 gc_count=2343 waf_q16=149940 best=0 next=12 settled=0
[799310.208057] NVMeVirt: WATGC_V2 sample ns=0 part=3 epoch=1 window=13 phase=measure evaluated=11 k=2 scale_pct=200 age_ratio=16 host=65551 gc_pages=85042 gc_count=2353 waf_q16=150558 best=0 next=12 settled=0
[799319.976920] NVMeVirt: WATGC_V2 sample ns=0 part=2 epoch=1 window=14 phase=measure evaluated=12 k=2 scale_pct=400 age_ratio=4 host=65552 gc_pages=83889 gc_count=2335 waf_q16=149404 best=0 next=13 settled=0
[799320.022721] NVMeVirt: WATGC_V2 sample ns=0 part=3 epoch=1 window=14 phase=measure evaluated=12 k=2 scale_pct=400 age_ratio=4 host=65550 gc_pages=83572 gc_count=2330 waf_q16=149090 best=0 next=13 settled=0
[799320.037422] NVMeVirt: WATGC_V2 sample ns=0 part=0 epoch=1 window=14 phase=measure evaluated=12 k=2 scale_pct=400 age_ratio=4 host=65541 gc_pages=83836 gc_count=2334 waf_q16=149365 best=0 next=13 settled=0
[799320.044430] NVMeVirt: WATGC_V2 sample ns=0 part=1 epoch=1 window=14 phase=measure evaluated=12 k=2 scale_pct=400 age_ratio=4 host=65557 gc_pages=84461 gc_count=2344 waf_q16=149969 best=0 next=13 settled=0
[799329.820686] NVMeVirt: WATGC_V2 sample ns=0 part=2 epoch=1 window=15 phase=measure evaluated=13 k=2 scale_pct=400 age_ratio=7 host=65564 gc_pages=79334 gc_count=2264 waf_q16=144836 best=0 next=14 settled=0
[799329.852825] NVMeVirt: WATGC_V2 sample ns=0 part=3 epoch=1 window=15 phase=measure evaluated=13 k=2 scale_pct=400 age_ratio=7 host=65555 gc_pages=78767 gc_count=2255 waf_q16=144280 best=0 next=14 settled=0
[799329.853545] NVMeVirt: WATGC_V2 sample ns=0 part=0 epoch=1 window=15 phase=measure evaluated=13 k=2 scale_pct=400 age_ratio=7 host=65537 gc_pages=77826 gc_count=2240 waf_q16=143360 best=0 next=14 settled=0
[799329.886674] NVMeVirt: WATGC_V2 sample ns=0 part=1 epoch=1 window=15 phase=measure evaluated=13 k=2 scale_pct=400 age_ratio=7 host=65539 gc_pages=79807 gc_count=2271 waf_q16=145339 best=0 next=14 settled=0
[799339.657358] NVMeVirt: WATGC_V2 sample ns=0 part=2 epoch=1 window=16 phase=measure evaluated=14 k=2 scale_pct=400 age_ratio=16 host=65544 gc_pages=82548 gc_count=2314 waf_q16=148073 best=0 next=15 settled=0
[799339.687188] NVMeVirt: WATGC_V2 sample ns=0 part=0 epoch=1 window=16 phase=measure evaluated=14 k=2 scale_pct=400 age_ratio=16 host=65561 gc_pages=82403 gc_count=2312 waf_q16=147907 best=0 next=15 settled=0
[799339.701506] NVMeVirt: WATGC_V2 sample ns=0 part=1 epoch=1 window=16 phase=measure evaluated=14 k=2 scale_pct=400 age_ratio=16 host=65548 gc_pages=82736 gc_count=2317 waf_q16=148256 best=0 next=15 settled=0
[799339.707675] NVMeVirt: WATGC_V2 sample ns=0 part=3 epoch=1 window=16 phase=measure evaluated=14 k=2 scale_pct=400 age_ratio=16 host=65549 gc_pages=81647 gc_count=2300 waf_q16=147166 best=0 next=15 settled=0
[799349.498198] NVMeVirt: WATGC_V2 sample ns=0 part=2 epoch=1 window=17 phase=measure evaluated=15 k=4 scale_pct=25 age_ratio=4 host=65543 gc_pages=71272 gc_count=2138 waf_q16=136800 best=0 next=16 settled=0
[799349.510012] NVMeVirt: WATGC_V2 sample ns=0 part=0 epoch=1 window=17 phase=measure evaluated=15 k=4 scale_pct=25 age_ratio=4 host=65546 gc_pages=69056 gc_count=2103 waf_q16=134581 best=0 next=16 settled=0
[799349.533286] NVMeVirt: WATGC_V2 sample ns=0 part=1 epoch=1 window=17 phase=measure evaluated=15 k=4 scale_pct=25 age_ratio=4 host=65537 gc_pages=70574 gc_count=2127 waf_q16=136108 best=0 next=16 settled=0
[799349.543571] NVMeVirt: WATGC_V2 sample ns=0 part=3 epoch=1 window=17 phase=measure evaluated=15 k=4 scale_pct=25 age_ratio=4 host=65561 gc_pages=70368 gc_count=2124 waf_q16=135877 best=0 next=16 settled=0
[799359.331621] NVMeVirt: WATGC_V2 sample ns=0 part=2 epoch=1 window=18 phase=measure evaluated=16 k=4 scale_pct=25 age_ratio=7 host=65549 gc_pages=65982 gc_count=2055 waf_q16=131504 best=0 next=17 settled=0
[799359.345458] NVMeVirt: WATGC_V2 sample ns=0 part=3 epoch=1 window=18 phase=measure evaluated=16 k=4 scale_pct=25 age_ratio=7 host=65545 gc_pages=65277 gc_count=2044 waf_q16=130804 best=0 next=17 settled=0
[799359.360506] NVMeVirt: WATGC_V2 sample ns=0 part=1 epoch=1 window=18 phase=measure evaluated=16 k=4 scale_pct=25 age_ratio=7 host=65563 gc_pages=65911 gc_count=2054 waf_q16=131419 best=0 next=17 settled=0
[799359.382419] NVMeVirt: WATGC_V2 sample ns=0 part=0 epoch=1 window=18 phase=measure evaluated=16 k=4 scale_pct=25 age_ratio=7 host=65571 gc_pages=65055 gc_count=2041 waf_q16=130556 best=0 next=17 settled=0
[799369.141741] NVMeVirt: WATGC_V2 sample ns=0 part=2 epoch=1 window=19 phase=measure evaluated=17 k=4 scale_pct=25 age_ratio=16 host=65577 gc_pages=62598 gc_count=2003 waf_q16=128094 best=0 next=18 settled=0
[799369.187615] NVMeVirt: WATGC_V2 sample ns=0 part=3 epoch=1 window=19 phase=measure evaluated=17 k=4 scale_pct=25 age_ratio=16 host=65570 gc_pages=63859 gc_count=2022 waf_q16=129361 best=0 next=18 settled=0
[799369.200536] NVMeVirt: WATGC_V2 sample ns=0 part=1 epoch=1 window=19 phase=measure evaluated=17 k=4 scale_pct=25 age_ratio=16 host=65544 gc_pages=63161 gc_count=2011 waf_q16=128689 best=0 next=18 settled=0
[799369.226999] NVMeVirt: WATGC_V2 sample ns=0 part=0 epoch=1 window=19 phase=measure evaluated=17 k=4 scale_pct=25 age_ratio=16 host=65542 gc_pages=61664 gc_count=1988 waf_q16=127194 best=0 next=18 settled=0
[799378.992837] NVMeVirt: WATGC_V2 sample ns=0 part=2 epoch=1 window=20 phase=measure evaluated=18 k=4 scale_pct=50 age_ratio=4 host=65555 gc_pages=42603 gc_count=1690 waf_q16=108126 best=18 next=19 settled=0
[799379.032322] NVMeVirt: WATGC_V2 sample ns=0 part=0 epoch=1 window=20 phase=measure evaluated=18 k=4 scale_pct=50 age_ratio=4 host=65548 gc_pages=42226 gc_count=1684 waf_q16=107754 best=18 next=19 settled=0
[799379.032583] NVMeVirt: WATGC_V2 sample ns=0 part=3 epoch=1 window=20 phase=measure evaluated=18 k=4 scale_pct=50 age_ratio=4 host=65566 gc_pages=42336 gc_count=1686 waf_q16=107852 best=18 next=19 settled=0
[799379.033675] NVMeVirt: WATGC_V2 sample ns=0 part=1 epoch=1 window=20 phase=measure evaluated=18 k=4 scale_pct=50 age_ratio=4 host=65550 gc_pages=42865 gc_count=1694 waf_q16=108391 best=18 next=19 settled=0
[799388.827176] NVMeVirt: WATGC_V2 sample ns=0 part=2 epoch=1 window=21 phase=measure evaluated=19 k=4 scale_pct=50 age_ratio=7 host=65556 gc_pages=49467 gc_count=1797 waf_q16=114987 best=18 next=20 settled=0
[799388.846935] NVMeVirt: WATGC_V2 sample ns=0 part=1 epoch=1 window=21 phase=measure evaluated=19 k=4 scale_pct=50 age_ratio=7 host=65560 gc_pages=49431 gc_count=1797 waf_q16=114948 best=18 next=20 settled=0
[799388.870539] NVMeVirt: WATGC_V2 sample ns=0 part=3 epoch=1 window=21 phase=measure evaluated=19 k=4 scale_pct=50 age_ratio=7 host=65536 gc_pages=48766 gc_count=1786 waf_q16=114302 best=18 next=20 settled=0
[799388.882276] NVMeVirt: WATGC_V2 sample ns=0 part=0 epoch=1 window=21 phase=measure evaluated=19 k=4 scale_pct=50 age_ratio=7 host=65565 gc_pages=48609 gc_count=1784 waf_q16=114123 best=18 next=20 settled=0
[799398.660084] NVMeVirt: WATGC_V2 sample ns=0 part=2 epoch=1 window=22 phase=measure evaluated=20 k=4 scale_pct=50 age_ratio=16 host=65552 gc_pages=62195 gc_count=1996 waf_q16=127715 best=18 next=21 settled=0
[799398.677221] NVMeVirt: WATGC_V2 sample ns=0 part=1 epoch=1 window=22 phase=measure evaluated=20 k=4 scale_pct=50 age_ratio=16 host=65536 gc_pages=63107 gc_count=2010 waf_q16=128643 best=18 next=21 settled=0
[799398.699489] NVMeVirt: WATGC_V2 sample ns=0 part=0 epoch=1 window=22 phase=measure evaluated=20 k=4 scale_pct=50 age_ratio=16 host=65556 gc_pages=63877 gc_count=2022 waf_q16=129393 best=18 next=21 settled=0
[799398.722490] NVMeVirt: WATGC_V2 sample ns=0 part=3 epoch=1 window=22 phase=measure evaluated=20 k=4 scale_pct=50 age_ratio=16 host=65562 gc_pages=63909 gc_count=2023 waf_q16=129419 best=18 next=21 settled=0
[799408.493001] NVMeVirt: WATGC_V2 sample ns=0 part=2 epoch=1 window=23 phase=measure evaluated=21 k=4 scale_pct=100 age_ratio=4 host=65552 gc_pages=50736 gc_count=1817 waf_q16=116259 best=18 next=22 settled=0
[799408.527564] NVMeVirt: WATGC_V2 sample ns=0 part=0 epoch=1 window=23 phase=measure evaluated=21 k=4 scale_pct=100 age_ratio=4 host=65550 gc_pages=50546 gc_count=1814 waf_q16=116071 best=18 next=22 settled=0
[799408.529963] NVMeVirt: WATGC_V2 sample ns=0 part=1 epoch=1 window=23 phase=measure evaluated=21 k=4 scale_pct=100 age_ratio=4 host=65546 gc_pages=49973 gc_count=1805 waf_q16=115501 best=18 next=22 settled=0
[799408.544289] NVMeVirt: WATGC_V2 sample ns=0 part=3 epoch=1 window=23 phase=measure evaluated=21 k=4 scale_pct=100 age_ratio=4 host=65541 gc_pages=50043 gc_count=1806 waf_q16=115575 best=18 next=22 settled=0
[799418.348482] NVMeVirt: WATGC_V2 sample ns=0 part=3 epoch=1 window=24 phase=measure evaluated=22 k=4 scale_pct=100 age_ratio=7 host=65545 gc_pages=49594 gc_count=1799 waf_q16=115123 best=18 next=23 settled=0
[799418.353720] NVMeVirt: WATGC_V2 sample ns=0 part=2 epoch=1 window=24 phase=measure evaluated=22 k=4 scale_pct=100 age_ratio=7 host=65565 gc_pages=50215 gc_count=1809 waf_q16=115728 best=18 next=23 settled=0
[799418.358469] NVMeVirt: WATGC_V2 sample ns=0 part=0 epoch=1 window=24 phase=measure evaluated=22 k=4 scale_pct=100 age_ratio=7 host=65564 gc_pages=49960 gc_count=1805 waf_q16=115474 best=18 next=23 settled=0
[799418.366442] NVMeVirt: WATGC_V2 sample ns=0 part=1 epoch=1 window=24 phase=measure evaluated=22 k=4 scale_pct=100 age_ratio=7 host=65563 gc_pages=49704 gc_count=1801 waf_q16=115219 best=18 next=23 settled=0
[799428.164151] NVMeVirt: WATGC_V2 sample ns=0 part=0 epoch=1 window=25 phase=measure evaluated=23 k=4 scale_pct=100 age_ratio=16 host=65549 gc_pages=65396 gc_count=2046 waf_q16=130919 best=18 next=24 settled=0
[799428.185391] NVMeVirt: WATGC_V2 sample ns=0 part=2 epoch=1 window=25 phase=measure evaluated=23 k=4 scale_pct=100 age_ratio=16 host=65551 gc_pages=64824 gc_count=2037 waf_q16=130345 best=18 next=24 settled=0
[799428.195872] NVMeVirt: WATGC_V2 sample ns=0 part=3 epoch=1 window=25 phase=measure evaluated=23 k=4 scale_pct=100 age_ratio=16 host=65567 gc_pages=64865 gc_count=2038 waf_q16=130370 best=18 next=24 settled=0
[799428.218517] NVMeVirt: WATGC_V2 sample ns=0 part=1 epoch=1 window=25 phase=measure evaluated=23 k=4 scale_pct=100 age_ratio=16 host=65566 gc_pages=64610 gc_count=2034 waf_q16=130116 best=18 next=24 settled=0
[799438.012562] NVMeVirt: WATGC_V2 sample ns=0 part=0 epoch=1 window=26 phase=measure evaluated=24 k=4 scale_pct=200 age_ratio=4 host=65544 gc_pages=60339 gc_count=1967 waf_q16=125867 best=18 next=25 settled=0
[799438.015685] NVMeVirt: WATGC_V2 sample ns=0 part=2 epoch=1 window=26 phase=measure evaluated=24 k=4 scale_pct=200 age_ratio=4 host=65539 gc_pages=60026 gc_count=1962 waf_q16=125559 best=18 next=25 settled=0
[799438.027697] NVMeVirt: WATGC_V2 sample ns=0 part=3 epoch=1 window=26 phase=measure evaluated=24 k=4 scale_pct=200 age_ratio=4 host=65548 gc_pages=59568 gc_count=1955 waf_q16=125093 best=18 next=25 settled=0
[799438.037463] NVMeVirt: WATGC_V2 sample ns=0 part=1 epoch=1 window=26 phase=measure evaluated=24 k=4 scale_pct=200 age_ratio=4 host=65555 gc_pages=59113 gc_count=1948 waf_q16=124631 best=18 next=25 settled=0
[799447.847524] NVMeVirt: WATGC_V2 sample ns=0 part=2 epoch=1 window=27 phase=measure evaluated=25 k=4 scale_pct=200 age_ratio=7 host=65553 gc_pages=63472 gc_count=2016 waf_q16=128991 best=18 next=26 settled=0
[799447.856770] NVMeVirt: WATGC_V2 sample ns=0 part=3 epoch=1 window=27 phase=measure evaluated=25 k=4 scale_pct=200 age_ratio=7 host=65561 gc_pages=62695 gc_count=2004 waf_q16=128207 best=18 next=26 settled=0
[799447.858537] NVMeVirt: WATGC_V2 sample ns=0 part=0 epoch=1 window=27 phase=measure evaluated=25 k=4 scale_pct=200 age_ratio=7 host=65566 gc_pages=64482 gc_count=2032 waf_q16=129988 best=18 next=26 settled=0
[799447.865037] NVMeVirt: WATGC_V2 sample ns=0 part=1 epoch=1 window=27 phase=measure evaluated=25 k=4 scale_pct=200 age_ratio=7 host=65561 gc_pages=62952 gc_count=2008 waf_q16=128463 best=18 next=26 settled=0
[799457.677703] NVMeVirt: WATGC_V2 sample ns=0 part=2 epoch=1 window=28 phase=measure evaluated=26 k=4 scale_pct=200 age_ratio=16 host=65559 gc_pages=71722 gc_count=2145 waf_q16=137232 best=18 next=27 settled=0
[799457.680649] NVMeVirt: WATGC_V2 sample ns=0 part=3 epoch=1 window=28 phase=measure evaluated=26 k=4 scale_pct=200 age_ratio=16 host=65553 gc_pages=72368 gc_count=2155 waf_q16=137885 best=18 next=27 settled=0
[799457.689702] NVMeVirt: WATGC_V2 sample ns=0 part=0 epoch=1 window=28 phase=measure evaluated=26 k=4 scale_pct=200 age_ratio=16 host=65559 gc_pages=72298 gc_count=2154 waf_q16=137808 best=18 next=27 settled=0
[799457.713518] NVMeVirt: WATGC_V2 sample ns=0 part=1 epoch=1 window=28 phase=measure evaluated=26 k=4 scale_pct=200 age_ratio=16 host=65555 gc_pages=72111 gc_count=2151 waf_q16=137626 best=18 next=27 settled=0
[799467.509690] NVMeVirt: WATGC_V2 sample ns=0 part=0 epoch=1 window=29 phase=measure evaluated=27 k=4 scale_pct=400 age_ratio=4 host=65544 gc_pages=67515 gc_count=2079 waf_q16=133042 best=18 next=28 settled=0
[799467.511468] NVMeVirt: WATGC_V2 sample ns=0 part=3 epoch=1 window=29 phase=measure evaluated=27 k=4 scale_pct=400 age_ratio=4 host=65540 gc_pages=66943 gc_count=2070 waf_q16=132474 best=18 next=28 settled=0
[799467.526426] NVMeVirt: WATGC_V2 sample ns=0 part=2 epoch=1 window=29 phase=measure evaluated=27 k=4 scale_pct=400 age_ratio=4 host=65536 gc_pages=66562 gc_count=2064 waf_q16=132098 best=18 next=28 settled=0
[799467.540574] NVMeVirt: WATGC_V2 sample ns=0 part=1 epoch=1 window=29 phase=measure evaluated=27 k=4 scale_pct=400 age_ratio=4 host=65541 gc_pages=66814 gc_count=2068 waf_q16=132344 best=18 next=28 settled=0
[799477.327154] NVMeVirt: WATGC_V2 sample ns=0 part=0 epoch=1 window=30 phase=measure evaluated=28 k=4 scale_pct=400 age_ratio=7 host=65561 gc_pages=67111 gc_count=2073 waf_q16=132621 best=18 next=29 settled=0
[799477.355986] NVMeVirt: WATGC_V2 sample ns=0 part=2 epoch=1 window=30 phase=measure evaluated=28 k=4 scale_pct=400 age_ratio=7 host=65566 gc_pages=67042 gc_count=2072 waf_q16=132547 best=18 next=29 settled=0
[799477.364288] NVMeVirt: WATGC_V2 sample ns=0 part=3 epoch=1 window=30 phase=measure evaluated=28 k=4 scale_pct=400 age_ratio=7 host=65543 gc_pages=67384 gc_count=2077 waf_q16=132912 best=18 next=29 settled=0
[799477.373287] NVMeVirt: WATGC_V2 sample ns=0 part=1 epoch=1 window=30 phase=measure evaluated=28 k=4 scale_pct=400 age_ratio=7 host=65559 gc_pages=66793 gc_count=2068 waf_q16=132305 best=18 next=29 settled=0
[799482.076728] mix-mixQ-online-4029478 phase=A END
[799482.085598] mix-mixQ-online-4029478 phase=B START idle=300
[799782.100801] mix-mixQ-online-4029478 phase=B END
[799782.108777] mix-mixQ-online-4029478 phase=C START
[799782.367894] NVMeVirt: WATGC_V2 discard ns=0 part=2 epoch=1 phase=2 arm=29 host=13742 gc_pages=12620 gc_count=412 reason=undersized
[799782.368050] NVMeVirt: WATGC_V2 discard ns=0 part=0 epoch=1 phase=2 arm=29 host=14185 gc_pages=13457 gc_count=432 reason=undersized
[799782.369552] NVMeVirt: WATGC_V2 discard ns=0 part=3 epoch=1 phase=2 arm=29 host=13758 gc_pages=12669 gc_count=413 reason=undersized
[799782.370268] NVMeVirt: WATGC_V2 discard ns=0 part=1 epoch=1 phase=2 arm=29 host=13741 gc_pages=12557 gc_count=411 reason=undersized
[799792.176106] NVMeVirt: WATGC_V2 sample ns=0 part=3 epoch=1 window=31 phase=measure evaluated=29 k=4 scale_pct=400 age_ratio=16 host=65547 gc_pages=86246 gc_count=2372 waf_q16=151767 best=18 next=30 settled=0
[799792.203198] NVMeVirt: WATGC_V2 sample ns=0 part=2 epoch=1 window=31 phase=measure evaluated=29 k=4 scale_pct=400 age_ratio=16 host=65561 gc_pages=86744 gc_count=2380 waf_q16=152246 best=18 next=30 settled=0
[799792.205026] NVMeVirt: WATGC_V2 sample ns=0 part=1 epoch=1 window=31 phase=measure evaluated=29 k=4 scale_pct=400 age_ratio=16 host=65562 gc_pages=86449 gc_count=2375 waf_q16=151950 best=18 next=30 settled=0
[799792.220803] NVMeVirt: WATGC_V2 sample ns=0 part=0 epoch=1 window=31 phase=measure evaluated=29 k=4 scale_pct=400 age_ratio=16 host=65558 gc_pages=86491 gc_count=2376 waf_q16=151997 best=18 next=30 settled=0
[799802.025769] NVMeVirt: WATGC_V2 sample ns=0 part=3 epoch=1 window=32 phase=measure evaluated=30 k=7 scale_pct=25 age_ratio=4 host=65566 gc_pages=46369 gc_count=1749 waf_q16=111883 best=18 next=31 settled=0
[799802.029602] NVMeVirt: WATGC_V2 sample ns=0 part=1 epoch=1 window=32 phase=measure evaluated=30 k=7 scale_pct=25 age_ratio=4 host=65542 gc_pages=46395 gc_count=1749 waf_q16=111926 best=18 next=31 settled=0
[799802.035659] NVMeVirt: WATGC_V2 sample ns=0 part=2 epoch=1 window=32 phase=measure evaluated=30 k=7 scale_pct=25 age_ratio=4 host=65537 gc_pages=46271 gc_count=1747 waf_q16=111806 best=18 next=31 settled=0
[799802.050615] NVMeVirt: WATGC_V2 sample ns=0 part=0 epoch=1 window=32 phase=measure evaluated=30 k=7 scale_pct=25 age_ratio=4 host=65565 gc_pages=46436 gc_count=1750 waf_q16=111951 best=18 next=31 settled=0
[799811.857995] NVMeVirt: WATGC_V2 sample ns=0 part=2 epoch=1 window=33 phase=measure evaluated=31 k=7 scale_pct=25 age_ratio=7 host=65563 gc_pages=40101 gc_count=1651 waf_q16=105620 best=31 next=32 settled=0
[799811.873166] NVMeVirt: WATGC_V2 sample ns=0 part=1 epoch=1 window=33 phase=measure evaluated=31 k=7 scale_pct=25 age_ratio=7 host=65566 gc_pages=40100 gc_count=1651 waf_q16=105617 best=31 next=32 settled=0
[799811.873691] NVMeVirt: WATGC_V2 sample ns=0 part=3 epoch=1 window=33 phase=measure evaluated=31 k=7 scale_pct=25 age_ratio=7 host=65548 gc_pages=40499 gc_count=1657 waf_q16=106027 best=31 next=32 settled=0
[799811.876593] NVMeVirt: WATGC_V2 sample ns=0 part=0 epoch=1 window=33 phase=measure evaluated=31 k=7 scale_pct=25 age_ratio=7 host=65573 gc_pages=39774 gc_count=1646 waf_q16=105287 best=31 next=32 settled=0
[799821.699974] NVMeVirt: WATGC_V2 sample ns=0 part=0 epoch=1 window=34 phase=measure evaluated=32 k=7 scale_pct=25 age_ratio=16 host=65566 gc_pages=53105 gc_count=1854 waf_q16=118616 best=31 next=33 settled=0
[799821.701071] NVMeVirt: WATGC_V2 sample ns=0 part=2 epoch=1 window=34 phase=measure evaluated=32 k=7 scale_pct=25 age_ratio=16 host=65565 gc_pages=55450 gc_count=1891 waf_q16=120961 best=31 next=33 settled=0
[799821.701470] NVMeVirt: WATGC_V2 sample ns=0 part=3 epoch=1 window=34 phase=measure evaluated=32 k=7 scale_pct=25 age_ratio=16 host=65552 gc_pages=53805 gc_count=1865 waf_q16=119327 best=31 next=33 settled=0
[799821.719818] NVMeVirt: WATGC_V2 sample ns=0 part=1 epoch=1 window=34 phase=measure evaluated=32 k=7 scale_pct=25 age_ratio=16 host=65542 gc_pages=54614 gc_count=1877 waf_q16=120145 best=31 next=33 settled=0
[799831.536180] NVMeVirt: WATGC_V2 sample ns=0 part=2 epoch=1 window=35 phase=measure evaluated=33 k=7 scale_pct=50 age_ratio=4 host=65568 gc_pages=40609 gc_count=1659 waf_q16=106125 best=31 next=34 settled=0
[799831.537865] NVMeVirt: WATGC_V2 sample ns=0 part=3 epoch=1 window=35 phase=measure evaluated=33 k=7 scale_pct=50 age_ratio=4 host=65571 gc_pages=41248 gc_count=1669 waf_q16=106761 best=31 next=34 settled=0
[799831.538364] NVMeVirt: WATGC_V2 sample ns=0 part=1 epoch=1 window=35 phase=measure evaluated=33 k=7 scale_pct=50 age_ratio=4 host=65562 gc_pages=41000 gc_count=1665 waf_q16=106519 best=31 next=34 settled=0
[799831.553984] NVMeVirt: WATGC_V2 sample ns=0 part=0 epoch=1 window=35 phase=measure evaluated=33 k=7 scale_pct=50 age_ratio=4 host=65556 gc_pages=41197 gc_count=1668 waf_q16=106720 best=31 next=34 settled=0
[799841.362123] NVMeVirt: WATGC_V2 sample ns=0 part=3 epoch=1 window=36 phase=measure evaluated=34 k=7 scale_pct=50 age_ratio=7 host=65546 gc_pages=53689 gc_count=1863 waf_q16=119216 best=31 next=35 settled=0
[799841.369998] NVMeVirt: WATGC_V2 sample ns=0 part=0 epoch=1 window=36 phase=measure evaluated=34 k=7 scale_pct=50 age_ratio=7 host=65565 gc_pages=53590 gc_count=1862 waf_q16=119102 best=31 next=35 settled=0
[799841.382412] NVMeVirt: WATGC_V2 sample ns=0 part=2 epoch=1 window=36 phase=measure evaluated=34 k=7 scale_pct=50 age_ratio=7 host=65573 gc_pages=50456 gc_count=1813 waf_q16=115963 best=31 next=35 settled=0
[799841.391006] NVMeVirt: WATGC_V2 sample ns=0 part=1 epoch=1 window=36 phase=measure evaluated=34 k=7 scale_pct=50 age_ratio=7 host=65573 gc_pages=51074 gc_count=1823 waf_q16=116581 best=31 next=35 settled=0
[799851.194819] NVMeVirt: WATGC_V2 sample ns=0 part=2 epoch=1 window=37 phase=measure evaluated=35 k=7 scale_pct=50 age_ratio=16 host=65544 gc_pages=46776 gc_count=1755 waf_q16=112306 best=31 next=36 settled=0
[799851.202479] NVMeVirt: WATGC_V2 sample ns=0 part=1 epoch=1 window=37 phase=measure evaluated=35 k=7 scale_pct=50 age_ratio=16 host=65550 gc_pages=47690 gc_count=1769 waf_q16=113215 best=31 next=36 settled=0
[799851.215966] NVMeVirt: WATGC_V2 sample ns=0 part=3 epoch=1 window=37 phase=measure evaluated=35 k=7 scale_pct=50 age_ratio=16 host=65553 gc_pages=46588 gc_count=1752 waf_q16=112111 best=31 next=36 settled=0
[799851.228592] NVMeVirt: WATGC_V2 sample ns=0 part=0 epoch=1 window=37 phase=measure evaluated=35 k=7 scale_pct=50 age_ratio=16 host=65552 gc_pages=46881 gc_count=1757 waf_q16=112405 best=31 next=36 settled=0
[799861.019119] NVMeVirt: WATGC_V2 sample ns=0 part=2 epoch=1 window=38 phase=measure evaluated=36 k=7 scale_pct=100 age_ratio=4 host=65569 gc_pages=37986 gc_count=1618 waf_q16=103502 best=36 next=38 settled=0
[799861.025285] NVMeVirt: WATGC_V2 sample ns=0 part=0 epoch=1 window=38 phase=measure evaluated=36 k=7 scale_pct=100 age_ratio=4 host=65540 gc_pages=37824 gc_count=1615 waf_q16=103357 best=36 next=38 settled=0
[799861.063685] NVMeVirt: WATGC_V2 sample ns=0 part=1 epoch=1 window=38 phase=measure evaluated=36 k=7 scale_pct=100 age_ratio=4 host=65541 gc_pages=37952 gc_count=1617 waf_q16=103485 best=36 next=38 settled=0
[799861.069810] NVMeVirt: WATGC_V2 sample ns=0 part=3 epoch=1 window=38 phase=measure evaluated=36 k=7 scale_pct=100 age_ratio=4 host=65571 gc_pages=37217 gc_count=1606 waf_q16=102733 best=36 next=38 settled=0
[799870.840819] NVMeVirt: WATGC_V2 sample ns=0 part=2 epoch=1 window=39 phase=measure evaluated=38 k=7 scale_pct=100 age_ratio=16 host=65541 gc_pages=59709 gc_count=1957 waf_q16=125240 best=36 next=39 settled=0
[799870.848393] NVMeVirt: WATGC_V2 sample ns=0 part=0 epoch=1 window=39 phase=measure evaluated=38 k=7 scale_pct=100 age_ratio=16 host=65552 gc_pages=58674 gc_count=1941 waf_q16=124195 best=36 next=39 settled=0
[799870.889683] NVMeVirt: WATGC_V2 sample ns=0 part=3 epoch=1 window=39 phase=measure evaluated=38 k=7 scale_pct=100 age_ratio=16 host=65547 gc_pages=59786 gc_count=1958 waf_q16=125311 best=36 next=39 settled=0
[799870.926944] NVMeVirt: WATGC_V2 sample ns=0 part=1 epoch=1 window=39 phase=measure evaluated=38 k=7 scale_pct=100 age_ratio=16 host=65538 gc_pages=59710 gc_count=1957 waf_q16=125244 best=36 next=39 settled=0
[799880.673747] NVMeVirt: WATGC_V2 sample ns=0 part=2 epoch=1 window=40 phase=measure evaluated=39 k=7 scale_pct=200 age_ratio=4 host=65570 gc_pages=44058 gc_count=1713 waf_q16=109571 best=36 next=40 settled=0
[799880.706503] NVMeVirt: WATGC_V2 sample ns=0 part=0 epoch=1 window=40 phase=measure evaluated=39 k=7 scale_pct=200 age_ratio=4 host=65570 gc_pages=43611 gc_count=1706 waf_q16=109124 best=36 next=40 settled=0
[799880.733824] NVMeVirt: WATGC_V2 sample ns=0 part=1 epoch=1 window=40 phase=measure evaluated=39 k=7 scale_pct=200 age_ratio=4 host=65556 gc_pages=43177 gc_count=1699 waf_q16=108699 best=36 next=40 settled=0
[799880.733967] NVMeVirt: WATGC_V2 sample ns=0 part=3 epoch=1 window=40 phase=measure evaluated=39 k=7 scale_pct=200 age_ratio=4 host=65565 gc_pages=43361 gc_count=1702 waf_q16=108877 best=36 next=40 settled=0
[799890.490267] NVMeVirt: WATGC_V2 sample ns=0 part=2 epoch=1 window=41 phase=measure evaluated=40 k=7 scale_pct=200 age_ratio=7 host=65551 gc_pages=46835 gc_count=1756 waf_q16=112360 best=36 next=41 settled=0
[799890.546313] NVMeVirt: WATGC_V2 sample ns=0 part=0 epoch=1 window=41 phase=measure evaluated=40 k=7 scale_pct=200 age_ratio=7 host=65548 gc_pages=46198 gc_count=1746 waf_q16=111725 best=36 next=41 settled=0
[799890.559299] NVMeVirt: WATGC_V2 sample ns=0 part=3 epoch=1 window=41 phase=measure evaluated=40 k=7 scale_pct=200 age_ratio=7 host=65559 gc_pages=45355 gc_count=1733 waf_q16=110875 best=36 next=41 settled=0
[799890.580751] NVMeVirt: WATGC_V2 sample ns=0 part=1 epoch=1 window=41 phase=measure evaluated=40 k=7 scale_pct=200 age_ratio=7 host=65561 gc_pages=45801 gc_count=1740 waf_q16=111319 best=36 next=41 settled=0
[799900.317562] NVMeVirt: WATGC_V2 sample ns=0 part=2 epoch=1 window=42 phase=measure evaluated=41 k=7 scale_pct=200 age_ratio=16 host=65539 gc_pages=70085 gc_count=2119 waf_q16=135617 best=36 next=42 settled=0
[799900.388295] NVMeVirt: WATGC_V2 sample ns=0 part=3 epoch=1 window=42 phase=measure evaluated=41 k=7 scale_pct=200 age_ratio=16 host=65537 gc_pages=68233 gc_count=2090 waf_q16=133767 best=36 next=42 settled=0
[799900.398354] NVMeVirt: WATGC_V2 sample ns=0 part=0 epoch=1 window=42 phase=measure evaluated=41 k=7 scale_pct=200 age_ratio=16 host=65556 gc_pages=69168 gc_count=2105 waf_q16=134682 best=36 next=42 settled=0
[799900.407143] NVMeVirt: WATGC_V2 sample ns=0 part=1 epoch=1 window=42 phase=measure evaluated=41 k=7 scale_pct=200 age_ratio=16 host=65555 gc_pages=69748 gc_count=2114 waf_q16=135263 best=36 next=42 settled=0
[799910.179916] NVMeVirt: WATGC_V2 sample ns=0 part=2 epoch=1 window=43 phase=measure evaluated=42 k=7 scale_pct=400 age_ratio=4 host=65544 gc_pages=51961 gc_count=1836 waf_q16=117490 best=36 next=43 settled=0
[799910.218374] NVMeVirt: WATGC_V2 sample ns=0 part=1 epoch=1 window=43 phase=measure evaluated=42 k=7 scale_pct=400 age_ratio=4 host=65544 gc_pages=51896 gc_count=1835 waf_q16=117425 best=36 next=43 settled=0
[799910.220615] NVMeVirt: WATGC_V2 sample ns=0 part=3 epoch=1 window=43 phase=measure evaluated=42 k=7 scale_pct=400 age_ratio=4 host=65541 gc_pages=51387 gc_count=1827 waf_q16=116919 best=36 next=43 settled=0
[799910.228108] NVMeVirt: WATGC_V2 sample ns=0 part=0 epoch=1 window=43 phase=measure evaluated=42 k=7 scale_pct=400 age_ratio=4 host=65559 gc_pages=51561 gc_count=1830 waf_q16=117078 best=36 next=43 settled=0
[799920.002475] NVMeVirt: WATGC_V2 sample ns=0 part=2 epoch=1 window=44 phase=measure evaluated=43 k=7 scale_pct=400 age_ratio=7 host=65546 gc_pages=53116 gc_count=1854 waf_q16=118643 best=36 next=44 settled=0
[799920.036532] NVMeVirt: WATGC_V2 sample ns=0 part=3 epoch=1 window=44 phase=measure evaluated=43 k=7 scale_pct=400 age_ratio=7 host=65566 gc_pages=53032 gc_count=1853 waf_q16=118543 best=36 next=44 settled=0
[799920.057611] NVMeVirt: WATGC_V2 sample ns=0 part=1 epoch=1 window=44 phase=measure evaluated=43 k=7 scale_pct=400 age_ratio=7 host=65539 gc_pages=53955 gc_count=1867 waf_q16=119488 best=36 next=44 settled=0
[799920.082365] NVMeVirt: WATGC_V2 sample ns=0 part=0 epoch=1 window=44 phase=measure evaluated=43 k=7 scale_pct=400 age_ratio=7 host=65559 gc_pages=53040 gc_count=1853 waf_q16=118557 best=36 next=44 settled=0
[799929.851955] NVMeVirt: WATGC_V2 sample ns=0 part=2 epoch=1 window=45 phase=measure evaluated=44 k=7 scale_pct=400 age_ratio=16 host=65547 gc_pages=65842 gc_count=2053 waf_q16=131366 best=36 next=45 settled=0
[799929.870171] NVMeVirt: WATGC_V2 sample ns=0 part=3 epoch=1 window=45 phase=measure evaluated=44 k=7 scale_pct=400 age_ratio=16 host=65569 gc_pages=65884 gc_count=2054 waf_q16=131386 best=36 next=45 settled=0
[799929.889235] NVMeVirt: WATGC_V2 sample ns=0 part=0 epoch=1 window=45 phase=measure evaluated=44 k=7 scale_pct=400 age_ratio=16 host=65563 gc_pages=66338 gc_count=2061 waf_q16=131846 best=36 next=45 settled=0
[799929.902504] NVMeVirt: WATGC_V2 sample ns=0 part=1 epoch=1 window=45 phase=measure evaluated=44 k=7 scale_pct=400 age_ratio=16 host=65550 gc_pages=65903 gc_count=2054 waf_q16=131424 best=36 next=45 settled=0
[799939.677365] NVMeVirt: WATGC_V2 sample ns=0 part=2 epoch=1 window=46 phase=measure evaluated=45 k=10 scale_pct=25 age_ratio=4 host=65543 gc_pages=52096 gc_count=1838 waf_q16=117626 best=36 next=46 settled=0
[799939.714855] NVMeVirt: WATGC_V2 sample ns=0 part=0 epoch=1 window=46 phase=measure evaluated=45 k=10 scale_pct=25 age_ratio=4 host=65542 gc_pages=51012 gc_count=1821 waf_q16=116543 best=36 next=46 settled=0
[799939.721024] NVMeVirt: WATGC_V2 sample ns=0 part=3 epoch=1 window=46 phase=measure evaluated=45 k=10 scale_pct=25 age_ratio=4 host=65543 gc_pages=51184 gc_count=1824 waf_q16=116714 best=36 next=46 settled=0
[799939.724626] NVMeVirt: WATGC_V2 sample ns=0 part=1 epoch=1 window=46 phase=measure evaluated=45 k=10 scale_pct=25 age_ratio=4 host=65567 gc_pages=52182 gc_count=1840 waf_q16=117693 best=36 next=46 settled=0
[799949.513278] NVMeVirt: WATGC_V2 sample ns=0 part=2 epoch=1 window=47 phase=measure evaluated=46 k=10 scale_pct=25 age_ratio=7 host=65566 gc_pages=43555 gc_count=1705 waf_q16=109071 best=36 next=47 settled=0
[799949.537707] NVMeVirt: WATGC_V2 sample ns=0 part=0 epoch=1 window=47 phase=measure evaluated=46 k=10 scale_pct=25 age_ratio=7 host=65551 gc_pages=45231 gc_count=1731 waf_q16=110756 best=36 next=47 settled=0
[799949.557758] NVMeVirt: WATGC_V2 sample ns=0 part=1 epoch=1 window=47 phase=measure evaluated=46 k=10 scale_pct=25 age_ratio=7 host=65567 gc_pages=45220 gc_count=1731 waf_q16=110734 best=36 next=47 settled=0
[799949.565914] NVMeVirt: WATGC_V2 sample ns=0 part=3 epoch=1 window=47 phase=measure evaluated=46 k=10 scale_pct=25 age_ratio=7 host=65560 gc_pages=42919 gc_count=1695 waf_q16=108439 best=36 next=47 settled=0
[799959.363056] NVMeVirt: WATGC_V2 sample ns=0 part=2 epoch=1 window=48 phase=measure evaluated=47 k=10 scale_pct=25 age_ratio=16 host=65554 gc_pages=47134 gc_count=1761 waf_q16=112657 best=36 next=48 settled=0
[799959.364985] NVMeVirt: WATGC_V2 sample ns=0 part=3 epoch=1 window=48 phase=measure evaluated=47 k=10 scale_pct=25 age_ratio=16 host=65558 gc_pages=45657 gc_count=1738 waf_q16=111177 best=36 next=48 settled=0
[799959.378512] NVMeVirt: WATGC_V2 sample ns=0 part=1 epoch=1 window=48 phase=measure evaluated=47 k=10 scale_pct=25 age_ratio=16 host=65549 gc_pages=47065 gc_count=1760 waf_q16=112591 best=36 next=48 settled=0
[799959.406607] NVMeVirt: WATGC_V2 sample ns=0 part=0 epoch=1 window=48 phase=measure evaluated=47 k=10 scale_pct=25 age_ratio=16 host=65541 gc_pages=47549 gc_count=1767 waf_q16=113081 best=36 next=48 settled=0
[799969.166111] NVMeVirt: WATGC_V2 sample ns=0 part=2 epoch=1 window=49 phase=measure evaluated=48 k=10 scale_pct=50 age_ratio=4 host=65552 gc_pages=46841 gc_count=1756 waf_q16=112365 best=36 next=49 settled=0
[799969.196579] NVMeVirt: WATGC_V2 sample ns=0 part=3 epoch=1 window=49 phase=measure evaluated=48 k=10 scale_pct=50 age_ratio=4 host=65568 gc_pages=46698 gc_count=1754 waf_q16=112211 best=36 next=49 settled=0
[799969.230962] NVMeVirt: WATGC_V2 sample ns=0 part=1 epoch=1 window=49 phase=measure evaluated=48 k=10 scale_pct=50 age_ratio=4 host=65560 gc_pages=47025 gc_count=1759 waf_q16=112543 best=36 next=49 settled=0
[799969.250666] NVMeVirt: WATGC_V2 sample ns=0 part=0 epoch=1 window=49 phase=measure evaluated=48 k=10 scale_pct=50 age_ratio=4 host=65537 gc_pages=47489 gc_count=1766 waf_q16=113024 best=36 next=49 settled=0
[799979.023073] NVMeVirt: WATGC_V2 sample ns=0 part=2 epoch=1 window=50 phase=measure evaluated=49 k=10 scale_pct=50 age_ratio=7 host=65556 gc_pages=41322 gc_count=1670 waf_q16=106845 best=36 next=50 settled=0
[799979.045126] NVMeVirt: WATGC_V2 sample ns=0 part=3 epoch=1 window=50 phase=measure evaluated=49 k=10 scale_pct=50 age_ratio=7 host=65558 gc_pages=41960 gc_count=1680 waf_q16=107481 best=36 next=50 settled=0
[799979.056915] NVMeVirt: WATGC_V2 sample ns=0 part=0 epoch=1 window=50 phase=measure evaluated=49 k=10 scale_pct=50 age_ratio=7 host=65563 gc_pages=41562 gc_count=1674 waf_q16=107080 best=36 next=50 settled=0
[799979.065352] NVMeVirt: WATGC_V2 sample ns=0 part=1 epoch=1 window=50 phase=measure evaluated=49 k=10 scale_pct=50 age_ratio=7 host=65553 gc_pages=41829 gc_count=1678 waf_q16=107354 best=36 next=50 settled=0
[799988.856197] NVMeVirt: WATGC_V2 sample ns=0 part=2 epoch=1 window=51 phase=measure evaluated=50 k=10 scale_pct=50 age_ratio=16 host=65565 gc_pages=51513 gc_count=1829 waf_q16=117026 best=36 next=51 settled=0
[799988.869720] NVMeVirt: WATGC_V2 sample ns=0 part=1 epoch=1 window=51 phase=measure evaluated=50 k=10 scale_pct=50 age_ratio=16 host=65563 gc_pages=50729 gc_count=1817 waf_q16=116244 best=36 next=51 settled=0
[799988.887736] NVMeVirt: WATGC_V2 sample ns=0 part=3 epoch=1 window=51 phase=measure evaluated=50 k=10 scale_pct=50 age_ratio=16 host=65544 gc_pages=50443 gc_count=1812 waf_q16=115972 best=36 next=51 settled=0
[799988.911815] NVMeVirt: WATGC_V2 sample ns=0 part=0 epoch=1 window=51 phase=measure evaluated=50 k=10 scale_pct=50 age_ratio=16 host=65551 gc_pages=52358 gc_count=1842 waf_q16=117882 best=36 next=51 settled=0
[799998.695447] NVMeVirt: WATGC_V2 sample ns=0 part=2 epoch=1 window=52 phase=measure evaluated=51 k=10 scale_pct=100 age_ratio=4 host=65539 gc_pages=45955 gc_count=1742 waf_q16=111488 best=36 next=52 settled=0
[799998.709050] NVMeVirt: WATGC_V2 sample ns=0 part=1 epoch=1 window=52 phase=measure evaluated=51 k=10 scale_pct=100 age_ratio=4 host=65566 gc_pages=45928 gc_count=1742 waf_q16=111442 best=36 next=52 settled=0
[799998.720177] NVMeVirt: WATGC_V2 sample ns=0 part=0 epoch=1 window=52 phase=measure evaluated=51 k=10 scale_pct=100 age_ratio=4 host=65540 gc_pages=44994 gc_count=1727 waf_q16=110527 best=36 next=52 settled=0
[799998.736727] NVMeVirt: WATGC_V2 sample ns=0 part=3 epoch=1 window=52 phase=measure evaluated=51 k=10 scale_pct=100 age_ratio=4 host=65552 gc_pages=45429 gc_count=1734 waf_q16=110953 best=36 next=52 settled=0
[800008.531309] NVMeVirt: WATGC_V2 sample ns=0 part=2 epoch=1 window=53 phase=measure evaluated=52 k=10 scale_pct=100 age_ratio=7 host=65569 gc_pages=47256 gc_count=1763 waf_q16=112768 best=36 next=53 settled=0
[800008.543704] NVMeVirt: WATGC_V2 sample ns=0 part=0 epoch=1 window=53 phase=measure evaluated=52 k=10 scale_pct=100 age_ratio=7 host=65560 gc_pages=47267 gc_count=1763 waf_q16=112785 best=36 next=53 settled=0
[800008.558140] NVMeVirt: WATGC_V2 sample ns=0 part=3 epoch=1 window=53 phase=measure evaluated=52 k=10 scale_pct=100 age_ratio=7 host=65566 gc_pages=47069 gc_count=1760 waf_q16=112583 best=36 next=53 settled=0
[800008.562047] NVMeVirt: WATGC_V2 sample ns=0 part=1 epoch=1 window=53 phase=measure evaluated=52 k=10 scale_pct=100 age_ratio=7 host=65562 gc_pages=46880 gc_count=1757 waf_q16=112397 best=36 next=53 settled=0
[800018.370748] NVMeVirt: WATGC_V2 sample ns=0 part=3 epoch=1 window=54 phase=measure evaluated=53 k=10 scale_pct=100 age_ratio=16 host=65569 gc_pages=51108 gc_count=1823 waf_q16=116618 best=36 next=54 settled=0
[800018.379988] NVMeVirt: WATGC_V2 sample ns=0 part=0 epoch=1 window=54 phase=measure evaluated=53 k=10 scale_pct=100 age_ratio=16 host=65562 gc_pages=50477 gc_count=1813 waf_q16=115992 best=36 next=54 settled=0
[800018.381654] NVMeVirt: WATGC_V2 sample ns=0 part=2 epoch=1 window=54 phase=measure evaluated=53 k=10 scale_pct=100 age_ratio=16 host=65545 gc_pages=51961 gc_count=1836 waf_q16=117489 best=36 next=54 settled=0
[800018.399359] NVMeVirt: WATGC_V2 sample ns=0 part=1 epoch=1 window=54 phase=measure evaluated=53 k=10 scale_pct=100 age_ratio=16 host=65556 gc_pages=49715 gc_count=1801 waf_q16=115235 best=36 next=54 settled=0
[800028.202921] NVMeVirt: WATGC_V2 sample ns=0 part=0 epoch=1 window=55 phase=measure evaluated=54 k=10 scale_pct=200 age_ratio=4 host=65568 gc_pages=46497 gc_count=1751 waf_q16=112010 best=36 next=55 settled=0
[800028.203446] NVMeVirt: WATGC_V2 sample ns=0 part=3 epoch=1 window=55 phase=measure evaluated=54 k=10 scale_pct=200 age_ratio=4 host=65545 gc_pages=45240 gc_count=1731 waf_q16=110769 best=36 next=55 settled=0
[800028.220332] NVMeVirt: WATGC_V2 sample ns=0 part=2 epoch=1 window=55 phase=measure evaluated=54 k=10 scale_pct=200 age_ratio=4 host=65559 gc_pages=45482 gc_count=1735 waf_q16=111002 best=36 next=55 settled=0
[800028.249354] NVMeVirt: WATGC_V2 sample ns=0 part=1 epoch=1 window=55 phase=measure evaluated=54 k=10 scale_pct=200 age_ratio=4 host=65566 gc_pages=46115 gc_count=1745 waf_q16=111629 best=36 next=55 settled=0
[800038.042989] NVMeVirt: WATGC_V2 sample ns=0 part=0 epoch=1 window=56 phase=measure evaluated=55 k=10 scale_pct=200 age_ratio=7 host=65551 gc_pages=51821 gc_count=1834 waf_q16=117345 best=36 next=56 settled=0
[800038.044970] NVMeVirt: WATGC_V2 sample ns=0 part=3 epoch=1 window=56 phase=measure evaluated=55 k=10 scale_pct=200 age_ratio=7 host=65566 gc_pages=52127 gc_count=1839 waf_q16=117639 best=36 next=56 settled=0
[800038.055867] NVMeVirt: WATGC_V2 sample ns=0 part=2 epoch=1 window=56 phase=measure evaluated=55 k=10 scale_pct=200 age_ratio=7 host=65558 gc_pages=52839 gc_count=1850 waf_q16=118357 best=36 next=56 settled=0
[800038.069849] NVMeVirt: WATGC_V2 sample ns=0 part=1 epoch=1 window=56 phase=measure evaluated=55 k=10 scale_pct=200 age_ratio=7 host=65563 gc_pages=51993 gc_count=1837 waf_q16=117507 best=36 next=56 settled=0
[800047.879414] NVMeVirt: WATGC_V2 sample ns=0 part=2 epoch=1 window=57 phase=measure evaluated=56 k=10 scale_pct=200 age_ratio=16 host=65549 gc_pages=49396 gc_count=1796 waf_q16=114922 best=36 next=57 settled=0
[800047.880682] NVMeVirt: WATGC_V2 sample ns=0 part=3 epoch=1 window=57 phase=measure evaluated=56 k=10 scale_pct=200 age_ratio=16 host=65548 gc_pages=49014 gc_count=1790 waf_q16=114541 best=36 next=57 settled=0
[800047.890678] NVMeVirt: WATGC_V2 sample ns=0 part=1 epoch=1 window=57 phase=measure evaluated=56 k=10 scale_pct=200 age_ratio=16 host=65539 gc_pages=49087 gc_count=1791 waf_q16=114620 best=36 next=57 settled=0
[800047.894003] NVMeVirt: WATGC_V2 sample ns=0 part=0 epoch=1 window=57 phase=measure evaluated=56 k=10 scale_pct=200 age_ratio=16 host=65561 gc_pages=49513 gc_count=1798 waf_q16=115030 best=36 next=57 settled=0
[800057.698149] NVMeVirt: WATGC_V2 sample ns=0 part=3 epoch=1 window=58 phase=measure evaluated=57 k=10 scale_pct=400 age_ratio=4 host=65548 gc_pages=52795 gc_count=1849 waf_q16=118321 best=36 next=58 settled=0
[800057.707537] NVMeVirt: WATGC_V2 sample ns=0 part=2 epoch=1 window=58 phase=measure evaluated=57 k=10 scale_pct=400 age_ratio=4 host=65543 gc_pages=52800 gc_count=1849 waf_q16=118330 best=36 next=58 settled=0
[800057.721041] NVMeVirt: WATGC_V2 sample ns=0 part=0 epoch=1 window=58 phase=measure evaluated=57 k=10 scale_pct=400 age_ratio=4 host=65545 gc_pages=52287 gc_count=1841 waf_q16=117815 best=36 next=58 settled=0
[800057.755518] NVMeVirt: WATGC_V2 sample ns=0 part=1 epoch=1 window=58 phase=measure evaluated=57 k=10 scale_pct=400 age_ratio=4 host=65565 gc_pages=51947 gc_count=1836 waf_q16=117460 best=36 next=58 settled=0
[800067.523346] NVMeVirt: WATGC_V2 sample ns=0 part=3 epoch=1 window=59 phase=measure evaluated=58 k=10 scale_pct=400 age_ratio=7 host=65561 gc_pages=59754 gc_count=1958 waf_q16=125267 best=36 next=59 settled=0
[800067.551164] NVMeVirt: WATGC_V2 sample ns=0 part=0 epoch=1 window=59 phase=measure evaluated=58 k=10 scale_pct=400 age_ratio=7 host=65557 gc_pages=59694 gc_count=1957 waf_q16=125210 best=36 next=59 settled=0
[800067.559083] NVMeVirt: WATGC_V2 sample ns=0 part=2 epoch=1 window=59 phase=measure evaluated=58 k=10 scale_pct=400 age_ratio=7 host=65537 gc_pages=60097 gc_count=1963 waf_q16=125632 best=36 next=59 settled=0
[800067.583637] NVMeVirt: WATGC_V2 sample ns=0 part=1 epoch=1 window=59 phase=measure evaluated=58 k=10 scale_pct=400 age_ratio=7 host=65557 gc_pages=59054 gc_count=1947 waf_q16=124571 best=36 next=59 settled=0
[800077.367202] NVMeVirt: WATGC_V2 sample ns=0 part=0 epoch=1 window=60 phase=measure evaluated=59 k=10 scale_pct=400 age_ratio=16 host=65572 gc_pages=57304 gc_count=1920 waf_q16=122808 best=36 next=0 settled=0
[800077.381363] NVMeVirt: WATGC_V2 sample ns=0 part=3 epoch=1 window=60 phase=measure evaluated=59 k=10 scale_pct=400 age_ratio=16 host=65540 gc_pages=57592 gc_count=1924 waf_q16=123124 best=36 next=0 settled=0
[800077.389407] NVMeVirt: WATGC_V2 sample ns=0 part=2 epoch=1 window=60 phase=measure evaluated=59 k=10 scale_pct=400 age_ratio=16 host=65548 gc_pages=57841 gc_count=1928 waf_q16=123366 best=36 next=0 settled=0
[800077.415703] NVMeVirt: WATGC_V2 sample ns=0 part=1 epoch=1 window=60 phase=measure evaluated=59 k=10 scale_pct=400 age_ratio=16 host=65558 gc_pages=56744 gc_count=1911 waf_q16=122260 best=36 next=0 settled=0
[800082.420320] mix-mixQ-online-4029478 phase=C END
[800082.423416] NVMeVirt: Measurement: command=stop epoch=1 host_bytes=98306711552 learner_active=0
[800082.489496] EXT4-fs (nvme0n1): unmounting filesystem 87be0e81-aac8-41d6-848b-c5e0c6994dba.
[800082.541707] pci_bus 0001:10: busn_res: [bus 10-ff] is released
[800082.541881] NVMeVirt: WATGC_V2 summary ns=0 part=0 epoch=1 windows=60 epoch_windows=60 discarded=1 visited=60 covered=0 settled=0 phase=2 current=0 best=36 k=7 scale_pct=100 age_ratio=4 best_waf_valid=1 best_waf_q16=103357
[800082.541890] NVMeVirt: WATGC_V2 summary ns=0 part=1 epoch=1 windows=60 epoch_windows=60 discarded=1 visited=60 covered=0 settled=0 phase=2 current=0 best=36 k=7 scale_pct=100 age_ratio=4 best_waf_valid=1 best_waf_q16=103485
[800082.541895] NVMeVirt: WATGC_V2 summary ns=0 part=2 epoch=1 windows=60 epoch_windows=60 discarded=1 visited=60 covered=0 settled=0 phase=2 current=0 best=36 k=7 scale_pct=100 age_ratio=4 best_waf_valid=1 best_waf_q16=103502
[800082.541898] NVMeVirt: WATGC_V2 summary ns=0 part=3 epoch=1 windows=60 epoch_windows=60 discarded=1 visited=60 covered=0 settled=0 phase=2 current=0 best=36 k=7 scale_pct=100 age_ratio=4 best_waf_valid=1 best_waf_q16=102733
[800082.541901] NVMeVirt: GC stats: ns=0 policy=watgc-v2 host_pages=24000662 gc_pages=22471582 gc_count=726129 WAF=1.936 warmup_gc=100-per-part
[800082.621798] NVMeVirt: Virtual NVMe device closed
