[849028.720294] mix-mixD-fixed47-4126265 BEGIN
[849028.732860] NVMeVirt: Version 1.10 for >> Samsung 970 Pro SSD <<
[849028.732865] NVMeVirt: Storage: 0x100100000-0x300000000 (8191 MiB)
[849028.743940] NVMeVirt: Total Capacity(GiB,MiB)=2,2048 chs=2 luns=4 lines=8192 blk-size(MiB,KiB)=0,64 line-size(MiB,KiB)=0,256
[849028.756282] NVMeVirt: [chmodel_init] bandwidth 800 max_credits 26 tx_time 152
[849028.767197] NVMeVirt: [chmodel_init] bandwidth 800 max_credits 26 tx_time 152
[849028.767213] NVMeVirt: [chmodel_init] bandwidth 3360 max_credits 110 tx_time 36
[849028.767215] NVMeVirt: Fixed CAT init ns=0 part=0 arm=47 k=10 scale_pct=25 age_ratio=16
[849028.768125] NVMeVirt: pqueue: Copyright (c) 2014, Volkan Yazıcı <volkan.yazici@gmail.com>. All rights reserved.
[849028.768165] NVMeVirt: Init FTL instance with 2 channels (524288 pages)
[849028.768167] NVMeVirt: GC victim policy: cat-fig7-fixed ns=0 part=0 initial_k=10 initial_scale_pct=25 initial_age_ratio=16 warmup_gc=100
[849028.778419] NVMeVirt: [chmodel_init] bandwidth 800 max_credits 26 tx_time 152
[849028.788926] NVMeVirt: [chmodel_init] bandwidth 800 max_credits 26 tx_time 152
[849028.788942] NVMeVirt: [chmodel_init] bandwidth 3360 max_credits 110 tx_time 36
[849028.788945] NVMeVirt: Fixed CAT init ns=0 part=1 arm=47 k=10 scale_pct=25 age_ratio=16
[849028.790056] NVMeVirt: Init FTL instance with 2 channels (524288 pages)
[849028.790059] NVMeVirt: GC victim policy: cat-fig7-fixed ns=0 part=1 initial_k=10 initial_scale_pct=25 initial_age_ratio=16 warmup_gc=100
[849028.800235] NVMeVirt: [chmodel_init] bandwidth 800 max_credits 26 tx_time 152
[849028.810292] NVMeVirt: [chmodel_init] bandwidth 800 max_credits 26 tx_time 152
[849028.810307] NVMeVirt: [chmodel_init] bandwidth 3360 max_credits 110 tx_time 36
[849028.810309] NVMeVirt: Fixed CAT init ns=0 part=2 arm=47 k=10 scale_pct=25 age_ratio=16
[849028.811327] NVMeVirt: Init FTL instance with 2 channels (524288 pages)
[849028.811330] NVMeVirt: GC victim policy: cat-fig7-fixed ns=0 part=2 initial_k=10 initial_scale_pct=25 initial_age_ratio=16 warmup_gc=100
[849028.821842] NVMeVirt: [chmodel_init] bandwidth 800 max_credits 26 tx_time 152
[849028.832008] NVMeVirt: [chmodel_init] bandwidth 800 max_credits 26 tx_time 152
[849028.832023] NVMeVirt: [chmodel_init] bandwidth 3360 max_credits 110 tx_time 36
[849028.832025] NVMeVirt: Fixed CAT init ns=0 part=3 arm=47 k=10 scale_pct=25 age_ratio=16
[849028.832981] NVMeVirt: Init FTL instance with 2 channels (524288 pages)
[849028.832984] NVMeVirt: GC victim policy: cat-fig7-fixed ns=0 part=3 initial_k=10 initial_scale_pct=25 initial_age_ratio=16 warmup_gc=100
[849028.832990] NVMeVirt: FTL physical space: 8588886016, logical space: 8026996276 (physical/logical * 100 = 107)
[849028.832992] NVMeVirt: ns 0/1: size 7655 MiB
[849028.833042] PCI host bridge to bus 0001:10
[849028.833045] pci_bus 0001:10: root bus resource [io  0x0000-0xffff]
[849028.833049] pci_bus 0001:10: root bus resource [mem 0x00000000-0x7fffffffff]
[849028.833051] pci_bus 0001:10: root bus resource [bus 00-ff]
[849028.833060] pci 0001:10:00.0: [0c51:0110] type 00 class 0x010802 PCIe Endpoint
[849028.833065] pci 0001:10:00.0: BAR 0 [mem 0x100000000-0x100003fff 64bit]
[849028.833069] pci 0001:10:00.0: enabling Extended Tags
[849028.833221] NVMeVirt: Virtual PCI bus created (node 0)
[849028.833525] NVMeVirt: nvmev_io_worker_0 started on cpu 2 (node 0)
[849028.833671] NVMeVirt: nvmev_dispatcher started on cpu 1 (node 0)
[849028.833708] NVMeVirt: Virtual NVMe device created
[849028.833956] nvme nvme0: pci function 0001:10:00.0
[849028.837999] nvme nvme0: 8/0/0 default/read/poll queues
[849028.910823] EXT4-fs (nvme0n1): mounted filesystem 9bed087d-f7f5-4b64-bc5d-abd365a3a7c2 r/w with ordered data mode. Quota mode: none.
[849110.935971] NVMeVirt: Fixed CAT init ns=0 part=0 arm=47 k=10 scale_pct=25 age_ratio=16
[849110.935976] NVMeVirt: Fixed CAT init ns=0 part=1 arm=47 k=10 scale_pct=25 age_ratio=16
[849110.935978] NVMeVirt: Fixed CAT init ns=0 part=2 arm=47 k=10 scale_pct=25 age_ratio=16
[849110.935980] NVMeVirt: Fixed CAT init ns=0 part=3 arm=47 k=10 scale_pct=25 age_ratio=16
[849110.935981] NVMeVirt: Measurement: command=start epoch=1 host_bytes=0 learner_active=1
[849110.943984] mix-mixD-fixed47-4126265 phase=A START
[849711.269504] mix-mixD-fixed47-4126265 phase=A END
[849711.277464] mix-mixD-fixed47-4126265 phase=B START
[850311.589373] mix-mixD-fixed47-4126265 phase=B END
[850311.592711] NVMeVirt: Measurement: command=stop epoch=1 host_bytes=122980933632 learner_active=0
[850311.646921] EXT4-fs (nvme0n1): unmounting filesystem 9bed087d-f7f5-4b64-bc5d-abd365a3a7c2.
[850311.708951] pci_bus 0001:10: busn_res: [bus 10-ff] is released
[850311.709109] NVMeVirt: GC stats: ns=0 policy=cat-fig7-fixed host_pages=30024642 gc_pages=23225615 gc_count=832036 WAF=1.773 warmup_gc=100-per-part
[850311.789590] NVMeVirt: Virtual NVMe device closed
