[773964.439805] mix-mixG-greedy-4004138 BEGIN
[773964.481490] NVMeVirt: Version 1.10 for >> Samsung 970 Pro SSD <<
[773964.481498] NVMeVirt: Storage: 0x100100000-0x300000000 (8191 MiB)
[773964.493051] NVMeVirt: Total Capacity(GiB,MiB)=2,2048 chs=2 luns=4 lines=8192 blk-size(MiB,KiB)=0,64 line-size(MiB,KiB)=0,256
[773964.504705] NVMeVirt: [chmodel_init] bandwidth 800 max_credits 26 tx_time 152
[773964.515299] NVMeVirt: [chmodel_init] bandwidth 800 max_credits 26 tx_time 152
[773964.515320] NVMeVirt: [chmodel_init] bandwidth 3360 max_credits 110 tx_time 36
[773964.515322] NVMeVirt: Fixed CAT init ns=0 part=0 arm=37 k=7 scale_pct=100 age_ratio=7
[773964.516819] NVMeVirt: pqueue: Copyright (c) 2014, Volkan Yazıcı <volkan.yazici@gmail.com>. All rights reserved.
[773964.516883] NVMeVirt: Init FTL instance with 2 channels (524288 pages)
[773964.516886] NVMeVirt: GC victim policy: greedy ns=0 part=0 initial_k=7 initial_scale_pct=100 initial_age_ratio=7 warmup_gc=100
[773964.528117] NVMeVirt: [chmodel_init] bandwidth 800 max_credits 26 tx_time 152
[773964.538781] NVMeVirt: [chmodel_init] bandwidth 800 max_credits 26 tx_time 152
[773964.538795] NVMeVirt: [chmodel_init] bandwidth 3360 max_credits 110 tx_time 36
[773964.538797] NVMeVirt: Fixed CAT init ns=0 part=1 arm=37 k=7 scale_pct=100 age_ratio=7
[773964.539804] NVMeVirt: Init FTL instance with 2 channels (524288 pages)
[773964.539807] NVMeVirt: GC victim policy: greedy ns=0 part=1 initial_k=7 initial_scale_pct=100 initial_age_ratio=7 warmup_gc=100
[773964.550628] NVMeVirt: [chmodel_init] bandwidth 800 max_credits 26 tx_time 152
[773964.561439] NVMeVirt: [chmodel_init] bandwidth 800 max_credits 26 tx_time 152
[773964.561466] NVMeVirt: [chmodel_init] bandwidth 3360 max_credits 110 tx_time 36
[773964.561468] NVMeVirt: Fixed CAT init ns=0 part=2 arm=37 k=7 scale_pct=100 age_ratio=7
[773964.562344] NVMeVirt: Init FTL instance with 2 channels (524288 pages)
[773964.562348] NVMeVirt: GC victim policy: greedy ns=0 part=2 initial_k=7 initial_scale_pct=100 initial_age_ratio=7 warmup_gc=100
[773964.572632] NVMeVirt: [chmodel_init] bandwidth 800 max_credits 26 tx_time 152
[773964.583047] NVMeVirt: [chmodel_init] bandwidth 800 max_credits 26 tx_time 152
[773964.583067] NVMeVirt: [chmodel_init] bandwidth 3360 max_credits 110 tx_time 36
[773964.583070] NVMeVirt: Fixed CAT init ns=0 part=3 arm=37 k=7 scale_pct=100 age_ratio=7
[773964.584396] NVMeVirt: Init FTL instance with 2 channels (524288 pages)
[773964.584412] NVMeVirt: GC victim policy: greedy ns=0 part=3 initial_k=7 initial_scale_pct=100 initial_age_ratio=7 warmup_gc=100
[773964.584420] NVMeVirt: FTL physical space: 8588886016, logical space: 8026996276 (physical/logical * 100 = 107)
[773964.584422] NVMeVirt: ns 0/1: size 7655 MiB
[773964.584529] PCI host bridge to bus 0001:10
[773964.584531] pci_bus 0001:10: root bus resource [io  0x0000-0xffff]
[773964.584535] pci_bus 0001:10: root bus resource [mem 0x00000000-0x7fffffffff]
[773964.584537] pci_bus 0001:10: root bus resource [bus 00-ff]
[773964.584546] pci 0001:10:00.0: [0c51:0110] type 00 class 0x010802 PCIe Endpoint
[773964.584550] pci 0001:10:00.0: BAR 0 [mem 0x100000000-0x100003fff 64bit]
[773964.584553] pci 0001:10:00.0: enabling Extended Tags
[773964.584714] NVMeVirt: Virtual PCI bus created (node 0)
[773964.585096] NVMeVirt: nvmev_io_worker_0 started on cpu 2 (node 0)
[773964.585180] NVMeVirt: nvmev_dispatcher started on cpu 1 (node 0)
[773964.585220] NVMeVirt: Virtual NVMe device created
[773964.585352] nvme nvme0: pci function 0001:10:00.0
[773964.590340] nvme nvme0: 8/0/0 default/read/poll queues
[773964.935352] EXT4-fs (nvme0n1): mounted filesystem 740e210f-b62e-405f-9bdc-c8d9c6f84524 r/w with ordered data mode. Quota mode: none.
[774047.105561] NVMeVirt: Fixed CAT init ns=0 part=0 arm=37 k=7 scale_pct=100 age_ratio=7
[774047.105567] NVMeVirt: Fixed CAT init ns=0 part=1 arm=37 k=7 scale_pct=100 age_ratio=7
[774047.105570] NVMeVirt: Fixed CAT init ns=0 part=2 arm=37 k=7 scale_pct=100 age_ratio=7
[774047.105572] NVMeVirt: Fixed CAT init ns=0 part=3 arm=37 k=7 scale_pct=100 age_ratio=7
[774047.105574] NVMeVirt: Measurement: command=start epoch=1 host_bytes=0 learner_active=1
[774047.116076] mix-mixG-greedy-4004138 phase=A START
[774081.435228] tee (4004443): drop_caches: 3
[774086.001637] tee (4004450): drop_caches: 3
[774091.099006] tee (4004457): drop_caches: 3
[774096.003624] tee (4004461): drop_caches: 3
[774100.893929] tee (4004466): drop_caches: 3
[774105.797312] tee (4004470): drop_caches: 3
[774110.707464] tee (4004474): drop_caches: 3
[774116.631589] tee (4004484): drop_caches: 3
[774122.102849] tee (4004491): drop_caches: 3
[774127.104889] tee (4004495): drop_caches: 3
[774132.163791] tee (4004500): drop_caches: 3
[774137.110048] tee (4004504): drop_caches: 3
[774142.043592] tee (4004508): drop_caches: 3
[774147.156492] tee (4004513): drop_caches: 3
[774151.548296] tee (4004520): drop_caches: 3
[774156.529697] tee (4004524): drop_caches: 3
[774161.427722] tee (4004528): drop_caches: 3
[774166.344440] tee (4004532): drop_caches: 3
[774171.281496] tee (4004536): drop_caches: 3
[774176.200610] tee (4004541): drop_caches: 3
[774180.522857] tee (4004549): drop_caches: 3
[774185.578532] tee (4004553): drop_caches: 3
[774190.567419] tee (4004558): drop_caches: 3
[774195.562438] tee (4004563): drop_caches: 3
[774200.542746] tee (4004567): drop_caches: 3
[774205.826056] tee (4004572): drop_caches: 3
[774210.193533] tee (4004579): drop_caches: 3
[774215.337914] tee (4004583): drop_caches: 3
[774220.224499] tee (4004588): drop_caches: 3
[774225.171992] tee (4004592): drop_caches: 3
[774230.146972] tee (4004596): drop_caches: 3
[774235.133767] tee (4004602): drop_caches: 3
[774240.615373] tee (4004608): drop_caches: 3
[774246.000027] tee (4004616): drop_caches: 3
[774251.008162] tee (4004620): drop_caches: 3
[774255.931960] tee (4004624): drop_caches: 3
[774261.113094] tee (4004629): drop_caches: 3
[774266.329584] tee (4004633): drop_caches: 3
[774271.584739] tee (4004645): drop_caches: 3
[774276.980084] tee (4004655): drop_caches: 3
[774282.489601] tee (4004709): drop_caches: 3
[774288.346918] tee (4004736): drop_caches: 3
[774293.345385] tee (4004740): drop_caches: 3
[774298.320503] tee (4004745): drop_caches: 3
[774302.923434] tee (4004750): drop_caches: 3
[774308.017577] tee (4004756): drop_caches: 3
[774313.106483] tee (4004761): drop_caches: 3
[774318.074064] tee (4004765): drop_caches: 3
[774323.074845] tee (4004769): drop_caches: 3
[774328.057003] tee (4004774): drop_caches: 3
[774333.094308] tee (4004778): drop_caches: 3
[774337.490334] tee (4004785): drop_caches: 3
[774342.655889] tee (4004789): drop_caches: 3
[774348.195925] tee (4004794): drop_caches: 3
[774353.241696] tee (4004800): drop_caches: 3
[774359.472469] tee (4004808): drop_caches: 3
[774364.692399] tee (4004814): drop_caches: 3
[774370.127708] tee (4004819): drop_caches: 3
[774375.172315] tee (4004823): drop_caches: 3
[774380.304299] tee (4004827): drop_caches: 3
[774385.331983] tee (4004831): drop_caches: 3
[774390.346286] tee (4004837): drop_caches: 3
[774395.326494] tee (4004841): drop_caches: 3
[774399.635160] tee (4004848): drop_caches: 3
[774404.628650] tee (4004852): drop_caches: 3
[774409.641673] tee (4004856): drop_caches: 3
[774414.697186] tee (4004860): drop_caches: 3
[774419.740721] tee (4004864): drop_caches: 3
[774424.777337] tee (4004869): drop_caches: 3
[774429.130331] tee (4004876): drop_caches: 3
[774434.129163] tee (4004880): drop_caches: 3
[774439.250773] tee (4004886): drop_caches: 3
[774445.741816] tee (4004919): drop_caches: 3
[774454.569973] tee (4004932): drop_caches: 3
[774459.212443] tee (4004953): drop_caches: 3
[774465.105367] tee (4004957): drop_caches: 3
[774470.385726] tee (4004963): drop_caches: 3
[774475.485670] tee (4004971): drop_caches: 3
[774480.529778] tee (4004975): drop_caches: 3
[774485.597976] tee (4004979): drop_caches: 3
[774489.995910] tee (4004986): drop_caches: 3
[774495.181873] tee (4004990): drop_caches: 3
[774500.048255] tee (4004994): drop_caches: 3
[774504.982099] tee (4004998): drop_caches: 3
[774509.929769] tee (4005007): drop_caches: 3
[774514.868685] tee (4005011): drop_caches: 3
[774519.589512] tee (4005016): drop_caches: 3
[774524.787267] tee (4005023): drop_caches: 3
[774529.849910] tee (4005028): drop_caches: 3
[774534.806471] tee (4005032): drop_caches: 3
[774542.341236] tee (4005045): drop_caches: 3
[774547.998820] tee (4005055): drop_caches: 3
[774552.427631] tee (4005062): drop_caches: 3
[774557.440186] tee (4005066): drop_caches: 3
[774562.454216] tee (4005072): drop_caches: 3
[774567.452516] tee (4005077): drop_caches: 3
[774572.498599] tee (4005084): drop_caches: 3
[774575.775077] mix-mixG-greedy-4004138 phase=A END
[774576.345975] NVMeVirt: Measurement: command=stop epoch=1 host_bytes=84252323840 learner_active=0
[774576.559195] EXT4-fs (nvme0n1): unmounting filesystem 740e210f-b62e-405f-9bdc-c8d9c6f84524.
[774576.877125] pci_bus 0001:10: busn_res: [bus 10-ff] is released
[774576.877181] NVMeVirt: GC stats: ns=0 policy=greedy host_pages=20569415 gc_pages=63234029 gc_count=1309428 WAF=4.074 warmup_gc=100-per-part
[774576.951139] NVMeVirt: Virtual NVMe device closed
