[1747875.973090] mix-mixF-arm32-2381657 BEGIN
[1747876.113490] NVMeVirt: Version 1.10 for >> Samsung 970 Pro SSD <<
[1747876.113496] NVMeVirt: Storage: 0x100100000-0x300000000 (8191 MiB)
[1747876.123877] NVMeVirt: Total Capacity(GiB,MiB)=2,2048 chs=2 luns=4 lines=8192 blk-size(MiB,KiB)=0,64 line-size(MiB,KiB)=0,256
[1747876.135318] NVMeVirt: [chmodel_init] bandwidth 800 max_credits 26 tx_time 152
[1747876.146345] NVMeVirt: [chmodel_init] bandwidth 800 max_credits 26 tx_time 152
[1747876.146358] NVMeVirt: [chmodel_init] bandwidth 3360 max_credits 110 tx_time 36
[1747876.146360] NVMeVirt: Fixed CAT init ns=0 part=0 arm=32 k=7 scale_pct=25 age_ratio=16
[1747876.147567] NVMeVirt: pqueue: Copyright (c) 2014, Volkan Yazıcı <volkan.yazici@gmail.com>. All rights reserved.
[1747876.147603] NVMeVirt: Init FTL instance with 2 channels (524288 pages)
[1747876.147604] NVMeVirt: GC victim policy: cat-fig7-fixed ns=0 part=0 initial_k=7 initial_scale_pct=25 initial_age_ratio=16 warmup_gc=100
[1747876.157952] NVMeVirt: [chmodel_init] bandwidth 800 max_credits 26 tx_time 152
[1747876.168184] NVMeVirt: [chmodel_init] bandwidth 800 max_credits 26 tx_time 152
[1747876.168198] NVMeVirt: [chmodel_init] bandwidth 3360 max_credits 110 tx_time 36
[1747876.168200] NVMeVirt: Fixed CAT init ns=0 part=1 arm=32 k=7 scale_pct=25 age_ratio=16
[1747876.169511] NVMeVirt: Init FTL instance with 2 channels (524288 pages)
[1747876.169515] NVMeVirt: GC victim policy: cat-fig7-fixed ns=0 part=1 initial_k=7 initial_scale_pct=25 initial_age_ratio=16 warmup_gc=100
[1747876.179909] NVMeVirt: [chmodel_init] bandwidth 800 max_credits 26 tx_time 152
[1747876.190041] NVMeVirt: [chmodel_init] bandwidth 800 max_credits 26 tx_time 152
[1747876.190055] NVMeVirt: [chmodel_init] bandwidth 3360 max_credits 110 tx_time 36
[1747876.190057] NVMeVirt: Fixed CAT init ns=0 part=2 arm=32 k=7 scale_pct=25 age_ratio=16
[1747876.191287] NVMeVirt: Init FTL instance with 2 channels (524288 pages)
[1747876.191289] NVMeVirt: GC victim policy: cat-fig7-fixed ns=0 part=2 initial_k=7 initial_scale_pct=25 initial_age_ratio=16 warmup_gc=100
[1747876.201437] NVMeVirt: [chmodel_init] bandwidth 800 max_credits 26 tx_time 152
[1747876.211410] NVMeVirt: [chmodel_init] bandwidth 800 max_credits 26 tx_time 152
[1747876.211425] NVMeVirt: [chmodel_init] bandwidth 3360 max_credits 110 tx_time 36
[1747876.211427] NVMeVirt: Fixed CAT init ns=0 part=3 arm=32 k=7 scale_pct=25 age_ratio=16
[1747876.212658] NVMeVirt: Init FTL instance with 2 channels (524288 pages)
[1747876.212661] NVMeVirt: GC victim policy: cat-fig7-fixed ns=0 part=3 initial_k=7 initial_scale_pct=25 initial_age_ratio=16 warmup_gc=100
[1747876.212667] NVMeVirt: FTL physical space: 8588886016, logical space: 8026996276 (physical/logical * 100 = 107)
[1747876.212669] NVMeVirt: ns 0/1: size 7655 MiB
[1747876.212717] PCI host bridge to bus 0001:10
[1747876.212719] pci_bus 0001:10: root bus resource [io  0x0000-0xffff]
[1747876.212722] pci_bus 0001:10: root bus resource [mem 0x00000000-0x7fffffffff]
[1747876.212738] pci_bus 0001:10: root bus resource [bus 00-ff]
[1747876.212746] pci 0001:10:00.0: [0c51:0110] type 00 class 0x010802 PCIe Endpoint
[1747876.212750] pci 0001:10:00.0: BAR 0 [mem 0x100000000-0x100003fff 64bit]
[1747876.212753] pci 0001:10:00.0: enabling Extended Tags
[1747876.212941] NVMeVirt: Virtual PCI bus created (node 0)
[1747876.213230] NVMeVirt: nvmev_io_worker_0 started on cpu 2 (node 0)
[1747876.213354] NVMeVirt: Virtual NVMe device created
[1747876.213449] NVMeVirt: nvmev_dispatcher started on cpu 1 (node 0)
[1747876.213637] nvme nvme0: pci function 0001:10:00.0
[1747876.217544] nvme nvme0: 8/0/0 default/read/poll queues
[1747876.709860] EXT4-fs (nvme0n1): mounted filesystem c4951514-ab3c-4227-aeee-e2054c6f2780 r/w with ordered data mode. Quota mode: none.
[1747959.196457] NVMeVirt: Fixed CAT init ns=0 part=0 arm=32 k=7 scale_pct=25 age_ratio=16
[1747959.196462] NVMeVirt: Fixed CAT init ns=0 part=1 arm=32 k=7 scale_pct=25 age_ratio=16
[1747959.196464] NVMeVirt: Fixed CAT init ns=0 part=2 arm=32 k=7 scale_pct=25 age_ratio=16
[1747959.196466] NVMeVirt: Fixed CAT init ns=0 part=3 arm=32 k=7 scale_pct=25 age_ratio=16
[1747959.196467] NVMeVirt: Measurement: command=start epoch=1 host_bytes=0 learner_active=1
[1747959.204459] mix-mixF-arm32-2381657 phase=A START
[1749759.542414] mix-mixF-arm32-2381657 phase=A END
[1749759.645588] mix-mixF-arm32-2381657 phase=B START
[1750663.240494] mix-mixF-arm32-2381657 phase=B END
[1750663.243740] NVMeVirt: Measurement: command=stop epoch=1 host_bytes=838396157952 learner_active=0
[1750663.432449] EXT4-fs (nvme0n1): unmounting filesystem c4951514-ab3c-4227-aeee-e2054c6f2780.
[1750663.542509] pci_bus 0001:10: busn_res: [bus 10-ff] is released
[1750663.542588] NVMeVirt: GC stats: ns=0 policy=cat-fig7-fixed host_pages=204686562 gc_pages=280363965 gc_count=7578914 WAF=2.369 warmup_gc=100-per-part
[1750663.619448] NVMeVirt: Virtual NVMe device closed
