[334564.510124] mix-mixB-fixed50-738659 BEGIN
[334564.532803] NVMeVirt: Version 1.10 for >> Samsung 970 Pro SSD <<
[334564.532816] NVMeVirt: Storage: 0x100100000-0x300000000 (8191 MiB)
[334564.544048] NVMeVirt: Total Capacity(GiB,MiB)=2,2048 chs=2 luns=4 lines=8192 blk-size(MiB,KiB)=0,64 line-size(MiB,KiB)=0,256
[334564.555191] NVMeVirt: [chmodel_init] bandwidth 800 max_credits 26 tx_time 152
[334564.566338] NVMeVirt: [chmodel_init] bandwidth 800 max_credits 26 tx_time 152
[334564.566354] NVMeVirt: [chmodel_init] bandwidth 3360 max_credits 110 tx_time 36
[334564.566357] NVMeVirt: Fixed CAT init ns=0 part=0 arm=50 k=10 scale_pct=50 age_ratio=16
[334564.567430] NVMeVirt: pqueue: Copyright (c) 2014, Volkan Yazıcı <volkan.yazici@gmail.com>. All rights reserved.
[334564.567471] NVMeVirt: Init FTL instance with 2 channels (524288 pages)
[334564.567473] NVMeVirt: GC victim policy: cat-fig7-fixed ns=0 part=0 initial_k=10 initial_scale_pct=50 initial_age_ratio=16 warmup_gc=100
[334564.577905] NVMeVirt: [chmodel_init] bandwidth 800 max_credits 26 tx_time 152
[334564.588331] NVMeVirt: [chmodel_init] bandwidth 800 max_credits 26 tx_time 152
[334564.588345] NVMeVirt: [chmodel_init] bandwidth 3360 max_credits 110 tx_time 36
[334564.588347] NVMeVirt: Fixed CAT init ns=0 part=1 arm=50 k=10 scale_pct=50 age_ratio=16
[334564.589344] NVMeVirt: Init FTL instance with 2 channels (524288 pages)
[334564.589347] NVMeVirt: GC victim policy: cat-fig7-fixed ns=0 part=1 initial_k=10 initial_scale_pct=50 initial_age_ratio=16 warmup_gc=100
[334564.600407] NVMeVirt: [chmodel_init] bandwidth 800 max_credits 26 tx_time 152
[334564.611470] NVMeVirt: [chmodel_init] bandwidth 800 max_credits 26 tx_time 152
[334564.611484] NVMeVirt: [chmodel_init] bandwidth 3360 max_credits 110 tx_time 36
[334564.611486] NVMeVirt: Fixed CAT init ns=0 part=2 arm=50 k=10 scale_pct=50 age_ratio=16
[334564.612438] NVMeVirt: Init FTL instance with 2 channels (524288 pages)
[334564.612441] NVMeVirt: GC victim policy: cat-fig7-fixed ns=0 part=2 initial_k=10 initial_scale_pct=50 initial_age_ratio=16 warmup_gc=100
[334564.623203] NVMeVirt: [chmodel_init] bandwidth 800 max_credits 26 tx_time 152
[334564.634283] NVMeVirt: [chmodel_init] bandwidth 800 max_credits 26 tx_time 152
[334564.634300] NVMeVirt: [chmodel_init] bandwidth 3360 max_credits 110 tx_time 36
[334564.634302] NVMeVirt: Fixed CAT init ns=0 part=3 arm=50 k=10 scale_pct=50 age_ratio=16
[334564.635411] NVMeVirt: Init FTL instance with 2 channels (524288 pages)
[334564.635414] NVMeVirt: GC victim policy: cat-fig7-fixed ns=0 part=3 initial_k=10 initial_scale_pct=50 initial_age_ratio=16 warmup_gc=100
[334564.635422] NVMeVirt: FTL physical space: 8588886016, logical space: 8026996276 (physical/logical * 100 = 107)
[334564.635423] NVMeVirt: ns 0/1: size 7655 MiB
[334564.635483] PCI host bridge to bus 0001:10
[334564.635487] pci_bus 0001:10: root bus resource [io  0x0000-0xffff]
[334564.635490] pci_bus 0001:10: root bus resource [mem 0x00000000-0x7fffffffff]
[334564.635493] pci_bus 0001:10: root bus resource [bus 00-ff]
[334564.635503] pci 0001:10:00.0: [0c51:0110] type 00 class 0x010802 PCIe Endpoint
[334564.635509] pci 0001:10:00.0: BAR 0 [mem 0x100000000-0x100003fff 64bit]
[334564.635512] pci 0001:10:00.0: enabling Extended Tags
[334564.635674] NVMeVirt: Virtual PCI bus created (node 0)
[334564.636080] NVMeVirt: nvmev_dispatcher started on cpu 1 (node 0)
[334564.636117] NVMeVirt: Virtual NVMe device created
[334564.636290] nvme nvme0: pci function 0001:10:00.0
[334564.637292] NVMeVirt: nvmev_io_worker_0 started on cpu 2 (node 0)
[334564.640295] nvme nvme0: 8/0/0 default/read/poll queues
[334565.009855] EXT4-fs (nvme0n1): mounted filesystem 6c03e865-25fe-4de2-8705-fd3e559b14c6 r/w with ordered data mode. Quota mode: none.
[334647.183707] NVMeVirt: Fixed CAT init ns=0 part=0 arm=50 k=10 scale_pct=50 age_ratio=16
[334647.183713] NVMeVirt: Fixed CAT init ns=0 part=1 arm=50 k=10 scale_pct=50 age_ratio=16
[334647.183715] NVMeVirt: Fixed CAT init ns=0 part=2 arm=50 k=10 scale_pct=50 age_ratio=16
[334647.183717] NVMeVirt: Fixed CAT init ns=0 part=3 arm=50 k=10 scale_pct=50 age_ratio=16
[334647.183718] NVMeVirt: Measurement: command=start epoch=1 host_bytes=0 learner_active=1
[334647.193708] mix-mixB-fixed50-738659 phase=A START
[334647.205074] mix-mixB-fixed50-738659 phase=A LOAD
[334676.963340] mix-mixB-fixed50-738659 phase=A RUN
[334681.235003] tee (738934): drop_caches: 3
[334686.017923] tee (738941): drop_caches: 3
[334691.239445] tee (738946): drop_caches: 3
[334696.535259] tee (738950): drop_caches: 3
[334701.698162] tee (738955): drop_caches: 3
[334706.821890] tee (738959): drop_caches: 3
[334712.081164] tee (738963): drop_caches: 3
[334716.629393] tee (738969): drop_caches: 3
[334721.941337] tee (738974): drop_caches: 3
[334727.138283] tee (738978): drop_caches: 3
[334732.280639] tee (738982): drop_caches: 3
[334737.432317] tee (738986): drop_caches: 3
[334742.605643] tee (738990): drop_caches: 3
[334748.055399] tee (738995): drop_caches: 3
[334753.598072] tee (739001): drop_caches: 3
[334758.806944] tee (739005): drop_caches: 3
[334763.999775] tee (739009): drop_caches: 3
[334769.242224] tee (739013): drop_caches: 3
[334774.093827] tee (739020): drop_caches: 3
[334779.060429] tee (739025): drop_caches: 3
[334784.533056] tee (739031): drop_caches: 3
[334789.819843] tee (739035): drop_caches: 3
[334795.069099] tee (739039): drop_caches: 3
[334800.313494] tee (739043): drop_caches: 3
[334805.561476] tee (739047): drop_caches: 3
[334810.772718] tee (739053): drop_caches: 3
[334816.328086] tee (739058): drop_caches: 3
[334821.599279] tee (739062): drop_caches: 3
[334826.843777] tee (739066): drop_caches: 3
[334832.111002] tee (739070): drop_caches: 3
[334837.196780] tee (739074): drop_caches: 3
[334842.451869] tee (739079): drop_caches: 3
[334847.848344] tee (739086): drop_caches: 3
[334852.965515] tee (739090): drop_caches: 3
[334858.013639] tee (739095): drop_caches: 3
[334863.262651] tee (739100): drop_caches: 3
[334868.341061] tee (739109): drop_caches: 3
[334873.607088] tee (739121): drop_caches: 3
[334878.913174] tee (739126): drop_caches: 3
[334884.106609] tee (739130): drop_caches: 3
[334889.212690] tee (739134): drop_caches: 3
[334894.374203] tee (739138): drop_caches: 3
[334899.482311] tee (739142): drop_caches: 3
[334904.777507] tee (739147): drop_caches: 3
[334910.079528] tee (739153): drop_caches: 3
[334915.232719] tee (739157): drop_caches: 3
[334920.417737] tee (739161): drop_caches: 3
[334925.581838] tee (739165): drop_caches: 3
[334930.993479] tee (739169): drop_caches: 3
[334936.223725] tee (739174): drop_caches: 3
[334941.759422] tee (739180): drop_caches: 3
[334946.987422] tee (739184): drop_caches: 3
[334952.142725] tee (739188): drop_caches: 3
[334957.393237] tee (739192): drop_caches: 3
[334962.629756] tee (739196): drop_caches: 3
[334967.941033] tee (739202): drop_caches: 3
[334973.419543] tee (739207): drop_caches: 3
[334978.569237] tee (739211): drop_caches: 3
[334983.853894] tee (739217): drop_caches: 3
[334989.075772] tee (739221): drop_caches: 3
[334994.247249] tee (739225): drop_caches: 3
[335000.167676] tee (739237): drop_caches: 3
[335005.655327] tee (739242): drop_caches: 3
[335010.785269] tee (739246): drop_caches: 3
[335016.029219] tee (739250): drop_caches: 3
[335021.252251] tee (739254): drop_caches: 3
[335026.460022] tee (739258): drop_caches: 3
[335031.655389] tee (739263): drop_caches: 3
[335037.057084] tee (739271): drop_caches: 3
[335042.338348] tee (739275): drop_caches: 3
[335047.487400] tee (739279): drop_caches: 3
[335052.687215] tee (739283): drop_caches: 3
[335057.768550] tee (739287): drop_caches: 3
[335063.062614] tee (739293): drop_caches: 3
[335068.411552] tee (739298): drop_caches: 3
[335073.320770] tee (739324): drop_caches: 3
[335079.087221] tee (739378): drop_caches: 3
[335084.302186] tee (739382): drop_caches: 3
[335089.470154] tee (739386): drop_caches: 3
[335094.654053] tee (739391): drop_caches: 3
[335100.035166] tee (739397): drop_caches: 3
[335105.125643] tee (739401): drop_caches: 3
[335110.233760] tee (739405): drop_caches: 3
[335115.315408] tee (739409): drop_caches: 3
[335120.535549] tee (739413): drop_caches: 3
[335125.767391] tee (739419): drop_caches: 3
[335130.955814] tee (739424): drop_caches: 3
[335136.392886] tee (739431): drop_caches: 3
[335138.413822] mix-mixB-fixed50-738659 phase=A END
[335138.421074] mix-mixB-fixed50-738659 phase=B START
[335740.522738] mix-mixB-fixed50-738659 phase=B END
[335740.652182] NVMeVirt: Measurement: command=stop epoch=1 host_bytes=131342823424 learner_active=0
[335741.166496] EXT4-fs (nvme0n1): unmounting filesystem 6c03e865-25fe-4de2-8705-fd3e559b14c6.
[335741.376394] pci_bus 0001:10: busn_res: [bus 10-ff] is released
[335741.376471] NVMeVirt: GC stats: ns=0 policy=cat-fig7-fixed host_pages=32066119 gc_pages=51880004 gc_count=1311658 WAF=2.617 warmup_gc=100-per-part
[335741.449048] NVMeVirt: Virtual NVMe device closed
