[930922.944765] mix-mixD-fixed47-171956 BEGIN
[930922.956534] NVMeVirt: Version 1.10 for >> Samsung 970 Pro SSD <<
[930922.956539] NVMeVirt: Storage: 0x100100000-0x300000000 (8191 MiB)
[930922.967763] NVMeVirt: Total Capacity(GiB,MiB)=2,2048 chs=2 luns=4 lines=8192 blk-size(MiB,KiB)=0,64 line-size(MiB,KiB)=0,256
[930922.979716] NVMeVirt: [chmodel_init] bandwidth 800 max_credits 26 tx_time 152
[930922.990629] NVMeVirt: [chmodel_init] bandwidth 800 max_credits 26 tx_time 152
[930922.990644] NVMeVirt: [chmodel_init] bandwidth 3360 max_credits 110 tx_time 36
[930922.990663] NVMeVirt: Fixed CAT init ns=0 part=0 arm=47 k=10 scale_pct=25 age_ratio=16
[930922.991694] NVMeVirt: pqueue: Copyright (c) 2014, Volkan Yazıcı <volkan.yazici@gmail.com>. All rights reserved.
[930922.991736] NVMeVirt: Init FTL instance with 2 channels (524288 pages)
[930922.991738] NVMeVirt: GC victim policy: cat-fig7-fixed ns=0 part=0 initial_k=10 initial_scale_pct=25 initial_age_ratio=16 warmup_gc=100
[930923.002669] NVMeVirt: [chmodel_init] bandwidth 800 max_credits 26 tx_time 152
[930923.013307] NVMeVirt: [chmodel_init] bandwidth 800 max_credits 26 tx_time 152
[930923.013321] NVMeVirt: [chmodel_init] bandwidth 3360 max_credits 110 tx_time 36
[930923.013323] NVMeVirt: Fixed CAT init ns=0 part=1 arm=47 k=10 scale_pct=25 age_ratio=16
[930923.014300] NVMeVirt: Init FTL instance with 2 channels (524288 pages)
[930923.014303] NVMeVirt: GC victim policy: cat-fig7-fixed ns=0 part=1 initial_k=10 initial_scale_pct=25 initial_age_ratio=16 warmup_gc=100
[930923.024974] NVMeVirt: [chmodel_init] bandwidth 800 max_credits 26 tx_time 152
[930923.035396] NVMeVirt: [chmodel_init] bandwidth 800 max_credits 26 tx_time 152
[930923.035409] NVMeVirt: [chmodel_init] bandwidth 3360 max_credits 110 tx_time 36
[930923.035411] NVMeVirt: Fixed CAT init ns=0 part=2 arm=47 k=10 scale_pct=25 age_ratio=16
[930923.036332] NVMeVirt: Init FTL instance with 2 channels (524288 pages)
[930923.036335] NVMeVirt: GC victim policy: cat-fig7-fixed ns=0 part=2 initial_k=10 initial_scale_pct=25 initial_age_ratio=16 warmup_gc=100
[930923.046696] NVMeVirt: [chmodel_init] bandwidth 800 max_credits 26 tx_time 152
[930923.057219] NVMeVirt: [chmodel_init] bandwidth 800 max_credits 26 tx_time 152
[930923.057233] NVMeVirt: [chmodel_init] bandwidth 3360 max_credits 110 tx_time 36
[930923.057235] NVMeVirt: Fixed CAT init ns=0 part=3 arm=47 k=10 scale_pct=25 age_ratio=16
[930923.058204] NVMeVirt: Init FTL instance with 2 channels (524288 pages)
[930923.058206] NVMeVirt: GC victim policy: cat-fig7-fixed ns=0 part=3 initial_k=10 initial_scale_pct=25 initial_age_ratio=16 warmup_gc=100
[930923.058213] NVMeVirt: FTL physical space: 8588886016, logical space: 8026996276 (physical/logical * 100 = 107)
[930923.058214] NVMeVirt: ns 0/1: size 7655 MiB
[930923.058263] PCI host bridge to bus 0001:10
[930923.058265] pci_bus 0001:10: root bus resource [io  0x0000-0xffff]
[930923.058267] pci_bus 0001:10: root bus resource [mem 0x00000000-0x7fffffffff]
[930923.058270] pci_bus 0001:10: root bus resource [bus 00-ff]
[930923.058291] pci 0001:10:00.0: [0c51:0110] type 00 class 0x010802 PCIe Endpoint
[930923.058295] pci 0001:10:00.0: BAR 0 [mem 0x100000000-0x100003fff 64bit]
[930923.058298] pci 0001:10:00.0: enabling Extended Tags
[930923.058418] NVMeVirt: Virtual PCI bus created (node 0)
[930923.058660] NVMeVirt: nvmev_io_worker_0 started on cpu 2 (node 0)
[930923.058690] NVMeVirt: nvmev_dispatcher started on cpu 1 (node 0)
[930923.058726] NVMeVirt: Virtual NVMe device created
[930923.059757] nvme nvme0: pci function 0001:10:00.0
[930923.062260] nvme nvme0: 8/0/0 default/read/poll queues
[930923.134131] EXT4-fs (nvme0n1): mounted filesystem a617b530-bec1-4e6b-8d4f-02109a9e0cb7 r/w with ordered data mode. Quota mode: none.
[931005.135359] NVMeVirt: Fixed CAT init ns=0 part=0 arm=47 k=10 scale_pct=25 age_ratio=16
[931005.135366] NVMeVirt: Fixed CAT init ns=0 part=1 arm=47 k=10 scale_pct=25 age_ratio=16
[931005.135368] NVMeVirt: Fixed CAT init ns=0 part=2 arm=47 k=10 scale_pct=25 age_ratio=16
[931005.135370] NVMeVirt: Fixed CAT init ns=0 part=3 arm=47 k=10 scale_pct=25 age_ratio=16
[931005.135371] NVMeVirt: Measurement: command=start epoch=1 host_bytes=0 learner_active=1
[931005.144327] mix-mixD-fixed47-171956 phase=A START
[931367.796246] audit: type=1107 audit(1790054891.204:564): pid=1434 uid=101 auid=4294967295 ses=4294967295 subj=unconfined msg='apparmor="DENIED" operation="dbus_signal"  bus="system" path="/com/redhat/PrinterSpooler" interface="com.redhat.PrinterSpooler" member="QueueChanged" mask="send" name="org.freedesktop.DBus" pid=2073 label="snap.cups.cupsd" peer_pid=4752 peer_label="unconfined"
[931458.052775] audit: type=1107 audit(1790054981.459:565): pid=1434 uid=101 auid=4294967295 ses=4294967295 subj=unconfined msg='apparmor="DENIED" operation="dbus_signal"  bus="system" path="/com/redhat/PrinterSpooler" interface="com.redhat.PrinterSpooler" member="QueueChanged" mask="send" name="org.freedesktop.DBus" pid=2073 label="snap.cups.cupsd" peer_pid=4752 peer_label="unconfined"
[931529.517443] audit: type=1107 audit(1790055052.923:566): pid=1434 uid=101 auid=4294967295 ses=4294967295 subj=unconfined msg='apparmor="DENIED" operation="dbus_signal"  bus="system" path="/com/redhat/PrinterSpooler" interface="com.redhat.PrinterSpooler" member="QueueChanged" mask="send" name="org.freedesktop.DBus" pid=2073 label="snap.cups.cupsd" peer_pid=4752 peer_label="unconfined"
[931534.547430] audit: type=1107 audit(1790055057.953:567): pid=1434 uid=101 auid=4294967295 ses=4294967295 subj=unconfined msg='apparmor="DENIED" operation="dbus_signal"  bus="system" path="/com/redhat/PrinterSpooler" interface="com.redhat.PrinterSpooler" member="QueueChanged" mask="send" name="org.freedesktop.DBus" pid=2073 label="snap.cups.cupsd" peer_pid=4752 peer_label="unconfined"
[931605.455524] mix-mixD-fixed47-171956 phase=A END
[931605.463501] mix-mixD-fixed47-171956 phase=B START
[932205.772465] mix-mixD-fixed47-171956 phase=B END
[932205.775717] NVMeVirt: Measurement: command=stop epoch=1 host_bytes=122884395008 learner_active=0
[932205.830982] EXT4-fs (nvme0n1): unmounting filesystem a617b530-bec1-4e6b-8d4f-02109a9e0cb7.
[932205.896331] pci_bus 0001:10: busn_res: [bus 10-ff] is released
[932205.896408] NVMeVirt: GC stats: ns=0 policy=cat-fig7-fixed host_pages=30001073 gc_pages=23373622 gc_count=833980 WAF=1.779 warmup_gc=100-per-part
[932205.971659] NVMeVirt: Virtual NVMe device closed
