[970891.202578] mix-mixP-online-299853 BEGIN
[970891.224401] NVMeVirt: Version 1.10 for >> Samsung 970 Pro SSD <<
[970891.224419] NVMeVirt: Storage: 0x100100000-0x300000000 (8191 MiB)
[970891.235502] NVMeVirt: Total Capacity(GiB,MiB)=2,2048 chs=2 luns=4 lines=8192 blk-size(MiB,KiB)=0,64 line-size(MiB,KiB)=0,256
[970891.246862] NVMeVirt: [chmodel_init] bandwidth 800 max_credits 26 tx_time 152
[970891.257626] NVMeVirt: [chmodel_init] bandwidth 800 max_credits 26 tx_time 152
[970891.257640] NVMeVirt: [chmodel_init] bandwidth 3360 max_credits 110 tx_time 36
[970891.257642] NVMeVirt: WATGC_V2 init ns=0 part=0 arms=60 initial=37 prior=none gamma_q16=65503 exploration_q16=16384
[970891.258898] NVMeVirt: pqueue: Copyright (c) 2014, Volkan Yazıcı <volkan.yazici@gmail.com>. All rights reserved.
[970891.258936] NVMeVirt: Init FTL instance with 2 channels (524288 pages)
[970891.258938] NVMeVirt: GC victim policy: watgc-v2 ns=0 part=0 initial_k=7 initial_scale_pct=100 initial_age_ratio=7 warmup_gc=100
[970891.269270] NVMeVirt: [chmodel_init] bandwidth 800 max_credits 26 tx_time 152
[970891.279445] NVMeVirt: [chmodel_init] bandwidth 800 max_credits 26 tx_time 152
[970891.279459] NVMeVirt: [chmodel_init] bandwidth 3360 max_credits 110 tx_time 36
[970891.279461] NVMeVirt: WATGC_V2 init ns=0 part=1 arms=60 initial=37 prior=none gamma_q16=65503 exploration_q16=16384
[970891.280743] NVMeVirt: Init FTL instance with 2 channels (524288 pages)
[970891.280745] NVMeVirt: GC victim policy: watgc-v2 ns=0 part=1 initial_k=7 initial_scale_pct=100 initial_age_ratio=7 warmup_gc=100
[970891.290824] NVMeVirt: [chmodel_init] bandwidth 800 max_credits 26 tx_time 152
[970891.300901] NVMeVirt: [chmodel_init] bandwidth 800 max_credits 26 tx_time 152
[970891.300914] NVMeVirt: [chmodel_init] bandwidth 3360 max_credits 110 tx_time 36
[970891.300916] NVMeVirt: WATGC_V2 init ns=0 part=2 arms=60 initial=37 prior=none gamma_q16=65503 exploration_q16=16384
[970891.302174] NVMeVirt: Init FTL instance with 2 channels (524288 pages)
[970891.302176] NVMeVirt: GC victim policy: watgc-v2 ns=0 part=2 initial_k=7 initial_scale_pct=100 initial_age_ratio=7 warmup_gc=100
[970891.312249] NVMeVirt: [chmodel_init] bandwidth 800 max_credits 26 tx_time 152
[970891.322398] NVMeVirt: [chmodel_init] bandwidth 800 max_credits 26 tx_time 152
[970891.322411] NVMeVirt: [chmodel_init] bandwidth 3360 max_credits 110 tx_time 36
[970891.322414] NVMeVirt: WATGC_V2 init ns=0 part=3 arms=60 initial=37 prior=none gamma_q16=65503 exploration_q16=16384
[970891.323709] NVMeVirt: Init FTL instance with 2 channels (524288 pages)
[970891.323712] NVMeVirt: GC victim policy: watgc-v2 ns=0 part=3 initial_k=7 initial_scale_pct=100 initial_age_ratio=7 warmup_gc=100
[970891.323718] NVMeVirt: FTL physical space: 8588886016, logical space: 8026996276 (physical/logical * 100 = 107)
[970891.323720] NVMeVirt: ns 0/1: size 7655 MiB
[970891.323767] PCI host bridge to bus 0001:10
[970891.323769] pci_bus 0001:10: root bus resource [io  0x0000-0xffff]
[970891.323773] pci_bus 0001:10: root bus resource [mem 0x00000000-0x7fffffffff]
[970891.323775] pci_bus 0001:10: root bus resource [bus 00-ff]
[970891.323784] pci 0001:10:00.0: [0c51:0110] type 00 class 0x010802 PCIe Endpoint
[970891.323789] pci 0001:10:00.0: BAR 0 [mem 0x100000000-0x100003fff 64bit]
[970891.323792] pci 0001:10:00.0: enabling Extended Tags
[970891.323966] NVMeVirt: Virtual PCI bus created (node 0)
[970891.326155] NVMeVirt: nvmev_io_worker_0 started on cpu 2 (node 0)
[970891.326265] NVMeVirt: nvmev_dispatcher started on cpu 1 (node 0)
[970891.326299] NVMeVirt: Virtual NVMe device created
[970891.326470] nvme nvme0: pci function 0001:10:00.0
[970891.328842] nvme nvme0: 8/0/0 default/read/poll queues
[970891.860879] EXT4-fs (nvme0n1): mounted filesystem 2ca82834-51b0-445c-a594-7617c36ac01f r/w with ordered data mode. Quota mode: none.
[970974.047943] NVMeVirt: WATGC_V2 init ns=0 part=0 arms=60 initial=37 prior=none gamma_q16=65503 exploration_q16=16384
[970974.047950] NVMeVirt: WATGC_V2 init ns=0 part=1 arms=60 initial=37 prior=none gamma_q16=65503 exploration_q16=16384
[970974.047953] NVMeVirt: WATGC_V2 init ns=0 part=2 arms=60 initial=37 prior=none gamma_q16=65503 exploration_q16=16384
[970974.047956] NVMeVirt: WATGC_V2 init ns=0 part=3 arms=60 initial=37 prior=none gamma_q16=65503 exploration_q16=16384
[970974.047958] NVMeVirt: Measurement: command=start epoch=1 host_bytes=0 learner_active=1
[970974.057335] mix-mixP-online-299853 phase=A START
[970974.068433] mix-mixP-online-299853 phase=A LOAD
[970976.070093] NVMeVirt: WATGC_V2 warmup-done ns=0 part=1 gc_count=2815
[970976.070288] NVMeVirt: WATGC_V2 warmup-done ns=0 part=0 gc_count=2837
[970976.070354] NVMeVirt: WATGC_V2 warmup-done ns=0 part=3 gc_count=2827
[970976.070734] NVMeVirt: WATGC_V2 warmup-done ns=0 part=2 gc_count=2818
[970982.295118] NVMeVirt: WATGC_V2 sample ns=0 part=0 epoch=1 window=1 phase=measure evaluated=37 k=7 scale_pct=100 age_ratio=7 host=65577 gc_pages=30565 gc_count=1502 waf_q16=96081 best=37 next=0 settled=0
[970982.359724] NVMeVirt: WATGC_V2 sample ns=0 part=1 epoch=1 window=1 phase=measure evaluated=37 k=7 scale_pct=100 age_ratio=7 host=65575 gc_pages=30000 gc_count=1493 waf_q16=95518 best=37 next=0 settled=0
[970982.393272] NVMeVirt: WATGC_V2 sample ns=0 part=2 epoch=1 window=1 phase=measure evaluated=37 k=7 scale_pct=100 age_ratio=7 host=65558 gc_pages=30506 gc_count=1501 waf_q16=96031 best=37 next=0 settled=0
[970982.527606] NVMeVirt: WATGC_V2 sample ns=0 part=3 epoch=1 window=1 phase=measure evaluated=37 k=7 scale_pct=100 age_ratio=7 host=65542 gc_pages=30361 gc_count=1498 waf_q16=95894 best=37 next=0 settled=0
[970983.497759] mix-mixP-online-299853 phase=A RUN
[970987.660507] tee (300183): drop_caches: 3
[970992.996771] tee (300187): drop_caches: 3
[970998.027172] tee (300192): drop_caches: 3
[971003.113460] tee (300197): drop_caches: 3
[971008.475182] tee (300209): drop_caches: 3
[971012.946299] tee (300221): drop_caches: 3
[971018.086698] tee (300225): drop_caches: 3
[971023.118364] tee (300229): drop_caches: 3
[971028.256964] tee (300233): drop_caches: 3
[971033.417355] tee (300237): drop_caches: 3
[971038.567670] tee (300241): drop_caches: 3
[971043.424203] tee (300252): drop_caches: 3
[971048.232549] NVMeVirt: WATGC_V2 sample ns=0 part=0 epoch=1 window=2 phase=measure evaluated=0 k=2 scale_pct=25 age_ratio=4 host=65580 gc_pages=3573 gc_count=1081 waf_q16=69106 best=0 next=1 settled=0
[971048.239095] NVMeVirt: WATGC_V2 sample ns=0 part=1 epoch=1 window=2 phase=measure evaluated=0 k=2 scale_pct=25 age_ratio=4 host=65555 gc_pages=2637 gc_count=1066 waf_q16=68172 best=0 next=1 settled=0
[971049.444837] tee (300258): drop_caches: 3
[971055.124755] tee (300264): drop_caches: 3
[971057.021339] mix-mixP-online-299853 phase=A END
[971057.344234] mix-mixP-online-299853 phase=B START
[971058.890590] NVMeVirt: WATGC_V2 sample ns=0 part=2 epoch=1 window=2 phase=measure evaluated=0 k=2 scale_pct=25 age_ratio=4 host=65584 gc_pages=2162 gc_count=1059 waf_q16=67696 best=0 next=1 settled=0
[971058.910132] NVMeVirt: WATGC_V2 sample ns=0 part=3 epoch=1 window=2 phase=measure evaluated=0 k=2 scale_pct=25 age_ratio=4 host=65554 gc_pages=438 gc_count=1031 waf_q16=65973 best=0 next=1 settled=0
[971070.383775] NVMeVirt: WATGC_V2 sample ns=0 part=1 epoch=1 window=3 phase=measure evaluated=1 k=2 scale_pct=25 age_ratio=7 host=65547 gc_pages=46877 gc_count=1757 waf_q16=112405 best=0 next=2 settled=0
[971070.385448] NVMeVirt: WATGC_V2 sample ns=0 part=2 epoch=1 window=3 phase=measure evaluated=1 k=2 scale_pct=25 age_ratio=7 host=65585 gc_pages=45559 gc_count=1737 waf_q16=111060 best=0 next=2 settled=0
[971070.546894] NVMeVirt: WATGC_V2 sample ns=0 part=0 epoch=1 window=3 phase=measure evaluated=1 k=2 scale_pct=25 age_ratio=7 host=65563 gc_pages=48205 gc_count=1778 waf_q16=113721 best=0 next=2 settled=0
[971070.879311] NVMeVirt: WATGC_V2 sample ns=0 part=3 epoch=1 window=3 phase=measure evaluated=1 k=2 scale_pct=25 age_ratio=7 host=65536 gc_pages=44201 gc_count=1715 waf_q16=109737 best=0 next=2 settled=0
[971083.257801] NVMeVirt: WATGC_V2 sample ns=0 part=2 epoch=1 window=4 phase=measure evaluated=2 k=2 scale_pct=25 age_ratio=16 host=65567 gc_pages=7713 gc_count=1145 waf_q16=73245 best=0 next=3 settled=0
[971083.513700] NVMeVirt: WATGC_V2 sample ns=0 part=1 epoch=1 window=4 phase=measure evaluated=2 k=2 scale_pct=25 age_ratio=16 host=65577 gc_pages=7766 gc_count=1146 waf_q16=73297 best=0 next=3 settled=0
[971083.607906] NVMeVirt: WATGC_V2 sample ns=0 part=3 epoch=1 window=4 phase=measure evaluated=2 k=2 scale_pct=25 age_ratio=16 host=65579 gc_pages=7636 gc_count=1144 waf_q16=73166 best=0 next=3 settled=0
[971083.616587] NVMeVirt: WATGC_V2 sample ns=0 part=0 epoch=1 window=4 phase=measure evaluated=2 k=2 scale_pct=25 age_ratio=16 host=65577 gc_pages=7575 gc_count=1143 waf_q16=73106 best=0 next=3 settled=0
[971096.278129] NVMeVirt: WATGC_V2 sample ns=0 part=2 epoch=1 window=5 phase=measure evaluated=3 k=2 scale_pct=50 age_ratio=4 host=65553 gc_pages=7856 gc_count=1147 waf_q16=73389 best=0 next=4 settled=0
[971096.458812] NVMeVirt: WATGC_V2 sample ns=0 part=0 epoch=1 window=5 phase=measure evaluated=3 k=2 scale_pct=50 age_ratio=4 host=65542 gc_pages=7673 gc_count=1144 waf_q16=73208 best=0 next=4 settled=0
[971096.569978] NVMeVirt: WATGC_V2 sample ns=0 part=1 epoch=1 window=5 phase=measure evaluated=3 k=2 scale_pct=50 age_ratio=4 host=65586 gc_pages=7891 gc_count=1148 waf_q16=73420 best=0 next=4 settled=0
[971096.674865] NVMeVirt: WATGC_V2 sample ns=0 part=3 epoch=1 window=5 phase=measure evaluated=3 k=2 scale_pct=50 age_ratio=4 host=65564 gc_pages=7716 gc_count=1145 waf_q16=73248 best=0 next=4 settled=0
[971109.740919] NVMeVirt: WATGC_V2 sample ns=0 part=0 epoch=1 window=6 phase=measure evaluated=4 k=2 scale_pct=50 age_ratio=7 host=65536 gc_pages=7809 gc_count=1146 waf_q16=73345 best=0 next=5 settled=0
[971109.742381] NVMeVirt: WATGC_V2 sample ns=0 part=2 epoch=1 window=6 phase=measure evaluated=4 k=2 scale_pct=50 age_ratio=7 host=65562 gc_pages=7846 gc_count=1147 waf_q16=73378 best=0 next=5 settled=0
[971110.059244] NVMeVirt: WATGC_V2 sample ns=0 part=3 epoch=1 window=6 phase=measure evaluated=4 k=2 scale_pct=50 age_ratio=7 host=65543 gc_pages=7932 gc_count=1148 waf_q16=73467 best=0 next=5 settled=0
[971110.072543] NVMeVirt: WATGC_V2 sample ns=0 part=1 epoch=1 window=6 phase=measure evaluated=4 k=2 scale_pct=50 age_ratio=7 host=65583 gc_pages=8017 gc_count=1150 waf_q16=73547 best=0 next=5 settled=0
[971123.510310] NVMeVirt: WATGC_V2 sample ns=0 part=0 epoch=1 window=7 phase=measure evaluated=5 k=2 scale_pct=50 age_ratio=16 host=65549 gc_pages=7987 gc_count=1149 waf_q16=73521 best=0 next=6 settled=0
[971123.624867] NVMeVirt: WATGC_V2 sample ns=0 part=2 epoch=1 window=7 phase=measure evaluated=5 k=2 scale_pct=50 age_ratio=16 host=65577 gc_pages=8024 gc_count=1150 waf_q16=73554 best=0 next=6 settled=0
[971123.880262] NVMeVirt: WATGC_V2 sample ns=0 part=1 epoch=1 window=7 phase=measure evaluated=5 k=2 scale_pct=50 age_ratio=16 host=65552 gc_pages=8175 gc_count=1152 waf_q16=73709 best=0 next=6 settled=0
[971124.001098] NVMeVirt: WATGC_V2 sample ns=0 part=3 epoch=1 window=7 phase=measure evaluated=5 k=2 scale_pct=50 age_ratio=16 host=65562 gc_pages=7974 gc_count=1149 waf_q16=73506 best=0 next=6 settled=0
[971136.249689] NVMeVirt: WATGC_V2 sample ns=0 part=2 epoch=1 window=8 phase=measure evaluated=6 k=2 scale_pct=100 age_ratio=4 host=65581 gc_pages=7698 gc_count=1145 waf_q16=73228 best=0 next=7 settled=0
[971136.327893] NVMeVirt: WATGC_V2 sample ns=0 part=0 epoch=1 window=8 phase=measure evaluated=6 k=2 scale_pct=100 age_ratio=4 host=65568 gc_pages=7904 gc_count=1148 waf_q16=73436 best=0 next=7 settled=0
[971136.413493] NVMeVirt: WATGC_V2 sample ns=0 part=1 epoch=1 window=8 phase=measure evaluated=6 k=2 scale_pct=100 age_ratio=4 host=65550 gc_pages=7986 gc_count=1149 waf_q16=73520 best=0 next=7 settled=0
[971136.840965] NVMeVirt: WATGC_V2 sample ns=0 part=3 epoch=1 window=8 phase=measure evaluated=6 k=2 scale_pct=100 age_ratio=4 host=65549 gc_pages=8051 gc_count=1150 waf_q16=73585 best=0 next=7 settled=0
[971149.430662] NVMeVirt: WATGC_V2 sample ns=0 part=2 epoch=1 window=9 phase=measure evaluated=7 k=2 scale_pct=100 age_ratio=7 host=65587 gc_pages=7949 gc_count=1149 waf_q16=73478 best=0 next=8 settled=0
[971149.497722] NVMeVirt: WATGC_V2 sample ns=0 part=0 epoch=1 window=9 phase=measure evaluated=7 k=2 scale_pct=100 age_ratio=7 host=65569 gc_pages=8160 gc_count=1152 waf_q16=73691 best=0 next=8 settled=0
[971149.596496] NVMeVirt: WATGC_V2 sample ns=0 part=1 epoch=1 window=9 phase=measure evaluated=7 k=2 scale_pct=100 age_ratio=7 host=65566 gc_pages=8227 gc_count=1153 waf_q16=73759 best=0 next=8 settled=0
[971150.035813] NVMeVirt: WATGC_V2 sample ns=0 part=3 epoch=1 window=9 phase=measure evaluated=7 k=2 scale_pct=100 age_ratio=7 host=65566 gc_pages=8098 gc_count=1151 waf_q16=73630 best=0 next=8 settled=0
[971162.194029] NVMeVirt: WATGC_V2 sample ns=0 part=2 epoch=1 window=10 phase=measure evaluated=8 k=2 scale_pct=100 age_ratio=16 host=65550 gc_pages=8051 gc_count=1150 waf_q16=73585 best=0 next=9 settled=0
[971162.705215] NVMeVirt: WATGC_V2 sample ns=0 part=0 epoch=1 window=10 phase=measure evaluated=8 k=2 scale_pct=100 age_ratio=16 host=65561 gc_pages=8103 gc_count=1151 waf_q16=73635 best=0 next=9 settled=0
[971162.781708] NVMeVirt: WATGC_V2 sample ns=0 part=1 epoch=1 window=10 phase=measure evaluated=8 k=2 scale_pct=100 age_ratio=16 host=65562 gc_pages=8229 gc_count=1153 waf_q16=73761 best=0 next=9 settled=0
[971163.023167] NVMeVirt: WATGC_V2 sample ns=0 part=3 epoch=1 window=10 phase=measure evaluated=8 k=2 scale_pct=100 age_ratio=16 host=65588 gc_pages=8076 gc_count=1151 waf_q16=73605 best=0 next=9 settled=0
[971175.307323] NVMeVirt: WATGC_V2 sample ns=0 part=2 epoch=1 window=11 phase=measure evaluated=9 k=2 scale_pct=200 age_ratio=4 host=65582 gc_pages=7890 gc_count=1148 waf_q16=73420 best=0 next=10 settled=0
[971175.655783] NVMeVirt: WATGC_V2 sample ns=0 part=0 epoch=1 window=11 phase=measure evaluated=9 k=2 scale_pct=200 age_ratio=4 host=65557 gc_pages=7979 gc_count=1149 waf_q16=73512 best=0 next=10 settled=0
[971175.696299] NVMeVirt: WATGC_V2 sample ns=0 part=1 epoch=1 window=11 phase=measure evaluated=9 k=2 scale_pct=200 age_ratio=4 host=65582 gc_pages=8210 gc_count=1153 waf_q16=73740 best=0 next=10 settled=0
[971175.934378] NVMeVirt: WATGC_V2 sample ns=0 part=3 epoch=1 window=11 phase=measure evaluated=9 k=2 scale_pct=200 age_ratio=4 host=65579 gc_pages=8085 gc_count=1151 waf_q16=73615 best=0 next=10 settled=0
[971189.033561] NVMeVirt: WATGC_V2 sample ns=0 part=2 epoch=1 window=12 phase=measure evaluated=10 k=2 scale_pct=200 age_ratio=7 host=65576 gc_pages=8088 gc_count=1151 waf_q16=73619 best=0 next=11 settled=0
[971189.312466] NVMeVirt: WATGC_V2 sample ns=0 part=0 epoch=1 window=12 phase=measure evaluated=10 k=2 scale_pct=200 age_ratio=7 host=65589 gc_pages=8011 gc_count=1150 waf_q16=73540 best=0 next=11 settled=0
[971189.491618] NVMeVirt: WATGC_V2 sample ns=0 part=1 epoch=1 window=12 phase=measure evaluated=10 k=2 scale_pct=200 age_ratio=7 host=65554 gc_pages=8173 gc_count=1152 waf_q16=73706 best=0 next=11 settled=0
[971189.629270] NVMeVirt: WATGC_V2 sample ns=0 part=3 epoch=1 window=12 phase=measure evaluated=10 k=2 scale_pct=200 age_ratio=7 host=65540 gc_pages=7996 gc_count=1149 waf_q16=73531 best=0 next=11 settled=0
[971201.887773] NVMeVirt: WATGC_V2 sample ns=0 part=2 epoch=1 window=13 phase=measure evaluated=11 k=2 scale_pct=200 age_ratio=16 host=65536 gc_pages=7744 gc_count=1145 waf_q16=73280 best=0 next=12 settled=0
[971201.955699] NVMeVirt: WATGC_V2 sample ns=0 part=0 epoch=1 window=13 phase=measure evaluated=11 k=2 scale_pct=200 age_ratio=16 host=65549 gc_pages=7859 gc_count=1147 waf_q16=73393 best=0 next=12 settled=0
[971202.192953] NVMeVirt: WATGC_V2 sample ns=0 part=1 epoch=1 window=13 phase=measure evaluated=11 k=2 scale_pct=200 age_ratio=16 host=65549 gc_pages=8051 gc_count=1150 waf_q16=73585 best=0 next=12 settled=0
[971202.326896] NVMeVirt: WATGC_V2 sample ns=0 part=3 epoch=1 window=13 phase=measure evaluated=11 k=2 scale_pct=200 age_ratio=16 host=65592 gc_pages=7752 gc_count=1146 waf_q16=73281 best=0 next=12 settled=0
[971215.256012] NVMeVirt: WATGC_V2 sample ns=0 part=2 epoch=1 window=14 phase=measure evaluated=12 k=2 scale_pct=400 age_ratio=4 host=65556 gc_pages=7852 gc_count=1147 waf_q16=73385 best=0 next=13 settled=0
[971215.466590] NVMeVirt: WATGC_V2 sample ns=0 part=0 epoch=1 window=14 phase=measure evaluated=12 k=2 scale_pct=400 age_ratio=4 host=65589 gc_pages=7947 gc_count=1149 waf_q16=73476 best=0 next=13 settled=0
[971215.946458] NVMeVirt: WATGC_V2 sample ns=0 part=1 epoch=1 window=14 phase=measure evaluated=12 k=2 scale_pct=400 age_ratio=4 host=65560 gc_pages=8169 gc_count=1152 waf_q16=73702 best=0 next=13 settled=0
[971216.150368] NVMeVirt: WATGC_V2 sample ns=0 part=3 epoch=1 window=14 phase=measure evaluated=12 k=2 scale_pct=400 age_ratio=4 host=65584 gc_pages=7887 gc_count=1148 waf_q16=73417 best=0 next=13 settled=0
[971228.447088] NVMeVirt: WATGC_V2 sample ns=0 part=2 epoch=1 window=15 phase=measure evaluated=13 k=2 scale_pct=400 age_ratio=7 host=65580 gc_pages=8020 gc_count=1150 waf_q16=73550 best=0 next=14 settled=0
[971228.730397] NVMeVirt: WATGC_V2 sample ns=0 part=0 epoch=1 window=15 phase=measure evaluated=13 k=2 scale_pct=400 age_ratio=7 host=65542 gc_pages=8058 gc_count=1150 waf_q16=73593 best=0 next=14 settled=0
[971228.946897] NVMeVirt: WATGC_V2 sample ns=0 part=1 epoch=1 window=15 phase=measure evaluated=13 k=2 scale_pct=400 age_ratio=7 host=65561 gc_pages=8231 gc_count=1153 waf_q16=73763 best=0 next=14 settled=0
[971229.237998] NVMeVirt: WATGC_V2 sample ns=0 part=3 epoch=1 window=15 phase=measure evaluated=13 k=2 scale_pct=400 age_ratio=7 host=65548 gc_pages=8051 gc_count=1150 waf_q16=73585 best=0 next=14 settled=0
[971240.932893] NVMeVirt: WATGC_V2 sample ns=0 part=2 epoch=1 window=16 phase=measure evaluated=14 k=2 scale_pct=400 age_ratio=16 host=65557 gc_pages=7980 gc_count=1149 waf_q16=73513 best=0 next=15 settled=0
[971241.265669] NVMeVirt: WATGC_V2 sample ns=0 part=0 epoch=1 window=16 phase=measure evaluated=14 k=2 scale_pct=400 age_ratio=16 host=65558 gc_pages=7914 gc_count=1148 waf_q16=73447 best=0 next=15 settled=0
[971241.337532] NVMeVirt: WATGC_V2 sample ns=0 part=1 epoch=1 window=16 phase=measure evaluated=14 k=2 scale_pct=400 age_ratio=16 host=65557 gc_pages=8107 gc_count=1151 waf_q16=73640 best=0 next=15 settled=0
[971241.821290] NVMeVirt: WATGC_V2 sample ns=0 part=3 epoch=1 window=16 phase=measure evaluated=14 k=2 scale_pct=400 age_ratio=16 host=65540 gc_pages=7868 gc_count=1147 waf_q16=73403 best=0 next=15 settled=0
[971254.121352] NVMeVirt: WATGC_V2 sample ns=0 part=2 epoch=1 window=17 phase=measure evaluated=15 k=4 scale_pct=25 age_ratio=4 host=65571 gc_pages=7645 gc_count=1144 waf_q16=73176 best=0 next=16 settled=0
[971254.577096] NVMeVirt: WATGC_V2 sample ns=0 part=0 epoch=1 window=17 phase=measure evaluated=15 k=4 scale_pct=25 age_ratio=4 host=65570 gc_pages=7646 gc_count=1144 waf_q16=73178 best=0 next=16 settled=0
[971254.577830] NVMeVirt: WATGC_V2 sample ns=0 part=1 epoch=1 window=17 phase=measure evaluated=15 k=4 scale_pct=25 age_ratio=4 host=65548 gc_pages=7732 gc_count=1145 waf_q16=73266 best=0 next=16 settled=0
[971255.010126] NVMeVirt: WATGC_V2 sample ns=0 part=3 epoch=1 window=17 phase=measure evaluated=15 k=4 scale_pct=25 age_ratio=4 host=65566 gc_pages=7906 gc_count=1148 waf_q16=73438 best=0 next=16 settled=0
[971266.572249] NVMeVirt: WATGC_V2 sample ns=0 part=2 epoch=1 window=18 phase=measure evaluated=16 k=4 scale_pct=25 age_ratio=7 host=65571 gc_pages=7588 gc_count=1143 waf_q16=73119 best=0 next=17 settled=0
[971267.152923] NVMeVirt: WATGC_V2 sample ns=0 part=1 epoch=1 window=18 phase=measure evaluated=16 k=4 scale_pct=25 age_ratio=7 host=65551 gc_pages=8177 gc_count=1152 waf_q16=73711 best=0 next=17 settled=0
[971267.204139] NVMeVirt: WATGC_V2 sample ns=0 part=0 epoch=1 window=18 phase=measure evaluated=16 k=4 scale_pct=25 age_ratio=7 host=65543 gc_pages=7865 gc_count=1147 waf_q16=73400 best=0 next=17 settled=0
[971267.924346] NVMeVirt: WATGC_V2 sample ns=0 part=3 epoch=1 window=18 phase=measure evaluated=16 k=4 scale_pct=25 age_ratio=7 host=65548 gc_pages=7732 gc_count=1145 waf_q16=73266 best=0 next=17 settled=0
[971280.302416] NVMeVirt: WATGC_V2 sample ns=0 part=2 epoch=1 window=19 phase=measure evaluated=17 k=4 scale_pct=25 age_ratio=16 host=65582 gc_pages=6802 gc_count=1131 waf_q16=72333 best=0 next=18 settled=0
[971280.963130] NVMeVirt: WATGC_V2 sample ns=0 part=0 epoch=1 window=19 phase=measure evaluated=17 k=4 scale_pct=25 age_ratio=16 host=65577 gc_pages=6614 gc_count=1128 waf_q16=72145 best=0 next=18 settled=0
[971281.032820] NVMeVirt: WATGC_V2 sample ns=0 part=1 epoch=1 window=19 phase=measure evaluated=17 k=4 scale_pct=25 age_ratio=16 host=65585 gc_pages=6799 gc_count=1131 waf_q16=72329 best=0 next=18 settled=0
[971281.668090] NVMeVirt: WATGC_V2 sample ns=0 part=3 epoch=1 window=19 phase=measure evaluated=17 k=4 scale_pct=25 age_ratio=16 host=65567 gc_pages=6689 gc_count=1129 waf_q16=72221 best=0 next=18 settled=0
[971293.239643] NVMeVirt: WATGC_V2 sample ns=0 part=2 epoch=1 window=20 phase=measure evaluated=18 k=4 scale_pct=50 age_ratio=4 host=65550 gc_pages=6579 gc_count=1127 waf_q16=72113 best=0 next=19 settled=0
[971293.682426] NVMeVirt: WATGC_V2 sample ns=0 part=0 epoch=1 window=20 phase=measure evaluated=18 k=4 scale_pct=50 age_ratio=4 host=65577 gc_pages=6743 gc_count=1130 waf_q16=72274 best=0 next=19 settled=0
[971293.844317] NVMeVirt: WATGC_V2 sample ns=0 part=1 epoch=1 window=20 phase=measure evaluated=18 k=4 scale_pct=50 age_ratio=4 host=65572 gc_pages=6684 gc_count=1129 waf_q16=72216 best=0 next=19 settled=0
[971294.606051] NVMeVirt: WATGC_V2 sample ns=0 part=3 epoch=1 window=20 phase=measure evaluated=18 k=4 scale_pct=50 age_ratio=4 host=65546 gc_pages=6647 gc_count=1128 waf_q16=72181 best=0 next=19 settled=0
[971306.711530] NVMeVirt: WATGC_V2 sample ns=0 part=2 epoch=1 window=21 phase=measure evaluated=19 k=4 scale_pct=50 age_ratio=7 host=65542 gc_pages=6458 gc_count=1125 waf_q16=71993 best=0 next=20 settled=0
[971307.443130] NVMeVirt: WATGC_V2 sample ns=0 part=0 epoch=1 window=21 phase=measure evaluated=19 k=4 scale_pct=50 age_ratio=7 host=65587 gc_pages=6669 gc_count=1129 waf_q16=72199 best=0 next=20 settled=0
[971307.443622] NVMeVirt: WATGC_V2 sample ns=0 part=1 epoch=1 window=21 phase=measure evaluated=19 k=4 scale_pct=50 age_ratio=7 host=65564 gc_pages=6564 gc_count=1127 waf_q16=72097 best=0 next=20 settled=0
[971308.271059] NVMeVirt: WATGC_V2 sample ns=0 part=3 epoch=1 window=21 phase=measure evaluated=19 k=4 scale_pct=50 age_ratio=7 host=65569 gc_pages=6559 gc_count=1127 waf_q16=72091 best=0 next=20 settled=0
[971320.018932] NVMeVirt: WATGC_V2 sample ns=0 part=2 epoch=1 window=22 phase=measure evaluated=20 k=4 scale_pct=50 age_ratio=16 host=65563 gc_pages=6757 gc_count=1130 waf_q16=72290 best=0 next=21 settled=0
[971320.616519] NVMeVirt: WATGC_V2 sample ns=0 part=0 epoch=1 window=22 phase=measure evaluated=20 k=4 scale_pct=50 age_ratio=16 host=65561 gc_pages=6888 gc_count=1132 waf_q16=72421 best=0 next=21 settled=0
[971320.638973] NVMeVirt: WATGC_V2 sample ns=0 part=1 epoch=1 window=22 phase=measure evaluated=20 k=4 scale_pct=50 age_ratio=16 host=65557 gc_pages=6635 gc_count=1128 waf_q16=72168 best=0 next=21 settled=0
[971321.365875] NVMeVirt: WATGC_V2 sample ns=0 part=3 epoch=1 window=22 phase=measure evaluated=20 k=4 scale_pct=50 age_ratio=16 host=65538 gc_pages=6717 gc_count=1129 waf_q16=72252 best=0 next=21 settled=0
[971333.039002] NVMeVirt: WATGC_V2 sample ns=0 part=2 epoch=1 window=23 phase=measure evaluated=21 k=4 scale_pct=100 age_ratio=4 host=65573 gc_pages=6748 gc_count=1130 waf_q16=72280 best=0 next=22 settled=0
[971333.968126] NVMeVirt: WATGC_V2 sample ns=0 part=0 epoch=1 window=23 phase=measure evaluated=21 k=4 scale_pct=100 age_ratio=4 host=65567 gc_pages=6625 gc_count=1128 waf_q16=72157 best=0 next=22 settled=0
[971333.973650] NVMeVirt: WATGC_V2 sample ns=0 part=1 epoch=1 window=23 phase=measure evaluated=21 k=4 scale_pct=100 age_ratio=4 host=65550 gc_pages=6898 gc_count=1132 waf_q16=72432 best=0 next=22 settled=0
[971334.713947] NVMeVirt: WATGC_V2 sample ns=0 part=3 epoch=1 window=23 phase=measure evaluated=21 k=4 scale_pct=100 age_ratio=4 host=65568 gc_pages=6816 gc_count=1131 waf_q16=72348 best=0 next=22 settled=0
[971347.229691] NVMeVirt: WATGC_V2 sample ns=0 part=2 epoch=1 window=24 phase=measure evaluated=22 k=4 scale_pct=100 age_ratio=7 host=65538 gc_pages=6653 gc_count=1128 waf_q16=72188 best=0 next=23 settled=0
[971347.792300] NVMeVirt: WATGC_V2 sample ns=0 part=0 epoch=1 window=24 phase=measure evaluated=22 k=4 scale_pct=100 age_ratio=7 host=65580 gc_pages=6740 gc_count=1130 waf_q16=72271 best=0 next=23 settled=0
[971347.828748] NVMeVirt: WATGC_V2 sample ns=0 part=1 epoch=1 window=24 phase=measure evaluated=22 k=4 scale_pct=100 age_ratio=7 host=65566 gc_pages=6562 gc_count=1127 waf_q16=72094 best=0 next=23 settled=0
[971348.435539] NVMeVirt: WATGC_V2 sample ns=0 part=3 epoch=1 window=24 phase=measure evaluated=22 k=4 scale_pct=100 age_ratio=7 host=65582 gc_pages=6675 gc_count=1129 waf_q16=72206 best=0 next=23 settled=0
[971361.827245] mix-mixP-online-299853 phase=B END
[971361.964460] NVMeVirt: Measurement: command=stop epoch=1 host_bytes=40137773056 learner_active=0
[971362.212912] EXT4-fs (nvme0n1): unmounting filesystem 2ca82834-51b0-445c-a594-7617c36ac01f.
[971362.467043] pci_bus 0001:10: busn_res: [bus 10-ff] is released
[971362.467088] NVMeVirt: WATGC_V2 summary ns=0 part=0 epoch=1 windows=24 epoch_windows=24 discarded=0 visited=24 covered=0 settled=0 phase=2 current=23 best=0 k=2 scale_pct=25 age_ratio=4 best_waf_valid=1 best_waf_q16=69106
[971362.467093] NVMeVirt: WATGC_V2 summary ns=0 part=1 epoch=1 windows=24 epoch_windows=24 discarded=0 visited=24 covered=0 settled=0 phase=2 current=23 best=0 k=2 scale_pct=25 age_ratio=4 best_waf_valid=1 best_waf_q16=68172
[971362.467096] NVMeVirt: WATGC_V2 summary ns=0 part=2 epoch=1 windows=24 epoch_windows=24 discarded=0 visited=24 covered=0 settled=0 phase=2 current=23 best=0 k=2 scale_pct=25 age_ratio=4 best_waf_valid=1 best_waf_q16=67696
[971362.467099] NVMeVirt: WATGC_V2 summary ns=0 part=3 epoch=1 windows=24 epoch_windows=24 discarded=0 visited=24 covered=0 settled=0 phase=2 current=23 best=0 k=2 scale_pct=25 age_ratio=4 best_waf_valid=1 best_waf_q16=65973
[971362.467101] NVMeVirt: GC stats: ns=0 policy=watgc-v2 host_pages=9799261 gc_pages=1658199 gc_count=179023 WAF=1.169 warmup_gc=100-per-part
[971362.538886] NVMeVirt: Virtual NVMe device closed
