[1438573.309160] mix-mixH-fixed50-1489321 BEGIN
[1438573.320450] NVMeVirt: Version 1.10 for >> Samsung 970 Pro SSD <<
[1438573.320456] NVMeVirt: Storage: 0x100100000-0x300000000 (8191 MiB)
[1438573.331556] NVMeVirt: Total Capacity(GiB,MiB)=2,2048 chs=2 luns=4 lines=8192 blk-size(MiB,KiB)=0,64 line-size(MiB,KiB)=0,256
[1438573.343186] NVMeVirt: [chmodel_init] bandwidth 800 max_credits 26 tx_time 152
[1438573.354357] NVMeVirt: [chmodel_init] bandwidth 800 max_credits 26 tx_time 152
[1438573.354370] NVMeVirt: [chmodel_init] bandwidth 3360 max_credits 110 tx_time 36
[1438573.354372] NVMeVirt: Fixed CAT init ns=0 part=0 arm=50 k=10 scale_pct=50 age_ratio=16
[1438573.355385] NVMeVirt: pqueue: Copyright (c) 2014, Volkan Yazıcı <volkan.yazici@gmail.com>. All rights reserved.
[1438573.355424] NVMeVirt: Init FTL instance with 2 channels (524288 pages)
[1438573.355425] NVMeVirt: GC victim policy: cat-fig7-fixed ns=0 part=0 initial_k=10 initial_scale_pct=50 initial_age_ratio=16 warmup_gc=100
[1438573.366267] NVMeVirt: [chmodel_init] bandwidth 800 max_credits 26 tx_time 152
[1438573.376992] NVMeVirt: [chmodel_init] bandwidth 800 max_credits 26 tx_time 152
[1438573.377006] NVMeVirt: [chmodel_init] bandwidth 3360 max_credits 110 tx_time 36
[1438573.377008] NVMeVirt: Fixed CAT init ns=0 part=1 arm=50 k=10 scale_pct=50 age_ratio=16
[1438573.377912] NVMeVirt: Init FTL instance with 2 channels (524288 pages)
[1438573.377914] NVMeVirt: GC victim policy: cat-fig7-fixed ns=0 part=1 initial_k=10 initial_scale_pct=50 initial_age_ratio=16 warmup_gc=100
[1438573.388497] NVMeVirt: [chmodel_init] bandwidth 800 max_credits 26 tx_time 152
[1438573.399023] NVMeVirt: [chmodel_init] bandwidth 800 max_credits 26 tx_time 152
[1438573.399038] NVMeVirt: [chmodel_init] bandwidth 3360 max_credits 110 tx_time 36
[1438573.399040] NVMeVirt: Fixed CAT init ns=0 part=2 arm=50 k=10 scale_pct=50 age_ratio=16
[1438573.400017] NVMeVirt: Init FTL instance with 2 channels (524288 pages)
[1438573.400020] NVMeVirt: GC victim policy: cat-fig7-fixed ns=0 part=2 initial_k=10 initial_scale_pct=50 initial_age_ratio=16 warmup_gc=100
[1438573.410560] NVMeVirt: [chmodel_init] bandwidth 800 max_credits 26 tx_time 152
[1438573.421093] NVMeVirt: [chmodel_init] bandwidth 800 max_credits 26 tx_time 152
[1438573.421106] NVMeVirt: [chmodel_init] bandwidth 3360 max_credits 110 tx_time 36
[1438573.421108] NVMeVirt: Fixed CAT init ns=0 part=3 arm=50 k=10 scale_pct=50 age_ratio=16
[1438573.422062] NVMeVirt: Init FTL instance with 2 channels (524288 pages)
[1438573.422065] NVMeVirt: GC victim policy: cat-fig7-fixed ns=0 part=3 initial_k=10 initial_scale_pct=50 initial_age_ratio=16 warmup_gc=100
[1438573.422072] NVMeVirt: FTL physical space: 8588886016, logical space: 8026996276 (physical/logical * 100 = 107)
[1438573.422074] NVMeVirt: ns 0/1: size 7655 MiB
[1438573.422134] PCI host bridge to bus 0001:10
[1438573.422136] pci_bus 0001:10: root bus resource [io  0x0000-0xffff]
[1438573.422139] pci_bus 0001:10: root bus resource [mem 0x00000000-0x7fffffffff]
[1438573.422141] pci_bus 0001:10: root bus resource [bus 00-ff]
[1438573.422162] pci 0001:10:00.0: [0c51:0110] type 00 class 0x010802 PCIe Endpoint
[1438573.422166] pci 0001:10:00.0: BAR 0 [mem 0x100000000-0x100003fff 64bit]
[1438573.422169] pci 0001:10:00.0: enabling Extended Tags
[1438573.422290] NVMeVirt: Virtual PCI bus created (node 0)
[1438573.422591] NVMeVirt: nvmev_io_worker_0 started on cpu 2 (node 0)
[1438573.422655] NVMeVirt: Virtual NVMe device created
[1438573.423293] nvme nvme0: pci function 0001:10:00.0
[1438573.423776] NVMeVirt: nvmev_dispatcher started on cpu 1 (node 0)
[1438573.425397] nvme nvme0: 8/0/0 default/read/poll queues
[1438573.501379] EXT4-fs (nvme0n1): mounted filesystem 58046b42-508c-4e94-b5a8-b94e1ca1b25b r/w with ordered data mode. Quota mode: none.
[1438655.525565] NVMeVirt: Fixed CAT init ns=0 part=0 arm=50 k=10 scale_pct=50 age_ratio=16
[1438655.525572] NVMeVirt: Fixed CAT init ns=0 part=1 arm=50 k=10 scale_pct=50 age_ratio=16
[1438655.525575] NVMeVirt: Fixed CAT init ns=0 part=2 arm=50 k=10 scale_pct=50 age_ratio=16
[1438655.525577] NVMeVirt: Fixed CAT init ns=0 part=3 arm=50 k=10 scale_pct=50 age_ratio=16
[1438655.525579] NVMeVirt: Measurement: command=start epoch=1 host_bytes=0 learner_active=1
[1438655.534252] mix-mixH-fixed50-1489321 phase=A START
[1440455.898048] mix-mixH-fixed50-1489321 phase=A END
[1440455.905259] mix-mixH-fixed50-1489321 phase=B START
[1442256.244595] mix-mixH-fixed50-1489321 phase=B END
[1442256.252662] mix-mixH-fixed50-1489321 phase=C START
[1442256.264125] mix-mixH-fixed50-1489321 phase=C LOAD
[1442281.286208] mix-mixH-fixed50-1489321 phase=C RUN
[1442285.763450] tee (1493022): drop_caches: 3
[1442291.298125] tee (1493026): drop_caches: 3
[1442296.443286] tee (1493035): drop_caches: 3
[1442300.890813] tee (1493042): drop_caches: 3
[1442306.310838] tee (1493046): drop_caches: 3
[1442311.602145] tee (1493050): drop_caches: 3
[1442316.787810] tee (1493067): drop_caches: 3
[1442321.895675] tee (1493071): drop_caches: 3
[1442327.180499] tee (1493081): drop_caches: 3
[1442331.545030] tee (1493088): drop_caches: 3
[1442336.924115] tee (1493092): drop_caches: 3
[1442342.028169] tee (1493096): drop_caches: 3
[1442347.167597] tee (1493107): drop_caches: 3
[1442352.231712] tee (1493111): drop_caches: 3
[1442357.388352] tee (1493120): drop_caches: 3
[1442361.765614] tee (1493127): drop_caches: 3
[1442367.286348] tee (1493132): drop_caches: 3
[1442372.384255] tee (1493136): drop_caches: 3
[1442377.489957] tee (1493147): drop_caches: 3
[1442382.526607] tee (1493151): drop_caches: 3
[1442387.490597] tee (1493163): drop_caches: 3
[1442391.865150] tee (1493170): drop_caches: 3
[1442397.323595] tee (1493174): drop_caches: 3
[1442402.379314] tee (1493178): drop_caches: 3
[1442407.470413] tee (1493182): drop_caches: 3
[1442412.513293] tee (1493186): drop_caches: 3
[1442417.702320] tee (1493195): drop_caches: 3
[1442422.059102] tee (1493202): drop_caches: 3
[1442427.488585] tee (1493206): drop_caches: 3
[1442432.653644] tee (1493210): drop_caches: 3
[1442437.829782] tee (1493221): drop_caches: 3
[1442442.919428] tee (1493225): drop_caches: 3
[1442448.080834] tee (1493234): drop_caches: 3
[1442453.243897] tee (1493240): drop_caches: 3
[1442458.675932] tee (1493245): drop_caches: 3
[1442463.822497] tee (1493250): drop_caches: 3
[1442468.997642] tee (1493261): drop_caches: 3
[1442474.303806] tee (1493265): drop_caches: 3
[1442479.456417] tee (1493274): drop_caches: 3
[1442484.847018] tee (1493279): drop_caches: 3
[1442490.239265] tee (1493285): drop_caches: 3
[1442495.465827] tee (1493296): drop_caches: 3
[1442500.488854] tee (1493300): drop_caches: 3
[1442505.684575] tee (1493304): drop_caches: 3
[1442510.808988] tee (1493313): drop_caches: 3
[1442516.066628] tee (1493319): drop_caches: 3
[1442521.410626] tee (1493324): drop_caches: 3
[1442526.561019] tee (1493335): drop_caches: 3
[1442531.771507] tee (1493339): drop_caches: 3
[1442536.884739] tee (1493343): drop_caches: 3
[1442542.094377] tee (1493352): drop_caches: 3
[1442547.463972] tee (1493357): drop_caches: 3
[1442552.767202] tee (1493363): drop_caches: 3
[1442557.884795] tee (1493374): drop_caches: 3
[1442562.977673] tee (1493378): drop_caches: 3
[1442568.091058] tee (1493384): drop_caches: 3
[1442573.572516] tee (1493393): drop_caches: 3
[1442579.025344] tee (1493398): drop_caches: 3
[1442584.221712] tee (1493404): drop_caches: 3
[1442589.349833] tee (1493415): drop_caches: 3
[1442594.484333] tee (1493419): drop_caches: 3
[1442600.099777] tee (1493428): drop_caches: 3
[1442605.681964] tee (1493432): drop_caches: 3
[1442610.291183] tee (1493437): drop_caches: 3
[1442615.505761] tee (1493456): drop_caches: 3
[1442620.725667] tee (1493461): drop_caches: 3
[1442625.771107] tee (1493465): drop_caches: 3
[1442630.847622] tee (1493474): drop_caches: 3
[1442636.458053] tee (1493478): drop_caches: 3
[1442641.744166] tee (1493483): drop_caches: 3
[1442647.133657] tee (1493496): drop_caches: 3
[1442652.250118] tee (1493500): drop_caches: 3
[1442657.295954] tee (1493504): drop_caches: 3
[1442662.540254] tee (1493513): drop_caches: 3
[1442667.785818] tee (1493518): drop_caches: 3
[1442673.143060] tee (1493524): drop_caches: 3
[1442678.498802] tee (1493536): drop_caches: 3
[1442683.585477] tee (1493540): drop_caches: 3
[1442688.556020] tee (1493574): drop_caches: 3
[1442696.335754] tee (1493611): drop_caches: 3
[1442706.396559] tee (1493662): drop_caches: 3
[1442717.506961] tee (1493723): drop_caches: 3
[1442726.073761] tee (1493777): drop_caches: 3
[1442736.305255] tee (1493789): drop_caches: 3
[1442741.045170] tee (1493803): drop_caches: 3
[1442746.332771] tee (1493807): drop_caches: 3
[1442751.557629] tee (1493811): drop_caches: 3
[1442756.954031] tee (1493820): drop_caches: 3
[1442762.170562] tee (1493824): drop_caches: 3
[1442767.328483] tee (1493828): drop_caches: 3
[1442772.180420] tee (1493848): drop_caches: 3
[1442777.621774] tee (1493860): drop_caches: 3
[1442782.833281] tee (1493864): drop_caches: 3
[1442788.071821] tee (1493875): drop_caches: 3
[1442793.287447] tee (1493880): drop_caches: 3
[1442798.386000] tee (1493884): drop_caches: 3
[1442803.452125] tee (1493888): drop_caches: 3
[1442807.945020] tee (1493896): drop_caches: 3
[1442813.158055] tee (1493900): drop_caches: 3
[1442818.326110] tee (1493909): drop_caches: 3
[1442823.476885] tee (1493913): drop_caches: 3
[1442828.544016] tee (1493917): drop_caches: 3
[1442833.680317] tee (1493921): drop_caches: 3
[1442838.033308] tee (1493928): drop_caches: 3
[1442843.196907] tee (1493932): drop_caches: 3
[1442848.360744] tee (1493941): drop_caches: 3
[1442853.511745] tee (1493945): drop_caches: 3
[1442858.565363] tee (1493949): drop_caches: 3
[1442863.608484] tee (1493954): drop_caches: 3
[1442867.982971] tee (1493968): drop_caches: 3
[1442873.653867] tee (1493974): drop_caches: 3
[1442878.767720] tee (1493983): drop_caches: 3
[1442884.001564] tee (1493987): drop_caches: 3
[1442889.153420] tee (1493991): drop_caches: 3
[1442894.246184] tee (1493995): drop_caches: 3
[1442898.606990] tee (1494002): drop_caches: 3
[1442903.909864] tee (1494006): drop_caches: 3
[1442909.331872] tee (1494015): drop_caches: 3
[1442914.544480] tee (1494019): drop_caches: 3
[1442919.684089] tee (1494028): drop_caches: 3
[1442924.866423] tee (1494032): drop_caches: 3
[1442929.272783] tee (1494046): drop_caches: 3
[1442934.407442] tee (1494050): drop_caches: 3
[1442939.669723] tee (1494059): drop_caches: 3
[1442944.946468] tee (1494063): drop_caches: 3
[1442950.101127] tee (1494067): drop_caches: 3
[1442955.228590] tee (1494071): drop_caches: 3
[1442959.664525] tee (1494085): drop_caches: 3
[1442964.923914] tee (1494090): drop_caches: 3
[1442970.107940] tee (1494099): drop_caches: 3
[1442975.436243] tee (1494103): drop_caches: 3
[1442980.563656] tee (1494107): drop_caches: 3
[1442985.296171] tee (1494117): drop_caches: 3
[1442990.619607] tee (1494129): drop_caches: 3
[1442996.012503] tee (1494135): drop_caches: 3
[1443001.277725] tee (1494144): drop_caches: 3
[1443007.287735] tee (1494149): drop_caches: 3
[1443013.059148] tee (1494163): drop_caches: 3
[1443018.376093] tee (1494167): drop_caches: 3
[1443022.769912] tee (1494174): drop_caches: 3
[1443028.669251] tee (1494184): drop_caches: 3
[1443034.570077] tee (1494188): drop_caches: 3
[1443039.700134] tee (1494192): drop_caches: 3
[1443044.953734] tee (1494196): drop_caches: 3
[1443050.097639] tee (1494207): drop_caches: 3
[1443054.568256] tee (1494214): drop_caches: 3
[1443059.853263] tee (1494224): drop_caches: 3
[1443065.270969] tee (1494228): drop_caches: 3
[1443070.373114] tee (1494232): drop_caches: 3
[1443075.424118] tee (1494236): drop_caches: 3
[1443080.465990] tee (1494247): drop_caches: 3
[1443084.787238] tee (1494254): drop_caches: 3
[1443090.067621] tee (1494263): drop_caches: 3
[1443095.528763] tee (1494267): drop_caches: 3
[1443100.686689] tee (1494271): drop_caches: 3
[1443105.870754] tee (1494275): drop_caches: 3
[1443110.995195] tee (1494286): drop_caches: 3
[1443115.412720] tee (1494293): drop_caches: 3
[1443120.633807] tee (1494302): drop_caches: 3
[1443125.937435] tee (1494306): drop_caches: 3
[1443131.088089] tee (1494310): drop_caches: 3
[1443136.106951] tee (1494314): drop_caches: 3
[1443141.244461] tee (1494325): drop_caches: 3
[1443145.862921] tee (1494331): drop_caches: 3
[1443151.012709] tee (1494341): drop_caches: 3
[1443156.198981] tee (1494345): drop_caches: 3
[1443161.322744] tee (1494349): drop_caches: 3
[1443166.436732] tee (1494360): drop_caches: 3
[1443171.538794] tee (1494366): drop_caches: 3
[1443176.824164] tee (1494371): drop_caches: 3
[1443182.056364] tee (1494382): drop_caches: 3
[1443187.250415] tee (1494386): drop_caches: 3
[1443192.410491] tee (1494390): drop_caches: 3
[1443197.569232] tee (1494401): drop_caches: 3
[1443202.845192] tee (1494405): drop_caches: 3
[1443208.046484] tee (1494411): drop_caches: 3
[1443213.278639] tee (1494421): drop_caches: 3
[1443218.751444] tee (1494431): drop_caches: 3
[1443225.024189] tee (1494437): drop_caches: 3
[1443239.487266] tee (1494450): drop_caches: 3
[1443246.683599] mix-mixH-fixed50-1489321 phase=C END
[1443246.898339] NVMeVirt: Measurement: command=stop epoch=1 host_bytes=457389109248 learner_active=0
[1443256.272781] EXT4-fs (nvme0n1): unmounting filesystem 58046b42-508c-4e94-b5a8-b94e1ca1b25b.
[1443256.718381] pci_bus 0001:10: busn_res: [bus 10-ff] is released
[1443256.718425] NVMeVirt: GC stats: ns=0 policy=cat-fig7-fixed host_pages=111667263 gc_pages=81598097 gc_count=3019771 WAF=1.730 warmup_gc=100-per-part
[1443256.789021] NVMeVirt: Virtual NVMe device closed
